WARNING: Logging before InitGoogleLogging() is written to STDERR
I20240211 09:53:19.788584 11582 IPC_barrier.h:128] MultiProcessBarrierFactory->ClearIPCMemory()
W20240211 09:53:19.796612 11582 IPCTensor.h:369] NewIPCTensor: full_emb [33762578, 32]0x100000002000 4.025 GB
/data/home/xieminhui/RecStore/src/framework_adapters/torch/python/perf_rec_model.py:152: DeprecationWarning: The 'warn' function is deprecated, use 'warning' instead
  XLOG.warn("After init DistEmbedding")
WARNING [11582 perf_rec_model.py:152] After init DistEmbedding
========== Running Perf with routine <function routine_local_cache_helper at 0x7f9779b0d8a0>==========
Worker 1 pid=11738
Worker 2 pid=11739
Worker 3 pid=11740
Worker 4 pid=11741
Worker 5 pid=11742
Worker 6 pid=11743
INFO [11582 distributed_c10d.py:442] Added key: store_based_barrier_key:1 to store for rank: 0
INFO [11738 distributed_c10d.py:442] Added key: store_based_barrier_key:1 to store for rank: 1
INFO [11739 distributed_c10d.py:442] Added key: store_based_barrier_key:1 to store for rank: 2
INFO [11744 distributed_c10d.py:442] Added key: store_based_barrier_key:1 to store for rank: 7
INFO [11740 distributed_c10d.py:442] Added key: store_based_barrier_key:1 to store for rank: 3
INFO [11741 distributed_c10d.py:442] Added key: store_based_barrier_key:1 to store for rank: 4
INFO [11744 distributed_c10d.py:476] Rank 7: Completed store-based barrier for key:store_based_barrier_key:1 with 8 nodes.
INFO [11742 distributed_c10d.py:442] Added key: store_based_barrier_key:1 to store for rank: 5
INFO [11743 distributed_c10d.py:442] Added key: store_based_barrier_key:1 to store for rank: 6
INFO [11742 distributed_c10d.py:476] Rank 5: Completed store-based barrier for key:store_based_barrier_key:1 with 8 nodes.
INFO [11743 distributed_c10d.py:476] Rank 6: Completed store-based barrier for key:store_based_barrier_key:1 with 8 nodes.
INFO [11741 distributed_c10d.py:476] Rank 4: Completed store-based barrier for key:store_based_barrier_key:1 with 8 nodes.
INFO [11740 distributed_c10d.py:476] Rank 3: Completed store-based barrier for key:store_based_barrier_key:1 with 8 nodes.
E20240211 09:53:37.734041 11744 IPCTensor.h:348] IPCTensor full_emb already exists
E20240211 09:53:37.734622 11742 IPCTensor.h:348] IPCTensor full_emb already exists
E20240211 09:53:37.734622 11743 IPCTensor.h:348] IPCTensor full_emb already exists
E20240211 09:53:37.734810 11741 IPCTensor.h:348] IPCTensor full_emb already exists
E20240211 09:53:37.734838 11740 IPCTensor.h:348] IPCTensor full_emb already exists
INFO [11582 distributed_c10d.py:476] Rank 0: Completed store-based barrier for key:store_based_barrier_key:1 with 8 nodes.
INFO [11738 distributed_c10d.py:476] Rank 1: Completed store-based barrier for key:store_based_barrier_key:1 with 8 nodes.
E20240211 09:53:37.740430 11582 IPCTensor.h:348] IPCTensor full_emb already exists
INFO [11739 distributed_c10d.py:476] Rank 2: Completed store-based barrier for key:store_based_barrier_key:1 with 8 nodes.
E20240211 09:53:37.741031 11738 IPCTensor.h:348] IPCTensor full_emb already exists
E20240211 09:53:37.741367 11739 IPCTensor.h:348] IPCTensor full_emb already exists
W20240211 09:53:56.396245 11740 IPCTensor.h:409] NewIPCGPUTensor: embedding_cache_3 [337625, 32]; dev=3; size=41.21 MB
W20240211 09:53:56.396633 11739 IPCTensor.h:409] NewIPCGPUTensor: embedding_cache_2 [337625, 32]; dev=2; size=41.21 MB
W20240211 09:53:56.399030 11742 IPCTensor.h:409] NewIPCGPUTensor: embedding_cache_5 [337625, 32]; dev=5; size=41.21 MB
W20240211 09:53:56.401260 11582 IPCTensor.h:409] NewIPCGPUTensor: embedding_cache_0 [337625, 32]; dev=0; size=41.21 MB
W20240211 09:53:56.402436 11741 IPCTensor.h:409] NewIPCGPUTensor: embedding_cache_4 [337625, 32]; dev=4; size=41.21 MB
W20240211 09:53:56.402673 11743 IPCTensor.h:409] NewIPCGPUTensor: embedding_cache_6 [337625, 32]; dev=6; size=41.21 MB
W20240211 09:53:56.426599 11744 IPCTensor.h:409] NewIPCGPUTensor: embedding_cache_7 [337625, 32]; dev=7; size=41.21 MB
W20240211 09:53:56.428138 11738 IPCTensor.h:409] NewIPCGPUTensor: embedding_cache_1 [337625, 32]; dev=1; size=41.21 MB
W20240211 09:53:57.213196 11740 IPCTensor.h:369] NewIPCTensor: input_keys_3 [1000000]0x10010196e000 7.629 MB
W20240211 09:53:57.213454 11740 IPCTensor.h:369] NewIPCTensor: input_keys_neg_3 [1000000]0x100102111000 7.629 MB
W20240211 09:53:57.213546 11740 IPCTensor.h:369] NewIPCTensor: backward_grads_3 [1000000, 32]0x1001028b4000 122.1 MB
W20240211 09:53:57.213613 11740 IPCTensor.h:369] NewIPCTensor: backward_grads_neg_3 [1000000, 32]0x10010a2c8000 122.1 MB
W20240211 09:53:57.213685 11740 IPCTensor.h:409] NewIPCGPUTensor: backward_grads_3_gpu [1000000, 32]; dev=3; size=122.1 MB
W20240211 09:53:57.216620 11740 IPCTensor.h:409] NewIPCGPUTensor: backward_grads_neg_3_gpu [1000000, 32]; dev=3; size=122.1 MB
W20240211 09:53:57.258874 11739 IPCTensor.h:369] NewIPCTensor: input_keys_2 [1000000]0x100111ce2000 7.629 MB
W20240211 09:53:57.259106 11739 IPCTensor.h:369] NewIPCTensor: input_keys_neg_2 [1000000]0x100112485000 7.629 MB
W20240211 09:53:57.259167 11739 IPCTensor.h:369] NewIPCTensor: backward_grads_2 [1000000, 32]0x100112c28000 122.1 MB
W20240211 09:53:57.259207 11739 IPCTensor.h:369] NewIPCTensor: backward_grads_neg_2 [1000000, 32]0x10011a63c000 122.1 MB
W20240211 09:53:57.259248 11739 IPCTensor.h:409] NewIPCGPUTensor: backward_grads_2_gpu [1000000, 32]; dev=2; size=122.1 MB
W20240211 09:53:57.260274 11739 IPCTensor.h:409] NewIPCGPUTensor: backward_grads_neg_2_gpu [1000000, 32]; dev=2; size=122.1 MB
W20240211 09:53:57.289832 11741 IPCTensor.h:369] NewIPCTensor: input_keys_4 [1000000]0x100122056000 7.629 MB
W20240211 09:53:57.290015 11741 IPCTensor.h:369] NewIPCTensor: input_keys_neg_4 [1000000]0x1001227f9000 7.629 MB
W20240211 09:53:57.290071 11741 IPCTensor.h:369] NewIPCTensor: backward_grads_4 [1000000, 32]0x100122f9c000 122.1 MB
W20240211 09:53:57.290117 11741 IPCTensor.h:369] NewIPCTensor: backward_grads_neg_4 [1000000, 32]0x10012a9b0000 122.1 MB
W20240211 09:53:57.290155 11741 IPCTensor.h:409] NewIPCGPUTensor: backward_grads_4_gpu [1000000, 32]; dev=4; size=122.1 MB
W20240211 09:53:57.292532 11741 IPCTensor.h:409] NewIPCGPUTensor: backward_grads_neg_4_gpu [1000000, 32]; dev=4; size=122.1 MB
W20240211 09:53:57.292686 11582 IPCTensor.h:369] NewIPCTensor: input_keys_0 [1000000]0x1001323c8000 7.629 MB
W20240211 09:53:57.292948 11582 IPCTensor.h:369] NewIPCTensor: input_keys_neg_0 [1000000]0x100132b6d000 7.629 MB
W20240211 09:53:57.293061 11582 IPCTensor.h:369] NewIPCTensor: backward_grads_0 [1000000, 32]0x100133310000 122.1 MB
W20240211 09:53:57.293112 11582 IPCTensor.h:369] NewIPCTensor: backward_grads_neg_0 [1000000, 32]0x10013ad24000 122.1 MB
W20240211 09:53:57.293181 11582 IPCTensor.h:409] NewIPCGPUTensor: backward_grads_0_gpu [1000000, 32]; dev=0; size=122.1 MB
W20240211 09:53:57.293659 11582 IPCTensor.h:409] NewIPCGPUTensor: backward_grads_neg_0_gpu [1000000, 32]; dev=0; size=122.1 MB
W20240211 09:53:57.306257 11744 IPCTensor.h:369] NewIPCTensor: input_keys_7 [1000000]0x100142740000 7.629 MB
W20240211 09:53:57.306452 11743 IPCTensor.h:369] NewIPCTensor: input_keys_6 [1000000]0x100142ee3000 7.629 MB
W20240211 09:53:57.306604 11743 IPCTensor.h:369] NewIPCTensor: input_keys_neg_6 [1000000]0x100143686000 7.629 MB
W20240211 09:53:57.306623 11744 IPCTensor.h:369] NewIPCTensor: input_keys_neg_7 [1000000]0x100143e29000 7.629 MB
W20240211 09:53:57.306669 11743 IPCTensor.h:369] NewIPCTensor: backward_grads_6 [1000000, 32]0x1001445cc000 122.1 MB
W20240211 09:53:57.306695 11744 IPCTensor.h:369] NewIPCTensor: backward_grads_7 [1000000, 32]0x10014bfe0000 122.1 MB
W20240211 09:53:57.306720 11743 IPCTensor.h:369] NewIPCTensor: backward_grads_neg_6 [1000000, 32]0x1001539f4000 122.1 MB
W20240211 09:53:57.306761 11743 IPCTensor.h:409] NewIPCGPUTensor: backward_grads_6_gpu [1000000, 32]; dev=6; size=122.1 MB
W20240211 09:53:57.306769 11744 IPCTensor.h:369] NewIPCTensor: backward_grads_neg_7 [1000000, 32]0x10015b408000 122.1 MB
W20240211 09:53:57.306839 11744 IPCTensor.h:409] NewIPCGPUTensor: backward_grads_7_gpu [1000000, 32]; dev=7; size=122.1 MB
W20240211 09:53:57.307318 11743 IPCTensor.h:409] NewIPCGPUTensor: backward_grads_neg_6_gpu [1000000, 32]; dev=6; size=122.1 MB
W20240211 09:53:57.307346 11744 IPCTensor.h:409] NewIPCGPUTensor: backward_grads_neg_7_gpu [1000000, 32]; dev=7; size=122.1 MB
W20240211 09:53:57.315223 11738 IPCTensor.h:369] NewIPCTensor: input_keys_1 [1000000]0x100162e26000 7.629 MB
W20240211 09:53:57.315358 11738 IPCTensor.h:369] NewIPCTensor: input_keys_neg_1 [1000000]0x1001635c9000 7.629 MB
W20240211 09:53:57.315414 11738 IPCTensor.h:369] NewIPCTensor: backward_grads_1 [1000000, 32]0x100163d6c000 122.1 MB
W20240211 09:53:57.315455 11738 IPCTensor.h:369] NewIPCTensor: backward_grads_neg_1 [1000000, 32]0x10016b780000 122.1 MB
W20240211 09:53:57.315500 11738 IPCTensor.h:409] NewIPCGPUTensor: backward_grads_1_gpu [1000000, 32]; dev=1; size=122.1 MB
W20240211 09:53:57.315865 11738 IPCTensor.h:409] NewIPCGPUTensor: backward_grads_neg_1_gpu [1000000, 32]; dev=1; size=122.1 MB
W20240211 09:53:57.319413 11742 IPCTensor.h:369] NewIPCTensor: input_keys_5 [1000000]0x10017319a000 7.629 MB
W20240211 09:53:57.319556 11742 IPCTensor.h:369] NewIPCTensor: input_keys_neg_5 [1000000]0x10017393d000 7.629 MB
W20240211 09:53:57.319622 11742 IPCTensor.h:369] NewIPCTensor: backward_grads_5 [1000000, 32]0x1001740e0000 122.1 MB
W20240211 09:53:57.319666 11742 IPCTensor.h:369] NewIPCTensor: backward_grads_neg_5 [1000000, 32]0x10017baf4000 122.1 MB
W20240211 09:53:57.319710 11742 IPCTensor.h:409] NewIPCGPUTensor: backward_grads_5_gpu [1000000, 32]; dev=5; size=122.1 MB
W20240211 09:53:57.320067 11742 IPCTensor.h:409] NewIPCGPUTensor: backward_grads_neg_5_gpu [1000000, 32]; dev=5; size=122.1 MB
cudaHostRegister 0x100000002000
7: KnownLocalCachedEmbedding init done
cudaHostRegister 0x100000002000
6: KnownLocalCachedEmbedding init done
Worker 7 pid=11744
New CachedEmbedding, name=full_emb, shape=(33762578, 32), cache_type=KnownLocalCachedEmbedding
fixed cache_range is [(0, 337625), (337625, 675250), (675250, 1012875), (1012875, 1350500), (1350500, 1688125), (1688125, 2025750), (2025750, 2363375), (2363375, 2701000)]
cudaHostRegister 0x100000002000
0: KnownLocalCachedEmbedding init done
cudaHostRegister 0x100000002000
1: KnownLocalCachedEmbedding init done
cudaHostRegister 0x100000002000
2: KnownLocalCachedEmbedding init done
cudaHostRegister 0x100000002000
3: KnownLocalCachedEmbedding init done
cudaHostRegister 0x100000002000
4: KnownLocalCachedEmbedding init done
cudaHostRegister 0x100000002000
5: KnownLocalCachedEmbedding init done
W20240211 09:54:04.885782 11582 IPCTensor.h:369] NewIPCTensor: cached_sampler_r0_0 [1000000]0x10018350c000 7.629 MB
W20240211 09:54:04.886039 11582 IPCTensor.h:369] NewIPCTensor: cached_sampler_r0_1 [1000000]0x100183caf000 7.629 MB
W20240211 09:54:04.886081 11582 IPCTensor.h:369] NewIPCTensor: cached_sampler_r0_2 [1000000]0x100184452000 7.629 MB
W20240211 09:54:04.886129 11582 IPCTensor.h:369] NewIPCTensor: cached_sampler_r0_3 [1000000]0x100184bf5000 7.629 MB
W20240211 09:54:04.886159 11582 IPCTensor.h:369] NewIPCTensor: cached_sampler_r0_4 [1000000]0x100185398000 7.629 MB
W20240211 09:54:04.886193 11582 IPCTensor.h:369] NewIPCTensor: cached_sampler_r0_5 [1000000]0x100185b3b000 7.629 MB
W20240211 09:54:04.886227 11582 IPCTensor.h:369] NewIPCTensor: cached_sampler_r0_6 [1000000]0x1001862de000 7.629 MB
W20240211 09:54:04.886294 11582 IPCTensor.h:369] NewIPCTensor: cached_sampler_r0_7 [1000000]0x100186a81000 7.629 MB
W20240211 09:54:04.886337 11582 IPCTensor.h:369] NewIPCTensor: cached_sampler_r0_8 [1000000]0x100187224000 7.629 MB
W20240211 09:54:04.886394 11582 IPCTensor.h:369] NewIPCTensor: cached_sampler_r0_9 [1000000]0x1001879c7000 7.629 MB
W20240211 09:54:04.886435 11582 IPCTensor.h:369] NewIPCTensor: step_r0 [10]0x10018816a000 80 B 
W20240211 09:54:04.886466 11582 IPCTensor.h:369] NewIPCTensor: circle_buffer_end_r0 [1]0x10018816c000 8 B 
W20240211 09:54:04.886493 11582 IPCTensor.h:369] NewIPCTensor: circle_buffer_end_cppseen_r0 [1]0x10018816e000 8 B 
Dataset:  /home/xieminhui/RecStoreDataset/criteo_binary
Dataset loaded
np.max =  33762577
np.min=  1
Construct RecModelSampler done
I20240211 09:54:04.887091 11582 IPC_barrier.h:118] CreateBarrier: new barrier, name: kgcachecontroller, count: 8
W20240211 09:54:04.888880 11744 IPCTensor.h:369] NewIPCTensor: cached_sampler_r7_0 [1000000]0x100188170000 7.629 MB
W20240211 09:54:04.889042 11744 IPCTensor.h:369] NewIPCTensor: cached_sampler_r7_1 [1000000]0x100188913000 7.629 MB
W20240211 09:54:04.889101 11744 IPCTensor.h:369] NewIPCTensor: cached_sampler_r7_2 [1000000]0x1001890b6000 7.629 MB
W20240211 09:54:04.889171 11744 IPCTensor.h:369] NewIPCTensor: cached_sampler_r7_3 [1000000]0x100189859000 7.629 MB
W20240211 09:54:04.889207 11744 IPCTensor.h:369] NewIPCTensor: cached_sampler_r7_4 [1000000]0x100189ffc000 7.629 MB
W20240211 09:54:04.889266 11744 IPCTensor.h:369] NewIPCTensor: cached_sampler_r7_5 [1000000]0x10018a79f000 7.629 MB
W20240211 09:54:04.889298 11744 IPCTensor.h:369] NewIPCTensor: cached_sampler_r7_6 [1000000]0x10018af42000 7.629 MB
W20240211 09:54:04.889351 11744 IPCTensor.h:369] NewIPCTensor: cached_sampler_r7_7 [1000000]0x10018b6e5000 7.629 MB
W20240211 09:54:04.889394 11744 IPCTensor.h:369] NewIPCTensor: cached_sampler_r7_8 [1000000]0x10018be88000 7.629 MB
W20240211 09:54:04.889436 11744 IPCTensor.h:369] NewIPCTensor: cached_sampler_r7_9 [1000000]0x10018c62b000 7.629 MB
W20240211 09:54:04.889508 11744 IPCTensor.h:369] NewIPCTensor: step_r7 [10]0x10018cdce000 80 B 
W20240211 09:54:04.889541 11744 IPCTensor.h:369] NewIPCTensor: circle_buffer_end_r7 [1]0x10018cdd0000 8 B 
W20240211 09:54:04.889578 11744 IPCTensor.h:369] NewIPCTensor: circle_buffer_end_cppseen_r7 [1]0x10018cdd2000 8 B 
Dataset:  /home/xieminhui/RecStoreDataset/criteo_binary
Dataset loaded
np.max =  33762577
np.min=  1
Construct RecModelSampler done
I20240211 09:54:04.889954 11744 IPC_barrier.h:112] CreateBarrier: find existing barrier, name: kgcachecontroller, count: 8
W20240211 09:54:05.448252 11742 IPCTensor.h:369] NewIPCTensor: cached_sampler_r5_0 [1000000]0x10018cdd4000 7.629 MB
W20240211 09:54:05.448446 11742 IPCTensor.h:369] NewIPCTensor: cached_sampler_r5_1 [1000000]0x10018d577000 7.629 MB
W20240211 09:54:05.448495 11742 IPCTensor.h:369] NewIPCTensor: cached_sampler_r5_2 [1000000]0x10018dd1a000 7.629 MB
W20240211 09:54:05.448541 11742 IPCTensor.h:369] NewIPCTensor: cached_sampler_r5_3 [1000000]0x10018e4bd000 7.629 MB
W20240211 09:54:05.448581 11742 IPCTensor.h:369] NewIPCTensor: cached_sampler_r5_4 [1000000]0x10018ec60000 7.629 MB
W20240211 09:54:05.448628 11742 IPCTensor.h:369] NewIPCTensor: cached_sampler_r5_5 [1000000]0x10018f403000 7.629 MB
W20240211 09:54:05.448668 11742 IPCTensor.h:369] NewIPCTensor: cached_sampler_r5_6 [1000000]0x10018fba6000 7.629 MB
W20240211 09:54:05.448725 11742 IPCTensor.h:369] NewIPCTensor: cached_sampler_r5_7 [1000000]0x100190349000 7.629 MB
W20240211 09:54:05.448773 11742 IPCTensor.h:369] NewIPCTensor: cached_sampler_r5_8 [1000000]0x100190aec000 7.629 MB
W20240211 09:54:05.448810 11742 IPCTensor.h:369] NewIPCTensor: cached_sampler_r5_9 [1000000]0x10019128f000 7.629 MB
W20240211 09:54:05.448853 11742 IPCTensor.h:369] NewIPCTensor: step_r5 [10]0x100191a32000 80 B 
W20240211 09:54:05.448890 11742 IPCTensor.h:369] NewIPCTensor: circle_buffer_end_r5 [1]0x100191a34000 8 B 
W20240211 09:54:05.448935 11742 IPCTensor.h:369] NewIPCTensor: circle_buffer_end_cppseen_r5 [1]0x100191a36000 8 B 
Dataset:  /home/xieminhui/RecStoreDataset/criteo_binary
Dataset loaded
np.max =  33762577
np.min=  1
Construct RecModelSampler done
I20240211 09:54:05.449324 11742 IPC_barrier.h:112] CreateBarrier: find existing barrier, name: kgcachecontroller, count: 8
W20240211 09:54:05.458990 11743 IPCTensor.h:369] NewIPCTensor: cached_sampler_r6_0 [1000000]0x100191a38000 7.629 MB
W20240211 09:54:05.459184 11743 IPCTensor.h:369] NewIPCTensor: cached_sampler_r6_1 [1000000]0x1001921db000 7.629 MB
W20240211 09:54:05.459233 11743 IPCTensor.h:369] NewIPCTensor: cached_sampler_r6_2 [1000000]0x10019297e000 7.629 MB
W20240211 09:54:05.459276 11743 IPCTensor.h:369] NewIPCTensor: cached_sampler_r6_3 [1000000]0x100193121000 7.629 MB
W20240211 09:54:05.459312 11743 IPCTensor.h:369] NewIPCTensor: cached_sampler_r6_4 [1000000]0x1001938c4000 7.629 MB
W20240211 09:54:05.459371 11743 IPCTensor.h:369] NewIPCTensor: cached_sampler_r6_5 [1000000]0x100194067000 7.629 MB
W20240211 09:54:05.459406 11743 IPCTensor.h:369] NewIPCTensor: cached_sampler_r6_6 [1000000]0x10019480a000 7.629 MB
W20240211 09:54:05.459467 11743 IPCTensor.h:369] NewIPCTensor: cached_sampler_r6_7 [1000000]0x100194fad000 7.629 MB
W20240211 09:54:05.459511 11743 IPCTensor.h:369] NewIPCTensor: cached_sampler_r6_8 [1000000]0x100195750000 7.629 MB
W20240211 09:54:05.459545 11743 IPCTensor.h:369] NewIPCTensor: cached_sampler_r6_9 [1000000]0x100195ef3000 7.629 MB
W20240211 09:54:05.459590 11743 IPCTensor.h:369] NewIPCTensor: step_r6 [10]0x100196696000 80 B 
W20240211 09:54:05.459625 11743 IPCTensor.h:369] NewIPCTensor: circle_buffer_end_r6 [1]0x100196698000 8 B 
W20240211 09:54:05.459667 11743 IPCTensor.h:369] NewIPCTensor: circle_buffer_end_cppseen_r6 [1]0x10019669a000 8 B 
Dataset:  /home/xieminhui/RecStoreDataset/criteo_binary
Dataset loaded
np.max =  33762577
np.min=  1
Construct RecModelSampler done
I20240211 09:54:05.460072 11743 IPC_barrier.h:112] CreateBarrier: find existing barrier, name: kgcachecontroller, count: 8
W20240211 09:54:05.463937 11739 IPCTensor.h:369] NewIPCTensor: cached_sampler_r2_0 [1000000]0x10019669c000 7.629 MB
W20240211 09:54:05.464087 11739 IPCTensor.h:369] NewIPCTensor: cached_sampler_r2_1 [1000000]0x100196e3f000 7.629 MB
W20240211 09:54:05.464139 11739 IPCTensor.h:369] NewIPCTensor: cached_sampler_r2_2 [1000000]0x1001975e2000 7.629 MB
W20240211 09:54:05.464185 11739 IPCTensor.h:369] NewIPCTensor: cached_sampler_r2_3 [1000000]0x100197d85000 7.629 MB
W20240211 09:54:05.464228 11739 IPCTensor.h:369] NewIPCTensor: cached_sampler_r2_4 [1000000]0x100198528000 7.629 MB
W20240211 09:54:05.464277 11739 IPCTensor.h:369] NewIPCTensor: cached_sampler_r2_5 [1000000]0x100198ccb000 7.629 MB
W20240211 09:54:05.464319 11739 IPCTensor.h:369] NewIPCTensor: cached_sampler_r2_6 [1000000]0x10019946e000 7.629 MB
W20240211 09:54:05.464377 11739 IPCTensor.h:369] NewIPCTensor: cached_sampler_r2_7 [1000000]0x100199c11000 7.629 MB
W20240211 09:54:05.464424 11739 IPCTensor.h:369] NewIPCTensor: cached_sampler_r2_8 [1000000]0x10019a3b4000 7.629 MB
W20240211 09:54:05.464462 11739 IPCTensor.h:369] NewIPCTensor: cached_sampler_r2_9 [1000000]0x10019ab57000 7.629 MB
W20240211 09:54:05.464506 11739 IPCTensor.h:369] NewIPCTensor: step_r2 [10]0x10019b2fa000 80 B 
W20240211 09:54:05.464542 11739 IPCTensor.h:369] NewIPCTensor: circle_buffer_end_r2 [1]0x10019b2fc000 8 B 
W20240211 09:54:05.464582 11739 IPCTensor.h:369] NewIPCTensor: circle_buffer_end_cppseen_r2 [1]0x10019b2fe000 8 B 
Dataset:  /home/xieminhui/RecStoreDataset/criteo_binary
Dataset loaded
np.max =  33762577
np.min=  1
Construct RecModelSampler done
I20240211 09:54:05.464890 11739 IPC_barrier.h:112] CreateBarrier: find existing barrier, name: kgcachecontroller, count: 8
W20240211 09:54:05.588164 11741 IPCTensor.h:369] NewIPCTensor: cached_sampler_r4_0 [1000000]0x10019b300000 7.629 MB
W20240211 09:54:05.588356 11741 IPCTensor.h:369] NewIPCTensor: cached_sampler_r4_1 [1000000]0x10019baa3000 7.629 MB
W20240211 09:54:05.588408 11741 IPCTensor.h:369] NewIPCTensor: cached_sampler_r4_2 [1000000]0x10019c246000 7.629 MB
W20240211 09:54:05.588454 11741 IPCTensor.h:369] NewIPCTensor: cached_sampler_r4_3 [1000000]0x10019c9e9000 7.629 MB
W20240211 09:54:05.588492 11741 IPCTensor.h:369] NewIPCTensor: cached_sampler_r4_4 [1000000]0x10019d18c000 7.629 MB
W20240211 09:54:05.588543 11741 IPCTensor.h:369] NewIPCTensor: cached_sampler_r4_5 [1000000]0x10019d92f000 7.629 MB
W20240211 09:54:05.588588 11741 IPCTensor.h:369] NewIPCTensor: cached_sampler_r4_6 [1000000]0x10019e0d2000 7.629 MB
W20240211 09:54:05.588654 11741 IPCTensor.h:369] NewIPCTensor: cached_sampler_r4_7 [1000000]0x10019e875000 7.629 MB
W20240211 09:54:05.588701 11741 IPCTensor.h:369] NewIPCTensor: cached_sampler_r4_8 [1000000]0x10019f018000 7.629 MB
W20240211 09:54:05.588738 11741 IPCTensor.h:369] NewIPCTensor: cached_sampler_r4_9 [1000000]0x10019f7bb000 7.629 MB
W20240211 09:54:05.588783 11741 IPCTensor.h:369] NewIPCTensor: step_r4 [10]0x10019ff5e000 80 B 
W20240211 09:54:05.588826 11741 IPCTensor.h:369] NewIPCTensor: circle_buffer_end_r4 [1]0x10019ff60000 8 B 
W20240211 09:54:05.588874 11741 IPCTensor.h:369] NewIPCTensor: circle_buffer_end_cppseen_r4 [1]0x10019ff62000 8 B 
Dataset:  /home/xieminhui/RecStoreDataset/criteo_binary
Dataset loaded
np.max =  33762577
np.min=  1
Construct RecModelSampler done
I20240211 09:54:05.589231 11741 IPC_barrier.h:112] CreateBarrier: find existing barrier, name: kgcachecontroller, count: 8
W20240211 09:54:05.730749 11740 IPCTensor.h:369] NewIPCTensor: cached_sampler_r3_0 [1000000]0x10019ff64000 7.629 MB
W20240211 09:54:05.730875 11740 IPCTensor.h:369] NewIPCTensor: cached_sampler_r3_1 [1000000]0x1001a0707000 7.629 MB
W20240211 09:54:05.730926 11740 IPCTensor.h:369] NewIPCTensor: cached_sampler_r3_2 [1000000]0x1001a0eaa000 7.629 MB
W20240211 09:54:05.730975 11740 IPCTensor.h:369] NewIPCTensor: cached_sampler_r3_3 [1000000]0x1001a164d000 7.629 MB
W20240211 09:54:05.731014 11740 IPCTensor.h:369] NewIPCTensor: cached_sampler_r3_4 [1000000]0x1001a1df0000 7.629 MB
W20240211 09:54:05.731061 11740 IPCTensor.h:369] NewIPCTensor: cached_sampler_r3_5 [1000000]0x1001a2593000 7.629 MB
W20240211 09:54:05.731101 11740 IPCTensor.h:369] NewIPCTensor: cached_sampler_r3_6 [1000000]0x1001a2d36000 7.629 MB
W20240211 09:54:05.731160 11740 IPCTensor.h:369] NewIPCTensor: cached_sampler_r3_7 [1000000]0x1001a34d9000 7.629 MB
W20240211 09:54:05.731211 11740 IPCTensor.h:369] NewIPCTensor: cached_sampler_r3_8 [1000000]0x1001a3c7c000 7.629 MB
W20240211 09:54:05.731251 11740 IPCTensor.h:369] NewIPCTensor: cached_sampler_r3_9 [1000000]0x1001a441f000 7.629 MB
W20240211 09:54:05.731295 11740 IPCTensor.h:369] NewIPCTensor: step_r3 [10]0x1001a4bc2000 80 B 
W20240211 09:54:05.731331 11740 IPCTensor.h:369] NewIPCTensor: circle_buffer_end_r3 [1]0x1001a4bc4000 8 B 
W20240211 09:54:05.731374 11740 IPCTensor.h:369] NewIPCTensor: circle_buffer_end_cppseen_r3 [1]0x1001a4bc6000 8 B 
Dataset:  /home/xieminhui/RecStoreDataset/criteo_binary
Dataset loaded
np.max =  33762577
np.min=  1
Construct RecModelSampler done
I20240211 09:54:05.731680 11740 IPC_barrier.h:112] CreateBarrier: find existing barrier, name: kgcachecontroller, count: 8
W20240211 09:54:05.785867 11738 IPCTensor.h:369] NewIPCTensor: cached_sampler_r1_0 [1000000]0x1001a4bc8000 7.629 MB
W20240211 09:54:05.786034 11738 IPCTensor.h:369] NewIPCTensor: cached_sampler_r1_1 [1000000]0x1001a536b000 7.629 MB
W20240211 09:54:05.786089 11738 IPCTensor.h:369] NewIPCTensor: cached_sampler_r1_2 [1000000]0x1001a5b0e000 7.629 MB
W20240211 09:54:05.786134 11738 IPCTensor.h:369] NewIPCTensor: cached_sampler_r1_3 [1000000]0x1001a62b1000 7.629 MB
W20240211 09:54:05.786170 11738 IPCTensor.h:369] NewIPCTensor: cached_sampler_r1_4 [1000000]0x1001a6a54000 7.629 MB
W20240211 09:54:05.786216 11738 IPCTensor.h:369] NewIPCTensor: cached_sampler_r1_5 [1000000]0x1001a71f7000 7.629 MB
W20240211 09:54:05.786252 11738 IPCTensor.h:369] NewIPCTensor: cached_sampler_r1_6 [1000000]0x1001a799a000 7.629 MB
W20240211 09:54:05.786309 11738 IPCTensor.h:369] NewIPCTensor: cached_sampler_r1_7 [1000000]0x1001a813d000 7.629 MB
W20240211 09:54:05.786355 11738 IPCTensor.h:369] NewIPCTensor: cached_sampler_r1_8 [1000000]0x1001a88e0000 7.629 MB
W20240211 09:54:05.786393 11738 IPCTensor.h:369] NewIPCTensor: cached_sampler_r1_9 [1000000]0x1001a9083000 7.629 MB
W20240211 09:54:05.786432 11738 IPCTensor.h:369] NewIPCTensor: step_r1 [10]0x1001a9826000 80 B 
W20240211 09:54:05.786470 11738 IPCTensor.h:369] NewIPCTensor: circle_buffer_end_r1 [1]0x1001a9828000 8 B 
W20240211 09:54:05.786515 11738 IPCTensor.h:369] NewIPCTensor: circle_buffer_end_cppseen_r1 [1]0x1001a982a000 8 B 
Dataset:  /home/xieminhui/RecStoreDataset/criteo_binary
Dataset loaded
np.max =  33762577
np.min=  1
Construct RecModelSampler done
I20240211 09:54:05.786886 11738 IPC_barrier.h:112] CreateBarrier: find existing barrier, name: kgcachecontroller, count: 8
E20240211 09:54:07.589466 11742 recstore.cc:66] init folly done
E20240211 09:54:07.589471 11738 recstore.cc:66] init folly done
E20240211 09:54:07.589537 11744 recstore.cc:66] init folly done
E20240211 09:54:07.589540 11740 recstore.cc:66] init folly done
Construct KGCacheControllerWrapper done
Construct KGCacheControllerWrapper done
Construct KGCacheControllerWrapper done
Construct KGCacheControllerWrapper done
E20240211 09:54:07.589846 11743 recstore.cc:66] init folly done
E20240211 09:54:07.589851 11739 recstore.cc:66] init folly done
E20240211 09:54:07.589857 11582 recstore.cc:66] init folly done
E20240211 09:54:07.589859 11741 recstore.cc:66] init folly done
Construct KGCacheControllerWrapper done
Construct KGCacheControllerWrapper done
Construct KGCacheControllerWrapper done
Construct KGCacheControllerWrapper done
Before Training
Before Training
Before Training
Before Training
I20240211 09:54:08.774516 11742 IPC_barrier.h:118] CreateBarrier: new barrier, name: start_barrier, count: 8
I20240211 09:54:08.774545 11741 IPC_barrier.h:112] CreateBarrier: find existing barrier, name: start_barrier, count: 8
Before Training
I20240211 09:54:08.774569 11740 IPC_barrier.h:112] CreateBarrier: find existing barrier, name: start_barrier, count: 8
I20240211 09:54:08.774588 11743 IPC_barrier.h:112] CreateBarrier: find existing barrier, name: start_barrier, count: 8
I20240211 09:54:08.774609 11739 IPC_barrier.h:112] CreateBarrier: find existing barrier, name: start_barrier, count: 8
Before Training
I20240211 09:54:08.774825 11582 IPC_barrier.h:112] CreateBarrier: find existing barrier, name: start_barrier, count: 8
Before Training
Before Training
I20240211 09:54:08.775642 11744 IPC_barrier.h:112] CreateBarrier: find existing barrier, name: start_barrier, count: 8
I20240211 09:54:08.775668 11738 IPC_barrier.h:112] CreateBarrier: find existing barrier, name: start_barrier, count: 8
========== Step 0 ========== 
+---------------------------+---------------------------+---------------------------+
| Name                      | P50                       | P99                       |
+---------------------------+---------------------------+---------------------------+
| GenInput:CircleBuffer     | 144.449 us                | 144.449 us                |
| GenInput                  | 2.416 ms                  | 2.416 ms                  |
| NN                        | 219.701 ms                | 219.701 ms                |
| Forward                   | 221.690 ms                | 221.690 ms                |
| back: bucket keys         | 66.533 ms                 | 66.533 ms                 |
+---------------------------+---------------------------+---------------------------+
+---------------------------+---------------------------+---------------------------+
| Name                      | P50                       | P99                       |
+---------------------------+---------------------------+---------------------------+
| GenInput:CircleBuffer     | 144.449 us                | 144.449 us                |
| GenInput                  | 2.416 ms                  | 2.416 ms                  |
| NN                        | 219.701 ms                | 219.701 ms                |
| Forward                   | 221.690 ms                | 221.690 ms                |
| back: bucket keys         | 66.533 ms                 | 66.533 ms                 |
+---------------------------+---------------------------+---------------------------+
+---------------------------+---------------------------+---------------------------+
| Name                      | P50                       | P99                       |
+---------------------------+---------------------------+---------------------------+
| GenInput:CircleBuffer     | 144.449 us                | 144.449 us                |
| GenInput                  | 2.416 ms                  | 2.416 ms                  |
| NN                        | 219.701 ms                | 219.701 ms                |
| Forward                   | 221.690 ms                | 221.690 ms                |
| back: bucket keys         | 66.533 ms                 | 66.533 ms                 |
+---------------------------+---------------------------+---------------------------+
+---------------------------+---------------------------+---------------------------+
| Name                      | P50                       | P99                       |
+---------------------------+---------------------------+---------------------------+
| GenInput:CircleBuffer     | 144.449 us                | 144.449 us                |
| GenInput                  | 2.416 ms                  | 2.416 ms                  |
| NN                        | 219.701 ms                | 219.701 ms                |
| Forward                   | 221.690 ms                | 221.690 ms                |
| back: bucket keys         | 66.533 ms                 | 66.533 ms                 |
+---------------------------+---------------------------+---------------------------+
+---------------------------+---------------------------+---------------------------+
| Name                      | P50                       | P99                       |
+---------------------------+---------------------------+---------------------------+
| GenInput:CircleBuffer     | 144.449 us                | 144.449 us                |
| GenInput                  | 2.416 ms                  | 2.416 ms                  |
| NN                        | 219.701 ms                | 219.701 ms                |
| Forward                   | 221.690 ms                | 221.690 ms                |
| back: bucket keys         | 66.533 ms                 | 66.533 ms                 |
+---------------------------+---------------------------+---------------------------+
+---------------------------+---------------------------+---------------------------+
| Name                      | P50                       | P99                       |
+---------------------------+---------------------------+---------------------------+
| GenInput:CircleBuffer     | 144.449 us                | 144.449 us                |
| GenInput                  | 2.416 ms                  | 2.416 ms                  |
| NN                        | 219.701 ms                | 219.701 ms                |
| Forward                   | 221.690 ms                | 221.690 ms                |
| back: bucket keys         | 66.533 ms                 | 66.533 ms                 |
+---------------------------+---------------------------+---------------------------+
+---------------------------+---------------------------+---------------------------+
| Name                      | P50                       | P99                       |
+---------------------------+---------------------------+---------------------------+
| GenInput:CircleBuffer     | 144.449 us                | 144.449 us                |
| GenInput                  | 2.416 ms                  | 2.416 ms                  |
| NN                        | 219.701 ms                | 219.701 ms                |
| Forward                   | 221.690 ms                | 221.690 ms                |
| back: bucket keys         | 66.533 ms                 | 66.533 ms                 |
+---------------------------+---------------------------+---------------------------+
+---------------------------+---------------------------+---------------------------+
| Name                      | P50                       | P99                       |
+---------------------------+---------------------------+---------------------------+
| GenInput:CircleBuffer     | 144.449 us                | 144.449 us                |
| GenInput                  | 2.416 ms                  | 2.416 ms                  |
| NN                        | 219.701 ms                | 219.701 ms                |
| Forward                   | 221.690 ms                | 221.690 ms                |
| back: bucket keys         | 66.533 ms                 | 66.533 ms                 |
+---------------------------+---------------------------+---------------------------+
+---------------------------+---------------------------+---------------------------+
| Name                      | P50                       | P99                       |
+---------------------------+---------------------------+---------------------------+
| GenInput:CircleBuffer     | 144.449 us                | 144.449 us                |
| GenInput                  | 2.416 ms                  | 2.416 ms                  |
| NN                        | 219.701 ms                | 219.701 ms                |
| Forward                   | 221.690 ms                | 221.690 ms                |
| back: bucket keys         | 66.533 ms                 | 66.533 ms                 |
+---------------------------+---------------------------+---------------------------+
+---------------------------+---------------------------+---------------------------+
| Name                      | P50                       | P99                       |
+---------------------------+---------------------------+---------------------------+
| GenInput:CircleBuffer     | 144.449 us                | 144.449 us                |
| GenInput                  | 2.416 ms                  | 2.416 ms                  |
| NN                        | 219.701 ms                | 219.701 ms                |
| Forward                   | 221.690 ms                | 221.690 ms                |
| back: bucket keys         | 66.533 ms                 | 66.533 ms                 |
+---------------------------+---------------------------+---------------------------+
+---------------------------+---------------------------+---------------------------+
| Name                      | P50                       | P99                       |
+---------------------------+---------------------------+---------------------------+
| GenInput:CircleBuffer     | 144.449 us                | 144.449 us                |
| GenInput                  | 2.416 ms                  | 2.416 ms                  |
| NN                        | 219.701 ms                | 219.701 ms                |
| Forward                   | 221.690 ms                | 221.690 ms                |
| back: bucket keys         | 66.533 ms                 | 66.533 ms                 |
+---------------------------+---------------------------+---------------------------+
========== Step 1 ========== 
INFO [11738 distributed.py:1140] Reducer buckets have been rebuilt in this iteration.
INFO [11582 distributed.py:1140] Reducer buckets have been rebuilt in this iteration.
INFO [11743 distributed.py:1140] Reducer buckets have been rebuilt in this iteration.
INFO [11741 distributed.py:1140] Reducer buckets have been rebuilt in this iteration.
INFO [11739 distributed.py:1140] Reducer buckets have been rebuilt in this iteration.
INFO [11742 distributed.py:1140] Reducer buckets have been rebuilt in this iteration.
INFO [11740 distributed.py:1140] Reducer buckets have been rebuilt in this iteration.
INFO [11744 distributed.py:1140] Reducer buckets have been rebuilt in this iteration.
========== Step 2 ========== 
========== Step 3 ========== 
========== Step 4 ========== 
========== Step 5 ========== 
========== Step 6 ========== 
========== Step 7 ========== 
========== Step 8 ========== 
========== Step 9 ========== 
========== Step 10 ========== 
========== Step 11 ========== 
========== Step 12 ========== 
========== Step 13 ========== 
========== Step 14 ========== 
========== Step 15 ========== 
========== Step 16 ========== 
========== Step 17 ========== 
========== Step 18 ========== 
========== Step 19 ========== 
========== Step 20 ========== 
========== Step 21 ========== 
========== Step 22 ========== 
========== Step 23 ========== 
========== Step 24 ========== 
========== Step 25 ========== 
========== Step 26 ========== 
========== Step 27 ========== 
========== Step 28 ========== 
========== Step 29 ========== 
========== Step 30 ========== 
========== Step 31 ========== 
========== Step 32 ========== 
========== Step 33 ========== 
========== Step 34 ========== 
========== Step 35 ========== 
========== Step 36 ========== 
========== Step 37 ========== 
========== Step 38 ========== 
========== Step 39 ========== 
========== Step 40 ========== 
========== Step 41 ========== 
========== Step 42 ========== 
========== Step 43 ========== 
========== Step 44 ========== 
========== Step 45 ========== 
========== Step 46 ========== 
========== Step 47 ========== 
========== Step 48 ========== 
========== Step 49 ========== 
========== Step 50 ========== 
========== Step 51 ========== 
========== Step 52 ========== 
========== Step 53 ========== 
========== Step 54 ========== 
========== Step 55 ========== 
========== Step 56 ========== 
+---------------------------+---------------------------+---------------------------+
| Name                      | P50                       | P99                       |
+---------------------------+---------------------------+---------------------------+
| GenInput:CircleBuffer     | 111.920 us                | 1.159 ms                  |
| GenInput                  | 443.299 us                | 3.518 ms                  |
| NN                        | 1.009 ms                  | 6.881 ms                  |
| Forward                   | 1.233 ms                  | 7.954 ms                  |
| back: bucket keys         | 566.320 us                | 1.557 ms                  |
| back: a2a                 | 6.866 ms                  | 19.444 ms                 |
| back: cache               | 6.454 ms                  | 20.681 ms                 |
| back: aggr dram keys      | 21.181 ms                 | 38.381 ms                 |
| back: set dram grad       | 485.614 us                | 965.768 us                |
| Backward                  | 38.430 ms                 | 59.234 ms                 |
| Optimize                  | 18.323 ms                 | 28.224 ms                 |
| BarrierTimeBeforeRank0    | 30.978 us                 | 74.208 ms                 |
| BlockToStepN              | 42.709 us                 | 684.530 us                |
| OneStep                   | 59.112 ms                 | 161.614 ms                |
+---------------------------+---------------------------+---------------------------+
========== Step 57 ========== 
========== Step 58 ========== 
========== Step 59 ========== 
========== Step 60 ========== 
========== Step 61 ========== 
========== Step 62 ========== 
========== Step 63 ========== 
========== Step 64 ========== 
========== Step 65 ========== 
========== Step 66 ========== 
========== Step 67 ========== 
========== Step 68 ========== 
========== Step 69 ========== 
========== Step 70 ========== 
========== Step 71 ========== 
========== Step 72 ========== 
========== Step 73 ========== 
========== Step 74 ========== 
========== Step 75 ========== 
========== Step 76 ========== 
========== Step 77 ========== 
========== Step 78 ========== 
========== Step 79 ========== 
========== Step 80 ========== 
========== Step 81 ========== 
========== Step 82 ========== 
========== Step 83 ========== 
========== Step 84 ========== 
========== Step 85 ========== 
========== Step 86 ========== 
========== Step 87 ========== 
========== Step 88 ========== 
========== Step 89 ========== 
========== Step 90 ========== 
========== Step 91 ========== 
========== Step 92 ========== 
========== Step 93 ========== 
========== Step 94 ========== 
========== Step 95 ========== 
========== Step 96 ========== 
========== Step 97 ========== 
========== Step 98 ========== 
========== Step 99 ========== 
Step99:rank0, time: 69.607, per_step: 0.696071
Step99:rank3, time: 69.607, per_step: 0.696072
Step99:rank7, time: 69.607, per_step: 0.696072
Step99:rank6, time: 69.607, per_step: 0.696071
Step99:rank1, time: 69.607, per_step: 0.696071
Step99:rank5, time: 69.607, per_step: 0.696073
Step99:rank4, time: 69.608, per_step: 0.696077
Step99:rank2, time: 69.608, per_step: 0.696077
+---------------------------+---------------------------+---------------------------+
| Name                      | P50                       | P99                       |
+---------------------------+---------------------------+---------------------------+
| GenInput:CircleBuffer     | 105.390 us                | 1.159 ms                  |
| GenInput                  | 377.153 us                | 3.544 ms                  |
| NN                        | 929.086 us                | 6.881 ms                  |
| Forward                   | 1.157 ms                  | 7.954 ms                  |
| back: bucket keys         | 573.404 us                | 1.557 ms                  |
| back: a2a                 | 6.653 ms                  | 19.444 ms                 |
| back: cache               | 6.553 ms                  | 20.681 ms                 |
| back: aggr dram keys      | 20.723 ms                 | 38.381 ms                 |
| back: set dram grad       | 466.188 us                | 965.768 us                |
| Backward                  | 37.043 ms                 | 59.234 ms                 |
| Optimize                  | 18.513 ms                 | 28.603 ms                 |
| BarrierTimeBeforeRank0    | 29.255 us                 | 74.208 ms                 |
| BlockToStepN              | 37.931 us                 | 2.973 ms                  |
| OneStep                   | 57.991 ms                 | 161.614 ms                |
+---------------------------+---------------------------+---------------------------+
========== Step 100 ========== 
========== Step 101 ========== 
========== Step 102 ========== 
========== Step 103 ========== 
========== Step 104 ========== 
========== Step 105 ========== 
========== Step 106 ========== 
========== Step 107 ========== 
========== Step 108 ========== 
========== Step 109 ========== 
Successfully xmh
INFO [11582 controller_process.py:421] call rank0 to StopThreads
INFO [11582 controller_process.py:421] call rank0 to StopThreads
INFO [11582 controller_process.py:421] call rank0 to StopThreads
INFO [11582 controller_process.py:421] call rank0 to StopThreads
INFO [11582 controller_process.py:421] call rank0 to StopThreads
INFO [11582 controller_process.py:421] call rank0 to StopThreads
INFO [11582 controller_process.py:421] call rank0 to StopThreads
INFO [11582 controller_process.py:421] call rank0 to StopThreads
INFO [11582 controller_process.py:421] call rank0 to StopThreads
INFO [11582 controller_process.py:421] call rank0 to StopThreads
INFO [11582 controller_process.py:421] call rank0 to StopThreads
INFO [11582 controller_process.py:421] call rank0 to StopThreads
INFO [11582 controller_process.py:421] call rank0 to StopThreads
INFO [11582 controller_process.py:421] call rank0 to StopThreads
INFO [11582 controller_process.py:421] call rank0 to StopThreads
INFO [11582 controller_process.py:421] call rank0 to StopThreads
INFO [11582 controller_process.py:421] call rank0 to StopThreads
