WARNING: Logging before InitGoogleLogging() is written to STDERR
I20240128 13:11:30.787855 146312 IPC_barrier.h:128] MultiProcessBarrierFactory->ClearIPCMemory()
/home/xieminhui/RecStore/src/framework_adapters/torch/kg/dgl-0.9.1/python/dgl/_deprecate/graph.py:1023: DGLWarning: multigraph will be deprecated.DGL will treat all graphs as multigraph in the future.
  dgl_warning("multigraph will be deprecated." \
/home/xieminhui/RecStore/src/framework_adapters/torch/kg/dgl-0.9.1/python/dgl/heterograph.py:72: DGLWarning: Recommend creating graphs by `dgl.graph(data)` instead of `dgl.DGLGraph(data)`.
  dgl_warning('Recommend creating graphs by `dgl.graph(data)`'
Reading train triples....
Finished. Read 483142 train triples.
Reading valid triples....
Finished. Read 50000 valid triples.
Reading test triples....
Finished. Read 59071 test triples.
ARGS:  Namespace(model_name='DistMult', data_path='/home/xieminhui/dgl-data', dataset='FB15k', format='built_in', data_files=None, delimiter='\t', save_path='/tmp/ckpts/DistMult_FB15k_20', no_save_emb=True, max_step=500, batch_size=600, batch_size_eval=16, neg_sample_size=200, neg_deg_sample=False, neg_deg_sample_eval=False, neg_sample_size_eval=14951, eval_percent=1, no_eval_filter=False, log_interval=100, eval_interval=10000, test=False, num_proc=4, num_thread=1, force_sync_interval=1, hidden_dim=400, lr=0.01, gamma=16.0, double_ent=False, double_rel=False, neg_adversarial_sampling=False, adversarial_temperature=1.0, regularization_coef=0.0, regularization_norm=3, pairwise=False, loss_genre='Logsigmoid', margin=1.0, nr_gpus=4, gpu=[0, 1, 2, 3], mix_cpu_gpu=True, valid=False, rel_part=False, async_update=None, has_edge_importance=False, cached_emb_type='KnownLocalCachedEmbedding', use_my_emb=True, cache_ratio=0.05, shuffle=False, backwardMode='CppAsyncV2', L=10, update_cache_use_omp=0, update_pq_use_omp=0, kForwardItersPerStep=2, backgrad_init='both', eval_filter=True, soft_rel_part=False)
|Train|: 483142
original graph:  DGLGraph(num_nodes=14951, num_edges=592213,
         ndata_schemes={}
         edata_schemes={'tid': Scheme(shape=(), dtype=torch.int64)})
Loading cached metis
WARNING [146312 sampler.py:454] Start PreSampling
WARNING [146312 sampler.py:532] Before construct renumbering_dict
WARNING [146312 sampler.py:555] PreSampling done
W20240128 13:11:34.550179 146312 IPCTensor.h:368] NewIPCTensor: cached_sampler_r0_0 [1000000]0x100000002000 7.629 MB
W20240128 13:11:34.550431 146312 IPCTensor.h:368] NewIPCTensor: cached_sampler_r0_1 [1000000]0x1000007a5000 7.629 MB
W20240128 13:11:34.550464 146312 IPCTensor.h:368] NewIPCTensor: cached_sampler_r0_2 [1000000]0x100000f48000 7.629 MB
W20240128 13:11:34.550490 146312 IPCTensor.h:368] NewIPCTensor: cached_sampler_r0_3 [1000000]0x1000016eb000 7.629 MB
W20240128 13:11:34.550518 146312 IPCTensor.h:368] NewIPCTensor: cached_sampler_r0_4 [1000000]0x100001e8e000 7.629 MB
W20240128 13:11:34.550544 146312 IPCTensor.h:368] NewIPCTensor: cached_sampler_r0_5 [1000000]0x100002631000 7.629 MB
W20240128 13:11:34.550565 146312 IPCTensor.h:368] NewIPCTensor: cached_sampler_r0_6 [1000000]0x100002dd4000 7.629 MB
W20240128 13:11:34.550604 146312 IPCTensor.h:368] NewIPCTensor: cached_sampler_r0_7 [1000000]0x100003577000 7.629 MB
W20240128 13:11:34.550634 146312 IPCTensor.h:368] NewIPCTensor: cached_sampler_r0_8 [1000000]0x100003d1a000 7.629 MB
W20240128 13:11:34.550654 146312 IPCTensor.h:368] NewIPCTensor: cached_sampler_r0_9 [1000000]0x1000044bd000 7.629 MB
W20240128 13:11:34.550698 146312 IPCTensor.h:368] NewIPCTensor: step_r0 [10]0x100004c60000 80 B 
W20240128 13:11:34.550724 146312 IPCTensor.h:368] NewIPCTensor: circle_buffer_end_r0 [1]0x100004c62000 8 B 
W20240128 13:11:34.550741 146312 IPCTensor.h:368] NewIPCTensor: circle_buffer_end_cppseen_r0 [1]0x100004c64000 8 B 
W20240128 13:11:34.550880 146312 IPCTensor.h:368] NewIPCTensor: cached_sampler_r1_0 [1000000]0x100004c66000 7.629 MB
W20240128 13:11:34.550909 146312 IPCTensor.h:368] NewIPCTensor: cached_sampler_r1_1 [1000000]0x100005409000 7.629 MB
W20240128 13:11:34.550930 146312 IPCTensor.h:368] NewIPCTensor: cached_sampler_r1_2 [1000000]0x100005bac000 7.629 MB
W20240128 13:11:34.550976 146312 IPCTensor.h:368] NewIPCTensor: cached_sampler_r1_3 [1000000]0x10000634f000 7.629 MB
W20240128 13:11:34.550999 146312 IPCTensor.h:368] NewIPCTensor: cached_sampler_r1_4 [1000000]0x100006af2000 7.629 MB
W20240128 13:11:34.551017 146312 IPCTensor.h:368] NewIPCTensor: cached_sampler_r1_5 [1000000]0x100007295000 7.629 MB
W20240128 13:11:34.551035 146312 IPCTensor.h:368] NewIPCTensor: cached_sampler_r1_6 [1000000]0x100007a38000 7.629 MB
W20240128 13:11:34.551066 146312 IPCTensor.h:368] NewIPCTensor: cached_sampler_r1_7 [1000000]0x1000081db000 7.629 MB
W20240128 13:11:34.551090 146312 IPCTensor.h:368] NewIPCTensor: cached_sampler_r1_8 [1000000]0x10000897e000 7.629 MB
W20240128 13:11:34.551108 146312 IPCTensor.h:368] NewIPCTensor: cached_sampler_r1_9 [1000000]0x100009121000 7.629 MB
W20240128 13:11:34.551131 146312 IPCTensor.h:368] NewIPCTensor: step_r1 [10]0x1000098c4000 80 B 
W20240128 13:11:34.551147 146312 IPCTensor.h:368] NewIPCTensor: circle_buffer_end_r1 [1]0x1000098c6000 8 B 
W20240128 13:11:34.551163 146312 IPCTensor.h:368] NewIPCTensor: circle_buffer_end_cppseen_r1 [1]0x1000098c8000 8 B 
W20240128 13:11:34.551216 146312 IPCTensor.h:368] NewIPCTensor: cached_sampler_r2_0 [1000000]0x1000098ca000 7.629 MB
W20240128 13:11:34.551246 146312 IPCTensor.h:368] NewIPCTensor: cached_sampler_r2_1 [1000000]0x10000a06d000 7.629 MB
W20240128 13:11:34.551273 146312 IPCTensor.h:368] NewIPCTensor: cached_sampler_r2_2 [1000000]0x10000a810000 7.629 MB
W20240128 13:11:34.551302 146312 IPCTensor.h:368] NewIPCTensor: cached_sampler_r2_3 [1000000]0x10000afb3000 7.629 MB
W20240128 13:11:34.551333 146312 IPCTensor.h:368] NewIPCTensor: cached_sampler_r2_4 [1000000]0x10000b756000 7.629 MB
W20240128 13:11:34.551353 146312 IPCTensor.h:368] NewIPCTensor: cached_sampler_r2_5 [1000000]0x10000bef9000 7.629 MB
W20240128 13:11:34.551371 146312 IPCTensor.h:368] NewIPCTensor: cached_sampler_r2_6 [1000000]0x10000c69c000 7.629 MB
W20240128 13:11:34.551393 146312 IPCTensor.h:368] NewIPCTensor: cached_sampler_r2_7 [1000000]0x10000ce3f000 7.629 MB
W20240128 13:11:34.551426 146312 IPCTensor.h:368] NewIPCTensor: cached_sampler_r2_8 [1000000]0x10000d5e2000 7.629 MB
W20240128 13:11:34.551450 146312 IPCTensor.h:368] NewIPCTensor: cached_sampler_r2_9 [1000000]0x10000dd85000 7.629 MB
W20240128 13:11:34.551468 146312 IPCTensor.h:368] NewIPCTensor: step_r2 [10]0x10000e528000 80 B 
W20240128 13:11:34.551484 146312 IPCTensor.h:368] NewIPCTensor: circle_buffer_end_r2 [1]0x10000e52a000 8 B 
W20240128 13:11:34.551499 146312 IPCTensor.h:368] NewIPCTensor: circle_buffer_end_cppseen_r2 [1]0x10000e52c000 8 B 
W20240128 13:11:34.551548 146312 IPCTensor.h:368] NewIPCTensor: cached_sampler_r3_0 [1000000]0x10000e52e000 7.629 MB
W20240128 13:11:34.551570 146312 IPCTensor.h:368] NewIPCTensor: cached_sampler_r3_1 [1000000]0x10000ecd1000 7.629 MB
W20240128 13:11:34.551597 146312 IPCTensor.h:368] NewIPCTensor: cached_sampler_r3_2 [1000000]0x10000f474000 7.629 MB
W20240128 13:11:34.551635 146312 IPCTensor.h:368] NewIPCTensor: cached_sampler_r3_3 [1000000]0x10000fc17000 7.629 MB
W20240128 13:11:34.551659 146312 IPCTensor.h:368] NewIPCTensor: cached_sampler_r3_4 [1000000]0x1000103ba000 7.629 MB
W20240128 13:11:34.551687 146312 IPCTensor.h:368] NewIPCTensor: cached_sampler_r3_5 [1000000]0x100010b5d000 7.629 MB
W20240128 13:11:34.551710 146312 IPCTensor.h:368] NewIPCTensor: cached_sampler_r3_6 [1000000]0x100011300000 7.629 MB
W20240128 13:11:34.551746 146312 IPCTensor.h:368] NewIPCTensor: cached_sampler_r3_7 [1000000]0x100011aa3000 7.629 MB
W20240128 13:11:34.551790 146312 IPCTensor.h:368] NewIPCTensor: cached_sampler_r3_8 [1000000]0x100012246000 7.629 MB
W20240128 13:11:34.551811 146312 IPCTensor.h:368] NewIPCTensor: cached_sampler_r3_9 [1000000]0x1000129e9000 7.629 MB
W20240128 13:11:34.551838 146312 IPCTensor.h:368] NewIPCTensor: step_r3 [10]0x10001318c000 80 B 
W20240128 13:11:34.551854 146312 IPCTensor.h:368] NewIPCTensor: circle_buffer_end_r3 [1]0x10001318e000 8 B 
W20240128 13:11:34.551872 146312 IPCTensor.h:368] NewIPCTensor: circle_buffer_end_cppseen_r3 [1]0x100013190000 8 B 
W20240128 13:11:34.797441 146312 IPCTensor.h:368] NewIPCTensor: full_emb [14951, 400]0x100013192000 22.81 MB
W20240128 13:11:34.797590 146312 IPCTensor.h:368] NewIPCTensor: full_emb_SparseRowWiseAdaGrad_sum [14951]0x100014864000 58.4 kB
{0: Graph(num_nodes=10523, num_edges=182012,
      ndata_schemes={'_ID': Scheme(shape=(), dtype=torch.int64), 'inner_node': Scheme(shape=(), dtype=torch.int32), 'part_id': Scheme(shape=(), dtype=torch.int64)}
      edata_schemes={'_ID': Scheme(shape=(), dtype=torch.int64), 'inner_edge': Scheme(shape=(), dtype=torch.int8)}), 1: Graph(num_nodes=10996, num_edges=244360,
      ndata_schemes={'_ID': Scheme(shape=(), dtype=torch.int64), 'inner_node': Scheme(shape=(), dtype=torch.int32), 'part_id': Scheme(shape=(), dtype=torch.int64)}
      edata_schemes={'_ID': Scheme(shape=(), dtype=torch.int64), 'inner_edge': Scheme(shape=(), dtype=torch.int8)}), 2: Graph(num_nodes=9404, num_edges=143355,
      ndata_schemes={'_ID': Scheme(shape=(), dtype=torch.int64), 'inner_node': Scheme(shape=(), dtype=torch.int32), 'part_id': Scheme(shape=(), dtype=torch.int64)}
      edata_schemes={'_ID': Scheme(shape=(), dtype=torch.int64), 'inner_edge': Scheme(shape=(), dtype=torch.int8)}), 3: Graph(num_nodes=10954, num_edges=175447,
      ndata_schemes={'_ID': Scheme(shape=(), dtype=torch.int64), 'inner_node': Scheme(shape=(), dtype=torch.int32), 'part_id': Scheme(shape=(), dtype=torch.int64)}
      edata_schemes={'_ID': Scheme(shape=(), dtype=torch.int64), 'inner_edge': Scheme(shape=(), dtype=torch.int8)})}
MertisPartition: part 0 has 10523 N 182012 E
MertisPartition: part 1 has 10996 N 244360 E
MertisPartition: part 2 has 9404 N 143355 E
MertisPartition: part 3 has 10954 N 175447 E
Rank0: cached key size 186
Rank1: cached key size 186
Rank2: cached key size 186
Rank3: cached key size 186
Before renumbering graph:  {'_ID': tensor([    5,    14,    17,  ..., 11245,  2040,  3009]), 'inner_node': tensor([1, 1, 1,  ..., 0, 0, 0], dtype=torch.int32), 'part_id': tensor([0, 0, 0,  ..., 2, 3, 3])}
After renumbering graph:  {'_ID': tensor([ 873, 1060, 1130,  ..., 1436, 5240, 6007]), 'inner_node': tensor([1, 1, 1,  ..., 0, 0, 0], dtype=torch.int32), 'part_id': tensor([0, 0, 0,  ..., 2, 3, 3])}
part_g: DGLGraph(num_nodes=10523, num_edges=182012,
         ndata_schemes={'_ID': Scheme(shape=(), dtype=torch.int64)}
         edata_schemes={'tid': Scheme(shape=(), dtype=torch.int64)})
part_g: DGLGraph(num_nodes=10523, num_edges=182012,
         ndata_schemes={'_ID': Scheme(shape=(), dtype=torch.int64)}
         edata_schemes={'tid': Scheme(shape=(), dtype=torch.int64)})
Total initialize time 4.042 seconds
[Rank1] pid = 146635
[Rank2] pid = 146700
INFO [146312 distributed_c10d.py:442] Added key: store_based_barrier_key:1 to store for rank: 0
INFO [146635 distributed_c10d.py:442] Added key: store_based_barrier_key:1 to store for rank: 1
INFO [146700 distributed_c10d.py:442] Added key: store_based_barrier_key:1 to store for rank: 2
INFO [146312 distributed_c10d.py:476] Rank 0: Completed store-based barrier for key:store_based_barrier_key:1 with 4 nodes.
INFO [146764 distributed_c10d.py:442] Added key: store_based_barrier_key:1 to store for rank: 3
INFO [146700 distributed_c10d.py:476] Rank 2: Completed store-based barrier for key:store_based_barrier_key:1 with 4 nodes.
INFO [146635 distributed_c10d.py:476] Rank 1: Completed store-based barrier for key:store_based_barrier_key:1 with 4 nodes.
INFO [146764 distributed_c10d.py:476] Rank 3: Completed store-based barrier for key:store_based_barrier_key:1 with 4 nodes.
W20240128 13:11:38.017009 146765 IPCTensor.h:408] NewIPCGPUTensor: embedding_cache_0 [747, 400]; dev=0; size=1.14 MB
W20240128 13:11:38.017465 146765 IPCTensor.h:368] NewIPCTensor: input_keys_0 [1000000]0x100014876000 7.629 MB
W20240128 13:11:38.017570 146765 IPCTensor.h:368] NewIPCTensor: input_keys_neg_0 [1000000]0x100015019000 7.629 MB
W20240128 13:11:38.017613 146765 IPCTensor.h:368] NewIPCTensor: backward_grads_0 [1000000, 400]0x1000157bc000 1.49 GB
W20240128 13:11:38.017657 146765 IPCTensor.h:368] NewIPCTensor: backward_grads_neg_0 [1000000, 400]0x100074d9f000 1.49 GB
W20240128 13:11:38.017722 146765 IPCTensor.h:408] NewIPCGPUTensor: backward_grads_0_gpu [1000000, 400]; dev=0; size=1.49 GB
W20240128 13:11:38.018214 146701 IPCTensor.h:408] NewIPCGPUTensor: embedding_cache_2 [747, 400]; dev=2; size=1.14 MB
W20240128 13:11:38.018515 146766 IPCTensor.h:408] NewIPCGPUTensor: embedding_cache_3 [747, 400]; dev=3; size=1.14 MB
W20240128 13:11:38.018553 146636 IPCTensor.h:408] NewIPCGPUTensor: embedding_cache_1 [747, 400]; dev=1; size=1.14 MB
W20240128 13:11:38.020076 146765 IPCTensor.h:408] NewIPCGPUTensor: backward_grads_neg_0_gpu [1000000, 400]; dev=0; size=1.49 GB
W20240128 13:11:38.020350 146636 IPCTensor.h:368] NewIPCTensor: input_keys_1 [1000000]0x1000d438a000 7.629 MB
W20240128 13:11:38.021930 146701 IPCTensor.h:368] NewIPCTensor: input_keys_2 [1000000]0x1000d4b2d000 7.629 MB
W20240128 13:11:38.021952 146766 IPCTensor.h:368] NewIPCTensor: input_keys_3 [1000000]0x1000d52d0000 7.629 MB
W20240128 13:11:38.022114 146636 IPCTensor.h:368] NewIPCTensor: input_keys_neg_1 [1000000]0x1000d5a75000 7.629 MB
W20240128 13:11:38.022148 146701 IPCTensor.h:368] NewIPCTensor: input_keys_neg_2 [1000000]0x1000d6218000 7.629 MB
W20240128 13:11:38.022231 146701 IPCTensor.h:368] NewIPCTensor: backward_grads_2 [1000000, 400]0x1000d715e000 1.49 GB
W20240128 13:11:38.022225 146766 IPCTensor.h:368] NewIPCTensor: input_keys_neg_3 [1000000]0x1000d69bb000 7.629 MB
W20240128 13:11:38.022292 146636 IPCTensor.h:368] NewIPCTensor: backward_grads_1 [1000000, 400]0x100136741000 1.49 GB
W20240128 13:11:38.022358 146701 IPCTensor.h:368] NewIPCTensor: backward_grads_neg_2 [1000000, 400]0x100195d24000 1.49 GB
W20240128 13:11:38.022368 146766 IPCTensor.h:368] NewIPCTensor: backward_grads_3 [1000000, 400]0x1001f5307000 1.49 GB
W20240128 13:11:38.022421 146636 IPCTensor.h:368] NewIPCTensor: backward_grads_neg_1 [1000000, 400]0x1002548ea000 1.49 GB
W20240128 13:11:38.022429 146701 IPCTensor.h:408] NewIPCGPUTensor: backward_grads_2_gpu [1000000, 400]; dev=2; size=1.49 GB
W20240128 13:11:38.022468 146766 IPCTensor.h:368] NewIPCTensor: backward_grads_neg_3 [1000000, 400]0x1002b3ecd000 1.49 GB
W20240128 13:11:38.022517 146636 IPCTensor.h:408] NewIPCGPUTensor: backward_grads_1_gpu [1000000, 400]; dev=1; size=1.49 GB
W20240128 13:11:38.022539 146766 IPCTensor.h:408] NewIPCGPUTensor: backward_grads_3_gpu [1000000, 400]; dev=3; size=1.49 GB
W20240128 13:11:38.035959 146701 IPCTensor.h:408] NewIPCGPUTensor: backward_grads_neg_2_gpu [1000000, 400]; dev=2; size=1.49 GB
W20240128 13:11:38.036053 146636 IPCTensor.h:408] NewIPCGPUTensor: backward_grads_neg_1_gpu [1000000, 400]; dev=1; size=1.49 GB
W20240128 13:11:38.036150 146766 IPCTensor.h:408] NewIPCGPUTensor: backward_grads_neg_3_gpu [1000000, 400]; dev=3; size=1.49 GB
cudaHostRegister 0x100013192000
2: KnownLocalCachedEmbedding init done
WARNING [146700 DistTensor.py:56] The tensor name already exists in the kvstore
cudaHostRegister 0x100013192000
1: KnownLocalCachedEmbedding init done
WARNING [146635 DistTensor.py:56] The tensor name already exists in the kvstore
[Rank3] pid = 146764
New CachedEmbedding, name=full_emb, shape=(14951, 400), cache_type=KnownLocalCachedEmbedding
fixed cache_range is [(0, 747), (747, 1494), (1494, 2241), (2241, 2988)]
cudaHostRegister 0x100013192000
0: KnownLocalCachedEmbedding init done
WARNING [146312 DistTensor.py:56] The tensor name already exists in the kvstore
cudaHostRegister 0x100013192000
3: KnownLocalCachedEmbedding init done
WARNING [146764 DistTensor.py:56] The tensor name already exists in the kvstore
I20240128 13:11:39.218735 146766 IPC_barrier.h:118] CreateBarrier: new barrier, name: kgcachecontroller, count: 4
I20240128 13:11:39.218789 146765 IPC_barrier.h:112] CreateBarrier: find existing barrier, name: kgcachecontroller, count: 4
I20240128 13:11:39.218847 146701 IPC_barrier.h:112] CreateBarrier: find existing barrier, name: kgcachecontroller, count: 4
I20240128 13:11:39.218958 146636 IPC_barrier.h:112] CreateBarrier: find existing barrier, name: kgcachecontroller, count: 4
W20240128 13:11:39.220187 146765 grad_base.h:55] KGCacheController, config={
        "num_gpus": 4,
        "L": 10,
        "backgrad_init": "both", 
        "kForwardItersPerStep": 2,
        "clr": 1,
        "nr_background_threads": 32,
        "backwardMode": "CppAsyncV2",
        "cache_ratio": 0.05,
        "update_cache_use_omp":  0,
        "update_pq_use_omp":  0
        }
W20240128 13:11:39.220360 146765 grad_base.h:184] Init GradProcessingBase done
I20240128 13:11:39.224507 146765 grad_async_v2.h:32] Use background thread to update emb. nr_background_threads=32
W20240128 13:11:39.224604 146765 kg_controller.h:78] after init GradAsyncProcessingV2
I20240128 13:11:39.224610 146765 kg_controller.h:84] Construct KGCacheController done
I20240128 13:11:39.582810 146765 grad_base.h:60] GraphEnv RegTensorsPerProcess
W20240128 13:11:40.226565 147283 grad_async_v2.h:120] Detect new sample comes, old_end0, new_end1
E20240128 13:11:40.226868 147283 parallel_pq_v2.h:76] insert failed, size(hashtable)=1
I20240128 13:11:40.246646 146765 IPC_barrier.h:118] CreateBarrier: new barrier, name: start_barrier, count: 4
I20240128 13:11:40.270081 146701 IPC_barrier.h:112] CreateBarrier: find existing barrier, name: start_barrier, count: 4
I20240128 13:11:40.270874 146766 IPC_barrier.h:112] CreateBarrier: find existing barrier, name: start_barrier, count: 4
I20240128 13:11:40.278636 146636 IPC_barrier.h:112] CreateBarrier: find existing barrier, name: start_barrier, count: 4
E20240128 13:11:42.520475 147059 parallel_pq_v2.h:76] insert failed, size(hashtable)=1
W20240128 13:11:42.530704 146765 grad_async_v2.h:249] Sleep in <BlockToStepN>, step_no=1, pq.top=0
W20240128 13:11:42.533712 147283 grad_async_v2.h:120] Detect new sample comes, old_end1, new_end2
E20240128 13:11:43.520038 147282 parallel_pq_v2.h:76] insert failed, size(hashtable)=9363
W20240128 13:11:43.532330 146765 grad_async_v2.h:249] Sleep in <BlockToStepN>, step_no=43, pq.top=43
W20240128 13:11:43.540575 147283 grad_async_v2.h:120] Detect new sample comes, old_end3, new_end4
+---------------------------+---------------------------+---------------------------+
| Name                      | P50                       | P99                       |
+---------------------------+---------------------------+---------------------------+
| GenInput                  | 950.415 us                | 9.407 ms                  |
| Forward                   | 2.350 ms                  | 5.067 ms                  |
| Backward                  | 1.964 ms                  | 2.854 ms                  |
| Optimize                  | 838.546 us                | 1.450 ms                  |
| BarrierTimeBeforeRank0    | 23.843 us                 | 1.534 ms                  |
| AfterBackward             | 13.496 ms                 | 18.768 ms                 |
| BlockToStepN              | 3.102 ms                  | 8.941 ms                  |
| OneStep                   | 24.149 ms                 | 34.097 ms                 |
+---------------------------+---------------------------+---------------------------+
E20240128 13:11:44.520080 147282 parallel_pq_v2.h:76] insert failed, size(hashtable)=8745
W20240128 13:11:44.532074 146765 grad_async_v2.h:249] Sleep in <BlockToStepN>, step_no=80, pq.top=80
W20240128 13:11:44.544642 147283 grad_async_v2.h:120] Detect new sample comes, old_end0, new_end1
+---------------------------+---------------------------+---------------------------+
| Name                      | P50                       | P99                       |
+---------------------------+---------------------------+---------------------------+
| ProcessBack:Shuffle       | 1.981 ms                  | 2.279 ms                  |
| ProcessBack:UpdateCache   | 1.708 ms                  | 4.242 ms                  |
| ProcessBack:UpsertPq      | 7.788 ms                  | 10.934 ms                 |
| ProcessOneStep            | 13.448 ms                 | 18.749 ms                 |
| BlockToStepN              | 3.687 ms                  | 9.405 ms                  |
+---------------------------+---------------------------+---------------------------+
train_sampler.Prefill()
before start barrier
start train
[proc 2] 100 steps, total: 4.777, sample: 0.141, forward: 0.925, backward: 0.405, update: 0.126
train_sampler.Prefill()
before start barrier
start train
[proc 3] 100 steps, total: 4.776, sample: 0.146, forward: 0.920, backward: 0.434, update: 0.115
train_sampler.Prefill()
before start barrier
start train
[proc 1] 100 steps, total: 4.768, sample: 0.163, forward: 0.942, backward: 0.400, update: 0.124
train_sampler.Prefill()
-------Step 0-------
tensor([ 7722,  4799,  8290,  6562,  9738,  4028,   740,  5107, 13360, 11811]) tensor([ 1130,  9257,  8372,  4040,  6668,  7323, 10667,  7609,  6563,  7616])
-------Step 1-------
tensor([ 7722,  4799,  8290,  6562,  9738,  4028,   740,  5107, 13360, 11811]) tensor([  450, 12919, 14608,   976, 12658,  8941,  1909, 12783,  6526,  6445])
-------Step 2-------
tensor([ 5398, 11160,  7829,  4061,  4324,  7713, 10366,  9101,  9663,    97]) tensor([11144,  2673,  2076, 11252,  4785,   739,  6508,  5296, 11163,  6687])
-------Step 3-------
tensor([ 5398, 11160,  7829,  4061,  4324,  7713, 10366,  9101,  9663,    97]) tensor([ 6704,  9456,  5991, 13293,  6624,  1343,  8045,  9673, 10611, 13080])
-------Step 4-------
tensor([10560,  2520,  3360,   128, 10782,  6864,  3835, 12201,  8610,  8083]) tensor([ 8511,  4109,  2734, 14235,  1514,  1893, 11586,  4604, 13470,  6368])
-------Step 5-------
tensor([10560,  2520,  3360,   128, 10782,  6864,  3835, 12201,  8610,  8083]) tensor([ 5738, 11820,  4369,  6779, 12664,  8693,  4714,  2823,  7978, 14646])
-------Step 6-------
tensor([ 7885, 11729,  4428,  6784,  1218,  8549,  6094,  2814, 10815,    24]) tensor([ 6696,  5751,  3610,  8930,  8023,   618,  3789, 10226, 13394,  3360])
-------Step 7-------
tensor([ 7885, 11729,  4428,  6784,  1218,  8549,  6094,  2814, 10815,    24]) tensor([ 6622,  6790,  7599,  8242,   516,   166, 13844,  8138,  3536, 13612])
-------Step 8-------
tensor([  148, 14909, 10911,  8448,  5804,  4428, 13791,  7598,  4054,  1271]) tensor([13978,  5953,  8206,  8754,  3710, 11363,  7337,   425, 10968, 14827])
-------Step 9-------
tensor([  148, 14909, 10911,  8448,  5804,  4428, 13791,  7598,  4054,  1271]) tensor([14166, 12293, 11590,   517, 11813,  8749,  5677,  1912,  6802,  7366])
before start barrier
start train
[proc 0] 100 steps, total: 4.800, sample: 0.197, forward: 0.943, backward: 0.419, update: 0.129
E20240128 13:11:45.520007 147282 parallel_pq_v2.h:76] insert failed, size(hashtable)=7309
W20240128 13:11:45.544243 147283 grad_async_v2.h:120] Detect new sample comes, old_end8, new_end9
W20240128 13:11:45.546041 146765 grad_async_v2.h:249] Sleep in <BlockToStepN>, step_no=119, pq.top=119
E20240128 13:11:46.520015 147059 parallel_pq_v2.h:76] insert failed, size(hashtable)=1105
W20240128 13:11:46.544958 147283 grad_async_v2.h:120] Detect new sample comes, old_end1, new_end2
W20240128 13:11:46.546324 146765 grad_async_v2.h:249] Sleep in <BlockToStepN>, step_no=162, pq.top=162
[proc 3] 200 steps, total: 2.430, sample: 0.173, forward: 0.213, backward: 0.172, update: 0.067
[proc 0] 200 steps, total: 2.430, sample: 0.162, forward: 0.204, backward: 0.187, update: 0.072
[proc 2] 200 steps, total: 2.430, sample: 0.169, forward: 0.216, backward: 0.165, update: 0.071
[proc 1] 200 steps, total: 2.430, sample: 0.183, forward: 0.228, backward: 0.185, update: 0.072
E20240128 13:11:47.520015 146765 parallel_pq_v2.h:76] insert failed, size(hashtable)=648
W20240128 13:11:47.546175 146765 grad_async_v2.h:249] Sleep in <BlockToStepN>, step_no=203, pq.top=203
W20240128 13:11:47.556751 147283 grad_async_v2.h:120] Detect new sample comes, old_end3, new_end4
E20240128 13:11:48.520016 147282 parallel_pq_v2.h:76] insert failed, size(hashtable)=9292
W20240128 13:11:48.558669 147283 grad_async_v2.h:120] Detect new sample comes, old_end8, new_end9
W20240128 13:11:48.560400 146765 grad_async_v2.h:249] Sleep in <BlockToStepN>, step_no=239, pq.top=239
+---------------------------+---------------------------+---------------------------+
| Name                      | P50                       | P99                       |
+---------------------------+---------------------------+---------------------------+
| GenInput                  | 986.498 us                | 9.407 ms                  |
| Forward                   | 2.327 ms                  | 4.533 ms                  |
| Backward                  | 1.955 ms                  | 2.196 ms                  |
| Optimize                  | 799.668 us                | 1.450 ms                  |
| BarrierTimeBeforeRank0    | 29.525 us                 | 3.025 ms                  |
| AfterBackward             | 11.515 ms                 | 16.695 ms                 |
| BlockToStepN              | 5.982 ms                  | 13.673 ms                 |
| OneStep                   | 24.359 ms                 | 38.222 ms                 |
+---------------------------+---------------------------+---------------------------+
E20240128 13:11:49.520247 147282 parallel_pq_v2.h:76] insert failed, size(hashtable)=9003
W20240128 13:11:49.561241 147283 grad_async_v2.h:120] Detect new sample comes, old_end9, new_end0
W20240128 13:11:49.578408 146765 grad_async_v2.h:249] Sleep in <BlockToStepN>, step_no=280, pq.top=280
+---------------------------+---------------------------+---------------------------+
| Name                      | P50                       | P99                       |
+---------------------------+---------------------------+---------------------------+
| ProcessBack:Shuffle       | 1.926 ms                  | 2.236 ms                  |
| ProcessBack:UpdateCache   | 1.666 ms                  | 3.872 ms                  |
| ProcessBack:UpsertPq      | 6.509 ms                  | 10.629 ms                 |
| ProcessOneStep            | 11.354 ms                 | 16.665 ms                 |
| BlockToStepN              | 5.920 ms                  | 13.616 ms                 |
+---------------------------+---------------------------+---------------------------+
[proc 1] 300 steps, total: 2.728, sample: 0.167, forward: 0.230, backward: 0.192, update: 0.072
[proc 3] 300 steps, total: 2.729, sample: 0.160, forward: 0.218, backward: 0.168, update: 0.068
[proc 2] 300 steps, total: 2.729, sample: 0.160, forward: 0.218, backward: 0.168, update: 0.068
[proc 0] 300 steps, total: 2.729, sample: 0.190, forward: 0.238, backward: 0.194, update: 0.075
E20240128 13:11:50.520020 147282 parallel_pq_v2.h:76] insert failed, size(hashtable)=8598
W20240128 13:11:50.562866 147283 grad_async_v2.h:120] Detect new sample comes, old_end1, new_end2
W20240128 13:11:50.584280 146765 grad_async_v2.h:249] Sleep in <BlockToStepN>, step_no=312, pq.top=312
E20240128 13:11:51.520007 147059 parallel_pq_v2.h:76] insert failed, size(hashtable)=678
W20240128 13:11:51.589557 147283 grad_async_v2.h:120] Detect new sample comes, old_end3, new_end4
W20240128 13:11:51.610299 146765 grad_async_v2.h:249] Sleep in <BlockToStepN>, step_no=344, pq.top=344
E20240128 13:11:52.520026 147282 parallel_pq_v2.h:76] insert failed, size(hashtable)=6593
W20240128 13:11:52.595242 147283 grad_async_v2.h:120] Detect new sample comes, old_end4, new_end5
W20240128 13:11:52.615423 146765 grad_async_v2.h:249] Sleep in <BlockToStepN>, step_no=375, pq.top=375
[proc 2] 400 steps, total: 3.235, sample: 0.170, forward: 0.237, backward: 0.178, update: 0.073
[proc 1] 400 steps, total: 3.235, sample: 0.183, forward: 0.245, backward: 0.187, update: 0.075
[proc 3] 400 steps, total: 3.235, sample: 0.171, forward: 0.237, backward: 0.178, update: 0.073
[proc 0] 400 steps, total: 3.235, sample: 0.233, forward: 0.247, backward: 0.201, update: 0.078
E20240128 13:11:53.520009 146765 parallel_pq_v2.h:76] insert failed, size(hashtable)=1761
W20240128 13:11:53.596475 147283 grad_async_v2.h:120] Detect new sample comes, old_end4, new_end5
W20240128 13:11:53.615643 146765 grad_async_v2.h:249] Sleep in <BlockToStepN>, step_no=405, pq.top=405
+---------------------------+---------------------------+---------------------------+
| Name                      | P50                       | P99                       |
+---------------------------+---------------------------+---------------------------+
| GenInput                  | 1.111 ms                  | 10.065 ms                 |
| Forward                   | 2.405 ms                  | 4.702 ms                  |
| Backward                  | 1.993 ms                  | 2.760 ms                  |
| Optimize                  | 813.863 us                | 1.543 ms                  |
| BarrierTimeBeforeRank0    | 20.887 us                 | 3.025 ms                  |
| AfterBackward             | 12.335 ms                 | 16.695 ms                 |
| BlockToStepN              | 7.518 ms                  | 20.683 ms                 |
| OneStep                   | 27.179 ms                 | 45.804 ms                 |
+---------------------------+---------------------------+---------------------------+
E20240128 13:11:54.520437 147282 parallel_pq_v2.h:76] insert failed, size(hashtable)=6987
+---------------------------+---------------------------+---------------------------+
| Name                      | P50                       | P99                       |
+---------------------------+---------------------------+---------------------------+
| ProcessBack:Shuffle       | 1.885 ms                  | 2.220 ms                  |
| ProcessBack:UpdateCache   | 1.467 ms                  | 2.472 ms                  |
| ProcessBack:UpsertPq      | 6.756 ms                  | 11.124 ms                 |
| ProcessOneStep            | 12.267 ms                 | 16.665 ms                 |
| BlockToStepN              | 7.534 ms                  | 20.611 ms                 |
+---------------------------+---------------------------+---------------------------+
W20240128 13:11:54.596583 147283 grad_async_v2.h:120] Detect new sample comes, old_end4, new_end5
W20240128 13:11:54.615197 146765 grad_async_v2.h:249] Sleep in <BlockToStepN>, step_no=435, pq.top=435
E20240128 13:11:55.520020 147282 parallel_pq_v2.h:76] insert failed, size(hashtable)=6501
W20240128 13:11:55.608521 147283 grad_async_v2.h:120] Detect new sample comes, old_end5, new_end6
W20240128 13:11:55.629858 146765 grad_async_v2.h:249] Sleep in <BlockToStepN>, step_no=466, pq.top=466
E20240128 13:11:56.520017 146765 parallel_pq_v2.h:76] insert failed, size(hashtable)=1398
W20240128 13:11:56.608789 147283 grad_async_v2.h:120] Detect new sample comes, old_end3, new_end4
W20240128 13:11:56.629678 146765 grad_async_v2.h:249] Sleep in <BlockToStepN>, step_no=494, pq.top=494
[proc 3] 500 steps, total: 3.405, sample: 0.172, forward: 0.241, backward: 0.182, update: 0.073
[proc 2] 500 steps, total: 3.405, sample: 0.190, forward: 0.242, backward: 0.184, update: 0.072
[proc 1] 500 steps, total: 3.405, sample: 0.186, forward: 0.243, backward: 0.197, update: 0.074
[proc 0] 500 steps, total: 3.405, sample: 0.242, forward: 0.247, backward: 0.201, update: 0.077
Successfully xmh. training takes 16.599207878112793 seconds
before call kg_cache_controller.StopThreads()
W20240128 13:11:56.845870 146765 grad_async_v2.h:71] call StopThreads. PID = 146312
W20240128 13:11:56.845901 146765 grad_base.h:212] before processOneStepNegThread_.join();
W20240128 13:11:56.846088 146765 grad_base.h:214] after processOneStepNegThread_.join();
W20240128 13:11:56.846096 146765 grad_async_v2.h:73] call GradProcessingBase::StopThreads.
W20240128 13:11:56.849678 146765 grad_async_v2.h:91] StopThreads done.
[W tensorpipe_agent.cpp:725] RPC agent for worker0 encountered error when reading incoming request from worker2: eof (this error originated at tensorpipe/transport/shm/connection_impl.cc:259)
[W tensorpipe_agent.cpp:725] RPC agent for worker0 encountered error when reading incoming request from worker3: eof (this error originated at tensorpipe/transport/shm/connection_impl.cc:259)
[W tensorpipe_agent.cpp:725] RPC agent for worker0 encountered error when reading incoming request from worker1: eof (this error originated at tensorpipe/transport/shm/connection_impl.cc:259)
