WARNING: Logging before InitGoogleLogging() is written to STDERR
I20240129 17:19:27.430501 36987 IPC_barrier.h:128] MultiProcessBarrierFactory->ClearIPCMemory()
/data/home/xieminhui/RecStore/src/framework_adapters/torch/kg/dgl-0.9.1/python/dgl/_deprecate/graph.py:1023: DGLWarning: multigraph will be deprecated.DGL will treat all graphs as multigraph in the future.
  dgl_warning("multigraph will be deprecated." \
/data/home/xieminhui/RecStore/src/framework_adapters/torch/kg/dgl-0.9.1/python/dgl/heterograph.py:72: DGLWarning: Recommend creating graphs by `dgl.graph(data)` instead of `dgl.DGLGraph(data)`.
  dgl_warning('Recommend creating graphs by `dgl.graph(data)`'
Reading train triples....
Finished. Read 304727650 train triples.
Reading valid triples....
Finished. Read 16929318 valid triples.
Reading test triples....
Finished. Read 16929308 test triples.
ARGS:  Namespace(model_name='TransE', data_path='/home/xieminhui/dgl-data', dataset='Freebase', format='built_in', data_files=None, delimiter='\t', save_path='/tmp/ckpts/TransE_Freebase_6', no_save_emb=True, max_step=500, batch_size=2000, batch_size_eval=16, neg_sample_size=200, neg_deg_sample=False, neg_deg_sample_eval=False, neg_sample_size_eval=86054151, eval_percent=1, no_eval_filter=False, log_interval=100, eval_interval=10000, test=False, num_proc=8, num_thread=1, force_sync_interval=1, hidden_dim=400, lr=0.01, gamma=16.0, double_ent=False, double_rel=False, neg_adversarial_sampling=False, adversarial_temperature=1.0, regularization_coef=0.0, regularization_norm=3, pairwise=False, loss_genre='Logsigmoid', margin=1.0, nr_gpus=8, gpu=[0, 1, 2, 3, 4, 5, 6, 7], mix_cpu_gpu=True, valid=False, rel_part=False, async_update=None, has_edge_importance=False, cached_emb_type='KnownLocalCachedEmbedding', use_my_emb=True, cache_ratio=0.05, shuffle=False, backwardMode='CppAsyncV2', L=10, update_cache_use_omp=0, update_pq_use_omp=0, kForwardItersPerStep=2, backgrad_init='both', eval_filter=True, soft_rel_part=False)
|Train|: 304727650
original graph:  DGLGraph(num_nodes=86054151, num_edges=338586276,
         ndata_schemes={}
         edata_schemes={'tid': Scheme(shape=(), dtype=torch.int64)})
Partitoning with metis
[17:38:52] /home/xieminhui/RecStore/src/framework_adapters/torch/kg/dgl-0.9.1/src/graph/transform/metis_partition_hetero.cc:87: Partition a graph with 86054151 nodes and 421063214 edges into 8 parts and get 29576304 edge cuts
WARNING [36987 sampler.py:454] Start PreSampling
WARNING [36987 sampler.py:532] Before construct renumbering_dict
WARNING [36987 sampler.py:555] PreSampling done
W20240129 17:50:04.624025 36987 IPCTensor.h:369] NewIPCTensor: cached_sampler_r0_0 [1000000]0x100000002000 7.629 MB
W20240129 17:50:04.624231 36987 IPCTensor.h:369] NewIPCTensor: cached_sampler_r0_1 [1000000]0x1000007a5000 7.629 MB
W20240129 17:50:04.624269 36987 IPCTensor.h:369] NewIPCTensor: cached_sampler_r0_2 [1000000]0x100000f48000 7.629 MB
W20240129 17:50:04.624297 36987 IPCTensor.h:369] NewIPCTensor: cached_sampler_r0_3 [1000000]0x1000016eb000 7.629 MB
W20240129 17:50:04.624336 36987 IPCTensor.h:369] NewIPCTensor: cached_sampler_r0_4 [1000000]0x100001e8e000 7.629 MB
W20240129 17:50:04.624379 36987 IPCTensor.h:369] NewIPCTensor: cached_sampler_r0_5 [1000000]0x100002631000 7.629 MB
W20240129 17:50:04.624411 36987 IPCTensor.h:369] NewIPCTensor: cached_sampler_r0_6 [1000000]0x100002dd4000 7.629 MB
W20240129 17:50:04.624447 36987 IPCTensor.h:369] NewIPCTensor: cached_sampler_r0_7 [1000000]0x100003577000 7.629 MB
W20240129 17:50:04.624473 36987 IPCTensor.h:369] NewIPCTensor: cached_sampler_r0_8 [1000000]0x100003d1a000 7.629 MB
W20240129 17:50:04.624511 36987 IPCTensor.h:369] NewIPCTensor: cached_sampler_r0_9 [1000000]0x1000044bd000 7.629 MB
W20240129 17:50:04.624547 36987 IPCTensor.h:369] NewIPCTensor: step_r0 [10]0x100004c60000 80 B 
W20240129 17:50:04.624572 36987 IPCTensor.h:369] NewIPCTensor: circle_buffer_end_r0 [1]0x100004c62000 8 B 
W20240129 17:50:04.624595 36987 IPCTensor.h:369] NewIPCTensor: circle_buffer_end_cppseen_r0 [1]0x100004c64000 8 B 
W20240129 17:50:04.624723 36987 IPCTensor.h:369] NewIPCTensor: cached_sampler_r1_0 [1000000]0x100004c66000 7.629 MB
W20240129 17:50:04.624766 36987 IPCTensor.h:369] NewIPCTensor: cached_sampler_r1_1 [1000000]0x100005409000 7.629 MB
W20240129 17:50:04.624797 36987 IPCTensor.h:369] NewIPCTensor: cached_sampler_r1_2 [1000000]0x100005bac000 7.629 MB
W20240129 17:50:04.624823 36987 IPCTensor.h:369] NewIPCTensor: cached_sampler_r1_3 [1000000]0x10000634f000 7.629 MB
W20240129 17:50:04.624848 36987 IPCTensor.h:369] NewIPCTensor: cached_sampler_r1_4 [1000000]0x100006af2000 7.629 MB
W20240129 17:50:04.624881 36987 IPCTensor.h:369] NewIPCTensor: cached_sampler_r1_5 [1000000]0x100007295000 7.629 MB
W20240129 17:50:04.624907 36987 IPCTensor.h:369] NewIPCTensor: cached_sampler_r1_6 [1000000]0x100007a38000 7.629 MB
W20240129 17:50:04.624940 36987 IPCTensor.h:369] NewIPCTensor: cached_sampler_r1_7 [1000000]0x1000081db000 7.629 MB
W20240129 17:50:04.624969 36987 IPCTensor.h:369] NewIPCTensor: cached_sampler_r1_8 [1000000]0x10000897e000 7.629 MB
W20240129 17:50:04.625005 36987 IPCTensor.h:369] NewIPCTensor: cached_sampler_r1_9 [1000000]0x100009121000 7.629 MB
W20240129 17:50:04.625031 36987 IPCTensor.h:369] NewIPCTensor: step_r1 [10]0x1000098c4000 80 B 
W20240129 17:50:04.625053 36987 IPCTensor.h:369] NewIPCTensor: circle_buffer_end_r1 [1]0x1000098c6000 8 B 
W20240129 17:50:04.625083 36987 IPCTensor.h:369] NewIPCTensor: circle_buffer_end_cppseen_r1 [1]0x1000098c8000 8 B 
W20240129 17:50:04.625135 36987 IPCTensor.h:369] NewIPCTensor: cached_sampler_r2_0 [1000000]0x1000098ca000 7.629 MB
W20240129 17:50:04.625170 36987 IPCTensor.h:369] NewIPCTensor: cached_sampler_r2_1 [1000000]0x10000a06d000 7.629 MB
W20240129 17:50:04.625198 36987 IPCTensor.h:369] NewIPCTensor: cached_sampler_r2_2 [1000000]0x10000a810000 7.629 MB
W20240129 17:50:04.625231 36987 IPCTensor.h:369] NewIPCTensor: cached_sampler_r2_3 [1000000]0x10000afb3000 7.629 MB
W20240129 17:50:04.625258 36987 IPCTensor.h:369] NewIPCTensor: cached_sampler_r2_4 [1000000]0x10000b756000 7.629 MB
W20240129 17:50:04.625301 36987 IPCTensor.h:369] NewIPCTensor: cached_sampler_r2_5 [1000000]0x10000bef9000 7.629 MB
W20240129 17:50:04.625332 36987 IPCTensor.h:369] NewIPCTensor: cached_sampler_r2_6 [1000000]0x10000c69c000 7.629 MB
W20240129 17:50:04.625358 36987 IPCTensor.h:369] NewIPCTensor: cached_sampler_r2_7 [1000000]0x10000ce3f000 7.629 MB
W20240129 17:50:04.625391 36987 IPCTensor.h:369] NewIPCTensor: cached_sampler_r2_8 [1000000]0x10000d5e2000 7.629 MB
W20240129 17:50:04.625416 36987 IPCTensor.h:369] NewIPCTensor: cached_sampler_r2_9 [1000000]0x10000dd85000 7.629 MB
W20240129 17:50:04.625442 36987 IPCTensor.h:369] NewIPCTensor: step_r2 [10]0x10000e528000 80 B 
W20240129 17:50:04.625464 36987 IPCTensor.h:369] NewIPCTensor: circle_buffer_end_r2 [1]0x10000e52a000 8 B 
W20240129 17:50:04.625491 36987 IPCTensor.h:369] NewIPCTensor: circle_buffer_end_cppseen_r2 [1]0x10000e52c000 8 B 
W20240129 17:50:04.625547 36987 IPCTensor.h:369] NewIPCTensor: cached_sampler_r3_0 [1000000]0x10000e52e000 7.629 MB
W20240129 17:50:04.625587 36987 IPCTensor.h:369] NewIPCTensor: cached_sampler_r3_1 [1000000]0x10000ecd1000 7.629 MB
W20240129 17:50:04.625627 36987 IPCTensor.h:369] NewIPCTensor: cached_sampler_r3_2 [1000000]0x10000f474000 7.629 MB
W20240129 17:50:04.625653 36987 IPCTensor.h:369] NewIPCTensor: cached_sampler_r3_3 [1000000]0x10000fc17000 7.629 MB
W20240129 17:50:04.625684 36987 IPCTensor.h:369] NewIPCTensor: cached_sampler_r3_4 [1000000]0x1000103ba000 7.629 MB
W20240129 17:50:04.625715 36987 IPCTensor.h:369] NewIPCTensor: cached_sampler_r3_5 [1000000]0x100010b5d000 7.629 MB
W20240129 17:50:04.625746 36987 IPCTensor.h:369] NewIPCTensor: cached_sampler_r3_6 [1000000]0x100011300000 7.629 MB
W20240129 17:50:04.625771 36987 IPCTensor.h:369] NewIPCTensor: cached_sampler_r3_7 [1000000]0x100011aa3000 7.629 MB
W20240129 17:50:04.625797 36987 IPCTensor.h:369] NewIPCTensor: cached_sampler_r3_8 [1000000]0x100012246000 7.629 MB
W20240129 17:50:04.625829 36987 IPCTensor.h:369] NewIPCTensor: cached_sampler_r3_9 [1000000]0x1000129e9000 7.629 MB
W20240129 17:50:04.625855 36987 IPCTensor.h:369] NewIPCTensor: step_r3 [10]0x10001318c000 80 B 
W20240129 17:50:04.625881 36987 IPCTensor.h:369] NewIPCTensor: circle_buffer_end_r3 [1]0x10001318e000 8 B 
W20240129 17:50:04.625903 36987 IPCTensor.h:369] NewIPCTensor: circle_buffer_end_cppseen_r3 [1]0x100013190000 8 B 
W20240129 17:50:04.625952 36987 IPCTensor.h:369] NewIPCTensor: cached_sampler_r4_0 [1000000]0x100013192000 7.629 MB
W20240129 17:50:04.625988 36987 IPCTensor.h:369] NewIPCTensor: cached_sampler_r4_1 [1000000]0x100013935000 7.629 MB
W20240129 17:50:04.626013 36987 IPCTensor.h:369] NewIPCTensor: cached_sampler_r4_2 [1000000]0x1000140d8000 7.629 MB
W20240129 17:50:04.626041 36987 IPCTensor.h:369] NewIPCTensor: cached_sampler_r4_3 [1000000]0x10001487b000 7.629 MB
W20240129 17:50:04.626068 36987 IPCTensor.h:369] NewIPCTensor: cached_sampler_r4_4 [1000000]0x10001501e000 7.629 MB
W20240129 17:50:04.626104 36987 IPCTensor.h:369] NewIPCTensor: cached_sampler_r4_5 [1000000]0x1000157c1000 7.629 MB
W20240129 17:50:04.626137 36987 IPCTensor.h:369] NewIPCTensor: cached_sampler_r4_6 [1000000]0x100015f64000 7.629 MB
W20240129 17:50:04.626169 36987 IPCTensor.h:369] NewIPCTensor: cached_sampler_r4_7 [1000000]0x100016707000 7.629 MB
W20240129 17:50:04.626196 36987 IPCTensor.h:369] NewIPCTensor: cached_sampler_r4_8 [1000000]0x100016eaa000 7.629 MB
W20240129 17:50:04.626236 36987 IPCTensor.h:369] NewIPCTensor: cached_sampler_r4_9 [1000000]0x10001764d000 7.629 MB
W20240129 17:50:04.626263 36987 IPCTensor.h:369] NewIPCTensor: step_r4 [10]0x100017df0000 80 B 
W20240129 17:50:04.626286 36987 IPCTensor.h:369] NewIPCTensor: circle_buffer_end_r4 [1]0x100017df2000 8 B 
W20240129 17:50:04.626312 36987 IPCTensor.h:369] NewIPCTensor: circle_buffer_end_cppseen_r4 [1]0x100017df4000 8 B 
W20240129 17:50:04.626360 36987 IPCTensor.h:369] NewIPCTensor: cached_sampler_r5_0 [1000000]0x100017df6000 7.629 MB
W20240129 17:50:04.626391 36987 IPCTensor.h:369] NewIPCTensor: cached_sampler_r5_1 [1000000]0x100018599000 7.629 MB
W20240129 17:50:04.626417 36987 IPCTensor.h:369] NewIPCTensor: cached_sampler_r5_2 [1000000]0x100018d3c000 7.629 MB
W20240129 17:50:04.626447 36987 IPCTensor.h:369] NewIPCTensor: cached_sampler_r5_3 [1000000]0x1000194df000 7.629 MB
W20240129 17:50:04.626474 36987 IPCTensor.h:369] NewIPCTensor: cached_sampler_r5_4 [1000000]0x100019c82000 7.629 MB
W20240129 17:50:04.626503 36987 IPCTensor.h:369] NewIPCTensor: cached_sampler_r5_5 [1000000]0x10001a425000 7.629 MB
W20240129 17:50:04.626540 36987 IPCTensor.h:369] NewIPCTensor: cached_sampler_r5_6 [1000000]0x10001abc8000 7.629 MB
W20240129 17:50:04.626574 36987 IPCTensor.h:369] NewIPCTensor: cached_sampler_r5_7 [1000000]0x10001b36b000 7.629 MB
W20240129 17:50:04.626616 36987 IPCTensor.h:369] NewIPCTensor: cached_sampler_r5_8 [1000000]0x10001bb0e000 7.629 MB
W20240129 17:50:04.626643 36987 IPCTensor.h:369] NewIPCTensor: cached_sampler_r5_9 [1000000]0x10001c2b1000 7.629 MB
W20240129 17:50:04.626677 36987 IPCTensor.h:369] NewIPCTensor: step_r5 [10]0x10001ca54000 80 B 
W20240129 17:50:04.626698 36987 IPCTensor.h:369] NewIPCTensor: circle_buffer_end_r5 [1]0x10001ca56000 8 B 
W20240129 17:50:04.626725 36987 IPCTensor.h:369] NewIPCTensor: circle_buffer_end_cppseen_r5 [1]0x10001ca58000 8 B 
W20240129 17:50:04.626781 36987 IPCTensor.h:369] NewIPCTensor: cached_sampler_r6_0 [1000000]0x10001ca5a000 7.629 MB
W20240129 17:50:04.626811 36987 IPCTensor.h:369] NewIPCTensor: cached_sampler_r6_1 [1000000]0x10001d1fd000 7.629 MB
W20240129 17:50:04.626838 36987 IPCTensor.h:369] NewIPCTensor: cached_sampler_r6_2 [1000000]0x10001d9a0000 7.629 MB
W20240129 17:50:04.626870 36987 IPCTensor.h:369] NewIPCTensor: cached_sampler_r6_3 [1000000]0x10001e143000 7.629 MB
W20240129 17:50:04.626900 36987 IPCTensor.h:369] NewIPCTensor: cached_sampler_r6_4 [1000000]0x10001e8e6000 7.629 MB
W20240129 17:50:04.626932 36987 IPCTensor.h:369] NewIPCTensor: cached_sampler_r6_5 [1000000]0x10001f089000 7.629 MB
W20240129 17:50:04.626967 36987 IPCTensor.h:369] NewIPCTensor: cached_sampler_r6_6 [1000000]0x10001f82c000 7.629 MB
W20240129 17:50:04.627002 36987 IPCTensor.h:369] NewIPCTensor: cached_sampler_r6_7 [1000000]0x10001ffcf000 7.629 MB
W20240129 17:50:04.627039 36987 IPCTensor.h:369] NewIPCTensor: cached_sampler_r6_8 [1000000]0x100020772000 7.629 MB
W20240129 17:50:04.627074 36987 IPCTensor.h:369] NewIPCTensor: cached_sampler_r6_9 [1000000]0x100020f15000 7.629 MB
W20240129 17:50:04.627100 36987 IPCTensor.h:369] NewIPCTensor: step_r6 [10]0x1000216b8000 80 B 
W20240129 17:50:04.627125 36987 IPCTensor.h:369] NewIPCTensor: circle_buffer_end_r6 [1]0x1000216ba000 8 B 
W20240129 17:50:04.627151 36987 IPCTensor.h:369] NewIPCTensor: circle_buffer_end_cppseen_r6 [1]0x1000216bc000 8 B 
W20240129 17:50:04.627209 36987 IPCTensor.h:369] NewIPCTensor: cached_sampler_r7_0 [1000000]0x1000216be000 7.629 MB
W20240129 17:50:04.627251 36987 IPCTensor.h:369] NewIPCTensor: cached_sampler_r7_1 [1000000]0x100021e61000 7.629 MB
W20240129 17:50:04.627279 36987 IPCTensor.h:369] NewIPCTensor: cached_sampler_r7_2 [1000000]0x100022604000 7.629 MB
W20240129 17:50:04.627307 36987 IPCTensor.h:369] NewIPCTensor: cached_sampler_r7_3 [1000000]0x100022da7000 7.629 MB
W20240129 17:50:04.627336 36987 IPCTensor.h:369] NewIPCTensor: cached_sampler_r7_4 [1000000]0x10002354a000 7.629 MB
W20240129 17:50:04.627364 36987 IPCTensor.h:369] NewIPCTensor: cached_sampler_r7_5 [1000000]0x100023ced000 7.629 MB
W20240129 17:50:04.627395 36987 IPCTensor.h:369] NewIPCTensor: cached_sampler_r7_6 [1000000]0x100024490000 7.629 MB
W20240129 17:50:04.627424 36987 IPCTensor.h:369] NewIPCTensor: cached_sampler_r7_7 [1000000]0x100024c33000 7.629 MB
W20240129 17:50:04.627456 36987 IPCTensor.h:369] NewIPCTensor: cached_sampler_r7_8 [1000000]0x1000253d6000 7.629 MB
W20240129 17:50:04.627485 36987 IPCTensor.h:369] NewIPCTensor: cached_sampler_r7_9 [1000000]0x100025b79000 7.629 MB
W20240129 17:50:04.627512 36987 IPCTensor.h:369] NewIPCTensor: step_r7 [10]0x10002631c000 80 B 
W20240129 17:50:04.627534 36987 IPCTensor.h:369] NewIPCTensor: circle_buffer_end_r7 [1]0x10002631e000 8 B 
W20240129 17:50:04.627557 36987 IPCTensor.h:369] NewIPCTensor: circle_buffer_end_cppseen_r7 [1]0x100026320000 8 B 
W20240129 17:50:05.433758 36987 IPCTensor.h:369] NewIPCTensor: full_emb [86054151, 400]0x100026322000 128.2 GB
W20240129 17:50:05.433913 36987 IPCTensor.h:369] NewIPCTensor: full_emb_SparseRowWiseAdaGrad_sum [86054151]0x102034f5a000 328.3 MB
Convert a graph into a bidirected graph: 54.507 seconds, peak memory: 265.173 GB
Construct multi-constraint weights: 0.001 seconds, peak memory: 265.173 GB
Metis partitioning: 466.086 seconds, peak memory: 277.073 GB
Split the graph: 96.966 seconds
Construct subgraphs: 16.955 seconds
MertisPartition: part 0 has 18863774 N 55186826 E
MertisPartition: part 1 has 13493829 N 51786811 E
MertisPartition: part 2 has 12506959 N 45797296 E
MertisPartition: part 3 has 12605014 N 52067933 E
MertisPartition: part 4 has 14435508 N 39101576 E
MertisPartition: part 5 has 13252778 N 37365728 E
MertisPartition: part 6 has 14444909 N 60122064 E
MertisPartition: part 7 has 14493336 N 37760331 E
Rank0: cached key size 537838
Rank1: cached key size 537838
Rank2: cached key size 537838
Rank3: cached key size 537838
Rank4: cached key size 537838
Rank5: cached key size 537838
Rank6: cached key size 537838
Rank7: cached key size 537838
Before renumbering graph:  {'_ID': tensor([       0,        1,        2,  ..., 39512110,  9797409, 32293938]), 'inner_node': tensor([1, 1, 1,  ..., 0, 0, 0], dtype=torch.int32), 'part_id': tensor([0, 0, 0,  ..., 6, 6, 6])}
After renumbering graph:  {'_ID': tensor([ 4302718,  4302747,    88398,  ..., 68325470, 54419876,  4938992]), 'inner_node': tensor([1, 1, 1,  ..., 0, 0, 0], dtype=torch.int32), 'part_id': tensor([0, 0, 0,  ..., 6, 6, 6])}
part_g: DGLGraph(num_nodes=18863774, num_edges=55186826,
         ndata_schemes={'_ID': Scheme(shape=(), dtype=torch.int64)}
         edata_schemes={'tid': Scheme(shape=(), dtype=torch.int64)})
part_g: DGLGraph(num_nodes=18863774, num_edges=55186826,
         ndata_schemes={'_ID': Scheme(shape=(), dtype=torch.int64)}
         edata_schemes={'tid': Scheme(shape=(), dtype=torch.int64)})
Total initialize time 2346.765 seconds
[Rank1] pid = 38185
[Rank2] pid = 38280
[Rank3] pid = 38347
[Rank4] pid = 38414
[Rank5] pid = 38483
[Rank6] pid = 38550
INFO [36987 distributed_c10d.py:442] Added key: store_based_barrier_key:1 to store for rank: 0
INFO [38185 distributed_c10d.py:442] Added key: store_based_barrier_key:1 to store for rank: 1
INFO [38347 distributed_c10d.py:442] Added key: store_based_barrier_key:1 to store for rank: 3
INFO [38280 distributed_c10d.py:442] Added key: store_based_barrier_key:1 to store for rank: 2
INFO [38414 distributed_c10d.py:442] Added key: store_based_barrier_key:1 to store for rank: 4
INFO [38483 distributed_c10d.py:442] Added key: store_based_barrier_key:1 to store for rank: 5
INFO [38617 distributed_c10d.py:442] Added key: store_based_barrier_key:1 to store for rank: 7
INFO [38550 distributed_c10d.py:442] Added key: store_based_barrier_key:1 to store for rank: 6
INFO [38414 distributed_c10d.py:476] Rank 4: Completed store-based barrier for key:store_based_barrier_key:1 with 8 nodes.
INFO [38483 distributed_c10d.py:476] Rank 5: Completed store-based barrier for key:store_based_barrier_key:1 with 8 nodes.
INFO [38550 distributed_c10d.py:476] Rank 6: Completed store-based barrier for key:store_based_barrier_key:1 with 8 nodes.
INFO [38617 distributed_c10d.py:476] Rank 7: Completed store-based barrier for key:store_based_barrier_key:1 with 8 nodes.
INFO [38347 distributed_c10d.py:476] Rank 3: Completed store-based barrier for key:store_based_barrier_key:1 with 8 nodes.
INFO [38280 distributed_c10d.py:476] Rank 2: Completed store-based barrier for key:store_based_barrier_key:1 with 8 nodes.
W20240129 17:58:46.391832 38415 IPCTensor.h:409] NewIPCGPUTensor: embedding_cache_4 [4302707, 400]; dev=4; size=6.412 GB
W20240129 17:58:46.391891 38484 IPCTensor.h:409] NewIPCGPUTensor: embedding_cache_5 [4302707, 400]; dev=5; size=6.412 GB
W20240129 17:58:46.391896 38551 IPCTensor.h:409] NewIPCGPUTensor: embedding_cache_6 [4302707, 400]; dev=6; size=6.412 GB
W20240129 17:58:46.391899 38618 IPCTensor.h:409] NewIPCGPUTensor: embedding_cache_7 [4302707, 400]; dev=7; size=6.412 GB
W20240129 17:58:46.392587 38348 IPCTensor.h:409] NewIPCGPUTensor: embedding_cache_3 [4302707, 400]; dev=3; size=6.412 GB
INFO [38185 distributed_c10d.py:476] Rank 1: Completed store-based barrier for key:store_based_barrier_key:1 with 8 nodes.
INFO [36987 distributed_c10d.py:476] Rank 0: Completed store-based barrier for key:store_based_barrier_key:1 with 8 nodes.
W20240129 17:58:46.396322 38683 IPCTensor.h:409] NewIPCGPUTensor: embedding_cache_0 [4302707, 400]; dev=0; size=6.412 GB
W20240129 17:58:46.397320 38281 IPCTensor.h:409] NewIPCGPUTensor: embedding_cache_2 [4302707, 400]; dev=2; size=6.412 GB
W20240129 17:58:46.397701 38186 IPCTensor.h:409] NewIPCGPUTensor: embedding_cache_1 [4302707, 400]; dev=1; size=6.412 GB
W20240129 17:58:46.442035 38348 IPCTensor.h:369] NewIPCTensor: input_keys_3 [1000000]0x1020497a5000 7.629 MB
W20240129 17:58:46.442203 38618 IPCTensor.h:369] NewIPCTensor: input_keys_7 [1000000]0x102049f48000 7.629 MB
W20240129 17:58:46.442270 38348 IPCTensor.h:369] NewIPCTensor: input_keys_neg_3 [1000000]0x10204a6eb000 7.629 MB
W20240129 17:58:46.442346 38348 IPCTensor.h:369] NewIPCTensor: backward_grads_3 [1000000, 400]0x10204ae8e000 1.49 GB
W20240129 17:58:46.442400 38348 IPCTensor.h:369] NewIPCTensor: backward_grads_neg_3 [1000000, 400]0x1020aa471000 1.49 GB
W20240129 17:58:46.442466 38618 IPCTensor.h:369] NewIPCTensor: input_keys_neg_7 [1000000]0x102109a54000 7.629 MB
W20240129 17:58:46.442488 38348 IPCTensor.h:409] NewIPCGPUTensor: backward_grads_3_gpu [1000000, 400]; dev=3; size=1.49 GB
W20240129 17:58:46.442575 38618 IPCTensor.h:369] NewIPCTensor: backward_grads_7 [1000000, 400]0x10210a1f7000 1.49 GB
W20240129 17:58:46.442624 38618 IPCTensor.h:369] NewIPCTensor: backward_grads_neg_7 [1000000, 400]0x1021697da000 1.49 GB
W20240129 17:58:46.442670 38618 IPCTensor.h:409] NewIPCGPUTensor: backward_grads_7_gpu [1000000, 400]; dev=7; size=1.49 GB
W20240129 17:58:46.445878 38348 IPCTensor.h:409] NewIPCGPUTensor: backward_grads_neg_3_gpu [1000000, 400]; dev=3; size=1.49 GB
W20240129 17:58:46.445937 38618 IPCTensor.h:409] NewIPCGPUTensor: backward_grads_neg_7_gpu [1000000, 400]; dev=7; size=1.49 GB
W20240129 17:58:46.496130 38683 IPCTensor.h:369] NewIPCTensor: input_keys_0 [1000000]0x1021c8dd1000 7.629 MB
W20240129 17:58:46.496162 38415 IPCTensor.h:369] NewIPCTensor: input_keys_4 [1000000]0x1021c9574000 7.629 MB
W20240129 17:58:46.496167 38551 IPCTensor.h:369] NewIPCTensor: input_keys_6 [1000000]0x1021c9d17000 7.629 MB
W20240129 17:58:46.496172 38484 IPCTensor.h:369] NewIPCTensor: input_keys_5 [1000000]0x1021ca4ba000 7.629 MB
W20240129 17:58:46.496322 38683 IPCTensor.h:369] NewIPCTensor: input_keys_neg_0 [1000000]0x1021cac5d000 7.629 MB
W20240129 17:58:46.496359 38484 IPCTensor.h:369] NewIPCTensor: input_keys_neg_5 [1000000]0x1021cb400000 7.629 MB
W20240129 17:58:46.496450 38683 IPCTensor.h:369] NewIPCTensor: backward_grads_0 [1000000, 400]0x1021cbba3000 1.49 GB
W20240129 17:58:46.496492 38415 IPCTensor.h:369] NewIPCTensor: input_keys_neg_4 [1000000]0x10222b929000 7.629 MB
W20240129 17:58:46.496490 38186 IPCTensor.h:369] NewIPCTensor: input_keys_1 [1000000]0x10222b186000 7.629 MB
W20240129 17:58:46.496527 38683 IPCTensor.h:369] NewIPCTensor: backward_grads_neg_0 [1000000, 400]0x10222c0cc000 1.49 GB
W20240129 17:58:46.496559 38484 IPCTensor.h:369] NewIPCTensor: backward_grads_5 [1000000, 400]0x10228b6af000 1.49 GB
W20240129 17:58:46.496577 38551 IPCTensor.h:369] NewIPCTensor: input_keys_neg_6 [1000000]0x1022eac92000 7.629 MB
W20240129 17:58:46.496583 38415 IPCTensor.h:369] NewIPCTensor: backward_grads_4 [1000000, 400]0x1022eb435000 1.49 GB
W20240129 17:58:46.496584 38683 IPCTensor.h:409] NewIPCGPUTensor: backward_grads_0_gpu [1000000, 400]; dev=0; size=1.49 GB
W20240129 17:58:46.496627 38484 IPCTensor.h:369] NewIPCTensor: backward_grads_neg_5 [1000000, 400]0x10234aa18000 1.49 GB
W20240129 17:58:46.496644 38415 IPCTensor.h:369] NewIPCTensor: backward_grads_neg_4 [1000000, 400]0x1023a9ffb000 1.49 GB
W20240129 17:58:46.496666 38551 IPCTensor.h:369] NewIPCTensor: backward_grads_6 [1000000, 400]0x1024095de000 1.49 GB
W20240129 17:58:46.496682 38484 IPCTensor.h:409] NewIPCGPUTensor: backward_grads_5_gpu [1000000, 400]; dev=5; size=1.49 GB
W20240129 17:58:46.496688 38415 IPCTensor.h:409] NewIPCGPUTensor: backward_grads_4_gpu [1000000, 400]; dev=4; size=1.49 GB
W20240129 17:58:46.496702 38281 IPCTensor.h:369] NewIPCTensor: input_keys_2 [1000000]0x102468bc1000 7.629 MB
W20240129 17:58:46.496716 38551 IPCTensor.h:369] NewIPCTensor: backward_grads_neg_6 [1000000, 400]0x102469364000 1.49 GB
W20240129 17:58:46.496722 38186 IPCTensor.h:369] NewIPCTensor: input_keys_neg_1 [1000000]0x1024c8947000 7.629 MB
W20240129 17:58:46.496767 38551 IPCTensor.h:409] NewIPCGPUTensor: backward_grads_6_gpu [1000000, 400]; dev=6; size=1.49 GB
W20240129 17:58:46.496807 38186 IPCTensor.h:369] NewIPCTensor: backward_grads_1 [1000000, 400]0x1024c90ea000 1.49 GB
W20240129 17:58:46.496860 38281 IPCTensor.h:369] NewIPCTensor: input_keys_neg_2 [1000000]0x1025286cd000 7.629 MB
W20240129 17:58:46.496877 38186 IPCTensor.h:369] NewIPCTensor: backward_grads_neg_1 [1000000, 400]0x102528e70000 1.49 GB
W20240129 17:58:46.496925 38281 IPCTensor.h:369] NewIPCTensor: backward_grads_2 [1000000, 400]0x102588453000 1.49 GB
W20240129 17:58:46.496951 38186 IPCTensor.h:409] NewIPCGPUTensor: backward_grads_1_gpu [1000000, 400]; dev=1; size=1.49 GB
W20240129 17:58:46.496971 38281 IPCTensor.h:369] NewIPCTensor: backward_grads_neg_2 [1000000, 400]0x1025e7a36000 1.49 GB
W20240129 17:58:46.497010 38281 IPCTensor.h:409] NewIPCGPUTensor: backward_grads_2_gpu [1000000, 400]; dev=2; size=1.49 GB
W20240129 17:58:46.506922 38683 IPCTensor.h:409] NewIPCGPUTensor: backward_grads_neg_0_gpu [1000000, 400]; dev=0; size=1.49 GB
W20240129 17:58:46.506999 38484 IPCTensor.h:409] NewIPCGPUTensor: backward_grads_neg_5_gpu [1000000, 400]; dev=5; size=1.49 GB
W20240129 17:58:46.507004 38281 IPCTensor.h:409] NewIPCGPUTensor: backward_grads_neg_2_gpu [1000000, 400]; dev=2; size=1.49 GB
W20240129 17:58:46.507005 38415 IPCTensor.h:409] NewIPCGPUTensor: backward_grads_neg_4_gpu [1000000, 400]; dev=4; size=1.49 GB
W20240129 17:58:46.507005 38551 IPCTensor.h:409] NewIPCGPUTensor: backward_grads_neg_6_gpu [1000000, 400]; dev=6; size=1.49 GB
W20240129 17:58:46.507069 38186 IPCTensor.h:409] NewIPCGPUTensor: backward_grads_neg_1_gpu [1000000, 400]; dev=1; size=1.49 GB
cudaHostRegister 0x100026322000
3: KnownLocalCachedEmbedding init done
WARNING [38347 DistTensor.py:56] The tensor name already exists in the kvstore
cudaHostRegister 0x100026322000
1: KnownLocalCachedEmbedding init done
WARNING [38185 DistTensor.py:56] The tensor name already exists in the kvstore
cudaHostRegister 0x100026322000
7: KnownLocalCachedEmbedding init done
WARNING [38617 DistTensor.py:56] The tensor name already exists in the kvstore
[Rank7] pid = 38617
New CachedEmbedding, name=full_emb, shape=(86054151, 400), cache_type=KnownLocalCachedEmbedding
fixed cache_range is [(0, 4302707), (4302707, 8605414), (8605414, 12908121), (12908121, 17210828), (17210828, 21513535), (21513535, 25816242), (25816242, 30118949), (30118949, 34421656)]
cudaHostRegister 0x100026322000
0: KnownLocalCachedEmbedding init done
WARNING [36987 DistTensor.py:56] The tensor name already exists in the kvstore
cudaHostRegister 0x100026322000
4: KnownLocalCachedEmbedding init done
WARNING [38414 DistTensor.py:56] The tensor name already exists in the kvstore
cudaHostRegister 0x100026322000
5: KnownLocalCachedEmbedding init done
WARNING [38483 DistTensor.py:56] The tensor name already exists in the kvstore
cudaHostRegister 0x100026322000
6: KnownLocalCachedEmbedding init done
WARNING [38550 DistTensor.py:56] The tensor name already exists in the kvstore
cudaHostRegister 0x100026322000
2: KnownLocalCachedEmbedding init done
WARNING [38280 DistTensor.py:56] The tensor name already exists in the kvstore
I20240129 17:59:35.708839 38281 IPC_barrier.h:118] CreateBarrier: new barrier, name: kgcachecontroller, count: 8
I20240129 17:59:35.709064 38348 IPC_barrier.h:112] CreateBarrier: find existing barrier, name: kgcachecontroller, count: 8
I20240129 17:59:35.709137 38618 IPC_barrier.h:112] CreateBarrier: find existing barrier, name: kgcachecontroller, count: 8
I20240129 17:59:35.709246 38683 IPC_barrier.h:112] CreateBarrier: find existing barrier, name: kgcachecontroller, count: 8
I20240129 17:59:35.709350 38186 IPC_barrier.h:112] CreateBarrier: find existing barrier, name: kgcachecontroller, count: 8
I20240129 17:59:35.709419 38484 IPC_barrier.h:112] CreateBarrier: find existing barrier, name: kgcachecontroller, count: 8
I20240129 17:59:35.709854 38415 IPC_barrier.h:112] CreateBarrier: find existing barrier, name: kgcachecontroller, count: 8
I20240129 17:59:35.709921 38551 IPC_barrier.h:112] CreateBarrier: find existing barrier, name: kgcachecontroller, count: 8
W20240129 17:59:35.712004 38683 grad_base.h:55] KGCacheController, config={
        "num_gpus": 8,
        "L": 10,
        "backgrad_init": "both", 
        "kForwardItersPerStep": 2,
        "clr": 1,
        "nr_background_threads": 32,
        "backwardMode": "CppAsyncV2",
        "cache_ratio": 0.05,
        "update_cache_use_omp":  0,
        "update_pq_use_omp":  0
        }
W20240129 17:59:35.712380 38683 grad_base.h:184] Init GradProcessingBase done
I20240129 17:59:47.960036 38683 grad_async_v2.h:32] Use background thread to update emb. nr_background_threads=32
W20240129 17:59:47.960323 38683 kg_controller.h:78] after init GradAsyncProcessingV2
I20240129 17:59:47.960335 38683 kg_controller.h:84] Construct KGCacheController done
E20240129 17:59:49.750057 38551 recstore.cc:66] init folly done
E20240129 17:59:49.750635 38415 recstore.cc:66] init folly done
E20240129 17:59:49.750952 38348 recstore.cc:66] init folly done
E20240129 17:59:49.750954 38618 recstore.cc:66] init folly done
E20240129 17:59:49.750994 38281 recstore.cc:66] init folly done
E20240129 17:59:49.751008 38484 recstore.cc:66] init folly done
E20240129 17:59:49.751003 38683 recstore.cc:66] init folly done
E20240129 17:59:49.751008 38186 recstore.cc:66] init folly done
I20240129 17:59:49.752102 38683 grad_base.h:60] GraphEnv RegTensorsPerProcess
W20240129 18:00:09.159864 39233 grad_async_v2.h:121] Detect new sample comes, old_end0, new_end1
E20240129 18:00:09.160208 39233 parallel_pq_v2.h:76] insert failed, size(hashtable)=1
W20240129 18:00:10.986022 39233 grad_async_v2.h:121] Detect new sample comes, old_end0, new_end1
E20240129 18:00:10.986152 39233 parallel_pq_v2.h:76] insert failed, size(hashtable)=1
W20240129 18:00:12.041746 39233 grad_async_v2.h:121] Detect new sample comes, old_end0, new_end1
E20240129 18:00:12.041831 39233 parallel_pq_v2.h:76] insert failed, size(hashtable)=1
W20240129 18:00:13.049362 39233 grad_async_v2.h:121] Detect new sample comes, old_end1, new_end2
E20240129 18:00:13.062589 39233 parallel_pq_v2.h:76] insert failed, size(hashtable)=0
I20240129 18:00:13.177122 38415 IPC_barrier.h:118] CreateBarrier: new barrier, name: start_barrier, count: 8
W20240129 18:00:15.636039 39233 grad_async_v2.h:121] Detect new sample comes, old_end0, new_end1
E20240129 18:00:15.636161 39233 parallel_pq_v2.h:76] insert failed, size(hashtable)=1
W20240129 18:00:16.656378 39233 grad_async_v2.h:121] Detect new sample comes, old_end1, new_end2
E20240129 18:00:16.687407 39233 parallel_pq_v2.h:76] insert failed, size(hashtable)=1
I20240129 18:00:16.704396 38618 IPC_barrier.h:112] CreateBarrier: find existing barrier, name: start_barrier, count: 8
I20240129 18:00:16.809834 38683 IPC_barrier.h:112] CreateBarrier: find existing barrier, name: start_barrier, count: 8
I20240129 18:00:16.944381 38281 IPC_barrier.h:112] CreateBarrier: find existing barrier, name: start_barrier, count: 8
W20240129 18:00:17.664294 39233 grad_async_v2.h:121] Detect new sample comes, old_end1, new_end0
E20240129 18:00:17.687666 39233 parallel_pq_v2.h:76] insert failed, size(hashtable)=0
I20240129 18:00:18.176159 38186 IPC_barrier.h:112] CreateBarrier: find existing barrier, name: start_barrier, count: 8
W20240129 18:00:18.803515 39233 grad_async_v2.h:121] Detect new sample comes, old_end1, new_end2
E20240129 18:00:18.826757 39233 parallel_pq_v2.h:76] insert failed, size(hashtable)=0
I20240129 18:00:18.852452 38484 IPC_barrier.h:112] CreateBarrier: find existing barrier, name: start_barrier, count: 8
W20240129 18:00:24.274113 39233 grad_async_v2.h:121] Detect new sample comes, old_end1, new_end2
E20240129 18:00:24.286844 39233 parallel_pq_v2.h:76] insert failed, size(hashtable)=0
I20240129 18:00:24.327526 38551 IPC_barrier.h:112] CreateBarrier: find existing barrier, name: start_barrier, count: 8
W20240129 18:00:25.452338 39233 grad_async_v2.h:121] Detect new sample comes, old_end1, new_end2
E20240129 18:00:25.472510 39233 parallel_pq_v2.h:76] insert failed, size(hashtable)=0
I20240129 18:00:25.702351 38348 IPC_barrier.h:112] CreateBarrier: find existing barrier, name: start_barrier, count: 8
E20240129 18:00:28.949086 38683 parallel_pq_v2.h:76] insert failed, size(hashtable)=0
W20240129 18:00:29.029857 38683 grad_async_v2.h:250] Sleep in <BlockToStepN>, step_no=1, pq.top=1
W20240129 18:00:29.222594 39233 grad_async_v2.h:121] Detect new sample comes, old_end1, new_end2
+---------------------------+---------------------------+---------------------------+
| Name                      | P50                       | P99                       |
+---------------------------+---------------------------+---------------------------+
| ProcessBack:Shuffle       | 8.882 ms                  | 449.777 ms                |
| ProcessBack:UpdateCache   | 12.540 ms                 | 939.981 ms                |
| ProcessBack:UpsertPq      | 33.099 ms                 | 83.126 ms                 |
| ProcessOneStep            | 58.180 ms                 | 1.762 s                   |
| BlockToStepN              | 262.753 us                | 186.409 ms                |
+---------------------------+---------------------------+---------------------------+
E20240129 18:00:29.949043 39232 parallel_pq_v2.h:76] insert failed, size(hashtable)=43463
W20240129 18:00:30.057484 38683 grad_async_v2.h:250] Sleep in <BlockToStepN>, step_no=6, pq.top=6
W20240129 18:00:30.317351 39233 grad_async_v2.h:121] Detect new sample comes, old_end3, new_end7
+---------------------------+---------------------------+---------------------------+
| Name                      | P50                       | P99                       |
+---------------------------+---------------------------+---------------------------+
| GenInput                  | 12.987 ms                 | 128.388 ms                |
| Forward                   | 5.491 ms                  | 998.806 ms                |
| Backward                  | 8.389 ms                  | 264.875 ms                |
| Optimize                  | 2.243 ms                  | 4.787 ms                  |
| BarrierTimeBeforeRank0    | 23.508 ms                 | 273.782 ms                |
| AfterBackward             | 98.418 ms                 | 1.763 s                   |
| BlockToStepN              | 91.798 ms                 | 188.698 ms                |
| OneStep                   | 275.157 ms                | 3.516 s                   |
+---------------------------+---------------------------+---------------------------+
E20240129 18:00:30.949014 39232 parallel_pq_v2.h:76] insert failed, size(hashtable)=20747
W20240129 18:00:31.138681 38683 grad_async_v2.h:250] Sleep in <BlockToStepN>, step_no=10, pq.top=10
W20240129 18:00:31.488121 39233 grad_async_v2.h:121] Detect new sample comes, old_end6, new_end2
E20240129 18:00:31.949012 39233 parallel_pq_v2.h:76] insert failed, size(hashtable)=5665
W20240129 18:00:32.295981 38683 grad_async_v2.h:250] Sleep in <BlockToStepN>, step_no=15, pq.top=15
W20240129 18:00:32.903882 39233 grad_async_v2.h:121] Detect new sample comes, old_end9, new_end8
E20240129 18:00:32.949007 39233 parallel_pq_v2.h:76] insert failed, size(hashtable)=41
W20240129 18:00:33.915114 39233 grad_async_v2.h:121] Detect new sample comes, old_end3, new_end8
E20240129 18:00:33.949005 39233 parallel_pq_v2.h:76] insert failed, size(hashtable)=97
W20240129 18:00:34.366823 38683 grad_async_v2.h:250] Sleep in <BlockToStepN>, step_no=19, pq.top=19
+---------------------------+---------------------------+---------------------------+
| Name                      | P50                       | P99                       |
+---------------------------+---------------------------+---------------------------+
| ProcessBack:Shuffle       | 8.780 ms                  | 449.777 ms                |
| ProcessBack:UpdateCache   | 9.669 ms                  | 939.981 ms                |
| ProcessBack:UpsertPq      | 43.667 ms                 | 196.581 ms                |
| ProcessOneStep            | 98.364 ms                 | 1.762 s                   |
| BlockToStepN              | 19.731 ms                 | 186.409 ms                |
+---------------------------+---------------------------+---------------------------+
E20240129 18:00:34.949023 39233 parallel_pq_v2.h:76] insert failed, size(hashtable)=19
W20240129 18:00:34.952131 39233 grad_async_v2.h:121] Detect new sample comes, old_end9, new_end3
W20240129 18:00:35.388777 38683 grad_async_v2.h:250] Sleep in <BlockToStepN>, step_no=24, pq.top=24
+---------------------------+---------------------------+---------------------------+
| Name                      | P50                       | P99                       |
+---------------------------+---------------------------+---------------------------+
| GenInput                  | 11.966 ms                 | 217.629 ms                |
| Forward                   | 6.145 ms                  | 998.806 ms                |
| Backward                  | 7.972 ms                  | 264.875 ms                |
| Optimize                  | 2.745 ms                  | 5.215 ms                  |
| BarrierTimeBeforeRank0    | 3.470 ms                  | 273.782 ms                |
| AfterBackward             | 84.040 ms                 | 1.763 s                   |
| BlockToStepN              | 16.531 ms                 | 188.698 ms                |
| OneStep                   | 186.209 ms                | 3.516 s                   |
+---------------------------+---------------------------+---------------------------+
E20240129 18:00:35.952163 39233 parallel_pq_v2.h:76] insert failed, size(hashtable)=1
W20240129 18:00:36.031245 39233 grad_async_v2.h:121] Detect new sample comes, old_end3, new_end9
W20240129 18:00:36.446507 38683 grad_async_v2.h:250] Sleep in <BlockToStepN>, step_no=32, pq.top=32
E20240129 18:00:36.952009 39232 parallel_pq_v2.h:76] insert failed, size(hashtable)=39097
W20240129 18:00:37.204423 39233 grad_async_v2.h:121] Detect new sample comes, old_end7, new_end6
E20240129 18:00:37.952011 39233 parallel_pq_v2.h:76] insert failed, size(hashtable)=1190
W20240129 18:00:38.145462 38683 grad_async_v2.h:250] Sleep in <BlockToStepN>, step_no=36, pq.top=36
W20240129 18:00:38.214439 39233 grad_async_v2.h:121] Detect new sample comes, old_end6, new_end7
E20240129 18:00:38.952414 38818 parallel_pq_v2.h:76] insert failed, size(hashtable)=36
W20240129 18:00:39.145033 38683 grad_async_v2.h:250] Sleep in <BlockToStepN>, step_no=41, pq.top=41
W20240129 18:00:39.224627 39233 grad_async_v2.h:121] Detect new sample comes, old_end0, new_end2
+---------------------------+---------------------------+---------------------------+
| Name                      | P50                       | P99                       |
+---------------------------+---------------------------+---------------------------+
| ProcessBack:Shuffle       | 8.800 ms                  | 394.281 ms                |
| ProcessBack:UpdateCache   | 10.028 ms                 | 939.957 ms                |
| ProcessBack:UpsertPq      | 32.080 ms                 | 150.044 ms                |
| ProcessOneStep            | 67.375 ms                 | 1.762 s                   |
| BlockToStepN              | 19.731 ms                 | 186.409 ms                |
+---------------------------+---------------------------+---------------------------+
E20240129 18:00:39.952008 39233 parallel_pq_v2.h:76] insert failed, size(hashtable)=2655
W20240129 18:00:40.145044 38683 grad_async_v2.h:250] Sleep in <BlockToStepN>, step_no=47, pq.top=47
W20240129 18:00:40.323480 39233 grad_async_v2.h:121] Detect new sample comes, old_end3, new_end8
+---------------------------+---------------------------+---------------------------+
| Name                      | P50                       | P99                       |
+---------------------------+---------------------------+---------------------------+
| GenInput                  | 9.992 ms                  | 153.219 ms                |
| Forward                   | 6.117 ms                  | 15.422 ms                 |
| Backward                  | 5.337 ms                  | 9.373 ms                  |
| Optimize                  | 2.632 ms                  | 5.365 ms                  |
| BarrierTimeBeforeRank0    | 2.149 ms                  | 273.782 ms                |
| AfterBackward             | 65.190 ms                 | 1.763 s                   |
| BlockToStepN              | 42.476 ms                 | 188.698 ms                |
| OneStep                   | 186.209 ms                | 3.516 s                   |
+---------------------------+---------------------------+---------------------------+
E20240129 18:00:40.952011 39233 parallel_pq_v2.h:76] insert failed, size(hashtable)=1551
W20240129 18:00:41.145031 38683 grad_async_v2.h:250] Sleep in <BlockToStepN>, step_no=53, pq.top=53
W20240129 18:00:41.569067 39233 grad_async_v2.h:121] Detect new sample comes, old_end7, new_end5
E20240129 18:00:41.952011 39232 parallel_pq_v2.h:76] insert failed, size(hashtable)=6814
W20240129 18:00:42.194972 38683 grad_async_v2.h:250] Sleep in <BlockToStepN>, step_no=58, pq.top=58
W20240129 18:00:42.747956 39233 grad_async_v2.h:121] Detect new sample comes, old_end1, new_end9
E20240129 18:00:42.952008 39233 parallel_pq_v2.h:76] insert failed, size(hashtable)=4023
W20240129 18:00:43.566823 38683 grad_async_v2.h:250] Sleep in <BlockToStepN>, step_no=59, pq.top=59
W20240129 18:00:43.766789 39233 grad_async_v2.h:121] Detect new sample comes, old_end9, new_end1
E20240129 18:00:43.952013 39233 parallel_pq_v2.h:76] insert failed, size(hashtable)=46514
W20240129 18:00:44.566118 38683 grad_async_v2.h:250] Sleep in <BlockToStepN>, step_no=65, pq.top=65
+---------------------------+---------------------------+---------------------------+
| Name                      | P50                       | P99                       |
+---------------------------+---------------------------+---------------------------+
| ProcessBack:Shuffle       | 8.879 ms                  | 394.281 ms                |
| ProcessBack:UpdateCache   | 10.124 ms                 | 939.957 ms                |
| ProcessBack:UpsertPq      | 29.658 ms                 | 150.044 ms                |
| ProcessOneStep            | 68.298 ms                 | 1.498 s                   |
| BlockToStepN              | 58.806 ms                 | 131.194 ms                |
+---------------------------+---------------------------+---------------------------+
W20240129 18:00:44.824266 39233 grad_async_v2.h:121] Detect new sample comes, old_end2, new_end7
E20240129 18:00:44.967607 39233 parallel_pq_v2.h:76] insert failed, size(hashtable)=39044
W20240129 18:00:45.566051 38683 grad_async_v2.h:250] Sleep in <BlockToStepN>, step_no=70, pq.top=70
+---------------------------+---------------------------+---------------------------+
| Name                      | P50                       | P99                       |
+---------------------------+---------------------------+---------------------------+
| GenInput                  | 9.366 ms                  | 156.552 ms                |
| Forward                   | 6.117 ms                  | 15.422 ms                 |
| Backward                  | 5.324 ms                  | 9.373 ms                  |
| Optimize                  | 2.703 ms                  | 12.702 ms                 |
| BarrierTimeBeforeRank0    | 3.470 ms                  | 133.372 ms                |
| AfterBackward             | 72.200 ms                 | 1.498 s                   |
| BlockToStepN              | 58.919 ms                 | 186.426 ms                |
| OneStep                   | 194.441 ms                | 1.522 s                   |
+---------------------------+---------------------------+---------------------------+
E20240129 18:00:45.967010 39232 parallel_pq_v2.h:76] insert failed, size(hashtable)=16934
W20240129 18:00:46.017058 39233 grad_async_v2.h:121] Detect new sample comes, old_end5, new_end1
W20240129 18:00:46.648574 38683 grad_async_v2.h:250] Sleep in <BlockToStepN>, step_no=74, pq.top=74
E20240129 18:00:46.967008 39233 parallel_pq_v2.h:76] insert failed, size(hashtable)=7121
W20240129 18:00:47.320936 39233 grad_async_v2.h:121] Detect new sample comes, old_end9, new_end8
E20240129 18:00:47.967013 39233 parallel_pq_v2.h:76] insert failed, size(hashtable)=253
W20240129 18:00:48.358057 39233 grad_async_v2.h:121] Detect new sample comes, old_end2, new_end9
E20240129 18:00:48.967011 39232 parallel_pq_v2.h:76] insert failed, size(hashtable)=3906
W20240129 18:00:49.230738 38683 grad_async_v2.h:250] Sleep in <BlockToStepN>, step_no=79, pq.top=79
W20240129 18:00:49.387097 39233 grad_async_v2.h:121] Detect new sample comes, old_end9, new_end1
+---------------------------+---------------------------+---------------------------+
| Name                      | P50                       | P99                       |
+---------------------------+---------------------------+---------------------------+
| ProcessBack:Shuffle       | 8.879 ms                  | 46.520 ms                 |
| ProcessBack:UpdateCache   | 10.182 ms                 | 15.312 ms                 |
| ProcessBack:UpsertPq      | 29.658 ms                 | 196.581 ms                |
| ProcessOneStep            | 73.014 ms                 | 1.762 s                   |
| BlockToStepN              | 42.396 ms                 | 186.409 ms                |
+---------------------------+---------------------------+---------------------------+
E20240129 18:00:49.967010 39232 parallel_pq_v2.h:76] insert failed, size(hashtable)=30367
W20240129 18:00:50.324680 38683 grad_async_v2.h:250] Sleep in <BlockToStepN>, step_no=85, pq.top=85
W20240129 18:00:50.391505 39233 grad_async_v2.h:121] Detect new sample comes, old_end1, new_end5
+---------------------------+---------------------------+---------------------------+
| Name                      | P50                       | P99                       |
+---------------------------+---------------------------+---------------------------+
| GenInput                  | 9.366 ms                  | 217.629 ms                |
| Forward                   | 6.092 ms                  | 15.422 ms                 |
| Backward                  | 5.353 ms                  | 14.316 ms                 |
| Optimize                  | 2.652 ms                  | 12.702 ms                 |
| BarrierTimeBeforeRank0    | 3.583 ms                  | 133.372 ms                |
| AfterBackward             | 73.062 ms                 | 1.763 s                   |
| BlockToStepN              | 42.417 ms                 | 188.327 ms                |
| OneStep                   | 195.901 ms                | 1.850 s                   |
+---------------------------+---------------------------+---------------------------+
E20240129 18:00:50.967006 39232 parallel_pq_v2.h:76] insert failed, size(hashtable)=5642
W20240129 18:00:51.423808 38683 grad_async_v2.h:250] Sleep in <BlockToStepN>, step_no=89, pq.top=89
W20240129 18:00:51.470925 39233 grad_async_v2.h:121] Detect new sample comes, old_end5, new_end9
E20240129 18:00:51.967011 39233 parallel_pq_v2.h:76] insert failed, size(hashtable)=14351
W20240129 18:00:52.423251 38683 grad_async_v2.h:250] Sleep in <BlockToStepN>, step_no=95, pq.top=95
W20240129 18:00:52.621600 39233 grad_async_v2.h:121] Detect new sample comes, old_end9, new_end7
E20240129 18:00:52.967008 39233 parallel_pq_v2.h:76] insert failed, size(hashtable)=15181
train_sampler.Prefill()
before start barrier
start train
[proc 6] 100 steps, total: 28.921, sample: 1.447, forward: 1.500, backward: 1.155, update: 0.223
train_sampler.Prefill()
before start barrier
start train
[proc 5] 100 steps, total: 34.396, sample: 1.592, forward: 1.463, backward: 1.044, update: 0.229
train_sampler.Prefill()
before start barrier
start train
[proc 4] 100 steps, total: 40.072, sample: 1.750, forward: 1.487, backward: 0.863, update: 0.263
train_sampler.Prefill()
before start barrier
start train
[proc 3] 100 steps, total: 27.547, sample: 1.530, forward: 1.771, backward: 0.896, update: 0.226
train_sampler.Prefill()
before start barrier
start train
[proc 1] 100 steps, total: 35.072, sample: 1.906, forward: 1.480, backward: 0.796, update: 0.249
train_sampler.Prefill()
before start barrier
start train
[proc 2] 100 steps, total: 36.304, sample: 1.765, forward: 1.376, backward: 0.960, update: 0.256
train_sampler.Prefill()
before start barrier
start train
[proc 7] 100 steps, total: 36.544, sample: 1.800, forward: 2.007, backward: 0.803, update: 0.322
train_sampler.Prefill()
-------Step 0-------
tensor([   45221,    45250,    45277,    45304,  5833371,    96508, 59233675,
        16332476, 19298981,    45326]) tensor([ 5167116, 14102264, 68106558, 80983831, 22054905, 34191547, 32946504,
        70573812, 63956564, 30523245])
-------Step 1-------
tensor([   45221,    45250,    45277,    45304,  5833371,    96508, 59233675,
        16332476, 19298981,    45326]) tensor([62325884, 29828396, 11683061, 73994262, 83209645, 46399056, 65841752,
        43856522, 41193054, 12147977])
-------Step 2-------
tensor([  112805,   112831,   112858,    28739,   112889,   112909,   112934,
        23118971,   112959,   112986]) tensor([71686431, 26302119, 80451621, 55430868, 45330058, 25621954, 62653002,
        43475205, 13090006, 45501911])
-------Step 3-------
tensor([  112805,   112831,   112858,    28739,   112889,   112909,   112934,
        23118971,   112959,   112986]) tensor([54356529, 80481837, 38955142, 41348498, 66849048, 57939991, 33654460,
        15083461, 27564853,   701529])
-------Step 4-------
tensor([  180213, 49458747,   180240,   121161,   180266,   121186,   180299,
        43245842,   180326,   180353]) tensor([78475368,  9255834, 76541474, 19718490, 78732745, 38587108, 70333861,
        40544478, 84040289, 46617318])
-------Step 5-------
tensor([  180213, 49458747,   180240,   121161,   180266,   121186,   180299,
        43245842,   180326,   180353]) tensor([39319821, 81325259,   315790, 84570130, 51468352, 49010633, 13669157,
         8998169, 79943584, 36402349])
-------Step 6-------
tensor([  248390,    60582,   248416,   248455,    60626, 79031494,   248490,
          248515,   133410, 39289825]) tensor([14416185, 42744284, 32993916, 73650523, 37313086, 32987295, 22397027,
         6494711, 67701823, 83174515])
-------Step 7-------
tensor([  248390,    60582,   248416,   248455,    60626, 79031494,   248490,
