WARNING: Logging before InitGoogleLogging() is written to STDERR
I20240212 20:08:01.996965 52933 IPC_barrier.h:128] MultiProcessBarrierFactory->ClearIPCMemory()
/data/home/xieminhui/RecStore/src/framework_adapters/torch/kg/dgl-0.9.1/python/dgl/_deprecate/graph.py:1023: DGLWarning: multigraph will be deprecated.DGL will treat all graphs as multigraph in the future.
  dgl_warning("multigraph will be deprecated." \
/data/home/xieminhui/RecStore/src/framework_adapters/torch/kg/dgl-0.9.1/python/dgl/heterograph.py:72: DGLWarning: Recommend creating graphs by `dgl.graph(data)` instead of `dgl.DGLGraph(data)`.
  dgl_warning('Recommend creating graphs by `dgl.graph(data)`'
Reading train triples....
Finished. Read 483142 train triples.
Reading valid triples....
Finished. Read 50000 valid triples.
Reading test triples....
Finished. Read 59071 test triples.
ARGS:  Namespace(model_name='SimplE', data_path='/home/xieminhui/dgl-data', dataset='FB15k', format='built_in', data_files=None, delimiter='\t', save_path='/tmp/ckpts/SimplE_FB15k_117', no_save_emb=True, max_step=500, batch_size=1200, batch_size_eval=16, neg_sample_size=200, neg_deg_sample=False, neg_deg_sample_eval=False, neg_sample_size_eval=14951, eval_percent=1, no_eval_filter=False, log_interval=100, eval_interval=10000, test=False, num_proc=8, num_thread=1, force_sync_interval=1, hidden_dim=400, lr=0.01, gamma=16.0, double_ent=False, double_rel=False, neg_adversarial_sampling=False, adversarial_temperature=1.0, regularization_coef=0.0, regularization_norm=3, pairwise=False, loss_genre='Logsigmoid', margin=1.0, nr_gpus=8, gpu=[0, 1, 2, 3, 4, 5, 6, 7], mix_cpu_gpu=True, valid=False, rel_part=False, async_update=None, has_edge_importance=False, cached_emb_type='KnownLocalCachedEmbedding', use_my_emb=True, cache_ratio=0.05, shuffle=False, backwardMode='CppAsyncV2', L=10, nr_background_threads=32, update_cache_use_omp=1, update_pq_use_omp=2, kForwardItersPerStep=2, backgrad_init='both', eval_filter=True, soft_rel_part=False)
|Train|: 483142
original graph:  DGLGraph(num_nodes=14951, num_edges=592213,
         ndata_schemes={}
         edata_schemes={'tid': Scheme(shape=(), dtype=torch.int64)})
Loading cached metis
WARNING [52933 sampler.py:454] Start PreSampling
WARNING [52933 sampler.py:532] Before construct renumbering_dict
WARNING [52933 sampler.py:555] PreSampling done
W20240212 20:08:07.554935 52933 IPCTensor.h:369] NewIPCTensor: cached_sampler_r0_0 [1000000]0x100000002000 7.629 MB
W20240212 20:08:07.555133 52933 IPCTensor.h:369] NewIPCTensor: cached_sampler_r0_1 [1000000]0x1000007a5000 7.629 MB
W20240212 20:08:07.555177 52933 IPCTensor.h:369] NewIPCTensor: cached_sampler_r0_2 [1000000]0x100000f48000 7.629 MB
W20240212 20:08:07.555227 52933 IPCTensor.h:369] NewIPCTensor: cached_sampler_r0_3 [1000000]0x1000016eb000 7.629 MB
W20240212 20:08:07.555275 52933 IPCTensor.h:369] NewIPCTensor: cached_sampler_r0_4 [1000000]0x100001e8e000 7.629 MB
W20240212 20:08:07.555323 52933 IPCTensor.h:369] NewIPCTensor: cached_sampler_r0_5 [1000000]0x100002631000 7.629 MB
W20240212 20:08:07.555377 52933 IPCTensor.h:369] NewIPCTensor: cached_sampler_r0_6 [1000000]0x100002dd4000 7.629 MB
W20240212 20:08:07.555438 52933 IPCTensor.h:369] NewIPCTensor: cached_sampler_r0_7 [1000000]0x100003577000 7.629 MB
W20240212 20:08:07.555480 52933 IPCTensor.h:369] NewIPCTensor: cached_sampler_r0_8 [1000000]0x100003d1a000 7.629 MB
W20240212 20:08:07.555526 52933 IPCTensor.h:369] NewIPCTensor: cached_sampler_r0_9 [1000000]0x1000044bd000 7.629 MB
W20240212 20:08:07.555572 52933 IPCTensor.h:369] NewIPCTensor: step_r0 [10]0x100004c60000 80 B 
W20240212 20:08:07.555609 52933 IPCTensor.h:369] NewIPCTensor: circle_buffer_end_r0 [1]0x100004c62000 8 B 
W20240212 20:08:07.555644 52933 IPCTensor.h:369] NewIPCTensor: circle_buffer_end_cppseen_r0 [1]0x100004c64000 8 B 
W20240212 20:08:07.555792 52933 IPCTensor.h:369] NewIPCTensor: cached_sampler_r1_0 [1000000]0x100004c66000 7.629 MB
W20240212 20:08:07.555836 52933 IPCTensor.h:369] NewIPCTensor: cached_sampler_r1_1 [1000000]0x100005409000 7.629 MB
W20240212 20:08:07.555881 52933 IPCTensor.h:369] NewIPCTensor: cached_sampler_r1_2 [1000000]0x100005bac000 7.629 MB
W20240212 20:08:07.555931 52933 IPCTensor.h:369] NewIPCTensor: cached_sampler_r1_3 [1000000]0x10000634f000 7.629 MB
W20240212 20:08:07.555974 52933 IPCTensor.h:369] NewIPCTensor: cached_sampler_r1_4 [1000000]0x100006af2000 7.629 MB
W20240212 20:08:07.556027 52933 IPCTensor.h:369] NewIPCTensor: cached_sampler_r1_5 [1000000]0x100007295000 7.629 MB
W20240212 20:08:07.556073 52933 IPCTensor.h:369] NewIPCTensor: cached_sampler_r1_6 [1000000]0x100007a38000 7.629 MB
W20240212 20:08:07.556143 52933 IPCTensor.h:369] NewIPCTensor: cached_sampler_r1_7 [1000000]0x1000081db000 7.629 MB
W20240212 20:08:07.556192 52933 IPCTensor.h:369] NewIPCTensor: cached_sampler_r1_8 [1000000]0x10000897e000 7.629 MB
W20240212 20:08:07.556238 52933 IPCTensor.h:369] NewIPCTensor: cached_sampler_r1_9 [1000000]0x100009121000 7.629 MB
W20240212 20:08:07.556285 52933 IPCTensor.h:369] NewIPCTensor: step_r1 [10]0x1000098c4000 80 B 
W20240212 20:08:07.556319 52933 IPCTensor.h:369] NewIPCTensor: circle_buffer_end_r1 [1]0x1000098c6000 8 B 
W20240212 20:08:07.556352 52933 IPCTensor.h:369] NewIPCTensor: circle_buffer_end_cppseen_r1 [1]0x1000098c8000 8 B 
W20240212 20:08:07.556427 52933 IPCTensor.h:369] NewIPCTensor: cached_sampler_r2_0 [1000000]0x1000098ca000 7.629 MB
W20240212 20:08:07.556478 52933 IPCTensor.h:369] NewIPCTensor: cached_sampler_r2_1 [1000000]0x10000a06d000 7.629 MB
W20240212 20:08:07.556519 52933 IPCTensor.h:369] NewIPCTensor: cached_sampler_r2_2 [1000000]0x10000a810000 7.629 MB
W20240212 20:08:07.556556 52933 IPCTensor.h:369] NewIPCTensor: cached_sampler_r2_3 [1000000]0x10000afb3000 7.629 MB
W20240212 20:08:07.556596 52933 IPCTensor.h:369] NewIPCTensor: cached_sampler_r2_4 [1000000]0x10000b756000 7.629 MB
W20240212 20:08:07.556644 52933 IPCTensor.h:369] NewIPCTensor: cached_sampler_r2_5 [1000000]0x10000bef9000 7.629 MB
W20240212 20:08:07.556695 52933 IPCTensor.h:369] NewIPCTensor: cached_sampler_r2_6 [1000000]0x10000c69c000 7.629 MB
W20240212 20:08:07.556736 52933 IPCTensor.h:369] NewIPCTensor: cached_sampler_r2_7 [1000000]0x10000ce3f000 7.629 MB
W20240212 20:08:07.556777 52933 IPCTensor.h:369] NewIPCTensor: cached_sampler_r2_8 [1000000]0x10000d5e2000 7.629 MB
W20240212 20:08:07.556823 52933 IPCTensor.h:369] NewIPCTensor: cached_sampler_r2_9 [1000000]0x10000dd85000 7.629 MB
W20240212 20:08:07.556864 52933 IPCTensor.h:369] NewIPCTensor: step_r2 [10]0x10000e528000 80 B 
W20240212 20:08:07.556897 52933 IPCTensor.h:369] NewIPCTensor: circle_buffer_end_r2 [1]0x10000e52a000 8 B 
W20240212 20:08:07.556931 52933 IPCTensor.h:369] NewIPCTensor: circle_buffer_end_cppseen_r2 [1]0x10000e52c000 8 B 
W20240212 20:08:07.556999 52933 IPCTensor.h:369] NewIPCTensor: cached_sampler_r3_0 [1000000]0x10000e52e000 7.629 MB
W20240212 20:08:07.557047 52933 IPCTensor.h:369] NewIPCTensor: cached_sampler_r3_1 [1000000]0x10000ecd1000 7.629 MB
W20240212 20:08:07.557094 52933 IPCTensor.h:369] NewIPCTensor: cached_sampler_r3_2 [1000000]0x10000f474000 7.629 MB
W20240212 20:08:07.557138 52933 IPCTensor.h:369] NewIPCTensor: cached_sampler_r3_3 [1000000]0x10000fc17000 7.629 MB
W20240212 20:08:07.557181 52933 IPCTensor.h:369] NewIPCTensor: cached_sampler_r3_4 [1000000]0x1000103ba000 7.629 MB
W20240212 20:08:07.557227 52933 IPCTensor.h:369] NewIPCTensor: cached_sampler_r3_5 [1000000]0x100010b5d000 7.629 MB
W20240212 20:08:07.557276 52933 IPCTensor.h:369] NewIPCTensor: cached_sampler_r3_6 [1000000]0x100011300000 7.629 MB
W20240212 20:08:07.557324 52933 IPCTensor.h:369] NewIPCTensor: cached_sampler_r3_7 [1000000]0x100011aa3000 7.629 MB
W20240212 20:08:07.557363 52933 IPCTensor.h:369] NewIPCTensor: cached_sampler_r3_8 [1000000]0x100012246000 7.629 MB
W20240212 20:08:07.557404 52933 IPCTensor.h:369] NewIPCTensor: cached_sampler_r3_9 [1000000]0x1000129e9000 7.629 MB
W20240212 20:08:07.557442 52933 IPCTensor.h:369] NewIPCTensor: step_r3 [10]0x10001318c000 80 B 
W20240212 20:08:07.557475 52933 IPCTensor.h:369] NewIPCTensor: circle_buffer_end_r3 [1]0x10001318e000 8 B 
W20240212 20:08:07.557508 52933 IPCTensor.h:369] NewIPCTensor: circle_buffer_end_cppseen_r3 [1]0x100013190000 8 B 
W20240212 20:08:07.557585 52933 IPCTensor.h:369] NewIPCTensor: cached_sampler_r4_0 [1000000]0x100013192000 7.629 MB
W20240212 20:08:07.557637 52933 IPCTensor.h:369] NewIPCTensor: cached_sampler_r4_1 [1000000]0x100013935000 7.629 MB
W20240212 20:08:07.557684 52933 IPCTensor.h:369] NewIPCTensor: cached_sampler_r4_2 [1000000]0x1000140d8000 7.629 MB
W20240212 20:08:07.557724 52933 IPCTensor.h:369] NewIPCTensor: cached_sampler_r4_3 [1000000]0x10001487b000 7.629 MB
W20240212 20:08:07.557770 52933 IPCTensor.h:369] NewIPCTensor: cached_sampler_r4_4 [1000000]0x10001501e000 7.629 MB
W20240212 20:08:07.557813 52933 IPCTensor.h:369] NewIPCTensor: cached_sampler_r4_5 [1000000]0x1000157c1000 7.629 MB
W20240212 20:08:07.557859 52933 IPCTensor.h:369] NewIPCTensor: cached_sampler_r4_6 [1000000]0x100015f64000 7.629 MB
W20240212 20:08:07.557899 52933 IPCTensor.h:369] NewIPCTensor: cached_sampler_r4_7 [1000000]0x100016707000 7.629 MB
W20240212 20:08:07.557951 52933 IPCTensor.h:369] NewIPCTensor: cached_sampler_r4_8 [1000000]0x100016eaa000 7.629 MB
W20240212 20:08:07.558012 52933 IPCTensor.h:369] NewIPCTensor: cached_sampler_r4_9 [1000000]0x10001764d000 7.629 MB
W20240212 20:08:07.558055 52933 IPCTensor.h:369] NewIPCTensor: step_r4 [10]0x100017df0000 80 B 
W20240212 20:08:07.558089 52933 IPCTensor.h:369] NewIPCTensor: circle_buffer_end_r4 [1]0x100017df2000 8 B 
W20240212 20:08:07.558123 52933 IPCTensor.h:369] NewIPCTensor: circle_buffer_end_cppseen_r4 [1]0x100017df4000 8 B 
W20240212 20:08:07.558194 52933 IPCTensor.h:369] NewIPCTensor: cached_sampler_r5_0 [1000000]0x100017df6000 7.629 MB
W20240212 20:08:07.558243 52933 IPCTensor.h:369] NewIPCTensor: cached_sampler_r5_1 [1000000]0x100018599000 7.629 MB
W20240212 20:08:07.558284 52933 IPCTensor.h:369] NewIPCTensor: cached_sampler_r5_2 [1000000]0x100018d3c000 7.629 MB
W20240212 20:08:07.558326 52933 IPCTensor.h:369] NewIPCTensor: cached_sampler_r5_3 [1000000]0x1000194df000 7.629 MB
W20240212 20:08:07.558365 52933 IPCTensor.h:369] NewIPCTensor: cached_sampler_r5_4 [1000000]0x100019c82000 7.629 MB
W20240212 20:08:07.558413 52933 IPCTensor.h:369] NewIPCTensor: cached_sampler_r5_5 [1000000]0x10001a425000 7.629 MB
W20240212 20:08:07.558452 52933 IPCTensor.h:369] NewIPCTensor: cached_sampler_r5_6 [1000000]0x10001abc8000 7.629 MB
W20240212 20:08:07.558499 52933 IPCTensor.h:369] NewIPCTensor: cached_sampler_r5_7 [1000000]0x10001b36b000 7.629 MB
W20240212 20:08:07.558552 52933 IPCTensor.h:369] NewIPCTensor: cached_sampler_r5_8 [1000000]0x10001bb0e000 7.629 MB
W20240212 20:08:07.558599 52933 IPCTensor.h:369] NewIPCTensor: cached_sampler_r5_9 [1000000]0x10001c2b1000 7.629 MB
W20240212 20:08:07.558643 52933 IPCTensor.h:369] NewIPCTensor: step_r5 [10]0x10001ca54000 80 B 
W20240212 20:08:07.558677 52933 IPCTensor.h:369] NewIPCTensor: circle_buffer_end_r5 [1]0x10001ca56000 8 B 
W20240212 20:08:07.558712 52933 IPCTensor.h:369] NewIPCTensor: circle_buffer_end_cppseen_r5 [1]0x10001ca58000 8 B 
W20240212 20:08:07.558790 52933 IPCTensor.h:369] NewIPCTensor: cached_sampler_r6_0 [1000000]0x10001ca5a000 7.629 MB
W20240212 20:08:07.558842 52933 IPCTensor.h:369] NewIPCTensor: cached_sampler_r6_1 [1000000]0x10001d1fd000 7.629 MB
W20240212 20:08:07.558884 52933 IPCTensor.h:369] NewIPCTensor: cached_sampler_r6_2 [1000000]0x10001d9a0000 7.629 MB
W20240212 20:08:07.558935 52933 IPCTensor.h:369] NewIPCTensor: cached_sampler_r6_3 [1000000]0x10001e143000 7.629 MB
W20240212 20:08:07.558982 52933 IPCTensor.h:369] NewIPCTensor: cached_sampler_r6_4 [1000000]0x10001e8e6000 7.629 MB
W20240212 20:08:07.559031 52933 IPCTensor.h:369] NewIPCTensor: cached_sampler_r6_5 [1000000]0x10001f089000 7.629 MB
W20240212 20:08:07.559075 52933 IPCTensor.h:369] NewIPCTensor: cached_sampler_r6_6 [1000000]0x10001f82c000 7.629 MB
W20240212 20:08:07.559123 52933 IPCTensor.h:369] NewIPCTensor: cached_sampler_r6_7 [1000000]0x10001ffcf000 7.629 MB
W20240212 20:08:07.559178 52933 IPCTensor.h:369] NewIPCTensor: cached_sampler_r6_8 [1000000]0x100020772000 7.629 MB
W20240212 20:08:07.559234 52933 IPCTensor.h:369] NewIPCTensor: cached_sampler_r6_9 [1000000]0x100020f15000 7.629 MB
W20240212 20:08:07.559286 52933 IPCTensor.h:369] NewIPCTensor: step_r6 [10]0x1000216b8000 80 B 
W20240212 20:08:07.559321 52933 IPCTensor.h:369] NewIPCTensor: circle_buffer_end_r6 [1]0x1000216ba000 8 B 
W20240212 20:08:07.559361 52933 IPCTensor.h:369] NewIPCTensor: circle_buffer_end_cppseen_r6 [1]0x1000216bc000 8 B 
W20240212 20:08:07.559437 52933 IPCTensor.h:369] NewIPCTensor: cached_sampler_r7_0 [1000000]0x1000216be000 7.629 MB
W20240212 20:08:07.559480 52933 IPCTensor.h:369] NewIPCTensor: cached_sampler_r7_1 [1000000]0x100021e61000 7.629 MB
W20240212 20:08:07.559522 52933 IPCTensor.h:369] NewIPCTensor: cached_sampler_r7_2 [1000000]0x100022604000 7.629 MB
W20240212 20:08:07.559571 52933 IPCTensor.h:369] NewIPCTensor: cached_sampler_r7_3 [1000000]0x100022da7000 7.629 MB
W20240212 20:08:07.559620 52933 IPCTensor.h:369] NewIPCTensor: cached_sampler_r7_4 [1000000]0x10002354a000 7.629 MB
W20240212 20:08:07.559662 52933 IPCTensor.h:369] NewIPCTensor: cached_sampler_r7_5 [1000000]0x100023ced000 7.629 MB
W20240212 20:08:07.559705 52933 IPCTensor.h:369] NewIPCTensor: cached_sampler_r7_6 [1000000]0x100024490000 7.629 MB
W20240212 20:08:07.559747 52933 IPCTensor.h:369] NewIPCTensor: cached_sampler_r7_7 [1000000]0x100024c33000 7.629 MB
W20240212 20:08:07.559795 52933 IPCTensor.h:369] NewIPCTensor: cached_sampler_r7_8 [1000000]0x1000253d6000 7.629 MB
W20240212 20:08:07.559837 52933 IPCTensor.h:369] NewIPCTensor: cached_sampler_r7_9 [1000000]0x100025b79000 7.629 MB
W20240212 20:08:07.559878 52933 IPCTensor.h:369] NewIPCTensor: step_r7 [10]0x10002631c000 80 B 
W20240212 20:08:07.559913 52933 IPCTensor.h:369] NewIPCTensor: circle_buffer_end_r7 [1]0x10002631e000 8 B 
W20240212 20:08:07.559947 52933 IPCTensor.h:369] NewIPCTensor: circle_buffer_end_cppseen_r7 [1]0x100026320000 8 B 
W20240212 20:08:07.782707 52933 IPCTensor.h:369] NewIPCTensor: full_emb [14951, 400]0x100026322000 22.81 MB
W20240212 20:08:07.875520 52933 IPCTensor.h:369] NewIPCTensor: full_emb_SparseRowWiseAdaGrad_sum [14951]0x1000279f4000 58.4 kB
{0: Graph(num_nodes=8499, num_edges=86694,
      ndata_schemes={'_ID': Scheme(shape=(), dtype=torch.int64), 'inner_node': Scheme(shape=(), dtype=torch.int32), 'part_id': Scheme(shape=(), dtype=torch.int64)}
      edata_schemes={'_ID': Scheme(shape=(), dtype=torch.int64), 'inner_edge': Scheme(shape=(), dtype=torch.int8)}), 1: Graph(num_nodes=6140, num_edges=88951,
      ndata_schemes={'_ID': Scheme(shape=(), dtype=torch.int64), 'inner_node': Scheme(shape=(), dtype=torch.int32), 'part_id': Scheme(shape=(), dtype=torch.int64)}
      edata_schemes={'_ID': Scheme(shape=(), dtype=torch.int64), 'inner_edge': Scheme(shape=(), dtype=torch.int8)}), 2: Graph(num_nodes=8646, num_edges=109741,
      ndata_schemes={'_ID': Scheme(shape=(), dtype=torch.int64), 'inner_node': Scheme(shape=(), dtype=torch.int32), 'part_id': Scheme(shape=(), dtype=torch.int64)}
      edata_schemes={'_ID': Scheme(shape=(), dtype=torch.int64), 'inner_edge': Scheme(shape=(), dtype=torch.int8)}), 3: Graph(num_nodes=8503, num_edges=86907,
      ndata_schemes={'_ID': Scheme(shape=(), dtype=torch.int64), 'inner_node': Scheme(shape=(), dtype=torch.int32), 'part_id': Scheme(shape=(), dtype=torch.int64)}
      edata_schemes={'_ID': Scheme(shape=(), dtype=torch.int64), 'inner_edge': Scheme(shape=(), dtype=torch.int8)}), 4: Graph(num_nodes=10597, num_edges=122217,
      ndata_schemes={'_ID': Scheme(shape=(), dtype=torch.int64), 'inner_node': Scheme(shape=(), dtype=torch.int32), 'part_id': Scheme(shape=(), dtype=torch.int64)}
      edata_schemes={'_ID': Scheme(shape=(), dtype=torch.int64), 'inner_edge': Scheme(shape=(), dtype=torch.int8)}), 5: Graph(num_nodes=8255, num_edges=102550,
      ndata_schemes={'_ID': Scheme(shape=(), dtype=torch.int64), 'inner_node': Scheme(shape=(), dtype=torch.int32), 'part_id': Scheme(shape=(), dtype=torch.int64)}
      edata_schemes={'_ID': Scheme(shape=(), dtype=torch.int64), 'inner_edge': Scheme(shape=(), dtype=torch.int8)}), 6: Graph(num_nodes=7422, num_edges=104094,
      ndata_schemes={'_ID': Scheme(shape=(), dtype=torch.int64), 'inner_node': Scheme(shape=(), dtype=torch.int32), 'part_id': Scheme(shape=(), dtype=torch.int64)}
      edata_schemes={'_ID': Scheme(shape=(), dtype=torch.int64), 'inner_edge': Scheme(shape=(), dtype=torch.int8)}), 7: Graph(num_nodes=7815, num_edges=137832,
      ndata_schemes={'_ID': Scheme(shape=(), dtype=torch.int64), 'inner_node': Scheme(shape=(), dtype=torch.int32), 'part_id': Scheme(shape=(), dtype=torch.int64)}
      edata_schemes={'_ID': Scheme(shape=(), dtype=torch.int64), 'inner_edge': Scheme(shape=(), dtype=torch.int8)})}
MertisPartition: part 0 has 8499 N 86694 E
MertisPartition: part 1 has 6140 N 88951 E
MertisPartition: part 2 has 8646 N 109741 E
MertisPartition: part 3 has 8503 N 86907 E
MertisPartition: part 4 has 10597 N 122217 E
MertisPartition: part 5 has 8255 N 102550 E
MertisPartition: part 6 has 7422 N 104094 E
MertisPartition: part 7 has 7815 N 137832 E
Rank0: cached key size 93
Rank1: cached key size 93
Rank2: cached key size 93
Rank3: cached key size 93
Rank4: cached key size 93
Rank5: cached key size 93
Rank6: cached key size 93
Rank7: cached key size 93
Before renumbering graph:  {'_ID': tensor([    0,    15,    36,  ..., 11946,  9147, 13282]), 'inner_node': tensor([1, 1, 1,  ..., 0, 0, 0], dtype=torch.int32), 'part_id': tensor([0, 0, 0,  ..., 6, 3, 7])}
After renumbering graph:  {'_ID': tensor([ 749, 1198, 1806,  ..., 7315, 7890, 7896]), 'inner_node': tensor([1, 1, 1,  ..., 0, 0, 0], dtype=torch.int32), 'part_id': tensor([0, 0, 0,  ..., 6, 3, 7])}
part_g: DGLGraph(num_nodes=8499, num_edges=86694,
         ndata_schemes={'_ID': Scheme(shape=(), dtype=torch.int64)}
         edata_schemes={'tid': Scheme(shape=(), dtype=torch.int64)})
part_g: DGLGraph(num_nodes=8499, num_edges=86694,
         ndata_schemes={'_ID': Scheme(shape=(), dtype=torch.int64)}
         edata_schemes={'tid': Scheme(shape=(), dtype=torch.int64)})
Total initialize time 5.973 seconds
[Rank1] pid = 53151
[Rank2] pid = 53202
[Rank3] pid = 53279
[Rank4] pid = 53343
[Rank5] pid = 53407
[Rank6] pid = 53408
INFO [52933 distributed_c10d.py:442] Added key: store_based_barrier_key:1 to store for rank: 0
INFO [53151 distributed_c10d.py:442] Added key: store_based_barrier_key:1 to store for rank: 1
INFO [53202 distributed_c10d.py:442] Added key: store_based_barrier_key:1 to store for rank: 2
INFO [53279 distributed_c10d.py:442] Added key: store_based_barrier_key:1 to store for rank: 3
INFO [53343 distributed_c10d.py:442] Added key: store_based_barrier_key:1 to store for rank: 4
INFO [53407 distributed_c10d.py:442] Added key: store_based_barrier_key:1 to store for rank: 5
INFO [53408 distributed_c10d.py:442] Added key: store_based_barrier_key:1 to store for rank: 6
INFO [53535 distributed_c10d.py:442] Added key: store_based_barrier_key:1 to store for rank: 7
INFO [53279 distributed_c10d.py:476] Rank 3: Completed store-based barrier for key:store_based_barrier_key:1 with 8 nodes.
INFO [53407 distributed_c10d.py:476] Rank 5: Completed store-based barrier for key:store_based_barrier_key:1 with 8 nodes.
INFO [53343 distributed_c10d.py:476] Rank 4: Completed store-based barrier for key:store_based_barrier_key:1 with 8 nodes.
INFO [53535 distributed_c10d.py:476] Rank 7: Completed store-based barrier for key:store_based_barrier_key:1 with 8 nodes.
INFO [53408 distributed_c10d.py:476] Rank 6: Completed store-based barrier for key:store_based_barrier_key:1 with 8 nodes.
INFO [53202 distributed_c10d.py:476] Rank 2: Completed store-based barrier for key:store_based_barrier_key:1 with 8 nodes.
INFO [53151 distributed_c10d.py:476] Rank 1: Completed store-based barrier for key:store_based_barrier_key:1 with 8 nodes.
W20240212 20:08:10.597590 53600 IPCTensor.h:409] NewIPCGPUTensor: embedding_cache_7 [747, 400]; dev=7; size=1.14 MB
W20240212 20:08:10.597714 53415 IPCTensor.h:409] NewIPCGPUTensor: embedding_cache_6 [747, 400]; dev=6; size=1.14 MB
W20240212 20:08:10.597710 53409 IPCTensor.h:409] NewIPCGPUTensor: embedding_cache_5 [747, 400]; dev=5; size=1.14 MB
W20240212 20:08:10.597716 53280 IPCTensor.h:409] NewIPCGPUTensor: embedding_cache_3 [747, 400]; dev=3; size=1.14 MB
W20240212 20:08:10.597719 53216 IPCTensor.h:409] NewIPCGPUTensor: embedding_cache_2 [747, 400]; dev=2; size=1.14 MB
W20240212 20:08:10.597733 53152 IPCTensor.h:409] NewIPCGPUTensor: embedding_cache_1 [747, 400]; dev=1; size=1.14 MB
W20240212 20:08:10.597736 53344 IPCTensor.h:409] NewIPCGPUTensor: embedding_cache_4 [747, 400]; dev=4; size=1.14 MB
INFO [52933 distributed_c10d.py:476] Rank 0: Completed store-based barrier for key:store_based_barrier_key:1 with 8 nodes.
W20240212 20:08:10.601749 53536 IPCTensor.h:409] NewIPCGPUTensor: embedding_cache_0 [747, 400]; dev=0; size=1.14 MB
W20240212 20:08:10.632567 53600 IPCTensor.h:369] NewIPCTensor: input_keys_7 [1000000]0x100027a0a000 7.629 MB
W20240212 20:08:10.632685 53415 IPCTensor.h:369] NewIPCTensor: input_keys_6 [1000000]0x1000281ad000 7.629 MB
W20240212 20:08:10.632687 53409 IPCTensor.h:369] NewIPCTensor: input_keys_5 [1000000]0x100028950000 7.629 MB
W20240212 20:08:10.632840 53600 IPCTensor.h:369] NewIPCTensor: input_keys_neg_7 [1000000]0x1000290f3000 7.629 MB
W20240212 20:08:10.632920 53415 IPCTensor.h:369] NewIPCTensor: input_keys_neg_6 [1000000]0x100029898000 7.629 MB
W20240212 20:08:10.632925 53409 IPCTensor.h:369] NewIPCTensor: input_keys_neg_5 [1000000]0x10002a03b000 7.629 MB
W20240212 20:08:10.632931 53600 IPCTensor.h:369] NewIPCTensor: backward_grads_7 [1000000, 400]0x10002a7de000 1.49 GB
W20240212 20:08:10.632990 53600 IPCTensor.h:369] NewIPCTensor: backward_grads_neg_7 [1000000, 400]0x100089dc3000 1.49 GB
W20240212 20:08:10.633014 53415 IPCTensor.h:369] NewIPCTensor: backward_grads_6 [1000000, 400]0x1000e93a6000 1.49 GB
W20240212 20:08:10.633026 53409 IPCTensor.h:369] NewIPCTensor: backward_grads_5 [1000000, 400]0x100148989000 1.49 GB
W20240212 20:08:10.633065 53600 IPCTensor.h:409] NewIPCGPUTensor: backward_grads_7_gpu [1000000, 400]; dev=7; size=1.49 GB
W20240212 20:08:10.633069 53415 IPCTensor.h:369] NewIPCTensor: backward_grads_neg_6 [1000000, 400]0x1001a7f6c000 1.49 GB
W20240212 20:08:10.633091 53409 IPCTensor.h:369] NewIPCTensor: backward_grads_neg_5 [1000000, 400]0x10020754f000 1.49 GB
W20240212 20:08:10.633172 53280 IPCTensor.h:369] NewIPCTensor: input_keys_3 [1000000]0x100266b32000 7.629 MB
W20240212 20:08:10.633232 53344 IPCTensor.h:369] NewIPCTensor: input_keys_4 [1000000]0x1002672d5000 7.629 MB
W20240212 20:08:10.633322 53280 IPCTensor.h:369] NewIPCTensor: input_keys_neg_3 [1000000]0x100267a78000 7.629 MB
W20240212 20:08:10.633395 53344 IPCTensor.h:369] NewIPCTensor: input_keys_neg_4 [1000000]0x10026821b000 7.629 MB
W20240212 20:08:10.633401 53280 IPCTensor.h:369] NewIPCTensor: backward_grads_3 [1000000, 400]0x1002689be000 1.49 GB
W20240212 20:08:10.633455 53280 IPCTensor.h:369] NewIPCTensor: backward_grads_neg_3 [1000000, 400]0x1002c7fa1000 1.49 GB
W20240212 20:08:10.633484 53344 IPCTensor.h:369] NewIPCTensor: backward_grads_4 [1000000, 400]0x100327584000 1.49 GB
W20240212 20:08:10.633533 53344 IPCTensor.h:369] NewIPCTensor: backward_grads_neg_4 [1000000, 400]0x100386b67000 1.49 GB
W20240212 20:08:10.634800 53415 IPCTensor.h:409] NewIPCGPUTensor: backward_grads_6_gpu [1000000, 400]; dev=6; size=1.49 GB
W20240212 20:08:10.634817 53344 IPCTensor.h:409] NewIPCGPUTensor: backward_grads_4_gpu [1000000, 400]; dev=4; size=1.49 GB
W20240212 20:08:10.634832 53280 IPCTensor.h:409] NewIPCGPUTensor: backward_grads_3_gpu [1000000, 400]; dev=3; size=1.49 GB
W20240212 20:08:10.634881 53409 IPCTensor.h:409] NewIPCGPUTensor: backward_grads_5_gpu [1000000, 400]; dev=5; size=1.49 GB
W20240212 20:08:10.635160 53152 IPCTensor.h:369] NewIPCTensor: input_keys_1 [1000000]0x1003e614c000 7.629 MB
W20240212 20:08:10.635284 53152 IPCTensor.h:369] NewIPCTensor: input_keys_neg_1 [1000000]0x1003e68ef000 7.629 MB
W20240212 20:08:10.635357 53152 IPCTensor.h:369] NewIPCTensor: backward_grads_1 [1000000, 400]0x1003e7092000 1.49 GB
W20240212 20:08:10.636454 53152 IPCTensor.h:369] NewIPCTensor: backward_grads_neg_1 [1000000, 400]0x100446675000 1.49 GB
W20240212 20:08:10.636518 53152 IPCTensor.h:409] NewIPCGPUTensor: backward_grads_1_gpu [1000000, 400]; dev=1; size=1.49 GB
W20240212 20:08:10.638478 53216 IPCTensor.h:369] NewIPCTensor: input_keys_2 [1000000]0x1004a5c5a000 7.629 MB
W20240212 20:08:10.638623 53216 IPCTensor.h:369] NewIPCTensor: input_keys_neg_2 [1000000]0x1004a63fd000 7.629 MB
W20240212 20:08:10.638692 53216 IPCTensor.h:369] NewIPCTensor: backward_grads_2 [1000000, 400]0x1004a6ba0000 1.49 GB
W20240212 20:08:10.638794 53216 IPCTensor.h:369] NewIPCTensor: backward_grads_neg_2 [1000000, 400]0x100506183000 1.49 GB
W20240212 20:08:10.638866 53216 IPCTensor.h:409] NewIPCGPUTensor: backward_grads_2_gpu [1000000, 400]; dev=2; size=1.49 GB
W20240212 20:08:10.644840 53536 IPCTensor.h:369] NewIPCTensor: input_keys_0 [1000000]0x10056576a000 7.629 MB
W20240212 20:08:10.644873 53600 IPCTensor.h:409] NewIPCGPUTensor: backward_grads_neg_7_gpu [1000000, 400]; dev=7; size=1.49 GB
W20240212 20:08:10.644956 53536 IPCTensor.h:369] NewIPCTensor: input_keys_neg_0 [1000000]0x100565f0d000 7.629 MB
W20240212 20:08:10.645009 53536 IPCTensor.h:369] NewIPCTensor: backward_grads_0 [1000000, 400]0x1005666b2000 1.49 GB
W20240212 20:08:10.645054 53536 IPCTensor.h:369] NewIPCTensor: backward_grads_neg_0 [1000000, 400]0x1005c5c97000 1.49 GB
W20240212 20:08:10.645097 53536 IPCTensor.h:409] NewIPCGPUTensor: backward_grads_0_gpu [1000000, 400]; dev=0; size=1.49 GB
W20240212 20:08:10.645156 53415 IPCTensor.h:409] NewIPCGPUTensor: backward_grads_neg_6_gpu [1000000, 400]; dev=6; size=1.49 GB
W20240212 20:08:10.645188 53344 IPCTensor.h:409] NewIPCGPUTensor: backward_grads_neg_4_gpu [1000000, 400]; dev=4; size=1.49 GB
W20240212 20:08:10.646677 53216 IPCTensor.h:409] NewIPCGPUTensor: backward_grads_neg_2_gpu [1000000, 400]; dev=2; size=1.49 GB
W20240212 20:08:10.646680 53152 IPCTensor.h:409] NewIPCGPUTensor: backward_grads_neg_1_gpu [1000000, 400]; dev=1; size=1.49 GB
W20240212 20:08:10.646698 53409 IPCTensor.h:409] NewIPCGPUTensor: backward_grads_neg_5_gpu [1000000, 400]; dev=5; size=1.49 GB
W20240212 20:08:10.646701 53280 IPCTensor.h:409] NewIPCGPUTensor: backward_grads_neg_3_gpu [1000000, 400]; dev=3; size=1.49 GB
W20240212 20:08:10.657588 53536 IPCTensor.h:409] NewIPCGPUTensor: backward_grads_neg_0_gpu [1000000, 400]; dev=0; size=1.49 GB
cudaHostRegister 0x100026322000
1: KnownLocalCachedEmbedding init done
WARNING [53151 DistTensor.py:59] The tensor name already exists in the kvstore
cudaHostRegister 0x100026322000
3: KnownLocalCachedEmbedding init done
WARNING [53279 DistTensor.py:59] The tensor name already exists in the kvstore
cudaHostRegister 0x100026322000
2: KnownLocalCachedEmbedding init done
WARNING [53202 DistTensor.py:59] The tensor name already exists in the kvstore
cudaHostRegister 0x100026322000
6: KnownLocalCachedEmbedding init done
WARNING [53408 DistTensor.py:59] The tensor name already exists in the kvstore
cudaHostRegister 0x100026322000
7: KnownLocalCachedEmbedding init done
WARNING [53535 DistTensor.py:59] The tensor name already exists in the kvstore
cudaHostRegister 0x100026322000
5: KnownLocalCachedEmbedding init done
WARNING [53407 DistTensor.py:59] The tensor name already exists in the kvstore
cudaHostRegister 0x100026322000
4: KnownLocalCachedEmbedding init done
WARNING [53343 DistTensor.py:59] The tensor name already exists in the kvstore
[Rank7] pid = 53535
New CachedEmbedding, name=full_emb, shape=(14951, 400), cache_type=KnownLocalCachedEmbedding
fixed cache_range is [(0, 747), (747, 1494), (1494, 2241), (2241, 2988), (2988, 3735), (3735, 4482), (4482, 5229), (5229, 5976)]
cudaHostRegister 0x100026322000
0: KnownLocalCachedEmbedding init done
WARNING [52933 DistTensor.py:59] The tensor name already exists in the kvstore
I20240212 20:08:12.351830 53536 IPC_barrier.h:118] CreateBarrier: new barrier, name: kgcachecontroller, count: 8
I20240212 20:08:12.352198 53152 IPC_barrier.h:112] CreateBarrier: find existing barrier, name: kgcachecontroller, count: 8
I20240212 20:08:12.352330 53600 IPC_barrier.h:112] CreateBarrier: find existing barrier, name: kgcachecontroller, count: 8
I20240212 20:08:12.352419 53415 IPC_barrier.h:112] CreateBarrier: find existing barrier, name: kgcachecontroller, count: 8
I20240212 20:08:12.352553 53409 IPC_barrier.h:112] CreateBarrier: find existing barrier, name: kgcachecontroller, count: 8
I20240212 20:08:12.352900 53344 IPC_barrier.h:112] CreateBarrier: find existing barrier, name: kgcachecontroller, count: 8
I20240212 20:08:12.354151 53280 IPC_barrier.h:112] CreateBarrier: find existing barrier, name: kgcachecontroller, count: 8
I20240212 20:08:12.354249 53216 IPC_barrier.h:112] CreateBarrier: find existing barrier, name: kgcachecontroller, count: 8
W20240212 20:08:12.357626 53536 grad_base.h:55] KGCacheController, config={
        "num_gpus": 8,
        "L": 10,
        "backgrad_init": "both", 
        "kForwardItersPerStep": 2,
        "clr": 0.01,
        "nr_background_threads": 32,
        "backwardMode": "CppAsyncV2",
        "cache_ratio": 0.05,
        "update_cache_use_omp":  1,
        "update_pq_use_omp":  2
        }
W20240212 20:08:12.357774 53536 grad_base.h:184] Init GradProcessingBase done
I20240212 20:08:12.362658 53536 grad_async_v2.h:42] Use main thread to update emb.
W20240212 20:08:12.362880 53536 kg_controller.h:78] after init GradAsyncProcessingV2
I20240212 20:08:12.362893 53536 kg_controller.h:84] Construct KGCacheController done
E20240212 20:08:13.150521 53216 recstore.cc:66] init folly done
E20240212 20:08:13.151340 53600 recstore.cc:66] init folly done
E20240212 20:08:13.151352 53152 recstore.cc:66] init folly done
E20240212 20:08:13.151373 53409 recstore.cc:66] init folly done
E20240212 20:08:13.151374 53280 recstore.cc:66] init folly done
E20240212 20:08:13.151477 53536 recstore.cc:66] init folly done
E20240212 20:08:13.151566 53344 recstore.cc:66] init folly done
E20240212 20:08:13.151741 53415 recstore.cc:66] init folly done
I20240212 20:08:13.153023 53536 grad_base.h:60] GraphEnv RegTensorsPerProcess
W20240212 20:08:13.901427 54128 grad_async_v2.h:137] Detect new sample comes, old_end0, new_end1
E20240212 20:08:13.901769 54128 parallel_pq_v2.h:79] insert failed, size(hashtable)=0
I20240212 20:08:13.929641 53344 IPC_barrier.h:118] CreateBarrier: new barrier, name: start_barrier, count: 8
I20240212 20:08:13.937237 53409 IPC_barrier.h:112] CreateBarrier: find existing barrier, name: start_barrier, count: 8
I20240212 20:08:13.941359 53415 IPC_barrier.h:112] CreateBarrier: find existing barrier, name: start_barrier, count: 8
I20240212 20:08:13.942886 53536 IPC_barrier.h:112] CreateBarrier: find existing barrier, name: start_barrier, count: 8
I20240212 20:08:13.944499 53280 IPC_barrier.h:112] CreateBarrier: find existing barrier, name: start_barrier, count: 8
I20240212 20:08:13.947556 53216 IPC_barrier.h:112] CreateBarrier: find existing barrier, name: start_barrier, count: 8
I20240212 20:08:13.948839 53600 IPC_barrier.h:112] CreateBarrier: find existing barrier, name: start_barrier, count: 8
I20240212 20:08:13.984330 53152 IPC_barrier.h:112] CreateBarrier: find existing barrier, name: start_barrier, count: 8
E20240212 20:08:16.289527 54242 parallel_pq_v2.h:79] insert failed, size(hashtable)=0
+---------------------------+---------------------------+---------------------------+
| Name                      | P50                       | P99                       |
+---------------------------+---------------------------+---------------------------+
| GenInput                  | 879.688 us                | 879.688 us                |
| Forward                   | 549.945 ms                | 549.945 ms                |
| Backward                  | 275.137 ms                | 275.137 ms                |
| Optimize                  | 45.286 ms                 | 45.286 ms                 |
| BarrierTimeBeforeRank0    | 46.523 ms                 | 46.523 ms                 |
+---------------------------+---------------------------+---------------------------+
+---------------------------+---------------------------+---------------------------+
| Name                      | P50                       | P99                       |
+---------------------------+---------------------------+---------------------------+
| clean                     | 127.687 us                | 2.316 ms                  |
| ProcessBack:Shuffle       | 333.346 ms                | 367.171 ms                |
| ProcessBack:UpdateCache   | 745.257 ms                | 746.259 ms                |
+---------------------------+---------------------------+---------------------------+
+---------------------------+---------------------------+---------------------------+
| Name                      | P50                       | P99                       |
+---------------------------+---------------------------+---------------------------+
| GenInput                  | 879.688 us                | 879.688 us                |
| Forward                   | 549.945 ms                | 549.945 ms                |
| Backward                  | 275.137 ms                | 275.137 ms                |
| Optimize                  | 45.286 ms                 | 45.286 ms                 |
| BarrierTimeBeforeRank0    | 46.523 ms                 | 46.523 ms                 |
+---------------------------+---------------------------+---------------------------+
+---------------------------+---------------------------+---------------------------+
| Name                      | P50                       | P99                       |
+---------------------------+---------------------------+---------------------------+
| clean                     | 127.687 us                | 2.316 ms                  |
| ProcessBack:Shuffle       | 333.346 ms                | 367.171 ms                |
| ProcessBack:UpdateCache   | 745.257 ms                | 746.259 ms                |
+---------------------------+---------------------------+---------------------------+
+---------------------------+---------------------------+---------------------------+
| Name                      | P50                       | P99                       |
+---------------------------+---------------------------+---------------------------+
| GenInput                  | 879.688 us                | 879.688 us                |
| Forward                   | 549.945 ms                | 549.945 ms                |
| Backward                  | 275.137 ms                | 275.137 ms                |
| Optimize                  | 45.286 ms                 | 45.286 ms                 |
| BarrierTimeBeforeRank0    | 46.523 ms                 | 46.523 ms                 |
+---------------------------+---------------------------+---------------------------+
+---------------------------+---------------------------+---------------------------+
| Name                      | P50                       | P99                       |
+---------------------------+---------------------------+---------------------------+
| clean                     | 127.687 us                | 2.316 ms                  |
| ProcessBack:Shuffle       | 333.346 ms                | 367.171 ms                |
| ProcessBack:UpdateCache   | 745.257 ms                | 746.259 ms                |
+---------------------------+---------------------------+---------------------------+
+---------------------------+---------------------------+---------------------------+
| Name                      | P50                       | P99                       |
+---------------------------+---------------------------+---------------------------+
| GenInput                  | 879.688 us                | 879.688 us                |
| Forward                   | 549.945 ms                | 549.945 ms                |
| Backward                  | 275.137 ms                | 275.137 ms                |
| Optimize                  | 45.286 ms                 | 45.286 ms                 |
| BarrierTimeBeforeRank0    | 46.523 ms                 | 46.523 ms                 |
+---------------------------+---------------------------+---------------------------+
+---------------------------+---------------------------+---------------------------+
| Name                      | P50                       | P99                       |
+---------------------------+---------------------------+---------------------------+
| clean                     | 127.687 us                | 2.316 ms                  |
| ProcessBack:Shuffle       | 333.346 ms                | 367.171 ms                |
| ProcessBack:UpdateCache   | 745.257 ms                | 746.259 ms                |
+---------------------------+---------------------------+---------------------------+
+---------------------------+---------------------------+---------------------------+
| Name                      | P50                       | P99                       |
+---------------------------+---------------------------+---------------------------+
| GenInput                  | 879.688 us                | 879.688 us                |
| Forward                   | 549.945 ms                | 549.945 ms                |
| Backward                  | 275.137 ms                | 275.137 ms                |
| Optimize                  | 45.286 ms                 | 45.286 ms                 |
| BarrierTimeBeforeRank0    | 46.523 ms                 | 46.523 ms                 |
+---------------------------+---------------------------+---------------------------+
+---------------------------+---------------------------+---------------------------+
| Name                      | P50                       | P99                       |
+---------------------------+---------------------------+---------------------------+
| clean                     | 127.687 us                | 2.316 ms                  |
| ProcessBack:Shuffle       | 333.346 ms                | 367.171 ms                |
| ProcessBack:UpdateCache   | 745.257 ms                | 746.259 ms                |
+---------------------------+---------------------------+---------------------------+
+---------------------------+---------------------------+---------------------------+
| Name                      | P50                       | P99                       |
+---------------------------+---------------------------+---------------------------+
| GenInput                  | 879.688 us                | 879.688 us                |
| Forward                   | 549.945 ms                | 549.945 ms                |
| Backward                  | 275.137 ms                | 275.137 ms                |
| Optimize                  | 45.286 ms                 | 45.286 ms                 |
| BarrierTimeBeforeRank0    | 46.523 ms                 | 46.523 ms                 |
+---------------------------+---------------------------+---------------------------+
+---------------------------+---------------------------+---------------------------+
| Name                      | P50                       | P99                       |
+---------------------------+---------------------------+---------------------------+
| clean                     | 127.687 us                | 2.316 ms                  |
| ProcessBack:Shuffle       | 333.346 ms                | 367.171 ms                |
| ProcessBack:UpdateCache   | 745.257 ms                | 746.259 ms                |
+---------------------------+---------------------------+---------------------------+
+---------------------------+---------------------------+---------------------------+
| Name                      | P50                       | P99                       |
+---------------------------+---------------------------+---------------------------+
| GenInput                  | 879.688 us                | 879.688 us                |
| Forward                   | 549.945 ms                | 549.945 ms                |
| Backward                  | 275.137 ms                | 275.137 ms                |
| Optimize                  | 45.286 ms                 | 45.286 ms                 |
| BarrierTimeBeforeRank0    | 46.523 ms                 | 46.523 ms                 |
+---------------------------+---------------------------+---------------------------+
+---------------------------+---------------------------+---------------------------+
| Name                      | P50                       | P99                       |
+---------------------------+---------------------------+---------------------------+
| clean                     | 127.687 us                | 2.316 ms                  |
| ProcessBack:Shuffle       | 333.346 ms                | 367.171 ms                |
| ProcessBack:UpdateCache   | 745.257 ms                | 746.259 ms                |
+---------------------------+---------------------------+---------------------------+
+---------------------------+---------------------------+---------------------------+
| Name                      | P50                       | P99                       |
+---------------------------+---------------------------+---------------------------+
| GenInput                  | 879.688 us                | 879.688 us                |
| Forward                   | 549.945 ms                | 549.945 ms                |
| Backward                  | 275.137 ms                | 275.137 ms                |
| Optimize                  | 45.286 ms                 | 45.286 ms                 |
| BarrierTimeBeforeRank0    | 46.523 ms                 | 46.523 ms                 |
+---------------------------+---------------------------+---------------------------+
+---------------------------+---------------------------+---------------------------+
| Name                      | P50                       | P99                       |
+---------------------------+---------------------------+---------------------------+
| clean                     | 127.687 us                | 2.316 ms                  |
| ProcessBack:Shuffle       | 333.346 ms                | 367.171 ms                |
| ProcessBack:UpdateCache   | 745.257 ms                | 746.259 ms                |
+---------------------------+---------------------------+---------------------------+
+---------------------------+---------------------------+---------------------------+
| Name                      | P50                       | P99                       |
+---------------------------+---------------------------+---------------------------+
| GenInput                  | 879.688 us                | 879.688 us                |
| Forward                   | 549.945 ms                | 549.945 ms                |
| Backward                  | 275.137 ms                | 275.137 ms                |
| Optimize                  | 45.286 ms                 | 45.286 ms                 |
| BarrierTimeBeforeRank0    | 46.523 ms                 | 46.523 ms                 |
+---------------------------+---------------------------+---------------------------+
+---------------------------+---------------------------+---------------------------+
| Name                      | P50                       | P99                       |
+---------------------------+---------------------------+---------------------------+
| clean                     | 127.687 us                | 2.316 ms                  |
| ProcessBack:Shuffle       | 333.346 ms                | 367.171 ms                |
| ProcessBack:UpdateCache   | 745.257 ms                | 746.259 ms                |
+---------------------------+---------------------------+---------------------------+
+---------------------------+---------------------------+---------------------------+
| Name                      | P50                       | P99                       |
+---------------------------+---------------------------+---------------------------+
| GenInput                  | 879.688 us                | 879.688 us                |
| Forward                   | 549.945 ms                | 549.945 ms                |
| Backward                  | 275.137 ms                | 275.137 ms                |
| Optimize                  | 45.286 ms                 | 45.286 ms                 |
| BarrierTimeBeforeRank0    | 46.523 ms                 | 46.523 ms                 |
+---------------------------+---------------------------+---------------------------+
+---------------------------+---------------------------+---------------------------+
| Name                      | P50                       | P99                       |
+---------------------------+---------------------------+---------------------------+
| clean                     | 127.687 us                | 2.316 ms                  |
| ProcessBack:Shuffle       | 333.346 ms                | 367.171 ms                |
| ProcessBack:UpdateCache   | 745.257 ms                | 746.259 ms                |
+---------------------------+---------------------------+---------------------------+
+---------------------------+---------------------------+---------------------------+
| Name                      | P50                       | P99                       |
+---------------------------+---------------------------+---------------------------+
| GenInput                  | 879.688 us                | 879.688 us                |
| Forward                   | 549.945 ms                | 549.945 ms                |
| Backward                  | 275.137 ms                | 275.137 ms                |
| Optimize                  | 45.286 ms                 | 45.286 ms                 |
| BarrierTimeBeforeRank0    | 46.523 ms                 | 46.523 ms                 |
+---------------------------+---------------------------+---------------------------+
+---------------------------+---------------------------+---------------------------+
| Name                      | P50                       | P99                       |
+---------------------------+---------------------------+---------------------------+
| clean                     | 127.687 us                | 2.316 ms                  |
| ProcessBack:Shuffle       | 333.346 ms                | 367.171 ms                |
| ProcessBack:UpdateCache   | 745.257 ms                | 746.259 ms                |
+---------------------------+---------------------------+---------------------------+
+---------------------------+---------------------------+---------------------------+
| Name                      | P50                       | P99                       |
+---------------------------+---------------------------+---------------------------+
| GenInput                  | 879.688 us                | 879.688 us                |
| Forward                   | 549.945 ms                | 549.945 ms                |
| Backward                  | 275.137 ms                | 275.137 ms                |
| Optimize                  | 45.286 ms                 | 45.286 ms                 |
| BarrierTimeBeforeRank0    | 46.523 ms                 | 46.523 ms                 |
+---------------------------+---------------------------+---------------------------+
+---------------------------+---------------------------+---------------------------+
| Name                      | P50                       | P99                       |
+---------------------------+---------------------------+---------------------------+
| clean                     | 127.687 us                | 2.316 ms                  |
| ProcessBack:Shuffle       | 333.346 ms                | 367.171 ms                |
| ProcessBack:UpdateCache   | 745.257 ms                | 746.259 ms                |
+---------------------------+---------------------------+---------------------------+
+---------------------------+---------------------------+---------------------------+
| Name                      | P50                       | P99                       |
+---------------------------+---------------------------+---------------------------+
| GenInput                  | 879.688 us                | 879.688 us                |
| Forward                   | 549.945 ms                | 549.945 ms                |
| Backward                  | 275.137 ms                | 275.137 ms                |
| Optimize                  | 45.286 ms                 | 45.286 ms                 |
| BarrierTimeBeforeRank0    | 46.523 ms                 | 46.523 ms                 |
+---------------------------+---------------------------+---------------------------+
+---------------------------+---------------------------+---------------------------+
| Name                      | P50                       | P99                       |
+---------------------------+---------------------------+---------------------------+
| clean                     | 127.687 us                | 2.316 ms                  |
| ProcessBack:Shuffle       | 333.346 ms                | 367.171 ms                |
| ProcessBack:UpdateCache   | 745.257 ms                | 746.259 ms                |
+---------------------------+---------------------------+---------------------------+
+---------------------------+---------------------------+---------------------------+
| Name                      | P50                       | P99                       |
+---------------------------+---------------------------+---------------------------+
