WARNING: Logging before InitGoogleLogging() is written to STDERR
I20240202 14:03:58.298272 55969 IPC_barrier.h:128] MultiProcessBarrierFactory->ClearIPCMemory()
/data/home/xieminhui/RecStore/src/framework_adapters/torch/kg/dgl-0.9.1/python/dgl/_deprecate/graph.py:1023: DGLWarning: multigraph will be deprecated.DGL will treat all graphs as multigraph in the future.
  dgl_warning("multigraph will be deprecated." \
/data/home/xieminhui/RecStore/src/framework_adapters/torch/kg/dgl-0.9.1/python/dgl/heterograph.py:72: DGLWarning: Recommend creating graphs by `dgl.graph(data)` instead of `dgl.DGLGraph(data)`.
  dgl_warning('Recommend creating graphs by `dgl.graph(data)`'
Reading train triples....
Finished. Read 483142 train triples.
Reading valid triples....
Finished. Read 50000 valid triples.
Reading test triples....
Finished. Read 59071 test triples.
ARGS:  Namespace(model_name='TransE', data_path='/home/xieminhui/dgl-data', dataset='FB15k', format='built_in', data_files=None, delimiter='\t', save_path='/tmp/ckpts/TransE_FB15k_60', no_save_emb=True, max_step=500, batch_size=1200, batch_size_eval=16, neg_sample_size=200, neg_deg_sample=False, neg_deg_sample_eval=False, neg_sample_size_eval=14951, eval_percent=1, no_eval_filter=False, log_interval=100, eval_interval=10000, test=False, num_proc=8, num_thread=1, force_sync_interval=1, hidden_dim=400, lr=0.01, gamma=16.0, double_ent=False, double_rel=False, neg_adversarial_sampling=False, adversarial_temperature=1.0, regularization_coef=0.0, regularization_norm=3, pairwise=False, loss_genre='Logsigmoid', margin=1.0, nr_gpus=8, gpu=[0, 1, 2, 3, 4, 5, 6, 7], mix_cpu_gpu=True, valid=False, rel_part=False, async_update=None, has_edge_importance=False, cached_emb_type='KnownLocalCachedEmbedding', use_my_emb=True, cache_ratio=0.05, shuffle=False, backwardMode='PySync', L=10, update_cache_use_omp=0, update_pq_use_omp=0, kForwardItersPerStep=2, backgrad_init='both', eval_filter=True, soft_rel_part=False)
|Train|: 483142
original graph:  DGLGraph(num_nodes=14951, num_edges=592213,
         ndata_schemes={}
         edata_schemes={'tid': Scheme(shape=(), dtype=torch.int64)})
Loading cached metis
WARNING [55969 sampler.py:454] Start PreSampling
WARNING [55969 sampler.py:532] Before construct renumbering_dict
WARNING [55969 sampler.py:555] PreSampling done
W20240202 14:04:04.019512 55969 IPCTensor.h:369] NewIPCTensor: cached_sampler_r0_0 [1000000]0x100000002000 7.629 MB
W20240202 14:04:04.019829 55969 IPCTensor.h:369] NewIPCTensor: cached_sampler_r0_1 [1000000]0x1000007a5000 7.629 MB
W20240202 14:04:04.019870 55969 IPCTensor.h:369] NewIPCTensor: cached_sampler_r0_2 [1000000]0x100000f48000 7.629 MB
W20240202 14:04:04.019925 55969 IPCTensor.h:369] NewIPCTensor: cached_sampler_r0_3 [1000000]0x1000016eb000 7.629 MB
W20240202 14:04:04.019961 55969 IPCTensor.h:369] NewIPCTensor: cached_sampler_r0_4 [1000000]0x100001e8e000 7.629 MB
W20240202 14:04:04.020020 55969 IPCTensor.h:369] NewIPCTensor: cached_sampler_r0_5 [1000000]0x100002631000 7.629 MB
W20240202 14:04:04.020085 55969 IPCTensor.h:369] NewIPCTensor: cached_sampler_r0_6 [1000000]0x100002dd4000 7.629 MB
W20240202 14:04:04.020133 55969 IPCTensor.h:369] NewIPCTensor: cached_sampler_r0_7 [1000000]0x100003577000 7.629 MB
W20240202 14:04:04.020169 55969 IPCTensor.h:369] NewIPCTensor: cached_sampler_r0_8 [1000000]0x100003d1a000 7.629 MB
W20240202 14:04:04.020228 55969 IPCTensor.h:369] NewIPCTensor: cached_sampler_r0_9 [1000000]0x1000044bd000 7.629 MB
W20240202 14:04:04.020300 55969 IPCTensor.h:369] NewIPCTensor: step_r0 [10]0x100004c60000 80 B 
W20240202 14:04:04.020350 55969 IPCTensor.h:369] NewIPCTensor: circle_buffer_end_r0 [1]0x100004c62000 8 B 
W20240202 14:04:04.020412 55969 IPCTensor.h:369] NewIPCTensor: circle_buffer_end_cppseen_r0 [1]0x100004c64000 8 B 
W20240202 14:04:04.020561 55969 IPCTensor.h:369] NewIPCTensor: cached_sampler_r1_0 [1000000]0x100004c66000 7.629 MB
W20240202 14:04:04.020601 55969 IPCTensor.h:369] NewIPCTensor: cached_sampler_r1_1 [1000000]0x100005409000 7.629 MB
W20240202 14:04:04.020649 55969 IPCTensor.h:369] NewIPCTensor: cached_sampler_r1_2 [1000000]0x100005bac000 7.629 MB
W20240202 14:04:04.020691 55969 IPCTensor.h:369] NewIPCTensor: cached_sampler_r1_3 [1000000]0x10000634f000 7.629 MB
W20240202 14:04:04.020721 55969 IPCTensor.h:369] NewIPCTensor: cached_sampler_r1_4 [1000000]0x100006af2000 7.629 MB
W20240202 14:04:04.020759 55969 IPCTensor.h:369] NewIPCTensor: cached_sampler_r1_5 [1000000]0x100007295000 7.629 MB
W20240202 14:04:04.020788 55969 IPCTensor.h:369] NewIPCTensor: cached_sampler_r1_6 [1000000]0x100007a38000 7.629 MB
W20240202 14:04:04.020843 55969 IPCTensor.h:369] NewIPCTensor: cached_sampler_r1_7 [1000000]0x1000081db000 7.629 MB
W20240202 14:04:04.020875 55969 IPCTensor.h:369] NewIPCTensor: cached_sampler_r1_8 [1000000]0x10000897e000 7.629 MB
W20240202 14:04:04.020923 55969 IPCTensor.h:369] NewIPCTensor: cached_sampler_r1_9 [1000000]0x100009121000 7.629 MB
W20240202 14:04:04.020951 55969 IPCTensor.h:369] NewIPCTensor: step_r1 [10]0x1000098c4000 80 B 
W20240202 14:04:04.020977 55969 IPCTensor.h:369] NewIPCTensor: circle_buffer_end_r1 [1]0x1000098c6000 8 B 
W20240202 14:04:04.021004 55969 IPCTensor.h:369] NewIPCTensor: circle_buffer_end_cppseen_r1 [1]0x1000098c8000 8 B 
W20240202 14:04:04.021078 55969 IPCTensor.h:369] NewIPCTensor: cached_sampler_r2_0 [1000000]0x1000098ca000 7.629 MB
W20240202 14:04:04.021117 55969 IPCTensor.h:369] NewIPCTensor: cached_sampler_r2_1 [1000000]0x10000a06d000 7.629 MB
W20240202 14:04:04.021162 55969 IPCTensor.h:369] NewIPCTensor: cached_sampler_r2_2 [1000000]0x10000a810000 7.629 MB
W20240202 14:04:04.021209 55969 IPCTensor.h:369] NewIPCTensor: cached_sampler_r2_3 [1000000]0x10000afb3000 7.629 MB
W20240202 14:04:04.021250 55969 IPCTensor.h:369] NewIPCTensor: cached_sampler_r2_4 [1000000]0x10000b756000 7.629 MB
W20240202 14:04:04.021283 55969 IPCTensor.h:369] NewIPCTensor: cached_sampler_r2_5 [1000000]0x10000bef9000 7.629 MB
W20240202 14:04:04.021311 55969 IPCTensor.h:369] NewIPCTensor: cached_sampler_r2_6 [1000000]0x10000c69c000 7.629 MB
W20240202 14:04:04.021339 55969 IPCTensor.h:369] NewIPCTensor: cached_sampler_r2_7 [1000000]0x10000ce3f000 7.629 MB
W20240202 14:04:04.021385 55969 IPCTensor.h:369] NewIPCTensor: cached_sampler_r2_8 [1000000]0x10000d5e2000 7.629 MB
W20240202 14:04:04.021441 55969 IPCTensor.h:369] NewIPCTensor: cached_sampler_r2_9 [1000000]0x10000dd85000 7.629 MB
W20240202 14:04:04.021471 55969 IPCTensor.h:369] NewIPCTensor: step_r2 [10]0x10000e528000 80 B 
W20240202 14:04:04.021495 55969 IPCTensor.h:369] NewIPCTensor: circle_buffer_end_r2 [1]0x10000e52a000 8 B 
W20240202 14:04:04.021528 55969 IPCTensor.h:369] NewIPCTensor: circle_buffer_end_cppseen_r2 [1]0x10000e52c000 8 B 
W20240202 14:04:04.021584 55969 IPCTensor.h:369] NewIPCTensor: cached_sampler_r3_0 [1000000]0x10000e52e000 7.629 MB
W20240202 14:04:04.021625 55969 IPCTensor.h:369] NewIPCTensor: cached_sampler_r3_1 [1000000]0x10000ecd1000 7.629 MB
W20240202 14:04:04.021672 55969 IPCTensor.h:369] NewIPCTensor: cached_sampler_r3_2 [1000000]0x10000f474000 7.629 MB
W20240202 14:04:04.021732 55969 IPCTensor.h:369] NewIPCTensor: cached_sampler_r3_3 [1000000]0x10000fc17000 7.629 MB
W20240202 14:04:04.021765 55969 IPCTensor.h:369] NewIPCTensor: cached_sampler_r3_4 [1000000]0x1000103ba000 7.629 MB
W20240202 14:04:04.021793 55969 IPCTensor.h:369] NewIPCTensor: cached_sampler_r3_5 [1000000]0x100010b5d000 7.629 MB
W20240202 14:04:04.021832 55969 IPCTensor.h:369] NewIPCTensor: cached_sampler_r3_6 [1000000]0x100011300000 7.629 MB
W20240202 14:04:04.021878 55969 IPCTensor.h:369] NewIPCTensor: cached_sampler_r3_7 [1000000]0x100011aa3000 7.629 MB
W20240202 14:04:04.021930 55969 IPCTensor.h:369] NewIPCTensor: cached_sampler_r3_8 [1000000]0x100012246000 7.629 MB
W20240202 14:04:04.021975 55969 IPCTensor.h:369] NewIPCTensor: cached_sampler_r3_9 [1000000]0x1000129e9000 7.629 MB
W20240202 14:04:04.022028 55969 IPCTensor.h:369] NewIPCTensor: step_r3 [10]0x10001318c000 80 B 
W20240202 14:04:04.022054 55969 IPCTensor.h:369] NewIPCTensor: circle_buffer_end_r3 [1]0x10001318e000 8 B 
W20240202 14:04:04.022086 55969 IPCTensor.h:369] NewIPCTensor: circle_buffer_end_cppseen_r3 [1]0x100013190000 8 B 
W20240202 14:04:04.022148 55969 IPCTensor.h:369] NewIPCTensor: cached_sampler_r4_0 [1000000]0x100013192000 7.629 MB
W20240202 14:04:04.022181 55969 IPCTensor.h:369] NewIPCTensor: cached_sampler_r4_1 [1000000]0x100013935000 7.629 MB
W20240202 14:04:04.022214 55969 IPCTensor.h:369] NewIPCTensor: cached_sampler_r4_2 [1000000]0x1000140d8000 7.629 MB
W20240202 14:04:04.022243 55969 IPCTensor.h:369] NewIPCTensor: cached_sampler_r4_3 [1000000]0x10001487b000 7.629 MB
W20240202 14:04:04.022284 55969 IPCTensor.h:369] NewIPCTensor: cached_sampler_r4_4 [1000000]0x10001501e000 7.629 MB
W20240202 14:04:04.022320 55969 IPCTensor.h:369] NewIPCTensor: cached_sampler_r4_5 [1000000]0x1000157c1000 7.629 MB
W20240202 14:04:04.022356 55969 IPCTensor.h:369] NewIPCTensor: cached_sampler_r4_6 [1000000]0x100015f64000 7.629 MB
W20240202 14:04:04.022387 55969 IPCTensor.h:369] NewIPCTensor: cached_sampler_r4_7 [1000000]0x100016707000 7.629 MB
W20240202 14:04:04.022435 55969 IPCTensor.h:369] NewIPCTensor: cached_sampler_r4_8 [1000000]0x100016eaa000 7.629 MB
W20240202 14:04:04.022475 55969 IPCTensor.h:369] NewIPCTensor: cached_sampler_r4_9 [1000000]0x10001764d000 7.629 MB
W20240202 14:04:04.022513 55969 IPCTensor.h:369] NewIPCTensor: step_r4 [10]0x100017df0000 80 B 
W20240202 14:04:04.022538 55969 IPCTensor.h:369] NewIPCTensor: circle_buffer_end_r4 [1]0x100017df2000 8 B 
W20240202 14:04:04.022570 55969 IPCTensor.h:369] NewIPCTensor: circle_buffer_end_cppseen_r4 [1]0x100017df4000 8 B 
W20240202 14:04:04.022622 55969 IPCTensor.h:369] NewIPCTensor: cached_sampler_r5_0 [1000000]0x100017df6000 7.629 MB
W20240202 14:04:04.022665 55969 IPCTensor.h:369] NewIPCTensor: cached_sampler_r5_1 [1000000]0x100018599000 7.629 MB
W20240202 14:04:04.022693 55969 IPCTensor.h:369] NewIPCTensor: cached_sampler_r5_2 [1000000]0x100018d3c000 7.629 MB
W20240202 14:04:04.022729 55969 IPCTensor.h:369] NewIPCTensor: cached_sampler_r5_3 [1000000]0x1000194df000 7.629 MB
W20240202 14:04:04.022764 55969 IPCTensor.h:369] NewIPCTensor: cached_sampler_r5_4 [1000000]0x100019c82000 7.629 MB
W20240202 14:04:04.022825 55969 IPCTensor.h:369] NewIPCTensor: cached_sampler_r5_5 [1000000]0x10001a425000 7.629 MB
W20240202 14:04:04.022889 55969 IPCTensor.h:369] NewIPCTensor: cached_sampler_r5_6 [1000000]0x10001abc8000 7.629 MB
W20240202 14:04:04.022934 55969 IPCTensor.h:369] NewIPCTensor: cached_sampler_r5_7 [1000000]0x10001b36b000 7.629 MB
W20240202 14:04:04.022971 55969 IPCTensor.h:369] NewIPCTensor: cached_sampler_r5_8 [1000000]0x10001bb0e000 7.629 MB
W20240202 14:04:04.023000 55969 IPCTensor.h:369] NewIPCTensor: cached_sampler_r5_9 [1000000]0x10001c2b1000 7.629 MB
W20240202 14:04:04.023028 55969 IPCTensor.h:369] NewIPCTensor: step_r5 [10]0x10001ca54000 80 B 
W20240202 14:04:04.023053 55969 IPCTensor.h:369] NewIPCTensor: circle_buffer_end_r5 [1]0x10001ca56000 8 B 
W20240202 14:04:04.023085 55969 IPCTensor.h:369] NewIPCTensor: circle_buffer_end_cppseen_r5 [1]0x10001ca58000 8 B 
W20240202 14:04:04.023137 55969 IPCTensor.h:369] NewIPCTensor: cached_sampler_r6_0 [1000000]0x10001ca5a000 7.629 MB
W20240202 14:04:04.023169 55969 IPCTensor.h:369] NewIPCTensor: cached_sampler_r6_1 [1000000]0x10001d1fd000 7.629 MB
W20240202 14:04:04.023208 55969 IPCTensor.h:369] NewIPCTensor: cached_sampler_r6_2 [1000000]0x10001d9a0000 7.629 MB
W20240202 14:04:04.023237 55969 IPCTensor.h:369] NewIPCTensor: cached_sampler_r6_3 [1000000]0x10001e143000 7.629 MB
W20240202 14:04:04.023267 55969 IPCTensor.h:369] NewIPCTensor: cached_sampler_r6_4 [1000000]0x10001e8e6000 7.629 MB
W20240202 14:04:04.023303 55969 IPCTensor.h:369] NewIPCTensor: cached_sampler_r6_5 [1000000]0x10001f089000 7.629 MB
W20240202 14:04:04.023339 55969 IPCTensor.h:369] NewIPCTensor: cached_sampler_r6_6 [1000000]0x10001f82c000 7.629 MB
W20240202 14:04:04.023367 55969 IPCTensor.h:369] NewIPCTensor: cached_sampler_r6_7 [1000000]0x10001ffcf000 7.629 MB
W20240202 14:04:04.023407 55969 IPCTensor.h:369] NewIPCTensor: cached_sampler_r6_8 [1000000]0x100020772000 7.629 MB
W20240202 14:04:04.023445 55969 IPCTensor.h:369] NewIPCTensor: cached_sampler_r6_9 [1000000]0x100020f15000 7.629 MB
W20240202 14:04:04.023487 55969 IPCTensor.h:369] NewIPCTensor: step_r6 [10]0x1000216b8000 80 B 
W20240202 14:04:04.023512 55969 IPCTensor.h:369] NewIPCTensor: circle_buffer_end_r6 [1]0x1000216ba000 8 B 
W20240202 14:04:04.023542 55969 IPCTensor.h:369] NewIPCTensor: circle_buffer_end_cppseen_r6 [1]0x1000216bc000 8 B 
W20240202 14:04:04.023605 55969 IPCTensor.h:369] NewIPCTensor: cached_sampler_r7_0 [1000000]0x1000216be000 7.629 MB
W20240202 14:04:04.023644 55969 IPCTensor.h:369] NewIPCTensor: cached_sampler_r7_1 [1000000]0x100021e61000 7.629 MB
W20240202 14:04:04.023694 55969 IPCTensor.h:369] NewIPCTensor: cached_sampler_r7_2 [1000000]0x100022604000 7.629 MB
W20240202 14:04:04.023725 55969 IPCTensor.h:369] NewIPCTensor: cached_sampler_r7_3 [1000000]0x100022da7000 7.629 MB
W20240202 14:04:04.023752 55969 IPCTensor.h:369] NewIPCTensor: cached_sampler_r7_4 [1000000]0x10002354a000 7.629 MB
W20240202 14:04:04.023784 55969 IPCTensor.h:369] NewIPCTensor: cached_sampler_r7_5 [1000000]0x100023ced000 7.629 MB
W20240202 14:04:04.023813 55969 IPCTensor.h:369] NewIPCTensor: cached_sampler_r7_6 [1000000]0x100024490000 7.629 MB
W20240202 14:04:04.023844 55969 IPCTensor.h:369] NewIPCTensor: cached_sampler_r7_7 [1000000]0x100024c33000 7.629 MB
W20240202 14:04:04.023881 55969 IPCTensor.h:369] NewIPCTensor: cached_sampler_r7_8 [1000000]0x1000253d6000 7.629 MB
W20240202 14:04:04.023911 55969 IPCTensor.h:369] NewIPCTensor: cached_sampler_r7_9 [1000000]0x100025b79000 7.629 MB
W20240202 14:04:04.023949 55969 IPCTensor.h:369] NewIPCTensor: step_r7 [10]0x10002631c000 80 B 
W20240202 14:04:04.023974 55969 IPCTensor.h:369] NewIPCTensor: circle_buffer_end_r7 [1]0x10002631e000 8 B 
W20240202 14:04:04.023999 55969 IPCTensor.h:369] NewIPCTensor: circle_buffer_end_cppseen_r7 [1]0x100026320000 8 B 
W20240202 14:04:04.285223 55969 IPCTensor.h:369] NewIPCTensor: full_emb [14951, 400]0x100026322000 22.81 MB
W20240202 14:04:04.378123 55969 IPCTensor.h:369] NewIPCTensor: full_emb_SparseRowWiseAdaGrad_sum [14951]0x1000279f4000 58.4 kB
{0: Graph(num_nodes=8499, num_edges=86694,
      ndata_schemes={'_ID': Scheme(shape=(), dtype=torch.int64), 'inner_node': Scheme(shape=(), dtype=torch.int32), 'part_id': Scheme(shape=(), dtype=torch.int64)}
      edata_schemes={'_ID': Scheme(shape=(), dtype=torch.int64), 'inner_edge': Scheme(shape=(), dtype=torch.int8)}), 1: Graph(num_nodes=6140, num_edges=88951,
      ndata_schemes={'_ID': Scheme(shape=(), dtype=torch.int64), 'inner_node': Scheme(shape=(), dtype=torch.int32), 'part_id': Scheme(shape=(), dtype=torch.int64)}
      edata_schemes={'_ID': Scheme(shape=(), dtype=torch.int64), 'inner_edge': Scheme(shape=(), dtype=torch.int8)}), 2: Graph(num_nodes=8646, num_edges=109741,
      ndata_schemes={'_ID': Scheme(shape=(), dtype=torch.int64), 'inner_node': Scheme(shape=(), dtype=torch.int32), 'part_id': Scheme(shape=(), dtype=torch.int64)}
      edata_schemes={'_ID': Scheme(shape=(), dtype=torch.int64), 'inner_edge': Scheme(shape=(), dtype=torch.int8)}), 3: Graph(num_nodes=8503, num_edges=86907,
      ndata_schemes={'_ID': Scheme(shape=(), dtype=torch.int64), 'inner_node': Scheme(shape=(), dtype=torch.int32), 'part_id': Scheme(shape=(), dtype=torch.int64)}
      edata_schemes={'_ID': Scheme(shape=(), dtype=torch.int64), 'inner_edge': Scheme(shape=(), dtype=torch.int8)}), 4: Graph(num_nodes=10597, num_edges=122217,
      ndata_schemes={'_ID': Scheme(shape=(), dtype=torch.int64), 'inner_node': Scheme(shape=(), dtype=torch.int32), 'part_id': Scheme(shape=(), dtype=torch.int64)}
      edata_schemes={'_ID': Scheme(shape=(), dtype=torch.int64), 'inner_edge': Scheme(shape=(), dtype=torch.int8)}), 5: Graph(num_nodes=8255, num_edges=102550,
      ndata_schemes={'_ID': Scheme(shape=(), dtype=torch.int64), 'inner_node': Scheme(shape=(), dtype=torch.int32), 'part_id': Scheme(shape=(), dtype=torch.int64)}
      edata_schemes={'_ID': Scheme(shape=(), dtype=torch.int64), 'inner_edge': Scheme(shape=(), dtype=torch.int8)}), 6: Graph(num_nodes=7422, num_edges=104094,
      ndata_schemes={'_ID': Scheme(shape=(), dtype=torch.int64), 'inner_node': Scheme(shape=(), dtype=torch.int32), 'part_id': Scheme(shape=(), dtype=torch.int64)}
      edata_schemes={'_ID': Scheme(shape=(), dtype=torch.int64), 'inner_edge': Scheme(shape=(), dtype=torch.int8)}), 7: Graph(num_nodes=7815, num_edges=137832,
      ndata_schemes={'_ID': Scheme(shape=(), dtype=torch.int64), 'inner_node': Scheme(shape=(), dtype=torch.int32), 'part_id': Scheme(shape=(), dtype=torch.int64)}
      edata_schemes={'_ID': Scheme(shape=(), dtype=torch.int64), 'inner_edge': Scheme(shape=(), dtype=torch.int8)})}
MertisPartition: part 0 has 8499 N 86694 E
MertisPartition: part 1 has 6140 N 88951 E
MertisPartition: part 2 has 8646 N 109741 E
MertisPartition: part 3 has 8503 N 86907 E
MertisPartition: part 4 has 10597 N 122217 E
MertisPartition: part 5 has 8255 N 102550 E
MertisPartition: part 6 has 7422 N 104094 E
MertisPartition: part 7 has 7815 N 137832 E
Rank0: cached key size 93
Rank1: cached key size 93
Rank2: cached key size 93
Rank3: cached key size 93
Rank4: cached key size 93
Rank5: cached key size 93
Rank6: cached key size 93
Rank7: cached key size 93
Before renumbering graph:  {'_ID': tensor([    0,    15,    36,  ..., 11946,  9147, 13282]), 'inner_node': tensor([1, 1, 1,  ..., 0, 0, 0], dtype=torch.int32), 'part_id': tensor([0, 0, 0,  ..., 6, 3, 7])}
After renumbering graph:  {'_ID': tensor([ 744, 1133, 1636,  ..., 6641, 8675, 8056]), 'inner_node': tensor([1, 1, 1,  ..., 0, 0, 0], dtype=torch.int32), 'part_id': tensor([0, 0, 0,  ..., 6, 3, 7])}
part_g: DGLGraph(num_nodes=8499, num_edges=86694,
         ndata_schemes={'_ID': Scheme(shape=(), dtype=torch.int64)}
         edata_schemes={'tid': Scheme(shape=(), dtype=torch.int64)})
part_g: DGLGraph(num_nodes=8499, num_edges=86694,
         ndata_schemes={'_ID': Scheme(shape=(), dtype=torch.int64)}
         edata_schemes={'tid': Scheme(shape=(), dtype=torch.int64)})
Total initialize time 6.181 seconds
[Rank1] pid = 56395
[Rank2] pid = 56426
[Rank3] pid = 56525
[Rank4] pid = 56589
[Rank5] pid = 56620
[Rank6] pid = 56718
INFO [55969 distributed_c10d.py:442] Added key: store_based_barrier_key:1 to store for rank: 0
INFO [56395 distributed_c10d.py:442] Added key: store_based_barrier_key:1 to store for rank: 1
INFO [56426 distributed_c10d.py:442] Added key: store_based_barrier_key:1 to store for rank: 2
INFO [56525 distributed_c10d.py:442] Added key: store_based_barrier_key:1 to store for rank: 3
INFO [56620 distributed_c10d.py:442] Added key: store_based_barrier_key:1 to store for rank: 5
INFO [56589 distributed_c10d.py:442] Added key: store_based_barrier_key:1 to store for rank: 4
INFO [56718 distributed_c10d.py:442] Added key: store_based_barrier_key:1 to store for rank: 6
INFO [56724 distributed_c10d.py:442] Added key: store_based_barrier_key:1 to store for rank: 7
INFO [56718 distributed_c10d.py:476] Rank 6: Completed store-based barrier for key:store_based_barrier_key:1 with 8 nodes.
INFO [56620 distributed_c10d.py:476] Rank 5: Completed store-based barrier for key:store_based_barrier_key:1 with 8 nodes.
INFO [56724 distributed_c10d.py:476] Rank 7: Completed store-based barrier for key:store_based_barrier_key:1 with 8 nodes.
INFO [56589 distributed_c10d.py:476] Rank 4: Completed store-based barrier for key:store_based_barrier_key:1 with 8 nodes.
INFO [56525 distributed_c10d.py:476] Rank 3: Completed store-based barrier for key:store_based_barrier_key:1 with 8 nodes.
INFO [56426 distributed_c10d.py:476] Rank 2: Completed store-based barrier for key:store_based_barrier_key:1 with 8 nodes.
INFO [55969 distributed_c10d.py:476] Rank 0: Completed store-based barrier for key:store_based_barrier_key:1 with 8 nodes.
INFO [56395 distributed_c10d.py:476] Rank 1: Completed store-based barrier for key:store_based_barrier_key:1 with 8 nodes.
W20240202 14:04:07.132277 56725 IPCTensor.h:409] NewIPCGPUTensor: embedding_cache_6 [747, 400]; dev=6; size=1.14 MB
W20240202 14:04:07.134435 56726 IPCTensor.h:409] NewIPCGPUTensor: embedding_cache_0 [747, 400]; dev=0; size=1.14 MB
W20240202 14:04:07.135109 56776 IPCTensor.h:409] NewIPCGPUTensor: embedding_cache_7 [747, 400]; dev=7; size=1.14 MB
W20240202 14:04:07.135079 56654 IPCTensor.h:409] NewIPCGPUTensor: embedding_cache_5 [747, 400]; dev=5; size=1.14 MB
W20240202 14:04:07.135259 56526 IPCTensor.h:409] NewIPCGPUTensor: embedding_cache_3 [747, 400]; dev=3; size=1.14 MB
W20240202 14:04:07.135313 56590 IPCTensor.h:409] NewIPCGPUTensor: embedding_cache_4 [747, 400]; dev=4; size=1.14 MB
W20240202 14:04:07.135324 56462 IPCTensor.h:409] NewIPCGPUTensor: embedding_cache_2 [747, 400]; dev=2; size=1.14 MB
W20240202 14:04:07.135394 56396 IPCTensor.h:409] NewIPCGPUTensor: embedding_cache_1 [747, 400]; dev=1; size=1.14 MB
W20240202 14:04:07.163410 56776 IPCTensor.h:369] NewIPCTensor: input_keys_7 [1000000]0x100027a08000 7.629 MB
W20240202 14:04:07.163471 56725 IPCTensor.h:369] NewIPCTensor: input_keys_6 [1000000]0x1000281ab000 7.629 MB
W20240202 14:04:07.163735 56776 IPCTensor.h:369] NewIPCTensor: input_keys_neg_7 [1000000]0x10002894e000 7.629 MB
W20240202 14:04:07.163813 56725 IPCTensor.h:369] NewIPCTensor: input_keys_neg_6 [1000000]0x1000290f1000 7.629 MB
W20240202 14:04:07.163875 56776 IPCTensor.h:369] NewIPCTensor: backward_grads_7 [1000000, 400]0x100029894000 1.49 GB
W20240202 14:04:07.163969 56776 IPCTensor.h:369] NewIPCTensor: backward_grads_neg_7 [1000000, 400]0x100088e77000 1.49 GB
W20240202 14:04:07.163982 56725 IPCTensor.h:369] NewIPCTensor: backward_grads_6 [1000000, 400]0x1000e845a000 1.49 GB
W20240202 14:04:07.164062 56776 IPCTensor.h:409] NewIPCGPUTensor: backward_grads_7_gpu [1000000, 400]; dev=7; size=1.49 GB
W20240202 14:04:07.164144 56725 IPCTensor.h:369] NewIPCTensor: backward_grads_neg_6 [1000000, 400]0x100147a3f000 1.49 GB
W20240202 14:04:07.164352 56590 IPCTensor.h:369] NewIPCTensor: input_keys_4 [1000000]0x1001a7022000 7.629 MB
W20240202 14:04:07.164505 56590 IPCTensor.h:369] NewIPCTensor: input_keys_neg_4 [1000000]0x1001a77c5000 7.629 MB
W20240202 14:04:07.164598 56590 IPCTensor.h:369] NewIPCTensor: backward_grads_4 [1000000, 400]0x1001a7f68000 1.49 GB
W20240202 14:04:07.164673 56590 IPCTensor.h:369] NewIPCTensor: backward_grads_neg_4 [1000000, 400]0x10020754b000 1.49 GB
W20240202 14:04:07.166530 56590 IPCTensor.h:409] NewIPCGPUTensor: backward_grads_4_gpu [1000000, 400]; dev=4; size=1.49 GB
W20240202 14:04:07.166554 56725 IPCTensor.h:409] NewIPCGPUTensor: backward_grads_6_gpu [1000000, 400]; dev=6; size=1.49 GB
W20240202 14:04:07.170575 56776 IPCTensor.h:409] NewIPCGPUTensor: backward_grads_neg_7_gpu [1000000, 400]; dev=7; size=1.49 GB
W20240202 14:04:07.170646 56726 IPCTensor.h:369] NewIPCTensor: input_keys_0 [1000000]0x100266b38000 7.629 MB
W20240202 14:04:07.170686 56526 IPCTensor.h:369] NewIPCTensor: input_keys_3 [1000000]0x1002672db000 7.629 MB
W20240202 14:04:07.170754 56654 IPCTensor.h:369] NewIPCTensor: input_keys_5 [1000000]0x100267a7e000 7.629 MB
W20240202 14:04:07.170778 56396 IPCTensor.h:369] NewIPCTensor: input_keys_1 [1000000]0x100268221000 7.629 MB
W20240202 14:04:07.170810 56726 IPCTensor.h:369] NewIPCTensor: input_keys_neg_0 [1000000]0x1002689c4000 7.629 MB
W20240202 14:04:07.170846 56526 IPCTensor.h:369] NewIPCTensor: input_keys_neg_3 [1000000]0x100269167000 7.629 MB
W20240202 14:04:07.170881 56726 IPCTensor.h:369] NewIPCTensor: backward_grads_0 [1000000, 400]0x10026990a000 1.49 GB
W20240202 14:04:07.170920 56654 IPCTensor.h:369] NewIPCTensor: input_keys_neg_5 [1000000]0x1002c8eed000 7.629 MB
W20240202 14:04:07.170935 56526 IPCTensor.h:369] NewIPCTensor: backward_grads_3 [1000000, 400]0x1002c9690000 1.49 GB
W20240202 14:04:07.170944 56396 IPCTensor.h:369] NewIPCTensor: input_keys_neg_1 [1000000]0x100328c73000 7.629 MB
W20240202 14:04:07.170948 56726 IPCTensor.h:369] NewIPCTensor: backward_grads_neg_0 [1000000, 400]0x100329416000 1.49 GB
W20240202 14:04:07.171010 56526 IPCTensor.h:369] NewIPCTensor: backward_grads_neg_3 [1000000, 400]0x1003889f9000 1.49 GB
W20240202 14:04:07.171015 56726 IPCTensor.h:409] NewIPCGPUTensor: backward_grads_0_gpu [1000000, 400]; dev=0; size=1.49 GB
W20240202 14:04:07.171020 56654 IPCTensor.h:369] NewIPCTensor: backward_grads_5 [1000000, 400]0x1003e7fdc000 1.49 GB
W20240202 14:04:07.171051 56396 IPCTensor.h:369] NewIPCTensor: backward_grads_1 [1000000, 400]0x1004475bf000 1.49 GB
W20240202 14:04:07.171074 56526 IPCTensor.h:409] NewIPCGPUTensor: backward_grads_3_gpu [1000000, 400]; dev=3; size=1.49 GB
W20240202 14:04:07.171113 56654 IPCTensor.h:369] NewIPCTensor: backward_grads_neg_5 [1000000, 400]0x1004a6ba2000 1.49 GB
W20240202 14:04:07.171121 56396 IPCTensor.h:369] NewIPCTensor: backward_grads_neg_1 [1000000, 400]0x100506185000 1.49 GB
W20240202 14:04:07.171166 56654 IPCTensor.h:409] NewIPCGPUTensor: backward_grads_5_gpu [1000000, 400]; dev=5; size=1.49 GB
W20240202 14:04:07.171168 56396 IPCTensor.h:409] NewIPCGPUTensor: backward_grads_1_gpu [1000000, 400]; dev=1; size=1.49 GB
W20240202 14:04:07.172703 56590 IPCTensor.h:409] NewIPCGPUTensor: backward_grads_neg_4_gpu [1000000, 400]; dev=4; size=1.49 GB
W20240202 14:04:07.172706 56725 IPCTensor.h:409] NewIPCGPUTensor: backward_grads_neg_6_gpu [1000000, 400]; dev=6; size=1.49 GB
W20240202 14:04:07.179584 56462 IPCTensor.h:369] NewIPCTensor: input_keys_2 [1000000]0x10056576e000 7.629 MB
W20240202 14:04:07.179737 56462 IPCTensor.h:369] NewIPCTensor: input_keys_neg_2 [1000000]0x100565f11000 7.629 MB
W20240202 14:04:07.179811 56462 IPCTensor.h:369] NewIPCTensor: backward_grads_2 [1000000, 400]0x1005666b4000 1.49 GB
W20240202 14:04:07.179872 56462 IPCTensor.h:369] NewIPCTensor: backward_grads_neg_2 [1000000, 400]0x1005c5c97000 1.49 GB
W20240202 14:04:07.179920 56462 IPCTensor.h:409] NewIPCGPUTensor: backward_grads_2_gpu [1000000, 400]; dev=2; size=1.49 GB
W20240202 14:04:07.185276 56726 IPCTensor.h:409] NewIPCGPUTensor: backward_grads_neg_0_gpu [1000000, 400]; dev=0; size=1.49 GB
W20240202 14:04:07.185338 56526 IPCTensor.h:409] NewIPCGPUTensor: backward_grads_neg_3_gpu [1000000, 400]; dev=3; size=1.49 GB
W20240202 14:04:07.185348 56396 IPCTensor.h:409] NewIPCGPUTensor: backward_grads_neg_1_gpu [1000000, 400]; dev=1; size=1.49 GB
W20240202 14:04:07.185366 56654 IPCTensor.h:409] NewIPCGPUTensor: backward_grads_neg_5_gpu [1000000, 400]; dev=5; size=1.49 GB
W20240202 14:04:07.185433 56462 IPCTensor.h:409] NewIPCGPUTensor: backward_grads_neg_2_gpu [1000000, 400]; dev=2; size=1.49 GB
cudaHostRegister 0x100026322000
3: KnownLocalCachedEmbedding init done
WARNING [56525 DistTensor.py:59] The tensor name already exists in the kvstore
cudaHostRegister 0x100026322000
2: KnownLocalCachedEmbedding init done
WARNING [56426 DistTensor.py:59] The tensor name already exists in the kvstore
cudaHostRegister 0x100026322000
5: KnownLocalCachedEmbedding init done
WARNING [56620 DistTensor.py:59] The tensor name already exists in the kvstore
cudaHostRegister 0x100026322000
4: KnownLocalCachedEmbedding init done
WARNING [56589 DistTensor.py:59] The tensor name already exists in the kvstore
cudaHostRegister 0x100026322000
6: KnownLocalCachedEmbedding init done
WARNING [56718 DistTensor.py:59] The tensor name already exists in the kvstore
cudaHostRegister 0x100026322000
1: KnownLocalCachedEmbedding init done
WARNING [56395 DistTensor.py:59] The tensor name already exists in the kvstore
[Rank7] pid = 56724
New CachedEmbedding, name=full_emb, shape=(14951, 400), cache_type=KnownLocalCachedEmbedding
fixed cache_range is [(0, 747), (747, 1494), (1494, 2241), (2241, 2988), (2988, 3735), (3735, 4482), (4482, 5229), (5229, 5976)]
cudaHostRegister 0x100026322000
0: KnownLocalCachedEmbedding init done
WARNING [55969 DistTensor.py:59] The tensor name already exists in the kvstore
cudaHostRegister 0x100026322000
7: KnownLocalCachedEmbedding init done
WARNING [56724 DistTensor.py:59] The tensor name already exists in the kvstore
I20240202 14:04:09.705848 56776 IPC_barrier.h:118] CreateBarrier: new barrier, name: kgcachecontroller, count: 8
I20240202 14:04:09.706043 56725 IPC_barrier.h:112] CreateBarrier: find existing barrier, name: kgcachecontroller, count: 8
I20240202 14:04:09.706956 56526 IPC_barrier.h:112] CreateBarrier: find existing barrier, name: kgcachecontroller, count: 8
I20240202 14:04:09.707041 56462 IPC_barrier.h:112] CreateBarrier: find existing barrier, name: kgcachecontroller, count: 8
I20240202 14:04:09.707123 56396 IPC_barrier.h:112] CreateBarrier: find existing barrier, name: kgcachecontroller, count: 8
I20240202 14:04:09.707322 56590 IPC_barrier.h:112] CreateBarrier: find existing barrier, name: kgcachecontroller, count: 8
I20240202 14:04:09.707485 56726 IPC_barrier.h:112] CreateBarrier: find existing barrier, name: kgcachecontroller, count: 8
I20240202 14:04:09.707609 56654 IPC_barrier.h:112] CreateBarrier: find existing barrier, name: kgcachecontroller, count: 8
E20240202 14:04:11.493732 56776 recstore.cc:66] init folly done
E20240202 14:04:11.494338 56590 recstore.cc:66] init folly done
E20240202 14:04:11.494485 56726 recstore.cc:66] init folly done
E20240202 14:04:11.494805 56396 recstore.cc:66] init folly done
E20240202 14:04:11.494910 56725 recstore.cc:66] init folly done
E20240202 14:04:11.495064 56526 recstore.cc:66] init folly done
E20240202 14:04:11.495404 56654 recstore.cc:66] init folly done
E20240202 14:04:11.495417 56462 recstore.cc:66] init folly done
I20240202 14:04:11.564476 56654 IPC_barrier.h:118] CreateBarrier: new barrier, name: start_barrier, count: 8
I20240202 14:04:11.565039 56396 IPC_barrier.h:112] CreateBarrier: find existing barrier, name: start_barrier, count: 8
I20240202 14:04:11.570909 56776 IPC_barrier.h:112] CreateBarrier: find existing barrier, name: start_barrier, count: 8
I20240202 14:04:11.573071 56726 IPC_barrier.h:112] CreateBarrier: find existing barrier, name: start_barrier, count: 8
I20240202 14:04:11.578286 56462 IPC_barrier.h:112] CreateBarrier: find existing barrier, name: start_barrier, count: 8
I20240202 14:04:11.584214 56526 IPC_barrier.h:112] CreateBarrier: find existing barrier, name: start_barrier, count: 8
I20240202 14:04:11.584858 56725 IPC_barrier.h:112] CreateBarrier: find existing barrier, name: start_barrier, count: 8
I20240202 14:04:11.584980 56590 IPC_barrier.h:112] CreateBarrier: find existing barrier, name: start_barrier, count: 8
+---------------------------+---------------------------+---------------------------+
| Name                      | P50                       | P99                       |
+---------------------------+---------------------------+---------------------------+
| GenInput                  | 791.425 us                | 791.425 us                |
| Forward                   | 609.596 ms                | 609.596 ms                |
+---------------------------+---------------------------+---------------------------+
+---------------------------+---------------------------+---------------------------+
| Name                      | P50                       | P99                       |
+---------------------------+---------------------------+---------------------------+
| GenInput                  | 1.285 ms                  | 22.959 ms                 |
| Forward                   | 4.999 ms                  | 609.596 ms                |
| Backward                  | 130.463 ms                | 2.797 s                   |
| Optimize                  | 32.943 ms                 | 44.735 ms                 |
| BarrierTimeBeforeRank0    | 73.044 us                 | 158.085 us                |
| BlockToStepN              | 47.097 us                 | 794.180 us                |
| OneStep                   | 175.380 ms                | 3.455 s                   |
+---------------------------+---------------------------+---------------------------+
+---------------------------+---------------------------+---------------------------+
| Name                      | P50                       | P99                       |
+---------------------------+---------------------------+---------------------------+
| GenInput                  | 1.567 ms                  | 21.490 ms                 |
| Forward                   | 4.815 ms                  | 9.464 ms                  |
| Backward                  | 130.961 ms                | 170.294 ms                |
| Optimize                  | 33.110 ms                 | 42.532 ms                 |
| BarrierTimeBeforeRank0    | 63.220 us                 | 137.913 us                |
| BlockToStepN              | 49.289 us                 | 794.180 us                |
| OneStep                   | 176.510 ms                | 217.710 ms                |
+---------------------------+---------------------------+---------------------------+
+---------------------------+---------------------------+---------------------------+
| Name                      | P50                       | P99                       |
+---------------------------+---------------------------+---------------------------+
| GenInput                  | 1.390 ms                  | 21.490 ms                 |
| Forward                   | 4.762 ms                  | 9.464 ms                  |
| Backward                  | 130.681 ms                | 179.557 ms                |
| Optimize                  | 32.188 ms                 | 42.532 ms                 |
| BarrierTimeBeforeRank0    | 58.753 us                 | 158.085 us                |
| BlockToStepN              | 48.274 us                 | 794.180 us                |
| OneStep                   | 173.977 ms                | 219.854 ms                |
+---------------------------+---------------------------+---------------------------+
train_sampler.Prefill()
before start barrier
start train
[proc 3] 100 steps, total: 20.667, sample: 0.328, forward: 1.059, backward: 12.824, update: 0.315
train_sampler.Prefill()
before start barrier
start train
[proc 7] 100 steps, total: 20.680, sample: 0.299, forward: 0.950, backward: 12.960, update: 0.305
train_sampler.Prefill()
before start barrier
start train
[proc 4] 100 steps, total: 20.666, sample: 0.327, forward: 1.020, backward: 12.848, update: 0.328
train_sampler.Prefill()
before start barrier
start train
[proc 5] 100 steps, total: 20.687, sample: 0.333, forward: 1.074, backward: 12.753, update: 0.250
train_sampler.Prefill()
before start barrier
start train
[proc 2] 100 steps, total: 20.673, sample: 0.336, forward: 1.060, backward: 12.550, update: 0.287
train_sampler.Prefill()
-------Step 0-------
tensor([ 1633,    80,  3715,  3568, 12787, 13559,  1082,   441, 13354, 11650]) tensor([ 1636, 11170,  4348, 12387, 12625,  1091,   571,  3733,   501, 13596])
-------Step 1-------
tensor([ 1633,    80,  3715,  3568, 12787, 13559,  1082,   441, 13354, 11650]) tensor([ 4283, 11469, 14493,  1312,  1059,  8280, 14794, 11248,  6288, 13632])
-------Step 2-------
tensor([ 8428, 11037,  5084,  4175, 11686,  9338, 11389,    66, 11913,   957]) tensor([ 3296,  4795,  4274,  6408,  6330,  6349,  9870, 10547, 14201, 11080])
-------Step 3-------
tensor([ 8428, 11037,  5084,  4175, 11686,  9338, 11389,    66, 11913,   957]) tensor([10098,  7229,  8400, 12099,  7688,   704,  6086,  2345, 13219,  2384])
-------Step 4-------
tensor([   80, 10197, 11992,  5326,  5132,  3800,    71,  7781,  8330,   931]) tensor([ 613, 1205, 4514, 2447, 2432, 2618,  441, 7641, 4200, 2008])
-------Step 5-------
tensor([   80, 10197, 11992,  5326,  5132,  3800,    71,  7781,  8330,   931]) tensor([12488,  5370,  6484,  1943,  3656,   808,   816,  1384,  4524,  4847])
-------Step 6-------
tensor([ 1675,  6125,    29,    12,  7042,  3164,  8084, 12278, 10358, 13630]) tensor([11037,  3255,  8139,  4874, 10409,  9381,  4515,  6378, 10010,  8773])
-------Step 7-------
tensor([ 1675,  6125,    29,    12,  7042,  3164,  8084, 12278, 10358, 13630]) tensor([13554,  9541,  3428,  7120,  1332,  9884,  7921,  3314,   164, 13189])
-------Step 8-------
tensor([ 3936,  8066,  5569, 13266,    57,    91, 10890, 13032,    21,  2044]) tensor([ 6800,  6099,  3504,  7630,  2959, 13064,  9588,  1342,  8172,  3248])
-------Step 9-------
tensor([ 3936,  8066,  5569, 13266,    57,    91, 10890, 13032,    21,  2044]) tensor([12891,  3853, 13853,  8726, 14910, 10142, 10227, 11248,   676, 13459])
before start barrier
start train
[proc 0] 100 steps, total: 20.678, sample: 0.367, forward: 1.080, backward: 15.987, update: 3.101
train_sampler.Prefill()
before start barrier
start train
[proc 1] 100 steps, total: 20.686, sample: 0.309, forward: 1.034, backward: 12.822, update: 0.326
train_sampler.Prefill()
before start barrier
start train
[proc 6] 100 steps, total: 20.667, sample: 0.316, forward: 1.069, backward: 12.812, update: 0.323
+---------------------------+---------------------------+---------------------------+
| Name                      | P50                       | P99                       |
+---------------------------+---------------------------+---------------------------+
| GenInput                  | 1.361 ms                  | 21.490 ms                 |
| Forward                   | 4.746 ms                  | 9.464 ms                  |
| Backward                  | 129.714 ms                | 179.557 ms                |
| Optimize                  | 31.454 ms                 | 42.532 ms                 |
| BarrierTimeBeforeRank0    | 52.948 us                 | 158.085 us                |
| BlockToStepN              | 53.026 us                 | 794.180 us                |
| OneStep                   | 169.205 ms                | 219.854 ms                |
+---------------------------+---------------------------+---------------------------+
+---------------------------+---------------------------+---------------------------+
| Name                      | P50                       | P99                       |
+---------------------------+---------------------------+---------------------------+
| GenInput                  | 1.352 ms                  | 22.573 ms                 |
| Forward                   | 4.760 ms                  | 12.994 ms                 |
| Backward                  | 129.714 ms                | 179.557 ms                |
| Optimize                  | 30.573 ms                 | 42.532 ms                 |
| BarrierTimeBeforeRank0    | 53.070 us                 | 158.085 us                |
| BlockToStepN              | 52.186 us                 | 794.180 us                |
| OneStep                   | 169.135 ms                | 219.854 ms                |
+---------------------------+---------------------------+---------------------------+
+---------------------------+---------------------------+---------------------------+
| Name                      | P50                       | P99                       |
+---------------------------+---------------------------+---------------------------+
| GenInput                  | 1.332 ms                  | 21.490 ms                 |
| Forward                   | 4.744 ms                  | 9.464 ms                  |
| Backward                  | 129.910 ms                | 170.294 ms                |
| Optimize                  | 31.355 ms                 | 41.803 ms                 |
| BarrierTimeBeforeRank0    | 54.180 us                 | 137.913 us                |
| BlockToStepN              | 52.020 us                 | 523.778 us                |
| OneStep                   | 170.202 ms                | 217.710 ms                |
+---------------------------+---------------------------+---------------------------+
[proc 4] 200 steps, total: 17.383, sample: 0.350, forward: 0.434, backward: 10.411, update: 0.337
[proc 1] 200 steps, total: 17.383, sample: 0.303, forward: 0.380, backward: 10.479, update: 0.283
[proc 7] 200 steps, total: 17.383, sample: 0.324, forward: 0.397, backward: 10.467, update: 0.310
[proc 5] 200 steps, total: 17.383, sample: 0.346, forward: 0.426, backward: 10.381, update: 0.306
[proc 3] 200 steps, total: 17.383, sample: 0.365, forward: 0.419, backward: 10.407, update: 0.329
[proc 6] 200 steps, total: 17.383, sample: 0.349, forward: 0.428, backward: 10.361, update: 0.318
[proc 2] 200 steps, total: 17.383, sample: 0.335, forward: 0.417, backward: 10.198, update: 0.283
[proc 0] 200 steps, total: 17.383, sample: 0.393, forward: 0.469, backward: 13.390, update: 3.006
+---------------------------+---------------------------+---------------------------+
| Name                      | P50                       | P99                       |
+---------------------------+---------------------------+---------------------------+
| GenInput                  | 1.327 ms                  | 21.490 ms                 |
| Forward                   | 4.746 ms                  | 9.464 ms                  |
| Backward                  | 130.936 ms                | 170.294 ms                |
| Optimize                  | 30.633 ms                 | 41.803 ms                 |
| BarrierTimeBeforeRank0    | 51.559 us                 | 137.913 us                |
| BlockToStepN              | 49.686 us                 | 523.778 us                |
| OneStep                   | 170.559 ms                | 217.710 ms                |
+---------------------------+---------------------------+---------------------------+
+---------------------------+---------------------------+---------------------------+
| Name                      | P50                       | P99                       |
+---------------------------+---------------------------+---------------------------+
| GenInput                  | 1.301 ms                  | 21.490 ms                 |
| Forward                   | 4.738 ms                  | 9.464 ms                  |
| Backward                  | 130.316 ms                | 170.294 ms                |
| Optimize                  | 30.291 ms                 | 41.803 ms                 |
| BarrierTimeBeforeRank0    | 50.216 us                 | 137.913 us                |
| BlockToStepN              | 50.219 us                 | 523.778 us                |
| OneStep                   | 170.209 ms                | 217.710 ms                |
+---------------------------+---------------------------+---------------------------+
+---------------------------+---------------------------+---------------------------+
| Name                      | P50                       | P99                       |
+---------------------------+---------------------------+---------------------------+
| GenInput                  | 1.296 ms                  | 21.384 ms                 |
| Forward                   | 4.723 ms                  | 8.446 ms                  |
| Backward                  | 130.463 ms                | 164.730 ms                |
| Optimize                  | 30.573 ms                 | 41.179 ms                 |
| BarrierTimeBeforeRank0    | 49.358 us                 | 125.676 us                |
| BlockToStepN              | 49.686 us                 | 293.162 us                |
| OneStep                   | 170.555 ms                | 217.412 ms                |
+---------------------------+---------------------------+---------------------------+
+---------------------------+---------------------------+---------------------------+
| Name                      | P50                       | P99                       |
+---------------------------+---------------------------+---------------------------+
| GenInput                  | 1.294 ms                  | 22.573 ms                 |
| Forward                   | 4.721 ms                  | 8.446 ms                  |
| Backward                  | 131.038 ms                | 164.730 ms                |
| Optimize                  | 30.173 ms                 | 41.179 ms                 |
| BarrierTimeBeforeRank0    | 49.179 us                 | 125.676 us                |
| BlockToStepN              | 48.403 us                 | 293.162 us                |
| OneStep                   | 170.686 ms                | 217.412 ms                |
+---------------------------+---------------------------+---------------------------+
[proc 7] 300 steps, total: 17.149, sample: 0.307, forward: 0.388, backward: 10.595, update: 0.271
[proc 3] 300 steps, total: 17.149, sample: 0.308, forward: 0.406, backward: 10.559, update: 0.327
[proc 2] 300 steps, total: 17.149, sample: 0.312, forward: 0.421, backward: 10.266, update: 0.249
[proc 6] 300 steps, total: 17.149, sample: 0.319, forward: 0.426, backward: 10.555, update: 0.283
[proc 1] 300 steps, total: 17.149, sample: 0.292, forward: 0.372, backward: 10.613, update: 0.306
[proc 4] 300 steps, total: 17.149, sample: 0.318, forward: 0.428, backward: 10.547, update: 0.321
[proc 5] 300 steps, total: 17.149, sample: 0.316, forward: 0.428, backward: 10.536, update: 0.253
[proc 0] 300 steps, total: 17.149, sample: 0.356, forward: 0.458, backward: 13.340, update: 2.877
+---------------------------+---------------------------+---------------------------+
| Name                      | P50                       | P99                       |
+---------------------------+---------------------------+---------------------------+
| GenInput                  | 1.294 ms                  | 22.573 ms                 |
| Forward                   | 4.716 ms                  | 8.446 ms                  |
| Backward                  | 131.399 ms                | 164.730 ms                |
| Optimize                  | 29.344 ms                 | 41.179 ms                 |
| BarrierTimeBeforeRank0    | 48.486 us                 | 125.676 us                |
| BlockToStepN              | 49.289 us                 | 355.154 us                |
| OneStep                   | 170.686 ms                | 217.412 ms                |
+---------------------------+---------------------------+---------------------------+
+---------------------------+---------------------------+---------------------------+
| Name                      | P50                       | P99                       |
+---------------------------+---------------------------+---------------------------+
| GenInput                  | 1.301 ms                  | 22.573 ms                 |
| Forward                   | 4.708 ms                  | 8.446 ms                  |
| Backward                  | 132.144 ms                | 164.730 ms                |
| Optimize                  | 30.047 ms                 | 41.399 ms                 |
| BarrierTimeBeforeRank0    | 49.179 us                 | 125.676 us                |
| BlockToStepN              | 49.747 us                 | 355.154 us                |
| OneStep                   | 171.731 ms                | 217.412 ms                |
+---------------------------+---------------------------+---------------------------+
+---------------------------+---------------------------+---------------------------+
| Name                      | P50                       | P99                       |
+---------------------------+---------------------------+---------------------------+
| GenInput                  | 1.304 ms                  | 21.490 ms                 |
| Forward                   | 4.722 ms                  | 8.446 ms                  |
| Backward                  | 133.214 ms                | 164.730 ms                |
| Optimize                  | 29.774 ms                 | 41.179 ms                 |
| BarrierTimeBeforeRank0    | 49.358 us                 | 123.765 us                |
| BlockToStepN              | 49.331 us                 | 293.162 us                |
| OneStep                   | 172.192 ms                | 209.065 ms                |
+---------------------------+---------------------------+---------------------------+
[proc 4] 400 steps, total: 17.524, sample: 0.347, forward: 0.426, backward: 10.706, update: 0.308
[proc 0] 400 steps, total: 17.524, sample: 0.362, forward: 0.480, backward: 13.619, update: 2.933
[proc 6] 400 steps, total: 17.524, sample: 0.338, forward: 0.416, backward: 10.707, update: 0.325
[proc 5] 400 steps, total: 17.524, sample: 0.351, forward: 0.434, backward: 10.669, update: 0.270
[proc 1] 400 steps, total: 17.524, sample: 0.308, forward: 0.368, backward: 10.794, update: 0.316
[proc 7] 400 steps, total: 17.524, sample: 0.289, forward: 0.386, backward: 10.792, update: 0.255
[proc 2] 400 steps, total: 17.524, sample: 0.373, forward: 0.423, backward: 10.421, update: 0.273
[proc 3] 400 steps, total: 17.524, sample: 0.310, forward: 0.414, backward: 10.744, update: 0.330
+---------------------------+---------------------------+---------------------------+
| Name                      | P50                       | P99                       |
+---------------------------+---------------------------+---------------------------+
| GenInput                  | 1.303 ms                  | 21.490 ms                 |
| Forward                   | 4.723 ms                  | 9.213 ms                  |
| Backward                  | 133.214 ms                | 164.730 ms                |
| Optimize                  | 29.313 ms                 | 41.179 ms                 |
| BarrierTimeBeforeRank0    | 49.358 us                 | 123.765 us                |
| BlockToStepN              | 48.747 us                 | 293.162 us                |
| OneStep                   | 171.731 ms                | 209.065 ms                |
+---------------------------+---------------------------+---------------------------+
+---------------------------+---------------------------+---------------------------+
| Name                      | P50                       | P99                       |
