WARNING: Logging before InitGoogleLogging() is written to STDERR
I20240128 19:06:12.283309 670715 IPC_barrier.h:128] MultiProcessBarrierFactory->ClearIPCMemory()
/home/xieminhui/RecStore/src/framework_adapters/torch/kg/dgl-0.9.1/python/dgl/_deprecate/graph.py:1023: DGLWarning: multigraph will be deprecated.DGL will treat all graphs as multigraph in the future.
  dgl_warning("multigraph will be deprecated." \
/home/xieminhui/RecStore/src/framework_adapters/torch/kg/dgl-0.9.1/python/dgl/heterograph.py:72: DGLWarning: Recommend creating graphs by `dgl.graph(data)` instead of `dgl.DGLGraph(data)`.
  dgl_warning('Recommend creating graphs by `dgl.graph(data)`'
Reading train triples....
Finished. Read 483142 train triples.
Reading valid triples....
Finished. Read 50000 valid triples.
Reading test triples....
Finished. Read 59071 test triples.
ARGS:  Namespace(model_name='SimplE', data_path='/home/xieminhui/dgl-data', dataset='FB15k', format='built_in', data_files=None, delimiter='\t', save_path='/tmp/ckpts/SimplE_FB15k_50', no_save_emb=True, max_step=500, batch_size=1800, batch_size_eval=16, neg_sample_size=200, neg_deg_sample=False, neg_deg_sample_eval=False, neg_sample_size_eval=14951, eval_percent=1, no_eval_filter=False, log_interval=100, eval_interval=10000, test=False, num_proc=4, num_thread=1, force_sync_interval=1, hidden_dim=400, lr=0.01, gamma=16.0, double_ent=False, double_rel=False, neg_adversarial_sampling=False, adversarial_temperature=1.0, regularization_coef=0.0, regularization_norm=3, pairwise=False, loss_genre='Logsigmoid', margin=1.0, nr_gpus=4, gpu=[0, 1, 2, 3], mix_cpu_gpu=True, valid=False, rel_part=False, async_update=None, has_edge_importance=False, cached_emb_type='KnownLocalCachedEmbedding', use_my_emb=True, cache_ratio=0.1, shuffle=False, backwardMode='CppAsyncV2', L=10, update_cache_use_omp=0, update_pq_use_omp=0, kForwardItersPerStep=2, backgrad_init='both', eval_filter=True, soft_rel_part=False)
|Train|: 483142
original graph:  DGLGraph(num_nodes=14951, num_edges=592213,
         ndata_schemes={}
         edata_schemes={'tid': Scheme(shape=(), dtype=torch.int64)})
Loading cached metis
WARNING [670715 sampler.py:454] Start PreSampling
WARNING [670715 sampler.py:532] Before construct renumbering_dict
WARNING [670715 sampler.py:555] PreSampling done
W20240128 19:06:14.779636 670715 IPCTensor.h:368] NewIPCTensor: cached_sampler_r0_0 [1000000]0x100000002000 7.629 MB
W20240128 19:06:14.779870 670715 IPCTensor.h:368] NewIPCTensor: cached_sampler_r0_1 [1000000]0x1000007a5000 7.629 MB
W20240128 19:06:14.779913 670715 IPCTensor.h:368] NewIPCTensor: cached_sampler_r0_2 [1000000]0x100000f48000 7.629 MB
W20240128 19:06:14.779938 670715 IPCTensor.h:368] NewIPCTensor: cached_sampler_r0_3 [1000000]0x1000016eb000 7.629 MB
W20240128 19:06:14.779973 670715 IPCTensor.h:368] NewIPCTensor: cached_sampler_r0_4 [1000000]0x100001e8e000 7.629 MB
W20240128 19:06:14.779999 670715 IPCTensor.h:368] NewIPCTensor: cached_sampler_r0_5 [1000000]0x100002631000 7.629 MB
W20240128 19:06:14.780019 670715 IPCTensor.h:368] NewIPCTensor: cached_sampler_r0_6 [1000000]0x100002dd4000 7.629 MB
W20240128 19:06:14.780045 670715 IPCTensor.h:368] NewIPCTensor: cached_sampler_r0_7 [1000000]0x100003577000 7.629 MB
W20240128 19:06:14.780068 670715 IPCTensor.h:368] NewIPCTensor: cached_sampler_r0_8 [1000000]0x100003d1a000 7.629 MB
W20240128 19:06:14.780093 670715 IPCTensor.h:368] NewIPCTensor: cached_sampler_r0_9 [1000000]0x1000044bd000 7.629 MB
W20240128 19:06:14.780124 670715 IPCTensor.h:368] NewIPCTensor: step_r0 [10]0x100004c60000 80 B 
W20240128 19:06:14.780154 670715 IPCTensor.h:368] NewIPCTensor: circle_buffer_end_r0 [1]0x100004c62000 8 B 
W20240128 19:06:14.780174 670715 IPCTensor.h:368] NewIPCTensor: circle_buffer_end_cppseen_r0 [1]0x100004c64000 8 B 
W20240128 19:06:14.780308 670715 IPCTensor.h:368] NewIPCTensor: cached_sampler_r1_0 [1000000]0x100004c66000 7.629 MB
W20240128 19:06:14.780340 670715 IPCTensor.h:368] NewIPCTensor: cached_sampler_r1_1 [1000000]0x100005409000 7.629 MB
W20240128 19:06:14.780359 670715 IPCTensor.h:368] NewIPCTensor: cached_sampler_r1_2 [1000000]0x100005bac000 7.629 MB
W20240128 19:06:14.780403 670715 IPCTensor.h:368] NewIPCTensor: cached_sampler_r1_3 [1000000]0x10000634f000 7.629 MB
W20240128 19:06:14.780427 670715 IPCTensor.h:368] NewIPCTensor: cached_sampler_r1_4 [1000000]0x100006af2000 7.629 MB
W20240128 19:06:14.780459 670715 IPCTensor.h:368] NewIPCTensor: cached_sampler_r1_5 [1000000]0x100007295000 7.629 MB
W20240128 19:06:14.780493 670715 IPCTensor.h:368] NewIPCTensor: cached_sampler_r1_6 [1000000]0x100007a38000 7.629 MB
W20240128 19:06:14.780524 670715 IPCTensor.h:368] NewIPCTensor: cached_sampler_r1_7 [1000000]0x1000081db000 7.629 MB
W20240128 19:06:14.780551 670715 IPCTensor.h:368] NewIPCTensor: cached_sampler_r1_8 [1000000]0x10000897e000 7.629 MB
W20240128 19:06:14.780573 670715 IPCTensor.h:368] NewIPCTensor: cached_sampler_r1_9 [1000000]0x100009121000 7.629 MB
W20240128 19:06:14.780601 670715 IPCTensor.h:368] NewIPCTensor: step_r1 [10]0x1000098c4000 80 B 
W20240128 19:06:14.780619 670715 IPCTensor.h:368] NewIPCTensor: circle_buffer_end_r1 [1]0x1000098c6000 8 B 
W20240128 19:06:14.780634 670715 IPCTensor.h:368] NewIPCTensor: circle_buffer_end_cppseen_r1 [1]0x1000098c8000 8 B 
W20240128 19:06:14.780690 670715 IPCTensor.h:368] NewIPCTensor: cached_sampler_r2_0 [1000000]0x1000098ca000 7.629 MB
W20240128 19:06:14.780714 670715 IPCTensor.h:368] NewIPCTensor: cached_sampler_r2_1 [1000000]0x10000a06d000 7.629 MB
W20240128 19:06:14.780737 670715 IPCTensor.h:368] NewIPCTensor: cached_sampler_r2_2 [1000000]0x10000a810000 7.629 MB
W20240128 19:06:14.780759 670715 IPCTensor.h:368] NewIPCTensor: cached_sampler_r2_3 [1000000]0x10000afb3000 7.629 MB
W20240128 19:06:14.780779 670715 IPCTensor.h:368] NewIPCTensor: cached_sampler_r2_4 [1000000]0x10000b756000 7.629 MB
W20240128 19:06:14.780798 670715 IPCTensor.h:368] NewIPCTensor: cached_sampler_r2_5 [1000000]0x10000bef9000 7.629 MB
W20240128 19:06:14.780819 670715 IPCTensor.h:368] NewIPCTensor: cached_sampler_r2_6 [1000000]0x10000c69c000 7.629 MB
W20240128 19:06:14.780839 670715 IPCTensor.h:368] NewIPCTensor: cached_sampler_r2_7 [1000000]0x10000ce3f000 7.629 MB
W20240128 19:06:14.780866 670715 IPCTensor.h:368] NewIPCTensor: cached_sampler_r2_8 [1000000]0x10000d5e2000 7.629 MB
W20240128 19:06:14.780890 670715 IPCTensor.h:368] NewIPCTensor: cached_sampler_r2_9 [1000000]0x10000dd85000 7.629 MB
W20240128 19:06:14.780910 670715 IPCTensor.h:368] NewIPCTensor: step_r2 [10]0x10000e528000 80 B 
W20240128 19:06:14.780926 670715 IPCTensor.h:368] NewIPCTensor: circle_buffer_end_r2 [1]0x10000e52a000 8 B 
W20240128 19:06:14.780941 670715 IPCTensor.h:368] NewIPCTensor: circle_buffer_end_cppseen_r2 [1]0x10000e52c000 8 B 
W20240128 19:06:14.780988 670715 IPCTensor.h:368] NewIPCTensor: cached_sampler_r3_0 [1000000]0x10000e52e000 7.629 MB
W20240128 19:06:14.781019 670715 IPCTensor.h:368] NewIPCTensor: cached_sampler_r3_1 [1000000]0x10000ecd1000 7.629 MB
W20240128 19:06:14.781038 670715 IPCTensor.h:368] NewIPCTensor: cached_sampler_r3_2 [1000000]0x10000f474000 7.629 MB
W20240128 19:06:14.781059 670715 IPCTensor.h:368] NewIPCTensor: cached_sampler_r3_3 [1000000]0x10000fc17000 7.629 MB
W20240128 19:06:14.781077 670715 IPCTensor.h:368] NewIPCTensor: cached_sampler_r3_4 [1000000]0x1000103ba000 7.629 MB
W20240128 19:06:14.781101 670715 IPCTensor.h:368] NewIPCTensor: cached_sampler_r3_5 [1000000]0x100010b5d000 7.629 MB
W20240128 19:06:14.781124 670715 IPCTensor.h:368] NewIPCTensor: cached_sampler_r3_6 [1000000]0x100011300000 7.629 MB
W20240128 19:06:14.781147 670715 IPCTensor.h:368] NewIPCTensor: cached_sampler_r3_7 [1000000]0x100011aa3000 7.629 MB
W20240128 19:06:14.781167 670715 IPCTensor.h:368] NewIPCTensor: cached_sampler_r3_8 [1000000]0x100012246000 7.629 MB
W20240128 19:06:14.781190 670715 IPCTensor.h:368] NewIPCTensor: cached_sampler_r3_9 [1000000]0x1000129e9000 7.629 MB
W20240128 19:06:14.781219 670715 IPCTensor.h:368] NewIPCTensor: step_r3 [10]0x10001318c000 80 B 
W20240128 19:06:14.781236 670715 IPCTensor.h:368] NewIPCTensor: circle_buffer_end_r3 [1]0x10001318e000 8 B 
W20240128 19:06:14.781252 670715 IPCTensor.h:368] NewIPCTensor: circle_buffer_end_cppseen_r3 [1]0x100013190000 8 B 
W20240128 19:06:14.974575 670715 IPCTensor.h:368] NewIPCTensor: full_emb [14951, 400]0x100013192000 22.81 MB
W20240128 19:06:14.974726 670715 IPCTensor.h:368] NewIPCTensor: full_emb_SparseRowWiseAdaGrad_sum [14951]0x100014864000 58.4 kB
{0: Graph(num_nodes=10523, num_edges=182012,
      ndata_schemes={'_ID': Scheme(shape=(), dtype=torch.int64), 'inner_node': Scheme(shape=(), dtype=torch.int32), 'part_id': Scheme(shape=(), dtype=torch.int64)}
      edata_schemes={'_ID': Scheme(shape=(), dtype=torch.int64), 'inner_edge': Scheme(shape=(), dtype=torch.int8)}), 1: Graph(num_nodes=10996, num_edges=244360,
      ndata_schemes={'_ID': Scheme(shape=(), dtype=torch.int64), 'inner_node': Scheme(shape=(), dtype=torch.int32), 'part_id': Scheme(shape=(), dtype=torch.int64)}
      edata_schemes={'_ID': Scheme(shape=(), dtype=torch.int64), 'inner_edge': Scheme(shape=(), dtype=torch.int8)}), 2: Graph(num_nodes=9404, num_edges=143355,
      ndata_schemes={'_ID': Scheme(shape=(), dtype=torch.int64), 'inner_node': Scheme(shape=(), dtype=torch.int32), 'part_id': Scheme(shape=(), dtype=torch.int64)}
      edata_schemes={'_ID': Scheme(shape=(), dtype=torch.int64), 'inner_edge': Scheme(shape=(), dtype=torch.int8)}), 3: Graph(num_nodes=10954, num_edges=175447,
      ndata_schemes={'_ID': Scheme(shape=(), dtype=torch.int64), 'inner_node': Scheme(shape=(), dtype=torch.int32), 'part_id': Scheme(shape=(), dtype=torch.int64)}
      edata_schemes={'_ID': Scheme(shape=(), dtype=torch.int64), 'inner_edge': Scheme(shape=(), dtype=torch.int8)})}
MertisPartition: part 0 has 10523 N 182012 E
MertisPartition: part 1 has 10996 N 244360 E
MertisPartition: part 2 has 9404 N 143355 E
MertisPartition: part 3 has 10954 N 175447 E
Rank0: cached key size 373
Rank1: cached key size 373
Rank2: cached key size 373
Rank3: cached key size 373
Before renumbering graph:  {'_ID': tensor([    5,    14,    17,  ..., 11245,  2040,  3009]), 'inner_node': tensor([1, 1, 1,  ..., 0, 0, 0], dtype=torch.int32), 'part_id': tensor([0, 0, 0,  ..., 2, 3, 3])}
After renumbering graph:  {'_ID': tensor([1585, 1769, 1839,  ..., 2330, 5685, 6559]), 'inner_node': tensor([1, 1, 1,  ..., 0, 0, 0], dtype=torch.int32), 'part_id': tensor([0, 0, 0,  ..., 2, 3, 3])}
part_g: DGLGraph(num_nodes=10523, num_edges=182012,
         ndata_schemes={'_ID': Scheme(shape=(), dtype=torch.int64)}
         edata_schemes={'tid': Scheme(shape=(), dtype=torch.int64)})
part_g: DGLGraph(num_nodes=10523, num_edges=182012,
         ndata_schemes={'_ID': Scheme(shape=(), dtype=torch.int64)}
         edata_schemes={'tid': Scheme(shape=(), dtype=torch.int64)})
Total initialize time 2.723 seconds
[Rank1] pid = 670927
[Rank2] pid = 670992
INFO [670715 distributed_c10d.py:442] Added key: store_based_barrier_key:1 to store for rank: 0
INFO [670927 distributed_c10d.py:442] Added key: store_based_barrier_key:1 to store for rank: 1
INFO [671056 distributed_c10d.py:442] Added key: store_based_barrier_key:1 to store for rank: 3
INFO [670992 distributed_c10d.py:442] Added key: store_based_barrier_key:1 to store for rank: 2
INFO [671056 distributed_c10d.py:476] Rank 3: Completed store-based barrier for key:store_based_barrier_key:1 with 4 nodes.
INFO [670992 distributed_c10d.py:476] Rank 2: Completed store-based barrier for key:store_based_barrier_key:1 with 4 nodes.
INFO [670927 distributed_c10d.py:476] Rank 1: Completed store-based barrier for key:store_based_barrier_key:1 with 4 nodes.
W20240128 19:06:18.273459 671058 IPCTensor.h:408] NewIPCGPUTensor: embedding_cache_3 [1495, 400]; dev=3; size=2.281 MB
W20240128 19:06:18.273520 670993 IPCTensor.h:408] NewIPCGPUTensor: embedding_cache_2 [1495, 400]; dev=2; size=2.281 MB
W20240128 19:06:18.274191 670928 IPCTensor.h:408] NewIPCGPUTensor: embedding_cache_1 [1495, 400]; dev=1; size=2.281 MB
W20240128 19:06:18.274423 671058 IPCTensor.h:368] NewIPCTensor: input_keys_3 [1000000]0x100014878000 7.629 MB
W20240128 19:06:18.274492 670993 IPCTensor.h:368] NewIPCTensor: input_keys_2 [1000000]0x10001501b000 7.629 MB
W20240128 19:06:18.274562 671058 IPCTensor.h:368] NewIPCTensor: input_keys_neg_3 [1000000]0x1000157be000 7.629 MB
W20240128 19:06:18.274617 671058 IPCTensor.h:368] NewIPCTensor: backward_grads_3 [1000000, 400]0x100015f63000 1.49 GB
W20240128 19:06:18.274653 671058 IPCTensor.h:368] NewIPCTensor: backward_grads_neg_3 [1000000, 400]0x100075ce9000 1.49 GB
W20240128 19:06:18.274649 670993 IPCTensor.h:368] NewIPCTensor: input_keys_neg_2 [1000000]0x100075546000 7.629 MB
W20240128 19:06:18.274698 671058 IPCTensor.h:408] NewIPCGPUTensor: backward_grads_3_gpu [1000000, 400]; dev=3; size=1.49 GB
W20240128 19:06:18.274711 670928 IPCTensor.h:368] NewIPCTensor: input_keys_1 [1000000]0x1000d52cc000 7.629 MB
W20240128 19:06:18.274734 670993 IPCTensor.h:368] NewIPCTensor: backward_grads_2 [1000000, 400]0x1000d5a6f000 1.49 GB
W20240128 19:06:18.274780 670993 IPCTensor.h:368] NewIPCTensor: backward_grads_neg_2 [1000000, 400]0x100135052000 1.49 GB
W20240128 19:06:18.274819 670993 IPCTensor.h:408] NewIPCGPUTensor: backward_grads_2_gpu [1000000, 400]; dev=2; size=1.49 GB
W20240128 19:06:18.274825 670928 IPCTensor.h:368] NewIPCTensor: input_keys_neg_1 [1000000]0x100194635000 7.629 MB
W20240128 19:06:18.274873 670928 IPCTensor.h:368] NewIPCTensor: backward_grads_1 [1000000, 400]0x100194dd8000 1.49 GB
W20240128 19:06:18.274907 670928 IPCTensor.h:368] NewIPCTensor: backward_grads_neg_1 [1000000, 400]0x1001f43bb000 1.49 GB
W20240128 19:06:18.274946 670928 IPCTensor.h:408] NewIPCGPUTensor: backward_grads_1_gpu [1000000, 400]; dev=1; size=1.49 GB
INFO [670715 distributed_c10d.py:476] Rank 0: Completed store-based barrier for key:store_based_barrier_key:1 with 4 nodes.
W20240128 19:06:18.275921 671057 IPCTensor.h:408] NewIPCGPUTensor: embedding_cache_0 [1495, 400]; dev=0; size=2.281 MB
W20240128 19:06:18.280282 671058 IPCTensor.h:408] NewIPCGPUTensor: backward_grads_neg_3_gpu [1000000, 400]; dev=3; size=1.49 GB
W20240128 19:06:18.280300 670993 IPCTensor.h:408] NewIPCGPUTensor: backward_grads_neg_2_gpu [1000000, 400]; dev=2; size=1.49 GB
W20240128 19:06:18.283905 670928 IPCTensor.h:408] NewIPCGPUTensor: backward_grads_neg_1_gpu [1000000, 400]; dev=1; size=1.49 GB
W20240128 19:06:18.285696 671057 IPCTensor.h:368] NewIPCTensor: input_keys_0 [1000000]0x1002539aa000 7.629 MB
W20240128 19:06:18.285779 671057 IPCTensor.h:368] NewIPCTensor: input_keys_neg_0 [1000000]0x10025414d000 7.629 MB
W20240128 19:06:18.285820 671057 IPCTensor.h:368] NewIPCTensor: backward_grads_0 [1000000, 400]0x1002548f2000 1.49 GB
W20240128 19:06:18.285849 671057 IPCTensor.h:368] NewIPCTensor: backward_grads_neg_0 [1000000, 400]0x1002b3ed5000 1.49 GB
W20240128 19:06:18.285876 671057 IPCTensor.h:408] NewIPCGPUTensor: backward_grads_0_gpu [1000000, 400]; dev=0; size=1.49 GB
W20240128 19:06:18.289860 671057 IPCTensor.h:408] NewIPCGPUTensor: backward_grads_neg_0_gpu [1000000, 400]; dev=0; size=1.49 GB
cudaHostRegister 0x100013192000
3: KnownLocalCachedEmbedding init done
WARNING [671056 DistTensor.py:56] The tensor name already exists in the kvstore
cudaHostRegister 0x100013192000
1: KnownLocalCachedEmbedding init done
WARNING [670927 DistTensor.py:56] The tensor name already exists in the kvstore
cudaHostRegister 0x100013192000
2: KnownLocalCachedEmbedding init done
WARNING [670992 DistTensor.py:56] The tensor name already exists in the kvstore
[Rank3] pid = 671056
New CachedEmbedding, name=full_emb, shape=(14951, 400), cache_type=KnownLocalCachedEmbedding
fixed cache_range is [(0, 1495), (1495, 2990), (2990, 4485), (4485, 5980)]
cudaHostRegister 0x100013192000
0: KnownLocalCachedEmbedding init done
WARNING [670715 DistTensor.py:56] The tensor name already exists in the kvstore
I20240128 19:06:19.669697 671057 IPC_barrier.h:118] CreateBarrier: new barrier, name: kgcachecontroller, count: 4
I20240128 19:06:19.669827 670993 IPC_barrier.h:112] CreateBarrier: find existing barrier, name: kgcachecontroller, count: 4
I20240128 19:06:19.669910 670928 IPC_barrier.h:112] CreateBarrier: find existing barrier, name: kgcachecontroller, count: 4
I20240128 19:06:19.670110 671058 IPC_barrier.h:112] CreateBarrier: find existing barrier, name: kgcachecontroller, count: 4
W20240128 19:06:19.671384 671057 grad_base.h:55] KGCacheController, config={
        "num_gpus": 4,
        "L": 10,
        "backgrad_init": "both", 
        "kForwardItersPerStep": 2,
        "clr": 1,
        "nr_background_threads": 32,
        "backwardMode": "CppAsyncV2",
        "cache_ratio": 0.1,
        "update_cache_use_omp":  0,
        "update_pq_use_omp":  0
        }
W20240128 19:06:19.671517 671057 grad_base.h:184] Init GradProcessingBase done
I20240128 19:06:19.675729 671057 grad_async_v2.h:32] Use background thread to update emb. nr_background_threads=32
W20240128 19:06:19.675839 671057 kg_controller.h:78] after init GradAsyncProcessingV2
I20240128 19:06:19.675848 671057 kg_controller.h:84] Construct KGCacheController done
E20240128 19:06:20.066442 670928 recstore.cc:66] init folly done
E20240128 19:06:20.066534 671058 recstore.cc:66] init folly done
E20240128 19:06:20.066529 671057 recstore.cc:66] init folly done
E20240128 19:06:20.066529 670993 recstore.cc:66] init folly done
I20240128 19:06:20.067144 671057 grad_base.h:60] GraphEnv RegTensorsPerProcess
W20240128 19:06:20.784588 671475 grad_async_v2.h:121] Detect new sample comes, old_end0, new_end1
E20240128 19:06:20.784924 671475 parallel_pq_v2.h:76] insert failed, size(hashtable)=1
I20240128 19:06:20.806964 671057 IPC_barrier.h:118] CreateBarrier: new barrier, name: start_barrier, count: 4
I20240128 19:06:20.842068 670993 IPC_barrier.h:112] CreateBarrier: find existing barrier, name: start_barrier, count: 4
I20240128 19:06:20.847539 671058 IPC_barrier.h:112] CreateBarrier: find existing barrier, name: start_barrier, count: 4
I20240128 19:06:20.850841 670928 IPC_barrier.h:112] CreateBarrier: find existing barrier, name: start_barrier, count: 4
E20240128 19:06:23.322832 671057 parallel_pq_v2.h:76] insert failed, size(hashtable)=5
W20240128 19:06:23.336467 671057 grad_async_v2.h:250] Sleep in <BlockToStepN>, step_no=1, pq.top=0
W20240128 19:06:23.344786 671475 grad_async_v2.h:121] Detect new sample comes, old_end1, new_end2
E20240128 19:06:24.322067 671474 parallel_pq_v2.h:76] insert failed, size(hashtable)=9991
W20240128 19:06:24.387558 671475 grad_async_v2.h:121] Detect new sample comes, old_end9, new_end4
W20240128 19:06:24.481925 671057 grad_async_v2.h:250] Sleep in <BlockToStepN>, step_no=24, pq.top=24
+---------------------------+---------------------------+---------------------------+
| Name                      | P50                       | P99                       |
+---------------------------+---------------------------+---------------------------+
| GenInput                  | 1.190 ms                  | 23.313 ms                 |
| Forward                   | 4.065 ms                  | 840.888 ms                |
| Backward                  | 3.277 ms                  | 227.509 ms                |
| Optimize                  | 1.717 ms                  | 40.923 ms                 |
| BarrierTimeBeforeRank0    | 40.563 us                 | 330.272 ms                |
| AfterBackward             | 18.644 ms                 | 1.044 s                   |
| BlockToStepN              | 576.316 us                | 28.531 ms                 |
| OneStep                   | 33.741 ms                 | 2.493 s                   |
+---------------------------+---------------------------+---------------------------+
+---------------------------+---------------------------+---------------------------+
| Name                      | P50                       | P99                       |
+---------------------------+---------------------------+---------------------------+
| ProcessBack:Shuffle       | 2.388 ms                  | 94.199 ms                 |
| ProcessBack:UpdateCache   | 1.946 ms                  | 208.424 ms                |
| ProcessBack:UpsertPq      | 13.644 ms                 | 18.312 ms                 |
| ProcessOneStep            | 18.897 ms                 | 1.044 s                   |
| BlockToStepN              | 1.402 ms                  | 64.656 ms                 |
+---------------------------+---------------------------+---------------------------+
E20240128 19:06:25.322010 671474 parallel_pq_v2.h:76] insert failed, size(hashtable)=7216
W20240128 19:06:25.394243 671475 grad_async_v2.h:121] Detect new sample comes, old_end9, new_end3
W20240128 19:06:25.488746 671057 grad_async_v2.h:250] Sleep in <BlockToStepN>, step_no=45, pq.top=45
E20240128 19:06:26.322014 671057 parallel_pq_v2.h:76] insert failed, size(hashtable)=1103
W20240128 19:06:26.411245 671475 grad_async_v2.h:121] Detect new sample comes, old_end8, new_end3
W20240128 19:06:26.495023 671057 grad_async_v2.h:250] Sleep in <BlockToStepN>, step_no=65, pq.top=65
E20240128 19:06:27.322023 671474 parallel_pq_v2.h:76] insert failed, size(hashtable)=2880
W20240128 19:06:27.415896 671475 grad_async_v2.h:121] Detect new sample comes, old_end0, new_end2
W20240128 19:06:27.495105 671057 grad_async_v2.h:250] Sleep in <BlockToStepN>, step_no=83, pq.top=83
E20240128 19:06:28.322062 671251 parallel_pq_v2.h:76] insert failed, size(hashtable)=450
W20240128 19:06:28.419970 671475 grad_async_v2.h:121] Detect new sample comes, old_end9, new_end0
train_sampler.Prefill()
before start barrier
start train
[proc 1] 100 steps, total: 7.611, sample: 0.278, forward: 1.368, backward: 0.702, update: 0.210
train_sampler.Prefill()
before start barrier
start train
[proc 3] 100 steps, total: 7.615, sample: 0.289, forward: 1.360, backward: 0.759, update: 0.216
train_sampler.Prefill()
before start barrier
start train
[proc 2] 100 steps, total: 7.620, sample: 0.243, forward: 1.333, backward: 0.690, update: 0.225
train_sampler.Prefill()
-------Step 0-------
tensor([ 7136,   341,  8466,  6593,  9758,  4268,  1162,  6166, 13829,    51]) tensor([ 1839, 10098,  8535,  1460,  6790,  6808, 11212,  7043,  7079,  1229])
-------Step 1-------
tensor([ 7136,   341,  8466,  6593,  9758,  4268,  1162,  6166, 13829,    51]) tensor([10746,  9634,  1713,  3382,  2275,   691,  8602,  4066,  2781, 14248])
-------Step 2-------
tensor([ 8799, 13199,  5302,  6407,  2035,  7059,  6768,  3475, 11345,   142]) tensor([ 6807,  5918,  4065,  9127,  8231,  1416,  4038, 11089, 13030,  3771])
-------Step 3-------
tensor([ 8799, 13199,  5302,  6407,  2035,  7059,  6768,  3475, 11345,   142]) tensor([ 7726,  5017,  4385,   257, 10661,  9670, 14890,   338, 14372,  6617])
-------Step 4-------
tensor([10577,   702,  8359,   222,  9788, 12762, 11930,  8957,  7797,  6408]) tensor([ 3042, 10614,  8525, 12361,  8860, 10236,  1846,  2996, 13050,  1373])
-------Step 5-------
tensor([10577,   702,  8359,   222,  9788, 12762, 11930,  8957,  7797,  6408]) tensor([10504, 10970, 10615,  1284,  2017,  8145, 12434, 10830, 12966, 14069])
-------Step 6-------
tensor([   70,   134,  3173, 13081, 10846,   261,   323,    32,  5296,   234]) tensor([ 8970, 10309,  6786, 13044,  6292,  2090,   244, 10616, 10198, 13194])
-------Step 7-------
tensor([   70,   134,  3173, 13081, 10846,   261,   323,    32,  5296,   234]) tensor([12413, 14289,  8300, 14611,   647, 13159,   608, 12504, 12266,  8667])
-------Step 8-------
tensor([ 5827,   645, 13331, 12043,  4141,  9954,  8947,  8805,  5053, 13199]) tensor([14766, 12664, 11252,   768, 11407,  8558,  5654,  2538,  6669,  9328])
-------Step 9-------
tensor([ 5827,   645, 13331, 12043,  4141,  9954,  8947,  8805,  5053, 13199]) tensor([ 8369, 11760,  7076,  9755,  5029,  8116, 11923,  8633,  5876, 13584])
before start barrier
start train
[proc 0] 100 steps, total: 7.655, sample: 0.322, forward: 1.261, backward: 0.548, update: 0.213
W20240128 19:06:28.495081 671057 grad_async_v2.h:250] Sleep in <BlockToStepN>, step_no=101, pq.top=101
E20240128 19:06:29.322021 671474 parallel_pq_v2.h:76] insert failed, size(hashtable)=3839
W20240128 19:06:29.443439 671475 grad_async_v2.h:121] Detect new sample comes, old_end7, new_end9
W20240128 19:06:29.495172 671057 grad_async_v2.h:250] Sleep in <BlockToStepN>, step_no=120, pq.top=120
+---------------------------+---------------------------+---------------------------+
| Name                      | P50                       | P99                       |
+---------------------------+---------------------------+---------------------------+
| GenInput                  | 1.279 ms                  | 18.974 ms                 |
| Forward                   | 4.313 ms                  | 8.163 ms                  |
| Backward                  | 3.195 ms                  | 6.066 ms                  |
| Optimize                  | 1.737 ms                  | 3.543 ms                  |
| BarrierTimeBeforeRank0    | 39.550 us                 | 6.149 ms                  |
| AfterBackward             | 21.214 ms                 | 223.369 ms                |
| BlockToStepN              | 15.429 ms                 | 64.703 ms                 |
| OneStep                   | 51.885 ms                 | 252.842 ms                |
+---------------------------+---------------------------+---------------------------+
+---------------------------+---------------------------+---------------------------+
| Name                      | P50                       | P99                       |
+---------------------------+---------------------------+---------------------------+
| ProcessBack:Shuffle       | 2.351 ms                  | 2.587 ms                  |
| ProcessBack:UpdateCache   | 1.957 ms                  | 2.962 ms                  |
| ProcessBack:UpsertPq      | 15.920 ms                 | 19.804 ms                 |
| ProcessOneStep            | 21.133 ms                 | 223.321 ms                |
| BlockToStepN              | 15.636 ms                 | 64.656 ms                 |
+---------------------------+---------------------------+---------------------------+
E20240128 19:06:30.322011 671474 parallel_pq_v2.h:76] insert failed, size(hashtable)=5726
W20240128 19:06:30.446696 671475 grad_async_v2.h:121] Detect new sample comes, old_end8, new_end9
W20240128 19:06:30.518528 671057 grad_async_v2.h:250] Sleep in <BlockToStepN>, step_no=140, pq.top=140
E20240128 19:06:31.322017 671057 parallel_pq_v2.h:76] insert failed, size(hashtable)=1509
W20240128 19:06:31.466838 671475 grad_async_v2.h:121] Detect new sample comes, old_end6, new_end7
W20240128 19:06:31.518258 671057 grad_async_v2.h:250] Sleep in <BlockToStepN>, step_no=157, pq.top=157
E20240128 19:06:32.322022 671474 parallel_pq_v2.h:76] insert failed, size(hashtable)=2834
W20240128 19:06:32.466159 671475 grad_async_v2.h:121] Detect new sample comes, old_end3, new_end4
W20240128 19:06:32.543617 671057 grad_async_v2.h:250] Sleep in <BlockToStepN>, step_no=175, pq.top=175
E20240128 19:06:33.322011 671474 parallel_pq_v2.h:76] insert failed, size(hashtable)=3933
W20240128 19:06:33.469607 671475 grad_async_v2.h:121] Detect new sample comes, old_end0, new_end1
W20240128 19:06:33.543258 671057 grad_async_v2.h:250] Sleep in <BlockToStepN>, step_no=192, pq.top=192
[proc 3] 200 steps, total: 5.589, sample: 0.301, forward: 0.412, backward: 0.351, update: 0.157
[proc 2] 200 steps, total: 5.589, sample: 0.281, forward: 0.392, backward: 0.289, update: 0.188
[proc 0] 200 steps, total: 5.589, sample: 0.375, forward: 0.423, backward: 0.336, update: 0.167
[proc 1] 200 steps, total: 5.589, sample: 0.297, forward: 0.422, backward: 0.328, update: 0.172
E20240128 19:06:34.322016 671057 parallel_pq_v2.h:76] insert failed, size(hashtable)=2566
W20240128 19:06:34.477375 671475 grad_async_v2.h:121] Detect new sample comes, old_end7, new_end8
W20240128 19:06:34.576833 671057 grad_async_v2.h:250] Sleep in <BlockToStepN>, step_no=210, pq.top=210
+---------------------------+---------------------------+---------------------------+
| Name                      | P50                       | P99                       |
+---------------------------+---------------------------+---------------------------+
| GenInput                  | 1.296 ms                  | 23.313 ms                 |
| Forward                   | 4.301 ms                  | 7.120 ms                  |
| Backward                  | 3.181 ms                  | 8.447 ms                  |
| Optimize                  | 1.697 ms                  | 3.494 ms                  |
| BarrierTimeBeforeRank0    | 100.536 us                | 16.775 ms                 |
| AfterBackward             | 21.135 ms                 | 57.880 ms                 |
| BlockToStepN              | 18.105 ms                 | 38.746 ms                 |
| OneStep                   | 54.293 ms                 | 114.082 ms                |
+---------------------------+---------------------------+---------------------------+
+---------------------------+---------------------------+---------------------------+
| Name                      | P50                       | P99                       |
+---------------------------+---------------------------+---------------------------+
| ProcessBack:Shuffle       | 2.338 ms                  | 2.862 ms                  |
| ProcessBack:UpdateCache   | 1.929 ms                  | 2.939 ms                  |
| ProcessBack:UpsertPq      | 15.869 ms                 | 19.804 ms                 |
| ProcessOneStep            | 20.933 ms                 | 57.853 ms                 |
| BlockToStepN              | 17.748 ms                 | 64.656 ms                 |
+---------------------------+---------------------------+---------------------------+
E20240128 19:06:35.322396 671475 parallel_pq_v2.h:76] insert failed, size(hashtable)=60
W20240128 19:06:35.484158 671475 grad_async_v2.h:121] Detect new sample comes, old_end4, new_end5
W20240128 19:06:35.584723 671057 grad_async_v2.h:250] Sleep in <BlockToStepN>, step_no=226, pq.top=226
E20240128 19:06:36.322016 671474 parallel_pq_v2.h:76] insert failed, size(hashtable)=1856
W20240128 19:06:36.501497 671475 grad_async_v2.h:121] Detect new sample comes, old_end2, new_end3
W20240128 19:06:36.600252 671057 grad_async_v2.h:250] Sleep in <BlockToStepN>, step_no=244, pq.top=244
E20240128 19:06:37.322014 671474 parallel_pq_v2.h:76] insert failed, size(hashtable)=7598
W20240128 19:06:37.507694 671475 grad_async_v2.h:121] Detect new sample comes, old_end9, new_end0
W20240128 19:06:37.646353 671057 grad_async_v2.h:250] Sleep in <BlockToStepN>, step_no=262, pq.top=262
E20240128 19:06:38.322014 671474 parallel_pq_v2.h:76] insert failed, size(hashtable)=7673
W20240128 19:06:38.514883 671475 grad_async_v2.h:121] Detect new sample comes, old_end6, new_end7
W20240128 19:06:38.646485 671057 grad_async_v2.h:250] Sleep in <BlockToStepN>, step_no=279, pq.top=279
E20240128 19:06:39.322012 671474 parallel_pq_v2.h:76] insert failed, size(hashtable)=4800
W20240128 19:06:39.514830 671475 grad_async_v2.h:121] Detect new sample comes, old_end2, new_end3
+---------------------------+---------------------------+---------------------------+
| Name                      | P50                       | P99                       |
+---------------------------+---------------------------+---------------------------+
| GenInput                  | 1.312 ms                  | 22.089 ms                 |
| Forward                   | 4.295 ms                  | 6.419 ms                  |
| Backward                  | 3.159 ms                  | 8.381 ms                  |
| Optimize                  | 1.701 ms                  | 3.543 ms                  |
| BarrierTimeBeforeRank0    | 107.320 us                | 18.494 ms                 |
| AfterBackward             | 21.012 ms                 | 32.408 ms                 |
| BlockToStepN              | 17.801 ms                 | 64.923 ms                 |
| OneStep                   | 55.034 ms                 | 114.082 ms                |
+---------------------------+---------------------------+---------------------------+
W20240128 19:06:39.676486 671057 grad_async_v2.h:250] Sleep in <BlockToStepN>, step_no=295, pq.top=295
[proc 0] 300 steps, total: 5.947, sample: 0.326, forward: 0.413, backward: 0.311, update: 0.170
[proc 3] 300 steps, total: 5.947, sample: 0.324, forward: 0.412, backward: 0.292, update: 0.169
[proc 2] 300 steps, total: 5.947, sample: 0.291, forward: 0.418, backward: 0.293, update: 0.180
[proc 1] 300 steps, total: 5.947, sample: 0.307, forward: 0.423, backward: 0.315, update: 0.171
+---------------------------+---------------------------+---------------------------+
| Name                      | P50                       | P99                       |
+---------------------------+---------------------------+---------------------------+
| ProcessBack:Shuffle       | 2.344 ms                  | 2.797 ms                  |
| ProcessBack:UpdateCache   | 1.907 ms                  | 2.626 ms                  |
| ProcessBack:UpsertPq      | 15.931 ms                 | 19.674 ms                 |
| ProcessOneStep            | 21.110 ms                 | 32.384 ms                 |
| BlockToStepN              | 18.045 ms                 | 64.828 ms                 |
+---------------------------+---------------------------+---------------------------+
E20240128 19:06:40.322021 671474 parallel_pq_v2.h:76] insert failed, size(hashtable)=8181
W20240128 19:06:40.517330 671475 grad_async_v2.h:121] Detect new sample comes, old_end8, new_end9
W20240128 19:06:40.676578 671057 grad_async_v2.h:250] Sleep in <BlockToStepN>, step_no=311, pq.top=311
E20240128 19:06:41.322012 671474 parallel_pq_v2.h:76] insert failed, size(hashtable)=7946
W20240128 19:06:41.541900 671475 grad_async_v2.h:121] Detect new sample comes, old_end5, new_end6
W20240128 19:06:41.693642 671057 grad_async_v2.h:250] Sleep in <BlockToStepN>, step_no=328, pq.top=328
E20240128 19:06:42.322067 671474 parallel_pq_v2.h:76] insert failed, size(hashtable)=2929
W20240128 19:06:42.544095 671475 grad_async_v2.h:121] Detect new sample comes, old_end3, new_end4
W20240128 19:06:42.699522 671057 grad_async_v2.h:250] Sleep in <BlockToStepN>, step_no=346, pq.top=346
E20240128 19:06:43.322052 671474 parallel_pq_v2.h:76] insert failed, size(hashtable)=7275
W20240128 19:06:43.545822 671475 grad_async_v2.h:121] Detect new sample comes, old_end1, new_end2
W20240128 19:06:43.731443 671057 grad_async_v2.h:250] Sleep in <BlockToStepN>, step_no=365, pq.top=365
E20240128 19:06:44.322013 671474 parallel_pq_v2.h:76] insert failed, size(hashtable)=3528
W20240128 19:06:44.591609 671475 grad_async_v2.h:121] Detect new sample comes, old_end9, new_end0
+---------------------------+---------------------------+---------------------------+
| Name                      | P50                       | P99                       |
+---------------------------+---------------------------+---------------------------+
| GenInput                  | 1.333 ms                  | 21.607 ms                 |
| Forward                   | 4.266 ms                  | 6.403 ms                  |
| Backward                  | 3.171 ms                  | 8.350 ms                  |
| Optimize                  | 1.664 ms                  | 3.519 ms                  |
| BarrierTimeBeforeRank0    | 144.450 us                | 18.242 ms                 |
| AfterBackward             | 20.958 ms                 | 26.499 ms                 |
| BlockToStepN              | 17.801 ms                 | 64.703 ms                 |
| OneStep                   | 55.482 ms                 | 113.509 ms                |
+---------------------------+---------------------------+---------------------------+
W20240128 19:06:44.752890 671057 grad_async_v2.h:250] Sleep in <BlockToStepN>, step_no=382, pq.top=382
+---------------------------+---------------------------+---------------------------+
| Name                      | P50                       | P99                       |
+---------------------------+---------------------------+---------------------------+
| ProcessBack:Shuffle       | 2.349 ms                  | 2.797 ms                  |
| ProcessBack:UpdateCache   | 1.884 ms                  | 2.556 ms                  |
| ProcessBack:UpsertPq      | 15.908 ms                 | 19.674 ms                 |
| ProcessOneStep            | 20.987 ms                 | 26.472 ms                 |
| BlockToStepN              | 18.024 ms                 | 64.656 ms                 |
+---------------------------+---------------------------+---------------------------+
E20240128 19:06:45.322024 671474 parallel_pq_v2.h:76] insert failed, size(hashtable)=3362
W20240128 19:06:45.594300 671475 grad_async_v2.h:121] Detect new sample comes, old_end5, new_end6
W20240128 19:06:45.758121 671057 grad_async_v2.h:250] Sleep in <BlockToStepN>, step_no=398, pq.top=398
[proc 3] 400 steps, total: 5.903, sample: 0.306, forward: 0.410, backward: 0.286, update: 0.177
[proc 0] 400 steps, total: 5.903, sample: 0.382, forward: 0.403, backward: 0.320, update: 0.162
[proc 2] 400 steps, total: 5.903, sample: 0.293, forward: 0.407, backward: 0.285, update: 0.163
[proc 1] 400 steps, total: 5.903, sample: 0.227, forward: 0.397, backward: 0.308, update: 0.150
E20240128 19:06:46.322026 671474 parallel_pq_v2.h:76] insert failed, size(hashtable)=6470
W20240128 19:06:46.634024 671475 grad_async_v2.h:121] Detect new sample comes, old_end2, new_end3
W20240128 19:06:46.758420 671057 grad_async_v2.h:250] Sleep in <BlockToStepN>, step_no=415, pq.top=415
E20240128 19:06:47.322126 671474 parallel_pq_v2.h:76] insert failed, size(hashtable)=3759
W20240128 19:06:47.646260 671475 grad_async_v2.h:121] Detect new sample comes, old_end0, new_end1
W20240128 19:06:47.758554 671057 grad_async_v2.h:250] Sleep in <BlockToStepN>, step_no=432, pq.top=432
E20240128 19:06:48.322012 671474 parallel_pq_v2.h:76] insert failed, size(hashtable)=3758
W20240128 19:06:48.651559 671475 grad_async_v2.h:121] Detect new sample comes, old_end6, new_end7
W20240128 19:06:48.790346 671057 grad_async_v2.h:250] Sleep in <BlockToStepN>, step_no=450, pq.top=450
E20240128 19:06:49.322073 671474 parallel_pq_v2.h:76] insert failed, size(hashtable)=2416
W20240128 19:06:49.671231 671475 grad_async_v2.h:121] Detect new sample comes, old_end5, new_end6
+---------------------------+---------------------------+---------------------------+
| Name                      | P50                       | P99                       |
+---------------------------+---------------------------+---------------------------+
| GenInput                  | 1.367 ms                  | 22.763 ms                 |
| Forward                   | 4.318 ms                  | 6.026 ms                  |
| Backward                  | 3.193 ms                  | 7.989 ms                  |
| Optimize                  | 1.654 ms                  | 3.494 ms                  |
| BarrierTimeBeforeRank0    | 103.261 us                | 17.631 ms                 |
| AfterBackward             | 20.882 ms                 | 25.427 ms                 |
| BlockToStepN              | 17.327 ms                 | 64.923 ms                 |
| OneStep                   | 55.881 ms                 | 114.082 ms                |
+---------------------------+---------------------------+---------------------------+
W20240128 19:06:49.818346 671057 grad_async_v2.h:250] Sleep in <BlockToStepN>, step_no=467, pq.top=467
+---------------------------+---------------------------+---------------------------+
| Name                      | P50                       | P99                       |
+---------------------------+---------------------------+---------------------------+
| ProcessBack:Shuffle       | 2.356 ms                  | 2.787 ms                  |
| ProcessBack:UpdateCache   | 1.873 ms                  | 2.411 ms                  |
| ProcessBack:UpsertPq      | 15.800 ms                 | 19.804 ms                 |
| ProcessOneStep            | 20.831 ms                 | 25.400 ms                 |
| BlockToStepN              | 17.348 ms                 | 64.895 ms                 |
+---------------------------+---------------------------+---------------------------+
E20240128 19:06:50.322011 671474 parallel_pq_v2.h:76] insert failed, size(hashtable)=2910
W20240128 19:06:50.675057 671475 grad_async_v2.h:121] Detect new sample comes, old_end1, new_end2
W20240128 19:06:50.818907 671057 grad_async_v2.h:250] Sleep in <BlockToStepN>, step_no=484, pq.top=484
E20240128 19:06:51.322012 671474 parallel_pq_v2.h:76] insert failed, size(hashtable)=5832
[proc 3] 500 steps, total: 5.760, sample: 0.291, forward: 0.416, backward: 0.287, update: 0.160
[proc 2] 500 steps, total: 5.760, sample: 0.326, forward: 0.420, backward: 0.288, update: 0.178
[proc 0] 500 steps, total: 5.760, sample: 0.382, forward: 0.439, backward: 0.320, update: 0.156
[proc 1] 500 steps, total: 5.760, sample: 0.264, forward: 0.435, backward: 0.302, update: 0.159
Successfully xmh. training takes 30.85425877571106 seconds
before call kg_cache_controller.StopThreads()
W20240128 19:06:51.661265 671057 grad_async_v2.h:71] call StopThreads. PID = 670715
W20240128 19:06:51.661299 671057 grad_base.h:212] before processOneStepNegThread_.join();
W20240128 19:06:51.661466 671057 grad_base.h:214] after processOneStepNegThread_.join();
W20240128 19:06:51.661474 671057 grad_async_v2.h:73] call GradProcessingBase::StopThreads.
[W tensorpipe_agent.cpp:725] RPC agent for worker0 encountered error when reading incoming request from worker3: eof (this error originated at tensorpipe/transport/shm/connection_impl.cc:259)
[W tensorpipe_agent.cpp:725] RPC agent for worker0 encountered error when reading incoming request from worker2: eof (this error originated at tensorpipe/transport/shm/connection_impl.cc:259)
[W tensorpipe_agent.cpp:725] RPC agent for worker0 encountered error when reading incoming request from worker1: eof (this error originated at tensorpipe/transport/shm/connection_impl.cc:259)
W20240128 19:06:51.698099 671057 grad_async_v2.h:92] StopThreads done.
On rank0, prepare to call self.controller.StopThreads(), self=<python.controller_process.KGCacheControllerWrapper object at 0x7f9cf6e24490>
