WARNING: Logging before InitGoogleLogging() is written to STDERR
I20240125 16:34:18.563854 33681 IPC_barrier.h:128] MultiProcessBarrierFactory->ClearIPCMemory()
/home/xieminhui/RecStore/src/framework_adapters/torch/kg/dgl-0.9.1/python/dgl/_deprecate/graph.py:1023: DGLWarning: multigraph will be deprecated.DGL will treat all graphs as multigraph in the future.
  dgl_warning("multigraph will be deprecated." \
/home/xieminhui/RecStore/src/framework_adapters/torch/kg/dgl-0.9.1/python/dgl/heterograph.py:72: DGLWarning: Recommend creating graphs by `dgl.graph(data)` instead of `dgl.DGLGraph(data)`.
  dgl_warning('Recommend creating graphs by `dgl.graph(data)`'
Reading train triples....
Finished. Read 483142 train triples.
Reading valid triples....
Finished. Read 50000 valid triples.
Reading test triples....
Finished. Read 59071 test triples.
ARGS:  Namespace(model_name='TransE', data_path='/home/xieminhui/dgl-data', dataset='FB15k', format='built_in', data_files=None, delimiter='\t', save_path='/tmp/ckpts/TransE_FB15k_110', no_save_emb=True, max_step=500, batch_size=800, batch_size_eval=16, neg_sample_size=200, neg_deg_sample=False, neg_deg_sample_eval=False, neg_sample_size_eval=14951, eval_percent=1, no_eval_filter=False, log_interval=100, eval_interval=10000, test=False, num_proc=8, num_thread=1, force_sync_interval=1, hidden_dim=400, lr=0.01, gamma=16.0, double_ent=False, double_rel=False, neg_adversarial_sampling=False, adversarial_temperature=1.0, regularization_coef=0.0, regularization_norm=3, pairwise=False, loss_genre='Logsigmoid', margin=1.0, nr_gpus=8, gpu=[0, 1, 2, 3, 4, 5, 6, 7], mix_cpu_gpu=True, valid=False, rel_part=False, async_update=None, has_edge_importance=False, cached_emb_type='KnownLocalCachedEmbedding', use_my_emb=True, cache_ratio=0.05, shuffle=False, backwardMode='CppAsyncV2', L=10, kForwardItersPerStep=2, backgrad_init='both', eval_filter=True, soft_rel_part=False)
|Train|: 483142
original graph:  DGLGraph(num_nodes=14951, num_edges=592213,
         ndata_schemes={}
         edata_schemes={'tid': Scheme(shape=(), dtype=torch.int64)})
Loading cached metis
WARNING [33681 sampler.py:454] Start PreSampling
WARNING [33681 sampler.py:532] Before construct renumbering_dict
WARNING [33681 sampler.py:555] PreSampling done
W20240125 16:34:32.618185 33681 IPCTensor.h:365] NewIPCTensor: cached_sampler_r0_0 [100000]0x100000002000 781.2 kB
W20240125 16:34:32.619200 33681 IPCTensor.h:365] NewIPCTensor: cached_sampler_r0_1 [100000]0x1000000c7000 781.2 kB
W20240125 16:34:32.619706 33681 IPCTensor.h:365] NewIPCTensor: cached_sampler_r0_2 [100000]0x10000018c000 781.2 kB
W20240125 16:34:32.620139 33681 IPCTensor.h:365] NewIPCTensor: cached_sampler_r0_3 [100000]0x100000251000 781.2 kB
W20240125 16:34:32.620538 33681 IPCTensor.h:365] NewIPCTensor: cached_sampler_r0_4 [100000]0x100000316000 781.2 kB
W20240125 16:34:32.620975 33681 IPCTensor.h:365] NewIPCTensor: cached_sampler_r0_5 [100000]0x1000003db000 781.2 kB
W20240125 16:34:32.621448 33681 IPCTensor.h:365] NewIPCTensor: cached_sampler_r0_6 [100000]0x1000004a0000 781.2 kB
W20240125 16:34:32.621896 33681 IPCTensor.h:365] NewIPCTensor: cached_sampler_r0_7 [100000]0x100000565000 781.2 kB
W20240125 16:34:32.622318 33681 IPCTensor.h:365] NewIPCTensor: cached_sampler_r0_8 [100000]0x10000062a000 781.2 kB
W20240125 16:34:32.622738 33681 IPCTensor.h:365] NewIPCTensor: cached_sampler_r0_9 [100000]0x1000006ef000 781.2 kB
W20240125 16:34:32.623167 33681 IPCTensor.h:365] NewIPCTensor: step_r0 [10]0x1000007b4000 80 B 
W20240125 16:34:32.623577 33681 IPCTensor.h:365] NewIPCTensor: circle_buffer_end_r0 [1]0x1000007b6000 8 B 
W20240125 16:34:32.623980 33681 IPCTensor.h:365] NewIPCTensor: circle_buffer_end_cppseen_r0 [1]0x1000007b8000 8 B 
W20240125 16:34:32.624610 33681 IPCTensor.h:365] NewIPCTensor: cached_sampler_r1_0 [100000]0x1000007ba000 781.2 kB
W20240125 16:34:32.625057 33681 IPCTensor.h:365] NewIPCTensor: cached_sampler_r1_1 [100000]0x10000087f000 781.2 kB
W20240125 16:34:32.625484 33681 IPCTensor.h:365] NewIPCTensor: cached_sampler_r1_2 [100000]0x100000944000 781.2 kB
W20240125 16:34:32.625895 33681 IPCTensor.h:365] NewIPCTensor: cached_sampler_r1_3 [100000]0x100000a09000 781.2 kB
W20240125 16:34:32.626335 33681 IPCTensor.h:365] NewIPCTensor: cached_sampler_r1_4 [100000]0x100000ace000 781.2 kB
W20240125 16:34:32.626756 33681 IPCTensor.h:365] NewIPCTensor: cached_sampler_r1_5 [100000]0x100000b93000 781.2 kB
W20240125 16:34:32.627183 33681 IPCTensor.h:365] NewIPCTensor: cached_sampler_r1_6 [100000]0x100000c58000 781.2 kB
W20240125 16:34:32.627604 33681 IPCTensor.h:365] NewIPCTensor: cached_sampler_r1_7 [100000]0x100000d1d000 781.2 kB
W20240125 16:34:32.628017 33681 IPCTensor.h:365] NewIPCTensor: cached_sampler_r1_8 [100000]0x100000de2000 781.2 kB
W20240125 16:34:32.628432 33681 IPCTensor.h:365] NewIPCTensor: cached_sampler_r1_9 [100000]0x100000ea7000 781.2 kB
W20240125 16:34:32.628885 33681 IPCTensor.h:365] NewIPCTensor: step_r1 [10]0x100000f6c000 80 B 
W20240125 16:34:32.629302 33681 IPCTensor.h:365] NewIPCTensor: circle_buffer_end_r1 [1]0x100000f6e000 8 B 
W20240125 16:34:32.629727 33681 IPCTensor.h:365] NewIPCTensor: circle_buffer_end_cppseen_r1 [1]0x100000f70000 8 B 
W20240125 16:34:32.630268 33681 IPCTensor.h:365] NewIPCTensor: cached_sampler_r2_0 [100000]0x100000f72000 781.2 kB
W20240125 16:34:32.630695 33681 IPCTensor.h:365] NewIPCTensor: cached_sampler_r2_1 [100000]0x100001037000 781.2 kB
W20240125 16:34:32.631114 33681 IPCTensor.h:365] NewIPCTensor: cached_sampler_r2_2 [100000]0x1000010fc000 781.2 kB
W20240125 16:34:32.631534 33681 IPCTensor.h:365] NewIPCTensor: cached_sampler_r2_3 [100000]0x1000011c1000 781.2 kB
W20240125 16:34:32.631933 33681 IPCTensor.h:365] NewIPCTensor: cached_sampler_r2_4 [100000]0x100001286000 781.2 kB
W20240125 16:34:32.632376 33681 IPCTensor.h:365] NewIPCTensor: cached_sampler_r2_5 [100000]0x10000134b000 781.2 kB
W20240125 16:34:32.632803 33681 IPCTensor.h:365] NewIPCTensor: cached_sampler_r2_6 [100000]0x100001410000 781.2 kB
W20240125 16:34:32.633236 33681 IPCTensor.h:365] NewIPCTensor: cached_sampler_r2_7 [100000]0x1000014d5000 781.2 kB
W20240125 16:34:32.633301 33681 IPCTensor.h:365] NewIPCTensor: cached_sampler_r2_8 [100000]0x10000159a000 781.2 kB
W20240125 16:34:32.633342 33681 IPCTensor.h:365] NewIPCTensor: cached_sampler_r2_9 [100000]0x10000165f000 781.2 kB
W20240125 16:34:32.633380 33681 IPCTensor.h:365] NewIPCTensor: step_r2 [10]0x100001724000 80 B 
W20240125 16:34:32.633414 33681 IPCTensor.h:365] NewIPCTensor: circle_buffer_end_r2 [1]0x100001726000 8 B 
W20240125 16:34:32.633436 33681 IPCTensor.h:365] NewIPCTensor: circle_buffer_end_cppseen_r2 [1]0x100001728000 8 B 
W20240125 16:34:32.633595 33681 IPCTensor.h:365] NewIPCTensor: cached_sampler_r3_0 [100000]0x10000172a000 781.2 kB
W20240125 16:34:32.633643 33681 IPCTensor.h:365] NewIPCTensor: cached_sampler_r3_1 [100000]0x1000017ef000 781.2 kB
W20240125 16:34:32.633677 33681 IPCTensor.h:365] NewIPCTensor: cached_sampler_r3_2 [100000]0x1000018b4000 781.2 kB
W20240125 16:34:32.633728 33681 IPCTensor.h:365] NewIPCTensor: cached_sampler_r3_3 [100000]0x100001979000 781.2 kB
W20240125 16:34:32.633760 33681 IPCTensor.h:365] NewIPCTensor: cached_sampler_r3_4 [100000]0x100001a3e000 781.2 kB
W20240125 16:34:32.633806 33681 IPCTensor.h:365] NewIPCTensor: cached_sampler_r3_5 [100000]0x100001b03000 781.2 kB
W20240125 16:34:32.633833 33681 IPCTensor.h:365] NewIPCTensor: cached_sampler_r3_6 [100000]0x100001bc8000 781.2 kB
W20240125 16:34:32.633870 33681 IPCTensor.h:365] NewIPCTensor: cached_sampler_r3_7 [100000]0x100001c8d000 781.2 kB
W20240125 16:34:32.633913 33681 IPCTensor.h:365] NewIPCTensor: cached_sampler_r3_8 [100000]0x100001d52000 781.2 kB
W20240125 16:34:32.633940 33681 IPCTensor.h:365] NewIPCTensor: cached_sampler_r3_9 [100000]0x100001e17000 781.2 kB
W20240125 16:34:32.633967 33681 IPCTensor.h:365] NewIPCTensor: step_r3 [10]0x100001edc000 80 B 
W20240125 16:34:32.633996 33681 IPCTensor.h:365] NewIPCTensor: circle_buffer_end_r3 [1]0x100001ede000 8 B 
W20240125 16:34:32.634018 33681 IPCTensor.h:365] NewIPCTensor: circle_buffer_end_cppseen_r3 [1]0x100001ee0000 8 B 
W20240125 16:34:32.634101 33681 IPCTensor.h:365] NewIPCTensor: cached_sampler_r4_0 [100000]0x100001ee2000 781.2 kB
W20240125 16:34:32.634184 33681 IPCTensor.h:365] NewIPCTensor: cached_sampler_r4_1 [100000]0x100001fa7000 781.2 kB
W20240125 16:34:32.634214 33681 IPCTensor.h:365] NewIPCTensor: cached_sampler_r4_2 [100000]0x10000206c000 781.2 kB
W20240125 16:34:32.634245 33681 IPCTensor.h:365] NewIPCTensor: cached_sampler_r4_3 [100000]0x100002131000 781.2 kB
W20240125 16:34:32.634279 33681 IPCTensor.h:365] NewIPCTensor: cached_sampler_r4_4 [100000]0x1000021f6000 781.2 kB
W20240125 16:34:32.634315 33681 IPCTensor.h:365] NewIPCTensor: cached_sampler_r4_5 [100000]0x1000022bb000 781.2 kB
W20240125 16:34:32.634354 33681 IPCTensor.h:365] NewIPCTensor: cached_sampler_r4_6 [100000]0x100002380000 781.2 kB
W20240125 16:34:32.634399 33681 IPCTensor.h:365] NewIPCTensor: cached_sampler_r4_7 [100000]0x100002445000 781.2 kB
W20240125 16:34:32.634435 33681 IPCTensor.h:365] NewIPCTensor: cached_sampler_r4_8 [100000]0x10000250a000 781.2 kB
W20240125 16:34:32.634472 33681 IPCTensor.h:365] NewIPCTensor: cached_sampler_r4_9 [100000]0x1000025cf000 781.2 kB
W20240125 16:34:32.634503 33681 IPCTensor.h:365] NewIPCTensor: step_r4 [10]0x100002694000 80 B 
W20240125 16:34:32.634531 33681 IPCTensor.h:365] NewIPCTensor: circle_buffer_end_r4 [1]0x100002696000 8 B 
W20240125 16:34:32.634557 33681 IPCTensor.h:365] NewIPCTensor: circle_buffer_end_cppseen_r4 [1]0x100002698000 8 B 
W20240125 16:34:32.634632 33681 IPCTensor.h:365] NewIPCTensor: cached_sampler_r5_0 [100000]0x10000269a000 781.2 kB
W20240125 16:34:32.634685 33681 IPCTensor.h:365] NewIPCTensor: cached_sampler_r5_1 [100000]0x10000275f000 781.2 kB
W20240125 16:34:32.634728 33681 IPCTensor.h:365] NewIPCTensor: cached_sampler_r5_2 [100000]0x100002824000 781.2 kB
W20240125 16:34:32.634764 33681 IPCTensor.h:365] NewIPCTensor: cached_sampler_r5_3 [100000]0x1000028e9000 781.2 kB
W20240125 16:34:32.634804 33681 IPCTensor.h:365] NewIPCTensor: cached_sampler_r5_4 [100000]0x1000029ae000 781.2 kB
W20240125 16:34:32.634851 33681 IPCTensor.h:365] NewIPCTensor: cached_sampler_r5_5 [100000]0x100002a73000 781.2 kB
W20240125 16:34:32.634882 33681 IPCTensor.h:365] NewIPCTensor: cached_sampler_r5_6 [100000]0x100002b38000 781.2 kB
W20240125 16:34:32.634917 33681 IPCTensor.h:365] NewIPCTensor: cached_sampler_r5_7 [100000]0x100002bfd000 781.2 kB
W20240125 16:34:32.634948 33681 IPCTensor.h:365] NewIPCTensor: cached_sampler_r5_8 [100000]0x100002cc2000 781.2 kB
W20240125 16:34:32.634990 33681 IPCTensor.h:365] NewIPCTensor: cached_sampler_r5_9 [100000]0x100002d87000 781.2 kB
W20240125 16:34:32.635026 33681 IPCTensor.h:365] NewIPCTensor: step_r5 [10]0x100002e4c000 80 B 
W20240125 16:34:32.635053 33681 IPCTensor.h:365] NewIPCTensor: circle_buffer_end_r5 [1]0x100002e4e000 8 B 
W20240125 16:34:32.635083 33681 IPCTensor.h:365] NewIPCTensor: circle_buffer_end_cppseen_r5 [1]0x100002e50000 8 B 
W20240125 16:34:32.635154 33681 IPCTensor.h:365] NewIPCTensor: cached_sampler_r6_0 [100000]0x100002e52000 781.2 kB
W20240125 16:34:32.635195 33681 IPCTensor.h:365] NewIPCTensor: cached_sampler_r6_1 [100000]0x100002f17000 781.2 kB
W20240125 16:34:32.635233 33681 IPCTensor.h:365] NewIPCTensor: cached_sampler_r6_2 [100000]0x100002fdc000 781.2 kB
W20240125 16:34:32.635290 33681 IPCTensor.h:365] NewIPCTensor: cached_sampler_r6_3 [100000]0x1000030a1000 781.2 kB
W20240125 16:34:32.635330 33681 IPCTensor.h:365] NewIPCTensor: cached_sampler_r6_4 [100000]0x100003166000 781.2 kB
W20240125 16:34:32.635367 33681 IPCTensor.h:365] NewIPCTensor: cached_sampler_r6_5 [100000]0x10000322b000 781.2 kB
W20240125 16:34:32.635411 33681 IPCTensor.h:365] NewIPCTensor: cached_sampler_r6_6 [100000]0x1000032f0000 781.2 kB
W20240125 16:34:32.635452 33681 IPCTensor.h:365] NewIPCTensor: cached_sampler_r6_7 [100000]0x1000033b5000 781.2 kB
W20240125 16:34:32.635480 33681 IPCTensor.h:365] NewIPCTensor: cached_sampler_r6_8 [100000]0x10000347a000 781.2 kB
W20240125 16:34:32.635532 33681 IPCTensor.h:365] NewIPCTensor: cached_sampler_r6_9 [100000]0x10000353f000 781.2 kB
W20240125 16:34:32.635562 33681 IPCTensor.h:365] NewIPCTensor: step_r6 [10]0x100003604000 80 B 
W20240125 16:34:32.635607 33681 IPCTensor.h:365] NewIPCTensor: circle_buffer_end_r6 [1]0x100003606000 8 B 
W20240125 16:34:32.635633 33681 IPCTensor.h:365] NewIPCTensor: circle_buffer_end_cppseen_r6 [1]0x100003608000 8 B 
W20240125 16:34:32.635712 33681 IPCTensor.h:365] NewIPCTensor: cached_sampler_r7_0 [100000]0x10000360a000 781.2 kB
W20240125 16:34:32.635758 33681 IPCTensor.h:365] NewIPCTensor: cached_sampler_r7_1 [100000]0x1000036cf000 781.2 kB
W20240125 16:34:32.635789 33681 IPCTensor.h:365] NewIPCTensor: cached_sampler_r7_2 [100000]0x100003794000 781.2 kB
W20240125 16:34:32.635823 33681 IPCTensor.h:365] NewIPCTensor: cached_sampler_r7_3 [100000]0x100003859000 781.2 kB
W20240125 16:34:32.635861 33681 IPCTensor.h:365] NewIPCTensor: cached_sampler_r7_4 [100000]0x10000391e000 781.2 kB
W20240125 16:34:32.635890 33681 IPCTensor.h:365] NewIPCTensor: cached_sampler_r7_5 [100000]0x1000039e3000 781.2 kB
W20240125 16:34:32.635921 33681 IPCTensor.h:365] NewIPCTensor: cached_sampler_r7_6 [100000]0x100003aa8000 781.2 kB
W20240125 16:34:32.635950 33681 IPCTensor.h:365] NewIPCTensor: cached_sampler_r7_7 [100000]0x100003b6d000 781.2 kB
W20240125 16:34:32.635994 33681 IPCTensor.h:365] NewIPCTensor: cached_sampler_r7_8 [100000]0x100003c32000 781.2 kB
W20240125 16:34:32.636035 33681 IPCTensor.h:365] NewIPCTensor: cached_sampler_r7_9 [100000]0x100003cf7000 781.2 kB
W20240125 16:34:32.636075 33681 IPCTensor.h:365] NewIPCTensor: step_r7 [10]0x100003dbc000 80 B 
W20240125 16:34:32.636101 33681 IPCTensor.h:365] NewIPCTensor: circle_buffer_end_r7 [1]0x100003dbe000 8 B 
W20240125 16:34:32.636132 33681 IPCTensor.h:365] NewIPCTensor: circle_buffer_end_cppseen_r7 [1]0x100003dc0000 8 B 
W20240125 16:34:33.123610 33681 IPCTensor.h:365] NewIPCTensor: full_emb [14951, 400]0x100003dc2000 22.81 MB
W20240125 16:34:33.123942 33681 IPCTensor.h:365] NewIPCTensor: full_emb_SparseRowWiseAdaGrad_sum [14951]0x100005494000 58.4 kB
{0: Graph(num_nodes=8499, num_edges=86694,
      ndata_schemes={'_ID': Scheme(shape=(), dtype=torch.int64), 'inner_node': Scheme(shape=(), dtype=torch.int32), 'part_id': Scheme(shape=(), dtype=torch.int64)}
      edata_schemes={'_ID': Scheme(shape=(), dtype=torch.int64), 'inner_edge': Scheme(shape=(), dtype=torch.int8)}), 1: Graph(num_nodes=6140, num_edges=88951,
      ndata_schemes={'_ID': Scheme(shape=(), dtype=torch.int64), 'inner_node': Scheme(shape=(), dtype=torch.int32), 'part_id': Scheme(shape=(), dtype=torch.int64)}
      edata_schemes={'_ID': Scheme(shape=(), dtype=torch.int64), 'inner_edge': Scheme(shape=(), dtype=torch.int8)}), 2: Graph(num_nodes=8646, num_edges=109741,
      ndata_schemes={'_ID': Scheme(shape=(), dtype=torch.int64), 'inner_node': Scheme(shape=(), dtype=torch.int32), 'part_id': Scheme(shape=(), dtype=torch.int64)}
      edata_schemes={'_ID': Scheme(shape=(), dtype=torch.int64), 'inner_edge': Scheme(shape=(), dtype=torch.int8)}), 3: Graph(num_nodes=8503, num_edges=86907,
      ndata_schemes={'_ID': Scheme(shape=(), dtype=torch.int64), 'inner_node': Scheme(shape=(), dtype=torch.int32), 'part_id': Scheme(shape=(), dtype=torch.int64)}
      edata_schemes={'_ID': Scheme(shape=(), dtype=torch.int64), 'inner_edge': Scheme(shape=(), dtype=torch.int8)}), 4: Graph(num_nodes=10597, num_edges=122217,
      ndata_schemes={'_ID': Scheme(shape=(), dtype=torch.int64), 'inner_node': Scheme(shape=(), dtype=torch.int32), 'part_id': Scheme(shape=(), dtype=torch.int64)}
      edata_schemes={'_ID': Scheme(shape=(), dtype=torch.int64), 'inner_edge': Scheme(shape=(), dtype=torch.int8)}), 5: Graph(num_nodes=8255, num_edges=102550,
      ndata_schemes={'_ID': Scheme(shape=(), dtype=torch.int64), 'inner_node': Scheme(shape=(), dtype=torch.int32), 'part_id': Scheme(shape=(), dtype=torch.int64)}
      edata_schemes={'_ID': Scheme(shape=(), dtype=torch.int64), 'inner_edge': Scheme(shape=(), dtype=torch.int8)}), 6: Graph(num_nodes=7422, num_edges=104094,
      ndata_schemes={'_ID': Scheme(shape=(), dtype=torch.int64), 'inner_node': Scheme(shape=(), dtype=torch.int32), 'part_id': Scheme(shape=(), dtype=torch.int64)}
      edata_schemes={'_ID': Scheme(shape=(), dtype=torch.int64), 'inner_edge': Scheme(shape=(), dtype=torch.int8)}), 7: Graph(num_nodes=7815, num_edges=137832,
      ndata_schemes={'_ID': Scheme(shape=(), dtype=torch.int64), 'inner_node': Scheme(shape=(), dtype=torch.int32), 'part_id': Scheme(shape=(), dtype=torch.int64)}
      edata_schemes={'_ID': Scheme(shape=(), dtype=torch.int64), 'inner_edge': Scheme(shape=(), dtype=torch.int8)})}
MertisPartition: part 0 has 8499 N 86694 E
MertisPartition: part 1 has 6140 N 88951 E
MertisPartition: part 2 has 8646 N 109741 E
MertisPartition: part 3 has 8503 N 86907 E
MertisPartition: part 4 has 10597 N 122217 E
MertisPartition: part 5 has 8255 N 102550 E
MertisPartition: part 6 has 7422 N 104094 E
MertisPartition: part 7 has 7815 N 137832 E
Rank0: cached key size 93
Rank1: cached key size 93
Rank2: cached key size 93
Rank3: cached key size 93
Rank4: cached key size 93
Rank5: cached key size 93
Rank6: cached key size 93
Rank7: cached key size 93
Before renumbering graph:  {'_ID': tensor([    0,    15,    36,  ..., 11946,  9147, 13282]), 'inner_node': tensor([1, 1, 1,  ..., 0, 0, 0], dtype=torch.int32), 'part_id': tensor([0, 0, 0,  ..., 6, 3, 7])}
After renumbering graph:  {'_ID': tensor([ 9333,  9881, 10237,  ..., 10209, 10070,  8336]), 'inner_node': tensor([1, 1, 1,  ..., 0, 0, 0], dtype=torch.int32), 'part_id': tensor([0, 0, 0,  ..., 6, 3, 7])}
part_g: DGLGraph(num_nodes=8499, num_edges=86694,
         ndata_schemes={'_ID': Scheme(shape=(), dtype=torch.int64)}
         edata_schemes={'tid': Scheme(shape=(), dtype=torch.int64)})
part_g: DGLGraph(num_nodes=8499, num_edges=86694,
         ndata_schemes={'_ID': Scheme(shape=(), dtype=torch.int64)}
         edata_schemes={'tid': Scheme(shape=(), dtype=torch.int64)})
Total initialize time 14.723 seconds
[Rank1] pid = 34900
[Rank2] pid = 34964
[Rank3] pid = 34966
[Rank4] pid = 35073
[Rank5] pid = 35156
[Rank6] pid = 35220
INFO [33681 distributed_c10d.py:442] Added key: store_based_barrier_key:1 to store for rank: 0
INFO [34900 distributed_c10d.py:442] Added key: store_based_barrier_key:1 to store for rank: 1
INFO [34964 distributed_c10d.py:442] Added key: store_based_barrier_key:1 to store for rank: 2
INFO [34966 distributed_c10d.py:442] Added key: store_based_barrier_key:1 to store for rank: 3
INFO [35073 distributed_c10d.py:442] Added key: store_based_barrier_key:1 to store for rank: 4
INFO [35156 distributed_c10d.py:442] Added key: store_based_barrier_key:1 to store for rank: 5
INFO [35222 distributed_c10d.py:442] Added key: store_based_barrier_key:1 to store for rank: 7
INFO [35220 distributed_c10d.py:442] Added key: store_based_barrier_key:1 to store for rank: 6
INFO [35222 distributed_c10d.py:476] Rank 7: Completed store-based barrier for key:store_based_barrier_key:1 with 8 nodes.
INFO [35220 distributed_c10d.py:476] Rank 6: Completed store-based barrier for key:store_based_barrier_key:1 with 8 nodes.
INFO [34966 distributed_c10d.py:476] Rank 3: Completed store-based barrier for key:store_based_barrier_key:1 with 8 nodes.
INFO [35073 distributed_c10d.py:476] Rank 4: Completed store-based barrier for key:store_based_barrier_key:1 with 8 nodes.
INFO [35156 distributed_c10d.py:476] Rank 5: Completed store-based barrier for key:store_based_barrier_key:1 with 8 nodes.
W20240125 16:34:36.292117 35093 IPCTensor.h:405] NewIPCGPUTensor: embedding_cache_4 [747, 400]; dev=4; size=1.14 MB
W20240125 16:34:36.292117 35029 IPCTensor.h:405] NewIPCGPUTensor: embedding_cache_3 [747, 400]; dev=3; size=1.14 MB
W20240125 16:34:36.292117 35221 IPCTensor.h:405] NewIPCGPUTensor: embedding_cache_6 [747, 400]; dev=6; size=1.14 MB
W20240125 16:34:36.292117 35287 IPCTensor.h:405] NewIPCGPUTensor: embedding_cache_7 [747, 400]; dev=7; size=1.14 MB
W20240125 16:34:36.292241 35157 IPCTensor.h:405] NewIPCGPUTensor: embedding_cache_5 [747, 400]; dev=5; size=1.14 MB
INFO [34964 distributed_c10d.py:476] Rank 2: Completed store-based barrier for key:store_based_barrier_key:1 with 8 nodes.
INFO [33681 distributed_c10d.py:476] Rank 0: Completed store-based barrier for key:store_based_barrier_key:1 with 8 nodes.
INFO [34900 distributed_c10d.py:476] Rank 1: Completed store-based barrier for key:store_based_barrier_key:1 with 8 nodes.
W20240125 16:34:36.300267 35285 IPCTensor.h:405] NewIPCGPUTensor: embedding_cache_0 [747, 400]; dev=0; size=1.14 MB
W20240125 16:34:36.301271 34901 IPCTensor.h:405] NewIPCGPUTensor: embedding_cache_1 [747, 400]; dev=1; size=1.14 MB
W20240125 16:34:36.301271 34965 IPCTensor.h:405] NewIPCGPUTensor: embedding_cache_2 [747, 400]; dev=2; size=1.14 MB
W20240125 16:34:36.340834 35029 IPCTensor.h:365] NewIPCTensor: input_keys_3 [100000]0x1000054a8000 781.2 kB
W20240125 16:34:36.340899 35285 IPCTensor.h:365] NewIPCTensor: input_keys_0 [100000]0x10000556d000 781.2 kB
W20240125 16:34:36.341471 35029 IPCTensor.h:365] NewIPCTensor: input_keys_neg_3 [100000]0x100005632000 781.2 kB
W20240125 16:34:36.341595 35029 IPCTensor.h:365] NewIPCTensor: backward_grads_3 [100000, 400]0x1000056f7000 152.6 MB
W20240125 16:34:36.341678 35029 IPCTensor.h:365] NewIPCTensor: backward_grads_neg_3 [100000, 400]0x10000ef8f000 152.6 MB
W20240125 16:34:36.341702 35285 IPCTensor.h:365] NewIPCTensor: input_keys_neg_0 [100000]0x100018827000 781.2 kB
W20240125 16:34:36.341746 35029 IPCTensor.h:405] NewIPCGPUTensor: backward_grads_3_gpu [100000, 400]; dev=3; size=152.6 MB
W20240125 16:34:36.341823 35285 IPCTensor.h:365] NewIPCTensor: backward_grads_0 [100000, 400]0x1000188ec000 152.6 MB
W20240125 16:34:36.341900 35285 IPCTensor.h:365] NewIPCTensor: backward_grads_neg_0 [100000, 400]0x100022184000 152.6 MB
W20240125 16:34:36.342221 35285 IPCTensor.h:405] NewIPCGPUTensor: backward_grads_0_gpu [100000, 400]; dev=0; size=152.6 MB
W20240125 16:34:36.343096 35029 IPCTensor.h:405] NewIPCGPUTensor: backward_grads_neg_3_gpu [100000, 400]; dev=3; size=152.6 MB
W20240125 16:34:36.343189 35285 IPCTensor.h:405] NewIPCGPUTensor: backward_grads_neg_0_gpu [100000, 400]; dev=0; size=152.6 MB
W20240125 16:34:36.349555 35287 IPCTensor.h:365] NewIPCTensor: input_keys_7 [100000]0x10002ba2a000 781.2 kB
W20240125 16:34:36.349558 35157 IPCTensor.h:365] NewIPCTensor: input_keys_5 [100000]0x10002bbb4000 781.2 kB
W20240125 16:34:36.349555 35221 IPCTensor.h:365] NewIPCTensor: input_keys_6 [100000]0x10002baef000 781.2 kB
W20240125 16:34:36.349820 35221 IPCTensor.h:365] NewIPCTensor: input_keys_neg_6 [100000]0x10002bc79000 781.2 kB
W20240125 16:34:36.349825 35157 IPCTensor.h:365] NewIPCTensor: input_keys_neg_5 [100000]0x10002bd3e000 781.2 kB
W20240125 16:34:36.349831 35287 IPCTensor.h:365] NewIPCTensor: input_keys_neg_7 [100000]0x10002be03000 781.2 kB
W20240125 16:34:36.349915 35221 IPCTensor.h:365] NewIPCTensor: backward_grads_6 [100000, 400]0x10002bec8000 152.6 MB
W20240125 16:34:36.349920 35157 IPCTensor.h:365] NewIPCTensor: backward_grads_5 [100000, 400]0x100035760000 152.6 MB
W20240125 16:34:36.349939 35287 IPCTensor.h:365] NewIPCTensor: backward_grads_7 [100000, 400]0x10003eff8000 152.6 MB
W20240125 16:34:36.350030 35221 IPCTensor.h:365] NewIPCTensor: backward_grads_neg_6 [100000, 400]0x100048896000 152.6 MB
W20240125 16:34:36.350036 35287 IPCTensor.h:365] NewIPCTensor: backward_grads_neg_7 [100000, 400]0x10005212e000 152.6 MB
W20240125 16:34:36.350042 35157 IPCTensor.h:365] NewIPCTensor: backward_grads_neg_5 [100000, 400]0x10005b9c6000 152.6 MB
W20240125 16:34:36.350101 35287 IPCTensor.h:405] NewIPCGPUTensor: backward_grads_7_gpu [100000, 400]; dev=7; size=152.6 MB
W20240125 16:34:36.350107 35221 IPCTensor.h:405] NewIPCGPUTensor: backward_grads_6_gpu [100000, 400]; dev=6; size=152.6 MB
W20240125 16:34:36.350128 35157 IPCTensor.h:405] NewIPCGPUTensor: backward_grads_5_gpu [100000, 400]; dev=5; size=152.6 MB
W20240125 16:34:36.350275 35093 IPCTensor.h:365] NewIPCTensor: input_keys_4 [100000]0x10006525e000 781.2 kB
W20240125 16:34:36.350442 35093 IPCTensor.h:365] NewIPCTensor: input_keys_neg_4 [100000]0x1000654ad000 781.2 kB
W20240125 16:34:36.350417 34901 IPCTensor.h:365] NewIPCTensor: input_keys_1 [100000]0x1000653e8000 781.2 kB
W20240125 16:34:36.350415 34965 IPCTensor.h:365] NewIPCTensor: input_keys_2 [100000]0x100065323000 781.2 kB
W20240125 16:34:36.350523 35093 IPCTensor.h:365] NewIPCTensor: backward_grads_4 [100000, 400]0x100065572000 152.6 MB
W20240125 16:34:36.350600 35093 IPCTensor.h:365] NewIPCTensor: backward_grads_neg_4 [100000, 400]0x10006ee0a000 152.6 MB
W20240125 16:34:36.350649 35093 IPCTensor.h:405] NewIPCGPUTensor: backward_grads_4_gpu [100000, 400]; dev=4; size=152.6 MB
W20240125 16:34:36.350708 34965 IPCTensor.h:365] NewIPCTensor: input_keys_neg_2 [100000]0x1000786a2000 781.2 kB
W20240125 16:34:36.350728 34901 IPCTensor.h:365] NewIPCTensor: input_keys_neg_1 [100000]0x100078767000 781.2 kB
W20240125 16:34:36.350809 34901 IPCTensor.h:365] NewIPCTensor: backward_grads_1 [100000, 400]0x10007882c000 152.6 MB
W20240125 16:34:36.350821 34965 IPCTensor.h:365] NewIPCTensor: backward_grads_2 [100000, 400]0x1000820c4000 152.6 MB
W20240125 16:34:36.350888 34901 IPCTensor.h:365] NewIPCTensor: backward_grads_neg_1 [100000, 400]0x10008b95c000 152.6 MB
W20240125 16:34:36.350912 34965 IPCTensor.h:365] NewIPCTensor: backward_grads_neg_2 [100000, 400]0x1000951f4000 152.6 MB
W20240125 16:34:36.350945 34901 IPCTensor.h:405] NewIPCGPUTensor: backward_grads_1_gpu [100000, 400]; dev=1; size=152.6 MB
W20240125 16:34:36.350963 34965 IPCTensor.h:405] NewIPCGPUTensor: backward_grads_2_gpu [100000, 400]; dev=2; size=152.6 MB
W20240125 16:34:36.354393 35287 IPCTensor.h:405] NewIPCGPUTensor: backward_grads_neg_7_gpu [100000, 400]; dev=7; size=152.6 MB
W20240125 16:34:36.354395 35221 IPCTensor.h:405] NewIPCGPUTensor: backward_grads_neg_6_gpu [100000, 400]; dev=6; size=152.6 MB
W20240125 16:34:36.354544 35157 IPCTensor.h:405] NewIPCGPUTensor: backward_grads_neg_5_gpu [100000, 400]; dev=5; size=152.6 MB
W20240125 16:34:36.354554 35093 IPCTensor.h:405] NewIPCGPUTensor: backward_grads_neg_4_gpu [100000, 400]; dev=4; size=152.6 MB
W20240125 16:34:36.354636 34901 IPCTensor.h:405] NewIPCGPUTensor: backward_grads_neg_1_gpu [100000, 400]; dev=1; size=152.6 MB
W20240125 16:34:36.354650 34965 IPCTensor.h:405] NewIPCGPUTensor: backward_grads_neg_2_gpu [100000, 400]; dev=2; size=152.6 MB
cudaHostRegister 0x100003dc2000
2: KnownLocalCachedEmbedding init done
WARNING [34964 DistTensor.py:56] The tensor name already exists in the kvstore
cudaHostRegister 0x100003dc2000
1: KnownLocalCachedEmbedding init done
WARNING [34900 DistTensor.py:56] The tensor name already exists in the kvstore
cudaHostRegister 0x100003dc2000
4: KnownLocalCachedEmbedding init done
WARNING [35073 DistTensor.py:56] The tensor name already exists in the kvstore
[Rank7] pid = 35222
New CachedEmbedding, name=full_emb, shape=(14951, 400), cache_type=KnownLocalCachedEmbedding
fixed cache_range is [(0, 747), (747, 1494), (1494, 2241), (2241, 2988), (2988, 3735), (3735, 4482), (4482, 5229), (5229, 5976)]
cudaHostRegister 0x100003dc2000
0: KnownLocalCachedEmbedding init done
WARNING [33681 DistTensor.py:56] The tensor name already exists in the kvstore
cudaHostRegister 0x100003dc2000
7: KnownLocalCachedEmbedding init done
WARNING [35222 DistTensor.py:56] The tensor name already exists in the kvstore
cudaHostRegister 0x100003dc2000
6: KnownLocalCachedEmbedding init done
cudaHostRegister 0x100003dc2000
5: KnownLocalCachedEmbedding init done
cudaHostRegister 0x100003dc2000
3: KnownLocalCachedEmbedding init done
WARNING [34966 DistTensor.py:56] The tensor name already exists in the kvstore
WARNING [35156 DistTensor.py:56] The tensor name already exists in the kvstore
WARNING [35220 DistTensor.py:56] The tensor name already exists in the kvstore
I20240125 16:34:36.611440 35157 IPC_barrier.h:118] CreateBarrier: new barrier, name: kgcachecontroller, count: 8
I20240125 16:34:36.611491 35221 IPC_barrier.h:112] CreateBarrier: find existing barrier, name: kgcachecontroller, count: 8
I20240125 16:34:36.611531 35029 IPC_barrier.h:112] CreateBarrier: find existing barrier, name: kgcachecontroller, count: 8
I20240125 16:34:36.611567 34901 IPC_barrier.h:112] CreateBarrier: find existing barrier, name: kgcachecontroller, count: 8
I20240125 16:34:36.611626 35285 IPC_barrier.h:112] CreateBarrier: find existing barrier, name: kgcachecontroller, count: 8
I20240125 16:34:36.611691 34965 IPC_barrier.h:112] CreateBarrier: find existing barrier, name: kgcachecontroller, count: 8
I20240125 16:34:36.611804 35093 IPC_barrier.h:112] CreateBarrier: find existing barrier, name: kgcachecontroller, count: 8
I20240125 16:34:36.612082 35287 IPC_barrier.h:112] CreateBarrier: find existing barrier, name: kgcachecontroller, count: 8
W20240125 16:34:36.613361 35285 grad_base.h:55] KGCacheController, config={
        "num_gpus": 8,
        "L": 10,
        "backgrad_init": "both", 
        "kForwardItersPerStep": 2,
        "clr": 1,
        "nr_background_threads": 32,
        "backwardMode": "CppAsyncV2",
        "cache_ratio": 0.05
        }
W20240125 16:34:36.613530 35285 grad_base.h:172] Init GradProcessingBase done
I20240125 16:34:36.619310 35285 grad_async_v2.h:32] Use background thread to update emb. nr_background_threads=32
W20240125 16:34:36.619555 35285 kg_controller.h:78] after init GradAsyncProcessingV2
I20240125 16:34:36.619568 35285 kg_controller.h:84] Construct KGCacheController done
I20240125 16:34:37.638424 35285 grad_base.h:60] GraphEnv RegTensorsPerProcess
W20240125 16:34:39.544205 36193 grad_async_v2.h:120] Detect new sample comes, old_end0, new_end1
E20240125 16:34:39.560593 36193 parallel_pq_v2.h:76] insert failed, size(hashtable)=1
I20240125 16:34:39.588959 34901 IPC_barrier.h:118] CreateBarrier: new barrier, name: start_barrier, count: 8
I20240125 16:34:39.593686 35157 IPC_barrier.h:112] CreateBarrier: find existing barrier, name: start_barrier, count: 8
I20240125 16:34:39.604009 34965 IPC_barrier.h:112] CreateBarrier: find existing barrier, name: start_barrier, count: 8
I20240125 16:34:39.614984 35287 IPC_barrier.h:112] CreateBarrier: find existing barrier, name: start_barrier, count: 8
I20240125 16:34:39.651465 35221 IPC_barrier.h:112] CreateBarrier: find existing barrier, name: start_barrier, count: 8
I20240125 16:34:39.660823 35093 IPC_barrier.h:112] CreateBarrier: find existing barrier, name: start_barrier, count: 8
I20240125 16:34:39.667308 35029 IPC_barrier.h:112] CreateBarrier: find existing barrier, name: start_barrier, count: 8
I20240125 16:34:39.791348 35285 IPC_barrier.h:112] CreateBarrier: find existing barrier, name: start_barrier, count: 8
+---------------------------+---------------------------+---------------------------+
| Name                      | P50                       | P99                       |
+---------------------------+---------------------------+---------------------------+
| GenInput                  | 19.573 ms                 | 19.573 ms                 |
+---------------------------+---------------------------+---------------------------+
E20240125 16:34:46.520129 36863 parallel_pq_v2.h:76] insert failed, size(hashtable)=5
+---------------------------+---------------------------+---------------------------+
| Name                      | P50                       | P99                       |
+---------------------------+---------------------------+---------------------------+
| GenInput                  | 19.573 ms                 | 19.573 ms                 |
| Forward                   | 2.375 s                   | 2.375 s                   |
| Backward                  | 697.243 ms                | 697.243 ms                |
| Optimize                  | 5.374 ms                  | 5.374 ms                  |
| BarrierTimeBeforeRank0    | 111.124 us                | 111.124 us                |
+---------------------------+---------------------------+---------------------------+
W20240125 16:34:46.708540 36193 grad_async_v2.h:120] Detect new sample comes, old_end1, new_end2
W20240125 16:34:46.875265 35285 grad_async_v2.h:249] Sleep in <BlockToStepN>, step_no=2, pq.top=2
E20240125 16:34:47.520993 36862 parallel_pq_v2.h:76] insert failed, size(hashtable)=6728
+---------------------------+---------------------------+---------------------------+
| Name                      | P50                       | P99                       |
+---------------------------+---------------------------+---------------------------+
| ProcessBack:Shuffle       | 18.976 ms                 | 1.125 s                   |
| ProcessBack:UpdateCache   | 24.981 ms                 | 2.457 s                   |
| ProcessBack:UpsertPq      | 26.310 ms                 | 222.446 ms                |
| ProcessOneStep            | 79.832 ms                 | 3.811 s                   |
| BlockToStepN              | 3.313 ms                  | 146.075 ms                |
+---------------------------+---------------------------+---------------------------+
W20240125 16:34:47.726007 36193 grad_async_v2.h:120] Detect new sample comes, old_end6, new_end7
W20240125 16:34:47.910611 35285 grad_async_v2.h:249] Sleep in <BlockToStepN>, step_no=7, pq.top=7
E20240125 16:34:48.520071 36192 parallel_pq_v2.h:76] insert failed, size(hashtable)=10643
W20240125 16:34:48.730865 36193 grad_async_v2.h:120] Detect new sample comes, old_end0, new_end1
W20240125 16:34:49.054407 35285 grad_async_v2.h:249] Sleep in <BlockToStepN>, step_no=12, pq.top=12
E20240125 16:34:49.520181 36192 parallel_pq_v2.h:76] insert failed, size(hashtable)=8891
W20240125 16:34:49.741371 36193 grad_async_v2.h:120] Detect new sample comes, old_end5, new_end6
W20240125 16:34:50.156775 35285 grad_async_v2.h:249] Sleep in <BlockToStepN>, step_no=17, pq.top=17
E20240125 16:34:50.537489 36868 parallel_pq_v2.h:76] insert failed, size(hashtable)=1173
W20240125 16:34:50.744939 36193 grad_async_v2.h:120] Detect new sample comes, old_end0, new_end1
W20240125 16:34:51.365154 35285 grad_async_v2.h:249] Sleep in <BlockToStepN>, step_no=24, pq.top=24
E20240125 16:34:51.520022 36192 parallel_pq_v2.h:76] insert failed, size(hashtable)=4306
+---------------------------+---------------------------+---------------------------+
| Name                      | P50                       | P99                       |
+---------------------------+---------------------------+---------------------------+
| GenInput                  | 2.465 ms                  | 57.916 ms                 |
| Forward                   | 7.280 ms                  | 2.375 s                   |
| Backward                  | 6.386 ms                  | 697.243 ms                |
| Optimize                  | 2.383 ms                  | 5.374 ms                  |
| BarrierTimeBeforeRank0    | 19.438 ms                 | 64.236 ms                 |
| AfterBackward             | 91.245 ms                 | 3.811 s                   |
| BlockToStepN              | 17.424 ms                 | 146.391 ms                |
| OneStep                   | 202.520 ms                | 6.913 s                   |
+---------------------------+---------------------------+---------------------------+
W20240125 16:34:51.762401 36193 grad_async_v2.h:120] Detect new sample comes, old_end6, new_end7
W20240125 16:34:52.369670 35285 grad_async_v2.h:249] Sleep in <BlockToStepN>, step_no=29, pq.top=29
E20240125 16:34:52.520071 36875 parallel_pq_v2.h:76] insert failed, size(hashtable)=335
+---------------------------+---------------------------+---------------------------+
| Name                      | P50                       | P99                       |
+---------------------------+---------------------------+---------------------------+
| ProcessBack:Shuffle       | 10.763 ms                 | 1.111 s                   |
| ProcessBack:UpdateCache   | 23.576 ms                 | 2.433 s                   |
| ProcessBack:UpsertPq      | 36.468 ms                 | 198.667 ms                |
| ProcessOneStep            | 92.402 ms                 | 3.811 s                   |
| BlockToStepN              | 18.101 ms                 | 146.075 ms                |
+---------------------------+---------------------------+---------------------------+
W20240125 16:34:52.767226 36193 grad_async_v2.h:120] Detect new sample comes, old_end0, new_end1
W20240125 16:34:53.403117 35285 grad_async_v2.h:249] Sleep in <BlockToStepN>, step_no=34, pq.top=34
E20240125 16:34:53.520044 36193 parallel_pq_v2.h:76] insert failed, size(hashtable)=507
W20240125 16:34:53.848040 36193 grad_async_v2.h:120] Detect new sample comes, old_end5, new_end6
W20240125 16:34:54.414737 35285 grad_async_v2.h:249] Sleep in <BlockToStepN>, step_no=38, pq.top=38
E20240125 16:34:54.520551 36193 parallel_pq_v2.h:76] insert failed, size(hashtable)=346
W20240125 16:34:54.863910 36193 grad_async_v2.h:120] Detect new sample comes, old_end0, new_end1
W20240125 16:34:55.441323 35285 grad_async_v2.h:249] Sleep in <BlockToStepN>, step_no=43, pq.top=43
E20240125 16:34:55.520013 36192 parallel_pq_v2.h:76] insert failed, size(hashtable)=6887
W20240125 16:34:55.980172 36193 grad_async_v2.h:120] Detect new sample comes, old_end5, new_end6
W20240125 16:34:56.529390 35285 grad_async_v2.h:249] Sleep in <BlockToStepN>, step_no=48, pq.top=48
E20240125 16:34:56.535105 36192 parallel_pq_v2.h:76] insert failed, size(hashtable)=4351
+---------------------------+---------------------------+---------------------------+
| Name                      | P50                       | P99                       |
+---------------------------+---------------------------+---------------------------+
| GenInput                  | 1.856 ms                  | 57.916 ms                 |
| Forward                   | 6.704 ms                  | 2.375 s                   |
| Backward                  | 5.894 ms                  | 697.243 ms                |
| Optimize                  | 2.415 ms                  | 10.536 ms                 |
| BarrierTimeBeforeRank0    | 22.841 ms                 | 64.236 ms                 |
| AfterBackward             | 84.598 ms                 | 3.811 s                   |
| BlockToStepN              | 45.091 ms                 | 155.615 ms                |
| OneStep                   | 209.545 ms                | 6.913 s                   |
+---------------------------+---------------------------+---------------------------+
W20240125 16:34:57.066269 36193 grad_async_v2.h:120] Detect new sample comes, old_end0, new_end1
W20240125 16:34:57.530613 35285 grad_async_v2.h:249] Sleep in <BlockToStepN>, step_no=52, pq.top=52
E20240125 16:34:57.543368 36192 parallel_pq_v2.h:76] insert failed, size(hashtable)=4622
+---------------------------+---------------------------+---------------------------+
| Name                      | P50                       | P99                       |
+---------------------------+---------------------------+---------------------------+
| ProcessBack:Shuffle       | 14.894 ms                 | 1.111 s                   |
| ProcessBack:UpdateCache   | 21.700 ms                 | 2.433 s                   |
| ProcessBack:UpsertPq      | 28.377 ms                 | 198.667 ms                |
| ProcessOneStep            | 83.522 ms                 | 171.556 ms                |
| BlockToStepN              | 45.386 ms                 | 146.075 ms                |
+---------------------------+---------------------------+---------------------------+
W20240125 16:34:57.753777 36863 HazptrDomain.h:767] 10 request backlog for hazptr asynchronous reclamation executor
W20240125 16:34:58.160635 36193 grad_async_v2.h:120] Detect new sample comes, old_end5, new_end6
W20240125 16:34:58.530071 35285 grad_async_v2.h:249] Sleep in <BlockToStepN>, step_no=57, pq.top=57
E20240125 16:34:58.552847 36192 parallel_pq_v2.h:76] insert failed, size(hashtable)=3805
W20240125 16:34:59.166394 36193 grad_async_v2.h:120] Detect new sample comes, old_end0, new_end1
W20240125 16:34:59.531131 35285 grad_async_v2.h:249] Sleep in <BlockToStepN>, step_no=62, pq.top=62
E20240125 16:34:59.552847 36192 parallel_pq_v2.h:76] insert failed, size(hashtable)=4089
W20240125 16:35:00.169673 36193 grad_async_v2.h:120] Detect new sample comes, old_end4, new_end5
W20240125 16:35:00.549118 35285 grad_async_v2.h:249] Sleep in <BlockToStepN>, step_no=66, pq.top=66
E20240125 16:35:00.553467 36192 parallel_pq_v2.h:76] insert failed, size(hashtable)=3625
W20240125 16:35:01.224953 36193 grad_async_v2.h:120] Detect new sample comes, old_end8, new_end9
W20240125 16:35:01.549144 35285 grad_async_v2.h:249] Sleep in <BlockToStepN>, step_no=70, pq.top=70
E20240125 16:35:01.557015 36193 parallel_pq_v2.h:76] insert failed, size(hashtable)=472
+---------------------------+---------------------------+---------------------------+
| Name                      | P50                       | P99                       |
+---------------------------+---------------------------+---------------------------+
| GenInput                  | 1.827 ms                  | 53.578 ms                 |
| Forward                   | 6.738 ms                  | 70.200 ms                 |
| Backward                  | 5.953 ms                  | 22.086 ms                 |
| Optimize                  | 2.428 ms                  | 9.960 ms                  |
| BarrierTimeBeforeRank0    | 20.260 ms                 | 56.976 ms                 |
| AfterBackward             | 78.473 ms                 | 171.698 ms                |
| BlockToStepN              | 57.299 ms                 | 158.747 ms                |
| OneStep                   | 215.846 ms                | 371.864 ms                |
+---------------------------+---------------------------+---------------------------+
W20240125 16:35:02.471315 36193 grad_async_v2.h:120] Detect new sample comes, old_end2, new_end3
E20240125 16:35:02.558184 36193 parallel_pq_v2.h:76] insert failed, size(hashtable)=412
W20240125 16:35:02.588199 35285 grad_async_v2.h:249] Sleep in <BlockToStepN>, step_no=73, pq.top=73
+---------------------------+---------------------------+---------------------------+
| Name                      | P50                       | P99                       |
+---------------------------+---------------------------+---------------------------+
| ProcessBack:Shuffle       | 10.322 ms                 | 1.111 s                   |
| ProcessBack:UpdateCache   | 19.342 ms                 | 2.433 s                   |
| ProcessBack:UpsertPq      | 28.155 ms                 | 198.667 ms                |
| ProcessOneStep            | 78.365 ms                 | 171.556 ms                |
| BlockToStepN              | 60.351 ms                 | 215.728 ms                |
+---------------------------+---------------------------+---------------------------+
W20240125 16:35:03.502898 36193 grad_async_v2.h:120] Detect new sample comes, old_end5, new_end6
E20240125 16:35:03.564875 36192 parallel_pq_v2.h:76] insert failed, size(hashtable)=9556
W20240125 16:35:03.617827 35285 grad_async_v2.h:249] Sleep in <BlockToStepN>, step_no=76, pq.top=76
E20240125 16:35:04.564021 36192 parallel_pq_v2.h:76] insert failed, size(hashtable)=4848
W20240125 16:35:04.608265 36193 grad_async_v2.h:120] Detect new sample comes, old_end9, new_end0
W20240125 16:35:04.740316 35285 grad_async_v2.h:249] Sleep in <BlockToStepN>, step_no=80, pq.top=80
E20240125 16:35:05.568359 36192 parallel_pq_v2.h:76] insert failed, size(hashtable)=4556
W20240125 16:35:05.610981 36193 grad_async_v2.h:120] Detect new sample comes, old_end3, new_end4
W20240125 16:35:05.741330 35285 grad_async_v2.h:249] Sleep in <BlockToStepN>, step_no=84, pq.top=84
E20240125 16:35:06.577415 36192 parallel_pq_v2.h:76] insert failed, size(hashtable)=4316
W20240125 16:35:06.614593 36193 grad_async_v2.h:120] Detect new sample comes, old_end8, new_end9
+---------------------------+---------------------------+---------------------------+
| Name                      | P50                       | P99                       |
+---------------------------+---------------------------+---------------------------+
| GenInput                  | 1.898 ms                  | 53.578 ms                 |
| Forward                   | 6.729 ms                  | 70.200 ms                 |
| Backward                  | 5.863 ms                  | 22.086 ms                 |
| Optimize                  | 2.420 ms                  | 9.960 ms                  |
| BarrierTimeBeforeRank0    | 21.410 ms                 | 77.134 ms                 |
| AfterBackward             | 78.385 ms                 | 171.698 ms                |
| BlockToStepN              | 67.128 ms                 | 281.207 ms                |
| OneStep                   | 223.933 ms                | 588.836 ms                |
+---------------------------+---------------------------+---------------------------+
W20240125 16:35:06.747481 35285 grad_async_v2.h:249] Sleep in <BlockToStepN>, step_no=89, pq.top=89
E20240125 16:35:07.584975 36193 parallel_pq_v2.h:76] insert failed, size(hashtable)=356
+---------------------------+---------------------------+---------------------------+
| Name                      | P50                       | P99                       |
+---------------------------+---------------------------+---------------------------+
| ProcessBack:Shuffle       | 10.322 ms                 | 38.175 ms                 |
| ProcessBack:UpdateCache   | 19.603 ms                 | 87.954 ms                 |
| ProcessBack:UpsertPq      | 27.775 ms                 | 96.394 ms                 |
| ProcessOneStep            | 77.375 ms                 | 171.556 ms                |
| BlockToStepN              | 68.197 ms                 | 280.912 ms                |
+---------------------------+---------------------------+---------------------------+
W20240125 16:35:07.745126 36193 grad_async_v2.h:120] Detect new sample comes, old_end2, new_end3
W20240125 16:35:07.860046 35285 grad_async_v2.h:249] Sleep in <BlockToStepN>, step_no=93, pq.top=93
E20240125 16:35:08.585083 36865 parallel_pq_v2.h:76] insert failed, size(hashtable)=785
W20240125 16:35:08.793531 36193 grad_async_v2.h:120] Detect new sample comes, old_end6, new_end7
W20240125 16:35:08.917892 35285 grad_async_v2.h:249] Sleep in <BlockToStepN>, step_no=97, pq.top=97
E20240125 16:35:09.585563 36193 parallel_pq_v2.h:76] insert failed, size(hashtable)=3
train_sampler.Prefill()
before start barrier
start train
[proc 4] 100 steps, total: 30.131, sample: 0.521, forward: 2.600, backward: 1.837, update: 0.251
train_sampler.Prefill()
before start barrier
start train
[proc 2] 100 steps, total: 30.188, sample: 0.505, forward: 2.638, backward: 1.424, update: 0.268
train_sampler.Prefill()
before start barrier
start train
[proc 6] 100 steps, total: 30.140, sample: 0.555, forward: 3.227, backward: 1.770, update: 0.280
train_sampler.Prefill()
before start barrier
start train
[proc 7] 100 steps, total: 30.177, sample: 0.573, forward: 2.686, backward: 1.796, update: 0.218
train_sampler.Prefill()
-------Step 0-------
tensor([ 2257,    74,  4112,  2291, 11742, 12224,   955,   384, 12145, 11606]) tensor([10237, 10468,  6859, 11320, 12709,  1117,   615,  3373, 14014, 12117])
-------Step 1-------
tensor([ 2257,    74,  4112,  2291, 11742, 12224,   955,   384, 12145, 11606]) tensor([ 1086,  2715,   484, 13613,  7873,  5112, 14881, 13656, 12123,  1156])
-------Step 2-------
tensor([ 4478, 13570,  2802, 13088,  9946,    26,   822,    15, 14417,  6175]) tensor([ 5659,  7285, 13838,  6967,  5057,  8876, 12116,   427, 14596,  5210])
-------Step 3-------
tensor([ 4478, 13570,  2802, 13088,  9946,    26,   822,    15, 14417,  6175]) tensor([13219,  3851, 10297, 12036,  3849, 13561,  2323, 14103, 13632,  5322])
-------Step 4-------
tensor([ 8204,  3383,  4162,    15,  6718,  4033, 13287,    26,  6284,    71]) tensor([11195,  8566,  7173,  1295,  4172,  1289,  1382, 13676, 10325,  2027])
-------Step 5-------
tensor([ 8204,  3383,  4162,    15,  6718,  4033, 13287,    26,  6284,    71]) tensor([ 3111, 10578,  1326,  5802, 10343,  8066, 13499,  7270,  8068,  5494])
-------Step 6-------
tensor([   74, 13572, 11033,  3626, 13002,  3732,    63, 14201,  8597,   923]) tensor([  613,  1030, 13922,  3531,  2197,  2921,   384,  7554,  3799,  1956])
-------Step 7-------
tensor([   74, 13572, 11033,  3626, 13002,  3732,    63, 14201,  8597,   923]) tensor([ 3952,  7082,  5754, 14553, 10307,  1814, 12085, 11057,  4991,  7530])
-------Step 8-------
tensor([14634,  1358,     8,  2696,  8757,     5, 10581,    26,   944,  2126]) tensor([14071,  7274,  2114, 10124, 14521,  8901, 11440,  1565,  9399,  4066])
-------Step 9-------
tensor([14634,  1358,     8,  2696,  8757,     5, 10581,    26,   944,  2126]) tensor([ 2688, 14486, 12962,  1236,  1059,  8644, 13032, 14461,  6252, 14764])
before start barrier
start train
[proc 0] 100 steps, total: 30.000, sample: 0.625, forward: 3.365, backward: 1.474, update: 0.242
train_sampler.Prefill()
before start barrier
start train
[proc 3] 100 steps, total: 30.132, sample: 0.530, forward: 2.721, backward: 1.771, update: 0.241
train_sampler.Prefill()
before start barrier
start train
[proc 1] 100 steps, total: 30.210, sample: 0.474, forward: 2.831, backward: 1.521, update: 0.282
W20240125 16:35:09.800679 36193 grad_async_v2.h:120] Detect new sample comes, old_end0, new_end1
train_sampler.Prefill()
before start barrier
start train
[proc 5] 100 steps, total: 30.213, sample: 0.536, forward: 2.771, backward: 1.784, update: 0.232
W20240125 16:35:09.921485 35285 grad_async_v2.h:249] Sleep in <BlockToStepN>, step_no=101, pq.top=101
