WARNING: Logging before InitGoogleLogging() is written to STDERR
I20240204 10:54:05.604960 48334 IPC_barrier.h:128] MultiProcessBarrierFactory->ClearIPCMemory()
/data/home/xieminhui/RecStore/src/framework_adapters/torch/kg/dgl-0.9.1/python/dgl/_deprecate/graph.py:1023: DGLWarning: multigraph will be deprecated.DGL will treat all graphs as multigraph in the future.
  dgl_warning("multigraph will be deprecated." \
/data/home/xieminhui/RecStore/src/framework_adapters/torch/kg/dgl-0.9.1/python/dgl/heterograph.py:72: DGLWarning: Recommend creating graphs by `dgl.graph(data)` instead of `dgl.DGLGraph(data)`.
  dgl_warning('Recommend creating graphs by `dgl.graph(data)`'
Reading train triples....
Finished. Read 483142 train triples.
Reading valid triples....
Finished. Read 50000 valid triples.
Reading test triples....
Finished. Read 59071 test triples.
ARGS:  Namespace(model_name='TransE', data_path='/home/xieminhui/dgl-data', dataset='FB15k', format='built_in', data_files=None, delimiter='\t', save_path='/tmp/ckpts/TransE_FB15k_130', no_save_emb=True, max_step=500, batch_size=1200, batch_size_eval=16, neg_sample_size=200, neg_deg_sample=False, neg_deg_sample_eval=False, neg_sample_size_eval=14951, eval_percent=1, no_eval_filter=False, log_interval=100, eval_interval=10000, test=False, num_proc=8, num_thread=1, force_sync_interval=1, hidden_dim=400, lr=0.01, gamma=16.0, double_ent=False, double_rel=False, neg_adversarial_sampling=False, adversarial_temperature=1.0, regularization_coef=0.0, regularization_norm=3, pairwise=False, loss_genre='Logsigmoid', margin=1.0, nr_gpus=8, gpu=[0, 1, 2, 3, 4, 5, 6, 7], mix_cpu_gpu=True, valid=False, rel_part=False, async_update=None, has_edge_importance=False, cached_emb_type='KnownLocalCachedEmbedding', use_my_emb=True, cache_ratio=0.05, shuffle=False, backwardMode='CppAsync', L=10, nr_background_threads=8, update_cache_use_omp=0, update_pq_use_omp=0, kForwardItersPerStep=2, backgrad_init='both', eval_filter=True, soft_rel_part=False)
|Train|: 483142
original graph:  DGLGraph(num_nodes=14951, num_edges=592213,
         ndata_schemes={}
         edata_schemes={'tid': Scheme(shape=(), dtype=torch.int64)})
Loading cached metis
WARNING [48334 sampler.py:454] Start PreSampling
WARNING [48334 sampler.py:532] Before construct renumbering_dict
WARNING [48334 sampler.py:555] PreSampling done
W20240204 10:54:11.043686 48334 IPCTensor.h:369] NewIPCTensor: cached_sampler_r0_0 [1000000]0x100000002000 7.629 MB
W20240204 10:54:11.043903 48334 IPCTensor.h:369] NewIPCTensor: cached_sampler_r0_1 [1000000]0x1000007a5000 7.629 MB
W20240204 10:54:11.043954 48334 IPCTensor.h:369] NewIPCTensor: cached_sampler_r0_2 [1000000]0x100000f48000 7.629 MB
W20240204 10:54:11.043998 48334 IPCTensor.h:369] NewIPCTensor: cached_sampler_r0_3 [1000000]0x1000016eb000 7.629 MB
W20240204 10:54:11.044059 48334 IPCTensor.h:369] NewIPCTensor: cached_sampler_r0_4 [1000000]0x100001e8e000 7.629 MB
W20240204 10:54:11.044116 48334 IPCTensor.h:369] NewIPCTensor: cached_sampler_r0_5 [1000000]0x100002631000 7.629 MB
W20240204 10:54:11.044158 48334 IPCTensor.h:369] NewIPCTensor: cached_sampler_r0_6 [1000000]0x100002dd4000 7.629 MB
W20240204 10:54:11.044206 48334 IPCTensor.h:369] NewIPCTensor: cached_sampler_r0_7 [1000000]0x100003577000 7.629 MB
W20240204 10:54:11.044255 48334 IPCTensor.h:369] NewIPCTensor: cached_sampler_r0_8 [1000000]0x100003d1a000 7.629 MB
W20240204 10:54:11.044302 48334 IPCTensor.h:369] NewIPCTensor: cached_sampler_r0_9 [1000000]0x1000044bd000 7.629 MB
W20240204 10:54:11.044358 48334 IPCTensor.h:369] NewIPCTensor: step_r0 [10]0x100004c60000 80 B 
W20240204 10:54:11.044395 48334 IPCTensor.h:369] NewIPCTensor: circle_buffer_end_r0 [1]0x100004c62000 8 B 
W20240204 10:54:11.044431 48334 IPCTensor.h:369] NewIPCTensor: circle_buffer_end_cppseen_r0 [1]0x100004c64000 8 B 
W20240204 10:54:11.044571 48334 IPCTensor.h:369] NewIPCTensor: cached_sampler_r1_0 [1000000]0x100004c66000 7.629 MB
W20240204 10:54:11.044625 48334 IPCTensor.h:369] NewIPCTensor: cached_sampler_r1_1 [1000000]0x100005409000 7.629 MB
W20240204 10:54:11.044667 48334 IPCTensor.h:369] NewIPCTensor: cached_sampler_r1_2 [1000000]0x100005bac000 7.629 MB
W20240204 10:54:11.044726 48334 IPCTensor.h:369] NewIPCTensor: cached_sampler_r1_3 [1000000]0x10000634f000 7.629 MB
W20240204 10:54:11.044765 48334 IPCTensor.h:369] NewIPCTensor: cached_sampler_r1_4 [1000000]0x100006af2000 7.629 MB
W20240204 10:54:11.044812 48334 IPCTensor.h:369] NewIPCTensor: cached_sampler_r1_5 [1000000]0x100007295000 7.629 MB
W20240204 10:54:11.044858 48334 IPCTensor.h:369] NewIPCTensor: cached_sampler_r1_6 [1000000]0x100007a38000 7.629 MB
W20240204 10:54:11.044911 48334 IPCTensor.h:369] NewIPCTensor: cached_sampler_r1_7 [1000000]0x1000081db000 7.629 MB
W20240204 10:54:11.044958 48334 IPCTensor.h:369] NewIPCTensor: cached_sampler_r1_8 [1000000]0x10000897e000 7.629 MB
W20240204 10:54:11.045008 48334 IPCTensor.h:369] NewIPCTensor: cached_sampler_r1_9 [1000000]0x100009121000 7.629 MB
W20240204 10:54:11.045047 48334 IPCTensor.h:369] NewIPCTensor: step_r1 [10]0x1000098c4000 80 B 
W20240204 10:54:11.045084 48334 IPCTensor.h:369] NewIPCTensor: circle_buffer_end_r1 [1]0x1000098c6000 8 B 
W20240204 10:54:11.045123 48334 IPCTensor.h:369] NewIPCTensor: circle_buffer_end_cppseen_r1 [1]0x1000098c8000 8 B 
W20240204 10:54:11.045202 48334 IPCTensor.h:369] NewIPCTensor: cached_sampler_r2_0 [1000000]0x1000098ca000 7.629 MB
W20240204 10:54:11.045251 48334 IPCTensor.h:369] NewIPCTensor: cached_sampler_r2_1 [1000000]0x10000a06d000 7.629 MB
W20240204 10:54:11.045289 48334 IPCTensor.h:369] NewIPCTensor: cached_sampler_r2_2 [1000000]0x10000a810000 7.629 MB
W20240204 10:54:11.045331 48334 IPCTensor.h:369] NewIPCTensor: cached_sampler_r2_3 [1000000]0x10000afb3000 7.629 MB
W20240204 10:54:11.045385 48334 IPCTensor.h:369] NewIPCTensor: cached_sampler_r2_4 [1000000]0x10000b756000 7.629 MB
W20240204 10:54:11.045426 48334 IPCTensor.h:369] NewIPCTensor: cached_sampler_r2_5 [1000000]0x10000bef9000 7.629 MB
W20240204 10:54:11.045466 48334 IPCTensor.h:369] NewIPCTensor: cached_sampler_r2_6 [1000000]0x10000c69c000 7.629 MB
W20240204 10:54:11.045518 48334 IPCTensor.h:369] NewIPCTensor: cached_sampler_r2_7 [1000000]0x10000ce3f000 7.629 MB
W20240204 10:54:11.045567 48334 IPCTensor.h:369] NewIPCTensor: cached_sampler_r2_8 [1000000]0x10000d5e2000 7.629 MB
W20240204 10:54:11.045614 48334 IPCTensor.h:369] NewIPCTensor: cached_sampler_r2_9 [1000000]0x10000dd85000 7.629 MB
W20240204 10:54:11.045661 48334 IPCTensor.h:369] NewIPCTensor: step_r2 [10]0x10000e528000 80 B 
W20240204 10:54:11.045697 48334 IPCTensor.h:369] NewIPCTensor: circle_buffer_end_r2 [1]0x10000e52a000 8 B 
W20240204 10:54:11.045737 48334 IPCTensor.h:369] NewIPCTensor: circle_buffer_end_cppseen_r2 [1]0x10000e52c000 8 B 
W20240204 10:54:11.045825 48334 IPCTensor.h:369] NewIPCTensor: cached_sampler_r3_0 [1000000]0x10000e52e000 7.629 MB
W20240204 10:54:11.045871 48334 IPCTensor.h:369] NewIPCTensor: cached_sampler_r3_1 [1000000]0x10000ecd1000 7.629 MB
W20240204 10:54:11.045913 48334 IPCTensor.h:369] NewIPCTensor: cached_sampler_r3_2 [1000000]0x10000f474000 7.629 MB
W20240204 10:54:11.045955 48334 IPCTensor.h:369] NewIPCTensor: cached_sampler_r3_3 [1000000]0x10000fc17000 7.629 MB
W20240204 10:54:11.045995 48334 IPCTensor.h:369] NewIPCTensor: cached_sampler_r3_4 [1000000]0x1000103ba000 7.629 MB
W20240204 10:54:11.046046 48334 IPCTensor.h:369] NewIPCTensor: cached_sampler_r3_5 [1000000]0x100010b5d000 7.629 MB
W20240204 10:54:11.046094 48334 IPCTensor.h:369] NewIPCTensor: cached_sampler_r3_6 [1000000]0x100011300000 7.629 MB
W20240204 10:54:11.046146 48334 IPCTensor.h:369] NewIPCTensor: cached_sampler_r3_7 [1000000]0x100011aa3000 7.629 MB
W20240204 10:54:11.046188 48334 IPCTensor.h:369] NewIPCTensor: cached_sampler_r3_8 [1000000]0x100012246000 7.629 MB
W20240204 10:54:11.046233 48334 IPCTensor.h:369] NewIPCTensor: cached_sampler_r3_9 [1000000]0x1000129e9000 7.629 MB
W20240204 10:54:11.046275 48334 IPCTensor.h:369] NewIPCTensor: step_r3 [10]0x10001318c000 80 B 
W20240204 10:54:11.046311 48334 IPCTensor.h:369] NewIPCTensor: circle_buffer_end_r3 [1]0x10001318e000 8 B 
W20240204 10:54:11.046344 48334 IPCTensor.h:369] NewIPCTensor: circle_buffer_end_cppseen_r3 [1]0x100013190000 8 B 
W20240204 10:54:11.046427 48334 IPCTensor.h:369] NewIPCTensor: cached_sampler_r4_0 [1000000]0x100013192000 7.629 MB
W20240204 10:54:11.046468 48334 IPCTensor.h:369] NewIPCTensor: cached_sampler_r4_1 [1000000]0x100013935000 7.629 MB
W20240204 10:54:11.046509 48334 IPCTensor.h:369] NewIPCTensor: cached_sampler_r4_2 [1000000]0x1000140d8000 7.629 MB
W20240204 10:54:11.046558 48334 IPCTensor.h:369] NewIPCTensor: cached_sampler_r4_3 [1000000]0x10001487b000 7.629 MB
W20240204 10:54:11.046598 48334 IPCTensor.h:369] NewIPCTensor: cached_sampler_r4_4 [1000000]0x10001501e000 7.629 MB
W20240204 10:54:11.046648 48334 IPCTensor.h:369] NewIPCTensor: cached_sampler_r4_5 [1000000]0x1000157c1000 7.629 MB
W20240204 10:54:11.046689 48334 IPCTensor.h:369] NewIPCTensor: cached_sampler_r4_6 [1000000]0x100015f64000 7.629 MB
W20240204 10:54:11.046730 48334 IPCTensor.h:369] NewIPCTensor: cached_sampler_r4_7 [1000000]0x100016707000 7.629 MB
W20240204 10:54:11.046778 48334 IPCTensor.h:369] NewIPCTensor: cached_sampler_r4_8 [1000000]0x100016eaa000 7.629 MB
W20240204 10:54:11.046823 48334 IPCTensor.h:369] NewIPCTensor: cached_sampler_r4_9 [1000000]0x10001764d000 7.629 MB
W20240204 10:54:11.046861 48334 IPCTensor.h:369] NewIPCTensor: step_r4 [10]0x100017df0000 80 B 
W20240204 10:54:11.046896 48334 IPCTensor.h:369] NewIPCTensor: circle_buffer_end_r4 [1]0x100017df2000 8 B 
W20240204 10:54:11.046932 48334 IPCTensor.h:369] NewIPCTensor: circle_buffer_end_cppseen_r4 [1]0x100017df4000 8 B 
W20240204 10:54:11.047011 48334 IPCTensor.h:369] NewIPCTensor: cached_sampler_r5_0 [1000000]0x100017df6000 7.629 MB
W20240204 10:54:11.047060 48334 IPCTensor.h:369] NewIPCTensor: cached_sampler_r5_1 [1000000]0x100018599000 7.629 MB
W20240204 10:54:11.047106 48334 IPCTensor.h:369] NewIPCTensor: cached_sampler_r5_2 [1000000]0x100018d3c000 7.629 MB
W20240204 10:54:11.047153 48334 IPCTensor.h:369] NewIPCTensor: cached_sampler_r5_3 [1000000]0x1000194df000 7.629 MB
W20240204 10:54:11.047197 48334 IPCTensor.h:369] NewIPCTensor: cached_sampler_r5_4 [1000000]0x100019c82000 7.629 MB
W20240204 10:54:11.047253 48334 IPCTensor.h:369] NewIPCTensor: cached_sampler_r5_5 [1000000]0x10001a425000 7.629 MB
W20240204 10:54:11.047294 48334 IPCTensor.h:369] NewIPCTensor: cached_sampler_r5_6 [1000000]0x10001abc8000 7.629 MB
W20240204 10:54:11.047348 48334 IPCTensor.h:369] NewIPCTensor: cached_sampler_r5_7 [1000000]0x10001b36b000 7.629 MB
W20240204 10:54:11.047397 48334 IPCTensor.h:369] NewIPCTensor: cached_sampler_r5_8 [1000000]0x10001bb0e000 7.629 MB
W20240204 10:54:11.047446 48334 IPCTensor.h:369] NewIPCTensor: cached_sampler_r5_9 [1000000]0x10001c2b1000 7.629 MB
W20240204 10:54:11.047493 48334 IPCTensor.h:369] NewIPCTensor: step_r5 [10]0x10001ca54000 80 B 
W20240204 10:54:11.047528 48334 IPCTensor.h:369] NewIPCTensor: circle_buffer_end_r5 [1]0x10001ca56000 8 B 
W20240204 10:54:11.047567 48334 IPCTensor.h:369] NewIPCTensor: circle_buffer_end_cppseen_r5 [1]0x10001ca58000 8 B 
W20240204 10:54:11.047641 48334 IPCTensor.h:369] NewIPCTensor: cached_sampler_r6_0 [1000000]0x10001ca5a000 7.629 MB
W20240204 10:54:11.047693 48334 IPCTensor.h:369] NewIPCTensor: cached_sampler_r6_1 [1000000]0x10001d1fd000 7.629 MB
W20240204 10:54:11.047734 48334 IPCTensor.h:369] NewIPCTensor: cached_sampler_r6_2 [1000000]0x10001d9a0000 7.629 MB
W20240204 10:54:11.047775 48334 IPCTensor.h:369] NewIPCTensor: cached_sampler_r6_3 [1000000]0x10001e143000 7.629 MB
W20240204 10:54:11.047816 48334 IPCTensor.h:369] NewIPCTensor: cached_sampler_r6_4 [1000000]0x10001e8e6000 7.629 MB
W20240204 10:54:11.047861 48334 IPCTensor.h:369] NewIPCTensor: cached_sampler_r6_5 [1000000]0x10001f089000 7.629 MB
W20240204 10:54:11.047909 48334 IPCTensor.h:369] NewIPCTensor: cached_sampler_r6_6 [1000000]0x10001f82c000 7.629 MB
W20240204 10:54:11.047955 48334 IPCTensor.h:369] NewIPCTensor: cached_sampler_r6_7 [1000000]0x10001ffcf000 7.629 MB
W20240204 10:54:11.047996 48334 IPCTensor.h:369] NewIPCTensor: cached_sampler_r6_8 [1000000]0x100020772000 7.629 MB
W20240204 10:54:11.048038 48334 IPCTensor.h:369] NewIPCTensor: cached_sampler_r6_9 [1000000]0x100020f15000 7.629 MB
W20240204 10:54:11.048090 48334 IPCTensor.h:369] NewIPCTensor: step_r6 [10]0x1000216b8000 80 B 
W20240204 10:54:11.048125 48334 IPCTensor.h:369] NewIPCTensor: circle_buffer_end_r6 [1]0x1000216ba000 8 B 
W20240204 10:54:11.048158 48334 IPCTensor.h:369] NewIPCTensor: circle_buffer_end_cppseen_r6 [1]0x1000216bc000 8 B 
W20240204 10:54:11.048239 48334 IPCTensor.h:369] NewIPCTensor: cached_sampler_r7_0 [1000000]0x1000216be000 7.629 MB
W20240204 10:54:11.048292 48334 IPCTensor.h:369] NewIPCTensor: cached_sampler_r7_1 [1000000]0x100021e61000 7.629 MB
W20240204 10:54:11.048354 48334 IPCTensor.h:369] NewIPCTensor: cached_sampler_r7_2 [1000000]0x100022604000 7.629 MB
W20240204 10:54:11.048398 48334 IPCTensor.h:369] NewIPCTensor: cached_sampler_r7_3 [1000000]0x100022da7000 7.629 MB
W20240204 10:54:11.048439 48334 IPCTensor.h:369] NewIPCTensor: cached_sampler_r7_4 [1000000]0x10002354a000 7.629 MB
W20240204 10:54:11.048480 48334 IPCTensor.h:369] NewIPCTensor: cached_sampler_r7_5 [1000000]0x100023ced000 7.629 MB
W20240204 10:54:11.048529 48334 IPCTensor.h:369] NewIPCTensor: cached_sampler_r7_6 [1000000]0x100024490000 7.629 MB
W20240204 10:54:11.048571 48334 IPCTensor.h:369] NewIPCTensor: cached_sampler_r7_7 [1000000]0x100024c33000 7.629 MB
W20240204 10:54:11.048621 48334 IPCTensor.h:369] NewIPCTensor: cached_sampler_r7_8 [1000000]0x1000253d6000 7.629 MB
W20240204 10:54:11.048667 48334 IPCTensor.h:369] NewIPCTensor: cached_sampler_r7_9 [1000000]0x100025b79000 7.629 MB
W20240204 10:54:11.048712 48334 IPCTensor.h:369] NewIPCTensor: step_r7 [10]0x10002631c000 80 B 
W20240204 10:54:11.048748 48334 IPCTensor.h:369] NewIPCTensor: circle_buffer_end_r7 [1]0x10002631e000 8 B 
W20240204 10:54:11.048789 48334 IPCTensor.h:369] NewIPCTensor: circle_buffer_end_cppseen_r7 [1]0x100026320000 8 B 
W20240204 10:54:11.296906 48334 IPCTensor.h:369] NewIPCTensor: full_emb [14951, 400]0x100026322000 22.81 MB
W20240204 10:54:11.385847 48334 IPCTensor.h:369] NewIPCTensor: full_emb_SparseRowWiseAdaGrad_sum [14951]0x1000279f4000 58.4 kB
{0: Graph(num_nodes=8499, num_edges=86694,
      ndata_schemes={'_ID': Scheme(shape=(), dtype=torch.int64), 'inner_node': Scheme(shape=(), dtype=torch.int32), 'part_id': Scheme(shape=(), dtype=torch.int64)}
      edata_schemes={'_ID': Scheme(shape=(), dtype=torch.int64), 'inner_edge': Scheme(shape=(), dtype=torch.int8)}), 1: Graph(num_nodes=6140, num_edges=88951,
      ndata_schemes={'_ID': Scheme(shape=(), dtype=torch.int64), 'inner_node': Scheme(shape=(), dtype=torch.int32), 'part_id': Scheme(shape=(), dtype=torch.int64)}
      edata_schemes={'_ID': Scheme(shape=(), dtype=torch.int64), 'inner_edge': Scheme(shape=(), dtype=torch.int8)}), 2: Graph(num_nodes=8646, num_edges=109741,
      ndata_schemes={'_ID': Scheme(shape=(), dtype=torch.int64), 'inner_node': Scheme(shape=(), dtype=torch.int32), 'part_id': Scheme(shape=(), dtype=torch.int64)}
      edata_schemes={'_ID': Scheme(shape=(), dtype=torch.int64), 'inner_edge': Scheme(shape=(), dtype=torch.int8)}), 3: Graph(num_nodes=8503, num_edges=86907,
      ndata_schemes={'_ID': Scheme(shape=(), dtype=torch.int64), 'inner_node': Scheme(shape=(), dtype=torch.int32), 'part_id': Scheme(shape=(), dtype=torch.int64)}
      edata_schemes={'_ID': Scheme(shape=(), dtype=torch.int64), 'inner_edge': Scheme(shape=(), dtype=torch.int8)}), 4: Graph(num_nodes=10597, num_edges=122217,
      ndata_schemes={'_ID': Scheme(shape=(), dtype=torch.int64), 'inner_node': Scheme(shape=(), dtype=torch.int32), 'part_id': Scheme(shape=(), dtype=torch.int64)}
      edata_schemes={'_ID': Scheme(shape=(), dtype=torch.int64), 'inner_edge': Scheme(shape=(), dtype=torch.int8)}), 5: Graph(num_nodes=8255, num_edges=102550,
      ndata_schemes={'_ID': Scheme(shape=(), dtype=torch.int64), 'inner_node': Scheme(shape=(), dtype=torch.int32), 'part_id': Scheme(shape=(), dtype=torch.int64)}
      edata_schemes={'_ID': Scheme(shape=(), dtype=torch.int64), 'inner_edge': Scheme(shape=(), dtype=torch.int8)}), 6: Graph(num_nodes=7422, num_edges=104094,
      ndata_schemes={'_ID': Scheme(shape=(), dtype=torch.int64), 'inner_node': Scheme(shape=(), dtype=torch.int32), 'part_id': Scheme(shape=(), dtype=torch.int64)}
      edata_schemes={'_ID': Scheme(shape=(), dtype=torch.int64), 'inner_edge': Scheme(shape=(), dtype=torch.int8)}), 7: Graph(num_nodes=7815, num_edges=137832,
      ndata_schemes={'_ID': Scheme(shape=(), dtype=torch.int64), 'inner_node': Scheme(shape=(), dtype=torch.int32), 'part_id': Scheme(shape=(), dtype=torch.int64)}
      edata_schemes={'_ID': Scheme(shape=(), dtype=torch.int64), 'inner_edge': Scheme(shape=(), dtype=torch.int8)})}
MertisPartition: part 0 has 8499 N 86694 E
MertisPartition: part 1 has 6140 N 88951 E
MertisPartition: part 2 has 8646 N 109741 E
MertisPartition: part 3 has 8503 N 86907 E
MertisPartition: part 4 has 10597 N 122217 E
MertisPartition: part 5 has 8255 N 102550 E
MertisPartition: part 6 has 7422 N 104094 E
MertisPartition: part 7 has 7815 N 137832 E
Rank0: cached key size 93
Rank1: cached key size 93
Rank2: cached key size 93
Rank3: cached key size 93
Rank4: cached key size 93
Rank5: cached key size 93
Rank6: cached key size 93
Rank7: cached key size 93
Before renumbering graph:  {'_ID': tensor([    0,    15,    36,  ..., 11946,  9147, 13282]), 'inner_node': tensor([1, 1, 1,  ..., 0, 0, 0], dtype=torch.int32), 'part_id': tensor([0, 0, 0,  ..., 6, 3, 7])}
After renumbering graph:  {'_ID': tensor([ 756, 1204, 1743,  ..., 6351, 6517, 5437]), 'inner_node': tensor([1, 1, 1,  ..., 0, 0, 0], dtype=torch.int32), 'part_id': tensor([0, 0, 0,  ..., 6, 3, 7])}
part_g: DGLGraph(num_nodes=8499, num_edges=86694,
         ndata_schemes={'_ID': Scheme(shape=(), dtype=torch.int64)}
         edata_schemes={'tid': Scheme(shape=(), dtype=torch.int64)})
part_g: DGLGraph(num_nodes=8499, num_edges=86694,
         ndata_schemes={'_ID': Scheme(shape=(), dtype=torch.int64)}
         edata_schemes={'tid': Scheme(shape=(), dtype=torch.int64)})
Total initialize time 5.879 seconds
[Rank1] pid = 48762
[Rank2] pid = 48782
[Rank3] pid = 48890
[Rank4] pid = 48912
[Rank5] pid = 49000
[Rank6] pid = 49082
INFO [48334 distributed_c10d.py:442] Added key: store_based_barrier_key:1 to store for rank: 0
INFO [48762 distributed_c10d.py:442] Added key: store_based_barrier_key:1 to store for rank: 1
INFO [48782 distributed_c10d.py:442] Added key: store_based_barrier_key:1 to store for rank: 2
INFO [48912 distributed_c10d.py:442] Added key: store_based_barrier_key:1 to store for rank: 4
INFO [48890 distributed_c10d.py:442] Added key: store_based_barrier_key:1 to store for rank: 3
INFO [49000 distributed_c10d.py:442] Added key: store_based_barrier_key:1 to store for rank: 5
INFO [49082 distributed_c10d.py:442] Added key: store_based_barrier_key:1 to store for rank: 6
INFO [49085 distributed_c10d.py:442] Added key: store_based_barrier_key:1 to store for rank: 7
INFO [49082 distributed_c10d.py:476] Rank 6: Completed store-based barrier for key:store_based_barrier_key:1 with 8 nodes.
INFO [49000 distributed_c10d.py:476] Rank 5: Completed store-based barrier for key:store_based_barrier_key:1 with 8 nodes.
INFO [49085 distributed_c10d.py:476] Rank 7: Completed store-based barrier for key:store_based_barrier_key:1 with 8 nodes.
INFO [48912 distributed_c10d.py:476] Rank 4: Completed store-based barrier for key:store_based_barrier_key:1 with 8 nodes.
INFO [48890 distributed_c10d.py:476] Rank 3: Completed store-based barrier for key:store_based_barrier_key:1 with 8 nodes.
INFO [48782 distributed_c10d.py:476] Rank 2: Completed store-based barrier for key:store_based_barrier_key:1 with 8 nodes.
INFO [48334 distributed_c10d.py:476] Rank 0: Completed store-based barrier for key:store_based_barrier_key:1 with 8 nodes.
INFO [48762 distributed_c10d.py:476] Rank 1: Completed store-based barrier for key:store_based_barrier_key:1 with 8 nodes.
W20240204 10:54:14.104954 49086 IPCTensor.h:409] NewIPCGPUTensor: embedding_cache_0 [747, 400]; dev=0; size=1.14 MB
W20240204 10:54:14.105111 49216 IPCTensor.h:409] NewIPCGPUTensor: embedding_cache_7 [747, 400]; dev=7; size=1.14 MB
W20240204 10:54:14.105235 48891 IPCTensor.h:409] NewIPCGPUTensor: embedding_cache_3 [747, 400]; dev=3; size=1.14 MB
W20240204 10:54:14.105358 49019 IPCTensor.h:409] NewIPCGPUTensor: embedding_cache_5 [747, 400]; dev=5; size=1.14 MB
W20240204 10:54:14.105430 49083 IPCTensor.h:409] NewIPCGPUTensor: embedding_cache_6 [747, 400]; dev=6; size=1.14 MB
W20240204 10:54:14.105444 48955 IPCTensor.h:409] NewIPCGPUTensor: embedding_cache_4 [747, 400]; dev=4; size=1.14 MB
W20240204 10:54:14.105619 48827 IPCTensor.h:409] NewIPCGPUTensor: embedding_cache_2 [747, 400]; dev=2; size=1.14 MB
W20240204 10:54:14.106488 48763 IPCTensor.h:409] NewIPCGPUTensor: embedding_cache_1 [747, 400]; dev=1; size=1.14 MB
W20240204 10:54:14.143937 49083 IPCTensor.h:369] NewIPCTensor: input_keys_6 [1000000]0x100027a14000 7.629 MB
W20240204 10:54:14.143993 49216 IPCTensor.h:369] NewIPCTensor: input_keys_7 [1000000]0x1000281b7000 7.629 MB
W20240204 10:54:14.144004 48827 IPCTensor.h:369] NewIPCTensor: input_keys_2 [1000000]0x10002895a000 7.629 MB
W20240204 10:54:14.144155 48891 IPCTensor.h:369] NewIPCTensor: input_keys_3 [1000000]0x1000290fd000 7.629 MB
W20240204 10:54:14.144207 49019 IPCTensor.h:369] NewIPCTensor: input_keys_5 [1000000]0x1000298a0000 7.629 MB
W20240204 10:54:14.144228 49086 IPCTensor.h:369] NewIPCTensor: input_keys_0 [1000000]0x10002a043000 7.629 MB
W20240204 10:54:14.144271 48763 IPCTensor.h:369] NewIPCTensor: input_keys_1 [1000000]0x10002a7e6000 7.629 MB
W20240204 10:54:14.144287 48955 IPCTensor.h:369] NewIPCTensor: input_keys_4 [1000000]0x10002af89000 7.629 MB
W20240204 10:54:14.144506 49086 IPCTensor.h:369] NewIPCTensor: input_keys_neg_0 [1000000]0x10002b72c000 7.629 MB
W20240204 10:54:14.144608 49086 IPCTensor.h:369] NewIPCTensor: backward_grads_0 [1000000, 400]0x10002becf000 1.49 GB
W20240204 10:54:14.144716 49086 IPCTensor.h:369] NewIPCTensor: backward_grads_neg_0 [1000000, 400]0x10008b4b2000 1.49 GB
W20240204 10:54:14.144744 48955 IPCTensor.h:369] NewIPCTensor: input_keys_neg_4 [1000000]0x1000eaa95000 7.629 MB
W20240204 10:54:14.144764 49019 IPCTensor.h:369] NewIPCTensor: input_keys_neg_5 [1000000]0x1000eb238000 7.629 MB
W20240204 10:54:14.144771 48891 IPCTensor.h:369] NewIPCTensor: input_keys_neg_3 [1000000]0x1000eb9db000 7.629 MB
W20240204 10:54:14.144786 48763 IPCTensor.h:369] NewIPCTensor: input_keys_neg_1 [1000000]0x1000ec17e000 7.629 MB
W20240204 10:54:14.144794 49083 IPCTensor.h:369] NewIPCTensor: input_keys_neg_6 [1000000]0x1000ec921000 7.629 MB
W20240204 10:54:14.144804 49086 IPCTensor.h:409] NewIPCGPUTensor: backward_grads_0_gpu [1000000, 400]; dev=0; size=1.49 GB
W20240204 10:54:14.144891 48763 IPCTensor.h:369] NewIPCTensor: backward_grads_1 [1000000, 400]0x1000ed0c4000 1.49 GB
W20240204 10:54:14.144908 48955 IPCTensor.h:369] NewIPCTensor: backward_grads_4 [1000000, 400]0x10014c6a7000 1.49 GB
W20240204 10:54:14.144959 48763 IPCTensor.h:369] NewIPCTensor: backward_grads_neg_1 [1000000, 400]0x1001abc8a000 1.49 GB
W20240204 10:54:14.144979 48955 IPCTensor.h:369] NewIPCTensor: backward_grads_neg_4 [1000000, 400]0x10020b26d000 1.49 GB
W20240204 10:54:14.145011 49216 IPCTensor.h:369] NewIPCTensor: input_keys_neg_7 [1000000]0x10026a850000 7.629 MB
W20240204 10:54:14.145054 48827 IPCTensor.h:369] NewIPCTensor: input_keys_neg_2 [1000000]0x10026aff3000 7.629 MB
W20240204 10:54:14.147207 48955 IPCTensor.h:409] NewIPCGPUTensor: backward_grads_4_gpu [1000000, 400]; dev=4; size=1.49 GB
W20240204 10:54:14.147210 48763 IPCTensor.h:409] NewIPCGPUTensor: backward_grads_1_gpu [1000000, 400]; dev=1; size=1.49 GB
W20240204 10:54:14.147224 48827 IPCTensor.h:369] NewIPCTensor: backward_grads_2 [1000000, 400]0x10026b796000 1.49 GB
W20240204 10:54:14.147238 49216 IPCTensor.h:369] NewIPCTensor: backward_grads_7 [1000000, 400]0x1002cad79000 1.49 GB
W20240204 10:54:14.147276 49083 IPCTensor.h:369] NewIPCTensor: backward_grads_6 [1000000, 400]0x10032a35c000 1.49 GB
W20240204 10:54:14.147292 48891 IPCTensor.h:369] NewIPCTensor: backward_grads_3 [1000000, 400]0x10038993f000 1.49 GB
W20240204 10:54:14.147301 48827 IPCTensor.h:369] NewIPCTensor: backward_grads_neg_2 [1000000, 400]0x1003e8f22000 1.49 GB
W20240204 10:54:14.147310 49019 IPCTensor.h:369] NewIPCTensor: backward_grads_5 [1000000, 400]0x100448505000 1.49 GB
W20240204 10:54:14.147329 49216 IPCTensor.h:369] NewIPCTensor: backward_grads_neg_7 [1000000, 400]0x1004a7ae8000 1.49 GB
W20240204 10:54:14.147367 48891 IPCTensor.h:369] NewIPCTensor: backward_grads_neg_3 [1000000, 400]0x1005070cb000 1.49 GB
W20240204 10:54:14.147374 49083 IPCTensor.h:369] NewIPCTensor: backward_grads_neg_6 [1000000, 400]0x1005666ae000 1.49 GB
W20240204 10:54:14.147403 49216 IPCTensor.h:409] NewIPCGPUTensor: backward_grads_7_gpu [1000000, 400]; dev=7; size=1.49 GB
W20240204 10:54:14.147405 49019 IPCTensor.h:369] NewIPCTensor: backward_grads_neg_5 [1000000, 400]0x1005c5c91000 1.49 GB
W20240204 10:54:14.147428 48827 IPCTensor.h:409] NewIPCGPUTensor: backward_grads_2_gpu [1000000, 400]; dev=2; size=1.49 GB
W20240204 10:54:14.147449 49083 IPCTensor.h:409] NewIPCGPUTensor: backward_grads_6_gpu [1000000, 400]; dev=6; size=1.49 GB
W20240204 10:54:14.147468 49019 IPCTensor.h:409] NewIPCGPUTensor: backward_grads_5_gpu [1000000, 400]; dev=5; size=1.49 GB
W20240204 10:54:14.149076 48891 IPCTensor.h:409] NewIPCGPUTensor: backward_grads_3_gpu [1000000, 400]; dev=3; size=1.49 GB
W20240204 10:54:14.156296 49086 IPCTensor.h:409] NewIPCGPUTensor: backward_grads_neg_0_gpu [1000000, 400]; dev=0; size=1.49 GB
W20240204 10:54:14.160430 49216 IPCTensor.h:409] NewIPCGPUTensor: backward_grads_neg_7_gpu [1000000, 400]; dev=7; size=1.49 GB
W20240204 10:54:14.160529 48891 IPCTensor.h:409] NewIPCGPUTensor: backward_grads_neg_3_gpu [1000000, 400]; dev=3; size=1.49 GB
W20240204 10:54:14.171645 48827 IPCTensor.h:409] NewIPCGPUTensor: backward_grads_neg_2_gpu [1000000, 400]; dev=2; size=1.49 GB
W20240204 10:54:14.180410 49083 IPCTensor.h:409] NewIPCGPUTensor: backward_grads_neg_6_gpu [1000000, 400]; dev=6; size=1.49 GB
W20240204 10:54:14.190152 49019 IPCTensor.h:409] NewIPCGPUTensor: backward_grads_neg_5_gpu [1000000, 400]; dev=5; size=1.49 GB
W20240204 10:54:14.197434 48955 IPCTensor.h:409] NewIPCGPUTensor: backward_grads_neg_4_gpu [1000000, 400]; dev=4; size=1.49 GB
W20240204 10:54:14.204704 48763 IPCTensor.h:409] NewIPCGPUTensor: backward_grads_neg_1_gpu [1000000, 400]; dev=1; size=1.49 GB
cudaHostRegister 0x100026322000
2: KnownLocalCachedEmbedding init done
WARNING [48782 DistTensor.py:59] The tensor name already exists in the kvstore
cudaHostRegister 0x100026322000
1: KnownLocalCachedEmbedding init done
WARNING [48762 DistTensor.py:59] The tensor name already exists in the kvstore
cudaHostRegister 0x100026322000
3: KnownLocalCachedEmbedding init done
WARNING [48890 DistTensor.py:59] The tensor name already exists in the kvstore
cudaHostRegister 0x100026322000
7: KnownLocalCachedEmbedding init done
WARNING [49085 DistTensor.py:59] The tensor name already exists in the kvstore
cudaHostRegister 0x100026322000
4: KnownLocalCachedEmbedding init done
WARNING [48912 DistTensor.py:59] The tensor name already exists in the kvstore
cudaHostRegister 0x100026322000
6: KnownLocalCachedEmbedding init done
WARNING [49082 DistTensor.py:59] The tensor name already exists in the kvstore
cudaHostRegister 0x100026322000
5: KnownLocalCachedEmbedding init done
WARNING [49000 DistTensor.py:59] The tensor name already exists in the kvstore
[Rank7] pid = 49085
New CachedEmbedding, name=full_emb, shape=(14951, 400), cache_type=KnownLocalCachedEmbedding
fixed cache_range is [(0, 747), (747, 1494), (1494, 2241), (2241, 2988), (2988, 3735), (3735, 4482), (4482, 5229), (5229, 5976)]
cudaHostRegister 0x100026322000
0: KnownLocalCachedEmbedding init done
WARNING [48334 DistTensor.py:59] The tensor name already exists in the kvstore
I20240204 10:54:16.444674 49086 IPC_barrier.h:118] CreateBarrier: new barrier, name: kgcachecontroller, count: 8
I20240204 10:54:16.445137 49083 IPC_barrier.h:112] CreateBarrier: find existing barrier, name: kgcachecontroller, count: 8
I20240204 10:54:16.446524 49019 IPC_barrier.h:112] CreateBarrier: find existing barrier, name: kgcachecontroller, count: 8
I20240204 10:54:16.446681 48763 IPC_barrier.h:112] CreateBarrier: find existing barrier, name: kgcachecontroller, count: 8
I20240204 10:54:16.446856 48891 IPC_barrier.h:112] CreateBarrier: find existing barrier, name: kgcachecontroller, count: 8
I20240204 10:54:16.447021 48827 IPC_barrier.h:112] CreateBarrier: find existing barrier, name: kgcachecontroller, count: 8
I20240204 10:54:16.447134 49216 IPC_barrier.h:112] CreateBarrier: find existing barrier, name: kgcachecontroller, count: 8
I20240204 10:54:16.447264 48955 IPC_barrier.h:112] CreateBarrier: find existing barrier, name: kgcachecontroller, count: 8
W20240204 10:54:16.450145 49086 grad_base.h:55] KGCacheController, config={
        "num_gpus": 8,
        "L": 10,
        "backgrad_init": "both", 
        "kForwardItersPerStep": 2,
        "clr": 0.01,
        "nr_background_threads": 8,
        "backwardMode": "CppAsync",
        "cache_ratio": 0.05,
        "update_cache_use_omp":  0,
        "update_pq_use_omp":  0
        }
W20240204 10:54:16.450287 49086 grad_base.h:184] Init GradProcessingBase done
I20240204 10:54:16.452975 49086 grad_async_v1.h:203] Use main thread to update emb.
W20240204 10:54:16.453032 49086 kg_controller.h:75] after init GradAsyncProcessing
I20240204 10:54:16.453042 49086 kg_controller.h:84] Construct KGCacheController done
E20240204 10:54:17.211354 49083 recstore.cc:66] init folly done
E20240204 10:54:17.211544 48891 recstore.cc:66] init folly done
E20240204 10:54:17.211582 48763 recstore.cc:66] init folly done
E20240204 10:54:17.211582 48827 recstore.cc:66] init folly done
E20240204 10:54:17.211583 48955 recstore.cc:66] init folly done
E20240204 10:54:17.211607 49086 recstore.cc:66] init folly done
E20240204 10:54:17.211730 49019 recstore.cc:66] init folly done
E20240204 10:54:17.211886 49216 recstore.cc:66] init folly done
I20240204 10:54:17.213277 49086 grad_base.h:60] GraphEnv RegTensorsPerProcess
I20240204 10:54:18.025435 49083 IPC_barrier.h:118] CreateBarrier: new barrier, name: start_barrier, count: 8
I20240204 10:54:18.028211 49086 IPC_barrier.h:112] CreateBarrier: find existing barrier, name: start_barrier, count: 8
I20240204 10:54:18.037511 48763 IPC_barrier.h:112] CreateBarrier: find existing barrier, name: start_barrier, count: 8
I20240204 10:54:18.038288 48827 IPC_barrier.h:112] CreateBarrier: find existing barrier, name: start_barrier, count: 8
I20240204 10:54:18.040536 48891 IPC_barrier.h:112] CreateBarrier: find existing barrier, name: start_barrier, count: 8
I20240204 10:54:18.043867 49019 IPC_barrier.h:112] CreateBarrier: find existing barrier, name: start_barrier, count: 8
I20240204 10:54:18.046504 48955 IPC_barrier.h:112] CreateBarrier: find existing barrier, name: start_barrier, count: 8
I20240204 10:54:18.047566 49216 IPC_barrier.h:112] CreateBarrier: find existing barrier, name: start_barrier, count: 8
W20240204 10:54:20.400513 49086 grad_async_v1.h:429] Sleep in <BlockToStepN>, step_no=1, pq.top=1
E20240204 10:54:21.285166 49861 grad_async_v1.h:533] Stalled in ProcessBackward: rank=3, step_no=14, sample_step_cpp_seen_[rank]=13
+---------------------------+---------------------------+---------------------------+
| Name                      | P50                       | P99                       |
+---------------------------+---------------------------+---------------------------+
| GenInput                  | 1.133 ms                  | 17.773 ms                 |
| Forward                   | 4.605 ms                  | 663.361 ms                |
| Backward                  | 4.239 ms                  | 203.559 ms                |
| Optimize                  | 2.324 ms                  | 8.316 ms                  |
| BarrierTimeBeforeRank0    | 3.100 ms                  | 9.612 ms                  |
| AfterBackward             | 26.411 ms                 | 1.478 s                   |
| BlockToStepN              | 59.675 us                 | 114.991 ms                |
| OneStep                   | 49.664 ms                 | 2.398 s                   |
+---------------------------+---------------------------+---------------------------+
W20240204 10:54:21.763934 49086 grad_async_v1.h:429] Sleep in <BlockToStepN>, step_no=15, pq.top=15
+---------------------------+---------------------------+---------------------------+
| Name                      | P50                       | P99                       |
+---------------------------+---------------------------+---------------------------+
| ProcessBack:Shuffle       | 7.508 ms                  | 372.359 ms                |
| ProcessBack:UpdateCache   | 10.358 ms                 | 766.535 ms                |
| ProcessBack:UpsertPq      | 8.123 ms                  | 22.016 ms                 |
| ProcessOneStep            | 26.903 ms                 | 1.477 s                   |
| BlockToStepN              | 236.766 us                | 248.304 ms                |
+---------------------------+---------------------------+---------------------------+
W20240204 10:54:22.763012 49086 grad_async_v1.h:429] Sleep in <BlockToStepN>, step_no=20, pq.top=20
W20240204 10:54:23.763060 49086 grad_async_v1.h:429] Sleep in <BlockToStepN>, step_no=27, pq.top=27
W20240204 10:54:24.763006 49086 grad_async_v1.h:429] Sleep in <BlockToStepN>, step_no=34, pq.top=34
W20240204 10:54:25.807245 49086 grad_async_v1.h:429] Sleep in <BlockToStepN>, step_no=41, pq.top=41
+---------------------------+---------------------------+---------------------------+
| Name                      | P50                       | P99                       |
+---------------------------+---------------------------+---------------------------+
| GenInput                  | 1.200 ms                  | 22.087 ms                 |
| Forward                   | 4.611 ms                  | 663.361 ms                |
| Backward                  | 7.807 ms                  | 203.559 ms                |
| Optimize                  | 1.880 ms                  | 8.316 ms                  |
| BarrierTimeBeforeRank0    | 754.893 us                | 13.665 ms                 |
| AfterBackward             | 27.406 ms                 | 1.478 s                   |
| BlockToStepN              | 94.593 ms                 | 248.610 ms                |
| OneStep                   | 141.838 ms                | 2.398 s                   |
+---------------------------+---------------------------+---------------------------+
W20240204 10:54:26.827993 49086 grad_async_v1.h:429] Sleep in <BlockToStepN>, step_no=47, pq.top=47
+---------------------------+---------------------------+---------------------------+
| Name                      | P50                       | P99                       |
+---------------------------+---------------------------+---------------------------+
| ProcessBack:Shuffle       | 7.684 ms                  | 330.390 ms                |
| ProcessBack:UpdateCache   | 9.717 ms                  | 765.955 ms                |
| ProcessBack:UpsertPq      | 9.074 ms                  | 20.681 ms                 |
| ProcessOneStep            | 27.426 ms                 | 1.477 s                   |
| BlockToStepN              | 95.012 ms                 | 248.304 ms                |
+---------------------------+---------------------------+---------------------------+
W20240204 10:54:27.868199 49086 grad_async_v1.h:429] Sleep in <BlockToStepN>, step_no=53, pq.top=53
W20240204 10:54:28.868011 49086 grad_async_v1.h:429] Sleep in <BlockToStepN>, step_no=58, pq.top=58
W20240204 10:54:29.895310 49086 grad_async_v1.h:429] Sleep in <BlockToStepN>, step_no=64, pq.top=64
W20240204 10:54:30.895006 49086 grad_async_v1.h:429] Sleep in <BlockToStepN>, step_no=69, pq.top=69
+---------------------------+---------------------------+---------------------------+
| Name                      | P50                       | P99                       |
+---------------------------+---------------------------+---------------------------+
| GenInput                  | 1.247 ms                  | 19.940 ms                 |
| Forward                   | 4.647 ms                  | 19.035 ms                 |
| Backward                  | 8.731 ms                  | 17.061 ms                 |
| Optimize                  | 1.861 ms                  | 5.696 ms                  |
| BarrierTimeBeforeRank0    | 393.174 us                | 13.665 ms                 |
| AfterBackward             | 27.860 ms                 | 494.515 ms                |
| BlockToStepN              | 109.788 ms                | 161.596 ms                |
| OneStep                   | 164.378 ms                | 607.651 ms                |
+---------------------------+---------------------------+---------------------------+
W20240204 10:54:31.895007 49086 grad_async_v1.h:429] Sleep in <BlockToStepN>, step_no=74, pq.top=74
+---------------------------+---------------------------+---------------------------+
| Name                      | P50                       | P99                       |
+---------------------------+---------------------------+---------------------------+
| ProcessBack:Shuffle       | 7.775 ms                  | 330.390 ms                |
| ProcessBack:UpdateCache   | 9.420 ms                  | 765.955 ms                |
| ProcessBack:UpsertPq      | 9.320 ms                  | 20.681 ms                 |
| ProcessOneStep            | 27.920 ms                 | 494.437 ms                |
| BlockToStepN              | 110.657 ms                | 170.297 ms                |
+---------------------------+---------------------------+---------------------------+
W20240204 10:54:32.895009 49086 grad_async_v1.h:429] Sleep in <BlockToStepN>, step_no=79, pq.top=79
W20240204 10:54:33.895012 49086 grad_async_v1.h:429] Sleep in <BlockToStepN>, step_no=84, pq.top=84
W20240204 10:54:34.895011 49086 grad_async_v1.h:429] Sleep in <BlockToStepN>, step_no=88, pq.top=88
W20240204 10:54:35.895006 49086 grad_async_v1.h:429] Sleep in <BlockToStepN>, step_no=93, pq.top=93
+---------------------------+---------------------------+---------------------------+
| Name                      | P50                       | P99                       |
+---------------------------+---------------------------+---------------------------+
| GenInput                  | 1.282 ms                  | 19.940 ms                 |
| Forward                   | 4.655 ms                  | 19.035 ms                 |
| Backward                  | 8.753 ms                  | 17.061 ms                 |
| Optimize                  | 1.863 ms                  | 5.696 ms                  |
| BarrierTimeBeforeRank0    | 156.745 us                | 13.665 ms                 |
| AfterBackward             | 27.974 ms                 | 494.515 ms                |
| BlockToStepN              | 125.642 ms                | 184.656 ms                |
| OneStep                   | 175.041 ms                | 607.651 ms                |
+---------------------------+---------------------------+---------------------------+
W20240204 10:54:36.895012 49086 grad_async_v1.h:429] Sleep in <BlockToStepN>, step_no=97, pq.top=97
+---------------------------+---------------------------+---------------------------+
| Name                      | P50                       | P99                       |
+---------------------------+---------------------------+---------------------------+
| ProcessBack:Shuffle       | 7.859 ms                  | 13.674 ms                 |
| ProcessBack:UpdateCache   | 9.419 ms                  | 16.441 ms                 |
| ProcessBack:UpsertPq      | 9.450 ms                  | 20.455 ms                 |
| ProcessOneStep            | 27.931 ms                 | 494.437 ms                |
| BlockToStepN              | 126.497 ms                | 185.205 ms                |
+---------------------------+---------------------------+---------------------------+
train_sampler.Prefill()
before start barrier
start train
[proc 6] 100 steps, total: 19.540, sample: 0.356, forward: 1.071, backward: 0.716, update: 0.175
train_sampler.Prefill()
before start barrier
start train
[proc 7] 100 steps, total: 19.518, sample: 0.316, forward: 1.045, backward: 1.076, update: 0.179
train_sampler.Prefill()
before start barrier
start train
[proc 2] 100 steps, total: 19.527, sample: 0.327, forward: 1.072, backward: 1.103, update: 0.193
train_sampler.Prefill()
before start barrier
start train
[proc 3] 100 steps, total: 19.525, sample: 0.333, forward: 1.063, backward: 1.062, update: 0.177
train_sampler.Prefill()
before start barrier
start train
[proc 1] 100 steps, total: 19.528, sample: 0.326, forward: 1.059, backward: 0.887, update: 0.179
train_sampler.Prefill()
before start barrier
start train
[proc 5] 100 steps, total: 19.522, sample: 0.330, forward: 1.023, backward: 0.752, update: 0.174
train_sampler.Prefill()
before start barrier
start train
[proc 4] 100 steps, total: 19.519, sample: 0.336, forward: 1.078, backward: 1.029, update: 0.183
train_sampler.Prefill()
-------Step 0-------
tensor([ 1558,    47,  4358,  3532,  9019,  9538,  1084,   442, 14142, 13652]) tensor([ 1743, 11463,  4112, 12341, 13370,  1129,   577,  6733,   499, 13590])
-------Step 1-------
tensor([ 1558,    47,  4358,  3532,  9019,  9538,  1084,   442, 14142, 13652]) tensor([ 3961, 11438, 13172,  1936,   948,  7675, 14467, 11205,  6613, 14139])
-------Step 2-------
tensor([ 9699, 13181,  7121,  5137, 11981, 11101,  7305,    89,  8005,   957]) tensor([ 3912,  3622,  5143, 11274,  6551, 11213,  9764, 11879, 14050,  6949])
-------Step 3-------
tensor([ 9699, 13181,  7121,  5137, 11981, 11101,  7305,    89,  8005,   957]) tensor([10732,  7545,  5633,  8170,  7069,   713,  7116,  2097,  9050,  1688])
-------Step 4-------
tensor([   47, 12147, 12187,  7277,  6210,  3339,    78,  4985,  5475,  1056]) tensor([ 591, 1040, 5465, 3502, 4212, 3483,  442, 6741, 6412, 1479])
-------Step 5-------
tensor([   47, 12147, 12187,  7277,  6210,  3339,    78,  4985,  5475,  1056]) tensor([12646,  5530,  5982,  1922,  3198,   821,   790,  1176,  5988,  4669])
-------Step 6-------
tensor([ 1378,  5847,    43,    67,  8854,  2245, 10977,  8146, 14694, 13665]) tensor([13181,  3891,  7539,  5164,  6821, 11935,  4665,  9919, 12372,  8471])
-------Step 7-------
tensor([ 1378,  5847,    43,    67,  8854,  2245, 10977,  8146, 14694, 13665]) tensor([ 9374, 13641,  6149,  7426,  1588,  6524,  7272,  3943,   132, 13396])
-------Step 8-------
tensor([ 4711,  8399,  5752,  9104,    32,    92, 11024, 13259,    64,  1630]) tensor([ 6828,  4043,  5220, 10365,  2757, 10316, 12094,  1730, 10379,  2484])
-------Step 9-------
tensor([ 4711,  8399,  5752,  9104,    32,    92, 11024, 13259,    64,  1630]) tensor([ 9119,  5261,  9369,  8078, 10948, 12536, 14181, 11205,   662, 12332])
before start barrier
start train
[proc 0] 100 steps, total: 19.538, sample: 0.388, forward: 1.160, backward: 0.963, update: 0.213
W20240204 10:54:37.895012 49086 grad_async_v1.h:429] Sleep in <BlockToStepN>, step_no=102, pq.top=102
W20240204 10:54:38.895015 49086 grad_async_v1.h:429] Sleep in <BlockToStepN>, step_no=106, pq.top=106
W20240204 10:54:39.925666 49086 grad_async_v1.h:429] Sleep in <BlockToStepN>, step_no=111, pq.top=111
W20240204 10:54:40.925006 49086 grad_async_v1.h:429] Sleep in <BlockToStepN>, step_no=115, pq.top=115
+---------------------------+---------------------------+---------------------------+
| Name                      | P50                       | P99                       |
+---------------------------+---------------------------+---------------------------+
| GenInput                  | 1.307 ms                  | 20.838 ms                 |
| Forward                   | 4.655 ms                  | 19.035 ms                 |
| Backward                  | 8.721 ms                  | 17.061 ms                 |
| Optimize                  | 1.882 ms                  | 5.696 ms                  |
| BarrierTimeBeforeRank0    | 853.792 us                | 15.022 ms                 |
| AfterBackward             | 27.946 ms                 | 494.515 ms                |
| BlockToStepN              | 134.111 ms                | 211.445 ms                |
| OneStep                   | 188.310 ms                | 607.651 ms                |
+---------------------------+---------------------------+---------------------------+
W20240204 10:54:41.925016 49086 grad_async_v1.h:429] Sleep in <BlockToStepN>, step_no=119, pq.top=119
+---------------------------+---------------------------+---------------------------+
| Name                      | P50                       | P99                       |
+---------------------------+---------------------------+---------------------------+
| ProcessBack:Shuffle       | 7.804 ms                  | 13.674 ms                 |
| ProcessBack:UpdateCache   | 9.493 ms                  | 16.441 ms                 |
| ProcessBack:UpsertPq      | 9.547 ms                  | 20.455 ms                 |
| ProcessOneStep            | 27.931 ms                 | 494.437 ms                |
| BlockToStepN              | 138.554 ms                | 211.404 ms                |
+---------------------------+---------------------------+---------------------------+
W20240204 10:54:42.925014 49086 grad_async_v1.h:429] Sleep in <BlockToStepN>, step_no=123, pq.top=123
W20240204 10:54:43.925021 49086 grad_async_v1.h:429] Sleep in <BlockToStepN>, step_no=128, pq.top=128
W20240204 10:54:44.969929 49086 grad_async_v1.h:429] Sleep in <BlockToStepN>, step_no=132, pq.top=132
W20240204 10:54:46.007222 49086 grad_async_v1.h:429] Sleep in <BlockToStepN>, step_no=136, pq.top=136
+---------------------------+---------------------------+---------------------------+
| Name                      | P50                       | P99                       |
+---------------------------+---------------------------+---------------------------+
| GenInput                  | 1.330 ms                  | 22.725 ms                 |
| Forward                   | 4.647 ms                  | 19.035 ms                 |
| Backward                  | 8.499 ms                  | 17.061 ms                 |
| Optimize                  | 1.863 ms                  | 5.696 ms                  |
| BarrierTimeBeforeRank0    | 1.699 ms                  | 15.022 ms                 |
| AfterBackward             | 28.234 ms                 | 494.515 ms                |
| BlockToStepN              | 144.372 ms                | 242.357 ms                |
| OneStep                   | 194.732 ms                | 607.651 ms                |
+---------------------------+---------------------------+---------------------------+
W20240204 10:54:47.007021 49086 grad_async_v1.h:429] Sleep in <BlockToStepN>, step_no=139, pq.top=139
+---------------------------+---------------------------+---------------------------+
| Name                      | P50                       | P99                       |
+---------------------------+---------------------------+---------------------------+
| ProcessBack:Shuffle       | 7.756 ms                  | 10.859 ms                 |
| ProcessBack:UpdateCache   | 9.810 ms                  | 16.381 ms                 |
| ProcessBack:UpsertPq      | 9.628 ms                  | 20.364 ms                 |
| ProcessOneStep            | 28.205 ms                 | 494.437 ms                |
| BlockToStepN              | 149.367 ms                | 248.304 ms                |
+---------------------------+---------------------------+---------------------------+
W20240204 10:54:48.007009 49086 grad_async_v1.h:429] Sleep in <BlockToStepN>, step_no=143, pq.top=143
W20240204 10:54:49.007009 49086 grad_async_v1.h:429] Sleep in <BlockToStepN>, step_no=147, pq.top=147
W20240204 10:54:50.007009 49086 grad_async_v1.h:429] Sleep in <BlockToStepN>, step_no=151, pq.top=151
W20240204 10:54:51.007017 49086 grad_async_v1.h:429] Sleep in <BlockToStepN>, step_no=155, pq.top=155
+---------------------------+---------------------------+---------------------------+
| Name                      | P50                       | P99                       |
+---------------------------+---------------------------+---------------------------+
| GenInput                  | 1.341 ms                  | 22.579 ms                 |
| Forward                   | 4.639 ms                  | 15.558 ms                 |
| Backward                  | 5.338 ms                  | 11.748 ms                 |
| Optimize                  | 1.851 ms                  | 5.021 ms                  |
| BarrierTimeBeforeRank0    | 2.597 ms                  | 19.659 ms                 |
| AfterBackward             | 28.279 ms                 | 38.089 ms                 |
| BlockToStepN              | 154.691 ms                | 242.357 ms                |
| OneStep                   | 208.306 ms                | 311.774 ms                |
+---------------------------+---------------------------+---------------------------+
W20240204 10:54:52.007007 49086 grad_async_v1.h:429] Sleep in <BlockToStepN>, step_no=159, pq.top=159
+---------------------------+---------------------------+---------------------------+
| Name                      | P50                       | P99                       |
