WARNING: Logging before InitGoogleLogging() is written to STDERR
I20240207 22:12:15.968503 443539 IPC_barrier.h:128] MultiProcessBarrierFactory->ClearIPCMemory()
/home/xieminhui/RecStore/src/framework_adapters/torch/kg/dgl-0.9.1/python/dgl/_deprecate/graph.py:1023: DGLWarning: multigraph will be deprecated.DGL will treat all graphs as multigraph in the future.
  dgl_warning("multigraph will be deprecated." \
/home/xieminhui/RecStore/src/framework_adapters/torch/kg/dgl-0.9.1/python/dgl/heterograph.py:72: DGLWarning: Recommend creating graphs by `dgl.graph(data)` instead of `dgl.DGLGraph(data)`.
  dgl_warning('Recommend creating graphs by `dgl.graph(data)`'
Reading train triples....
Finished. Read 483142 train triples.
Reading valid triples....
Finished. Read 50000 valid triples.
Reading test triples....
Finished. Read 59071 test triples.
ARGS:  Namespace(model_name='SimplE', data_path='/home/xieminhui/dgl-data', dataset='FB15k', format='built_in', data_files=None, delimiter='\t', save_path='/tmp/ckpts/SimplE_FB15k_124', no_save_emb=True, max_step=500, batch_size=1200, batch_size_eval=16, neg_sample_size=200, neg_deg_sample=False, neg_deg_sample_eval=False, neg_sample_size_eval=14951, eval_percent=1, no_eval_filter=False, log_interval=100, eval_interval=10000, test=False, num_proc=4, num_thread=1, force_sync_interval=1, hidden_dim=400, lr=0.01, gamma=16.0, double_ent=False, double_rel=False, neg_adversarial_sampling=False, adversarial_temperature=1.0, regularization_coef=0.0, regularization_norm=3, pairwise=False, loss_genre='Logsigmoid', margin=1.0, nr_gpus=4, gpu=[0, 1, 2, 3], mix_cpu_gpu=True, valid=False, rel_part=False, async_update=None, has_edge_importance=False, cached_emb_type='KnownLocalCachedEmbedding', use_my_emb=True, cache_ratio=0.1, shuffle=False, backwardMode='CppAsyncV2', L=10, nr_background_threads=32, update_cache_use_omp=0, update_pq_use_omp=0, kForwardItersPerStep=2, backgrad_init='both', eval_filter=True, soft_rel_part=False)
|Train|: 483142
original graph:  DGLGraph(num_nodes=14951, num_edges=592213,
         ndata_schemes={}
         edata_schemes={'tid': Scheme(shape=(), dtype=torch.int64)})
Loading cached metis
WARNING [443539 sampler.py:454] Start PreSampling
WARNING [443539 sampler.py:532] Before construct renumbering_dict
WARNING [443539 sampler.py:555] PreSampling done
W20240207 22:12:18.377812 443539 IPCTensor.h:369] NewIPCTensor: cached_sampler_r0_0 [1000000]0x100000002000 7.629 MB
W20240207 22:12:18.377979 443539 IPCTensor.h:369] NewIPCTensor: cached_sampler_r0_1 [1000000]0x1000007a5000 7.629 MB
W20240207 22:12:18.378011 443539 IPCTensor.h:369] NewIPCTensor: cached_sampler_r0_2 [1000000]0x100000f48000 7.629 MB
W20240207 22:12:18.378029 443539 IPCTensor.h:369] NewIPCTensor: cached_sampler_r0_3 [1000000]0x1000016eb000 7.629 MB
W20240207 22:12:18.378053 443539 IPCTensor.h:369] NewIPCTensor: cached_sampler_r0_4 [1000000]0x100001e8e000 7.629 MB
W20240207 22:12:18.378077 443539 IPCTensor.h:369] NewIPCTensor: cached_sampler_r0_5 [1000000]0x100002631000 7.629 MB
W20240207 22:12:18.378095 443539 IPCTensor.h:369] NewIPCTensor: cached_sampler_r0_6 [1000000]0x100002dd4000 7.629 MB
W20240207 22:12:18.378119 443539 IPCTensor.h:369] NewIPCTensor: cached_sampler_r0_7 [1000000]0x100003577000 7.629 MB
W20240207 22:12:18.378141 443539 IPCTensor.h:369] NewIPCTensor: cached_sampler_r0_8 [1000000]0x100003d1a000 7.629 MB
W20240207 22:12:18.378163 443539 IPCTensor.h:369] NewIPCTensor: cached_sampler_r0_9 [1000000]0x1000044bd000 7.629 MB
W20240207 22:12:18.378185 443539 IPCTensor.h:369] NewIPCTensor: step_r0 [10]0x100004c60000 80 B 
W20240207 22:12:18.378206 443539 IPCTensor.h:369] NewIPCTensor: circle_buffer_end_r0 [1]0x100004c62000 8 B 
W20240207 22:12:18.378221 443539 IPCTensor.h:369] NewIPCTensor: circle_buffer_end_cppseen_r0 [1]0x100004c64000 8 B 
W20240207 22:12:18.378319 443539 IPCTensor.h:369] NewIPCTensor: cached_sampler_r1_0 [1000000]0x100004c66000 7.629 MB
W20240207 22:12:18.378340 443539 IPCTensor.h:369] NewIPCTensor: cached_sampler_r1_1 [1000000]0x100005409000 7.629 MB
W20240207 22:12:18.378357 443539 IPCTensor.h:369] NewIPCTensor: cached_sampler_r1_2 [1000000]0x100005bac000 7.629 MB
W20240207 22:12:18.378388 443539 IPCTensor.h:369] NewIPCTensor: cached_sampler_r1_3 [1000000]0x10000634f000 7.629 MB
W20240207 22:12:18.378409 443539 IPCTensor.h:369] NewIPCTensor: cached_sampler_r1_4 [1000000]0x100006af2000 7.629 MB
W20240207 22:12:18.378427 443539 IPCTensor.h:369] NewIPCTensor: cached_sampler_r1_5 [1000000]0x100007295000 7.629 MB
W20240207 22:12:18.378448 443539 IPCTensor.h:369] NewIPCTensor: cached_sampler_r1_6 [1000000]0x100007a38000 7.629 MB
W20240207 22:12:18.378465 443539 IPCTensor.h:369] NewIPCTensor: cached_sampler_r1_7 [1000000]0x1000081db000 7.629 MB
W20240207 22:12:18.378486 443539 IPCTensor.h:369] NewIPCTensor: cached_sampler_r1_8 [1000000]0x10000897e000 7.629 MB
W20240207 22:12:18.378504 443539 IPCTensor.h:369] NewIPCTensor: cached_sampler_r1_9 [1000000]0x100009121000 7.629 MB
W20240207 22:12:18.378521 443539 IPCTensor.h:369] NewIPCTensor: step_r1 [10]0x1000098c4000 80 B 
W20240207 22:12:18.378535 443539 IPCTensor.h:369] NewIPCTensor: circle_buffer_end_r1 [1]0x1000098c6000 8 B 
W20240207 22:12:18.378552 443539 IPCTensor.h:369] NewIPCTensor: circle_buffer_end_cppseen_r1 [1]0x1000098c8000 8 B 
W20240207 22:12:18.378590 443539 IPCTensor.h:369] NewIPCTensor: cached_sampler_r2_0 [1000000]0x1000098ca000 7.629 MB
W20240207 22:12:18.378612 443539 IPCTensor.h:369] NewIPCTensor: cached_sampler_r2_1 [1000000]0x10000a06d000 7.629 MB
W20240207 22:12:18.378633 443539 IPCTensor.h:369] NewIPCTensor: cached_sampler_r2_2 [1000000]0x10000a810000 7.629 MB
W20240207 22:12:18.378648 443539 IPCTensor.h:369] NewIPCTensor: cached_sampler_r2_3 [1000000]0x10000afb3000 7.629 MB
W20240207 22:12:18.378670 443539 IPCTensor.h:369] NewIPCTensor: cached_sampler_r2_4 [1000000]0x10000b756000 7.629 MB
W20240207 22:12:18.378690 443539 IPCTensor.h:369] NewIPCTensor: cached_sampler_r2_5 [1000000]0x10000bef9000 7.629 MB
W20240207 22:12:18.378710 443539 IPCTensor.h:369] NewIPCTensor: cached_sampler_r2_6 [1000000]0x10000c69c000 7.629 MB
W20240207 22:12:18.378732 443539 IPCTensor.h:369] NewIPCTensor: cached_sampler_r2_7 [1000000]0x10000ce3f000 7.629 MB
W20240207 22:12:18.378751 443539 IPCTensor.h:369] NewIPCTensor: cached_sampler_r2_8 [1000000]0x10000d5e2000 7.629 MB
W20240207 22:12:18.378775 443539 IPCTensor.h:369] NewIPCTensor: cached_sampler_r2_9 [1000000]0x10000dd85000 7.629 MB
W20240207 22:12:18.378793 443539 IPCTensor.h:369] NewIPCTensor: step_r2 [10]0x10000e528000 80 B 
W20240207 22:12:18.378806 443539 IPCTensor.h:369] NewIPCTensor: circle_buffer_end_r2 [1]0x10000e52a000 8 B 
W20240207 22:12:18.378824 443539 IPCTensor.h:369] NewIPCTensor: circle_buffer_end_cppseen_r2 [1]0x10000e52c000 8 B 
W20240207 22:12:18.378861 443539 IPCTensor.h:369] NewIPCTensor: cached_sampler_r3_0 [1000000]0x10000e52e000 7.629 MB
W20240207 22:12:18.378880 443539 IPCTensor.h:369] NewIPCTensor: cached_sampler_r3_1 [1000000]0x10000ecd1000 7.629 MB
W20240207 22:12:18.378896 443539 IPCTensor.h:369] NewIPCTensor: cached_sampler_r3_2 [1000000]0x10000f474000 7.629 MB
W20240207 22:12:18.378912 443539 IPCTensor.h:369] NewIPCTensor: cached_sampler_r3_3 [1000000]0x10000fc17000 7.629 MB
W20240207 22:12:18.378937 443539 IPCTensor.h:369] NewIPCTensor: cached_sampler_r3_4 [1000000]0x1000103ba000 7.629 MB
W20240207 22:12:18.378962 443539 IPCTensor.h:369] NewIPCTensor: cached_sampler_r3_5 [1000000]0x100010b5d000 7.629 MB
W20240207 22:12:18.378978 443539 IPCTensor.h:369] NewIPCTensor: cached_sampler_r3_6 [1000000]0x100011300000 7.629 MB
W20240207 22:12:18.378995 443539 IPCTensor.h:369] NewIPCTensor: cached_sampler_r3_7 [1000000]0x100011aa3000 7.629 MB
W20240207 22:12:18.379011 443539 IPCTensor.h:369] NewIPCTensor: cached_sampler_r3_8 [1000000]0x100012246000 7.629 MB
W20240207 22:12:18.379033 443539 IPCTensor.h:369] NewIPCTensor: cached_sampler_r3_9 [1000000]0x1000129e9000 7.629 MB
W20240207 22:12:18.379050 443539 IPCTensor.h:369] NewIPCTensor: step_r3 [10]0x10001318c000 80 B 
W20240207 22:12:18.379063 443539 IPCTensor.h:369] NewIPCTensor: circle_buffer_end_r3 [1]0x10001318e000 8 B 
W20240207 22:12:18.379077 443539 IPCTensor.h:369] NewIPCTensor: circle_buffer_end_cppseen_r3 [1]0x100013190000 8 B 
W20240207 22:12:18.517182 443539 IPCTensor.h:369] NewIPCTensor: full_emb [14951, 400]0x100013192000 22.81 MB
W20240207 22:12:18.544070 443539 IPCTensor.h:369] NewIPCTensor: full_emb_SparseRowWiseAdaGrad_sum [14951]0x100014864000 58.4 kB
{0: Graph(num_nodes=10523, num_edges=182012,
      ndata_schemes={'_ID': Scheme(shape=(), dtype=torch.int64), 'inner_node': Scheme(shape=(), dtype=torch.int32), 'part_id': Scheme(shape=(), dtype=torch.int64)}
      edata_schemes={'_ID': Scheme(shape=(), dtype=torch.int64), 'inner_edge': Scheme(shape=(), dtype=torch.int8)}), 1: Graph(num_nodes=10996, num_edges=244360,
      ndata_schemes={'_ID': Scheme(shape=(), dtype=torch.int64), 'inner_node': Scheme(shape=(), dtype=torch.int32), 'part_id': Scheme(shape=(), dtype=torch.int64)}
      edata_schemes={'_ID': Scheme(shape=(), dtype=torch.int64), 'inner_edge': Scheme(shape=(), dtype=torch.int8)}), 2: Graph(num_nodes=9404, num_edges=143355,
      ndata_schemes={'_ID': Scheme(shape=(), dtype=torch.int64), 'inner_node': Scheme(shape=(), dtype=torch.int32), 'part_id': Scheme(shape=(), dtype=torch.int64)}
      edata_schemes={'_ID': Scheme(shape=(), dtype=torch.int64), 'inner_edge': Scheme(shape=(), dtype=torch.int8)}), 3: Graph(num_nodes=10954, num_edges=175447,
      ndata_schemes={'_ID': Scheme(shape=(), dtype=torch.int64), 'inner_node': Scheme(shape=(), dtype=torch.int32), 'part_id': Scheme(shape=(), dtype=torch.int64)}
      edata_schemes={'_ID': Scheme(shape=(), dtype=torch.int64), 'inner_edge': Scheme(shape=(), dtype=torch.int8)})}
MertisPartition: part 0 has 10523 N 182012 E
MertisPartition: part 1 has 10996 N 244360 E
MertisPartition: part 2 has 9404 N 143355 E
MertisPartition: part 3 has 10954 N 175447 E
Rank0: cached key size 373
Rank1: cached key size 373
Rank2: cached key size 373
Rank3: cached key size 373
Before renumbering graph:  {'_ID': tensor([    5,    14,    17,  ..., 11245,  2040,  3009]), 'inner_node': tensor([1, 1, 1,  ..., 0, 0, 0], dtype=torch.int32), 'part_id': tensor([0, 0, 0,  ..., 2, 3, 3])}
After renumbering graph:  {'_ID': tensor([1597, 1791, 1860,  ..., 2437, 6341, 7642]), 'inner_node': tensor([1, 1, 1,  ..., 0, 0, 0], dtype=torch.int32), 'part_id': tensor([0, 0, 0,  ..., 2, 3, 3])}
part_g: DGLGraph(num_nodes=10523, num_edges=182012,
         ndata_schemes={'_ID': Scheme(shape=(), dtype=torch.int64)}
         edata_schemes={'tid': Scheme(shape=(), dtype=torch.int64)})
part_g: DGLGraph(num_nodes=10523, num_edges=182012,
         ndata_schemes={'_ID': Scheme(shape=(), dtype=torch.int64)}
         edata_schemes={'tid': Scheme(shape=(), dtype=torch.int64)})
Total initialize time 2.604 seconds
[Rank1] pid = 443749
[Rank2] pid = 443814
INFO [443539 distributed_c10d.py:442] Added key: store_based_barrier_key:1 to store for rank: 0
INFO [443814 distributed_c10d.py:442] Added key: store_based_barrier_key:1 to store for rank: 2
INFO [443749 distributed_c10d.py:442] Added key: store_based_barrier_key:1 to store for rank: 1
INFO [443749 distributed_c10d.py:476] Rank 1: Completed store-based barrier for key:store_based_barrier_key:1 with 4 nodes.
INFO [443539 distributed_c10d.py:476] Rank 0: Completed store-based barrier for key:store_based_barrier_key:1 with 4 nodes.
INFO [443878 distributed_c10d.py:442] Added key: store_based_barrier_key:1 to store for rank: 3
INFO [443878 distributed_c10d.py:476] Rank 3: Completed store-based barrier for key:store_based_barrier_key:1 with 4 nodes.
W20240207 22:12:21.985518 443879 IPCTensor.h:409] NewIPCGPUTensor: embedding_cache_0 [1495, 400]; dev=0; size=2.281 MB
W20240207 22:12:21.985540 443750 IPCTensor.h:409] NewIPCGPUTensor: embedding_cache_1 [1495, 400]; dev=1; size=2.281 MB
W20240207 22:12:21.986284 443879 IPCTensor.h:369] NewIPCTensor: input_keys_0 [1000000]0x100014878000 7.629 MB
W20240207 22:12:21.986294 443750 IPCTensor.h:369] NewIPCTensor: input_keys_1 [1000000]0x10001501b000 7.629 MB
W20240207 22:12:21.986459 443879 IPCTensor.h:369] NewIPCTensor: input_keys_neg_0 [1000000]0x1000157be000 7.629 MB
W20240207 22:12:21.986500 443750 IPCTensor.h:369] NewIPCTensor: input_keys_neg_1 [1000000]0x100015f61000 7.629 MB
W20240207 22:12:21.986557 443879 IPCTensor.h:369] NewIPCTensor: backward_grads_0 [1000000, 400]0x100016704000 1.49 GB
W20240207 22:12:21.986589 443750 IPCTensor.h:369] NewIPCTensor: backward_grads_1 [1000000, 400]0x100075ce7000 1.49 GB
W20240207 22:12:21.986615 443879 IPCTensor.h:369] NewIPCTensor: backward_grads_neg_0 [1000000, 400]0x1000d52ca000 1.49 GB
W20240207 22:12:21.986654 443750 IPCTensor.h:369] NewIPCTensor: backward_grads_neg_1 [1000000, 400]0x1001348ad000 1.49 GB
W20240207 22:12:21.986677 443879 IPCTensor.h:409] NewIPCGPUTensor: backward_grads_0_gpu [1000000, 400]; dev=0; size=1.49 GB
W20240207 22:12:21.986722 443750 IPCTensor.h:409] NewIPCGPUTensor: backward_grads_1_gpu [1000000, 400]; dev=1; size=1.49 GB
W20240207 22:12:21.986964 443880 IPCTensor.h:409] NewIPCGPUTensor: embedding_cache_3 [1495, 400]; dev=3; size=2.281 MB
INFO [443814 distributed_c10d.py:476] Rank 2: Completed store-based barrier for key:store_based_barrier_key:1 with 4 nodes.
W20240207 22:12:21.995325 443879 IPCTensor.h:409] NewIPCGPUTensor: backward_grads_neg_0_gpu [1000000, 400]; dev=0; size=1.49 GB
W20240207 22:12:21.995347 443750 IPCTensor.h:409] NewIPCGPUTensor: backward_grads_neg_1_gpu [1000000, 400]; dev=1; size=1.49 GB
W20240207 22:12:21.995505 443880 IPCTensor.h:369] NewIPCTensor: input_keys_3 [1000000]0x100193e96000 7.629 MB
W20240207 22:12:21.995751 443880 IPCTensor.h:369] NewIPCTensor: input_keys_neg_3 [1000000]0x100194639000 7.629 MB
W20240207 22:12:21.995868 443880 IPCTensor.h:369] NewIPCTensor: backward_grads_3 [1000000, 400]0x100194ddc000 1.49 GB
W20240207 22:12:21.995818 443815 IPCTensor.h:409] NewIPCGPUTensor: embedding_cache_2 [1495, 400]; dev=2; size=2.281 MB
W20240207 22:12:21.995934 443880 IPCTensor.h:369] NewIPCTensor: backward_grads_neg_3 [1000000, 400]0x1001f43bf000 1.49 GB
W20240207 22:12:21.996018 443880 IPCTensor.h:409] NewIPCGPUTensor: backward_grads_3_gpu [1000000, 400]; dev=3; size=1.49 GB
W20240207 22:12:22.008798 443815 IPCTensor.h:369] NewIPCTensor: input_keys_2 [1000000]0x1002539a8000 7.629 MB
W20240207 22:12:22.008991 443815 IPCTensor.h:369] NewIPCTensor: input_keys_neg_2 [1000000]0x10025414b000 7.629 MB
W20240207 22:12:22.009078 443815 IPCTensor.h:369] NewIPCTensor: backward_grads_2 [1000000, 400]0x1002548ee000 1.49 GB
W20240207 22:12:22.009148 443815 IPCTensor.h:369] NewIPCTensor: backward_grads_neg_2 [1000000, 400]0x1002b3ed1000 1.49 GB
W20240207 22:12:22.009238 443815 IPCTensor.h:409] NewIPCGPUTensor: backward_grads_2_gpu [1000000, 400]; dev=2; size=1.49 GB
W20240207 22:12:22.017843 443815 IPCTensor.h:409] NewIPCGPUTensor: backward_grads_neg_2_gpu [1000000, 400]; dev=2; size=1.49 GB
W20240207 22:12:22.018047 443880 IPCTensor.h:409] NewIPCGPUTensor: backward_grads_neg_3_gpu [1000000, 400]; dev=3; size=1.49 GB
cudaHostRegister 0x100013192000
3: KnownLocalCachedEmbedding init done
cudaHostRegister 0x100013192000
1: KnownLocalCachedEmbedding init done
[Rank3] pid = 443878
New CachedEmbedding, name=full_emb, shape=(14951, 400), cache_type=KnownLocalCachedEmbedding
fixed cache_range is [(0, 1495), (1495, 2990), (2990, 4485), (4485, 5980)]
cudaHostRegister 0x100013192000
0: KnownLocalCachedEmbedding init done
WARNING [443749 DistTensor.py:59] The tensor name already exists in the kvstore
WARNING [443539 DistTensor.py:59] The tensor name already exists in the kvstore
WARNING [443878 DistTensor.py:59] The tensor name already exists in the kvstore
cudaHostRegister 0x100013192000
2: KnownLocalCachedEmbedding init done
WARNING [443814 DistTensor.py:59] The tensor name already exists in the kvstore
I20240207 22:12:23.439801 443815 IPC_barrier.h:118] CreateBarrier: new barrier, name: kgcachecontroller, count: 4
I20240207 22:12:23.439895 443880 IPC_barrier.h:112] CreateBarrier: find existing barrier, name: kgcachecontroller, count: 4
I20240207 22:12:23.439960 443750 IPC_barrier.h:112] CreateBarrier: find existing barrier, name: kgcachecontroller, count: 4
I20240207 22:12:23.440089 443879 IPC_barrier.h:112] CreateBarrier: find existing barrier, name: kgcachecontroller, count: 4
W20240207 22:12:23.441632 443879 grad_base.h:55] KGCacheController, config={
        "num_gpus": 4,
        "L": 10,
        "backgrad_init": "both", 
        "kForwardItersPerStep": 2,
        "clr": 0.01,
        "nr_background_threads": 32,
        "backwardMode": "CppAsyncV2",
        "cache_ratio": 0.1,
        "update_cache_use_omp":  0,
        "update_pq_use_omp":  0
        }
W20240207 22:12:23.441772 443879 grad_base.h:184] Init GradProcessingBase done
I20240207 22:12:23.448565 443879 grad_async_v2.h:42] Use main thread to update emb.
W20240207 22:12:23.448592 443879 kg_controller.h:78] after init GradAsyncProcessingV2
I20240207 22:12:23.448596 443879 kg_controller.h:84] Construct KGCacheController done
E20240207 22:12:23.840780 443880 recstore.cc:66] init folly done
E20240207 22:12:23.840773 443879 recstore.cc:66] init folly done
E20240207 22:12:23.840823 443750 recstore.cc:66] init folly done
E20240207 22:12:23.840878 443815 recstore.cc:66] init folly done
I20240207 22:12:23.842334 443879 grad_base.h:60] GraphEnv RegTensorsPerProcess
W20240207 22:12:24.604254 444259 grad_async_v2.h:137] Detect new sample comes, old_end0, new_end1
E20240207 22:12:24.604527 444259 parallel_pq_v2.h:79] insert failed, size(hashtable)=1
I20240207 22:12:24.630139 443879 IPC_barrier.h:118] CreateBarrier: new barrier, name: start_barrier, count: 4
I20240207 22:12:24.656942 443815 IPC_barrier.h:112] CreateBarrier: find existing barrier, name: start_barrier, count: 4
I20240207 22:12:24.659945 443880 IPC_barrier.h:112] CreateBarrier: find existing barrier, name: start_barrier, count: 4
I20240207 22:12:24.664289 443750 IPC_barrier.h:112] CreateBarrier: find existing barrier, name: start_barrier, count: 4
E20240207 22:12:26.881669 444067 parallel_pq_v2.h:79] insert failed, size(hashtable)=0
W20240207 22:12:26.903589 444259 grad_async_v2.h:137] Detect new sample comes, old_end1, new_end2
E20240207 22:12:26.920450 444067 grad_async_v2.h:404] Stalled in ProcessBackward: rank=1, step_no=1, sample_step_cpp_seen_[rank]=0
W20240207 22:12:26.980087 443879 grad_async_v2.h:270] Sleep in <BlockToStepN>, step_no=3, pq.top=3
E20240207 22:12:27.881024 444267 parallel_pq_v2.h:79] insert failed, size(hashtable)=5752
W20240207 22:12:27.911397 444259 grad_async_v2.h:137] Detect new sample comes, old_end9, new_end3
W20240207 22:12:28.001806 443879 grad_async_v2.h:270] Sleep in <BlockToStepN>, step_no=35, pq.top=35
+---------------------------+---------------------------+---------------------------+
| Name                      | P50                       | P99                       |
+---------------------------+---------------------------+---------------------------+
| GenInput                  | 1.099 ms                  | 17.245 ms                 |
| Forward                   | 3.625 ms                  | 1.162 s                   |
| Backward                  | 3.110 ms                  | 238.205 ms                |
| Optimize                  | 1.584 ms                  | 42.425 ms                 |
| BarrierTimeBeforeRank0    | 25.978 us                 | 504.805 us                |
| AfterBackward             | 20.299 ms                 | 792.140 ms                |
| BlockToStepN              | 247.734 us                | 763.433 us                |
| OneStep                   | 31.332 ms                 | 2.238 s                   |
+---------------------------+---------------------------+---------------------------+
+---------------------------+---------------------------+---------------------------+
| Name                      | P50                       | P99                       |
+---------------------------+---------------------------+---------------------------+
| clean                     | 210.915 us                | 2.384 ms                  |
| ProcessBack:Shuffle       | 2.223 ms                  | 52.078 ms                 |
| ProcessBack:UpdateCache   | 2.001 ms                  | 237.597 ms                |
| ProcessBack:UpsertPq      | 12.871 ms                 | 18.168 ms                 |
| ProcessOneStep            | 18.924 ms                 | 33.083 ms                 |
| BlockToStepN              | 217.231 us                | 1.805 ms                  |
+---------------------------+---------------------------+---------------------------+
E20240207 22:12:28.881650 444259 parallel_pq_v2.h:79] insert failed, size(hashtable)=1
W20240207 22:12:28.927912 444259 grad_async_v2.h:137] Detect new sample comes, old_end1, new_end2
W20240207 22:12:29.011808 443879 grad_async_v2.h:270] Sleep in <BlockToStepN>, step_no=64, pq.top=64
E20240207 22:12:29.881016 444067 parallel_pq_v2.h:79] insert failed, size(hashtable)=14
W20240207 22:12:29.931126 444259 grad_async_v2.h:137] Detect new sample comes, old_end4, new_end5
W20240207 22:12:30.011415 443879 grad_async_v2.h:270] Sleep in <BlockToStepN>, step_no=97, pq.top=97
train_sampler.Prefill()
before start barrier
start train
[proc 1] 100 steps, total: 5.432, sample: 0.230, forward: 1.105, backward: 0.595, update: 0.156
train_sampler.Prefill()
before start barrier
start train
[proc 2] 100 steps, total: 5.439, sample: 0.221, forward: 1.103, backward: 0.628, update: 0.137
train_sampler.Prefill()
before start barrier
start train
[proc 3] 100 steps, total: 5.436, sample: 0.192, forward: 0.972, backward: 0.544, update: 0.154
train_sampler.Prefill()
-------Step 0-------
tensor([ 7917,   196, 10103,  6859,  9038,  4530, 12500,  5058, 12267,   114]) tensor([ 1860,  8405, 10176,  1439,  7777,  7542, 12859,  7817,  8249,  8350])
-------Step 1-------
tensor([ 7917,   196, 10103,  6859,  9038,  4530, 12500,  5058, 12267,   114]) tensor([ 7844, 12028, 11802, 13854,  7158,  9453,  6539,  2272,  2903,  9396])
-------Step 2-------
tensor([ 9165,  2939,  4107,    27,   595,   332,   219, 11491, 10266,  8645]) tensor([11918,  4127,  4274, 13625,  2269,  2874, 12261,  6050, 12670,  6699])
-------Step 3-------
tensor([ 9165,  2939,  4107,    27,   595,   332,   219, 11491, 10266,  8645]) tensor([  563, 11635,  7136, 14250,   357,   567,  2496, 11584,  5673,   144])
-------Step 4-------
tensor([ 3188, 14481, 11321, 10479,  5526,  6313, 12460,  7251,  4273,  2224]) tensor([14912,  1008, 11408, 12197,  4749,   721,  6787,  1080, 10447, 14319])
-------Step 5-------
tensor([ 3188, 14481, 11321, 10479,  5526,  6313, 12460,  7251,  4273,  2224]) tensor([ 7173,  7488,  8786, 14240,  1300, 14116,  2660, 14019,  8824,  6475])
-------Step 6-------
tensor([12456,   627,  7749,    25, 11912, 13746, 10761, 11321,  8653,  6672]) tensor([ 3187, 10347,  8244, 11679,  9917,  9021,  1908,  2747, 14247,  1386])
-------Step 7-------
tensor([12456,   627,  7749,    25, 11912, 13746, 10761, 11321,  8653,  6672]) tensor([ 4514, 14077, 10853,  7510,  5625,   874,  5132,   986, 12126, 13567])
-------Step 8-------
tensor([10615, 10622, 13742, 10045,  5083,  6863,  1802,  6891,  4993, 10975]) tensor([ 7749, 13164, 14676,  1812, 10788, 11000,  2571, 10883,  5997,  9180])
-------Step 9-------
tensor([10615, 10622, 13742, 10045,  5083,  6863,  1802,  6891,  4993, 10975]) tensor([11457, 10025,  1716,  3888,  2409,   612,  6943,  3154,  2903, 14454])
before start barrier
start train
[proc 0] 100 steps, total: 5.466, sample: 0.277, forward: 1.516, backward: 0.541, update: 0.188
E20240207 22:12:30.881008 443879 parallel_pq_v2.h:79] insert failed, size(hashtable)=291
W20240207 22:12:30.931627 444259 grad_async_v2.h:137] Detect new sample comes, old_end8, new_end9
W20240207 22:12:31.019840 443879 grad_async_v2.h:270] Sleep in <BlockToStepN>, step_no=132, pq.top=132
E20240207 22:12:31.881012 443879 parallel_pq_v2.h:79] insert failed, size(hashtable)=731
W20240207 22:12:31.931840 444259 grad_async_v2.h:137] Detect new sample comes, old_end3, new_end4
W20240207 22:12:32.035780 443879 grad_async_v2.h:270] Sleep in <BlockToStepN>, step_no=167, pq.top=167
E20240207 22:12:32.881043 444259 parallel_pq_v2.h:79] insert failed, size(hashtable)=12
W20240207 22:12:32.942768 444259 grad_async_v2.h:137] Detect new sample comes, old_end9, new_end8
[proc 3] 200 steps, total: 2.936, sample: 0.253, forward: 0.286, backward: 0.282, update: 0.105
[proc 2] 200 steps, total: 2.936, sample: 0.245, forward: 0.280, backward: 0.281, update: 0.104
[proc 0] 200 steps, total: 2.936, sample: 0.320, forward: 0.349, backward: 0.279, update: 0.124
[proc 1] 200 steps, total: 2.936, sample: 0.254, forward: 0.306, backward: 0.273, update: 0.107
W20240207 22:12:33.060186 443879 grad_async_v2.h:270] Sleep in <BlockToStepN>, step_no=201, pq.top=201
E20240207 22:12:33.127772 444067 grad_async_v2.h:404] Stalled in ProcessBackward: rank=0, step_no=203, sample_step_cpp_seen_[rank]=202
+---------------------------+---------------------------+---------------------------+
| Name                      | P50                       | P99                       |
+---------------------------+---------------------------+---------------------------+
| GenInput                  | 1.330 ms                  | 16.610 ms                 |
| Forward                   | 3.606 ms                  | 6.285 ms                  |
| Backward                  | 2.981 ms                  | 5.581 ms                  |
| Optimize                  | 1.383 ms                  | 2.995 ms                  |
| BarrierTimeBeforeRank0    | 20.389 us                 | 3.931 ms                  |
| AfterBackward             | 17.388 ms                 | 157.027 ms                |
| BlockToStepN              | 652.137 us                | 2.502 ms                  |
| OneStep                   | 28.778 ms                 | 166.117 ms                |
+---------------------------+---------------------------+---------------------------+
+---------------------------+---------------------------+---------------------------+
| Name                      | P50                       | P99                       |
+---------------------------+---------------------------+---------------------------+
| clean                     | 232.501 us                | 2.153 ms                  |
| ProcessBack:Shuffle       | 2.089 ms                  | 2.720 ms                  |
| ProcessBack:UpdateCache   | 1.807 ms                  | 2.676 ms                  |
| ProcessBack:UpsertPq      | 11.918 ms                 | 18.530 ms                 |
| ProcessOneStep            | 17.277 ms                 | 157.000 ms                |
| BlockToStepN              | 660.991 us                | 2.454 ms                  |
+---------------------------+---------------------------+---------------------------+
E20240207 22:12:33.881032 444259 parallel_pq_v2.h:79] insert failed, size(hashtable)=282
W20240207 22:12:33.968927 444259 grad_async_v2.h:137] Detect new sample comes, old_end0, new_end8
W20240207 22:12:34.060266 443879 grad_async_v2.h:270] Sleep in <BlockToStepN>, step_no=230, pq.top=230
E20240207 22:12:34.881018 444268 parallel_pq_v2.h:79] insert failed, size(hashtable)=769
W20240207 22:12:34.985786 444259 grad_async_v2.h:137] Detect new sample comes, old_end7, new_end5
W20240207 22:12:35.064280 443879 grad_async_v2.h:270] Sleep in <BlockToStepN>, step_no=257, pq.top=257
E20240207 22:12:35.883453 444067 parallel_pq_v2.h:79] insert failed, size(hashtable)=1
W20240207 22:12:35.985438 444259 grad_async_v2.h:137] Detect new sample comes, old_end9, new_end0
W20240207 22:12:36.077780 443879 grad_async_v2.h:270] Sleep in <BlockToStepN>, step_no=282, pq.top=282
[proc 2] 300 steps, total: 3.797, sample: 0.218, forward: 0.298, backward: 0.248, update: 0.096
[proc 3] 300 steps, total: 3.797, sample: 0.253, forward: 0.304, backward: 0.277, update: 0.104
[proc 0] 300 steps, total: 3.797, sample: 0.353, forward: 0.349, backward: 0.277, update: 0.124
[proc 1] 300 steps, total: 3.797, sample: 0.223, forward: 0.302, backward: 0.274, update: 0.100
E20240207 22:12:36.883013 444067 parallel_pq_v2.h:79] insert failed, size(hashtable)=190
W20240207 22:12:36.991129 444259 grad_async_v2.h:137] Detect new sample comes, old_end4, new_end5
W20240207 22:12:37.085438 443879 grad_async_v2.h:270] Sleep in <BlockToStepN>, step_no=307, pq.top=307
E20240207 22:12:37.883013 444283 parallel_pq_v2.h:79] insert failed, size(hashtable)=4383
W20240207 22:12:37.996223 444259 grad_async_v2.h:137] Detect new sample comes, old_end8, new_end9
W20240207 22:12:38.095255 443879 grad_async_v2.h:270] Sleep in <BlockToStepN>, step_no=331, pq.top=331
+---------------------------+---------------------------+---------------------------+
| Name                      | P50                       | P99                       |
+---------------------------+---------------------------+---------------------------+
| GenInput                  | 1.471 ms                  | 18.180 ms                 |
| Forward                   | 3.564 ms                  | 6.285 ms                  |
| Backward                  | 2.871 ms                  | 5.411 ms                  |
| Optimize                  | 1.312 ms                  | 2.995 ms                  |
| BarrierTimeBeforeRank0    | 19.822 us                 | 10.280 ms                 |
| AfterBackward             | 18.799 ms                 | 33.108 ms                 |
| BlockToStepN              | 933.392 us                | 3.176 ms                  |
| OneStep                   | 31.510 ms                 | 54.483 ms                 |
+---------------------------+---------------------------+---------------------------+
+---------------------------+---------------------------+---------------------------+
| Name                      | P50                       | P99                       |
+---------------------------+---------------------------+---------------------------+
| clean                     | 275.851 us                | 3.425 ms                  |
| ProcessBack:Shuffle       | 2.148 ms                  | 2.720 ms                  |
| ProcessBack:UpdateCache   | 1.994 ms                  | 2.697 ms                  |
| ProcessBack:UpsertPq      | 13.542 ms                 | 22.510 ms                 |
| ProcessOneStep            | 18.974 ms                 | 33.083 ms                 |
| BlockToStepN              | 911.213 us                | 3.136 ms                  |
+---------------------------+---------------------------+---------------------------+
E20240207 22:12:38.883031 444277 parallel_pq_v2.h:79] insert failed, size(hashtable)=4791
W20240207 22:12:39.001672 444259 grad_async_v2.h:137] Detect new sample comes, old_end3, new_end4
W20240207 22:12:39.114270 443879 grad_async_v2.h:270] Sleep in <BlockToStepN>, step_no=356, pq.top=356
E20240207 22:12:39.883014 444067 parallel_pq_v2.h:79] insert failed, size(hashtable)=237
W20240207 22:12:40.009209 444259 grad_async_v2.h:137] Detect new sample comes, old_end6, new_end7
W20240207 22:12:40.229638 443879 grad_async_v2.h:270] Sleep in <BlockToStepN>, step_no=382, pq.top=382
E20240207 22:12:40.883229 444259 parallel_pq_v2.h:79] insert failed, size(hashtable)=3
[proc 3] 400 steps, total: 4.166, sample: 0.224, forward: 0.303, backward: 0.318, update: 0.102
[proc 1] 400 steps, total: 4.166, sample: 0.224, forward: 0.302, backward: 0.276, update: 0.101
[proc 2] 400 steps, total: 4.166, sample: 0.219, forward: 0.298, backward: 0.286, update: 0.097
[proc 0] 400 steps, total: 4.166, sample: 0.384, forward: 0.333, backward: 0.307, update: 0.114
W20240207 22:12:41.010481 444259 grad_async_v2.h:137] Detect new sample comes, old_end0, new_end1
W20240207 22:12:41.293581 443879 grad_async_v2.h:270] Sleep in <BlockToStepN>, step_no=407, pq.top=407
E20240207 22:12:41.883013 444261 parallel_pq_v2.h:79] insert failed, size(hashtable)=5773
W20240207 22:12:42.014955 444259 grad_async_v2.h:137] Detect new sample comes, old_end4, new_end5
W20240207 22:12:42.335942 443879 grad_async_v2.h:270] Sleep in <BlockToStepN>, step_no=432, pq.top=432
E20240207 22:12:42.883013 444276 parallel_pq_v2.h:79] insert failed, size(hashtable)=3851
W20240207 22:12:43.017881 444259 grad_async_v2.h:137] Detect new sample comes, old_end8, new_end9
+---------------------------+---------------------------+---------------------------+
| Name                      | P50                       | P99                       |
+---------------------------+---------------------------+---------------------------+
| GenInput                  | 1.746 ms                  | 17.540 ms                 |
| Forward                   | 3.511 ms                  | 5.753 ms                  |
| Backward                  | 2.863 ms                  | 5.950 ms                  |
| Optimize                  | 1.260 ms                  | 2.884 ms                  |
| BarrierTimeBeforeRank0    | 20.118 us                 | 10.476 ms                 |
| AfterBackward             | 22.425 ms                 | 31.291 ms                 |
| BlockToStepN              | 1.299 ms                  | 4.001 ms                  |
| OneStep                   | 36.113 ms                 | 52.695 ms                 |
+---------------------------+---------------------------+---------------------------+
W20240207 22:12:43.510696 443879 grad_async_v2.h:270] Sleep in <BlockToStepN>, step_no=460, pq.top=460
+---------------------------+---------------------------+---------------------------+
| Name                      | P50                       | P99                       |
+---------------------------+---------------------------+---------------------------+
| clean                     | 343.225 us                | 3.551 ms                  |
| ProcessBack:Shuffle       | 2.174 ms                  | 2.604 ms                  |
| ProcessBack:UpdateCache   | 2.096 ms                  | 2.697 ms                  |
| ProcessBack:UpsertPq      | 14.585 ms                 | 23.020 ms                 |
| ProcessOneStep            | 22.584 ms                 | 31.260 ms                 |
| BlockToStepN              | 1.294 ms                  | 4.029 ms                  |
+---------------------------+---------------------------+---------------------------+
E20240207 22:12:43.883347 444259 parallel_pq_v2.h:79] insert failed, size(hashtable)=6
W20240207 22:12:44.018967 444259 grad_async_v2.h:137] Detect new sample comes, old_end1, new_end2
W20240207 22:12:44.592598 443879 grad_async_v2.h:270] Sleep in <BlockToStepN>, step_no=485, pq.top=485
E20240207 22:12:44.883013 444067 parallel_pq_v2.h:79] insert failed, size(hashtable)=676
W20240207 22:12:45.024668 444259 grad_async_v2.h:137] Detect new sample comes, old_end5, new_end6
[proc 3] 500 steps, total: 4.240, sample: 0.176, forward: 0.266, backward: 0.279, update: 0.108
[proc 2] 500 steps, total: 4.240, sample: 0.255, forward: 0.296, backward: 0.338, update: 0.092
[proc 0] 500 steps, total: 4.240, sample: 0.392, forward: 0.329, backward: 0.281, update: 0.118
[proc 1] 500 steps, total: 4.240, sample: 0.224, forward: 0.307, backward: 0.261, update: 0.098
Successfully xmh. training takes 20.60490655899048 seconds
before call kg_cache_controller.StopThreads()
W20240207 22:12:45.235096 443879 grad_async_v2.h:84] call StopThreads. PID = 443539
W20240207 22:12:45.235121 443879 grad_base.h:212] before processOneStepNegThread_.join();
W20240207 22:12:45.235532 443879 grad_base.h:214] after processOneStepNegThread_.join();
W20240207 22:12:45.235538 443879 grad_async_v2.h:86] call GradProcessingBase::StopThreads.
W20240207 22:12:45.237133 443879 grad_async_v2.h:105] StopThreads done.
[W tensorpipe_agent.cpp:725] RPC agent for worker0 encountered error when reading incoming request from worker1: eof (this error originated at tensorpipe/transport/shm/connection_impl.cc:259)
[W tensorpipe_agent.cpp:725] RPC agent for worker0 encountered error when reading incoming request from worker2: eof (this error originated at tensorpipe/transport/shm/connection_impl.cc:259)
[W tensorpipe_agent.cpp:725] RPC agent for worker0 encountered error when reading incoming request from worker3: eof (this error originated at tensorpipe/transport/shm/connection_impl.cc:259)
On rank0, prepare to call self.controller.StopThreads(), self=<python.controller_process.KGCacheControllerWrapper object at 0x7fb74a62f610>
