WARNING: Logging before InitGoogleLogging() is written to STDERR
I20240128 16:34:08.121822 498876 IPC_barrier.h:128] MultiProcessBarrierFactory->ClearIPCMemory()
/home/xieminhui/RecStore/src/framework_adapters/torch/kg/dgl-0.9.1/python/dgl/_deprecate/graph.py:1023: DGLWarning: multigraph will be deprecated.DGL will treat all graphs as multigraph in the future.
  dgl_warning("multigraph will be deprecated." \
/home/xieminhui/RecStore/src/framework_adapters/torch/kg/dgl-0.9.1/python/dgl/heterograph.py:72: DGLWarning: Recommend creating graphs by `dgl.graph(data)` instead of `dgl.DGLGraph(data)`.
  dgl_warning('Recommend creating graphs by `dgl.graph(data)`'
Reading train triples....
Finished. Read 483142 train triples.
Reading valid triples....
Finished. Read 50000 valid triples.
Reading test triples....
Finished. Read 59071 test triples.
ARGS:  Namespace(model_name='ComplEx', data_path='/home/xieminhui/dgl-data', dataset='FB15k', format='built_in', data_files=None, delimiter='\t', save_path='/tmp/ckpts/ComplEx_FB15k_35', no_save_emb=True, max_step=500, batch_size=2400, batch_size_eval=16, neg_sample_size=200, neg_deg_sample=False, neg_deg_sample_eval=False, neg_sample_size_eval=14951, eval_percent=1, no_eval_filter=False, log_interval=100, eval_interval=10000, test=False, num_proc=4, num_thread=1, force_sync_interval=1, hidden_dim=400, lr=0.01, gamma=16.0, double_ent=False, double_rel=False, neg_adversarial_sampling=False, adversarial_temperature=1.0, regularization_coef=0.0, regularization_norm=3, pairwise=False, loss_genre='Logsigmoid', margin=1.0, nr_gpus=4, gpu=[0, 1, 2, 3], mix_cpu_gpu=True, valid=False, rel_part=False, async_update=None, has_edge_importance=False, cached_emb_type='KnownLocalCachedEmbedding', use_my_emb=True, cache_ratio=0.05, shuffle=False, backwardMode='CppAsyncV2', L=10, update_cache_use_omp=0, update_pq_use_omp=0, kForwardItersPerStep=2, backgrad_init='both', eval_filter=True, soft_rel_part=False)
|Train|: 483142
original graph:  DGLGraph(num_nodes=14951, num_edges=592213,
         ndata_schemes={}
         edata_schemes={'tid': Scheme(shape=(), dtype=torch.int64)})
Loading cached metis
WARNING [498876 sampler.py:454] Start PreSampling
WARNING [498876 sampler.py:532] Before construct renumbering_dict
WARNING [498876 sampler.py:555] PreSampling done
W20240128 16:34:10.104358 498876 IPCTensor.h:368] NewIPCTensor: cached_sampler_r0_0 [1000000]0x100000002000 7.629 MB
W20240128 16:34:10.104521 498876 IPCTensor.h:368] NewIPCTensor: cached_sampler_r0_1 [1000000]0x1000007a5000 7.629 MB
W20240128 16:34:10.104558 498876 IPCTensor.h:368] NewIPCTensor: cached_sampler_r0_2 [1000000]0x100000f48000 7.629 MB
W20240128 16:34:10.104589 498876 IPCTensor.h:368] NewIPCTensor: cached_sampler_r0_3 [1000000]0x1000016eb000 7.629 MB
W20240128 16:34:10.104615 498876 IPCTensor.h:368] NewIPCTensor: cached_sampler_r0_4 [1000000]0x100001e8e000 7.629 MB
W20240128 16:34:10.104642 498876 IPCTensor.h:368] NewIPCTensor: cached_sampler_r0_5 [1000000]0x100002631000 7.629 MB
W20240128 16:34:10.104663 498876 IPCTensor.h:368] NewIPCTensor: cached_sampler_r0_6 [1000000]0x100002dd4000 7.629 MB
W20240128 16:34:10.104693 498876 IPCTensor.h:368] NewIPCTensor: cached_sampler_r0_7 [1000000]0x100003577000 7.629 MB
W20240128 16:34:10.104728 498876 IPCTensor.h:368] NewIPCTensor: cached_sampler_r0_8 [1000000]0x100003d1a000 7.629 MB
W20240128 16:34:10.104761 498876 IPCTensor.h:368] NewIPCTensor: cached_sampler_r0_9 [1000000]0x1000044bd000 7.629 MB
W20240128 16:34:10.104789 498876 IPCTensor.h:368] NewIPCTensor: step_r0 [10]0x100004c60000 80 B 
W20240128 16:34:10.104811 498876 IPCTensor.h:368] NewIPCTensor: circle_buffer_end_r0 [1]0x100004c62000 8 B 
W20240128 16:34:10.104835 498876 IPCTensor.h:368] NewIPCTensor: circle_buffer_end_cppseen_r0 [1]0x100004c64000 8 B 
W20240128 16:34:10.104933 498876 IPCTensor.h:368] NewIPCTensor: cached_sampler_r1_0 [1000000]0x100004c66000 7.629 MB
W20240128 16:34:10.104964 498876 IPCTensor.h:368] NewIPCTensor: cached_sampler_r1_1 [1000000]0x100005409000 7.629 MB
W20240128 16:34:10.104985 498876 IPCTensor.h:368] NewIPCTensor: cached_sampler_r1_2 [1000000]0x100005bac000 7.629 MB
W20240128 16:34:10.105023 498876 IPCTensor.h:368] NewIPCTensor: cached_sampler_r1_3 [1000000]0x10000634f000 7.629 MB
W20240128 16:34:10.105048 498876 IPCTensor.h:368] NewIPCTensor: cached_sampler_r1_4 [1000000]0x100006af2000 7.629 MB
W20240128 16:34:10.105070 498876 IPCTensor.h:368] NewIPCTensor: cached_sampler_r1_5 [1000000]0x100007295000 7.629 MB
W20240128 16:34:10.105091 498876 IPCTensor.h:368] NewIPCTensor: cached_sampler_r1_6 [1000000]0x100007a38000 7.629 MB
W20240128 16:34:10.105115 498876 IPCTensor.h:368] NewIPCTensor: cached_sampler_r1_7 [1000000]0x1000081db000 7.629 MB
W20240128 16:34:10.105136 498876 IPCTensor.h:368] NewIPCTensor: cached_sampler_r1_8 [1000000]0x10000897e000 7.629 MB
W20240128 16:34:10.105161 498876 IPCTensor.h:368] NewIPCTensor: cached_sampler_r1_9 [1000000]0x100009121000 7.629 MB
W20240128 16:34:10.105185 498876 IPCTensor.h:368] NewIPCTensor: step_r1 [10]0x1000098c4000 80 B 
W20240128 16:34:10.105202 498876 IPCTensor.h:368] NewIPCTensor: circle_buffer_end_r1 [1]0x1000098c6000 8 B 
W20240128 16:34:10.105221 498876 IPCTensor.h:368] NewIPCTensor: circle_buffer_end_cppseen_r1 [1]0x1000098c8000 8 B 
W20240128 16:34:10.105263 498876 IPCTensor.h:368] NewIPCTensor: cached_sampler_r2_0 [1000000]0x1000098ca000 7.629 MB
W20240128 16:34:10.105293 498876 IPCTensor.h:368] NewIPCTensor: cached_sampler_r2_1 [1000000]0x10000a06d000 7.629 MB
W20240128 16:34:10.105314 498876 IPCTensor.h:368] NewIPCTensor: cached_sampler_r2_2 [1000000]0x10000a810000 7.629 MB
W20240128 16:34:10.105335 498876 IPCTensor.h:368] NewIPCTensor: cached_sampler_r2_3 [1000000]0x10000afb3000 7.629 MB
W20240128 16:34:10.105356 498876 IPCTensor.h:368] NewIPCTensor: cached_sampler_r2_4 [1000000]0x10000b756000 7.629 MB
W20240128 16:34:10.105383 498876 IPCTensor.h:368] NewIPCTensor: cached_sampler_r2_5 [1000000]0x10000bef9000 7.629 MB
W20240128 16:34:10.105406 498876 IPCTensor.h:368] NewIPCTensor: cached_sampler_r2_6 [1000000]0x10000c69c000 7.629 MB
W20240128 16:34:10.105427 498876 IPCTensor.h:368] NewIPCTensor: cached_sampler_r2_7 [1000000]0x10000ce3f000 7.629 MB
W20240128 16:34:10.105453 498876 IPCTensor.h:368] NewIPCTensor: cached_sampler_r2_8 [1000000]0x10000d5e2000 7.629 MB
W20240128 16:34:10.105473 498876 IPCTensor.h:368] NewIPCTensor: cached_sampler_r2_9 [1000000]0x10000dd85000 7.629 MB
W20240128 16:34:10.105494 498876 IPCTensor.h:368] NewIPCTensor: step_r2 [10]0x10000e528000 80 B 
W20240128 16:34:10.105512 498876 IPCTensor.h:368] NewIPCTensor: circle_buffer_end_r2 [1]0x10000e52a000 8 B 
W20240128 16:34:10.105538 498876 IPCTensor.h:368] NewIPCTensor: circle_buffer_end_cppseen_r2 [1]0x10000e52c000 8 B 
W20240128 16:34:10.105580 498876 IPCTensor.h:368] NewIPCTensor: cached_sampler_r3_0 [1000000]0x10000e52e000 7.629 MB
W20240128 16:34:10.105607 498876 IPCTensor.h:368] NewIPCTensor: cached_sampler_r3_1 [1000000]0x10000ecd1000 7.629 MB
W20240128 16:34:10.105628 498876 IPCTensor.h:368] NewIPCTensor: cached_sampler_r3_2 [1000000]0x10000f474000 7.629 MB
W20240128 16:34:10.105648 498876 IPCTensor.h:368] NewIPCTensor: cached_sampler_r3_3 [1000000]0x10000fc17000 7.629 MB
W20240128 16:34:10.105676 498876 IPCTensor.h:368] NewIPCTensor: cached_sampler_r3_4 [1000000]0x1000103ba000 7.629 MB
W20240128 16:34:10.105703 498876 IPCTensor.h:368] NewIPCTensor: cached_sampler_r3_5 [1000000]0x100010b5d000 7.629 MB
W20240128 16:34:10.105724 498876 IPCTensor.h:368] NewIPCTensor: cached_sampler_r3_6 [1000000]0x100011300000 7.629 MB
W20240128 16:34:10.105744 498876 IPCTensor.h:368] NewIPCTensor: cached_sampler_r3_7 [1000000]0x100011aa3000 7.629 MB
W20240128 16:34:10.105770 498876 IPCTensor.h:368] NewIPCTensor: cached_sampler_r3_8 [1000000]0x100012246000 7.629 MB
W20240128 16:34:10.105794 498876 IPCTensor.h:368] NewIPCTensor: cached_sampler_r3_9 [1000000]0x1000129e9000 7.629 MB
W20240128 16:34:10.105818 498876 IPCTensor.h:368] NewIPCTensor: step_r3 [10]0x10001318c000 80 B 
W20240128 16:34:10.105835 498876 IPCTensor.h:368] NewIPCTensor: circle_buffer_end_r3 [1]0x10001318e000 8 B 
W20240128 16:34:10.105852 498876 IPCTensor.h:368] NewIPCTensor: circle_buffer_end_cppseen_r3 [1]0x100013190000 8 B 
W20240128 16:34:10.259605 498876 IPCTensor.h:368] NewIPCTensor: full_emb [14951, 400]0x100013192000 22.81 MB
W20240128 16:34:10.259778 498876 IPCTensor.h:368] NewIPCTensor: full_emb_SparseRowWiseAdaGrad_sum [14951]0x100014864000 58.4 kB
{0: Graph(num_nodes=10523, num_edges=182012,
      ndata_schemes={'_ID': Scheme(shape=(), dtype=torch.int64), 'inner_node': Scheme(shape=(), dtype=torch.int32), 'part_id': Scheme(shape=(), dtype=torch.int64)}
      edata_schemes={'_ID': Scheme(shape=(), dtype=torch.int64), 'inner_edge': Scheme(shape=(), dtype=torch.int8)}), 1: Graph(num_nodes=10996, num_edges=244360,
      ndata_schemes={'_ID': Scheme(shape=(), dtype=torch.int64), 'inner_node': Scheme(shape=(), dtype=torch.int32), 'part_id': Scheme(shape=(), dtype=torch.int64)}
      edata_schemes={'_ID': Scheme(shape=(), dtype=torch.int64), 'inner_edge': Scheme(shape=(), dtype=torch.int8)}), 2: Graph(num_nodes=9404, num_edges=143355,
      ndata_schemes={'_ID': Scheme(shape=(), dtype=torch.int64), 'inner_node': Scheme(shape=(), dtype=torch.int32), 'part_id': Scheme(shape=(), dtype=torch.int64)}
      edata_schemes={'_ID': Scheme(shape=(), dtype=torch.int64), 'inner_edge': Scheme(shape=(), dtype=torch.int8)}), 3: Graph(num_nodes=10954, num_edges=175447,
      ndata_schemes={'_ID': Scheme(shape=(), dtype=torch.int64), 'inner_node': Scheme(shape=(), dtype=torch.int32), 'part_id': Scheme(shape=(), dtype=torch.int64)}
      edata_schemes={'_ID': Scheme(shape=(), dtype=torch.int64), 'inner_edge': Scheme(shape=(), dtype=torch.int8)})}
MertisPartition: part 0 has 10523 N 182012 E
MertisPartition: part 1 has 10996 N 244360 E
MertisPartition: part 2 has 9404 N 143355 E
MertisPartition: part 3 has 10954 N 175447 E
Rank0: cached key size 186
Rank1: cached key size 186
Rank2: cached key size 186
Rank3: cached key size 186
Before renumbering graph:  {'_ID': tensor([    5,    14,    17,  ..., 11245,  2040,  3009]), 'inner_node': tensor([1, 1, 1,  ..., 0, 0, 0], dtype=torch.int32), 'part_id': tensor([0, 0, 0,  ..., 2, 3, 3])}
After renumbering graph:  {'_ID': tensor([ 899, 1219, 1333,  ..., 1637, 5789, 6643]), 'inner_node': tensor([1, 1, 1,  ..., 0, 0, 0], dtype=torch.int32), 'part_id': tensor([0, 0, 0,  ..., 2, 3, 3])}
part_g: DGLGraph(num_nodes=10523, num_edges=182012,
         ndata_schemes={'_ID': Scheme(shape=(), dtype=torch.int64)}
         edata_schemes={'tid': Scheme(shape=(), dtype=torch.int64)})
part_g: DGLGraph(num_nodes=10523, num_edges=182012,
         ndata_schemes={'_ID': Scheme(shape=(), dtype=torch.int64)}
         edata_schemes={'tid': Scheme(shape=(), dtype=torch.int64)})
Total initialize time 2.182 seconds
[Rank1] pid = 499195
[Rank2] pid = 499259
INFO [498876 distributed_c10d.py:442] Added key: store_based_barrier_key:1 to store for rank: 0
INFO [499326 distributed_c10d.py:442] Added key: store_based_barrier_key:1 to store for rank: 3
INFO [499195 distributed_c10d.py:442] Added key: store_based_barrier_key:1 to store for rank: 1
INFO [498876 distributed_c10d.py:476] Rank 0: Completed store-based barrier for key:store_based_barrier_key:1 with 4 nodes.
INFO [499259 distributed_c10d.py:442] Added key: store_based_barrier_key:1 to store for rank: 2
INFO [499259 distributed_c10d.py:476] Rank 2: Completed store-based barrier for key:store_based_barrier_key:1 with 4 nodes.
W20240128 16:34:13.482848 499327 IPCTensor.h:408] NewIPCGPUTensor: embedding_cache_0 [747, 400]; dev=0; size=1.14 MB
W20240128 16:34:13.483465 499262 IPCTensor.h:408] NewIPCGPUTensor: embedding_cache_2 [747, 400]; dev=2; size=1.14 MB
W20240128 16:34:13.484660 499327 IPCTensor.h:368] NewIPCTensor: input_keys_0 [1000000]0x100014876000 7.629 MB
W20240128 16:34:13.484859 499327 IPCTensor.h:368] NewIPCTensor: input_keys_neg_0 [1000000]0x10001501b000 7.629 MB
W20240128 16:34:13.484941 499262 IPCTensor.h:368] NewIPCTensor: input_keys_2 [1000000]0x1000157be000 7.629 MB
W20240128 16:34:13.484968 499327 IPCTensor.h:368] NewIPCTensor: backward_grads_0 [1000000, 400]0x100015f61000 1.49 GB
W20240128 16:34:13.485029 499327 IPCTensor.h:368] NewIPCTensor: backward_grads_neg_0 [1000000, 400]0x100075544000 1.49 GB
W20240128 16:34:13.485121 499262 IPCTensor.h:368] NewIPCTensor: input_keys_neg_2 [1000000]0x1000d4b27000 7.629 MB
W20240128 16:34:13.485121 499327 IPCTensor.h:408] NewIPCGPUTensor: backward_grads_0_gpu [1000000, 400]; dev=0; size=1.49 GB
W20240128 16:34:13.485196 499262 IPCTensor.h:368] NewIPCTensor: backward_grads_2 [1000000, 400]0x1000d52ca000 1.49 GB
W20240128 16:34:13.485250 499262 IPCTensor.h:368] NewIPCTensor: backward_grads_neg_2 [1000000, 400]0x1001348ad000 1.49 GB
W20240128 16:34:13.485297 499262 IPCTensor.h:408] NewIPCGPUTensor: backward_grads_2_gpu [1000000, 400]; dev=2; size=1.49 GB
INFO [499326 distributed_c10d.py:476] Rank 3: Completed store-based barrier for key:store_based_barrier_key:1 with 4 nodes.
INFO [499195 distributed_c10d.py:476] Rank 1: Completed store-based barrier for key:store_based_barrier_key:1 with 4 nodes.
W20240128 16:34:13.489964 499328 IPCTensor.h:408] NewIPCGPUTensor: embedding_cache_3 [747, 400]; dev=3; size=1.14 MB
W20240128 16:34:13.490409 499196 IPCTensor.h:408] NewIPCGPUTensor: embedding_cache_1 [747, 400]; dev=1; size=1.14 MB
W20240128 16:34:13.492497 499262 IPCTensor.h:408] NewIPCGPUTensor: backward_grads_neg_2_gpu [1000000, 400]; dev=2; size=1.49 GB
W20240128 16:34:13.492506 499327 IPCTensor.h:408] NewIPCGPUTensor: backward_grads_neg_0_gpu [1000000, 400]; dev=0; size=1.49 GB
W20240128 16:34:13.492547 499196 IPCTensor.h:368] NewIPCTensor: input_keys_1 [1000000]0x100193e98000 7.629 MB
W20240128 16:34:13.492661 499196 IPCTensor.h:368] NewIPCTensor: input_keys_neg_1 [1000000]0x100194dde000 7.629 MB
W20240128 16:34:13.492651 499328 IPCTensor.h:368] NewIPCTensor: input_keys_3 [1000000]0x10019463b000 7.629 MB
W20240128 16:34:13.492704 499196 IPCTensor.h:368] NewIPCTensor: backward_grads_1 [1000000, 400]0x100195581000 1.49 GB
W20240128 16:34:13.492743 499196 IPCTensor.h:368] NewIPCTensor: backward_grads_neg_1 [1000000, 400]0x1001f4b64000 1.49 GB
W20240128 16:34:13.492767 499196 IPCTensor.h:408] NewIPCGPUTensor: backward_grads_1_gpu [1000000, 400]; dev=1; size=1.49 GB
W20240128 16:34:13.492851 499328 IPCTensor.h:368] NewIPCTensor: input_keys_neg_3 [1000000]0x100254147000 7.629 MB
W20240128 16:34:13.492918 499328 IPCTensor.h:368] NewIPCTensor: backward_grads_3 [1000000, 400]0x1002548ea000 1.49 GB
W20240128 16:34:13.492992 499328 IPCTensor.h:368] NewIPCTensor: backward_grads_neg_3 [1000000, 400]0x1002b3ecd000 1.49 GB
W20240128 16:34:13.493043 499328 IPCTensor.h:408] NewIPCGPUTensor: backward_grads_3_gpu [1000000, 400]; dev=3; size=1.49 GB
W20240128 16:34:13.505003 499196 IPCTensor.h:408] NewIPCGPUTensor: backward_grads_neg_1_gpu [1000000, 400]; dev=1; size=1.49 GB
W20240128 16:34:13.505070 499328 IPCTensor.h:408] NewIPCGPUTensor: backward_grads_neg_3_gpu [1000000, 400]; dev=3; size=1.49 GB
cudaHostRegister 0x100013192000
2: KnownLocalCachedEmbedding init done
WARNING [499259 DistTensor.py:56] The tensor name already exists in the kvstore
cudaHostRegister 0x100013192000
3: KnownLocalCachedEmbedding init done
WARNING [499326 DistTensor.py:56] The tensor name already exists in the kvstore
cudaHostRegister 0x100013192000
1: KnownLocalCachedEmbedding init done
WARNING [499195 DistTensor.py:56] The tensor name already exists in the kvstore
[Rank3] pid = 499326
New CachedEmbedding, name=full_emb, shape=(14951, 400), cache_type=KnownLocalCachedEmbedding
fixed cache_range is [(0, 747), (747, 1494), (1494, 2241), (2241, 2988)]
cudaHostRegister 0x100013192000
0: KnownLocalCachedEmbedding init done
WARNING [498876 DistTensor.py:56] The tensor name already exists in the kvstore
I20240128 16:34:14.509912 499327 IPC_barrier.h:118] CreateBarrier: new barrier, name: kgcachecontroller, count: 4
I20240128 16:34:14.510141 499262 IPC_barrier.h:112] CreateBarrier: find existing barrier, name: kgcachecontroller, count: 4
I20240128 16:34:14.510185 499328 IPC_barrier.h:112] CreateBarrier: find existing barrier, name: kgcachecontroller, count: 4
I20240128 16:34:14.510216 499196 IPC_barrier.h:112] CreateBarrier: find existing barrier, name: kgcachecontroller, count: 4
W20240128 16:34:14.511397 499327 grad_base.h:55] KGCacheController, config={
        "num_gpus": 4,
        "L": 10,
        "backgrad_init": "both", 
        "kForwardItersPerStep": 2,
        "clr": 1,
        "nr_background_threads": 32,
        "backwardMode": "CppAsyncV2",
        "cache_ratio": 0.05,
        "update_cache_use_omp":  0,
        "update_pq_use_omp":  0
        }
W20240128 16:34:14.511504 499327 grad_base.h:184] Init GradProcessingBase done
I20240128 16:34:14.515780 499327 grad_async_v2.h:32] Use background thread to update emb. nr_background_threads=32
W20240128 16:34:14.515879 499327 kg_controller.h:78] after init GradAsyncProcessingV2
I20240128 16:34:14.515884 499327 kg_controller.h:84] Construct KGCacheController done
E20240128 16:34:15.858912 499328 recstore.cc:66] init folly done
E20240128 16:34:15.858989 499262 recstore.cc:66] init folly done
E20240128 16:34:15.859050 499196 recstore.cc:66] init folly done
E20240128 16:34:15.859056 499327 recstore.cc:66] init folly done
I20240128 16:34:15.860504 499327 grad_base.h:60] GraphEnv RegTensorsPerProcess
W20240128 16:34:16.557898 499888 grad_async_v2.h:121] Detect new sample comes, old_end0, new_end1
E20240128 16:34:16.558187 499888 parallel_pq_v2.h:76] insert failed, size(hashtable)=1
I20240128 16:34:16.601815 499327 IPC_barrier.h:118] CreateBarrier: new barrier, name: start_barrier, count: 4
I20240128 16:34:16.602787 499262 IPC_barrier.h:112] CreateBarrier: find existing barrier, name: start_barrier, count: 4
I20240128 16:34:16.630333 499328 IPC_barrier.h:112] CreateBarrier: find existing barrier, name: start_barrier, count: 4
I20240128 16:34:16.634464 499196 IPC_barrier.h:112] CreateBarrier: find existing barrier, name: start_barrier, count: 4
E20240128 16:34:18.740190 499512 parallel_pq_v2.h:76] insert failed, size(hashtable)=0
W20240128 16:34:18.760762 499327 grad_async_v2.h:250] Sleep in <BlockToStepN>, step_no=1, pq.top=0
W20240128 16:34:18.765369 499888 grad_async_v2.h:121] Detect new sample comes, old_end1, new_end2
+---------------------------+---------------------------+---------------------------+
| Name                      | P50                       | P99                       |
+---------------------------+---------------------------+---------------------------+
| GenInput                  | 1.277 ms                  | 24.216 ms                 |
| Forward                   | 4.203 ms                  | 775.484 ms                |
| Backward                  | 3.474 ms                  | 234.099 ms                |
| Optimize                  | 2.018 ms                  | 50.356 ms                 |
| BarrierTimeBeforeRank0    | 36.365 us                 | 1.828 ms                  |
| AfterBackward             | 28.597 ms                 | 1.064 s                   |
| BlockToStepN              | 1.307 ms                  | 32.602 ms                 |
| OneStep                   | 42.396 ms                 | 2.130 s                   |
+---------------------------+---------------------------+---------------------------+
E20240128 16:34:19.740011 499327 parallel_pq_v2.h:76] insert failed, size(hashtable)=54
W20240128 16:34:19.762306 499327 grad_async_v2.h:250] Sleep in <BlockToStepN>, step_no=21, pq.top=21
W20240128 16:34:19.769961 499888 grad_async_v2.h:121] Detect new sample comes, old_end0, new_end1
E20240128 16:34:20.740042 499887 parallel_pq_v2.h:76] insert failed, size(hashtable)=3981
W20240128 16:34:20.780157 499888 grad_async_v2.h:121] Detect new sample comes, old_end9, new_end0
W20240128 16:34:20.794714 499327 grad_async_v2.h:250] Sleep in <BlockToStepN>, step_no=40, pq.top=40
+---------------------------+---------------------------+---------------------------+
| Name                      | P50                       | P99                       |
+---------------------------+---------------------------+---------------------------+
| ProcessBack:Shuffle       | 2.411 ms                  | 120.250 ms                |
| ProcessBack:UpdateCache   | 2.376 ms                  | 198.502 ms                |
| ProcessBack:UpsertPq      | 20.279 ms                 | 26.517 ms                 |
| ProcessOneStep            | 27.512 ms                 | 1.064 s                   |
| BlockToStepN              | 8.284 ms                  | 32.530 ms                 |
+---------------------------+---------------------------+---------------------------+
E20240128 16:34:21.740034 499887 parallel_pq_v2.h:76] insert failed, size(hashtable)=2813
W20240128 16:34:21.794051 499327 grad_async_v2.h:250] Sleep in <BlockToStepN>, step_no=57, pq.top=57
W20240128 16:34:21.805959 499888 grad_async_v2.h:121] Detect new sample comes, old_end7, new_end8
E20240128 16:34:22.740016 499887 parallel_pq_v2.h:76] insert failed, size(hashtable)=2506
W20240128 16:34:22.794044 499327 grad_async_v2.h:250] Sleep in <BlockToStepN>, step_no=75, pq.top=75
W20240128 16:34:22.813494 499888 grad_async_v2.h:121] Detect new sample comes, old_end5, new_end6
E20240128 16:34:23.740113 499888 parallel_pq_v2.h:76] insert failed, size(hashtable)=449
W20240128 16:34:23.794097 499327 grad_async_v2.h:250] Sleep in <BlockToStepN>, step_no=94, pq.top=94
W20240128 16:34:23.820338 499888 grad_async_v2.h:121] Detect new sample comes, old_end4, new_end5
train_sampler.Prefill()
before start barrier
start train
[proc 3] 100 steps, total: 7.542, sample: 0.323, forward: 1.142, backward: 0.603, update: 0.229
train_sampler.Prefill()
before start barrier
start train
[proc 2] 100 steps, total: 7.570, sample: 0.245, forward: 0.976, backward: 0.588, update: 0.227
train_sampler.Prefill()
before start barrier
start train
[proc 1] 100 steps, total: 7.538, sample: 0.287, forward: 1.037, backward: 0.600, update: 0.198
train_sampler.Prefill()
-------Step 0-------
tensor([10561,  4071,  9847,  7198,  7992,  5380,   678,  4292, 11932,  9588]) tensor([ 1333,  7673,  9925,  3584,  7358,  9954, 12992, 10405,  7222,  7426])
-------Step 1-------
tensor([10561,  4071,  9847,  7198,  7992,  5380,   678,  4292, 11932,  9588]) tensor([ 2046,   416,  5262,  4113, 13994,   116, 13450,  4956,  5408,  7244])
-------Step 2-------
tensor([   73, 14908, 10558, 10309,  4830,  6001, 14387,  6534,  3560,  1397]) tensor([14384,  4939, 10697, 10312,  3472,  9436,  5626,   402,  9564, 13134])
-------Step 3-------
tensor([   73, 14908, 10558, 10309,  4830,  6001, 14387,  6534,  3560,  1397]) tensor([ 8425, 13135,  6124,  7085,  3878,  6173, 13338,  6673,  6072, 12879])
-------Step 4-------
tensor([ 9705,  9867, 13827,  9382,  4520,  6555,  1025,  5292,  4416, 14801]) tensor([  395, 10857, 14421,  1013, 10297,  9945,  1610,  9452,  7088,  8427])
-------Step 5-------
tensor([ 9705,  9867, 13827,  9382,  4520,  6555,  1025,  5292,  4416, 14801]) tensor([ 3848, 11205,  3753,  9367,  6626,  9499,  3499,   866, 14770,  1394])
-------Step 6-------
tensor([ 4932, 10152, 12905, 10301,  3215, 12478,  7645,  9699,  4893,  8818]) tensor([12367, 11229, 13176,   517, 12326,  9612,  7707,  1798,  6608,  9648])
-------Step 7-------
tensor([ 4932, 10152, 12905, 10301,  3215, 12478,  7645,  9699,  4893,  8818]) tensor([ 5858,  5601,  8959, 12717,  6419,  7666,  6432, 12393, 13188,  6297])
-------Step 8-------
tensor([  362, 12679,  5177,  6103,  1872,  7503,  3144,  2499,   197,  6749]) tensor([ 7078, 13154, 11959, 14514,  6823,  8460,  5815,  1518,  1987,  8333])
-------Step 9-------
tensor([  362, 12679,  5177,  6103,  1872,  7503,  3144,  2499,   197,  6749]) tensor([ 1846, 12772,  3172, 13016,  1996,   273,  2868,  1019, 14618, 13281])
before start barrier
start train
[proc 0] 100 steps, total: 7.571, sample: 0.387, forward: 1.204, backward: 0.554, update: 0.245
+---------------------------+---------------------------+---------------------------+
| Name                      | P50                       | P99                       |
+---------------------------+---------------------------+---------------------------+
| GenInput                  | 1.224 ms                  | 23.685 ms                 |
| Forward                   | 4.138 ms                  | 9.013 ms                  |
| Backward                  | 3.205 ms                  | 6.615 ms                  |
| Optimize                  | 1.805 ms                  | 4.147 ms                  |
| BarrierTimeBeforeRank0    | 178.350 us                | 6.393 ms                  |
| AfterBackward             | 20.920 ms                 | 32.851 ms                 |
| BlockToStepN              | 17.869 ms                 | 38.825 ms                 |
| OneStep                   | 55.244 ms                 | 83.437 ms                 |
+---------------------------+---------------------------+---------------------------+
E20240128 16:34:24.740015 499887 parallel_pq_v2.h:76] insert failed, size(hashtable)=3805
W20240128 16:34:24.820586 499888 grad_async_v2.h:121] Detect new sample comes, old_end0, new_end1
W20240128 16:34:24.823966 499327 grad_async_v2.h:250] Sleep in <BlockToStepN>, step_no=111, pq.top=111
E20240128 16:34:25.740008 499327 parallel_pq_v2.h:76] insert failed, size(hashtable)=749
W20240128 16:34:25.823782 499888 grad_async_v2.h:121] Detect new sample comes, old_end3, new_end4
W20240128 16:34:25.828604 499327 grad_async_v2.h:250] Sleep in <BlockToStepN>, step_no=124, pq.top=124
+---------------------------+---------------------------+---------------------------+
| Name                      | P50                       | P99                       |
+---------------------------+---------------------------+---------------------------+
| ProcessBack:Shuffle       | 2.305 ms                  | 2.686 ms                  |
| ProcessBack:UpdateCache   | 1.946 ms                  | 2.736 ms                  |
| ProcessBack:UpsertPq      | 15.482 ms                 | 26.245 ms                 |
| ProcessOneStep            | 20.331 ms                 | 32.815 ms                 |
| BlockToStepN              | 19.517 ms                 | 56.963 ms                 |
+---------------------------+---------------------------+---------------------------+
E20240128 16:34:26.740016 499887 parallel_pq_v2.h:76] insert failed, size(hashtable)=4674
W20240128 16:34:26.828125 499888 grad_async_v2.h:121] Detect new sample comes, old_end7, new_end8
W20240128 16:34:26.859807 499327 grad_async_v2.h:250] Sleep in <BlockToStepN>, step_no=138, pq.top=138
E20240128 16:34:27.740012 499327 parallel_pq_v2.h:76] insert failed, size(hashtable)=1134
W20240128 16:34:27.853629 499888 grad_async_v2.h:121] Detect new sample comes, old_end1, new_end2
W20240128 16:34:27.898741 499327 grad_async_v2.h:250] Sleep in <BlockToStepN>, step_no=152, pq.top=152
E20240128 16:34:28.740024 499887 parallel_pq_v2.h:76] insert failed, size(hashtable)=2487
W20240128 16:34:28.898241 499327 grad_async_v2.h:250] Sleep in <BlockToStepN>, step_no=165, pq.top=165
W20240128 16:34:28.900621 499888 grad_async_v2.h:121] Detect new sample comes, old_end5, new_end6
+---------------------------+---------------------------+---------------------------+
| Name                      | P50                       | P99                       |
+---------------------------+---------------------------+---------------------------+
| GenInput                  | 1.224 ms                  | 24.216 ms                 |
| Forward                   | 4.119 ms                  | 8.198 ms                  |
| Backward                  | 3.206 ms                  | 6.534 ms                  |
| Optimize                  | 1.796 ms                  | 4.161 ms                  |
| BarrierTimeBeforeRank0    | 230.855 us                | 19.145 ms                 |
| AfterBackward             | 19.385 ms                 | 31.674 ms                 |
| BlockToStepN              | 24.165 ms                 | 66.129 ms                 |
| OneStep                   | 60.541 ms                 | 99.613 ms                 |
+---------------------------+---------------------------+---------------------------+
E20240128 16:34:29.740020 499887 parallel_pq_v2.h:76] insert failed, size(hashtable)=2111
W20240128 16:34:29.898023 499327 grad_async_v2.h:250] Sleep in <BlockToStepN>, step_no=180, pq.top=180
W20240128 16:34:29.918853 499888 grad_async_v2.h:121] Detect new sample comes, old_end0, new_end1
E20240128 16:34:30.740013 499887 parallel_pq_v2.h:76] insert failed, size(hashtable)=6268
+---------------------------+---------------------------+---------------------------+
| Name                      | P50                       | P99                       |
+---------------------------+---------------------------+---------------------------+
| ProcessBack:Shuffle       | 2.350 ms                  | 2.912 ms                  |
| ProcessBack:UpdateCache   | 1.859 ms                  | 2.693 ms                  |
| ProcessBack:UpsertPq      | 14.488 ms                 | 25.873 ms                 |
| ProcessOneStep            | 19.151 ms                 | 31.647 ms                 |
| BlockToStepN              | 24.580 ms                 | 66.078 ms                 |
+---------------------------+---------------------------+---------------------------+
W20240128 16:34:30.898241 499327 grad_async_v2.h:250] Sleep in <BlockToStepN>, step_no=194, pq.top=194
W20240128 16:34:30.922598 499888 grad_async_v2.h:121] Detect new sample comes, old_end4, new_end5
[proc 0] 200 steps, total: 7.132, sample: 0.410, forward: 0.415, backward: 0.370, update: 0.208
[proc 1] 200 steps, total: 7.132, sample: 0.357, forward: 0.399, backward: 0.347, update: 0.174
[proc 2] 200 steps, total: 7.132, sample: 0.312, forward: 0.372, backward: 0.317, update: 0.165
[proc 3] 200 steps, total: 7.132, sample: 0.299, forward: 0.381, backward: 0.327, update: 0.168
E20240128 16:34:31.742964 499887 parallel_pq_v2.h:76] insert failed, size(hashtable)=2091
W20240128 16:34:31.898232 499327 grad_async_v2.h:250] Sleep in <BlockToStepN>, step_no=207, pq.top=207
W20240128 16:34:31.960763 499888 grad_async_v2.h:121] Detect new sample comes, old_end7, new_end8
E20240128 16:34:32.743588 499887 parallel_pq_v2.h:76] insert failed, size(hashtable)=1337
W20240128 16:34:32.904340 499327 grad_async_v2.h:250] Sleep in <BlockToStepN>, step_no=222, pq.top=222
W20240128 16:34:32.961148 499888 grad_async_v2.h:121] Detect new sample comes, old_end2, new_end3
E20240128 16:34:33.743010 499888 parallel_pq_v2.h:76] insert failed, size(hashtable)=56
W20240128 16:34:33.939880 499327 grad_async_v2.h:250] Sleep in <BlockToStepN>, step_no=242, pq.top=242
W20240128 16:34:33.961745 499888 grad_async_v2.h:121] Detect new sample comes, old_end2, new_end3
+---------------------------+---------------------------+---------------------------+
| Name                      | P50                       | P99                       |
+---------------------------+---------------------------+---------------------------+
| GenInput                  | 1.209 ms                  | 24.568 ms                 |
| Forward                   | 4.090 ms                  | 6.915 ms                  |
| Backward                  | 3.265 ms                  | 6.534 ms                  |
| Optimize                  | 1.770 ms                  | 4.147 ms                  |
| BarrierTimeBeforeRank0    | 178.350 us                | 20.917 ms                 |
| AfterBackward             | 18.567 ms                 | 31.048 ms                 |
| BlockToStepN              | 23.748 ms                 | 69.794 ms                 |
| OneStep                   | 60.174 ms                 | 110.688 ms                |
+---------------------------+---------------------------+---------------------------+
E20240128 16:34:34.743018 499887 parallel_pq_v2.h:76] insert failed, size(hashtable)=4051
W20240128 16:34:34.952839 499327 grad_async_v2.h:250] Sleep in <BlockToStepN>, step_no=260, pq.top=260
W20240128 16:34:34.964871 499888 grad_async_v2.h:121] Detect new sample comes, old_end0, new_end1
E20240128 16:34:35.743010 499887 parallel_pq_v2.h:76] insert failed, size(hashtable)=2704
+---------------------------+---------------------------+---------------------------+
| Name                      | P50                       | P99                       |
+---------------------------+---------------------------+---------------------------+
| ProcessBack:Shuffle       | 2.359 ms                  | 3.336 ms                  |
| ProcessBack:UpdateCache   | 1.853 ms                  | 2.691 ms                  |
| ProcessBack:UpsertPq      | 14.051 ms                 | 25.232 ms                 |
| ProcessOneStep            | 18.784 ms                 | 31.027 ms                 |
| BlockToStepN              | 23.426 ms                 | 69.732 ms                 |
+---------------------------+---------------------------+---------------------------+
W20240128 16:34:35.973835 499888 grad_async_v2.h:121] Detect new sample comes, old_end6, new_end7
W20240128 16:34:35.977299 499327 grad_async_v2.h:250] Sleep in <BlockToStepN>, step_no=277, pq.top=277
E20240128 16:34:36.743017 499887 parallel_pq_v2.h:76] insert failed, size(hashtable)=3711
W20240128 16:34:36.975178 499888 grad_async_v2.h:121] Detect new sample comes, old_end1, new_end2
W20240128 16:34:37.016038 499327 grad_async_v2.h:250] Sleep in <BlockToStepN>, step_no=292, pq.top=292
[proc 0] 300 steps, total: 6.277, sample: 0.424, forward: 0.401, backward: 0.360, update: 0.163
[proc 2] 300 steps, total: 6.277, sample: 0.353, forward: 0.389, backward: 0.337, update: 0.165
[proc 3] 300 steps, total: 6.277, sample: 0.310, forward: 0.367, backward: 0.323, update: 0.195
[proc 1] 300 steps, total: 6.278, sample: 0.336, forward: 0.407, backward: 0.302, update: 0.188
E20240128 16:34:37.743255 499887 parallel_pq_v2.h:76] insert failed, size(hashtable)=2937
W20240128 16:34:37.977185 499888 grad_async_v2.h:121] Detect new sample comes, old_end5, new_end6
W20240128 16:34:38.016139 499327 grad_async_v2.h:250] Sleep in <BlockToStepN>, step_no=306, pq.top=306
E20240128 16:34:38.743017 499887 parallel_pq_v2.h:76] insert failed, size(hashtable)=4787
W20240128 16:34:39.010659 499888 grad_async_v2.h:121] Detect new sample comes, old_end9, new_end0
W20240128 16:34:39.042053 499327 grad_async_v2.h:250] Sleep in <BlockToStepN>, step_no=320, pq.top=320
+---------------------------+---------------------------+---------------------------+
| Name                      | P50                       | P99                       |
+---------------------------+---------------------------+---------------------------+
| GenInput                  | 1.215 ms                  | 25.908 ms                 |
| Forward                   | 4.097 ms                  | 6.915 ms                  |
| Backward                  | 3.280 ms                  | 6.534 ms                  |
| Optimize                  | 1.712 ms                  | 4.147 ms                  |
| BarrierTimeBeforeRank0    | 300.755 us                | 21.346 ms                 |
| AfterBackward             | 19.260 ms                 | 31.048 ms                 |
| BlockToStepN              | 24.584 ms                 | 69.794 ms                 |
| OneStep                   | 63.098 ms                 | 110.688 ms                |
+---------------------------+---------------------------+---------------------------+
E20240128 16:34:39.743014 499887 parallel_pq_v2.h:76] insert failed, size(hashtable)=3763
W20240128 16:34:40.033735 499888 grad_async_v2.h:121] Detect new sample comes, old_end3, new_end4
W20240128 16:34:40.065964 499327 grad_async_v2.h:250] Sleep in <BlockToStepN>, step_no=334, pq.top=334
E20240128 16:34:40.745589 499887 parallel_pq_v2.h:76] insert failed, size(hashtable)=2280
+---------------------------+---------------------------+---------------------------+
| Name                      | P50                       | P99                       |
+---------------------------+---------------------------+---------------------------+
| ProcessBack:Shuffle       | 2.355 ms                  | 2.954 ms                  |
| ProcessBack:UpdateCache   | 1.888 ms                  | 2.661 ms                  |
| ProcessBack:UpsertPq      | 14.546 ms                 | 25.135 ms                 |
| ProcessOneStep            | 19.307 ms                 | 31.027 ms                 |
| BlockToStepN              | 24.723 ms                 | 69.823 ms                 |
+---------------------------+---------------------------+---------------------------+
W20240128 16:34:41.065436 499327 grad_async_v2.h:250] Sleep in <BlockToStepN>, step_no=346, pq.top=346
W20240128 16:34:41.069381 499888 grad_async_v2.h:121] Detect new sample comes, old_end6, new_end7
E20240128 16:34:41.745011 499887 parallel_pq_v2.h:76] insert failed, size(hashtable)=4643
W20240128 16:34:42.072930 499888 grad_async_v2.h:121] Detect new sample comes, old_end8, new_end9
W20240128 16:34:42.077150 499327 grad_async_v2.h:250] Sleep in <BlockToStepN>, step_no=359, pq.top=359
E20240128 16:34:42.745034 499887 parallel_pq_v2.h:76] insert failed, size(hashtable)=1226
W20240128 16:34:43.077028 499327 grad_async_v2.h:250] Sleep in <BlockToStepN>, step_no=370, pq.top=370
W20240128 16:34:43.098500 499888 grad_async_v2.h:121] Detect new sample comes, old_end0, new_end1
E20240128 16:34:43.745012 499887 parallel_pq_v2.h:76] insert failed, size(hashtable)=3178
W20240128 16:34:44.077215 499327 grad_async_v2.h:250] Sleep in <BlockToStepN>, step_no=382, pq.top=382
W20240128 16:34:44.104686 499888 grad_async_v2.h:121] Detect new sample comes, old_end2, new_end3
+---------------------------+---------------------------+---------------------------+
| Name                      | P50                       | P99                       |
+---------------------------+---------------------------+---------------------------+
| GenInput                  | 1.242 ms                  | 25.917 ms                 |
| Forward                   | 4.107 ms                  | 6.899 ms                  |
| Backward                  | 3.304 ms                  | 6.523 ms                  |
| Optimize                  | 1.695 ms                  | 4.081 ms                  |
| BarrierTimeBeforeRank0    | 300.755 us                | 22.140 ms                 |
| AfterBackward             | 19.260 ms                 | 30.917 ms                 |
| BlockToStepN              | 26.682 ms                 | 72.549 ms                 |
| OneStep                   | 66.057 ms                 | 110.688 ms                |
+---------------------------+---------------------------+---------------------------+
E20240128 16:34:44.745012 499512 parallel_pq_v2.h:76] insert failed, size(hashtable)=2027
W20240128 16:34:45.077165 499327 grad_async_v2.h:250] Sleep in <BlockToStepN>, step_no=394, pq.top=394
W20240128 16:34:45.118938 499888 grad_async_v2.h:121] Detect new sample comes, old_end4, new_end5
[proc 2] 400 steps, total: 8.029, sample: 0.352, forward: 0.399, backward: 0.312, update: 0.171
[proc 0] 400 steps, total: 8.029, sample: 0.422, forward: 0.426, backward: 0.330, update: 0.185
[proc 3] 400 steps, total: 8.029, sample: 0.332, forward: 0.406, backward: 0.315, update: 0.186
[proc 1] 400 steps, total: 8.029, sample: 0.373, forward: 0.421, backward: 0.311, update: 0.190
E20240128 16:34:45.745316 499887 parallel_pq_v2.h:76] insert failed, size(hashtable)=2133
+---------------------------+---------------------------+---------------------------+
| Name                      | P50                       | P99                       |
+---------------------------+---------------------------+---------------------------+
| ProcessBack:Shuffle       | 2.345 ms                  | 2.954 ms                  |
| ProcessBack:UpdateCache   | 1.867 ms                  | 2.657 ms                  |
| ProcessBack:UpsertPq      | 14.452 ms                 | 25.006 ms                 |
| ProcessOneStep            | 19.148 ms                 | 30.894 ms                 |
| BlockToStepN              | 27.796 ms                 | 79.349 ms                 |
+---------------------------+---------------------------+---------------------------+
W20240128 16:34:46.077157 499327 grad_async_v2.h:250] Sleep in <BlockToStepN>, step_no=406, pq.top=406
W20240128 16:34:46.124032 499888 grad_async_v2.h:121] Detect new sample comes, old_end6, new_end7
E20240128 16:34:46.745016 499887 parallel_pq_v2.h:76] insert failed, size(hashtable)=4000
W20240128 16:34:47.077337 499327 grad_async_v2.h:250] Sleep in <BlockToStepN>, step_no=417, pq.top=417
W20240128 16:34:47.130473 499888 grad_async_v2.h:121] Detect new sample comes, old_end7, new_end8
E20240128 16:34:47.745143 499887 parallel_pq_v2.h:76] insert failed, size(hashtable)=2638
W20240128 16:34:48.077118 499327 grad_async_v2.h:250] Sleep in <BlockToStepN>, step_no=428, pq.top=428
W20240128 16:34:48.136334 499888 grad_async_v2.h:121] Detect new sample comes, old_end8, new_end9
E20240128 16:34:48.745046 499887 parallel_pq_v2.h:76] insert failed, size(hashtable)=1884
W20240128 16:34:49.077245 499327 grad_async_v2.h:250] Sleep in <BlockToStepN>, step_no=439, pq.top=439
W20240128 16:34:49.137919 499888 grad_async_v2.h:121] Detect new sample comes, old_end9, new_end0
+---------------------------+---------------------------+---------------------------+
| Name                      | P50                       | P99                       |
+---------------------------+---------------------------+---------------------------+
| GenInput                  | 1.256 ms                  | 27.151 ms                 |
| Forward                   | 4.119 ms                  | 6.899 ms                  |
| Backward                  | 3.308 ms                  | 6.523 ms                  |
| Optimize                  | 1.691 ms                  | 4.161 ms                  |
| BarrierTimeBeforeRank0    | 201.423 us                | 22.140 ms                 |
| AfterBackward             | 19.070 ms                 | 30.917 ms                 |
| BlockToStepN              | 29.529 ms                 | 80.711 ms                 |
| OneStep                   | 68.497 ms                 | 113.123 ms                |
+---------------------------+---------------------------+---------------------------+
E20240128 16:34:49.745008 499887 parallel_pq_v2.h:76] insert failed, size(hashtable)=1589
W20240128 16:34:50.077664 499327 grad_async_v2.h:250] Sleep in <BlockToStepN>, step_no=451, pq.top=451
W20240128 16:34:50.139495 499888 grad_async_v2.h:121] Detect new sample comes, old_end1, new_end2
E20240128 16:34:50.745008 499512 parallel_pq_v2.h:76] insert failed, size(hashtable)=2354
+---------------------------+---------------------------+---------------------------+
| Name                      | P50                       | P99                       |
+---------------------------+---------------------------+---------------------------+
| ProcessBack:Shuffle       | 2.338 ms                  | 2.914 ms                  |
| ProcessBack:UpdateCache   | 1.859 ms                  | 2.655 ms                  |
| ProcessBack:UpsertPq      | 14.411 ms                 | 24.819 ms                 |
| ProcessOneStep            | 19.069 ms                 | 30.774 ms                 |
| BlockToStepN              | 29.968 ms                 | 80.586 ms                 |
+---------------------------+---------------------------+---------------------------+
W20240128 16:34:51.123545 499327 grad_async_v2.h:250] Sleep in <BlockToStepN>, step_no=463, pq.top=463
W20240128 16:34:51.147389 499888 grad_async_v2.h:121] Detect new sample comes, old_end3, new_end4
E20240128 16:34:51.745009 499887 parallel_pq_v2.h:76] insert failed, size(hashtable)=4354
W20240128 16:34:52.123682 499327 grad_async_v2.h:250] Sleep in <BlockToStepN>, step_no=474, pq.top=474
W20240128 16:34:52.150451 499888 grad_async_v2.h:121] Detect new sample comes, old_end4, new_end5
E20240128 16:34:52.745010 499887 parallel_pq_v2.h:76] insert failed, size(hashtable)=4194
W20240128 16:34:53.123260 499327 grad_async_v2.h:250] Sleep in <BlockToStepN>, step_no=486, pq.top=486
W20240128 16:34:53.153019 499888 grad_async_v2.h:121] Detect new sample comes, old_end6, new_end7
E20240128 16:34:53.745008 499327 parallel_pq_v2.h:76] insert failed, size(hashtable)=509
W20240128 16:34:54.123823 499327 grad_async_v2.h:250] Sleep in <BlockToStepN>, step_no=498, pq.top=498
W20240128 16:34:54.176766 499888 grad_async_v2.h:121] Detect new sample comes, old_end8, new_end9
[proc 3] 500 steps, total: 8.739, sample: 0.339, forward: 0.400, backward: 0.319, update: 0.180
[proc 1] 500 steps, total: 8.739, sample: 0.317, forward: 0.405, backward: 0.312, update: 0.156
[proc 0] 500 steps, total: 8.739, sample: 0.435, forward: 0.401, backward: 0.326, update: 0.167
[proc 2] 500 steps, total: 8.739, sample: 0.364, forward: 0.415, backward: 0.319, update: 0.185
Successfully xmh. training takes 37.74808073043823 seconds
before call kg_cache_controller.StopThreads()
W20240128 16:34:54.349903 499327 grad_async_v2.h:71] call StopThreads. PID = 498876
W20240128 16:34:54.349938 499327 grad_base.h:212] before processOneStepNegThread_.join();
W20240128 16:34:54.350122 499327 grad_base.h:214] after processOneStepNegThread_.join();
W20240128 16:34:54.350128 499327 grad_async_v2.h:73] call GradProcessingBase::StopThreads.
[W tensorpipe_agent.cpp:725] RPC agent for worker0 encountered error when reading incoming request from worker1: eof (this error originated at tensorpipe/transport/shm/connection_impl.cc:259)
[W tensorpipe_agent.cpp:725] RPC agent for worker0 encountered error when reading incoming request from worker2: eof (this error originated at tensorpipe/transport/shm/connection_impl.cc:259)
W20240128 16:34:54.359359 499327 grad_async_v2.h:92] StopThreads done.
[W tensorpipe_agent.cpp:725] RPC agent for worker0 encountered error when reading incoming request from worker3: eof (this error originated at tensorpipe/transport/shm/connection_impl.cc:259)
+---------------------------+---------------------------+---------------------------+
| Name                      | P50                       | P99                       |
+---------------------------+---------------------------+---------------------------+
| GenInput                  | 1.262 ms                  | 27.151 ms                 |
| Forward                   | 4.114 ms                  | 6.093 ms                  |
| Backward                  | 3.312 ms                  | 6.455 ms                  |
| Optimize                  | 1.673 ms                  | 4.147 ms                  |
| BarrierTimeBeforeRank0    | 324.149 us                | 22.291 ms                 |
| AfterBackward             | 18.997 ms                 | 30.794 ms                 |
| BlockToStepN              | 30.887 ms                 | 81.614 ms                 |
| OneStep                   | 70.241 ms                 | 114.596 ms                |
+---------------------------+---------------------------+---------------------------+
On rank0, prepare to call self.controller.StopThreads(), self=<python.controller_process.KGCacheControllerWrapper object at 0x7f630727e1d0>
+---------------------------+---------------------------+---------------------------+
| Name                      | P50                       | P99                       |
+---------------------------+---------------------------+---------------------------+
| ProcessBack:Shuffle       | 2.332 ms                  | 2.914 ms                  |
| ProcessBack:UpdateCache   | 1.842 ms                  | 2.648 ms                  |
| ProcessBack:UpsertPq      | 14.363 ms                 | 24.539 ms                 |
| ProcessOneStep            | 18.973 ms                 | 30.774 ms                 |
| BlockToStepN              | 30.821 ms                 | 81.530 ms                 |
+---------------------------+---------------------------+---------------------------+
