WARNING: Logging before InitGoogleLogging() is written to STDERR
I20240211 03:36:02.398298 60701 IPC_barrier.h:128] MultiProcessBarrierFactory->ClearIPCMemory()
W20240211 03:36:02.406899 60701 IPCTensor.h:369] NewIPCTensor: full_emb [33762578, 32]0x100000002000 4.025 GB
/data/home/xieminhui/RecStore/src/framework_adapters/torch/python/perf_rec_model.py:152: DeprecationWarning: The 'warn' function is deprecated, use 'warning' instead
  XLOG.warn("After init DistEmbedding")
WARNING [60701 perf_rec_model.py:152] After init DistEmbedding
========== Running Perf with routine <function routine_local_cache_helper at 0x7f574a8658a0>==========
Worker 1 pid=64032
Worker 2 pid=64033
Worker 3 pid=64034
Worker 4 pid=64035
Worker 5 pid=64036
Worker 6 pid=64037
INFO [60701 distributed_c10d.py:442] Added key: store_based_barrier_key:1 to store for rank: 0
INFO [64032 distributed_c10d.py:442] Added key: store_based_barrier_key:1 to store for rank: 1
INFO [64033 distributed_c10d.py:442] Added key: store_based_barrier_key:1 to store for rank: 2
INFO [64034 distributed_c10d.py:442] Added key: store_based_barrier_key:1 to store for rank: 3
INFO [64036 distributed_c10d.py:442] Added key: store_based_barrier_key:1 to store for rank: 5
INFO [64035 distributed_c10d.py:442] Added key: store_based_barrier_key:1 to store for rank: 4
INFO [64037 distributed_c10d.py:442] Added key: store_based_barrier_key:1 to store for rank: 6
INFO [64038 distributed_c10d.py:442] Added key: store_based_barrier_key:1 to store for rank: 7
INFO [64033 distributed_c10d.py:476] Rank 2: Completed store-based barrier for key:store_based_barrier_key:1 with 8 nodes.
INFO [64034 distributed_c10d.py:476] Rank 3: Completed store-based barrier for key:store_based_barrier_key:1 with 8 nodes.
INFO [64037 distributed_c10d.py:476] Rank 6: Completed store-based barrier for key:store_based_barrier_key:1 with 8 nodes.
INFO [64038 distributed_c10d.py:476] Rank 7: Completed store-based barrier for key:store_based_barrier_key:1 with 8 nodes.
INFO [64036 distributed_c10d.py:476] Rank 5: Completed store-based barrier for key:store_based_barrier_key:1 with 8 nodes.
E20240211 03:36:20.748512 64034 IPCTensor.h:348] IPCTensor full_emb already exists
E20240211 03:36:20.748517 64033 IPCTensor.h:348] IPCTensor full_emb already exists
E20240211 03:36:20.748512 64037 IPCTensor.h:348] IPCTensor full_emb already exists
E20240211 03:36:20.748524 64038 IPCTensor.h:348] IPCTensor full_emb already exists
INFO [64035 distributed_c10d.py:476] Rank 4: Completed store-based barrier for key:store_based_barrier_key:1 with 8 nodes.
E20240211 03:36:20.748679 64036 IPCTensor.h:348] IPCTensor full_emb already exists
E20240211 03:36:20.749467 64035 IPCTensor.h:348] IPCTensor full_emb already exists
INFO [60701 distributed_c10d.py:476] Rank 0: Completed store-based barrier for key:store_based_barrier_key:1 with 8 nodes.
INFO [64032 distributed_c10d.py:476] Rank 1: Completed store-based barrier for key:store_based_barrier_key:1 with 8 nodes.
E20240211 03:36:20.754477 60701 IPCTensor.h:348] IPCTensor full_emb already exists
E20240211 03:36:20.754654 64032 IPCTensor.h:348] IPCTensor full_emb already exists
W20240211 03:36:39.673638 64034 IPCTensor.h:409] NewIPCGPUTensor: embedding_cache_3 [1688128, 32]; dev=3; size=206.1 MB
W20240211 03:36:39.674173 64033 IPCTensor.h:409] NewIPCGPUTensor: embedding_cache_2 [1688128, 32]; dev=2; size=206.1 MB
W20240211 03:36:39.675235 64035 IPCTensor.h:409] NewIPCGPUTensor: embedding_cache_4 [1688128, 32]; dev=4; size=206.1 MB
W20240211 03:36:39.675630 64037 IPCTensor.h:409] NewIPCGPUTensor: embedding_cache_6 [1688128, 32]; dev=6; size=206.1 MB
W20240211 03:36:39.676499 64032 IPCTensor.h:409] NewIPCGPUTensor: embedding_cache_1 [1688128, 32]; dev=1; size=206.1 MB
W20240211 03:36:39.677376 64036 IPCTensor.h:409] NewIPCGPUTensor: embedding_cache_5 [1688128, 32]; dev=5; size=206.1 MB
W20240211 03:36:39.677454 64038 IPCTensor.h:409] NewIPCGPUTensor: embedding_cache_7 [1688128, 32]; dev=7; size=206.1 MB
W20240211 03:36:39.690637 60701 IPCTensor.h:409] NewIPCGPUTensor: embedding_cache_0 [1688128, 32]; dev=0; size=206.1 MB
W20240211 03:36:40.415221 64032 IPCTensor.h:369] NewIPCTensor: input_keys_1 [1000000]0x10010196e000 7.629 MB
W20240211 03:36:40.415473 64032 IPCTensor.h:369] NewIPCTensor: input_keys_neg_1 [1000000]0x100102111000 7.629 MB
W20240211 03:36:40.415616 64032 IPCTensor.h:369] NewIPCTensor: backward_grads_1 [1000000, 32]0x1001028b4000 122.1 MB
W20240211 03:36:40.415654 64032 IPCTensor.h:369] NewIPCTensor: backward_grads_neg_1 [1000000, 32]0x10010a2c8000 122.1 MB
W20240211 03:36:40.415712 64032 IPCTensor.h:409] NewIPCGPUTensor: backward_grads_1_gpu [1000000, 32]; dev=1; size=122.1 MB
W20240211 03:36:40.416603 64032 IPCTensor.h:409] NewIPCGPUTensor: backward_grads_neg_1_gpu [1000000, 32]; dev=1; size=122.1 MB
W20240211 03:36:40.439365 64036 IPCTensor.h:369] NewIPCTensor: input_keys_5 [1000000]0x100111ce2000 7.629 MB
W20240211 03:36:40.439567 64036 IPCTensor.h:369] NewIPCTensor: input_keys_neg_5 [1000000]0x100112485000 7.629 MB
W20240211 03:36:40.439648 64036 IPCTensor.h:369] NewIPCTensor: backward_grads_5 [1000000, 32]0x100112c28000 122.1 MB
W20240211 03:36:40.439695 64036 IPCTensor.h:369] NewIPCTensor: backward_grads_neg_5 [1000000, 32]0x10011a63c000 122.1 MB
W20240211 03:36:40.439735 64036 IPCTensor.h:409] NewIPCGPUTensor: backward_grads_5_gpu [1000000, 32]; dev=5; size=122.1 MB
W20240211 03:36:40.441279 64036 IPCTensor.h:409] NewIPCGPUTensor: backward_grads_neg_5_gpu [1000000, 32]; dev=5; size=122.1 MB
W20240211 03:36:40.445192 64037 IPCTensor.h:369] NewIPCTensor: input_keys_6 [1000000]0x100122056000 7.629 MB
W20240211 03:36:40.445369 64037 IPCTensor.h:369] NewIPCTensor: input_keys_neg_6 [1000000]0x1001227f9000 7.629 MB
W20240211 03:36:40.445432 64037 IPCTensor.h:369] NewIPCTensor: backward_grads_6 [1000000, 32]0x100122f9c000 122.1 MB
W20240211 03:36:40.445484 64037 IPCTensor.h:369] NewIPCTensor: backward_grads_neg_6 [1000000, 32]0x10012a9b0000 122.1 MB
W20240211 03:36:40.445520 64037 IPCTensor.h:409] NewIPCGPUTensor: backward_grads_6_gpu [1000000, 32]; dev=6; size=122.1 MB
W20240211 03:36:40.448606 64037 IPCTensor.h:409] NewIPCGPUTensor: backward_grads_neg_6_gpu [1000000, 32]; dev=6; size=122.1 MB
W20240211 03:36:40.450984 64035 IPCTensor.h:369] NewIPCTensor: input_keys_4 [1000000]0x1001323c8000 7.629 MB
W20240211 03:36:40.451148 64035 IPCTensor.h:369] NewIPCTensor: input_keys_neg_4 [1000000]0x100132b6b000 7.629 MB
W20240211 03:36:40.451243 64035 IPCTensor.h:369] NewIPCTensor: backward_grads_4 [1000000, 32]0x100133310000 122.1 MB
W20240211 03:36:40.451290 64035 IPCTensor.h:369] NewIPCTensor: backward_grads_neg_4 [1000000, 32]0x10013ad24000 122.1 MB
W20240211 03:36:40.451325 64035 IPCTensor.h:409] NewIPCGPUTensor: backward_grads_4_gpu [1000000, 32]; dev=4; size=122.1 MB
W20240211 03:36:40.454664 64035 IPCTensor.h:409] NewIPCGPUTensor: backward_grads_neg_4_gpu [1000000, 32]; dev=4; size=122.1 MB
W20240211 03:36:40.454908 64033 IPCTensor.h:369] NewIPCTensor: input_keys_2 [1000000]0x10014273c000 7.629 MB
W20240211 03:36:40.455051 64033 IPCTensor.h:369] NewIPCTensor: input_keys_neg_2 [1000000]0x100142edf000 7.629 MB
W20240211 03:36:40.455122 64033 IPCTensor.h:369] NewIPCTensor: backward_grads_2 [1000000, 32]0x100143684000 122.1 MB
W20240211 03:36:40.455176 64033 IPCTensor.h:369] NewIPCTensor: backward_grads_neg_2 [1000000, 32]0x10014b098000 122.1 MB
W20240211 03:36:40.455216 64033 IPCTensor.h:409] NewIPCGPUTensor: backward_grads_2_gpu [1000000, 32]; dev=2; size=122.1 MB
W20240211 03:36:40.456617 64033 IPCTensor.h:409] NewIPCGPUTensor: backward_grads_neg_2_gpu [1000000, 32]; dev=2; size=122.1 MB
W20240211 03:36:40.482363 60701 IPCTensor.h:369] NewIPCTensor: input_keys_0 [1000000]0x100152ab2000 7.629 MB
W20240211 03:36:40.482725 60701 IPCTensor.h:369] NewIPCTensor: input_keys_neg_0 [1000000]0x100153255000 7.629 MB
W20240211 03:36:40.482843 60701 IPCTensor.h:369] NewIPCTensor: backward_grads_0 [1000000, 32]0x1001539f8000 122.1 MB
W20240211 03:36:40.482892 60701 IPCTensor.h:369] NewIPCTensor: backward_grads_neg_0 [1000000, 32]0x10015b40c000 122.1 MB
W20240211 03:36:40.482924 60701 IPCTensor.h:409] NewIPCGPUTensor: backward_grads_0_gpu [1000000, 32]; dev=0; size=122.1 MB
W20240211 03:36:40.483307 60701 IPCTensor.h:409] NewIPCGPUTensor: backward_grads_neg_0_gpu [1000000, 32]; dev=0; size=122.1 MB
W20240211 03:36:40.483361 64038 IPCTensor.h:369] NewIPCTensor: input_keys_7 [1000000]0x100162e24000 7.629 MB
W20240211 03:36:40.483717 64038 IPCTensor.h:369] NewIPCTensor: input_keys_neg_7 [1000000]0x1001635c7000 7.629 MB
W20240211 03:36:40.483795 64038 IPCTensor.h:369] NewIPCTensor: backward_grads_7 [1000000, 32]0x100163d6a000 122.1 MB
W20240211 03:36:40.483841 64038 IPCTensor.h:369] NewIPCTensor: backward_grads_neg_7 [1000000, 32]0x10016b77e000 122.1 MB
W20240211 03:36:40.483892 64038 IPCTensor.h:409] NewIPCGPUTensor: backward_grads_7_gpu [1000000, 32]; dev=7; size=122.1 MB
W20240211 03:36:40.485296 64038 IPCTensor.h:409] NewIPCGPUTensor: backward_grads_neg_7_gpu [1000000, 32]; dev=7; size=122.1 MB
W20240211 03:36:40.492705 64034 IPCTensor.h:369] NewIPCTensor: input_keys_3 [1000000]0x10017319a000 7.629 MB
W20240211 03:36:40.492843 64034 IPCTensor.h:369] NewIPCTensor: input_keys_neg_3 [1000000]0x10017393d000 7.629 MB
W20240211 03:36:40.492908 64034 IPCTensor.h:369] NewIPCTensor: backward_grads_3 [1000000, 32]0x1001740e0000 122.1 MB
W20240211 03:36:40.492959 64034 IPCTensor.h:369] NewIPCTensor: backward_grads_neg_3 [1000000, 32]0x10017baf4000 122.1 MB
W20240211 03:36:40.492995 64034 IPCTensor.h:409] NewIPCGPUTensor: backward_grads_3_gpu [1000000, 32]; dev=3; size=122.1 MB
W20240211 03:36:40.493346 64034 IPCTensor.h:409] NewIPCGPUTensor: backward_grads_neg_3_gpu [1000000, 32]; dev=3; size=122.1 MB
cudaHostRegister 0x100000002000
1: KnownLocalCachedEmbedding init done
cudaHostRegister 0x100000002000
2: KnownLocalCachedEmbedding init done
cudaHostRegister 0x100000002000
3: KnownLocalCachedEmbedding init done
cudaHostRegister 0x100000002000
7: KnownLocalCachedEmbedding init done
cudaHostRegister 0x100000002000
4: KnownLocalCachedEmbedding init done
Worker 7 pid=64038
New CachedEmbedding, name=full_emb, shape=(33762578, 32), cache_type=KnownLocalCachedEmbedding
fixed cache_range is [(0, 1688128), (1688128, 3376256), (3376256, 5064384), (5064384, 6752512), (6752512, 8440640), (8440640, 10128768), (10128768, 11816896), (11816896, 13505024)]
cudaHostRegister 0x100000002000
0: KnownLocalCachedEmbedding init done
cudaHostRegister 0x100000002000
6: KnownLocalCachedEmbedding init done
cudaHostRegister 0x100000002000
5: KnownLocalCachedEmbedding init done
W20240211 03:36:48.440907 60701 IPCTensor.h:369] NewIPCTensor: cached_sampler_r0_0 [1000000]0x10018350c000 7.629 MB
W20240211 03:36:48.441150 60701 IPCTensor.h:369] NewIPCTensor: cached_sampler_r0_1 [1000000]0x100183caf000 7.629 MB
W20240211 03:36:48.441210 60701 IPCTensor.h:369] NewIPCTensor: cached_sampler_r0_2 [1000000]0x100184452000 7.629 MB
W20240211 03:36:48.441304 60701 IPCTensor.h:369] NewIPCTensor: cached_sampler_r0_3 [1000000]0x100184bf5000 7.629 MB
W20240211 03:36:48.441344 60701 IPCTensor.h:369] NewIPCTensor: cached_sampler_r0_4 [1000000]0x100185398000 7.629 MB
W20240211 03:36:48.441392 60701 IPCTensor.h:369] NewIPCTensor: cached_sampler_r0_5 [1000000]0x100185b3b000 7.629 MB
W20240211 03:36:48.441450 60701 IPCTensor.h:369] NewIPCTensor: cached_sampler_r0_6 [1000000]0x1001862de000 7.629 MB
W20240211 03:36:48.441526 60701 IPCTensor.h:369] NewIPCTensor: cached_sampler_r0_7 [1000000]0x100186a81000 7.629 MB
W20240211 03:36:48.441558 60701 IPCTensor.h:369] NewIPCTensor: cached_sampler_r0_8 [1000000]0x100187224000 7.629 MB
W20240211 03:36:48.441622 60701 IPCTensor.h:369] NewIPCTensor: cached_sampler_r0_9 [1000000]0x1001879c7000 7.629 MB
W20240211 03:36:48.441668 60701 IPCTensor.h:369] NewIPCTensor: step_r0 [10]0x10018816a000 80 B 
W20240211 03:36:48.441700 60701 IPCTensor.h:369] NewIPCTensor: circle_buffer_end_r0 [1]0x10018816c000 8 B 
W20240211 03:36:48.441744 60701 IPCTensor.h:369] NewIPCTensor: circle_buffer_end_cppseen_r0 [1]0x10018816e000 8 B 
Dataset:  /home/xieminhui/RecStoreDataset/criteo_binary
Dataset loaded
np.max =  33762577
np.min=  1
Construct RecModelSampler done
I20240211 03:36:48.442191 60701 IPC_barrier.h:118] CreateBarrier: new barrier, name: kgcachecontroller, count: 8
W20240211 03:36:48.454648 64032 IPCTensor.h:369] NewIPCTensor: cached_sampler_r1_0 [1000000]0x100188170000 7.629 MB
W20240211 03:36:48.454819 64032 IPCTensor.h:369] NewIPCTensor: cached_sampler_r1_1 [1000000]0x100188913000 7.629 MB
W20240211 03:36:48.454866 64032 IPCTensor.h:369] NewIPCTensor: cached_sampler_r1_2 [1000000]0x1001890b6000 7.629 MB
W20240211 03:36:48.454934 64032 IPCTensor.h:369] NewIPCTensor: cached_sampler_r1_3 [1000000]0x100189859000 7.629 MB
W20240211 03:36:48.455003 64032 IPCTensor.h:369] NewIPCTensor: cached_sampler_r1_4 [1000000]0x100189ffc000 7.629 MB
W20240211 03:36:48.455072 64032 IPCTensor.h:369] NewIPCTensor: cached_sampler_r1_5 [1000000]0x10018a79f000 7.629 MB
W20240211 03:36:48.455129 64032 IPCTensor.h:369] NewIPCTensor: cached_sampler_r1_6 [1000000]0x10018af42000 7.629 MB
W20240211 03:36:48.455176 64032 IPCTensor.h:369] NewIPCTensor: cached_sampler_r1_7 [1000000]0x10018b6e5000 7.629 MB
W20240211 03:36:48.455210 64032 IPCTensor.h:369] NewIPCTensor: cached_sampler_r1_8 [1000000]0x10018be88000 7.629 MB
W20240211 03:36:48.455245 64032 IPCTensor.h:369] NewIPCTensor: cached_sampler_r1_9 [1000000]0x10018c62b000 7.629 MB
W20240211 03:36:48.455286 64032 IPCTensor.h:369] NewIPCTensor: step_r1 [10]0x10018cdce000 80 B 
W20240211 03:36:48.455317 64032 IPCTensor.h:369] NewIPCTensor: circle_buffer_end_r1 [1]0x10018cdd0000 8 B 
W20240211 03:36:48.455348 64032 IPCTensor.h:369] NewIPCTensor: circle_buffer_end_cppseen_r1 [1]0x10018cdd2000 8 B 
Dataset:  /home/xieminhui/RecStoreDataset/criteo_binary
Dataset loaded
np.max =  33762577
np.min=  1
Construct RecModelSampler done
I20240211 03:36:48.455771 64032 IPC_barrier.h:112] CreateBarrier: find existing barrier, name: kgcachecontroller, count: 8
W20240211 03:36:48.459532 64038 IPCTensor.h:369] NewIPCTensor: cached_sampler_r7_0 [1000000]0x10018cdd4000 7.629 MB
W20240211 03:36:48.459707 64038 IPCTensor.h:369] NewIPCTensor: cached_sampler_r7_1 [1000000]0x10018d577000 7.629 MB
W20240211 03:36:48.459753 64038 IPCTensor.h:369] NewIPCTensor: cached_sampler_r7_2 [1000000]0x10018dd1a000 7.629 MB
W20240211 03:36:48.459793 64038 IPCTensor.h:369] NewIPCTensor: cached_sampler_r7_3 [1000000]0x10018e4bd000 7.629 MB
W20240211 03:36:48.459841 64038 IPCTensor.h:369] NewIPCTensor: cached_sampler_r7_4 [1000000]0x10018ec60000 7.629 MB
W20240211 03:36:48.459895 64038 IPCTensor.h:369] NewIPCTensor: cached_sampler_r7_5 [1000000]0x10018f403000 7.629 MB
W20240211 03:36:48.459942 64038 IPCTensor.h:369] NewIPCTensor: cached_sampler_r7_6 [1000000]0x10018fba6000 7.629 MB
W20240211 03:36:48.459985 64038 IPCTensor.h:369] NewIPCTensor: cached_sampler_r7_7 [1000000]0x100190349000 7.629 MB
W20240211 03:36:48.460019 64038 IPCTensor.h:369] NewIPCTensor: cached_sampler_r7_8 [1000000]0x100190aec000 7.629 MB
W20240211 03:36:48.460060 64038 IPCTensor.h:369] NewIPCTensor: cached_sampler_r7_9 [1000000]0x10019128f000 7.629 MB
W20240211 03:36:48.460101 64038 IPCTensor.h:369] NewIPCTensor: step_r7 [10]0x100191a32000 80 B 
W20240211 03:36:48.460132 64038 IPCTensor.h:369] NewIPCTensor: circle_buffer_end_r7 [1]0x100191a34000 8 B 
W20240211 03:36:48.460163 64038 IPCTensor.h:369] NewIPCTensor: circle_buffer_end_cppseen_r7 [1]0x100191a36000 8 B 
Dataset:  /home/xieminhui/RecStoreDataset/criteo_binary
Dataset loaded
np.max =  33762577
np.min=  1
Construct RecModelSampler done
I20240211 03:36:48.460500 64038 IPC_barrier.h:112] CreateBarrier: find existing barrier, name: kgcachecontroller, count: 8
W20240211 03:36:48.868860 64036 IPCTensor.h:369] NewIPCTensor: cached_sampler_r5_0 [1000000]0x100191a38000 7.629 MB
W20240211 03:36:48.869016 64036 IPCTensor.h:369] NewIPCTensor: cached_sampler_r5_1 [1000000]0x1001921db000 7.629 MB
W20240211 03:36:48.869068 64036 IPCTensor.h:369] NewIPCTensor: cached_sampler_r5_2 [1000000]0x10019297e000 7.629 MB
W20240211 03:36:48.869127 64036 IPCTensor.h:369] NewIPCTensor: cached_sampler_r5_3 [1000000]0x100193121000 7.629 MB
W20240211 03:36:48.869174 64036 IPCTensor.h:369] NewIPCTensor: cached_sampler_r5_4 [1000000]0x1001938c4000 7.629 MB
W20240211 03:36:48.869230 64036 IPCTensor.h:369] NewIPCTensor: cached_sampler_r5_5 [1000000]0x100194067000 7.629 MB
W20240211 03:36:48.869284 64036 IPCTensor.h:369] NewIPCTensor: cached_sampler_r5_6 [1000000]0x10019480a000 7.629 MB
W20240211 03:36:48.869329 64036 IPCTensor.h:369] NewIPCTensor: cached_sampler_r5_7 [1000000]0x100194fad000 7.629 MB
W20240211 03:36:48.869372 64036 IPCTensor.h:369] NewIPCTensor: cached_sampler_r5_8 [1000000]0x100195750000 7.629 MB
W20240211 03:36:48.869408 64036 IPCTensor.h:369] NewIPCTensor: cached_sampler_r5_9 [1000000]0x100195ef3000 7.629 MB
W20240211 03:36:48.869451 64036 IPCTensor.h:369] NewIPCTensor: step_r5 [10]0x100196696000 80 B 
W20240211 03:36:48.869488 64036 IPCTensor.h:369] NewIPCTensor: circle_buffer_end_r5 [1]0x100196698000 8 B 
W20240211 03:36:48.869518 64036 IPCTensor.h:369] NewIPCTensor: circle_buffer_end_cppseen_r5 [1]0x10019669a000 8 B 
Dataset:  /home/xieminhui/RecStoreDataset/criteo_binary
Dataset loaded
np.max =  33762577
np.min=  1
Construct RecModelSampler done
I20240211 03:36:48.869900 64036 IPC_barrier.h:112] CreateBarrier: find existing barrier, name: kgcachecontroller, count: 8
W20240211 03:36:48.952244 64033 IPCTensor.h:369] NewIPCTensor: cached_sampler_r2_0 [1000000]0x10019669c000 7.629 MB
W20240211 03:36:48.952443 64033 IPCTensor.h:369] NewIPCTensor: cached_sampler_r2_1 [1000000]0x100196e3f000 7.629 MB
W20240211 03:36:48.952497 64033 IPCTensor.h:369] NewIPCTensor: cached_sampler_r2_2 [1000000]0x1001975e2000 7.629 MB
W20240211 03:36:48.952545 64033 IPCTensor.h:369] NewIPCTensor: cached_sampler_r2_3 [1000000]0x100197d85000 7.629 MB
W20240211 03:36:48.952595 64033 IPCTensor.h:369] NewIPCTensor: cached_sampler_r2_4 [1000000]0x100198528000 7.629 MB
W20240211 03:36:48.952639 64033 IPCTensor.h:369] NewIPCTensor: cached_sampler_r2_5 [1000000]0x100198ccb000 7.629 MB
W20240211 03:36:48.952694 64033 IPCTensor.h:369] NewIPCTensor: cached_sampler_r2_6 [1000000]0x10019946e000 7.629 MB
W20240211 03:36:48.952739 64033 IPCTensor.h:369] NewIPCTensor: cached_sampler_r2_7 [1000000]0x100199c11000 7.629 MB
W20240211 03:36:48.952777 64033 IPCTensor.h:369] NewIPCTensor: cached_sampler_r2_8 [1000000]0x10019a3b4000 7.629 MB
W20240211 03:36:48.952817 64033 IPCTensor.h:369] NewIPCTensor: cached_sampler_r2_9 [1000000]0x10019ab57000 7.629 MB
W20240211 03:36:48.952862 64033 IPCTensor.h:369] NewIPCTensor: step_r2 [10]0x10019b2fa000 80 B 
W20240211 03:36:48.952898 64033 IPCTensor.h:369] NewIPCTensor: circle_buffer_end_r2 [1]0x10019b2fc000 8 B 
W20240211 03:36:48.952929 64033 IPCTensor.h:369] NewIPCTensor: circle_buffer_end_cppseen_r2 [1]0x10019b2fe000 8 B 
Dataset:  /home/xieminhui/RecStoreDataset/criteo_binary
Dataset loaded
np.max =  33762577
np.min=  1
Construct RecModelSampler done
I20240211 03:36:48.953382 64033 IPC_barrier.h:112] CreateBarrier: find existing barrier, name: kgcachecontroller, count: 8
W20240211 03:36:49.011798 64037 IPCTensor.h:369] NewIPCTensor: cached_sampler_r6_0 [1000000]0x10019b300000 7.629 MB
W20240211 03:36:49.011921 64037 IPCTensor.h:369] NewIPCTensor: cached_sampler_r6_1 [1000000]0x10019baa3000 7.629 MB
W20240211 03:36:49.011976 64037 IPCTensor.h:369] NewIPCTensor: cached_sampler_r6_2 [1000000]0x10019c246000 7.629 MB
W20240211 03:36:49.012024 64037 IPCTensor.h:369] NewIPCTensor: cached_sampler_r6_3 [1000000]0x10019c9e9000 7.629 MB
W20240211 03:36:49.012081 64037 IPCTensor.h:369] NewIPCTensor: cached_sampler_r6_4 [1000000]0x10019d18c000 7.629 MB
W20240211 03:36:49.012127 64037 IPCTensor.h:369] NewIPCTensor: cached_sampler_r6_5 [1000000]0x10019d92f000 7.629 MB
W20240211 03:36:49.012171 64037 IPCTensor.h:369] NewIPCTensor: cached_sampler_r6_6 [1000000]0x10019e0d2000 7.629 MB
W20240211 03:36:49.012223 64037 IPCTensor.h:369] NewIPCTensor: cached_sampler_r6_7 [1000000]0x10019e875000 7.629 MB
W20240211 03:36:49.012261 64037 IPCTensor.h:369] NewIPCTensor: cached_sampler_r6_8 [1000000]0x10019f018000 7.629 MB
W20240211 03:36:49.012300 64037 IPCTensor.h:369] NewIPCTensor: cached_sampler_r6_9 [1000000]0x10019f7bb000 7.629 MB
W20240211 03:36:49.012344 64037 IPCTensor.h:369] NewIPCTensor: step_r6 [10]0x10019ff5e000 80 B 
W20240211 03:36:49.012380 64037 IPCTensor.h:369] NewIPCTensor: circle_buffer_end_r6 [1]0x10019ff60000 8 B 
W20240211 03:36:49.012411 64037 IPCTensor.h:369] NewIPCTensor: circle_buffer_end_cppseen_r6 [1]0x10019ff62000 8 B 
Dataset:  /home/xieminhui/RecStoreDataset/criteo_binary
Dataset loaded
np.max =  33762577
np.min=  1
Construct RecModelSampler done
I20240211 03:36:49.012686 64037 IPC_barrier.h:112] CreateBarrier: find existing barrier, name: kgcachecontroller, count: 8
W20240211 03:36:49.032500 64034 IPCTensor.h:369] NewIPCTensor: cached_sampler_r3_0 [1000000]0x10019ff64000 7.629 MB
W20240211 03:36:49.032617 64034 IPCTensor.h:369] NewIPCTensor: cached_sampler_r3_1 [1000000]0x1001a0707000 7.629 MB
W20240211 03:36:49.032672 64034 IPCTensor.h:369] NewIPCTensor: cached_sampler_r3_2 [1000000]0x1001a0eaa000 7.629 MB
W20240211 03:36:49.032725 64034 IPCTensor.h:369] NewIPCTensor: cached_sampler_r3_3 [1000000]0x1001a164d000 7.629 MB
W20240211 03:36:49.032769 64034 IPCTensor.h:369] NewIPCTensor: cached_sampler_r3_4 [1000000]0x1001a1df0000 7.629 MB
W20240211 03:36:49.032814 64034 IPCTensor.h:369] NewIPCTensor: cached_sampler_r3_5 [1000000]0x1001a2593000 7.629 MB
W20240211 03:36:49.032858 64034 IPCTensor.h:369] NewIPCTensor: cached_sampler_r3_6 [1000000]0x1001a2d36000 7.629 MB
W20240211 03:36:49.032905 64034 IPCTensor.h:369] NewIPCTensor: cached_sampler_r3_7 [1000000]0x1001a34d9000 7.629 MB
W20240211 03:36:49.032950 64034 IPCTensor.h:369] NewIPCTensor: cached_sampler_r3_8 [1000000]0x1001a3c7c000 7.629 MB
W20240211 03:36:49.032992 64034 IPCTensor.h:369] NewIPCTensor: cached_sampler_r3_9 [1000000]0x1001a441f000 7.629 MB
W20240211 03:36:49.033036 64034 IPCTensor.h:369] NewIPCTensor: step_r3 [10]0x1001a4bc2000 80 B 
W20240211 03:36:49.033073 64034 IPCTensor.h:369] NewIPCTensor: circle_buffer_end_r3 [1]0x1001a4bc4000 8 B 
W20240211 03:36:49.033105 64034 IPCTensor.h:369] NewIPCTensor: circle_buffer_end_cppseen_r3 [1]0x1001a4bc6000 8 B 
Dataset:  /home/xieminhui/RecStoreDataset/criteo_binary
Dataset loaded
np.max =  33762577
np.min=  1
Construct RecModelSampler done
I20240211 03:36:49.033393 64034 IPC_barrier.h:112] CreateBarrier: find existing barrier, name: kgcachecontroller, count: 8
W20240211 03:36:49.243074 64035 IPCTensor.h:369] NewIPCTensor: cached_sampler_r4_0 [1000000]0x1001a4bc8000 7.629 MB
W20240211 03:36:49.243196 64035 IPCTensor.h:369] NewIPCTensor: cached_sampler_r4_1 [1000000]0x1001a536b000 7.629 MB
W20240211 03:36:49.243240 64035 IPCTensor.h:369] NewIPCTensor: cached_sampler_r4_2 [1000000]0x1001a5b0e000 7.629 MB
W20240211 03:36:49.243281 64035 IPCTensor.h:369] NewIPCTensor: cached_sampler_r4_3 [1000000]0x1001a62b1000 7.629 MB
W20240211 03:36:49.243320 64035 IPCTensor.h:369] NewIPCTensor: cached_sampler_r4_4 [1000000]0x1001a6a54000 7.629 MB
W20240211 03:36:49.243359 64035 IPCTensor.h:369] NewIPCTensor: cached_sampler_r4_5 [1000000]0x1001a71f7000 7.629 MB
W20240211 03:36:49.243402 64035 IPCTensor.h:369] NewIPCTensor: cached_sampler_r4_6 [1000000]0x1001a799a000 7.629 MB
W20240211 03:36:49.243440 64035 IPCTensor.h:369] NewIPCTensor: cached_sampler_r4_7 [1000000]0x1001a813d000 7.629 MB
W20240211 03:36:49.243510 64035 IPCTensor.h:369] NewIPCTensor: cached_sampler_r4_8 [1000000]0x1001a88e0000 7.629 MB
W20240211 03:36:49.243546 64035 IPCTensor.h:369] NewIPCTensor: cached_sampler_r4_9 [1000000]0x1001a9083000 7.629 MB
W20240211 03:36:49.243582 64035 IPCTensor.h:369] NewIPCTensor: step_r4 [10]0x1001a9826000 80 B 
W20240211 03:36:49.243614 64035 IPCTensor.h:369] NewIPCTensor: circle_buffer_end_r4 [1]0x1001a9828000 8 B 
W20240211 03:36:49.243641 64035 IPCTensor.h:369] NewIPCTensor: circle_buffer_end_cppseen_r4 [1]0x1001a982a000 8 B 
Dataset:  /home/xieminhui/RecStoreDataset/criteo_binary
Dataset loaded
np.max =  33762577
np.min=  1
Construct RecModelSampler done
I20240211 03:36:49.243896 64035 IPC_barrier.h:112] CreateBarrier: find existing barrier, name: kgcachecontroller, count: 8
E20240211 03:36:51.057597 64034 recstore.cc:66] init folly done
E20240211 03:36:51.057682 64038 recstore.cc:66] init folly done
Construct KGCacheControllerWrapper done
Construct KGCacheControllerWrapper done
E20240211 03:36:51.057839 64036 recstore.cc:66] init folly done
Construct KGCacheControllerWrapper done
E20240211 03:36:51.057950 64032 recstore.cc:66] init folly done
E20240211 03:36:51.057952 64037 recstore.cc:66] init folly done
Construct KGCacheControllerWrapper done
Construct KGCacheControllerWrapper done
E20240211 03:36:51.058084 64035 recstore.cc:66] init folly done
E20240211 03:36:51.058116 64033 recstore.cc:66] init folly done
Construct KGCacheControllerWrapper done
Construct KGCacheControllerWrapper done
E20240211 03:36:51.058404 60701 recstore.cc:66] init folly done
Construct KGCacheControllerWrapper done
Before Training
I20240211 03:36:52.242966 64037 IPC_barrier.h:118] CreateBarrier: new barrier, name: start_barrier, count: 8
Before Training
Before Training
I20240211 03:36:52.243116 64036 IPC_barrier.h:112] CreateBarrier: find existing barrier, name: start_barrier, count: 8
I20240211 03:36:52.243142 64034 IPC_barrier.h:112] CreateBarrier: find existing barrier, name: start_barrier, count: 8
Before Training
Before Training
I20240211 03:36:52.243225 64033 IPC_barrier.h:112] CreateBarrier: find existing barrier, name: start_barrier, count: 8
I20240211 03:36:52.243292 64038 IPC_barrier.h:112] CreateBarrier: find existing barrier, name: start_barrier, count: 8
Before Training
Before Training
Before Training
I20240211 03:36:52.243548 64032 IPC_barrier.h:112] CreateBarrier: find existing barrier, name: start_barrier, count: 8
I20240211 03:36:52.243587 64035 IPC_barrier.h:112] CreateBarrier: find existing barrier, name: start_barrier, count: 8
I20240211 03:36:52.243610 60701 IPC_barrier.h:112] CreateBarrier: find existing barrier, name: start_barrier, count: 8
========== Step 0 ========== 
+---------------------------+---------------------------+---------------------------+
| Name                      | P50                       | P99                       |
+---------------------------+---------------------------+---------------------------+
| GenInput:CircleBuffer     | 140.173 us                | 140.173 us                |
| GenInput                  | 1.418 ms                  | 1.418 ms                  |
| NN                        | 317.644 ms                | 317.644 ms                |
| Forward                   | 319.894 ms                | 319.894 ms                |
| back: bucket keys         | 32.055 ms                 | 32.055 ms                 |
+---------------------------+---------------------------+---------------------------+
+---------------------------+---------------------------+---------------------------+
| Name                      | P50                       | P99                       |
+---------------------------+---------------------------+---------------------------+
| GenInput:CircleBuffer     | 140.173 us                | 140.173 us                |
| GenInput                  | 1.418 ms                  | 1.418 ms                  |
| NN                        | 317.644 ms                | 317.644 ms                |
| Forward                   | 319.894 ms                | 319.894 ms                |
| back: bucket keys         | 32.055 ms                 | 32.055 ms                 |
+---------------------------+---------------------------+---------------------------+
+---------------------------+---------------------------+---------------------------+
| Name                      | P50                       | P99                       |
+---------------------------+---------------------------+---------------------------+
| GenInput:CircleBuffer     | 140.173 us                | 140.173 us                |
| GenInput                  | 1.418 ms                  | 1.418 ms                  |
| NN                        | 317.644 ms                | 317.644 ms                |
| Forward                   | 319.894 ms                | 319.894 ms                |
| back: bucket keys         | 32.055 ms                 | 32.055 ms                 |
+---------------------------+---------------------------+---------------------------+
+---------------------------+---------------------------+---------------------------+
| Name                      | P50                       | P99                       |
+---------------------------+---------------------------+---------------------------+
| GenInput:CircleBuffer     | 140.173 us                | 140.173 us                |
| GenInput                  | 1.418 ms                  | 1.418 ms                  |
| NN                        | 317.644 ms                | 317.644 ms                |
| Forward                   | 319.894 ms                | 319.894 ms                |
| back: bucket keys         | 32.055 ms                 | 32.055 ms                 |
+---------------------------+---------------------------+---------------------------+
+---------------------------+---------------------------+---------------------------+
| Name                      | P50                       | P99                       |
+---------------------------+---------------------------+---------------------------+
| GenInput:CircleBuffer     | 140.173 us                | 140.173 us                |
| GenInput                  | 1.418 ms                  | 1.418 ms                  |
| NN                        | 317.644 ms                | 317.644 ms                |
| Forward                   | 319.894 ms                | 319.894 ms                |
| back: bucket keys         | 32.055 ms                 | 32.055 ms                 |
+---------------------------+---------------------------+---------------------------+
+---------------------------+---------------------------+---------------------------+
| Name                      | P50                       | P99                       |
+---------------------------+---------------------------+---------------------------+
| GenInput:CircleBuffer     | 140.173 us                | 140.173 us                |
| GenInput                  | 1.418 ms                  | 1.418 ms                  |
| NN                        | 317.644 ms                | 317.644 ms                |
| Forward                   | 319.894 ms                | 319.894 ms                |
| back: bucket keys         | 32.055 ms                 | 32.055 ms                 |
+---------------------------+---------------------------+---------------------------+
+---------------------------+---------------------------+---------------------------+
| Name                      | P50                       | P99                       |
+---------------------------+---------------------------+---------------------------+
| GenInput:CircleBuffer     | 140.173 us                | 140.173 us                |
| GenInput                  | 1.418 ms                  | 1.418 ms                  |
| NN                        | 317.644 ms                | 317.644 ms                |
| Forward                   | 319.894 ms                | 319.894 ms                |
| back: bucket keys         | 32.055 ms                 | 32.055 ms                 |
+---------------------------+---------------------------+---------------------------+
+---------------------------+---------------------------+---------------------------+
| Name                      | P50                       | P99                       |
+---------------------------+---------------------------+---------------------------+
| GenInput:CircleBuffer     | 140.173 us                | 140.173 us                |
| GenInput                  | 1.418 ms                  | 1.418 ms                  |
| NN                        | 317.644 ms                | 317.644 ms                |
| Forward                   | 319.894 ms                | 319.894 ms                |
| back: bucket keys         | 32.055 ms                 | 32.055 ms                 |
+---------------------------+---------------------------+---------------------------+
+---------------------------+---------------------------+---------------------------+
| Name                      | P50                       | P99                       |
+---------------------------+---------------------------+---------------------------+
| GenInput:CircleBuffer     | 140.173 us                | 140.173 us                |
| GenInput                  | 1.418 ms                  | 1.418 ms                  |
| NN                        | 317.644 ms                | 317.644 ms                |
| Forward                   | 319.894 ms                | 319.894 ms                |
| back: bucket keys         | 32.055 ms                 | 32.055 ms                 |
+---------------------------+---------------------------+---------------------------+
+---------------------------+---------------------------+---------------------------+
| Name                      | P50                       | P99                       |
+---------------------------+---------------------------+---------------------------+
| GenInput:CircleBuffer     | 140.173 us                | 140.173 us                |
| GenInput                  | 1.418 ms                  | 1.418 ms                  |
| NN                        | 317.644 ms                | 317.644 ms                |
| Forward                   | 319.894 ms                | 319.894 ms                |
| back: bucket keys         | 32.055 ms                 | 32.055 ms                 |
+---------------------------+---------------------------+---------------------------+
+---------------------------+---------------------------+---------------------------+
| Name                      | P50                       | P99                       |
+---------------------------+---------------------------+---------------------------+
| GenInput:CircleBuffer     | 140.173 us                | 140.173 us                |
| GenInput                  | 1.418 ms                  | 1.418 ms                  |
| NN                        | 317.644 ms                | 317.644 ms                |
| Forward                   | 319.894 ms                | 319.894 ms                |
| back: bucket keys         | 32.055 ms                 | 32.055 ms                 |
+---------------------------+---------------------------+---------------------------+
========== Step 1 ========== 
INFO [60701 distributed.py:1140] Reducer buckets have been rebuilt in this iteration.
INFO [64037 distributed.py:1140] Reducer buckets have been rebuilt in this iteration.
INFO [64035 distributed.py:1140] Reducer buckets have been rebuilt in this iteration.
INFO [64038 distributed.py:1140] Reducer buckets have been rebuilt in this iteration.
INFO [64034 distributed.py:1140] Reducer buckets have been rebuilt in this iteration.
INFO [64036 distributed.py:1140] Reducer buckets have been rebuilt in this iteration.
INFO [64032 distributed.py:1140] Reducer buckets have been rebuilt in this iteration.
INFO [64033 distributed.py:1140] Reducer buckets have been rebuilt in this iteration.
========== Step 2 ========== 
========== Step 3 ========== 
========== Step 4 ========== 
========== Step 5 ========== 
========== Step 6 ========== 
========== Step 7 ========== 
========== Step 8 ========== 
========== Step 9 ========== 
========== Step 10 ========== 
========== Step 11 ========== 
========== Step 12 ========== 
========== Step 13 ========== 
+---------------------------+---------------------------+---------------------------+
| Name                      | P50                       | P99                       |
+---------------------------+---------------------------+---------------------------+
| GenInput:CircleBuffer     | 140.173 us                | 322.847 us                |
| GenInput                  | 714.199 us                | 5.666 ms                  |
| NN                        | 1.812 ms                  | 317.644 ms                |
| Forward                   | 2.104 ms                  | 319.894 ms                |
| back: bucket keys         | 468.057 us                | 32.055 ms                 |
| back: a2a                 | 11.448 ms                 | 52.044 s                  |
| back: cache               | 202.001 ms                | 233.839 ms                |
| back: aggr dram keys      | 40.229 ms                 | 940.557 ms                |
| back: set dram grad       | 1.173 ms                  | 1.979 ms                  |
| Backward                  | 268.391 ms                | 53.197 s                  |
| Optimize                  | 22.594 ms                 | 153.278 ms                |
| BarrierTimeBeforeRank0    | 56.566 us                 | 424.975 us                |
| BlockToStepN              | 170.355 us                | 903.385 us                |
| OneStep                   | 298.333 ms                | 53.675 s                  |
+---------------------------+---------------------------+---------------------------+
========== Step 14 ========== 
========== Step 15 ========== 
========== Step 16 ========== 
========== Step 17 ========== 
========== Step 18 ========== 
========== Step 19 ========== 
========== Step 20 ========== 
========== Step 21 ========== 
========== Step 22 ========== 
========== Step 23 ========== 
========== Step 24 ========== 
========== Step 25 ========== 
========== Step 26 ========== 
========== Step 27 ========== 
========== Step 28 ========== 
========== Step 29 ========== 
Successfully xmh
INFO [60701 controller_process.py:421] call rank0 to StopThreads
INFO [60701 controller_process.py:421] call rank0 to StopThreads
INFO [60701 controller_process.py:421] call rank0 to StopThreads
INFO [60701 controller_process.py:421] call rank0 to StopThreads
INFO [60701 controller_process.py:421] call rank0 to StopThreads
INFO [60701 controller_process.py:421] call rank0 to StopThreads
INFO [60701 controller_process.py:421] call rank0 to StopThreads
INFO [60701 controller_process.py:421] call rank0 to StopThreads
INFO [60701 controller_process.py:421] call rank0 to StopThreads
INFO [60701 controller_process.py:421] call rank0 to StopThreads
INFO [60701 controller_process.py:421] call rank0 to StopThreads
INFO [60701 controller_process.py:421] call rank0 to StopThreads
INFO [60701 controller_process.py:421] call rank0 to StopThreads
INFO [60701 controller_process.py:421] call rank0 to StopThreads
INFO [60701 controller_process.py:421] call rank0 to StopThreads
INFO [60701 controller_process.py:421] call rank0 to StopThreads
INFO [60701 controller_process.py:421] call rank0 to StopThreads
+---------------------------+---------------------------+---------------------------+
| Name                      | P50                       | P99                       |
+---------------------------+---------------------------+---------------------------+
| GenInput:CircleBuffer     | 140.173 us                | 1.220 ms                  |
| GenInput                  | 942.242 us                | 8.014 ms                  |
| NN                        | 1.539 ms                  | 317.644 ms                |
| Forward                   | 1.924 ms                  | 319.894 ms                |
| back: bucket keys         | 502.634 us                | 32.055 ms                 |
| back: a2a                 | 12.066 ms                 | 52.044 s                  |
| back: cache               | 206.082 ms                | 242.132 ms                |
| back: aggr dram keys      | 39.342 ms                 | 940.557 ms                |
| back: set dram grad       | 1.156 ms                  | 1.979 ms                  |
| Backward                  | 268.391 ms                | 53.197 s                  |
| Optimize                  | 21.446 ms                 | 153.278 ms                |
| BarrierTimeBeforeRank0    | 52.548 us                 | 424.975 us                |
| BlockToStepN              | 243.330 us                | 2.711 ms                  |
| OneStep                   | 295.664 ms                | 53.675 s                  |
+---------------------------+---------------------------+---------------------------+
