WARNING: Logging before InitGoogleLogging() is written to STDERR
I20240128 16:05:11.696645 452511 IPC_barrier.h:128] MultiProcessBarrierFactory->ClearIPCMemory()
/home/xieminhui/RecStore/src/framework_adapters/torch/kg/dgl-0.9.1/python/dgl/_deprecate/graph.py:1023: DGLWarning: multigraph will be deprecated.DGL will treat all graphs as multigraph in the future.
  dgl_warning("multigraph will be deprecated." \
/home/xieminhui/RecStore/src/framework_adapters/torch/kg/dgl-0.9.1/python/dgl/heterograph.py:72: DGLWarning: Recommend creating graphs by `dgl.graph(data)` instead of `dgl.DGLGraph(data)`.
  dgl_warning('Recommend creating graphs by `dgl.graph(data)`'
Reading train triples....
Finished. Read 483142 train triples.
Reading valid triples....
Finished. Read 50000 valid triples.
Reading test triples....
Finished. Read 59071 test triples.
ARGS:  Namespace(model_name='ComplEx', data_path='/home/xieminhui/dgl-data', dataset='FB15k', format='built_in', data_files=None, delimiter='\t', save_path='/tmp/ckpts/ComplEx_FB15k_20', no_save_emb=True, max_step=500, batch_size=600, batch_size_eval=16, neg_sample_size=200, neg_deg_sample=False, neg_deg_sample_eval=False, neg_sample_size_eval=14951, eval_percent=1, no_eval_filter=False, log_interval=100, eval_interval=10000, test=False, num_proc=4, num_thread=1, force_sync_interval=1, hidden_dim=400, lr=0.01, gamma=16.0, double_ent=False, double_rel=False, neg_adversarial_sampling=False, adversarial_temperature=1.0, regularization_coef=0.0, regularization_norm=3, pairwise=False, loss_genre='Logsigmoid', margin=1.0, nr_gpus=4, gpu=[0, 1, 2, 3], mix_cpu_gpu=True, valid=False, rel_part=False, async_update=None, has_edge_importance=False, cached_emb_type='KnownLocalCachedEmbedding', use_my_emb=True, cache_ratio=0.05, shuffle=False, backwardMode='CppAsyncV2', L=10, update_cache_use_omp=0, update_pq_use_omp=0, kForwardItersPerStep=2, backgrad_init='both', eval_filter=True, soft_rel_part=False)
|Train|: 483142
original graph:  DGLGraph(num_nodes=14951, num_edges=592213,
         ndata_schemes={}
         edata_schemes={'tid': Scheme(shape=(), dtype=torch.int64)})
Loading cached metis
WARNING [452511 sampler.py:454] Start PreSampling
WARNING [452511 sampler.py:532] Before construct renumbering_dict
WARNING [452511 sampler.py:555] PreSampling done
W20240128 16:05:14.650609 452511 IPCTensor.h:368] NewIPCTensor: cached_sampler_r0_0 [1000000]0x100000002000 7.629 MB
W20240128 16:05:14.650728 452511 IPCTensor.h:368] NewIPCTensor: cached_sampler_r0_1 [1000000]0x1000007a5000 7.629 MB
W20240128 16:05:14.650759 452511 IPCTensor.h:368] NewIPCTensor: cached_sampler_r0_2 [1000000]0x100000f48000 7.629 MB
W20240128 16:05:14.650779 452511 IPCTensor.h:368] NewIPCTensor: cached_sampler_r0_3 [1000000]0x1000016eb000 7.629 MB
W20240128 16:05:14.650794 452511 IPCTensor.h:368] NewIPCTensor: cached_sampler_r0_4 [1000000]0x100001e8e000 7.629 MB
W20240128 16:05:14.650810 452511 IPCTensor.h:368] NewIPCTensor: cached_sampler_r0_5 [1000000]0x100002631000 7.629 MB
W20240128 16:05:14.650828 452511 IPCTensor.h:368] NewIPCTensor: cached_sampler_r0_6 [1000000]0x100002dd4000 7.629 MB
W20240128 16:05:14.650857 452511 IPCTensor.h:368] NewIPCTensor: cached_sampler_r0_7 [1000000]0x100003577000 7.629 MB
W20240128 16:05:14.650879 452511 IPCTensor.h:368] NewIPCTensor: cached_sampler_r0_8 [1000000]0x100003d1a000 7.629 MB
W20240128 16:05:14.650895 452511 IPCTensor.h:368] NewIPCTensor: cached_sampler_r0_9 [1000000]0x1000044bd000 7.629 MB
W20240128 16:05:14.650920 452511 IPCTensor.h:368] NewIPCTensor: step_r0 [10]0x100004c60000 80 B 
W20240128 16:05:14.650941 452511 IPCTensor.h:368] NewIPCTensor: circle_buffer_end_r0 [1]0x100004c62000 8 B 
W20240128 16:05:14.650961 452511 IPCTensor.h:368] NewIPCTensor: circle_buffer_end_cppseen_r0 [1]0x100004c64000 8 B 
W20240128 16:05:14.651041 452511 IPCTensor.h:368] NewIPCTensor: cached_sampler_r1_0 [1000000]0x100004c66000 7.629 MB
W20240128 16:05:14.651064 452511 IPCTensor.h:368] NewIPCTensor: cached_sampler_r1_1 [1000000]0x100005409000 7.629 MB
W20240128 16:05:14.651082 452511 IPCTensor.h:368] NewIPCTensor: cached_sampler_r1_2 [1000000]0x100005bac000 7.629 MB
W20240128 16:05:14.651111 452511 IPCTensor.h:368] NewIPCTensor: cached_sampler_r1_3 [1000000]0x10000634f000 7.629 MB
W20240128 16:05:14.651126 452511 IPCTensor.h:368] NewIPCTensor: cached_sampler_r1_4 [1000000]0x100006af2000 7.629 MB
W20240128 16:05:14.651142 452511 IPCTensor.h:368] NewIPCTensor: cached_sampler_r1_5 [1000000]0x100007295000 7.629 MB
W20240128 16:05:14.651157 452511 IPCTensor.h:368] NewIPCTensor: cached_sampler_r1_6 [1000000]0x100007a38000 7.629 MB
W20240128 16:05:14.651176 452511 IPCTensor.h:368] NewIPCTensor: cached_sampler_r1_7 [1000000]0x1000081db000 7.629 MB
W20240128 16:05:14.651197 452511 IPCTensor.h:368] NewIPCTensor: cached_sampler_r1_8 [1000000]0x10000897e000 7.629 MB
W20240128 16:05:14.651216 452511 IPCTensor.h:368] NewIPCTensor: cached_sampler_r1_9 [1000000]0x100009121000 7.629 MB
W20240128 16:05:14.651229 452511 IPCTensor.h:368] NewIPCTensor: step_r1 [10]0x1000098c4000 80 B 
W20240128 16:05:14.651242 452511 IPCTensor.h:368] NewIPCTensor: circle_buffer_end_r1 [1]0x1000098c6000 8 B 
W20240128 16:05:14.651255 452511 IPCTensor.h:368] NewIPCTensor: circle_buffer_end_cppseen_r1 [1]0x1000098c8000 8 B 
W20240128 16:05:14.651289 452511 IPCTensor.h:368] NewIPCTensor: cached_sampler_r2_0 [1000000]0x1000098ca000 7.629 MB
W20240128 16:05:14.651306 452511 IPCTensor.h:368] NewIPCTensor: cached_sampler_r2_1 [1000000]0x10000a06d000 7.629 MB
W20240128 16:05:14.651329 452511 IPCTensor.h:368] NewIPCTensor: cached_sampler_r2_2 [1000000]0x10000a810000 7.629 MB
W20240128 16:05:14.651347 452511 IPCTensor.h:368] NewIPCTensor: cached_sampler_r2_3 [1000000]0x10000afb3000 7.629 MB
W20240128 16:05:14.651363 452511 IPCTensor.h:368] NewIPCTensor: cached_sampler_r2_4 [1000000]0x10000b756000 7.629 MB
W20240128 16:05:14.651377 452511 IPCTensor.h:368] NewIPCTensor: cached_sampler_r2_5 [1000000]0x10000bef9000 7.629 MB
W20240128 16:05:14.651397 452511 IPCTensor.h:368] NewIPCTensor: cached_sampler_r2_6 [1000000]0x10000c69c000 7.629 MB
W20240128 16:05:14.651417 452511 IPCTensor.h:368] NewIPCTensor: cached_sampler_r2_7 [1000000]0x10000ce3f000 7.629 MB
W20240128 16:05:14.651435 452511 IPCTensor.h:368] NewIPCTensor: cached_sampler_r2_8 [1000000]0x10000d5e2000 7.629 MB
W20240128 16:05:14.651458 452511 IPCTensor.h:368] NewIPCTensor: cached_sampler_r2_9 [1000000]0x10000dd85000 7.629 MB
W20240128 16:05:14.651476 452511 IPCTensor.h:368] NewIPCTensor: step_r2 [10]0x10000e528000 80 B 
W20240128 16:05:14.651489 452511 IPCTensor.h:368] NewIPCTensor: circle_buffer_end_r2 [1]0x10000e52a000 8 B 
W20240128 16:05:14.651506 452511 IPCTensor.h:368] NewIPCTensor: circle_buffer_end_cppseen_r2 [1]0x10000e52c000 8 B 
W20240128 16:05:14.651543 452511 IPCTensor.h:368] NewIPCTensor: cached_sampler_r3_0 [1000000]0x10000e52e000 7.629 MB
W20240128 16:05:14.651564 452511 IPCTensor.h:368] NewIPCTensor: cached_sampler_r3_1 [1000000]0x10000ecd1000 7.629 MB
W20240128 16:05:14.651583 452511 IPCTensor.h:368] NewIPCTensor: cached_sampler_r3_2 [1000000]0x10000f474000 7.629 MB
W20240128 16:05:14.651598 452511 IPCTensor.h:368] NewIPCTensor: cached_sampler_r3_3 [1000000]0x10000fc17000 7.629 MB
W20240128 16:05:14.651613 452511 IPCTensor.h:368] NewIPCTensor: cached_sampler_r3_4 [1000000]0x1000103ba000 7.629 MB
W20240128 16:05:14.651628 452511 IPCTensor.h:368] NewIPCTensor: cached_sampler_r3_5 [1000000]0x100010b5d000 7.629 MB
W20240128 16:05:14.651645 452511 IPCTensor.h:368] NewIPCTensor: cached_sampler_r3_6 [1000000]0x100011300000 7.629 MB
W20240128 16:05:14.651666 452511 IPCTensor.h:368] NewIPCTensor: cached_sampler_r3_7 [1000000]0x100011aa3000 7.629 MB
W20240128 16:05:14.651684 452511 IPCTensor.h:368] NewIPCTensor: cached_sampler_r3_8 [1000000]0x100012246000 7.629 MB
W20240128 16:05:14.651698 452511 IPCTensor.h:368] NewIPCTensor: cached_sampler_r3_9 [1000000]0x1000129e9000 7.629 MB
W20240128 16:05:14.651715 452511 IPCTensor.h:368] NewIPCTensor: step_r3 [10]0x10001318c000 80 B 
W20240128 16:05:14.651727 452511 IPCTensor.h:368] NewIPCTensor: circle_buffer_end_r3 [1]0x10001318e000 8 B 
W20240128 16:05:14.651741 452511 IPCTensor.h:368] NewIPCTensor: circle_buffer_end_cppseen_r3 [1]0x100013190000 8 B 
W20240128 16:05:14.784178 452511 IPCTensor.h:368] NewIPCTensor: full_emb [14951, 400]0x100013192000 22.81 MB
W20240128 16:05:14.784302 452511 IPCTensor.h:368] NewIPCTensor: full_emb_SparseRowWiseAdaGrad_sum [14951]0x100014864000 58.4 kB
{0: Graph(num_nodes=10523, num_edges=182012,
      ndata_schemes={'_ID': Scheme(shape=(), dtype=torch.int64), 'inner_node': Scheme(shape=(), dtype=torch.int32), 'part_id': Scheme(shape=(), dtype=torch.int64)}
      edata_schemes={'_ID': Scheme(shape=(), dtype=torch.int64), 'inner_edge': Scheme(shape=(), dtype=torch.int8)}), 1: Graph(num_nodes=10996, num_edges=244360,
      ndata_schemes={'_ID': Scheme(shape=(), dtype=torch.int64), 'inner_node': Scheme(shape=(), dtype=torch.int32), 'part_id': Scheme(shape=(), dtype=torch.int64)}
      edata_schemes={'_ID': Scheme(shape=(), dtype=torch.int64), 'inner_edge': Scheme(shape=(), dtype=torch.int8)}), 2: Graph(num_nodes=9404, num_edges=143355,
      ndata_schemes={'_ID': Scheme(shape=(), dtype=torch.int64), 'inner_node': Scheme(shape=(), dtype=torch.int32), 'part_id': Scheme(shape=(), dtype=torch.int64)}
      edata_schemes={'_ID': Scheme(shape=(), dtype=torch.int64), 'inner_edge': Scheme(shape=(), dtype=torch.int8)}), 3: Graph(num_nodes=10954, num_edges=175447,
      ndata_schemes={'_ID': Scheme(shape=(), dtype=torch.int64), 'inner_node': Scheme(shape=(), dtype=torch.int32), 'part_id': Scheme(shape=(), dtype=torch.int64)}
      edata_schemes={'_ID': Scheme(shape=(), dtype=torch.int64), 'inner_edge': Scheme(shape=(), dtype=torch.int8)})}
MertisPartition: part 0 has 10523 N 182012 E
MertisPartition: part 1 has 10996 N 244360 E
MertisPartition: part 2 has 9404 N 143355 E
MertisPartition: part 3 has 10954 N 175447 E
Rank0: cached key size 186
Rank1: cached key size 186
Rank2: cached key size 186
Rank3: cached key size 186
Before renumbering graph:  {'_ID': tensor([    5,    14,    17,  ..., 11245,  2040,  3009]), 'inner_node': tensor([1, 1, 1,  ..., 0, 0, 0], dtype=torch.int32), 'part_id': tensor([0, 0, 0,  ..., 2, 3, 3])}
After renumbering graph:  {'_ID': tensor([ 873, 1092, 1163,  ..., 1643, 5944, 6985]), 'inner_node': tensor([1, 1, 1,  ..., 0, 0, 0], dtype=torch.int32), 'part_id': tensor([0, 0, 0,  ..., 2, 3, 3])}
part_g: DGLGraph(num_nodes=10523, num_edges=182012,
         ndata_schemes={'_ID': Scheme(shape=(), dtype=torch.int64)}
         edata_schemes={'tid': Scheme(shape=(), dtype=torch.int64)})
part_g: DGLGraph(num_nodes=10523, num_edges=182012,
         ndata_schemes={'_ID': Scheme(shape=(), dtype=torch.int64)}
         edata_schemes={'tid': Scheme(shape=(), dtype=torch.int64)})
Total initialize time 3.120 seconds
[Rank1] pid = 452723
[Rank2] pid = 452788
INFO [452511 distributed_c10d.py:442] Added key: store_based_barrier_key:1 to store for rank: 0
INFO [452723 distributed_c10d.py:442] Added key: store_based_barrier_key:1 to store for rank: 1
INFO [452852 distributed_c10d.py:442] Added key: store_based_barrier_key:1 to store for rank: 3
INFO [452511 distributed_c10d.py:476] Rank 0: Completed store-based barrier for key:store_based_barrier_key:1 with 4 nodes.
INFO [452852 distributed_c10d.py:476] Rank 3: Completed store-based barrier for key:store_based_barrier_key:1 with 4 nodes.
INFO [452723 distributed_c10d.py:476] Rank 1: Completed store-based barrier for key:store_based_barrier_key:1 with 4 nodes.
INFO [452788 distributed_c10d.py:442] Added key: store_based_barrier_key:1 to store for rank: 2
INFO [452788 distributed_c10d.py:476] Rank 2: Completed store-based barrier for key:store_based_barrier_key:1 with 4 nodes.
W20240128 16:05:17.278651 452853 IPCTensor.h:408] NewIPCGPUTensor: embedding_cache_0 [747, 400]; dev=0; size=1.14 MB
W20240128 16:05:17.279433 452853 IPCTensor.h:368] NewIPCTensor: input_keys_0 [1000000]0x100014876000 7.629 MB
W20240128 16:05:17.279625 452853 IPCTensor.h:368] NewIPCTensor: input_keys_neg_0 [1000000]0x100015019000 7.629 MB
W20240128 16:05:17.279603 452724 IPCTensor.h:408] NewIPCGPUTensor: embedding_cache_1 [747, 400]; dev=1; size=1.14 MB
W20240128 16:05:17.279732 452853 IPCTensor.h:368] NewIPCTensor: backward_grads_0 [1000000, 400]0x1000157bc000 1.49 GB
W20240128 16:05:17.279659 452854 IPCTensor.h:408] NewIPCGPUTensor: embedding_cache_3 [747, 400]; dev=3; size=1.14 MB
W20240128 16:05:17.279831 452853 IPCTensor.h:368] NewIPCTensor: backward_grads_neg_0 [1000000, 400]0x100074d9f000 1.49 GB
W20240128 16:05:17.279897 452853 IPCTensor.h:408] NewIPCGPUTensor: backward_grads_0_gpu [1000000, 400]; dev=0; size=1.49 GB
W20240128 16:05:17.280089 452789 IPCTensor.h:408] NewIPCGPUTensor: embedding_cache_2 [747, 400]; dev=2; size=1.14 MB
W20240128 16:05:17.285151 452853 IPCTensor.h:408] NewIPCGPUTensor: backward_grads_neg_0_gpu [1000000, 400]; dev=0; size=1.49 GB
W20240128 16:05:17.285223 452724 IPCTensor.h:368] NewIPCTensor: input_keys_1 [1000000]0x1000d438a000 7.629 MB
W20240128 16:05:17.285280 452854 IPCTensor.h:368] NewIPCTensor: input_keys_3 [1000000]0x1000d4b2d000 7.629 MB
W20240128 16:05:17.285316 452789 IPCTensor.h:368] NewIPCTensor: input_keys_2 [1000000]0x1000d52d0000 7.629 MB
W20240128 16:05:17.285452 452724 IPCTensor.h:368] NewIPCTensor: input_keys_neg_1 [1000000]0x1000d5a73000 7.629 MB
W20240128 16:05:17.285526 452789 IPCTensor.h:368] NewIPCTensor: input_keys_neg_2 [1000000]0x1000d6216000 7.629 MB
W20240128 16:05:17.285554 452854 IPCTensor.h:368] NewIPCTensor: input_keys_neg_3 [1000000]0x1000d69b9000 7.629 MB
W20240128 16:05:17.285569 452724 IPCTensor.h:368] NewIPCTensor: backward_grads_1 [1000000, 400]0x1000d715c000 1.49 GB
W20240128 16:05:17.285626 452724 IPCTensor.h:368] NewIPCTensor: backward_grads_neg_1 [1000000, 400]0x10013673f000 1.49 GB
W20240128 16:05:17.285653 452789 IPCTensor.h:368] NewIPCTensor: backward_grads_2 [1000000, 400]0x100195d22000 1.49 GB
W20240128 16:05:17.285712 452789 IPCTensor.h:368] NewIPCTensor: backward_grads_neg_2 [1000000, 400]0x1001f5305000 1.49 GB
W20240128 16:05:17.285727 452724 IPCTensor.h:408] NewIPCGPUTensor: backward_grads_1_gpu [1000000, 400]; dev=1; size=1.49 GB
W20240128 16:05:17.285738 452854 IPCTensor.h:368] NewIPCTensor: backward_grads_3 [1000000, 400]0x1002548e8000 1.49 GB
W20240128 16:05:17.285797 452789 IPCTensor.h:408] NewIPCGPUTensor: backward_grads_2_gpu [1000000, 400]; dev=2; size=1.49 GB
W20240128 16:05:17.285811 452854 IPCTensor.h:368] NewIPCTensor: backward_grads_neg_3 [1000000, 400]0x1002b3ecb000 1.49 GB
W20240128 16:05:17.285876 452854 IPCTensor.h:408] NewIPCGPUTensor: backward_grads_3_gpu [1000000, 400]; dev=3; size=1.49 GB
W20240128 16:05:17.300849 452724 IPCTensor.h:408] NewIPCGPUTensor: backward_grads_neg_1_gpu [1000000, 400]; dev=1; size=1.49 GB
W20240128 16:05:17.300875 452789 IPCTensor.h:408] NewIPCGPUTensor: backward_grads_neg_2_gpu [1000000, 400]; dev=2; size=1.49 GB
W20240128 16:05:17.300910 452854 IPCTensor.h:408] NewIPCGPUTensor: backward_grads_neg_3_gpu [1000000, 400]; dev=3; size=1.49 GB
cudaHostRegister 0x100013192000
2: KnownLocalCachedEmbedding init done
WARNING [452788 DistTensor.py:56] The tensor name already exists in the kvstore
cudaHostRegister 0x100013192000
3: KnownLocalCachedEmbedding init done
WARNING [452852 DistTensor.py:56] The tensor name already exists in the kvstore
cudaHostRegister 0x100013192000
1: KnownLocalCachedEmbedding init done
WARNING [452723 DistTensor.py:56] The tensor name already exists in the kvstore
[Rank3] pid = 452852
New CachedEmbedding, name=full_emb, shape=(14951, 400), cache_type=KnownLocalCachedEmbedding
fixed cache_range is [(0, 747), (747, 1494), (1494, 2241), (2241, 2988)]
cudaHostRegister 0x100013192000
0: KnownLocalCachedEmbedding init done
WARNING [452511 DistTensor.py:56] The tensor name already exists in the kvstore
I20240128 16:05:18.638682 452853 IPC_barrier.h:118] CreateBarrier: new barrier, name: kgcachecontroller, count: 4
I20240128 16:05:18.638815 452854 IPC_barrier.h:112] CreateBarrier: find existing barrier, name: kgcachecontroller, count: 4
I20240128 16:05:18.638891 452724 IPC_barrier.h:112] CreateBarrier: find existing barrier, name: kgcachecontroller, count: 4
I20240128 16:05:18.639007 452789 IPC_barrier.h:112] CreateBarrier: find existing barrier, name: kgcachecontroller, count: 4
W20240128 16:05:18.640337 452853 grad_base.h:55] KGCacheController, config={
        "num_gpus": 4,
        "L": 10,
        "backgrad_init": "both", 
        "kForwardItersPerStep": 2,
        "clr": 1,
        "nr_background_threads": 32,
        "backwardMode": "CppAsyncV2",
        "cache_ratio": 0.05,
        "update_cache_use_omp":  0,
        "update_pq_use_omp":  0
        }
W20240128 16:05:18.640527 452853 grad_base.h:184] Init GradProcessingBase done
I20240128 16:05:18.644655 452853 grad_async_v2.h:32] Use background thread to update emb. nr_background_threads=32
W20240128 16:05:18.644757 452853 kg_controller.h:78] after init GradAsyncProcessingV2
I20240128 16:05:18.644762 452853 kg_controller.h:84] Construct KGCacheController done
E20240128 16:05:20.007941 452789 recstore.cc:66] init folly done
E20240128 16:05:20.007997 452853 recstore.cc:66] init folly done
E20240128 16:05:20.007997 452724 recstore.cc:66] init folly done
E20240128 16:05:20.008018 452854 recstore.cc:66] init folly done
I20240128 16:05:20.009091 452853 grad_base.h:60] GraphEnv RegTensorsPerProcess
W20240128 16:05:20.705972 453373 grad_async_v2.h:121] Detect new sample comes, old_end0, new_end1
E20240128 16:05:20.706369 453373 parallel_pq_v2.h:76] insert failed, size(hashtable)=1
I20240128 16:05:20.726984 452853 IPC_barrier.h:118] CreateBarrier: new barrier, name: start_barrier, count: 4
I20240128 16:05:20.750140 452789 IPC_barrier.h:112] CreateBarrier: find existing barrier, name: start_barrier, count: 4
I20240128 16:05:20.755591 452854 IPC_barrier.h:112] CreateBarrier: find existing barrier, name: start_barrier, count: 4
I20240128 16:05:20.763689 452724 IPC_barrier.h:112] CreateBarrier: find existing barrier, name: start_barrier, count: 4
E20240128 16:05:23.103543 452853 parallel_pq_v2.h:76] insert failed, size(hashtable)=1
W20240128 16:05:23.117261 453373 grad_async_v2.h:121] Detect new sample comes, old_end1, new_end2
W20240128 16:05:23.137631 452853 grad_async_v2.h:250] Sleep in <BlockToStepN>, step_no=2, pq.top=0
+---------------------------+---------------------------+---------------------------+
| Name                      | P50                       | P99                       |
+---------------------------+---------------------------+---------------------------+
| GenInput                  | 947.004 us                | 10.276 ms                 |
| Forward                   | 2.953 ms                  | 729.528 ms                |
| Backward                  | 3.123 ms                  | 195.875 ms                |
| Optimize                  | 981.322 us                | 47.738 ms                 |
| BarrierTimeBeforeRank0    | 35.475 us                 | 70.512 ms                 |
| AfterBackward             | 12.458 ms                 | 1.306 s                   |
| BlockToStepN              | 1.536 ms                  | 7.694 ms                  |
| OneStep                   | 24.424 ms                 | 2.352 s                   |
+---------------------------+---------------------------+---------------------------+
E20240128 16:05:24.103085 453372 parallel_pq_v2.h:76] insert failed, size(hashtable)=11575
W20240128 16:05:24.122884 453373 grad_async_v2.h:121] Detect new sample comes, old_end1, new_end2
W20240128 16:05:24.145087 452853 grad_async_v2.h:250] Sleep in <BlockToStepN>, step_no=42, pq.top=42
+---------------------------+---------------------------+---------------------------+
| Name                      | P50                       | P99                       |
+---------------------------+---------------------------+---------------------------+
| ProcessBack:Shuffle       | 2.201 ms                  | 131.746 ms                |
| ProcessBack:UpdateCache   | 1.910 ms                  | 349.103 ms                |
| ProcessBack:UpsertPq      | 8.099 ms                  | 11.296 ms                 |
| ProcessOneStep            | 13.499 ms                 | 19.424 ms                 |
| BlockToStepN              | 2.989 ms                  | 7.280 ms                  |
+---------------------------+---------------------------+---------------------------+
E20240128 16:05:25.103032 453372 parallel_pq_v2.h:76] insert failed, size(hashtable)=9034
W20240128 16:05:25.134797 453373 grad_async_v2.h:121] Detect new sample comes, old_end7, new_end8
W20240128 16:05:25.156888 452853 grad_async_v2.h:250] Sleep in <BlockToStepN>, step_no=78, pq.top=78
train_sampler.Prefill()
before start barrier
start train
[proc 2] 100 steps, total: 5.017, sample: 0.124, forward: 0.925, backward: 0.529, update: 0.129
train_sampler.Prefill()
before start barrier
start train
[proc 1] 100 steps, total: 5.003, sample: 0.165, forward: 1.039, backward: 0.440, update: 0.122
train_sampler.Prefill()
before start barrier
start train
[proc 3] 100 steps, total: 5.011, sample: 0.119, forward: 1.008, backward: 0.456, update: 0.121
train_sampler.Prefill()
-------Step 0-------
tensor([ 8295,  4788,  9299,  7125,  7551,  4219,   691,  4524, 11837, 10207]) tensor([ 1163,  7706,  9384,  3580,  7501,  7847, 13110,  8163,  7583,  7167])
-------Step 1-------
tensor([ 8295,  4788,  9299,  7125,  7551,  4219,   691,  4524, 11837, 10207]) tensor([  429, 11462, 13627,  1009, 10306, 10446,  1701, 13178,  7225,  7921])
-------Step 2-------
tensor([ 5733, 13002,  7041,  4890,  4981,  8609, 10430,  9853, 11286,   105]) tensor([9941, 3007, 2077, 8891, 4906,  734, 6549, 4747, 8821, 5981])
-------Step 3-------
tensor([ 5733, 13002,  7041,  4890,  4981,  8609, 10430,  9853, 11286,   105]) tensor([ 5903, 11075,  7001, 11377,  7055,  1443,  9348, 13715, 11595, 12237])
-------Step 4-------
tensor([ 9014,  2084,  3228,   166,  9607,  8072,  4377, 10912, 12147,  8188]) tensor([ 9870,  3616,  3129, 13109,  1559,  2045, 11004,  5542, 11266,  6773])
-------Step 5-------
tensor([ 9014,  2084,  3228,   166,  9607,  8072,  4377, 10912, 12147,  8188]) tensor([ 6091, 10380,  5181,  7963, 12958,  7071,  5094,  3282,  7529, 13612])
-------Step 6-------
tensor([ 9262,  9302,  5146,  7222,  1383,  8685,  7380,  2470, 13294,    71]) tensor([ 7534,  4838,  2882,  9954,  7045,   615,  4003, 12246, 12073,  3228])
-------Step 7-------
tensor([ 9262,  9302,  5146,  7222,  1383,  8685,  7380,  2470, 13294,    71]) tensor([ 5788,  7518,  8553, 11665,   540,   153, 13431, 10089,  4186, 13173])
-------Step 8-------
tensor([   25, 14910, 11020, 10404,  4826,  5146, 12826,  6358,  3446,  1371]) tensor([13681,  4766, 10185, 10153,  3295,  8833,  6044,   415,  9809, 14845])
-------Step 9-------
tensor([   25, 14910, 11020, 10404,  4826,  5146, 12826,  6358,  3446,  1371]) tensor([12960, 10749, 13086,   509, 11552,  9465,  6028,  1720,  6370,  9147])
before start barrier
start train
[proc 0] 100 steps, total: 5.040, sample: 0.212, forward: 1.018, backward: 0.481, update: 0.143
E20240128 16:05:26.103247 452853 parallel_pq_v2.h:76] insert failed, size(hashtable)=350
W20240128 16:05:26.136907 453373 grad_async_v2.h:121] Detect new sample comes, old_end4, new_end5
W20240128 16:05:26.158497 452853 grad_async_v2.h:250] Sleep in <BlockToStepN>, step_no=115, pq.top=115
E20240128 16:05:27.103022 453372 parallel_pq_v2.h:76] insert failed, size(hashtable)=10407
W20240128 16:05:27.157850 453373 grad_async_v2.h:121] Detect new sample comes, old_end1, new_end2
W20240128 16:05:27.184382 452853 grad_async_v2.h:250] Sleep in <BlockToStepN>, step_no=152, pq.top=152
E20240128 16:05:28.103010 453372 parallel_pq_v2.h:76] insert failed, size(hashtable)=12629
W20240128 16:05:28.160355 453373 grad_async_v2.h:121] Detect new sample comes, old_end6, new_end7
W20240128 16:05:28.184096 452853 grad_async_v2.h:250] Sleep in <BlockToStepN>, step_no=187, pq.top=187
[proc 1] 200 steps, total: 2.787, sample: 0.168, forward: 0.246, backward: 0.222, update: 0.073
[proc 2] 200 steps, total: 2.787, sample: 0.176, forward: 0.254, backward: 0.219, update: 0.069
[proc 3] 200 steps, total: 2.787, sample: 0.191, forward: 0.264, backward: 0.269, update: 0.067
[proc 0] 200 steps, total: 2.787, sample: 0.224, forward: 0.284, backward: 0.266, update: 0.085
+---------------------------+---------------------------+---------------------------+
| Name                      | P50                       | P99                       |
+---------------------------+---------------------------+---------------------------+
| GenInput                  | 1.106 ms                  | 10.571 ms                 |
| Forward                   | 2.938 ms                  | 5.726 ms                  |
| Backward                  | 2.647 ms                  | 5.446 ms                  |
| Optimize                  | 958.453 us                | 2.270 ms                  |
| BarrierTimeBeforeRank0    | 21.189 us                 | 2.641 ms                  |
| AfterBackward             | 14.073 ms                 | 16.623 ms                 |
| BlockToStepN              | 3.671 ms                  | 8.419 ms                  |
| OneStep                   | 26.828 ms                 | 40.342 ms                 |
+---------------------------+---------------------------+---------------------------+
E20240128 16:05:29.103009 453372 parallel_pq_v2.h:76] insert failed, size(hashtable)=9847
W20240128 16:05:29.168888 453373 grad_async_v2.h:121] Detect new sample comes, old_end1, new_end2
W20240128 16:05:29.191381 452853 grad_async_v2.h:250] Sleep in <BlockToStepN>, step_no=222, pq.top=222
+---------------------------+---------------------------+---------------------------+
| Name                      | P50                       | P99                       |
+---------------------------+---------------------------+---------------------------+
| ProcessBack:Shuffle       | 1.982 ms                  | 2.879 ms                  |
| ProcessBack:UpdateCache   | 1.800 ms                  | 2.548 ms                  |
| ProcessBack:UpsertPq      | 8.644 ms                  | 11.970 ms                 |
| ProcessOneStep            | 14.092 ms                 | 17.198 ms                 |
| BlockToStepN              | 4.233 ms                  | 10.989 ms                 |
+---------------------------+---------------------------+---------------------------+
E20240128 16:05:30.103016 453372 parallel_pq_v2.h:76] insert failed, size(hashtable)=12053
W20240128 16:05:30.182600 453373 grad_async_v2.h:121] Detect new sample comes, old_end2, new_end3
W20240128 16:05:30.201661 452853 grad_async_v2.h:250] Sleep in <BlockToStepN>, step_no=253, pq.top=253
E20240128 16:05:31.103014 453372 parallel_pq_v2.h:76] insert failed, size(hashtable)=8650
W20240128 16:05:31.193425 453373 grad_async_v2.h:121] Detect new sample comes, old_end7, new_end8
W20240128 16:05:31.213539 452853 grad_async_v2.h:250] Sleep in <BlockToStepN>, step_no=288, pq.top=288
[proc 2] 300 steps, total: 3.017, sample: 0.175, forward: 0.269, backward: 0.223, update: 0.067
[proc 0] 300 steps, total: 3.017, sample: 0.224, forward: 0.283, backward: 0.253, update: 0.088
[proc 1] 300 steps, total: 3.017, sample: 0.154, forward: 0.245, backward: 0.229, update: 0.076
[proc 3] 300 steps, total: 3.017, sample: 0.176, forward: 0.271, backward: 0.279, update: 0.067
E20240128 16:05:32.103020 453372 parallel_pq_v2.h:76] insert failed, size(hashtable)=10753
W20240128 16:05:32.194273 453373 grad_async_v2.h:121] Detect new sample comes, old_end1, new_end2
W20240128 16:05:32.226763 452853 grad_async_v2.h:250] Sleep in <BlockToStepN>, step_no=323, pq.top=323
E20240128 16:05:33.103847 453372 parallel_pq_v2.h:76] insert failed, size(hashtable)=9225
W20240128 16:05:33.195845 453373 grad_async_v2.h:121] Detect new sample comes, old_end5, new_end6
W20240128 16:05:33.236866 452853 grad_async_v2.h:250] Sleep in <BlockToStepN>, step_no=357, pq.top=357
+---------------------------+---------------------------+---------------------------+
| Name                      | P50                       | P99                       |
+---------------------------+---------------------------+---------------------------+
| GenInput                  | 1.186 ms                  | 10.434 ms                 |
| Forward                   | 2.894 ms                  | 4.708 ms                  |
| Backward                  | 2.578 ms                  | 5.446 ms                  |
| Optimize                  | 910.379 us                | 1.724 ms                  |
| BarrierTimeBeforeRank0    | 20.815 us                 | 2.358 ms                  |
| AfterBackward             | 13.632 ms                 | 16.275 ms                 |
| BlockToStepN              | 5.601 ms                  | 12.790 ms                 |
| OneStep                   | 27.771 ms                 | 40.342 ms                 |
+---------------------------+---------------------------+---------------------------+
E20240128 16:05:34.103039 453147 parallel_pq_v2.h:76] insert failed, size(hashtable)=76
W20240128 16:05:34.210073 453373 grad_async_v2.h:121] Detect new sample comes, old_end0, new_end1
W20240128 16:05:34.236450 452853 grad_async_v2.h:250] Sleep in <BlockToStepN>, step_no=391, pq.top=391
[proc 2] 400 steps, total: 2.927, sample: 0.176, forward: 0.275, backward: 0.226, update: 0.070
[proc 1] 400 steps, total: 2.927, sample: 0.130, forward: 0.216, backward: 0.219, update: 0.070
[proc 3] 400 steps, total: 2.927, sample: 0.187, forward: 0.283, backward: 0.247, update: 0.070
[proc 0] 400 steps, total: 2.927, sample: 0.217, forward: 0.276, backward: 0.257, update: 0.077
+---------------------------+---------------------------+---------------------------+
| Name                      | P50                       | P99                       |
+---------------------------+---------------------------+---------------------------+
| ProcessBack:Shuffle       | 1.956 ms                  | 2.454 ms                  |
| ProcessBack:UpdateCache   | 1.764 ms                  | 2.531 ms                  |
| ProcessBack:UpsertPq      | 7.993 ms                  | 11.746 ms                 |
| ProcessOneStep            | 13.228 ms                 | 16.247 ms                 |
| BlockToStepN              | 5.854 ms                  | 12.799 ms                 |
+---------------------------+---------------------------+---------------------------+
E20240128 16:05:35.103011 453372 parallel_pq_v2.h:76] insert failed, size(hashtable)=6257
W20240128 16:05:35.214753 453373 grad_async_v2.h:121] Detect new sample comes, old_end4, new_end5
W20240128 16:05:35.236207 452853 grad_async_v2.h:250] Sleep in <BlockToStepN>, step_no=425, pq.top=425
E20240128 16:05:36.103011 453372 parallel_pq_v2.h:76] insert failed, size(hashtable)=8884
W20240128 16:05:36.215338 453373 grad_async_v2.h:121] Detect new sample comes, old_end7, new_end8
W20240128 16:05:36.236650 452853 grad_async_v2.h:250] Sleep in <BlockToStepN>, step_no=458, pq.top=458
E20240128 16:05:37.103013 453372 parallel_pq_v2.h:76] insert failed, size(hashtable)=11612
W20240128 16:05:37.217561 453373 grad_async_v2.h:121] Detect new sample comes, old_end7, new_end8
W20240128 16:05:37.236052 452853 grad_async_v2.h:250] Sleep in <BlockToStepN>, step_no=488, pq.top=488
[proc 2] 500 steps, total: 3.143, sample: 0.154, forward: 0.250, backward: 0.235, update: 0.073
[proc 0] 500 steps, total: 3.143, sample: 0.220, forward: 0.271, backward: 0.276, update: 0.077
[proc 1] 500 steps, total: 3.143, sample: 0.161, forward: 0.241, backward: 0.218, update: 0.073
[proc 3] 500 steps, total: 3.143, sample: 0.183, forward: 0.278, backward: 0.248, update: 0.068
Successfully xmh. training takes 16.91488242149353 seconds
before call kg_cache_controller.StopThreads()
W20240128 16:05:37.641898 452853 grad_async_v2.h:71] call StopThreads. PID = 452511
W20240128 16:05:37.641924 452853 grad_base.h:212] before processOneStepNegThread_.join();
W20240128 16:05:37.642179 452853 grad_base.h:214] after processOneStepNegThread_.join();
W20240128 16:05:37.642189 452853 grad_async_v2.h:73] call GradProcessingBase::StopThreads.
W20240128 16:05:37.645277 452853 grad_async_v2.h:92] StopThreads done.
[W tensorpipe_agent.cpp:725] RPC agent for worker0 encountered error when reading incoming request from worker2: eof (this error originated at tensorpipe/transport/shm/connection_impl.cc:259)
[W tensorpipe_agent.cpp:725] RPC agent for worker0 encountered error when reading incoming request from worker1: eof (this error originated at tensorpipe/transport/shm/connection_impl.cc:259)
[W tensorpipe_agent.cpp:725] RPC agent for worker0 encountered error when reading incoming request from worker3: eof (this error originated at tensorpipe/transport/shm/connection_impl.cc:259)
