WARNING: Logging before InitGoogleLogging() is written to STDERR
I20240211 09:19:53.681690 65278 IPC_barrier.h:128] MultiProcessBarrierFactory->ClearIPCMemory()
W20240211 09:19:53.689815 65278 IPCTensor.h:369] NewIPCTensor: full_emb [9449206, 32]0x100000002000 1.126 GB
/data/home/xieminhui/RecStore/src/framework_adapters/torch/python/perf_rec_model.py:152: DeprecationWarning: The 'warn' function is deprecated, use 'warning' instead
  XLOG.warn("After init DistEmbedding")
WARNING [65278 perf_rec_model.py:152] After init DistEmbedding
========== Running Perf with routine <function routine_local_cache_helper at 0x7f93005958a0>==========
Worker 1 pid=2066
Worker 2 pid=2067
Worker 3 pid=2068
Worker 4 pid=2069
Worker 5 pid=2071
Worker 6 pid=2073
INFO [65278 distributed_c10d.py:442] Added key: store_based_barrier_key:1 to store for rank: 0
INFO [2066 distributed_c10d.py:442] Added key: store_based_barrier_key:1 to store for rank: 1
INFO [2067 distributed_c10d.py:442] Added key: store_based_barrier_key:1 to store for rank: 2
INFO [2068 distributed_c10d.py:442] Added key: store_based_barrier_key:1 to store for rank: 3
INFO [2069 distributed_c10d.py:442] Added key: store_based_barrier_key:1 to store for rank: 4
INFO [2071 distributed_c10d.py:442] Added key: store_based_barrier_key:1 to store for rank: 5
INFO [2074 distributed_c10d.py:442] Added key: store_based_barrier_key:1 to store for rank: 7
INFO [2073 distributed_c10d.py:442] Added key: store_based_barrier_key:1 to store for rank: 6
INFO [2071 distributed_c10d.py:476] Rank 5: Completed store-based barrier for key:store_based_barrier_key:1 with 8 nodes.
INFO [65278 distributed_c10d.py:476] Rank 0: Completed store-based barrier for key:store_based_barrier_key:1 with 8 nodes.
INFO [2069 distributed_c10d.py:476] Rank 4: Completed store-based barrier for key:store_based_barrier_key:1 with 8 nodes.
INFO [2073 distributed_c10d.py:476] Rank 6: Completed store-based barrier for key:store_based_barrier_key:1 with 8 nodes.
INFO [2074 distributed_c10d.py:476] Rank 7: Completed store-based barrier for key:store_based_barrier_key:1 with 8 nodes.
INFO [2066 distributed_c10d.py:476] Rank 1: Completed store-based barrier for key:store_based_barrier_key:1 with 8 nodes.
INFO [2067 distributed_c10d.py:476] Rank 2: Completed store-based barrier for key:store_based_barrier_key:1 with 8 nodes.
E20240211 09:19:59.999516  2074 IPCTensor.h:348] IPCTensor full_emb already exists
E20240211 09:19:59.999665  2069 IPCTensor.h:348] IPCTensor full_emb already exists
INFO [2068 distributed_c10d.py:476] Rank 3: Completed store-based barrier for key:store_based_barrier_key:1 with 8 nodes.
E20240211 09:19:59.999631  2071 IPCTensor.h:348] IPCTensor full_emb already exists
E20240211 09:19:59.999953  2073 IPCTensor.h:348] IPCTensor full_emb already exists
E20240211 09:19:59.999967 65278 IPCTensor.h:348] IPCTensor full_emb already exists
E20240211 09:19:59.999962  2067 IPCTensor.h:348] IPCTensor full_emb already exists
E20240211 09:20:00.000007  2066 IPCTensor.h:348] IPCTensor full_emb already exists
E20240211 09:20:00.000459  2068 IPCTensor.h:348] IPCTensor full_emb already exists
W20240211 09:20:05.344914  2071 IPCTensor.h:409] NewIPCGPUTensor: embedding_cache_5 [94492, 32]; dev=5; size=11.53 MB
W20240211 09:20:05.347896  2067 IPCTensor.h:409] NewIPCGPUTensor: embedding_cache_2 [94492, 32]; dev=2; size=11.53 MB
W20240211 09:20:05.347923  2068 IPCTensor.h:409] NewIPCGPUTensor: embedding_cache_3 [94492, 32]; dev=3; size=11.53 MB
W20240211 09:20:05.349772  2073 IPCTensor.h:409] NewIPCGPUTensor: embedding_cache_6 [94492, 32]; dev=6; size=11.53 MB
W20240211 09:20:05.349821 65278 IPCTensor.h:409] NewIPCGPUTensor: embedding_cache_0 [94492, 32]; dev=0; size=11.53 MB
W20240211 09:20:05.356303  2069 IPCTensor.h:409] NewIPCGPUTensor: embedding_cache_4 [94492, 32]; dev=4; size=11.53 MB
W20240211 09:20:05.359647  2074 IPCTensor.h:409] NewIPCGPUTensor: embedding_cache_7 [94492, 32]; dev=7; size=11.53 MB
W20240211 09:20:05.359678  2066 IPCTensor.h:409] NewIPCGPUTensor: embedding_cache_1 [94492, 32]; dev=1; size=11.53 MB
W20240211 09:20:06.136580  2068 IPCTensor.h:369] NewIPCTensor: input_keys_3 [1000000]0x10004817d000 7.629 MB
W20240211 09:20:06.136812  2068 IPCTensor.h:369] NewIPCTensor: input_keys_neg_3 [1000000]0x100048920000 7.629 MB
W20240211 09:20:06.136880  2068 IPCTensor.h:369] NewIPCTensor: backward_grads_3 [1000000, 32]0x1000490c3000 122.1 MB
W20240211 09:20:06.136942  2068 IPCTensor.h:369] NewIPCTensor: backward_grads_neg_3 [1000000, 32]0x100050ad9000 122.1 MB
W20240211 09:20:06.137006  2068 IPCTensor.h:409] NewIPCGPUTensor: backward_grads_3_gpu [1000000, 32]; dev=3; size=122.1 MB
W20240211 09:20:06.137169  2066 IPCTensor.h:369] NewIPCTensor: input_keys_1 [1000000]0x1000584ef000 7.629 MB
W20240211 09:20:06.137256  2073 IPCTensor.h:369] NewIPCTensor: input_keys_6 [1000000]0x100058c92000 7.629 MB
W20240211 09:20:06.137475  2066 IPCTensor.h:369] NewIPCTensor: input_keys_neg_1 [1000000]0x100059435000 7.629 MB
W20240211 09:20:06.137603  2066 IPCTensor.h:369] NewIPCTensor: backward_grads_1 [1000000, 32]0x100059bd8000 122.1 MB
W20240211 09:20:06.137691  2073 IPCTensor.h:369] NewIPCTensor: input_keys_neg_6 [1000000]0x1000615ec000 7.629 MB
W20240211 09:20:06.137761  2066 IPCTensor.h:369] NewIPCTensor: backward_grads_neg_1 [1000000, 32]0x100061d8f000 122.1 MB
W20240211 09:20:06.137820  2073 IPCTensor.h:369] NewIPCTensor: backward_grads_6 [1000000, 32]0x1000697a3000 122.1 MB
W20240211 09:20:06.137887  2066 IPCTensor.h:409] NewIPCGPUTensor: backward_grads_1_gpu [1000000, 32]; dev=1; size=122.1 MB
W20240211 09:20:06.137952  2073 IPCTensor.h:369] NewIPCTensor: backward_grads_neg_6 [1000000, 32]0x1000711b7000 122.1 MB
W20240211 09:20:06.138092  2073 IPCTensor.h:409] NewIPCGPUTensor: backward_grads_6_gpu [1000000, 32]; dev=6; size=122.1 MB
W20240211 09:20:06.140982  2068 IPCTensor.h:409] NewIPCGPUTensor: backward_grads_neg_3_gpu [1000000, 32]; dev=3; size=122.1 MB
W20240211 09:20:06.141063  2073 IPCTensor.h:409] NewIPCGPUTensor: backward_grads_neg_6_gpu [1000000, 32]; dev=6; size=122.1 MB
W20240211 09:20:06.141088  2066 IPCTensor.h:409] NewIPCGPUTensor: backward_grads_neg_1_gpu [1000000, 32]; dev=1; size=122.1 MB
W20240211 09:20:06.141206 65278 IPCTensor.h:369] NewIPCTensor: input_keys_0 [1000000]0x100078bd3000 7.629 MB
W20240211 09:20:06.141351 65278 IPCTensor.h:369] NewIPCTensor: input_keys_neg_0 [1000000]0x100079376000 7.629 MB
W20240211 09:20:06.141446 65278 IPCTensor.h:369] NewIPCTensor: backward_grads_0 [1000000, 32]0x100079b19000 122.1 MB
W20240211 09:20:06.141491 65278 IPCTensor.h:369] NewIPCTensor: backward_grads_neg_0 [1000000, 32]0x10008152d000 122.1 MB
W20240211 09:20:06.141526 65278 IPCTensor.h:409] NewIPCGPUTensor: backward_grads_0_gpu [1000000, 32]; dev=0; size=122.1 MB
W20240211 09:20:06.142504 65278 IPCTensor.h:409] NewIPCGPUTensor: backward_grads_neg_0_gpu [1000000, 32]; dev=0; size=122.1 MB
W20240211 09:20:06.158948  2071 IPCTensor.h:369] NewIPCTensor: input_keys_5 [1000000]0x100088f4d000 7.629 MB
W20240211 09:20:06.159147  2071 IPCTensor.h:369] NewIPCTensor: input_keys_neg_5 [1000000]0x1000896f0000 7.629 MB
W20240211 09:20:06.159242  2071 IPCTensor.h:369] NewIPCTensor: backward_grads_5 [1000000, 32]0x100089e93000 122.1 MB
W20240211 09:20:06.159297  2071 IPCTensor.h:369] NewIPCTensor: backward_grads_neg_5 [1000000, 32]0x1000918a7000 122.1 MB
W20240211 09:20:06.159353  2071 IPCTensor.h:409] NewIPCGPUTensor: backward_grads_5_gpu [1000000, 32]; dev=5; size=122.1 MB
W20240211 09:20:06.159796  2071 IPCTensor.h:409] NewIPCGPUTensor: backward_grads_neg_5_gpu [1000000, 32]; dev=5; size=122.1 MB
W20240211 09:20:06.169871  2067 IPCTensor.h:369] NewIPCTensor: input_keys_2 [1000000]0x1000992c1000 7.629 MB
W20240211 09:20:06.170032  2067 IPCTensor.h:369] NewIPCTensor: input_keys_neg_2 [1000000]0x100099a64000 7.629 MB
W20240211 09:20:06.170104  2067 IPCTensor.h:369] NewIPCTensor: backward_grads_2 [1000000, 32]0x10009a207000 122.1 MB
W20240211 09:20:06.170156  2067 IPCTensor.h:369] NewIPCTensor: backward_grads_neg_2 [1000000, 32]0x1000a1c1b000 122.1 MB
W20240211 09:20:06.170208  2067 IPCTensor.h:409] NewIPCGPUTensor: backward_grads_2_gpu [1000000, 32]; dev=2; size=122.1 MB
W20240211 09:20:06.170588  2067 IPCTensor.h:409] NewIPCGPUTensor: backward_grads_neg_2_gpu [1000000, 32]; dev=2; size=122.1 MB
W20240211 09:20:06.173116  2074 IPCTensor.h:369] NewIPCTensor: input_keys_7 [1000000]0x1000a9635000 7.629 MB
W20240211 09:20:06.173234  2074 IPCTensor.h:369] NewIPCTensor: input_keys_neg_7 [1000000]0x1000a9dd8000 7.629 MB
W20240211 09:20:06.173326  2074 IPCTensor.h:369] NewIPCTensor: backward_grads_7 [1000000, 32]0x1000aa57b000 122.1 MB
W20240211 09:20:06.173374  2074 IPCTensor.h:369] NewIPCTensor: backward_grads_neg_7 [1000000, 32]0x1000b1f8f000 122.1 MB
W20240211 09:20:06.173431  2074 IPCTensor.h:409] NewIPCGPUTensor: backward_grads_7_gpu [1000000, 32]; dev=7; size=122.1 MB
W20240211 09:20:06.173856  2074 IPCTensor.h:409] NewIPCGPUTensor: backward_grads_neg_7_gpu [1000000, 32]; dev=7; size=122.1 MB
W20240211 09:20:06.185323  2069 IPCTensor.h:369] NewIPCTensor: input_keys_4 [1000000]0x1000b99a9000 7.629 MB
W20240211 09:20:06.185443  2069 IPCTensor.h:369] NewIPCTensor: input_keys_neg_4 [1000000]0x1000ba14c000 7.629 MB
W20240211 09:20:06.185500  2069 IPCTensor.h:369] NewIPCTensor: backward_grads_4 [1000000, 32]0x1000ba8ef000 122.1 MB
W20240211 09:20:06.185551  2069 IPCTensor.h:369] NewIPCTensor: backward_grads_neg_4 [1000000, 32]0x1000c2303000 122.1 MB
W20240211 09:20:06.185597  2069 IPCTensor.h:409] NewIPCGPUTensor: backward_grads_4_gpu [1000000, 32]; dev=4; size=122.1 MB
W20240211 09:20:06.187144  2069 IPCTensor.h:409] NewIPCGPUTensor: backward_grads_neg_4_gpu [1000000, 32]; dev=4; size=122.1 MB
cudaHostRegister 0x100000002000
1: KnownLocalCachedEmbedding init done
cudaHostRegister 0x100000002000
2: KnownLocalCachedEmbedding init done
cudaHostRegister 0x100000002000
7: KnownLocalCachedEmbedding init done
cudaHostRegister 0x100000002000
6: KnownLocalCachedEmbedding init done
cudaHostRegister 0x100000002000
4: KnownLocalCachedEmbedding init done
cudaHostRegister 0x100000002000
3: KnownLocalCachedEmbedding init done
Worker 7 pid=2074
New CachedEmbedding, name=full_emb, shape=(9449206, 32), cache_type=KnownLocalCachedEmbeddingSoftware
fixed cache_range is [(0, 94492), (94492, 188984), (188984, 283476), (283476, 377968), (377968, 472460), (472460, 566952), (566952, 661444), (661444, 755936)]
cudaHostRegister 0x100000002000
0: KnownLocalCachedEmbedding init done
cudaHostRegister 0x100000002000
5: KnownLocalCachedEmbedding init done
W20240211 09:20:10.989465  2068 IPCTensor.h:369] NewIPCTensor: cached_sampler_r3_0 [1000000]0x1000c9d1b000 7.629 MB
W20240211 09:20:10.989677  2068 IPCTensor.h:369] NewIPCTensor: cached_sampler_r3_1 [1000000]0x1000ca4be000 7.629 MB
W20240211 09:20:10.989729  2068 IPCTensor.h:369] NewIPCTensor: cached_sampler_r3_2 [1000000]0x1000cac61000 7.629 MB
W20240211 09:20:10.989771  2068 IPCTensor.h:369] NewIPCTensor: cached_sampler_r3_3 [1000000]0x1000cb404000 7.629 MB
W20240211 09:20:10.989813  2068 IPCTensor.h:369] NewIPCTensor: cached_sampler_r3_4 [1000000]0x1000cbba7000 7.629 MB
W20240211 09:20:10.989846  2068 IPCTensor.h:369] NewIPCTensor: cached_sampler_r3_5 [1000000]0x1000cc34a000 7.629 MB
W20240211 09:20:10.989888  2068 IPCTensor.h:369] NewIPCTensor: cached_sampler_r3_6 [1000000]0x1000ccaed000 7.629 MB
W20240211 09:20:10.989980  2068 IPCTensor.h:369] NewIPCTensor: cached_sampler_r3_7 [1000000]0x1000cd290000 7.629 MB
W20240211 09:20:10.990023  2068 IPCTensor.h:369] NewIPCTensor: cached_sampler_r3_8 [1000000]0x1000cda33000 7.629 MB
W20240211 09:20:10.990065  2068 IPCTensor.h:369] NewIPCTensor: cached_sampler_r3_9 [1000000]0x1000ce1d6000 7.629 MB
W20240211 09:20:10.990109  2068 IPCTensor.h:369] NewIPCTensor: step_r3 [10]0x1000ce979000 80 B 
W20240211 09:20:10.990162  2068 IPCTensor.h:369] NewIPCTensor: circle_buffer_end_r3 [1]0x1000ce97b000 8 B 
W20240211 09:20:10.990195  2068 IPCTensor.h:369] NewIPCTensor: circle_buffer_end_cppseen_r3 [1]0x1000ce97d000 8 B 
Dataset:  /home/xieminhui/RecStoreDataset/avazu_binary
Dataset loaded
np.max =  9449205
np.min=  1
Construct RecModelSampler done
Construct KGCacheControllerWrapper done
W20240211 09:20:10.990649 65278 IPCTensor.h:369] NewIPCTensor: cached_sampler_r0_0 [1000000]0x1000ce97f000 7.629 MB
E20240211 09:20:10.990818  2068 recstore.cc:66] init folly done
W20240211 09:20:10.991067 65278 IPCTensor.h:369] NewIPCTensor: cached_sampler_r0_1 [1000000]0x1000cf122000 7.629 MB
W20240211 09:20:10.991122 65278 IPCTensor.h:369] NewIPCTensor: cached_sampler_r0_2 [1000000]0x1000cf8c5000 7.629 MB
W20240211 09:20:10.991158 65278 IPCTensor.h:369] NewIPCTensor: cached_sampler_r0_3 [1000000]0x1000d0068000 7.629 MB
W20240211 09:20:10.991230 65278 IPCTensor.h:369] NewIPCTensor: cached_sampler_r0_4 [1000000]0x1000d080b000 7.629 MB
W20240211 09:20:10.991284 65278 IPCTensor.h:369] NewIPCTensor: cached_sampler_r0_5 [1000000]0x1000d0fae000 7.629 MB
W20240211 09:20:10.991322 65278 IPCTensor.h:369] NewIPCTensor: cached_sampler_r0_6 [1000000]0x1000d1751000 7.629 MB
W20240211 09:20:10.991358  2071 IPCTensor.h:369] NewIPCTensor: cached_sampler_r5_0 [1000000]0x1000d1ef4000 7.629 MB
W20240211 09:20:10.991381 65278 IPCTensor.h:369] NewIPCTensor: cached_sampler_r0_7 [1000000]0x1000d2697000 7.629 MB
W20240211 09:20:10.991417 65278 IPCTensor.h:369] NewIPCTensor: cached_sampler_r0_8 [1000000]0x1000d2e3a000 7.629 MB
W20240211 09:20:10.991453 65278 IPCTensor.h:369] NewIPCTensor: cached_sampler_r0_9 [1000000]0x1000d35dd000 7.629 MB
W20240211 09:20:10.991492 65278 IPCTensor.h:369] NewIPCTensor: step_r0 [10]0x1000d3d80000 80 B 
W20240211 09:20:10.991525 65278 IPCTensor.h:369] NewIPCTensor: circle_buffer_end_r0 [1]0x1000d3d82000 8 B 
W20240211 09:20:10.991539  2071 IPCTensor.h:369] NewIPCTensor: cached_sampler_r5_1 [1000000]0x1000d3d84000 7.629 MB
W20240211 09:20:10.991572 65278 IPCTensor.h:369] NewIPCTensor: circle_buffer_end_cppseen_r0 [1]0x1000d4527000 8 B 
W20240211 09:20:10.991592  2071 IPCTensor.h:369] NewIPCTensor: cached_sampler_r5_2 [1000000]0x1000d4529000 7.629 MB
W20240211 09:20:10.991638  2071 IPCTensor.h:369] NewIPCTensor: cached_sampler_r5_3 [1000000]0x1000d4ccc000 7.629 MB
W20240211 09:20:10.991685  2071 IPCTensor.h:369] NewIPCTensor: cached_sampler_r5_4 [1000000]0x1000d546f000 7.629 MB
W20240211 09:20:10.991721  2071 IPCTensor.h:369] NewIPCTensor: cached_sampler_r5_5 [1000000]0x1000d5c12000 7.629 MB
W20240211 09:20:10.991767  2071 IPCTensor.h:369] NewIPCTensor: cached_sampler_r5_6 [1000000]0x1000d63b5000 7.629 MB
Dataset:  /home/xieminhui/RecStoreDataset/avazu_binary
Dataset loaded
np.max =  9449205
np.min=  1
Construct RecModelSampler done
W20240211 09:20:10.991822  2071 IPCTensor.h:369] NewIPCTensor: cached_sampler_r5_7 [1000000]0x1000d6b58000 7.629 MB
Construct KGCacheControllerWrapper done
W20240211 09:20:10.991892  2071 IPCTensor.h:369] NewIPCTensor: cached_sampler_r5_8 [1000000]0x1000d72fb000 7.629 MB
W20240211 09:20:10.991940  2071 IPCTensor.h:369] NewIPCTensor: cached_sampler_r5_9 [1000000]0x1000d7a9e000 7.629 MB
W20240211 09:20:10.991986  2071 IPCTensor.h:369] NewIPCTensor: step_r5 [10]0x1000d8241000 80 B 
W20240211 09:20:10.992024  2071 IPCTensor.h:369] NewIPCTensor: circle_buffer_end_r5 [1]0x1000d8243000 8 B 
W20240211 09:20:10.992066  2071 IPCTensor.h:369] NewIPCTensor: circle_buffer_end_cppseen_r5 [1]0x1000d8245000 8 B 
Dataset:  /home/xieminhui/RecStoreDataset/avazu_binary
Dataset loaded
np.max =  9449205
np.min=  1
Construct RecModelSampler done
Construct KGCacheControllerWrapper done
E20240211 09:20:10.992513 65278 recstore.cc:66] init folly done
E20240211 09:20:10.992527  2071 recstore.cc:66] init folly done
W20240211 09:20:11.330865  2067 IPCTensor.h:369] NewIPCTensor: cached_sampler_r2_0 [1000000]0x1000d8247000 7.629 MB
W20240211 09:20:11.331063  2067 IPCTensor.h:369] NewIPCTensor: cached_sampler_r2_1 [1000000]0x1000d89ea000 7.629 MB
W20240211 09:20:11.331126  2067 IPCTensor.h:369] NewIPCTensor: cached_sampler_r2_2 [1000000]0x1000d918d000 7.629 MB
W20240211 09:20:11.331187  2067 IPCTensor.h:369] NewIPCTensor: cached_sampler_r2_3 [1000000]0x1000d9930000 7.629 MB
W20240211 09:20:11.331238  2067 IPCTensor.h:369] NewIPCTensor: cached_sampler_r2_4 [1000000]0x1000da0d3000 7.629 MB
W20240211 09:20:11.331279  2067 IPCTensor.h:369] NewIPCTensor: cached_sampler_r2_5 [1000000]0x1000da876000 7.629 MB
W20240211 09:20:11.331341  2067 IPCTensor.h:369] NewIPCTensor: cached_sampler_r2_6 [1000000]0x1000db019000 7.629 MB
W20240211 09:20:11.331408  2067 IPCTensor.h:369] NewIPCTensor: cached_sampler_r2_7 [1000000]0x1000db7bc000 7.629 MB
W20240211 09:20:11.331459  2067 IPCTensor.h:369] NewIPCTensor: cached_sampler_r2_8 [1000000]0x1000dbf5f000 7.629 MB
W20240211 09:20:11.331517  2067 IPCTensor.h:369] NewIPCTensor: cached_sampler_r2_9 [1000000]0x1000dc702000 7.629 MB
W20240211 09:20:11.331565  2067 IPCTensor.h:369] NewIPCTensor: step_r2 [10]0x1000dcea5000 80 B 
W20240211 09:20:11.331614  2067 IPCTensor.h:369] NewIPCTensor: circle_buffer_end_r2 [1]0x1000dcea7000 8 B 
W20240211 09:20:11.331651  2067 IPCTensor.h:369] NewIPCTensor: circle_buffer_end_cppseen_r2 [1]0x1000dcea9000 8 B 
Dataset:  /home/xieminhui/RecStoreDataset/avazu_binary
Dataset loaded
np.max =  9449205
np.min=  1
Construct RecModelSampler done
Construct KGCacheControllerWrapper done
E20240211 09:20:11.332285  2067 recstore.cc:66] init folly done
W20240211 09:20:11.346674  2069 IPCTensor.h:369] NewIPCTensor: cached_sampler_r4_0 [1000000]0x1000dceab000 7.629 MB
W20240211 09:20:11.346910  2069 IPCTensor.h:369] NewIPCTensor: cached_sampler_r4_1 [1000000]0x1000dd64e000 7.629 MB
W20240211 09:20:11.346963  2069 IPCTensor.h:369] NewIPCTensor: cached_sampler_r4_2 [1000000]0x1000dddf1000 7.629 MB
W20240211 09:20:11.347043  2069 IPCTensor.h:369] NewIPCTensor: cached_sampler_r4_3 [1000000]0x1000de594000 7.629 MB
W20240211 09:20:11.347163  2069 IPCTensor.h:369] NewIPCTensor: cached_sampler_r4_4 [1000000]0x1000ded37000 7.629 MB
W20240211 09:20:11.347203  2069 IPCTensor.h:369] NewIPCTensor: cached_sampler_r4_5 [1000000]0x1000df4da000 7.629 MB
W20240211 09:20:11.347311  2069 IPCTensor.h:369] NewIPCTensor: cached_sampler_r4_6 [1000000]0x1000dfc7d000 7.629 MB
W20240211 09:20:11.347396  2069 IPCTensor.h:369] NewIPCTensor: cached_sampler_r4_7 [1000000]0x1000e0420000 7.629 MB
W20240211 09:20:11.347471  2069 IPCTensor.h:369] NewIPCTensor: cached_sampler_r4_8 [1000000]0x1000e0bc3000 7.629 MB
W20240211 09:20:11.347551  2069 IPCTensor.h:369] NewIPCTensor: cached_sampler_r4_9 [1000000]0x1000e1366000 7.629 MB
W20240211 09:20:11.347595  2069 IPCTensor.h:369] NewIPCTensor: step_r4 [10]0x1000e1b09000 80 B 
W20240211 09:20:11.347637  2069 IPCTensor.h:369] NewIPCTensor: circle_buffer_end_r4 [1]0x1000e1b0b000 8 B 
W20240211 09:20:11.347672  2069 IPCTensor.h:369] NewIPCTensor: circle_buffer_end_cppseen_r4 [1]0x1000e1b0d000 8 B 
Dataset:  /home/xieminhui/RecStoreDataset/avazu_binary
Dataset loaded
np.max =  9449205
np.min=  1
Construct RecModelSampler done
Construct KGCacheControllerWrapper done
E20240211 09:20:11.349025  2069 recstore.cc:66] init folly done
W20240211 09:20:11.405918  2074 IPCTensor.h:369] NewIPCTensor: cached_sampler_r7_0 [1000000]0x1000e1b0f000 7.629 MB
W20240211 09:20:11.406056  2074 IPCTensor.h:369] NewIPCTensor: cached_sampler_r7_1 [1000000]0x1000e22b2000 7.629 MB
W20240211 09:20:11.406114  2074 IPCTensor.h:369] NewIPCTensor: cached_sampler_r7_2 [1000000]0x1000e2a55000 7.629 MB
W20240211 09:20:11.406152  2074 IPCTensor.h:369] NewIPCTensor: cached_sampler_r7_3 [1000000]0x1000e31f8000 7.629 MB
W20240211 09:20:11.406190  2074 IPCTensor.h:369] NewIPCTensor: cached_sampler_r7_4 [1000000]0x1000e399b000 7.629 MB
W20240211 09:20:11.406226  2074 IPCTensor.h:369] NewIPCTensor: cached_sampler_r7_5 [1000000]0x1000e413e000 7.629 MB
W20240211 09:20:11.406270  2074 IPCTensor.h:369] NewIPCTensor: cached_sampler_r7_6 [1000000]0x1000e48e1000 7.629 MB
W20240211 09:20:11.406314  2074 IPCTensor.h:369] NewIPCTensor: cached_sampler_r7_7 [1000000]0x1000e5084000 7.629 MB
W20240211 09:20:11.406350  2074 IPCTensor.h:369] NewIPCTensor: cached_sampler_r7_8 [1000000]0x1000e5827000 7.629 MB
W20240211 09:20:11.406385  2074 IPCTensor.h:369] NewIPCTensor: cached_sampler_r7_9 [1000000]0x1000e5fca000 7.629 MB
W20240211 09:20:11.406424  2074 IPCTensor.h:369] NewIPCTensor: step_r7 [10]0x1000e676d000 80 B 
W20240211 09:20:11.406457  2074 IPCTensor.h:369] NewIPCTensor: circle_buffer_end_r7 [1]0x1000e676f000 8 B 
W20240211 09:20:11.406499  2074 IPCTensor.h:369] NewIPCTensor: circle_buffer_end_cppseen_r7 [1]0x1000e6771000 8 B 
Dataset:  /home/xieminhui/RecStoreDataset/avazu_binary
Dataset loaded
np.max =  9449205
np.min=  1
Construct RecModelSampler done
Construct KGCacheControllerWrapper done
E20240211 09:20:11.406885  2074 recstore.cc:66] init folly done
W20240211 09:20:11.533141  2073 IPCTensor.h:369] NewIPCTensor: cached_sampler_r6_0 [1000000]0x1000e6773000 7.629 MB
W20240211 09:20:11.533569  2073 IPCTensor.h:369] NewIPCTensor: cached_sampler_r6_1 [1000000]0x1000e6f16000 7.629 MB
W20240211 09:20:11.533752  2073 IPCTensor.h:369] NewIPCTensor: cached_sampler_r6_2 [1000000]0x1000e76b9000 7.629 MB
W20240211 09:20:11.533912  2073 IPCTensor.h:369] NewIPCTensor: cached_sampler_r6_3 [1000000]0x1000e7e5c000 7.629 MB
W20240211 09:20:11.534062  2073 IPCTensor.h:369] NewIPCTensor: cached_sampler_r6_4 [1000000]0x1000e85ff000 7.629 MB
W20240211 09:20:11.534198  2073 IPCTensor.h:369] NewIPCTensor: cached_sampler_r6_5 [1000000]0x1000e8da2000 7.629 MB
W20240211 09:20:11.534336  2073 IPCTensor.h:369] NewIPCTensor: cached_sampler_r6_6 [1000000]0x1000e9545000 7.629 MB
W20240211 09:20:11.534497  2073 IPCTensor.h:369] NewIPCTensor: cached_sampler_r6_7 [1000000]0x1000e9ce8000 7.629 MB
W20240211 09:20:11.534634  2073 IPCTensor.h:369] NewIPCTensor: cached_sampler_r6_8 [1000000]0x1000ea48b000 7.629 MB
W20240211 09:20:11.534787  2073 IPCTensor.h:369] NewIPCTensor: cached_sampler_r6_9 [1000000]0x1000eac2e000 7.629 MB
W20240211 09:20:11.534936  2073 IPCTensor.h:369] NewIPCTensor: step_r6 [10]0x1000eb3d1000 80 B 
W20240211 09:20:11.535065  2073 IPCTensor.h:369] NewIPCTensor: circle_buffer_end_r6 [1]0x1000eb3d3000 8 B 
W20240211 09:20:11.535187  2073 IPCTensor.h:369] NewIPCTensor: circle_buffer_end_cppseen_r6 [1]0x1000eb3d5000 8 B 
Dataset:  /home/xieminhui/RecStoreDataset/avazu_binary
Dataset loaded
np.max =  9449205
np.min=  1
Construct RecModelSampler done
Construct KGCacheControllerWrapper done
E20240211 09:20:11.536199  2073 recstore.cc:66] init folly done
W20240211 09:20:11.749132  2066 IPCTensor.h:369] NewIPCTensor: cached_sampler_r1_0 [1000000]0x1000eb3d7000 7.629 MB
W20240211 09:20:11.749368  2066 IPCTensor.h:369] NewIPCTensor: cached_sampler_r1_1 [1000000]0x1000ebb7a000 7.629 MB
W20240211 09:20:11.749440  2066 IPCTensor.h:369] NewIPCTensor: cached_sampler_r1_2 [1000000]0x1000ec31d000 7.629 MB
W20240211 09:20:11.749496  2066 IPCTensor.h:369] NewIPCTensor: cached_sampler_r1_3 [1000000]0x1000ecac0000 7.629 MB
W20240211 09:20:11.749539  2066 IPCTensor.h:369] NewIPCTensor: cached_sampler_r1_4 [1000000]0x1000ed263000 7.629 MB
W20240211 09:20:11.749578  2066 IPCTensor.h:369] NewIPCTensor: cached_sampler_r1_5 [1000000]0x1000eda06000 7.629 MB
W20240211 09:20:11.749627  2066 IPCTensor.h:369] NewIPCTensor: cached_sampler_r1_6 [1000000]0x1000ee1a9000 7.629 MB
W20240211 09:20:11.749696  2066 IPCTensor.h:369] NewIPCTensor: cached_sampler_r1_7 [1000000]0x1000ee94c000 7.629 MB
W20240211 09:20:11.749742  2066 IPCTensor.h:369] NewIPCTensor: cached_sampler_r1_8 [1000000]0x1000ef0ef000 7.629 MB
W20240211 09:20:11.749794  2066 IPCTensor.h:369] NewIPCTensor: cached_sampler_r1_9 [1000000]0x1000ef892000 7.629 MB
W20240211 09:20:11.749838  2066 IPCTensor.h:369] NewIPCTensor: step_r1 [10]0x1000f0035000 80 B 
W20240211 09:20:11.749878  2066 IPCTensor.h:369] NewIPCTensor: circle_buffer_end_r1 [1]0x1000f0037000 8 B 
W20240211 09:20:11.749912  2066 IPCTensor.h:369] NewIPCTensor: circle_buffer_end_cppseen_r1 [1]0x1000f0039000 8 B 
Dataset:  /home/xieminhui/RecStoreDataset/avazu_binary
Dataset loaded
np.max =  9449205
np.min=  1
Construct RecModelSampler done
Construct KGCacheControllerWrapper done
E20240211 09:20:11.750430  2066 recstore.cc:66] init folly done
Before Training
I20240211 09:20:12.569839  2071 IPC_barrier.h:118] CreateBarrier: new barrier, name: start_barrier, count: 8
Before Training
I20240211 09:20:12.570134  2073 IPC_barrier.h:112] CreateBarrier: find existing barrier, name: start_barrier, count: 8
Before Training
I20240211 09:20:12.570662 65278 IPC_barrier.h:112] CreateBarrier: find existing barrier, name: start_barrier, count: 8
Before Training
Before Training
I20240211 09:20:12.571013  2069 IPC_barrier.h:112] CreateBarrier: find existing barrier, name: start_barrier, count: 8
I20240211 09:20:12.571035  2068 IPC_barrier.h:112] CreateBarrier: find existing barrier, name: start_barrier, count: 8
Before Training
Before Training
Before Training
I20240211 09:20:12.571620  2074 IPC_barrier.h:112] CreateBarrier: find existing barrier, name: start_barrier, count: 8
I20240211 09:20:12.571642  2067 IPC_barrier.h:112] CreateBarrier: find existing barrier, name: start_barrier, count: 8
I20240211 09:20:12.571663  2066 IPC_barrier.h:112] CreateBarrier: find existing barrier, name: start_barrier, count: 8
========== Step 0 ========== 
+---------------------------+---------------------------+---------------------------+
| Name                      | P50                       | P99                       |
+---------------------------+---------------------------+---------------------------+
| GenInput:CircleBuffer     | 184.092 us                | 184.092 us                |
| GenInput                  | 4.236 ms                  | 4.236 ms                  |
| bucket keys               | 64.516 ms                 | 64.516 ms                 |
| forward: join             | 59.750 ms                 | 59.750 ms                 |
| NN                        | 201.371 ms                | 201.371 ms                |
| Forward                   | 418.811 ms                | 418.811 ms                |
| back: bucket keys         | 613.810 us                | 613.810 us                |
+---------------------------+---------------------------+---------------------------+
+---------------------------+---------------------------+---------------------------+
| Name                      | P50                       | P99                       |
+---------------------------+---------------------------+---------------------------+
| GenInput:CircleBuffer     | 184.092 us                | 184.092 us                |
| GenInput                  | 4.236 ms                  | 4.236 ms                  |
| bucket keys               | 64.516 ms                 | 64.516 ms                 |
| forward: join             | 59.750 ms                 | 59.750 ms                 |
| NN                        | 201.371 ms                | 201.371 ms                |
| Forward                   | 418.811 ms                | 418.811 ms                |
| back: bucket keys         | 613.810 us                | 613.810 us                |
+---------------------------+---------------------------+---------------------------+
+---------------------------+---------------------------+---------------------------+
| Name                      | P50                       | P99                       |
+---------------------------+---------------------------+---------------------------+
| GenInput:CircleBuffer     | 184.092 us                | 184.092 us                |
| GenInput                  | 4.236 ms                  | 4.236 ms                  |
| bucket keys               | 64.516 ms                 | 64.516 ms                 |
| forward: join             | 59.750 ms                 | 59.750 ms                 |
| NN                        | 201.371 ms                | 201.371 ms                |
| Forward                   | 418.811 ms                | 418.811 ms                |
| back: bucket keys         | 613.810 us                | 613.810 us                |
+---------------------------+---------------------------+---------------------------+
+---------------------------+---------------------------+---------------------------+
| Name                      | P50                       | P99                       |
+---------------------------+---------------------------+---------------------------+
| GenInput:CircleBuffer     | 184.092 us                | 184.092 us                |
| GenInput                  | 4.236 ms                  | 4.236 ms                  |
| bucket keys               | 64.516 ms                 | 64.516 ms                 |
| forward: join             | 59.750 ms                 | 59.750 ms                 |
| NN                        | 201.371 ms                | 201.371 ms                |
| Forward                   | 418.811 ms                | 418.811 ms                |
| back: bucket keys         | 613.810 us                | 613.810 us                |
+---------------------------+---------------------------+---------------------------+
+---------------------------+---------------------------+---------------------------+
| Name                      | P50                       | P99                       |
+---------------------------+---------------------------+---------------------------+
| GenInput:CircleBuffer     | 184.092 us                | 184.092 us                |
| GenInput                  | 4.236 ms                  | 4.236 ms                  |
| bucket keys               | 64.516 ms                 | 64.516 ms                 |
| forward: join             | 59.750 ms                 | 59.750 ms                 |
| NN                        | 201.371 ms                | 201.371 ms                |
| Forward                   | 418.811 ms                | 418.811 ms                |
| back: bucket keys         | 613.810 us                | 613.810 us                |
+---------------------------+---------------------------+---------------------------+
+---------------------------+---------------------------+---------------------------+
| Name                      | P50                       | P99                       |
+---------------------------+---------------------------+---------------------------+
| GenInput:CircleBuffer     | 184.092 us                | 184.092 us                |
| GenInput                  | 4.236 ms                  | 4.236 ms                  |
| bucket keys               | 64.516 ms                 | 64.516 ms                 |
| forward: join             | 59.750 ms                 | 59.750 ms                 |
| NN                        | 201.371 ms                | 201.371 ms                |
| Forward                   | 418.811 ms                | 418.811 ms                |
| back: bucket keys         | 613.810 us                | 613.810 us                |
+---------------------------+---------------------------+---------------------------+
+---------------------------+---------------------------+---------------------------+
| Name                      | P50                       | P99                       |
+---------------------------+---------------------------+---------------------------+
| GenInput:CircleBuffer     | 184.092 us                | 184.092 us                |
| GenInput                  | 4.236 ms                  | 4.236 ms                  |
| bucket keys               | 64.516 ms                 | 64.516 ms                 |
| forward: join             | 59.750 ms                 | 59.750 ms                 |
| NN                        | 201.371 ms                | 201.371 ms                |
| Forward                   | 418.811 ms                | 418.811 ms                |
| back: bucket keys         | 613.810 us                | 613.810 us                |
+---------------------------+---------------------------+---------------------------+
+---------------------------+---------------------------+---------------------------+
| Name                      | P50                       | P99                       |
+---------------------------+---------------------------+---------------------------+
| GenInput:CircleBuffer     | 184.092 us                | 184.092 us                |
| GenInput                  | 4.236 ms                  | 4.236 ms                  |
| bucket keys               | 64.516 ms                 | 64.516 ms                 |
| forward: join             | 59.750 ms                 | 59.750 ms                 |
| NN                        | 201.371 ms                | 201.371 ms                |
| Forward                   | 418.811 ms                | 418.811 ms                |
| back: bucket keys         | 613.810 us                | 613.810 us                |
+---------------------------+---------------------------+---------------------------+
+---------------------------+---------------------------+---------------------------+
| Name                      | P50                       | P99                       |
+---------------------------+---------------------------+---------------------------+
| GenInput:CircleBuffer     | 184.092 us                | 184.092 us                |
| GenInput                  | 4.236 ms                  | 4.236 ms                  |
| bucket keys               | 64.516 ms                 | 64.516 ms                 |
| forward: join             | 59.750 ms                 | 59.750 ms                 |
| NN                        | 201.371 ms                | 201.371 ms                |
| Forward                   | 418.811 ms                | 418.811 ms                |
| back: bucket keys         | 613.810 us                | 613.810 us                |
+---------------------------+---------------------------+---------------------------+
+---------------------------+---------------------------+---------------------------+
| Name                      | P50                       | P99                       |
+---------------------------+---------------------------+---------------------------+
| GenInput:CircleBuffer     | 184.092 us                | 184.092 us                |
| GenInput                  | 4.236 ms                  | 4.236 ms                  |
| bucket keys               | 64.516 ms                 | 64.516 ms                 |
| forward: join             | 59.750 ms                 | 59.750 ms                 |
| NN                        | 201.371 ms                | 201.371 ms                |
| Forward                   | 418.811 ms                | 418.811 ms                |
| back: bucket keys         | 613.810 us                | 613.810 us                |
+---------------------------+---------------------------+---------------------------+
========== Step 1 ========== 
INFO [65278 distributed.py:1140] Reducer buckets have been rebuilt in this iteration.
INFO [2067 distributed.py:1140] Reducer buckets have been rebuilt in this iteration.
INFO [2068 distributed.py:1140] Reducer buckets have been rebuilt in this iteration.
INFO [2069 distributed.py:1140] Reducer buckets have been rebuilt in this iteration.
INFO [2066 distributed.py:1140] Reducer buckets have been rebuilt in this iteration.
INFO [2074 distributed.py:1140] Reducer buckets have been rebuilt in this iteration.
INFO [2073 distributed.py:1140] Reducer buckets have been rebuilt in this iteration.
INFO [2071 distributed.py:1140] Reducer buckets have been rebuilt in this iteration.
========== Step 2 ========== 
========== Step 3 ========== 
========== Step 4 ========== 
========== Step 5 ========== 
========== Step 6 ========== 
+---------------------------+---------------------------+---------------------------+
| Name                      | P50                       | P99                       |
+---------------------------+---------------------------+---------------------------+
| GenInput:CircleBuffer     | 184.092 us                | 346.696 us                |
| GenInput                  | 849.946 us                | 5.836 ms                  |
| bucket keys               | 472.864 us                | 64.516 ms                 |
| forward: join             | 13.604 ms                 | 95.538 ms                 |
| NN                        | 17.011 ms                 | 201.371 ms                |
| Forward                   | 37.744 ms                 | 418.811 ms                |
| back: bucket keys         | 441.678 us                | 690.998 us                |
| back: a2a                 | 66.773 ms                 | 50.919 s                  |
| back: cache               | 7.856 ms                  | 36.603 ms                 |
| back: aggr dram keys      | 16.271 ms                 | 897.004 ms                |
| back: set dram grad       | 442.905 us                | 842.877 us                |
| Backward                  | 92.054 ms                 | 51.933 s                  |
| Optimize                  | 16.026 ms                 | 114.314 ms                |
| OneStep                   | 154.409 ms                | 52.474 s                  |
+---------------------------+---------------------------+---------------------------+
========== Step 7 ========== 
========== Step 8 ========== 
========== Step 9 ========== 
========== Step 10 ========== 
========== Step 11 ========== 
========== Step 12 ========== 
========== Step 13 ========== 
========== Step 14 ========== 
========== Step 15 ========== 
========== Step 16 ========== 
========== Step 17 ========== 
========== Step 18 ========== 
========== Step 19 ========== 
========== Step 20 ========== 
========== Step 21 ========== 
========== Step 22 ========== 
========== Step 23 ========== 
========== Step 24 ========== 
========== Step 25 ========== 
========== Step 26 ========== 
========== Step 27 ========== 
========== Step 28 ========== 
========== Step 29 ========== 
========== Step 30 ========== 
========== Step 31 ========== 
========== Step 32 ========== 
========== Step 33 ========== 
========== Step 34 ========== 
========== Step 35 ========== 
========== Step 36 ========== 
========== Step 37 ========== 
========== Step 38 ========== 
========== Step 39 ========== 
+---------------------------+---------------------------+---------------------------+
| Name                      | P50                       | P99                       |
+---------------------------+---------------------------+---------------------------+
| GenInput:CircleBuffer     | 127.709 us                | 1.537 ms                  |
| GenInput                  | 720.344 us                | 9.437 ms                  |
| bucket keys               | 554.765 us                | 64.516 ms                 |
| forward: join             | 59.750 ms                 | 112.380 ms                |
| NN                        | 1.419 ms                  | 201.371 ms                |
| Forward                   | 70.733 ms                 | 418.811 ms                |
| back: bucket keys         | 417.831 us                | 15.566 ms                 |
| back: a2a                 | 39.455 ms                 | 50.919 s                  |
| back: cache               | 8.102 ms                  | 36.603 ms                 |
| back: aggr dram keys      | 15.633 ms                 | 897.004 ms                |
| back: set dram grad       | 425.396 us                | 842.877 us                |
| Backward                  | 71.511 ms                 | 51.933 s                  |
| Optimize                  | 15.817 ms                 | 114.314 ms                |
| OneStep                   | 154.938 ms                | 52.474 s                  |
+---------------------------+---------------------------+---------------------------+
========== Step 40 ========== 
========== Step 41 ========== 
========== Step 42 ========== 
========== Step 43 ========== 
========== Step 44 ========== 
========== Step 45 ========== 
========== Step 46 ========== 
========== Step 47 ========== 
========== Step 48 ========== 
========== Step 49 ========== 
Successfully xmh
