WARNING: Logging before InitGoogleLogging() is written to STDERR
I20240205 16:35:55.912155 56651 IPC_barrier.h:128] MultiProcessBarrierFactory->ClearIPCMemory()
/data/home/xieminhui/RecStore/src/framework_adapters/torch/kg/dgl-0.9.1/python/dgl/_deprecate/graph.py:1023: DGLWarning: multigraph will be deprecated.DGL will treat all graphs as multigraph in the future.
  dgl_warning("multigraph will be deprecated." \
/data/home/xieminhui/RecStore/src/framework_adapters/torch/kg/dgl-0.9.1/python/dgl/heterograph.py:72: DGLWarning: Recommend creating graphs by `dgl.graph(data)` instead of `dgl.DGLGraph(data)`.
  dgl_warning('Recommend creating graphs by `dgl.graph(data)`'
Reading train triples....
Finished. Read 304727650 train triples.
Reading valid triples....
Finished. Read 16929318 valid triples.
Reading test triples....
Finished. Read 16929308 test triples.
ARGS:  Namespace(model_name='TransE', data_path='/home/xieminhui/dgl-data', dataset='Freebase', format='built_in', data_files=None, delimiter='\t', save_path='/tmp/ckpts/TransE_Freebase_119', no_save_emb=True, max_step=500, batch_size=2000, batch_size_eval=16, neg_sample_size=200, neg_deg_sample=False, neg_deg_sample_eval=False, neg_sample_size_eval=86054151, eval_percent=1, no_eval_filter=False, log_interval=100, eval_interval=10000, test=False, num_proc=8, num_thread=1, force_sync_interval=1, hidden_dim=400, lr=0.01, gamma=16.0, double_ent=False, double_rel=False, neg_adversarial_sampling=False, adversarial_temperature=1.0, regularization_coef=0.0, regularization_norm=3, pairwise=False, loss_genre='Logsigmoid', margin=1.0, nr_gpus=8, gpu=[0, 1, 2, 3, 4, 5, 6, 7], mix_cpu_gpu=True, valid=False, rel_part=False, async_update=None, has_edge_importance=False, cached_emb_type='KnownLocalCachedEmbedding', use_my_emb=True, cache_ratio=0.05, shuffle=False, backwardMode='CppAsync', L=10, nr_background_threads=24, update_cache_use_omp=0, update_pq_use_omp=0, kForwardItersPerStep=2, backgrad_init='both', eval_filter=True, soft_rel_part=False)
|Train|: 304727650
original graph:  DGLGraph(num_nodes=86054151, num_edges=338586276,
         ndata_schemes={}
         edata_schemes={'tid': Scheme(shape=(), dtype=torch.int64)})
Loading cached metis
WARNING [56651 sampler.py:454] Start PreSampling
WARNING [56651 sampler.py:532] Before construct renumbering_dict
WARNING [56651 sampler.py:555] PreSampling done
W20240205 16:55:37.103741 56651 IPCTensor.h:369] NewIPCTensor: cached_sampler_r0_0 [1000000]0x100000002000 7.629 MB
W20240205 16:55:37.103920 56651 IPCTensor.h:369] NewIPCTensor: cached_sampler_r0_1 [1000000]0x1000007a5000 7.629 MB
W20240205 16:55:37.103951 56651 IPCTensor.h:369] NewIPCTensor: cached_sampler_r0_2 [1000000]0x100000f48000 7.629 MB
W20240205 16:55:37.103981 56651 IPCTensor.h:369] NewIPCTensor: cached_sampler_r0_3 [1000000]0x1000016eb000 7.629 MB
W20240205 16:55:37.104012 56651 IPCTensor.h:369] NewIPCTensor: cached_sampler_r0_4 [1000000]0x100001e8e000 7.629 MB
W20240205 16:55:37.104044 56651 IPCTensor.h:369] NewIPCTensor: cached_sampler_r0_5 [1000000]0x100002631000 7.629 MB
W20240205 16:55:37.104104 56651 IPCTensor.h:369] NewIPCTensor: cached_sampler_r0_6 [1000000]0x100002dd4000 7.629 MB
W20240205 16:55:37.104173 56651 IPCTensor.h:369] NewIPCTensor: cached_sampler_r0_7 [1000000]0x100003577000 7.629 MB
W20240205 16:55:37.104215 56651 IPCTensor.h:369] NewIPCTensor: cached_sampler_r0_8 [1000000]0x100003d1a000 7.629 MB
W20240205 16:55:37.104252 56651 IPCTensor.h:369] NewIPCTensor: cached_sampler_r0_9 [1000000]0x1000044bd000 7.629 MB
W20240205 16:55:37.104292 56651 IPCTensor.h:369] NewIPCTensor: step_r0 [10]0x100004c60000 80 B 
W20240205 16:55:37.104326 56651 IPCTensor.h:369] NewIPCTensor: circle_buffer_end_r0 [1]0x100004c62000 8 B 
W20240205 16:55:37.104357 56651 IPCTensor.h:369] NewIPCTensor: circle_buffer_end_cppseen_r0 [1]0x100004c64000 8 B 
W20240205 16:55:37.104540 56651 IPCTensor.h:369] NewIPCTensor: cached_sampler_r1_0 [1000000]0x100004c66000 7.629 MB
W20240205 16:55:37.104585 56651 IPCTensor.h:369] NewIPCTensor: cached_sampler_r1_1 [1000000]0x100005409000 7.629 MB
W20240205 16:55:37.104619 56651 IPCTensor.h:369] NewIPCTensor: cached_sampler_r1_2 [1000000]0x100005bac000 7.629 MB
W20240205 16:55:37.104665 56651 IPCTensor.h:369] NewIPCTensor: cached_sampler_r1_3 [1000000]0x10000634f000 7.629 MB
W20240205 16:55:37.104702 56651 IPCTensor.h:369] NewIPCTensor: cached_sampler_r1_4 [1000000]0x100006af2000 7.629 MB
W20240205 16:55:37.104733 56651 IPCTensor.h:369] NewIPCTensor: cached_sampler_r1_5 [1000000]0x100007295000 7.629 MB
W20240205 16:55:37.104764 56651 IPCTensor.h:369] NewIPCTensor: cached_sampler_r1_6 [1000000]0x100007a38000 7.629 MB
W20240205 16:55:37.104794 56651 IPCTensor.h:369] NewIPCTensor: cached_sampler_r1_7 [1000000]0x1000081db000 7.629 MB
W20240205 16:55:37.104827 56651 IPCTensor.h:369] NewIPCTensor: cached_sampler_r1_8 [1000000]0x10000897e000 7.629 MB
W20240205 16:55:37.104866 56651 IPCTensor.h:369] NewIPCTensor: cached_sampler_r1_9 [1000000]0x100009121000 7.629 MB
W20240205 16:55:37.104895 56651 IPCTensor.h:369] NewIPCTensor: step_r1 [10]0x1000098c4000 80 B 
W20240205 16:55:37.104920 56651 IPCTensor.h:369] NewIPCTensor: circle_buffer_end_r1 [1]0x1000098c6000 8 B 
W20240205 16:55:37.104946 56651 IPCTensor.h:369] NewIPCTensor: circle_buffer_end_cppseen_r1 [1]0x1000098c8000 8 B 
W20240205 16:55:37.105010 56651 IPCTensor.h:369] NewIPCTensor: cached_sampler_r2_0 [1000000]0x1000098ca000 7.629 MB
W20240205 16:55:37.105041 56651 IPCTensor.h:369] NewIPCTensor: cached_sampler_r2_1 [1000000]0x10000a06d000 7.629 MB
W20240205 16:55:37.105070 56651 IPCTensor.h:369] NewIPCTensor: cached_sampler_r2_2 [1000000]0x10000a810000 7.629 MB
W20240205 16:55:37.105108 56651 IPCTensor.h:369] NewIPCTensor: cached_sampler_r2_3 [1000000]0x10000afb3000 7.629 MB
W20240205 16:55:37.105140 56651 IPCTensor.h:369] NewIPCTensor: cached_sampler_r2_4 [1000000]0x10000b756000 7.629 MB
W20240205 16:55:37.105191 56651 IPCTensor.h:369] NewIPCTensor: cached_sampler_r2_5 [1000000]0x10000bef9000 7.629 MB
W20240205 16:55:37.105221 56651 IPCTensor.h:369] NewIPCTensor: cached_sampler_r2_6 [1000000]0x10000c69c000 7.629 MB
W20240205 16:55:37.105252 56651 IPCTensor.h:369] NewIPCTensor: cached_sampler_r2_7 [1000000]0x10000ce3f000 7.629 MB
W20240205 16:55:37.105284 56651 IPCTensor.h:369] NewIPCTensor: cached_sampler_r2_8 [1000000]0x10000d5e2000 7.629 MB
W20240205 16:55:37.105322 56651 IPCTensor.h:369] NewIPCTensor: cached_sampler_r2_9 [1000000]0x10000dd85000 7.629 MB
W20240205 16:55:37.105350 56651 IPCTensor.h:369] NewIPCTensor: step_r2 [10]0x10000e528000 80 B 
W20240205 16:55:37.105374 56651 IPCTensor.h:369] NewIPCTensor: circle_buffer_end_r2 [1]0x10000e52a000 8 B 
W20240205 16:55:37.105412 56651 IPCTensor.h:369] NewIPCTensor: circle_buffer_end_cppseen_r2 [1]0x10000e52c000 8 B 
W20240205 16:55:37.105470 56651 IPCTensor.h:369] NewIPCTensor: cached_sampler_r3_0 [1000000]0x10000e52e000 7.629 MB
W20240205 16:55:37.105508 56651 IPCTensor.h:369] NewIPCTensor: cached_sampler_r3_1 [1000000]0x10000ecd1000 7.629 MB
W20240205 16:55:37.105542 56651 IPCTensor.h:369] NewIPCTensor: cached_sampler_r3_2 [1000000]0x10000f474000 7.629 MB
W20240205 16:55:37.105576 56651 IPCTensor.h:369] NewIPCTensor: cached_sampler_r3_3 [1000000]0x10000fc17000 7.629 MB
W20240205 16:55:37.105612 56651 IPCTensor.h:369] NewIPCTensor: cached_sampler_r3_4 [1000000]0x1000103ba000 7.629 MB
W20240205 16:55:37.105646 56651 IPCTensor.h:369] NewIPCTensor: cached_sampler_r3_5 [1000000]0x100010b5d000 7.629 MB
W20240205 16:55:37.105680 56651 IPCTensor.h:369] NewIPCTensor: cached_sampler_r3_6 [1000000]0x100011300000 7.629 MB
W20240205 16:55:37.105719 56651 IPCTensor.h:369] NewIPCTensor: cached_sampler_r3_7 [1000000]0x100011aa3000 7.629 MB
W20240205 16:55:37.105746 56651 IPCTensor.h:369] NewIPCTensor: cached_sampler_r3_8 [1000000]0x100012246000 7.629 MB
W20240205 16:55:37.105775 56651 IPCTensor.h:369] NewIPCTensor: cached_sampler_r3_9 [1000000]0x1000129e9000 7.629 MB
W20240205 16:55:37.105808 56651 IPCTensor.h:369] NewIPCTensor: step_r3 [10]0x10001318c000 80 B 
W20240205 16:55:37.105829 56651 IPCTensor.h:369] NewIPCTensor: circle_buffer_end_r3 [1]0x10001318e000 8 B 
W20240205 16:55:37.105855 56651 IPCTensor.h:369] NewIPCTensor: circle_buffer_end_cppseen_r3 [1]0x100013190000 8 B 
W20240205 16:55:37.105918 56651 IPCTensor.h:369] NewIPCTensor: cached_sampler_r4_0 [1000000]0x100013192000 7.629 MB
W20240205 16:55:37.105948 56651 IPCTensor.h:369] NewIPCTensor: cached_sampler_r4_1 [1000000]0x100013935000 7.629 MB
W20240205 16:55:37.105978 56651 IPCTensor.h:369] NewIPCTensor: cached_sampler_r4_2 [1000000]0x1000140d8000 7.629 MB
W20240205 16:55:37.106009 56651 IPCTensor.h:369] NewIPCTensor: cached_sampler_r4_3 [1000000]0x10001487b000 7.629 MB
W20240205 16:55:37.106038 56651 IPCTensor.h:369] NewIPCTensor: cached_sampler_r4_4 [1000000]0x10001501e000 7.629 MB
W20240205 16:55:37.106074 56651 IPCTensor.h:369] NewIPCTensor: cached_sampler_r4_5 [1000000]0x1000157c1000 7.629 MB
W20240205 16:55:37.106105 56651 IPCTensor.h:369] NewIPCTensor: cached_sampler_r4_6 [1000000]0x100015f64000 7.629 MB
W20240205 16:55:37.106137 56651 IPCTensor.h:369] NewIPCTensor: cached_sampler_r4_7 [1000000]0x100016707000 7.629 MB
W20240205 16:55:37.106173 56651 IPCTensor.h:369] NewIPCTensor: cached_sampler_r4_8 [1000000]0x100016eaa000 7.629 MB
W20240205 16:55:37.106207 56651 IPCTensor.h:369] NewIPCTensor: cached_sampler_r4_9 [1000000]0x10001764d000 7.629 MB
W20240205 16:55:37.106240 56651 IPCTensor.h:369] NewIPCTensor: step_r4 [10]0x100017df0000 80 B 
W20240205 16:55:37.106261 56651 IPCTensor.h:369] NewIPCTensor: circle_buffer_end_r4 [1]0x100017df2000 8 B 
W20240205 16:55:37.106284 56651 IPCTensor.h:369] NewIPCTensor: circle_buffer_end_cppseen_r4 [1]0x100017df4000 8 B 
W20240205 16:55:37.106336 56651 IPCTensor.h:369] NewIPCTensor: cached_sampler_r5_0 [1000000]0x100017df6000 7.629 MB
W20240205 16:55:37.106370 56651 IPCTensor.h:369] NewIPCTensor: cached_sampler_r5_1 [1000000]0x100018599000 7.629 MB
W20240205 16:55:37.106403 56651 IPCTensor.h:369] NewIPCTensor: cached_sampler_r5_2 [1000000]0x100018d3c000 7.629 MB
W20240205 16:55:37.106431 56651 IPCTensor.h:369] NewIPCTensor: cached_sampler_r5_3 [1000000]0x1000194df000 7.629 MB
W20240205 16:55:37.106457 56651 IPCTensor.h:369] NewIPCTensor: cached_sampler_r5_4 [1000000]0x100019c82000 7.629 MB
W20240205 16:55:37.106500 56651 IPCTensor.h:369] NewIPCTensor: cached_sampler_r5_5 [1000000]0x10001a425000 7.629 MB
W20240205 16:55:37.106527 56651 IPCTensor.h:369] NewIPCTensor: cached_sampler_r5_6 [1000000]0x10001abc8000 7.629 MB
W20240205 16:55:37.106554 56651 IPCTensor.h:369] NewIPCTensor: cached_sampler_r5_7 [1000000]0x10001b36b000 7.629 MB
W20240205 16:55:37.106587 56651 IPCTensor.h:369] NewIPCTensor: cached_sampler_r5_8 [1000000]0x10001bb0e000 7.629 MB
W20240205 16:55:37.106621 56651 IPCTensor.h:369] NewIPCTensor: cached_sampler_r5_9 [1000000]0x10001c2b1000 7.629 MB
W20240205 16:55:37.106649 56651 IPCTensor.h:369] NewIPCTensor: step_r5 [10]0x10001ca54000 80 B 
W20240205 16:55:37.106671 56651 IPCTensor.h:369] NewIPCTensor: circle_buffer_end_r5 [1]0x10001ca56000 8 B 
W20240205 16:55:37.106694 56651 IPCTensor.h:369] NewIPCTensor: circle_buffer_end_cppseen_r5 [1]0x10001ca58000 8 B 
W20240205 16:55:37.106745 56651 IPCTensor.h:369] NewIPCTensor: cached_sampler_r6_0 [1000000]0x10001ca5a000 7.629 MB
W20240205 16:55:37.106774 56651 IPCTensor.h:369] NewIPCTensor: cached_sampler_r6_1 [1000000]0x10001d1fd000 7.629 MB
W20240205 16:55:37.106804 56651 IPCTensor.h:369] NewIPCTensor: cached_sampler_r6_2 [1000000]0x10001d9a0000 7.629 MB
W20240205 16:55:37.106839 56651 IPCTensor.h:369] NewIPCTensor: cached_sampler_r6_3 [1000000]0x10001e143000 7.629 MB
W20240205 16:55:37.106869 56651 IPCTensor.h:369] NewIPCTensor: cached_sampler_r6_4 [1000000]0x10001e8e6000 7.629 MB
W20240205 16:55:37.106906 56651 IPCTensor.h:369] NewIPCTensor: cached_sampler_r6_5 [1000000]0x10001f089000 7.629 MB
W20240205 16:55:37.106933 56651 IPCTensor.h:369] NewIPCTensor: cached_sampler_r6_6 [1000000]0x10001f82c000 7.629 MB
W20240205 16:55:37.106961 56651 IPCTensor.h:369] NewIPCTensor: cached_sampler_r6_7 [1000000]0x10001ffcf000 7.629 MB
W20240205 16:55:37.106994 56651 IPCTensor.h:369] NewIPCTensor: cached_sampler_r6_8 [1000000]0x100020772000 7.629 MB
W20240205 16:55:37.107040 56651 IPCTensor.h:369] NewIPCTensor: cached_sampler_r6_9 [1000000]0x100020f15000 7.629 MB
W20240205 16:55:37.107069 56651 IPCTensor.h:369] NewIPCTensor: step_r6 [10]0x1000216b8000 80 B 
W20240205 16:55:37.107091 56651 IPCTensor.h:369] NewIPCTensor: circle_buffer_end_r6 [1]0x1000216ba000 8 B 
W20240205 16:55:37.107118 56651 IPCTensor.h:369] NewIPCTensor: circle_buffer_end_cppseen_r6 [1]0x1000216bc000 8 B 
W20240205 16:55:37.107175 56651 IPCTensor.h:369] NewIPCTensor: cached_sampler_r7_0 [1000000]0x1000216be000 7.629 MB
W20240205 16:55:37.107216 56651 IPCTensor.h:369] NewIPCTensor: cached_sampler_r7_1 [1000000]0x100021e61000 7.629 MB
W20240205 16:55:37.107244 56651 IPCTensor.h:369] NewIPCTensor: cached_sampler_r7_2 [1000000]0x100022604000 7.629 MB
W20240205 16:55:37.107273 56651 IPCTensor.h:369] NewIPCTensor: cached_sampler_r7_3 [1000000]0x100022da7000 7.629 MB
W20240205 16:55:37.107304 56651 IPCTensor.h:369] NewIPCTensor: cached_sampler_r7_4 [1000000]0x10002354a000 7.629 MB
W20240205 16:55:37.107339 56651 IPCTensor.h:369] NewIPCTensor: cached_sampler_r7_5 [1000000]0x100023ced000 7.629 MB
W20240205 16:55:37.107369 56651 IPCTensor.h:369] NewIPCTensor: cached_sampler_r7_6 [1000000]0x100024490000 7.629 MB
W20240205 16:55:37.107409 56651 IPCTensor.h:369] NewIPCTensor: cached_sampler_r7_7 [1000000]0x100024c33000 7.629 MB
W20240205 16:55:37.107435 56651 IPCTensor.h:369] NewIPCTensor: cached_sampler_r7_8 [1000000]0x1000253d6000 7.629 MB
W20240205 16:55:37.107465 56651 IPCTensor.h:369] NewIPCTensor: cached_sampler_r7_9 [1000000]0x100025b79000 7.629 MB
W20240205 16:55:37.107492 56651 IPCTensor.h:369] NewIPCTensor: step_r7 [10]0x10002631c000 80 B 
W20240205 16:55:37.107515 56651 IPCTensor.h:369] NewIPCTensor: circle_buffer_end_r7 [1]0x10002631e000 8 B 
W20240205 16:55:37.107539 56651 IPCTensor.h:369] NewIPCTensor: circle_buffer_end_cppseen_r7 [1]0x100026320000 8 B 
W20240205 16:55:37.536459 56651 IPCTensor.h:369] NewIPCTensor: full_emb [86054151, 400]0x100026322000 128.2 GB
W20240205 17:04:12.767601 56651 IPCTensor.h:369] NewIPCTensor: full_emb_SparseRowWiseAdaGrad_sum [86054151]0x102034f5a000 328.3 MB
{0: Graph(num_nodes=18863774, num_edges=55186826,
      ndata_schemes={'_ID': Scheme(shape=(), dtype=torch.int64), 'inner_node': Scheme(shape=(), dtype=torch.int32), 'part_id': Scheme(shape=(), dtype=torch.int64)}
      edata_schemes={'_ID': Scheme(shape=(), dtype=torch.int64), 'inner_edge': Scheme(shape=(), dtype=torch.int8)}), 1: Graph(num_nodes=13493829, num_edges=51786811,
      ndata_schemes={'_ID': Scheme(shape=(), dtype=torch.int64), 'inner_node': Scheme(shape=(), dtype=torch.int32), 'part_id': Scheme(shape=(), dtype=torch.int64)}
      edata_schemes={'_ID': Scheme(shape=(), dtype=torch.int64), 'inner_edge': Scheme(shape=(), dtype=torch.int8)}), 2: Graph(num_nodes=12506959, num_edges=45797296,
      ndata_schemes={'_ID': Scheme(shape=(), dtype=torch.int64), 'inner_node': Scheme(shape=(), dtype=torch.int32), 'part_id': Scheme(shape=(), dtype=torch.int64)}
      edata_schemes={'_ID': Scheme(shape=(), dtype=torch.int64), 'inner_edge': Scheme(shape=(), dtype=torch.int8)}), 3: Graph(num_nodes=12605014, num_edges=52067933,
      ndata_schemes={'_ID': Scheme(shape=(), dtype=torch.int64), 'inner_node': Scheme(shape=(), dtype=torch.int32), 'part_id': Scheme(shape=(), dtype=torch.int64)}
      edata_schemes={'_ID': Scheme(shape=(), dtype=torch.int64), 'inner_edge': Scheme(shape=(), dtype=torch.int8)}), 4: Graph(num_nodes=14435508, num_edges=39101576,
      ndata_schemes={'_ID': Scheme(shape=(), dtype=torch.int64), 'inner_node': Scheme(shape=(), dtype=torch.int32), 'part_id': Scheme(shape=(), dtype=torch.int64)}
      edata_schemes={'_ID': Scheme(shape=(), dtype=torch.int64), 'inner_edge': Scheme(shape=(), dtype=torch.int8)}), 5: Graph(num_nodes=13252778, num_edges=37365728,
      ndata_schemes={'_ID': Scheme(shape=(), dtype=torch.int64), 'inner_node': Scheme(shape=(), dtype=torch.int32), 'part_id': Scheme(shape=(), dtype=torch.int64)}
      edata_schemes={'_ID': Scheme(shape=(), dtype=torch.int64), 'inner_edge': Scheme(shape=(), dtype=torch.int8)}), 6: Graph(num_nodes=14444909, num_edges=60122064,
      ndata_schemes={'_ID': Scheme(shape=(), dtype=torch.int64), 'inner_node': Scheme(shape=(), dtype=torch.int32), 'part_id': Scheme(shape=(), dtype=torch.int64)}
      edata_schemes={'_ID': Scheme(shape=(), dtype=torch.int64), 'inner_edge': Scheme(shape=(), dtype=torch.int8)}), 7: Graph(num_nodes=14493336, num_edges=37760331,
      ndata_schemes={'_ID': Scheme(shape=(), dtype=torch.int64), 'inner_node': Scheme(shape=(), dtype=torch.int32), 'part_id': Scheme(shape=(), dtype=torch.int64)}
      edata_schemes={'_ID': Scheme(shape=(), dtype=torch.int64), 'inner_edge': Scheme(shape=(), dtype=torch.int8)})}
MertisPartition: part 0 has 18863774 N 55186826 E
MertisPartition: part 1 has 13493829 N 51786811 E
MertisPartition: part 2 has 12506959 N 45797296 E
MertisPartition: part 3 has 12605014 N 52067933 E
MertisPartition: part 4 has 14435508 N 39101576 E
MertisPartition: part 5 has 13252778 N 37365728 E
MertisPartition: part 6 has 14444909 N 60122064 E
MertisPartition: part 7 has 14493336 N 37760331 E
Rank0: cached key size 537838
Rank1: cached key size 537838
Rank2: cached key size 537838
Rank3: cached key size 537838
Rank4: cached key size 537838
Rank5: cached key size 537838
Rank6: cached key size 537838
Rank7: cached key size 537838
Before renumbering graph:  {'_ID': tensor([       0,        1,        2,  ..., 39512110,  9797409, 32293938]), 'inner_node': tensor([1, 1, 1,  ..., 0, 0, 0], dtype=torch.int32), 'part_id': tensor([0, 0, 0,  ..., 6, 6, 6])}
After renumbering graph:  {'_ID': tensor([ 4302746,  4302789,   105172,  ..., 75007076, 45991755,  4863346]), 'inner_node': tensor([1, 1, 1,  ..., 0, 0, 0], dtype=torch.int32), 'part_id': tensor([0, 0, 0,  ..., 6, 6, 6])}
part_g: DGLGraph(num_nodes=18863774, num_edges=55186826,
         ndata_schemes={'_ID': Scheme(shape=(), dtype=torch.int64)}
         edata_schemes={'tid': Scheme(shape=(), dtype=torch.int64)})
part_g: DGLGraph(num_nodes=18863774, num_edges=55186826,
         ndata_schemes={'_ID': Scheme(shape=(), dtype=torch.int64)}
         edata_schemes={'tid': Scheme(shape=(), dtype=torch.int64)})
Total initialize time 2201.131 seconds
[Rank1] pid = 57748
[Rank2] pid = 57843
[Rank3] pid = 57910
[Rank4] pid = 57979
[Rank5] pid = 58046
[Rank6] pid = 58113
INFO [56651 distributed_c10d.py:442] Added key: store_based_barrier_key:1 to store for rank: 0
INFO [57748 distributed_c10d.py:442] Added key: store_based_barrier_key:1 to store for rank: 1
INFO [57843 distributed_c10d.py:442] Added key: store_based_barrier_key:1 to store for rank: 2
INFO [58046 distributed_c10d.py:442] Added key: store_based_barrier_key:1 to store for rank: 5
INFO [57910 distributed_c10d.py:442] Added key: store_based_barrier_key:1 to store for rank: 3
INFO [57979 distributed_c10d.py:442] Added key: store_based_barrier_key:1 to store for rank: 4
INFO [58113 distributed_c10d.py:442] Added key: store_based_barrier_key:1 to store for rank: 6
INFO [58182 distributed_c10d.py:442] Added key: store_based_barrier_key:1 to store for rank: 7
INFO [58113 distributed_c10d.py:476] Rank 6: Completed store-based barrier for key:store_based_barrier_key:1 with 8 nodes.
INFO [57910 distributed_c10d.py:476] Rank 3: Completed store-based barrier for key:store_based_barrier_key:1 with 8 nodes.
INFO [57979 distributed_c10d.py:476] Rank 4: Completed store-based barrier for key:store_based_barrier_key:1 with 8 nodes.
INFO [58182 distributed_c10d.py:476] Rank 7: Completed store-based barrier for key:store_based_barrier_key:1 with 8 nodes.
INFO [57843 distributed_c10d.py:476] Rank 2: Completed store-based barrier for key:store_based_barrier_key:1 with 8 nodes.
INFO [58046 distributed_c10d.py:476] Rank 5: Completed store-based barrier for key:store_based_barrier_key:1 with 8 nodes.
INFO [56651 distributed_c10d.py:476] Rank 0: Completed store-based barrier for key:store_based_barrier_key:1 with 8 nodes.
INFO [57748 distributed_c10d.py:476] Rank 1: Completed store-based barrier for key:store_based_barrier_key:1 with 8 nodes.
W20240205 17:12:49.814419 58114 IPCTensor.h:409] NewIPCGPUTensor: embedding_cache_6 [4302707, 400]; dev=6; size=6.412 GB
W20240205 17:12:49.819603 58183 IPCTensor.h:409] NewIPCGPUTensor: embedding_cache_0 [4302707, 400]; dev=0; size=6.412 GB
W20240205 17:12:49.820154 58047 IPCTensor.h:409] NewIPCGPUTensor: embedding_cache_5 [4302707, 400]; dev=5; size=6.412 GB
W20240205 17:12:49.820231 58246 IPCTensor.h:409] NewIPCGPUTensor: embedding_cache_7 [4302707, 400]; dev=7; size=6.412 GB
W20240205 17:12:49.820515 57749 IPCTensor.h:409] NewIPCGPUTensor: embedding_cache_1 [4302707, 400]; dev=1; size=6.412 GB
W20240205 17:12:49.820516 57844 IPCTensor.h:409] NewIPCGPUTensor: embedding_cache_2 [4302707, 400]; dev=2; size=6.412 GB
W20240205 17:12:49.820616 57980 IPCTensor.h:409] NewIPCGPUTensor: embedding_cache_4 [4302707, 400]; dev=4; size=6.412 GB
W20240205 17:12:49.820608 57911 IPCTensor.h:409] NewIPCGPUTensor: embedding_cache_3 [4302707, 400]; dev=3; size=6.412 GB
W20240205 17:12:49.850436 58114 IPCTensor.h:369] NewIPCTensor: input_keys_6 [1000000]0x1020497a3000 7.629 MB
W20240205 17:12:49.850697 58114 IPCTensor.h:369] NewIPCTensor: input_keys_neg_6 [1000000]0x102049f46000 7.629 MB
W20240205 17:12:49.850776 58114 IPCTensor.h:369] NewIPCTensor: backward_grads_6 [1000000, 400]0x10204a6e9000 1.49 GB
W20240205 17:12:49.850819 58114 IPCTensor.h:369] NewIPCTensor: backward_grads_neg_6 [1000000, 400]0x1020a9ccc000 1.49 GB
W20240205 17:12:49.850879 58114 IPCTensor.h:409] NewIPCGPUTensor: backward_grads_6_gpu [1000000, 400]; dev=6; size=1.49 GB
W20240205 17:12:49.893251 58114 IPCTensor.h:409] NewIPCGPUTensor: backward_grads_neg_6_gpu [1000000, 400]; dev=6; size=1.49 GB
W20240205 17:12:49.893478 57980 IPCTensor.h:369] NewIPCTensor: input_keys_4 [1000000]0x1021092bb000 7.629 MB
W20240205 17:12:49.901273 58183 IPCTensor.h:369] NewIPCTensor: input_keys_0 [1000000]0x102109a5e000 7.629 MB
W20240205 17:12:49.901329 57844 IPCTensor.h:369] NewIPCTensor: input_keys_2 [1000000]0x10210a201000 7.629 MB
W20240205 17:12:49.901396 58183 IPCTensor.h:369] NewIPCTensor: input_keys_neg_0 [1000000]0x10210a9a4000 7.629 MB
W20240205 17:12:49.901425 57980 IPCTensor.h:369] NewIPCTensor: input_keys_neg_4 [1000000]0x10210b147000 7.629 MB
W20240205 17:12:49.901456 57844 IPCTensor.h:369] NewIPCTensor: input_keys_neg_2 [1000000]0x10210b8ea000 7.629 MB
W20240205 17:12:49.901474 58183 IPCTensor.h:369] NewIPCTensor: backward_grads_0 [1000000, 400]0x10210cfd3000 1.49 GB
W20240205 17:12:49.901470 58246 IPCTensor.h:369] NewIPCTensor: input_keys_7 [1000000]0x10210c08d000 7.629 MB
W20240205 17:12:49.901475 58047 IPCTensor.h:369] NewIPCTensor: input_keys_5 [1000000]0x10210c830000 7.629 MB
W20240205 17:12:49.901512 58183 IPCTensor.h:369] NewIPCTensor: backward_grads_neg_0 [1000000, 400]0x10216c5b6000 1.49 GB
W20240205 17:12:49.901616 58246 IPCTensor.h:369] NewIPCTensor: input_keys_neg_7 [1000000]0x1021cbb99000 7.629 MB
W20240205 17:12:49.901633 58047 IPCTensor.h:369] NewIPCTensor: input_keys_neg_5 [1000000]0x1021cc33c000 7.629 MB
W20240205 17:12:49.901679 57844 IPCTensor.h:369] NewIPCTensor: backward_grads_2 [1000000, 400]0x1021ccadf000 1.49 GB
W20240205 17:12:49.901684 58246 IPCTensor.h:369] NewIPCTensor: backward_grads_7 [1000000, 400]0x10222c0c2000 1.49 GB
W20240205 17:12:49.901700 57980 IPCTensor.h:369] NewIPCTensor: backward_grads_4 [1000000, 400]0x10228b6a5000 1.49 GB
W20240205 17:12:49.901717 58047 IPCTensor.h:369] NewIPCTensor: backward_grads_5 [1000000, 400]0x1022eac88000 1.49 GB
W20240205 17:12:49.901744 57844 IPCTensor.h:369] NewIPCTensor: backward_grads_neg_2 [1000000, 400]0x10234a26b000 1.49 GB
W20240205 17:12:49.901751 58246 IPCTensor.h:369] NewIPCTensor: backward_grads_neg_7 [1000000, 400]0x1023a984e000 1.49 GB
W20240205 17:12:49.901770 57980 IPCTensor.h:369] NewIPCTensor: backward_grads_neg_4 [1000000, 400]0x102408e31000 1.49 GB
W20240205 17:12:49.901777 58047 IPCTensor.h:369] NewIPCTensor: backward_grads_neg_5 [1000000, 400]0x102468414000 1.49 GB
W20240205 17:12:49.903293 58183 IPCTensor.h:409] NewIPCGPUTensor: backward_grads_0_gpu [1000000, 400]; dev=0; size=1.49 GB
W20240205 17:12:49.903321 57844 IPCTensor.h:409] NewIPCGPUTensor: backward_grads_2_gpu [1000000, 400]; dev=2; size=1.49 GB
W20240205 17:12:49.903452 58047 IPCTensor.h:409] NewIPCGPUTensor: backward_grads_5_gpu [1000000, 400]; dev=5; size=1.49 GB
W20240205 17:12:49.903460 58246 IPCTensor.h:409] NewIPCGPUTensor: backward_grads_7_gpu [1000000, 400]; dev=7; size=1.49 GB
W20240205 17:12:49.903481 57980 IPCTensor.h:409] NewIPCGPUTensor: backward_grads_4_gpu [1000000, 400]; dev=4; size=1.49 GB
W20240205 17:12:49.903784 57749 IPCTensor.h:369] NewIPCTensor: input_keys_1 [1000000]0x1024c79f9000 7.629 MB
W20240205 17:12:49.903988 57749 IPCTensor.h:369] NewIPCTensor: input_keys_neg_1 [1000000]0x1024c819c000 7.629 MB
W20240205 17:12:49.904109 57749 IPCTensor.h:369] NewIPCTensor: backward_grads_1 [1000000, 400]0x1024c893f000 1.49 GB
W20240205 17:12:49.904204 57749 IPCTensor.h:369] NewIPCTensor: backward_grads_neg_1 [1000000, 400]0x102527f22000 1.49 GB
W20240205 17:12:49.904296 57749 IPCTensor.h:409] NewIPCGPUTensor: backward_grads_1_gpu [1000000, 400]; dev=1; size=1.49 GB
W20240205 17:12:49.915048 57911 IPCTensor.h:369] NewIPCTensor: input_keys_3 [1000000]0x102587509000 7.629 MB
W20240205 17:12:49.915158 57911 IPCTensor.h:369] NewIPCTensor: input_keys_neg_3 [1000000]0x102587cac000 7.629 MB
W20240205 17:12:49.915220 57911 IPCTensor.h:369] NewIPCTensor: backward_grads_3 [1000000, 400]0x10258844f000 1.49 GB
W20240205 17:12:49.915274 57911 IPCTensor.h:369] NewIPCTensor: backward_grads_neg_3 [1000000, 400]0x1025e7a32000 1.49 GB
W20240205 17:12:49.915339 57911 IPCTensor.h:409] NewIPCGPUTensor: backward_grads_3_gpu [1000000, 400]; dev=3; size=1.49 GB
W20240205 17:12:49.915365 58183 IPCTensor.h:409] NewIPCGPUTensor: backward_grads_neg_0_gpu [1000000, 400]; dev=0; size=1.49 GB
W20240205 17:12:49.915448 57749 IPCTensor.h:409] NewIPCGPUTensor: backward_grads_neg_1_gpu [1000000, 400]; dev=1; size=1.49 GB
W20240205 17:12:49.916905 58246 IPCTensor.h:409] NewIPCGPUTensor: backward_grads_neg_7_gpu [1000000, 400]; dev=7; size=1.49 GB
W20240205 17:12:49.916975 57844 IPCTensor.h:409] NewIPCGPUTensor: backward_grads_neg_2_gpu [1000000, 400]; dev=2; size=1.49 GB
W20240205 17:12:49.916977 58047 IPCTensor.h:409] NewIPCGPUTensor: backward_grads_neg_5_gpu [1000000, 400]; dev=5; size=1.49 GB
W20240205 17:12:49.916980 57980 IPCTensor.h:409] NewIPCGPUTensor: backward_grads_neg_4_gpu [1000000, 400]; dev=4; size=1.49 GB
W20240205 17:12:49.926970 57911 IPCTensor.h:409] NewIPCGPUTensor: backward_grads_neg_3_gpu [1000000, 400]; dev=3; size=1.49 GB
[Rank7] pid = 58182
New CachedEmbedding, name=full_emb, shape=(86054151, 400), cache_type=KnownLocalCachedEmbedding
fixed cache_range is [(0, 4302707), (4302707, 8605414), (8605414, 12908121), (12908121, 17210828), (17210828, 21513535), (21513535, 25816242), (25816242, 30118949), (30118949, 34421656)]
cudaHostRegister 0x100026322000
0: KnownLocalCachedEmbedding init done
WARNING [56651 DistTensor.py:59] The tensor name already exists in the kvstore
cudaHostRegister 0x100026322000
1: KnownLocalCachedEmbedding init done
WARNING [57748 DistTensor.py:59] The tensor name already exists in the kvstore
cudaHostRegister 0x100026322000
7: KnownLocalCachedEmbedding init done
WARNING [58182 DistTensor.py:59] The tensor name already exists in the kvstore
cudaHostRegister 0x100026322000
5: KnownLocalCachedEmbedding init done
cudaHostRegister 0x100026322000
3: KnownLocalCachedEmbedding init done
cudaHostRegister 0x100026322000
2: KnownLocalCachedEmbedding init done
WARNING [58046 DistTensor.py:59] The tensor name already exists in the kvstore
WARNING [57910 DistTensor.py:59] The tensor name already exists in the kvstore
WARNING [57843 DistTensor.py:59] The tensor name already exists in the kvstore
cudaHostRegister 0x100026322000
6: KnownLocalCachedEmbedding init done
WARNING [58113 DistTensor.py:59] The tensor name already exists in the kvstore
cudaHostRegister 0x100026322000
4: KnownLocalCachedEmbedding init done
WARNING [57979 DistTensor.py:59] The tensor name already exists in the kvstore
I20240205 17:13:40.493834 58183 IPC_barrier.h:118] CreateBarrier: new barrier, name: kgcachecontroller, count: 8
I20240205 17:13:40.494009 57980 IPC_barrier.h:112] CreateBarrier: find existing barrier, name: kgcachecontroller, count: 8
I20240205 17:13:40.494869 58246 IPC_barrier.h:112] CreateBarrier: find existing barrier, name: kgcachecontroller, count: 8
I20240205 17:13:40.494958 58114 IPC_barrier.h:112] CreateBarrier: find existing barrier, name: kgcachecontroller, count: 8
I20240205 17:13:40.495076 57749 IPC_barrier.h:112] CreateBarrier: find existing barrier, name: kgcachecontroller, count: 8
I20240205 17:13:40.495216 57844 IPC_barrier.h:112] CreateBarrier: find existing barrier, name: kgcachecontroller, count: 8
I20240205 17:13:40.495342 57911 IPC_barrier.h:112] CreateBarrier: find existing barrier, name: kgcachecontroller, count: 8
I20240205 17:13:40.495533 58047 IPC_barrier.h:112] CreateBarrier: find existing barrier, name: kgcachecontroller, count: 8
W20240205 17:13:40.498026 58183 grad_base.h:55] KGCacheController, config={
        "num_gpus": 8,
        "L": 10,
        "backgrad_init": "both", 
        "kForwardItersPerStep": 2,
        "clr": 0.01,
        "nr_background_threads": 24,
        "backwardMode": "CppAsync",
        "cache_ratio": 0.05,
        "update_cache_use_omp":  0,
        "update_pq_use_omp":  0
        }
W20240205 17:13:40.498355 58183 grad_base.h:184] Init GradProcessingBase done
I20240205 17:13:53.652612 58183 grad_async_v1.h:203] Use main thread to update emb.
W20240205 17:13:53.652899 58183 kg_controller.h:75] after init GradAsyncProcessing
I20240205 17:13:53.652910 58183 kg_controller.h:84] Construct KGCacheController done
E20240205 17:13:54.417380 58246 recstore.cc:66] init folly done
E20240205 17:13:54.417438 58047 recstore.cc:66] init folly done
E20240205 17:13:54.418308 58114 recstore.cc:66] init folly done
E20240205 17:13:54.418638 57749 recstore.cc:66] init folly done
E20240205 17:13:54.418826 57844 recstore.cc:66] init folly done
E20240205 17:13:54.419071 57911 recstore.cc:66] init folly done
E20240205 17:13:54.419080 57980 recstore.cc:66] init folly done
E20240205 17:13:54.419087 58183 recstore.cc:66] init folly done
I20240205 17:13:54.420042 58183 grad_base.h:60] GraphEnv RegTensorsPerProcess
I20240205 17:14:16.348201 58246 IPC_barrier.h:118] CreateBarrier: new barrier, name: start_barrier, count: 8
I20240205 17:14:16.463135 58047 IPC_barrier.h:112] CreateBarrier: find existing barrier, name: start_barrier, count: 8
I20240205 17:14:16.716522 57980 IPC_barrier.h:112] CreateBarrier: find existing barrier, name: start_barrier, count: 8
I20240205 17:14:17.776611 57844 IPC_barrier.h:112] CreateBarrier: find existing barrier, name: start_barrier, count: 8
I20240205 17:14:18.566792 57749 IPC_barrier.h:112] CreateBarrier: find existing barrier, name: start_barrier, count: 8
I20240205 17:14:18.659868 57911 IPC_barrier.h:112] CreateBarrier: find existing barrier, name: start_barrier, count: 8
I20240205 17:14:19.258086 58114 IPC_barrier.h:112] CreateBarrier: find existing barrier, name: start_barrier, count: 8
I20240205 17:14:19.318645 58183 IPC_barrier.h:112] CreateBarrier: find existing barrier, name: start_barrier, count: 8
+---------------------------+---------------------------+---------------------------+
| Name                      | P50                       | P99                       |
+---------------------------+---------------------------+---------------------------+
| GenInput                  | 6.546 ms                  | 6.546 ms                  |
| Forward                   | 744.235 ms                | 744.235 ms                |
| Backward                  | 229.900 ms                | 229.900 ms                |
| Optimize                  | 5.996 ms                  | 5.996 ms                  |
| BarrierTimeBeforeRank0    | 82.759 us                 | 82.759 us                 |
+---------------------------+---------------------------+---------------------------+
W20240205 17:14:21.585826 58183 grad_async_v1.h:429] Sleep in <BlockToStepN>, step_no=1, pq.top=1
E20240205 17:14:22.344228 58379 grad_async_v1.h:533] Stalled in ProcessBackward: rank=0, step_no=1, sample_step_cpp_seen_[rank]=0
W20240205 17:14:22.617326 58183 grad_async_v1.h:429] Sleep in <BlockToStepN>, step_no=3, pq.top=3
W20240205 17:14:23.617007 58183 grad_async_v1.h:429] Sleep in <BlockToStepN>, step_no=5, pq.top=5
+---------------------------+---------------------------+---------------------------+
| Name                      | P50                       | P99                       |
+---------------------------+---------------------------+---------------------------+
| ProcessBack:Shuffle       | 10.032 ms                 | 284.042 ms                |
| ProcessBack:UpdateCache   | 10.332 ms                 | 670.509 ms                |
| ProcessBack:UpsertPq      | 48.242 ms                 | 55.515 ms                 |
| ProcessOneStep            | 77.005 ms                 | 1.279 s                   |
| BlockToStepN              | 4.962 ms                  | 739.320 ms                |
+---------------------------+---------------------------+---------------------------+
W20240205 17:14:24.853116 58183 grad_async_v1.h:429] Sleep in <BlockToStepN>, step_no=7, pq.top=7
+---------------------------+---------------------------+---------------------------+
| Name                      | P50                       | P99                       |
+---------------------------+---------------------------+---------------------------+
| GenInput                  | 6.271 ms                  | 101.622 ms                |
| Forward                   | 6.329 ms                  | 744.235 ms                |
| Backward                  | 11.114 ms                 | 229.900 ms                |
| Optimize                  | 5.597 ms                  | 7.558 ms                  |
| BarrierTimeBeforeRank0    | 82.759 us                 | 235.591 ms                |
| AfterBackward             | 77.328 ms                 | 1.279 s                   |
| BlockToStepN              | 5.020 ms                  | 739.425 ms                |
| OneStep                   | 208.936 ms                | 2.981 s                   |
+---------------------------+---------------------------+---------------------------+
W20240205 17:14:25.931584 58183 grad_async_v1.h:429] Sleep in <BlockToStepN>, step_no=9, pq.top=9
W20240205 17:14:26.931010 58183 grad_async_v1.h:429] Sleep in <BlockToStepN>, step_no=11, pq.top=11
W20240205 17:14:27.931006 58183 grad_async_v1.h:429] Sleep in <BlockToStepN>, step_no=13, pq.top=13
W20240205 17:14:28.931006 58183 grad_async_v1.h:429] Sleep in <BlockToStepN>, step_no=15, pq.top=15
+---------------------------+---------------------------+---------------------------+
| Name                      | P50                       | P99                       |
+---------------------------+---------------------------+---------------------------+
| ProcessBack:Shuffle       | 9.494 ms                  | 284.042 ms                |
| ProcessBack:UpdateCache   | 10.957 ms                 | 670.509 ms                |
| ProcessBack:UpsertPq      | 48.242 ms                 | 72.960 ms                 |
| ProcessOneStep            | 77.290 ms                 | 1.279 s                   |
| BlockToStepN              | 4.962 ms                  | 904.301 ms                |
+---------------------------+---------------------------+---------------------------+
W20240205 17:14:29.934796 58183 grad_async_v1.h:429] Sleep in <BlockToStepN>, step_no=17, pq.top=17
+---------------------------+---------------------------+---------------------------+
| Name                      | P50                       | P99                       |
+---------------------------+---------------------------+---------------------------+
| GenInput                  | 6.153 ms                  | 101.622 ms                |
| Forward                   | 5.806 ms                  | 744.235 ms                |
| Backward                  | 11.077 ms                 | 229.900 ms                |
| Optimize                  | 3.010 ms                  | 7.558 ms                  |
| BarrierTimeBeforeRank0    | 82.759 us                 | 235.591 ms                |
| AfterBackward             | 77.047 ms                 | 1.279 s                   |
| BlockToStepN              | 5.020 ms                  | 904.428 ms                |
| OneStep                   | 214.416 ms                | 2.981 s                   |
+---------------------------+---------------------------+---------------------------+
W20240205 17:14:30.968180 58183 grad_async_v1.h:429] Sleep in <BlockToStepN>, step_no=18, pq.top=18
W20240205 17:14:32.188707 58183 grad_async_v1.h:429] Sleep in <BlockToStepN>, step_no=21, pq.top=21
W20240205 17:14:33.574069 58183 grad_async_v1.h:429] Sleep in <BlockToStepN>, step_no=23, pq.top=23
+---------------------------+---------------------------+---------------------------+
| Name                      | P50                       | P99                       |
+---------------------------+---------------------------+---------------------------+
| ProcessBack:Shuffle       | 9.990 ms                  | 284.042 ms                |
| ProcessBack:UpdateCache   | 11.092 ms                 | 670.509 ms                |
| ProcessBack:UpsertPq      | 49.987 ms                 | 101.001 ms                |
| ProcessOneStep            | 81.186 ms                 | 1.279 s                   |
| BlockToStepN              | 711.431 ms                | 904.301 ms                |
+---------------------------+---------------------------+---------------------------+
W20240205 17:14:34.865108 58183 grad_async_v1.h:429] Sleep in <BlockToStepN>, step_no=25, pq.top=25
+---------------------------+---------------------------+---------------------------+
| Name                      | P50                       | P99                       |
+---------------------------+---------------------------+---------------------------+
| GenInput                  | 6.153 ms                  | 275.294 ms                |
| Forward                   | 5.487 ms                  | 744.235 ms                |
| Backward                  | 11.025 ms                 | 229.900 ms                |
| Optimize                  | 3.047 ms                  | 26.061 ms                 |
| BarrierTimeBeforeRank0    | 149.257 us                | 235.591 ms                |
| AfterBackward             | 78.043 ms                 | 1.279 s                   |
| BlockToStepN              | 5.020 ms                  | 904.428 ms                |
| OneStep                   | 368.728 ms                | 2.981 s                   |
+---------------------------+---------------------------+---------------------------+
W20240205 17:14:35.933519 58183 grad_async_v1.h:429] Sleep in <BlockToStepN>, step_no=27, pq.top=27
W20240205 17:14:36.958722 58183 grad_async_v1.h:429] Sleep in <BlockToStepN>, step_no=29, pq.top=29
W20240205 17:14:37.958007 58183 grad_async_v1.h:429] Sleep in <BlockToStepN>, step_no=31, pq.top=31
W20240205 17:14:38.958009 58183 grad_async_v1.h:429] Sleep in <BlockToStepN>, step_no=33, pq.top=33
+---------------------------+---------------------------+---------------------------+
| Name                      | P50                       | P99                       |
+---------------------------+---------------------------+---------------------------+
| ProcessBack:Shuffle       | 9.462 ms                  | 252.362 ms                |
| ProcessBack:UpdateCache   | 10.506 ms                 | 669.627 ms                |
| ProcessBack:UpsertPq      | 47.972 ms                 | 93.342 ms                 |
| ProcessOneStep            | 76.083 ms                 | 1.279 s                   |
| BlockToStepN              | 4.962 ms                  | 904.301 ms                |
+---------------------------+---------------------------+---------------------------+
W20240205 17:14:39.958009 58183 grad_async_v1.h:429] Sleep in <BlockToStepN>, step_no=35, pq.top=35
+---------------------------+---------------------------+---------------------------+
| Name                      | P50                       | P99                       |
+---------------------------+---------------------------+---------------------------+
| GenInput                  | 6.546 ms                  | 275.294 ms                |
| Forward                   | 5.487 ms                  | 744.235 ms                |
| Backward                  | 10.275 ms                 | 229.900 ms                |
| Optimize                  | 2.995 ms                  | 26.061 ms                 |
| BarrierTimeBeforeRank0    | 6.481 ms                  | 235.591 ms                |
| AfterBackward             | 74.489 ms                 | 1.279 s                   |
| BlockToStepN              | 5.020 ms                  | 904.428 ms                |
| OneStep                   | 368.728 ms                | 2.981 s                   |
+---------------------------+---------------------------+---------------------------+
W20240205 17:14:40.958010 58183 grad_async_v1.h:429] Sleep in <BlockToStepN>, step_no=37, pq.top=37
W20240205 17:14:41.999115 58183 grad_async_v1.h:429] Sleep in <BlockToStepN>, step_no=39, pq.top=39
W20240205 17:14:42.999009 58183 grad_async_v1.h:429] Sleep in <BlockToStepN>, step_no=41, pq.top=41
W20240205 17:14:43.999008 58183 grad_async_v1.h:429] Sleep in <BlockToStepN>, step_no=43, pq.top=43
+---------------------------+---------------------------+---------------------------+
| Name                      | P50                       | P99                       |
+---------------------------+---------------------------+---------------------------+
| ProcessBack:Shuffle       | 8.924 ms                  | 252.362 ms                |
| ProcessBack:UpdateCache   | 10.207 ms                 | 669.627 ms                |
| ProcessBack:UpsertPq      | 44.483 ms                 | 93.342 ms                 |
| ProcessOneStep            | 71.158 ms                 | 1.279 s                   |
| BlockToStepN              | 10.266 ms                 | 904.301 ms                |
+---------------------------+---------------------------+---------------------------+
W20240205 17:14:45.004180 58183 grad_async_v1.h:429] Sleep in <BlockToStepN>, step_no=45, pq.top=45
+---------------------------+---------------------------+---------------------------+
| Name                      | P50                       | P99                       |
+---------------------------+---------------------------+---------------------------+
| GenInput                  | 6.712 ms                  | 275.294 ms                |
| Forward                   | 5.348 ms                  | 744.235 ms                |
| Backward                  | 10.275 ms                 | 229.900 ms                |
| Optimize                  | 2.995 ms                  | 26.061 ms                 |
| BarrierTimeBeforeRank0    | 6.481 ms                  | 235.591 ms                |
| AfterBackward             | 70.833 ms                 | 1.279 s                   |
| BlockToStepN              | 10.308 ms                 | 904.428 ms                |
| OneStep                   | 368.728 ms                | 2.981 s                   |
+---------------------------+---------------------------+---------------------------+
W20240205 17:14:46.004009 58183 grad_async_v1.h:429] Sleep in <BlockToStepN>, step_no=47, pq.top=47
W20240205 17:14:47.020859 58183 grad_async_v1.h:429] Sleep in <BlockToStepN>, step_no=49, pq.top=49
W20240205 17:14:48.020009 58183 grad_async_v1.h:429] Sleep in <BlockToStepN>, step_no=51, pq.top=51
W20240205 17:14:49.020007 58183 grad_async_v1.h:429] Sleep in <BlockToStepN>, step_no=53, pq.top=53
+---------------------------+---------------------------+---------------------------+
| Name                      | P50                       | P99                       |
+---------------------------+---------------------------+---------------------------+
| ProcessBack:Shuffle       | 8.750 ms                  | 252.362 ms                |
| ProcessBack:UpdateCache   | 9.938 ms                  | 669.627 ms                |
| ProcessBack:UpsertPq      | 41.490 ms                 | 93.342 ms                 |
| ProcessOneStep            | 68.937 ms                 | 180.086 ms                |
| BlockToStepN              | 10.266 ms                 | 865.183 ms                |
+---------------------------+---------------------------+---------------------------+
W20240205 17:14:50.401624 58183 grad_async_v1.h:429] Sleep in <BlockToStepN>, step_no=55, pq.top=55
+---------------------------+---------------------------+---------------------------+
| Name                      | P50                       | P99                       |
+---------------------------+---------------------------+---------------------------+
| GenInput                  | 6.344 ms                  | 186.050 ms                |
| Forward                   | 5.298 ms                  | 21.148 ms                 |
| Backward                  | 10.108 ms                 | 19.935 ms                 |
| Optimize                  | 2.984 ms                  | 11.964 ms                 |
| BarrierTimeBeforeRank0    | 6.178 ms                  | 226.882 ms                |
| AfterBackward             | 69.021 ms                 | 180.137 ms                |
| BlockToStepN              | 10.308 ms                 | 865.300 ms                |
| OneStep                   | 368.728 ms                | 1.221 s                   |
+---------------------------+---------------------------+---------------------------+
W20240205 17:14:51.488916 58183 grad_async_v1.h:429] Sleep in <BlockToStepN>, step_no=57, pq.top=57
W20240205 17:14:52.488009 58183 grad_async_v1.h:429] Sleep in <BlockToStepN>, step_no=59, pq.top=59
W20240205 17:14:53.572854 58183 grad_async_v1.h:429] Sleep in <BlockToStepN>, step_no=61, pq.top=61
+---------------------------+---------------------------+---------------------------+
| Name                      | P50                       | P99                       |
+---------------------------+---------------------------+---------------------------+
| ProcessBack:Shuffle       | 8.838 ms                  | 252.362 ms                |
| ProcessBack:UpdateCache   | 10.071 ms                 | 669.627 ms                |
| ProcessBack:UpsertPq      | 44.919 ms                 | 93.342 ms                 |
| ProcessOneStep            | 70.792 ms                 | 180.086 ms                |
| BlockToStepN              | 711.431 ms                | 865.183 ms                |
+---------------------------+---------------------------+---------------------------+
W20240205 17:14:54.615926 58183 grad_async_v1.h:429] Sleep in <BlockToStepN>, step_no=63, pq.top=63
+---------------------------+---------------------------+---------------------------+
| Name                      | P50                       | P99                       |
+---------------------------+---------------------------+---------------------------+
| GenInput                  | 6.466 ms                  | 186.050 ms                |
| Forward                   | 5.373 ms                  | 21.148 ms                 |
| Backward                  | 10.105 ms                 | 19.935 ms                 |
| Optimize                  | 2.973 ms                  | 11.964 ms                 |
| BarrierTimeBeforeRank0    | 2.479 ms                  | 226.882 ms                |
| AfterBackward             | 70.469 ms                 | 180.137 ms                |
| BlockToStepN              | 10.308 ms                 | 865.300 ms                |
| OneStep                   | 368.728 ms                | 1.221 s                   |
+---------------------------+---------------------------+---------------------------+
W20240205 17:14:55.615006 58183 grad_async_v1.h:429] Sleep in <BlockToStepN>, step_no=65, pq.top=65
W20240205 17:14:56.615007 58183 grad_async_v1.h:429] Sleep in <BlockToStepN>, step_no=67, pq.top=67
W20240205 17:14:57.615007 58183 grad_async_v1.h:429] Sleep in <BlockToStepN>, step_no=69, pq.top=69
W20240205 17:14:58.767983 58183 grad_async_v1.h:429] Sleep in <BlockToStepN>, step_no=71, pq.top=71
+---------------------------+---------------------------+---------------------------+
| Name                      | P50                       | P99                       |
+---------------------------+---------------------------+---------------------------+
| ProcessBack:Shuffle       | 8.805 ms                  | 252.362 ms                |
| ProcessBack:UpdateCache   | 10.018 ms                 | 669.627 ms                |
| ProcessBack:UpsertPq      | 40.677 ms                 | 93.342 ms                 |
| ProcessOneStep            | 68.937 ms                 | 180.086 ms                |
| BlockToStepN              | 10.266 ms                 | 865.183 ms                |
+---------------------------+---------------------------+---------------------------+
W20240205 17:14:59.775533 58183 grad_async_v1.h:429] Sleep in <BlockToStepN>, step_no=73, pq.top=73
+---------------------------+---------------------------+---------------------------+
