WARNING: Logging before InitGoogleLogging() is written to STDERR
I20240211 12:08:17.872892 15757 IPC_barrier.h:128] MultiProcessBarrierFactory->ClearIPCMemory()
W20240211 12:08:17.882402 15757 IPCTensor.h:369] NewIPCTensor: full_emb [33762578, 32]0x100000002000 4.025 GB
/data/home/xieminhui/RecStore/src/framework_adapters/torch/python/perf_rec_model.py:152: DeprecationWarning: The 'warn' function is deprecated, use 'warning' instead
  XLOG.warn("After init DistEmbedding")
WARNING [15757 perf_rec_model.py:152] After init DistEmbedding
========== Running Perf with routine <function routine_local_cache_helper at 0x7fe5ba2558a0>==========
Worker 1 pid=18880
Worker 2 pid=18881
Worker 3 pid=18882
Worker 4 pid=18883
Worker 5 pid=18884
Worker 6 pid=18885
INFO [15757 distributed_c10d.py:442] Added key: store_based_barrier_key:1 to store for rank: 0
INFO [18880 distributed_c10d.py:442] Added key: store_based_barrier_key:1 to store for rank: 1
INFO [18881 distributed_c10d.py:442] Added key: store_based_barrier_key:1 to store for rank: 2
INFO [18882 distributed_c10d.py:442] Added key: store_based_barrier_key:1 to store for rank: 3
INFO [18883 distributed_c10d.py:442] Added key: store_based_barrier_key:1 to store for rank: 4
INFO [18884 distributed_c10d.py:442] Added key: store_based_barrier_key:1 to store for rank: 5
INFO [15757 distributed_c10d.py:476] Rank 0: Completed store-based barrier for key:store_based_barrier_key:1 with 8 nodes.
INFO [18883 distributed_c10d.py:476] Rank 4: Completed store-based barrier for key:store_based_barrier_key:1 with 8 nodes.
INFO [18885 distributed_c10d.py:442] Added key: store_based_barrier_key:1 to store for rank: 6
INFO [18886 distributed_c10d.py:442] Added key: store_based_barrier_key:1 to store for rank: 7
INFO [18884 distributed_c10d.py:476] Rank 5: Completed store-based barrier for key:store_based_barrier_key:1 with 8 nodes.
INFO [18881 distributed_c10d.py:476] Rank 2: Completed store-based barrier for key:store_based_barrier_key:1 with 8 nodes.
INFO [18880 distributed_c10d.py:476] Rank 1: Completed store-based barrier for key:store_based_barrier_key:1 with 8 nodes.
INFO [18886 distributed_c10d.py:476] Rank 7: Completed store-based barrier for key:store_based_barrier_key:1 with 8 nodes.
INFO [18885 distributed_c10d.py:476] Rank 6: Completed store-based barrier for key:store_based_barrier_key:1 with 8 nodes.
INFO [18882 distributed_c10d.py:476] Rank 3: Completed store-based barrier for key:store_based_barrier_key:1 with 8 nodes.
E20240211 12:08:36.213114 15757 IPCTensor.h:348] IPCTensor full_emb already exists
E20240211 12:08:36.213284 18883 IPCTensor.h:348] IPCTensor full_emb already exists
E20240211 12:08:36.213398 18884 IPCTensor.h:348] IPCTensor full_emb already exists
E20240211 12:08:36.213532 18881 IPCTensor.h:348] IPCTensor full_emb already exists
E20240211 12:08:36.213577 18886 IPCTensor.h:348] IPCTensor full_emb already exists
E20240211 12:08:36.213748 18882 IPCTensor.h:348] IPCTensor full_emb already exists
E20240211 12:08:36.213850 18880 IPCTensor.h:348] IPCTensor full_emb already exists
E20240211 12:08:36.213850 18885 IPCTensor.h:348] IPCTensor full_emb already exists
W20240211 12:08:55.011898 18886 IPCTensor.h:409] NewIPCGPUTensor: embedding_cache_7 [3376257, 32]; dev=7; size=412.1 MB
W20240211 12:08:55.011898 18884 IPCTensor.h:409] NewIPCGPUTensor: embedding_cache_5 [3376257, 32]; dev=5; size=412.1 MB
W20240211 12:08:55.012903 18882 IPCTensor.h:409] NewIPCGPUTensor: embedding_cache_3 [3376257, 32]; dev=3; size=412.1 MB
W20240211 12:08:55.014565 18885 IPCTensor.h:409] NewIPCGPUTensor: embedding_cache_6 [3376257, 32]; dev=6; size=412.1 MB
W20240211 12:08:55.015040 18883 IPCTensor.h:409] NewIPCGPUTensor: embedding_cache_4 [3376257, 32]; dev=4; size=412.1 MB
W20240211 12:08:55.030037 15757 IPCTensor.h:409] NewIPCGPUTensor: embedding_cache_0 [3376257, 32]; dev=0; size=412.1 MB
W20240211 12:08:55.030264 18881 IPCTensor.h:409] NewIPCGPUTensor: embedding_cache_2 [3376257, 32]; dev=2; size=412.1 MB
W20240211 12:08:55.030270 18880 IPCTensor.h:409] NewIPCGPUTensor: embedding_cache_1 [3376257, 32]; dev=1; size=412.1 MB
W20240211 12:08:55.783463 18886 IPCTensor.h:369] NewIPCTensor: input_keys_7 [1000000]0x10010196e000 7.629 MB
W20240211 12:08:55.783638 18886 IPCTensor.h:369] NewIPCTensor: input_keys_neg_7 [1000000]0x100102111000 7.629 MB
W20240211 12:08:55.783707 18886 IPCTensor.h:369] NewIPCTensor: backward_grads_7 [1000000, 32]0x1001028b4000 122.1 MB
W20240211 12:08:55.783764 18886 IPCTensor.h:369] NewIPCTensor: backward_grads_neg_7 [1000000, 32]0x10010a2c8000 122.1 MB
W20240211 12:08:55.783810 18886 IPCTensor.h:409] NewIPCGPUTensor: backward_grads_7_gpu [1000000, 32]; dev=7; size=122.1 MB
W20240211 12:08:55.784945 18886 IPCTensor.h:409] NewIPCGPUTensor: backward_grads_neg_7_gpu [1000000, 32]; dev=7; size=122.1 MB
W20240211 12:08:55.795097 18885 IPCTensor.h:369] NewIPCTensor: input_keys_6 [1000000]0x100111ce2000 7.629 MB
W20240211 12:08:55.795222 18885 IPCTensor.h:369] NewIPCTensor: input_keys_neg_6 [1000000]0x100112485000 7.629 MB
W20240211 12:08:55.795276 18885 IPCTensor.h:369] NewIPCTensor: backward_grads_6 [1000000, 32]0x100112c28000 122.1 MB
W20240211 12:08:55.795369 18885 IPCTensor.h:369] NewIPCTensor: backward_grads_neg_6 [1000000, 32]0x10011a63c000 122.1 MB
W20240211 12:08:55.795409 18885 IPCTensor.h:409] NewIPCGPUTensor: backward_grads_6_gpu [1000000, 32]; dev=6; size=122.1 MB
W20240211 12:08:55.795837 18885 IPCTensor.h:409] NewIPCGPUTensor: backward_grads_neg_6_gpu [1000000, 32]; dev=6; size=122.1 MB
W20240211 12:08:55.805915 18884 IPCTensor.h:369] NewIPCTensor: input_keys_5 [1000000]0x100122056000 7.629 MB
W20240211 12:08:55.806031 18884 IPCTensor.h:369] NewIPCTensor: input_keys_neg_5 [1000000]0x1001227f9000 7.629 MB
W20240211 12:08:55.806089 18884 IPCTensor.h:369] NewIPCTensor: backward_grads_5 [1000000, 32]0x100122f9c000 122.1 MB
W20240211 12:08:55.806139 18884 IPCTensor.h:369] NewIPCTensor: backward_grads_neg_5 [1000000, 32]0x10012a9b0000 122.1 MB
W20240211 12:08:55.806177 18884 IPCTensor.h:409] NewIPCGPUTensor: backward_grads_5_gpu [1000000, 32]; dev=5; size=122.1 MB
W20240211 12:08:55.808429 18884 IPCTensor.h:409] NewIPCGPUTensor: backward_grads_neg_5_gpu [1000000, 32]; dev=5; size=122.1 MB
W20240211 12:08:55.866813 18883 IPCTensor.h:369] NewIPCTensor: input_keys_4 [1000000]0x1001323ca000 7.629 MB
W20240211 12:08:55.867033 18883 IPCTensor.h:369] NewIPCTensor: input_keys_neg_4 [1000000]0x100132b6d000 7.629 MB
W20240211 12:08:55.867118 18883 IPCTensor.h:369] NewIPCTensor: backward_grads_4 [1000000, 32]0x100133310000 122.1 MB
W20240211 12:08:55.867198 18883 IPCTensor.h:369] NewIPCTensor: backward_grads_neg_4 [1000000, 32]0x10013ad24000 122.1 MB
W20240211 12:08:55.867277 18883 IPCTensor.h:409] NewIPCGPUTensor: backward_grads_4_gpu [1000000, 32]; dev=4; size=122.1 MB
W20240211 12:08:55.877386 18883 IPCTensor.h:409] NewIPCGPUTensor: backward_grads_neg_4_gpu [1000000, 32]; dev=4; size=122.1 MB
W20240211 12:08:55.897423 18881 IPCTensor.h:369] NewIPCTensor: input_keys_2 [1000000]0x100142744000 7.629 MB
W20240211 12:08:55.897449 18882 IPCTensor.h:369] NewIPCTensor: input_keys_3 [1000000]0x100142ee7000 7.629 MB
W20240211 12:08:55.897645 18880 IPCTensor.h:369] NewIPCTensor: input_keys_1 [1000000]0x10014368a000 7.629 MB
W20240211 12:08:55.897784 15757 IPCTensor.h:369] NewIPCTensor: input_keys_0 [1000000]0x100143e2d000 7.629 MB
W20240211 12:08:55.897924 18881 IPCTensor.h:369] NewIPCTensor: input_keys_neg_2 [1000000]0x1001445d0000 7.629 MB
W20240211 12:08:55.897951 18882 IPCTensor.h:369] NewIPCTensor: input_keys_neg_3 [1000000]0x100144d73000 7.629 MB
W20240211 12:08:55.898022 18882 IPCTensor.h:369] NewIPCTensor: backward_grads_3 [1000000, 32]0x100145516000 122.1 MB
W20240211 12:08:55.898027 18881 IPCTensor.h:369] NewIPCTensor: backward_grads_2 [1000000, 32]0x10014cf2a000 122.1 MB
W20240211 12:08:55.898089 15757 IPCTensor.h:369] NewIPCTensor: input_keys_neg_0 [1000000]0x10015493e000 7.629 MB
W20240211 12:08:55.898114 18882 IPCTensor.h:369] NewIPCTensor: backward_grads_neg_3 [1000000, 32]0x1001550e1000 122.1 MB
W20240211 12:08:55.898134 18881 IPCTensor.h:369] NewIPCTensor: backward_grads_neg_2 [1000000, 32]0x10015caf5000 122.1 MB
W20240211 12:08:55.898144 18880 IPCTensor.h:369] NewIPCTensor: input_keys_neg_1 [1000000]0x100164509000 7.629 MB
W20240211 12:08:55.898182 18882 IPCTensor.h:409] NewIPCGPUTensor: backward_grads_3_gpu [1000000, 32]; dev=3; size=122.1 MB
W20240211 12:08:55.898206 18881 IPCTensor.h:409] NewIPCGPUTensor: backward_grads_2_gpu [1000000, 32]; dev=2; size=122.1 MB
W20240211 12:08:55.898625 15757 IPCTensor.h:369] NewIPCTensor: backward_grads_0 [1000000, 32]0x100164cac000 122.1 MB
W20240211 12:08:55.898644 18880 IPCTensor.h:369] NewIPCTensor: backward_grads_1 [1000000, 32]0x10016c6c0000 122.1 MB
W20240211 12:08:55.898743 15757 IPCTensor.h:369] NewIPCTensor: backward_grads_neg_0 [1000000, 32]0x1001740d6000 122.1 MB
W20240211 12:08:55.898803 15757 IPCTensor.h:409] NewIPCGPUTensor: backward_grads_0_gpu [1000000, 32]; dev=0; size=122.1 MB
W20240211 12:08:55.898808 18882 IPCTensor.h:409] NewIPCGPUTensor: backward_grads_neg_3_gpu [1000000, 32]; dev=3; size=122.1 MB
W20240211 12:08:55.898818 18880 IPCTensor.h:369] NewIPCTensor: backward_grads_neg_1 [1000000, 32]0x10017baec000 122.1 MB
W20240211 12:08:55.898840 18881 IPCTensor.h:409] NewIPCGPUTensor: backward_grads_neg_2_gpu [1000000, 32]; dev=2; size=122.1 MB
W20240211 12:08:55.898905 18880 IPCTensor.h:409] NewIPCGPUTensor: backward_grads_1_gpu [1000000, 32]; dev=1; size=122.1 MB
W20240211 12:08:55.899879 15757 IPCTensor.h:409] NewIPCGPUTensor: backward_grads_neg_0_gpu [1000000, 32]; dev=0; size=122.1 MB
W20240211 12:08:55.900027 18880 IPCTensor.h:409] NewIPCGPUTensor: backward_grads_neg_1_gpu [1000000, 32]; dev=1; size=122.1 MB
cudaHostRegister 0x100000002000
1: KnownLocalCachedEmbedding init done
cudaHostRegister 0x100000002000
2: KnownLocalCachedEmbedding init done
cudaHostRegister 0x100000002000
6: KnownLocalCachedEmbedding init done
cudaHostRegister 0x100000002000
4: KnownLocalCachedEmbedding init done
cudaHostRegister 0x100000002000
3: KnownLocalCachedEmbedding init done
cudaHostRegister 0x100000002000
7: KnownLocalCachedEmbedding init done
cudaHostRegister 0x100000002000
5: KnownLocalCachedEmbedding init done
Worker 7 pid=18886
New CachedEmbedding, name=full_emb, shape=(33762578, 32), cache_type=KnownLocalCachedEmbedding
fixed cache_range is [(0, 3376257), (3376257, 6752514), (6752514, 10128771), (10128771, 13505028), (13505028, 16881285), (16881285, 20257542), (20257542, 23633799), (23633799, 27010056)]
cudaHostRegister 0x100000002000
0: KnownLocalCachedEmbedding init done
W20240211 12:09:03.783991 18885 IPCTensor.h:369] NewIPCTensor: cached_sampler_r6_0 [1000000]0x10018350c000 7.629 MB
W20240211 12:09:03.784220 18885 IPCTensor.h:369] NewIPCTensor: cached_sampler_r6_1 [1000000]0x100183caf000 7.629 MB
W20240211 12:09:03.784273 18885 IPCTensor.h:369] NewIPCTensor: cached_sampler_r6_2 [1000000]0x100184452000 7.629 MB
W20240211 12:09:03.784325 18885 IPCTensor.h:369] NewIPCTensor: cached_sampler_r6_3 [1000000]0x100184bf5000 7.629 MB
W20240211 12:09:03.784363 18885 IPCTensor.h:369] NewIPCTensor: cached_sampler_r6_4 [1000000]0x100185398000 7.629 MB
W20240211 12:09:03.784425 18885 IPCTensor.h:369] NewIPCTensor: cached_sampler_r6_5 [1000000]0x100185b3b000 7.629 MB
W20240211 12:09:03.784469 18885 IPCTensor.h:369] NewIPCTensor: cached_sampler_r6_6 [1000000]0x1001862de000 7.629 MB
W20240211 12:09:03.784543 18885 IPCTensor.h:369] NewIPCTensor: cached_sampler_r6_7 [1000000]0x100186a81000 7.629 MB
W20240211 12:09:03.784590 18885 IPCTensor.h:369] NewIPCTensor: cached_sampler_r6_8 [1000000]0x100187224000 7.629 MB
W20240211 12:09:03.784632 18885 IPCTensor.h:369] NewIPCTensor: cached_sampler_r6_9 [1000000]0x1001879c7000 7.629 MB
W20240211 12:09:03.784677 18885 IPCTensor.h:369] NewIPCTensor: step_r6 [10]0x10018816a000 80 B 
W20240211 12:09:03.784714 18885 IPCTensor.h:369] NewIPCTensor: circle_buffer_end_r6 [1]0x10018816c000 8 B 
W20240211 12:09:03.784749 18885 IPCTensor.h:369] NewIPCTensor: circle_buffer_end_cppseen_r6 [1]0x10018816e000 8 B 
Dataset:  /home/xieminhui/RecStoreDataset/criteo_binary
Dataset loaded
np.max =  33762577
np.min=  1
Construct RecModelSampler done
I20240211 12:09:03.785137 18885 IPC_barrier.h:118] CreateBarrier: new barrier, name: kgcachecontroller, count: 8
W20240211 12:09:03.792011 18884 IPCTensor.h:369] NewIPCTensor: cached_sampler_r5_0 [1000000]0x100188170000 7.629 MB
W20240211 12:09:03.792163 18884 IPCTensor.h:369] NewIPCTensor: cached_sampler_r5_1 [1000000]0x100188913000 7.629 MB
W20240211 12:09:03.792210 18884 IPCTensor.h:369] NewIPCTensor: cached_sampler_r5_2 [1000000]0x1001890b6000 7.629 MB
W20240211 12:09:03.792256 18884 IPCTensor.h:369] NewIPCTensor: cached_sampler_r5_3 [1000000]0x100189859000 7.629 MB
W20240211 12:09:03.792299 18884 IPCTensor.h:369] NewIPCTensor: cached_sampler_r5_4 [1000000]0x100189ffc000 7.629 MB
W20240211 12:09:03.792358 18884 IPCTensor.h:369] NewIPCTensor: cached_sampler_r5_5 [1000000]0x10018a79f000 7.629 MB
W20240211 12:09:03.792408 18884 IPCTensor.h:369] NewIPCTensor: cached_sampler_r5_6 [1000000]0x10018af42000 7.629 MB
W20240211 12:09:03.792475 18884 IPCTensor.h:369] NewIPCTensor: cached_sampler_r5_7 [1000000]0x10018b6e5000 7.629 MB
W20240211 12:09:03.792526 18884 IPCTensor.h:369] NewIPCTensor: cached_sampler_r5_8 [1000000]0x10018be88000 7.629 MB
W20240211 12:09:03.792573 18884 IPCTensor.h:369] NewIPCTensor: cached_sampler_r5_9 [1000000]0x10018c62b000 7.629 MB
W20240211 12:09:03.792620 18884 IPCTensor.h:369] NewIPCTensor: step_r5 [10]0x10018cdce000 80 B 
W20240211 12:09:03.792656 18884 IPCTensor.h:369] NewIPCTensor: circle_buffer_end_r5 [1]0x10018cdd0000 8 B 
W20240211 12:09:03.792690 18884 IPCTensor.h:369] NewIPCTensor: circle_buffer_end_cppseen_r5 [1]0x10018cdd2000 8 B 
Dataset:  /home/xieminhui/RecStoreDataset/criteo_binary
Dataset loaded
np.max =  33762577
np.min=  1
Construct RecModelSampler done
I20240211 12:09:03.793023 18884 IPC_barrier.h:112] CreateBarrier: find existing barrier, name: kgcachecontroller, count: 8
W20240211 12:09:03.815407 18882 IPCTensor.h:369] NewIPCTensor: cached_sampler_r3_0 [1000000]0x10018cdd4000 7.629 MB
W20240211 12:09:03.815632 18882 IPCTensor.h:369] NewIPCTensor: cached_sampler_r3_1 [1000000]0x10018d577000 7.629 MB
W20240211 12:09:03.815688 18882 IPCTensor.h:369] NewIPCTensor: cached_sampler_r3_2 [1000000]0x10018dd1a000 7.629 MB
W20240211 12:09:03.815739 18882 IPCTensor.h:369] NewIPCTensor: cached_sampler_r3_3 [1000000]0x10018e4bd000 7.629 MB
W20240211 12:09:03.815783 18882 IPCTensor.h:369] NewIPCTensor: cached_sampler_r3_4 [1000000]0x10018ec60000 7.629 MB
W20240211 12:09:03.815860 18882 IPCTensor.h:369] NewIPCTensor: cached_sampler_r3_5 [1000000]0x10018f403000 7.629 MB
W20240211 12:09:03.815910 18882 IPCTensor.h:369] NewIPCTensor: cached_sampler_r3_6 [1000000]0x10018fba6000 7.629 MB
W20240211 12:09:03.815984 18882 IPCTensor.h:369] NewIPCTensor: cached_sampler_r3_7 [1000000]0x100190349000 7.629 MB
W20240211 12:09:03.816038 18882 IPCTensor.h:369] NewIPCTensor: cached_sampler_r3_8 [1000000]0x100190aec000 7.629 MB
W20240211 12:09:03.816118 18882 IPCTensor.h:369] NewIPCTensor: cached_sampler_r3_9 [1000000]0x10019128f000 7.629 MB
W20240211 12:09:03.816164 18882 IPCTensor.h:369] NewIPCTensor: step_r3 [10]0x100191a32000 80 B 
W20240211 12:09:03.816198 18882 IPCTensor.h:369] NewIPCTensor: circle_buffer_end_r3 [1]0x100191a34000 8 B 
W20240211 12:09:03.816237 18882 IPCTensor.h:369] NewIPCTensor: circle_buffer_end_cppseen_r3 [1]0x100191a36000 8 B 
Dataset:  /home/xieminhui/RecStoreDataset/criteo_binary
Dataset loaded
np.max =  33762577
np.min=  1
Construct RecModelSampler done
I20240211 12:09:03.816614 18882 IPC_barrier.h:112] CreateBarrier: find existing barrier, name: kgcachecontroller, count: 8
W20240211 12:09:03.821179 18880 IPCTensor.h:369] NewIPCTensor: cached_sampler_r1_0 [1000000]0x100191a38000 7.629 MB
W20240211 12:09:03.821336 18880 IPCTensor.h:369] NewIPCTensor: cached_sampler_r1_1 [1000000]0x1001921db000 7.629 MB
W20240211 12:09:03.821379 18880 IPCTensor.h:369] NewIPCTensor: cached_sampler_r1_2 [1000000]0x10019297e000 7.629 MB
W20240211 12:09:03.821424 18880 IPCTensor.h:369] NewIPCTensor: cached_sampler_r1_3 [1000000]0x100193121000 7.629 MB
W20240211 12:09:03.821458 18880 IPCTensor.h:369] NewIPCTensor: cached_sampler_r1_4 [1000000]0x1001938c4000 7.629 MB
W20240211 12:09:03.821521 18880 IPCTensor.h:369] NewIPCTensor: cached_sampler_r1_5 [1000000]0x100194067000 7.629 MB
W20240211 12:09:03.821569 18880 IPCTensor.h:369] NewIPCTensor: cached_sampler_r1_6 [1000000]0x10019480a000 7.629 MB
W20240211 12:09:03.821635 18880 IPCTensor.h:369] NewIPCTensor: cached_sampler_r1_7 [1000000]0x100194fad000 7.629 MB
W20240211 12:09:03.821681 18880 IPCTensor.h:369] NewIPCTensor: cached_sampler_r1_8 [1000000]0x100195750000 7.629 MB
W20240211 12:09:03.821733 18880 IPCTensor.h:369] NewIPCTensor: cached_sampler_r1_9 [1000000]0x100195ef3000 7.629 MB
W20240211 12:09:03.821779 18880 IPCTensor.h:369] NewIPCTensor: step_r1 [10]0x100196696000 80 B 
W20240211 12:09:03.821813 18880 IPCTensor.h:369] NewIPCTensor: circle_buffer_end_r1 [1]0x100196698000 8 B 
W20240211 12:09:03.821842 18880 IPCTensor.h:369] NewIPCTensor: circle_buffer_end_cppseen_r1 [1]0x10019669a000 8 B 
Dataset:  /home/xieminhui/RecStoreDataset/criteo_binary
Dataset loaded
np.max =  33762577
np.min=  1
Construct RecModelSampler done
I20240211 12:09:03.822189 18880 IPC_barrier.h:112] CreateBarrier: find existing barrier, name: kgcachecontroller, count: 8
W20240211 12:09:03.824965 18881 IPCTensor.h:369] NewIPCTensor: cached_sampler_r2_0 [1000000]0x10019669c000 7.629 MB
W20240211 12:09:03.825127 18881 IPCTensor.h:369] NewIPCTensor: cached_sampler_r2_1 [1000000]0x100196e3f000 7.629 MB
W20240211 12:09:03.825173 18881 IPCTensor.h:369] NewIPCTensor: cached_sampler_r2_2 [1000000]0x1001975e2000 7.629 MB
W20240211 12:09:03.825230 18881 IPCTensor.h:369] NewIPCTensor: cached_sampler_r2_3 [1000000]0x100197d85000 7.629 MB
W20240211 12:09:03.825274 18881 IPCTensor.h:369] NewIPCTensor: cached_sampler_r2_4 [1000000]0x100198528000 7.629 MB
W20240211 12:09:03.825345 18881 IPCTensor.h:369] NewIPCTensor: cached_sampler_r2_5 [1000000]0x100198ccb000 7.629 MB
W20240211 12:09:03.825421 18881 IPCTensor.h:369] NewIPCTensor: cached_sampler_r2_6 [1000000]0x10019946e000 7.629 MB
W20240211 12:09:03.825527 18881 IPCTensor.h:369] NewIPCTensor: cached_sampler_r2_7 [1000000]0x100199c11000 7.629 MB
W20240211 12:09:03.825599 18881 IPCTensor.h:369] NewIPCTensor: cached_sampler_r2_8 [1000000]0x10019a3b4000 7.629 MB
W20240211 12:09:03.825659 18881 IPCTensor.h:369] NewIPCTensor: cached_sampler_r2_9 [1000000]0x10019ab57000 7.629 MB
W20240211 12:09:03.825714 18881 IPCTensor.h:369] NewIPCTensor: step_r2 [10]0x10019b2fa000 80 B 
W20240211 12:09:03.825748 18881 IPCTensor.h:369] NewIPCTensor: circle_buffer_end_r2 [1]0x10019b2fc000 8 B 
W20240211 12:09:03.825790 18881 IPCTensor.h:369] NewIPCTensor: circle_buffer_end_cppseen_r2 [1]0x10019baa1000 8 B 
W20240211 12:09:03.825796 18883 IPCTensor.h:369] NewIPCTensor: cached_sampler_r4_0 [1000000]0x10019b2fe000 7.629 MB
W20240211 12:09:03.825932 18883 IPCTensor.h:369] NewIPCTensor: cached_sampler_r4_1 [1000000]0x10019baa3000 7.629 MB
W20240211 12:09:03.825986 18883 IPCTensor.h:369] NewIPCTensor: cached_sampler_r4_2 [1000000]0x10019c246000 7.629 MB
W20240211 12:09:03.826028 18883 IPCTensor.h:369] NewIPCTensor: cached_sampler_r4_3 [1000000]0x10019c9e9000 7.629 MB
Dataset:  /home/xieminhui/RecStoreDataset/criteo_binary
Dataset loaded
np.max =  33762577
np.min=  1
Construct RecModelSampler done
W20240211 12:09:03.826073 18883 IPCTensor.h:369] NewIPCTensor: cached_sampler_r4_4 [1000000]0x10019d18c000 7.629 MB
W20240211 12:09:03.826121 18883 IPCTensor.h:369] NewIPCTensor: cached_sampler_r4_5 [1000000]0x10019d92f000 7.629 MB
W20240211 12:09:03.826165 18883 IPCTensor.h:369] NewIPCTensor: cached_sampler_r4_6 [1000000]0x10019e0d2000 7.629 MB
I20240211 12:09:03.826182 18881 IPC_barrier.h:112] CreateBarrier: find existing barrier, name: kgcachecontroller, count: 8
W20240211 12:09:03.826223 18883 IPCTensor.h:369] NewIPCTensor: cached_sampler_r4_7 [1000000]0x10019e875000 7.629 MB
W20240211 12:09:03.826269 18883 IPCTensor.h:369] NewIPCTensor: cached_sampler_r4_8 [1000000]0x10019f018000 7.629 MB
W20240211 12:09:03.826313 18883 IPCTensor.h:369] NewIPCTensor: cached_sampler_r4_9 [1000000]0x10019f7bb000 7.629 MB
W20240211 12:09:03.826377 18883 IPCTensor.h:369] NewIPCTensor: step_r4 [10]0x10019ff5e000 80 B 
W20240211 12:09:03.826421 18883 IPCTensor.h:369] NewIPCTensor: circle_buffer_end_r4 [1]0x10019ff60000 8 B 
W20240211 12:09:03.826457 18883 IPCTensor.h:369] NewIPCTensor: circle_buffer_end_cppseen_r4 [1]0x10019ff62000 8 B 
Dataset:  /home/xieminhui/RecStoreDataset/criteo_binary
Dataset loaded
np.max =  33762577
np.min=  1
Construct RecModelSampler done
I20240211 12:09:03.826783 18883 IPC_barrier.h:112] CreateBarrier: find existing barrier, name: kgcachecontroller, count: 8
W20240211 12:09:03.835287 15757 IPCTensor.h:369] NewIPCTensor: cached_sampler_r0_0 [1000000]0x10019ff64000 7.629 MB
W20240211 12:09:03.835485 15757 IPCTensor.h:369] NewIPCTensor: cached_sampler_r0_1 [1000000]0x1001a0707000 7.629 MB
W20240211 12:09:03.835532 15757 IPCTensor.h:369] NewIPCTensor: cached_sampler_r0_2 [1000000]0x1001a0eaa000 7.629 MB
W20240211 12:09:03.835587 15757 IPCTensor.h:369] NewIPCTensor: cached_sampler_r0_3 [1000000]0x1001a164d000 7.629 MB
W20240211 12:09:03.835621 15757 IPCTensor.h:369] NewIPCTensor: cached_sampler_r0_4 [1000000]0x1001a1df0000 7.629 MB
W20240211 12:09:03.835659 15757 IPCTensor.h:369] NewIPCTensor: cached_sampler_r0_5 [1000000]0x1001a2593000 7.629 MB
W20240211 12:09:03.835695 15757 IPCTensor.h:369] NewIPCTensor: cached_sampler_r0_6 [1000000]0x1001a2d36000 7.629 MB
W20240211 12:09:03.835785 15757 IPCTensor.h:369] NewIPCTensor: cached_sampler_r0_7 [1000000]0x1001a34d9000 7.629 MB
W20240211 12:09:03.835844 15757 IPCTensor.h:369] NewIPCTensor: cached_sampler_r0_8 [1000000]0x1001a3c7c000 7.629 MB
W20240211 12:09:03.835894 15757 IPCTensor.h:369] NewIPCTensor: cached_sampler_r0_9 [1000000]0x1001a441f000 7.629 MB
W20240211 12:09:03.835942 15757 IPCTensor.h:369] NewIPCTensor: step_r0 [10]0x1001a4bc2000 80 B 
W20240211 12:09:03.835978 15757 IPCTensor.h:369] NewIPCTensor: circle_buffer_end_r0 [1]0x1001a4bc4000 8 B 
W20240211 12:09:03.836037 15757 IPCTensor.h:369] NewIPCTensor: circle_buffer_end_cppseen_r0 [1]0x1001a4bc6000 8 B 
Dataset:  /home/xieminhui/RecStoreDataset/criteo_binary
Dataset loaded
np.max =  33762577
np.min=  1
Construct RecModelSampler done
I20240211 12:09:03.836364 15757 IPC_barrier.h:112] CreateBarrier: find existing barrier, name: kgcachecontroller, count: 8
W20240211 12:09:03.851095 18886 IPCTensor.h:369] NewIPCTensor: cached_sampler_r7_0 [1000000]0x1001a4bc8000 7.629 MB
W20240211 12:09:03.851260 18886 IPCTensor.h:369] NewIPCTensor: cached_sampler_r7_1 [1000000]0x1001a536b000 7.629 MB
W20240211 12:09:03.851308 18886 IPCTensor.h:369] NewIPCTensor: cached_sampler_r7_2 [1000000]0x1001a5b0e000 7.629 MB
W20240211 12:09:03.851351 18886 IPCTensor.h:369] NewIPCTensor: cached_sampler_r7_3 [1000000]0x1001a62b1000 7.629 MB
W20240211 12:09:03.851389 18886 IPCTensor.h:369] NewIPCTensor: cached_sampler_r7_4 [1000000]0x1001a6a54000 7.629 MB
W20240211 12:09:03.851440 18886 IPCTensor.h:369] NewIPCTensor: cached_sampler_r7_5 [1000000]0x1001a71f7000 7.629 MB
W20240211 12:09:03.851491 18886 IPCTensor.h:369] NewIPCTensor: cached_sampler_r7_6 [1000000]0x1001a799a000 7.629 MB
W20240211 12:09:03.851550 18886 IPCTensor.h:369] NewIPCTensor: cached_sampler_r7_7 [1000000]0x1001a813d000 7.629 MB
W20240211 12:09:03.851591 18886 IPCTensor.h:369] NewIPCTensor: cached_sampler_r7_8 [1000000]0x1001a88e0000 7.629 MB
W20240211 12:09:03.851630 18886 IPCTensor.h:369] NewIPCTensor: cached_sampler_r7_9 [1000000]0x1001a9083000 7.629 MB
W20240211 12:09:03.851673 18886 IPCTensor.h:369] NewIPCTensor: step_r7 [10]0x1001a9826000 80 B 
W20240211 12:09:03.851707 18886 IPCTensor.h:369] NewIPCTensor: circle_buffer_end_r7 [1]0x1001a9828000 8 B 
W20240211 12:09:03.851745 18886 IPCTensor.h:369] NewIPCTensor: circle_buffer_end_cppseen_r7 [1]0x1001a982a000 8 B 
Dataset:  /home/xieminhui/RecStoreDataset/criteo_binary
Dataset loaded
np.max =  33762577
np.min=  1
Construct RecModelSampler done
I20240211 12:09:03.852056 18886 IPC_barrier.h:112] CreateBarrier: find existing barrier, name: kgcachecontroller, count: 8
W20240211 12:09:03.854221 15757 grad_base.h:55] KGCacheController, config={
        "num_gpus": 8,
        "L": 10,
        "kForwardItersPerStep": 1,
        "clr": 0.01,
        "backwardMode": "CppAsyncV2",
        "nr_background_threads": 16, 
        "cache_ratio": 0.1,
        "backgrad_init": "both",
        "update_pq_use_omp": 2,
        "kUpdatePqWorkerNum": 8
    }
W20240211 12:09:03.854375 15757 grad_base.h:184] Init GradProcessingBase done
I20240211 12:09:07.843658 15757 grad_async_v2.h:42] Use main thread to update emb.
W20240211 12:09:07.844031 15757 kg_controller.h:78] after init GradAsyncProcessingV2
I20240211 12:09:07.844045 15757 kg_controller.h:84] Construct KGCacheController done
E20240211 12:09:09.690251 18886 recstore.cc:66] init folly done
E20240211 12:09:09.690263 18885 recstore.cc:66] init folly done
E20240211 12:09:09.690268 18883 recstore.cc:66] init folly done
Construct KGCacheControllerWrapper done
E20240211 12:09:09.690374 18884 recstore.cc:66] init folly done
Construct KGCacheControllerWrapper done
Construct KGCacheControllerWrapper done
Construct KGCacheControllerWrapper done
E20240211 12:09:09.690783 15757 recstore.cc:66] init folly done
E20240211 12:09:09.690795 18881 recstore.cc:66] init folly done
E20240211 12:09:09.690843 18880 recstore.cc:66] init folly done
E20240211 12:09:09.690843 18882 recstore.cc:66] init folly done
Construct KGCacheControllerWrapper done
Construct KGCacheControllerWrapper done
Construct KGCacheControllerWrapper done
Construct KGCacheControllerWrapper done
I20240211 12:09:09.692179 15757 grad_base.h:60] GraphEnv RegTensorsPerProcess
W20240211 12:09:10.911662 23081 grad_async_v2.h:137] Detect new sample comes, old_end0, new_end1
E20240211 12:09:10.912223 23081 parallel_pq_v2.h:79] insert failed, size(hashtable)=0
Before Training
Before Training
Before Training
Before Training
I20240211 12:09:12.467594 18883 IPC_barrier.h:118] CreateBarrier: new barrier, name: start_barrier, count: 8
Before Training
I20240211 12:09:12.467628 18886 IPC_barrier.h:112] CreateBarrier: find existing barrier, name: start_barrier, count: 8
I20240211 12:09:12.467659 18885 IPC_barrier.h:112] CreateBarrier: find existing barrier, name: start_barrier, count: 8
I20240211 12:09:12.467684 15757 IPC_barrier.h:112] CreateBarrier: find existing barrier, name: start_barrier, count: 8
I20240211 12:09:12.467710 18884 IPC_barrier.h:112] CreateBarrier: find existing barrier, name: start_barrier, count: 8
Before Training
I20240211 12:09:12.469163 18882 IPC_barrier.h:112] CreateBarrier: find existing barrier, name: start_barrier, count: 8
Before Training
Before Training
I20240211 12:09:12.469552 18880 IPC_barrier.h:112] CreateBarrier: find existing barrier, name: start_barrier, count: 8
I20240211 12:09:12.469975 18881 IPC_barrier.h:112] CreateBarrier: find existing barrier, name: start_barrier, count: 8
W20240211 12:09:12.473032 23081 grad_async_v2.h:137] Detect new sample comes, old_end0, new_end1
E20240211 12:09:12.473333 23081 parallel_pq_v2.h:79] insert failed, size(hashtable)=1
========== Step 0 ========== 
+---------------------------+---------------------------+---------------------------+
| Name                      | P50                       | P99                       |
+---------------------------+---------------------------+---------------------------+
| GenInput:CircleBuffer     | 131.500 us                | 131.500 us                |
| GenInput                  | 377.029 us                | 377.029 us                |
| NN                        | 224.564 ms                | 224.564 ms                |
| Forward                   | 227.480 ms                | 227.480 ms                |
| Backward                  | 132.059 ms                | 132.059 ms                |
| Optimize                  | 9.743 ms                  | 9.743 ms                  |
| BarrierTimeBeforeRank0    | 15.561 ms                 | 15.561 ms                 |
+---------------------------+---------------------------+---------------------------+
E20240211 12:09:14.036680 23546 parallel_pq_v2.h:79] insert failed, size(hashtable)=0
W20240211 12:09:14.063928 15757 grad_async_v2.h:270] Sleep in <BlockToStepN>, step_no=1, pq.top=0
========== Step 1 ========== 
W20240211 12:09:14.072305 23081 grad_async_v2.h:137] Detect new sample comes, old_end1, new_end2
INFO [18883 distributed.py:1140] Reducer buckets have been rebuilt in this iteration.
INFO [18886 distributed.py:1140] Reducer buckets have been rebuilt in this iteration.
INFO [18885 distributed.py:1140] Reducer buckets have been rebuilt in this iteration.
INFO [18882 distributed.py:1140] Reducer buckets have been rebuilt in this iteration.
INFO [18881 distributed.py:1140] Reducer buckets have been rebuilt in this iteration.
INFO [18884 distributed.py:1140] Reducer buckets have been rebuilt in this iteration.
INFO [18880 distributed.py:1140] Reducer buckets have been rebuilt in this iteration.
INFO [15757 distributed.py:1140] Reducer buckets have been rebuilt in this iteration.
========== Step 2 ========== 
========== Step 3 ========== 
========== Step 4 ========== 
========== Step 5 ========== 
========== Step 6 ========== 
========== Step 7 ========== 
========== Step 8 ========== 
========== Step 9 ========== 
========== Step 10 ========== 
========== Step 11 ========== 
========== Step 12 ========== 
========== Step 13 ========== 
========== Step 14 ========== 
E20240211 12:09:14.290653 15757 grad_async_v2.h:404] Stalled in ProcessBackward: rank=4, step_no=14, sample_step_cpp_seen_[rank]=13
========== Step 15 ========== 
========== Step 16 ========== 
W20240211 12:09:14.446233 15757 grad_async_v2.h:257] pq is empty
========== Step 17 ========== 
========== Step 18 ========== 
========== Step 19 ========== 
========== Step 20 ========== 
========== Step 21 ========== 
========== Step 22 ========== 
========== Step 23 ========== 
========== Step 24 ========== 
========== Step 25 ========== 
========== Step 26 ========== 
========== Step 27 ========== 
========== Step 28 ========== 
+---------------------------+---------------------------+---------------------------+
| Name                      | P50                       | P99                       |
+---------------------------+---------------------------+---------------------------+
| clean                     | 95.512 us                 | 293.028 us                |
| ProcessBack:Shuffle       | 6.741 ms                  | 274.344 ms                |
| ProcessBack:UpdateCache   | 2.388 ms                  | 884.134 ms                |
| ProcessBack:UpsertPq      | 34.436 us                 | 27.344 ms                 |
| ProcessOneStep            | 9.919 ms                  | 1.198 s                   |
| BlockToStepN              | 60.594 us                 | 6.396 ms                  |
+---------------------------+---------------------------+---------------------------+
========== Step 29 ========== 
========== Step 30 ========== 
========== Step 31 ========== 
========== Step 32 ========== 
========== Step 33 ========== 
========== Step 34 ========== 
========== Step 35 ========== 
========== Step 36 ========== 
========== Step 37 ========== 
========== Step 38 ========== 
========== Step 39 ========== 
========== Step 40 ========== 
========== Step 41 ========== 
========== Step 42 ========== 
E20240211 12:09:15.036034 23081 parallel_pq_v2.h:79] insert failed, size(hashtable)=6
========== Step 43 ========== 
W20240211 12:09:15.072670 23081 grad_async_v2.h:137] Detect new sample comes, old_end3, new_end4
========== Step 44 ========== 
========== Step 45 ========== 
========== Step 46 ========== 
========== Step 47 ========== 
========== Step 48 ========== 
========== Step 49 ========== 
========== Step 50 ========== 
W20240211 12:09:15.169440 15757 grad_async_v2.h:257] pq is empty
========== Step 51 ========== 
========== Step 52 ========== 
========== Step 53 ========== 
========== Step 54 ========== 
========== Step 55 ========== 
========== Step 56 ========== 
========== Step 57 ========== 
========== Step 58 ========== 
========== Step 59 ========== 
========== Step 60 ========== 
========== Step 61 ========== 
========== Step 62 ========== 
========== Step 63 ========== 
========== Step 64 ========== 
========== Step 65 ========== 
========== Step 66 ========== 
========== Step 67 ========== 
========== Step 68 ========== 
========== Step 69 ========== 
========== Step 70 ========== 
========== Step 71 ========== 
========== Step 72 ========== 
========== Step 73 ========== 
========== Step 74 ========== 
========== Step 75 ========== 
========== Step 76 ========== 
========== Step 77 ========== 
========== Step 78 ========== 
========== Step 79 ========== 
========== Step 80 ========== 
========== Step 81 ========== 
========== Step 82 ========== 
E20240211 12:09:16.036016 23081 parallel_pq_v2.h:79] insert failed, size(hashtable)=11
========== Step 83 ========== 
========== Step 84 ========== 
W20240211 12:09:16.072567 23081 grad_async_v2.h:137] Detect new sample comes, old_end4, new_end5
========== Step 85 ========== 
========== Step 86 ========== 
========== Step 87 ========== 
========== Step 88 ========== 
========== Step 89 ========== 
========== Step 90 ========== 
========== Step 91 ========== 
========== Step 92 ========== 
========== Step 93 ========== 
========== Step 94 ========== 
========== Step 95 ========== 
========== Step 96 ========== 
========== Step 97 ========== 
========== Step 98 ========== 
========== Step 99 ========== 
Step99:rank1, time: 18.753, per_step: 0.187526
Step99:rank3, time: 18.753, per_step: 0.187526
Step99:rank2, time: 18.753, per_step: 0.187525
Step99:rank7, time: 18.753, per_step: 0.187527
Step99:rank6, time: 18.753, per_step: 0.187526
Step99:rank0, time: 18.753, per_step: 0.187528
Step99:rank4, time: 18.753, per_step: 0.187528
Step99:rank5, time: 18.753, per_step: 0.187534
+---------------------------+---------------------------+---------------------------+
| Name                      | P50                       | P99                       |
+---------------------------+---------------------------+---------------------------+
| GenInput:CircleBuffer     | 93.074 us                 | 184.885 us                |
| GenInput                  | 408.400 us                | 3.222 ms                  |
| NN                        | 774.647 us                | 8.443 ms                  |
| Forward                   | 962.934 us                | 10.196 ms                 |
| Backward                  | 2.221 ms                  | 5.939 ms                  |
| Optimize                  | 219.437 us                | 782.067 us                |
| BarrierTimeBeforeRank0    | 359.734 us                | 1.929 ms                  |
| AfterBackward             | 9.878 ms                  | 196.106 ms                |
| BlockToStepN              | 185.599 us                | 553.412 us                |
| OneStep                   | 14.240 ms                 | 200.651 ms                |
+---------------------------+---------------------------+---------------------------+
========== Step 100 ========== 
========== Step 101 ========== 
========== Step 102 ========== 
========== Step 103 ========== 
========== Step 104 ========== 
========== Step 105 ========== 
========== Step 106 ========== 
========== Step 107 ========== 
========== Step 108 ========== 
========== Step 109 ========== 
========== Step 110 ========== 
W20240211 12:09:16.552621 15757 grad_async_v2.h:257] pq is empty
========== Step 111 ========== 
========== Step 112 ========== 
========== Step 113 ========== 
========== Step 114 ========== 
========== Step 115 ========== 
========== Step 116 ========== 
========== Step 117 ========== 
========== Step 118 ========== 
========== Step 119 ========== 
W20240211 12:09:16.689530 15757 grad_async_v2.h:257] pq is empty
========== Step 120 ========== 
========== Step 121 ========== 
========== Step 122 ========== 
========== Step 123 ========== 
========== Step 124 ========== 
========== Step 125 ========== 
========== Step 126 ========== 
========== Step 127 ========== 
========== Step 128 ========== 
========== Step 129 ========== 
========== Step 130 ========== 
========== Step 131 ========== 
========== Step 132 ========== 
E20240211 12:09:17.036039 23081 parallel_pq_v2.h:79] insert failed, size(hashtable)=8
========== Step 133 ========== 
========== Step 134 ========== 
W20240211 12:09:17.086866 23081 grad_async_v2.h:137] Detect new sample comes, old_end6, new_end5
========== Step 135 ========== 
========== Step 136 ========== 
========== Step 137 ========== 
W20240211 12:09:17.267927 15757 grad_async_v2.h:257] pq is empty
========== Step 138 ========== 
========== Step 139 ========== 
========== Step 140 ========== 
========== Step 141 ========== 
========== Step 142 ========== 
========== Step 143 ========== 
========== Step 144 ========== 
========== Step 145 ========== 
========== Step 146 ========== 
========== Step 147 ========== 
========== Step 148 ========== 
========== Step 149 ========== 
========== Step 150 ========== 
========== Step 151 ========== 
W20240211 12:09:17.610706 15757 grad_async_v2.h:257] pq is empty
========== Step 152 ========== 
========== Step 153 ========== 
========== Step 154 ========== 
========== Step 155 ========== 
========== Step 156 ========== 
========== Step 157 ========== 
========== Step 158 ========== 
========== Step 159 ========== 
========== Step 160 ========== 
========== Step 161 ========== 
========== Step 162 ========== 
========== Step 163 ========== 
========== Step 164 ========== 
========== Step 165 ========== 
========== Step 166 ========== 
========== Step 167 ========== 
========== Step 168 ========== 
W20240211 12:09:17.969053 15757 grad_async_v2.h:257] pq is empty
========== Step 169 ========== 
========== Step 170 ========== 
========== Step 171 ========== 
========== Step 172 ========== 
========== Step 173 ========== 
E20240211 12:09:18.038868 23081 parallel_pq_v2.h:79] insert failed, size(hashtable)=22
========== Step 174 ========== 
W20240211 12:09:18.063236 15757 grad_async_v2.h:257] pq is empty
========== Step 175 ========== 
W20240211 12:09:18.093173 23081 grad_async_v2.h:137] Detect new sample comes, old_end7, new_end6
========== Step 176 ========== 
========== Step 177 ========== 
========== Step 178 ========== 
========== Step 179 ========== 
========== Step 180 ========== 
========== Step 181 ========== 
========== Step 182 ========== 
========== Step 183 ========== 
========== Step 184 ========== 
========== Step 185 ========== 
W20240211 12:09:18.381064 15757 grad_async_v2.h:257] pq is empty
========== Step 186 ========== 
========== Step 187 ========== 
========== Step 188 ========== 
W20240211 12:09:18.567433 15757 grad_async_v2.h:257] pq is empty
========== Step 189 ========== 
========== Step 190 ========== 
========== Step 191 ========== 
========== Step 192 ========== 
========== Step 193 ========== 
========== Step 194 ========== 
========== Step 195 ========== 
W20240211 12:09:18.675761 15757 grad_async_v2.h:257] pq is empty
========== Step 196 ========== 
========== Step 197 ========== 
========== Step 198 ========== 
========== Step 199 ========== 
Step199:rank3, time: 2.482, per_step: 0.024577
Step199:rank6, time: 2.482, per_step: 0.024576
Step199:rank4, time: 2.482, per_step: 0.024572
Step199:rank2, time: 2.482, per_step: 0.024572
Step199:rank7, time: 2.482, per_step: 0.024578
Step199:rank0, time: 2.482, per_step: 0.024573
Step199:rank1, time: 2.482, per_step: 0.024577
Step199:rank5, time: 2.482, per_step: 0.024572
+---------------------------+---------------------------+---------------------------+
| Name                      | P50                       | P99                       |
+---------------------------+---------------------------+---------------------------+
| GenInput:CircleBuffer     | 85.409 us                 | 184.885 us                |
| GenInput                  | 430.856 us                | 5.616 ms                  |
| NN                        | 744.217 us                | 2.366 ms                  |
| Forward                   | 919.739 us                | 7.018 ms                  |
| Backward                  | 2.318 ms                  | 7.685 ms                  |
| Optimize                  | 210.166 us                | 782.067 us                |
| BarrierTimeBeforeRank0    | 373.111 us                | 3.708 ms                  |
| AfterBackward             | 9.058 ms                  | 180.876 ms                |
| BlockToStepN              | 254.438 us                | 702.690 us                |
| OneStep                   | 14.365 ms                 | 187.395 ms                |
+---------------------------+---------------------------+---------------------------+
========== Step 200 ========== 
========== Step 201 ========== 
========== Step 202 ========== 
========== Step 203 ========== 
+---------------------------+---------------------------+---------------------------+
| Name                      | P50                       | P99                       |
+---------------------------+---------------------------+---------------------------+
| GenInput:CircleBuffer     | 85.493 us                 | 1.400 ms                  |
| GenInput                  | 430.856 us                | 5.835 ms                  |
| NN                        | 744.371 us                | 2.366 ms                  |
| Forward                   | 919.923 us                | 7.018 ms                  |
| Backward                  | 2.313 ms                  | 7.685 ms                  |
| Optimize                  | 210.512 us                | 782.067 us                |
| BarrierTimeBeforeRank0    | 372.194 us                | 3.708 ms                  |
| AfterBackward             | 9.058 ms                  | 180.876 ms                |
| BlockToStepN              | 254.922 us                | 702.690 us                |
| OneStep                   | 14.433 ms                 | 187.395 ms                |
+---------------------------+---------------------------+---------------------------+
========== Step 204 ========== 
========== Step 205 ========== 
========== Step 206 ========== 
E20240211 12:09:19.038030 23081 parallel_pq_v2.h:79] insert failed, size(hashtable)=4
========== Step 207 ========== 
========== Step 208 ========== 
W20240211 12:09:19.070674 15757 grad_async_v2.h:257] pq is empty
========== Step 209 ========== 
========== Step 210 ========== 
W20240211 12:09:19.094127 23081 grad_async_v2.h:137] Detect new sample comes, old_end5, new_end1
W20240211 12:09:19.096800 15757 grad_async_v2.h:257] pq is empty
========== Step 211 ========== 
========== Step 212 ========== 
========== Step 213 ========== 
========== Step 214 ========== 
========== Step 215 ========== 
========== Step 216 ========== 
========== Step 217 ========== 
E20240211 12:09:19.290006 15757 grad_async_v2.h:404] Stalled in ProcessBackward: rank=0, step_no=217, sample_step_cpp_seen_[rank]=216
========== Step 218 ========== 
W20240211 12:09:19.425648 15757 grad_async_v2.h:257] pq is empty
========== Step 219 ========== 
========== Step 220 ========== 
========== Step 221 ========== 
========== Step 222 ========== 
========== Step 223 ========== 
========== Step 224 ========== 
========== Step 225 ========== 
========== Step 226 ========== 
========== Step 227 ========== 
========== Step 228 ========== 
========== Step 229 ========== 
========== Step 230 ========== 
+---------------------------+---------------------------+---------------------------+
| Name                      | P50                       | P99                       |
+---------------------------+---------------------------+---------------------------+
| clean                     | 118.670 us                | 297.622 us                |
| ProcessBack:Shuffle       | 5.641 ms                  | 13.048 ms                 |
| ProcessBack:UpdateCache   | 2.493 ms                  | 7.538 ms                  |
| ProcessBack:UpsertPq      | 33.095 us                 | 121.869 us                |
| ProcessOneStep            | 8.947 ms                  | 180.855 ms                |
| BlockToStepN              | 212.690 us                | 564.784 us                |
+---------------------------+---------------------------+---------------------------+
========== Step 231 ========== 
========== Step 232 ========== 
========== Step 233 ========== 
========== Step 234 ========== 
========== Step 235 ========== 
========== Step 236 ========== 
========== Step 237 ========== 
========== Step 238 ========== 
========== Step 239 ========== 
========== Step 240 ========== 
========== Step 241 ========== 
========== Step 242 ========== 
========== Step 243 ========== 
========== Step 244 ========== 
========== Step 245 ========== 
E20240211 12:09:20.038297 23081 parallel_pq_v2.h:79] insert failed, size(hashtable)=1
========== Step 246 ========== 
W20240211 12:09:20.094753 23081 grad_async_v2.h:137] Detect new sample comes, old_end6, new_end7
========== Step 247 ========== 
========== Step 248 ========== 
========== Step 249 ========== 
========== Step 250 ========== 
========== Step 251 ========== 
========== Step 252 ========== 
========== Step 253 ========== 
========== Step 254 ========== 
========== Step 255 ========== 
========== Step 256 ========== 
========== Step 257 ========== 
========== Step 258 ========== 
========== Step 259 ========== 
========== Step 260 ========== 
========== Step 261 ========== 
W20240211 12:09:20.429685 15757 grad_async_v2.h:257] pq is empty
========== Step 262 ========== 
========== Step 263 ========== 
========== Step 264 ========== 
========== Step 265 ========== 
========== Step 266 ========== 
========== Step 267 ========== 
========== Step 268 ========== 
========== Step 269 ========== 
========== Step 270 ========== 
========== Step 271 ========== 
========== Step 272 ========== 
========== Step 273 ========== 
W20240211 12:09:20.750149 15757 grad_async_v2.h:257] pq is empty
========== Step 274 ========== 
========== Step 275 ========== 
========== Step 276 ========== 
========== Step 277 ========== 
========== Step 278 ========== 
========== Step 279 ========== 
========== Step 280 ========== 
========== Step 281 ========== 
========== Step 282 ========== 
========== Step 283 ========== 
========== Step 284 ========== 
========== Step 285 ========== 
========== Step 286 ========== 
========== Step 287 ========== 
========== Step 288 ========== 
========== Step 289 ========== 
========== Step 290 ========== 
========== Step 291 ========== 
E20240211 12:09:21.038019 23081 parallel_pq_v2.h:79] insert failed, size(hashtable)=1
========== Step 292 ========== 
========== Step 293 ========== 
W20240211 12:09:21.103818 23081 grad_async_v2.h:137] Detect new sample comes, old_end6, new_end4
========== Step 294 ========== 
========== Step 295 ========== 
========== Step 296 ========== 
========== Step 297 ========== 
========== Step 298 ========== 
========== Step 299 ========== 
Step299:rank0, time: 2.484, per_step: 0.024590
Step299:rank6, time: 2.484, per_step: 0.024594
Step299:rank3, time: 2.484, per_step: 0.024594
Step299:rank5, time: 2.484, per_step: 0.024589
Step299:rank2, time: 2.484, per_step: 0.024599
Step299:rank1, time: 2.484, per_step: 0.024590
Step299:rank7, time: 2.484, per_step: 0.024593
Step299:rank4, time: 2.485, per_step: 0.024599
+---------------------------+---------------------------+---------------------------+
| Name                      | P50                       | P99                       |
+---------------------------+---------------------------+---------------------------+
| GenInput:CircleBuffer     | 85.138 us                 | 1.400 ms                  |
| GenInput                  | 436.721 us                | 6.331 ms                  |
| NN                        | 735.382 us                | 2.366 ms                  |
| Forward                   | 904.153 us                | 5.155 ms                  |
| Backward                  | 2.386 ms                  | 7.685 ms                  |
| Optimize                  | 206.435 us                | 782.067 us                |
| BarrierTimeBeforeRank0    | 381.460 us                | 3.708 ms                  |
| AfterBackward             | 9.040 ms                  | 179.709 ms                |
| BlockToStepN              | 287.827 us                | 729.402 us                |
| OneStep                   | 14.485 ms                 | 184.280 ms                |
+---------------------------+---------------------------+---------------------------+
Successfully xmh
W20240211 12:09:21.262240 15757 grad_async_v2.h:84] call StopThreads. PID = 15757
W20240211 12:09:21.262259 15757 grad_base.h:212] before processOneStepNegThread_.join();
W20240211 12:09:21.262318 15757 grad_base.h:214] after processOneStepNegThread_.join();
W20240211 12:09:21.262326 15757 grad_async_v2.h:86] call GradProcessingBase::StopThreads.
W20240211 12:09:21.331085 15757 grad_async_v2.h:105] StopThreads done.
[W tensorpipe_agent.cpp:725] RPC agent for worker0 encountered error when reading incoming request from worker6: eof (this error originated at tensorpipe/transport/shm/connection_impl.cc:259)
