WARNING: Logging before InitGoogleLogging() is written to STDERR
I20240208 01:58:59.425513 61821 IPC_barrier.h:128] MultiProcessBarrierFactory->ClearIPCMemory()
/data/home/xieminhui/RecStore/src/framework_adapters/torch/kg/dgl-0.9.1/python/dgl/_deprecate/graph.py:1023: DGLWarning: multigraph will be deprecated.DGL will treat all graphs as multigraph in the future.
  dgl_warning("multigraph will be deprecated." \
/data/home/xieminhui/RecStore/src/framework_adapters/torch/kg/dgl-0.9.1/python/dgl/heterograph.py:72: DGLWarning: Recommend creating graphs by `dgl.graph(data)` instead of `dgl.DGLGraph(data)`.
  dgl_warning('Recommend creating graphs by `dgl.graph(data)`'
Reading train triples....
Finished. Read 304727650 train triples.
Reading valid triples....
Finished. Read 16929318 valid triples.
Reading test triples....
Finished. Read 16929308 test triples.
ARGS:  Namespace(model_name='SimplE', data_path='/home/xieminhui/dgl-data', dataset='Freebase', format='built_in', data_files=None, delimiter='\t', save_path='/tmp/ckpts/SimplE_Freebase_60', no_save_emb=True, max_step=500, batch_size=2000, batch_size_eval=16, neg_sample_size=200, neg_deg_sample=False, neg_deg_sample_eval=False, neg_sample_size_eval=86054151, eval_percent=1, no_eval_filter=False, log_interval=100, eval_interval=10000, test=False, num_proc=8, num_thread=1, force_sync_interval=1, hidden_dim=400, lr=0.01, gamma=16.0, double_ent=False, double_rel=False, neg_adversarial_sampling=False, adversarial_temperature=1.0, regularization_coef=0.0, regularization_norm=3, pairwise=False, loss_genre='Logsigmoid', margin=1.0, nr_gpus=8, gpu=[0, 1, 2, 3, 4, 5, 6, 7], mix_cpu_gpu=True, valid=False, rel_part=False, async_update=None, has_edge_importance=False, cached_emb_type='KnownLocalCachedEmbedding', use_my_emb=True, cache_ratio=0.05, shuffle=False, backwardMode='CppAsyncV2', L=10, nr_background_threads=32, update_cache_use_omp=0, update_pq_use_omp=0, kForwardItersPerStep=2, backgrad_init='both', eval_filter=True, soft_rel_part=False)
|Train|: 304727650
original graph:  DGLGraph(num_nodes=86054151, num_edges=338586276,
         ndata_schemes={}
         edata_schemes={'tid': Scheme(shape=(), dtype=torch.int64)})
Loading cached metis
WARNING [61821 sampler.py:454] Start PreSampling
WARNING [61821 sampler.py:532] Before construct renumbering_dict
WARNING [61821 sampler.py:555] PreSampling done
W20240208 02:18:35.325995 61821 IPCTensor.h:369] NewIPCTensor: cached_sampler_r0_0 [1000000]0x100000002000 7.629 MB
W20240208 02:18:35.326212 61821 IPCTensor.h:369] NewIPCTensor: cached_sampler_r0_1 [1000000]0x1000007a5000 7.629 MB
W20240208 02:18:35.326256 61821 IPCTensor.h:369] NewIPCTensor: cached_sampler_r0_2 [1000000]0x100000f48000 7.629 MB
W20240208 02:18:35.326290 61821 IPCTensor.h:369] NewIPCTensor: cached_sampler_r0_3 [1000000]0x1000016eb000 7.629 MB
W20240208 02:18:35.326319 61821 IPCTensor.h:369] NewIPCTensor: cached_sampler_r0_4 [1000000]0x100001e8e000 7.629 MB
W20240208 02:18:35.326364 61821 IPCTensor.h:369] NewIPCTensor: cached_sampler_r0_5 [1000000]0x100002631000 7.629 MB
W20240208 02:18:35.326404 61821 IPCTensor.h:369] NewIPCTensor: cached_sampler_r0_6 [1000000]0x100002dd4000 7.629 MB
W20240208 02:18:35.326449 61821 IPCTensor.h:369] NewIPCTensor: cached_sampler_r0_7 [1000000]0x100003577000 7.629 MB
W20240208 02:18:35.326488 61821 IPCTensor.h:369] NewIPCTensor: cached_sampler_r0_8 [1000000]0x100003d1a000 7.629 MB
W20240208 02:18:35.326516 61821 IPCTensor.h:369] NewIPCTensor: cached_sampler_r0_9 [1000000]0x1000044bd000 7.629 MB
W20240208 02:18:35.326561 61821 IPCTensor.h:369] NewIPCTensor: step_r0 [10]0x100004c60000 80 B 
W20240208 02:18:35.326593 61821 IPCTensor.h:369] NewIPCTensor: circle_buffer_end_r0 [1]0x100004c62000 8 B 
W20240208 02:18:35.326624 61821 IPCTensor.h:369] NewIPCTensor: circle_buffer_end_cppseen_r0 [1]0x100004c64000 8 B 
W20240208 02:18:35.326776 61821 IPCTensor.h:369] NewIPCTensor: cached_sampler_r1_0 [1000000]0x100004c66000 7.629 MB
W20240208 02:18:35.326808 61821 IPCTensor.h:369] NewIPCTensor: cached_sampler_r1_1 [1000000]0x100005409000 7.629 MB
W20240208 02:18:35.326844 61821 IPCTensor.h:369] NewIPCTensor: cached_sampler_r1_2 [1000000]0x100005bac000 7.629 MB
W20240208 02:18:35.326886 61821 IPCTensor.h:369] NewIPCTensor: cached_sampler_r1_3 [1000000]0x10000634f000 7.629 MB
W20240208 02:18:35.326925 61821 IPCTensor.h:369] NewIPCTensor: cached_sampler_r1_4 [1000000]0x100006af2000 7.629 MB
W20240208 02:18:35.326961 61821 IPCTensor.h:369] NewIPCTensor: cached_sampler_r1_5 [1000000]0x100007295000 7.629 MB
W20240208 02:18:35.326989 61821 IPCTensor.h:369] NewIPCTensor: cached_sampler_r1_6 [1000000]0x100007a38000 7.629 MB
W20240208 02:18:35.327028 61821 IPCTensor.h:369] NewIPCTensor: cached_sampler_r1_7 [1000000]0x1000081db000 7.629 MB
W20240208 02:18:35.327065 61821 IPCTensor.h:369] NewIPCTensor: cached_sampler_r1_8 [1000000]0x10000897e000 7.629 MB
W20240208 02:18:35.327104 61821 IPCTensor.h:369] NewIPCTensor: cached_sampler_r1_9 [1000000]0x100009121000 7.629 MB
W20240208 02:18:35.327140 61821 IPCTensor.h:369] NewIPCTensor: step_r1 [10]0x1000098c4000 80 B 
W20240208 02:18:35.327167 61821 IPCTensor.h:369] NewIPCTensor: circle_buffer_end_r1 [1]0x1000098c6000 8 B 
W20240208 02:18:35.327198 61821 IPCTensor.h:369] NewIPCTensor: circle_buffer_end_cppseen_r1 [1]0x1000098c8000 8 B 
W20240208 02:18:35.327258 61821 IPCTensor.h:369] NewIPCTensor: cached_sampler_r2_0 [1000000]0x1000098ca000 7.629 MB
W20240208 02:18:35.327296 61821 IPCTensor.h:369] NewIPCTensor: cached_sampler_r2_1 [1000000]0x10000a06d000 7.629 MB
W20240208 02:18:35.327330 61821 IPCTensor.h:369] NewIPCTensor: cached_sampler_r2_2 [1000000]0x10000a810000 7.629 MB
W20240208 02:18:35.327360 61821 IPCTensor.h:369] NewIPCTensor: cached_sampler_r2_3 [1000000]0x10000afb3000 7.629 MB
W20240208 02:18:35.327391 61821 IPCTensor.h:369] NewIPCTensor: cached_sampler_r2_4 [1000000]0x10000b756000 7.629 MB
W20240208 02:18:35.327435 61821 IPCTensor.h:369] NewIPCTensor: cached_sampler_r2_5 [1000000]0x10000bef9000 7.629 MB
W20240208 02:18:35.327476 61821 IPCTensor.h:369] NewIPCTensor: cached_sampler_r2_6 [1000000]0x10000c69c000 7.629 MB
W20240208 02:18:35.327510 61821 IPCTensor.h:369] NewIPCTensor: cached_sampler_r2_7 [1000000]0x10000ce3f000 7.629 MB
W20240208 02:18:35.327545 61821 IPCTensor.h:369] NewIPCTensor: cached_sampler_r2_8 [1000000]0x10000d5e2000 7.629 MB
W20240208 02:18:35.327576 61821 IPCTensor.h:369] NewIPCTensor: cached_sampler_r2_9 [1000000]0x10000dd85000 7.629 MB
W20240208 02:18:35.327612 61821 IPCTensor.h:369] NewIPCTensor: step_r2 [10]0x10000e528000 80 B 
W20240208 02:18:35.327637 61821 IPCTensor.h:369] NewIPCTensor: circle_buffer_end_r2 [1]0x10000e52a000 8 B 
W20240208 02:18:35.327666 61821 IPCTensor.h:369] NewIPCTensor: circle_buffer_end_cppseen_r2 [1]0x10000e52c000 8 B 
W20240208 02:18:35.327728 61821 IPCTensor.h:369] NewIPCTensor: cached_sampler_r3_0 [1000000]0x10000e52e000 7.629 MB
W20240208 02:18:35.327770 61821 IPCTensor.h:369] NewIPCTensor: cached_sampler_r3_1 [1000000]0x10000ecd1000 7.629 MB
W20240208 02:18:35.327807 61821 IPCTensor.h:369] NewIPCTensor: cached_sampler_r3_2 [1000000]0x10000f474000 7.629 MB
W20240208 02:18:35.327841 61821 IPCTensor.h:369] NewIPCTensor: cached_sampler_r3_3 [1000000]0x10000fc17000 7.629 MB
W20240208 02:18:35.327877 61821 IPCTensor.h:369] NewIPCTensor: cached_sampler_r3_4 [1000000]0x1000103ba000 7.629 MB
W20240208 02:18:35.327912 61821 IPCTensor.h:369] NewIPCTensor: cached_sampler_r3_5 [1000000]0x100010b5d000 7.629 MB
W20240208 02:18:35.327945 61821 IPCTensor.h:369] NewIPCTensor: cached_sampler_r3_6 [1000000]0x100011300000 7.629 MB
W20240208 02:18:35.327978 61821 IPCTensor.h:369] NewIPCTensor: cached_sampler_r3_7 [1000000]0x100011aa3000 7.629 MB
W20240208 02:18:35.328015 61821 IPCTensor.h:369] NewIPCTensor: cached_sampler_r3_8 [1000000]0x100012246000 7.629 MB
W20240208 02:18:35.328063 61821 IPCTensor.h:369] NewIPCTensor: cached_sampler_r3_9 [1000000]0x1000129e9000 7.629 MB
W20240208 02:18:35.328097 61821 IPCTensor.h:369] NewIPCTensor: step_r3 [10]0x10001318c000 80 B 
W20240208 02:18:35.328125 61821 IPCTensor.h:369] NewIPCTensor: circle_buffer_end_r3 [1]0x10001318e000 8 B 
W20240208 02:18:35.328155 61821 IPCTensor.h:369] NewIPCTensor: circle_buffer_end_cppseen_r3 [1]0x100013190000 8 B 
W20240208 02:18:35.328224 61821 IPCTensor.h:369] NewIPCTensor: cached_sampler_r4_0 [1000000]0x100013192000 7.629 MB
W20240208 02:18:35.328260 61821 IPCTensor.h:369] NewIPCTensor: cached_sampler_r4_1 [1000000]0x100013935000 7.629 MB
W20240208 02:18:35.328294 61821 IPCTensor.h:369] NewIPCTensor: cached_sampler_r4_2 [1000000]0x1000140d8000 7.629 MB
W20240208 02:18:35.328330 61821 IPCTensor.h:369] NewIPCTensor: cached_sampler_r4_3 [1000000]0x10001487b000 7.629 MB
W20240208 02:18:35.328364 61821 IPCTensor.h:369] NewIPCTensor: cached_sampler_r4_4 [1000000]0x10001501e000 7.629 MB
W20240208 02:18:35.328399 61821 IPCTensor.h:369] NewIPCTensor: cached_sampler_r4_5 [1000000]0x1000157c1000 7.629 MB
W20240208 02:18:35.328431 61821 IPCTensor.h:369] NewIPCTensor: cached_sampler_r4_6 [1000000]0x100015f64000 7.629 MB
W20240208 02:18:35.328473 61821 IPCTensor.h:369] NewIPCTensor: cached_sampler_r4_7 [1000000]0x100016707000 7.629 MB
W20240208 02:18:35.328512 61821 IPCTensor.h:369] NewIPCTensor: cached_sampler_r4_8 [1000000]0x100016eaa000 7.629 MB
W20240208 02:18:35.328552 61821 IPCTensor.h:369] NewIPCTensor: cached_sampler_r4_9 [1000000]0x10001764d000 7.629 MB
W20240208 02:18:35.328585 61821 IPCTensor.h:369] NewIPCTensor: step_r4 [10]0x100017df0000 80 B 
W20240208 02:18:35.328612 61821 IPCTensor.h:369] NewIPCTensor: circle_buffer_end_r4 [1]0x100017df2000 8 B 
W20240208 02:18:35.328637 61821 IPCTensor.h:369] NewIPCTensor: circle_buffer_end_cppseen_r4 [1]0x100017df4000 8 B 
W20240208 02:18:35.328699 61821 IPCTensor.h:369] NewIPCTensor: cached_sampler_r5_0 [1000000]0x100017df6000 7.629 MB
W20240208 02:18:35.328735 61821 IPCTensor.h:369] NewIPCTensor: cached_sampler_r5_1 [1000000]0x100018599000 7.629 MB
W20240208 02:18:35.328765 61821 IPCTensor.h:369] NewIPCTensor: cached_sampler_r5_2 [1000000]0x100018d3c000 7.629 MB
W20240208 02:18:35.328799 61821 IPCTensor.h:369] NewIPCTensor: cached_sampler_r5_3 [1000000]0x1000194df000 7.629 MB
W20240208 02:18:35.328830 61821 IPCTensor.h:369] NewIPCTensor: cached_sampler_r5_4 [1000000]0x100019c82000 7.629 MB
W20240208 02:18:35.328869 61821 IPCTensor.h:369] NewIPCTensor: cached_sampler_r5_5 [1000000]0x10001a425000 7.629 MB
W20240208 02:18:35.328907 61821 IPCTensor.h:369] NewIPCTensor: cached_sampler_r5_6 [1000000]0x10001abc8000 7.629 MB
W20240208 02:18:35.328946 61821 IPCTensor.h:369] NewIPCTensor: cached_sampler_r5_7 [1000000]0x10001b36b000 7.629 MB
W20240208 02:18:35.328982 61821 IPCTensor.h:369] NewIPCTensor: cached_sampler_r5_8 [1000000]0x10001bb0e000 7.629 MB
W20240208 02:18:35.329025 61821 IPCTensor.h:369] NewIPCTensor: cached_sampler_r5_9 [1000000]0x10001c2b1000 7.629 MB
W20240208 02:18:35.329054 61821 IPCTensor.h:369] NewIPCTensor: step_r5 [10]0x10001ca54000 80 B 
W20240208 02:18:35.329082 61821 IPCTensor.h:369] NewIPCTensor: circle_buffer_end_r5 [1]0x10001ca56000 8 B 
W20240208 02:18:35.329113 61821 IPCTensor.h:369] NewIPCTensor: circle_buffer_end_cppseen_r5 [1]0x10001ca58000 8 B 
W20240208 02:18:35.329185 61821 IPCTensor.h:369] NewIPCTensor: cached_sampler_r6_0 [1000000]0x10001ca5a000 7.629 MB
W20240208 02:18:35.329232 61821 IPCTensor.h:369] NewIPCTensor: cached_sampler_r6_1 [1000000]0x10001d1fd000 7.629 MB
W20240208 02:18:35.329265 61821 IPCTensor.h:369] NewIPCTensor: cached_sampler_r6_2 [1000000]0x10001d9a0000 7.629 MB
W20240208 02:18:35.329299 61821 IPCTensor.h:369] NewIPCTensor: cached_sampler_r6_3 [1000000]0x10001e143000 7.629 MB
W20240208 02:18:35.329332 61821 IPCTensor.h:369] NewIPCTensor: cached_sampler_r6_4 [1000000]0x10001e8e6000 7.629 MB
W20240208 02:18:35.329370 61821 IPCTensor.h:369] NewIPCTensor: cached_sampler_r6_5 [1000000]0x10001f089000 7.629 MB
W20240208 02:18:35.329404 61821 IPCTensor.h:369] NewIPCTensor: cached_sampler_r6_6 [1000000]0x10001f82c000 7.629 MB
W20240208 02:18:35.329439 61821 IPCTensor.h:369] NewIPCTensor: cached_sampler_r6_7 [1000000]0x10001ffcf000 7.629 MB
W20240208 02:18:35.329476 61821 IPCTensor.h:369] NewIPCTensor: cached_sampler_r6_8 [1000000]0x100020772000 7.629 MB
W20240208 02:18:35.329519 61821 IPCTensor.h:369] NewIPCTensor: cached_sampler_r6_9 [1000000]0x100020f15000 7.629 MB
W20240208 02:18:35.329555 61821 IPCTensor.h:369] NewIPCTensor: step_r6 [10]0x1000216b8000 80 B 
W20240208 02:18:35.329581 61821 IPCTensor.h:369] NewIPCTensor: circle_buffer_end_r6 [1]0x1000216ba000 8 B 
W20240208 02:18:35.329607 61821 IPCTensor.h:369] NewIPCTensor: circle_buffer_end_cppseen_r6 [1]0x1000216bc000 8 B 
W20240208 02:18:35.329668 61821 IPCTensor.h:369] NewIPCTensor: cached_sampler_r7_0 [1000000]0x1000216be000 7.629 MB
W20240208 02:18:35.329705 61821 IPCTensor.h:369] NewIPCTensor: cached_sampler_r7_1 [1000000]0x100021e61000 7.629 MB
W20240208 02:18:35.329743 61821 IPCTensor.h:369] NewIPCTensor: cached_sampler_r7_2 [1000000]0x100022604000 7.629 MB
W20240208 02:18:35.329778 61821 IPCTensor.h:369] NewIPCTensor: cached_sampler_r7_3 [1000000]0x100022da7000 7.629 MB
W20240208 02:18:35.329818 61821 IPCTensor.h:369] NewIPCTensor: cached_sampler_r7_4 [1000000]0x10002354a000 7.629 MB
W20240208 02:18:35.329852 61821 IPCTensor.h:369] NewIPCTensor: cached_sampler_r7_5 [1000000]0x100023ced000 7.629 MB
W20240208 02:18:35.329888 61821 IPCTensor.h:369] NewIPCTensor: cached_sampler_r7_6 [1000000]0x100024490000 7.629 MB
W20240208 02:18:35.329927 61821 IPCTensor.h:369] NewIPCTensor: cached_sampler_r7_7 [1000000]0x100024c33000 7.629 MB
W20240208 02:18:35.329962 61821 IPCTensor.h:369] NewIPCTensor: cached_sampler_r7_8 [1000000]0x1000253d6000 7.629 MB
W20240208 02:18:35.329998 61821 IPCTensor.h:369] NewIPCTensor: cached_sampler_r7_9 [1000000]0x100025b79000 7.629 MB
W20240208 02:18:35.330034 61821 IPCTensor.h:369] NewIPCTensor: step_r7 [10]0x10002631c000 80 B 
W20240208 02:18:35.330060 61821 IPCTensor.h:369] NewIPCTensor: circle_buffer_end_r7 [1]0x10002631e000 8 B 
W20240208 02:18:35.330086 61821 IPCTensor.h:369] NewIPCTensor: circle_buffer_end_cppseen_r7 [1]0x100026320000 8 B 
W20240208 02:18:35.791949 61821 IPCTensor.h:369] NewIPCTensor: full_emb [86054151, 400]0x100026322000 128.2 GB
W20240208 02:27:10.514268 61821 IPCTensor.h:369] NewIPCTensor: full_emb_SparseRowWiseAdaGrad_sum [86054151]0x102034f5a000 328.3 MB
{0: Graph(num_nodes=18863774, num_edges=55186826,
      ndata_schemes={'_ID': Scheme(shape=(), dtype=torch.int64), 'inner_node': Scheme(shape=(), dtype=torch.int32), 'part_id': Scheme(shape=(), dtype=torch.int64)}
      edata_schemes={'_ID': Scheme(shape=(), dtype=torch.int64), 'inner_edge': Scheme(shape=(), dtype=torch.int8)}), 1: Graph(num_nodes=13493829, num_edges=51786811,
      ndata_schemes={'_ID': Scheme(shape=(), dtype=torch.int64), 'inner_node': Scheme(shape=(), dtype=torch.int32), 'part_id': Scheme(shape=(), dtype=torch.int64)}
      edata_schemes={'_ID': Scheme(shape=(), dtype=torch.int64), 'inner_edge': Scheme(shape=(), dtype=torch.int8)}), 2: Graph(num_nodes=12506959, num_edges=45797296,
      ndata_schemes={'_ID': Scheme(shape=(), dtype=torch.int64), 'inner_node': Scheme(shape=(), dtype=torch.int32), 'part_id': Scheme(shape=(), dtype=torch.int64)}
      edata_schemes={'_ID': Scheme(shape=(), dtype=torch.int64), 'inner_edge': Scheme(shape=(), dtype=torch.int8)}), 3: Graph(num_nodes=12605014, num_edges=52067933,
      ndata_schemes={'_ID': Scheme(shape=(), dtype=torch.int64), 'inner_node': Scheme(shape=(), dtype=torch.int32), 'part_id': Scheme(shape=(), dtype=torch.int64)}
      edata_schemes={'_ID': Scheme(shape=(), dtype=torch.int64), 'inner_edge': Scheme(shape=(), dtype=torch.int8)}), 4: Graph(num_nodes=14435508, num_edges=39101576,
      ndata_schemes={'_ID': Scheme(shape=(), dtype=torch.int64), 'inner_node': Scheme(shape=(), dtype=torch.int32), 'part_id': Scheme(shape=(), dtype=torch.int64)}
      edata_schemes={'_ID': Scheme(shape=(), dtype=torch.int64), 'inner_edge': Scheme(shape=(), dtype=torch.int8)}), 5: Graph(num_nodes=13252778, num_edges=37365728,
      ndata_schemes={'_ID': Scheme(shape=(), dtype=torch.int64), 'inner_node': Scheme(shape=(), dtype=torch.int32), 'part_id': Scheme(shape=(), dtype=torch.int64)}
      edata_schemes={'_ID': Scheme(shape=(), dtype=torch.int64), 'inner_edge': Scheme(shape=(), dtype=torch.int8)}), 6: Graph(num_nodes=14444909, num_edges=60122064,
      ndata_schemes={'_ID': Scheme(shape=(), dtype=torch.int64), 'inner_node': Scheme(shape=(), dtype=torch.int32), 'part_id': Scheme(shape=(), dtype=torch.int64)}
      edata_schemes={'_ID': Scheme(shape=(), dtype=torch.int64), 'inner_edge': Scheme(shape=(), dtype=torch.int8)}), 7: Graph(num_nodes=14493336, num_edges=37760331,
      ndata_schemes={'_ID': Scheme(shape=(), dtype=torch.int64), 'inner_node': Scheme(shape=(), dtype=torch.int32), 'part_id': Scheme(shape=(), dtype=torch.int64)}
      edata_schemes={'_ID': Scheme(shape=(), dtype=torch.int64), 'inner_edge': Scheme(shape=(), dtype=torch.int8)})}
MertisPartition: part 0 has 18863774 N 55186826 E
MertisPartition: part 1 has 13493829 N 51786811 E
MertisPartition: part 2 has 12506959 N 45797296 E
MertisPartition: part 3 has 12605014 N 52067933 E
MertisPartition: part 4 has 14435508 N 39101576 E
MertisPartition: part 5 has 13252778 N 37365728 E
MertisPartition: part 6 has 14444909 N 60122064 E
MertisPartition: part 7 has 14493336 N 37760331 E
Rank0: cached key size 537838
Rank1: cached key size 537838
Rank2: cached key size 537838
Rank3: cached key size 537838
Rank4: cached key size 537838
Rank5: cached key size 537838
Rank6: cached key size 537838
Rank7: cached key size 537838
Before renumbering graph:  {'_ID': tensor([       0,        1,        2,  ..., 39512110,  9797409, 32293938]), 'inner_node': tensor([1, 1, 1,  ..., 0, 0, 0], dtype=torch.int32), 'part_id': tensor([0, 0, 0,  ..., 6, 6, 6])}
After renumbering graph:  {'_ID': tensor([ 4302744,  4302781,    95831,  ..., 66404083, 60035758,  4914497]), 'inner_node': tensor([1, 1, 1,  ..., 0, 0, 0], dtype=torch.int32), 'part_id': tensor([0, 0, 0,  ..., 6, 6, 6])}
part_g: DGLGraph(num_nodes=18863774, num_edges=55186826,
         ndata_schemes={'_ID': Scheme(shape=(), dtype=torch.int64)}
         edata_schemes={'tid': Scheme(shape=(), dtype=torch.int64)})
part_g: DGLGraph(num_nodes=18863774, num_edges=55186826,
         ndata_schemes={'_ID': Scheme(shape=(), dtype=torch.int64)}
         edata_schemes={'tid': Scheme(shape=(), dtype=torch.int64)})
Total initialize time 2192.329 seconds
[Rank1] pid = 62911
[Rank2] pid = 63007
[Rank3] pid = 63075
[Rank4] pid = 63144
[Rank5] pid = 63211
[Rank6] pid = 63279
INFO [61821 distributed_c10d.py:442] Added key: store_based_barrier_key:1 to store for rank: 0
INFO [62911 distributed_c10d.py:442] Added key: store_based_barrier_key:1 to store for rank: 1
INFO [63007 distributed_c10d.py:442] Added key: store_based_barrier_key:1 to store for rank: 2
INFO [63075 distributed_c10d.py:442] Added key: store_based_barrier_key:1 to store for rank: 3
INFO [63211 distributed_c10d.py:442] Added key: store_based_barrier_key:1 to store for rank: 5
INFO [63144 distributed_c10d.py:442] Added key: store_based_barrier_key:1 to store for rank: 4
INFO [63279 distributed_c10d.py:442] Added key: store_based_barrier_key:1 to store for rank: 6
INFO [63348 distributed_c10d.py:442] Added key: store_based_barrier_key:1 to store for rank: 7
INFO [63279 distributed_c10d.py:476] Rank 6: Completed store-based barrier for key:store_based_barrier_key:1 with 8 nodes.
INFO [63075 distributed_c10d.py:476] Rank 3: Completed store-based barrier for key:store_based_barrier_key:1 with 8 nodes.
INFO [63348 distributed_c10d.py:476] Rank 7: Completed store-based barrier for key:store_based_barrier_key:1 with 8 nodes.
INFO [63211 distributed_c10d.py:476] Rank 5: Completed store-based barrier for key:store_based_barrier_key:1 with 8 nodes.
INFO [61821 distributed_c10d.py:476] Rank 0: Completed store-based barrier for key:store_based_barrier_key:1 with 8 nodes.
INFO [62911 distributed_c10d.py:476] Rank 1: Completed store-based barrier for key:store_based_barrier_key:1 with 8 nodes.
INFO [63007 distributed_c10d.py:476] Rank 2: Completed store-based barrier for key:store_based_barrier_key:1 with 8 nodes.
INFO [63144 distributed_c10d.py:476] Rank 4: Completed store-based barrier for key:store_based_barrier_key:1 with 8 nodes.
W20240208 02:35:44.903862 63356 IPCTensor.h:409] NewIPCGPUTensor: embedding_cache_0 [4302707, 400]; dev=0; size=6.412 GB
W20240208 02:35:44.905123 63280 IPCTensor.h:409] NewIPCGPUTensor: embedding_cache_6 [4302707, 400]; dev=6; size=6.412 GB
W20240208 02:35:44.905304 63349 IPCTensor.h:409] NewIPCGPUTensor: embedding_cache_7 [4302707, 400]; dev=7; size=6.412 GB
W20240208 02:35:44.905380 62912 IPCTensor.h:409] NewIPCGPUTensor: embedding_cache_1 [4302707, 400]; dev=1; size=6.412 GB
W20240208 02:35:44.905418 63145 IPCTensor.h:409] NewIPCGPUTensor: embedding_cache_4 [4302707, 400]; dev=4; size=6.412 GB
W20240208 02:35:44.905432 63008 IPCTensor.h:409] NewIPCGPUTensor: embedding_cache_2 [4302707, 400]; dev=2; size=6.412 GB
W20240208 02:35:44.906278 63076 IPCTensor.h:409] NewIPCGPUTensor: embedding_cache_3 [4302707, 400]; dev=3; size=6.412 GB
W20240208 02:35:44.906278 63212 IPCTensor.h:409] NewIPCGPUTensor: embedding_cache_5 [4302707, 400]; dev=5; size=6.412 GB
W20240208 02:35:44.987488 63356 IPCTensor.h:369] NewIPCTensor: input_keys_0 [1000000]0x1020497b1000 7.629 MB
W20240208 02:35:44.987498 63280 IPCTensor.h:369] NewIPCTensor: input_keys_6 [1000000]0x102049f54000 7.629 MB
W20240208 02:35:44.987501 62912 IPCTensor.h:369] NewIPCTensor: input_keys_1 [1000000]0x10204a6f7000 7.629 MB
W20240208 02:35:44.987505 63008 IPCTensor.h:369] NewIPCTensor: input_keys_2 [1000000]0x10204ae9a000 7.629 MB
W20240208 02:35:44.987534 63145 IPCTensor.h:369] NewIPCTensor: input_keys_4 [1000000]0x10204b63d000 7.629 MB
W20240208 02:35:44.987548 63349 IPCTensor.h:369] NewIPCTensor: input_keys_7 [1000000]0x10204bde0000 7.629 MB
W20240208 02:35:44.987571 63212 IPCTensor.h:369] NewIPCTensor: input_keys_5 [1000000]0x10204c583000 7.629 MB
W20240208 02:35:44.987572 63076 IPCTensor.h:369] NewIPCTensor: input_keys_3 [1000000]0x10204cd26000 7.629 MB
W20240208 02:35:44.987666 63356 IPCTensor.h:369] NewIPCTensor: input_keys_neg_0 [1000000]0x10204d4c9000 7.629 MB
W20240208 02:35:44.987697 63280 IPCTensor.h:369] NewIPCTensor: input_keys_neg_6 [1000000]0x10204dc6c000 7.629 MB
W20240208 02:35:44.987702 62912 IPCTensor.h:369] NewIPCTensor: input_keys_neg_1 [1000000]0x10204e40f000 7.629 MB
W20240208 02:35:44.987712 63145 IPCTensor.h:369] NewIPCTensor: input_keys_neg_4 [1000000]0x10204ebb2000 7.629 MB
W20240208 02:35:44.987717 63008 IPCTensor.h:369] NewIPCTensor: input_keys_neg_2 [1000000]0x10204f355000 7.629 MB
W20240208 02:35:44.987721 63349 IPCTensor.h:369] NewIPCTensor: input_keys_neg_7 [1000000]0x10204faf8000 7.629 MB
W20240208 02:35:44.987731 63356 IPCTensor.h:369] NewIPCTensor: backward_grads_0 [1000000, 400]0x10205029b000 1.49 GB
W20240208 02:35:44.987773 63356 IPCTensor.h:369] NewIPCTensor: backward_grads_neg_0 [1000000, 400]0x1020af87e000 1.49 GB
W20240208 02:35:44.987790 63280 IPCTensor.h:369] NewIPCTensor: backward_grads_6 [1000000, 400]0x10210ee61000 1.49 GB
W20240208 02:35:44.987797 63145 IPCTensor.h:369] NewIPCTensor: backward_grads_4 [1000000, 400]0x10216e444000 1.49 GB
W20240208 02:35:44.987819 63076 IPCTensor.h:369] NewIPCTensor: input_keys_neg_3 [1000000]0x1021cda27000 7.629 MB
W20240208 02:35:44.987823 63356 IPCTensor.h:409] NewIPCGPUTensor: backward_grads_0_gpu [1000000, 400]; dev=0; size=1.49 GB
W20240208 02:35:44.987825 63212 IPCTensor.h:369] NewIPCTensor: input_keys_neg_5 [1000000]0x1021ce1ca000 7.629 MB
W20240208 02:35:44.987831 62912 IPCTensor.h:369] NewIPCTensor: backward_grads_1 [1000000, 400]0x1021ce96d000 1.49 GB
W20240208 02:35:44.987838 63349 IPCTensor.h:369] NewIPCTensor: backward_grads_7 [1000000, 400]0x10222df50000 1.49 GB
W20240208 02:35:44.987845 63008 IPCTensor.h:369] NewIPCTensor: backward_grads_2 [1000000, 400]0x10228d533000 1.49 GB
W20240208 02:35:44.987895 63280 IPCTensor.h:369] NewIPCTensor: backward_grads_neg_6 [1000000, 400]0x1022ecb16000 1.49 GB
W20240208 02:35:44.987901 63145 IPCTensor.h:369] NewIPCTensor: backward_grads_neg_4 [1000000, 400]0x10234c0f9000 1.49 GB
W20240208 02:35:44.987937 62912 IPCTensor.h:369] NewIPCTensor: backward_grads_neg_1 [1000000, 400]0x1023ab6dc000 1.49 GB
W20240208 02:35:44.987944 63349 IPCTensor.h:369] NewIPCTensor: backward_grads_neg_7 [1000000, 400]0x10240acbf000 1.49 GB
W20240208 02:35:44.987951 63008 IPCTensor.h:369] NewIPCTensor: backward_grads_neg_2 [1000000, 400]0x10246a2a2000 1.49 GB
W20240208 02:35:44.987972 63145 IPCTensor.h:409] NewIPCGPUTensor: backward_grads_4_gpu [1000000, 400]; dev=4; size=1.49 GB
W20240208 02:35:44.987973 63280 IPCTensor.h:409] NewIPCGPUTensor: backward_grads_6_gpu [1000000, 400]; dev=6; size=1.49 GB
W20240208 02:35:44.987984 63212 IPCTensor.h:369] NewIPCTensor: backward_grads_5 [1000000, 400]0x1024c9885000 1.49 GB
W20240208 02:35:44.987993 63076 IPCTensor.h:369] NewIPCTensor: backward_grads_3 [1000000, 400]0x102528e68000 1.49 GB
W20240208 02:35:44.988004 62912 IPCTensor.h:409] NewIPCGPUTensor: backward_grads_1_gpu [1000000, 400]; dev=1; size=1.49 GB
W20240208 02:35:44.988029 63008 IPCTensor.h:409] NewIPCGPUTensor: backward_grads_2_gpu [1000000, 400]; dev=2; size=1.49 GB
W20240208 02:35:44.988031 63349 IPCTensor.h:409] NewIPCGPUTensor: backward_grads_7_gpu [1000000, 400]; dev=7; size=1.49 GB
W20240208 02:35:44.988063 63212 IPCTensor.h:369] NewIPCTensor: backward_grads_neg_5 [1000000, 400]0x10258844b000 1.49 GB
W20240208 02:35:44.988082 63076 IPCTensor.h:369] NewIPCTensor: backward_grads_neg_3 [1000000, 400]0x1025e7a2e000 1.49 GB
W20240208 02:35:44.988128 63212 IPCTensor.h:409] NewIPCGPUTensor: backward_grads_5_gpu [1000000, 400]; dev=5; size=1.49 GB
W20240208 02:35:44.988131 63076 IPCTensor.h:409] NewIPCGPUTensor: backward_grads_3_gpu [1000000, 400]; dev=3; size=1.49 GB
W20240208 02:35:45.001258 63356 IPCTensor.h:409] NewIPCGPUTensor: backward_grads_neg_0_gpu [1000000, 400]; dev=0; size=1.49 GB
W20240208 02:35:45.001302 63145 IPCTensor.h:409] NewIPCGPUTensor: backward_grads_neg_4_gpu [1000000, 400]; dev=4; size=1.49 GB
W20240208 02:35:45.001315 63280 IPCTensor.h:409] NewIPCGPUTensor: backward_grads_neg_6_gpu [1000000, 400]; dev=6; size=1.49 GB
W20240208 02:35:45.001317 63008 IPCTensor.h:409] NewIPCGPUTensor: backward_grads_neg_2_gpu [1000000, 400]; dev=2; size=1.49 GB
W20240208 02:35:45.001330 63076 IPCTensor.h:409] NewIPCGPUTensor: backward_grads_neg_3_gpu [1000000, 400]; dev=3; size=1.49 GB
W20240208 02:35:45.001330 63212 IPCTensor.h:409] NewIPCGPUTensor: backward_grads_neg_5_gpu [1000000, 400]; dev=5; size=1.49 GB
W20240208 02:35:45.001345 62912 IPCTensor.h:409] NewIPCGPUTensor: backward_grads_neg_1_gpu [1000000, 400]; dev=1; size=1.49 GB
W20240208 02:35:45.001359 63349 IPCTensor.h:409] NewIPCGPUTensor: backward_grads_neg_7_gpu [1000000, 400]; dev=7; size=1.49 GB
cudaHostRegister 0x100026322000
2: KnownLocalCachedEmbedding init done
WARNING [63007 DistTensor.py:59] The tensor name already exists in the kvstore
cudaHostRegister 0x100026322000
4: KnownLocalCachedEmbedding init done
WARNING [63144 DistTensor.py:59] The tensor name already exists in the kvstore
[Rank7] pid = 63348
New CachedEmbedding, name=full_emb, shape=(86054151, 400), cache_type=KnownLocalCachedEmbedding
fixed cache_range is [(0, 4302707), (4302707, 8605414), (8605414, 12908121), (12908121, 17210828), (17210828, 21513535), (21513535, 25816242), (25816242, 30118949), (30118949, 34421656)]
cudaHostRegister 0x100026322000
0: KnownLocalCachedEmbedding init done
WARNING [61821 DistTensor.py:59] The tensor name already exists in the kvstore
cudaHostRegister 0x100026322000
1: KnownLocalCachedEmbedding init done
WARNING [62911 DistTensor.py:59] The tensor name already exists in the kvstore
cudaHostRegister 0x100026322000
5: KnownLocalCachedEmbedding init done
WARNING [63211 DistTensor.py:59] The tensor name already exists in the kvstore
cudaHostRegister 0x100026322000
3: KnownLocalCachedEmbedding init done
WARNING [63075 DistTensor.py:59] The tensor name already exists in the kvstore
cudaHostRegister 0x100026322000
6: KnownLocalCachedEmbedding init done
WARNING [63279 DistTensor.py:59] The tensor name already exists in the kvstore
cudaHostRegister 0x100026322000
7: KnownLocalCachedEmbedding init done
WARNING [63348 DistTensor.py:59] The tensor name already exists in the kvstore
I20240208 02:36:35.318738 63349 IPC_barrier.h:118] CreateBarrier: new barrier, name: kgcachecontroller, count: 8
I20240208 02:36:35.318794 63076 IPC_barrier.h:112] CreateBarrier: find existing barrier, name: kgcachecontroller, count: 8
I20240208 02:36:35.318835 63212 IPC_barrier.h:112] CreateBarrier: find existing barrier, name: kgcachecontroller, count: 8
I20240208 02:36:35.318871 63356 IPC_barrier.h:112] CreateBarrier: find existing barrier, name: kgcachecontroller, count: 8
I20240208 02:36:35.318971 62912 IPC_barrier.h:112] CreateBarrier: find existing barrier, name: kgcachecontroller, count: 8
I20240208 02:36:35.319037 63145 IPC_barrier.h:112] CreateBarrier: find existing barrier, name: kgcachecontroller, count: 8
I20240208 02:36:35.319120 63280 IPC_barrier.h:112] CreateBarrier: find existing barrier, name: kgcachecontroller, count: 8
I20240208 02:36:35.319155 63008 IPC_barrier.h:112] CreateBarrier: find existing barrier, name: kgcachecontroller, count: 8
W20240208 02:36:35.321007 63356 grad_base.h:55] KGCacheController, config={
        "num_gpus": 8,
        "L": 10,
        "backgrad_init": "both", 
        "kForwardItersPerStep": 2,
        "clr": 0.01,
        "nr_background_threads": 32,
        "backwardMode": "CppAsyncV2",
        "cache_ratio": 0.05,
        "update_cache_use_omp":  0,
        "update_pq_use_omp":  0
        }
W20240208 02:36:35.321246 63356 grad_base.h:184] Init GradProcessingBase done
I20240208 02:36:47.948540 63356 grad_async_v2.h:42] Use main thread to update emb.
W20240208 02:36:47.948796 63356 kg_controller.h:78] after init GradAsyncProcessingV2
I20240208 02:36:47.948805 63356 kg_controller.h:84] Construct KGCacheController done
E20240208 02:36:49.741072 63349 recstore.cc:66] init folly done
E20240208 02:36:49.741086 63076 recstore.cc:66] init folly done
E20240208 02:36:49.741096 63212 recstore.cc:66] init folly done
E20240208 02:36:49.741119 63145 recstore.cc:66] init folly done
E20240208 02:36:49.741117 62912 recstore.cc:66] init folly done
E20240208 02:36:49.741158 63008 recstore.cc:66] init folly done
E20240208 02:36:49.742168 63280 recstore.cc:66] init folly done
E20240208 02:36:49.742193 63356 recstore.cc:66] init folly done
I20240208 02:36:49.743342 63356 grad_base.h:60] GraphEnv RegTensorsPerProcess
W20240208 02:37:07.568697 63934 grad_async_v2.h:137] Detect new sample comes, old_end0, new_end1
E20240208 02:37:07.569118 63934 parallel_pq_v2.h:79] insert failed, size(hashtable)=1
W20240208 02:37:08.893553 63934 grad_async_v2.h:137] Detect new sample comes, old_end0, new_end1
E20240208 02:37:08.893714 63934 parallel_pq_v2.h:79] insert failed, size(hashtable)=1
+---------------------------+---------------------------+---------------------------+
| Name                      | P50                       | P99                       |
+---------------------------+---------------------------+---------------------------+
| clean                     | 118.656 us                | 247.865 us                |
+---------------------------+---------------------------+---------------------------+
W20240208 02:37:10.306708 63934 grad_async_v2.h:137] Detect new sample comes, old_end1, new_end2
E20240208 02:37:10.322352 63934 parallel_pq_v2.h:79] insert failed, size(hashtable)=0
I20240208 02:37:10.422770 63212 IPC_barrier.h:118] CreateBarrier: new barrier, name: start_barrier, count: 8
I20240208 02:37:10.722393 63349 IPC_barrier.h:112] CreateBarrier: find existing barrier, name: start_barrier, count: 8
I20240208 02:37:11.163019 63145 IPC_barrier.h:112] CreateBarrier: find existing barrier, name: start_barrier, count: 8
W20240208 02:37:11.610939 63934 grad_async_v2.h:137] Detect new sample comes, old_end1, new_end2
E20240208 02:37:11.626307 63934 parallel_pq_v2.h:79] insert failed, size(hashtable)=0
I20240208 02:37:11.702594 63008 IPC_barrier.h:112] CreateBarrier: find existing barrier, name: start_barrier, count: 8
W20240208 02:37:12.614290 63934 grad_async_v2.h:137] Detect new sample comes, old_end2, new_end3
E20240208 02:37:12.626005 63934 parallel_pq_v2.h:79] insert failed, size(hashtable)=2
I20240208 02:37:12.682250 62912 IPC_barrier.h:112] CreateBarrier: find existing barrier, name: start_barrier, count: 8
I20240208 02:37:13.512737 63076 IPC_barrier.h:112] CreateBarrier: find existing barrier, name: start_barrier, count: 8
E20240208 02:37:13.629221 63934 parallel_pq_v2.h:79] insert failed, size(hashtable)=0
W20240208 02:37:13.897469 63934 grad_async_v2.h:137] Detect new sample comes, old_end1, new_end2
I20240208 02:37:14.012362 63356 IPC_barrier.h:112] CreateBarrier: find existing barrier, name: start_barrier, count: 8
E20240208 02:37:14.641901 63934 parallel_pq_v2.h:79] insert failed, size(hashtable)=0
+---------------------------+---------------------------+---------------------------+
| Name                      | P50                       | P99                       |
+---------------------------+---------------------------+---------------------------+
| clean                     | 113.510 us                | 228.869 us                |
+---------------------------+---------------------------+---------------------------+
I20240208 02:37:14.744827 63280 IPC_barrier.h:112] CreateBarrier: find existing barrier, name: start_barrier, count: 8
W20240208 02:37:14.902820 63934 grad_async_v2.h:137] Detect new sample comes, old_end0, new_end1
+---------------------------+---------------------------+---------------------------+
| Name                      | P50                       | P99                       |
+---------------------------+---------------------------+---------------------------+
| GenInput                  | 16.715 ms                 | 16.715 ms                 |
+---------------------------+---------------------------+---------------------------+
E20240208 02:37:16.933902 63356 parallel_pq_v2.h:79] insert failed, size(hashtable)=0
W20240208 02:37:17.026077 63356 grad_async_v2.h:270] Sleep in <BlockToStepN>, step_no=1, pq.top=1
W20240208 02:37:17.034312 63934 grad_async_v2.h:137] Detect new sample comes, old_end1, new_end2
E20240208 02:37:17.933012 63934 parallel_pq_v2.h:79] insert failed, size(hashtable)=5
W20240208 02:37:18.083537 63934 grad_async_v2.h:137] Detect new sample comes, old_end3, new_end7
W20240208 02:37:18.216778 63356 grad_async_v2.h:270] Sleep in <BlockToStepN>, step_no=7, pq.top=7
E20240208 02:37:18.933009 63934 parallel_pq_v2.h:79] insert failed, size(hashtable)=54
W20240208 02:37:19.165748 63934 grad_async_v2.h:137] Detect new sample comes, old_end7, new_end5
W20240208 02:37:19.321405 63356 grad_async_v2.h:270] Sleep in <BlockToStepN>, step_no=15, pq.top=15
E20240208 02:37:19.587144 63356 grad_async_v2.h:404] Stalled in ProcessBackward: rank=6, step_no=17, sample_step_cpp_seen_[rank]=16
+---------------------------+---------------------------+---------------------------+
| Name                      | P50                       | P99                       |
+---------------------------+---------------------------+---------------------------+
| clean                     | 306.917 us                | 5.106 ms                  |
| ProcessBack:Shuffle       | 9.002 ms                  | 366.293 ms                |
| ProcessBack:UpdateCache   | 11.026 ms                 | 673.057 ms                |
| ProcessBack:UpsertPq      | 20.352 ms                 | 154.242 ms                |
| ProcessOneStep            | 107.600 ms                | 1.392 s                   |
| BlockToStepN              | 678.305 us                | 4.949 ms                  |
+---------------------------+---------------------------+---------------------------+
E20240208 02:37:19.933013 63934 parallel_pq_v2.h:79] insert failed, size(hashtable)=245
W20240208 02:37:20.249984 63934 grad_async_v2.h:137] Detect new sample comes, old_end1, new_end8
+---------------------------+---------------------------+---------------------------+
| Name                      | P50                       | P99                       |
+---------------------------+---------------------------+---------------------------+
| GenInput                  | 8.314 ms                  | 217.584 ms                |
| Forward                   | 5.306 ms                  | 613.483 ms                |
| Backward                  | 5.157 ms                  | 200.033 ms                |
| Optimize                  | 2.297 ms                  | 56.295 ms                 |
| BarrierTimeBeforeRank0    | 3.825 ms                  | 208.860 ms                |
| AfterBackward             | 107.635 ms                | 1.394 s                   |
| BlockToStepN              | 730.114 us                | 5.070 ms                  |
| OneStep                   | 164.260 ms                | 2.284 s                   |
+---------------------------+---------------------------+---------------------------+
E20240208 02:37:20.933012 63356 parallel_pq_v2.h:79] insert failed, size(hashtable)=118
W20240208 02:37:21.269399 63934 grad_async_v2.h:137] Detect new sample comes, old_end8, new_end0
E20240208 02:37:21.933009 63934 parallel_pq_v2.h:79] insert failed, size(hashtable)=7
W20240208 02:37:22.300199 63934 grad_async_v2.h:137] Detect new sample comes, old_end2, new_end4
E20240208 02:37:22.933034 63545 parallel_pq_v2.h:79] insert failed, size(hashtable)=13851
W20240208 02:37:23.047689 63356 grad_async_v2.h:270] Sleep in <BlockToStepN>, step_no=27, pq.top=27
W20240208 02:37:23.396641 63934 grad_async_v2.h:137] Detect new sample comes, old_end5, new_end1
E20240208 02:37:23.933009 63934 parallel_pq_v2.h:79] insert failed, size(hashtable)=3
W20240208 02:37:24.055199 63356 grad_async_v2.h:270] Sleep in <BlockToStepN>, step_no=36, pq.top=36
W20240208 02:37:24.584249 63934 grad_async_v2.h:137] Detect new sample comes, old_end1, new_end8
E20240208 02:37:24.587010 63356 grad_async_v2.h:404] Stalled in ProcessBackward: rank=4, step_no=37, sample_step_cpp_seen_[rank]=36
+---------------------------+---------------------------+---------------------------+
| Name                      | P50                       | P99                       |
+---------------------------+---------------------------+---------------------------+
| clean                     | 255.077 us                | 1.044 ms                  |
| ProcessBack:Shuffle       | 9.141 ms                  | 334.771 ms                |
| ProcessBack:UpdateCache   | 12.950 ms                 | 671.939 ms                |
| ProcessBack:UpsertPq      | 26.008 ms                 | 206.194 ms                |
| ProcessOneStep            | 111.646 ms                | 1.392 s                   |
| BlockToStepN              | 395.515 us                | 4.949 ms                  |
+---------------------------+---------------------------+---------------------------+
E20240208 02:37:24.933185 63955 parallel_pq_v2.h:79] insert failed, size(hashtable)=1053
+---------------------------+---------------------------+---------------------------+
| Name                      | P50                       | P99                       |
+---------------------------+---------------------------+---------------------------+
| GenInput                  | 8.314 ms                  | 316.168 ms                |
| Forward                   | 5.264 ms                  | 613.483 ms                |
| Backward                  | 5.624 ms                  | 200.033 ms                |
| Optimize                  | 2.466 ms                  | 56.295 ms                 |
| BarrierTimeBeforeRank0    | 100.429 us                | 208.860 ms                |
| AfterBackward             | 111.701 ms                | 1.394 s                   |
| BlockToStepN              | 439.981 us                | 5.070 ms                  |
| OneStep                   | 164.064 ms                | 2.284 s                   |
+---------------------------+---------------------------+---------------------------+
W20240208 02:37:25.577333 63356 grad_async_v2.h:270] Sleep in <BlockToStepN>, step_no=39, pq.top=39
W20240208 02:37:25.617064 63934 grad_async_v2.h:137] Detect new sample comes, old_end9, new_end0
E20240208 02:37:25.933015 63356 parallel_pq_v2.h:79] insert failed, size(hashtable)=32572
W20240208 02:37:26.583495 63356 grad_async_v2.h:270] Sleep in <BlockToStepN>, step_no=46, pq.top=46
W20240208 02:37:26.617697 63934 grad_async_v2.h:137] Detect new sample comes, old_end2, new_end7
E20240208 02:37:26.933009 63356 parallel_pq_v2.h:79] insert failed, size(hashtable)=149
W20240208 02:37:27.733073 63934 grad_async_v2.h:137] Detect new sample comes, old_end5, new_end4
E20240208 02:37:27.933009 63934 parallel_pq_v2.h:79] insert failed, size(hashtable)=4600
W20240208 02:37:28.671341 63356 grad_async_v2.h:270] Sleep in <BlockToStepN>, step_no=55, pq.top=55
W20240208 02:37:28.735559 63934 grad_async_v2.h:137] Detect new sample comes, old_end5, new_end6
E20240208 02:37:28.933010 63356 parallel_pq_v2.h:79] insert failed, size(hashtable)=640
W20240208 02:37:29.721726 63356 grad_async_v2.h:270] Sleep in <BlockToStepN>, step_no=64, pq.top=63
+---------------------------+---------------------------+---------------------------+
| Name                      | P50                       | P99                       |
+---------------------------+---------------------------+---------------------------+
| clean                     | 454.406 us                | 11.170 ms                 |
| ProcessBack:Shuffle       | 9.147 ms                  | 334.771 ms                |
| ProcessBack:UpdateCache   | 11.680 ms                 | 671.939 ms                |
| ProcessBack:UpsertPq      | 38.036 ms                 | 206.194 ms                |
| ProcessOneStep            | 105.535 ms                | 1.311 s                   |
| BlockToStepN              | 397.070 us                | 4.949 ms                  |
+---------------------------+---------------------------+---------------------------+
W20240208 02:37:29.801760 63934 grad_async_v2.h:137] Detect new sample comes, old_end7, new_end5
E20240208 02:37:29.933018 63356 parallel_pq_v2.h:79] insert failed, size(hashtable)=54
+---------------------------+---------------------------+---------------------------+
| Name                      | P50                       | P99                       |
+---------------------------+---------------------------+---------------------------+
| GenInput                  | 8.531 ms                  | 217.584 ms                |
| Forward                   | 5.306 ms                  | 10.232 ms                 |
| Backward                  | 5.428 ms                  | 14.386 ms                 |
| Optimize                  | 2.685 ms                  | 26.927 ms                 |
| BarrierTimeBeforeRank0    | 3.996 ms                  | 109.812 ms                |
| AfterBackward             | 106.725 ms                | 1.311 s                   |
| BlockToStepN              | 607.618 us                | 5.070 ms                  |
| OneStep                   | 144.765 ms                | 1.332 s                   |
+---------------------------+---------------------------+---------------------------+
E20240208 02:37:30.587731 63545 grad_async_v2.h:404] Stalled in ProcessBackward: rank=0, step_no=69, sample_step_cpp_seen_[rank]=68
W20240208 02:37:30.859251 63934 grad_async_v2.h:137] Detect new sample comes, old_end3, new_end1
E20240208 02:37:30.933010 63934 parallel_pq_v2.h:79] insert failed, size(hashtable)=857
W20240208 02:37:31.546849 63356 grad_async_v2.h:270] Sleep in <BlockToStepN>, step_no=71, pq.top=71
W20240208 02:37:31.877537 63934 grad_async_v2.h:137] Detect new sample comes, old_end2, new_end4
E20240208 02:37:31.933025 63954 parallel_pq_v2.h:79] insert failed, size(hashtable)=13630
W20240208 02:37:32.553140 63356 grad_async_v2.h:270] Sleep in <BlockToStepN>, step_no=79, pq.top=79
E20240208 02:37:32.933027 63960 parallel_pq_v2.h:79] insert failed, size(hashtable)=14542
W20240208 02:37:33.001528 63934 grad_async_v2.h:137] Detect new sample comes, old_end4, new_end3
E20240208 02:37:33.936866 63934 parallel_pq_v2.h:79] insert failed, size(hashtable)=1
W20240208 02:37:34.074934 63934 grad_async_v2.h:137] Detect new sample comes, old_end3, new_end7
+---------------------------+---------------------------+---------------------------+
| Name                      | P50                       | P99                       |
+---------------------------+---------------------------+---------------------------+
| clean                     | 325.839 us                | 4.065 ms                  |
| ProcessBack:Shuffle       | 9.152 ms                  | 18.771 ms                 |
| ProcessBack:UpdateCache   | 11.680 ms                 | 19.386 ms                 |
| ProcessBack:UpsertPq      | 34.116 ms                 | 171.782 ms                |
| ProcessOneStep            | 106.167 ms                | 1.311 s                   |
| BlockToStepN              | 740.256 us                | 12.271 ms                 |
+---------------------------+---------------------------+---------------------------+
E20240208 02:37:34.936013 63934 parallel_pq_v2.h:79] insert failed, size(hashtable)=158
W20240208 02:37:35.156000 63934 grad_async_v2.h:137] Detect new sample comes, old_end9, new_end3
+---------------------------+---------------------------+---------------------------+
| Name                      | P50                       | P99                       |
+---------------------------+---------------------------+---------------------------+
| GenInput                  | 7.599 ms                  | 231.145 ms                |
| Forward                   | 5.392 ms                  | 10.232 ms                 |
| Backward                  | 5.428 ms                  | 14.386 ms                 |
| Optimize                  | 2.768 ms                  | 26.927 ms                 |
| BarrierTimeBeforeRank0    | 3.970 ms                  | 109.812 ms                |
| AfterBackward             | 106.725 ms                | 1.311 s                   |
| BlockToStepN              | 864.486 us                | 12.444 ms                 |
| OneStep                   | 142.178 ms                | 1.332 s                   |
+---------------------------+---------------------------+---------------------------+
W20240208 02:37:35.906309 63356 grad_async_v2.h:270] Sleep in <BlockToStepN>, step_no=97, pq.top=97
E20240208 02:37:35.936010 63934 parallel_pq_v2.h:79] insert failed, size(hashtable)=46244
train_sampler.Prefill()
before start barrier
start train
[proc 3] 100 steps, total: 22.809, sample: 1.461, forward: 1.074, backward: 0.841, update: 0.332
train_sampler.Prefill()
before start barrier
start train
[proc 5] 100 steps, total: 25.900, sample: 1.575, forward: 1.153, backward: 0.699, update: 0.274
train_sampler.Prefill()
before start barrier
start train
[proc 1] 100 steps, total: 23.641, sample: 2.830, forward: 1.033, backward: 0.938, update: 0.268
train_sampler.Prefill()
before start barrier
start train
[proc 4] 100 steps, total: 25.159, sample: 1.320, forward: 1.108, backward: 0.811, update: 0.287
train_sampler.Prefill()
-------Step 0-------
tensor([   76982,    77032,    77086,    77122,  5704701,   140176, 49060579,
        18260871, 21597547,    77168]) tensor([ 5015429, 15444749, 65491136, 66033384, 18756480, 28770479, 34687753,
        67202691, 77859344, 27489901])
-------Step 1-------
tensor([   76982,    77032,    77086,    77122,  5704701,   140176, 49060579,
        18260871, 21597547,    77168]) tensor([77475094, 27876103, 10823953, 83253004, 81053887, 39514892, 80189571,
        52713112, 38270404, 13130437])
-------Step 2-------
tensor([  191236,   191280,   191334,    34117,   191364,   191412,   191477,
        24960408,   191538,   191599]) tensor([79522938, 23361784, 84793845, 53007601, 39496079, 27804160, 77762577,
        38965544, 14382977, 38794628])
-------Step 3-------
tensor([  191236,   191280,   191334,    34117,   191364,   191412,   191477,
        24960408,   191538,   191599]) tensor([51990481, 83713918, 36532942, 34489885, 59665422, 56472003, 38111673,
        16750201, 25099170,   796658])
-------Step 4-------
tensor([  303425, 40778128,   303467,   175756,   303519,   175806,   303569,
        35895921,   303617,   303666]) tensor([82009150,  9513202, 76551271, 16870500, 76903156, 47091186, 65866135,
        33879878, 77449803, 58276374])
-------Step 5-------
tensor([  303425, 40778128,   303467,   175756,   303519,   175806,   303569,
        35895921,   303617,   303666]) tensor([32641433, 67030444,   341977, 73538728, 52849368, 61108280, 15107587,
         9810418, 77587166, 44249854])
-------Step 6-------
tensor([  398330,    70470,   398350,   398368,    70502, 73415047,   398392,
          398413,   194043, 32964080]) tensor([12842270, 40421886, 37561933, 71337096, 31117077, 34727670, 24007278,
         6786738, 76629076, 76140031])
-------Step 7-------
tensor([  398330,    70470,   398350,   398368,    70502, 73415047,   398392,
          398413,   194043, 32964080]) tensor([24040417, 46119807, 63518153, 53974649, 82846190, 46018066, 46993338,
        60247564, 37465917, 33468762])
-------Step 8-------
tensor([  451484, 22687183,   451513,   211044,   451530,    88243,   451549,
          451569,   451594,   451612]) tensor([49288742, 23494102, 34528394,  1898321, 43519276, 74360212, 15049471,
