WARNING: Logging before InitGoogleLogging() is written to STDERR
I20240211 01:24:57.148820 31597 IPC_barrier.h:128] MultiProcessBarrierFactory->ClearIPCMemory()
W20240211 01:24:57.158179 31597 IPCTensor.h:369] NewIPCTensor: full_emb [9449206, 32]0x100000002000 1.126 GB
/data/home/xieminhui/RecStore/src/framework_adapters/torch/python/perf_rec_model.py:152: DeprecationWarning: The 'warn' function is deprecated, use 'warning' instead
  XLOG.warn("After init DistEmbedding")
WARNING [31597 perf_rec_model.py:152] After init DistEmbedding
========== Running Perf with routine <function routine_local_cache_helper at 0x7fc6cda098a0>==========
Worker 1 pid=33379
Worker 2 pid=33380
Worker 3 pid=33381
Worker 4 pid=33382
Worker 5 pid=33383
Worker 6 pid=33384
INFO [31597 distributed_c10d.py:442] Added key: store_based_barrier_key:1 to store for rank: 0
INFO [33379 distributed_c10d.py:442] Added key: store_based_barrier_key:1 to store for rank: 1
INFO [33380 distributed_c10d.py:442] Added key: store_based_barrier_key:1 to store for rank: 2
INFO [33381 distributed_c10d.py:442] Added key: store_based_barrier_key:1 to store for rank: 3
INFO [33382 distributed_c10d.py:442] Added key: store_based_barrier_key:1 to store for rank: 4
INFO [33383 distributed_c10d.py:442] Added key: store_based_barrier_key:1 to store for rank: 5
INFO [33385 distributed_c10d.py:442] Added key: store_based_barrier_key:1 to store for rank: 7
INFO [33384 distributed_c10d.py:442] Added key: store_based_barrier_key:1 to store for rank: 6
INFO [33383 distributed_c10d.py:476] Rank 5: Completed store-based barrier for key:store_based_barrier_key:1 with 8 nodes.
INFO [33384 distributed_c10d.py:476] Rank 6: Completed store-based barrier for key:store_based_barrier_key:1 with 8 nodes.
INFO [33385 distributed_c10d.py:476] Rank 7: Completed store-based barrier for key:store_based_barrier_key:1 with 8 nodes.
INFO [33382 distributed_c10d.py:476] Rank 4: Completed store-based barrier for key:store_based_barrier_key:1 with 8 nodes.
INFO [31597 distributed_c10d.py:476] Rank 0: Completed store-based barrier for key:store_based_barrier_key:1 with 8 nodes.
INFO [33379 distributed_c10d.py:476] Rank 1: Completed store-based barrier for key:store_based_barrier_key:1 with 8 nodes.
INFO [33380 distributed_c10d.py:476] Rank 2: Completed store-based barrier for key:store_based_barrier_key:1 with 8 nodes.
E20240211 01:25:03.509137 31597 IPCTensor.h:348] IPCTensor full_emb already exists
INFO [33381 distributed_c10d.py:476] Rank 3: Completed store-based barrier for key:store_based_barrier_key:1 with 8 nodes.
E20240211 01:25:03.509351 33379 IPCTensor.h:348] IPCTensor full_emb already exists
E20240211 01:25:03.509932 33382 IPCTensor.h:348] IPCTensor full_emb already exists
E20240211 01:25:03.510033 33385 IPCTensor.h:348] IPCTensor full_emb already exists
E20240211 01:25:03.510046 33381 IPCTensor.h:348] IPCTensor full_emb already exists
E20240211 01:25:03.510048 33380 IPCTensor.h:348] IPCTensor full_emb already exists
E20240211 01:25:03.510051 33383 IPCTensor.h:348] IPCTensor full_emb already exists
E20240211 01:25:03.510048 33384 IPCTensor.h:348] IPCTensor full_emb already exists
W20240211 01:25:08.885177 33380 IPCTensor.h:409] NewIPCGPUTensor: embedding_cache_2 [472460, 32]; dev=2; size=57.67 MB
W20240211 01:25:08.886392 33382 IPCTensor.h:409] NewIPCGPUTensor: embedding_cache_4 [472460, 32]; dev=4; size=57.67 MB
W20240211 01:25:08.886556 33384 IPCTensor.h:409] NewIPCGPUTensor: embedding_cache_6 [472460, 32]; dev=6; size=57.67 MB
W20240211 01:25:08.886579 33381 IPCTensor.h:409] NewIPCGPUTensor: embedding_cache_3 [472460, 32]; dev=3; size=57.67 MB
W20240211 01:25:08.887728 33385 IPCTensor.h:409] NewIPCGPUTensor: embedding_cache_7 [472460, 32]; dev=7; size=57.67 MB
W20240211 01:25:08.887792 31597 IPCTensor.h:409] NewIPCGPUTensor: embedding_cache_0 [472460, 32]; dev=0; size=57.67 MB
W20240211 01:25:08.888279 33383 IPCTensor.h:409] NewIPCGPUTensor: embedding_cache_5 [472460, 32]; dev=5; size=57.67 MB
W20240211 01:25:08.888283 33379 IPCTensor.h:409] NewIPCGPUTensor: embedding_cache_1 [472460, 32]; dev=1; size=57.67 MB
W20240211 01:25:09.636399 33380 IPCTensor.h:369] NewIPCTensor: input_keys_2 [1000000]0x10004817d000 7.629 MB
W20240211 01:25:09.636571 33380 IPCTensor.h:369] NewIPCTensor: input_keys_neg_2 [1000000]0x100048920000 7.629 MB
W20240211 01:25:09.636655 33380 IPCTensor.h:369] NewIPCTensor: backward_grads_2 [1000000, 32]0x1000490c3000 122.1 MB
W20240211 01:25:09.636699 33380 IPCTensor.h:369] NewIPCTensor: backward_grads_neg_2 [1000000, 32]0x100050ad7000 122.1 MB
W20240211 01:25:09.636755 33380 IPCTensor.h:409] NewIPCGPUTensor: backward_grads_2_gpu [1000000, 32]; dev=2; size=122.1 MB
W20240211 01:25:09.641062 33380 IPCTensor.h:409] NewIPCGPUTensor: backward_grads_neg_2_gpu [1000000, 32]; dev=2; size=122.1 MB
W20240211 01:25:09.661479 33384 IPCTensor.h:369] NewIPCTensor: input_keys_6 [1000000]0x1000584f1000 7.629 MB
W20240211 01:25:09.661649 33384 IPCTensor.h:369] NewIPCTensor: input_keys_neg_6 [1000000]0x100058c94000 7.629 MB
W20240211 01:25:09.661738 33384 IPCTensor.h:369] NewIPCTensor: backward_grads_6 [1000000, 32]0x100059437000 122.1 MB
W20240211 01:25:09.661785 33384 IPCTensor.h:369] NewIPCTensor: backward_grads_neg_6 [1000000, 32]0x100060e4b000 122.1 MB
W20240211 01:25:09.661847 33384 IPCTensor.h:409] NewIPCGPUTensor: backward_grads_6_gpu [1000000, 32]; dev=6; size=122.1 MB
W20240211 01:25:09.663290 33384 IPCTensor.h:409] NewIPCGPUTensor: backward_grads_neg_6_gpu [1000000, 32]; dev=6; size=122.1 MB
W20240211 01:25:09.666225 33381 IPCTensor.h:369] NewIPCTensor: input_keys_3 [1000000]0x100068865000 7.629 MB
W20240211 01:25:09.666357 33381 IPCTensor.h:369] NewIPCTensor: input_keys_neg_3 [1000000]0x100069008000 7.629 MB
W20240211 01:25:09.666422 33381 IPCTensor.h:369] NewIPCTensor: backward_grads_3 [1000000, 32]0x1000697ab000 122.1 MB
W20240211 01:25:09.666465 33381 IPCTensor.h:369] NewIPCTensor: backward_grads_neg_3 [1000000, 32]0x1000711bf000 122.1 MB
W20240211 01:25:09.666515 33381 IPCTensor.h:409] NewIPCGPUTensor: backward_grads_3_gpu [1000000, 32]; dev=3; size=122.1 MB
W20240211 01:25:09.667078 33381 IPCTensor.h:409] NewIPCGPUTensor: backward_grads_neg_3_gpu [1000000, 32]; dev=3; size=122.1 MB
W20240211 01:25:09.674876 33382 IPCTensor.h:369] NewIPCTensor: input_keys_4 [1000000]0x100078bd9000 7.629 MB
W20240211 01:25:09.675014 33382 IPCTensor.h:369] NewIPCTensor: input_keys_neg_4 [1000000]0x10007937c000 7.629 MB
W20240211 01:25:09.675074 33382 IPCTensor.h:369] NewIPCTensor: backward_grads_4 [1000000, 32]0x100079b1f000 122.1 MB
W20240211 01:25:09.675123 33382 IPCTensor.h:369] NewIPCTensor: backward_grads_neg_4 [1000000, 32]0x100081533000 122.1 MB
W20240211 01:25:09.675173 33382 IPCTensor.h:409] NewIPCGPUTensor: backward_grads_4_gpu [1000000, 32]; dev=4; size=122.1 MB
W20240211 01:25:09.675999 33382 IPCTensor.h:409] NewIPCGPUTensor: backward_grads_neg_4_gpu [1000000, 32]; dev=4; size=122.1 MB
W20240211 01:25:09.745126 33379 IPCTensor.h:369] NewIPCTensor: input_keys_1 [1000000]0x100088f4d000 7.629 MB
W20240211 01:25:09.745522 33379 IPCTensor.h:369] NewIPCTensor: input_keys_neg_1 [1000000]0x1000896f0000 7.629 MB
W20240211 01:25:09.745702 33379 IPCTensor.h:369] NewIPCTensor: backward_grads_1 [1000000, 32]0x100089e93000 122.1 MB
W20240211 01:25:09.745831 33379 IPCTensor.h:369] NewIPCTensor: backward_grads_neg_1 [1000000, 32]0x1000918a7000 122.1 MB
W20240211 01:25:09.745977 33379 IPCTensor.h:409] NewIPCGPUTensor: backward_grads_1_gpu [1000000, 32]; dev=1; size=122.1 MB
W20240211 01:25:09.769204 33385 IPCTensor.h:369] NewIPCTensor: input_keys_7 [1000000]0x1000992bd000 7.629 MB
W20240211 01:25:09.769479 33385 IPCTensor.h:369] NewIPCTensor: input_keys_neg_7 [1000000]0x100099a60000 7.629 MB
W20240211 01:25:09.769579 33385 IPCTensor.h:369] NewIPCTensor: backward_grads_7 [1000000, 32]0x10009a203000 122.1 MB
W20240211 01:25:09.769670 33385 IPCTensor.h:369] NewIPCTensor: backward_grads_neg_7 [1000000, 32]0x1000a1c17000 122.1 MB
W20240211 01:25:09.769775 33385 IPCTensor.h:409] NewIPCGPUTensor: backward_grads_7_gpu [1000000, 32]; dev=7; size=122.1 MB
W20240211 01:25:09.773985 33379 IPCTensor.h:409] NewIPCGPUTensor: backward_grads_neg_1_gpu [1000000, 32]; dev=1; size=122.1 MB
W20240211 01:25:09.774281 33385 IPCTensor.h:409] NewIPCGPUTensor: backward_grads_neg_7_gpu [1000000, 32]; dev=7; size=122.1 MB
W20240211 01:25:09.827220 31597 IPCTensor.h:369] NewIPCTensor: input_keys_0 [1000000]0x1000a9635000 7.629 MB
W20240211 01:25:09.827399 31597 IPCTensor.h:369] NewIPCTensor: input_keys_neg_0 [1000000]0x1000a9dd8000 7.629 MB
W20240211 01:25:09.827471 31597 IPCTensor.h:369] NewIPCTensor: backward_grads_0 [1000000, 32]0x1000aa57b000 122.1 MB
W20240211 01:25:09.827526 31597 IPCTensor.h:369] NewIPCTensor: backward_grads_neg_0 [1000000, 32]0x1000b1f8f000 122.1 MB
W20240211 01:25:09.827564 31597 IPCTensor.h:409] NewIPCGPUTensor: backward_grads_0_gpu [1000000, 32]; dev=0; size=122.1 MB
W20240211 01:25:09.879282 31597 IPCTensor.h:409] NewIPCGPUTensor: backward_grads_neg_0_gpu [1000000, 32]; dev=0; size=122.1 MB
W20240211 01:25:09.913246 33383 IPCTensor.h:369] NewIPCTensor: input_keys_5 [1000000]0x1000b99a9000 7.629 MB
W20240211 01:25:09.913591 33383 IPCTensor.h:369] NewIPCTensor: input_keys_neg_5 [1000000]0x1000ba14c000 7.629 MB
W20240211 01:25:09.913787 33383 IPCTensor.h:369] NewIPCTensor: backward_grads_5 [1000000, 32]0x1000ba8ef000 122.1 MB
W20240211 01:25:09.913939 33383 IPCTensor.h:369] NewIPCTensor: backward_grads_neg_5 [1000000, 32]0x1000c2303000 122.1 MB
W20240211 01:25:09.914090 33383 IPCTensor.h:409] NewIPCGPUTensor: backward_grads_5_gpu [1000000, 32]; dev=5; size=122.1 MB
W20240211 01:25:10.008960 33383 IPCTensor.h:409] NewIPCGPUTensor: backward_grads_neg_5_gpu [1000000, 32]; dev=5; size=122.1 MB
Worker 7 pid=33385
New CachedEmbedding, name=full_emb, shape=(9449206, 32), cache_type=KnownLocalCachedEmbeddingSoftware
fixed cache_range is [(0, 472460), (472460, 944920), (944920, 1417380), (1417380, 1889840), (1889840, 2362300), (2362300, 2834760), (2834760, 3307220), (3307220, 3779680)]
cudaHostRegister 0x100000002000
0: KnownLocalCachedEmbedding init done
cudaHostRegister 0x100000002000
1: KnownLocalCachedEmbedding init done
cudaHostRegister 0x100000002000
3: KnownLocalCachedEmbedding init done
cudaHostRegister 0x100000002000
4: KnownLocalCachedEmbedding init done
cudaHostRegister 0x100000002000
7: KnownLocalCachedEmbedding init done
cudaHostRegister 0x100000002000
5: KnownLocalCachedEmbedding init done
cudaHostRegister 0x100000002000
6: KnownLocalCachedEmbedding init done
cudaHostRegister 0x100000002000
2: KnownLocalCachedEmbedding init done
W20240211 01:25:14.839589 33383 IPCTensor.h:369] NewIPCTensor: cached_sampler_r5_0 [1000000]0x1000c9d1b000 7.629 MB
W20240211 01:25:14.839762 33383 IPCTensor.h:369] NewIPCTensor: cached_sampler_r5_1 [1000000]0x1000ca4be000 7.629 MB
W20240211 01:25:14.839816 33383 IPCTensor.h:369] NewIPCTensor: cached_sampler_r5_2 [1000000]0x1000cac61000 7.629 MB
W20240211 01:25:14.839855 33383 IPCTensor.h:369] NewIPCTensor: cached_sampler_r5_3 [1000000]0x1000cb404000 7.629 MB
W20240211 01:25:14.839897 33383 IPCTensor.h:369] NewIPCTensor: cached_sampler_r5_4 [1000000]0x1000cbba7000 7.629 MB
W20240211 01:25:14.839955 33383 IPCTensor.h:369] NewIPCTensor: cached_sampler_r5_5 [1000000]0x1000cc34a000 7.629 MB
W20240211 01:25:14.839998 33383 IPCTensor.h:369] NewIPCTensor: cached_sampler_r5_6 [1000000]0x1000ccaed000 7.629 MB
W20240211 01:25:14.840065 33383 IPCTensor.h:369] NewIPCTensor: cached_sampler_r5_7 [1000000]0x1000cd290000 7.629 MB
W20240211 01:25:14.840109 33383 IPCTensor.h:369] NewIPCTensor: cached_sampler_r5_8 [1000000]0x1000cda33000 7.629 MB
W20240211 01:25:14.840147 33383 IPCTensor.h:369] NewIPCTensor: cached_sampler_r5_9 [1000000]0x1000ce1d6000 7.629 MB
W20240211 01:25:14.840198 33383 IPCTensor.h:369] NewIPCTensor: step_r5 [10]0x1000ce979000 80 B 
W20240211 01:25:14.840235 33383 IPCTensor.h:369] NewIPCTensor: circle_buffer_end_r5 [1]0x1000ce97b000 8 B 
W20240211 01:25:14.840270 33383 IPCTensor.h:369] NewIPCTensor: circle_buffer_end_cppseen_r5 [1]0x1000ce97d000 8 B 
Dataset:  /home/xieminhui/RecStoreDataset/avazu_binary
Dataset loaded
np.max =  9449205
np.min=  1
Construct RecModelSampler done
Construct KGCacheControllerWrapper done
E20240211 01:25:14.840859 33383 recstore.cc:66] init folly done
W20240211 01:25:14.843155 33379 IPCTensor.h:369] NewIPCTensor: cached_sampler_r1_0 [1000000]0x1000ce97f000 7.629 MB
W20240211 01:25:14.843314 33379 IPCTensor.h:369] NewIPCTensor: cached_sampler_r1_1 [1000000]0x1000cf122000 7.629 MB
W20240211 01:25:14.843366 33379 IPCTensor.h:369] NewIPCTensor: cached_sampler_r1_2 [1000000]0x1000cf8c5000 7.629 MB
W20240211 01:25:14.843405 33379 IPCTensor.h:369] NewIPCTensor: cached_sampler_r1_3 [1000000]0x1000d0068000 7.629 MB
W20240211 01:25:14.843448 33379 IPCTensor.h:369] NewIPCTensor: cached_sampler_r1_4 [1000000]0x1000d080b000 7.629 MB
W20240211 01:25:14.843508 33379 IPCTensor.h:369] NewIPCTensor: cached_sampler_r1_5 [1000000]0x1000d0fae000 7.629 MB
W20240211 01:25:14.843545 33379 IPCTensor.h:369] NewIPCTensor: cached_sampler_r1_6 [1000000]0x1000d1751000 7.629 MB
W20240211 01:25:14.843601 33379 IPCTensor.h:369] NewIPCTensor: cached_sampler_r1_7 [1000000]0x1000d1ef4000 7.629 MB
W20240211 01:25:14.843644 33379 IPCTensor.h:369] NewIPCTensor: cached_sampler_r1_8 [1000000]0x1000d2697000 7.629 MB
W20240211 01:25:14.843684 33379 IPCTensor.h:369] NewIPCTensor: cached_sampler_r1_9 [1000000]0x1000d2e3a000 7.629 MB
W20240211 01:25:14.843734 33379 IPCTensor.h:369] NewIPCTensor: step_r1 [10]0x1000d35dd000 80 B 
W20240211 01:25:14.843770 33379 IPCTensor.h:369] NewIPCTensor: circle_buffer_end_r1 [1]0x1000d35df000 8 B 
W20240211 01:25:14.843808 33379 IPCTensor.h:369] NewIPCTensor: circle_buffer_end_cppseen_r1 [1]0x1000d35e1000 8 B 
Dataset:  /home/xieminhui/RecStoreDataset/avazu_binary
Dataset loaded
np.max =  9449205
np.min=  1
Construct RecModelSampler done
Construct KGCacheControllerWrapper done
E20240211 01:25:14.844301 33379 recstore.cc:66] init folly done
W20240211 01:25:14.852589 33380 IPCTensor.h:369] NewIPCTensor: cached_sampler_r2_0 [1000000]0x1000d35e3000 7.629 MB
W20240211 01:25:14.852732 33380 IPCTensor.h:369] NewIPCTensor: cached_sampler_r2_1 [1000000]0x1000d3d86000 7.629 MB
W20240211 01:25:14.852779 33380 IPCTensor.h:369] NewIPCTensor: cached_sampler_r2_2 [1000000]0x1000d4529000 7.629 MB
W20240211 01:25:14.852819 33380 IPCTensor.h:369] NewIPCTensor: cached_sampler_r2_3 [1000000]0x1000d4ccc000 7.629 MB
W20240211 01:25:14.852862 33380 IPCTensor.h:369] NewIPCTensor: cached_sampler_r2_4 [1000000]0x1000d546f000 7.629 MB
W20240211 01:25:14.852917 33380 IPCTensor.h:369] NewIPCTensor: cached_sampler_r2_5 [1000000]0x1000d5c12000 7.629 MB
W20240211 01:25:14.852955 33380 IPCTensor.h:369] NewIPCTensor: cached_sampler_r2_6 [1000000]0x1000d63b5000 7.629 MB
W20240211 01:25:14.853009 33380 IPCTensor.h:369] NewIPCTensor: cached_sampler_r2_7 [1000000]0x1000d6b58000 7.629 MB
W20240211 01:25:14.853052 33380 IPCTensor.h:369] NewIPCTensor: cached_sampler_r2_8 [1000000]0x1000d72fb000 7.629 MB
W20240211 01:25:14.853089 33380 IPCTensor.h:369] NewIPCTensor: cached_sampler_r2_9 [1000000]0x1000d7a9e000 7.629 MB
W20240211 01:25:14.853139 33380 IPCTensor.h:369] NewIPCTensor: step_r2 [10]0x1000d8241000 80 B 
W20240211 01:25:14.853176 33380 IPCTensor.h:369] NewIPCTensor: circle_buffer_end_r2 [1]0x1000d8243000 8 B 
W20240211 01:25:14.853214 33380 IPCTensor.h:369] NewIPCTensor: circle_buffer_end_cppseen_r2 [1]0x1000d8245000 8 B 
Dataset:  /home/xieminhui/RecStoreDataset/avazu_binary
Dataset loaded
np.max =  9449205
np.min=  1
Construct RecModelSampler done
Construct KGCacheControllerWrapper done
E20240211 01:25:14.853659 33380 recstore.cc:66] init folly done
W20240211 01:25:14.913872 33385 IPCTensor.h:369] NewIPCTensor: cached_sampler_r7_0 [1000000]0x1000d8247000 7.629 MB
W20240211 01:25:14.914073 33385 IPCTensor.h:369] NewIPCTensor: cached_sampler_r7_1 [1000000]0x1000d89ea000 7.629 MB
W20240211 01:25:14.914134 33385 IPCTensor.h:369] NewIPCTensor: cached_sampler_r7_2 [1000000]0x1000d918d000 7.629 MB
W20240211 01:25:14.914184 33385 IPCTensor.h:369] NewIPCTensor: cached_sampler_r7_3 [1000000]0x1000d9930000 7.629 MB
W20240211 01:25:14.914240 33385 IPCTensor.h:369] NewIPCTensor: cached_sampler_r7_4 [1000000]0x1000da0d3000 7.629 MB
W20240211 01:25:14.914302 33385 IPCTensor.h:369] NewIPCTensor: cached_sampler_r7_5 [1000000]0x1000da876000 7.629 MB
W20240211 01:25:14.914362 33385 IPCTensor.h:369] NewIPCTensor: cached_sampler_r7_6 [1000000]0x1000db019000 7.629 MB
W20240211 01:25:14.914433 33385 IPCTensor.h:369] NewIPCTensor: cached_sampler_r7_7 [1000000]0x1000db7bc000 7.629 MB
W20240211 01:25:14.914490 33385 IPCTensor.h:369] NewIPCTensor: cached_sampler_r7_8 [1000000]0x1000dbf5f000 7.629 MB
W20240211 01:25:14.914537 33385 IPCTensor.h:369] NewIPCTensor: cached_sampler_r7_9 [1000000]0x1000dc702000 7.629 MB
W20240211 01:25:14.914597 33385 IPCTensor.h:369] NewIPCTensor: step_r7 [10]0x1000dcea5000 80 B 
W20240211 01:25:14.914645 33385 IPCTensor.h:369] NewIPCTensor: circle_buffer_end_r7 [1]0x1000dcea7000 8 B 
W20240211 01:25:14.914695 33385 IPCTensor.h:369] NewIPCTensor: circle_buffer_end_cppseen_r7 [1]0x1000dcea9000 8 B 
Dataset:  /home/xieminhui/RecStoreDataset/avazu_binary
Dataset loaded
np.max =  9449205
np.min=  1
Construct RecModelSampler done
Construct KGCacheControllerWrapper done
E20240211 01:25:14.915294 33385 recstore.cc:66] init folly done
W20240211 01:25:15.046366 33382 IPCTensor.h:369] NewIPCTensor: cached_sampler_r4_0 [1000000]0x1000dceab000 7.629 MB
W20240211 01:25:15.046707 33382 IPCTensor.h:369] NewIPCTensor: cached_sampler_r4_1 [1000000]0x1000dd64e000 7.629 MB
W20240211 01:25:15.046856 33382 IPCTensor.h:369] NewIPCTensor: cached_sampler_r4_2 [1000000]0x1000dddf1000 7.629 MB
W20240211 01:25:15.046976 33382 IPCTensor.h:369] NewIPCTensor: cached_sampler_r4_3 [1000000]0x1000de594000 7.629 MB
W20240211 01:25:15.047127 33382 IPCTensor.h:369] NewIPCTensor: cached_sampler_r4_4 [1000000]0x1000ded37000 7.629 MB
W20240211 01:25:15.047267 33382 IPCTensor.h:369] NewIPCTensor: cached_sampler_r4_5 [1000000]0x1000df4da000 7.629 MB
W20240211 01:25:15.047379 33382 IPCTensor.h:369] NewIPCTensor: cached_sampler_r4_6 [1000000]0x1000dfc7d000 7.629 MB
W20240211 01:25:15.047552 33382 IPCTensor.h:369] NewIPCTensor: cached_sampler_r4_7 [1000000]0x1000e0420000 7.629 MB
W20240211 01:25:15.047722 33382 IPCTensor.h:369] NewIPCTensor: cached_sampler_r4_8 [1000000]0x1000e0bc3000 7.629 MB
W20240211 01:25:15.047848 33382 IPCTensor.h:369] NewIPCTensor: cached_sampler_r4_9 [1000000]0x1000e1366000 7.629 MB
W20240211 01:25:15.048070 33382 IPCTensor.h:369] NewIPCTensor: step_r4 [10]0x1000e1b09000 80 B 
W20240211 01:25:15.048179 33382 IPCTensor.h:369] NewIPCTensor: circle_buffer_end_r4 [1]0x1000e1b0b000 8 B 
W20240211 01:25:15.048292 33382 IPCTensor.h:369] NewIPCTensor: circle_buffer_end_cppseen_r4 [1]0x1000e1b0d000 8 B 
Dataset:  /home/xieminhui/RecStoreDataset/avazu_binary
Dataset loaded
np.max =  9449205
np.min=  1
Construct RecModelSampler done
Construct KGCacheControllerWrapper done
E20240211 01:25:15.049347 33382 recstore.cc:66] init folly done
W20240211 01:25:15.064035 33381 IPCTensor.h:369] NewIPCTensor: cached_sampler_r3_0 [1000000]0x1000e1b0f000 7.629 MB
W20240211 01:25:15.064236 33381 IPCTensor.h:369] NewIPCTensor: cached_sampler_r3_1 [1000000]0x1000e22b2000 7.629 MB
W20240211 01:25:15.064291 33381 IPCTensor.h:369] NewIPCTensor: cached_sampler_r3_2 [1000000]0x1000e2a55000 7.629 MB
W20240211 01:25:15.064340 33381 IPCTensor.h:369] NewIPCTensor: cached_sampler_r3_3 [1000000]0x1000e31f8000 7.629 MB
W20240211 01:25:15.064385 33381 IPCTensor.h:369] NewIPCTensor: cached_sampler_r3_4 [1000000]0x1000e399b000 7.629 MB
W20240211 01:25:15.064446 33381 IPCTensor.h:369] NewIPCTensor: cached_sampler_r3_5 [1000000]0x1000e413e000 7.629 MB
W20240211 01:25:15.064486 33381 IPCTensor.h:369] NewIPCTensor: cached_sampler_r3_6 [1000000]0x1000e48e1000 7.629 MB
W20240211 01:25:15.064546 33381 IPCTensor.h:369] NewIPCTensor: cached_sampler_r3_7 [1000000]0x1000e5084000 7.629 MB
W20240211 01:25:15.064592 33381 IPCTensor.h:369] NewIPCTensor: cached_sampler_r3_8 [1000000]0x1000e5827000 7.629 MB
W20240211 01:25:15.064632 33381 IPCTensor.h:369] NewIPCTensor: cached_sampler_r3_9 [1000000]0x1000e5fca000 7.629 MB
W20240211 01:25:15.064682 33381 IPCTensor.h:369] NewIPCTensor: step_r3 [10]0x1000e676d000 80 B 
W20240211 01:25:15.064719 33381 IPCTensor.h:369] NewIPCTensor: circle_buffer_end_r3 [1]0x1000e676f000 8 B 
W20240211 01:25:15.064764 33381 IPCTensor.h:369] NewIPCTensor: circle_buffer_end_cppseen_r3 [1]0x1000e6771000 8 B 
Dataset:  /home/xieminhui/RecStoreDataset/avazu_binary
Dataset loaded
np.max =  9449205
np.min=  1
Construct RecModelSampler done
Construct KGCacheControllerWrapper done
E20240211 01:25:15.065306 33381 recstore.cc:66] init folly done
W20240211 01:25:15.077468 33384 IPCTensor.h:369] NewIPCTensor: cached_sampler_r6_0 [1000000]0x1000e6773000 7.629 MB
W20240211 01:25:15.077630 33384 IPCTensor.h:369] NewIPCTensor: cached_sampler_r6_1 [1000000]0x1000e6f16000 7.629 MB
W20240211 01:25:15.077698 33384 IPCTensor.h:369] NewIPCTensor: cached_sampler_r6_2 [1000000]0x1000e76b9000 7.629 MB
W20240211 01:25:15.077760 33384 IPCTensor.h:369] NewIPCTensor: cached_sampler_r6_3 [1000000]0x1000e7e5c000 7.629 MB
W20240211 01:25:15.077818 33384 IPCTensor.h:369] NewIPCTensor: cached_sampler_r6_4 [1000000]0x1000e85ff000 7.629 MB
W20240211 01:25:15.077880 33384 IPCTensor.h:369] NewIPCTensor: cached_sampler_r6_5 [1000000]0x1000e8da2000 7.629 MB
W20240211 01:25:15.077930 33384 IPCTensor.h:369] NewIPCTensor: cached_sampler_r6_6 [1000000]0x1000e9545000 7.629 MB
W20240211 01:25:15.078002 33384 IPCTensor.h:369] NewIPCTensor: cached_sampler_r6_7 [1000000]0x1000e9ce8000 7.629 MB
W20240211 01:25:15.078060 33384 IPCTensor.h:369] NewIPCTensor: cached_sampler_r6_8 [1000000]0x1000ea48b000 7.629 MB
W20240211 01:25:15.078117 33384 IPCTensor.h:369] NewIPCTensor: cached_sampler_r6_9 [1000000]0x1000eac2e000 7.629 MB
W20240211 01:25:15.078183 33384 IPCTensor.h:369] NewIPCTensor: step_r6 [10]0x1000eb3d1000 80 B 
W20240211 01:25:15.078229 33384 IPCTensor.h:369] NewIPCTensor: circle_buffer_end_r6 [1]0x1000eb3d3000 8 B 
W20240211 01:25:15.078276 33384 IPCTensor.h:369] NewIPCTensor: circle_buffer_end_cppseen_r6 [1]0x1000eb3d5000 8 B 
Dataset:  /home/xieminhui/RecStoreDataset/avazu_binary
Dataset loaded
np.max =  9449205
np.min=  1
Construct RecModelSampler done
Construct KGCacheControllerWrapper done
E20240211 01:25:15.078785 33384 recstore.cc:66] init folly done
W20240211 01:25:15.576351 31597 IPCTensor.h:369] NewIPCTensor: cached_sampler_r0_0 [1000000]0x1000eb3d7000 7.629 MB
W20240211 01:25:15.576529 31597 IPCTensor.h:369] NewIPCTensor: cached_sampler_r0_1 [1000000]0x1000ebb7a000 7.629 MB
W20240211 01:25:15.576592 31597 IPCTensor.h:369] NewIPCTensor: cached_sampler_r0_2 [1000000]0x1000ec31d000 7.629 MB
W20240211 01:25:15.576699 31597 IPCTensor.h:369] NewIPCTensor: cached_sampler_r0_3 [1000000]0x1000ecac0000 7.629 MB
W20240211 01:25:15.576758 31597 IPCTensor.h:369] NewIPCTensor: cached_sampler_r0_4 [1000000]0x1000ed263000 7.629 MB
W20240211 01:25:15.576808 31597 IPCTensor.h:369] NewIPCTensor: cached_sampler_r0_5 [1000000]0x1000eda06000 7.629 MB
W20240211 01:25:15.576865 31597 IPCTensor.h:369] NewIPCTensor: cached_sampler_r0_6 [1000000]0x1000ee1a9000 7.629 MB
W20240211 01:25:15.576925 31597 IPCTensor.h:369] NewIPCTensor: cached_sampler_r0_7 [1000000]0x1000ee94c000 7.629 MB
W20240211 01:25:15.576980 31597 IPCTensor.h:369] NewIPCTensor: cached_sampler_r0_8 [1000000]0x1000ef0ef000 7.629 MB
W20240211 01:25:15.577037 31597 IPCTensor.h:369] NewIPCTensor: cached_sampler_r0_9 [1000000]0x1000ef892000 7.629 MB
W20240211 01:25:15.577087 31597 IPCTensor.h:369] NewIPCTensor: step_r0 [10]0x1000f0035000 80 B 
W20240211 01:25:15.577131 31597 IPCTensor.h:369] NewIPCTensor: circle_buffer_end_r0 [1]0x1000f0037000 8 B 
W20240211 01:25:15.577203 31597 IPCTensor.h:369] NewIPCTensor: circle_buffer_end_cppseen_r0 [1]0x1000f0039000 8 B 
Dataset:  /home/xieminhui/RecStoreDataset/avazu_binary
Dataset loaded
np.max =  9449205
np.min=  1
Construct RecModelSampler done
Construct KGCacheControllerWrapper done
E20240211 01:25:15.577757 31597 recstore.cc:66] init folly done
Before Training
Before Training
Before Training
Before Training
I20240211 01:25:16.681650 33383 IPC_barrier.h:118] CreateBarrier: new barrier, name: start_barrier, count: 8
I20240211 01:25:16.681677 31597 IPC_barrier.h:112] CreateBarrier: find existing barrier, name: start_barrier, count: 8
Before Training
I20240211 01:25:16.681710 33384 IPC_barrier.h:112] CreateBarrier: find existing barrier, name: start_barrier, count: 8
I20240211 01:25:16.681742 33381 IPC_barrier.h:112] CreateBarrier: find existing barrier, name: start_barrier, count: 8
I20240211 01:25:16.681792 33380 IPC_barrier.h:112] CreateBarrier: find existing barrier, name: start_barrier, count: 8
Before Training
Before Training
I20240211 01:25:16.681876 33379 IPC_barrier.h:112] CreateBarrier: find existing barrier, name: start_barrier, count: 8
I20240211 01:25:16.681929 33382 IPC_barrier.h:112] CreateBarrier: find existing barrier, name: start_barrier, count: 8
Before Training
I20240211 01:25:16.682256 33385 IPC_barrier.h:112] CreateBarrier: find existing barrier, name: start_barrier, count: 8
========== Step 0 ========== 
+---------------------------+---------------------------+---------------------------+
| Name                      | P50                       | P99                       |
+---------------------------+---------------------------+---------------------------+
| GenInput:CircleBuffer     | 146.785 us                | 146.785 us                |
| GenInput                  | 445.548 us                | 445.548 us                |
| bucket keys               | 63.743 ms                 | 63.743 ms                 |
| forward: join             | 100.793 ms                | 100.793 ms                |
| NN                        | 203.883 ms                | 203.883 ms                |
| Forward                   | 437.299 ms                | 437.299 ms                |
| back: bucket keys         | 572.735 us                | 572.735 us                |
+---------------------------+---------------------------+---------------------------+
+---------------------------+---------------------------+---------------------------+
| Name                      | P50                       | P99                       |
+---------------------------+---------------------------+---------------------------+
| GenInput:CircleBuffer     | 146.785 us                | 146.785 us                |
| GenInput                  | 445.548 us                | 445.548 us                |
| bucket keys               | 63.743 ms                 | 63.743 ms                 |
| forward: join             | 100.793 ms                | 100.793 ms                |
| NN                        | 203.883 ms                | 203.883 ms                |
| Forward                   | 437.299 ms                | 437.299 ms                |
| back: bucket keys         | 572.735 us                | 572.735 us                |
+---------------------------+---------------------------+---------------------------+
+---------------------------+---------------------------+---------------------------+
| Name                      | P50                       | P99                       |
+---------------------------+---------------------------+---------------------------+
| GenInput:CircleBuffer     | 146.785 us                | 146.785 us                |
| GenInput                  | 445.548 us                | 445.548 us                |
| bucket keys               | 63.743 ms                 | 63.743 ms                 |
| forward: join             | 100.793 ms                | 100.793 ms                |
| NN                        | 203.883 ms                | 203.883 ms                |
| Forward                   | 437.299 ms                | 437.299 ms                |
| back: bucket keys         | 572.735 us                | 572.735 us                |
+---------------------------+---------------------------+---------------------------+
+---------------------------+---------------------------+---------------------------+
| Name                      | P50                       | P99                       |
+---------------------------+---------------------------+---------------------------+
| GenInput:CircleBuffer     | 146.785 us                | 146.785 us                |
| GenInput                  | 445.548 us                | 445.548 us                |
| bucket keys               | 63.743 ms                 | 63.743 ms                 |
| forward: join             | 100.793 ms                | 100.793 ms                |
| NN                        | 203.883 ms                | 203.883 ms                |
| Forward                   | 437.299 ms                | 437.299 ms                |
| back: bucket keys         | 572.735 us                | 572.735 us                |
+---------------------------+---------------------------+---------------------------+
+---------------------------+---------------------------+---------------------------+
| Name                      | P50                       | P99                       |
+---------------------------+---------------------------+---------------------------+
| GenInput:CircleBuffer     | 146.785 us                | 146.785 us                |
| GenInput                  | 445.548 us                | 445.548 us                |
| bucket keys               | 63.743 ms                 | 63.743 ms                 |
| forward: join             | 100.793 ms                | 100.793 ms                |
| NN                        | 203.883 ms                | 203.883 ms                |
| Forward                   | 437.299 ms                | 437.299 ms                |
| back: bucket keys         | 572.735 us                | 572.735 us                |
+---------------------------+---------------------------+---------------------------+
+---------------------------+---------------------------+---------------------------+
| Name                      | P50                       | P99                       |
+---------------------------+---------------------------+---------------------------+
| GenInput:CircleBuffer     | 146.785 us                | 146.785 us                |
| GenInput                  | 445.548 us                | 445.548 us                |
| bucket keys               | 63.743 ms                 | 63.743 ms                 |
| forward: join             | 100.793 ms                | 100.793 ms                |
| NN                        | 203.883 ms                | 203.883 ms                |
| Forward                   | 437.299 ms                | 437.299 ms                |
| back: bucket keys         | 572.735 us                | 572.735 us                |
+---------------------------+---------------------------+---------------------------+
+---------------------------+---------------------------+---------------------------+
| Name                      | P50                       | P99                       |
+---------------------------+---------------------------+---------------------------+
| GenInput:CircleBuffer     | 146.785 us                | 146.785 us                |
| GenInput                  | 445.548 us                | 445.548 us                |
| bucket keys               | 63.743 ms                 | 63.743 ms                 |
| forward: join             | 100.793 ms                | 100.793 ms                |
| NN                        | 203.883 ms                | 203.883 ms                |
| Forward                   | 437.299 ms                | 437.299 ms                |
| back: bucket keys         | 572.735 us                | 572.735 us                |
+---------------------------+---------------------------+---------------------------+
+---------------------------+---------------------------+---------------------------+
| Name                      | P50                       | P99                       |
+---------------------------+---------------------------+---------------------------+
| GenInput:CircleBuffer     | 146.785 us                | 146.785 us                |
| GenInput                  | 445.548 us                | 445.548 us                |
| bucket keys               | 63.743 ms                 | 63.743 ms                 |
| forward: join             | 100.793 ms                | 100.793 ms                |
| NN                        | 203.883 ms                | 203.883 ms                |
| Forward                   | 437.299 ms                | 437.299 ms                |
| back: bucket keys         | 572.735 us                | 572.735 us                |
+---------------------------+---------------------------+---------------------------+
+---------------------------+---------------------------+---------------------------+
| Name                      | P50                       | P99                       |
+---------------------------+---------------------------+---------------------------+
| GenInput:CircleBuffer     | 146.785 us                | 146.785 us                |
| GenInput                  | 445.548 us                | 445.548 us                |
| bucket keys               | 63.743 ms                 | 63.743 ms                 |
| forward: join             | 100.793 ms                | 100.793 ms                |
| NN                        | 203.883 ms                | 203.883 ms                |
| Forward                   | 437.299 ms                | 437.299 ms                |
| back: bucket keys         | 572.735 us                | 572.735 us                |
+---------------------------+---------------------------+---------------------------+
+---------------------------+---------------------------+---------------------------+
| Name                      | P50                       | P99                       |
+---------------------------+---------------------------+---------------------------+
| GenInput:CircleBuffer     | 146.785 us                | 146.785 us                |
| GenInput                  | 445.548 us                | 445.548 us                |
| bucket keys               | 63.743 ms                 | 63.743 ms                 |
| forward: join             | 100.793 ms                | 100.793 ms                |
| NN                        | 203.883 ms                | 203.883 ms                |
| Forward                   | 437.299 ms                | 437.299 ms                |
| back: bucket keys         | 572.735 us                | 572.735 us                |
+---------------------------+---------------------------+---------------------------+
========== Step 1 ========== 
INFO [31597 distributed.py:1140] Reducer buckets have been rebuilt in this iteration.
INFO [33379 distributed.py:1140] Reducer buckets have been rebuilt in this iteration.
INFO [33381 distributed.py:1140] Reducer buckets have been rebuilt in this iteration.
INFO [33380 distributed.py:1140] Reducer buckets have been rebuilt in this iteration.
INFO [33382 distributed.py:1140] Reducer buckets have been rebuilt in this iteration.
INFO [33383 distributed.py:1140] Reducer buckets have been rebuilt in this iteration.
INFO [33385 distributed.py:1140] Reducer buckets have been rebuilt in this iteration.
INFO [33384 distributed.py:1140] Reducer buckets have been rebuilt in this iteration.
+---------------------------+---------------------------+---------------------------+
| Name                      | P50                       | P99                       |
+---------------------------+---------------------------+---------------------------+
| GenInput:CircleBuffer     | 146.785 us                | 185.103 us                |
| GenInput                  | 445.548 us                | 1.377 ms                  |
| bucket keys               | 586.097 us                | 63.743 ms                 |
| forward: join             | 879.036 us                | 100.793 ms                |
| NN                        | 17.721 ms                 | 203.883 ms                |
| Forward                   | 19.782 ms                 | 437.299 ms                |
| back: bucket keys         | 398.514 us                | 572.735 us                |
| back: a2a                 | 28.691 ms                 | 52.188 s                  |
| back: cache               | 6.091 ms                  | 28.173 ms                 |
| back: aggr dram keys      | 918.611 ms                | 918.611 ms                |
| back: set dram grad       | 688.116 us                | 688.116 us                |
| Backward                  | 53.222 s                  | 53.222 s                  |
| Optimize                  | 118.809 ms                | 118.809 ms                |
| OneStep                   | 53.782 s                  | 53.782 s                  |
+---------------------------+---------------------------+---------------------------+
========== Step 2 ========== 
========== Step 3 ========== 
========== Step 4 ========== 
========== Step 5 ========== 
========== Step 6 ========== 
========== Step 7 ========== 
========== Step 8 ========== 
========== Step 9 ========== 
========== Step 10 ========== 
========== Step 11 ========== 
========== Step 12 ========== 
========== Step 13 ========== 
========== Step 14 ========== 
========== Step 15 ========== 
========== Step 16 ========== 
========== Step 17 ========== 
========== Step 18 ========== 
========== Step 19 ========== 
========== Step 20 ========== 
========== Step 21 ========== 
========== Step 22 ========== 
========== Step 23 ========== 
========== Step 24 ========== 
========== Step 25 ========== 
========== Step 26 ========== 
========== Step 27 ========== 
========== Step 28 ========== 
========== Step 29 ========== 
========== Step 30 ========== 
========== Step 31 ========== 
========== Step 32 ========== 
========== Step 33 ========== 
========== Step 34 ========== 
+---------------------------+---------------------------+---------------------------+
| Name                      | P50                       | P99                       |
+---------------------------+---------------------------+---------------------------+
| GenInput:CircleBuffer     | 120.407 us                | 294.935 us                |
| GenInput                  | 474.501 us                | 11.474 ms                 |
| bucket keys               | 624.696 us                | 63.743 ms                 |
| forward: join             | 73.311 ms                 | 107.032 ms                |
| NN                        | 990.528 us                | 203.883 ms                |
| Forward                   | 77.576 ms                 | 437.299 ms                |
| back: bucket keys         | 400.575 us                | 669.577 us                |
| back: a2a                 | 32.260 ms                 | 52.188 s                  |
| back: cache               | 4.477 ms                  | 28.173 ms                 |
| back: aggr dram keys      | 19.579 ms                 | 918.611 ms                |
| back: set dram grad       | 268.345 us                | 688.116 us                |
| Backward                  | 60.721 ms                 | 53.222 s                  |
| Optimize                  | 14.637 ms                 | 118.809 ms                |
| OneStep                   | 148.426 ms                | 53.782 s                  |
+---------------------------+---------------------------+---------------------------+
========== Step 35 ========== 
========== Step 36 ========== 
========== Step 37 ========== 
========== Step 38 ========== 
========== Step 39 ========== 
========== Step 40 ========== 
========== Step 41 ========== 
========== Step 42 ========== 
========== Step 43 ========== 
========== Step 44 ========== 
========== Step 45 ========== 
========== Step 46 ========== 
========== Step 47 ========== 
========== Step 48 ========== 
========== Step 49 ========== 
Successfully xmh
+---------------------------+---------------------------+---------------------------+
| Name                      | P50                       | P99                       |
+---------------------------+---------------------------+---------------------------+
| GenInput:CircleBuffer     | 117.738 us                | 453.431 us                |
| GenInput                  | 459.654 us                | 11.474 ms                 |
| bucket keys               | 624.135 us                | 63.743 ms                 |
| forward: join             | 71.823 ms                 | 107.032 ms                |
| NN                        | 1.071 ms                  | 203.883 ms                |
| Forward                   | 74.945 ms                 | 437.299 ms                |
| back: bucket keys         | 400.575 us                | 669.577 us                |
| back: a2a                 | 31.153 ms                 | 52.188 s                  |
| back: cache               | 4.368 ms                  | 28.173 ms                 |
| back: aggr dram keys      | 19.384 ms                 | 918.611 ms                |
| back: set dram grad       | 266.282 us                | 688.116 us                |
| Backward                  | 60.721 ms                 | 53.222 s                  |
| Optimize                  | 16.359 ms                 | 118.809 ms                |
| OneStep                   | 148.426 ms                | 53.782 s                  |
+---------------------------+---------------------------+---------------------------+
