WARNING: Logging before InitGoogleLogging() is written to STDERR
I20240207 22:51:52.994451 515828 IPC_barrier.h:128] MultiProcessBarrierFactory->ClearIPCMemory()
/home/xieminhui/RecStore/src/framework_adapters/torch/kg/dgl-0.9.1/python/dgl/_deprecate/graph.py:1023: DGLWarning: multigraph will be deprecated.DGL will treat all graphs as multigraph in the future.
  dgl_warning("multigraph will be deprecated." \
/home/xieminhui/RecStore/src/framework_adapters/torch/kg/dgl-0.9.1/python/dgl/heterograph.py:72: DGLWarning: Recommend creating graphs by `dgl.graph(data)` instead of `dgl.DGLGraph(data)`.
  dgl_warning('Recommend creating graphs by `dgl.graph(data)`'
Reading train triples....
Finished. Read 483142 train triples.
Reading valid triples....
Finished. Read 50000 valid triples.
Reading test triples....
Finished. Read 59071 test triples.
ARGS:  Namespace(model_name='SimplE', data_path='/home/xieminhui/dgl-data', dataset='FB15k', format='built_in', data_files=None, delimiter='\t', save_path='/tmp/ckpts/SimplE_FB15k_162', no_save_emb=True, max_step=500, batch_size=2000, batch_size_eval=16, neg_sample_size=200, neg_deg_sample=False, neg_deg_sample_eval=False, neg_sample_size_eval=14951, eval_percent=1, no_eval_filter=False, log_interval=100, eval_interval=10000, test=False, num_proc=4, num_thread=1, force_sync_interval=1, hidden_dim=400, lr=0.01, gamma=16.0, double_ent=False, double_rel=False, neg_adversarial_sampling=False, adversarial_temperature=1.0, regularization_coef=0.0, regularization_norm=3, pairwise=False, loss_genre='Logsigmoid', margin=1.0, nr_gpus=4, gpu=[0, 1, 2, 3], mix_cpu_gpu=True, valid=False, rel_part=False, async_update=None, has_edge_importance=False, cached_emb_type='KnownLocalCachedEmbedding', use_my_emb=True, cache_ratio=0.05, shuffle=False, backwardMode='CppAsync', L=10, nr_background_threads=32, update_cache_use_omp=0, update_pq_use_omp=0, kForwardItersPerStep=2, backgrad_init='both', eval_filter=True, soft_rel_part=False)
|Train|: 483142
original graph:  DGLGraph(num_nodes=14951, num_edges=592213,
         ndata_schemes={}
         edata_schemes={'tid': Scheme(shape=(), dtype=torch.int64)})
Loading cached metis
WARNING [515828 sampler.py:454] Start PreSampling
WARNING [515828 sampler.py:532] Before construct renumbering_dict
WARNING [515828 sampler.py:555] PreSampling done
W20240207 22:51:55.170738 515828 IPCTensor.h:369] NewIPCTensor: cached_sampler_r0_0 [1000000]0x100000002000 7.629 MB
W20240207 22:51:55.170900 515828 IPCTensor.h:369] NewIPCTensor: cached_sampler_r0_1 [1000000]0x1000007a5000 7.629 MB
W20240207 22:51:55.170924 515828 IPCTensor.h:369] NewIPCTensor: cached_sampler_r0_2 [1000000]0x100000f48000 7.629 MB
W20240207 22:51:55.170941 515828 IPCTensor.h:369] NewIPCTensor: cached_sampler_r0_3 [1000000]0x1000016eb000 7.629 MB
W20240207 22:51:55.170960 515828 IPCTensor.h:369] NewIPCTensor: cached_sampler_r0_4 [1000000]0x100001e8e000 7.629 MB
W20240207 22:51:55.170984 515828 IPCTensor.h:369] NewIPCTensor: cached_sampler_r0_5 [1000000]0x100002631000 7.629 MB
W20240207 22:51:55.171003 515828 IPCTensor.h:369] NewIPCTensor: cached_sampler_r0_6 [1000000]0x100002dd4000 7.629 MB
W20240207 22:51:55.171021 515828 IPCTensor.h:369] NewIPCTensor: cached_sampler_r0_7 [1000000]0x100003577000 7.629 MB
W20240207 22:51:55.171036 515828 IPCTensor.h:369] NewIPCTensor: cached_sampler_r0_8 [1000000]0x100003d1a000 7.629 MB
W20240207 22:51:55.171054 515828 IPCTensor.h:369] NewIPCTensor: cached_sampler_r0_9 [1000000]0x1000044bd000 7.629 MB
W20240207 22:51:55.171072 515828 IPCTensor.h:369] NewIPCTensor: step_r0 [10]0x100004c60000 80 B 
W20240207 22:51:55.171088 515828 IPCTensor.h:369] NewIPCTensor: circle_buffer_end_r0 [1]0x100004c62000 8 B 
W20240207 22:51:55.171103 515828 IPCTensor.h:369] NewIPCTensor: circle_buffer_end_cppseen_r0 [1]0x100004c64000 8 B 
W20240207 22:51:55.171198 515828 IPCTensor.h:369] NewIPCTensor: cached_sampler_r1_0 [1000000]0x100004c66000 7.629 MB
W20240207 22:51:55.171221 515828 IPCTensor.h:369] NewIPCTensor: cached_sampler_r1_1 [1000000]0x100005409000 7.629 MB
W20240207 22:51:55.171237 515828 IPCTensor.h:369] NewIPCTensor: cached_sampler_r1_2 [1000000]0x100005bac000 7.629 MB
W20240207 22:51:55.171268 515828 IPCTensor.h:369] NewIPCTensor: cached_sampler_r1_3 [1000000]0x10000634f000 7.629 MB
W20240207 22:51:55.171295 515828 IPCTensor.h:369] NewIPCTensor: cached_sampler_r1_4 [1000000]0x100006af2000 7.629 MB
W20240207 22:51:55.171319 515828 IPCTensor.h:369] NewIPCTensor: cached_sampler_r1_5 [1000000]0x100007295000 7.629 MB
W20240207 22:51:55.171334 515828 IPCTensor.h:369] NewIPCTensor: cached_sampler_r1_6 [1000000]0x100007a38000 7.629 MB
W20240207 22:51:55.171348 515828 IPCTensor.h:369] NewIPCTensor: cached_sampler_r1_7 [1000000]0x1000081db000 7.629 MB
W20240207 22:51:55.171365 515828 IPCTensor.h:369] NewIPCTensor: cached_sampler_r1_8 [1000000]0x10000897e000 7.629 MB
W20240207 22:51:55.171379 515828 IPCTensor.h:369] NewIPCTensor: cached_sampler_r1_9 [1000000]0x100009121000 7.629 MB
W20240207 22:51:55.171396 515828 IPCTensor.h:369] NewIPCTensor: step_r1 [10]0x1000098c4000 80 B 
W20240207 22:51:55.171408 515828 IPCTensor.h:369] NewIPCTensor: circle_buffer_end_r1 [1]0x1000098c6000 8 B 
W20240207 22:51:55.171422 515828 IPCTensor.h:369] NewIPCTensor: circle_buffer_end_cppseen_r1 [1]0x1000098c8000 8 B 
W20240207 22:51:55.171458 515828 IPCTensor.h:369] NewIPCTensor: cached_sampler_r2_0 [1000000]0x1000098ca000 7.629 MB
W20240207 22:51:55.171478 515828 IPCTensor.h:369] NewIPCTensor: cached_sampler_r2_1 [1000000]0x10000a06d000 7.629 MB
W20240207 22:51:55.171494 515828 IPCTensor.h:369] NewIPCTensor: cached_sampler_r2_2 [1000000]0x10000a810000 7.629 MB
W20240207 22:51:55.171509 515828 IPCTensor.h:369] NewIPCTensor: cached_sampler_r2_3 [1000000]0x10000afb3000 7.629 MB
W20240207 22:51:55.171526 515828 IPCTensor.h:369] NewIPCTensor: cached_sampler_r2_4 [1000000]0x10000b756000 7.629 MB
W20240207 22:51:55.171542 515828 IPCTensor.h:369] NewIPCTensor: cached_sampler_r2_5 [1000000]0x10000bef9000 7.629 MB
W20240207 22:51:55.171569 515828 IPCTensor.h:369] NewIPCTensor: cached_sampler_r2_6 [1000000]0x10000c69c000 7.629 MB
W20240207 22:51:55.171591 515828 IPCTensor.h:369] NewIPCTensor: cached_sampler_r2_7 [1000000]0x10000ce3f000 7.629 MB
W20240207 22:51:55.171614 515828 IPCTensor.h:369] NewIPCTensor: cached_sampler_r2_8 [1000000]0x10000d5e2000 7.629 MB
W20240207 22:51:55.171629 515828 IPCTensor.h:369] NewIPCTensor: cached_sampler_r2_9 [1000000]0x10000dd85000 7.629 MB
W20240207 22:51:55.171643 515828 IPCTensor.h:369] NewIPCTensor: step_r2 [10]0x10000e528000 80 B 
W20240207 22:51:55.171655 515828 IPCTensor.h:369] NewIPCTensor: circle_buffer_end_r2 [1]0x10000e52a000 8 B 
W20240207 22:51:55.171667 515828 IPCTensor.h:369] NewIPCTensor: circle_buffer_end_cppseen_r2 [1]0x10000e52c000 8 B 
W20240207 22:51:55.171700 515828 IPCTensor.h:369] NewIPCTensor: cached_sampler_r3_0 [1000000]0x10000e52e000 7.629 MB
W20240207 22:51:55.171720 515828 IPCTensor.h:369] NewIPCTensor: cached_sampler_r3_1 [1000000]0x10000ecd1000 7.629 MB
W20240207 22:51:55.171736 515828 IPCTensor.h:369] NewIPCTensor: cached_sampler_r3_2 [1000000]0x10000f474000 7.629 MB
W20240207 22:51:55.171753 515828 IPCTensor.h:369] NewIPCTensor: cached_sampler_r3_3 [1000000]0x10000fc17000 7.629 MB
W20240207 22:51:55.171780 515828 IPCTensor.h:369] NewIPCTensor: cached_sampler_r3_4 [1000000]0x1000103ba000 7.629 MB
W20240207 22:51:55.171798 515828 IPCTensor.h:369] NewIPCTensor: cached_sampler_r3_5 [1000000]0x100010b5d000 7.629 MB
W20240207 22:51:55.171815 515828 IPCTensor.h:369] NewIPCTensor: cached_sampler_r3_6 [1000000]0x100011300000 7.629 MB
W20240207 22:51:55.171835 515828 IPCTensor.h:369] NewIPCTensor: cached_sampler_r3_7 [1000000]0x100011aa3000 7.629 MB
W20240207 22:51:55.171849 515828 IPCTensor.h:369] NewIPCTensor: cached_sampler_r3_8 [1000000]0x100012246000 7.629 MB
W20240207 22:51:55.171865 515828 IPCTensor.h:369] NewIPCTensor: cached_sampler_r3_9 [1000000]0x1000129e9000 7.629 MB
W20240207 22:51:55.171886 515828 IPCTensor.h:369] NewIPCTensor: step_r3 [10]0x10001318c000 80 B 
W20240207 22:51:55.171900 515828 IPCTensor.h:369] NewIPCTensor: circle_buffer_end_r3 [1]0x10001318e000 8 B 
W20240207 22:51:55.171911 515828 IPCTensor.h:369] NewIPCTensor: circle_buffer_end_cppseen_r3 [1]0x100013190000 8 B 
W20240207 22:51:55.313613 515828 IPCTensor.h:369] NewIPCTensor: full_emb [14951, 400]0x100013192000 22.81 MB
W20240207 22:51:55.340420 515828 IPCTensor.h:369] NewIPCTensor: full_emb_SparseRowWiseAdaGrad_sum [14951]0x100014864000 58.4 kB
{0: Graph(num_nodes=10523, num_edges=182012,
      ndata_schemes={'_ID': Scheme(shape=(), dtype=torch.int64), 'inner_node': Scheme(shape=(), dtype=torch.int32), 'part_id': Scheme(shape=(), dtype=torch.int64)}
      edata_schemes={'_ID': Scheme(shape=(), dtype=torch.int64), 'inner_edge': Scheme(shape=(), dtype=torch.int8)}), 1: Graph(num_nodes=10996, num_edges=244360,
      ndata_schemes={'_ID': Scheme(shape=(), dtype=torch.int64), 'inner_node': Scheme(shape=(), dtype=torch.int32), 'part_id': Scheme(shape=(), dtype=torch.int64)}
      edata_schemes={'_ID': Scheme(shape=(), dtype=torch.int64), 'inner_edge': Scheme(shape=(), dtype=torch.int8)}), 2: Graph(num_nodes=9404, num_edges=143355,
      ndata_schemes={'_ID': Scheme(shape=(), dtype=torch.int64), 'inner_node': Scheme(shape=(), dtype=torch.int32), 'part_id': Scheme(shape=(), dtype=torch.int64)}
      edata_schemes={'_ID': Scheme(shape=(), dtype=torch.int64), 'inner_edge': Scheme(shape=(), dtype=torch.int8)}), 3: Graph(num_nodes=10954, num_edges=175447,
      ndata_schemes={'_ID': Scheme(shape=(), dtype=torch.int64), 'inner_node': Scheme(shape=(), dtype=torch.int32), 'part_id': Scheme(shape=(), dtype=torch.int64)}
      edata_schemes={'_ID': Scheme(shape=(), dtype=torch.int64), 'inner_edge': Scheme(shape=(), dtype=torch.int8)})}
MertisPartition: part 0 has 10523 N 182012 E
MertisPartition: part 1 has 10996 N 244360 E
MertisPartition: part 2 has 9404 N 143355 E
MertisPartition: part 3 has 10954 N 175447 E
Rank0: cached key size 186
Rank1: cached key size 186
Rank2: cached key size 186
Rank3: cached key size 186
Before renumbering graph:  {'_ID': tensor([    5,    14,    17,  ..., 11245,  2040,  3009]), 'inner_node': tensor([1, 1, 1,  ..., 0, 0, 0], dtype=torch.int32), 'part_id': tensor([0, 0, 0,  ..., 2, 3, 3])}
After renumbering graph:  {'_ID': tensor([ 855, 1075, 1154,  ..., 1821, 6819, 4747]), 'inner_node': tensor([1, 1, 1,  ..., 0, 0, 0], dtype=torch.int32), 'part_id': tensor([0, 0, 0,  ..., 2, 3, 3])}
part_g: DGLGraph(num_nodes=10523, num_edges=182012,
         ndata_schemes={'_ID': Scheme(shape=(), dtype=torch.int64)}
         edata_schemes={'tid': Scheme(shape=(), dtype=torch.int64)})
part_g: DGLGraph(num_nodes=10523, num_edges=182012,
         ndata_schemes={'_ID': Scheme(shape=(), dtype=torch.int64)}
         edata_schemes={'tid': Scheme(shape=(), dtype=torch.int64)})
Total initialize time 2.376 seconds
[Rank1] pid = 516038
[Rank2] pid = 516102
INFO [515828 distributed_c10d.py:442] Added key: store_based_barrier_key:1 to store for rank: 0
INFO [516038 distributed_c10d.py:442] Added key: store_based_barrier_key:1 to store for rank: 1
INFO [516038 distributed_c10d.py:476] Rank 1: Completed store-based barrier for key:store_based_barrier_key:1 with 4 nodes.
INFO [516102 distributed_c10d.py:442] Added key: store_based_barrier_key:1 to store for rank: 2
INFO [516102 distributed_c10d.py:476] Rank 2: Completed store-based barrier for key:store_based_barrier_key:1 with 4 nodes.
INFO [515828 distributed_c10d.py:476] Rank 0: Completed store-based barrier for key:store_based_barrier_key:1 with 4 nodes.
INFO [516166 distributed_c10d.py:442] Added key: store_based_barrier_key:1 to store for rank: 3
W20240207 22:51:58.318876 516039 IPCTensor.h:409] NewIPCGPUTensor: embedding_cache_1 [747, 400]; dev=1; size=1.14 MB
INFO [516166 distributed_c10d.py:476] Rank 3: Completed store-based barrier for key:store_based_barrier_key:1 with 4 nodes.
W20240207 22:51:58.319474 516039 IPCTensor.h:369] NewIPCTensor: input_keys_1 [1000000]0x100014876000 7.629 MB
W20240207 22:51:58.319449 516169 IPCTensor.h:409] NewIPCGPUTensor: embedding_cache_0 [747, 400]; dev=0; size=1.14 MB
W20240207 22:51:58.319635 516039 IPCTensor.h:369] NewIPCTensor: input_keys_neg_1 [1000000]0x100015019000 7.629 MB
W20240207 22:51:58.319707 516039 IPCTensor.h:369] NewIPCTensor: backward_grads_1 [1000000, 400]0x1000157bc000 1.49 GB
W20240207 22:51:58.319748 516039 IPCTensor.h:369] NewIPCTensor: backward_grads_neg_1 [1000000, 400]0x100074d9f000 1.49 GB
W20240207 22:51:58.319813 516039 IPCTensor.h:409] NewIPCGPUTensor: backward_grads_1_gpu [1000000, 400]; dev=1; size=1.49 GB
W20240207 22:51:58.319772 516103 IPCTensor.h:409] NewIPCGPUTensor: embedding_cache_2 [747, 400]; dev=2; size=1.14 MB
W20240207 22:51:58.322544 516169 IPCTensor.h:369] NewIPCTensor: input_keys_0 [1000000]0x1000d4384000 7.629 MB
W20240207 22:51:58.322682 516039 IPCTensor.h:409] NewIPCGPUTensor: backward_grads_neg_1_gpu [1000000, 400]; dev=1; size=1.49 GB
W20240207 22:51:58.322732 516169 IPCTensor.h:369] NewIPCTensor: input_keys_neg_0 [1000000]0x1000d4b2b000 7.629 MB
W20240207 22:51:58.322747 516103 IPCTensor.h:369] NewIPCTensor: input_keys_2 [1000000]0x1000d52ce000 7.629 MB
W20240207 22:51:58.322822 516169 IPCTensor.h:369] NewIPCTensor: backward_grads_0 [1000000, 400]0x1000d5a71000 1.49 GB
W20240207 22:51:58.322995 516199 IPCTensor.h:409] NewIPCGPUTensor: embedding_cache_3 [747, 400]; dev=3; size=1.14 MB
W20240207 22:51:58.325265 516169 IPCTensor.h:369] NewIPCTensor: backward_grads_neg_0 [1000000, 400]0x100135054000 1.49 GB
W20240207 22:51:58.325333 516103 IPCTensor.h:369] NewIPCTensor: input_keys_neg_2 [1000000]0x100194637000 7.629 MB
W20240207 22:51:58.325362 516169 IPCTensor.h:409] NewIPCGPUTensor: backward_grads_0_gpu [1000000, 400]; dev=0; size=1.49 GB
W20240207 22:51:58.325383 516103 IPCTensor.h:369] NewIPCTensor: backward_grads_2 [1000000, 400]0x100194dda000 1.49 GB
W20240207 22:51:58.325438 516103 IPCTensor.h:369] NewIPCTensor: backward_grads_neg_2 [1000000, 400]0x1001f43bd000 1.49 GB
W20240207 22:51:58.325477 516103 IPCTensor.h:409] NewIPCGPUTensor: backward_grads_2_gpu [1000000, 400]; dev=2; size=1.49 GB
W20240207 22:51:58.331713 516199 IPCTensor.h:369] NewIPCTensor: input_keys_3 [1000000]0x1002539a6000 7.629 MB
W20240207 22:51:58.331740 516103 IPCTensor.h:409] NewIPCGPUTensor: backward_grads_neg_2_gpu [1000000, 400]; dev=2; size=1.49 GB
W20240207 22:51:58.331866 516169 IPCTensor.h:409] NewIPCGPUTensor: backward_grads_neg_0_gpu [1000000, 400]; dev=0; size=1.49 GB
W20240207 22:51:58.331959 516199 IPCTensor.h:369] NewIPCTensor: input_keys_neg_3 [1000000]0x10025414b000 7.629 MB
W20240207 22:51:58.332051 516199 IPCTensor.h:369] NewIPCTensor: backward_grads_3 [1000000, 400]0x1002548ee000 1.49 GB
W20240207 22:51:58.332150 516199 IPCTensor.h:369] NewIPCTensor: backward_grads_neg_3 [1000000, 400]0x1002b3ed1000 1.49 GB
W20240207 22:51:58.332232 516199 IPCTensor.h:409] NewIPCGPUTensor: backward_grads_3_gpu [1000000, 400]; dev=3; size=1.49 GB
W20240207 22:51:58.343838 516199 IPCTensor.h:409] NewIPCGPUTensor: backward_grads_neg_3_gpu [1000000, 400]; dev=3; size=1.49 GB
cudaHostRegister 0x100013192000
1: KnownLocalCachedEmbedding init done
WARNING [516038 DistTensor.py:59] The tensor name already exists in the kvstore
cudaHostRegister 0x100013192000
2: KnownLocalCachedEmbedding init done
WARNING [516102 DistTensor.py:59] The tensor name already exists in the kvstore
[Rank3] pid = 516166
New CachedEmbedding, name=full_emb, shape=(14951, 400), cache_type=KnownLocalCachedEmbedding
fixed cache_range is [(0, 747), (747, 1494), (1494, 2241), (2241, 2988)]
cudaHostRegister 0x100013192000
0: KnownLocalCachedEmbedding init done
WARNING [515828 DistTensor.py:59] The tensor name already exists in the kvstore
cudaHostRegister 0x100013192000
3: KnownLocalCachedEmbedding init done
WARNING [516166 DistTensor.py:59] The tensor name already exists in the kvstore
I20240207 22:51:59.422461 516199 IPC_barrier.h:118] CreateBarrier: new barrier, name: kgcachecontroller, count: 4
I20240207 22:51:59.422506 516169 IPC_barrier.h:112] CreateBarrier: find existing barrier, name: kgcachecontroller, count: 4
I20240207 22:51:59.422619 516039 IPC_barrier.h:112] CreateBarrier: find existing barrier, name: kgcachecontroller, count: 4
I20240207 22:51:59.422830 516103 IPC_barrier.h:112] CreateBarrier: find existing barrier, name: kgcachecontroller, count: 4
W20240207 22:51:59.423942 516169 grad_base.h:55] KGCacheController, config={
        "num_gpus": 4,
        "L": 10,
        "backgrad_init": "both", 
        "kForwardItersPerStep": 2,
        "clr": 0.01,
        "nr_background_threads": 32,
        "backwardMode": "CppAsync",
        "cache_ratio": 0.05,
        "update_cache_use_omp":  0,
        "update_pq_use_omp":  0
        }
W20240207 22:51:59.424039 516169 grad_base.h:184] Init GradProcessingBase done
I20240207 22:51:59.426054 516169 grad_async_v1.h:203] Use main thread to update emb.
W20240207 22:51:59.426084 516169 kg_controller.h:75] after init GradAsyncProcessing
I20240207 22:51:59.426088 516169 kg_controller.h:84] Construct KGCacheController done
E20240207 22:51:59.798976 516169 recstore.cc:66] init folly done
E20240207 22:51:59.799019 516039 recstore.cc:66] init folly done
E20240207 22:51:59.799049 516103 recstore.cc:66] init folly done
E20240207 22:51:59.799077 516199 recstore.cc:66] init folly done
I20240207 22:51:59.799571 516169 grad_base.h:60] GraphEnv RegTensorsPerProcess
I20240207 22:52:00.473187 516169 IPC_barrier.h:118] CreateBarrier: new barrier, name: start_barrier, count: 4
I20240207 22:52:00.511603 516039 IPC_barrier.h:112] CreateBarrier: find existing barrier, name: start_barrier, count: 4
I20240207 22:52:00.522064 516199 IPC_barrier.h:112] CreateBarrier: find existing barrier, name: start_barrier, count: 4
I20240207 22:52:00.526916 516103 IPC_barrier.h:112] CreateBarrier: find existing barrier, name: start_barrier, count: 4
W20240207 22:52:02.742555 516169 grad_async_v1.h:429] Sleep in <BlockToStepN>, step_no=1, pq.top=1
E20240207 22:52:02.809258 516169 grad_async_v1.h:533] Stalled in ProcessBackward: rank=2, step_no=1, sample_step_cpp_seen_[rank]=0
W20240207 22:52:03.754154 516169 grad_async_v1.h:429] Sleep in <BlockToStepN>, step_no=28, pq.top=28
+---------------------------+---------------------------+---------------------------+
| Name                      | P50                       | P99                       |
+---------------------------+---------------------------+---------------------------+
| GenInput                  | 863.195 us                | 13.686 ms                 |
| Forward                   | 3.482 ms                  | 966.969 ms                |
| Backward                  | 2.768 ms                  | 229.304 ms                |
| Optimize                  | 1.463 ms                  | 40.246 ms                 |
| BarrierTimeBeforeRank0    | 2.159 ms                  | 6.021 ms                  |
| AfterBackward             | 8.673 ms                  | 977.251 ms                |
| BlockToStepN              | 15.450 ms                 | 63.212 ms                 |
| OneStep                   | 42.531 ms                 | 2.268 s                   |
+---------------------------+---------------------------+---------------------------+
W20240207 22:52:04.773905 516169 grad_async_v1.h:429] Sleep in <BlockToStepN>, step_no=43, pq.top=43
+---------------------------+---------------------------+---------------------------+
| Name                      | P50                       | P99                       |
+---------------------------+---------------------------+---------------------------+
| ProcessBack:Shuffle       | 1.816 ms                  | 134.665 ms                |
| ProcessBack:UpdateCache   | 1.248 ms                  | 248.921 ms                |
| ProcessBack:UpsertPq      | 5.356 ms                  | 11.542 ms                 |
| ProcessOneStep            | 8.701 ms                  | 977.034 ms                |
| BlockToStepN              | 27.417 ms                 | 63.177 ms                 |
+---------------------------+---------------------------+---------------------------+
W20240207 22:52:05.782241 516169 grad_async_v1.h:429] Sleep in <BlockToStepN>, step_no=58, pq.top=58
W20240207 22:52:06.782011 516169 grad_async_v1.h:429] Sleep in <BlockToStepN>, step_no=71, pq.top=71
W20240207 22:52:07.782012 516169 grad_async_v1.h:429] Sleep in <BlockToStepN>, step_no=84, pq.top=84
W20240207 22:52:08.785313 516169 grad_async_v1.h:429] Sleep in <BlockToStepN>, step_no=97, pq.top=97
train_sampler.Prefill()
before start barrier
start train
[proc 1] 100 steps, total: 8.576, sample: 0.199, forward: 1.155, backward: 0.841, update: 0.168
train_sampler.Prefill()
before start barrier
start train
[proc 3] 100 steps, total: 8.566, sample: 0.189, forward: 1.185, backward: 0.798, update: 0.184
train_sampler.Prefill()
before start barrier
start train
[proc 2] 100 steps, total: 8.561, sample: 0.176, forward: 0.851, backward: 0.806, update: 0.206
train_sampler.Prefill()
-------Step 0-------
tensor([ 7791,  4106, 10203,  7826,  9168,  4143,   687,  5592, 12932, 10729]) tensor([ 1154,  9030, 10300,  3335,  8588,  7353, 13682,  7666,  5130,  8287])
-------Step 1-------
tensor([ 7791,  4106, 10203,  7826,  9168,  4143,   687,  5592, 12932, 10729]) tensor([10303,  4537,  6136,   309, 12841,  2089,  1374,  4390, 10651,  6791])
-------Step 2-------
tensor([ 3082,  5104, 13028,  5767,   400,   172,  5253,  4383,  7242, 13111]) tensor([10840,    30, 12083, 10610,  3618,  1368, 13834, 14549,  4566,  8328])
-------Step 3-------
tensor([ 3082,  5104, 13028,  5767,   400,   172,  5253,  4383,  7242, 13111]) tensor([ 7691,  8906, 11529,   638,  1533, 12184,  4319, 10824, 12392, 11750])
-------Step 4-------
tensor([ 6371,     7,   172,   177,   480, 12825,  2993, 13893,  6963,  6525]) tensor([ 6693, 14666,  6612,  7979, 12114,  8187, 12899,  4169,  5772,  8566])
-------Step 5-------
tensor([ 6371,     7,   172,   177,   480, 12825,  2993, 13893,  6963,  6525]) tensor([  509,  3999,  7780,  3626,  3455, 10793,  5774,  5687,  9408,  4873])
-------Step 6-------
tensor([ 2193,  1988,  7385,  1009,  4498, 14079,  9818,  3348, 12724, 12708]) tensor([ 5715, 12161,  6002, 10166, 10416,  8289,  5587,  3693,  8675, 14482])
-------Step 7-------
tensor([ 2193,  1988,  7385,  1009,  4498, 14079,  9818,  3348, 12724, 12708]) tensor([14516,  1101,  5724, 12817, 14459,  6835,  3688,  1989, 14206,  5586])
-------Step 8-------
tensor([12825, 13382,  6558,  1234, 12033,  2074,  3834, 12299, 14398,     1]) tensor([ 7894,  5026, 10668, 11135,  4927,  9856, 13182,  4300, 11924, 10602])
-------Step 9-------
tensor([12825, 13382,  6558,  1234, 12033,  2074,  3834, 12299, 14398,     1]) tensor([ 3588, 12075,  4202, 10580,  7174,  8440,  3266,   876, 14663,  1350])
before start barrier
start train
[proc 0] 100 steps, total: 8.615, sample: 0.228, forward: 1.298, backward: 0.576, update: 0.189
+---------------------------+---------------------------+---------------------------+
| Name                      | P50                       | P99                       |
+---------------------------+---------------------------+---------------------------+
| GenInput                  | 896.142 us                | 14.399 ms                 |
| Forward                   | 3.391 ms                  | 4.993 ms                  |
| Backward                  | 2.931 ms                  | 5.947 ms                  |
| Optimize                  | 1.390 ms                  | 2.982 ms                  |
| BarrierTimeBeforeRank0    | 1.855 ms                  | 5.427 ms                  |
| AfterBackward             | 9.280 ms                  | 23.416 ms                 |
| BlockToStepN              | 48.199 ms                 | 65.774 ms                 |
| OneStep                   | 71.301 ms                 | 99.150 ms                 |
+---------------------------+---------------------------+---------------------------+
W20240207 22:52:09.785010 516169 grad_async_v1.h:429] Sleep in <BlockToStepN>, step_no=109, pq.top=109
+---------------------------+---------------------------+---------------------------+
| Name                      | P50                       | P99                       |
+---------------------------+---------------------------+---------------------------+
| ProcessBack:Shuffle       | 1.679 ms                  | 2.529 ms                  |
| ProcessBack:UpdateCache   | 1.202 ms                  | 1.574 ms                  |
| ProcessBack:UpsertPq      | 6.016 ms                  | 10.794 ms                 |
| ProcessOneStep            | 9.238 ms                  | 23.390 ms                 |
| BlockToStepN              | 48.274 ms                 | 65.746 ms                 |
+---------------------------+---------------------------+---------------------------+
W20240207 22:52:10.785012 516169 grad_async_v1.h:429] Sleep in <BlockToStepN>, step_no=120, pq.top=120
W20240207 22:52:11.785005 516169 grad_async_v1.h:429] Sleep in <BlockToStepN>, step_no=132, pq.top=132
W20240207 22:52:12.785010 516169 grad_async_v1.h:429] Sleep in <BlockToStepN>, step_no=143, pq.top=143
W20240207 22:52:13.806713 516169 grad_async_v1.h:429] Sleep in <BlockToStepN>, step_no=154, pq.top=154
+---------------------------+---------------------------+---------------------------+
| Name                      | P50                       | P99                       |
+---------------------------+---------------------------+---------------------------+
| GenInput                  | 941.259 us                | 13.686 ms                 |
| Forward                   | 3.332 ms                  | 4.487 ms                  |
| Backward                  | 2.737 ms                  | 5.897 ms                  |
| Optimize                  | 1.376 ms                  | 4.679 ms                  |
| BarrierTimeBeforeRank0    | 2.198 ms                  | 10.849 ms                 |
| AfterBackward             | 9.285 ms                  | 14.875 ms                 |
| BlockToStepN              | 54.980 ms                 | 75.488 ms                 |
| OneStep                   | 78.463 ms                 | 101.954 ms                |
+---------------------------+---------------------------+---------------------------+
+---------------------------+---------------------------+---------------------------+
| Name                      | P50                       | P99                       |
+---------------------------+---------------------------+---------------------------+
| ProcessBack:Shuffle       | 1.664 ms                  | 2.071 ms                  |
| ProcessBack:UpdateCache   | 1.200 ms                  | 1.499 ms                  |
| ProcessBack:UpsertPq      | 6.071 ms                  | 10.578 ms                 |
| ProcessOneStep            | 9.267 ms                  | 14.831 ms                 |
| BlockToStepN              | 55.498 ms                 | 75.451 ms                 |
+---------------------------+---------------------------+---------------------------+
W20240207 22:52:14.815235 516169 grad_async_v1.h:429] Sleep in <BlockToStepN>, step_no=165, pq.top=165
W20240207 22:52:15.815011 516169 grad_async_v1.h:429] Sleep in <BlockToStepN>, step_no=175, pq.top=175
W20240207 22:52:16.815011 516169 grad_async_v1.h:429] Sleep in <BlockToStepN>, step_no=185, pq.top=185
W20240207 22:52:17.833184 516169 grad_async_v1.h:429] Sleep in <BlockToStepN>, step_no=196, pq.top=196
[proc 0] 200 steps, total: 9.231, sample: 0.249, forward: 0.323, backward: 0.314, update: 0.137
[proc 1] 200 steps, total: 9.231, sample: 0.205, forward: 0.325, backward: 0.595, update: 0.131
[proc 3] 200 steps, total: 9.231, sample: 0.189, forward: 0.268, backward: 0.568, update: 0.132
[proc 2] 200 steps, total: 9.231, sample: 0.190, forward: 0.254, backward: 0.566, update: 0.132
W20240207 22:52:18.833010 516169 grad_async_v1.h:429] Sleep in <BlockToStepN>, step_no=206, pq.top=206
+---------------------------+---------------------------+---------------------------+
| Name                      | P50                       | P99                       |
+---------------------------+---------------------------+---------------------------+
| GenInput                  | 959.444 us                | 14.461 ms                 |
| Forward                   | 3.347 ms                  | 4.487 ms                  |
| Backward                  | 2.685 ms                  | 5.897 ms                  |
| Optimize                  | 1.356 ms                  | 4.679 ms                  |
| BarrierTimeBeforeRank0    | 2.355 ms                  | 13.217 ms                 |
| AfterBackward             | 9.297 ms                  | 14.875 ms                 |
| BlockToStepN              | 60.452 ms                 | 86.906 ms                 |
| OneStep                   | 83.190 ms                 | 112.410 ms                |
+---------------------------+---------------------------+---------------------------+
+---------------------------+---------------------------+---------------------------+
| Name                      | P50                       | P99                       |
+---------------------------+---------------------------+---------------------------+
| ProcessBack:Shuffle       | 1.654 ms                  | 2.071 ms                  |
| ProcessBack:UpdateCache   | 1.199 ms                  | 1.463 ms                  |
| ProcessBack:UpsertPq      | 6.093 ms                  | 10.563 ms                 |
| ProcessOneStep            | 9.281 ms                  | 14.831 ms                 |
| BlockToStepN              | 60.460 ms                 | 86.837 ms                 |
+---------------------------+---------------------------+---------------------------+
W20240207 22:52:19.833009 516169 grad_async_v1.h:429] Sleep in <BlockToStepN>, step_no=215, pq.top=215
W20240207 22:52:20.833006 516169 grad_async_v1.h:429] Sleep in <BlockToStepN>, step_no=225, pq.top=225
W20240207 22:52:21.833011 516169 grad_async_v1.h:429] Sleep in <BlockToStepN>, step_no=235, pq.top=235
W20240207 22:52:22.833010 516169 grad_async_v1.h:429] Sleep in <BlockToStepN>, step_no=245, pq.top=245
W20240207 22:52:23.833011 516169 grad_async_v1.h:429] Sleep in <BlockToStepN>, step_no=254, pq.top=254
+---------------------------+---------------------------+---------------------------+
| Name                      | P50                       | P99                       |
+---------------------------+---------------------------+---------------------------+
| GenInput                  | 987.346 us                | 14.399 ms                 |
| Forward                   | 3.354 ms                  | 4.442 ms                  |
| Backward                  | 2.727 ms                  | 5.871 ms                  |
| Optimize                  | 1.333 ms                  | 2.982 ms                  |
| BarrierTimeBeforeRank0    | 2.321 ms                  | 12.884 ms                 |
| AfterBackward             | 9.307 ms                  | 14.065 ms                 |
| BlockToStepN              | 64.840 ms                 | 91.709 ms                 |
| OneStep                   | 88.177 ms                 | 122.658 ms                |
+---------------------------+---------------------------+---------------------------+
+---------------------------+---------------------------+---------------------------+
| Name                      | P50                       | P99                       |
+---------------------------+---------------------------+---------------------------+
| ProcessBack:Shuffle       | 1.652 ms                  | 2.071 ms                  |
| ProcessBack:UpdateCache   | 1.199 ms                  | 1.450 ms                  |
| ProcessBack:UpsertPq      | 6.103 ms                  | 9.900 ms                  |
| ProcessOneStep            | 9.291 ms                  | 14.041 ms                 |
| BlockToStepN              | 65.035 ms                 | 91.656 ms                 |
+---------------------------+---------------------------+---------------------------+
W20240207 22:52:24.833006 516169 grad_async_v1.h:429] Sleep in <BlockToStepN>, step_no=264, pq.top=264
W20240207 22:52:25.833012 516169 grad_async_v1.h:429] Sleep in <BlockToStepN>, step_no=273, pq.top=273
W20240207 22:52:26.833011 516169 grad_async_v1.h:429] Sleep in <BlockToStepN>, step_no=282, pq.top=282
W20240207 22:52:27.833006 516169 grad_async_v1.h:429] Sleep in <BlockToStepN>, step_no=291, pq.top=291
W20240207 22:52:28.833011 516169 grad_async_v1.h:429] Sleep in <BlockToStepN>, step_no=300, pq.top=300
[proc 1] 300 steps, total: 10.541, sample: 0.194, forward: 0.319, backward: 0.576, update: 0.118
[proc 0] 300 steps, total: 10.541, sample: 0.256, forward: 0.332, backward: 0.343, update: 0.137
[proc 3] 300 steps, total: 10.541, sample: 0.172, forward: 0.260, backward: 0.507, update: 0.132
[proc 2] 300 steps, total: 10.541, sample: 0.177, forward: 0.264, backward: 0.487, update: 0.138
+---------------------------+---------------------------+---------------------------+
| Name                      | P50                       | P99                       |
+---------------------------+---------------------------+---------------------------+
| GenInput                  | 1.007 ms                  | 14.399 ms                 |
| Forward                   | 3.357 ms                  | 4.442 ms                  |
| Backward                  | 2.708 ms                  | 5.897 ms                  |
| Optimize                  | 1.337 ms                  | 2.982 ms                  |
| BarrierTimeBeforeRank0    | 2.361 ms                  | 13.238 ms                 |
| AfterBackward             | 9.314 ms                  | 14.875 ms                 |
| BlockToStepN              | 68.218 ms                 | 101.863 ms                |
| OneStep                   | 92.010 ms                 | 130.152 ms                |
+---------------------------+---------------------------+---------------------------+
+---------------------------+---------------------------+---------------------------+
| Name                      | P50                       | P99                       |
+---------------------------+---------------------------+---------------------------+
| ProcessBack:Shuffle       | 1.650 ms                  | 2.071 ms                  |
| ProcessBack:UpdateCache   | 1.197 ms                  | 1.450 ms                  |
| ProcessBack:UpsertPq      | 6.124 ms                  | 9.900 ms                  |
| ProcessOneStep            | 9.295 ms                  | 14.831 ms                 |
| BlockToStepN              | 68.261 ms                 | 101.825 ms                |
+---------------------------+---------------------------+---------------------------+
W20240207 22:52:29.858855 516169 grad_async_v1.h:429] Sleep in <BlockToStepN>, step_no=310, pq.top=310
W20240207 22:52:30.866113 516169 grad_async_v1.h:429] Sleep in <BlockToStepN>, step_no=319, pq.top=319
W20240207 22:52:31.866010 516169 grad_async_v1.h:429] Sleep in <BlockToStepN>, step_no=328, pq.top=328
W20240207 22:52:32.873085 516169 grad_async_v1.h:429] Sleep in <BlockToStepN>, step_no=338, pq.top=338
W20240207 22:52:33.881930 516169 grad_async_v1.h:429] Sleep in <BlockToStepN>, step_no=347, pq.top=347
+---------------------------+---------------------------+---------------------------+
| Name                      | P50                       | P99                       |
+---------------------------+---------------------------+---------------------------+
| GenInput                  | 1.019 ms                  | 14.305 ms                 |
| Forward                   | 3.349 ms                  | 4.237 ms                  |
| Backward                  | 2.840 ms                  | 5.871 ms                  |
| Optimize                  | 1.333 ms                  | 2.947 ms                  |
| BarrierTimeBeforeRank0    | 2.355 ms                  | 13.217 ms                 |
| AfterBackward             | 9.334 ms                  | 14.065 ms                 |
| BlockToStepN              | 70.535 ms                 | 101.863 ms                |
| OneStep                   | 95.039 ms                 | 130.430 ms                |
+---------------------------+---------------------------+---------------------------+
+---------------------------+---------------------------+---------------------------+
| Name                      | P50                       | P99                       |
+---------------------------+---------------------------+---------------------------+
| ProcessBack:Shuffle       | 1.652 ms                  | 2.071 ms                  |
| ProcessBack:UpdateCache   | 1.198 ms                  | 1.370 ms                  |
| ProcessBack:UpsertPq      | 6.145 ms                  | 9.900 ms                  |
| ProcessOneStep            | 9.317 ms                  | 14.041 ms                 |
| BlockToStepN              | 70.495 ms                 | 101.825 ms                |
+---------------------------+---------------------------+---------------------------+
W20240207 22:52:34.881011 516169 grad_async_v1.h:429] Sleep in <BlockToStepN>, step_no=356, pq.top=356
W20240207 22:52:35.901952 516169 grad_async_v1.h:429] Sleep in <BlockToStepN>, step_no=365, pq.top=365
W20240207 22:52:36.901010 516169 grad_async_v1.h:429] Sleep in <BlockToStepN>, step_no=374, pq.top=374
W20240207 22:52:37.901005 516169 grad_async_v1.h:429] Sleep in <BlockToStepN>, step_no=383, pq.top=383
W20240207 22:52:38.901010 516169 grad_async_v1.h:429] Sleep in <BlockToStepN>, step_no=392, pq.top=392
+---------------------------+---------------------------+---------------------------+
| Name                      | P50                       | P99                       |
+---------------------------+---------------------------+---------------------------+
| GenInput                  | 1.037 ms                  | 14.461 ms                 |
| Forward                   | 3.333 ms                  | 4.237 ms                  |
| Backward                  | 2.762 ms                  | 5.871 ms                  |
| Optimize                  | 1.321 ms                  | 2.947 ms                  |
| BarrierTimeBeforeRank0    | 2.365 ms                  | 13.217 ms                 |
| AfterBackward             | 9.347 ms                  | 14.065 ms                 |
| BlockToStepN              | 72.356 ms                 | 103.347 ms                |
| OneStep                   | 97.167 ms                 | 131.214 ms                |
+---------------------------+---------------------------+---------------------------+
+---------------------------+---------------------------+---------------------------+
| Name                      | P50                       | P99                       |
+---------------------------+---------------------------+---------------------------+
| ProcessBack:Shuffle       | 1.652 ms                  | 2.013 ms                  |
| ProcessBack:UpdateCache   | 1.198 ms                  | 1.369 ms                  |
| ProcessBack:UpsertPq      | 6.179 ms                  | 9.798 ms                  |
| ProcessOneStep            | 9.330 ms                  | 14.041 ms                 |
| BlockToStepN              | 72.369 ms                 | 103.271 ms                |
+---------------------------+---------------------------+---------------------------+
[proc 2] 400 steps, total: 10.970, sample: 0.169, forward: 0.261, backward: 0.523, update: 0.124
[proc 1] 400 steps, total: 10.970, sample: 0.183, forward: 0.314, backward: 0.580, update: 0.118
[proc 3] 400 steps, total: 10.970, sample: 0.172, forward: 0.262, backward: 0.468, update: 0.136
[proc 0] 400 steps, total: 10.970, sample: 0.272, forward: 0.318, backward: 0.357, update: 0.128
W20240207 22:52:39.901010 516169 grad_async_v1.h:429] Sleep in <BlockToStepN>, step_no=401, pq.top=401
W20240207 22:52:40.901006 516169 grad_async_v1.h:429] Sleep in <BlockToStepN>, step_no=410, pq.top=410
W20240207 22:52:41.901010 516169 grad_async_v1.h:429] Sleep in <BlockToStepN>, step_no=419, pq.top=419
W20240207 22:52:42.901010 516169 grad_async_v1.h:429] Sleep in <BlockToStepN>, step_no=428, pq.top=428
W20240207 22:52:43.901006 516169 grad_async_v1.h:429] Sleep in <BlockToStepN>, step_no=437, pq.top=437
+---------------------------+---------------------------+---------------------------+
| Name                      | P50                       | P99                       |
+---------------------------+---------------------------+---------------------------+
| GenInput                  | 1.058 ms                  | 14.461 ms                 |
| Forward                   | 3.317 ms                  | 4.237 ms                  |
| Backward                  | 2.840 ms                  | 5.871 ms                  |
| Optimize                  | 1.311 ms                  | 2.947 ms                  |
| BarrierTimeBeforeRank0    | 2.325 ms                  | 13.217 ms                 |
| AfterBackward             | 9.362 ms                  | 14.065 ms                 |
| BlockToStepN              | 73.833 ms                 | 107.827 ms                |
| OneStep                   | 98.997 ms                 | 131.214 ms                |
+---------------------------+---------------------------+---------------------------+
+---------------------------+---------------------------+---------------------------+
| Name                      | P50                       | P99                       |
+---------------------------+---------------------------+---------------------------+
| ProcessBack:Shuffle       | 1.651 ms                  | 2.151 ms                  |
| ProcessBack:UpdateCache   | 1.197 ms                  | 1.357 ms                  |
| ProcessBack:UpsertPq      | 6.185 ms                  | 9.900 ms                  |
| ProcessOneStep            | 9.340 ms                  | 14.041 ms                 |
| BlockToStepN              | 73.992 ms                 | 107.776 ms                |
+---------------------------+---------------------------+---------------------------+
W20240207 22:52:44.911741 516169 grad_async_v1.h:429] Sleep in <BlockToStepN>, step_no=446, pq.top=446
W20240207 22:52:45.911012 516169 grad_async_v1.h:429] Sleep in <BlockToStepN>, step_no=454, pq.top=454
W20240207 22:52:46.922938 516169 grad_async_v1.h:429] Sleep in <BlockToStepN>, step_no=464, pq.top=464
W20240207 22:52:47.922011 516169 grad_async_v1.h:429] Sleep in <BlockToStepN>, step_no=472, pq.top=472
W20240207 22:52:48.922012 516169 grad_async_v1.h:429] Sleep in <BlockToStepN>, step_no=481, pq.top=481
+---------------------------+---------------------------+---------------------------+
| Name                      | P50                       | P99                       |
+---------------------------+---------------------------+---------------------------+
| GenInput                  | 1.080 ms                  | 14.399 ms                 |
| Forward                   | 3.319 ms                  | 4.223 ms                  |
| Backward                  | 2.849 ms                  | 5.868 ms                  |
| Optimize                  | 1.311 ms                  | 2.879 ms                  |
| BarrierTimeBeforeRank0    | 2.321 ms                  | 12.929 ms                 |
| AfterBackward             | 9.362 ms                  | 13.620 ms                 |
| BlockToStepN              | 75.817 ms                 | 107.921 ms                |
| OneStep                   | 100.762 ms                | 132.238 ms                |
+---------------------------+---------------------------+---------------------------+
+---------------------------+---------------------------+---------------------------+
| Name                      | P50                       | P99                       |
+---------------------------+---------------------------+---------------------------+
| ProcessBack:Shuffle       | 1.649 ms                  | 2.151 ms                  |
| ProcessBack:UpdateCache   | 1.196 ms                  | 1.357 ms                  |
| ProcessBack:UpsertPq      | 6.196 ms                  | 9.798 ms                  |
| ProcessOneStep            | 9.344 ms                  | 13.602 ms                 |
| BlockToStepN              | 75.848 ms                 | 108.250 ms                |
+---------------------------+---------------------------+---------------------------+
W20240207 22:52:49.922006 516169 grad_async_v1.h:429] Sleep in <BlockToStepN>, step_no=490, pq.top=490
W20240207 22:52:50.922011 516169 grad_async_v1.h:429] Sleep in <BlockToStepN>, step_no=498, pq.top=498
[proc 0] 500 steps, total: 11.354, sample: 0.291, forward: 0.320, backward: 0.347, update: 0.139
[proc 1] 500 steps, total: 11.355, sample: 0.193, forward: 0.315, backward: 0.572, update: 0.116
[proc 3] 500 steps, total: 11.354, sample: 0.189, forward: 0.257, backward: 0.475, update: 0.145
[proc 2] 500 steps, total: 11.355, sample: 0.189, forward: 0.252, backward: 0.518, update: 0.115
Successfully xmh. training takes 50.71189641952515 seconds
before call kg_cache_controller.StopThreads()
W20240207 22:52:51.185128 516169 grad_async_v1.h:243] call StopThreads. PID = 515828
W20240207 22:52:51.185151 516169 grad_base.h:212] before processOneStepNegThread_.join();
[W tensorpipe_agent.cpp:725] RPC agent for worker0 encountered error when reading incoming request from worker2: eof (this error originated at tensorpipe/transport/shm/connection_impl.cc:259)
[W tensorpipe_agent.cpp:725] RPC agent for worker0 encountered error when reading incoming request from worker1: eof (this error originated at tensorpipe/transport/shm/connection_impl.cc:259)
W20240207 22:52:51.191215 516169 grad_base.h:214] after processOneStepNegThread_.join();
W20240207 22:52:51.191226 516169 grad_async_v1.h:245] call GradProcessingBase::StopThreads.
[W tensorpipe_agent.cpp:725] RPC agent for worker0 encountered error when reading incoming request from worker3: eof (this error originated at tensorpipe/transport/shm/connection_impl.cc:259)
W20240207 22:52:51.210116 516169 grad_async_v1.h:264] StopThreads done.
On rank0, prepare to call self.controller.StopThreads(), self=<python.controller_process.KGCacheControllerWrapper object at 0x7f6ec9704ed0>
