WARNING: Logging before InitGoogleLogging() is written to STDERR
I20240201 01:16:35.812114 3391752 IPC_barrier.h:128] MultiProcessBarrierFactory->ClearIPCMemory()
/home/xieminhui/RecStore/src/framework_adapters/torch/kg/dgl-0.9.1/python/dgl/_deprecate/graph.py:1023: DGLWarning: multigraph will be deprecated.DGL will treat all graphs as multigraph in the future.
  dgl_warning("multigraph will be deprecated." \
/home/xieminhui/RecStore/src/framework_adapters/torch/kg/dgl-0.9.1/python/dgl/heterograph.py:72: DGLWarning: Recommend creating graphs by `dgl.graph(data)` instead of `dgl.DGLGraph(data)`.
  dgl_warning('Recommend creating graphs by `dgl.graph(data)`'
Reading train triples....
Finished. Read 483142 train triples.
Reading valid triples....
Finished. Read 50000 valid triples.
Reading test triples....
Finished. Read 59071 test triples.
ARGS:  Namespace(model_name='TransE', data_path='/home/xieminhui/dgl-data', dataset='FB15k', format='built_in', data_files=None, delimiter='\t', save_path='/tmp/ckpts/TransE_FB15k_274', no_save_emb=True, max_step=500, batch_size=2000, batch_size_eval=16, neg_sample_size=200, neg_deg_sample=False, neg_deg_sample_eval=False, neg_sample_size_eval=14951, eval_percent=1, no_eval_filter=False, log_interval=100, eval_interval=10000, test=False, num_proc=4, num_thread=1, force_sync_interval=1, hidden_dim=400, lr=0.01, gamma=16.0, double_ent=False, double_rel=False, neg_adversarial_sampling=False, adversarial_temperature=1.0, regularization_coef=0.0, regularization_norm=3, pairwise=False, loss_genre='Logsigmoid', margin=1.0, nr_gpus=4, gpu=[0, 1, 2, 3], mix_cpu_gpu=True, valid=False, rel_part=False, async_update=None, has_edge_importance=False, cached_emb_type='KnownLocalCachedEmbedding', use_my_emb=True, cache_ratio=0.05, shuffle=False, backwardMode='CppAsyncV2', L=10, update_cache_use_omp=0, update_pq_use_omp=0, kForwardItersPerStep=2, backgrad_init='both', eval_filter=True, soft_rel_part=False)
|Train|: 483142
original graph:  DGLGraph(num_nodes=14951, num_edges=592213,
         ndata_schemes={}
         edata_schemes={'tid': Scheme(shape=(), dtype=torch.int64)})
Loading cached metis
WARNING [3391752 sampler.py:454] Start PreSampling
WARNING [3391752 sampler.py:532] Before construct renumbering_dict
WARNING [3391752 sampler.py:555] PreSampling done
W20240201 01:16:38.291467 3391752 IPCTensor.h:369] NewIPCTensor: cached_sampler_r0_0 [1000000]0x100000002000 7.629 MB
W20240201 01:16:38.291625 3391752 IPCTensor.h:369] NewIPCTensor: cached_sampler_r0_1 [1000000]0x1000007a5000 7.629 MB
W20240201 01:16:38.291654 3391752 IPCTensor.h:369] NewIPCTensor: cached_sampler_r0_2 [1000000]0x100000f48000 7.629 MB
W20240201 01:16:38.291679 3391752 IPCTensor.h:369] NewIPCTensor: cached_sampler_r0_3 [1000000]0x1000016eb000 7.629 MB
W20240201 01:16:38.291704 3391752 IPCTensor.h:369] NewIPCTensor: cached_sampler_r0_4 [1000000]0x100001e8e000 7.629 MB
W20240201 01:16:38.291728 3391752 IPCTensor.h:369] NewIPCTensor: cached_sampler_r0_5 [1000000]0x100002631000 7.629 MB
W20240201 01:16:38.291751 3391752 IPCTensor.h:369] NewIPCTensor: cached_sampler_r0_6 [1000000]0x100002dd4000 7.629 MB
W20240201 01:16:38.291785 3391752 IPCTensor.h:369] NewIPCTensor: cached_sampler_r0_7 [1000000]0x100003577000 7.629 MB
W20240201 01:16:38.291812 3391752 IPCTensor.h:369] NewIPCTensor: cached_sampler_r0_8 [1000000]0x100003d1a000 7.629 MB
W20240201 01:16:38.291841 3391752 IPCTensor.h:369] NewIPCTensor: cached_sampler_r0_9 [1000000]0x1000044bd000 7.629 MB
W20240201 01:16:38.291867 3391752 IPCTensor.h:369] NewIPCTensor: step_r0 [10]0x100004c60000 80 B 
W20240201 01:16:38.291886 3391752 IPCTensor.h:369] NewIPCTensor: circle_buffer_end_r0 [1]0x100004c62000 8 B 
W20240201 01:16:38.291904 3391752 IPCTensor.h:369] NewIPCTensor: circle_buffer_end_cppseen_r0 [1]0x100004c64000 8 B 
W20240201 01:16:38.292004 3391752 IPCTensor.h:369] NewIPCTensor: cached_sampler_r1_0 [1000000]0x100004c66000 7.629 MB
W20240201 01:16:38.292028 3391752 IPCTensor.h:369] NewIPCTensor: cached_sampler_r1_1 [1000000]0x100005409000 7.629 MB
W20240201 01:16:38.292048 3391752 IPCTensor.h:369] NewIPCTensor: cached_sampler_r1_2 [1000000]0x100005bac000 7.629 MB
W20240201 01:16:38.292081 3391752 IPCTensor.h:369] NewIPCTensor: cached_sampler_r1_3 [1000000]0x10000634f000 7.629 MB
W20240201 01:16:38.292105 3391752 IPCTensor.h:369] NewIPCTensor: cached_sampler_r1_4 [1000000]0x100006af2000 7.629 MB
W20240201 01:16:38.292127 3391752 IPCTensor.h:369] NewIPCTensor: cached_sampler_r1_5 [1000000]0x100007295000 7.629 MB
W20240201 01:16:38.292145 3391752 IPCTensor.h:369] NewIPCTensor: cached_sampler_r1_6 [1000000]0x100007a38000 7.629 MB
W20240201 01:16:38.292167 3391752 IPCTensor.h:369] NewIPCTensor: cached_sampler_r1_7 [1000000]0x1000081db000 7.629 MB
W20240201 01:16:38.292186 3391752 IPCTensor.h:369] NewIPCTensor: cached_sampler_r1_8 [1000000]0x10000897e000 7.629 MB
W20240201 01:16:38.292209 3391752 IPCTensor.h:369] NewIPCTensor: cached_sampler_r1_9 [1000000]0x100009121000 7.629 MB
W20240201 01:16:38.292227 3391752 IPCTensor.h:369] NewIPCTensor: step_r1 [10]0x1000098c4000 80 B 
W20240201 01:16:38.292243 3391752 IPCTensor.h:369] NewIPCTensor: circle_buffer_end_r1 [1]0x1000098c6000 8 B 
W20240201 01:16:38.292258 3391752 IPCTensor.h:369] NewIPCTensor: circle_buffer_end_cppseen_r1 [1]0x1000098c8000 8 B 
W20240201 01:16:38.292297 3391752 IPCTensor.h:369] NewIPCTensor: cached_sampler_r2_0 [1000000]0x1000098ca000 7.629 MB
W20240201 01:16:38.292317 3391752 IPCTensor.h:369] NewIPCTensor: cached_sampler_r2_1 [1000000]0x10000a06d000 7.629 MB
W20240201 01:16:38.292338 3391752 IPCTensor.h:369] NewIPCTensor: cached_sampler_r2_2 [1000000]0x10000a810000 7.629 MB
W20240201 01:16:38.292356 3391752 IPCTensor.h:369] NewIPCTensor: cached_sampler_r2_3 [1000000]0x10000afb3000 7.629 MB
W20240201 01:16:38.292380 3391752 IPCTensor.h:369] NewIPCTensor: cached_sampler_r2_4 [1000000]0x10000b756000 7.629 MB
W20240201 01:16:38.292398 3391752 IPCTensor.h:369] NewIPCTensor: cached_sampler_r2_5 [1000000]0x10000bef9000 7.629 MB
W20240201 01:16:38.292419 3391752 IPCTensor.h:369] NewIPCTensor: cached_sampler_r2_6 [1000000]0x10000c69c000 7.629 MB
W20240201 01:16:38.292443 3391752 IPCTensor.h:369] NewIPCTensor: cached_sampler_r2_7 [1000000]0x10000ce3f000 7.629 MB
W20240201 01:16:38.292462 3391752 IPCTensor.h:369] NewIPCTensor: cached_sampler_r2_8 [1000000]0x10000d5e2000 7.629 MB
W20240201 01:16:38.292487 3391752 IPCTensor.h:369] NewIPCTensor: cached_sampler_r2_9 [1000000]0x10000dd85000 7.629 MB
W20240201 01:16:38.292507 3391752 IPCTensor.h:369] NewIPCTensor: step_r2 [10]0x10000e528000 80 B 
W20240201 01:16:38.292523 3391752 IPCTensor.h:369] NewIPCTensor: circle_buffer_end_r2 [1]0x10000e52a000 8 B 
W20240201 01:16:38.292539 3391752 IPCTensor.h:369] NewIPCTensor: circle_buffer_end_cppseen_r2 [1]0x10000e52c000 8 B 
W20240201 01:16:38.292577 3391752 IPCTensor.h:369] NewIPCTensor: cached_sampler_r3_0 [1000000]0x10000e52e000 7.629 MB
W20240201 01:16:38.292601 3391752 IPCTensor.h:369] NewIPCTensor: cached_sampler_r3_1 [1000000]0x10000ecd1000 7.629 MB
W20240201 01:16:38.292624 3391752 IPCTensor.h:369] NewIPCTensor: cached_sampler_r3_2 [1000000]0x10000f474000 7.629 MB
W20240201 01:16:38.292642 3391752 IPCTensor.h:369] NewIPCTensor: cached_sampler_r3_3 [1000000]0x10000fc17000 7.629 MB
W20240201 01:16:38.292662 3391752 IPCTensor.h:369] NewIPCTensor: cached_sampler_r3_4 [1000000]0x1000103ba000 7.629 MB
W20240201 01:16:38.292680 3391752 IPCTensor.h:369] NewIPCTensor: cached_sampler_r3_5 [1000000]0x100010b5d000 7.629 MB
W20240201 01:16:38.292701 3391752 IPCTensor.h:369] NewIPCTensor: cached_sampler_r3_6 [1000000]0x100011300000 7.629 MB
W20240201 01:16:38.292722 3391752 IPCTensor.h:369] NewIPCTensor: cached_sampler_r3_7 [1000000]0x100011aa3000 7.629 MB
W20240201 01:16:38.292740 3391752 IPCTensor.h:369] NewIPCTensor: cached_sampler_r3_8 [1000000]0x100012246000 7.629 MB
W20240201 01:16:38.292760 3391752 IPCTensor.h:369] NewIPCTensor: cached_sampler_r3_9 [1000000]0x1000129e9000 7.629 MB
W20240201 01:16:38.292783 3391752 IPCTensor.h:369] NewIPCTensor: step_r3 [10]0x10001318c000 80 B 
W20240201 01:16:38.292796 3391752 IPCTensor.h:369] NewIPCTensor: circle_buffer_end_r3 [1]0x10001318e000 8 B 
W20240201 01:16:38.292817 3391752 IPCTensor.h:369] NewIPCTensor: circle_buffer_end_cppseen_r3 [1]0x100013190000 8 B 
W20240201 01:16:38.428226 3391752 IPCTensor.h:369] NewIPCTensor: full_emb [14951, 400]0x100013192000 22.81 MB
W20240201 01:16:38.455312 3391752 IPCTensor.h:369] NewIPCTensor: full_emb_SparseRowWiseAdaGrad_sum [14951]0x100014864000 58.4 kB
{0: Graph(num_nodes=10523, num_edges=182012,
      ndata_schemes={'_ID': Scheme(shape=(), dtype=torch.int64), 'inner_node': Scheme(shape=(), dtype=torch.int32), 'part_id': Scheme(shape=(), dtype=torch.int64)}
      edata_schemes={'_ID': Scheme(shape=(), dtype=torch.int64), 'inner_edge': Scheme(shape=(), dtype=torch.int8)}), 1: Graph(num_nodes=10996, num_edges=244360,
      ndata_schemes={'_ID': Scheme(shape=(), dtype=torch.int64), 'inner_node': Scheme(shape=(), dtype=torch.int32), 'part_id': Scheme(shape=(), dtype=torch.int64)}
      edata_schemes={'_ID': Scheme(shape=(), dtype=torch.int64), 'inner_edge': Scheme(shape=(), dtype=torch.int8)}), 2: Graph(num_nodes=9404, num_edges=143355,
      ndata_schemes={'_ID': Scheme(shape=(), dtype=torch.int64), 'inner_node': Scheme(shape=(), dtype=torch.int32), 'part_id': Scheme(shape=(), dtype=torch.int64)}
      edata_schemes={'_ID': Scheme(shape=(), dtype=torch.int64), 'inner_edge': Scheme(shape=(), dtype=torch.int8)}), 3: Graph(num_nodes=10954, num_edges=175447,
      ndata_schemes={'_ID': Scheme(shape=(), dtype=torch.int64), 'inner_node': Scheme(shape=(), dtype=torch.int32), 'part_id': Scheme(shape=(), dtype=torch.int64)}
      edata_schemes={'_ID': Scheme(shape=(), dtype=torch.int64), 'inner_edge': Scheme(shape=(), dtype=torch.int8)})}
MertisPartition: part 0 has 10523 N 182012 E
MertisPartition: part 1 has 10996 N 244360 E
MertisPartition: part 2 has 9404 N 143355 E
MertisPartition: part 3 has 10954 N 175447 E
Rank0: cached key size 186
Rank1: cached key size 186
Rank2: cached key size 186
Rank3: cached key size 186
Before renumbering graph:  {'_ID': tensor([    5,    14,    17,  ..., 11245,  2040,  3009]), 'inner_node': tensor([1, 1, 1,  ..., 0, 0, 0], dtype=torch.int32), 'part_id': tensor([0, 0, 0,  ..., 2, 3, 3])}
After renumbering graph:  {'_ID': tensor([ 850, 1019, 1080,  ..., 1636, 5695, 8331]), 'inner_node': tensor([1, 1, 1,  ..., 0, 0, 0], dtype=torch.int32), 'part_id': tensor([0, 0, 0,  ..., 2, 3, 3])}
part_g: DGLGraph(num_nodes=10523, num_edges=182012,
         ndata_schemes={'_ID': Scheme(shape=(), dtype=torch.int64)}
         edata_schemes={'tid': Scheme(shape=(), dtype=torch.int64)})
part_g: DGLGraph(num_nodes=10523, num_edges=182012,
         ndata_schemes={'_ID': Scheme(shape=(), dtype=torch.int64)}
         edata_schemes={'tid': Scheme(shape=(), dtype=torch.int64)})
Total initialize time 2.672 seconds
[Rank1] pid = 3391965
[Rank2] pid = 3392030
INFO [3391752 distributed_c10d.py:442] Added key: store_based_barrier_key:1 to store for rank: 0
INFO [3392030 distributed_c10d.py:442] Added key: store_based_barrier_key:1 to store for rank: 2
INFO [3392094 distributed_c10d.py:442] Added key: store_based_barrier_key:1 to store for rank: 3
INFO [3391965 distributed_c10d.py:442] Added key: store_based_barrier_key:1 to store for rank: 1
INFO [3392030 distributed_c10d.py:476] Rank 2: Completed store-based barrier for key:store_based_barrier_key:1 with 4 nodes.
INFO [3392094 distributed_c10d.py:476] Rank 3: Completed store-based barrier for key:store_based_barrier_key:1 with 4 nodes.
INFO [3391965 distributed_c10d.py:476] Rank 1: Completed store-based barrier for key:store_based_barrier_key:1 with 4 nodes.
INFO [3391752 distributed_c10d.py:476] Rank 0: Completed store-based barrier for key:store_based_barrier_key:1 with 4 nodes.
W20240201 01:16:41.507119 3392095 IPCTensor.h:409] NewIPCGPUTensor: embedding_cache_0 [747, 400]; dev=0; size=1.14 MB
W20240201 01:16:41.507272 3392031 IPCTensor.h:409] NewIPCGPUTensor: embedding_cache_2 [747, 400]; dev=2; size=1.14 MB
W20240201 01:16:41.507273 3392096 IPCTensor.h:409] NewIPCGPUTensor: embedding_cache_3 [747, 400]; dev=3; size=1.14 MB
W20240201 01:16:41.507264 3391966 IPCTensor.h:409] NewIPCGPUTensor: embedding_cache_1 [747, 400]; dev=1; size=1.14 MB
W20240201 01:16:41.507972 3392095 IPCTensor.h:369] NewIPCTensor: input_keys_0 [1000000]0x10001487a000 7.629 MB
W20240201 01:16:41.507985 3392096 IPCTensor.h:369] NewIPCTensor: input_keys_3 [1000000]0x10001501d000 7.629 MB
W20240201 01:16:41.508069 3391966 IPCTensor.h:369] NewIPCTensor: input_keys_1 [1000000]0x1000157c0000 7.629 MB
W20240201 01:16:41.508103 3392095 IPCTensor.h:369] NewIPCTensor: input_keys_neg_0 [1000000]0x100015f63000 7.629 MB
W20240201 01:16:41.508121 3392096 IPCTensor.h:369] NewIPCTensor: input_keys_neg_3 [1000000]0x100016706000 7.629 MB
W20240201 01:16:41.508157 3392095 IPCTensor.h:369] NewIPCTensor: backward_grads_0 [1000000, 400]0x100016ea9000 1.49 GB
W20240201 01:16:41.508178 3392096 IPCTensor.h:369] NewIPCTensor: backward_grads_3 [1000000, 400]0x10007648c000 1.49 GB
W20240201 01:16:41.508201 3392095 IPCTensor.h:369] NewIPCTensor: backward_grads_neg_0 [1000000, 400]0x1000d5a6f000 1.49 GB
W20240201 01:16:41.508230 3392096 IPCTensor.h:369] NewIPCTensor: backward_grads_neg_3 [1000000, 400]0x100135052000 1.49 GB
W20240201 01:16:41.508244 3392095 IPCTensor.h:409] NewIPCGPUTensor: backward_grads_0_gpu [1000000, 400]; dev=0; size=1.49 GB
W20240201 01:16:41.508252 3391966 IPCTensor.h:369] NewIPCTensor: input_keys_neg_1 [1000000]0x100194635000 7.629 MB
W20240201 01:16:41.508277 3392096 IPCTensor.h:409] NewIPCGPUTensor: backward_grads_3_gpu [1000000, 400]; dev=3; size=1.49 GB
W20240201 01:16:41.508316 3391966 IPCTensor.h:369] NewIPCTensor: backward_grads_1 [1000000, 400]0x100194dd8000 1.49 GB
W20240201 01:16:41.508378 3391966 IPCTensor.h:369] NewIPCTensor: backward_grads_neg_1 [1000000, 400]0x1001f43bb000 1.49 GB
W20240201 01:16:41.508423 3391966 IPCTensor.h:409] NewIPCGPUTensor: backward_grads_1_gpu [1000000, 400]; dev=1; size=1.49 GB
W20240201 01:16:41.514983 3392031 IPCTensor.h:369] NewIPCTensor: input_keys_2 [1000000]0x1002539a4000 7.629 MB
W20240201 01:16:41.515040 3392096 IPCTensor.h:409] NewIPCGPUTensor: backward_grads_neg_3_gpu [1000000, 400]; dev=3; size=1.49 GB
W20240201 01:16:41.515038 3392095 IPCTensor.h:409] NewIPCGPUTensor: backward_grads_neg_0_gpu [1000000, 400]; dev=0; size=1.49 GB
W20240201 01:16:41.515105 3391966 IPCTensor.h:409] NewIPCGPUTensor: backward_grads_neg_1_gpu [1000000, 400]; dev=1; size=1.49 GB
W20240201 01:16:41.515118 3392031 IPCTensor.h:369] NewIPCTensor: input_keys_neg_2 [1000000]0x100254149000 7.629 MB
W20240201 01:16:41.515183 3392031 IPCTensor.h:369] NewIPCTensor: backward_grads_2 [1000000, 400]0x1002548ec000 1.49 GB
W20240201 01:16:41.515218 3392031 IPCTensor.h:369] NewIPCTensor: backward_grads_neg_2 [1000000, 400]0x1002b3ecf000 1.49 GB
W20240201 01:16:41.515267 3392031 IPCTensor.h:409] NewIPCGPUTensor: backward_grads_2_gpu [1000000, 400]; dev=2; size=1.49 GB
W20240201 01:16:41.523504 3392031 IPCTensor.h:409] NewIPCGPUTensor: backward_grads_neg_2_gpu [1000000, 400]; dev=2; size=1.49 GB
cudaHostRegister 0x100013192000
3: KnownLocalCachedEmbedding init done
WARNING [3392094 DistTensor.py:59] The tensor name already exists in the kvstore
[Rank3] pid = 3392094
New CachedEmbedding, name=full_emb, shape=(14951, 400), cache_type=KnownLocalCachedEmbedding
fixed cache_range is [(0, 747), (747, 1494), (1494, 2241), (2241, 2988)]
cudaHostRegister 0x100013192000
0: KnownLocalCachedEmbedding init done
WARNING [3391752 DistTensor.py:59] The tensor name already exists in the kvstore
cudaHostRegister 0x100013192000
1: KnownLocalCachedEmbedding init done
WARNING [3391965 DistTensor.py:59] The tensor name already exists in the kvstore
cudaHostRegister 0x100013192000
2: KnownLocalCachedEmbedding init done
WARNING [3392030 DistTensor.py:59] The tensor name already exists in the kvstore
I20240201 01:16:42.597267 3392031 IPC_barrier.h:118] CreateBarrier: new barrier, name: kgcachecontroller, count: 4
I20240201 01:16:42.597339 3392096 IPC_barrier.h:112] CreateBarrier: find existing barrier, name: kgcachecontroller, count: 4
I20240201 01:16:42.597373 3391966 IPC_barrier.h:112] CreateBarrier: find existing barrier, name: kgcachecontroller, count: 4
I20240201 01:16:42.597420 3392095 IPC_barrier.h:112] CreateBarrier: find existing barrier, name: kgcachecontroller, count: 4
W20240201 01:16:42.598564 3392095 grad_base.h:55] KGCacheController, config={
        "num_gpus": 4,
        "L": 10,
        "backgrad_init": "both", 
        "kForwardItersPerStep": 2,
        "clr": 0.01,
        "nr_background_threads": 32,
        "backwardMode": "CppAsyncV2",
        "cache_ratio": 0.05,
        "update_cache_use_omp":  0,
        "update_pq_use_omp":  0
        }
W20240201 01:16:42.598798 3392095 grad_base.h:184] Init GradProcessingBase done
I20240201 01:16:42.604321 3392095 grad_async_v2.h:42] Use main thread to update emb.
W20240201 01:16:42.604354 3392095 kg_controller.h:78] after init GradAsyncProcessingV2
I20240201 01:16:42.604359 3392095 kg_controller.h:84] Construct KGCacheController done
E20240201 01:16:42.955016 3392096 recstore.cc:66] init folly done
E20240201 01:16:42.955037 3392095 recstore.cc:66] init folly done
E20240201 01:16:42.955039 3392031 recstore.cc:66] init folly done
E20240201 01:16:42.955180 3391966 recstore.cc:66] init folly done
I20240201 01:16:42.955904 3392095 grad_base.h:60] GraphEnv RegTensorsPerProcess
W20240201 01:16:43.643492 3392472 grad_async_v2.h:137] Detect new sample comes, old_end0, new_end1
E20240201 01:16:43.643836 3392472 parallel_pq_v2.h:79] insert failed, size(hashtable)=1
I20240201 01:16:43.662042 3391966 IPC_barrier.h:118] CreateBarrier: new barrier, name: start_barrier, count: 4
I20240201 01:16:43.675391 3392096 IPC_barrier.h:112] CreateBarrier: find existing barrier, name: start_barrier, count: 4
I20240201 01:16:43.676440 3392095 IPC_barrier.h:112] CreateBarrier: find existing barrier, name: start_barrier, count: 4
I20240201 01:16:43.694386 3392031 IPC_barrier.h:112] CreateBarrier: find existing barrier, name: start_barrier, count: 4
E20240201 01:16:45.939368 3392095 parallel_pq_v2.h:79] insert failed, size(hashtable)=0
W20240201 01:16:45.957077 3392472 grad_async_v2.h:137] Detect new sample comes, old_end1, new_end2
W20240201 01:16:46.006994 3392095 grad_async_v2.h:270] Sleep in <BlockToStepN>, step_no=3, pq.top=0
E20240201 01:16:46.327482 3392095 grad_async_v2.h:404] Stalled in ProcessBackward: rank=3, step_no=13, sample_step_cpp_seen_[rank]=12
E20240201 01:16:46.939020 3392478 parallel_pq_v2.h:79] insert failed, size(hashtable)=5938
W20240201 01:16:46.965772 3392472 grad_async_v2.h:137] Detect new sample comes, old_end0, new_end3
W20240201 01:16:47.037662 3392095 grad_async_v2.h:270] Sleep in <BlockToStepN>, step_no=24, pq.top=24
+---------------------------+---------------------------+---------------------------+
| Name                      | P50                       | P99                       |
+---------------------------+---------------------------+---------------------------+
| GenInput                  | 1.242 ms                  | 22.692 ms                 |
| Forward                   | 3.912 ms                  | 1.088 s                   |
| Backward                  | 3.901 ms                  | 221.492 ms                |
| Optimize                  | 1.669 ms                  | 4.330 ms                  |
| BarrierTimeBeforeRank0    | 22.127 us                 | 136.746 ms                |
| AfterBackward             | 21.019 ms                 | 809.262 ms                |
| BlockToStepN              | 220.722 us                | 2.726 ms                  |
| OneStep                   | 34.541 ms                 | 2.261 s                   |
+---------------------------+---------------------------+---------------------------+
E20240201 01:16:47.939216 3392472 parallel_pq_v2.h:79] insert failed, size(hashtable)=0
+---------------------------+---------------------------+---------------------------+
| Name                      | P50                       | P99                       |
+---------------------------+---------------------------+---------------------------+
| clean                     | 225.252 us                | 3.998 ms                  |
| ProcessBack:Shuffle       | 2.302 ms                  | 134.125 ms                |
| ProcessBack:UpdateCache   | 1.865 ms                  | 182.582 ms                |
| ProcessBack:UpsertPq      | 15.380 ms                 | 26.074 ms                 |
| ProcessOneStep            | 20.295 ms                 | 809.012 ms                |
| BlockToStepN              | 126.297 us                | 2.678 ms                  |
+---------------------------+---------------------------+---------------------------+
W20240201 01:16:47.991365 3392472 grad_async_v2.h:137] Detect new sample comes, old_end6, new_end7
W20240201 01:16:48.055006 3392095 grad_async_v2.h:270] Sleep in <BlockToStepN>, step_no=48, pq.top=48
E20240201 01:16:48.939014 3392095 parallel_pq_v2.h:79] insert failed, size(hashtable)=1081
W20240201 01:16:48.997571 3392472 grad_async_v2.h:137] Detect new sample comes, old_end6, new_end9
W20240201 01:16:49.086436 3392095 grad_async_v2.h:270] Sleep in <BlockToStepN>, step_no=71, pq.top=71
E20240201 01:16:49.939007 3392095 parallel_pq_v2.h:79] insert failed, size(hashtable)=1514
W20240201 01:16:50.005470 3392472 grad_async_v2.h:137] Detect new sample comes, old_end7, new_end8
train_sampler.Prefill()
before start barrier
start train
[proc 2] 100 steps, total: 6.388, sample: 0.255, forward: 1.096, backward: 0.556, update: 0.162
train_sampler.Prefill()
before start barrier
start train
[proc 1] 100 steps, total: 6.420, sample: 0.241, forward: 1.085, backward: 0.582, update: 0.148
train_sampler.Prefill()
-------Step 0-------
tensor([ 7907,  3502,  6865,  6652, 13970,  4062,   655,  4157, 12035, 11499]) tensor([ 1080,  7887,  6935,  5689,  7263,  7472, 12964,  7788,  9115,  7266])
-------Step 1-------
tensor([ 7907,  3502,  6865,  6652, 13970,  4062,   655,  4157, 12035, 11499]) tensor([ 9142,  3980,  4104,   304, 11981,  3468,  1913,  2987,  9305,  5751])
-------Step 2-------
tensor([ 2666,  4445, 10363,  4899,   385,   117,  4367,  3793, 13101, 10457]) tensor([ 9475,    86, 10365,  8877,  5329,  1320, 11324, 13896,  4614, 14072])
-------Step 3-------
tensor([ 2666,  4445, 10363,  4899,   385,   117,  4367,  3793, 13101, 10457]) tensor([13441,  7631, 10792,   649,  1390,  9360,  6151, 14588, 10999, 14787])
-------Step 4-------
tensor([ 9718,    30,   117,   178,   527, 11483,  5120, 13149,  5901,  5277]) tensor([ 4455, 13764,  4408,  6875, 14920, 10866, 12206,  5917,  4754,  7696])
-------Step 5-------
tensor([ 9718,    30,   117,   178,   527, 11483,  5120, 13149,  5901,  5277]) tensor([ 510, 4043, 6785, 3262, 2442, 9862, 8370, 4994, 8340, 4231])
-------Step 6-------
tensor([ 3606,  2568,  5318,  1013,  6412, 10240,  8976,  2731, 11721,  8848]) tensor([ 5918,  9339,  5314,  8296,  9070,  6925,  4818,  3134,  7634, 14943])
-------Step 7-------
tensor([ 3606,  2568,  5318,  1013,  6412, 10240,  8976,  2731, 11721,  8848]) tensor([13861,  1082,  5947, 11837, 11965,  5974,  3093,  1920, 11667,  5791])
-------Step 8-------
tensor([11483, 12779,  5483,  1736, 10730,  1813,  3362,  9494, 13730,     3]) tensor([ 6884,  4392, 14664,  7511,  4339,  8672, 12136,  4256,  9124,  8711])
-------Step 9-------
tensor([11483, 12779,  5483,  1736, 10730,  1813,  3362,  9494, 13730,     3]) tensor([ 6232, 11126,  3396,  9487,  6280, 14183,  5620,   865, 13084,  1854])
before start barrier
start train
[proc 0] 100 steps, total: 6.406, sample: 0.328, forward: 1.466, backward: 0.552, update: 0.175
train_sampler.Prefill()
before start barrier
start train
[proc 3] 100 steps, total: 6.407, sample: 0.289, forward: 1.591, backward: 0.516, update: 0.165
W20240201 01:16:50.104089 3392095 grad_async_v2.h:270] Sleep in <BlockToStepN>, step_no=101, pq.top=101
E20240201 01:16:50.939059 3392495 parallel_pq_v2.h:79] insert failed, size(hashtable)=12817
W20240201 01:16:51.092180 3392472 grad_async_v2.h:137] Detect new sample comes, old_end7, new_end8
W20240201 01:16:51.118125 3392095 grad_async_v2.h:270] Sleep in <BlockToStepN>, step_no=128, pq.top=128
E20240201 01:16:51.479849 3392095 grad_async_v2.h:404] Stalled in ProcessBackward: rank=2, step_no=138, sample_step_cpp_seen_[rank]=137
E20240201 01:16:51.942647 3392472 parallel_pq_v2.h:79] insert failed, size(hashtable)=1
W20240201 01:16:52.093086 3392472 grad_async_v2.h:137] Detect new sample comes, old_end0, new_end1
W20240201 01:16:52.146191 3392095 grad_async_v2.h:270] Sleep in <BlockToStepN>, step_no=152, pq.top=152
+---------------------------+---------------------------+---------------------------+
| Name                      | P50                       | P99                       |
+---------------------------+---------------------------+---------------------------+
| GenInput                  | 1.117 ms                  | 21.143 ms                 |
| Forward                   | 3.733 ms                  | 6.833 ms                  |
| Backward                  | 2.967 ms                  | 5.678 ms                  |
| Optimize                  | 1.575 ms                  | 4.134 ms                  |
| BarrierTimeBeforeRank0    | 25.440 us                 | 15.740 ms                 |
| AfterBackward             | 18.743 ms                 | 247.633 ms                |
| BlockToStepN              | 288.452 us                | 2.773 ms                  |
| OneStep                   | 31.681 ms                 | 259.307 ms                |
+---------------------------+---------------------------+---------------------------+
E20240201 01:16:52.942018 3392472 parallel_pq_v2.h:79] insert failed, size(hashtable)=379
+---------------------------+---------------------------+---------------------------+
| Name                      | P50                       | P99                       |
+---------------------------+---------------------------+---------------------------+
| clean                     | 232.052 us                | 4.067 ms                  |
| ProcessBack:Shuffle       | 2.172 ms                  | 2.786 ms                  |
| ProcessBack:UpdateCache   | 1.710 ms                  | 2.607 ms                  |
| ProcessBack:UpsertPq      | 13.076 ms                 | 25.375 ms                 |
| ProcessOneStep            | 18.976 ms                 | 247.555 ms                |
| BlockToStepN              | 256.636 us                | 2.726 ms                  |
+---------------------------+---------------------------+---------------------------+
W20240201 01:16:53.102994 3392472 grad_async_v2.h:137] Detect new sample comes, old_end6, new_end7
W20240201 01:16:53.176889 3392095 grad_async_v2.h:270] Sleep in <BlockToStepN>, step_no=179, pq.top=179
E20240201 01:16:53.942027 3392499 parallel_pq_v2.h:79] insert failed, size(hashtable)=8410
[proc 1] 200 steps, total: 3.951, sample: 0.321, forward: 0.361, backward: 0.261, update: 0.137
[proc 3] 200 steps, total: 3.951, sample: 0.280, forward: 0.333, backward: 0.272, update: 0.153
[proc 2] 200 steps, total: 3.951, sample: 0.292, forward: 0.335, backward: 0.259, update: 0.132
[proc 0] 200 steps, total: 3.951, sample: 0.334, forward: 0.358, backward: 0.288, update: 0.151
W20240201 01:16:54.103834 3392472 grad_async_v2.h:137] Detect new sample comes, old_end1, new_end2
W20240201 01:16:54.222525 3392095 grad_async_v2.h:270] Sleep in <BlockToStepN>, step_no=205, pq.top=205
E20240201 01:16:54.942015 3392496 parallel_pq_v2.h:79] insert failed, size(hashtable)=7170
W20240201 01:16:55.107523 3392472 grad_async_v2.h:137] Detect new sample comes, old_end7, new_end8
W20240201 01:16:55.240692 3392095 grad_async_v2.h:270] Sleep in <BlockToStepN>, step_no=230, pq.top=230
E20240201 01:16:55.942023 3392472 parallel_pq_v2.h:79] insert failed, size(hashtable)=923
W20240201 01:16:56.160130 3392472 grad_async_v2.h:137] Detect new sample comes, old_end7, new_end2
W20240201 01:16:56.281797 3392095 grad_async_v2.h:270] Sleep in <BlockToStepN>, step_no=254, pq.top=254
E20240201 01:16:56.696563 3392095 grad_async_v2.h:404] Stalled in ProcessBackward: rank=3, step_no=265, sample_step_cpp_seen_[rank]=264
E20240201 01:16:56.942039 3392472 parallel_pq_v2.h:79] insert failed, size(hashtable)=504
W20240201 01:16:57.167848 3392472 grad_async_v2.h:137] Detect new sample comes, old_end1, new_end3
W20240201 01:16:57.344846 3392095 grad_async_v2.h:270] Sleep in <BlockToStepN>, step_no=277, pq.top=277
+---------------------------+---------------------------+---------------------------+
| Name                      | P50                       | P99                       |
+---------------------------+---------------------------+---------------------------+
| GenInput                  | 1.203 ms                  | 23.427 ms                 |
| Forward                   | 3.896 ms                  | 5.551 ms                  |
| Backward                  | 2.958 ms                  | 5.638 ms                  |
| Optimize                  | 1.676 ms                  | 3.986 ms                  |
| BarrierTimeBeforeRank0    | 25.440 us                 | 15.921 ms                 |
| AfterBackward             | 21.019 ms                 | 201.833 ms                |
| BlockToStepN              | 478.655 us                | 2.773 ms                  |
| OneStep                   | 34.401 ms                 | 223.596 ms                |
+---------------------------+---------------------------+---------------------------+
E20240201 01:16:57.942293 3392502 parallel_pq_v2.h:79] insert failed, size(hashtable)=10
+---------------------------+---------------------------+---------------------------+
| Name                      | P50                       | P99                       |
+---------------------------+---------------------------+---------------------------+
| clean                     | 268.882 us                | 3.550 ms                  |
| ProcessBack:Shuffle       | 2.313 ms                  | 3.139 ms                  |
| ProcessBack:UpdateCache   | 1.705 ms                  | 2.584 ms                  |
| ProcessBack:UpsertPq      | 15.474 ms                 | 24.069 ms                 |
| ProcessOneStep            | 20.737 ms                 | 201.795 ms                |
| BlockToStepN              | 428.427 us                | 2.726 ms                  |
+---------------------------+---------------------------+---------------------------+
W20240201 01:16:58.198040 3392472 grad_async_v2.h:137] Detect new sample comes, old_end3, new_end4
W20240201 01:16:58.430092 3392095 grad_async_v2.h:270] Sleep in <BlockToStepN>, step_no=298, pq.top=298
[proc 1] 300 steps, total: 4.511, sample: 0.314, forward: 0.383, backward: 0.272, update: 0.165
[proc 3] 300 steps, total: 4.511, sample: 0.274, forward: 0.327, backward: 0.259, update: 0.143
[proc 2] 300 steps, total: 4.511, sample: 0.248, forward: 0.317, backward: 0.253, update: 0.139
[proc 0] 300 steps, total: 4.511, sample: 0.382, forward: 0.405, backward: 0.289, update: 0.208
E20240201 01:16:58.942014 3392495 parallel_pq_v2.h:79] insert failed, size(hashtable)=9518
W20240201 01:16:59.203158 3392472 grad_async_v2.h:137] Detect new sample comes, old_end3, new_end4
W20240201 01:16:59.503012 3392095 grad_async_v2.h:270] Sleep in <BlockToStepN>, step_no=319, pq.top=319
E20240201 01:16:59.942008 3392499 parallel_pq_v2.h:79] insert failed, size(hashtable)=6303
W20240201 01:17:00.209748 3392472 grad_async_v2.h:137] Detect new sample comes, old_end3, new_end4
W20240201 01:17:00.552058 3392095 grad_async_v2.h:270] Sleep in <BlockToStepN>, step_no=340, pq.top=340
E20240201 01:17:00.942008 3392499 parallel_pq_v2.h:79] insert failed, size(hashtable)=7432
W20240201 01:17:01.211766 3392472 grad_async_v2.h:137] Detect new sample comes, old_end4, new_end5
E20240201 01:17:01.942039 3392095 parallel_pq_v2.h:79] insert failed, size(hashtable)=934
W20240201 01:17:01.948639 3392095 grad_async_v2.h:270] Sleep in <BlockToStepN>, step_no=369, pq.top=369
W20240201 01:17:02.212122 3392472 grad_async_v2.h:137] Detect new sample comes, old_end4, new_end5
+---------------------------+---------------------------+---------------------------+
| Name                      | P50                       | P99                       |
+---------------------------+---------------------------+---------------------------+
| GenInput                  | 1.311 ms                  | 24.340 ms                 |
| Forward                   | 3.958 ms                  | 5.739 ms                  |
| Backward                  | 2.963 ms                  | 5.638 ms                  |
| Optimize                  | 1.731 ms                  | 4.044 ms                  |
| BarrierTimeBeforeRank0    | 23.842 us                 | 15.740 ms                 |
| AfterBackward             | 22.913 ms                 | 201.833 ms                |
| BlockToStepN              | 677.638 us                | 2.929 ms                  |
| OneStep                   | 38.294 ms                 | 214.915 ms                |
+---------------------------+---------------------------+---------------------------+
E20240201 01:17:02.942190 3392280 parallel_pq_v2.h:79] insert failed, size(hashtable)=681
W20240201 01:17:02.956329 3392095 grad_async_v2.h:270] Sleep in <BlockToStepN>, step_no=390, pq.top=390
+---------------------------+---------------------------+---------------------------+
| Name                      | P50                       | P99                       |
+---------------------------+---------------------------+---------------------------+
| clean                     | 249.586 us                | 3.228 ms                  |
| ProcessBack:Shuffle       | 2.388 ms                  | 3.150 ms                  |
| ProcessBack:UpdateCache   | 1.797 ms                  | 2.735 ms                  |
| ProcessBack:UpsertPq      | 16.758 ms                 | 27.979 ms                 |
| ProcessOneStep            | 22.970 ms                 | 201.795 ms                |
| BlockToStepN              | 646.052 us                | 2.826 ms                  |
+---------------------------+---------------------------+---------------------------+
W20240201 01:17:03.214776 3392472 grad_async_v2.h:137] Detect new sample comes, old_end5, new_end6
[proc 1] 400 steps, total: 4.871, sample: 0.296, forward: 0.365, backward: 0.275, update: 0.162
[proc 3] 400 steps, total: 4.871, sample: 0.279, forward: 0.352, backward: 0.332, update: 0.143
[proc 2] 400 steps, total: 4.871, sample: 0.238, forward: 0.340, backward: 0.271, update: 0.152
[proc 0] 400 steps, total: 4.871, sample: 0.455, forward: 0.414, backward: 0.287, update: 0.193
E20240201 01:17:03.942008 3392280 parallel_pq_v2.h:79] insert failed, size(hashtable)=1638
W20240201 01:17:04.001999 3392095 grad_async_v2.h:270] Sleep in <BlockToStepN>, step_no=412, pq.top=412
W20240201 01:17:04.236939 3392472 grad_async_v2.h:137] Detect new sample comes, old_end7, new_end8
E20240201 01:17:04.942566 3392480 parallel_pq_v2.h:79] insert failed, size(hashtable)=4692
W20240201 01:17:05.160079 3392095 grad_async_v2.h:270] Sleep in <BlockToStepN>, step_no=435, pq.top=435
W20240201 01:17:05.240005 3392472 grad_async_v2.h:137] Detect new sample comes, old_end6, new_end7
E20240201 01:17:05.942242 3392472 parallel_pq_v2.h:79] insert failed, size(hashtable)=2
W20240201 01:17:06.175778 3392095 grad_async_v2.h:270] Sleep in <BlockToStepN>, step_no=455, pq.top=455
W20240201 01:17:06.240975 3392472 grad_async_v2.h:137] Detect new sample comes, old_end6, new_end7
E20240201 01:17:06.942065 3392490 parallel_pq_v2.h:79] insert failed, size(hashtable)=9873
W20240201 01:17:07.247676 3392472 grad_async_v2.h:137] Detect new sample comes, old_end7, new_end8
W20240201 01:17:07.348628 3392095 grad_async_v2.h:270] Sleep in <BlockToStepN>, step_no=479, pq.top=479
+---------------------------+---------------------------+---------------------------+
| Name                      | P50                       | P99                       |
+---------------------------+---------------------------+---------------------------+
| GenInput                  | 1.434 ms                  | 25.055 ms                 |
| Forward                   | 3.994 ms                  | 5.783 ms                  |
| Backward                  | 2.957 ms                  | 5.503 ms                  |
| Optimize                  | 1.777 ms                  | 4.044 ms                  |
| BarrierTimeBeforeRank0    | 24.231 us                 | 15.921 ms                 |
| AfterBackward             | 24.297 ms                 | 198.397 ms                |
| BlockToStepN              | 982.062 us                | 3.021 ms                  |
| OneStep                   | 43.065 ms                 | 213.103 ms                |
+---------------------------+---------------------------+---------------------------+
E20240201 01:17:07.942021 3392280 parallel_pq_v2.h:79] insert failed, size(hashtable)=1272
+---------------------------+---------------------------+---------------------------+
| Name                      | P50                       | P99                       |
+---------------------------+---------------------------+---------------------------+
| clean                     | 271.047 us                | 3.513 ms                  |
| ProcessBack:Shuffle       | 2.429 ms                  | 3.163 ms                  |
| ProcessBack:UpdateCache   | 1.809 ms                  | 2.735 ms                  |
| ProcessBack:UpsertPq      | 18.653 ms                 | 28.468 ms                 |
| ProcessOneStep            | 24.305 ms                 | 198.333 ms                |
| BlockToStepN              | 942.640 us                | 2.826 ms                  |
+---------------------------+---------------------------+---------------------------+
W20240201 01:17:08.250638 3392472 grad_async_v2.h:137] Detect new sample comes, old_end7, new_end8
W20240201 01:17:08.360184 3392095 grad_async_v2.h:270] Sleep in <BlockToStepN>, step_no=499, pq.top=499
[proc 3] 500 steps, total: 5.008, sample: 0.306, forward: 0.364, backward: 0.264, update: 0.157
[proc 1] 500 steps, total: 5.008, sample: 0.316, forward: 0.387, backward: 0.274, update: 0.193
[proc 2] 500 steps, total: 5.008, sample: 0.287, forward: 0.357, backward: 0.269, update: 0.163
[proc 0] 500 steps, total: 5.008, sample: 0.484, forward: 0.404, backward: 0.302, update: 0.208
Successfully xmh. training takes 24.746932983398438 seconds
before call kg_cache_controller.StopThreads()
W20240201 01:17:08.423390 3392095 grad_async_v2.h:84] call StopThreads. PID = 3391752
W20240201 01:17:08.423424 3392095 grad_base.h:212] before processOneStepNegThread_.join();
W20240201 01:17:08.423791 3392095 grad_base.h:214] after processOneStepNegThread_.join();
W20240201 01:17:08.423802 3392095 grad_async_v2.h:86] call GradProcessingBase::StopThreads.
[W tensorpipe_agent.cpp:725] RPC agent for worker0 encountered error when reading incoming request from worker3: eof (this error originated at tensorpipe/transport/shm/connection_impl.cc:259)
W20240201 01:17:08.426908 3392095 grad_async_v2.h:105] StopThreads done.
[W tensorpipe_agent.cpp:725] RPC agent for worker0 encountered error when reading incoming request from worker2: eof (this error originated at tensorpipe/transport/shm/connection_impl.cc:259)
[W tensorpipe_agent.cpp:725] RPC agent for worker0 encountered error when reading incoming request from worker1: eof (this error originated at tensorpipe/transport/shm/connection_impl.cc:259)
On rank0, prepare to call self.controller.StopThreads(), self=<python.controller_process.KGCacheControllerWrapper object at 0x7fb0d07a4e10>
