WARNING: Logging before InitGoogleLogging() is written to STDERR
I20240211 02:04:14.595435  5177 IPC_barrier.h:128] MultiProcessBarrierFactory->ClearIPCMemory()
W20240211 02:04:14.598641  5177 IPCTensor.h:369] NewIPCTensor: full_emb [9449206, 32]0x100000002000 1.126 GB
/data/home/xieminhui/RecStore/src/framework_adapters/torch/python/perf_rec_model.py:152: DeprecationWarning: The 'warn' function is deprecated, use 'warning' instead
  XLOG.warn("After init DistEmbedding")
WARNING [5177 perf_rec_model.py:152] After init DistEmbedding
========== Running Perf with routine <function routine_local_cache_helper at 0x7fbbf93298a0>==========
Worker 1 pid=5820
Worker 2 pid=5821
Worker 3 pid=5822
Worker 4 pid=5823
Worker 5 pid=5824
Worker 6 pid=5825
INFO [5177 distributed_c10d.py:442] Added key: store_based_barrier_key:1 to store for rank: 0
INFO [5820 distributed_c10d.py:442] Added key: store_based_barrier_key:1 to store for rank: 1
INFO [5821 distributed_c10d.py:442] Added key: store_based_barrier_key:1 to store for rank: 2
INFO [5822 distributed_c10d.py:442] Added key: store_based_barrier_key:1 to store for rank: 3
INFO [5823 distributed_c10d.py:442] Added key: store_based_barrier_key:1 to store for rank: 4
INFO [5824 distributed_c10d.py:442] Added key: store_based_barrier_key:1 to store for rank: 5
INFO [5825 distributed_c10d.py:442] Added key: store_based_barrier_key:1 to store for rank: 6
INFO [5826 distributed_c10d.py:442] Added key: store_based_barrier_key:1 to store for rank: 7
INFO [5825 distributed_c10d.py:476] Rank 6: Completed store-based barrier for key:store_based_barrier_key:1 with 8 nodes.
INFO [5826 distributed_c10d.py:476] Rank 7: Completed store-based barrier for key:store_based_barrier_key:1 with 8 nodes.
INFO [5823 distributed_c10d.py:476] Rank 4: Completed store-based barrier for key:store_based_barrier_key:1 with 8 nodes.
INFO [5820 distributed_c10d.py:476] Rank 1: Completed store-based barrier for key:store_based_barrier_key:1 with 8 nodes.
INFO [5824 distributed_c10d.py:476] Rank 5: Completed store-based barrier for key:store_based_barrier_key:1 with 8 nodes.
INFO [5177 distributed_c10d.py:476] Rank 0: Completed store-based barrier for key:store_based_barrier_key:1 with 8 nodes.
INFO [5822 distributed_c10d.py:476] Rank 3: Completed store-based barrier for key:store_based_barrier_key:1 with 8 nodes.
INFO [5821 distributed_c10d.py:476] Rank 2: Completed store-based barrier for key:store_based_barrier_key:1 with 8 nodes.
E20240211 02:04:20.954799  5825 IPCTensor.h:348] IPCTensor full_emb already exists
E20240211 02:04:20.954806  5826 IPCTensor.h:348] IPCTensor full_emb already exists
E20240211 02:04:20.954885  5823 IPCTensor.h:348] IPCTensor full_emb already exists
E20240211 02:04:20.954957  5177 IPCTensor.h:348] IPCTensor full_emb already exists
E20240211 02:04:20.954947  5820 IPCTensor.h:348] IPCTensor full_emb already exists
E20240211 02:04:20.954990  5824 IPCTensor.h:348] IPCTensor full_emb already exists
E20240211 02:04:20.955173  5822 IPCTensor.h:348] IPCTensor full_emb already exists
E20240211 02:04:20.955220  5821 IPCTensor.h:348] IPCTensor full_emb already exists
W20240211 02:04:26.296371  5826 IPCTensor.h:409] NewIPCGPUTensor: embedding_cache_7 [94492, 32]; dev=7; size=11.53 MB
W20240211 02:04:26.296473  5823 IPCTensor.h:409] NewIPCGPUTensor: embedding_cache_4 [94492, 32]; dev=4; size=11.53 MB
W20240211 02:04:26.298281  5825 IPCTensor.h:409] NewIPCGPUTensor: embedding_cache_6 [94492, 32]; dev=6; size=11.53 MB
W20240211 02:04:26.298491  5821 IPCTensor.h:409] NewIPCGPUTensor: embedding_cache_2 [94492, 32]; dev=2; size=11.53 MB
W20240211 02:04:26.298620  5177 IPCTensor.h:409] NewIPCGPUTensor: embedding_cache_0 [94492, 32]; dev=0; size=11.53 MB
W20240211 02:04:26.299271  5822 IPCTensor.h:409] NewIPCGPUTensor: embedding_cache_3 [94492, 32]; dev=3; size=11.53 MB
W20240211 02:04:26.299347  5820 IPCTensor.h:409] NewIPCGPUTensor: embedding_cache_1 [94492, 32]; dev=1; size=11.53 MB
W20240211 02:04:26.299346  5824 IPCTensor.h:409] NewIPCGPUTensor: embedding_cache_5 [94492, 32]; dev=5; size=11.53 MB
W20240211 02:04:27.042007  5825 IPCTensor.h:369] NewIPCTensor: input_keys_6 [1000000]0x10004817d000 7.629 MB
W20240211 02:04:27.042177  5825 IPCTensor.h:369] NewIPCTensor: input_keys_neg_6 [1000000]0x100048920000 7.629 MB
W20240211 02:04:27.042238  5825 IPCTensor.h:369] NewIPCTensor: backward_grads_6 [1000000, 32]0x1000490c3000 122.1 MB
W20240211 02:04:27.042284  5825 IPCTensor.h:369] NewIPCTensor: backward_grads_neg_6 [1000000, 32]0x100050ad7000 122.1 MB
W20240211 02:04:27.042320  5825 IPCTensor.h:409] NewIPCGPUTensor: backward_grads_6_gpu [1000000, 32]; dev=6; size=122.1 MB
W20240211 02:04:27.046958  5825 IPCTensor.h:409] NewIPCGPUTensor: backward_grads_neg_6_gpu [1000000, 32]; dev=6; size=122.1 MB
W20240211 02:04:27.055859  5826 IPCTensor.h:369] NewIPCTensor: input_keys_7 [1000000]0x1000584f3000 7.629 MB
W20240211 02:04:27.055971  5823 IPCTensor.h:369] NewIPCTensor: input_keys_4 [1000000]0x100058c96000 7.629 MB
W20240211 02:04:27.056002  5826 IPCTensor.h:369] NewIPCTensor: input_keys_neg_7 [1000000]0x100059439000 7.629 MB
W20240211 02:04:27.056094  5826 IPCTensor.h:369] NewIPCTensor: backward_grads_7 [1000000, 32]0x100059bdc000 122.1 MB
W20240211 02:04:27.056147  5826 IPCTensor.h:369] NewIPCTensor: backward_grads_neg_7 [1000000, 32]0x1000615f0000 122.1 MB
W20240211 02:04:27.056164  5823 IPCTensor.h:369] NewIPCTensor: input_keys_neg_4 [1000000]0x100069004000 7.629 MB
W20240211 02:04:27.056191  5826 IPCTensor.h:409] NewIPCGPUTensor: backward_grads_7_gpu [1000000, 32]; dev=7; size=122.1 MB
W20240211 02:04:27.056238  5823 IPCTensor.h:369] NewIPCTensor: backward_grads_4 [1000000, 32]0x1000697a7000 122.1 MB
W20240211 02:04:27.056288  5823 IPCTensor.h:369] NewIPCTensor: backward_grads_neg_4 [1000000, 32]0x1000711bb000 122.1 MB
W20240211 02:04:27.056329  5823 IPCTensor.h:409] NewIPCGPUTensor: backward_grads_4_gpu [1000000, 32]; dev=4; size=122.1 MB
W20240211 02:04:27.057258  5826 IPCTensor.h:409] NewIPCGPUTensor: backward_grads_neg_7_gpu [1000000, 32]; dev=7; size=122.1 MB
W20240211 02:04:27.061707  5823 IPCTensor.h:409] NewIPCGPUTensor: backward_grads_neg_4_gpu [1000000, 32]; dev=4; size=122.1 MB
W20240211 02:04:27.071482  5822 IPCTensor.h:369] NewIPCTensor: input_keys_3 [1000000]0x100078bd9000 7.629 MB
W20240211 02:04:27.071610  5822 IPCTensor.h:369] NewIPCTensor: input_keys_neg_3 [1000000]0x10007937c000 7.629 MB
W20240211 02:04:27.071674  5822 IPCTensor.h:369] NewIPCTensor: backward_grads_3 [1000000, 32]0x100079b1f000 122.1 MB
W20240211 02:04:27.071720  5822 IPCTensor.h:369] NewIPCTensor: backward_grads_neg_3 [1000000, 32]0x100081533000 122.1 MB
W20240211 02:04:27.071761  5822 IPCTensor.h:409] NewIPCGPUTensor: backward_grads_3_gpu [1000000, 32]; dev=3; size=122.1 MB
W20240211 02:04:27.083602  5822 IPCTensor.h:409] NewIPCGPUTensor: backward_grads_neg_3_gpu [1000000, 32]; dev=3; size=122.1 MB
W20240211 02:04:27.083783  5821 IPCTensor.h:369] NewIPCTensor: input_keys_2 [1000000]0x100088f4b000 7.629 MB
W20240211 02:04:27.083952  5821 IPCTensor.h:369] NewIPCTensor: input_keys_neg_2 [1000000]0x1000896ee000 7.629 MB
W20240211 02:04:27.084012  5821 IPCTensor.h:369] NewIPCTensor: backward_grads_2 [1000000, 32]0x100089e91000 122.1 MB
W20240211 02:04:27.084065  5821 IPCTensor.h:369] NewIPCTensor: backward_grads_neg_2 [1000000, 32]0x1000918a5000 122.1 MB
W20240211 02:04:27.084101  5821 IPCTensor.h:409] NewIPCGPUTensor: backward_grads_2_gpu [1000000, 32]; dev=2; size=122.1 MB
W20240211 02:04:27.084403  5824 IPCTensor.h:369] NewIPCTensor: input_keys_5 [1000000]0x1000992bd000 7.629 MB
W20240211 02:04:27.084542  5824 IPCTensor.h:369] NewIPCTensor: input_keys_neg_5 [1000000]0x100099a60000 7.629 MB
W20240211 02:04:27.084604  5821 IPCTensor.h:409] NewIPCGPUTensor: backward_grads_neg_2_gpu [1000000, 32]; dev=2; size=122.1 MB
W20240211 02:04:27.084611  5824 IPCTensor.h:369] NewIPCTensor: backward_grads_5 [1000000, 32]0x10009a205000 122.1 MB
W20240211 02:04:27.084662  5824 IPCTensor.h:369] NewIPCTensor: backward_grads_neg_5 [1000000, 32]0x1000a1c19000 122.1 MB
W20240211 02:04:27.084702  5824 IPCTensor.h:409] NewIPCGPUTensor: backward_grads_5_gpu [1000000, 32]; dev=5; size=122.1 MB
W20240211 02:04:27.085605  5824 IPCTensor.h:409] NewIPCGPUTensor: backward_grads_neg_5_gpu [1000000, 32]; dev=5; size=122.1 MB
W20240211 02:04:27.140435  5177 IPCTensor.h:369] NewIPCTensor: input_keys_0 [1000000]0x1000a9635000 7.629 MB
W20240211 02:04:27.140652  5177 IPCTensor.h:369] NewIPCTensor: input_keys_neg_0 [1000000]0x1000a9dd8000 7.629 MB
W20240211 02:04:27.140727  5177 IPCTensor.h:369] NewIPCTensor: backward_grads_0 [1000000, 32]0x1000aa57b000 122.1 MB
W20240211 02:04:27.140776  5177 IPCTensor.h:369] NewIPCTensor: backward_grads_neg_0 [1000000, 32]0x1000b1f8f000 122.1 MB
W20240211 02:04:27.140833  5177 IPCTensor.h:409] NewIPCGPUTensor: backward_grads_0_gpu [1000000, 32]; dev=0; size=122.1 MB
W20240211 02:04:27.216583  5177 IPCTensor.h:409] NewIPCGPUTensor: backward_grads_neg_0_gpu [1000000, 32]; dev=0; size=122.1 MB
W20240211 02:04:27.259915  5820 IPCTensor.h:369] NewIPCTensor: input_keys_1 [1000000]0x1000b99a7000 7.629 MB
W20240211 02:04:27.260295  5820 IPCTensor.h:369] NewIPCTensor: input_keys_neg_1 [1000000]0x1000ba14a000 7.629 MB
W20240211 02:04:27.260489  5820 IPCTensor.h:369] NewIPCTensor: backward_grads_1 [1000000, 32]0x1000ba8ed000 122.1 MB
W20240211 02:04:27.260638  5820 IPCTensor.h:369] NewIPCTensor: backward_grads_neg_1 [1000000, 32]0x1000c2301000 122.1 MB
W20240211 02:04:27.260773  5820 IPCTensor.h:409] NewIPCGPUTensor: backward_grads_1_gpu [1000000, 32]; dev=1; size=122.1 MB
W20240211 02:04:27.267877  5820 IPCTensor.h:409] NewIPCGPUTensor: backward_grads_neg_1_gpu [1000000, 32]; dev=1; size=122.1 MB
cudaHostRegister 0x100000002000
3: KnownLocalCachedEmbedding init done
cudaHostRegister 0x100000002000
4: KnownLocalCachedEmbedding init done
cudaHostRegister 0x100000002000
1: KnownLocalCachedEmbedding init done
cudaHostRegister 0x100000002000
5: KnownLocalCachedEmbedding init done
cudaHostRegister 0x100000002000
2: KnownLocalCachedEmbedding init done
cudaHostRegister 0x100000002000
6: KnownLocalCachedEmbedding init done
cudaHostRegister 0x100000002000
7: KnownLocalCachedEmbedding init done
Worker 7 pid=5826
New CachedEmbedding, name=full_emb, shape=(9449206, 32), cache_type=KnownLocalCachedEmbeddingSoftware
fixed cache_range is [(0, 94492), (94492, 188984), (188984, 283476), (283476, 377968), (377968, 472460), (472460, 566952), (566952, 661444), (661444, 755936)]
cudaHostRegister 0x100000002000
0: KnownLocalCachedEmbedding init done
W20240211 02:04:32.348701  5822 IPCTensor.h:369] NewIPCTensor: cached_sampler_r3_0 [1000000]0x1000c9d1b000 7.629 MB
W20240211 02:04:32.348914  5822 IPCTensor.h:369] NewIPCTensor: cached_sampler_r3_1 [1000000]0x1000ca4be000 7.629 MB
W20240211 02:04:32.348958  5822 IPCTensor.h:369] NewIPCTensor: cached_sampler_r3_2 [1000000]0x1000cac61000 7.629 MB
W20240211 02:04:32.349007  5822 IPCTensor.h:369] NewIPCTensor: cached_sampler_r3_3 [1000000]0x1000cb404000 7.629 MB
W20240211 02:04:32.349051  5822 IPCTensor.h:369] NewIPCTensor: cached_sampler_r3_4 [1000000]0x1000cbba7000 7.629 MB
W20240211 02:04:32.349095  5822 IPCTensor.h:369] NewIPCTensor: cached_sampler_r3_5 [1000000]0x1000cc34a000 7.629 MB
W20240211 02:04:32.349138  5822 IPCTensor.h:369] NewIPCTensor: cached_sampler_r3_6 [1000000]0x1000ccaed000 7.629 MB
W20240211 02:04:32.349215  5822 IPCTensor.h:369] NewIPCTensor: cached_sampler_r3_7 [1000000]0x1000cd290000 7.629 MB
W20240211 02:04:32.349261  5822 IPCTensor.h:369] NewIPCTensor: cached_sampler_r3_8 [1000000]0x1000cda33000 7.629 MB
W20240211 02:04:32.349310  5822 IPCTensor.h:369] NewIPCTensor: cached_sampler_r3_9 [1000000]0x1000ce1d6000 7.629 MB
W20240211 02:04:32.349359  5822 IPCTensor.h:369] NewIPCTensor: step_r3 [10]0x1000ce979000 80 B 
W20240211 02:04:32.349395  5822 IPCTensor.h:369] NewIPCTensor: circle_buffer_end_r3 [1]0x1000ce97b000 8 B 
W20240211 02:04:32.349426  5822 IPCTensor.h:369] NewIPCTensor: circle_buffer_end_cppseen_r3 [1]0x1000ce97d000 8 B 
Dataset:  /home/xieminhui/RecStoreDataset/avazu_binary
Dataset loaded
np.max =  9449205
np.min=  1
Construct RecModelSampler done
Construct KGCacheControllerWrapper done
E20240211 02:04:32.349994  5822 recstore.cc:66] init folly done
W20240211 02:04:32.358068  5823 IPCTensor.h:369] NewIPCTensor: cached_sampler_r4_0 [1000000]0x1000ce97f000 7.629 MB
W20240211 02:04:32.358225  5823 IPCTensor.h:369] NewIPCTensor: cached_sampler_r4_1 [1000000]0x1000cf122000 7.629 MB
W20240211 02:04:32.358268  5823 IPCTensor.h:369] NewIPCTensor: cached_sampler_r4_2 [1000000]0x1000cf8c5000 7.629 MB
W20240211 02:04:32.358316  5823 IPCTensor.h:369] NewIPCTensor: cached_sampler_r4_3 [1000000]0x1000d0068000 7.629 MB
W20240211 02:04:32.358361  5823 IPCTensor.h:369] NewIPCTensor: cached_sampler_r4_4 [1000000]0x1000d080b000 7.629 MB
W20240211 02:04:32.358415  5823 IPCTensor.h:369] NewIPCTensor: cached_sampler_r4_5 [1000000]0x1000d0fae000 7.629 MB
W20240211 02:04:32.358460  5823 IPCTensor.h:369] NewIPCTensor: cached_sampler_r4_6 [1000000]0x1000d1751000 7.629 MB
W20240211 02:04:32.358528  5823 IPCTensor.h:369] NewIPCTensor: cached_sampler_r4_7 [1000000]0x1000d1ef4000 7.629 MB
W20240211 02:04:32.358564  5823 IPCTensor.h:369] NewIPCTensor: cached_sampler_r4_8 [1000000]0x1000d2697000 7.629 MB
W20240211 02:04:32.358608  5823 IPCTensor.h:369] NewIPCTensor: cached_sampler_r4_9 [1000000]0x1000d2e3a000 7.629 MB
W20240211 02:04:32.358661  5823 IPCTensor.h:369] NewIPCTensor: step_r4 [10]0x1000d35dd000 80 B 
W20240211 02:04:32.358696  5823 IPCTensor.h:369] NewIPCTensor: circle_buffer_end_r4 [1]0x1000d35df000 8 B 
W20240211 02:04:32.358726  5823 IPCTensor.h:369] NewIPCTensor: circle_buffer_end_cppseen_r4 [1]0x1000d35e1000 8 B 
Dataset:  /home/xieminhui/RecStoreDataset/avazu_binary
Dataset loaded
np.max =  9449205
np.min=  1
Construct RecModelSampler done
Construct KGCacheControllerWrapper done
E20240211 02:04:32.359237  5823 recstore.cc:66] init folly done
W20240211 02:04:32.364243  5821 IPCTensor.h:369] NewIPCTensor: cached_sampler_r2_0 [1000000]0x1000d35e3000 7.629 MB
W20240211 02:04:32.364423  5821 IPCTensor.h:369] NewIPCTensor: cached_sampler_r2_1 [1000000]0x1000d3d86000 7.629 MB
W20240211 02:04:32.364473  5821 IPCTensor.h:369] NewIPCTensor: cached_sampler_r2_2 [1000000]0x1000d4529000 7.629 MB
W20240211 02:04:32.364531  5821 IPCTensor.h:369] NewIPCTensor: cached_sampler_r2_3 [1000000]0x1000d4ccc000 7.629 MB
W20240211 02:04:32.364578  5821 IPCTensor.h:369] NewIPCTensor: cached_sampler_r2_4 [1000000]0x1000d546f000 7.629 MB
W20240211 02:04:32.364622  5821 IPCTensor.h:369] NewIPCTensor: cached_sampler_r2_5 [1000000]0x1000d5c12000 7.629 MB
W20240211 02:04:32.364665  5821 IPCTensor.h:369] NewIPCTensor: cached_sampler_r2_6 [1000000]0x1000d63b5000 7.629 MB
W20240211 02:04:32.364737  5821 IPCTensor.h:369] NewIPCTensor: cached_sampler_r2_7 [1000000]0x1000d6b58000 7.629 MB
W20240211 02:04:32.364775  5821 IPCTensor.h:369] NewIPCTensor: cached_sampler_r2_8 [1000000]0x1000d72fb000 7.629 MB
W20240211 02:04:32.364818  5821 IPCTensor.h:369] NewIPCTensor: cached_sampler_r2_9 [1000000]0x1000d7a9e000 7.629 MB
W20240211 02:04:32.364864  5821 IPCTensor.h:369] NewIPCTensor: step_r2 [10]0x1000d8241000 80 B 
W20240211 02:04:32.364900  5821 IPCTensor.h:369] NewIPCTensor: circle_buffer_end_r2 [1]0x1000d8243000 8 B 
W20240211 02:04:32.364931  5821 IPCTensor.h:369] NewIPCTensor: circle_buffer_end_cppseen_r2 [1]0x1000d8245000 8 B 
Dataset:  /home/xieminhui/RecStoreDataset/avazu_binary
Dataset loaded
np.max =  9449205
np.min=  1
Construct RecModelSampler done
Construct KGCacheControllerWrapper done
E20240211 02:04:32.365789  5821 recstore.cc:66] init folly done
W20240211 02:04:32.375871  5826 IPCTensor.h:369] NewIPCTensor: cached_sampler_r7_0 [1000000]0x1000d8247000 7.629 MB
W20240211 02:04:32.376060  5826 IPCTensor.h:369] NewIPCTensor: cached_sampler_r7_1 [1000000]0x1000d89ea000 7.629 MB
W20240211 02:04:32.376111  5826 IPCTensor.h:369] NewIPCTensor: cached_sampler_r7_2 [1000000]0x1000d918d000 7.629 MB
W20240211 02:04:32.376163  5826 IPCTensor.h:369] NewIPCTensor: cached_sampler_r7_3 [1000000]0x1000d9930000 7.629 MB
W20240211 02:04:32.376209  5826 IPCTensor.h:369] NewIPCTensor: cached_sampler_r7_4 [1000000]0x1000da0d3000 7.629 MB
W20240211 02:04:32.376256  5826 IPCTensor.h:369] NewIPCTensor: cached_sampler_r7_5 [1000000]0x1000da876000 7.629 MB
W20240211 02:04:32.376317  5826 IPCTensor.h:369] NewIPCTensor: cached_sampler_r7_6 [1000000]0x1000db019000 7.629 MB
W20240211 02:04:32.376394  5826 IPCTensor.h:369] NewIPCTensor: cached_sampler_r7_7 [1000000]0x1000db7bc000 7.629 MB
W20240211 02:04:32.376437  5826 IPCTensor.h:369] NewIPCTensor: cached_sampler_r7_8 [1000000]0x1000dbf5f000 7.629 MB
W20240211 02:04:32.376487  5826 IPCTensor.h:369] NewIPCTensor: cached_sampler_r7_9 [1000000]0x1000dc702000 7.629 MB
W20240211 02:04:32.376550  5826 IPCTensor.h:369] NewIPCTensor: step_r7 [10]0x1000dcea5000 80 B 
W20240211 02:04:32.376586  5826 IPCTensor.h:369] NewIPCTensor: circle_buffer_end_r7 [1]0x1000dcea7000 8 B 
W20240211 02:04:32.376618  5826 IPCTensor.h:369] NewIPCTensor: circle_buffer_end_cppseen_r7 [1]0x1000dcea9000 8 B 
Dataset:  /home/xieminhui/RecStoreDataset/avazu_binary
Dataset loaded
np.max =  9449205
np.min=  1
Construct RecModelSampler done
Construct KGCacheControllerWrapper done
E20240211 02:04:32.377189  5826 recstore.cc:66] init folly done
W20240211 02:04:32.578353  5820 IPCTensor.h:369] NewIPCTensor: cached_sampler_r1_0 [1000000]0x1000dceab000 7.629 MB
W20240211 02:04:32.578727  5820 IPCTensor.h:369] NewIPCTensor: cached_sampler_r1_1 [1000000]0x1000dd64e000 7.629 MB
W20240211 02:04:32.578859  5820 IPCTensor.h:369] NewIPCTensor: cached_sampler_r1_2 [1000000]0x1000dddf1000 7.629 MB
W20240211 02:04:32.579016  5820 IPCTensor.h:369] NewIPCTensor: cached_sampler_r1_3 [1000000]0x1000de594000 7.629 MB
W20240211 02:04:32.579154  5820 IPCTensor.h:369] NewIPCTensor: cached_sampler_r1_4 [1000000]0x1000ded37000 7.629 MB
W20240211 02:04:32.579284  5820 IPCTensor.h:369] NewIPCTensor: cached_sampler_r1_5 [1000000]0x1000df4da000 7.629 MB
W20240211 02:04:32.579412  5820 IPCTensor.h:369] NewIPCTensor: cached_sampler_r1_6 [1000000]0x1000dfc7d000 7.629 MB
W20240211 02:04:32.579602  5820 IPCTensor.h:369] NewIPCTensor: cached_sampler_r1_7 [1000000]0x1000e0420000 7.629 MB
W20240211 02:04:32.579723  5820 IPCTensor.h:369] NewIPCTensor: cached_sampler_r1_8 [1000000]0x1000e0bc3000 7.629 MB
W20240211 02:04:32.579850  5820 IPCTensor.h:369] NewIPCTensor: cached_sampler_r1_9 [1000000]0x1000e1366000 7.629 MB
W20240211 02:04:32.579988  5820 IPCTensor.h:369] NewIPCTensor: step_r1 [10]0x1000e1b09000 80 B 
W20240211 02:04:32.580127  5820 IPCTensor.h:369] NewIPCTensor: circle_buffer_end_r1 [1]0x1000e1b0b000 8 B 
W20240211 02:04:32.580224  5820 IPCTensor.h:369] NewIPCTensor: circle_buffer_end_cppseen_r1 [1]0x1000e1b0d000 8 B 
Dataset:  /home/xieminhui/RecStoreDataset/avazu_binary
Dataset loaded
np.max =  9449205
np.min=  1
Construct RecModelSampler done
Construct KGCacheControllerWrapper done
E20240211 02:04:32.581257  5820 recstore.cc:66] init folly done
W20240211 02:04:32.614305  5825 IPCTensor.h:369] NewIPCTensor: cached_sampler_r6_0 [1000000]0x1000e1b0f000 7.629 MB
W20240211 02:04:32.614483  5825 IPCTensor.h:369] NewIPCTensor: cached_sampler_r6_1 [1000000]0x1000e22b2000 7.629 MB
W20240211 02:04:32.614531  5825 IPCTensor.h:369] NewIPCTensor: cached_sampler_r6_2 [1000000]0x1000e2a55000 7.629 MB
W20240211 02:04:32.614585  5825 IPCTensor.h:369] NewIPCTensor: cached_sampler_r6_3 [1000000]0x1000e31f8000 7.629 MB
W20240211 02:04:32.614640  5825 IPCTensor.h:369] NewIPCTensor: cached_sampler_r6_4 [1000000]0x1000e399b000 7.629 MB
W20240211 02:04:32.614693  5825 IPCTensor.h:369] NewIPCTensor: cached_sampler_r6_5 [1000000]0x1000e413e000 7.629 MB
W20240211 02:04:32.614740  5825 IPCTensor.h:369] NewIPCTensor: cached_sampler_r6_6 [1000000]0x1000e48e1000 7.629 MB
W20240211 02:04:32.614815  5825 IPCTensor.h:369] NewIPCTensor: cached_sampler_r6_7 [1000000]0x1000e5084000 7.629 MB
W20240211 02:04:32.614853  5825 IPCTensor.h:369] NewIPCTensor: cached_sampler_r6_8 [1000000]0x1000e5827000 7.629 MB
W20240211 02:04:32.614898  5825 IPCTensor.h:369] NewIPCTensor: cached_sampler_r6_9 [1000000]0x1000e5fca000 7.629 MB
W20240211 02:04:32.614948  5825 IPCTensor.h:369] NewIPCTensor: step_r6 [10]0x1000e676d000 80 B 
W20240211 02:04:32.614990  5825 IPCTensor.h:369] NewIPCTensor: circle_buffer_end_r6 [1]0x1000e676f000 8 B 
W20240211 02:04:32.615033  5825 IPCTensor.h:369] NewIPCTensor: circle_buffer_end_cppseen_r6 [1]0x1000e6771000 8 B 
Dataset:  /home/xieminhui/RecStoreDataset/avazu_binary
Dataset loaded
np.max =  9449205
np.min=  1
Construct RecModelSampler done
Construct KGCacheControllerWrapper done
E20240211 02:04:32.615563  5825 recstore.cc:66] init folly done
W20240211 02:04:32.646709  5177 IPCTensor.h:369] NewIPCTensor: cached_sampler_r0_0 [1000000]0x1000e6773000 7.629 MB
W20240211 02:04:32.646926  5177 IPCTensor.h:369] NewIPCTensor: cached_sampler_r0_1 [1000000]0x1000e6f16000 7.629 MB
W20240211 02:04:32.646981  5177 IPCTensor.h:369] NewIPCTensor: cached_sampler_r0_2 [1000000]0x1000e76b9000 7.629 MB
W20240211 02:04:32.647023  5177 IPCTensor.h:369] NewIPCTensor: cached_sampler_r0_3 [1000000]0x1000e7e5c000 7.629 MB
W20240211 02:04:32.647081  5177 IPCTensor.h:369] NewIPCTensor: cached_sampler_r0_4 [1000000]0x1000e85ff000 7.629 MB
W20240211 02:04:32.647125  5177 IPCTensor.h:369] NewIPCTensor: cached_sampler_r0_5 [1000000]0x1000e8da2000 7.629 MB
W20240211 02:04:32.647172  5177 IPCTensor.h:369] NewIPCTensor: cached_sampler_r0_6 [1000000]0x1000e9545000 7.629 MB
W20240211 02:04:32.647234  5177 IPCTensor.h:369] NewIPCTensor: cached_sampler_r0_7 [1000000]0x1000e9ce8000 7.629 MB
W20240211 02:04:32.647284  5177 IPCTensor.h:369] NewIPCTensor: cached_sampler_r0_8 [1000000]0x1000ea48b000 7.629 MB
W20240211 02:04:32.647313  5177 IPCTensor.h:369] NewIPCTensor: cached_sampler_r0_9 [1000000]0x1000eac2e000 7.629 MB
W20240211 02:04:32.647362  5177 IPCTensor.h:369] NewIPCTensor: step_r0 [10]0x1000eb3d1000 80 B 
W20240211 02:04:32.647400  5177 IPCTensor.h:369] NewIPCTensor: circle_buffer_end_r0 [1]0x1000eb3d3000 8 B 
W20240211 02:04:32.647428  5177 IPCTensor.h:369] NewIPCTensor: circle_buffer_end_cppseen_r0 [1]0x1000eb3d5000 8 B 
Dataset:  /home/xieminhui/RecStoreDataset/avazu_binary
Dataset loaded
np.max =  9449205
np.min=  1
Construct RecModelSampler done
Construct KGCacheControllerWrapper done
E20240211 02:04:32.648183  5177 recstore.cc:66] init folly done
W20240211 02:04:32.839854  5824 IPCTensor.h:369] NewIPCTensor: cached_sampler_r5_0 [1000000]0x1000eb3d7000 7.629 MB
W20240211 02:04:32.840122  5824 IPCTensor.h:369] NewIPCTensor: cached_sampler_r5_1 [1000000]0x1000ebb7a000 7.629 MB
W20240211 02:04:32.840178  5824 IPCTensor.h:369] NewIPCTensor: cached_sampler_r5_2 [1000000]0x1000ec31d000 7.629 MB
W20240211 02:04:32.840242  5824 IPCTensor.h:369] NewIPCTensor: cached_sampler_r5_3 [1000000]0x1000ecac0000 7.629 MB
W20240211 02:04:32.840292  5824 IPCTensor.h:369] NewIPCTensor: cached_sampler_r5_4 [1000000]0x1000ed263000 7.629 MB
W20240211 02:04:32.840340  5824 IPCTensor.h:369] NewIPCTensor: cached_sampler_r5_5 [1000000]0x1000eda06000 7.629 MB
W20240211 02:04:32.840399  5824 IPCTensor.h:369] NewIPCTensor: cached_sampler_r5_6 [1000000]0x1000ee1a9000 7.629 MB
W20240211 02:04:32.840476  5824 IPCTensor.h:369] NewIPCTensor: cached_sampler_r5_7 [1000000]0x1000ee94c000 7.629 MB
W20240211 02:04:32.840525  5824 IPCTensor.h:369] NewIPCTensor: cached_sampler_r5_8 [1000000]0x1000ef0ef000 7.629 MB
W20240211 02:04:32.840579  5824 IPCTensor.h:369] NewIPCTensor: cached_sampler_r5_9 [1000000]0x1000ef892000 7.629 MB
W20240211 02:04:32.840631  5824 IPCTensor.h:369] NewIPCTensor: step_r5 [10]0x1000f0035000 80 B 
W20240211 02:04:32.840672  5824 IPCTensor.h:369] NewIPCTensor: circle_buffer_end_r5 [1]0x1000f0037000 8 B 
W20240211 02:04:32.840706  5824 IPCTensor.h:369] NewIPCTensor: circle_buffer_end_cppseen_r5 [1]0x1000f0039000 8 B 
Dataset:  /home/xieminhui/RecStoreDataset/avazu_binary
Dataset loaded
np.max =  9449205
np.min=  1
Construct RecModelSampler done
Construct KGCacheControllerWrapper done
E20240211 02:04:32.841284  5824 recstore.cc:66] init folly done
Before Training
Before Training
I20240211 02:04:33.779219  5820 IPC_barrier.h:118] CreateBarrier: new barrier, name: start_barrier, count: 8
I20240211 02:04:33.779246  5821 IPC_barrier.h:112] CreateBarrier: find existing barrier, name: start_barrier, count: 8
Before Training
Before Training
Before Training
I20240211 02:04:33.779603  5824 IPC_barrier.h:112] CreateBarrier: find existing barrier, name: start_barrier, count: 8
Before Training
I20240211 02:04:33.779633  5177 IPC_barrier.h:112] CreateBarrier: find existing barrier, name: start_barrier, count: 8
Before Training
Before Training
I20240211 02:04:33.779670  5826 IPC_barrier.h:112] CreateBarrier: find existing barrier, name: start_barrier, count: 8
I20240211 02:04:33.779702  5822 IPC_barrier.h:112] CreateBarrier: find existing barrier, name: start_barrier, count: 8
I20240211 02:04:33.779737  5825 IPC_barrier.h:112] CreateBarrier: find existing barrier, name: start_barrier, count: 8
I20240211 02:04:33.779757  5823 IPC_barrier.h:112] CreateBarrier: find existing barrier, name: start_barrier, count: 8
========== Step 0 ========== 
+---------------------------+---------------------------+---------------------------+
| Name                      | P50                       | P99                       |
+---------------------------+---------------------------+---------------------------+
| GenInput:CircleBuffer     | 170.955 us                | 170.955 us                |
| GenInput                  | 414.496 us                | 414.496 us                |
| bucket keys               | 62.397 ms                 | 62.397 ms                 |
| forward: join             | 30.728 ms                 | 30.728 ms                 |
| NN                        | 177.708 ms                | 177.708 ms                |
| Forward                   | 352.176 ms                | 352.176 ms                |
| back: bucket keys         | 628.408 us                | 628.408 us                |
+---------------------------+---------------------------+---------------------------+
+---------------------------+---------------------------+---------------------------+
| Name                      | P50                       | P99                       |
+---------------------------+---------------------------+---------------------------+
| GenInput:CircleBuffer     | 170.955 us                | 170.955 us                |
| GenInput                  | 414.496 us                | 414.496 us                |
| bucket keys               | 62.397 ms                 | 62.397 ms                 |
| forward: join             | 30.728 ms                 | 30.728 ms                 |
| NN                        | 177.708 ms                | 177.708 ms                |
| Forward                   | 352.176 ms                | 352.176 ms                |
| back: bucket keys         | 628.408 us                | 628.408 us                |
+---------------------------+---------------------------+---------------------------+
+---------------------------+---------------------------+---------------------------+
| Name                      | P50                       | P99                       |
+---------------------------+---------------------------+---------------------------+
| GenInput:CircleBuffer     | 170.955 us                | 170.955 us                |
| GenInput                  | 414.496 us                | 414.496 us                |
| bucket keys               | 62.397 ms                 | 62.397 ms                 |
| forward: join             | 30.728 ms                 | 30.728 ms                 |
| NN                        | 177.708 ms                | 177.708 ms                |
| Forward                   | 352.176 ms                | 352.176 ms                |
| back: bucket keys         | 628.408 us                | 628.408 us                |
+---------------------------+---------------------------+---------------------------+
+---------------------------+---------------------------+---------------------------+
| Name                      | P50                       | P99                       |
+---------------------------+---------------------------+---------------------------+
| GenInput:CircleBuffer     | 170.955 us                | 170.955 us                |
| GenInput                  | 414.496 us                | 414.496 us                |
| bucket keys               | 62.397 ms                 | 62.397 ms                 |
| forward: join             | 30.728 ms                 | 30.728 ms                 |
| NN                        | 177.708 ms                | 177.708 ms                |
| Forward                   | 352.176 ms                | 352.176 ms                |
| back: bucket keys         | 628.408 us                | 628.408 us                |
+---------------------------+---------------------------+---------------------------+
+---------------------------+---------------------------+---------------------------+
| Name                      | P50                       | P99                       |
+---------------------------+---------------------------+---------------------------+
| GenInput:CircleBuffer     | 170.955 us                | 170.955 us                |
| GenInput                  | 414.496 us                | 414.496 us                |
| bucket keys               | 62.397 ms                 | 62.397 ms                 |
| forward: join             | 30.728 ms                 | 30.728 ms                 |
| NN                        | 177.708 ms                | 177.708 ms                |
| Forward                   | 352.176 ms                | 352.176 ms                |
| back: bucket keys         | 628.408 us                | 628.408 us                |
+---------------------------+---------------------------+---------------------------+
+---------------------------+---------------------------+---------------------------+
| Name                      | P50                       | P99                       |
+---------------------------+---------------------------+---------------------------+
| GenInput:CircleBuffer     | 170.955 us                | 170.955 us                |
| GenInput                  | 414.496 us                | 414.496 us                |
| bucket keys               | 62.397 ms                 | 62.397 ms                 |
| forward: join             | 30.728 ms                 | 30.728 ms                 |
| NN                        | 177.708 ms                | 177.708 ms                |
| Forward                   | 352.176 ms                | 352.176 ms                |
| back: bucket keys         | 628.408 us                | 628.408 us                |
+---------------------------+---------------------------+---------------------------+
+---------------------------+---------------------------+---------------------------+
| Name                      | P50                       | P99                       |
+---------------------------+---------------------------+---------------------------+
| GenInput:CircleBuffer     | 170.955 us                | 170.955 us                |
| GenInput                  | 414.496 us                | 414.496 us                |
| bucket keys               | 62.397 ms                 | 62.397 ms                 |
| forward: join             | 30.728 ms                 | 30.728 ms                 |
| NN                        | 177.708 ms                | 177.708 ms                |
| Forward                   | 352.176 ms                | 352.176 ms                |
| back: bucket keys         | 628.408 us                | 628.408 us                |
+---------------------------+---------------------------+---------------------------+
+---------------------------+---------------------------+---------------------------+
| Name                      | P50                       | P99                       |
+---------------------------+---------------------------+---------------------------+
| GenInput:CircleBuffer     | 170.955 us                | 170.955 us                |
| GenInput                  | 414.496 us                | 414.496 us                |
| bucket keys               | 62.397 ms                 | 62.397 ms                 |
| forward: join             | 30.728 ms                 | 30.728 ms                 |
| NN                        | 177.708 ms                | 177.708 ms                |
| Forward                   | 352.176 ms                | 352.176 ms                |
| back: bucket keys         | 628.408 us                | 628.408 us                |
+---------------------------+---------------------------+---------------------------+
+---------------------------+---------------------------+---------------------------+
| Name                      | P50                       | P99                       |
+---------------------------+---------------------------+---------------------------+
| GenInput:CircleBuffer     | 170.955 us                | 170.955 us                |
| GenInput                  | 414.496 us                | 414.496 us                |
| bucket keys               | 62.397 ms                 | 62.397 ms                 |
| forward: join             | 30.728 ms                 | 30.728 ms                 |
| NN                        | 177.708 ms                | 177.708 ms                |
| Forward                   | 352.176 ms                | 352.176 ms                |
| back: bucket keys         | 628.408 us                | 628.408 us                |
+---------------------------+---------------------------+---------------------------+
+---------------------------+---------------------------+---------------------------+
| Name                      | P50                       | P99                       |
+---------------------------+---------------------------+---------------------------+
| GenInput:CircleBuffer     | 170.955 us                | 170.955 us                |
| GenInput                  | 414.496 us                | 414.496 us                |
| bucket keys               | 62.397 ms                 | 62.397 ms                 |
| forward: join             | 30.728 ms                 | 30.728 ms                 |
| NN                        | 177.708 ms                | 177.708 ms                |
| Forward                   | 352.176 ms                | 352.176 ms                |
| back: bucket keys         | 628.408 us                | 628.408 us                |
+---------------------------+---------------------------+---------------------------+
========== Step 1 ========== 
INFO [5177 distributed.py:1140] Reducer buckets have been rebuilt in this iteration.
INFO [5820 distributed.py:1140] Reducer buckets have been rebuilt in this iteration.
INFO [5826 distributed.py:1140] Reducer buckets have been rebuilt in this iteration.
INFO [5822 distributed.py:1140] Reducer buckets have been rebuilt in this iteration.
INFO [5821 distributed.py:1140] Reducer buckets have been rebuilt in this iteration.
INFO [5823 distributed.py:1140] Reducer buckets have been rebuilt in this iteration.
INFO [5824 distributed.py:1140] Reducer buckets have been rebuilt in this iteration.
INFO [5825 distributed.py:1140] Reducer buckets have been rebuilt in this iteration.
========== Step 2 ========== 
========== Step 3 ========== 
========== Step 4 ========== 
========== Step 5 ========== 
========== Step 6 ========== 
+---------------------------+---------------------------+---------------------------+
| Name                      | P50                       | P99                       |
+---------------------------+---------------------------+---------------------------+
| GenInput:CircleBuffer     | 126.622 us                | 204.778 us                |
| GenInput                  | 729.803 us                | 2.776 ms                  |
| bucket keys               | 635.814 us                | 62.397 ms                 |
| forward: join             | 26.763 ms                 | 89.874 ms                 |
| NN                        | 1.163 ms                  | 177.708 ms                |
| Forward                   | 75.754 ms                 | 352.176 ms                |
| back: bucket keys         | 414.337 us                | 628.408 us                |
| back: a2a                 | 61.399 ms                 | 51.468 s                  |
| back: cache               | 9.617 ms                  | 25.600 ms                 |
| back: aggr dram keys      | 15.845 ms                 | 885.435 ms                |
| back: set dram grad       | 479.503 us                | 836.459 us                |
| Backward                  | 100.610 ms                | 52.462 s                  |
| Optimize                  | 16.383 ms                 | 129.033 ms                |
| OneStep                   | 156.302 ms                | 52.946 s                  |
+---------------------------+---------------------------+---------------------------+
========== Step 7 ========== 
========== Step 8 ========== 
========== Step 9 ========== 
========== Step 10 ========== 
========== Step 11 ========== 
========== Step 12 ========== 
========== Step 13 ========== 
========== Step 14 ========== 
========== Step 15 ========== 
========== Step 16 ========== 
========== Step 17 ========== 
========== Step 18 ========== 
========== Step 19 ========== 
========== Step 20 ========== 
========== Step 21 ========== 
========== Step 22 ========== 
========== Step 23 ========== 
========== Step 24 ========== 
========== Step 25 ========== 
========== Step 26 ========== 
========== Step 27 ========== 
========== Step 28 ========== 
========== Step 29 ========== 
========== Step 30 ========== 
========== Step 31 ========== 
========== Step 32 ========== 
========== Step 33 ========== 
========== Step 34 ========== 
========== Step 35 ========== 
========== Step 36 ========== 
========== Step 37 ========== 
========== Step 38 ========== 
========== Step 39 ========== 
+---------------------------+---------------------------+---------------------------+
| Name                      | P50                       | P99                       |
+---------------------------+---------------------------+---------------------------+
| GenInput:CircleBuffer     | 133.267 us                | 249.833 us                |
| GenInput                  | 536.889 us                | 8.042 ms                  |
| bucket keys               | 635.291 us                | 62.397 ms                 |
| forward: join             | 63.410 ms                 | 108.063 ms                |
| NN                        | 1.064 ms                  | 177.708 ms                |
| Forward                   | 75.754 ms                 | 352.176 ms                |
| back: bucket keys         | 443.470 us                | 10.467 ms                 |
| back: a2a                 | 31.902 ms                 | 51.468 s                  |
| back: cache               | 9.302 ms                  | 25.600 ms                 |
| back: aggr dram keys      | 15.166 ms                 | 885.435 ms                |
| back: set dram grad       | 493.612 us                | 871.367 us                |
| Backward                  | 66.012 ms                 | 52.462 s                  |
| Optimize                  | 16.508 ms                 | 129.033 ms                |
| OneStep                   | 154.744 ms                | 52.946 s                  |
+---------------------------+---------------------------+---------------------------+
========== Step 40 ========== 
========== Step 41 ========== 
========== Step 42 ========== 
========== Step 43 ========== 
========== Step 44 ========== 
========== Step 45 ========== 
========== Step 46 ========== 
========== Step 47 ========== 
========== Step 48 ========== 
========== Step 49 ========== 
Successfully xmh
