WARNING: Logging before InitGoogleLogging() is written to STDERR
I20240124 17:01:46.445065 51520 IPC_barrier.h:128] MultiProcessBarrierFactory->ClearIPCMemory()
/home/xieminhui/RecStore/src/framework_adapters/torch/kg/dgl-0.9.1/python/dgl/_deprecate/graph.py:1023: DGLWarning: multigraph will be deprecated.DGL will treat all graphs as multigraph in the future.
  dgl_warning("multigraph will be deprecated." \
/home/xieminhui/RecStore/src/framework_adapters/torch/kg/dgl-0.9.1/python/dgl/heterograph.py:72: DGLWarning: Recommend creating graphs by `dgl.graph(data)` instead of `dgl.DGLGraph(data)`.
  dgl_warning('Recommend creating graphs by `dgl.graph(data)`'
Reading train triples....
Finished. Read 304727650 train triples.
Reading valid triples....
Finished. Read 16929318 valid triples.
Reading test triples....
Finished. Read 16929308 test triples.
ARGS:  Namespace(model_name='TransE', data_path='/home/xieminhui/dgl-data', dataset='Freebase', format='built_in', data_files=None, delimiter='\t', save_path='/tmp/ckpts/TransE_Freebase_82', no_save_emb=True, max_step=500, batch_size=1600, batch_size_eval=16, neg_sample_size=200, neg_deg_sample=False, neg_deg_sample_eval=False, neg_sample_size_eval=86054151, eval_percent=1, no_eval_filter=False, log_interval=100, eval_interval=10000, test=False, num_proc=8, num_thread=1, force_sync_interval=1, hidden_dim=400, lr=0.01, gamma=16.0, double_ent=False, double_rel=False, neg_adversarial_sampling=False, adversarial_temperature=1.0, regularization_coef=0.0, regularization_norm=3, pairwise=False, loss_genre='Logsigmoid', margin=1.0, nr_gpus=8, gpu=[0, 1, 2, 3, 4, 5, 6, 7], mix_cpu_gpu=True, valid=False, rel_part=False, async_update=None, has_edge_importance=False, cached_emb_type='KnownLocalCachedEmbedding', use_my_emb=True, cache_ratio=0.05, shuffle=False, backwardMode='CppAsyncV2', L=10, kForwardItersPerStep=2, backgrad_init='both', eval_filter=True, soft_rel_part=False)
|Train|: 304727650
original graph:  DGLGraph(num_nodes=86054151, num_edges=338586276,
         ndata_schemes={}
         edata_schemes={'tid': Scheme(shape=(), dtype=torch.int64)})
Loading cached metis
WARNING [51520 sampler.py:454] Start PreSampling
WARNING [51520 sampler.py:532] Before construct renumbering_dict
WARNING [51520 sampler.py:555] PreSampling done
W20240124 17:14:54.329627 51520 IPCTensor.h:365] NewIPCTensor: cached_sampler_r0_0 [100000]0x100000002000 781.2 kB
W20240124 17:14:54.329828 51520 IPCTensor.h:365] NewIPCTensor: cached_sampler_r0_1 [100000]0x1000000c7000 781.2 kB
W20240124 17:14:54.329865 51520 IPCTensor.h:365] NewIPCTensor: cached_sampler_r0_2 [100000]0x10000018c000 781.2 kB
W20240124 17:14:54.329903 51520 IPCTensor.h:365] NewIPCTensor: cached_sampler_r0_3 [100000]0x100000251000 781.2 kB
W20240124 17:14:54.329929 51520 IPCTensor.h:365] NewIPCTensor: cached_sampler_r0_4 [100000]0x100000316000 781.2 kB
W20240124 17:14:54.329955 51520 IPCTensor.h:365] NewIPCTensor: cached_sampler_r0_5 [100000]0x1000003db000 781.2 kB
W20240124 17:14:54.329979 51520 IPCTensor.h:365] NewIPCTensor: cached_sampler_r0_6 [100000]0x1000004a0000 781.2 kB
W20240124 17:14:54.330009 51520 IPCTensor.h:365] NewIPCTensor: cached_sampler_r0_7 [100000]0x100000565000 781.2 kB
W20240124 17:14:54.330039 51520 IPCTensor.h:365] NewIPCTensor: cached_sampler_r0_8 [100000]0x10000062a000 781.2 kB
W20240124 17:14:54.330061 51520 IPCTensor.h:365] NewIPCTensor: cached_sampler_r0_9 [100000]0x1000006ef000 781.2 kB
W20240124 17:14:54.330090 51520 IPCTensor.h:365] NewIPCTensor: step_r0 [10]0x1000007b4000 80 B 
W20240124 17:14:54.330113 51520 IPCTensor.h:365] NewIPCTensor: circle_buffer_end_r0 [1]0x1000007b6000 8 B 
W20240124 17:14:54.330140 51520 IPCTensor.h:365] NewIPCTensor: circle_buffer_end_cppseen_r0 [1]0x1000007b8000 8 B 
W20240124 17:14:54.330283 51520 IPCTensor.h:365] NewIPCTensor: cached_sampler_r1_0 [100000]0x1000007ba000 781.2 kB
W20240124 17:14:54.330313 51520 IPCTensor.h:365] NewIPCTensor: cached_sampler_r1_1 [100000]0x10000087f000 781.2 kB
W20240124 17:14:54.330335 51520 IPCTensor.h:365] NewIPCTensor: cached_sampler_r1_2 [100000]0x100000944000 781.2 kB
W20240124 17:14:54.330372 51520 IPCTensor.h:365] NewIPCTensor: cached_sampler_r1_3 [100000]0x100000a09000 781.2 kB
W20240124 17:14:54.330394 51520 IPCTensor.h:365] NewIPCTensor: cached_sampler_r1_4 [100000]0x100000ace000 781.2 kB
W20240124 17:14:54.330415 51520 IPCTensor.h:365] NewIPCTensor: cached_sampler_r1_5 [100000]0x100000b93000 781.2 kB
W20240124 17:14:54.330440 51520 IPCTensor.h:365] NewIPCTensor: cached_sampler_r1_6 [100000]0x100000c58000 781.2 kB
W20240124 17:14:54.330472 51520 IPCTensor.h:365] NewIPCTensor: cached_sampler_r1_7 [100000]0x100000d1d000 781.2 kB
W20240124 17:14:54.330497 51520 IPCTensor.h:365] NewIPCTensor: cached_sampler_r1_8 [100000]0x100000de2000 781.2 kB
W20240124 17:14:54.330526 51520 IPCTensor.h:365] NewIPCTensor: cached_sampler_r1_9 [100000]0x100000ea7000 781.2 kB
W20240124 17:14:54.330554 51520 IPCTensor.h:365] NewIPCTensor: step_r1 [10]0x100000f6c000 80 B 
W20240124 17:14:54.330571 51520 IPCTensor.h:365] NewIPCTensor: circle_buffer_end_r1 [1]0x100000f6e000 8 B 
W20240124 17:14:54.330590 51520 IPCTensor.h:365] NewIPCTensor: circle_buffer_end_cppseen_r1 [1]0x100000f70000 8 B 
W20240124 17:14:54.330637 51520 IPCTensor.h:365] NewIPCTensor: cached_sampler_r2_0 [100000]0x100000f72000 781.2 kB
W20240124 17:14:54.330667 51520 IPCTensor.h:365] NewIPCTensor: cached_sampler_r2_1 [100000]0x100001037000 781.2 kB
W20240124 17:14:54.330693 51520 IPCTensor.h:365] NewIPCTensor: cached_sampler_r2_2 [100000]0x1000010fc000 781.2 kB
W20240124 17:14:54.330714 51520 IPCTensor.h:365] NewIPCTensor: cached_sampler_r2_3 [100000]0x1000011c1000 781.2 kB
W20240124 17:14:54.330736 51520 IPCTensor.h:365] NewIPCTensor: cached_sampler_r2_4 [100000]0x100001286000 781.2 kB
W20240124 17:14:54.330756 51520 IPCTensor.h:365] NewIPCTensor: cached_sampler_r2_5 [100000]0x10000134b000 781.2 kB
W20240124 17:14:54.330782 51520 IPCTensor.h:365] NewIPCTensor: cached_sampler_r2_6 [100000]0x100001410000 781.2 kB
W20240124 17:14:54.330802 51520 IPCTensor.h:365] NewIPCTensor: cached_sampler_r2_7 [100000]0x1000014d5000 781.2 kB
W20240124 17:14:54.330825 51520 IPCTensor.h:365] NewIPCTensor: cached_sampler_r2_8 [100000]0x10000159a000 781.2 kB
W20240124 17:14:54.330850 51520 IPCTensor.h:365] NewIPCTensor: cached_sampler_r2_9 [100000]0x10000165f000 781.2 kB
W20240124 17:14:54.330871 51520 IPCTensor.h:365] NewIPCTensor: step_r2 [10]0x100001724000 80 B 
W20240124 17:14:54.330888 51520 IPCTensor.h:365] NewIPCTensor: circle_buffer_end_r2 [1]0x100001726000 8 B 
W20240124 17:14:54.330904 51520 IPCTensor.h:365] NewIPCTensor: circle_buffer_end_cppseen_r2 [1]0x100001728000 8 B 
W20240124 17:14:54.330945 51520 IPCTensor.h:365] NewIPCTensor: cached_sampler_r3_0 [100000]0x10000172a000 781.2 kB
W20240124 17:14:54.330972 51520 IPCTensor.h:365] NewIPCTensor: cached_sampler_r3_1 [100000]0x1000017ef000 781.2 kB
W20240124 17:14:54.330999 51520 IPCTensor.h:365] NewIPCTensor: cached_sampler_r3_2 [100000]0x1000018b4000 781.2 kB
W20240124 17:14:54.331027 51520 IPCTensor.h:365] NewIPCTensor: cached_sampler_r3_3 [100000]0x100001979000 781.2 kB
W20240124 17:14:54.331058 51520 IPCTensor.h:365] NewIPCTensor: cached_sampler_r3_4 [100000]0x100001a3e000 781.2 kB
W20240124 17:14:54.331079 51520 IPCTensor.h:365] NewIPCTensor: cached_sampler_r3_5 [100000]0x100001b03000 781.2 kB
W20240124 17:14:54.331104 51520 IPCTensor.h:365] NewIPCTensor: cached_sampler_r3_6 [100000]0x100001bc8000 781.2 kB
W20240124 17:14:54.331126 51520 IPCTensor.h:365] NewIPCTensor: cached_sampler_r3_7 [100000]0x100001c8d000 781.2 kB
W20240124 17:14:54.331154 51520 IPCTensor.h:365] NewIPCTensor: cached_sampler_r3_8 [100000]0x100001d52000 781.2 kB
W20240124 17:14:54.331177 51520 IPCTensor.h:365] NewIPCTensor: cached_sampler_r3_9 [100000]0x100001e17000 781.2 kB
W20240124 17:14:54.331202 51520 IPCTensor.h:365] NewIPCTensor: step_r3 [10]0x100001edc000 80 B 
W20240124 17:14:54.331219 51520 IPCTensor.h:365] NewIPCTensor: circle_buffer_end_r3 [1]0x100001ede000 8 B 
W20240124 17:14:54.331235 51520 IPCTensor.h:365] NewIPCTensor: circle_buffer_end_cppseen_r3 [1]0x100001ee0000 8 B 
W20240124 17:14:54.331280 51520 IPCTensor.h:365] NewIPCTensor: cached_sampler_r4_0 [100000]0x100001ee2000 781.2 kB
W20240124 17:14:54.331318 51520 IPCTensor.h:365] NewIPCTensor: cached_sampler_r4_1 [100000]0x100001fa7000 781.2 kB
W20240124 17:14:54.331341 51520 IPCTensor.h:365] NewIPCTensor: cached_sampler_r4_2 [100000]0x10000206c000 781.2 kB
W20240124 17:14:54.331362 51520 IPCTensor.h:365] NewIPCTensor: cached_sampler_r4_3 [100000]0x100002131000 781.2 kB
W20240124 17:14:54.331384 51520 IPCTensor.h:365] NewIPCTensor: cached_sampler_r4_4 [100000]0x1000021f6000 781.2 kB
W20240124 17:14:54.331404 51520 IPCTensor.h:365] NewIPCTensor: cached_sampler_r4_5 [100000]0x1000022bb000 781.2 kB
W20240124 17:14:54.331434 51520 IPCTensor.h:365] NewIPCTensor: cached_sampler_r4_6 [100000]0x100002380000 781.2 kB
W20240124 17:14:54.331459 51520 IPCTensor.h:365] NewIPCTensor: cached_sampler_r4_7 [100000]0x100002445000 781.2 kB
W20240124 17:14:54.331490 51520 IPCTensor.h:365] NewIPCTensor: cached_sampler_r4_8 [100000]0x10000250a000 781.2 kB
W20240124 17:14:54.331519 51520 IPCTensor.h:365] NewIPCTensor: cached_sampler_r4_9 [100000]0x1000025cf000 781.2 kB
W20240124 17:14:54.331544 51520 IPCTensor.h:365] NewIPCTensor: step_r4 [10]0x100002694000 80 B 
W20240124 17:14:54.331561 51520 IPCTensor.h:365] NewIPCTensor: circle_buffer_end_r4 [1]0x100002696000 8 B 
W20240124 17:14:54.331581 51520 IPCTensor.h:365] NewIPCTensor: circle_buffer_end_cppseen_r4 [1]0x100002698000 8 B 
W20240124 17:14:54.331624 51520 IPCTensor.h:365] NewIPCTensor: cached_sampler_r5_0 [100000]0x10000269a000 781.2 kB
W20240124 17:14:54.331652 51520 IPCTensor.h:365] NewIPCTensor: cached_sampler_r5_1 [100000]0x10000275f000 781.2 kB
W20240124 17:14:54.331674 51520 IPCTensor.h:365] NewIPCTensor: cached_sampler_r5_2 [100000]0x100002824000 781.2 kB
W20240124 17:14:54.331694 51520 IPCTensor.h:365] NewIPCTensor: cached_sampler_r5_3 [100000]0x1000028e9000 781.2 kB
W20240124 17:14:54.331714 51520 IPCTensor.h:365] NewIPCTensor: cached_sampler_r5_4 [100000]0x1000029ae000 781.2 kB
W20240124 17:14:54.331737 51520 IPCTensor.h:365] NewIPCTensor: cached_sampler_r5_5 [100000]0x100002a73000 781.2 kB
W20240124 17:14:54.331756 51520 IPCTensor.h:365] NewIPCTensor: cached_sampler_r5_6 [100000]0x100002b38000 781.2 kB
W20240124 17:14:54.331782 51520 IPCTensor.h:365] NewIPCTensor: cached_sampler_r5_7 [100000]0x100002bfd000 781.2 kB
W20240124 17:14:54.331802 51520 IPCTensor.h:365] NewIPCTensor: cached_sampler_r5_8 [100000]0x100002cc2000 781.2 kB
W20240124 17:14:54.331826 51520 IPCTensor.h:365] NewIPCTensor: cached_sampler_r5_9 [100000]0x100002d87000 781.2 kB
W20240124 17:14:54.331851 51520 IPCTensor.h:365] NewIPCTensor: step_r5 [10]0x100002e4c000 80 B 
W20240124 17:14:54.331866 51520 IPCTensor.h:365] NewIPCTensor: circle_buffer_end_r5 [1]0x100002e4e000 8 B 
W20240124 17:14:54.331884 51520 IPCTensor.h:365] NewIPCTensor: circle_buffer_end_cppseen_r5 [1]0x100002e50000 8 B 
W20240124 17:14:54.331923 51520 IPCTensor.h:365] NewIPCTensor: cached_sampler_r6_0 [100000]0x100002e52000 781.2 kB
W20240124 17:14:54.331954 51520 IPCTensor.h:365] NewIPCTensor: cached_sampler_r6_1 [100000]0x100002f17000 781.2 kB
W20240124 17:14:54.331974 51520 IPCTensor.h:365] NewIPCTensor: cached_sampler_r6_2 [100000]0x100002fdc000 781.2 kB
W20240124 17:14:54.331995 51520 IPCTensor.h:365] NewIPCTensor: cached_sampler_r6_3 [100000]0x1000030a1000 781.2 kB
W20240124 17:14:54.332015 51520 IPCTensor.h:365] NewIPCTensor: cached_sampler_r6_4 [100000]0x100003166000 781.2 kB
W20240124 17:14:54.332037 51520 IPCTensor.h:365] NewIPCTensor: cached_sampler_r6_5 [100000]0x10000322b000 781.2 kB
W20240124 17:14:54.332057 51520 IPCTensor.h:365] NewIPCTensor: cached_sampler_r6_6 [100000]0x1000032f0000 781.2 kB
W20240124 17:14:54.332082 51520 IPCTensor.h:365] NewIPCTensor: cached_sampler_r6_7 [100000]0x1000033b5000 781.2 kB
W20240124 17:14:54.332104 51520 IPCTensor.h:365] NewIPCTensor: cached_sampler_r6_8 [100000]0x10000347a000 781.2 kB
W20240124 17:14:54.332129 51520 IPCTensor.h:365] NewIPCTensor: cached_sampler_r6_9 [100000]0x10000353f000 781.2 kB
W20240124 17:14:54.332149 51520 IPCTensor.h:365] NewIPCTensor: step_r6 [10]0x100003604000 80 B 
W20240124 17:14:54.332171 51520 IPCTensor.h:365] NewIPCTensor: circle_buffer_end_r6 [1]0x100003606000 8 B 
W20240124 17:14:54.332187 51520 IPCTensor.h:365] NewIPCTensor: circle_buffer_end_cppseen_r6 [1]0x100003608000 8 B 
W20240124 17:14:54.332227 51520 IPCTensor.h:365] NewIPCTensor: cached_sampler_r7_0 [100000]0x10000360a000 781.2 kB
W20240124 17:14:54.332252 51520 IPCTensor.h:365] NewIPCTensor: cached_sampler_r7_1 [100000]0x1000036cf000 781.2 kB
W20240124 17:14:54.332276 51520 IPCTensor.h:365] NewIPCTensor: cached_sampler_r7_2 [100000]0x100003794000 781.2 kB
W20240124 17:14:54.332296 51520 IPCTensor.h:365] NewIPCTensor: cached_sampler_r7_3 [100000]0x100003859000 781.2 kB
W20240124 17:14:54.332316 51520 IPCTensor.h:365] NewIPCTensor: cached_sampler_r7_4 [100000]0x10000391e000 781.2 kB
W20240124 17:14:54.332342 51520 IPCTensor.h:365] NewIPCTensor: cached_sampler_r7_5 [100000]0x1000039e3000 781.2 kB
W20240124 17:14:54.332365 51520 IPCTensor.h:365] NewIPCTensor: cached_sampler_r7_6 [100000]0x100003aa8000 781.2 kB
W20240124 17:14:54.332387 51520 IPCTensor.h:365] NewIPCTensor: cached_sampler_r7_7 [100000]0x100003b6d000 781.2 kB
W20240124 17:14:54.332410 51520 IPCTensor.h:365] NewIPCTensor: cached_sampler_r7_8 [100000]0x100003c32000 781.2 kB
W20240124 17:14:54.332435 51520 IPCTensor.h:365] NewIPCTensor: cached_sampler_r7_9 [100000]0x100003cf7000 781.2 kB
W20240124 17:14:54.332456 51520 IPCTensor.h:365] NewIPCTensor: step_r7 [10]0x100003dbc000 80 B 
W20240124 17:14:54.332473 51520 IPCTensor.h:365] NewIPCTensor: circle_buffer_end_r7 [1]0x100003dbe000 8 B 
W20240124 17:14:54.332489 51520 IPCTensor.h:365] NewIPCTensor: circle_buffer_end_cppseen_r7 [1]0x100003dc0000 8 B 
W20240124 17:14:54.663646 51520 IPCTensor.h:365] NewIPCTensor: full_emb [86054151, 400]0x100003dc2000 128.2 GB
W20240124 17:14:54.663823 51520 IPCTensor.h:365] NewIPCTensor: full_emb_SparseRowWiseAdaGrad_sum [86054151]0x1020129fa000 328.3 MB
{0: Graph(num_nodes=18933917, num_edges=55424977,
      ndata_schemes={'_ID': Scheme(shape=(), dtype=torch.int64), 'inner_node': Scheme(shape=(), dtype=torch.int32), 'part_id': Scheme(shape=(), dtype=torch.int64)}
      edata_schemes={'_ID': Scheme(shape=(), dtype=torch.int64), 'inner_edge': Scheme(shape=(), dtype=torch.int8)}), 1: Graph(num_nodes=13553612, num_edges=52144637,
      ndata_schemes={'_ID': Scheme(shape=(), dtype=torch.int64), 'inner_node': Scheme(shape=(), dtype=torch.int32), 'part_id': Scheme(shape=(), dtype=torch.int64)}
      edata_schemes={'_ID': Scheme(shape=(), dtype=torch.int64), 'inner_edge': Scheme(shape=(), dtype=torch.int8)}), 2: Graph(num_nodes=12534799, num_edges=46200271,
      ndata_schemes={'_ID': Scheme(shape=(), dtype=torch.int64), 'inner_node': Scheme(shape=(), dtype=torch.int32), 'part_id': Scheme(shape=(), dtype=torch.int64)}
      edata_schemes={'_ID': Scheme(shape=(), dtype=torch.int64), 'inner_edge': Scheme(shape=(), dtype=torch.int8)}), 3: Graph(num_nodes=12686041, num_edges=52326269,
      ndata_schemes={'_ID': Scheme(shape=(), dtype=torch.int64), 'inner_node': Scheme(shape=(), dtype=torch.int32), 'part_id': Scheme(shape=(), dtype=torch.int64)}
      edata_schemes={'_ID': Scheme(shape=(), dtype=torch.int64), 'inner_edge': Scheme(shape=(), dtype=torch.int8)}), 4: Graph(num_nodes=15590560, num_edges=56579771,
      ndata_schemes={'_ID': Scheme(shape=(), dtype=torch.int64), 'inner_node': Scheme(shape=(), dtype=torch.int32), 'part_id': Scheme(shape=(), dtype=torch.int64)}
      edata_schemes={'_ID': Scheme(shape=(), dtype=torch.int64), 'inner_edge': Scheme(shape=(), dtype=torch.int8)}), 5: Graph(num_nodes=14580085, num_edges=37397287,
      ndata_schemes={'_ID': Scheme(shape=(), dtype=torch.int64), 'inner_node': Scheme(shape=(), dtype=torch.int32), 'part_id': Scheme(shape=(), dtype=torch.int64)}
      edata_schemes={'_ID': Scheme(shape=(), dtype=torch.int64), 'inner_edge': Scheme(shape=(), dtype=torch.int8)}), 6: Graph(num_nodes=12323776, num_edges=47000589,
      ndata_schemes={'_ID': Scheme(shape=(), dtype=torch.int64), 'inner_node': Scheme(shape=(), dtype=torch.int32), 'part_id': Scheme(shape=(), dtype=torch.int64)}
      edata_schemes={'_ID': Scheme(shape=(), dtype=torch.int64), 'inner_edge': Scheme(shape=(), dtype=torch.int8)}), 7: Graph(num_nodes=13847704, num_edges=34618513,
      ndata_schemes={'_ID': Scheme(shape=(), dtype=torch.int64), 'inner_node': Scheme(shape=(), dtype=torch.int32), 'part_id': Scheme(shape=(), dtype=torch.int64)}
      edata_schemes={'_ID': Scheme(shape=(), dtype=torch.int64), 'inner_edge': Scheme(shape=(), dtype=torch.int8)})}
MertisPartition: part 0 has 18933917 N 55424977 E
MertisPartition: part 1 has 13553612 N 52144637 E
MertisPartition: part 2 has 12534799 N 46200271 E
MertisPartition: part 3 has 12686041 N 52326269 E
MertisPartition: part 4 has 15590560 N 56579771 E
MertisPartition: part 5 has 14580085 N 37397287 E
MertisPartition: part 6 has 12323776 N 47000589 E
MertisPartition: part 7 has 13847704 N 34618513 E
Rank0: cached key size 537838
Rank1: cached key size 537838
Rank2: cached key size 537838
Rank3: cached key size 537838
Rank4: cached key size 537838
Rank5: cached key size 537838
Rank6: cached key size 537838
Rank7: cached key size 537838
Before renumbering graph:  {'_ID': tensor([       0,        1,        2,  ..., 20485189,  3195844, 27748820]), 'inner_node': tensor([1, 1, 1,  ..., 0, 0, 0], dtype=torch.int32), 'part_id': tensor([0, 0, 0,  ..., 4, 6, 4])}
After renumbering graph:  {'_ID': tensor([ 4302704,  4302721,  4302737,  ..., 49959336, 20407879, 28260443]), 'inner_node': tensor([1, 1, 1,  ..., 0, 0, 0], dtype=torch.int32), 'part_id': tensor([0, 0, 0,  ..., 4, 6, 4])}
part_g: DGLGraph(num_nodes=18933917, num_edges=55424977,
         ndata_schemes={'_ID': Scheme(shape=(), dtype=torch.int64)}
         edata_schemes={'tid': Scheme(shape=(), dtype=torch.int64)})
part_g: DGLGraph(num_nodes=18933917, num_edges=55424977,
         ndata_schemes={'_ID': Scheme(shape=(), dtype=torch.int64)}
         edata_schemes={'tid': Scheme(shape=(), dtype=torch.int64)})
Total initialize time 1005.859 seconds
[Rank1] pid = 12063
[Rank2] pid = 12163
[Rank3] pid = 12247
[Rank4] pid = 12329
[Rank5] pid = 12412
[Rank6] pid = 12560
INFO [51520 distributed_c10d.py:442] Added key: store_based_barrier_key:1 to store for rank: 0
INFO [12063 distributed_c10d.py:442] Added key: store_based_barrier_key:1 to store for rank: 1
INFO [12163 distributed_c10d.py:442] Added key: store_based_barrier_key:1 to store for rank: 2
INFO [12247 distributed_c10d.py:442] Added key: store_based_barrier_key:1 to store for rank: 3
INFO [12412 distributed_c10d.py:442] Added key: store_based_barrier_key:1 to store for rank: 5
INFO [12329 distributed_c10d.py:442] Added key: store_based_barrier_key:1 to store for rank: 4
INFO [12647 distributed_c10d.py:442] Added key: store_based_barrier_key:1 to store for rank: 7
INFO [12560 distributed_c10d.py:442] Added key: store_based_barrier_key:1 to store for rank: 6
INFO [12560 distributed_c10d.py:476] Rank 6: Completed store-based barrier for key:store_based_barrier_key:1 with 8 nodes.
INFO [12647 distributed_c10d.py:476] Rank 7: Completed store-based barrier for key:store_based_barrier_key:1 with 8 nodes.
INFO [12329 distributed_c10d.py:476] Rank 4: Completed store-based barrier for key:store_based_barrier_key:1 with 8 nodes.
INFO [12412 distributed_c10d.py:476] Rank 5: Completed store-based barrier for key:store_based_barrier_key:1 with 8 nodes.
W20240124 17:18:41.208496 12563 IPCTensor.h:405] NewIPCGPUTensor: embedding_cache_6 [4302707, 400]; dev=6; size=6.412 GB
INFO [12247 distributed_c10d.py:476] Rank 3: Completed store-based barrier for key:store_based_barrier_key:1 with 8 nodes.
INFO [12163 distributed_c10d.py:476] Rank 2: Completed store-based barrier for key:store_based_barrier_key:1 with 8 nodes.
INFO [51520 distributed_c10d.py:476] Rank 0: Completed store-based barrier for key:store_based_barrier_key:1 with 8 nodes.
W20240124 17:18:41.210697 12659 IPCTensor.h:405] NewIPCGPUTensor: embedding_cache_0 [4302707, 400]; dev=0; size=6.412 GB
W20240124 17:18:41.210809 12414 IPCTensor.h:405] NewIPCGPUTensor: embedding_cache_5 [4302707, 400]; dev=5; size=6.412 GB
W20240124 17:18:41.210901 12330 IPCTensor.h:405] NewIPCGPUTensor: embedding_cache_4 [4302707, 400]; dev=4; size=6.412 GB
W20240124 17:18:41.210906 12700 IPCTensor.h:405] NewIPCGPUTensor: embedding_cache_7 [4302707, 400]; dev=7; size=6.412 GB
INFO [12063 distributed_c10d.py:476] Rank 1: Completed store-based barrier for key:store_based_barrier_key:1 with 8 nodes.
W20240124 17:18:41.211109 12248 IPCTensor.h:405] NewIPCGPUTensor: embedding_cache_3 [4302707, 400]; dev=3; size=6.412 GB
W20240124 17:18:41.211282 12164 IPCTensor.h:405] NewIPCGPUTensor: embedding_cache_2 [4302707, 400]; dev=2; size=6.412 GB
W20240124 17:18:41.213014 12064 IPCTensor.h:405] NewIPCGPUTensor: embedding_cache_1 [4302707, 400]; dev=1; size=6.412 GB
W20240124 17:18:41.338146 12563 IPCTensor.h:365] NewIPCTensor: input_keys_6 [100000]0x102027251000 781.2 kB
W20240124 17:18:41.338328 12700 IPCTensor.h:365] NewIPCTensor: input_keys_7 [100000]0x102027316000 781.2 kB
W20240124 17:18:41.338405 12659 IPCTensor.h:365] NewIPCTensor: input_keys_0 [100000]0x1020273db000 781.2 kB
W20240124 17:18:41.338443 12248 IPCTensor.h:365] NewIPCTensor: input_keys_3 [100000]0x1020274a0000 781.2 kB
W20240124 17:18:41.338490 12330 IPCTensor.h:365] NewIPCTensor: input_keys_4 [100000]0x102027565000 781.2 kB
W20240124 17:18:41.338575 12064 IPCTensor.h:365] NewIPCTensor: input_keys_1 [100000]0x10202762a000 781.2 kB
W20240124 17:18:41.338595 12414 IPCTensor.h:365] NewIPCTensor: input_keys_5 [100000]0x1020276ef000 781.2 kB
W20240124 17:18:41.338608 12164 IPCTensor.h:365] NewIPCTensor: input_keys_2 [100000]0x1020277b4000 781.2 kB
W20240124 17:18:41.338647 12563 IPCTensor.h:365] NewIPCTensor: input_keys_neg_6 [100000]0x102027879000 781.2 kB
W20240124 17:18:41.338804 12563 IPCTensor.h:365] NewIPCTensor: backward_grads_6 [100000, 400]0x10202793e000 152.6 MB
W20240124 17:18:41.338896 12563 IPCTensor.h:365] NewIPCTensor: backward_grads_neg_6 [100000, 400]0x1020311d6000 152.6 MB
W20240124 17:18:41.339243 12563 IPCTensor.h:405] NewIPCGPUTensor: backward_grads_6_gpu [100000, 400]; dev=6; size=152.6 MB
W20240124 17:18:41.339533 12659 IPCTensor.h:365] NewIPCTensor: input_keys_neg_0 [100000]0x10203aa6e000 781.2 kB
W20240124 17:18:41.339543 12248 IPCTensor.h:365] NewIPCTensor: input_keys_neg_3 [100000]0x10203ab33000 781.2 kB
W20240124 17:18:41.339570 12064 IPCTensor.h:365] NewIPCTensor: input_keys_neg_1 [100000]0x10203acbd000 781.2 kB
W20240124 17:18:41.339565 12164 IPCTensor.h:365] NewIPCTensor: input_keys_neg_2 [100000]0x10203abf8000 781.2 kB
W20240124 17:18:41.339596 12414 IPCTensor.h:365] NewIPCTensor: input_keys_neg_5 [100000]0x10203ad82000 781.2 kB
W20240124 17:18:41.339638 12330 IPCTensor.h:365] NewIPCTensor: input_keys_neg_4 [100000]0x10203ae47000 781.2 kB
W20240124 17:18:41.339663 12700 IPCTensor.h:365] NewIPCTensor: input_keys_neg_7 [100000]0x10203af0c000 781.2 kB
W20240124 17:18:41.339928 12064 IPCTensor.h:365] NewIPCTensor: backward_grads_1 [100000, 400]0x10203afd1000 152.6 MB
W20240124 17:18:41.339973 12659 IPCTensor.h:365] NewIPCTensor: backward_grads_0 [100000, 400]0x102044869000 152.6 MB
W20240124 17:18:41.340001 12064 IPCTensor.h:365] NewIPCTensor: backward_grads_neg_1 [100000, 400]0x10204e101000 152.6 MB
W20240124 17:18:41.340013 12414 IPCTensor.h:365] NewIPCTensor: backward_grads_5 [100000, 400]0x102057999000 152.6 MB
W20240124 17:18:41.340024 12700 IPCTensor.h:365] NewIPCTensor: backward_grads_7 [100000, 400]0x102061231000 152.6 MB
W20240124 17:18:41.340060 12659 IPCTensor.h:365] NewIPCTensor: backward_grads_neg_0 [100000, 400]0x102074361000 152.6 MB
W20240124 17:18:41.340051 12330 IPCTensor.h:365] NewIPCTensor: backward_grads_4 [100000, 400]0x10206aac9000 152.6 MB
W20240124 17:18:41.340083 12164 IPCTensor.h:365] NewIPCTensor: backward_grads_2 [100000, 400]0x10207dbf9000 152.6 MB
W20240124 17:18:41.340101 12248 IPCTensor.h:365] NewIPCTensor: backward_grads_3 [100000, 400]0x102087491000 152.6 MB
W20240124 17:18:41.340149 12414 IPCTensor.h:365] NewIPCTensor: backward_grads_neg_5 [100000, 400]0x102090d29000 152.6 MB
W20240124 17:18:41.340178 12700 IPCTensor.h:365] NewIPCTensor: backward_grads_neg_7 [100000, 400]0x10209a5c1000 152.6 MB
W20240124 17:18:41.340202 12164 IPCTensor.h:365] NewIPCTensor: backward_grads_neg_2 [100000, 400]0x1020a3e59000 152.6 MB
W20240124 17:18:41.340219 12330 IPCTensor.h:365] NewIPCTensor: backward_grads_neg_4 [100000, 400]0x1020ad6f1000 152.6 MB
W20240124 17:18:41.340242 12248 IPCTensor.h:365] NewIPCTensor: backward_grads_neg_3 [100000, 400]0x1020b6f89000 152.6 MB
W20240124 17:18:41.340337 12414 IPCTensor.h:405] NewIPCGPUTensor: backward_grads_5_gpu [100000, 400]; dev=5; size=152.6 MB
W20240124 17:18:41.340503 12659 IPCTensor.h:405] NewIPCGPUTensor: backward_grads_0_gpu [100000, 400]; dev=0; size=152.6 MB
W20240124 17:18:41.340521 12330 IPCTensor.h:405] NewIPCGPUTensor: backward_grads_4_gpu [100000, 400]; dev=4; size=152.6 MB
W20240124 17:18:41.340588 12064 IPCTensor.h:405] NewIPCGPUTensor: backward_grads_1_gpu [100000, 400]; dev=1; size=152.6 MB
W20240124 17:18:41.340859 12563 IPCTensor.h:405] NewIPCGPUTensor: backward_grads_neg_6_gpu [100000, 400]; dev=6; size=152.6 MB
W20240124 17:18:41.341040 12248 IPCTensor.h:405] NewIPCGPUTensor: backward_grads_3_gpu [100000, 400]; dev=3; size=152.6 MB
W20240124 17:18:41.341058 12164 IPCTensor.h:405] NewIPCGPUTensor: backward_grads_2_gpu [100000, 400]; dev=2; size=152.6 MB
W20240124 17:18:41.341066 12700 IPCTensor.h:405] NewIPCGPUTensor: backward_grads_7_gpu [100000, 400]; dev=7; size=152.6 MB
W20240124 17:18:41.346086 12414 IPCTensor.h:405] NewIPCGPUTensor: backward_grads_neg_5_gpu [100000, 400]; dev=5; size=152.6 MB
W20240124 17:18:41.346640 12659 IPCTensor.h:405] NewIPCGPUTensor: backward_grads_neg_0_gpu [100000, 400]; dev=0; size=152.6 MB
W20240124 17:18:41.346659 12330 IPCTensor.h:405] NewIPCGPUTensor: backward_grads_neg_4_gpu [100000, 400]; dev=4; size=152.6 MB
W20240124 17:18:41.346693 12064 IPCTensor.h:405] NewIPCGPUTensor: backward_grads_neg_1_gpu [100000, 400]; dev=1; size=152.6 MB
W20240124 17:18:41.346773 12248 IPCTensor.h:405] NewIPCGPUTensor: backward_grads_neg_3_gpu [100000, 400]; dev=3; size=152.6 MB
W20240124 17:18:41.347270 12164 IPCTensor.h:405] NewIPCGPUTensor: backward_grads_neg_2_gpu [100000, 400]; dev=2; size=152.6 MB
W20240124 17:18:41.347342 12700 IPCTensor.h:405] NewIPCGPUTensor: backward_grads_neg_7_gpu [100000, 400]; dev=7; size=152.6 MB
cudaHostRegister 0x100003dc2000
4: KnownLocalCachedEmbedding init done
WARNING [12329 DistTensor.py:56] The tensor name already exists in the kvstore
cudaHostRegister 0x100003dc2000
6: KnownLocalCachedEmbedding init done
WARNING [12560 DistTensor.py:56] The tensor name already exists in the kvstore
cudaHostRegister 0x100003dc2000
3: KnownLocalCachedEmbedding init done
cudaHostRegister 0x100003dc2000
7: KnownLocalCachedEmbedding init done
WARNING [12247 DistTensor.py:56] The tensor name already exists in the kvstore
WARNING [12647 DistTensor.py:56] The tensor name already exists in the kvstore
[Rank7] pid = 12647
New CachedEmbedding, name=full_emb, shape=(86054151, 400), cache_type=KnownLocalCachedEmbedding
fixed cache_range is [(0, 4302707), (4302707, 8605414), (8605414, 12908121), (12908121, 17210828), (17210828, 21513535), (21513535, 25816242), (25816242, 30118949), (30118949, 34421656)]
cudaHostRegister 0x100003dc2000
0: KnownLocalCachedEmbedding init done
WARNING [51520 DistTensor.py:56] The tensor name already exists in the kvstore
cudaHostRegister 0x100003dc2000
1: KnownLocalCachedEmbedding init done
WARNING [12063 DistTensor.py:56] The tensor name already exists in the kvstore
cudaHostRegister 0x100003dc2000
2: KnownLocalCachedEmbedding init done
WARNING [12163 DistTensor.py:56] The tensor name already exists in the kvstore
cudaHostRegister 0x100003dc2000
5: KnownLocalCachedEmbedding init done
WARNING [12412 DistTensor.py:56] The tensor name already exists in the kvstore
I20240124 17:19:29.780704 12414 IPC_barrier.h:118] CreateBarrier: new barrier, name: kgcachecontroller, count: 8
I20240124 17:19:29.780745 12164 IPC_barrier.h:112] CreateBarrier: find existing barrier, name: kgcachecontroller, count: 8
I20240124 17:19:29.780784 12659 IPC_barrier.h:112] CreateBarrier: find existing barrier, name: kgcachecontroller, count: 8
I20240124 17:19:29.780959 12700 IPC_barrier.h:112] CreateBarrier: find existing barrier, name: kgcachecontroller, count: 8
I20240124 17:19:29.781031 12248 IPC_barrier.h:112] CreateBarrier: find existing barrier, name: kgcachecontroller, count: 8
I20240124 17:19:29.781131 12330 IPC_barrier.h:112] CreateBarrier: find existing barrier, name: kgcachecontroller, count: 8
I20240124 17:19:29.781173 12064 IPC_barrier.h:112] CreateBarrier: find existing barrier, name: kgcachecontroller, count: 8
I20240124 17:19:29.781201 12563 IPC_barrier.h:112] CreateBarrier: find existing barrier, name: kgcachecontroller, count: 8
W20240124 17:19:29.782217 12659 grad_base.h:55] KGCacheController, config={
        "num_gpus": 8,
        "L": 10,
        "backgrad_init": "both", 
        "kForwardItersPerStep": 2,
        "clr": 1,
        "nr_background_threads": 32,
        "backwardMode": "CppAsyncV2",
        "cache_ratio": 0.05
        }
W20240124 17:19:29.782316 12659 grad_base.h:172] Init GradProcessingBase done
I20240124 17:19:39.200441 12659 grad_async_v2.h:32] Use background thread to update emb. nr_background_threads=32
W20240124 17:19:39.200831 12659 kg_controller.h:78] after init GradAsyncProcessingV2
I20240124 17:19:39.200841 12659 kg_controller.h:84] Construct KGCacheController done
[W socket.cpp:601] [c10d] The client socket has failed to connect to [localhost]:29500 (errno: 101 - Network is unreachable).
[W socket.cpp:601] [c10d] The client socket has failed to connect to [localhost]:29500 (errno: 101 - Network is unreachable).
[W socket.cpp:601] [c10d] The client socket has failed to connect to [localhost]:29500 (errno: 101 - Network is unreachable).
[W socket.cpp:601] [c10d] The client socket has failed to connect to [localhost]:29500 (errno: 101 - Network is unreachable).
[W socket.cpp:601] [c10d] The client socket has failed to connect to [localhost]:29500 (errno: 101 - Network is unreachable).
[W socket.cpp:601] [c10d] The client socket has failed to connect to [localhost]:29500 (errno: 101 - Network is unreachable).
[W socket.cpp:601] [c10d] The client socket has failed to connect to [localhost]:29500 (errno: 101 - Network is unreachable).
I20240124 17:19:40.931326 12659 grad_base.h:60] GraphEnv RegTensorsPerProcess
W20240124 17:19:57.022806 14696 grad_async_v2.h:120] Detect new sample comes, old_end0, new_end1
E20240124 17:19:57.023152 14696 parallel_pq_v2.h:76] insert failed, size(hashtable)=1
W20240124 17:19:58.104696 14696 grad_async_v2.h:120] Detect new sample comes, old_end0, new_end1
E20240124 17:19:58.104807 14696 parallel_pq_v2.h:76] insert failed, size(hashtable)=1
W20240124 17:19:59.110553 14696 grad_async_v2.h:120] Detect new sample comes, old_end0, new_end1
E20240124 17:19:59.110661 14696 parallel_pq_v2.h:76] insert failed, size(hashtable)=1
I20240124 17:19:59.665611 12700 IPC_barrier.h:118] CreateBarrier: new barrier, name: start_barrier, count: 8
W20240124 17:20:00.773052 14696 grad_async_v2.h:120] Detect new sample comes, old_end0, new_end1
E20240124 17:20:00.773173 14696 parallel_pq_v2.h:76] insert failed, size(hashtable)=1
E20240124 17:20:01.778693 14696 parallel_pq_v2.h:76] insert failed, size(hashtable)=0
W20240124 17:20:01.812304 14696 grad_async_v2.h:120] Detect new sample comes, old_end5, new_end9
I20240124 17:20:01.814225 12164 IPC_barrier.h:112] CreateBarrier: find existing barrier, name: start_barrier, count: 8
I20240124 17:20:02.084424 12064 IPC_barrier.h:112] CreateBarrier: find existing barrier, name: start_barrier, count: 8
W20240124 17:20:02.866037 14696 grad_async_v2.h:120] Detect new sample comes, old_end1, new_end2
E20240124 17:20:02.875917 14696 parallel_pq_v2.h:76] insert failed, size(hashtable)=0
I20240124 17:20:02.971199 12414 IPC_barrier.h:112] CreateBarrier: find existing barrier, name: start_barrier, count: 8
I20240124 17:20:03.558531 12563 IPC_barrier.h:112] CreateBarrier: find existing barrier, name: start_barrier, count: 8
W20240124 17:20:05.651439 14696 grad_async_v2.h:120] Detect new sample comes, old_end1, new_end2
E20240124 17:20:05.658011 14696 parallel_pq_v2.h:76] insert failed, size(hashtable)=0
I20240124 17:20:05.750017 12248 IPC_barrier.h:112] CreateBarrier: find existing barrier, name: start_barrier, count: 8
W20240124 17:20:08.000777 14696 grad_async_v2.h:120] Detect new sample comes, old_end1, new_end2
E20240124 17:20:08.014329 14696 parallel_pq_v2.h:76] insert failed, size(hashtable)=0
I20240124 17:20:08.051226 12659 IPC_barrier.h:112] CreateBarrier: find existing barrier, name: start_barrier, count: 8
I20240124 17:20:08.794214 12330 IPC_barrier.h:112] CreateBarrier: find existing barrier, name: start_barrier, count: 8
W20240124 17:20:09.009673 14696 grad_async_v2.h:120] Detect new sample comes, old_end0, new_end1
E20240124 17:20:09.014004 14696 parallel_pq_v2.h:76] insert failed, size(hashtable)=7
+---------------------------+---------------------------+---------------------------+
| Name                      | P50                       | P99                       |
+---------------------------+---------------------------+---------------------------+
| GenInput                  | 8.323 ms                  | 8.323 ms                  |
| Forward                   | 955.144 ms                | 955.144 ms                |
+---------------------------+---------------------------+---------------------------+
+---------------------------+---------------------------+---------------------------+
| Name                      | P50                       | P99                       |
+---------------------------+---------------------------+---------------------------+
| ProcessBack:Shuffle       | 321.836 ms                | 322.332 ms                |
+---------------------------+---------------------------+---------------------------+
E20240124 17:20:11.138226 12659 parallel_pq_v2.h:76] insert failed, size(hashtable)=0
W20240124 17:20:11.220521 12659 grad_async_v2.h:249] Sleep in <BlockToStepN>, step_no=1, pq.top=1
W20240124 17:20:11.278332 14696 grad_async_v2.h:120] Detect new sample comes, old_end1, new_end2
E20240124 17:20:12.138041 14695 parallel_pq_v2.h:76] insert failed, size(hashtable)=30883
W20240124 17:20:12.277345 12659 grad_async_v2.h:236] pq is empty
W20240124 17:20:12.392863 12659 grad_async_v2.h:249] Sleep in <BlockToStepN>, step_no=9, pq.top=9
W20240124 17:20:12.402731 14696 grad_async_v2.h:120] Detect new sample comes, old_end3, new_end9
E20240124 17:20:13.138010 14696 parallel_pq_v2.h:76] insert failed, size(hashtable)=741
W20240124 17:20:13.516384 14696 grad_async_v2.h:120] Detect new sample comes, old_end9, new_end7
W20240124 17:20:14.005358 12659 grad_async_v2.h:249] Sleep in <BlockToStepN>, step_no=17, pq.top=17
E20240124 17:20:14.138010 14696 parallel_pq_v2.h:76] insert failed, size(hashtable)=454
W20240124 17:20:14.551040 14696 grad_async_v2.h:120] Detect new sample comes, old_end9, new_end1
+---------------------------+---------------------------+---------------------------+
| Name                      | P50                       | P99                       |
+---------------------------+---------------------------+---------------------------+
| GenInput                  | 12.529 ms                 | 98.816 ms                 |
| Forward                   | 4.927 ms                  | 955.144 ms                |
| Backward                  | 5.050 ms                  | 204.922 ms                |
| Optimize                  | 1.863 ms                  | 3.437 ms                  |
| BarrierTimeBeforeRank0    | 34.875 us                 | 44.796 ms                 |
| AfterBackward             | 62.857 ms                 | 1.208 s                   |
| BlockToStepN              | 5.120 ms                  | 94.212 ms                 |
| OneStep                   | 135.271 ms                | 2.481 s                   |
+---------------------------+---------------------------+---------------------------+
W20240124 17:20:15.084403 12659 grad_async_v2.h:249] Sleep in <BlockToStepN>, step_no=25, pq.top=25
E20240124 17:20:15.138006 14695 parallel_pq_v2.h:76] insert failed, size(hashtable)=35190
W20240124 17:20:15.581135 14696 grad_async_v2.h:120] Detect new sample comes, old_end2, new_end9
+---------------------------+---------------------------+---------------------------+
| Name                      | P50                       | P99                       |
+---------------------------+---------------------------+---------------------------+
| ProcessBack:Shuffle       | 7.353 ms                  | 321.836 ms                |
| ProcessBack:UpdateCache   | 9.219 ms                  | 792.680 ms                |
| ProcessBack:UpsertPq      | 21.796 ms                 | 79.698 ms                 |
| ProcessOneStep            | 62.815 ms                 | 1.208 s                   |
| BlockToStepN              | 13.982 ms                 | 94.086 ms                 |
+---------------------------+---------------------------+---------------------------+
E20240124 17:20:16.138736 14696 parallel_pq_v2.h:76] insert failed, size(hashtable)=1
W20240124 17:20:16.609933 14696 grad_async_v2.h:120] Detect new sample comes, old_end8, new_end4
W20240124 17:20:16.922119 12659 grad_async_v2.h:249] Sleep in <BlockToStepN>, step_no=34, pq.top=34
E20240124 17:20:17.138010 14696 parallel_pq_v2.h:76] insert failed, size(hashtable)=7959
W20240124 17:20:17.691744 14696 grad_async_v2.h:120] Detect new sample comes, old_end6, new_end1
W20240124 17:20:17.922058 12659 grad_async_v2.h:249] Sleep in <BlockToStepN>, step_no=42, pq.top=42
E20240124 17:20:18.138008 14696 parallel_pq_v2.h:76] insert failed, size(hashtable)=1330
W20240124 17:20:18.752485 14696 grad_async_v2.h:120] Detect new sample comes, old_end1, new_end9
W20240124 17:20:18.922019 12659 grad_async_v2.h:249] Sleep in <BlockToStepN>, step_no=49, pq.top=49
E20240124 17:20:19.138016 14696 parallel_pq_v2.h:76] insert failed, size(hashtable)=9965
+---------------------------+---------------------------+---------------------------+
| Name                      | P50                       | P99                       |
+---------------------------+---------------------------+---------------------------+
| GenInput                  | 8.323 ms                  | 90.353 ms                 |
| Forward                   | 4.838 ms                  | 9.220 ms                  |
| Backward                  | 5.220 ms                  | 7.827 ms                  |
| Optimize                  | 1.919 ms                  | 3.549 ms                  |
| BarrierTimeBeforeRank0    | 31.426 us                 | 24.073 ms                 |
| AfterBackward             | 60.774 ms                 | 866.198 ms                |
| BlockToStepN              | 38.329 ms                 | 148.877 ms                |
| OneStep                   | 135.685 ms                | 948.289 ms                |
+---------------------------+---------------------------+---------------------------+
W20240124 17:20:19.798740 14696 grad_async_v2.h:120] Detect new sample comes, old_end6, new_end4
E20240124 17:20:20.138011 14696 parallel_pq_v2.h:76] insert failed, size(hashtable)=100
W20240124 17:20:20.392249 12659 grad_async_v2.h:249] Sleep in <BlockToStepN>, step_no=54, pq.top=54
W20240124 17:20:20.843633 14696 grad_async_v2.h:120] Detect new sample comes, old_end5, new_end7
+---------------------------+---------------------------+---------------------------+
| Name                      | P50                       | P99                       |
+---------------------------+---------------------------+---------------------------+
| ProcessBack:Shuffle       | 7.159 ms                  | 321.836 ms                |
| ProcessBack:UpdateCache   | 8.961 ms                  | 792.680 ms                |
| ProcessBack:UpsertPq      | 20.669 ms                 | 79.698 ms                 |
| ProcessOneStep            | 58.918 ms                 | 866.148 ms                |
| BlockToStepN              | 34.581 ms                 | 148.737 ms                |
+---------------------------+---------------------------+---------------------------+
E20240124 17:20:21.138015 14696 parallel_pq_v2.h:76] insert failed, size(hashtable)=9761
W20240124 17:20:21.438423 12659 grad_async_v2.h:249] Sleep in <BlockToStepN>, step_no=63, pq.top=63
W20240124 17:20:21.913347 14696 grad_async_v2.h:120] Detect new sample comes, old_end9, new_end7
E20240124 17:20:22.138011 12659 parallel_pq_v2.h:76] insert failed, size(hashtable)=409
W20240124 17:20:22.983211 14696 grad_async_v2.h:120] Detect new sample comes, old_end6, new_end1
E20240124 17:20:23.138010 14696 parallel_pq_v2.h:76] insert failed, size(hashtable)=335
W20240124 17:20:23.286263 12659 grad_async_v2.h:249] Sleep in <BlockToStepN>, step_no=71, pq.top=71
W20240124 17:20:24.021335 14696 grad_async_v2.h:120] Detect new sample comes, old_end4, new_end6
E20240124 17:20:24.138011 12659 parallel_pq_v2.h:76] insert failed, size(hashtable)=8074
W20240124 17:20:24.286077 12659 grad_async_v2.h:249] Sleep in <BlockToStepN>, step_no=78, pq.top=78
+---------------------------+---------------------------+---------------------------+
| Name                      | P50                       | P99                       |
+---------------------------+---------------------------+---------------------------+
| GenInput                  | 7.494 ms                  | 90.353 ms                 |
| Forward                   | 4.819 ms                  | 29.666 ms                 |
| Backward                  | 5.220 ms                  | 7.827 ms                  |
| Optimize                  | 1.949 ms                  | 3.549 ms                  |
| BarrierTimeBeforeRank0    | 43.398 us                 | 48.514 ms                 |
| AfterBackward             | 58.969 ms                 | 866.198 ms                |
| BlockToStepN              | 42.098 ms                 | 148.877 ms                |
| OneStep                   | 135.271 ms                | 994.719 ms                |
+---------------------------+---------------------------+---------------------------+
W20240124 17:20:25.034305 14696 grad_async_v2.h:120] Detect new sample comes, old_end1, new_end3
E20240124 17:20:25.138010 14696 parallel_pq_v2.h:76] insert failed, size(hashtable)=49302
W20240124 17:20:25.426345 12659 grad_async_v2.h:249] Sleep in <BlockToStepN>, step_no=85, pq.top=85
+---------------------------+---------------------------+---------------------------+
| Name                      | P50                       | P99                       |
+---------------------------+---------------------------+---------------------------+
| ProcessBack:Shuffle       | 7.324 ms                  | 21.574 ms                 |
| ProcessBack:UpdateCache   | 8.994 ms                  | 12.099 ms                 |
| ProcessBack:UpsertPq      | 22.191 ms                 | 81.288 ms                 |
| ProcessOneStep            | 59.051 ms                 | 866.148 ms                |
| BlockToStepN              | 43.455 ms                 | 148.737 ms                |
+---------------------------+---------------------------+---------------------------+
W20240124 17:20:26.060547 14696 grad_async_v2.h:120] Detect new sample comes, old_end6, new_end7
E20240124 17:20:26.138011 14696 parallel_pq_v2.h:76] insert failed, size(hashtable)=942
W20240124 17:20:26.426070 12659 grad_async_v2.h:249] Sleep in <BlockToStepN>, step_no=89, pq.top=89
W20240124 17:20:27.130239 14696 grad_async_v2.h:120] Detect new sample comes, old_end0, new_end3
E20240124 17:20:27.138006 14695 parallel_pq_v2.h:76] insert failed, size(hashtable)=43919
W20240124 17:20:27.426168 12659 grad_async_v2.h:249] Sleep in <BlockToStepN>, step_no=95, pq.top=95
train_sampler.Prefill()
before start barrier
start train
[proc 4] 100 steps, total: 19.342, sample: 1.066, forward: 1.417, backward: 0.725, update: 0.217
train_sampler.Prefill()
before start barrier
start train
[proc 6] 100 steps, total: 24.577, sample: 1.212, forward: 1.193, backward: 0.737, update: 0.209
train_sampler.Prefill()
before start barrier
start train
[proc 1] 100 steps, total: 26.051, sample: 1.010, forward: 1.355, backward: 0.787, update: 0.199
train_sampler.Prefill()
before start barrier
start train
[proc 2] 100 steps, total: 26.322, sample: 0.890, forward: 1.370, backward: 0.727, update: 0.239
train_sampler.Prefill()
before start barrier
start train
[proc 3] 100 steps, total: 22.386, sample: 1.004, forward: 1.511, backward: 0.670, update: 0.207
train_sampler.Prefill()
before start barrier
start train
[proc 5] 100 steps, total: 25.164, sample: 0.909, forward: 1.170, backward: 0.825, update: 0.207
train_sampler.Prefill()
before start barrier
start train
[proc 7] 100 steps, total: 28.470, sample: 1.008, forward: 1.181, backward: 0.686, update: 0.194
E20240124 17:20:28.138010 14696 parallel_pq_v2.h:76] insert failed, size(hashtable)=11377
train_sampler.Prefill()
-------Step 0-------
tensor([  518727,    72879,   371506, 14318201,    72918,    72947,   518746,
           72978,    73013,    73055]) tensor([ 5284233, 11920768, 49245236, 48604858, 20289099,   316223, 17964608,
        51162257, 46229570, 52118625])
-------Step 1-------
tensor([  518727,    72879,   371506, 14318201,    72918,    72947,   518746,
           72978,    73013,    73055]) tensor([79538146, 26721860, 49878312, 52645994, 54043602, 13340047, 47280059,
          591016, 22140721, 48967089])
-------Step 2-------
tensor([   17552,   335850,   469989, 16413929,   148290,   148327,   148365,
          148401,   148438,   148473]) tensor([45257619, 34024062,  1352922, 30025392, 23580065, 24911503,  8391455,
        56275140, 64004119, 31832030])
-------Step 3-------
tensor([   17552,   335850,   469989, 16413929,   148290,   148327,   148365,
          148401,   148438,   148473]) tensor([19581281, 73692744, 82888170, 48704210, 84210142, 76571720, 70180713,
        23587477, 76329901, 11819287])
-------Step 4-------
tensor([  225654,   225685,   225721, 83483196,   225756,   225805,   225845,
          225880,   225911, 23004164]) tensor([69482738, 54988257, 74298218, 35934237,   238199,  4331326, 22932263,
        54341268, 67828792, 11776791])
-------Step 5-------
tensor([  225654,   225685,   225721, 83483196,   225756,   225805,   225845,
          225880,   225911, 23004164]) tensor([41237899, 38221604, 44788487,    29613, 58392266, 58584371, 50882112,
         1353906, 75859029, 29404008])
-------Step 6-------
tensor([ 7279181,  5733391,   302512, 34054304,   302549,   302587, 75001324,
        36879575,   302627,   302670]) tensor([43287358,   282757, 52861885, 16103363, 21561076, 35477789, 16956186,
        66808169, 72929622, 49884059])
-------Step 7-------
tensor([ 7279181,  5733391,   302512, 34054304,   302549,   302587, 75001324,
        36879575,   302627,   302670]) tensor([22822316, 10718895, 31367586,  9952811, 44365657, 56952690,  4320003,
        15249677, 36062992, 66269447])
-------Step 8-------
tensor([  380719,   380750, 78188140,   380785,   374176,   374212, 14085694,
          380818,   380864,   476205]) tensor([24405541, 32731116, 61204994,  5266222, 73863645,  7169224,  5248451,
        15056395, 66718513,  6257410])
-------Step 9-------
tensor([  380719,   380750, 78188140,   380785,   374176,   374212, 14085694,
          380818,   380864,   476205]) tensor([63961255, 23283460, 46178442, 76698701, 49604354, 62351617, 73044390,
        14899465, 16715863,  7248410])
before start barrier
start train
[proc 0] 100 steps, total: 20.084, sample: 1.604, forward: 1.454, backward: 0.754, update: 0.213
W20240124 17:20:28.254644 14696 grad_async_v2.h:120] Detect new sample comes, old_end5, new_end1
W20240124 17:20:28.602357 12659 grad_async_v2.h:249] Sleep in <BlockToStepN>, step_no=103, pq.top=103
E20240124 17:20:29.138037 14696 parallel_pq_v2.h:76] insert failed, size(hashtable)=58768
W20240124 17:20:29.398327 14696 grad_async_v2.h:120] Detect new sample comes, old_end0, new_end8
W20240124 17:20:29.602563 12659 grad_async_v2.h:249] Sleep in <BlockToStepN>, step_no=109, pq.top=109
+---------------------------+---------------------------+---------------------------+
| Name                      | P50                       | P99                       |
+---------------------------+---------------------------+---------------------------+
| GenInput                  | 8.550 ms                  | 98.816 ms                 |
| Forward                   | 4.875 ms                  | 29.666 ms                 |
| Backward                  | 5.274 ms                  | 7.827 ms                  |
| Optimize                  | 1.951 ms                  | 4.690 ms                  |
| BarrierTimeBeforeRank0    | 41.133 us                 | 51.547 ms                 |
| AfterBackward             | 61.088 ms                 | 866.198 ms                |
| BlockToStepN              | 43.564 ms                 | 168.135 ms                |
| OneStep                   | 138.712 ms                | 994.719 ms                |
+---------------------------+---------------------------+---------------------------+
