WARNING: Logging before InitGoogleLogging() is written to STDERR
I20240204 15:26:59.248924 60904 IPC_barrier.h:128] MultiProcessBarrierFactory->ClearIPCMemory()
/data/home/xieminhui/RecStore/src/framework_adapters/torch/kg/dgl-0.9.1/python/dgl/_deprecate/graph.py:1023: DGLWarning: multigraph will be deprecated.DGL will treat all graphs as multigraph in the future.
  dgl_warning("multigraph will be deprecated." \
/data/home/xieminhui/RecStore/src/framework_adapters/torch/kg/dgl-0.9.1/python/dgl/heterograph.py:72: DGLWarning: Recommend creating graphs by `dgl.graph(data)` instead of `dgl.DGLGraph(data)`.
  dgl_warning('Recommend creating graphs by `dgl.graph(data)`'
Reading train triples....
Finished. Read 304727650 train triples.
Reading valid triples....
Finished. Read 16929318 valid triples.
Reading test triples....
Finished. Read 16929308 test triples.
ARGS:  Namespace(model_name='TransE', data_path='/home/xieminhui/dgl-data', dataset='Freebase', format='built_in', data_files=None, delimiter='\t', save_path='/tmp/ckpts/TransE_Freebase_96', no_save_emb=True, max_step=500, batch_size=2000, batch_size_eval=16, neg_sample_size=200, neg_deg_sample=False, neg_deg_sample_eval=False, neg_sample_size_eval=86054151, eval_percent=1, no_eval_filter=False, log_interval=100, eval_interval=10000, test=False, num_proc=8, num_thread=1, force_sync_interval=1, hidden_dim=400, lr=0.01, gamma=16.0, double_ent=False, double_rel=False, neg_adversarial_sampling=False, adversarial_temperature=1.0, regularization_coef=0.0, regularization_norm=3, pairwise=False, loss_genre='Logsigmoid', margin=1.0, nr_gpus=8, gpu=[0, 1, 2, 3, 4, 5, 6, 7], mix_cpu_gpu=True, valid=False, rel_part=False, async_update=None, has_edge_importance=False, cached_emb_type='KnownLocalCachedEmbedding', use_my_emb=True, cache_ratio=0.05, shuffle=False, backwardMode='CppAsyncV2', L=14, nr_background_threads=32, update_cache_use_omp=0, update_pq_use_omp=0, kForwardItersPerStep=2, backgrad_init='both', eval_filter=True, soft_rel_part=False)
|Train|: 304727650
original graph:  DGLGraph(num_nodes=86054151, num_edges=338586276,
         ndata_schemes={}
         edata_schemes={'tid': Scheme(shape=(), dtype=torch.int64)})
Loading cached metis
WARNING [60904 sampler.py:454] Start PreSampling
WARNING [60904 sampler.py:532] Before construct renumbering_dict
WARNING [60904 sampler.py:555] PreSampling done
W20240204 15:47:10.645079 60904 IPCTensor.h:369] NewIPCTensor: cached_sampler_r0_0 [1000000]0x100000002000 7.629 MB
W20240204 15:47:10.645267 60904 IPCTensor.h:369] NewIPCTensor: cached_sampler_r0_1 [1000000]0x1000007a5000 7.629 MB
W20240204 15:47:10.645311 60904 IPCTensor.h:369] NewIPCTensor: cached_sampler_r0_2 [1000000]0x100000f48000 7.629 MB
W20240204 15:47:10.645339 60904 IPCTensor.h:369] NewIPCTensor: cached_sampler_r0_3 [1000000]0x1000016eb000 7.629 MB
W20240204 15:47:10.645375 60904 IPCTensor.h:369] NewIPCTensor: cached_sampler_r0_4 [1000000]0x100001e8e000 7.629 MB
W20240204 15:47:10.645406 60904 IPCTensor.h:369] NewIPCTensor: cached_sampler_r0_5 [1000000]0x100002631000 7.629 MB
W20240204 15:47:10.645444 60904 IPCTensor.h:369] NewIPCTensor: cached_sampler_r0_6 [1000000]0x100002dd4000 7.629 MB
W20240204 15:47:10.645485 60904 IPCTensor.h:369] NewIPCTensor: cached_sampler_r0_7 [1000000]0x100003577000 7.629 MB
W20240204 15:47:10.645525 60904 IPCTensor.h:369] NewIPCTensor: cached_sampler_r0_8 [1000000]0x100003d1a000 7.629 MB
W20240204 15:47:10.645565 60904 IPCTensor.h:369] NewIPCTensor: cached_sampler_r0_9 [1000000]0x1000044bd000 7.629 MB
W20240204 15:47:10.645601 60904 IPCTensor.h:369] NewIPCTensor: cached_sampler_r0_10 [1000000]0x100004c60000 7.629 MB
W20240204 15:47:10.645643 60904 IPCTensor.h:369] NewIPCTensor: cached_sampler_r0_11 [1000000]0x100005403000 7.629 MB
W20240204 15:47:10.645675 60904 IPCTensor.h:369] NewIPCTensor: cached_sampler_r0_12 [1000000]0x100005ba6000 7.629 MB
W20240204 15:47:10.645710 60904 IPCTensor.h:369] NewIPCTensor: cached_sampler_r0_13 [1000000]0x100006349000 7.629 MB
W20240204 15:47:10.645748 60904 IPCTensor.h:369] NewIPCTensor: step_r0 [14]0x100006aec000 112 B 
W20240204 15:47:10.645789 60904 IPCTensor.h:369] NewIPCTensor: circle_buffer_end_r0 [1]0x100006aee000 8 B 
W20240204 15:47:10.645814 60904 IPCTensor.h:369] NewIPCTensor: circle_buffer_end_cppseen_r0 [1]0x100006af0000 8 B 
W20240204 15:47:10.645969 60904 IPCTensor.h:369] NewIPCTensor: cached_sampler_r1_0 [1000000]0x100006af2000 7.629 MB
W20240204 15:47:10.646006 60904 IPCTensor.h:369] NewIPCTensor: cached_sampler_r1_1 [1000000]0x100007295000 7.629 MB
W20240204 15:47:10.646032 60904 IPCTensor.h:369] NewIPCTensor: cached_sampler_r1_2 [1000000]0x100007a38000 7.629 MB
W20240204 15:47:10.646060 60904 IPCTensor.h:369] NewIPCTensor: cached_sampler_r1_3 [1000000]0x1000081db000 7.629 MB
W20240204 15:47:10.646087 60904 IPCTensor.h:369] NewIPCTensor: cached_sampler_r1_4 [1000000]0x10000897e000 7.629 MB
W20240204 15:47:10.646114 60904 IPCTensor.h:369] NewIPCTensor: cached_sampler_r1_5 [1000000]0x100009121000 7.629 MB
W20240204 15:47:10.646147 60904 IPCTensor.h:369] NewIPCTensor: cached_sampler_r1_6 [1000000]0x1000098c4000 7.629 MB
W20240204 15:47:10.646173 60904 IPCTensor.h:369] NewIPCTensor: cached_sampler_r1_7 [1000000]0x10000a067000 7.629 MB
W20240204 15:47:10.646199 60904 IPCTensor.h:369] NewIPCTensor: cached_sampler_r1_8 [1000000]0x10000a80a000 7.629 MB
W20240204 15:47:10.646226 60904 IPCTensor.h:369] NewIPCTensor: cached_sampler_r1_9 [1000000]0x10000afad000 7.629 MB
W20240204 15:47:10.646251 60904 IPCTensor.h:369] NewIPCTensor: cached_sampler_r1_10 [1000000]0x10000b750000 7.629 MB
W20240204 15:47:10.646277 60904 IPCTensor.h:369] NewIPCTensor: cached_sampler_r1_11 [1000000]0x10000bef3000 7.629 MB
W20240204 15:47:10.646308 60904 IPCTensor.h:369] NewIPCTensor: cached_sampler_r1_12 [1000000]0x10000c696000 7.629 MB
W20240204 15:47:10.646343 60904 IPCTensor.h:369] NewIPCTensor: cached_sampler_r1_13 [1000000]0x10000ce39000 7.629 MB
W20240204 15:47:10.646371 60904 IPCTensor.h:369] NewIPCTensor: step_r1 [14]0x10000d5dc000 112 B 
W20240204 15:47:10.646394 60904 IPCTensor.h:369] NewIPCTensor: circle_buffer_end_r1 [1]0x10000d5de000 8 B 
W20240204 15:47:10.646420 60904 IPCTensor.h:369] NewIPCTensor: circle_buffer_end_cppseen_r1 [1]0x10000d5e0000 8 B 
W20240204 15:47:10.646471 60904 IPCTensor.h:369] NewIPCTensor: cached_sampler_r2_0 [1000000]0x10000d5e2000 7.629 MB
W20240204 15:47:10.646507 60904 IPCTensor.h:369] NewIPCTensor: cached_sampler_r2_1 [1000000]0x10000dd85000 7.629 MB
W20240204 15:47:10.646540 60904 IPCTensor.h:369] NewIPCTensor: cached_sampler_r2_2 [1000000]0x10000e528000 7.629 MB
W20240204 15:47:10.646574 60904 IPCTensor.h:369] NewIPCTensor: cached_sampler_r2_3 [1000000]0x10000eccb000 7.629 MB
W20240204 15:47:10.646605 60904 IPCTensor.h:369] NewIPCTensor: cached_sampler_r2_4 [1000000]0x10000f46e000 7.629 MB
W20240204 15:47:10.646636 60904 IPCTensor.h:369] NewIPCTensor: cached_sampler_r2_5 [1000000]0x10000fc11000 7.629 MB
W20240204 15:47:10.646665 60904 IPCTensor.h:369] NewIPCTensor: cached_sampler_r2_6 [1000000]0x1000103b4000 7.629 MB
W20240204 15:47:10.646695 60904 IPCTensor.h:369] NewIPCTensor: cached_sampler_r2_7 [1000000]0x100010b57000 7.629 MB
W20240204 15:47:10.646733 60904 IPCTensor.h:369] NewIPCTensor: cached_sampler_r2_8 [1000000]0x1000112fa000 7.629 MB
W20240204 15:47:10.646765 60904 IPCTensor.h:369] NewIPCTensor: cached_sampler_r2_9 [1000000]0x100011a9d000 7.629 MB
W20240204 15:47:10.646796 60904 IPCTensor.h:369] NewIPCTensor: cached_sampler_r2_10 [1000000]0x100012240000 7.629 MB
W20240204 15:47:10.646827 60904 IPCTensor.h:369] NewIPCTensor: cached_sampler_r2_11 [1000000]0x1000129e3000 7.629 MB
W20240204 15:47:10.646865 60904 IPCTensor.h:369] NewIPCTensor: cached_sampler_r2_12 [1000000]0x100013186000 7.629 MB
W20240204 15:47:10.646893 60904 IPCTensor.h:369] NewIPCTensor: cached_sampler_r2_13 [1000000]0x100013929000 7.629 MB
W20240204 15:47:10.646922 60904 IPCTensor.h:369] NewIPCTensor: step_r2 [14]0x1000140cc000 112 B 
W20240204 15:47:10.646944 60904 IPCTensor.h:369] NewIPCTensor: circle_buffer_end_r2 [1]0x1000140ce000 8 B 
W20240204 15:47:10.646971 60904 IPCTensor.h:369] NewIPCTensor: circle_buffer_end_cppseen_r2 [1]0x1000140d0000 8 B 
W20240204 15:47:10.647033 60904 IPCTensor.h:369] NewIPCTensor: cached_sampler_r3_0 [1000000]0x1000140d2000 7.629 MB
W20240204 15:47:10.647066 60904 IPCTensor.h:369] NewIPCTensor: cached_sampler_r3_1 [1000000]0x100014875000 7.629 MB
W20240204 15:47:10.647099 60904 IPCTensor.h:369] NewIPCTensor: cached_sampler_r3_2 [1000000]0x100015018000 7.629 MB
W20240204 15:47:10.647125 60904 IPCTensor.h:369] NewIPCTensor: cached_sampler_r3_3 [1000000]0x1000157bb000 7.629 MB
W20240204 15:47:10.647152 60904 IPCTensor.h:369] NewIPCTensor: cached_sampler_r3_4 [1000000]0x100015f5e000 7.629 MB
W20240204 15:47:10.647179 60904 IPCTensor.h:369] NewIPCTensor: cached_sampler_r3_5 [1000000]0x100016701000 7.629 MB
W20240204 15:47:10.647209 60904 IPCTensor.h:369] NewIPCTensor: cached_sampler_r3_6 [1000000]0x100016ea4000 7.629 MB
W20240204 15:47:10.647238 60904 IPCTensor.h:369] NewIPCTensor: cached_sampler_r3_7 [1000000]0x100017647000 7.629 MB
W20240204 15:47:10.647267 60904 IPCTensor.h:369] NewIPCTensor: cached_sampler_r3_8 [1000000]0x100017dea000 7.629 MB
W20240204 15:47:10.647301 60904 IPCTensor.h:369] NewIPCTensor: cached_sampler_r3_9 [1000000]0x10001858d000 7.629 MB
W20240204 15:47:10.647336 60904 IPCTensor.h:369] NewIPCTensor: cached_sampler_r3_10 [1000000]0x100018d30000 7.629 MB
W20240204 15:47:10.647363 60904 IPCTensor.h:369] NewIPCTensor: cached_sampler_r3_11 [1000000]0x1000194d3000 7.629 MB
W20240204 15:47:10.647398 60904 IPCTensor.h:369] NewIPCTensor: cached_sampler_r3_12 [1000000]0x100019c76000 7.629 MB
W20240204 15:47:10.647428 60904 IPCTensor.h:369] NewIPCTensor: cached_sampler_r3_13 [1000000]0x10001a419000 7.629 MB
W20240204 15:47:10.647459 60904 IPCTensor.h:369] NewIPCTensor: step_r3 [14]0x10001abbc000 112 B 
W20240204 15:47:10.647481 60904 IPCTensor.h:369] NewIPCTensor: circle_buffer_end_r3 [1]0x10001abbe000 8 B 
W20240204 15:47:10.647503 60904 IPCTensor.h:369] NewIPCTensor: circle_buffer_end_cppseen_r3 [1]0x10001abc0000 8 B 
W20240204 15:47:10.647552 60904 IPCTensor.h:369] NewIPCTensor: cached_sampler_r4_0 [1000000]0x10001abc2000 7.629 MB
W20240204 15:47:10.647583 60904 IPCTensor.h:369] NewIPCTensor: cached_sampler_r4_1 [1000000]0x10001b365000 7.629 MB
W20240204 15:47:10.647610 60904 IPCTensor.h:369] NewIPCTensor: cached_sampler_r4_2 [1000000]0x10001bb08000 7.629 MB
W20240204 15:47:10.647637 60904 IPCTensor.h:369] NewIPCTensor: cached_sampler_r4_3 [1000000]0x10001c2ab000 7.629 MB
W20240204 15:47:10.647672 60904 IPCTensor.h:369] NewIPCTensor: cached_sampler_r4_4 [1000000]0x10001ca4e000 7.629 MB
W20240204 15:47:10.647703 60904 IPCTensor.h:369] NewIPCTensor: cached_sampler_r4_5 [1000000]0x10001d1f1000 7.629 MB
W20240204 15:47:10.647732 60904 IPCTensor.h:369] NewIPCTensor: cached_sampler_r4_6 [1000000]0x10001d994000 7.629 MB
W20240204 15:47:10.647759 60904 IPCTensor.h:369] NewIPCTensor: cached_sampler_r4_7 [1000000]0x10001e137000 7.629 MB
W20240204 15:47:10.647791 60904 IPCTensor.h:369] NewIPCTensor: cached_sampler_r4_8 [1000000]0x10001e8da000 7.629 MB
W20240204 15:47:10.647822 60904 IPCTensor.h:369] NewIPCTensor: cached_sampler_r4_9 [1000000]0x10001f07d000 7.629 MB
W20240204 15:47:10.647858 60904 IPCTensor.h:369] NewIPCTensor: cached_sampler_r4_10 [1000000]0x10001f820000 7.629 MB
W20240204 15:47:10.647886 60904 IPCTensor.h:369] NewIPCTensor: cached_sampler_r4_11 [1000000]0x10001ffc3000 7.629 MB
W20240204 15:47:10.647915 60904 IPCTensor.h:369] NewIPCTensor: cached_sampler_r4_12 [1000000]0x100020766000 7.629 MB
W20240204 15:47:10.647948 60904 IPCTensor.h:369] NewIPCTensor: cached_sampler_r4_13 [1000000]0x100020f09000 7.629 MB
W20240204 15:47:10.647981 60904 IPCTensor.h:369] NewIPCTensor: step_r4 [14]0x1000216ac000 112 B 
W20240204 15:47:10.648003 60904 IPCTensor.h:369] NewIPCTensor: circle_buffer_end_r4 [1]0x1000216ae000 8 B 
W20240204 15:47:10.648029 60904 IPCTensor.h:369] NewIPCTensor: circle_buffer_end_cppseen_r4 [1]0x1000216b0000 8 B 
W20240204 15:47:10.648095 60904 IPCTensor.h:369] NewIPCTensor: cached_sampler_r5_0 [1000000]0x1000216b2000 7.629 MB
W20240204 15:47:10.648138 60904 IPCTensor.h:369] NewIPCTensor: cached_sampler_r5_1 [1000000]0x100021e55000 7.629 MB
W20240204 15:47:10.648175 60904 IPCTensor.h:369] NewIPCTensor: cached_sampler_r5_2 [1000000]0x1000225f8000 7.629 MB
W20240204 15:47:10.648203 60904 IPCTensor.h:369] NewIPCTensor: cached_sampler_r5_3 [1000000]0x100022d9b000 7.629 MB
W20240204 15:47:10.648233 60904 IPCTensor.h:369] NewIPCTensor: cached_sampler_r5_4 [1000000]0x10002353e000 7.629 MB
W20240204 15:47:10.648269 60904 IPCTensor.h:369] NewIPCTensor: cached_sampler_r5_5 [1000000]0x100023ce1000 7.629 MB
W20240204 15:47:10.648303 60904 IPCTensor.h:369] NewIPCTensor: cached_sampler_r5_6 [1000000]0x100024484000 7.629 MB
W20240204 15:47:10.648334 60904 IPCTensor.h:369] NewIPCTensor: cached_sampler_r5_7 [1000000]0x100024c27000 7.629 MB
W20240204 15:47:10.648373 60904 IPCTensor.h:369] NewIPCTensor: cached_sampler_r5_8 [1000000]0x1000253ca000 7.629 MB
W20240204 15:47:10.648411 60904 IPCTensor.h:369] NewIPCTensor: cached_sampler_r5_9 [1000000]0x100025b6d000 7.629 MB
W20240204 15:47:10.648439 60904 IPCTensor.h:369] NewIPCTensor: cached_sampler_r5_10 [1000000]0x100026310000 7.629 MB
W20240204 15:47:10.648471 60904 IPCTensor.h:369] NewIPCTensor: cached_sampler_r5_11 [1000000]0x100026ab3000 7.629 MB
W20240204 15:47:10.648504 60904 IPCTensor.h:369] NewIPCTensor: cached_sampler_r5_12 [1000000]0x100027256000 7.629 MB
W20240204 15:47:10.648536 60904 IPCTensor.h:369] NewIPCTensor: cached_sampler_r5_13 [1000000]0x1000279f9000 7.629 MB
W20240204 15:47:10.648563 60904 IPCTensor.h:369] NewIPCTensor: step_r5 [14]0x10002819c000 112 B 
W20240204 15:47:10.648586 60904 IPCTensor.h:369] NewIPCTensor: circle_buffer_end_r5 [1]0x10002819e000 8 B 
W20240204 15:47:10.648608 60904 IPCTensor.h:369] NewIPCTensor: circle_buffer_end_cppseen_r5 [1]0x1000281a0000 8 B 
W20240204 15:47:10.648660 60904 IPCTensor.h:369] NewIPCTensor: cached_sampler_r6_0 [1000000]0x1000281a2000 7.629 MB
W20240204 15:47:10.648700 60904 IPCTensor.h:369] NewIPCTensor: cached_sampler_r6_1 [1000000]0x100028945000 7.629 MB
W20240204 15:47:10.648732 60904 IPCTensor.h:369] NewIPCTensor: cached_sampler_r6_2 [1000000]0x1000290e8000 7.629 MB
W20240204 15:47:10.648761 60904 IPCTensor.h:369] NewIPCTensor: cached_sampler_r6_3 [1000000]0x10002988b000 7.629 MB
W20240204 15:47:10.648789 60904 IPCTensor.h:369] NewIPCTensor: cached_sampler_r6_4 [1000000]0x10002a02e000 7.629 MB
W20240204 15:47:10.648818 60904 IPCTensor.h:369] NewIPCTensor: cached_sampler_r6_5 [1000000]0x10002a7d1000 7.629 MB
W20240204 15:47:10.648847 60904 IPCTensor.h:369] NewIPCTensor: cached_sampler_r6_6 [1000000]0x10002af74000 7.629 MB
W20240204 15:47:10.648878 60904 IPCTensor.h:369] NewIPCTensor: cached_sampler_r6_7 [1000000]0x10002b717000 7.629 MB
W20240204 15:47:10.648907 60904 IPCTensor.h:369] NewIPCTensor: cached_sampler_r6_8 [1000000]0x10002beba000 7.629 MB
W20240204 15:47:10.648941 60904 IPCTensor.h:369] NewIPCTensor: cached_sampler_r6_9 [1000000]0x10002c65d000 7.629 MB
W20240204 15:47:10.648973 60904 IPCTensor.h:369] NewIPCTensor: cached_sampler_r6_10 [1000000]0x10002ce00000 7.629 MB
W20240204 15:47:10.649006 60904 IPCTensor.h:369] NewIPCTensor: cached_sampler_r6_11 [1000000]0x10002d5a3000 7.629 MB
W20240204 15:47:10.649039 60904 IPCTensor.h:369] NewIPCTensor: cached_sampler_r6_12 [1000000]0x10002dd46000 7.629 MB
W20240204 15:47:10.649071 60904 IPCTensor.h:369] NewIPCTensor: cached_sampler_r6_13 [1000000]0x10002e4e9000 7.629 MB
W20240204 15:47:10.649098 60904 IPCTensor.h:369] NewIPCTensor: step_r6 [14]0x10002ec8c000 112 B 
W20240204 15:47:10.649121 60904 IPCTensor.h:369] NewIPCTensor: circle_buffer_end_r6 [1]0x10002ec8e000 8 B 
W20240204 15:47:10.649147 60904 IPCTensor.h:369] NewIPCTensor: circle_buffer_end_cppseen_r6 [1]0x10002ec90000 8 B 
W20240204 15:47:10.649199 60904 IPCTensor.h:369] NewIPCTensor: cached_sampler_r7_0 [1000000]0x10002ec92000 7.629 MB
W20240204 15:47:10.649231 60904 IPCTensor.h:369] NewIPCTensor: cached_sampler_r7_1 [1000000]0x10002f435000 7.629 MB
W20240204 15:47:10.649266 60904 IPCTensor.h:369] NewIPCTensor: cached_sampler_r7_2 [1000000]0x10002fbd8000 7.629 MB
W20240204 15:47:10.649297 60904 IPCTensor.h:369] NewIPCTensor: cached_sampler_r7_3 [1000000]0x10003037b000 7.629 MB
W20240204 15:47:10.649333 60904 IPCTensor.h:369] NewIPCTensor: cached_sampler_r7_4 [1000000]0x100030b1e000 7.629 MB
W20240204 15:47:10.649376 60904 IPCTensor.h:369] NewIPCTensor: cached_sampler_r7_5 [1000000]0x1000312c1000 7.629 MB
W20240204 15:47:10.649413 60904 IPCTensor.h:369] NewIPCTensor: cached_sampler_r7_6 [1000000]0x100031a64000 7.629 MB
W20240204 15:47:10.649448 60904 IPCTensor.h:369] NewIPCTensor: cached_sampler_r7_7 [1000000]0x100032207000 7.629 MB
W20240204 15:47:10.649478 60904 IPCTensor.h:369] NewIPCTensor: cached_sampler_r7_8 [1000000]0x1000329aa000 7.629 MB
W20240204 15:47:10.649516 60904 IPCTensor.h:369] NewIPCTensor: cached_sampler_r7_9 [1000000]0x10003314d000 7.629 MB
W20240204 15:47:10.649557 60904 IPCTensor.h:369] NewIPCTensor: cached_sampler_r7_10 [1000000]0x1000338f0000 7.629 MB
W20240204 15:47:10.649588 60904 IPCTensor.h:369] NewIPCTensor: cached_sampler_r7_11 [1000000]0x100034093000 7.629 MB
W20240204 15:47:10.649624 60904 IPCTensor.h:369] NewIPCTensor: cached_sampler_r7_12 [1000000]0x100034836000 7.629 MB
W20240204 15:47:10.649654 60904 IPCTensor.h:369] NewIPCTensor: cached_sampler_r7_13 [1000000]0x100034fd9000 7.629 MB
W20240204 15:47:10.649686 60904 IPCTensor.h:369] NewIPCTensor: step_r7 [14]0x10003577c000 112 B 
W20240204 15:47:10.649710 60904 IPCTensor.h:369] NewIPCTensor: circle_buffer_end_r7 [1]0x10003577e000 8 B 
W20240204 15:47:10.649734 60904 IPCTensor.h:369] NewIPCTensor: circle_buffer_end_cppseen_r7 [1]0x100035780000 8 B 
W20240204 15:47:11.057322 60904 IPCTensor.h:369] NewIPCTensor: full_emb [86054151, 400]0x100035782000 128.2 GB
W20240204 15:55:48.427512 60904 IPCTensor.h:369] NewIPCTensor: full_emb_SparseRowWiseAdaGrad_sum [86054151]0x1020443ba000 328.3 MB
{0: Graph(num_nodes=18863774, num_edges=55186826,
      ndata_schemes={'_ID': Scheme(shape=(), dtype=torch.int64), 'inner_node': Scheme(shape=(), dtype=torch.int32), 'part_id': Scheme(shape=(), dtype=torch.int64)}
      edata_schemes={'_ID': Scheme(shape=(), dtype=torch.int64), 'inner_edge': Scheme(shape=(), dtype=torch.int8)}), 1: Graph(num_nodes=13493829, num_edges=51786811,
      ndata_schemes={'_ID': Scheme(shape=(), dtype=torch.int64), 'inner_node': Scheme(shape=(), dtype=torch.int32), 'part_id': Scheme(shape=(), dtype=torch.int64)}
      edata_schemes={'_ID': Scheme(shape=(), dtype=torch.int64), 'inner_edge': Scheme(shape=(), dtype=torch.int8)}), 2: Graph(num_nodes=12506959, num_edges=45797296,
      ndata_schemes={'_ID': Scheme(shape=(), dtype=torch.int64), 'inner_node': Scheme(shape=(), dtype=torch.int32), 'part_id': Scheme(shape=(), dtype=torch.int64)}
      edata_schemes={'_ID': Scheme(shape=(), dtype=torch.int64), 'inner_edge': Scheme(shape=(), dtype=torch.int8)}), 3: Graph(num_nodes=12605014, num_edges=52067933,
      ndata_schemes={'_ID': Scheme(shape=(), dtype=torch.int64), 'inner_node': Scheme(shape=(), dtype=torch.int32), 'part_id': Scheme(shape=(), dtype=torch.int64)}
      edata_schemes={'_ID': Scheme(shape=(), dtype=torch.int64), 'inner_edge': Scheme(shape=(), dtype=torch.int8)}), 4: Graph(num_nodes=14435508, num_edges=39101576,
      ndata_schemes={'_ID': Scheme(shape=(), dtype=torch.int64), 'inner_node': Scheme(shape=(), dtype=torch.int32), 'part_id': Scheme(shape=(), dtype=torch.int64)}
      edata_schemes={'_ID': Scheme(shape=(), dtype=torch.int64), 'inner_edge': Scheme(shape=(), dtype=torch.int8)}), 5: Graph(num_nodes=13252778, num_edges=37365728,
      ndata_schemes={'_ID': Scheme(shape=(), dtype=torch.int64), 'inner_node': Scheme(shape=(), dtype=torch.int32), 'part_id': Scheme(shape=(), dtype=torch.int64)}
      edata_schemes={'_ID': Scheme(shape=(), dtype=torch.int64), 'inner_edge': Scheme(shape=(), dtype=torch.int8)}), 6: Graph(num_nodes=14444909, num_edges=60122064,
      ndata_schemes={'_ID': Scheme(shape=(), dtype=torch.int64), 'inner_node': Scheme(shape=(), dtype=torch.int32), 'part_id': Scheme(shape=(), dtype=torch.int64)}
      edata_schemes={'_ID': Scheme(shape=(), dtype=torch.int64), 'inner_edge': Scheme(shape=(), dtype=torch.int8)}), 7: Graph(num_nodes=14493336, num_edges=37760331,
      ndata_schemes={'_ID': Scheme(shape=(), dtype=torch.int64), 'inner_node': Scheme(shape=(), dtype=torch.int32), 'part_id': Scheme(shape=(), dtype=torch.int64)}
      edata_schemes={'_ID': Scheme(shape=(), dtype=torch.int64), 'inner_edge': Scheme(shape=(), dtype=torch.int8)})}
MertisPartition: part 0 has 18863774 N 55186826 E
MertisPartition: part 1 has 13493829 N 51786811 E
MertisPartition: part 2 has 12506959 N 45797296 E
MertisPartition: part 3 has 12605014 N 52067933 E
MertisPartition: part 4 has 14435508 N 39101576 E
MertisPartition: part 5 has 13252778 N 37365728 E
MertisPartition: part 6 has 14444909 N 60122064 E
MertisPartition: part 7 has 14493336 N 37760331 E
Rank0: cached key size 537838
Rank1: cached key size 537838
Rank2: cached key size 537838
Rank3: cached key size 537838
Rank4: cached key size 537838
Rank5: cached key size 537838
Rank6: cached key size 537838
Rank7: cached key size 537838
Before renumbering graph:  {'_ID': tensor([       0,        1,        2,  ..., 39512110,  9797409, 32293938]), 'inner_node': tensor([1, 1, 1,  ..., 0, 0, 0], dtype=torch.int32), 'part_id': tensor([0, 0, 0,  ..., 6, 6, 6])}
After renumbering graph:  {'_ID': tensor([ 4302706,  4302747,    96098,  ..., 73443960, 53572170,  5218217]), 'inner_node': tensor([1, 1, 1,  ..., 0, 0, 0], dtype=torch.int32), 'part_id': tensor([0, 0, 0,  ..., 6, 6, 6])}
part_g: DGLGraph(num_nodes=18863774, num_edges=55186826,
         ndata_schemes={'_ID': Scheme(shape=(), dtype=torch.int64)}
         edata_schemes={'tid': Scheme(shape=(), dtype=torch.int64)})
part_g: DGLGraph(num_nodes=18863774, num_edges=55186826,
         ndata_schemes={'_ID': Scheme(shape=(), dtype=torch.int64)}
         edata_schemes={'tid': Scheme(shape=(), dtype=torch.int64)})
Total initialize time 2231.953 seconds
[Rank1] pid = 26667
[Rank2] pid = 26827
[Rank3] pid = 27035
[Rank4] pid = 27206
[Rank5] pid = 27395
[Rank6] pid = 27560
INFO [60904 distributed_c10d.py:442] Added key: store_based_barrier_key:1 to store for rank: 0
INFO [26667 distributed_c10d.py:442] Added key: store_based_barrier_key:1 to store for rank: 1
INFO [26827 distributed_c10d.py:442] Added key: store_based_barrier_key:1 to store for rank: 2
INFO [27035 distributed_c10d.py:442] Added key: store_based_barrier_key:1 to store for rank: 3
INFO [27206 distributed_c10d.py:442] Added key: store_based_barrier_key:1 to store for rank: 4
INFO [27560 distributed_c10d.py:442] Added key: store_based_barrier_key:1 to store for rank: 6
INFO [27395 distributed_c10d.py:442] Added key: store_based_barrier_key:1 to store for rank: 5
INFO [27748 distributed_c10d.py:442] Added key: store_based_barrier_key:1 to store for rank: 7
INFO [27560 distributed_c10d.py:476] Rank 6: Completed store-based barrier for key:store_based_barrier_key:1 with 8 nodes.
INFO [27395 distributed_c10d.py:476] Rank 5: Completed store-based barrier for key:store_based_barrier_key:1 with 8 nodes.
INFO [27748 distributed_c10d.py:476] Rank 7: Completed store-based barrier for key:store_based_barrier_key:1 with 8 nodes.
INFO [60904 distributed_c10d.py:476] Rank 0: Completed store-based barrier for key:store_based_barrier_key:1 with 8 nodes.
INFO [27035 distributed_c10d.py:476] Rank 3: Completed store-based barrier for key:store_based_barrier_key:1 with 8 nodes.
INFO [26827 distributed_c10d.py:476] Rank 2: Completed store-based barrier for key:store_based_barrier_key:1 with 8 nodes.
INFO [26667 distributed_c10d.py:476] Rank 1: Completed store-based barrier for key:store_based_barrier_key:1 with 8 nodes.
W20240204 16:04:23.504690 27576 IPCTensor.h:409] NewIPCGPUTensor: embedding_cache_6 [4302707, 400]; dev=6; size=6.412 GB
W20240204 16:04:23.504832 27417 IPCTensor.h:409] NewIPCGPUTensor: embedding_cache_5 [4302707, 400]; dev=5; size=6.412 GB
W20240204 16:04:23.504832 27833 IPCTensor.h:409] NewIPCGPUTensor: embedding_cache_7 [4302707, 400]; dev=7; size=6.412 GB
W20240204 16:04:23.505280 27749 IPCTensor.h:409] NewIPCGPUTensor: embedding_cache_0 [4302707, 400]; dev=0; size=6.412 GB
W20240204 16:04:23.507030 27057 IPCTensor.h:409] NewIPCGPUTensor: embedding_cache_3 [4302707, 400]; dev=3; size=6.412 GB
W20240204 16:04:23.507119 26668 IPCTensor.h:409] NewIPCGPUTensor: embedding_cache_1 [4302707, 400]; dev=1; size=6.412 GB
W20240204 16:04:23.507529 26837 IPCTensor.h:409] NewIPCGPUTensor: embedding_cache_2 [4302707, 400]; dev=2; size=6.412 GB
INFO [27206 distributed_c10d.py:476] Rank 4: Completed store-based barrier for key:store_based_barrier_key:1 with 8 nodes.
W20240204 16:04:23.512797 27221 IPCTensor.h:409] NewIPCGPUTensor: embedding_cache_4 [4302707, 400]; dev=4; size=6.412 GB
W20240204 16:04:23.587548 26668 IPCTensor.h:369] NewIPCTensor: input_keys_1 [1000000]0x102058c11000 7.629 MB
W20240204 16:04:23.587567 27749 IPCTensor.h:369] NewIPCTensor: input_keys_0 [1000000]0x1020593b4000 7.629 MB
W20240204 16:04:23.587591 27576 IPCTensor.h:369] NewIPCTensor: input_keys_6 [1000000]0x102059b57000 7.629 MB
W20240204 16:04:23.587606 27417 IPCTensor.h:369] NewIPCTensor: input_keys_5 [1000000]0x10205a2fa000 7.629 MB
W20240204 16:04:23.587627 27833 IPCTensor.h:369] NewIPCTensor: input_keys_7 [1000000]0x10205aa9d000 7.629 MB
W20240204 16:04:23.587648 27057 IPCTensor.h:369] NewIPCTensor: input_keys_3 [1000000]0x10205b240000 7.629 MB
W20240204 16:04:23.587672 26837 IPCTensor.h:369] NewIPCTensor: input_keys_2 [1000000]0x10205b9e3000 7.629 MB
W20240204 16:04:23.587697 27221 IPCTensor.h:369] NewIPCTensor: input_keys_4 [1000000]0x10205c186000 7.629 MB
W20240204 16:04:23.587724 27749 IPCTensor.h:369] NewIPCTensor: input_keys_neg_0 [1000000]0x10205c929000 7.629 MB
W20240204 16:04:23.587767 26668 IPCTensor.h:369] NewIPCTensor: input_keys_neg_1 [1000000]0x10205d0cc000 7.629 MB
W20240204 16:04:23.587771 27576 IPCTensor.h:369] NewIPCTensor: input_keys_neg_6 [1000000]0x10205d86f000 7.629 MB
W20240204 16:04:23.587775 27749 IPCTensor.h:369] NewIPCTensor: backward_grads_0 [1000000, 400]0x10205e012000 1.49 GB
W20240204 16:04:23.587785 27417 IPCTensor.h:369] NewIPCTensor: input_keys_neg_5 [1000000]0x1020bd5f5000 7.629 MB
W20240204 16:04:23.587805 27833 IPCTensor.h:369] NewIPCTensor: input_keys_neg_7 [1000000]0x1020bdd98000 7.629 MB
W20240204 16:04:23.587822 27749 IPCTensor.h:369] NewIPCTensor: backward_grads_neg_0 [1000000, 400]0x1020be53b000 1.49 GB
W20240204 16:04:23.587834 27057 IPCTensor.h:369] NewIPCTensor: input_keys_neg_3 [1000000]0x10211db1e000 7.629 MB
W20240204 16:04:23.587867 26668 IPCTensor.h:369] NewIPCTensor: backward_grads_1 [1000000, 400]0x10211e2c1000 1.49 GB
W20240204 16:04:23.587873 27221 IPCTensor.h:369] NewIPCTensor: input_keys_neg_4 [1000000]0x10217d8a4000 7.629 MB
W20240204 16:04:23.587879 26837 IPCTensor.h:369] NewIPCTensor: input_keys_neg_2 [1000000]0x10217e047000 7.629 MB
W20240204 16:04:23.587885 27749 IPCTensor.h:409] NewIPCGPUTensor: backward_grads_0_gpu [1000000, 400]; dev=0; size=1.49 GB
W20240204 16:04:23.587889 27417 IPCTensor.h:369] NewIPCTensor: backward_grads_5 [1000000, 400]0x10217e7ea000 1.49 GB
W20240204 16:04:23.587896 27576 IPCTensor.h:369] NewIPCTensor: backward_grads_6 [1000000, 400]0x1021dddcd000 1.49 GB
W20240204 16:04:23.587903 27833 IPCTensor.h:369] NewIPCTensor: backward_grads_7 [1000000, 400]0x10223d3b0000 1.49 GB
W20240204 16:04:23.587930 27057 IPCTensor.h:369] NewIPCTensor: backward_grads_3 [1000000, 400]0x10229c993000 1.49 GB
W20240204 16:04:23.587957 26668 IPCTensor.h:369] NewIPCTensor: backward_grads_neg_1 [1000000, 400]0x1022fbf76000 1.49 GB
W20240204 16:04:23.587971 27833 IPCTensor.h:369] NewIPCTensor: backward_grads_neg_7 [1000000, 400]0x10235b559000 1.49 GB
W20240204 16:04:23.587978 27576 IPCTensor.h:369] NewIPCTensor: backward_grads_neg_6 [1000000, 400]0x1023bab3c000 1.49 GB
W20240204 16:04:23.587985 27417 IPCTensor.h:369] NewIPCTensor: backward_grads_neg_5 [1000000, 400]0x10241a11f000 1.49 GB
W20240204 16:04:23.587990 27221 IPCTensor.h:369] NewIPCTensor: backward_grads_4 [1000000, 400]0x102479702000 1.49 GB
W20240204 16:04:23.588006 27057 IPCTensor.h:369] NewIPCTensor: backward_grads_neg_3 [1000000, 400]0x1024d8ce5000 1.49 GB
W20240204 16:04:23.588013 26837 IPCTensor.h:369] NewIPCTensor: backward_grads_2 [1000000, 400]0x1025382c8000 1.49 GB
W20240204 16:04:23.588043 26668 IPCTensor.h:409] NewIPCGPUTensor: backward_grads_1_gpu [1000000, 400]; dev=1; size=1.49 GB
W20240204 16:04:23.588047 27833 IPCTensor.h:409] NewIPCGPUTensor: backward_grads_7_gpu [1000000, 400]; dev=7; size=1.49 GB
W20240204 16:04:23.588066 27576 IPCTensor.h:409] NewIPCGPUTensor: backward_grads_6_gpu [1000000, 400]; dev=6; size=1.49 GB
W20240204 16:04:23.588068 27057 IPCTensor.h:409] NewIPCGPUTensor: backward_grads_3_gpu [1000000, 400]; dev=3; size=1.49 GB
W20240204 16:04:23.588069 27221 IPCTensor.h:369] NewIPCTensor: backward_grads_neg_4 [1000000, 400]0x1025978ab000 1.49 GB
W20240204 16:04:23.588111 27417 IPCTensor.h:409] NewIPCGPUTensor: backward_grads_5_gpu [1000000, 400]; dev=5; size=1.49 GB
W20240204 16:04:23.588132 26837 IPCTensor.h:369] NewIPCTensor: backward_grads_neg_2 [1000000, 400]0x1025f6e8e000 1.49 GB
W20240204 16:04:23.588160 27221 IPCTensor.h:409] NewIPCGPUTensor: backward_grads_4_gpu [1000000, 400]; dev=4; size=1.49 GB
W20240204 16:04:23.588200 26837 IPCTensor.h:409] NewIPCGPUTensor: backward_grads_2_gpu [1000000, 400]; dev=2; size=1.49 GB
W20240204 16:04:23.591550 27749 IPCTensor.h:409] NewIPCGPUTensor: backward_grads_neg_0_gpu [1000000, 400]; dev=0; size=1.49 GB
W20240204 16:04:23.594848 26668 IPCTensor.h:409] NewIPCGPUTensor: backward_grads_neg_1_gpu [1000000, 400]; dev=1; size=1.49 GB
W20240204 16:04:23.597525 27833 IPCTensor.h:409] NewIPCGPUTensor: backward_grads_neg_7_gpu [1000000, 400]; dev=7; size=1.49 GB
W20240204 16:04:23.603835 27576 IPCTensor.h:409] NewIPCGPUTensor: backward_grads_neg_6_gpu [1000000, 400]; dev=6; size=1.49 GB
W20240204 16:04:23.608844 27057 IPCTensor.h:409] NewIPCGPUTensor: backward_grads_neg_3_gpu [1000000, 400]; dev=3; size=1.49 GB
W20240204 16:04:23.609095 27417 IPCTensor.h:409] NewIPCGPUTensor: backward_grads_neg_5_gpu [1000000, 400]; dev=5; size=1.49 GB
W20240204 16:04:23.619609 27221 IPCTensor.h:409] NewIPCGPUTensor: backward_grads_neg_4_gpu [1000000, 400]; dev=4; size=1.49 GB
W20240204 16:04:23.619660 26837 IPCTensor.h:409] NewIPCGPUTensor: backward_grads_neg_2_gpu [1000000, 400]; dev=2; size=1.49 GB
cudaHostRegister 0x100035782000
5: KnownLocalCachedEmbedding init done
WARNING [27395 DistTensor.py:59] The tensor name already exists in the kvstore
[Rank7] pid = 27748
New CachedEmbedding, name=full_emb, shape=(86054151, 400), cache_type=KnownLocalCachedEmbedding
fixed cache_range is [(0, 4302707), (4302707, 8605414), (8605414, 12908121), (12908121, 17210828), (17210828, 21513535), (21513535, 25816242), (25816242, 30118949), (30118949, 34421656)]
cudaHostRegister 0x100035782000
0: KnownLocalCachedEmbedding init done
WARNING [60904 DistTensor.py:59] The tensor name already exists in the kvstore
cudaHostRegister 0x100035782000
3: KnownLocalCachedEmbedding init done
WARNING [27035 DistTensor.py:59] The tensor name already exists in the kvstore
cudaHostRegister 0x100035782000
6: KnownLocalCachedEmbedding init done
WARNING [27560 DistTensor.py:59] The tensor name already exists in the kvstore
cudaHostRegister 0x100035782000
7: KnownLocalCachedEmbedding init done
WARNING [27748 DistTensor.py:59] The tensor name already exists in the kvstore
cudaHostRegister 0x100035782000
4: KnownLocalCachedEmbedding init done
WARNING [27206 DistTensor.py:59] The tensor name already exists in the kvstore
cudaHostRegister 0x100035782000
1: KnownLocalCachedEmbedding init done
WARNING [26667 DistTensor.py:59] The tensor name already exists in the kvstore
cudaHostRegister 0x100035782000
2: KnownLocalCachedEmbedding init done
WARNING [26827 DistTensor.py:59] The tensor name already exists in the kvstore
I20240204 16:05:15.307552 26837 IPC_barrier.h:118] CreateBarrier: new barrier, name: kgcachecontroller, count: 8
I20240204 16:05:15.307963 27833 IPC_barrier.h:112] CreateBarrier: find existing barrier, name: kgcachecontroller, count: 8
I20240204 16:05:15.308015 27417 IPC_barrier.h:112] CreateBarrier: find existing barrier, name: kgcachecontroller, count: 8
I20240204 16:05:15.308130 26668 IPC_barrier.h:112] CreateBarrier: find existing barrier, name: kgcachecontroller, count: 8
I20240204 16:05:15.308178 27057 IPC_barrier.h:112] CreateBarrier: find existing barrier, name: kgcachecontroller, count: 8
I20240204 16:05:15.308248 27576 IPC_barrier.h:112] CreateBarrier: find existing barrier, name: kgcachecontroller, count: 8
I20240204 16:05:15.308313 27749 IPC_barrier.h:112] CreateBarrier: find existing barrier, name: kgcachecontroller, count: 8
I20240204 16:05:15.308374 27221 IPC_barrier.h:112] CreateBarrier: find existing barrier, name: kgcachecontroller, count: 8
W20240204 16:05:15.310820 27749 grad_base.h:55] KGCacheController, config={
        "num_gpus": 8,
        "L": 14,
        "backgrad_init": "both", 
        "kForwardItersPerStep": 2,
        "clr": 0.01,
        "nr_background_threads": 32,
        "backwardMode": "CppAsyncV2",
        "cache_ratio": 0.05,
        "update_cache_use_omp":  0,
        "update_pq_use_omp":  0
        }
W20240204 16:05:15.311117 27749 grad_base.h:184] Init GradProcessingBase done
I20240204 16:05:28.611145 27749 grad_async_v2.h:42] Use main thread to update emb.
W20240204 16:05:28.611627 27749 kg_controller.h:78] after init GradAsyncProcessingV2
I20240204 16:05:28.611639 27749 kg_controller.h:84] Construct KGCacheController done
E20240204 16:05:30.396562 27833 recstore.cc:66] init folly done
E20240204 16:05:30.396615 26837 recstore.cc:66] init folly done
E20240204 16:05:30.396611 27221 recstore.cc:66] init folly done
E20240204 16:05:30.396617 27057 recstore.cc:66] init folly done
E20240204 16:05:30.396647 27417 recstore.cc:66] init folly done
E20240204 16:05:30.396660 26668 recstore.cc:66] init folly done
E20240204 16:05:30.396668 27749 recstore.cc:66] init folly done
E20240204 16:05:30.396669 27576 recstore.cc:66] init folly done
I20240204 16:05:30.397630 27749 grad_base.h:60] GraphEnv RegTensorsPerProcess
W20240204 16:05:49.125972 33780 grad_async_v2.h:137] Detect new sample comes, old_end0, new_end1
E20240204 16:05:49.126597 33780 parallel_pq_v2.h:79] insert failed, size(hashtable)=1
W20240204 16:05:50.204286 33780 grad_async_v2.h:137] Detect new sample comes, old_end0, new_end1
E20240204 16:05:50.204456 33780 parallel_pq_v2.h:79] insert failed, size(hashtable)=1
+---------------------------+---------------------------+---------------------------+
| Name                      | P50                       | P99                       |
+---------------------------+---------------------------+---------------------------+
| clean                     | 165.224 us                | 413.113 us                |
+---------------------------+---------------------------+---------------------------+
W20240204 16:05:51.920867 33780 grad_async_v2.h:137] Detect new sample comes, old_end1, new_end2
E20240204 16:05:51.937336 33780 parallel_pq_v2.h:79] insert failed, size(hashtable)=0
I20240204 16:05:52.131803 27417 IPC_barrier.h:118] CreateBarrier: new barrier, name: start_barrier, count: 8
I20240204 16:05:52.409828 27221 IPC_barrier.h:112] CreateBarrier: find existing barrier, name: start_barrier, count: 8
E20240204 16:05:52.937027 33780 parallel_pq_v2.h:79] insert failed, size(hashtable)=8
I20240204 16:05:53.393479 27833 IPC_barrier.h:112] CreateBarrier: find existing barrier, name: start_barrier, count: 8
W20240204 16:05:53.399008 33780 grad_async_v2.h:137] Detect new sample comes, old_end12, new_end0
E20240204 16:05:53.937016 33780 parallel_pq_v2.h:79] insert failed, size(hashtable)=0
I20240204 16:05:54.371459 27057 IPC_barrier.h:112] CreateBarrier: find existing barrier, name: start_barrier, count: 8
W20240204 16:05:54.430301 33780 grad_async_v2.h:137] Detect new sample comes, old_end4, new_end0
E20240204 16:05:54.937036 33780 parallel_pq_v2.h:79] insert failed, size(hashtable)=2
I20240204 16:05:55.320470 26837 IPC_barrier.h:112] CreateBarrier: find existing barrier, name: start_barrier, count: 8
+---------------------------+---------------------------+---------------------------+
| Name                      | P50                       | P99                       |
+---------------------------+---------------------------+---------------------------+
| clean                     | 156.007 us                | 281.299 us                |
+---------------------------+---------------------------+---------------------------+
W20240204 16:05:55.748533 33780 grad_async_v2.h:137] Detect new sample comes, old_end1, new_end11
I20240204 16:05:55.772863 27576 IPC_barrier.h:112] CreateBarrier: find existing barrier, name: start_barrier, count: 8
I20240204 16:05:55.839814 26668 IPC_barrier.h:112] CreateBarrier: find existing barrier, name: start_barrier, count: 8
E20240204 16:05:55.937775 33780 parallel_pq_v2.h:79] insert failed, size(hashtable)=0
I20240204 16:05:56.624722 27749 IPC_barrier.h:112] CreateBarrier: find existing barrier, name: start_barrier, count: 8
E20240204 16:05:56.937027 33780 parallel_pq_v2.h:79] insert failed, size(hashtable)=0
W20240204 16:05:57.440003 33780 grad_async_v2.h:137] Detect new sample comes, old_end8, new_end1
E20240204 16:05:57.937012 33780 parallel_pq_v2.h:79] insert failed, size(hashtable)=30
W20240204 16:05:58.516901 33780 grad_async_v2.h:137] Detect new sample comes, old_end0, new_end1
E20240204 16:05:58.937038 33780 parallel_pq_v2.h:79] insert failed, size(hashtable)=1
W20240204 16:05:59.924839 33780 grad_async_v2.h:137] Detect new sample comes, old_end0, new_end1
E20240204 16:05:59.937007 33780 parallel_pq_v2.h:79] insert failed, size(hashtable)=0
W20240204 16:06:00.143235 27749 grad_async_v2.h:270] Sleep in <BlockToStepN>, step_no=1, pq.top=1
+---------------------------+---------------------------+---------------------------+
| Name                      | P50                       | P99                       |
+---------------------------+---------------------------+---------------------------+
| GenInput                  | 3.568 ms                  | 10.378 ms                 |
| Forward                   | 6.985 ms                  | 937.599 ms                |
| Backward                  | 5.368 ms                  | 418.611 ms                |
| Optimize                  | 2.815 ms                  | 4.845 ms                  |
| BarrierTimeBeforeRank0    | 50.620 ms                 | 253.534 ms                |
| AfterBackward             | 76.990 ms                 | 1.894 s                   |
| BlockToStepN              | 176.967 us                | 1.359 ms                  |
| OneStep                   | 148.977 ms                | 3.520 s                   |
+---------------------------+---------------------------+---------------------------+
+---------------------------+---------------------------+---------------------------+
| Name                      | P50                       | P99                       |
+---------------------------+---------------------------+---------------------------+
| clean                     | 189.349 us                | 2.944 ms                  |
| ProcessBack:Shuffle       | 20.449 ms                 | 437.893 ms                |
| ProcessBack:UpdateCache   | 10.033 ms                 | 1.001 s                   |
| ProcessBack:UpsertPq      | 36.151 ms                 | 118.138 ms                |
| ProcessOneStep            | 76.942 ms                 | 1.893 s                   |
| BlockToStepN              | 125.262 us                | 804.709 us                |
+---------------------------+---------------------------+---------------------------+
W20240204 16:06:00.933318 33780 grad_async_v2.h:137] Detect new sample comes, old_end1, new_end3
E20240204 16:06:00.953672 33780 parallel_pq_v2.h:79] insert failed, size(hashtable)=0
W20240204 16:06:01.544472 27749 grad_async_v2.h:270] Sleep in <BlockToStepN>, step_no=5, pq.top=5
E20240204 16:06:01.953035 33780 parallel_pq_v2.h:79] insert failed, size(hashtable)=257
W20240204 16:06:01.989637 33780 grad_async_v2.h:137] Detect new sample comes, old_end3, new_end8
W20240204 16:06:02.677721 27749 grad_async_v2.h:270] Sleep in <BlockToStepN>, step_no=11, pq.top=11
E20240204 16:06:02.953009 27749 parallel_pq_v2.h:79] insert failed, size(hashtable)=1031
W20240204 16:06:03.253620 33780 grad_async_v2.h:137] Detect new sample comes, old_end3, new_end1
W20240204 16:06:03.677032 27749 grad_async_v2.h:270] Sleep in <BlockToStepN>, step_no=17, pq.top=17
E20240204 16:06:03.953045 33780 parallel_pq_v2.h:79] insert failed, size(hashtable)=28
E20240204 16:06:04.208678 27749 grad_async_v2.h:404] Stalled in ProcessBackward: rank=0, step_no=18, sample_step_cpp_seen_[rank]=17
W20240204 16:06:04.510089 33780 grad_async_v2.h:137] Detect new sample comes, old_end6, new_end5
E20240204 16:06:04.957386 33780 parallel_pq_v2.h:79] insert failed, size(hashtable)=1
+---------------------------+---------------------------+---------------------------+
| Name                      | P50                       | P99                       |
+---------------------------+---------------------------+---------------------------+
| GenInput                  | 7.140 ms                  | 369.844 ms                |
| Forward                   | 5.715 ms                  | 937.599 ms                |
| Backward                  | 5.077 ms                  | 418.611 ms                |
| Optimize                  | 3.572 ms                  | 8.011 ms                  |
| BarrierTimeBeforeRank0    | 4.890 ms                  | 253.534 ms                |
| AfterBackward             | 152.870 ms                | 1.894 s                   |
| BlockToStepN              | 454.521 us                | 4.847 ms                  |
| OneStep                   | 202.703 ms                | 3.520 s                   |
+---------------------------+---------------------------+---------------------------+
+---------------------------+---------------------------+---------------------------+
| Name                      | P50                       | P99                       |
+---------------------------+---------------------------+---------------------------+
| clean                     | 225.587 us                | 719.330 us                |
| ProcessBack:Shuffle       | 9.226 ms                  | 437.893 ms                |
| ProcessBack:UpdateCache   | 13.889 ms                 | 1.001 s                   |
| ProcessBack:UpsertPq      | 72.401 ms                 | 188.883 ms                |
| ProcessOneStep            | 152.798 ms                | 1.893 s                   |
| BlockToStepN              | 360.754 us                | 4.735 ms                  |
+---------------------------+---------------------------+---------------------------+
W20240204 16:06:05.594485 33780 grad_async_v2.h:137] Detect new sample comes, old_end1, new_end5
E20240204 16:06:05.957015 33780 parallel_pq_v2.h:79] insert failed, size(hashtable)=694
W20240204 16:06:06.229952 27749 grad_async_v2.h:270] Sleep in <BlockToStepN>, step_no=21, pq.top=21
W20240204 16:06:06.731280 33780 grad_async_v2.h:137] Detect new sample comes, old_end6, new_end11
E20240204 16:06:06.957007 33780 parallel_pq_v2.h:79] insert failed, size(hashtable)=22709
W20240204 16:06:07.450873 27749 grad_async_v2.h:270] Sleep in <BlockToStepN>, step_no=31, pq.top=31
W20240204 16:06:07.931818 33780 grad_async_v2.h:137] Detect new sample comes, old_end8, new_end7
E20240204 16:06:07.957010 33780 parallel_pq_v2.h:79] insert failed, size(hashtable)=28
W20240204 16:06:08.553746 27749 grad_async_v2.h:270] Sleep in <BlockToStepN>, step_no=37, pq.top=37
W20240204 16:06:08.933881 33780 grad_async_v2.h:137] Detect new sample comes, old_end11, new_end10
E20240204 16:06:08.957002 33780 parallel_pq_v2.h:79] insert failed, size(hashtable)=162
E20240204 16:06:09.208441 30756 grad_async_v2.h:404] Stalled in ProcessBackward: rank=0, step_no=37, sample_step_cpp_seen_[rank]=36
E20240204 16:06:09.957011 33780 parallel_pq_v2.h:79] insert failed, size(hashtable)=258
W20240204 16:06:10.011541 33780 grad_async_v2.h:137] Detect new sample comes, old_end7, new_end10
+---------------------------+---------------------------+---------------------------+
| Name                      | P50                       | P99                       |
+---------------------------+---------------------------+---------------------------+
| GenInput                  | 7.655 ms                  | 369.844 ms                |
| Forward                   | 5.678 ms                  | 937.599 ms                |
| Backward                  | 5.077 ms                  | 418.611 ms                |
| Optimize                  | 2.780 ms                  | 8.011 ms                  |
| BarrierTimeBeforeRank0    | 2.080 ms                  | 253.534 ms                |
| AfterBackward             | 118.056 ms                | 1.894 s                   |
| BlockToStepN              | 700.933 us                | 4.847 ms                  |
| OneStep                   | 152.900 ms                | 3.520 s                   |
+---------------------------+---------------------------+---------------------------+
W20240204 16:06:10.383670 27749 grad_async_v2.h:270] Sleep in <BlockToStepN>, step_no=39, pq.top=39
+---------------------------+---------------------------+---------------------------+
| Name                      | P50                       | P99                       |
+---------------------------+---------------------------+---------------------------+
| clean                     | 376.326 us                | 2.193 ms                  |
| ProcessBack:Shuffle       | 9.163 ms                  | 422.030 ms                |
| ProcessBack:UpdateCache   | 11.128 ms                 | 1.001 s                   |
| ProcessBack:UpsertPq      | 42.068 ms                 | 183.628 ms                |
| ProcessOneStep            | 122.344 ms                | 1.893 s                   |
| BlockToStepN              | 648.521 us                | 4.735 ms                  |
+---------------------------+---------------------------+---------------------------+
E20240204 16:06:10.957007 33780 parallel_pq_v2.h:79] insert failed, size(hashtable)=14703
W20240204 16:06:11.238549 33780 grad_async_v2.h:137] Detect new sample comes, old_end10, new_end5
E20240204 16:06:11.957016 33780 parallel_pq_v2.h:79] insert failed, size(hashtable)=790
W20240204 16:06:12.229475 27749 grad_async_v2.h:270] Sleep in <BlockToStepN>, step_no=51, pq.top=51
W20240204 16:06:12.394172 33780 grad_async_v2.h:137] Detect new sample comes, old_end11, new_end10
E20240204 16:06:12.957034 34022 parallel_pq_v2.h:79] insert failed, size(hashtable)=31537
W20240204 16:06:13.475123 33780 grad_async_v2.h:137] Detect new sample comes, old_end5, new_end0
E20240204 16:06:13.957027 33780 parallel_pq_v2.h:79] insert failed, size(hashtable)=61
W20240204 16:06:14.206329 27749 grad_async_v2.h:270] Sleep in <BlockToStepN>, step_no=56, pq.top=56
W20240204 16:06:14.494493 33780 grad_async_v2.h:137] Detect new sample comes, old_end0, new_end2
E20240204 16:06:14.957012 27749 parallel_pq_v2.h:79] insert failed, size(hashtable)=218
+---------------------------+---------------------------+---------------------------+
| Name                      | P50                       | P99                       |
+---------------------------+---------------------------+---------------------------+
| GenInput                  | 9.184 ms                  | 369.844 ms                |
| Forward                   | 5.715 ms                  | 50.388 ms                 |
| Backward                  | 5.128 ms                  | 11.523 ms                 |
| Optimize                  | 3.412 ms                  | 9.356 ms                  |
| BarrierTimeBeforeRank0    | 1.658 ms                  | 244.541 ms                |
| AfterBackward             | 116.411 ms                | 1.730 s                   |
| BlockToStepN              | 581.494 us                | 2.619 ms                  |
| OneStep                   | 148.977 ms                | 2.120 s                   |
+---------------------------+---------------------------+---------------------------+
W20240204 16:06:15.380550 27749 grad_async_v2.h:270] Sleep in <BlockToStepN>, step_no=63, pq.top=63
+---------------------------+---------------------------+---------------------------+
| Name                      | P50                       | P99                       |
+---------------------------+---------------------------+---------------------------+
| clean                     | 522.757 us                | 1.997 ms                  |
| ProcessBack:Shuffle       | 9.095 ms                  | 422.030 ms                |
| ProcessBack:UpdateCache   | 11.019 ms                 | 1.001 s                   |
| ProcessBack:UpsertPq      | 39.667 ms                 | 183.628 ms                |
| ProcessOneStep            | 117.068 ms                | 1.729 s                   |
| BlockToStepN              | 498.575 us                | 2.526 ms                  |
+---------------------------+---------------------------+---------------------------+
W20240204 16:06:15.495728 33780 grad_async_v2.h:137] Detect new sample comes, old_end3, new_end9
E20240204 16:06:15.957012 33780 parallel_pq_v2.h:79] insert failed, size(hashtable)=2257
