WARNING: Logging before InitGoogleLogging() is written to STDERR
I20240205 21:40:48.234807 18109 IPC_barrier.h:128] MultiProcessBarrierFactory->ClearIPCMemory()
/data/home/xieminhui/RecStore/src/framework_adapters/torch/kg/dgl-0.9.1/python/dgl/_deprecate/graph.py:1023: DGLWarning: multigraph will be deprecated.DGL will treat all graphs as multigraph in the future.
  dgl_warning("multigraph will be deprecated." \
/data/home/xieminhui/RecStore/src/framework_adapters/torch/kg/dgl-0.9.1/python/dgl/heterograph.py:72: DGLWarning: Recommend creating graphs by `dgl.graph(data)` instead of `dgl.DGLGraph(data)`.
  dgl_warning('Recommend creating graphs by `dgl.graph(data)`'
Reading train triples....
Finished. Read 483142 train triples.
Reading valid triples....
Finished. Read 50000 valid triples.
Reading test triples....
Finished. Read 59071 test triples.
ARGS:  Namespace(model_name='SimplE', data_path='/home/xieminhui/dgl-data', dataset='FB15k', format='built_in', data_files=None, delimiter='\t', save_path='/tmp/ckpts/SimplE_FB15k_42', no_save_emb=True, max_step=500, batch_size=2000, batch_size_eval=16, neg_sample_size=200, neg_deg_sample=False, neg_deg_sample_eval=False, neg_sample_size_eval=14951, eval_percent=1, no_eval_filter=False, log_interval=100, eval_interval=10000, test=False, num_proc=5, num_thread=1, force_sync_interval=1, hidden_dim=400, lr=0.01, gamma=16.0, double_ent=False, double_rel=False, neg_adversarial_sampling=False, adversarial_temperature=1.0, regularization_coef=0.0, regularization_norm=3, pairwise=False, loss_genre='Logsigmoid', margin=1.0, nr_gpus=5, gpu=[0, 1, 2, 3, 4], mix_cpu_gpu=True, valid=False, rel_part=False, async_update=None, has_edge_importance=False, cached_emb_type='KnownLocalCachedEmbedding', use_my_emb=True, cache_ratio=0.05, shuffle=False, backwardMode='CppAsyncV2', L=10, nr_background_threads=32, update_cache_use_omp=0, update_pq_use_omp=0, kForwardItersPerStep=2, backgrad_init='both', eval_filter=True, soft_rel_part=False)
|Train|: 483142
original graph:  DGLGraph(num_nodes=14951, num_edges=592213,
         ndata_schemes={}
         edata_schemes={'tid': Scheme(shape=(), dtype=torch.int64)})
Loading cached metis
WARNING [18109 sampler.py:454] Start PreSampling
WARNING [18109 sampler.py:532] Before construct renumbering_dict
WARNING [18109 sampler.py:555] PreSampling done
W20240205 21:40:52.860247 18109 IPCTensor.h:369] NewIPCTensor: cached_sampler_r0_0 [1000000]0x100000002000 7.629 MB
W20240205 21:40:52.860430 18109 IPCTensor.h:369] NewIPCTensor: cached_sampler_r0_1 [1000000]0x1000007a5000 7.629 MB
W20240205 21:40:52.860484 18109 IPCTensor.h:369] NewIPCTensor: cached_sampler_r0_2 [1000000]0x100000f48000 7.629 MB
W20240205 21:40:52.860517 18109 IPCTensor.h:369] NewIPCTensor: cached_sampler_r0_3 [1000000]0x1000016eb000 7.629 MB
W20240205 21:40:52.860563 18109 IPCTensor.h:369] NewIPCTensor: cached_sampler_r0_4 [1000000]0x100001e8e000 7.629 MB
W20240205 21:40:52.860599 18109 IPCTensor.h:369] NewIPCTensor: cached_sampler_r0_5 [1000000]0x100002631000 7.629 MB
W20240205 21:40:52.860638 18109 IPCTensor.h:369] NewIPCTensor: cached_sampler_r0_6 [1000000]0x100002dd4000 7.629 MB
W20240205 21:40:52.860684 18109 IPCTensor.h:369] NewIPCTensor: cached_sampler_r0_7 [1000000]0x100003577000 7.629 MB
W20240205 21:40:52.860719 18109 IPCTensor.h:369] NewIPCTensor: cached_sampler_r0_8 [1000000]0x100003d1a000 7.629 MB
W20240205 21:40:52.860756 18109 IPCTensor.h:369] NewIPCTensor: cached_sampler_r0_9 [1000000]0x1000044bd000 7.629 MB
W20240205 21:40:52.860800 18109 IPCTensor.h:369] NewIPCTensor: step_r0 [10]0x100004c60000 80 B 
W20240205 21:40:52.860834 18109 IPCTensor.h:369] NewIPCTensor: circle_buffer_end_r0 [1]0x100004c62000 8 B 
W20240205 21:40:52.860867 18109 IPCTensor.h:369] NewIPCTensor: circle_buffer_end_cppseen_r0 [1]0x100004c64000 8 B 
W20240205 21:40:52.860986 18109 IPCTensor.h:369] NewIPCTensor: cached_sampler_r1_0 [1000000]0x100004c66000 7.629 MB
W20240205 21:40:52.861029 18109 IPCTensor.h:369] NewIPCTensor: cached_sampler_r1_1 [1000000]0x100005409000 7.629 MB
W20240205 21:40:52.861068 18109 IPCTensor.h:369] NewIPCTensor: cached_sampler_r1_2 [1000000]0x100005bac000 7.629 MB
W20240205 21:40:52.861114 18109 IPCTensor.h:369] NewIPCTensor: cached_sampler_r1_3 [1000000]0x10000634f000 7.629 MB
W20240205 21:40:52.861145 18109 IPCTensor.h:369] NewIPCTensor: cached_sampler_r1_4 [1000000]0x100006af2000 7.629 MB
W20240205 21:40:52.861183 18109 IPCTensor.h:369] NewIPCTensor: cached_sampler_r1_5 [1000000]0x100007295000 7.629 MB
W20240205 21:40:52.861220 18109 IPCTensor.h:369] NewIPCTensor: cached_sampler_r1_6 [1000000]0x100007a38000 7.629 MB
W20240205 21:40:52.861258 18109 IPCTensor.h:369] NewIPCTensor: cached_sampler_r1_7 [1000000]0x1000081db000 7.629 MB
W20240205 21:40:52.861302 18109 IPCTensor.h:369] NewIPCTensor: cached_sampler_r1_8 [1000000]0x10000897e000 7.629 MB
W20240205 21:40:52.861335 18109 IPCTensor.h:369] NewIPCTensor: cached_sampler_r1_9 [1000000]0x100009121000 7.629 MB
W20240205 21:40:52.861372 18109 IPCTensor.h:369] NewIPCTensor: step_r1 [10]0x1000098c4000 80 B 
W20240205 21:40:52.861399 18109 IPCTensor.h:369] NewIPCTensor: circle_buffer_end_r1 [1]0x1000098c6000 8 B 
W20240205 21:40:52.861433 18109 IPCTensor.h:369] NewIPCTensor: circle_buffer_end_cppseen_r1 [1]0x1000098c8000 8 B 
W20240205 21:40:52.861497 18109 IPCTensor.h:369] NewIPCTensor: cached_sampler_r2_0 [1000000]0x1000098ca000 7.629 MB
W20240205 21:40:52.861536 18109 IPCTensor.h:369] NewIPCTensor: cached_sampler_r2_1 [1000000]0x10000a06d000 7.629 MB
W20240205 21:40:52.861572 18109 IPCTensor.h:369] NewIPCTensor: cached_sampler_r2_2 [1000000]0x10000a810000 7.629 MB
W20240205 21:40:52.861604 18109 IPCTensor.h:369] NewIPCTensor: cached_sampler_r2_3 [1000000]0x10000afb3000 7.629 MB
W20240205 21:40:52.861639 18109 IPCTensor.h:369] NewIPCTensor: cached_sampler_r2_4 [1000000]0x10000b756000 7.629 MB
W20240205 21:40:52.861678 18109 IPCTensor.h:369] NewIPCTensor: cached_sampler_r2_5 [1000000]0x10000bef9000 7.629 MB
W20240205 21:40:52.861722 18109 IPCTensor.h:369] NewIPCTensor: cached_sampler_r2_6 [1000000]0x10000c69c000 7.629 MB
W20240205 21:40:52.861754 18109 IPCTensor.h:369] NewIPCTensor: cached_sampler_r2_7 [1000000]0x10000ce3f000 7.629 MB
W20240205 21:40:52.861802 18109 IPCTensor.h:369] NewIPCTensor: cached_sampler_r2_8 [1000000]0x10000d5e2000 7.629 MB
W20240205 21:40:52.861845 18109 IPCTensor.h:369] NewIPCTensor: cached_sampler_r2_9 [1000000]0x10000dd85000 7.629 MB
W20240205 21:40:52.861878 18109 IPCTensor.h:369] NewIPCTensor: step_r2 [10]0x10000e528000 80 B 
W20240205 21:40:52.861905 18109 IPCTensor.h:369] NewIPCTensor: circle_buffer_end_r2 [1]0x10000e52a000 8 B 
W20240205 21:40:52.861932 18109 IPCTensor.h:369] NewIPCTensor: circle_buffer_end_cppseen_r2 [1]0x10000e52c000 8 B 
W20240205 21:40:52.861995 18109 IPCTensor.h:369] NewIPCTensor: cached_sampler_r3_0 [1000000]0x10000e52e000 7.629 MB
W20240205 21:40:52.862040 18109 IPCTensor.h:369] NewIPCTensor: cached_sampler_r3_1 [1000000]0x10000ecd1000 7.629 MB
W20240205 21:40:52.862075 18109 IPCTensor.h:369] NewIPCTensor: cached_sampler_r3_2 [1000000]0x10000f474000 7.629 MB
W20240205 21:40:52.862110 18109 IPCTensor.h:369] NewIPCTensor: cached_sampler_r3_3 [1000000]0x10000fc17000 7.629 MB
W20240205 21:40:52.862150 18109 IPCTensor.h:369] NewIPCTensor: cached_sampler_r3_4 [1000000]0x1000103ba000 7.629 MB
W20240205 21:40:52.862185 18109 IPCTensor.h:369] NewIPCTensor: cached_sampler_r3_5 [1000000]0x100010b5d000 7.629 MB
W20240205 21:40:52.862228 18109 IPCTensor.h:369] NewIPCTensor: cached_sampler_r3_6 [1000000]0x100011300000 7.629 MB
W20240205 21:40:52.862267 18109 IPCTensor.h:369] NewIPCTensor: cached_sampler_r3_7 [1000000]0x100011aa3000 7.629 MB
W20240205 21:40:52.862299 18109 IPCTensor.h:369] NewIPCTensor: cached_sampler_r3_8 [1000000]0x100012246000 7.629 MB
W20240205 21:40:52.862340 18109 IPCTensor.h:369] NewIPCTensor: cached_sampler_r3_9 [1000000]0x1000129e9000 7.629 MB
W20240205 21:40:52.862385 18109 IPCTensor.h:369] NewIPCTensor: step_r3 [10]0x10001318c000 80 B 
W20240205 21:40:52.862412 18109 IPCTensor.h:369] NewIPCTensor: circle_buffer_end_r3 [1]0x10001318e000 8 B 
W20240205 21:40:52.862447 18109 IPCTensor.h:369] NewIPCTensor: circle_buffer_end_cppseen_r3 [1]0x100013190000 8 B 
W20240205 21:40:52.862514 18109 IPCTensor.h:369] NewIPCTensor: cached_sampler_r4_0 [1000000]0x100013192000 7.629 MB
W20240205 21:40:52.862547 18109 IPCTensor.h:369] NewIPCTensor: cached_sampler_r4_1 [1000000]0x100013935000 7.629 MB
W20240205 21:40:52.862602 18109 IPCTensor.h:369] NewIPCTensor: cached_sampler_r4_2 [1000000]0x1000140d8000 7.629 MB
W20240205 21:40:52.862635 18109 IPCTensor.h:369] NewIPCTensor: cached_sampler_r4_3 [1000000]0x10001487b000 7.629 MB
W20240205 21:40:52.862676 18109 IPCTensor.h:369] NewIPCTensor: cached_sampler_r4_4 [1000000]0x10001501e000 7.629 MB
W20240205 21:40:52.862726 18109 IPCTensor.h:369] NewIPCTensor: cached_sampler_r4_5 [1000000]0x1000157c1000 7.629 MB
W20240205 21:40:52.862759 18109 IPCTensor.h:369] NewIPCTensor: cached_sampler_r4_6 [1000000]0x100015f64000 7.629 MB
W20240205 21:40:52.862794 18109 IPCTensor.h:369] NewIPCTensor: cached_sampler_r4_7 [1000000]0x100016707000 7.629 MB
W20240205 21:40:52.862838 18109 IPCTensor.h:369] NewIPCTensor: cached_sampler_r4_8 [1000000]0x100016eaa000 7.629 MB
W20240205 21:40:52.862874 18109 IPCTensor.h:369] NewIPCTensor: cached_sampler_r4_9 [1000000]0x10001764d000 7.629 MB
W20240205 21:40:52.862907 18109 IPCTensor.h:369] NewIPCTensor: step_r4 [10]0x100017df0000 80 B 
W20240205 21:40:52.862934 18109 IPCTensor.h:369] NewIPCTensor: circle_buffer_end_r4 [1]0x100017df2000 8 B 
W20240205 21:40:52.862962 18109 IPCTensor.h:369] NewIPCTensor: circle_buffer_end_cppseen_r4 [1]0x100017df4000 8 B 
W20240205 21:40:53.107995 18109 IPCTensor.h:369] NewIPCTensor: full_emb [14951, 400]0x100017df6000 22.81 MB
W20240205 21:40:53.197201 18109 IPCTensor.h:369] NewIPCTensor: full_emb_SparseRowWiseAdaGrad_sum [14951]0x1000194c8000 58.4 kB
{0: Graph(num_nodes=10222, num_edges=137205,
      ndata_schemes={'_ID': Scheme(shape=(), dtype=torch.int64), 'inner_node': Scheme(shape=(), dtype=torch.int32), 'part_id': Scheme(shape=(), dtype=torch.int64)}
      edata_schemes={'_ID': Scheme(shape=(), dtype=torch.int64), 'inner_edge': Scheme(shape=(), dtype=torch.int8)}), 1: Graph(num_nodes=7861, num_edges=113516,
      ndata_schemes={'_ID': Scheme(shape=(), dtype=torch.int64), 'inner_node': Scheme(shape=(), dtype=torch.int32), 'part_id': Scheme(shape=(), dtype=torch.int64)}
      edata_schemes={'_ID': Scheme(shape=(), dtype=torch.int64), 'inner_edge': Scheme(shape=(), dtype=torch.int8)}), 2: Graph(num_nodes=10587, num_edges=145765,
      ndata_schemes={'_ID': Scheme(shape=(), dtype=torch.int64), 'inner_node': Scheme(shape=(), dtype=torch.int32), 'part_id': Scheme(shape=(), dtype=torch.int64)}
      edata_schemes={'_ID': Scheme(shape=(), dtype=torch.int64), 'inner_edge': Scheme(shape=(), dtype=torch.int8)}), 3: Graph(num_nodes=9264, num_edges=181068,
      ndata_schemes={'_ID': Scheme(shape=(), dtype=torch.int64), 'inner_node': Scheme(shape=(), dtype=torch.int32), 'part_id': Scheme(shape=(), dtype=torch.int64)}
      edata_schemes={'_ID': Scheme(shape=(), dtype=torch.int64), 'inner_edge': Scheme(shape=(), dtype=torch.int8)}), 4: Graph(num_nodes=10248, num_edges=191956,
      ndata_schemes={'_ID': Scheme(shape=(), dtype=torch.int64), 'inner_node': Scheme(shape=(), dtype=torch.int32), 'part_id': Scheme(shape=(), dtype=torch.int64)}
      edata_schemes={'_ID': Scheme(shape=(), dtype=torch.int64), 'inner_edge': Scheme(shape=(), dtype=torch.int8)})}
MertisPartition: part 0 has 10222 N 137205 E
MertisPartition: part 1 has 7861 N 113516 E
MertisPartition: part 2 has 10587 N 145765 E
MertisPartition: part 3 has 9264 N 181068 E
MertisPartition: part 4 has 10248 N 191956 E
Rank0: cached key size 149
Rank1: cached key size 149
Rank2: cached key size 149
Rank3: cached key size 149
Rank4: cached key size 149
Before renumbering graph:  {'_ID': tensor([    7,    16,    18,  ..., 13890,  3788,  5916]), 'inner_node': tensor([1, 1, 1,  ..., 0, 0, 0], dtype=torch.int32), 'part_id': tensor([0, 0, 0,  ..., 1, 4, 2])}
After renumbering graph:  {'_ID': tensor([ 915, 1126, 1176,  ..., 9563, 2305, 9854]), 'inner_node': tensor([1, 1, 1,  ..., 0, 0, 0], dtype=torch.int32), 'part_id': tensor([0, 0, 0,  ..., 1, 4, 2])}
part_g: DGLGraph(num_nodes=10222, num_edges=137205,
         ndata_schemes={'_ID': Scheme(shape=(), dtype=torch.int64)}
         edata_schemes={'tid': Scheme(shape=(), dtype=torch.int64)})
part_g: DGLGraph(num_nodes=10222, num_edges=137205,
         ndata_schemes={'_ID': Scheme(shape=(), dtype=torch.int64)}
         edata_schemes={'tid': Scheme(shape=(), dtype=torch.int64)})
Total initialize time 5.056 seconds
[Rank1] pid = 18316
[Rank2] pid = 18370
[Rank3] pid = 18444
INFO [18109 distributed_c10d.py:442] Added key: store_based_barrier_key:1 to store for rank: 0
INFO [18316 distributed_c10d.py:442] Added key: store_based_barrier_key:1 to store for rank: 1
INFO [18370 distributed_c10d.py:442] Added key: store_based_barrier_key:1 to store for rank: 2
INFO [18444 distributed_c10d.py:442] Added key: store_based_barrier_key:1 to store for rank: 3
INFO [18445 distributed_c10d.py:442] Added key: store_based_barrier_key:1 to store for rank: 4
INFO [18370 distributed_c10d.py:476] Rank 2: Completed store-based barrier for key:store_based_barrier_key:1 with 5 nodes.
INFO [18444 distributed_c10d.py:476] Rank 3: Completed store-based barrier for key:store_based_barrier_key:1 with 5 nodes.
INFO [18445 distributed_c10d.py:476] Rank 4: Completed store-based barrier for key:store_based_barrier_key:1 with 5 nodes.
W20240205 21:40:55.308100 18381 IPCTensor.h:409] NewIPCGPUTensor: embedding_cache_2 [747, 400]; dev=2; size=1.14 MB
W20240205 21:40:55.308200 18509 IPCTensor.h:409] NewIPCGPUTensor: embedding_cache_3 [747, 400]; dev=3; size=1.14 MB
W20240205 21:40:55.308200 18532 IPCTensor.h:409] NewIPCGPUTensor: embedding_cache_4 [747, 400]; dev=4; size=1.14 MB
INFO [18109 distributed_c10d.py:476] Rank 0: Completed store-based barrier for key:store_based_barrier_key:1 with 5 nodes.
INFO [18316 distributed_c10d.py:476] Rank 1: Completed store-based barrier for key:store_based_barrier_key:1 with 5 nodes.
W20240205 21:40:55.312038 18446 IPCTensor.h:409] NewIPCGPUTensor: embedding_cache_0 [747, 400]; dev=0; size=1.14 MB
W20240205 21:40:55.313690 18317 IPCTensor.h:409] NewIPCGPUTensor: embedding_cache_1 [747, 400]; dev=1; size=1.14 MB
W20240205 21:40:55.335971 18381 IPCTensor.h:369] NewIPCTensor: input_keys_2 [1000000]0x1000194de000 7.629 MB
W20240205 21:40:55.335979 18532 IPCTensor.h:369] NewIPCTensor: input_keys_4 [1000000]0x100019c81000 7.629 MB
W20240205 21:40:55.335996 18509 IPCTensor.h:369] NewIPCTensor: input_keys_3 [1000000]0x10001a424000 7.629 MB
W20240205 21:40:55.336200 18509 IPCTensor.h:369] NewIPCTensor: input_keys_neg_3 [1000000]0x10001abc7000 7.629 MB
W20240205 21:40:55.336215 18532 IPCTensor.h:369] NewIPCTensor: input_keys_neg_4 [1000000]0x10001b36a000 7.629 MB
W20240205 21:40:55.336221 18381 IPCTensor.h:369] NewIPCTensor: input_keys_neg_2 [1000000]0x10001bb0d000 7.629 MB
W20240205 21:40:55.336295 18509 IPCTensor.h:369] NewIPCTensor: backward_grads_3 [1000000, 400]0x10001c2b0000 1.49 GB
W20240205 21:40:55.336303 18532 IPCTensor.h:369] NewIPCTensor: backward_grads_4 [1000000, 400]0x10007b893000 1.49 GB
W20240205 21:40:55.336341 18381 IPCTensor.h:369] NewIPCTensor: backward_grads_2 [1000000, 400]0x1000dae76000 1.49 GB
W20240205 21:40:55.336395 18532 IPCTensor.h:369] NewIPCTensor: backward_grads_neg_4 [1000000, 400]0x10013a459000 1.49 GB
W20240205 21:40:55.336402 18509 IPCTensor.h:369] NewIPCTensor: backward_grads_neg_3 [1000000, 400]0x100199a3c000 1.49 GB
W20240205 21:40:55.336421 18381 IPCTensor.h:369] NewIPCTensor: backward_grads_neg_2 [1000000, 400]0x1001f901f000 1.49 GB
W20240205 21:40:55.336468 18532 IPCTensor.h:409] NewIPCGPUTensor: backward_grads_4_gpu [1000000, 400]; dev=4; size=1.49 GB
W20240205 21:40:55.336477 18509 IPCTensor.h:409] NewIPCGPUTensor: backward_grads_3_gpu [1000000, 400]; dev=3; size=1.49 GB
W20240205 21:40:55.336488 18381 IPCTensor.h:409] NewIPCGPUTensor: backward_grads_2_gpu [1000000, 400]; dev=2; size=1.49 GB
W20240205 21:40:55.342048 18532 IPCTensor.h:409] NewIPCGPUTensor: backward_grads_neg_4_gpu [1000000, 400]; dev=4; size=1.49 GB
W20240205 21:40:55.342056 18509 IPCTensor.h:409] NewIPCGPUTensor: backward_grads_neg_3_gpu [1000000, 400]; dev=3; size=1.49 GB
W20240205 21:40:55.342103 18381 IPCTensor.h:409] NewIPCGPUTensor: backward_grads_neg_2_gpu [1000000, 400]; dev=2; size=1.49 GB
W20240205 21:40:55.347242 18446 IPCTensor.h:369] NewIPCTensor: input_keys_0 [1000000]0x100258612000 7.629 MB
W20240205 21:40:55.347383 18446 IPCTensor.h:369] NewIPCTensor: input_keys_neg_0 [1000000]0x100258db5000 7.629 MB
W20240205 21:40:55.347410 18317 IPCTensor.h:369] NewIPCTensor: input_keys_1 [1000000]0x100259558000 7.629 MB
W20240205 21:40:55.347446 18446 IPCTensor.h:369] NewIPCTensor: backward_grads_0 [1000000, 400]0x100259cfb000 1.49 GB
W20240205 21:40:55.347510 18446 IPCTensor.h:369] NewIPCTensor: backward_grads_neg_0 [1000000, 400]0x1002b92de000 1.49 GB
W20240205 21:40:55.347571 18317 IPCTensor.h:369] NewIPCTensor: input_keys_neg_1 [1000000]0x1003188c1000 7.629 MB
W20240205 21:40:55.347576 18446 IPCTensor.h:409] NewIPCGPUTensor: backward_grads_0_gpu [1000000, 400]; dev=0; size=1.49 GB
W20240205 21:40:55.347678 18317 IPCTensor.h:369] NewIPCTensor: backward_grads_1 [1000000, 400]0x100319064000 1.49 GB
W20240205 21:40:55.347741 18317 IPCTensor.h:369] NewIPCTensor: backward_grads_neg_1 [1000000, 400]0x100378647000 1.49 GB
W20240205 21:40:55.347807 18317 IPCTensor.h:409] NewIPCGPUTensor: backward_grads_1_gpu [1000000, 400]; dev=1; size=1.49 GB
W20240205 21:40:55.352322 18446 IPCTensor.h:409] NewIPCGPUTensor: backward_grads_neg_0_gpu [1000000, 400]; dev=0; size=1.49 GB
W20240205 21:40:55.355203 18317 IPCTensor.h:409] NewIPCGPUTensor: backward_grads_neg_1_gpu [1000000, 400]; dev=1; size=1.49 GB
cudaHostRegister 0x100017df6000
4: KnownLocalCachedEmbedding init done
WARNING [18445 DistTensor.py:59] The tensor name already exists in the kvstore
cudaHostRegister 0x100017df6000
3: KnownLocalCachedEmbedding init done
WARNING [18444 DistTensor.py:59] The tensor name already exists in the kvstore
cudaHostRegister 0x100017df6000
2: KnownLocalCachedEmbedding init done
WARNING [18370 DistTensor.py:59] The tensor name already exists in the kvstore
cudaHostRegister 0x100017df6000
1: KnownLocalCachedEmbedding init done
WARNING [18316 DistTensor.py:59] The tensor name already exists in the kvstore
[Rank4] pid = 18445
New CachedEmbedding, name=full_emb, shape=(14951, 400), cache_type=KnownLocalCachedEmbedding
fixed cache_range is [(0, 747), (747, 1494), (1494, 2241), (2241, 2988), (2988, 3735)]
cudaHostRegister 0x100017df6000
0: KnownLocalCachedEmbedding init done
WARNING [18109 DistTensor.py:59] The tensor name already exists in the kvstore
I20240205 21:40:57.274703 18446 IPC_barrier.h:118] CreateBarrier: new barrier, name: kgcachecontroller, count: 5
I20240205 21:40:57.275172 18317 IPC_barrier.h:112] CreateBarrier: find existing barrier, name: kgcachecontroller, count: 5
I20240205 21:40:57.275543 18532 IPC_barrier.h:112] CreateBarrier: find existing barrier, name: kgcachecontroller, count: 5
I20240205 21:40:57.275671 18509 IPC_barrier.h:112] CreateBarrier: find existing barrier, name: kgcachecontroller, count: 5
I20240205 21:40:57.275776 18381 IPC_barrier.h:112] CreateBarrier: find existing barrier, name: kgcachecontroller, count: 5
W20240205 21:40:57.278107 18446 grad_base.h:55] KGCacheController, config={
        "num_gpus": 5,
        "L": 10,
        "backgrad_init": "both", 
        "kForwardItersPerStep": 2,
        "clr": 0.01,
        "nr_background_threads": 32,
        "backwardMode": "CppAsyncV2",
        "cache_ratio": 0.05,
        "update_cache_use_omp":  0,
        "update_pq_use_omp":  0
        }
W20240205 21:40:57.278239 18446 grad_base.h:184] Init GradProcessingBase done
I20240205 21:40:57.282387 18446 grad_async_v2.h:42] Use main thread to update emb.
W20240205 21:40:57.282428 18446 kg_controller.h:78] after init GradAsyncProcessingV2
I20240205 21:40:57.282435 18446 kg_controller.h:84] Construct KGCacheController done
E20240205 21:40:57.848201 18509 recstore.cc:66] init folly done
E20240205 21:40:57.848227 18381 recstore.cc:66] init folly done
E20240205 21:40:57.848234 18532 recstore.cc:66] init folly done
E20240205 21:40:57.849668 18446 recstore.cc:66] init folly done
E20240205 21:40:57.849714 18317 recstore.cc:66] init folly done
I20240205 21:40:57.850940 18446 grad_base.h:60] GraphEnv RegTensorsPerProcess
W20240205 21:40:58.308352 18937 grad_async_v2.h:137] Detect new sample comes, old_end0, new_end1
E20240205 21:40:58.308694 18937 parallel_pq_v2.h:79] insert failed, size(hashtable)=0
I20240205 21:40:58.349009 18509 IPC_barrier.h:118] CreateBarrier: new barrier, name: start_barrier, count: 5
I20240205 21:40:58.358541 18317 IPC_barrier.h:112] CreateBarrier: find existing barrier, name: start_barrier, count: 5
I20240205 21:40:58.365710 18381 IPC_barrier.h:112] CreateBarrier: find existing barrier, name: start_barrier, count: 5
I20240205 21:40:58.368682 18532 IPC_barrier.h:112] CreateBarrier: find existing barrier, name: start_barrier, count: 5
I20240205 21:40:58.369844 18446 IPC_barrier.h:112] CreateBarrier: find existing barrier, name: start_barrier, count: 5
E20240205 21:40:59.945883 18446 parallel_pq_v2.h:79] insert failed, size(hashtable)=0
W20240205 21:40:59.993506 18446 grad_async_v2.h:270] Sleep in <BlockToStepN>, step_no=1, pq.top=1
W20240205 21:41:00.000677 18937 grad_async_v2.h:137] Detect new sample comes, old_end1, new_end2
E20240205 21:41:00.038076 18446 grad_async_v2.h:404] Stalled in ProcessBackward: rank=0, step_no=1, sample_step_cpp_seen_[rank]=0
E20240205 21:41:00.945029 18937 parallel_pq_v2.h:79] insert failed, size(hashtable)=386
W20240205 21:41:01.014281 18446 grad_async_v2.h:270] Sleep in <BlockToStepN>, step_no=19, pq.top=19
W20240205 21:41:01.078603 18937 grad_async_v2.h:137] Detect new sample comes, old_end9, new_end0
E20240205 21:41:01.945062 18937 parallel_pq_v2.h:79] insert failed, size(hashtable)=17
W20240205 21:41:02.049587 18446 grad_async_v2.h:270] Sleep in <BlockToStepN>, step_no=37, pq.top=37
W20240205 21:41:02.220079 18937 grad_async_v2.h:137] Detect new sample comes, old_end1, new_end0
+---------------------------+---------------------------+---------------------------+
| Name                      | P50                       | P99                       |
+---------------------------+---------------------------+---------------------------+
| GenInput                  | 1.575 ms                  | 31.865 ms                 |
| Forward                   | 6.000 ms                  | 456.779 ms                |
| Backward                  | 4.690 ms                  | 214.630 ms                |
| Optimize                  | 2.625 ms                  | 46.099 ms                 |
| BarrierTimeBeforeRank0    | 56.568 us                 | 93.795 ms                 |
| AfterBackward             | 29.400 ms                 | 810.361 ms                |
| BlockToStepN              | 360.578 us                | 21.228 ms                 |
| OneStep                   | 48.473 ms                 | 1.629 s                   |
+---------------------------+---------------------------+---------------------------+
+---------------------------+---------------------------+---------------------------+
| Name                      | P50                       | P99                       |
+---------------------------+---------------------------+---------------------------+
| clean                     | 334.080 us                | 7.646 ms                  |
| ProcessBack:Shuffle       | 3.880 ms                  | 163.807 ms                |
| ProcessBack:UpdateCache   | 4.008 ms                  | 432.448 ms                |
| ProcessBack:UpsertPq      | 20.327 ms                 | 42.640 ms                 |
| ProcessOneStep            | 29.371 ms                 | 126.397 ms                |
| BlockToStepN              | 312.996 us                | 3.874 ms                  |
+---------------------------+---------------------------+---------------------------+
E20240205 21:41:02.945020 18937 parallel_pq_v2.h:79] insert failed, size(hashtable)=35
W20240205 21:41:03.060775 18446 grad_async_v2.h:270] Sleep in <BlockToStepN>, step_no=54, pq.top=54
W20240205 21:41:03.428469 18937 grad_async_v2.h:137] Detect new sample comes, old_end1, new_end2
E20240205 21:41:03.945035 18937 parallel_pq_v2.h:79] insert failed, size(hashtable)=94
W20240205 21:41:04.176951 18446 grad_async_v2.h:270] Sleep in <BlockToStepN>, step_no=72, pq.top=72
W20240205 21:41:04.442147 18937 grad_async_v2.h:137] Detect new sample comes, old_end7, new_end5
E20240205 21:41:04.945060 18960 parallel_pq_v2.h:79] insert failed, size(hashtable)=48
E20240205 21:41:05.038024 18446 grad_async_v2.h:404] Stalled in ProcessBackward: rank=2, step_no=83, sample_step_cpp_seen_[rank]=82
W20240205 21:41:05.453315 18937 grad_async_v2.h:137] Detect new sample comes, old_end3, new_end4
W20240205 21:41:05.559687 18446 grad_async_v2.h:270] Sleep in <BlockToStepN>, step_no=85, pq.top=85
E20240205 21:41:05.945019 18950 parallel_pq_v2.h:79] insert failed, size(hashtable)=12810
W20240205 21:41:06.597683 18937 grad_async_v2.h:137] Detect new sample comes, old_end2, new_end9
W20240205 21:41:06.864078 18446 grad_async_v2.h:270] Sleep in <BlockToStepN>, step_no=99, pq.top=99
train_sampler.Prefill()
before start barrier
start train
[proc 1] 100 steps, total: 8.561, sample: 0.445, forward: 1.114, backward: 0.762, update: 0.327
train_sampler.Prefill()
before start barrier
start train
[proc 2] 100 steps, total: 8.554, sample: 0.401, forward: 0.943, backward: 0.708, update: 0.280
train_sampler.Prefill()
before start barrier
start train
[proc 4] 100 steps, total: 8.551, sample: 0.399, forward: 0.896, backward: 0.751, update: 0.274
train_sampler.Prefill()
before start barrier
start train
[proc 3] 100 steps, total: 8.571, sample: 0.408, forward: 0.993, backward: 0.776, update: 0.289
train_sampler.Prefill()
-------Step 0-------
tensor([12510,     6,  9645, 12288,   108,    57, 10097, 14888,  3499, 13384]) tensor([ 1176,  1538,    83,  4118,  4343,  7694,   472,  3266,  6283, 11938])
-------Step 1-------
tensor([12510,     6,  9645, 12288,   108,    57, 10097, 14888,  3499, 13384]) tensor([  203, 11503,  3853, 14077, 11035, 11964,  3577,  9656,  7765,  5203])
-------Step 2-------
tensor([  121, 12235,  6881, 14628,  7305, 13425, 14444, 12959,  6194,   132]) tensor([ 8604,  4288,  7190, 11138,  7130,  1094,  2557,   723, 12466,  1570])
-------Step 3-------
tensor([  121, 12235,  6881, 14628,  7305, 13425, 14444, 12959,  6194,   132]) tensor([ 9512,  2080,  7538,  8637, 14502,   412, 13351, 10589,   400,  1867])
-------Step 4-------
tensor([ 9555,  9338, 14073,  7569,  1714,  7286,  6057,  5292,  5874,  2418]) tensor([  476,  2202,   951,  7349,  6569, 13093, 13752,  8975,  9691,   501])
-------Step 5-------
tensor([ 9555,  9338, 14073,  7569,  1714,  7286,  6057,  5292,  5874,  2418]) tensor([11813,  8827,  7920,  6036,  4297,  1146,  3102,  5474,  3186, 11522])
-------Step 6-------
tensor([  958,   327, 10546,  3418,    75, 12740, 14628,    55,   779,  8715]) tensor([14589, 13135, 13278, 10201,  6418,  2785,  2646, 14149, 10169,  8164])
-------Step 7-------
tensor([  958,   327, 10546,  3418,    75, 12740, 14628,    55,   779,  8715]) tensor([ 5653,  6452,  4044, 12988,   276, 12838,  9882, 13486,  6179, 10230])
-------Step 8-------
tensor([ 7348, 11480,   789,  7770,  4519,    80, 14097,  5177,  5065,  3505]) tensor([ 1557,   945,  6322, 11470,  8298, 13240,  4968, 13824, 14939,  1005])
-------Step 9-------
tensor([ 7348, 11480,   789,  7770,  4519,    80, 14097,  5177,  5065,  3505]) tensor([ 8410,  4090, 10385,  6240, 13718, 12790,  3690, 11329,  5031,   668])
before start barrier
start train
[proc 0] 100 steps, total: 8.550, sample: 0.476, forward: 1.041, backward: 0.703, update: 0.318
E20240205 21:41:06.945008 18446 parallel_pq_v2.h:79] insert failed, size(hashtable)=53
+---------------------------+---------------------------+---------------------------+
| Name                      | P50                       | P99                       |
+---------------------------+---------------------------+---------------------------+
| GenInput                  | 1.530 ms                  | 29.802 ms                 |
| Forward                   | 5.902 ms                  | 11.767 ms                 |
| Backward                  | 4.731 ms                  | 11.269 ms                 |
| Optimize                  | 2.717 ms                  | 7.159 ms                  |
| BarrierTimeBeforeRank0    | 193.707 us                | 11.706 ms                 |
| AfterBackward             | 29.384 ms                 | 594.860 ms                |
| BlockToStepN              | 507.308 us                | 9.080 ms                  |
| OneStep                   | 48.501 ms                 | 610.344 ms                |
+---------------------------+---------------------------+---------------------------+
W20240205 21:41:07.607811 18937 grad_async_v2.h:137] Detect new sample comes, old_end3, new_end2
+---------------------------+---------------------------+---------------------------+
| Name                      | P50                       | P99                       |
+---------------------------+---------------------------+---------------------------+
| clean                     | 327.373 us                | 8.578 ms                  |
| ProcessBack:Shuffle       | 3.822 ms                  | 9.021 ms                  |
| ProcessBack:UpdateCache   | 3.896 ms                  | 8.725 ms                  |
| ProcessBack:UpsertPq      | 20.503 ms                 | 32.281 ms                 |
| ProcessOneStep            | 29.615 ms                 | 594.721 ms                |
| BlockToStepN              | 454.572 us                | 8.986 ms                  |
+---------------------------+---------------------------+---------------------------+
E20240205 21:41:07.945240 18959 parallel_pq_v2.h:79] insert failed, size(hashtable)=144
W20240205 21:41:08.145861 18446 grad_async_v2.h:270] Sleep in <BlockToStepN>, step_no=117, pq.top=117
W20240205 21:41:08.607774 18937 grad_async_v2.h:137] Detect new sample comes, old_end2, new_end5
E20240205 21:41:08.945010 18446 parallel_pq_v2.h:79] insert failed, size(hashtable)=1041
W20240205 21:41:09.645475 18937 grad_async_v2.h:137] Detect new sample comes, old_end5, new_end2
W20240205 21:41:09.671451 18446 grad_async_v2.h:270] Sleep in <BlockToStepN>, step_no=142, pq.top=142
E20240205 21:41:09.945011 18937 parallel_pq_v2.h:79] insert failed, size(hashtable)=2213
E20240205 21:41:10.058609 18446 grad_async_v2.h:404] Stalled in ProcessBackward: rank=3, step_no=148, sample_step_cpp_seen_[rank]=147
W20240205 21:41:10.678452 18937 grad_async_v2.h:137] Detect new sample comes, old_end1, new_end4
W20240205 21:41:10.701484 18446 grad_async_v2.h:270] Sleep in <BlockToStepN>, step_no=154, pq.top=154
E20240205 21:41:10.945037 18966 parallel_pq_v2.h:79] insert failed, size(hashtable)=12608
W20240205 21:41:11.694972 18937 grad_async_v2.h:137] Detect new sample comes, old_end6, new_end7
W20240205 21:41:11.710167 18446 grad_async_v2.h:270] Sleep in <BlockToStepN>, step_no=167, pq.top=167
E20240205 21:41:11.945246 18706 parallel_pq_v2.h:79] insert failed, size(hashtable)=7378
+---------------------------+---------------------------+---------------------------+
| Name                      | P50                       | P99                       |
+---------------------------+---------------------------+---------------------------+
| GenInput                  | 1.624 ms                  | 31.865 ms                 |
| Forward                   | 5.776 ms                  | 9.041 ms                  |
| Backward                  | 4.631 ms                  | 10.635 ms                 |
| Optimize                  | 2.707 ms                  | 5.095 ms                  |
| BarrierTimeBeforeRank0    | 835.567 us                | 39.495 ms                 |
| AfterBackward             | 32.348 ms                 | 573.812 ms                |
| BlockToStepN              | 627.215 us                | 6.382 ms                  |
| OneStep                   | 52.527 ms                 | 593.852 ms                |
+---------------------------+---------------------------+---------------------------+
W20240205 21:41:12.699999 18937 grad_async_v2.h:137] Detect new sample comes, old_end7, new_end2
W20240205 21:41:12.783406 18446 grad_async_v2.h:270] Sleep in <BlockToStepN>, step_no=183, pq.top=183
+---------------------------+---------------------------+---------------------------+
| Name                      | P50                       | P99                       |
+---------------------------+---------------------------+---------------------------+
| clean                     | 349.143 us                | 9.320 ms                  |
| ProcessBack:Shuffle       | 3.946 ms                  | 7.424 ms                  |
| ProcessBack:UpdateCache   | 3.821 ms                  | 5.246 ms                  |
| ProcessBack:UpsertPq      | 23.027 ms                 | 32.281 ms                 |
| ProcessOneStep            | 32.370 ms                 | 573.749 ms                |
| BlockToStepN              | 557.686 us                | 6.227 ms                  |
+---------------------------+---------------------------+---------------------------+
E20240205 21:41:12.945009 18446 parallel_pq_v2.h:79] insert failed, size(hashtable)=6307
W20240205 21:41:13.709451 18937 grad_async_v2.h:137] Detect new sample comes, old_end0, new_end8
E20240205 21:41:14.035331 18937 parallel_pq_v2.h:79] insert failed, size(hashtable)=1
W20240205 21:41:14.091682 18446 grad_async_v2.h:270] Sleep in <BlockToStepN>, step_no=199, pq.top=199
[proc 1] 200 steps, total: 7.250, sample: 0.528, forward: 0.560, backward: 0.488, update: 0.295
[proc 4] 200 steps, total: 7.250, sample: 0.479, forward: 0.480, backward: 0.531, update: 0.238
[proc 0] 200 steps, total: 7.250, sample: 0.539, forward: 0.555, backward: 0.537, update: 0.258
[proc 2] 200 steps, total: 7.250, sample: 0.486, forward: 0.514, backward: 0.528, update: 0.257
[proc 3] 200 steps, total: 7.250, sample: 0.437, forward: 0.513, backward: 0.542, update: 0.240
W20240205 21:41:14.749917 18937 grad_async_v2.h:137] Detect new sample comes, old_end3, new_end0
E20240205 21:41:15.035037 18953 parallel_pq_v2.h:79] insert failed, size(hashtable)=13909
E20240205 21:41:15.128715 18446 grad_async_v2.h:404] Stalled in ProcessBackward: rank=3, step_no=215, sample_step_cpp_seen_[rank]=214
W20240205 21:41:15.173650 18446 grad_async_v2.h:270] Sleep in <BlockToStepN>, step_no=216, pq.top=216
W20240205 21:41:15.816406 18937 grad_async_v2.h:137] Detect new sample comes, old_end6, new_end5
E20240205 21:41:16.036374 18937 parallel_pq_v2.h:79] insert failed, size(hashtable)=1
W20240205 21:41:16.241621 18446 grad_async_v2.h:270] Sleep in <BlockToStepN>, step_no=229, pq.top=229
W20240205 21:41:16.839337 18937 grad_async_v2.h:137] Detect new sample comes, old_end4, new_end6
E20240205 21:41:17.036008 18446 parallel_pq_v2.h:79] insert failed, size(hashtable)=300
W20240205 21:41:17.248723 18446 grad_async_v2.h:270] Sleep in <BlockToStepN>, step_no=242, pq.top=242
+---------------------------+---------------------------+---------------------------+
| Name                      | P50                       | P99                       |
+---------------------------+---------------------------+---------------------------+
| GenInput                  | 1.712 ms                  | 31.865 ms                 |
| Forward                   | 5.673 ms                  | 9.041 ms                  |
| Backward                  | 4.628 ms                  | 10.635 ms                 |
| Optimize                  | 2.710 ms                  | 5.095 ms                  |
| BarrierTimeBeforeRank0    | 974.407 us                | 39.495 ms                 |
| AfterBackward             | 33.075 ms                 | 573.812 ms                |
| BlockToStepN              | 701.017 us                | 8.504 ms                  |
| OneStep                   | 53.448 ms                 | 593.852 ms                |
+---------------------------+---------------------------+---------------------------+
+---------------------------+---------------------------+---------------------------+
| Name                      | P50                       | P99                       |
+---------------------------+---------------------------+---------------------------+
| clean                     | 335.998 us                | 7.247 ms                  |
| ProcessBack:Shuffle       | 3.973 ms                  | 7.347 ms                  |
| ProcessBack:UpdateCache   | 3.814 ms                  | 5.246 ms                  |
| ProcessBack:UpsertPq      | 23.742 ms                 | 39.526 ms                 |
| ProcessOneStep            | 33.134 ms                 | 573.749 ms                |
| BlockToStepN              | 635.508 us                | 8.407 ms                  |
+---------------------------+---------------------------+---------------------------+
W20240205 21:41:17.874024 18937 grad_async_v2.h:137] Detect new sample comes, old_end7, new_end1
E20240205 21:41:18.036010 18937 parallel_pq_v2.h:79] insert failed, size(hashtable)=508
W20240205 21:41:18.261852 18446 grad_async_v2.h:270] Sleep in <BlockToStepN>, step_no=257, pq.top=257
W20240205 21:41:19.003172 18937 grad_async_v2.h:137] Detect new sample comes, old_end9, new_end8
E20240205 21:41:19.036005 18937 parallel_pq_v2.h:79] insert failed, size(hashtable)=2389
W20240205 21:41:19.554015 18446 grad_async_v2.h:270] Sleep in <BlockToStepN>, step_no=272, pq.top=272
W20240205 21:41:20.014120 18937 grad_async_v2.h:137] Detect new sample comes, old_end8, new_end9
E20240205 21:41:20.036031 18967 parallel_pq_v2.h:79] insert failed, size(hashtable)=14725
W20240205 21:41:20.718780 18446 grad_async_v2.h:270] Sleep in <BlockToStepN>, step_no=291, pq.top=291
E20240205 21:41:21.036087 18946 parallel_pq_v2.h:79] insert failed, size(hashtable)=14242
W20240205 21:41:21.062863 18937 grad_async_v2.h:137] Detect new sample comes, old_end1, new_end6
[proc 4] 300 steps, total: 7.162, sample: 0.400, forward: 0.474, backward: 0.509, update: 0.230
[proc 0] 300 steps, total: 7.162, sample: 0.554, forward: 0.537, backward: 0.435, update: 0.265
[proc 3] 300 steps, total: 7.162, sample: 0.442, forward: 0.516, backward: 0.513, update: 0.237
[proc 1] 300 steps, total: 7.162, sample: 0.513, forward: 0.619, backward: 0.543, update: 0.296
[proc 2] 300 steps, total: 7.162, sample: 0.417, forward: 0.518, backward: 0.486, update: 0.236
W20240205 21:41:21.763686 18446 grad_async_v2.h:270] Sleep in <BlockToStepN>, step_no=308, pq.top=308
E20240205 21:41:21.807641 18446 grad_async_v2.h:404] Stalled in ProcessBackward: rank=3, step_no=308, sample_step_cpp_seen_[rank]=307
E20240205 21:41:22.036094 18937 parallel_pq_v2.h:79] insert failed, size(hashtable)=51
W20240205 21:41:22.145149 18937 grad_async_v2.h:137] Detect new sample comes, old_end1, new_end2
+---------------------------+---------------------------+---------------------------+
| Name                      | P50                       | P99                       |
+---------------------------+---------------------------+---------------------------+
| GenInput                  | 1.757 ms                  | 32.344 ms                 |
| Forward                   | 5.609 ms                  | 8.931 ms                  |
| Backward                  | 4.571 ms                  | 10.346 ms                 |
| Optimize                  | 2.730 ms                  | 5.095 ms                  |
| BarrierTimeBeforeRank0    | 1.310 ms                  | 40.238 ms                 |
| AfterBackward             | 34.176 ms                 | 349.156 ms                |
| BlockToStepN              | 715.742 us                | 6.382 ms                  |
| OneStep                   | 55.642 ms                 | 390.382 ms                |
+---------------------------+---------------------------+---------------------------+
+---------------------------+---------------------------+---------------------------+
| Name                      | P50                       | P99                       |
+---------------------------+---------------------------+---------------------------+
| clean                     | 380.994 us                | 12.493 ms                 |
| ProcessBack:Shuffle       | 3.996 ms                  | 7.424 ms                  |
| ProcessBack:UpdateCache   | 3.743 ms                  | 5.246 ms                  |
| ProcessBack:UpsertPq      | 24.564 ms                 | 33.843 ms                 |
| ProcessOneStep            | 34.005 ms                 | 349.104 ms                |
| BlockToStepN              | 649.644 us                | 6.227 ms                  |
+---------------------------+---------------------------+---------------------------+
E20240205 21:41:23.036017 18941 parallel_pq_v2.h:79] insert failed, size(hashtable)=149
W20240205 21:41:23.061400 18446 grad_async_v2.h:270] Sleep in <BlockToStepN>, step_no=326, pq.top=326
W20240205 21:41:23.204946 18937 grad_async_v2.h:137] Detect new sample comes, old_end0, new_end7
E20240205 21:41:24.036010 18706 parallel_pq_v2.h:79] insert failed, size(hashtable)=1257
W20240205 21:41:24.178851 18446 grad_async_v2.h:270] Sleep in <BlockToStepN>, step_no=338, pq.top=338
W20240205 21:41:24.225170 18937 grad_async_v2.h:137] Detect new sample comes, old_end1, new_end9
E20240205 21:41:25.036028 18446 parallel_pq_v2.h:79] insert failed, size(hashtable)=96
W20240205 21:41:25.235276 18937 grad_async_v2.h:137] Detect new sample comes, old_end6, new_end1
W20240205 21:41:25.419777 18446 grad_async_v2.h:270] Sleep in <BlockToStepN>, step_no=354, pq.top=354
E20240205 21:41:26.046978 18937 parallel_pq_v2.h:79] insert failed, size(hashtable)=1
W20240205 21:41:26.249290 18937 grad_async_v2.h:137] Detect new sample comes, old_end9, new_end0
W20240205 21:41:26.448258 18446 grad_async_v2.h:270] Sleep in <BlockToStepN>, step_no=363, pq.top=363
E20240205 21:41:27.046007 18937 parallel_pq_v2.h:79] insert failed, size(hashtable)=159
E20240205 21:41:27.070379 18446 grad_async_v2.h:404] Stalled in ProcessBackward: rank=2, step_no=373, sample_step_cpp_seen_[rank]=372
W20240205 21:41:27.280927 18937 grad_async_v2.h:137] Detect new sample comes, old_end8, new_end5
+---------------------------+---------------------------+---------------------------+
| Name                      | P50                       | P99                       |
+---------------------------+---------------------------+---------------------------+
| GenInput                  | 1.723 ms                  | 32.269 ms                 |
| Forward                   | 5.641 ms                  | 8.282 ms                  |
| Backward                  | 4.553 ms                  | 9.996 ms                  |
| Optimize                  | 2.746 ms                  | 5.820 ms                  |
| BarrierTimeBeforeRank0    | 1.881 ms                  | 39.495 ms                 |
| AfterBackward             | 33.699 ms                 | 449.664 ms                |
| BlockToStepN              | 734.483 us                | 5.039 ms                  |
| OneStep                   | 55.375 ms                 | 491.441 ms                |
+---------------------------+---------------------------+---------------------------+
W20240205 21:41:27.479380 18446 grad_async_v2.h:270] Sleep in <BlockToStepN>, step_no=375, pq.top=375
+---------------------------+---------------------------+---------------------------+
| Name                      | P50                       | P99                       |
+---------------------------+---------------------------+---------------------------+
| clean                     | 348.902 us                | 8.631 ms                  |
| ProcessBack:Shuffle       | 4.009 ms                  | 5.777 ms                  |
| ProcessBack:UpdateCache   | 3.754 ms                  | 5.253 ms                  |
| ProcessBack:UpsertPq      | 24.247 ms                 | 33.237 ms                 |
| ProcessOneStep            | 33.841 ms                 | 449.609 ms                |
| BlockToStepN              | 675.090 us                | 4.719 ms                  |
+---------------------------+---------------------------+---------------------------+
E20240205 21:41:28.046012 18706 parallel_pq_v2.h:79] insert failed, size(hashtable)=119
W20240205 21:41:28.282084 18937 grad_async_v2.h:137] Detect new sample comes, old_end7, new_end8
W20240205 21:41:28.490675 18446 grad_async_v2.h:270] Sleep in <BlockToStepN>, step_no=391, pq.top=391
[proc 2] 400 steps, total: 7.683, sample: 0.381, forward: 0.524, backward: 0.535, update: 0.229
[proc 1] 400 steps, total: 7.683, sample: 0.413, forward: 0.582, backward: 0.515, update: 0.273
[proc 4] 400 steps, total: 7.683, sample: 0.411, forward: 0.488, backward: 0.508, update: 0.237
[proc 0] 400 steps, total: 7.683, sample: 0.542, forward: 0.549, backward: 0.442, update: 0.291
[proc 3] 400 steps, total: 7.683, sample: 0.427, forward: 0.542, backward: 0.632, update: 0.237
E20240205 21:41:29.046010 18706 parallel_pq_v2.h:79] insert failed, size(hashtable)=371
W20240205 21:41:29.291339 18937 grad_async_v2.h:137] Detect new sample comes, old_end3, new_end5
W20240205 21:41:29.628916 18446 grad_async_v2.h:270] Sleep in <BlockToStepN>, step_no=410, pq.top=410
E20240205 21:41:30.046012 18937 parallel_pq_v2.h:79] insert failed, size(hashtable)=1839
W20240205 21:41:30.325145 18937 grad_async_v2.h:137] Detect new sample comes, old_end5, new_end0
W20240205 21:41:30.750324 18446 grad_async_v2.h:270] Sleep in <BlockToStepN>, step_no=426, pq.top=426
E20240205 21:41:31.046008 18706 parallel_pq_v2.h:79] insert failed, size(hashtable)=266
W20240205 21:41:31.384714 18937 grad_async_v2.h:137] Detect new sample comes, old_end0, new_end5
W20240205 21:41:31.887111 18446 grad_async_v2.h:270] Sleep in <BlockToStepN>, step_no=442, pq.top=442
E20240205 21:41:32.046100 18944 parallel_pq_v2.h:79] insert failed, size(hashtable)=11458
+---------------------------+---------------------------+---------------------------+
| Name                      | P50                       | P99                       |
+---------------------------+---------------------------+---------------------------+
| GenInput                  | 1.730 ms                  | 33.300 ms                 |
| Forward                   | 5.642 ms                  | 8.282 ms                  |
| Backward                  | 4.509 ms                  | 9.996 ms                  |
| Optimize                  | 2.776 ms                  | 5.820 ms                  |
| BarrierTimeBeforeRank0    | 1.667 ms                  | 39.495 ms                 |
| AfterBackward             | 34.370 ms                 | 449.664 ms                |
| BlockToStepN              | 793.257 us                | 5.039 ms                  |
| OneStep                   | 56.439 ms                 | 491.441 ms                |
+---------------------------+---------------------------+---------------------------+
W20240205 21:41:32.453614 18937 grad_async_v2.h:137] Detect new sample comes, old_end4, new_end0
+---------------------------+---------------------------+---------------------------+
| Name                      | P50                       | P99                       |
+---------------------------+---------------------------+---------------------------+
| clean                     | 328.127 us                | 12.831 ms                 |
| ProcessBack:Shuffle       | 4.052 ms                  | 6.033 ms                  |
| ProcessBack:UpdateCache   | 3.772 ms                  | 5.261 ms                  |
| ProcessBack:UpsertPq      | 24.885 ms                 | 37.632 ms                 |
| ProcessOneStep            | 34.500 ms                 | 349.104 ms                |
| BlockToStepN              | 730.955 us                | 4.359 ms                  |
+---------------------------+---------------------------+---------------------------+
W20240205 21:41:32.961594 18446 grad_async_v2.h:270] Sleep in <BlockToStepN>, step_no=456, pq.top=456
E20240205 21:41:33.046048 18937 parallel_pq_v2.h:79] insert failed, size(hashtable)=241
W20240205 21:41:33.455241 18937 grad_async_v2.h:137] Detect new sample comes, old_end2, new_end4
W20240205 21:41:34.010321 18446 grad_async_v2.h:270] Sleep in <BlockToStepN>, step_no=472, pq.top=472
E20240205 21:41:34.046008 18706 parallel_pq_v2.h:79] insert failed, size(hashtable)=1092
W20240205 21:41:34.484232 18937 grad_async_v2.h:137] Detect new sample comes, old_end0, new_end1
W20240205 21:41:35.028088 18446 grad_async_v2.h:270] Sleep in <BlockToStepN>, step_no=488, pq.top=488
E20240205 21:41:35.046077 18944 parallel_pq_v2.h:79] insert failed, size(hashtable)=8062
W20240205 21:41:35.514925 18937 grad_async_v2.h:137] Detect new sample comes, old_end3, new_end6
[proc 4] 500 steps, total: 6.820, sample: 0.467, forward: 0.466, backward: 0.492, update: 0.248
[proc 3] 500 steps, total: 6.820, sample: 0.385, forward: 0.501, backward: 0.507, update: 0.253
[proc 0] 500 steps, total: 6.820, sample: 0.533, forward: 0.543, backward: 0.427, update: 0.273
[proc 1] 500 steps, total: 6.820, sample: 0.456, forward: 0.538, backward: 0.507, update: 0.281
[proc 2] 500 steps, total: 6.820, sample: 0.403, forward: 0.501, backward: 0.585, update: 0.231
Successfully xmh. training takes 37.465041637420654 seconds
before call kg_cache_controller.StopThreads()
