WARNING: Logging before InitGoogleLogging() is written to STDERR
I20240125 07:50:29.544272  6800 IPC_barrier.h:128] MultiProcessBarrierFactory->ClearIPCMemory()
/home/xieminhui/RecStore/src/framework_adapters/torch/kg/dgl-0.9.1/python/dgl/_deprecate/graph.py:1023: DGLWarning: multigraph will be deprecated.DGL will treat all graphs as multigraph in the future.
  dgl_warning("multigraph will be deprecated." \
/home/xieminhui/RecStore/src/framework_adapters/torch/kg/dgl-0.9.1/python/dgl/heterograph.py:72: DGLWarning: Recommend creating graphs by `dgl.graph(data)` instead of `dgl.DGLGraph(data)`.
  dgl_warning('Recommend creating graphs by `dgl.graph(data)`'
Reading train triples....
Finished. Read 304727650 train triples.
Reading valid triples....
Finished. Read 16929318 valid triples.
Reading test triples....
Finished. Read 16929308 test triples.
ARGS:  Namespace(model_name='ComplEx', data_path='/home/xieminhui/dgl-data', dataset='Freebase', format='built_in', data_files=None, delimiter='\t', save_path='/tmp/ckpts/ComplEx_Freebase_5', no_save_emb=True, max_step=500, batch_size=800, batch_size_eval=16, neg_sample_size=200, neg_deg_sample=False, neg_deg_sample_eval=False, neg_sample_size_eval=86054151, eval_percent=1, no_eval_filter=False, log_interval=100, eval_interval=10000, test=False, num_proc=8, num_thread=1, force_sync_interval=1, hidden_dim=400, lr=0.01, gamma=16.0, double_ent=False, double_rel=False, neg_adversarial_sampling=False, adversarial_temperature=1.0, regularization_coef=0.0, regularization_norm=3, pairwise=False, loss_genre='Logsigmoid', margin=1.0, nr_gpus=8, gpu=[0, 1, 2, 3, 4, 5, 6, 7], mix_cpu_gpu=True, valid=False, rel_part=False, async_update=None, has_edge_importance=False, cached_emb_type='KnownLocalCachedEmbedding', use_my_emb=True, cache_ratio=0.05, shuffle=False, backwardMode='CppAsyncV2', L=10, kForwardItersPerStep=2, backgrad_init='both', eval_filter=True, soft_rel_part=False)
|Train|: 304727650
original graph:  DGLGraph(num_nodes=86054151, num_edges=338586276,
         ndata_schemes={}
         edata_schemes={'tid': Scheme(shape=(), dtype=torch.int64)})
Loading cached metis
WARNING [6800 sampler.py:454] Start PreSampling
WARNING [6800 sampler.py:532] Before construct renumbering_dict
WARNING [6800 sampler.py:555] PreSampling done
W20240125 08:18:23.391741  6800 IPCTensor.h:365] NewIPCTensor: cached_sampler_r0_0 [100000]0x100000002000 781.2 kB
W20240125 08:18:23.392158  6800 IPCTensor.h:365] NewIPCTensor: cached_sampler_r0_1 [100000]0x1000000c7000 781.2 kB
W20240125 08:18:23.392220  6800 IPCTensor.h:365] NewIPCTensor: cached_sampler_r0_2 [100000]0x10000018c000 781.2 kB
W20240125 08:18:23.392273  6800 IPCTensor.h:365] NewIPCTensor: cached_sampler_r0_3 [100000]0x100000251000 781.2 kB
W20240125 08:18:23.392319  6800 IPCTensor.h:365] NewIPCTensor: cached_sampler_r0_4 [100000]0x100000316000 781.2 kB
W20240125 08:18:23.392351  6800 IPCTensor.h:365] NewIPCTensor: cached_sampler_r0_5 [100000]0x1000003db000 781.2 kB
W20240125 08:18:23.392398  6800 IPCTensor.h:365] NewIPCTensor: cached_sampler_r0_6 [100000]0x1000004a0000 781.2 kB
W20240125 08:18:23.392452  6800 IPCTensor.h:365] NewIPCTensor: cached_sampler_r0_7 [100000]0x100000565000 781.2 kB
W20240125 08:18:23.392485  6800 IPCTensor.h:365] NewIPCTensor: cached_sampler_r0_8 [100000]0x10000062a000 781.2 kB
W20240125 08:18:23.392525  6800 IPCTensor.h:365] NewIPCTensor: cached_sampler_r0_9 [100000]0x1000006ef000 781.2 kB
W20240125 08:18:23.392580  6800 IPCTensor.h:365] NewIPCTensor: step_r0 [10]0x1000007b4000 80 B 
W20240125 08:18:23.392618  6800 IPCTensor.h:365] NewIPCTensor: circle_buffer_end_r0 [1]0x1000007b6000 8 B 
W20240125 08:18:23.392652  6800 IPCTensor.h:365] NewIPCTensor: circle_buffer_end_cppseen_r0 [1]0x1000007b8000 8 B 
W20240125 08:18:23.392903  6800 IPCTensor.h:365] NewIPCTensor: cached_sampler_r1_0 [100000]0x1000007ba000 781.2 kB
W20240125 08:18:23.392973  6800 IPCTensor.h:365] NewIPCTensor: cached_sampler_r1_1 [100000]0x10000087f000 781.2 kB
W20240125 08:18:23.393013  6800 IPCTensor.h:365] NewIPCTensor: cached_sampler_r1_2 [100000]0x100000944000 781.2 kB
W20240125 08:18:23.393067  6800 IPCTensor.h:365] NewIPCTensor: cached_sampler_r1_3 [100000]0x100000a09000 781.2 kB
W20240125 08:18:23.393100  6800 IPCTensor.h:365] NewIPCTensor: cached_sampler_r1_4 [100000]0x100000ace000 781.2 kB
W20240125 08:18:23.393131  6800 IPCTensor.h:365] NewIPCTensor: cached_sampler_r1_5 [100000]0x100000b93000 781.2 kB
W20240125 08:18:23.393157  6800 IPCTensor.h:365] NewIPCTensor: cached_sampler_r1_6 [100000]0x100000c58000 781.2 kB
W20240125 08:18:23.393195  6800 IPCTensor.h:365] NewIPCTensor: cached_sampler_r1_7 [100000]0x100000d1d000 781.2 kB
W20240125 08:18:23.393224  6800 IPCTensor.h:365] NewIPCTensor: cached_sampler_r1_8 [100000]0x100000de2000 781.2 kB
W20240125 08:18:23.393262  6800 IPCTensor.h:365] NewIPCTensor: cached_sampler_r1_9 [100000]0x100000ea7000 781.2 kB
W20240125 08:18:23.393301  6800 IPCTensor.h:365] NewIPCTensor: step_r1 [10]0x100000f6c000 80 B 
W20240125 08:18:23.393328  6800 IPCTensor.h:365] NewIPCTensor: circle_buffer_end_r1 [1]0x100000f6e000 8 B 
W20240125 08:18:23.393360  6800 IPCTensor.h:365] NewIPCTensor: circle_buffer_end_cppseen_r1 [1]0x100000f70000 8 B 
W20240125 08:18:23.393450  6800 IPCTensor.h:365] NewIPCTensor: cached_sampler_r2_0 [100000]0x100000f72000 781.2 kB
W20240125 08:18:23.393496  6800 IPCTensor.h:365] NewIPCTensor: cached_sampler_r2_1 [100000]0x100001037000 781.2 kB
W20240125 08:18:23.393529  6800 IPCTensor.h:365] NewIPCTensor: cached_sampler_r2_2 [100000]0x1000010fc000 781.2 kB
W20240125 08:18:23.393563  6800 IPCTensor.h:365] NewIPCTensor: cached_sampler_r2_3 [100000]0x1000011c1000 781.2 kB
W20240125 08:18:23.393599  6800 IPCTensor.h:365] NewIPCTensor: cached_sampler_r2_4 [100000]0x100001286000 781.2 kB
W20240125 08:18:23.393633  6800 IPCTensor.h:365] NewIPCTensor: cached_sampler_r2_5 [100000]0x10000134b000 781.2 kB
W20240125 08:18:23.393669  6800 IPCTensor.h:365] NewIPCTensor: cached_sampler_r2_6 [100000]0x100001410000 781.2 kB
W20240125 08:18:23.393714  6800 IPCTensor.h:365] NewIPCTensor: cached_sampler_r2_7 [100000]0x1000014d5000 781.2 kB
W20240125 08:18:23.393752  6800 IPCTensor.h:365] NewIPCTensor: cached_sampler_r2_8 [100000]0x10000159a000 781.2 kB
W20240125 08:18:23.393785  6800 IPCTensor.h:365] NewIPCTensor: cached_sampler_r2_9 [100000]0x10000165f000 781.2 kB
W20240125 08:18:23.393815  6800 IPCTensor.h:365] NewIPCTensor: step_r2 [10]0x100001724000 80 B 
W20240125 08:18:23.393841  6800 IPCTensor.h:365] NewIPCTensor: circle_buffer_end_r2 [1]0x100001726000 8 B 
W20240125 08:18:23.393864  6800 IPCTensor.h:365] NewIPCTensor: circle_buffer_end_cppseen_r2 [1]0x100001728000 8 B 
W20240125 08:18:23.393941  6800 IPCTensor.h:365] NewIPCTensor: cached_sampler_r3_0 [100000]0x10000172a000 781.2 kB
W20240125 08:18:23.393990  6800 IPCTensor.h:365] NewIPCTensor: cached_sampler_r3_1 [100000]0x1000017ef000 781.2 kB
W20240125 08:18:23.394048  6800 IPCTensor.h:365] NewIPCTensor: cached_sampler_r3_2 [100000]0x1000018b4000 781.2 kB
W20240125 08:18:23.394080  6800 IPCTensor.h:365] NewIPCTensor: cached_sampler_r3_3 [100000]0x100001979000 781.2 kB
W20240125 08:18:23.394110  6800 IPCTensor.h:365] NewIPCTensor: cached_sampler_r3_4 [100000]0x100001a3e000 781.2 kB
W20240125 08:18:23.394148  6800 IPCTensor.h:365] NewIPCTensor: cached_sampler_r3_5 [100000]0x100001b03000 781.2 kB
W20240125 08:18:23.394177  6800 IPCTensor.h:365] NewIPCTensor: cached_sampler_r3_6 [100000]0x100001bc8000 781.2 kB
W20240125 08:18:23.394210  6800 IPCTensor.h:365] NewIPCTensor: cached_sampler_r3_7 [100000]0x100001c8d000 781.2 kB
W20240125 08:18:23.394250  6800 IPCTensor.h:365] NewIPCTensor: cached_sampler_r3_8 [100000]0x100001d52000 781.2 kB
W20240125 08:18:23.394284  6800 IPCTensor.h:365] NewIPCTensor: cached_sampler_r3_9 [100000]0x100001e17000 781.2 kB
W20240125 08:18:23.394320  6800 IPCTensor.h:365] NewIPCTensor: step_r3 [10]0x100001edc000 80 B 
W20240125 08:18:23.394345  6800 IPCTensor.h:365] NewIPCTensor: circle_buffer_end_r3 [1]0x100001ede000 8 B 
W20240125 08:18:23.394379  6800 IPCTensor.h:365] NewIPCTensor: circle_buffer_end_cppseen_r3 [1]0x100001ee0000 8 B 
W20240125 08:18:23.394449  6800 IPCTensor.h:365] NewIPCTensor: cached_sampler_r4_0 [100000]0x100001ee2000 781.2 kB
W20240125 08:18:23.394528  6800 IPCTensor.h:365] NewIPCTensor: cached_sampler_r4_1 [100000]0x100001fa7000 781.2 kB
W20240125 08:18:23.394577  6800 IPCTensor.h:365] NewIPCTensor: cached_sampler_r4_2 [100000]0x10000206c000 781.2 kB
W20240125 08:18:23.394609  6800 IPCTensor.h:365] NewIPCTensor: cached_sampler_r4_3 [100000]0x100002131000 781.2 kB
W20240125 08:18:23.394649  6800 IPCTensor.h:365] NewIPCTensor: cached_sampler_r4_4 [100000]0x1000021f6000 781.2 kB
W20240125 08:18:23.394686  6800 IPCTensor.h:365] NewIPCTensor: cached_sampler_r4_5 [100000]0x1000022bb000 781.2 kB
W20240125 08:18:23.394723  6800 IPCTensor.h:365] NewIPCTensor: cached_sampler_r4_6 [100000]0x100002380000 781.2 kB
W20240125 08:18:23.394759  6800 IPCTensor.h:365] NewIPCTensor: cached_sampler_r4_7 [100000]0x100002445000 781.2 kB
W20240125 08:18:23.394789  6800 IPCTensor.h:365] NewIPCTensor: cached_sampler_r4_8 [100000]0x10000250a000 781.2 kB
W20240125 08:18:23.394824  6800 IPCTensor.h:365] NewIPCTensor: cached_sampler_r4_9 [100000]0x1000025cf000 781.2 kB
W20240125 08:18:23.394855  6800 IPCTensor.h:365] NewIPCTensor: step_r4 [10]0x100002694000 80 B 
W20240125 08:18:23.394881  6800 IPCTensor.h:365] NewIPCTensor: circle_buffer_end_r4 [1]0x100002696000 8 B 
W20240125 08:18:23.394904  6800 IPCTensor.h:365] NewIPCTensor: circle_buffer_end_cppseen_r4 [1]0x100002698000 8 B 
W20240125 08:18:23.394976  6800 IPCTensor.h:365] NewIPCTensor: cached_sampler_r5_0 [100000]0x10000269a000 781.2 kB
W20240125 08:18:23.395037  6800 IPCTensor.h:365] NewIPCTensor: cached_sampler_r5_1 [100000]0x10000275f000 781.2 kB
W20240125 08:18:23.395082  6800 IPCTensor.h:365] NewIPCTensor: cached_sampler_r5_2 [100000]0x100002824000 781.2 kB
W20240125 08:18:23.395123  6800 IPCTensor.h:365] NewIPCTensor: cached_sampler_r5_3 [100000]0x1000028e9000 781.2 kB
W20240125 08:18:23.395169  6800 IPCTensor.h:365] NewIPCTensor: cached_sampler_r5_4 [100000]0x1000029ae000 781.2 kB
W20240125 08:18:23.395205  6800 IPCTensor.h:365] NewIPCTensor: cached_sampler_r5_5 [100000]0x100002a73000 781.2 kB
W20240125 08:18:23.395236  6800 IPCTensor.h:365] NewIPCTensor: cached_sampler_r5_6 [100000]0x100002b38000 781.2 kB
W20240125 08:18:23.395272  6800 IPCTensor.h:365] NewIPCTensor: cached_sampler_r5_7 [100000]0x100002bfd000 781.2 kB
W20240125 08:18:23.395308  6800 IPCTensor.h:365] NewIPCTensor: cached_sampler_r5_8 [100000]0x100002cc2000 781.2 kB
W20240125 08:18:23.395344  6800 IPCTensor.h:365] NewIPCTensor: cached_sampler_r5_9 [100000]0x100002d87000 781.2 kB
W20240125 08:18:23.395383  6800 IPCTensor.h:365] NewIPCTensor: step_r5 [10]0x100002e4c000 80 B 
W20240125 08:18:23.395409  6800 IPCTensor.h:365] NewIPCTensor: circle_buffer_end_r5 [1]0x100002e4e000 8 B 
W20240125 08:18:23.395432  6800 IPCTensor.h:365] NewIPCTensor: circle_buffer_end_cppseen_r5 [1]0x100002e50000 8 B 
W20240125 08:18:23.395511  6800 IPCTensor.h:365] NewIPCTensor: cached_sampler_r6_0 [100000]0x100002e52000 781.2 kB
W20240125 08:18:23.395560  6800 IPCTensor.h:365] NewIPCTensor: cached_sampler_r6_1 [100000]0x100002f17000 781.2 kB
W20240125 08:18:23.395592  6800 IPCTensor.h:365] NewIPCTensor: cached_sampler_r6_2 [100000]0x100002fdc000 781.2 kB
W20240125 08:18:23.395640  6800 IPCTensor.h:365] NewIPCTensor: cached_sampler_r6_3 [100000]0x1000030a1000 781.2 kB
W20240125 08:18:23.395680  6800 IPCTensor.h:365] NewIPCTensor: cached_sampler_r6_4 [100000]0x100003166000 781.2 kB
W20240125 08:18:23.395728  6800 IPCTensor.h:365] NewIPCTensor: cached_sampler_r6_5 [100000]0x10000322b000 781.2 kB
W20240125 08:18:23.395767  6800 IPCTensor.h:365] NewIPCTensor: cached_sampler_r6_6 [100000]0x1000032f0000 781.2 kB
W20240125 08:18:23.395798  6800 IPCTensor.h:365] NewIPCTensor: cached_sampler_r6_7 [100000]0x1000033b5000 781.2 kB
W20240125 08:18:23.395834  6800 IPCTensor.h:365] NewIPCTensor: cached_sampler_r6_8 [100000]0x10000347a000 781.2 kB
W20240125 08:18:23.395869  6800 IPCTensor.h:365] NewIPCTensor: cached_sampler_r6_9 [100000]0x10000353f000 781.2 kB
W20240125 08:18:23.395900  6800 IPCTensor.h:365] NewIPCTensor: step_r6 [10]0x100003604000 80 B 
W20240125 08:18:23.395939  6800 IPCTensor.h:365] NewIPCTensor: circle_buffer_end_r6 [1]0x100003606000 8 B 
W20240125 08:18:23.395963  6800 IPCTensor.h:365] NewIPCTensor: circle_buffer_end_cppseen_r6 [1]0x100003608000 8 B 
W20240125 08:18:23.396049  6800 IPCTensor.h:365] NewIPCTensor: cached_sampler_r7_0 [100000]0x10000360a000 781.2 kB
W20240125 08:18:23.396096  6800 IPCTensor.h:365] NewIPCTensor: cached_sampler_r7_1 [100000]0x1000036cf000 781.2 kB
W20240125 08:18:23.396131  6800 IPCTensor.h:365] NewIPCTensor: cached_sampler_r7_2 [100000]0x100003794000 781.2 kB
W20240125 08:18:23.396171  6800 IPCTensor.h:365] NewIPCTensor: cached_sampler_r7_3 [100000]0x100003859000 781.2 kB
W20240125 08:18:23.396226  6800 IPCTensor.h:365] NewIPCTensor: cached_sampler_r7_4 [100000]0x10000391e000 781.2 kB
W20240125 08:18:23.396270  6800 IPCTensor.h:365] NewIPCTensor: cached_sampler_r7_5 [100000]0x1000039e3000 781.2 kB
W20240125 08:18:23.396301  6800 IPCTensor.h:365] NewIPCTensor: cached_sampler_r7_6 [100000]0x100003aa8000 781.2 kB
W20240125 08:18:23.396343  6800 IPCTensor.h:365] NewIPCTensor: cached_sampler_r7_7 [100000]0x100003b6d000 781.2 kB
W20240125 08:18:23.396382  6800 IPCTensor.h:365] NewIPCTensor: cached_sampler_r7_8 [100000]0x100003c32000 781.2 kB
W20240125 08:18:23.396420  6800 IPCTensor.h:365] NewIPCTensor: cached_sampler_r7_9 [100000]0x100003cf7000 781.2 kB
W20240125 08:18:23.396451  6800 IPCTensor.h:365] NewIPCTensor: step_r7 [10]0x100003dbc000 80 B 
W20240125 08:18:23.396477  6800 IPCTensor.h:365] NewIPCTensor: circle_buffer_end_r7 [1]0x100003dbe000 8 B 
W20240125 08:18:23.396508  6800 IPCTensor.h:365] NewIPCTensor: circle_buffer_end_cppseen_r7 [1]0x100003dc0000 8 B 
W20240125 08:18:24.323482  6800 IPCTensor.h:365] NewIPCTensor: full_emb [86054151, 400]0x100003dc2000 128.2 GB
W20240125 08:18:24.323763  6800 IPCTensor.h:365] NewIPCTensor: full_emb_SparseRowWiseAdaGrad_sum [86054151]0x1020129fa000 328.3 MB
{0: Graph(num_nodes=18933917, num_edges=55424977,
      ndata_schemes={'_ID': Scheme(shape=(), dtype=torch.int64), 'inner_node': Scheme(shape=(), dtype=torch.int32), 'part_id': Scheme(shape=(), dtype=torch.int64)}
      edata_schemes={'_ID': Scheme(shape=(), dtype=torch.int64), 'inner_edge': Scheme(shape=(), dtype=torch.int8)}), 1: Graph(num_nodes=13553612, num_edges=52144637,
      ndata_schemes={'_ID': Scheme(shape=(), dtype=torch.int64), 'inner_node': Scheme(shape=(), dtype=torch.int32), 'part_id': Scheme(shape=(), dtype=torch.int64)}
      edata_schemes={'_ID': Scheme(shape=(), dtype=torch.int64), 'inner_edge': Scheme(shape=(), dtype=torch.int8)}), 2: Graph(num_nodes=12534799, num_edges=46200271,
      ndata_schemes={'_ID': Scheme(shape=(), dtype=torch.int64), 'inner_node': Scheme(shape=(), dtype=torch.int32), 'part_id': Scheme(shape=(), dtype=torch.int64)}
      edata_schemes={'_ID': Scheme(shape=(), dtype=torch.int64), 'inner_edge': Scheme(shape=(), dtype=torch.int8)}), 3: Graph(num_nodes=12686041, num_edges=52326269,
      ndata_schemes={'_ID': Scheme(shape=(), dtype=torch.int64), 'inner_node': Scheme(shape=(), dtype=torch.int32), 'part_id': Scheme(shape=(), dtype=torch.int64)}
      edata_schemes={'_ID': Scheme(shape=(), dtype=torch.int64), 'inner_edge': Scheme(shape=(), dtype=torch.int8)}), 4: Graph(num_nodes=15590560, num_edges=56579771,
      ndata_schemes={'_ID': Scheme(shape=(), dtype=torch.int64), 'inner_node': Scheme(shape=(), dtype=torch.int32), 'part_id': Scheme(shape=(), dtype=torch.int64)}
      edata_schemes={'_ID': Scheme(shape=(), dtype=torch.int64), 'inner_edge': Scheme(shape=(), dtype=torch.int8)}), 5: Graph(num_nodes=14580085, num_edges=37397287,
      ndata_schemes={'_ID': Scheme(shape=(), dtype=torch.int64), 'inner_node': Scheme(shape=(), dtype=torch.int32), 'part_id': Scheme(shape=(), dtype=torch.int64)}
      edata_schemes={'_ID': Scheme(shape=(), dtype=torch.int64), 'inner_edge': Scheme(shape=(), dtype=torch.int8)}), 6: Graph(num_nodes=12323776, num_edges=47000589,
      ndata_schemes={'_ID': Scheme(shape=(), dtype=torch.int64), 'inner_node': Scheme(shape=(), dtype=torch.int32), 'part_id': Scheme(shape=(), dtype=torch.int64)}
      edata_schemes={'_ID': Scheme(shape=(), dtype=torch.int64), 'inner_edge': Scheme(shape=(), dtype=torch.int8)}), 7: Graph(num_nodes=13847704, num_edges=34618513,
      ndata_schemes={'_ID': Scheme(shape=(), dtype=torch.int64), 'inner_node': Scheme(shape=(), dtype=torch.int32), 'part_id': Scheme(shape=(), dtype=torch.int64)}
      edata_schemes={'_ID': Scheme(shape=(), dtype=torch.int64), 'inner_edge': Scheme(shape=(), dtype=torch.int8)})}
MertisPartition: part 0 has 18933917 N 55424977 E
MertisPartition: part 1 has 13553612 N 52144637 E
MertisPartition: part 2 has 12534799 N 46200271 E
MertisPartition: part 3 has 12686041 N 52326269 E
MertisPartition: part 4 has 15590560 N 56579771 E
MertisPartition: part 5 has 14580085 N 37397287 E
MertisPartition: part 6 has 12323776 N 47000589 E
MertisPartition: part 7 has 13847704 N 34618513 E
Rank0: cached key size 537838
Rank1: cached key size 537838
Rank2: cached key size 537838
Rank3: cached key size 537838
Rank4: cached key size 537838
Rank5: cached key size 537838
Rank6: cached key size 537838
Rank7: cached key size 537838
Before renumbering graph:  {'_ID': tensor([       0,        1,        2,  ..., 20485189,  3195844, 27748820]), 'inner_node': tensor([1, 1, 1,  ..., 0, 0, 0], dtype=torch.int32), 'part_id': tensor([0, 0, 0,  ..., 4, 6, 4])}
After renumbering graph:  {'_ID': tensor([ 4302718,  4302762,    91924,  ..., 67258730, 23765016, 23338550]), 'inner_node': tensor([1, 1, 1,  ..., 0, 0, 0], dtype=torch.int32), 'part_id': tensor([0, 0, 0,  ..., 4, 6, 4])}
part_g: DGLGraph(num_nodes=18933917, num_edges=55424977,
         ndata_schemes={'_ID': Scheme(shape=(), dtype=torch.int64)}
         edata_schemes={'tid': Scheme(shape=(), dtype=torch.int64)})
part_g: DGLGraph(num_nodes=18933917, num_edges=55424977,
         ndata_schemes={'_ID': Scheme(shape=(), dtype=torch.int64)}
         edata_schemes={'tid': Scheme(shape=(), dtype=torch.int64)})
Total initialize time 2400.843 seconds
[Rank1] pid = 40191
[Rank2] pid = 40308
[Rank3] pid = 40400
[Rank4] pid = 40491
[Rank5] pid = 40590
[Rank6] pid = 40693
INFO [6800 distributed_c10d.py:442] Added key: store_based_barrier_key:1 to store for rank: 0
INFO [40191 distributed_c10d.py:442] Added key: store_based_barrier_key:1 to store for rank: 1
INFO [40308 distributed_c10d.py:442] Added key: store_based_barrier_key:1 to store for rank: 2
INFO [40400 distributed_c10d.py:442] Added key: store_based_barrier_key:1 to store for rank: 3
INFO [40491 distributed_c10d.py:442] Added key: store_based_barrier_key:1 to store for rank: 4
INFO [40590 distributed_c10d.py:442] Added key: store_based_barrier_key:1 to store for rank: 5
INFO [40191 distributed_c10d.py:476] Rank 1: Completed store-based barrier for key:store_based_barrier_key:1 with 8 nodes.
INFO [40308 distributed_c10d.py:476] Rank 2: Completed store-based barrier for key:store_based_barrier_key:1 with 8 nodes.
INFO [40400 distributed_c10d.py:476] Rank 3: Completed store-based barrier for key:store_based_barrier_key:1 with 8 nodes.
INFO [40491 distributed_c10d.py:476] Rank 4: Completed store-based barrier for key:store_based_barrier_key:1 with 8 nodes.
INFO [40791 distributed_c10d.py:442] Added key: store_based_barrier_key:1 to store for rank: 7
INFO [40693 distributed_c10d.py:442] Added key: store_based_barrier_key:1 to store for rank: 6
INFO [40590 distributed_c10d.py:476] Rank 5: Completed store-based barrier for key:store_based_barrier_key:1 with 8 nodes.
INFO [40791 distributed_c10d.py:476] Rank 7: Completed store-based barrier for key:store_based_barrier_key:1 with 8 nodes.
INFO [40693 distributed_c10d.py:476] Rank 6: Completed store-based barrier for key:store_based_barrier_key:1 with 8 nodes.
W20240125 08:30:47.356379 40796 IPCTensor.h:405] NewIPCGPUTensor: embedding_cache_7 [4302707, 400]; dev=7; size=6.412 GB
W20240125 08:30:47.356376 40193 IPCTensor.h:405] NewIPCGPUTensor: embedding_cache_1 [4302707, 400]; dev=1; size=6.412 GB
W20240125 08:30:47.356377 40404 IPCTensor.h:405] NewIPCGPUTensor: embedding_cache_3 [4302707, 400]; dev=3; size=6.412 GB
W20240125 08:30:47.356379 40311 IPCTensor.h:405] NewIPCGPUTensor: embedding_cache_2 [4302707, 400]; dev=2; size=6.412 GB
W20240125 08:30:47.356379 40694 IPCTensor.h:405] NewIPCGPUTensor: embedding_cache_6 [4302707, 400]; dev=6; size=6.412 GB
W20240125 08:30:47.356377 40591 IPCTensor.h:405] NewIPCGPUTensor: embedding_cache_5 [4302707, 400]; dev=5; size=6.412 GB
W20240125 08:30:47.356379 40492 IPCTensor.h:405] NewIPCGPUTensor: embedding_cache_4 [4302707, 400]; dev=4; size=6.412 GB
INFO [6800 distributed_c10d.py:476] Rank 0: Completed store-based barrier for key:store_based_barrier_key:1 with 8 nodes.
W20240125 08:30:47.359941 40792 IPCTensor.h:405] NewIPCGPUTensor: embedding_cache_0 [4302707, 400]; dev=0; size=6.412 GB
W20240125 08:30:47.513661 40792 IPCTensor.h:365] NewIPCTensor: input_keys_0 [100000]0x102027251000 781.2 kB
W20240125 08:30:47.513667 40694 IPCTensor.h:365] NewIPCTensor: input_keys_6 [100000]0x102027316000 781.2 kB
W20240125 08:30:47.513674 40492 IPCTensor.h:365] NewIPCTensor: input_keys_4 [100000]0x1020274a0000 781.2 kB
W20240125 08:30:47.513690 40796 IPCTensor.h:365] NewIPCTensor: input_keys_7 [100000]0x102027565000 781.2 kB
W20240125 08:30:47.513669 40311 IPCTensor.h:365] NewIPCTensor: input_keys_2 [100000]0x1020273db000 781.2 kB
W20240125 08:30:47.513715 40404 IPCTensor.h:365] NewIPCTensor: input_keys_3 [100000]0x10202762a000 781.2 kB
W20240125 08:30:47.513728 40591 IPCTensor.h:365] NewIPCTensor: input_keys_5 [100000]0x1020276ef000 781.2 kB
W20240125 08:30:47.513772 40193 IPCTensor.h:365] NewIPCTensor: input_keys_1 [100000]0x1020277b4000 781.2 kB
W20240125 08:30:47.513919 40792 IPCTensor.h:365] NewIPCTensor: input_keys_neg_0 [100000]0x102027879000 781.2 kB
W20240125 08:30:47.513938 40591 IPCTensor.h:365] NewIPCTensor: input_keys_neg_5 [100000]0x10202793e000 781.2 kB
W20240125 08:30:47.513944 40796 IPCTensor.h:365] NewIPCTensor: input_keys_neg_7 [100000]0x102027a03000 781.2 kB
W20240125 08:30:47.513958 40492 IPCTensor.h:365] NewIPCTensor: input_keys_neg_4 [100000]0x102027ac8000 781.2 kB
W20240125 08:30:47.513962 40694 IPCTensor.h:365] NewIPCTensor: input_keys_neg_6 [100000]0x102027b8d000 781.2 kB
W20240125 08:30:47.513967 40193 IPCTensor.h:365] NewIPCTensor: input_keys_neg_1 [100000]0x102027c52000 781.2 kB
W20240125 08:30:47.513981 40404 IPCTensor.h:365] NewIPCTensor: input_keys_neg_3 [100000]0x102027d17000 781.2 kB
W20240125 08:30:47.513995 40792 IPCTensor.h:365] NewIPCTensor: backward_grads_0 [100000, 400]0x102027ddc000 152.6 MB
W20240125 08:30:47.514015 40311 IPCTensor.h:365] NewIPCTensor: input_keys_neg_2 [100000]0x102031674000 781.2 kB
W20240125 08:30:47.514045 40792 IPCTensor.h:365] NewIPCTensor: backward_grads_neg_0 [100000, 400]0x102031739000 152.6 MB
W20240125 08:30:47.514058 40591 IPCTensor.h:365] NewIPCTensor: backward_grads_5 [100000, 400]0x10203afd1000 152.6 MB
W20240125 08:30:47.514065 40492 IPCTensor.h:365] NewIPCTensor: backward_grads_4 [100000, 400]0x102044869000 152.6 MB
W20240125 08:30:47.514084 40193 IPCTensor.h:365] NewIPCTensor: backward_grads_1 [100000, 400]0x10204e101000 152.6 MB
W20240125 08:30:47.514091 40404 IPCTensor.h:365] NewIPCTensor: backward_grads_3 [100000, 400]0x102057999000 152.6 MB
W20240125 08:30:47.514096 40796 IPCTensor.h:365] NewIPCTensor: backward_grads_7 [100000, 400]0x102061231000 152.6 MB
W20240125 08:30:47.514102 40792 IPCTensor.h:405] NewIPCGPUTensor: backward_grads_0_gpu [100000, 400]; dev=0; size=152.6 MB
W20240125 08:30:47.514122 40694 IPCTensor.h:365] NewIPCTensor: backward_grads_6 [100000, 400]0x10206aac9000 152.6 MB
W20240125 08:30:47.514127 40311 IPCTensor.h:365] NewIPCTensor: backward_grads_2 [100000, 400]0x102074361000 152.6 MB
W20240125 08:30:47.514160 40591 IPCTensor.h:365] NewIPCTensor: backward_grads_neg_5 [100000, 400]0x10207dbf9000 152.6 MB
W20240125 08:30:47.514168 40492 IPCTensor.h:365] NewIPCTensor: backward_grads_neg_4 [100000, 400]0x102087491000 152.6 MB
W20240125 08:30:47.514175 40193 IPCTensor.h:365] NewIPCTensor: backward_grads_neg_1 [100000, 400]0x102090d29000 152.6 MB
W20240125 08:30:47.514199 40404 IPCTensor.h:365] NewIPCTensor: backward_grads_neg_3 [100000, 400]0x10209a5c1000 152.6 MB
W20240125 08:30:47.514205 40796 IPCTensor.h:365] NewIPCTensor: backward_grads_neg_7 [100000, 400]0x1020a3e59000 152.6 MB
W20240125 08:30:47.514233 40311 IPCTensor.h:365] NewIPCTensor: backward_grads_neg_2 [100000, 400]0x1020ad6f1000 152.6 MB
W20240125 08:30:47.514240 40694 IPCTensor.h:365] NewIPCTensor: backward_grads_neg_6 [100000, 400]0x1020b6f89000 152.6 MB
W20240125 08:30:47.514253 40591 IPCTensor.h:405] NewIPCGPUTensor: backward_grads_5_gpu [100000, 400]; dev=5; size=152.6 MB
W20240125 08:30:47.514266 40492 IPCTensor.h:405] NewIPCGPUTensor: backward_grads_4_gpu [100000, 400]; dev=4; size=152.6 MB
W20240125 08:30:47.514276 40193 IPCTensor.h:405] NewIPCGPUTensor: backward_grads_1_gpu [100000, 400]; dev=1; size=152.6 MB
W20240125 08:30:47.514287 40796 IPCTensor.h:405] NewIPCGPUTensor: backward_grads_7_gpu [100000, 400]; dev=7; size=152.6 MB
W20240125 08:30:47.514288 40404 IPCTensor.h:405] NewIPCGPUTensor: backward_grads_3_gpu [100000, 400]; dev=3; size=152.6 MB
W20240125 08:30:47.514298 40311 IPCTensor.h:405] NewIPCGPUTensor: backward_grads_2_gpu [100000, 400]; dev=2; size=152.6 MB
W20240125 08:30:47.514307 40694 IPCTensor.h:405] NewIPCGPUTensor: backward_grads_6_gpu [100000, 400]; dev=6; size=152.6 MB
W20240125 08:30:47.518627 40193 IPCTensor.h:405] NewIPCGPUTensor: backward_grads_neg_1_gpu [100000, 400]; dev=1; size=152.6 MB
W20240125 08:30:47.518627 40792 IPCTensor.h:405] NewIPCGPUTensor: backward_grads_neg_0_gpu [100000, 400]; dev=0; size=152.6 MB
W20240125 08:30:47.518633 40404 IPCTensor.h:405] NewIPCGPUTensor: backward_grads_neg_3_gpu [100000, 400]; dev=3; size=152.6 MB
W20240125 08:30:47.518627 40591 IPCTensor.h:405] NewIPCGPUTensor: backward_grads_neg_5_gpu [100000, 400]; dev=5; size=152.6 MB
W20240125 08:30:47.518627 40492 IPCTensor.h:405] NewIPCGPUTensor: backward_grads_neg_4_gpu [100000, 400]; dev=4; size=152.6 MB
W20240125 08:30:47.518661 40311 IPCTensor.h:405] NewIPCGPUTensor: backward_grads_neg_2_gpu [100000, 400]; dev=2; size=152.6 MB
W20240125 08:30:47.518677 40796 IPCTensor.h:405] NewIPCGPUTensor: backward_grads_neg_7_gpu [100000, 400]; dev=7; size=152.6 MB
W20240125 08:30:47.518711 40694 IPCTensor.h:405] NewIPCGPUTensor: backward_grads_neg_6_gpu [100000, 400]; dev=6; size=152.6 MB
cudaHostRegister 0x100003dc2000
1: KnownLocalCachedEmbedding init done
cudaHostRegister 0x100003dc2000
3: KnownLocalCachedEmbedding init done
cudaHostRegister 0x100003dc2000
5: KnownLocalCachedEmbedding init done
WARNING [40191 DistTensor.py:56] The tensor name already exists in the kvstore
[Rank7] pid = 40791
New CachedEmbedding, name=full_emb, shape=(86054151, 400), cache_type=KnownLocalCachedEmbedding
fixed cache_range is [(0, 4302707), (4302707, 8605414), (8605414, 12908121), (12908121, 17210828), (17210828, 21513535), (21513535, 25816242), (25816242, 30118949), (30118949, 34421656)]
cudaHostRegister 0x100003dc2000
0: KnownLocalCachedEmbedding init done
WARNING [6800 DistTensor.py:56] The tensor name already exists in the kvstore
WARNING [40400 DistTensor.py:56] The tensor name already exists in the kvstore
WARNING [40590 DistTensor.py:56] The tensor name already exists in the kvstore
cudaHostRegister 0x100003dc2000
6: KnownLocalCachedEmbedding init done
WARNING [40693 DistTensor.py:56] The tensor name already exists in the kvstore
cudaHostRegister 0x100003dc2000
2: KnownLocalCachedEmbedding init done
cudaHostRegister 0x100003dc2000
4: KnownLocalCachedEmbedding init done
WARNING [40308 DistTensor.py:56] The tensor name already exists in the kvstore
WARNING [40491 DistTensor.py:56] The tensor name already exists in the kvstore
cudaHostRegister 0x100003dc2000
7: KnownLocalCachedEmbedding init done
WARNING [40791 DistTensor.py:56] The tensor name already exists in the kvstore
I20240125 08:32:15.942909 40796 IPC_barrier.h:118] CreateBarrier: new barrier, name: kgcachecontroller, count: 8
I20240125 08:32:15.943053 40404 IPC_barrier.h:112] CreateBarrier: find existing barrier, name: kgcachecontroller, count: 8
I20240125 08:32:15.943131 40193 IPC_barrier.h:112] CreateBarrier: find existing barrier, name: kgcachecontroller, count: 8
I20240125 08:32:15.943207 40792 IPC_barrier.h:112] CreateBarrier: find existing barrier, name: kgcachecontroller, count: 8
I20240125 08:32:15.943281 40694 IPC_barrier.h:112] CreateBarrier: find existing barrier, name: kgcachecontroller, count: 8
I20240125 08:32:15.943356 40591 IPC_barrier.h:112] CreateBarrier: find existing barrier, name: kgcachecontroller, count: 8
I20240125 08:32:15.943437 40311 IPC_barrier.h:112] CreateBarrier: find existing barrier, name: kgcachecontroller, count: 8
I20240125 08:32:15.944209 40492 IPC_barrier.h:112] CreateBarrier: find existing barrier, name: kgcachecontroller, count: 8
W20240125 08:32:15.946426 40792 grad_base.h:55] KGCacheController, config={
        "num_gpus": 8,
        "L": 10,
        "backgrad_init": "both", 
        "kForwardItersPerStep": 2,
        "clr": 1,
        "nr_background_threads": 32,
        "backwardMode": "CppAsyncV2",
        "cache_ratio": 0.05
        }
W20240125 08:32:15.946610 40792 grad_base.h:172] Init GradProcessingBase done
I20240125 08:32:33.816007 40792 grad_async_v2.h:32] Use background thread to update emb. nr_background_threads=32
W20240125 08:32:33.816423 40792 kg_controller.h:78] after init GradAsyncProcessingV2
I20240125 08:32:33.816450 40792 kg_controller.h:84] Construct KGCacheController done
[W socket.cpp:601] [c10d] The client socket has failed to connect to [localhost]:29500 (errno: 101 - Network is unreachable).
I20240125 08:32:35.832758 40792 grad_base.h:60] GraphEnv RegTensorsPerProcess
W20240125 08:33:19.062237 42416 grad_async_v2.h:120] Detect new sample comes, old_end0, new_end1
E20240125 08:33:19.063017 42416 parallel_pq_v2.h:76] insert failed, size(hashtable)=1
W20240125 08:33:20.765193 42416 grad_async_v2.h:120] Detect new sample comes, old_end0, new_end1
E20240125 08:33:20.781042 42416 parallel_pq_v2.h:76] insert failed, size(hashtable)=0
W20240125 08:33:23.902902 42416 grad_async_v2.h:120] Detect new sample comes, old_end0, new_end1
E20240125 08:33:23.903476 42416 parallel_pq_v2.h:76] insert failed, size(hashtable)=0
W20240125 08:33:25.758399 42416 grad_async_v2.h:120] Detect new sample comes, old_end0, new_end1
E20240125 08:33:25.759212 42416 parallel_pq_v2.h:76] insert failed, size(hashtable)=0
I20240125 08:33:26.223882 40796 IPC_barrier.h:118] CreateBarrier: new barrier, name: start_barrier, count: 8
E20240125 08:33:26.759049 42416 parallel_pq_v2.h:76] insert failed, size(hashtable)=55
W20240125 08:33:26.775969 42416 grad_async_v2.h:120] Detect new sample comes, old_end9, new_end0
W20240125 08:33:30.932904 42416 grad_async_v2.h:120] Detect new sample comes, old_end1, new_end2
E20240125 08:33:30.942668 42416 parallel_pq_v2.h:76] insert failed, size(hashtable)=1
I20240125 08:33:30.971526 40591 IPC_barrier.h:112] CreateBarrier: find existing barrier, name: start_barrier, count: 8
W20240125 08:33:33.429706 42416 grad_async_v2.h:120] Detect new sample comes, old_end1, new_end2
E20240125 08:33:33.443406 42416 parallel_pq_v2.h:76] insert failed, size(hashtable)=0
I20240125 08:33:33.491025 40311 IPC_barrier.h:112] CreateBarrier: find existing barrier, name: start_barrier, count: 8
W20240125 08:33:34.519541 42416 grad_async_v2.h:120] Detect new sample comes, old_end1, new_end4
E20240125 08:33:34.534317 42416 parallel_pq_v2.h:76] insert failed, size(hashtable)=0
I20240125 08:33:34.583511 40694 IPC_barrier.h:112] CreateBarrier: find existing barrier, name: start_barrier, count: 8
E20240125 08:33:35.553478 42416 parallel_pq_v2.h:76] insert failed, size(hashtable)=0
W20240125 08:33:37.802721 42416 grad_async_v2.h:120] Detect new sample comes, old_end1, new_end2
E20240125 08:33:37.823274 42416 parallel_pq_v2.h:76] insert failed, size(hashtable)=1
I20240125 08:33:38.137497 40792 IPC_barrier.h:112] CreateBarrier: find existing barrier, name: start_barrier, count: 8
I20240125 08:33:38.293979 40492 IPC_barrier.h:112] CreateBarrier: find existing barrier, name: start_barrier, count: 8
I20240125 08:33:38.639026 40404 IPC_barrier.h:112] CreateBarrier: find existing barrier, name: start_barrier, count: 8
E20240125 08:33:38.832927 42416 parallel_pq_v2.h:76] insert failed, size(hashtable)=1
W20240125 08:33:38.983085 42416 grad_async_v2.h:120] Detect new sample comes, old_end8, new_end0
I20240125 08:33:39.293329 40193 IPC_barrier.h:112] CreateBarrier: find existing barrier, name: start_barrier, count: 8
W20240125 08:33:39.362200 42415 HazptrDomain.h:767] 10 request backlog for hazptr asynchronous reclamation executor
E20240125 08:33:39.836928 42416 parallel_pq_v2.h:76] insert failed, size(hashtable)=0
W20240125 08:33:40.081405 42416 grad_async_v2.h:120] Detect new sample comes, old_end0, new_end1
+---------------------------+---------------------------+---------------------------+
| Name                      | P50                       | P99                       |
+---------------------------+---------------------------+---------------------------+
| GenInput                  | 56.521 ms                 | 56.521 ms                 |
+---------------------------+---------------------------+---------------------------+
+---------------------------+---------------------------+---------------------------+
| Name                      | P50                       | P99                       |
+---------------------------+---------------------------+---------------------------+
| ProcessBack:Shuffle       | 1.350 s                   | 1.354 s                   |
+---------------------------+---------------------------+---------------------------+
+---------------------------+---------------------------+---------------------------+
| Name                      | P50                       | P99                       |
+---------------------------+---------------------------+---------------------------+
| GenInput                  | 56.521 ms                 | 56.521 ms                 |
| Forward                   | 1.775 s                   | 1.775 s                   |
| Backward                  | 567.363 ms                | 567.363 ms                |
| Optimize                  | 105.067 ms                | 105.067 ms                |
| BarrierTimeBeforeRank0    | 165.581 ms                | 165.581 ms                |
+---------------------------+---------------------------+---------------------------+
E20240125 08:33:46.364956 41402 parallel_pq_v2.h:76] insert failed, size(hashtable)=1
W20240125 08:33:46.583328 40792 grad_async_v2.h:249] Sleep in <BlockToStepN>, step_no=1, pq.top=1
W20240125 08:33:46.701934 42416 grad_async_v2.h:120] Detect new sample comes, old_end1, new_end2
W20240125 08:33:47.101130 40792 grad_async_v2.h:236] pq is empty
E20240125 08:33:47.364886 42416 parallel_pq_v2.h:76] insert failed, size(hashtable)=5197
W20240125 08:33:47.742805 42416 grad_async_v2.h:120] Detect new sample comes, old_end2, new_end4
W20240125 08:33:48.034703 40792 grad_async_v2.h:249] Sleep in <BlockToStepN>, step_no=5, pq.top=5
E20240125 08:33:48.372829 42416 parallel_pq_v2.h:76] insert failed, size(hashtable)=1
W20240125 08:33:48.839926 42416 grad_async_v2.h:120] Detect new sample comes, old_end4, new_end7
W20240125 08:33:49.133479 40792 grad_async_v2.h:249] Sleep in <BlockToStepN>, step_no=7, pq.top=6
E20240125 08:33:49.377354 42416 parallel_pq_v2.h:76] insert failed, size(hashtable)=864
W20240125 08:33:49.645113 40792 grad_async_v2.h:236] pq is empty
W20240125 08:33:49.971199 42416 grad_async_v2.h:120] Detect new sample comes, old_end6, new_end9
W20240125 08:33:50.133016 40792 grad_async_v2.h:249] Sleep in <BlockToStepN>, step_no=9, pq.top=9
E20240125 08:33:50.380856 42416 parallel_pq_v2.h:76] insert failed, size(hashtable)=234
+---------------------------+---------------------------+---------------------------+
| Name                      | P50                       | P99                       |
+---------------------------+---------------------------+---------------------------+
| ProcessBack:Shuffle       | 15.581 ms                 | 1.354 s                   |
| ProcessBack:UpdateCache   | 22.945 ms                 | 3.027 s                   |
| ProcessBack:UpsertPq      | 93.689 ms                 | 197.463 ms                |
| ProcessOneStep            | 186.599 ms                | 4.605 s                   |
| BlockToStepN              | 93.585 ms                 | 198.213 ms                |
+---------------------------+---------------------------+---------------------------+
+---------------------------+---------------------------+---------------------------+
| Name                      | P50                       | P99                       |
+---------------------------+---------------------------+---------------------------+
| GenInput                  | 40.821 ms                 | 253.165 ms                |
| Forward                   | 22.298 ms                 | 1.775 s                   |
| Backward                  | 6.807 ms                  | 567.363 ms                |
| Optimize                  | 2.525 ms                  | 105.067 ms                |
| BarrierTimeBeforeRank0    | 121.681 us                | 165.581 ms                |
| AfterBackward             | 183.729 ms                | 4.615 s                   |
| BlockToStepN              | 16.468 ms                 | 198.442 ms                |
| OneStep                   | 390.760 ms                | 7.428 s                   |
+---------------------------+---------------------------+---------------------------+
W20240125 08:33:51.133020 40792 grad_async_v2.h:249] Sleep in <BlockToStepN>, step_no=13, pq.top=13
W20240125 08:33:51.161156 42416 grad_async_v2.h:120] Detect new sample comes, old_end8, new_end3
E20240125 08:33:51.380028 42416 parallel_pq_v2.h:76] insert failed, size(hashtable)=764
W20240125 08:33:52.185902 40792 grad_async_v2.h:249] Sleep in <BlockToStepN>, step_no=17, pq.top=17
E20240125 08:33:52.388913 42416 parallel_pq_v2.h:76] insert failed, size(hashtable)=17529
W20240125 08:33:52.621876 42416 grad_async_v2.h:120] Detect new sample comes, old_end9, new_end8
W20240125 08:33:53.272909 40792 grad_async_v2.h:249] Sleep in <BlockToStepN>, step_no=20, pq.top=19
E20240125 08:33:53.389180 42416 parallel_pq_v2.h:76] insert failed, size(hashtable)=0
W20240125 08:33:54.152837 42416 grad_async_v2.h:120] Detect new sample comes, old_end3, new_end2
E20240125 08:33:54.389508 42416 parallel_pq_v2.h:76] insert failed, size(hashtable)=1
W20240125 08:33:55.351459 42416 grad_async_v2.h:120] Detect new sample comes, old_end7, new_end2
E20240125 08:33:55.389060 42416 parallel_pq_v2.h:76] insert failed, size(hashtable)=1199
+---------------------------+---------------------------+---------------------------+
| Name                      | P50                       | P99                       |
+---------------------------+---------------------------+---------------------------+
| ProcessBack:Shuffle       | 17.816 ms                 | 1.354 s                   |
| ProcessBack:UpdateCache   | 24.128 ms                 | 3.027 s                   |
| ProcessBack:UpsertPq      | 51.726 ms                 | 197.463 ms                |
| ProcessOneStep            | 111.451 ms                | 4.605 s                   |
| BlockToStepN              | 93.585 ms                 | 285.376 ms                |
+---------------------------+---------------------------+---------------------------+
+---------------------------+---------------------------+---------------------------+
| Name                      | P50                       | P99                       |
+---------------------------+---------------------------+---------------------------+
| GenInput                  | 35.523 ms                 | 253.165 ms                |
| Forward                   | 16.805 ms                 | 1.775 s                   |
| Backward                  | 6.807 ms                  | 567.363 ms                |
| Optimize                  | 2.515 ms                  | 105.067 ms                |
| BarrierTimeBeforeRank0    | 94.193 us                 | 165.581 ms                |
| AfterBackward             | 111.550 ms                | 4.615 s                   |
| BlockToStepN              | 93.790 ms                 | 285.603 ms                |
| OneStep                   | 367.226 ms                | 7.428 s                   |
+---------------------------+---------------------------+---------------------------+
W20240125 08:33:56.478760 42416 grad_async_v2.h:120] Detect new sample comes, old_end2, new_end3
E20240125 08:33:56.479568 42416 parallel_pq_v2.h:76] insert failed, size(hashtable)=1
W20240125 08:33:56.617815 40792 grad_async_v2.h:249] Sleep in <BlockToStepN>, step_no=23, pq.top=23
E20240125 08:33:57.496843 42416 parallel_pq_v2.h:76] insert failed, size(hashtable)=1927
W20240125 08:33:57.542593 42416 grad_async_v2.h:120] Detect new sample comes, old_end4, new_end6
W20240125 08:33:57.981163 40792 grad_async_v2.h:236] pq is empty
E20240125 08:33:58.496057 42416 parallel_pq_v2.h:76] insert failed, size(hashtable)=10
W20240125 08:33:58.610222 42416 grad_async_v2.h:120] Detect new sample comes, old_end5, new_end8
W20240125 08:33:59.345113 40792 grad_async_v2.h:249] Sleep in <BlockToStepN>, step_no=29, pq.top=29
E20240125 08:33:59.503564 42415 parallel_pq_v2.h:76] insert failed, size(hashtable)=128
W20240125 08:33:59.713650 42416 grad_async_v2.h:120] Detect new sample comes, old_end7, new_end0
E20240125 08:34:00.503482 40792 parallel_pq_v2.h:76] insert failed, size(hashtable)=2232
W20240125 08:34:00.656263 40792 grad_async_v2.h:249] Sleep in <BlockToStepN>, step_no=33, pq.top=33
W20240125 08:34:00.845798 42416 grad_async_v2.h:120] Detect new sample comes, old_end9, new_end4
+---------------------------+---------------------------+---------------------------+
| Name                      | P50                       | P99                       |
+---------------------------+---------------------------+---------------------------+
| ProcessBack:Shuffle       | 18.900 ms                 | 1.350 s                   |
| ProcessBack:UpdateCache   | 22.945 ms                 | 3.018 s                   |
| ProcessBack:UpsertPq      | 64.623 ms                 | 399.155 ms                |
| ProcessOneStep            | 183.645 ms                | 4.605 s                   |
| BlockToStepN              | 12.650 ms                 | 285.376 ms                |
+---------------------------+---------------------------+---------------------------+
+---------------------------+---------------------------+---------------------------+
| Name                      | P50                       | P99                       |
+---------------------------+---------------------------+---------------------------+
| GenInput                  | 35.523 ms                 | 253.165 ms                |
| Forward                   | 15.406 ms                 | 1.775 s                   |
| Backward                  | 6.950 ms                  | 567.363 ms                |
| Optimize                  | 2.585 ms                  | 105.067 ms                |
| BarrierTimeBeforeRank0    | 93.879 us                 | 298.952 ms                |
| AfterBackward             | 183.729 ms                | 4.615 s                   |
| BlockToStepN              | 16.468 ms                 | 285.603 ms                |
| OneStep                   | 380.472 ms                | 7.428 s                   |
+---------------------------+---------------------------+---------------------------+
W20240125 08:34:01.183331 40792 grad_async_v2.h:236] pq is empty
E20240125 08:34:01.504873 42415 parallel_pq_v2.h:76] insert failed, size(hashtable)=10801
W20240125 08:34:01.657673 40792 grad_async_v2.h:249] Sleep in <BlockToStepN>, step_no=35, pq.top=35
W20240125 08:34:01.872116 42416 grad_async_v2.h:120] Detect new sample comes, old_end1, new_end7
E20240125 08:34:02.522264 42416 parallel_pq_v2.h:76] insert failed, size(hashtable)=1
W20240125 08:34:02.744447 40792 grad_async_v2.h:249] Sleep in <BlockToStepN>, step_no=39, pq.top=39
W20240125 08:34:02.912597 42416 grad_async_v2.h:120] Detect new sample comes, old_end4, new_end9
E20240125 08:34:03.526618 42415 parallel_pq_v2.h:76] insert failed, size(hashtable)=626
W20240125 08:34:03.861886 40792 grad_async_v2.h:249] Sleep in <BlockToStepN>, step_no=43, pq.top=43
W20240125 08:34:04.020982 42416 grad_async_v2.h:120] Detect new sample comes, old_end7, new_end4
E20240125 08:34:04.526019 42416 parallel_pq_v2.h:76] insert failed, size(hashtable)=20128
W20240125 08:34:04.861057 40792 grad_async_v2.h:249] Sleep in <BlockToStepN>, step_no=47, pq.top=47
W20240125 08:34:05.056973 42416 grad_async_v2.h:120] Detect new sample comes, old_end0, new_end8
E20240125 08:34:05.526202 42415 parallel_pq_v2.h:76] insert failed, size(hashtable)=3160
+---------------------------+---------------------------+---------------------------+
| Name                      | P50                       | P99                       |
+---------------------------+---------------------------+---------------------------+
| ProcessBack:Shuffle       | 19.350 ms                 | 1.350 s                   |
| ProcessBack:UpdateCache   | 24.128 ms                 | 3.018 s                   |
| ProcessBack:UpsertPq      | 51.726 ms                 | 399.155 ms                |
| ProcessOneStep            | 120.717 ms                | 2.359 s                   |
| BlockToStepN              | 16.260 ms                 | 285.376 ms                |
+---------------------------+---------------------------+---------------------------+
W20240125 08:34:05.870970 40792 grad_async_v2.h:249] Sleep in <BlockToStepN>, step_no=51, pq.top=51
+---------------------------+---------------------------+---------------------------+
| Name                      | P50                       | P99                       |
+---------------------------+---------------------------+---------------------------+
| GenInput                  | 33.264 ms                 | 151.194 ms                |
| Forward                   | 15.406 ms                 | 28.769 ms                 |
| Backward                  | 7.257 ms                  | 28.278 ms                 |
| Optimize                  | 2.688 ms                  | 97.722 ms                 |
| BarrierTimeBeforeRank0    | 129.243 us                | 165.581 ms                |
| AfterBackward             | 120.783 ms                | 2.359 s                   |
| BlockToStepN              | 20.029 ms                 | 211.504 ms                |
| OneStep                   | 344.864 ms                | 7.428 s                   |
+---------------------------+---------------------------+---------------------------+
W20240125 08:34:06.140501 42416 grad_async_v2.h:120] Detect new sample comes, old_end4, new_end2
E20240125 08:34:06.526017 42416 parallel_pq_v2.h:76] insert failed, size(hashtable)=1514
W20240125 08:34:06.880941 40792 grad_async_v2.h:249] Sleep in <BlockToStepN>, step_no=55, pq.top=55
W20240125 08:34:07.402673 42416 grad_async_v2.h:120] Detect new sample comes, old_end8, new_end7
E20240125 08:34:07.526017 42416 parallel_pq_v2.h:76] insert failed, size(hashtable)=14032
W20240125 08:34:07.894161 40792 grad_async_v2.h:249] Sleep in <BlockToStepN>, step_no=59, pq.top=59
W20240125 08:34:08.500624 42416 grad_async_v2.h:120] Detect new sample comes, old_end3, new_end1
E20240125 08:34:08.528007 42416 parallel_pq_v2.h:76] insert failed, size(hashtable)=38
E20240125 08:34:09.527016 42415 parallel_pq_v2.h:76] insert failed, size(hashtable)=1110
W20240125 08:34:09.556999 42416 grad_async_v2.h:120] Detect new sample comes, old_end1, new_end2
W20240125 08:34:09.661914 40792 grad_async_v2.h:249] Sleep in <BlockToStepN>, step_no=62, pq.top=62
E20240125 08:34:10.527016 42416 parallel_pq_v2.h:76] insert failed, size(hashtable)=8230
W20240125 08:34:10.572118 42416 grad_async_v2.h:120] Detect new sample comes, old_end4, new_end5
W20240125 08:34:10.807394 40792 grad_async_v2.h:249] Sleep in <BlockToStepN>, step_no=66, pq.top=66
+---------------------------+---------------------------+---------------------------+
| Name                      | P50                       | P99                       |
+---------------------------+---------------------------+---------------------------+
| ProcessBack:Shuffle       | 19.338 ms                 | 1.350 s                   |
| ProcessBack:UpdateCache   | 23.887 ms                 | 3.018 s                   |
| ProcessBack:UpsertPq      | 45.838 ms                 | 399.155 ms                |
| ProcessOneStep            | 112.476 ms                | 2.359 s                   |
| BlockToStepN              | 18.692 ms                 | 211.192 ms                |
+---------------------------+---------------------------+---------------------------+
+---------------------------+---------------------------+---------------------------+
| Name                      | P50                       | P99                       |
+---------------------------+---------------------------+---------------------------+
| GenInput                  | 22.122 ms                 | 151.194 ms                |
| Forward                   | 12.678 ms                 | 44.428 ms                 |
