WARNING: Logging before InitGoogleLogging() is written to STDERR
I20240130 00:54:15.391907  2468 IPC_barrier.h:128] MultiProcessBarrierFactory->ClearIPCMemory()
/data/home/xieminhui/RecStore/src/framework_adapters/torch/kg/dgl-0.9.1/python/dgl/_deprecate/graph.py:1023: DGLWarning: multigraph will be deprecated.DGL will treat all graphs as multigraph in the future.
  dgl_warning("multigraph will be deprecated." \
/data/home/xieminhui/RecStore/src/framework_adapters/torch/kg/dgl-0.9.1/python/dgl/heterograph.py:72: DGLWarning: Recommend creating graphs by `dgl.graph(data)` instead of `dgl.DGLGraph(data)`.
  dgl_warning('Recommend creating graphs by `dgl.graph(data)`'
Reading train triples....
Finished. Read 304727650 train triples.
Reading valid triples....
Finished. Read 16929318 valid triples.
Reading test triples....
Finished. Read 16929308 test triples.
ARGS:  Namespace(model_name='TransE', data_path='/home/xieminhui/dgl-data', dataset='Freebase', format='built_in', data_files=None, delimiter='\t', save_path='/tmp/ckpts/TransE_Freebase_20', no_save_emb=True, max_step=500, batch_size=2000, batch_size_eval=16, neg_sample_size=200, neg_deg_sample=False, neg_deg_sample_eval=False, neg_sample_size_eval=86054151, eval_percent=1, no_eval_filter=False, log_interval=100, eval_interval=10000, test=False, num_proc=8, num_thread=1, force_sync_interval=1, hidden_dim=400, lr=0.01, gamma=16.0, double_ent=False, double_rel=False, neg_adversarial_sampling=False, adversarial_temperature=1.0, regularization_coef=0.0, regularization_norm=3, pairwise=False, loss_genre='Logsigmoid', margin=1.0, nr_gpus=8, gpu=[0, 1, 2, 3, 4, 5, 6, 7], mix_cpu_gpu=True, valid=False, rel_part=False, async_update=None, has_edge_importance=False, cached_emb_type='KnownLocalCachedEmbedding', use_my_emb=True, cache_ratio=0.1, shuffle=False, backwardMode='CppAsync', L=10, update_cache_use_omp=0, update_pq_use_omp=0, kForwardItersPerStep=2, backgrad_init='both', eval_filter=True, soft_rel_part=False)
|Train|: 304727650
original graph:  DGLGraph(num_nodes=86054151, num_edges=338586276,
         ndata_schemes={}
         edata_schemes={'tid': Scheme(shape=(), dtype=torch.int64)})
Loading cached metis
WARNING [2468 sampler.py:454] Start PreSampling
WARNING [2468 sampler.py:532] Before construct renumbering_dict
WARNING [2468 sampler.py:555] PreSampling done
W20240130 01:14:33.767184  2468 IPCTensor.h:369] NewIPCTensor: cached_sampler_r0_0 [1000000]0x100000002000 7.629 MB
W20240130 01:14:33.767410  2468 IPCTensor.h:369] NewIPCTensor: cached_sampler_r0_1 [1000000]0x1000007a5000 7.629 MB
W20240130 01:14:33.767448  2468 IPCTensor.h:369] NewIPCTensor: cached_sampler_r0_2 [1000000]0x100000f48000 7.629 MB
W20240130 01:14:33.767485  2468 IPCTensor.h:369] NewIPCTensor: cached_sampler_r0_3 [1000000]0x1000016eb000 7.629 MB
W20240130 01:14:33.767519  2468 IPCTensor.h:369] NewIPCTensor: cached_sampler_r0_4 [1000000]0x100001e8e000 7.629 MB
W20240130 01:14:33.767546  2468 IPCTensor.h:369] NewIPCTensor: cached_sampler_r0_5 [1000000]0x100002631000 7.629 MB
W20240130 01:14:33.767586  2468 IPCTensor.h:369] NewIPCTensor: cached_sampler_r0_6 [1000000]0x100002dd4000 7.629 MB
W20240130 01:14:33.767625  2468 IPCTensor.h:369] NewIPCTensor: cached_sampler_r0_7 [1000000]0x100003577000 7.629 MB
W20240130 01:14:33.767652  2468 IPCTensor.h:369] NewIPCTensor: cached_sampler_r0_8 [1000000]0x100003d1a000 7.629 MB
W20240130 01:14:33.767680  2468 IPCTensor.h:369] NewIPCTensor: cached_sampler_r0_9 [1000000]0x1000044bd000 7.629 MB
W20240130 01:14:33.767717  2468 IPCTensor.h:369] NewIPCTensor: step_r0 [10]0x100004c60000 80 B 
W20240130 01:14:33.767746  2468 IPCTensor.h:369] NewIPCTensor: circle_buffer_end_r0 [1]0x100004c62000 8 B 
W20240130 01:14:33.767783  2468 IPCTensor.h:369] NewIPCTensor: circle_buffer_end_cppseen_r0 [1]0x100004c64000 8 B 
W20240130 01:14:33.767956  2468 IPCTensor.h:369] NewIPCTensor: cached_sampler_r1_0 [1000000]0x100004c66000 7.629 MB
W20240130 01:14:33.768002  2468 IPCTensor.h:369] NewIPCTensor: cached_sampler_r1_1 [1000000]0x100005409000 7.629 MB
W20240130 01:14:33.768041  2468 IPCTensor.h:369] NewIPCTensor: cached_sampler_r1_2 [1000000]0x100005bac000 7.629 MB
W20240130 01:14:33.768101  2468 IPCTensor.h:369] NewIPCTensor: cached_sampler_r1_3 [1000000]0x10000634f000 7.629 MB
W20240130 01:14:33.768137  2468 IPCTensor.h:369] NewIPCTensor: cached_sampler_r1_4 [1000000]0x100006af2000 7.629 MB
W20240130 01:14:33.768177  2468 IPCTensor.h:369] NewIPCTensor: cached_sampler_r1_5 [1000000]0x100007295000 7.629 MB
W20240130 01:14:33.768205  2468 IPCTensor.h:369] NewIPCTensor: cached_sampler_r1_6 [1000000]0x100007a38000 7.629 MB
W20240130 01:14:33.768230  2468 IPCTensor.h:369] NewIPCTensor: cached_sampler_r1_7 [1000000]0x1000081db000 7.629 MB
W20240130 01:14:33.768260  2468 IPCTensor.h:369] NewIPCTensor: cached_sampler_r1_8 [1000000]0x10000897e000 7.629 MB
W20240130 01:14:33.768290  2468 IPCTensor.h:369] NewIPCTensor: cached_sampler_r1_9 [1000000]0x100009121000 7.629 MB
W20240130 01:14:33.768328  2468 IPCTensor.h:369] NewIPCTensor: step_r1 [10]0x1000098c4000 80 B 
W20240130 01:14:33.768352  2468 IPCTensor.h:369] NewIPCTensor: circle_buffer_end_r1 [1]0x1000098c6000 8 B 
W20240130 01:14:33.768373  2468 IPCTensor.h:369] NewIPCTensor: circle_buffer_end_cppseen_r1 [1]0x1000098c8000 8 B 
W20240130 01:14:33.768427  2468 IPCTensor.h:369] NewIPCTensor: cached_sampler_r2_0 [1000000]0x1000098ca000 7.629 MB
W20240130 01:14:33.768456  2468 IPCTensor.h:369] NewIPCTensor: cached_sampler_r2_1 [1000000]0x10000a06d000 7.629 MB
W20240130 01:14:33.768481  2468 IPCTensor.h:369] NewIPCTensor: cached_sampler_r2_2 [1000000]0x10000a810000 7.629 MB
W20240130 01:14:33.768507  2468 IPCTensor.h:369] NewIPCTensor: cached_sampler_r2_3 [1000000]0x10000afb3000 7.629 MB
W20240130 01:14:33.768532  2468 IPCTensor.h:369] NewIPCTensor: cached_sampler_r2_4 [1000000]0x10000b756000 7.629 MB
W20240130 01:14:33.768566  2468 IPCTensor.h:369] NewIPCTensor: cached_sampler_r2_5 [1000000]0x10000bef9000 7.629 MB
W20240130 01:14:33.768611  2468 IPCTensor.h:369] NewIPCTensor: cached_sampler_r2_6 [1000000]0x10000c69c000 7.629 MB
W20240130 01:14:33.768637  2468 IPCTensor.h:369] NewIPCTensor: cached_sampler_r2_7 [1000000]0x10000ce3f000 7.629 MB
W20240130 01:14:33.768668  2468 IPCTensor.h:369] NewIPCTensor: cached_sampler_r2_8 [1000000]0x10000d5e2000 7.629 MB
W20240130 01:14:33.768700  2468 IPCTensor.h:369] NewIPCTensor: cached_sampler_r2_9 [1000000]0x10000dd85000 7.629 MB
W20240130 01:14:33.768729  2468 IPCTensor.h:369] NewIPCTensor: step_r2 [10]0x10000e528000 80 B 
W20240130 01:14:33.768751  2468 IPCTensor.h:369] NewIPCTensor: circle_buffer_end_r2 [1]0x10000e52a000 8 B 
W20240130 01:14:33.768777  2468 IPCTensor.h:369] NewIPCTensor: circle_buffer_end_cppseen_r2 [1]0x10000e52c000 8 B 
W20240130 01:14:33.768836  2468 IPCTensor.h:369] NewIPCTensor: cached_sampler_r3_0 [1000000]0x10000e52e000 7.629 MB
W20240130 01:14:33.768864  2468 IPCTensor.h:369] NewIPCTensor: cached_sampler_r3_1 [1000000]0x10000ecd1000 7.629 MB
W20240130 01:14:33.768891  2468 IPCTensor.h:369] NewIPCTensor: cached_sampler_r3_2 [1000000]0x10000f474000 7.629 MB
W20240130 01:14:33.768920  2468 IPCTensor.h:369] NewIPCTensor: cached_sampler_r3_3 [1000000]0x10000fc17000 7.629 MB
W20240130 01:14:33.768945  2468 IPCTensor.h:369] NewIPCTensor: cached_sampler_r3_4 [1000000]0x1000103ba000 7.629 MB
W20240130 01:14:33.768971  2468 IPCTensor.h:369] NewIPCTensor: cached_sampler_r3_5 [1000000]0x100010b5d000 7.629 MB
W20240130 01:14:33.769016  2468 IPCTensor.h:369] NewIPCTensor: cached_sampler_r3_6 [1000000]0x100011300000 7.629 MB
W20240130 01:14:33.769047  2468 IPCTensor.h:369] NewIPCTensor: cached_sampler_r3_7 [1000000]0x100011aa3000 7.629 MB
W20240130 01:14:33.769078  2468 IPCTensor.h:369] NewIPCTensor: cached_sampler_r3_8 [1000000]0x100012246000 7.629 MB
W20240130 01:14:33.769112  2468 IPCTensor.h:369] NewIPCTensor: cached_sampler_r3_9 [1000000]0x1000129e9000 7.629 MB
W20240130 01:14:33.769140  2468 IPCTensor.h:369] NewIPCTensor: step_r3 [10]0x10001318c000 80 B 
W20240130 01:14:33.769162  2468 IPCTensor.h:369] NewIPCTensor: circle_buffer_end_r3 [1]0x10001318e000 8 B 
W20240130 01:14:33.769188  2468 IPCTensor.h:369] NewIPCTensor: circle_buffer_end_cppseen_r3 [1]0x100013190000 8 B 
W20240130 01:14:33.769256  2468 IPCTensor.h:369] NewIPCTensor: cached_sampler_r4_0 [1000000]0x100013192000 7.629 MB
W20240130 01:14:33.769286  2468 IPCTensor.h:369] NewIPCTensor: cached_sampler_r4_1 [1000000]0x100013935000 7.629 MB
W20240130 01:14:33.769316  2468 IPCTensor.h:369] NewIPCTensor: cached_sampler_r4_2 [1000000]0x1000140d8000 7.629 MB
W20240130 01:14:33.769344  2468 IPCTensor.h:369] NewIPCTensor: cached_sampler_r4_3 [1000000]0x10001487b000 7.629 MB
W20240130 01:14:33.769372  2468 IPCTensor.h:369] NewIPCTensor: cached_sampler_r4_4 [1000000]0x10001501e000 7.629 MB
W20240130 01:14:33.769404  2468 IPCTensor.h:369] NewIPCTensor: cached_sampler_r4_5 [1000000]0x1000157c1000 7.629 MB
W20240130 01:14:33.769433  2468 IPCTensor.h:369] NewIPCTensor: cached_sampler_r4_6 [1000000]0x100015f64000 7.629 MB
W20240130 01:14:33.769459  2468 IPCTensor.h:369] NewIPCTensor: cached_sampler_r4_7 [1000000]0x100016707000 7.629 MB
W20240130 01:14:33.769493  2468 IPCTensor.h:369] NewIPCTensor: cached_sampler_r4_8 [1000000]0x100016eaa000 7.629 MB
W20240130 01:14:33.769526  2468 IPCTensor.h:369] NewIPCTensor: cached_sampler_r4_9 [1000000]0x10001764d000 7.629 MB
W20240130 01:14:33.769554  2468 IPCTensor.h:369] NewIPCTensor: step_r4 [10]0x100017df0000 80 B 
W20240130 01:14:33.769577  2468 IPCTensor.h:369] NewIPCTensor: circle_buffer_end_r4 [1]0x100017df2000 8 B 
W20240130 01:14:33.769598  2468 IPCTensor.h:369] NewIPCTensor: circle_buffer_end_cppseen_r4 [1]0x100017df4000 8 B 
W20240130 01:14:33.769661  2468 IPCTensor.h:369] NewIPCTensor: cached_sampler_r5_0 [1000000]0x100017df6000 7.629 MB
W20240130 01:14:33.769694  2468 IPCTensor.h:369] NewIPCTensor: cached_sampler_r5_1 [1000000]0x100018599000 7.629 MB
W20240130 01:14:33.769726  2468 IPCTensor.h:369] NewIPCTensor: cached_sampler_r5_2 [1000000]0x100018d3c000 7.629 MB
W20240130 01:14:33.769757  2468 IPCTensor.h:369] NewIPCTensor: cached_sampler_r5_3 [1000000]0x1000194df000 7.629 MB
W20240130 01:14:33.769791  2468 IPCTensor.h:369] NewIPCTensor: cached_sampler_r5_4 [1000000]0x100019c82000 7.629 MB
W20240130 01:14:33.769820  2468 IPCTensor.h:369] NewIPCTensor: cached_sampler_r5_5 [1000000]0x10001a425000 7.629 MB
W20240130 01:14:33.769846  2468 IPCTensor.h:369] NewIPCTensor: cached_sampler_r5_6 [1000000]0x10001abc8000 7.629 MB
W20240130 01:14:33.769878  2468 IPCTensor.h:369] NewIPCTensor: cached_sampler_r5_7 [1000000]0x10001b36b000 7.629 MB
W20240130 01:14:33.769912  2468 IPCTensor.h:369] NewIPCTensor: cached_sampler_r5_8 [1000000]0x10001bb0e000 7.629 MB
W20240130 01:14:33.769942  2468 IPCTensor.h:369] NewIPCTensor: cached_sampler_r5_9 [1000000]0x10001c2b1000 7.629 MB
W20240130 01:14:33.769975  2468 IPCTensor.h:369] NewIPCTensor: step_r5 [10]0x10001ca54000 80 B 
W20240130 01:14:33.769997  2468 IPCTensor.h:369] NewIPCTensor: circle_buffer_end_r5 [1]0x10001ca56000 8 B 
W20240130 01:14:33.770020  2468 IPCTensor.h:369] NewIPCTensor: circle_buffer_end_cppseen_r5 [1]0x10001ca58000 8 B 
W20240130 01:14:33.770067  2468 IPCTensor.h:369] NewIPCTensor: cached_sampler_r6_0 [1000000]0x10001ca5a000 7.629 MB
W20240130 01:14:33.770113  2468 IPCTensor.h:369] NewIPCTensor: cached_sampler_r6_1 [1000000]0x10001d1fd000 7.629 MB
W20240130 01:14:33.770148  2468 IPCTensor.h:369] NewIPCTensor: cached_sampler_r6_2 [1000000]0x10001d9a0000 7.629 MB
W20240130 01:14:33.770176  2468 IPCTensor.h:369] NewIPCTensor: cached_sampler_r6_3 [1000000]0x10001e143000 7.629 MB
W20240130 01:14:33.770203  2468 IPCTensor.h:369] NewIPCTensor: cached_sampler_r6_4 [1000000]0x10001e8e6000 7.629 MB
W20240130 01:14:33.770236  2468 IPCTensor.h:369] NewIPCTensor: cached_sampler_r6_5 [1000000]0x10001f089000 7.629 MB
W20240130 01:14:33.770268  2468 IPCTensor.h:369] NewIPCTensor: cached_sampler_r6_6 [1000000]0x10001f82c000 7.629 MB
W20240130 01:14:33.770303  2468 IPCTensor.h:369] NewIPCTensor: cached_sampler_r6_7 [1000000]0x10001ffcf000 7.629 MB
W20240130 01:14:33.770331  2468 IPCTensor.h:369] NewIPCTensor: cached_sampler_r6_8 [1000000]0x100020772000 7.629 MB
W20240130 01:14:33.770371  2468 IPCTensor.h:369] NewIPCTensor: cached_sampler_r6_9 [1000000]0x100020f15000 7.629 MB
W20240130 01:14:33.770407  2468 IPCTensor.h:369] NewIPCTensor: step_r6 [10]0x1000216b8000 80 B 
W20240130 01:14:33.770431  2468 IPCTensor.h:369] NewIPCTensor: circle_buffer_end_r6 [1]0x1000216ba000 8 B 
W20240130 01:14:33.770457  2468 IPCTensor.h:369] NewIPCTensor: circle_buffer_end_cppseen_r6 [1]0x1000216bc000 8 B 
W20240130 01:14:33.770506  2468 IPCTensor.h:369] NewIPCTensor: cached_sampler_r7_0 [1000000]0x1000216be000 7.629 MB
W20240130 01:14:33.770543  2468 IPCTensor.h:369] NewIPCTensor: cached_sampler_r7_1 [1000000]0x100021e61000 7.629 MB
W20240130 01:14:33.770581  2468 IPCTensor.h:369] NewIPCTensor: cached_sampler_r7_2 [1000000]0x100022604000 7.629 MB
W20240130 01:14:33.770609  2468 IPCTensor.h:369] NewIPCTensor: cached_sampler_r7_3 [1000000]0x100022da7000 7.629 MB
W20240130 01:14:33.770650  2468 IPCTensor.h:369] NewIPCTensor: cached_sampler_r7_4 [1000000]0x10002354a000 7.629 MB
W20240130 01:14:33.770677  2468 IPCTensor.h:369] NewIPCTensor: cached_sampler_r7_5 [1000000]0x100023ced000 7.629 MB
W20240130 01:14:33.770720  2468 IPCTensor.h:369] NewIPCTensor: cached_sampler_r7_6 [1000000]0x100024490000 7.629 MB
W20240130 01:14:33.770750  2468 IPCTensor.h:369] NewIPCTensor: cached_sampler_r7_7 [1000000]0x100024c33000 7.629 MB
W20240130 01:14:33.770797  2468 IPCTensor.h:369] NewIPCTensor: cached_sampler_r7_8 [1000000]0x1000253d6000 7.629 MB
W20240130 01:14:33.770831  2468 IPCTensor.h:369] NewIPCTensor: cached_sampler_r7_9 [1000000]0x100025b79000 7.629 MB
W20240130 01:14:33.770862  2468 IPCTensor.h:369] NewIPCTensor: step_r7 [10]0x10002631c000 80 B 
W20240130 01:14:33.770885  2468 IPCTensor.h:369] NewIPCTensor: circle_buffer_end_r7 [1]0x10002631e000 8 B 
W20240130 01:14:33.770907  2468 IPCTensor.h:369] NewIPCTensor: circle_buffer_end_cppseen_r7 [1]0x100026320000 8 B 
W20240130 01:14:34.264346  2468 IPCTensor.h:369] NewIPCTensor: full_emb [86054151, 400]0x100026322000 128.2 GB
W20240130 01:14:34.264514  2468 IPCTensor.h:369] NewIPCTensor: full_emb_SparseRowWiseAdaGrad_sum [86054151]0x102034f5a000 328.3 MB
{0: Graph(num_nodes=18863774, num_edges=55186826,
      ndata_schemes={'_ID': Scheme(shape=(), dtype=torch.int64), 'inner_node': Scheme(shape=(), dtype=torch.int32), 'part_id': Scheme(shape=(), dtype=torch.int64)}
      edata_schemes={'_ID': Scheme(shape=(), dtype=torch.int64), 'inner_edge': Scheme(shape=(), dtype=torch.int8)}), 1: Graph(num_nodes=13493829, num_edges=51786811,
      ndata_schemes={'_ID': Scheme(shape=(), dtype=torch.int64), 'inner_node': Scheme(shape=(), dtype=torch.int32), 'part_id': Scheme(shape=(), dtype=torch.int64)}
      edata_schemes={'_ID': Scheme(shape=(), dtype=torch.int64), 'inner_edge': Scheme(shape=(), dtype=torch.int8)}), 2: Graph(num_nodes=12506959, num_edges=45797296,
      ndata_schemes={'_ID': Scheme(shape=(), dtype=torch.int64), 'inner_node': Scheme(shape=(), dtype=torch.int32), 'part_id': Scheme(shape=(), dtype=torch.int64)}
      edata_schemes={'_ID': Scheme(shape=(), dtype=torch.int64), 'inner_edge': Scheme(shape=(), dtype=torch.int8)}), 3: Graph(num_nodes=12605014, num_edges=52067933,
      ndata_schemes={'_ID': Scheme(shape=(), dtype=torch.int64), 'inner_node': Scheme(shape=(), dtype=torch.int32), 'part_id': Scheme(shape=(), dtype=torch.int64)}
      edata_schemes={'_ID': Scheme(shape=(), dtype=torch.int64), 'inner_edge': Scheme(shape=(), dtype=torch.int8)}), 4: Graph(num_nodes=14435508, num_edges=39101576,
      ndata_schemes={'_ID': Scheme(shape=(), dtype=torch.int64), 'inner_node': Scheme(shape=(), dtype=torch.int32), 'part_id': Scheme(shape=(), dtype=torch.int64)}
      edata_schemes={'_ID': Scheme(shape=(), dtype=torch.int64), 'inner_edge': Scheme(shape=(), dtype=torch.int8)}), 5: Graph(num_nodes=13252778, num_edges=37365728,
      ndata_schemes={'_ID': Scheme(shape=(), dtype=torch.int64), 'inner_node': Scheme(shape=(), dtype=torch.int32), 'part_id': Scheme(shape=(), dtype=torch.int64)}
      edata_schemes={'_ID': Scheme(shape=(), dtype=torch.int64), 'inner_edge': Scheme(shape=(), dtype=torch.int8)}), 6: Graph(num_nodes=14444909, num_edges=60122064,
      ndata_schemes={'_ID': Scheme(shape=(), dtype=torch.int64), 'inner_node': Scheme(shape=(), dtype=torch.int32), 'part_id': Scheme(shape=(), dtype=torch.int64)}
      edata_schemes={'_ID': Scheme(shape=(), dtype=torch.int64), 'inner_edge': Scheme(shape=(), dtype=torch.int8)}), 7: Graph(num_nodes=14493336, num_edges=37760331,
      ndata_schemes={'_ID': Scheme(shape=(), dtype=torch.int64), 'inner_node': Scheme(shape=(), dtype=torch.int32), 'part_id': Scheme(shape=(), dtype=torch.int64)}
      edata_schemes={'_ID': Scheme(shape=(), dtype=torch.int64), 'inner_edge': Scheme(shape=(), dtype=torch.int8)})}
MertisPartition: part 0 has 18863774 N 55186826 E
MertisPartition: part 1 has 13493829 N 51786811 E
MertisPartition: part 2 has 12506959 N 45797296 E
MertisPartition: part 3 has 12605014 N 52067933 E
MertisPartition: part 4 has 14435508 N 39101576 E
MertisPartition: part 5 has 13252778 N 37365728 E
MertisPartition: part 6 has 14444909 N 60122064 E
MertisPartition: part 7 has 14493336 N 37760331 E
Rank0: cached key size 1075676
Rank1: cached key size 1075676
Rank2: cached key size 1075676
Rank3: cached key size 1075676
Rank4: cached key size 1075676
Rank5: cached key size 1075676
Rank6: cached key size 1075676
Rank7: cached key size 1075676
Before renumbering graph:  {'_ID': tensor([       0,        1,        2,  ..., 39512110,  9797409, 32293938]), 'inner_node': tensor([1, 1, 1,  ..., 0, 0, 0], dtype=torch.int32), 'part_id': tensor([0, 0, 0,  ..., 6, 6, 6])}
After renumbering graph:  {'_ID': tensor([ 8605410,  8605423,    73076,  ..., 60986827, 57135617,  9209783]), 'inner_node': tensor([1, 1, 1,  ..., 0, 0, 0], dtype=torch.int32), 'part_id': tensor([0, 0, 0,  ..., 6, 6, 6])}
part_g: DGLGraph(num_nodes=18863774, num_edges=55186826,
         ndata_schemes={'_ID': Scheme(shape=(), dtype=torch.int64)}
         edata_schemes={'tid': Scheme(shape=(), dtype=torch.int64)})
part_g: DGLGraph(num_nodes=18863774, num_edges=55186826,
         ndata_schemes={'_ID': Scheme(shape=(), dtype=torch.int64)}
         edata_schemes={'tid': Scheme(shape=(), dtype=torch.int64)})
Total initialize time 1726.866 seconds
[Rank1] pid = 3379
[Rank2] pid = 3473
[Rank3] pid = 3540
[Rank4] pid = 3607
[Rank5] pid = 3676
[Rank6] pid = 3743
INFO [2468 distributed_c10d.py:442] Added key: store_based_barrier_key:1 to store for rank: 0
INFO [3473 distributed_c10d.py:442] Added key: store_based_barrier_key:1 to store for rank: 2
INFO [3540 distributed_c10d.py:442] Added key: store_based_barrier_key:1 to store for rank: 3
INFO [3379 distributed_c10d.py:442] Added key: store_based_barrier_key:1 to store for rank: 1
INFO [3607 distributed_c10d.py:442] Added key: store_based_barrier_key:1 to store for rank: 4
INFO [3676 distributed_c10d.py:442] Added key: store_based_barrier_key:1 to store for rank: 5
INFO [3810 distributed_c10d.py:442] Added key: store_based_barrier_key:1 to store for rank: 7
INFO [3743 distributed_c10d.py:442] Added key: store_based_barrier_key:1 to store for rank: 6
INFO [3810 distributed_c10d.py:476] Rank 7: Completed store-based barrier for key:store_based_barrier_key:1 with 8 nodes.
INFO [3676 distributed_c10d.py:476] Rank 5: Completed store-based barrier for key:store_based_barrier_key:1 with 8 nodes.
INFO [3743 distributed_c10d.py:476] Rank 6: Completed store-based barrier for key:store_based_barrier_key:1 with 8 nodes.
INFO [3473 distributed_c10d.py:476] Rank 2: Completed store-based barrier for key:store_based_barrier_key:1 with 8 nodes.
INFO [3540 distributed_c10d.py:476] Rank 3: Completed store-based barrier for key:store_based_barrier_key:1 with 8 nodes.
INFO [3379 distributed_c10d.py:476] Rank 1: Completed store-based barrier for key:store_based_barrier_key:1 with 8 nodes.
INFO [3607 distributed_c10d.py:476] Rank 4: Completed store-based barrier for key:store_based_barrier_key:1 with 8 nodes.
INFO [2468 distributed_c10d.py:476] Rank 0: Completed store-based barrier for key:store_based_barrier_key:1 with 8 nodes.
W20240130 01:23:13.388113  3811 IPCTensor.h:409] NewIPCGPUTensor: embedding_cache_0 [8605415, 400]; dev=0; size=12.82 GB
W20240130 01:23:13.389004  3608 IPCTensor.h:409] NewIPCGPUTensor: embedding_cache_4 [8605415, 400]; dev=4; size=12.82 GB
W20240130 01:23:13.389146  3744 IPCTensor.h:409] NewIPCGPUTensor: embedding_cache_6 [8605415, 400]; dev=6; size=12.82 GB
W20240130 01:23:13.389155  3474 IPCTensor.h:409] NewIPCGPUTensor: embedding_cache_2 [8605415, 400]; dev=2; size=12.82 GB
W20240130 01:23:13.389158  3541 IPCTensor.h:409] NewIPCGPUTensor: embedding_cache_3 [8605415, 400]; dev=3; size=12.82 GB
W20240130 01:23:13.389158  3677 IPCTensor.h:409] NewIPCGPUTensor: embedding_cache_5 [8605415, 400]; dev=5; size=12.82 GB
W20240130 01:23:13.389163  3380 IPCTensor.h:409] NewIPCGPUTensor: embedding_cache_1 [8605415, 400]; dev=1; size=12.82 GB
W20240130 01:23:13.389163  3874 IPCTensor.h:409] NewIPCGPUTensor: embedding_cache_7 [8605415, 400]; dev=7; size=12.82 GB
W20240130 01:23:13.528740  3811 IPCTensor.h:369] NewIPCTensor: input_keys_0 [1000000]0x10204b63d000 7.629 MB
W20240130 01:23:13.528730  3608 IPCTensor.h:369] NewIPCTensor: input_keys_4 [1000000]0x102049f54000 7.629 MB
W20240130 01:23:13.528729  3677 IPCTensor.h:369] NewIPCTensor: input_keys_5 [1000000]0x1020497b1000 7.629 MB
W20240130 01:23:13.528735  3380 IPCTensor.h:369] NewIPCTensor: input_keys_1 [1000000]0x10204a6f7000 7.629 MB
W20240130 01:23:13.528738  3874 IPCTensor.h:369] NewIPCTensor: input_keys_7 [1000000]0x10204ae9a000 7.629 MB
W20240130 01:23:13.528836  3541 IPCTensor.h:369] NewIPCTensor: input_keys_3 [1000000]0x10204bde0000 7.629 MB
W20240130 01:23:13.528841  3744 IPCTensor.h:369] NewIPCTensor: input_keys_6 [1000000]0x10204c583000 7.629 MB
W20240130 01:23:13.528844  3474 IPCTensor.h:369] NewIPCTensor: input_keys_2 [1000000]0x10204cd26000 7.629 MB
W20240130 01:23:13.529412  3744 IPCTensor.h:369] NewIPCTensor: input_keys_neg_6 [1000000]0x10204d4c9000 7.629 MB
W20240130 01:23:13.529430  3474 IPCTensor.h:369] NewIPCTensor: input_keys_neg_2 [1000000]0x10204dc6c000 7.629 MB
W20240130 01:23:13.529435  3677 IPCTensor.h:369] NewIPCTensor: input_keys_neg_5 [1000000]0x10204e40f000 7.629 MB
W20240130 01:23:13.529440  3608 IPCTensor.h:369] NewIPCTensor: input_keys_neg_4 [1000000]0x10204ebb2000 7.629 MB
W20240130 01:23:13.529451  3541 IPCTensor.h:369] NewIPCTensor: input_keys_neg_3 [1000000]0x10204f355000 7.629 MB
W20240130 01:23:13.529456  3380 IPCTensor.h:369] NewIPCTensor: input_keys_neg_1 [1000000]0x10204faf8000 7.629 MB
W20240130 01:23:13.529467  3874 IPCTensor.h:369] NewIPCTensor: input_keys_neg_7 [1000000]0x10205029b000 7.629 MB
W20240130 01:23:13.529500  3811 IPCTensor.h:369] NewIPCTensor: input_keys_neg_0 [1000000]0x102050a3e000 7.629 MB
W20240130 01:23:13.529536  3380 IPCTensor.h:369] NewIPCTensor: backward_grads_1 [1000000, 400]0x1020511e1000 1.49 GB
W20240130 01:23:13.529608  3874 IPCTensor.h:369] NewIPCTensor: backward_grads_7 [1000000, 400]0x1020b07c4000 1.49 GB
W20240130 01:23:13.529613  3380 IPCTensor.h:369] NewIPCTensor: backward_grads_neg_1 [1000000, 400]0x10210fda7000 1.49 GB
W20240130 01:23:13.529628  3608 IPCTensor.h:369] NewIPCTensor: backward_grads_4 [1000000, 400]0x10216f38a000 1.49 GB
W20240130 01:23:13.529634  3677 IPCTensor.h:369] NewIPCTensor: backward_grads_5 [1000000, 400]0x1021ce96d000 1.49 GB
W20240130 01:23:13.529640  3541 IPCTensor.h:369] NewIPCTensor: backward_grads_3 [1000000, 400]0x10222df50000 1.49 GB
W20240130 01:23:13.529642  3811 IPCTensor.h:369] NewIPCTensor: backward_grads_0 [1000000, 400]0x10228d533000 1.49 GB
W20240130 01:23:13.529649  3474 IPCTensor.h:369] NewIPCTensor: backward_grads_2 [1000000, 400]0x1022ecb16000 1.49 GB
W20240130 01:23:13.529664  3744 IPCTensor.h:369] NewIPCTensor: backward_grads_6 [1000000, 400]0x10234c0f9000 1.49 GB
W20240130 01:23:13.529682  3811 IPCTensor.h:369] NewIPCTensor: backward_grads_neg_0 [1000000, 400]0x1023ab6dc000 1.49 GB
W20240130 01:23:13.529695  3874 IPCTensor.h:369] NewIPCTensor: backward_grads_neg_7 [1000000, 400]0x10240acbf000 1.49 GB
W20240130 01:23:13.529709  3608 IPCTensor.h:369] NewIPCTensor: backward_grads_neg_4 [1000000, 400]0x10246a2a2000 1.49 GB
W20240130 01:23:13.529714  3677 IPCTensor.h:369] NewIPCTensor: backward_grads_neg_5 [1000000, 400]0x1024c9885000 1.49 GB
W20240130 01:23:13.529731  3541 IPCTensor.h:369] NewIPCTensor: backward_grads_neg_3 [1000000, 400]0x102528e68000 1.49 GB
W20240130 01:23:13.529737  3744 IPCTensor.h:369] NewIPCTensor: backward_grads_neg_6 [1000000, 400]0x10258844b000 1.49 GB
W20240130 01:23:13.529750  3474 IPCTensor.h:369] NewIPCTensor: backward_grads_neg_2 [1000000, 400]0x1025e7a2e000 1.49 GB
W20240130 01:23:13.529752  3811 IPCTensor.h:409] NewIPCGPUTensor: backward_grads_0_gpu [1000000, 400]; dev=0; size=1.49 GB
W20240130 01:23:13.529762  3380 IPCTensor.h:409] NewIPCGPUTensor: backward_grads_1_gpu [1000000, 400]; dev=1; size=1.49 GB
W20240130 01:23:13.529785  3608 IPCTensor.h:409] NewIPCGPUTensor: backward_grads_4_gpu [1000000, 400]; dev=4; size=1.49 GB
W20240130 01:23:13.529786  3744 IPCTensor.h:409] NewIPCGPUTensor: backward_grads_6_gpu [1000000, 400]; dev=6; size=1.49 GB
W20240130 01:23:13.529788  3677 IPCTensor.h:409] NewIPCGPUTensor: backward_grads_5_gpu [1000000, 400]; dev=5; size=1.49 GB
W20240130 01:23:13.529790  3474 IPCTensor.h:409] NewIPCGPUTensor: backward_grads_2_gpu [1000000, 400]; dev=2; size=1.49 GB
W20240130 01:23:13.529790  3874 IPCTensor.h:409] NewIPCGPUTensor: backward_grads_7_gpu [1000000, 400]; dev=7; size=1.49 GB
W20240130 01:23:13.529795  3541 IPCTensor.h:409] NewIPCGPUTensor: backward_grads_3_gpu [1000000, 400]; dev=3; size=1.49 GB
W20240130 01:23:13.542853  3380 IPCTensor.h:409] NewIPCGPUTensor: backward_grads_neg_1_gpu [1000000, 400]; dev=1; size=1.49 GB
W20240130 01:23:13.542874  3811 IPCTensor.h:409] NewIPCGPUTensor: backward_grads_neg_0_gpu [1000000, 400]; dev=0; size=1.49 GB
W20240130 01:23:13.542879  3608 IPCTensor.h:409] NewIPCGPUTensor: backward_grads_neg_4_gpu [1000000, 400]; dev=4; size=1.49 GB
W20240130 01:23:13.542889  3541 IPCTensor.h:409] NewIPCGPUTensor: backward_grads_neg_3_gpu [1000000, 400]; dev=3; size=1.49 GB
W20240130 01:23:13.542894  3474 IPCTensor.h:409] NewIPCGPUTensor: backward_grads_neg_2_gpu [1000000, 400]; dev=2; size=1.49 GB
W20240130 01:23:13.542901  3874 IPCTensor.h:409] NewIPCGPUTensor: backward_grads_neg_7_gpu [1000000, 400]; dev=7; size=1.49 GB
W20240130 01:23:13.542901  3744 IPCTensor.h:409] NewIPCGPUTensor: backward_grads_neg_6_gpu [1000000, 400]; dev=6; size=1.49 GB
W20240130 01:23:13.542917  3677 IPCTensor.h:409] NewIPCGPUTensor: backward_grads_neg_5_gpu [1000000, 400]; dev=5; size=1.49 GB
cudaHostRegister 0x100026322000
4: KnownLocalCachedEmbedding init done
WARNING [3607 DistTensor.py:56] The tensor name already exists in the kvstore
cudaHostRegister 0x100026322000
6: KnownLocalCachedEmbedding init done
WARNING [3743 DistTensor.py:56] The tensor name already exists in the kvstore
cudaHostRegister 0x100026322000
3: KnownLocalCachedEmbedding init done
WARNING [3540 DistTensor.py:56] The tensor name already exists in the kvstore
cudaHostRegister 0x100026322000
2: KnownLocalCachedEmbedding init done
WARNING [3473 DistTensor.py:56] The tensor name already exists in the kvstore
cudaHostRegister 0x100026322000
1: KnownLocalCachedEmbedding init done
WARNING [3379 DistTensor.py:56] The tensor name already exists in the kvstore
cudaHostRegister 0x100026322000
5: KnownLocalCachedEmbedding init done
WARNING [3676 DistTensor.py:56] The tensor name already exists in the kvstore
cudaHostRegister 0x100026322000
7: KnownLocalCachedEmbedding init done
WARNING [3810 DistTensor.py:56] The tensor name already exists in the kvstore
[Rank7] pid = 3810
New CachedEmbedding, name=full_emb, shape=(86054151, 400), cache_type=KnownLocalCachedEmbedding
fixed cache_range is [(0, 8605415), (8605415, 17210830), (17210830, 25816245), (25816245, 34421660), (34421660, 43027075), (43027075, 51632490), (51632490, 60237905), (60237905, 68843320)]
cudaHostRegister 0x100026322000
0: KnownLocalCachedEmbedding init done
WARNING [2468 DistTensor.py:56] The tensor name already exists in the kvstore
I20240130 01:24:04.647351  3811 IPC_barrier.h:118] CreateBarrier: new barrier, name: kgcachecontroller, count: 8
I20240130 01:24:04.647847  3380 IPC_barrier.h:112] CreateBarrier: find existing barrier, name: kgcachecontroller, count: 8
I20240130 01:24:04.647953  3874 IPC_barrier.h:112] CreateBarrier: find existing barrier, name: kgcachecontroller, count: 8
I20240130 01:24:04.648013  3677 IPC_barrier.h:112] CreateBarrier: find existing barrier, name: kgcachecontroller, count: 8
I20240130 01:24:04.648196  3744 IPC_barrier.h:112] CreateBarrier: find existing barrier, name: kgcachecontroller, count: 8
I20240130 01:24:04.648334  3608 IPC_barrier.h:112] CreateBarrier: find existing barrier, name: kgcachecontroller, count: 8
I20240130 01:24:04.648461  3474 IPC_barrier.h:112] CreateBarrier: find existing barrier, name: kgcachecontroller, count: 8
I20240130 01:24:04.648579  3541 IPC_barrier.h:112] CreateBarrier: find existing barrier, name: kgcachecontroller, count: 8
W20240130 01:24:04.650480  3811 grad_base.h:55] KGCacheController, config={
        "num_gpus": 8,
        "L": 10,
        "backgrad_init": "both", 
        "kForwardItersPerStep": 2,
        "clr": 1,
        "nr_background_threads": 32,
        "backwardMode": "CppAsync",
        "cache_ratio": 0.1,
        "update_cache_use_omp":  0,
        "update_pq_use_omp":  0
        }
W20240130 01:24:04.650621  3811 grad_base.h:184] Init GradProcessingBase done
I20240130 01:24:17.761929  3811 grad_async_v1.h:199] Use main thread to update emb.
W20240130 01:24:17.762214  3811 kg_controller.h:75] after init GradAsyncProcessing
I20240130 01:24:17.762225  3811 kg_controller.h:84] Construct KGCacheController done
E20240130 01:24:18.524753  3744 recstore.cc:66] init folly done
E20240130 01:24:18.524758  3874 recstore.cc:66] init folly done
E20240130 01:24:18.525230  3474 recstore.cc:66] init folly done
E20240130 01:24:18.525238  3677 recstore.cc:66] init folly done
E20240130 01:24:18.525254  3608 recstore.cc:66] init folly done
E20240130 01:24:18.525238  3811 recstore.cc:66] init folly done
E20240130 01:24:18.525384  3541 recstore.cc:66] init folly done
E20240130 01:24:18.526018  3380 recstore.cc:66] init folly done
I20240130 01:24:18.527278  3811 grad_base.h:60] GraphEnv RegTensorsPerProcess
W20240130 01:24:37.307076  4397 grad_async_v1.h:280] Detect new sample comes, old_end0, new_end1
W20240130 01:24:38.476262  4397 grad_async_v1.h:280] Detect new sample comes, old_end0, new_end1
W20240130 01:24:40.206020  4397 grad_async_v1.h:280] Detect new sample comes, old_end1, new_end2
I20240130 01:24:40.247027  3608 IPC_barrier.h:118] CreateBarrier: new barrier, name: start_barrier, count: 8
I20240130 01:24:40.425235  3874 IPC_barrier.h:112] CreateBarrier: find existing barrier, name: start_barrier, count: 8
I20240130 01:24:40.466630  3677 IPC_barrier.h:112] CreateBarrier: find existing barrier, name: start_barrier, count: 8
W20240130 01:24:41.607281  4397 grad_async_v1.h:280] Detect new sample comes, old_end1, new_end2
I20240130 01:24:41.645887  3474 IPC_barrier.h:112] CreateBarrier: find existing barrier, name: start_barrier, count: 8
I20240130 01:24:42.460068  3380 IPC_barrier.h:112] CreateBarrier: find existing barrier, name: start_barrier, count: 8
I20240130 01:24:42.579463  3541 IPC_barrier.h:112] CreateBarrier: find existing barrier, name: start_barrier, count: 8
W20240130 01:24:42.682662  4397 grad_async_v1.h:280] Detect new sample comes, old_end6, new_end0
I20240130 01:24:42.843423  3811 IPC_barrier.h:112] CreateBarrier: find existing barrier, name: start_barrier, count: 8
I20240130 01:24:43.532510  3744 IPC_barrier.h:112] CreateBarrier: find existing barrier, name: start_barrier, count: 8
W20240130 01:24:43.712352  4397 grad_async_v1.h:280] Detect new sample comes, old_end0, new_end1
+---------------------------+---------------------------+---------------------------+
| Name                      | P50                       | P99                       |
+---------------------------+---------------------------+---------------------------+
| GenInput                  | 6.815 ms                  | 6.815 ms                  |
| Forward                   | 706.813 ms                | 706.813 ms                |
| Backward                  | 203.832 ms                | 203.832 ms                |
| Optimize                  | 4.915 ms                  | 4.915 ms                  |
| BarrierTimeBeforeRank0    | 71.805 ms                 | 71.805 ms                 |
+---------------------------+---------------------------+---------------------------+
W20240130 01:24:45.876497  3811 grad_async_v1.h:406] Sleep in <BlockToStepN>, step_no=1, pq.top=1
W20240130 01:24:46.749112  4397 grad_async_v1.h:280] Detect new sample comes, old_end1, new_end2
W20240130 01:24:46.968598  3811 grad_async_v1.h:406] Sleep in <BlockToStepN>, step_no=3, pq.top=3
W20240130 01:24:47.770570  4397 grad_async_v1.h:280] Detect new sample comes, old_end3, new_end4
W20240130 01:24:47.968008  3811 grad_async_v1.h:406] Sleep in <BlockToStepN>, step_no=5, pq.top=5
+---------------------------+---------------------------+---------------------------+
| Name                      | P50                       | P99                       |
+---------------------------+---------------------------+---------------------------+
| ProcessBack:Shuffle       | 10.512 ms                 | 386.409 ms                |
| ProcessBack:UpdateCache   | 9.275 ms                  | 648.098 ms                |
| ProcessBack:UpsertPq      | 38.059 ms                 | 55.580 ms                 |
| ProcessOneStep            | 72.020 ms                 | 1.349 s                   |
| BlockToStepN              | 7.971 ms                  | 863.746 ms                |
+---------------------------+---------------------------+---------------------------+
W20240130 01:24:48.799885  4397 grad_async_v1.h:280] Detect new sample comes, old_end5, new_end6
W20240130 01:24:49.101397  3811 grad_async_v1.h:406] Sleep in <BlockToStepN>, step_no=7, pq.top=7
+---------------------------+---------------------------+---------------------------+
| Name                      | P50                       | P99                       |
+---------------------------+---------------------------+---------------------------+
| GenInput                  | 6.815 ms                  | 89.714 ms                 |
| Forward                   | 5.604 ms                  | 706.813 ms                |
| Backward                  | 9.864 ms                  | 203.832 ms                |
| Optimize                  | 2.581 ms                  | 4.915 ms                  |
| BarrierTimeBeforeRank0    | 4.195 ms                  | 71.805 ms                 |
| AfterBackward             | 69.491 ms                 | 1.349 s                   |
| BlockToStepN              | 8.016 ms                  | 865.898 ms                |
| OneStep                   | 101.325 ms                | 3.214 s                   |
+---------------------------+---------------------------+---------------------------+
W20240130 01:24:49.960664  4397 grad_async_v1.h:280] Detect new sample comes, old_end7, new_end8
W20240130 01:24:50.151448  3811 grad_async_v1.h:406] Sleep in <BlockToStepN>, step_no=8, pq.top=8
W20240130 01:24:51.074270  4397 grad_async_v1.h:280] Detect new sample comes, old_end9, new_end0
W20240130 01:24:51.160064  3811 grad_async_v1.h:406] Sleep in <BlockToStepN>, step_no=10, pq.top=10
W20240130 01:24:52.160012  3811 grad_async_v1.h:406] Sleep in <BlockToStepN>, step_no=11, pq.top=11
W20240130 01:24:52.198702  4397 grad_async_v1.h:280] Detect new sample comes, old_end1, new_end2
W20240130 01:24:53.160012  3811 grad_async_v1.h:406] Sleep in <BlockToStepN>, step_no=13, pq.top=13
W20240130 01:24:53.282261  4397 grad_async_v1.h:280] Detect new sample comes, old_end3, new_end4
+---------------------------+---------------------------+---------------------------+
| Name                      | P50                       | P99                       |
+---------------------------+---------------------------+---------------------------+
| ProcessBack:Shuffle       | 8.987 ms                  | 386.409 ms                |
| ProcessBack:UpdateCache   | 9.697 ms                  | 648.098 ms                |
| ProcessBack:UpsertPq      | 44.340 ms                 | 112.844 ms                |
| ProcessOneStep            | 69.452 ms                 | 1.349 s                   |
| BlockToStepN              | 7.971 ms                  | 939.395 ms                |
+---------------------------+---------------------------+---------------------------+
W20240130 01:24:54.160008  3811 grad_async_v1.h:406] Sleep in <BlockToStepN>, step_no=15, pq.top=15
W20240130 01:24:54.399578  4397 grad_async_v1.h:280] Detect new sample comes, old_end5, new_end6
+---------------------------+---------------------------+---------------------------+
| Name                      | P50                       | P99                       |
+---------------------------+---------------------------+---------------------------+
| GenInput                  | 6.815 ms                  | 89.714 ms                 |
| Forward                   | 5.189 ms                  | 706.813 ms                |
| Backward                  | 10.293 ms                 | 203.832 ms                |
| Optimize                  | 2.583 ms                  | 5.264 ms                  |
| BarrierTimeBeforeRank0    | 2.369 ms                  | 92.819 ms                 |
| AfterBackward             | 72.059 ms                 | 1.349 s                   |
| BlockToStepN              | 8.016 ms                  | 939.529 ms                |
| OneStep                   | 234.775 ms                | 3.214 s                   |
+---------------------------+---------------------------+---------------------------+
W20240130 01:24:55.160027  3811 grad_async_v1.h:406] Sleep in <BlockToStepN>, step_no=17, pq.top=17
W20240130 01:24:55.498562  4397 grad_async_v1.h:280] Detect new sample comes, old_end7, new_end8
W20240130 01:24:56.160008  3811 grad_async_v1.h:406] Sleep in <BlockToStepN>, step_no=19, pq.top=19
W20240130 01:24:56.504411  4397 grad_async_v1.h:280] Detect new sample comes, old_end9, new_end0
W20240130 01:24:57.411646  3811 grad_async_v1.h:406] Sleep in <BlockToStepN>, step_no=23, pq.top=23
W20240130 01:24:57.509361  4397 grad_async_v1.h:280] Detect new sample comes, old_end2, new_end3
W20240130 01:24:58.411008  3811 grad_async_v1.h:406] Sleep in <BlockToStepN>, step_no=25, pq.top=25
W20240130 01:24:58.526285  4397 grad_async_v1.h:280] Detect new sample comes, old_end5, new_end6
+---------------------------+---------------------------+---------------------------+
| Name                      | P50                       | P99                       |
+---------------------------+---------------------------+---------------------------+
| ProcessBack:Shuffle       | 9.065 ms                  | 352.520 ms                |
| ProcessBack:UpdateCache   | 9.789 ms                  | 647.154 ms                |
| ProcessBack:UpsertPq      | 43.742 ms                 | 112.844 ms                |
| ProcessOneStep            | 69.859 ms                 | 1.349 s                   |
| BlockToStepN              | 384.481 ms                | 939.395 ms                |
+---------------------------+---------------------------+---------------------------+
W20240130 01:24:59.411010  3811 grad_async_v1.h:406] Sleep in <BlockToStepN>, step_no=27, pq.top=27
W20240130 01:24:59.547417  4397 grad_async_v1.h:280] Detect new sample comes, old_end7, new_end8
+---------------------------+---------------------------+---------------------------+
| Name                      | P50                       | P99                       |
+---------------------------+---------------------------+---------------------------+
| GenInput                  | 7.144 ms                  | 111.005 ms                |
| Forward                   | 5.330 ms                  | 706.813 ms                |
| Backward                  | 9.944 ms                  | 203.832 ms                |
| Optimize                  | 2.583 ms                  | 5.264 ms                  |
| BarrierTimeBeforeRank0    | 4.195 ms                  | 92.819 ms                 |
| AfterBackward             | 69.418 ms                 | 1.349 s                   |
| BlockToStepN              | 20.254 ms                 | 939.529 ms                |
| OneStep                   | 234.775 ms                | 3.214 s                   |
+---------------------------+---------------------------+---------------------------+
W20240130 01:25:00.489841  3811 grad_async_v1.h:406] Sleep in <BlockToStepN>, step_no=30, pq.top=30
W20240130 01:25:00.573581  4397 grad_async_v1.h:280] Detect new sample comes, old_end9, new_end1
W20240130 01:25:01.537923  3811 grad_async_v1.h:406] Sleep in <BlockToStepN>, step_no=33, pq.top=33
W20240130 01:25:01.592211  4397 grad_async_v1.h:280] Detect new sample comes, old_end1, new_end3
W20240130 01:25:02.537009  3811 grad_async_v1.h:406] Sleep in <BlockToStepN>, step_no=35, pq.top=35
W20240130 01:25:02.603991  4397 grad_async_v1.h:280] Detect new sample comes, old_end3, new_end5
+---------------------------+---------------------------+---------------------------+
| Name                      | P50                       | P99                       |
+---------------------------+---------------------------+---------------------------+
| ProcessBack:Shuffle       | 9.065 ms                  | 352.520 ms                |
| ProcessBack:UpdateCache   | 9.766 ms                  | 647.154 ms                |
| ProcessBack:UpsertPq      | 38.074 ms                 | 90.686 ms                 |
| ProcessOneStep            | 64.409 ms                 | 1.349 s                   |
| BlockToStepN              | 20.200 ms                 | 939.395 ms                |
+---------------------------+---------------------------+---------------------------+
W20240130 01:25:03.537006  3811 grad_async_v1.h:406] Sleep in <BlockToStepN>, step_no=37, pq.top=37
W20240130 01:25:03.606062  4397 grad_async_v1.h:280] Detect new sample comes, old_end5, new_end7
W20240130 01:25:04.540796  3811 grad_async_v1.h:406] Sleep in <BlockToStepN>, step_no=39, pq.top=39
W20240130 01:25:04.627327  4397 grad_async_v1.h:280] Detect new sample comes, old_end8, new_end9
+---------------------------+---------------------------+---------------------------+
| Name                      | P50                       | P99                       |
+---------------------------+---------------------------+---------------------------+
| GenInput                  | 6.815 ms                  | 111.005 ms                |
| Forward                   | 5.562 ms                  | 706.813 ms                |
| Backward                  | 9.876 ms                  | 203.832 ms                |
| Optimize                  | 2.612 ms                  | 5.593 ms                  |
| BarrierTimeBeforeRank0    | 1.534 ms                  | 92.819 ms                 |
| AfterBackward             | 63.779 ms                 | 1.349 s                   |
| BlockToStepN              | 20.254 ms                 | 939.529 ms                |
| OneStep                   | 234.775 ms                | 3.214 s                   |
+---------------------------+---------------------------+---------------------------+
W20240130 01:25:05.581709  3811 grad_async_v1.h:406] Sleep in <BlockToStepN>, step_no=41, pq.top=41
W20240130 01:25:05.650913  4397 grad_async_v1.h:280] Detect new sample comes, old_end9, new_end1
W20240130 01:25:06.591460  3811 grad_async_v1.h:406] Sleep in <BlockToStepN>, step_no=43, pq.top=43
W20240130 01:25:06.692312  4397 grad_async_v1.h:280] Detect new sample comes, old_end1, new_end3
W20240130 01:25:07.591007  3811 grad_async_v1.h:406] Sleep in <BlockToStepN>, step_no=45, pq.top=45
W20240130 01:25:07.720343  4397 grad_async_v1.h:280] Detect new sample comes, old_end3, new_end5
+---------------------------+---------------------------+---------------------------+
| Name                      | P50                       | P99                       |
+---------------------------+---------------------------+---------------------------+
| ProcessBack:Shuffle       | 9.065 ms                  | 352.520 ms                |
| ProcessBack:UpdateCache   | 9.766 ms                  | 647.154 ms                |
| ProcessBack:UpsertPq      | 36.194 ms                 | 90.686 ms                 |
| ProcessOneStep            | 62.252 ms                 | 1.349 s                   |
| BlockToStepN              | 20.200 ms                 | 939.395 ms                |
+---------------------------+---------------------------+---------------------------+
W20240130 01:25:08.591006  3811 grad_async_v1.h:406] Sleep in <BlockToStepN>, step_no=47, pq.top=47
W20240130 01:25:08.740254  4397 grad_async_v1.h:280] Detect new sample comes, old_end5, new_end7
W20240130 01:25:09.591009  3811 grad_async_v1.h:406] Sleep in <BlockToStepN>, step_no=49, pq.top=49
+---------------------------+---------------------------+---------------------------+
| Name                      | P50                       | P99                       |
+---------------------------+---------------------------+---------------------------+
| GenInput                  | 6.287 ms                  | 111.005 ms                |
| Forward                   | 5.604 ms                  | 706.813 ms                |
| Backward                  | 9.860 ms                  | 203.832 ms                |
| Optimize                  | 2.635 ms                  | 8.449 ms                  |
| BarrierTimeBeforeRank0    | 903.715 us                | 92.819 ms                 |
| AfterBackward             | 61.856 ms                 | 1.349 s                   |
| BlockToStepN              | 20.254 ms                 | 939.529 ms                |
| OneStep                   | 234.775 ms                | 3.214 s                   |
+---------------------------+---------------------------+---------------------------+
W20240130 01:25:09.769454  4397 grad_async_v1.h:280] Detect new sample comes, old_end8, new_end9
W20240130 01:25:10.591008  3811 grad_async_v1.h:406] Sleep in <BlockToStepN>, step_no=51, pq.top=51
W20240130 01:25:10.770279  4397 grad_async_v1.h:280] Detect new sample comes, old_end0, new_end1
W20240130 01:25:11.591009  3811 grad_async_v1.h:406] Sleep in <BlockToStepN>, step_no=53, pq.top=53
W20240130 01:25:12.238075  4397 grad_async_v1.h:280] Detect new sample comes, old_end3, new_end4
W20240130 01:25:12.591008  3811 grad_async_v1.h:406] Sleep in <BlockToStepN>, step_no=55, pq.top=55
W20240130 01:25:13.353060  4397 grad_async_v1.h:280] Detect new sample comes, old_end5, new_end6
+---------------------------+---------------------------+---------------------------+
| Name                      | P50                       | P99                       |
+---------------------------+---------------------------+---------------------------+
| ProcessBack:Shuffle       | 9.065 ms                  | 352.520 ms                |
| ProcessBack:UpdateCache   | 9.766 ms                  | 647.154 ms                |
| ProcessBack:UpsertPq      | 34.875 ms                 | 90.686 ms                 |
| ProcessOneStep            | 59.499 ms                 | 131.436 ms                |
| BlockToStepN              | 20.200 ms                 | 863.746 ms                |
+---------------------------+---------------------------+---------------------------+
W20240130 01:25:13.591006  3811 grad_async_v1.h:406] Sleep in <BlockToStepN>, step_no=57, pq.top=57
W20240130 01:25:14.411582  4397 grad_async_v1.h:280] Detect new sample comes, old_end7, new_end8
W20240130 01:25:14.604475  3811 grad_async_v1.h:406] Sleep in <BlockToStepN>, step_no=59, pq.top=59
+---------------------------+---------------------------+---------------------------+
| Name                      | P50                       | P99                       |
+---------------------------+---------------------------+---------------------------+
| GenInput                  | 6.119 ms                  | 89.714 ms                 |
| Forward                   | 5.608 ms                  | 22.684 ms                 |
| Backward                  | 9.860 ms                  | 11.020 ms                 |
| Optimize                  | 2.693 ms                  | 5.621 ms                  |
| BarrierTimeBeforeRank0    | 1.303 ms                  | 71.805 ms                 |
| AfterBackward             | 61.739 ms                 | 131.479 ms                |
| BlockToStepN              | 20.254 ms                 | 865.898 ms                |
| OneStep                   | 234.775 ms                | 1.033 s                   |
+---------------------------+---------------------------+---------------------------+
W20240130 01:25:15.444957  4397 grad_async_v1.h:280] Detect new sample comes, old_end9, new_end0
W20240130 01:25:15.616145  3811 grad_async_v1.h:406] Sleep in <BlockToStepN>, step_no=61, pq.top=61
W20240130 01:25:16.447057  4397 grad_async_v1.h:280] Detect new sample comes, old_end1, new_end2
W20240130 01:25:16.616007  3811 grad_async_v1.h:406] Sleep in <BlockToStepN>, step_no=63, pq.top=63
W20240130 01:25:17.477499  4397 grad_async_v1.h:280] Detect new sample comes, old_end3, new_end4
