WARNING: Logging before InitGoogleLogging() is written to STDERR
I20240205 15:16:44.830484 56849 IPC_barrier.h:128] MultiProcessBarrierFactory->ClearIPCMemory()
/data/home/xieminhui/RecStore/src/framework_adapters/torch/kg/dgl-0.9.1/python/dgl/_deprecate/graph.py:1023: DGLWarning: multigraph will be deprecated.DGL will treat all graphs as multigraph in the future.
  dgl_warning("multigraph will be deprecated." \
/data/home/xieminhui/RecStore/src/framework_adapters/torch/kg/dgl-0.9.1/python/dgl/heterograph.py:72: DGLWarning: Recommend creating graphs by `dgl.graph(data)` instead of `dgl.DGLGraph(data)`.
  dgl_warning('Recommend creating graphs by `dgl.graph(data)`'
Reading train triples....
Finished. Read 304727650 train triples.
Reading valid triples....
Finished. Read 16929318 valid triples.
Reading test triples....
Finished. Read 16929308 test triples.
ARGS:  Namespace(model_name='TransE', data_path='/home/xieminhui/dgl-data', dataset='Freebase', format='built_in', data_files=None, delimiter='\t', save_path='/tmp/ckpts/TransE_Freebase_117', no_save_emb=True, max_step=500, batch_size=2000, batch_size_eval=16, neg_sample_size=200, neg_deg_sample=False, neg_deg_sample_eval=False, neg_sample_size_eval=86054151, eval_percent=1, no_eval_filter=False, log_interval=100, eval_interval=10000, test=False, num_proc=8, num_thread=1, force_sync_interval=1, hidden_dim=400, lr=0.01, gamma=16.0, double_ent=False, double_rel=False, neg_adversarial_sampling=False, adversarial_temperature=1.0, regularization_coef=0.0, regularization_norm=3, pairwise=False, loss_genre='Logsigmoid', margin=1.0, nr_gpus=8, gpu=[0, 1, 2, 3, 4, 5, 6, 7], mix_cpu_gpu=True, valid=False, rel_part=False, async_update=None, has_edge_importance=False, cached_emb_type='KnownLocalCachedEmbedding', use_my_emb=True, cache_ratio=0.05, shuffle=False, backwardMode='CppAsync', L=10, nr_background_threads=12, update_cache_use_omp=0, update_pq_use_omp=0, kForwardItersPerStep=2, backgrad_init='both', eval_filter=True, soft_rel_part=False)
|Train|: 304727650
original graph:  DGLGraph(num_nodes=86054151, num_edges=338586276,
         ndata_schemes={}
         edata_schemes={'tid': Scheme(shape=(), dtype=torch.int64)})
Loading cached metis
WARNING [56849 sampler.py:454] Start PreSampling
WARNING [56849 sampler.py:532] Before construct renumbering_dict
WARNING [56849 sampler.py:555] PreSampling done
W20240205 15:36:26.917941 56849 IPCTensor.h:369] NewIPCTensor: cached_sampler_r0_0 [1000000]0x100000002000 7.629 MB
W20240205 15:36:26.918159 56849 IPCTensor.h:369] NewIPCTensor: cached_sampler_r0_1 [1000000]0x1000007a5000 7.629 MB
W20240205 15:36:26.918195 56849 IPCTensor.h:369] NewIPCTensor: cached_sampler_r0_2 [1000000]0x100000f48000 7.629 MB
W20240205 15:36:26.918219 56849 IPCTensor.h:369] NewIPCTensor: cached_sampler_r0_3 [1000000]0x1000016eb000 7.629 MB
W20240205 15:36:26.918243 56849 IPCTensor.h:369] NewIPCTensor: cached_sampler_r0_4 [1000000]0x100001e8e000 7.629 MB
W20240205 15:36:26.918262 56849 IPCTensor.h:369] NewIPCTensor: cached_sampler_r0_5 [1000000]0x100002631000 7.629 MB
W20240205 15:36:26.918280 56849 IPCTensor.h:369] NewIPCTensor: cached_sampler_r0_6 [1000000]0x100002dd4000 7.629 MB
W20240205 15:36:26.918316 56849 IPCTensor.h:369] NewIPCTensor: cached_sampler_r0_7 [1000000]0x100003577000 7.629 MB
W20240205 15:36:26.918344 56849 IPCTensor.h:369] NewIPCTensor: cached_sampler_r0_8 [1000000]0x100003d1a000 7.629 MB
W20240205 15:36:26.918365 56849 IPCTensor.h:369] NewIPCTensor: cached_sampler_r0_9 [1000000]0x1000044bd000 7.629 MB
W20240205 15:36:26.918401 56849 IPCTensor.h:369] NewIPCTensor: step_r0 [10]0x100004c60000 80 B 
W20240205 15:36:26.918423 56849 IPCTensor.h:369] NewIPCTensor: circle_buffer_end_r0 [1]0x100004c62000 8 B 
W20240205 15:36:26.918439 56849 IPCTensor.h:369] NewIPCTensor: circle_buffer_end_cppseen_r0 [1]0x100004c64000 8 B 
W20240205 15:36:26.918593 56849 IPCTensor.h:369] NewIPCTensor: cached_sampler_r1_0 [1000000]0x100004c66000 7.629 MB
W20240205 15:36:26.918632 56849 IPCTensor.h:369] NewIPCTensor: cached_sampler_r1_1 [1000000]0x100005409000 7.629 MB
W20240205 15:36:26.918651 56849 IPCTensor.h:369] NewIPCTensor: cached_sampler_r1_2 [1000000]0x100005bac000 7.629 MB
W20240205 15:36:26.918694 56849 IPCTensor.h:369] NewIPCTensor: cached_sampler_r1_3 [1000000]0x10000634f000 7.629 MB
W20240205 15:36:26.918710 56849 IPCTensor.h:369] NewIPCTensor: cached_sampler_r1_4 [1000000]0x100006af2000 7.629 MB
W20240205 15:36:26.918735 56849 IPCTensor.h:369] NewIPCTensor: cached_sampler_r1_5 [1000000]0x100007295000 7.629 MB
W20240205 15:36:26.918756 56849 IPCTensor.h:369] NewIPCTensor: cached_sampler_r1_6 [1000000]0x100007a38000 7.629 MB
W20240205 15:36:26.918782 56849 IPCTensor.h:369] NewIPCTensor: cached_sampler_r1_7 [1000000]0x1000081db000 7.629 MB
W20240205 15:36:26.918810 56849 IPCTensor.h:369] NewIPCTensor: cached_sampler_r1_8 [1000000]0x10000897e000 7.629 MB
W20240205 15:36:26.918833 56849 IPCTensor.h:369] NewIPCTensor: cached_sampler_r1_9 [1000000]0x100009121000 7.629 MB
W20240205 15:36:26.918851 56849 IPCTensor.h:369] NewIPCTensor: step_r1 [10]0x1000098c4000 80 B 
W20240205 15:36:26.918866 56849 IPCTensor.h:369] NewIPCTensor: circle_buffer_end_r1 [1]0x1000098c6000 8 B 
W20240205 15:36:26.918881 56849 IPCTensor.h:369] NewIPCTensor: circle_buffer_end_cppseen_r1 [1]0x1000098c8000 8 B 
W20240205 15:36:26.918929 56849 IPCTensor.h:369] NewIPCTensor: cached_sampler_r2_0 [1000000]0x1000098ca000 7.629 MB
W20240205 15:36:26.918952 56849 IPCTensor.h:369] NewIPCTensor: cached_sampler_r2_1 [1000000]0x10000a06d000 7.629 MB
W20240205 15:36:26.918969 56849 IPCTensor.h:369] NewIPCTensor: cached_sampler_r2_2 [1000000]0x10000a810000 7.629 MB
W20240205 15:36:26.918985 56849 IPCTensor.h:369] NewIPCTensor: cached_sampler_r2_3 [1000000]0x10000afb3000 7.629 MB
W20240205 15:36:26.919003 56849 IPCTensor.h:369] NewIPCTensor: cached_sampler_r2_4 [1000000]0x10000b756000 7.629 MB
W20240205 15:36:26.919018 56849 IPCTensor.h:369] NewIPCTensor: cached_sampler_r2_5 [1000000]0x10000bef9000 7.629 MB
W20240205 15:36:26.919039 56849 IPCTensor.h:369] NewIPCTensor: cached_sampler_r2_6 [1000000]0x10000c69c000 7.629 MB
W20240205 15:36:26.919064 56849 IPCTensor.h:369] NewIPCTensor: cached_sampler_r2_7 [1000000]0x10000ce3f000 7.629 MB
W20240205 15:36:26.919083 56849 IPCTensor.h:369] NewIPCTensor: cached_sampler_r2_8 [1000000]0x10000d5e2000 7.629 MB
W20240205 15:36:26.919106 56849 IPCTensor.h:369] NewIPCTensor: cached_sampler_r2_9 [1000000]0x10000dd85000 7.629 MB
W20240205 15:36:26.919128 56849 IPCTensor.h:369] NewIPCTensor: step_r2 [10]0x10000e528000 80 B 
W20240205 15:36:26.919142 56849 IPCTensor.h:369] NewIPCTensor: circle_buffer_end_r2 [1]0x10000e52a000 8 B 
W20240205 15:36:26.919162 56849 IPCTensor.h:369] NewIPCTensor: circle_buffer_end_cppseen_r2 [1]0x10000e52c000 8 B 
W20240205 15:36:26.919207 56849 IPCTensor.h:369] NewIPCTensor: cached_sampler_r3_0 [1000000]0x10000e52e000 7.629 MB
W20240205 15:36:26.919239 56849 IPCTensor.h:369] NewIPCTensor: cached_sampler_r3_1 [1000000]0x10000ecd1000 7.629 MB
W20240205 15:36:26.919260 56849 IPCTensor.h:369] NewIPCTensor: cached_sampler_r3_2 [1000000]0x10000f474000 7.629 MB
W20240205 15:36:26.919277 56849 IPCTensor.h:369] NewIPCTensor: cached_sampler_r3_3 [1000000]0x10000fc17000 7.629 MB
W20240205 15:36:26.919294 56849 IPCTensor.h:369] NewIPCTensor: cached_sampler_r3_4 [1000000]0x1000103ba000 7.629 MB
W20240205 15:36:26.919314 56849 IPCTensor.h:369] NewIPCTensor: cached_sampler_r3_5 [1000000]0x100010b5d000 7.629 MB
W20240205 15:36:26.919339 56849 IPCTensor.h:369] NewIPCTensor: cached_sampler_r3_6 [1000000]0x100011300000 7.629 MB
W20240205 15:36:26.919361 56849 IPCTensor.h:369] NewIPCTensor: cached_sampler_r3_7 [1000000]0x100011aa3000 7.629 MB
W20240205 15:36:26.919378 56849 IPCTensor.h:369] NewIPCTensor: cached_sampler_r3_8 [1000000]0x100012246000 7.629 MB
W20240205 15:36:26.919396 56849 IPCTensor.h:369] NewIPCTensor: cached_sampler_r3_9 [1000000]0x1000129e9000 7.629 MB
W20240205 15:36:26.919417 56849 IPCTensor.h:369] NewIPCTensor: step_r3 [10]0x10001318c000 80 B 
W20240205 15:36:26.919432 56849 IPCTensor.h:369] NewIPCTensor: circle_buffer_end_r3 [1]0x10001318e000 8 B 
W20240205 15:36:26.919446 56849 IPCTensor.h:369] NewIPCTensor: circle_buffer_end_cppseen_r3 [1]0x100013190000 8 B 
W20240205 15:36:26.919486 56849 IPCTensor.h:369] NewIPCTensor: cached_sampler_r4_0 [1000000]0x100013192000 7.629 MB
W20240205 15:36:26.919515 56849 IPCTensor.h:369] NewIPCTensor: cached_sampler_r4_1 [1000000]0x100013935000 7.629 MB
W20240205 15:36:26.919533 56849 IPCTensor.h:369] NewIPCTensor: cached_sampler_r4_2 [1000000]0x1000140d8000 7.629 MB
W20240205 15:36:26.919553 56849 IPCTensor.h:369] NewIPCTensor: cached_sampler_r4_3 [1000000]0x10001487b000 7.629 MB
W20240205 15:36:26.919579 56849 IPCTensor.h:369] NewIPCTensor: cached_sampler_r4_4 [1000000]0x10001501e000 7.629 MB
W20240205 15:36:26.919595 56849 IPCTensor.h:369] NewIPCTensor: cached_sampler_r4_5 [1000000]0x1000157c1000 7.629 MB
W20240205 15:36:26.919617 56849 IPCTensor.h:369] NewIPCTensor: cached_sampler_r4_6 [1000000]0x100015f64000 7.629 MB
W20240205 15:36:26.919636 56849 IPCTensor.h:369] NewIPCTensor: cached_sampler_r4_7 [1000000]0x100016707000 7.629 MB
W20240205 15:36:26.919656 56849 IPCTensor.h:369] NewIPCTensor: cached_sampler_r4_8 [1000000]0x100016eaa000 7.629 MB
W20240205 15:36:26.919685 56849 IPCTensor.h:369] NewIPCTensor: cached_sampler_r4_9 [1000000]0x10001764d000 7.629 MB
W20240205 15:36:26.919704 56849 IPCTensor.h:369] NewIPCTensor: step_r4 [10]0x100017df0000 80 B 
W20240205 15:36:26.919719 56849 IPCTensor.h:369] NewIPCTensor: circle_buffer_end_r4 [1]0x100017df2000 8 B 
W20240205 15:36:26.919732 56849 IPCTensor.h:369] NewIPCTensor: circle_buffer_end_cppseen_r4 [1]0x100017df4000 8 B 
W20240205 15:36:26.919767 56849 IPCTensor.h:369] NewIPCTensor: cached_sampler_r5_0 [1000000]0x100017df6000 7.629 MB
W20240205 15:36:26.919786 56849 IPCTensor.h:369] NewIPCTensor: cached_sampler_r5_1 [1000000]0x100018599000 7.629 MB
W20240205 15:36:26.919803 56849 IPCTensor.h:369] NewIPCTensor: cached_sampler_r5_2 [1000000]0x100018d3c000 7.629 MB
W20240205 15:36:26.919821 56849 IPCTensor.h:369] NewIPCTensor: cached_sampler_r5_3 [1000000]0x1000194df000 7.629 MB
W20240205 15:36:26.919838 56849 IPCTensor.h:369] NewIPCTensor: cached_sampler_r5_4 [1000000]0x100019c82000 7.629 MB
W20240205 15:36:26.919857 56849 IPCTensor.h:369] NewIPCTensor: cached_sampler_r5_5 [1000000]0x10001a425000 7.629 MB
W20240205 15:36:26.919874 56849 IPCTensor.h:369] NewIPCTensor: cached_sampler_r5_6 [1000000]0x10001abc8000 7.629 MB
W20240205 15:36:26.919893 56849 IPCTensor.h:369] NewIPCTensor: cached_sampler_r5_7 [1000000]0x10001b36b000 7.629 MB
W20240205 15:36:26.919909 56849 IPCTensor.h:369] NewIPCTensor: cached_sampler_r5_8 [1000000]0x10001bb0e000 7.629 MB
W20240205 15:36:26.919929 56849 IPCTensor.h:369] NewIPCTensor: cached_sampler_r5_9 [1000000]0x10001c2b1000 7.629 MB
W20240205 15:36:26.919945 56849 IPCTensor.h:369] NewIPCTensor: step_r5 [10]0x10001ca54000 80 B 
W20240205 15:36:26.919960 56849 IPCTensor.h:369] NewIPCTensor: circle_buffer_end_r5 [1]0x10001ca56000 8 B 
W20240205 15:36:26.919973 56849 IPCTensor.h:369] NewIPCTensor: circle_buffer_end_cppseen_r5 [1]0x10001ca58000 8 B 
W20240205 15:36:26.920008 56849 IPCTensor.h:369] NewIPCTensor: cached_sampler_r6_0 [1000000]0x10001ca5a000 7.629 MB
W20240205 15:36:26.920028 56849 IPCTensor.h:369] NewIPCTensor: cached_sampler_r6_1 [1000000]0x10001d1fd000 7.629 MB
W20240205 15:36:26.920059 56849 IPCTensor.h:369] NewIPCTensor: cached_sampler_r6_2 [1000000]0x10001d9a0000 7.629 MB
W20240205 15:36:26.920079 56849 IPCTensor.h:369] NewIPCTensor: cached_sampler_r6_3 [1000000]0x10001e143000 7.629 MB
W20240205 15:36:26.920099 56849 IPCTensor.h:369] NewIPCTensor: cached_sampler_r6_4 [1000000]0x10001e8e6000 7.629 MB
W20240205 15:36:26.920122 56849 IPCTensor.h:369] NewIPCTensor: cached_sampler_r6_5 [1000000]0x10001f089000 7.629 MB
W20240205 15:36:26.920145 56849 IPCTensor.h:369] NewIPCTensor: cached_sampler_r6_6 [1000000]0x10001f82c000 7.629 MB
W20240205 15:36:26.920168 56849 IPCTensor.h:369] NewIPCTensor: cached_sampler_r6_7 [1000000]0x10001ffcf000 7.629 MB
W20240205 15:36:26.920197 56849 IPCTensor.h:369] NewIPCTensor: cached_sampler_r6_8 [1000000]0x100020772000 7.629 MB
W20240205 15:36:26.920222 56849 IPCTensor.h:369] NewIPCTensor: cached_sampler_r6_9 [1000000]0x100020f15000 7.629 MB
W20240205 15:36:26.920240 56849 IPCTensor.h:369] NewIPCTensor: step_r6 [10]0x1000216b8000 80 B 
W20240205 15:36:26.920254 56849 IPCTensor.h:369] NewIPCTensor: circle_buffer_end_r6 [1]0x1000216ba000 8 B 
W20240205 15:36:26.920274 56849 IPCTensor.h:369] NewIPCTensor: circle_buffer_end_cppseen_r6 [1]0x1000216bc000 8 B 
W20240205 15:36:26.920316 56849 IPCTensor.h:369] NewIPCTensor: cached_sampler_r7_0 [1000000]0x1000216be000 7.629 MB
W20240205 15:36:26.920337 56849 IPCTensor.h:369] NewIPCTensor: cached_sampler_r7_1 [1000000]0x100021e61000 7.629 MB
W20240205 15:36:26.920359 56849 IPCTensor.h:369] NewIPCTensor: cached_sampler_r7_2 [1000000]0x100022604000 7.629 MB
W20240205 15:36:26.920382 56849 IPCTensor.h:369] NewIPCTensor: cached_sampler_r7_3 [1000000]0x100022da7000 7.629 MB
W20240205 15:36:26.920406 56849 IPCTensor.h:369] NewIPCTensor: cached_sampler_r7_4 [1000000]0x10002354a000 7.629 MB
W20240205 15:36:26.920424 56849 IPCTensor.h:369] NewIPCTensor: cached_sampler_r7_5 [1000000]0x100023ced000 7.629 MB
W20240205 15:36:26.920451 56849 IPCTensor.h:369] NewIPCTensor: cached_sampler_r7_6 [1000000]0x100024490000 7.629 MB
W20240205 15:36:26.920475 56849 IPCTensor.h:369] NewIPCTensor: cached_sampler_r7_7 [1000000]0x100024c33000 7.629 MB
W20240205 15:36:26.920495 56849 IPCTensor.h:369] NewIPCTensor: cached_sampler_r7_8 [1000000]0x1000253d6000 7.629 MB
W20240205 15:36:26.920516 56849 IPCTensor.h:369] NewIPCTensor: cached_sampler_r7_9 [1000000]0x100025b79000 7.629 MB
W20240205 15:36:26.920534 56849 IPCTensor.h:369] NewIPCTensor: step_r7 [10]0x10002631c000 80 B 
W20240205 15:36:26.920549 56849 IPCTensor.h:369] NewIPCTensor: circle_buffer_end_r7 [1]0x10002631e000 8 B 
W20240205 15:36:26.920567 56849 IPCTensor.h:369] NewIPCTensor: circle_buffer_end_cppseen_r7 [1]0x100026320000 8 B 
W20240205 15:36:27.325167 56849 IPCTensor.h:369] NewIPCTensor: full_emb [86054151, 400]0x100026322000 128.2 GB
W20240205 15:39:25.401751 56849 IPCTensor.h:369] NewIPCTensor: full_emb_SparseRowWiseAdaGrad_sum [86054151]0x102034f5a000 328.3 MB
{0: Graph(num_nodes=18863774, num_edges=55186826,
      ndata_schemes={'_ID': Scheme(shape=(), dtype=torch.int64), 'inner_node': Scheme(shape=(), dtype=torch.int32), 'part_id': Scheme(shape=(), dtype=torch.int64)}
      edata_schemes={'_ID': Scheme(shape=(), dtype=torch.int64), 'inner_edge': Scheme(shape=(), dtype=torch.int8)}), 1: Graph(num_nodes=13493829, num_edges=51786811,
      ndata_schemes={'_ID': Scheme(shape=(), dtype=torch.int64), 'inner_node': Scheme(shape=(), dtype=torch.int32), 'part_id': Scheme(shape=(), dtype=torch.int64)}
      edata_schemes={'_ID': Scheme(shape=(), dtype=torch.int64), 'inner_edge': Scheme(shape=(), dtype=torch.int8)}), 2: Graph(num_nodes=12506959, num_edges=45797296,
      ndata_schemes={'_ID': Scheme(shape=(), dtype=torch.int64), 'inner_node': Scheme(shape=(), dtype=torch.int32), 'part_id': Scheme(shape=(), dtype=torch.int64)}
      edata_schemes={'_ID': Scheme(shape=(), dtype=torch.int64), 'inner_edge': Scheme(shape=(), dtype=torch.int8)}), 3: Graph(num_nodes=12605014, num_edges=52067933,
      ndata_schemes={'_ID': Scheme(shape=(), dtype=torch.int64), 'inner_node': Scheme(shape=(), dtype=torch.int32), 'part_id': Scheme(shape=(), dtype=torch.int64)}
      edata_schemes={'_ID': Scheme(shape=(), dtype=torch.int64), 'inner_edge': Scheme(shape=(), dtype=torch.int8)}), 4: Graph(num_nodes=14435508, num_edges=39101576,
      ndata_schemes={'_ID': Scheme(shape=(), dtype=torch.int64), 'inner_node': Scheme(shape=(), dtype=torch.int32), 'part_id': Scheme(shape=(), dtype=torch.int64)}
      edata_schemes={'_ID': Scheme(shape=(), dtype=torch.int64), 'inner_edge': Scheme(shape=(), dtype=torch.int8)}), 5: Graph(num_nodes=13252778, num_edges=37365728,
      ndata_schemes={'_ID': Scheme(shape=(), dtype=torch.int64), 'inner_node': Scheme(shape=(), dtype=torch.int32), 'part_id': Scheme(shape=(), dtype=torch.int64)}
      edata_schemes={'_ID': Scheme(shape=(), dtype=torch.int64), 'inner_edge': Scheme(shape=(), dtype=torch.int8)}), 6: Graph(num_nodes=14444909, num_edges=60122064,
      ndata_schemes={'_ID': Scheme(shape=(), dtype=torch.int64), 'inner_node': Scheme(shape=(), dtype=torch.int32), 'part_id': Scheme(shape=(), dtype=torch.int64)}
      edata_schemes={'_ID': Scheme(shape=(), dtype=torch.int64), 'inner_edge': Scheme(shape=(), dtype=torch.int8)}), 7: Graph(num_nodes=14493336, num_edges=37760331,
      ndata_schemes={'_ID': Scheme(shape=(), dtype=torch.int64), 'inner_node': Scheme(shape=(), dtype=torch.int32), 'part_id': Scheme(shape=(), dtype=torch.int64)}
      edata_schemes={'_ID': Scheme(shape=(), dtype=torch.int64), 'inner_edge': Scheme(shape=(), dtype=torch.int8)})}
MertisPartition: part 0 has 18863774 N 55186826 E
MertisPartition: part 1 has 13493829 N 51786811 E
MertisPartition: part 2 has 12506959 N 45797296 E
MertisPartition: part 3 has 12605014 N 52067933 E
MertisPartition: part 4 has 14435508 N 39101576 E
MertisPartition: part 5 has 13252778 N 37365728 E
MertisPartition: part 6 has 14444909 N 60122064 E
MertisPartition: part 7 has 14493336 N 37760331 E
Rank0: cached key size 537838
Rank1: cached key size 537838
Rank2: cached key size 537838
Rank3: cached key size 537838
Rank4: cached key size 537838
Rank5: cached key size 537838
Rank6: cached key size 537838
Rank7: cached key size 537838
Before renumbering graph:  {'_ID': tensor([       0,        1,        2,  ..., 39512110,  9797409, 32293938]), 'inner_node': tensor([1, 1, 1,  ..., 0, 0, 0], dtype=torch.int32), 'part_id': tensor([0, 0, 0,  ..., 6, 6, 6])}
After renumbering graph:  {'_ID': tensor([ 4302713,  4302737,    93612,  ..., 70750162, 48599090,  5202323]), 'inner_node': tensor([1, 1, 1,  ..., 0, 0, 0], dtype=torch.int32), 'part_id': tensor([0, 0, 0,  ..., 6, 6, 6])}
part_g: DGLGraph(num_nodes=18863774, num_edges=55186826,
         ndata_schemes={'_ID': Scheme(shape=(), dtype=torch.int64)}
         edata_schemes={'tid': Scheme(shape=(), dtype=torch.int64)})
part_g: DGLGraph(num_nodes=18863774, num_edges=55186826,
         ndata_schemes={'_ID': Scheme(shape=(), dtype=torch.int64)}
         edata_schemes={'tid': Scheme(shape=(), dtype=torch.int64)})
Total initialize time 1872.694 seconds
[Rank1] pid = 38803
[Rank2] pid = 38897
[Rank3] pid = 38964
[Rank4] pid = 39032
[Rank5] pid = 39101
[Rank6] pid = 39168
INFO [56849 distributed_c10d.py:442] Added key: store_based_barrier_key:1 to store for rank: 0
INFO [38803 distributed_c10d.py:442] Added key: store_based_barrier_key:1 to store for rank: 1
INFO [38897 distributed_c10d.py:442] Added key: store_based_barrier_key:1 to store for rank: 2
INFO [38964 distributed_c10d.py:442] Added key: store_based_barrier_key:1 to store for rank: 3
INFO [39032 distributed_c10d.py:442] Added key: store_based_barrier_key:1 to store for rank: 4
INFO [39101 distributed_c10d.py:442] Added key: store_based_barrier_key:1 to store for rank: 5
INFO [39168 distributed_c10d.py:442] Added key: store_based_barrier_key:1 to store for rank: 6
INFO [39236 distributed_c10d.py:442] Added key: store_based_barrier_key:1 to store for rank: 7
INFO [38964 distributed_c10d.py:476] Rank 3: Completed store-based barrier for key:store_based_barrier_key:1 with 8 nodes.
INFO [39032 distributed_c10d.py:476] Rank 4: Completed store-based barrier for key:store_based_barrier_key:1 with 8 nodes.
INFO [39101 distributed_c10d.py:476] Rank 5: Completed store-based barrier for key:store_based_barrier_key:1 with 8 nodes.
INFO [56849 distributed_c10d.py:476] Rank 0: Completed store-based barrier for key:store_based_barrier_key:1 with 8 nodes.
INFO [38897 distributed_c10d.py:476] Rank 2: Completed store-based barrier for key:store_based_barrier_key:1 with 8 nodes.
INFO [39236 distributed_c10d.py:476] Rank 7: Completed store-based barrier for key:store_based_barrier_key:1 with 8 nodes.
INFO [39168 distributed_c10d.py:476] Rank 6: Completed store-based barrier for key:store_based_barrier_key:1 with 8 nodes.
INFO [38803 distributed_c10d.py:476] Rank 1: Completed store-based barrier for key:store_based_barrier_key:1 with 8 nodes.
W20240205 15:48:07.737351 38965 IPCTensor.h:409] NewIPCGPUTensor: embedding_cache_3 [4302707, 400]; dev=3; size=6.412 GB
W20240205 15:48:07.740873 39237 IPCTensor.h:409] NewIPCGPUTensor: embedding_cache_0 [4302707, 400]; dev=0; size=6.412 GB
W20240205 15:48:07.741515 39300 IPCTensor.h:409] NewIPCGPUTensor: embedding_cache_7 [4302707, 400]; dev=7; size=6.412 GB
W20240205 15:48:07.741605 39169 IPCTensor.h:409] NewIPCGPUTensor: embedding_cache_6 [4302707, 400]; dev=6; size=6.412 GB
W20240205 15:48:07.741649 38898 IPCTensor.h:409] NewIPCGPUTensor: embedding_cache_2 [4302707, 400]; dev=2; size=6.412 GB
W20240205 15:48:07.741823 39033 IPCTensor.h:409] NewIPCGPUTensor: embedding_cache_4 [4302707, 400]; dev=4; size=6.412 GB
W20240205 15:48:07.741997 39102 IPCTensor.h:409] NewIPCGPUTensor: embedding_cache_5 [4302707, 400]; dev=5; size=6.412 GB
W20240205 15:48:07.742082 38804 IPCTensor.h:409] NewIPCGPUTensor: embedding_cache_1 [4302707, 400]; dev=1; size=6.412 GB
W20240205 15:48:07.802862 39300 IPCTensor.h:369] NewIPCTensor: input_keys_7 [1000000]0x1020497a9000 7.629 MB
W20240205 15:48:07.803072 39300 IPCTensor.h:369] NewIPCTensor: input_keys_neg_7 [1000000]0x102049f4c000 7.629 MB
W20240205 15:48:07.803125 39300 IPCTensor.h:369] NewIPCTensor: backward_grads_7 [1000000, 400]0x10204a6ef000 1.49 GB
W20240205 15:48:07.803164 39300 IPCTensor.h:369] NewIPCTensor: backward_grads_neg_7 [1000000, 400]0x1020a9cd2000 1.49 GB
W20240205 15:48:07.803220 39300 IPCTensor.h:409] NewIPCGPUTensor: backward_grads_7_gpu [1000000, 400]; dev=7; size=1.49 GB
W20240205 15:48:07.814190 39033 IPCTensor.h:369] NewIPCTensor: input_keys_4 [1000000]0x1021092b5000 7.629 MB
W20240205 15:48:07.814206 39102 IPCTensor.h:369] NewIPCTensor: input_keys_5 [1000000]0x102109a58000 7.629 MB
W20240205 15:48:07.814208 38804 IPCTensor.h:369] NewIPCTensor: input_keys_1 [1000000]0x10210a1fb000 7.629 MB
W20240205 15:48:07.816337 38804 IPCTensor.h:369] NewIPCTensor: input_keys_neg_1 [1000000]0x10210a99e000 7.629 MB
W20240205 15:48:07.816466 38804 IPCTensor.h:369] NewIPCTensor: backward_grads_1 [1000000, 400]0x10210b141000 1.49 GB
W20240205 15:48:07.816536 38804 IPCTensor.h:369] NewIPCTensor: backward_grads_neg_1 [1000000, 400]0x10216a724000 1.49 GB
W20240205 15:48:07.816670 39033 IPCTensor.h:369] NewIPCTensor: input_keys_neg_4 [1000000]0x1021c9d07000 7.629 MB
W20240205 15:48:07.816695 39102 IPCTensor.h:369] NewIPCTensor: input_keys_neg_5 [1000000]0x1021ca4aa000 7.629 MB
W20240205 15:48:07.816711 38804 IPCTensor.h:409] NewIPCGPUTensor: backward_grads_1_gpu [1000000, 400]; dev=1; size=1.49 GB
W20240205 15:48:07.816740 39033 IPCTensor.h:369] NewIPCTensor: backward_grads_4 [1000000, 400]0x1021cac4d000 1.49 GB
W20240205 15:48:07.816780 39033 IPCTensor.h:369] NewIPCTensor: backward_grads_neg_4 [1000000, 400]0x10222a230000 1.49 GB
W20240205 15:48:07.816812 39102 IPCTensor.h:369] NewIPCTensor: backward_grads_5 [1000000, 400]0x102289813000 1.49 GB
W20240205 15:48:07.816859 39033 IPCTensor.h:409] NewIPCGPUTensor: backward_grads_4_gpu [1000000, 400]; dev=4; size=1.49 GB
W20240205 15:48:07.816874 39102 IPCTensor.h:369] NewIPCTensor: backward_grads_neg_5 [1000000, 400]0x1022e8df6000 1.49 GB
W20240205 15:48:07.816926 39102 IPCTensor.h:409] NewIPCGPUTensor: backward_grads_5_gpu [1000000, 400]; dev=5; size=1.49 GB
W20240205 15:48:07.822666 39169 IPCTensor.h:369] NewIPCTensor: input_keys_6 [1000000]0x1023483db000 7.629 MB
W20240205 15:48:07.822808 39169 IPCTensor.h:369] NewIPCTensor: input_keys_neg_6 [1000000]0x102348b80000 7.629 MB
W20240205 15:48:07.822871 39169 IPCTensor.h:369] NewIPCTensor: backward_grads_6 [1000000, 400]0x102349323000 1.49 GB
W20240205 15:48:07.822868 39300 IPCTensor.h:409] NewIPCGPUTensor: backward_grads_neg_7_gpu [1000000, 400]; dev=7; size=1.49 GB
W20240205 15:48:07.822925 39169 IPCTensor.h:369] NewIPCTensor: backward_grads_neg_6 [1000000, 400]0x1023a8906000 1.49 GB
W20240205 15:48:07.822984 39169 IPCTensor.h:409] NewIPCGPUTensor: backward_grads_6_gpu [1000000, 400]; dev=6; size=1.49 GB
W20240205 15:48:07.823175 38804 IPCTensor.h:409] NewIPCGPUTensor: backward_grads_neg_1_gpu [1000000, 400]; dev=1; size=1.49 GB
W20240205 15:48:07.824741 39033 IPCTensor.h:409] NewIPCGPUTensor: backward_grads_neg_4_gpu [1000000, 400]; dev=4; size=1.49 GB
W20240205 15:48:07.826210 39102 IPCTensor.h:409] NewIPCGPUTensor: backward_grads_neg_5_gpu [1000000, 400]; dev=5; size=1.49 GB
W20240205 15:48:07.833995 39169 IPCTensor.h:409] NewIPCGPUTensor: backward_grads_neg_6_gpu [1000000, 400]; dev=6; size=1.49 GB
W20240205 15:48:07.858626 39237 IPCTensor.h:369] NewIPCTensor: input_keys_0 [1000000]0x102407efd000 7.629 MB
W20240205 15:48:07.858810 39237 IPCTensor.h:369] NewIPCTensor: input_keys_neg_0 [1000000]0x1024086a0000 7.629 MB
W20240205 15:48:07.858963 39237 IPCTensor.h:369] NewIPCTensor: backward_grads_0 [1000000, 400]0x102408e43000 1.49 GB
W20240205 15:48:07.859035 39237 IPCTensor.h:369] NewIPCTensor: backward_grads_neg_0 [1000000, 400]0x102468426000 1.49 GB
W20240205 15:48:07.859123 39237 IPCTensor.h:409] NewIPCGPUTensor: backward_grads_0_gpu [1000000, 400]; dev=0; size=1.49 GB
W20240205 15:48:07.880268 38965 IPCTensor.h:369] NewIPCTensor: input_keys_3 [1000000]0x1024c7a0b000 7.629 MB
W20240205 15:48:07.880404 38965 IPCTensor.h:369] NewIPCTensor: input_keys_neg_3 [1000000]0x1024c81ae000 7.629 MB
W20240205 15:48:07.880465 38965 IPCTensor.h:369] NewIPCTensor: backward_grads_3 [1000000, 400]0x1024c8951000 1.49 GB
W20240205 15:48:07.880535 38965 IPCTensor.h:369] NewIPCTensor: backward_grads_neg_3 [1000000, 400]0x102527f34000 1.49 GB
W20240205 15:48:07.880592 38965 IPCTensor.h:409] NewIPCGPUTensor: backward_grads_3_gpu [1000000, 400]; dev=3; size=1.49 GB
W20240205 15:48:07.883323 39237 IPCTensor.h:409] NewIPCGPUTensor: backward_grads_neg_0_gpu [1000000, 400]; dev=0; size=1.49 GB
W20240205 15:48:07.883558 38898 IPCTensor.h:369] NewIPCTensor: input_keys_2 [1000000]0x10258751b000 7.629 MB
W20240205 15:48:07.883726 38898 IPCTensor.h:369] NewIPCTensor: input_keys_neg_2 [1000000]0x102587cbe000 7.629 MB
W20240205 15:48:07.883823 38898 IPCTensor.h:369] NewIPCTensor: backward_grads_2 [1000000, 400]0x102588461000 1.49 GB
W20240205 15:48:07.883910 38898 IPCTensor.h:369] NewIPCTensor: backward_grads_neg_2 [1000000, 400]0x1025e7a44000 1.49 GB
W20240205 15:48:07.884023 38898 IPCTensor.h:409] NewIPCGPUTensor: backward_grads_2_gpu [1000000, 400]; dev=2; size=1.49 GB
W20240205 15:48:07.885485 38965 IPCTensor.h:409] NewIPCGPUTensor: backward_grads_neg_3_gpu [1000000, 400]; dev=3; size=1.49 GB
W20240205 15:48:07.890661 38898 IPCTensor.h:409] NewIPCGPUTensor: backward_grads_neg_2_gpu [1000000, 400]; dev=2; size=1.49 GB
cudaHostRegister 0x100026322000
5: KnownLocalCachedEmbedding init done
WARNING [39101 DistTensor.py:59] The tensor name already exists in the kvstore
[Rank7] pid = 39236
New CachedEmbedding, name=full_emb, shape=(86054151, 400), cache_type=KnownLocalCachedEmbedding
fixed cache_range is [(0, 4302707), (4302707, 8605414), (8605414, 12908121), (12908121, 17210828), (17210828, 21513535), (21513535, 25816242), (25816242, 30118949), (30118949, 34421656)]
cudaHostRegister 0x100026322000
0: KnownLocalCachedEmbedding init done
WARNING [56849 DistTensor.py:59] The tensor name already exists in the kvstore
cudaHostRegister 0x100026322000
1: KnownLocalCachedEmbedding init done
WARNING [38803 DistTensor.py:59] The tensor name already exists in the kvstore
cudaHostRegister 0x100026322000
3: KnownLocalCachedEmbedding init done
WARNING [38964 DistTensor.py:59] The tensor name already exists in the kvstore
cudaHostRegister 0x100026322000
7: KnownLocalCachedEmbedding init done
WARNING [39236 DistTensor.py:59] The tensor name already exists in the kvstore
cudaHostRegister 0x100026322000
6: KnownLocalCachedEmbedding init done
WARNING [39168 DistTensor.py:59] The tensor name already exists in the kvstore
cudaHostRegister 0x100026322000
4: KnownLocalCachedEmbedding init done
WARNING [39032 DistTensor.py:59] The tensor name already exists in the kvstore
cudaHostRegister 0x100026322000
2: KnownLocalCachedEmbedding init done
WARNING [38897 DistTensor.py:59] The tensor name already exists in the kvstore
I20240205 15:48:57.097945 38898 IPC_barrier.h:118] CreateBarrier: new barrier, name: kgcachecontroller, count: 8
I20240205 15:48:57.098127 38804 IPC_barrier.h:112] CreateBarrier: find existing barrier, name: kgcachecontroller, count: 8
I20240205 15:48:57.098212 39169 IPC_barrier.h:112] CreateBarrier: find existing barrier, name: kgcachecontroller, count: 8
I20240205 15:48:57.098474 38965 IPC_barrier.h:112] CreateBarrier: find existing barrier, name: kgcachecontroller, count: 8
I20240205 15:48:57.098559 39300 IPC_barrier.h:112] CreateBarrier: find existing barrier, name: kgcachecontroller, count: 8
I20240205 15:48:57.098839 39102 IPC_barrier.h:112] CreateBarrier: find existing barrier, name: kgcachecontroller, count: 8
I20240205 15:48:57.099037 39033 IPC_barrier.h:112] CreateBarrier: find existing barrier, name: kgcachecontroller, count: 8
I20240205 15:48:57.099081 39237 IPC_barrier.h:112] CreateBarrier: find existing barrier, name: kgcachecontroller, count: 8
W20240205 15:48:57.102002 39237 grad_base.h:55] KGCacheController, config={
        "num_gpus": 8,
        "L": 10,
        "backgrad_init": "both", 
        "kForwardItersPerStep": 2,
        "clr": 0.01,
        "nr_background_threads": 12,
        "backwardMode": "CppAsync",
        "cache_ratio": 0.05,
        "update_cache_use_omp":  0,
        "update_pq_use_omp":  0
        }
W20240205 15:48:57.102305 39237 grad_base.h:184] Init GradProcessingBase done
I20240205 15:49:09.911314 39237 grad_async_v1.h:203] Use main thread to update emb.
W20240205 15:49:09.911543 39237 kg_controller.h:75] after init GradAsyncProcessing
I20240205 15:49:09.911554 39237 kg_controller.h:84] Construct KGCacheController done
E20240205 15:49:11.649483 39237 recstore.cc:66] init folly done
E20240205 15:49:11.649498 39300 recstore.cc:66] init folly done
E20240205 15:49:11.649583 38898 recstore.cc:66] init folly done
E20240205 15:49:11.649583 39033 recstore.cc:66] init folly done
E20240205 15:49:11.649588 39102 recstore.cc:66] init folly done
E20240205 15:49:11.649591 38804 recstore.cc:66] init folly done
E20240205 15:49:11.649598 38965 recstore.cc:66] init folly done
E20240205 15:49:11.649608 39169 recstore.cc:66] init folly done
I20240205 15:49:11.650703 39237 grad_base.h:60] GraphEnv RegTensorsPerProcess
I20240205 15:49:33.330873 39102 IPC_barrier.h:118] CreateBarrier: new barrier, name: start_barrier, count: 8
I20240205 15:49:33.569520 39033 IPC_barrier.h:112] CreateBarrier: find existing barrier, name: start_barrier, count: 8
I20240205 15:49:33.635275 39300 IPC_barrier.h:112] CreateBarrier: find existing barrier, name: start_barrier, count: 8
I20240205 15:49:35.197908 38898 IPC_barrier.h:112] CreateBarrier: find existing barrier, name: start_barrier, count: 8
I20240205 15:49:35.606513 38965 IPC_barrier.h:112] CreateBarrier: find existing barrier, name: start_barrier, count: 8
I20240205 15:49:35.614627 38804 IPC_barrier.h:112] CreateBarrier: find existing barrier, name: start_barrier, count: 8
I20240205 15:49:35.999205 39237 IPC_barrier.h:112] CreateBarrier: find existing barrier, name: start_barrier, count: 8
I20240205 15:49:37.166582 39169 IPC_barrier.h:112] CreateBarrier: find existing barrier, name: start_barrier, count: 8
W20240205 15:49:39.446554 39237 grad_async_v1.h:429] Sleep in <BlockToStepN>, step_no=1, pq.top=1
W20240205 15:49:40.560252 39237 grad_async_v1.h:429] Sleep in <BlockToStepN>, step_no=3, pq.top=3
W20240205 15:49:41.571359 39237 grad_async_v1.h:429] Sleep in <BlockToStepN>, step_no=5, pq.top=5
+---------------------------+---------------------------+---------------------------+
| Name                      | P50                       | P99                       |
+---------------------------+---------------------------+---------------------------+
| ProcessBack:Shuffle       | 8.992 ms                  | 281.142 ms                |
| ProcessBack:UpdateCache   | 12.152 ms                 | 709.074 ms                |
| ProcessBack:UpsertPq      | 43.609 ms                 | 66.642 ms                 |
| ProcessOneStep            | 79.543 ms                 | 1.286 s                   |
| BlockToStepN              | 8.278 ms                  | 874.121 ms                |
+---------------------------+---------------------------+---------------------------+
+---------------------------+---------------------------+---------------------------+
| Name                      | P50                       | P99                       |
+---------------------------+---------------------------+---------------------------+
| GenInput                  | 6.354 ms                  | 7.023 ms                  |
| Forward                   | 6.414 ms                  | 746.231 ms                |
| Backward                  | 10.666 ms                 | 220.079 ms                |
| Optimize                  | 4.355 ms                  | 5.210 ms                  |
| BarrierTimeBeforeRank0    | 10.780 ms                 | 14.656 ms                 |
| AfterBackward             | 79.588 ms                 | 1.286 s                   |
| BlockToStepN              | 8.330 ms                  | 875.874 ms                |
| OneStep                   | 121.355 ms                | 3.157 s                   |
+---------------------------+---------------------------+---------------------------+
W20240205 15:49:42.674578 39237 grad_async_v1.h:429] Sleep in <BlockToStepN>, step_no=7, pq.top=7
W20240205 15:49:43.873906 39237 grad_async_v1.h:429] Sleep in <BlockToStepN>, step_no=9, pq.top=9
W20240205 15:49:44.928439 39237 grad_async_v1.h:429] Sleep in <BlockToStepN>, step_no=11, pq.top=11
W20240205 15:49:46.052244 39237 grad_async_v1.h:429] Sleep in <BlockToStepN>, step_no=13, pq.top=13
+---------------------------+---------------------------+---------------------------+
| Name                      | P50                       | P99                       |
+---------------------------+---------------------------+---------------------------+
| ProcessBack:Shuffle       | 9.017 ms                  | 281.142 ms                |
| ProcessBack:UpdateCache   | 11.483 ms                 | 709.074 ms                |
| ProcessBack:UpsertPq      | 44.911 ms                 | 75.265 ms                 |
| ProcessOneStep            | 78.281 ms                 | 1.286 s                   |
| BlockToStepN              | 8.278 ms                  | 876.898 ms                |
+---------------------------+---------------------------+---------------------------+
+---------------------------+---------------------------+---------------------------+
| Name                      | P50                       | P99                       |
+---------------------------+---------------------------+---------------------------+
| GenInput                  | 6.626 ms                  | 94.339 ms                 |
| Forward                   | 6.224 ms                  | 746.231 ms                |
| Backward                  | 10.500 ms                 | 220.079 ms                |
| Optimize                  | 2.655 ms                  | 5.210 ms                  |
| BarrierTimeBeforeRank0    | 7.708 ms                  | 21.453 ms                 |
| AfterBackward             | 78.070 ms                 | 1.286 s                   |
| BlockToStepN              | 8.330 ms                  | 877.028 ms                |
| OneStep                   | 199.859 ms                | 3.157 s                   |
+---------------------------+---------------------------+---------------------------+
W20240205 15:49:47.108114 39237 grad_async_v1.h:429] Sleep in <BlockToStepN>, step_no=15, pq.top=15
W20240205 15:49:48.155637 39237 grad_async_v1.h:429] Sleep in <BlockToStepN>, step_no=17, pq.top=17
W20240205 15:49:49.195127 39237 grad_async_v1.h:429] Sleep in <BlockToStepN>, step_no=19, pq.top=19
W20240205 15:49:50.234879 39237 grad_async_v1.h:429] Sleep in <BlockToStepN>, step_no=21, pq.top=21
W20240205 15:49:51.400012 39237 grad_async_v1.h:429] Sleep in <BlockToStepN>, step_no=23, pq.top=23
+---------------------------+---------------------------+---------------------------+
| Name                      | P50                       | P99                       |
+---------------------------+---------------------------+---------------------------+
| ProcessBack:Shuffle       | 9.017 ms                  | 281.142 ms                |
| ProcessBack:UpdateCache   | 9.509 ms                  | 709.074 ms                |
| ProcessBack:UpsertPq      | 39.817 ms                 | 75.265 ms                 |
| ProcessOneStep            | 66.408 ms                 | 1.286 s                   |
| BlockToStepN              | 8.278 ms                  | 876.898 ms                |
+---------------------------+---------------------------+---------------------------+
+---------------------------+---------------------------+---------------------------+
| Name                      | P50                       | P99                       |
+---------------------------+---------------------------+---------------------------+
| GenInput                  | 17.918 ms                 | 198.908 ms                |
| Forward                   | 5.853 ms                  | 746.231 ms                |
| Backward                  | 10.309 ms                 | 220.079 ms                |
| Optimize                  | 2.759 ms                  | 5.210 ms                  |
| BarrierTimeBeforeRank0    | 1.054 ms                  | 21.453 ms                 |
| AfterBackward             | 66.454 ms                 | 1.286 s                   |
| BlockToStepN              | 8.330 ms                  | 877.028 ms                |
| OneStep                   | 199.859 ms                | 3.157 s                   |
+---------------------------+---------------------------+---------------------------+
W20240205 15:49:52.474457 39237 grad_async_v1.h:429] Sleep in <BlockToStepN>, step_no=25, pq.top=25
W20240205 15:49:53.474006 39237 grad_async_v1.h:429] Sleep in <BlockToStepN>, step_no=27, pq.top=27
W20240205 15:49:54.474009 39237 grad_async_v1.h:429] Sleep in <BlockToStepN>, step_no=29, pq.top=29
W20240205 15:49:55.474007 39237 grad_async_v1.h:429] Sleep in <BlockToStepN>, step_no=31, pq.top=31
W20240205 15:49:56.474009 39237 grad_async_v1.h:429] Sleep in <BlockToStepN>, step_no=33, pq.top=33
+---------------------------+---------------------------+---------------------------+
| Name                      | P50                       | P99                       |
+---------------------------+---------------------------+---------------------------+
| ProcessBack:Shuffle       | 8.689 ms                  | 248.133 ms                |
| ProcessBack:UpdateCache   | 9.389 ms                  | 708.288 ms                |
| ProcessBack:UpsertPq      | 35.086 ms                 | 71.577 ms                 |
| ProcessOneStep            | 54.295 ms                 | 1.286 s                   |
| BlockToStepN              | 10.582 ms                 | 876.898 ms                |
+---------------------------+---------------------------+---------------------------+
+---------------------------+---------------------------+---------------------------+
| Name                      | P50                       | P99                       |
+---------------------------+---------------------------+---------------------------+
| GenInput                  | 17.918 ms                 | 198.908 ms                |
| Forward                   | 5.403 ms                  | 746.231 ms                |
| Backward                  | 10.267 ms                 | 220.079 ms                |
| Optimize                  | 2.553 ms                  | 5.210 ms                  |
| BarrierTimeBeforeRank0    | 53.275 us                 | 21.453 ms                 |
| AfterBackward             | 54.324 ms                 | 1.286 s                   |
| BlockToStepN              | 10.629 ms                 | 877.028 ms                |
| OneStep                   | 199.859 ms                | 3.157 s                   |
+---------------------------+---------------------------+---------------------------+
W20240205 15:49:57.474010 39237 grad_async_v1.h:429] Sleep in <BlockToStepN>, step_no=35, pq.top=35
W20240205 15:49:58.474009 39237 grad_async_v1.h:429] Sleep in <BlockToStepN>, step_no=37, pq.top=37
W20240205 15:49:59.489224 39237 grad_async_v1.h:429] Sleep in <BlockToStepN>, step_no=39, pq.top=39
W20240205 15:50:00.541239 39237 grad_async_v1.h:429] Sleep in <BlockToStepN>, step_no=41, pq.top=41
W20240205 15:50:01.574973 39237 grad_async_v1.h:429] Sleep in <BlockToStepN>, step_no=43, pq.top=43
+---------------------------+---------------------------+---------------------------+
| Name                      | P50                       | P99                       |
+---------------------------+---------------------------+---------------------------+
| ProcessBack:Shuffle       | 8.415 ms                  | 248.133 ms                |
| ProcessBack:UpdateCache   | 9.385 ms                  | 708.288 ms                |
| ProcessBack:UpsertPq      | 33.522 ms                 | 71.577 ms                 |
| ProcessOneStep            | 53.271 ms                 | 1.286 s                   |
| BlockToStepN              | 10.582 ms                 | 876.898 ms                |
+---------------------------+---------------------------+---------------------------+
+---------------------------+---------------------------+---------------------------+
| Name                      | P50                       | P99                       |
+---------------------------+---------------------------+---------------------------+
| GenInput                  | 16.454 ms                 | 198.908 ms                |
| Forward                   | 5.360 ms                  | 746.231 ms                |
| Backward                  | 10.202 ms                 | 220.079 ms                |
| Optimize                  | 2.496 ms                  | 5.210 ms                  |
| BarrierTimeBeforeRank0    | 53.275 us                 | 23.804 ms                 |
| AfterBackward             | 53.303 ms                 | 1.286 s                   |
| BlockToStepN              | 10.629 ms                 | 877.028 ms                |
| OneStep                   | 199.859 ms                | 3.157 s                   |
+---------------------------+---------------------------+---------------------------+
W20240205 15:50:02.581873 39237 grad_async_v1.h:429] Sleep in <BlockToStepN>, step_no=45, pq.top=45
W20240205 15:50:03.610342 39237 grad_async_v1.h:429] Sleep in <BlockToStepN>, step_no=47, pq.top=47
W20240205 15:50:04.637465 39237 grad_async_v1.h:429] Sleep in <BlockToStepN>, step_no=49, pq.top=49
W20240205 15:50:05.637008 39237 grad_async_v1.h:429] Sleep in <BlockToStepN>, step_no=51, pq.top=51
W20240205 15:50:06.637007 39237 grad_async_v1.h:429] Sleep in <BlockToStepN>, step_no=53, pq.top=53
+---------------------------+---------------------------+---------------------------+
| Name                      | P50                       | P99                       |
+---------------------------+---------------------------+---------------------------+
| ProcessBack:Shuffle       | 8.445 ms                  | 248.133 ms                |
| ProcessBack:UpdateCache   | 9.345 ms                  | 708.288 ms                |
| ProcessBack:UpsertPq      | 32.770 ms                 | 71.577 ms                 |
| ProcessOneStep            | 53.271 ms                 | 88.809 ms                 |
| BlockToStepN              | 12.728 ms                 | 874.121 ms                |
+---------------------------+---------------------------+---------------------------+
+---------------------------+---------------------------+---------------------------+
| Name                      | P50                       | P99                       |
+---------------------------+---------------------------+---------------------------+
| GenInput                  | 14.795 ms                 | 177.495 ms                |
| Forward                   | 5.287 ms                  | 9.897 ms                  |
| Backward                  | 10.209 ms                 | 11.359 ms                 |
| Optimize                  | 2.496 ms                  | 5.210 ms                  |
| BarrierTimeBeforeRank0    | 46.745 us                 | 23.804 ms                 |
| AfterBackward             | 53.303 ms                 | 88.858 ms                 |
| BlockToStepN              | 12.782 ms                 | 875.874 ms                |
| OneStep                   | 199.859 ms                | 1.100 s                   |
+---------------------------+---------------------------+---------------------------+
W20240205 15:50:07.637007 39237 grad_async_v1.h:429] Sleep in <BlockToStepN>, step_no=55, pq.top=55
W20240205 15:50:08.637010 39237 grad_async_v1.h:429] Sleep in <BlockToStepN>, step_no=57, pq.top=57
W20240205 15:50:09.637006 39237 grad_async_v1.h:429] Sleep in <BlockToStepN>, step_no=61, pq.top=61
W20240205 15:50:10.637009 39237 grad_async_v1.h:429] Sleep in <BlockToStepN>, step_no=63, pq.top=63
W20240205 15:50:11.637009 39237 grad_async_v1.h:429] Sleep in <BlockToStepN>, step_no=65, pq.top=65
+---------------------------+---------------------------+---------------------------+
| Name                      | P50                       | P99                       |
+---------------------------+---------------------------+---------------------------+
| ProcessBack:Shuffle       | 8.505 ms                  | 248.133 ms                |
| ProcessBack:UpdateCache   | 9.397 ms                  | 708.288 ms                |
| ProcessBack:UpsertPq      | 32.466 ms                 | 71.577 ms                 |
| ProcessOneStep            | 53.720 ms                 | 88.809 ms                 |
| BlockToStepN              | 12.728 ms                 | 876.898 ms                |
+---------------------------+---------------------------+---------------------------+
+---------------------------+---------------------------+---------------------------+
| Name                      | P50                       | P99                       |
+---------------------------+---------------------------+---------------------------+
| GenInput                  | 13.078 ms                 | 177.495 ms                |
| Forward                   | 5.320 ms                  | 9.897 ms                  |
| Backward                  | 10.237 ms                 | 11.665 ms                 |
| Optimize                  | 2.502 ms                  | 7.911 ms                  |
| BarrierTimeBeforeRank0    | 55.471 us                 | 23.804 ms                 |
| AfterBackward             | 53.753 ms                 | 88.858 ms                 |
| BlockToStepN              | 12.782 ms                 | 877.028 ms                |
| OneStep                   | 199.859 ms                | 1.100 s                   |
+---------------------------+---------------------------+---------------------------+
W20240205 15:50:12.637006 39237 grad_async_v1.h:429] Sleep in <BlockToStepN>, step_no=67, pq.top=67
W20240205 15:50:13.637008 39237 grad_async_v1.h:429] Sleep in <BlockToStepN>, step_no=69, pq.top=69
W20240205 15:50:14.737738 39237 grad_async_v1.h:429] Sleep in <BlockToStepN>, step_no=73, pq.top=73
W20240205 15:50:15.737010 39237 grad_async_v1.h:429] Sleep in <BlockToStepN>, step_no=75, pq.top=75
+---------------------------+---------------------------+---------------------------+
| Name                      | P50                       | P99                       |
+---------------------------+---------------------------+---------------------------+
| ProcessBack:Shuffle       | 8.445 ms                  | 21.685 ms                 |
| ProcessBack:UpdateCache   | 9.477 ms                  | 30.881 ms                 |
| ProcessBack:UpsertPq      | 33.212 ms                 | 66.642 ms                 |
| ProcessOneStep            | 54.501 ms                 | 92.152 ms                 |
| BlockToStepN              | 12.728 ms                 | 914.352 ms                |
+---------------------------+---------------------------+---------------------------+
W20240205 15:50:16.737005 39237 grad_async_v1.h:429] Sleep in <BlockToStepN>, step_no=77, pq.top=77
+---------------------------+---------------------------+---------------------------+
| Name                      | P50                       | P99                       |
+---------------------------+---------------------------+---------------------------+
| GenInput                  | 12.603 ms                 | 177.495 ms                |
| Forward                   | 5.325 ms                  | 9.897 ms                  |
| Backward                  | 10.191 ms                 | 11.665 ms                 |
| Optimize                  | 2.496 ms                  | 7.911 ms                  |
| BarrierTimeBeforeRank0    | 56.036 us                 | 23.804 ms                 |
| AfterBackward             | 54.849 ms                 | 92.195 ms                 |
| BlockToStepN              | 12.782 ms                 | 914.474 ms                |
| OneStep                   | 199.859 ms                | 1.100 s                   |
+---------------------------+---------------------------+---------------------------+
