WARNING: Logging before InitGoogleLogging() is written to STDERR
I20240128 18:50:43.588966 651858 IPC_barrier.h:128] MultiProcessBarrierFactory->ClearIPCMemory()
/home/xieminhui/RecStore/src/framework_adapters/torch/kg/dgl-0.9.1/python/dgl/_deprecate/graph.py:1023: DGLWarning: multigraph will be deprecated.DGL will treat all graphs as multigraph in the future.
  dgl_warning("multigraph will be deprecated." \
/home/xieminhui/RecStore/src/framework_adapters/torch/kg/dgl-0.9.1/python/dgl/heterograph.py:72: DGLWarning: Recommend creating graphs by `dgl.graph(data)` instead of `dgl.DGLGraph(data)`.
  dgl_warning('Recommend creating graphs by `dgl.graph(data)`'
Reading train triples....
Finished. Read 483142 train triples.
Reading valid triples....
Finished. Read 50000 valid triples.
Reading test triples....
Finished. Read 59071 test triples.
ARGS:  Namespace(model_name='SimplE', data_path='/home/xieminhui/dgl-data', dataset='FB15k', format='built_in', data_files=None, delimiter='\t', save_path='/tmp/ckpts/SimplE_FB15k_40', no_save_emb=True, max_step=500, batch_size=600, batch_size_eval=16, neg_sample_size=200, neg_deg_sample=False, neg_deg_sample_eval=False, neg_sample_size_eval=14951, eval_percent=1, no_eval_filter=False, log_interval=100, eval_interval=10000, test=False, num_proc=4, num_thread=1, force_sync_interval=1, hidden_dim=400, lr=0.01, gamma=16.0, double_ent=False, double_rel=False, neg_adversarial_sampling=False, adversarial_temperature=1.0, regularization_coef=0.0, regularization_norm=3, pairwise=False, loss_genre='Logsigmoid', margin=1.0, nr_gpus=4, gpu=[0, 1, 2, 3], mix_cpu_gpu=True, valid=False, rel_part=False, async_update=None, has_edge_importance=False, cached_emb_type='KnownLocalCachedEmbedding', use_my_emb=True, cache_ratio=0.1, shuffle=False, backwardMode='CppAsyncV2', L=10, update_cache_use_omp=0, update_pq_use_omp=0, kForwardItersPerStep=2, backgrad_init='both', eval_filter=True, soft_rel_part=False)
|Train|: 483142
original graph:  DGLGraph(num_nodes=14951, num_edges=592213,
         ndata_schemes={}
         edata_schemes={'tid': Scheme(shape=(), dtype=torch.int64)})
Loading cached metis
WARNING [651858 sampler.py:454] Start PreSampling
WARNING [651858 sampler.py:532] Before construct renumbering_dict
WARNING [651858 sampler.py:555] PreSampling done
W20240128 18:50:46.482216 651858 IPCTensor.h:368] NewIPCTensor: cached_sampler_r0_0 [1000000]0x100000002000 7.629 MB
W20240128 18:50:46.482383 651858 IPCTensor.h:368] NewIPCTensor: cached_sampler_r0_1 [1000000]0x1000007a5000 7.629 MB
W20240128 18:50:46.482409 651858 IPCTensor.h:368] NewIPCTensor: cached_sampler_r0_2 [1000000]0x100000f48000 7.629 MB
W20240128 18:50:46.482432 651858 IPCTensor.h:368] NewIPCTensor: cached_sampler_r0_3 [1000000]0x1000016eb000 7.629 MB
W20240128 18:50:46.482455 651858 IPCTensor.h:368] NewIPCTensor: cached_sampler_r0_4 [1000000]0x100001e8e000 7.629 MB
W20240128 18:50:46.482484 651858 IPCTensor.h:368] NewIPCTensor: cached_sampler_r0_5 [1000000]0x100002631000 7.629 MB
W20240128 18:50:46.482511 651858 IPCTensor.h:368] NewIPCTensor: cached_sampler_r0_6 [1000000]0x100002dd4000 7.629 MB
W20240128 18:50:46.482534 651858 IPCTensor.h:368] NewIPCTensor: cached_sampler_r0_7 [1000000]0x100003577000 7.629 MB
W20240128 18:50:46.482550 651858 IPCTensor.h:368] NewIPCTensor: cached_sampler_r0_8 [1000000]0x100003d1a000 7.629 MB
W20240128 18:50:46.482571 651858 IPCTensor.h:368] NewIPCTensor: cached_sampler_r0_9 [1000000]0x1000044bd000 7.629 MB
W20240128 18:50:46.482596 651858 IPCTensor.h:368] NewIPCTensor: step_r0 [10]0x100004c60000 80 B 
W20240128 18:50:46.482621 651858 IPCTensor.h:368] NewIPCTensor: circle_buffer_end_r0 [1]0x100004c62000 8 B 
W20240128 18:50:46.482638 651858 IPCTensor.h:368] NewIPCTensor: circle_buffer_end_cppseen_r0 [1]0x100004c64000 8 B 
W20240128 18:50:46.482729 651858 IPCTensor.h:368] NewIPCTensor: cached_sampler_r1_0 [1000000]0x100004c66000 7.629 MB
W20240128 18:50:46.482753 651858 IPCTensor.h:368] NewIPCTensor: cached_sampler_r1_1 [1000000]0x100005409000 7.629 MB
W20240128 18:50:46.482770 651858 IPCTensor.h:368] NewIPCTensor: cached_sampler_r1_2 [1000000]0x100005bac000 7.629 MB
W20240128 18:50:46.482800 651858 IPCTensor.h:368] NewIPCTensor: cached_sampler_r1_3 [1000000]0x10000634f000 7.629 MB
W20240128 18:50:46.482815 651858 IPCTensor.h:368] NewIPCTensor: cached_sampler_r1_4 [1000000]0x100006af2000 7.629 MB
W20240128 18:50:46.482836 651858 IPCTensor.h:368] NewIPCTensor: cached_sampler_r1_5 [1000000]0x100007295000 7.629 MB
W20240128 18:50:46.482859 651858 IPCTensor.h:368] NewIPCTensor: cached_sampler_r1_6 [1000000]0x100007a38000 7.629 MB
W20240128 18:50:46.482877 651858 IPCTensor.h:368] NewIPCTensor: cached_sampler_r1_7 [1000000]0x1000081db000 7.629 MB
W20240128 18:50:46.482895 651858 IPCTensor.h:368] NewIPCTensor: cached_sampler_r1_8 [1000000]0x10000897e000 7.629 MB
W20240128 18:50:46.482918 651858 IPCTensor.h:368] NewIPCTensor: cached_sampler_r1_9 [1000000]0x100009121000 7.629 MB
W20240128 18:50:46.482932 651858 IPCTensor.h:368] NewIPCTensor: step_r1 [10]0x1000098c4000 80 B 
W20240128 18:50:46.482945 651858 IPCTensor.h:368] NewIPCTensor: circle_buffer_end_r1 [1]0x1000098c6000 8 B 
W20240128 18:50:46.482965 651858 IPCTensor.h:368] NewIPCTensor: circle_buffer_end_cppseen_r1 [1]0x1000098c8000 8 B 
W20240128 18:50:46.483001 651858 IPCTensor.h:368] NewIPCTensor: cached_sampler_r2_0 [1000000]0x1000098ca000 7.629 MB
W20240128 18:50:46.483021 651858 IPCTensor.h:368] NewIPCTensor: cached_sampler_r2_1 [1000000]0x10000a06d000 7.629 MB
W20240128 18:50:46.483036 651858 IPCTensor.h:368] NewIPCTensor: cached_sampler_r2_2 [1000000]0x10000a810000 7.629 MB
W20240128 18:50:46.483054 651858 IPCTensor.h:368] NewIPCTensor: cached_sampler_r2_3 [1000000]0x10000afb3000 7.629 MB
W20240128 18:50:46.483069 651858 IPCTensor.h:368] NewIPCTensor: cached_sampler_r2_4 [1000000]0x10000b756000 7.629 MB
W20240128 18:50:46.483088 651858 IPCTensor.h:368] NewIPCTensor: cached_sampler_r2_5 [1000000]0x10000bef9000 7.629 MB
W20240128 18:50:46.483103 651858 IPCTensor.h:368] NewIPCTensor: cached_sampler_r2_6 [1000000]0x10000c69c000 7.629 MB
W20240128 18:50:46.483125 651858 IPCTensor.h:368] NewIPCTensor: cached_sampler_r2_7 [1000000]0x10000ce3f000 7.629 MB
W20240128 18:50:46.483141 651858 IPCTensor.h:368] NewIPCTensor: cached_sampler_r2_8 [1000000]0x10000d5e2000 7.629 MB
W20240128 18:50:46.483158 651858 IPCTensor.h:368] NewIPCTensor: cached_sampler_r2_9 [1000000]0x10000dd85000 7.629 MB
W20240128 18:50:46.483173 651858 IPCTensor.h:368] NewIPCTensor: step_r2 [10]0x10000e528000 80 B 
W20240128 18:50:46.483186 651858 IPCTensor.h:368] NewIPCTensor: circle_buffer_end_r2 [1]0x10000e52a000 8 B 
W20240128 18:50:46.483197 651858 IPCTensor.h:368] NewIPCTensor: circle_buffer_end_cppseen_r2 [1]0x10000e52c000 8 B 
W20240128 18:50:46.483227 651858 IPCTensor.h:368] NewIPCTensor: cached_sampler_r3_0 [1000000]0x10000e52e000 7.629 MB
W20240128 18:50:46.483258 651858 IPCTensor.h:368] NewIPCTensor: cached_sampler_r3_1 [1000000]0x10000ecd1000 7.629 MB
W20240128 18:50:46.483273 651858 IPCTensor.h:368] NewIPCTensor: cached_sampler_r3_2 [1000000]0x10000f474000 7.629 MB
W20240128 18:50:46.483291 651858 IPCTensor.h:368] NewIPCTensor: cached_sampler_r3_3 [1000000]0x10000fc17000 7.629 MB
W20240128 18:50:46.483309 651858 IPCTensor.h:368] NewIPCTensor: cached_sampler_r3_4 [1000000]0x1000103ba000 7.629 MB
W20240128 18:50:46.483326 651858 IPCTensor.h:368] NewIPCTensor: cached_sampler_r3_5 [1000000]0x100010b5d000 7.629 MB
W20240128 18:50:46.483345 651858 IPCTensor.h:368] NewIPCTensor: cached_sampler_r3_6 [1000000]0x100011300000 7.629 MB
W20240128 18:50:46.483363 651858 IPCTensor.h:368] NewIPCTensor: cached_sampler_r3_7 [1000000]0x100011aa3000 7.629 MB
W20240128 18:50:46.483386 651858 IPCTensor.h:368] NewIPCTensor: cached_sampler_r3_8 [1000000]0x100012246000 7.629 MB
W20240128 18:50:46.483404 651858 IPCTensor.h:368] NewIPCTensor: cached_sampler_r3_9 [1000000]0x1000129e9000 7.629 MB
W20240128 18:50:46.483422 651858 IPCTensor.h:368] NewIPCTensor: step_r3 [10]0x10001318c000 80 B 
W20240128 18:50:46.483434 651858 IPCTensor.h:368] NewIPCTensor: circle_buffer_end_r3 [1]0x10001318e000 8 B 
W20240128 18:50:46.483450 651858 IPCTensor.h:368] NewIPCTensor: circle_buffer_end_cppseen_r3 [1]0x100013190000 8 B 
W20240128 18:50:46.638262 651858 IPCTensor.h:368] NewIPCTensor: full_emb [14951, 400]0x100013192000 22.81 MB
W20240128 18:50:46.638391 651858 IPCTensor.h:368] NewIPCTensor: full_emb_SparseRowWiseAdaGrad_sum [14951]0x100014864000 58.4 kB
{0: Graph(num_nodes=10523, num_edges=182012,
      ndata_schemes={'_ID': Scheme(shape=(), dtype=torch.int64), 'inner_node': Scheme(shape=(), dtype=torch.int32), 'part_id': Scheme(shape=(), dtype=torch.int64)}
      edata_schemes={'_ID': Scheme(shape=(), dtype=torch.int64), 'inner_edge': Scheme(shape=(), dtype=torch.int8)}), 1: Graph(num_nodes=10996, num_edges=244360,
      ndata_schemes={'_ID': Scheme(shape=(), dtype=torch.int64), 'inner_node': Scheme(shape=(), dtype=torch.int32), 'part_id': Scheme(shape=(), dtype=torch.int64)}
      edata_schemes={'_ID': Scheme(shape=(), dtype=torch.int64), 'inner_edge': Scheme(shape=(), dtype=torch.int8)}), 2: Graph(num_nodes=9404, num_edges=143355,
      ndata_schemes={'_ID': Scheme(shape=(), dtype=torch.int64), 'inner_node': Scheme(shape=(), dtype=torch.int32), 'part_id': Scheme(shape=(), dtype=torch.int64)}
      edata_schemes={'_ID': Scheme(shape=(), dtype=torch.int64), 'inner_edge': Scheme(shape=(), dtype=torch.int8)}), 3: Graph(num_nodes=10954, num_edges=175447,
      ndata_schemes={'_ID': Scheme(shape=(), dtype=torch.int64), 'inner_node': Scheme(shape=(), dtype=torch.int32), 'part_id': Scheme(shape=(), dtype=torch.int64)}
      edata_schemes={'_ID': Scheme(shape=(), dtype=torch.int64), 'inner_edge': Scheme(shape=(), dtype=torch.int8)})}
MertisPartition: part 0 has 10523 N 182012 E
MertisPartition: part 1 has 10996 N 244360 E
MertisPartition: part 2 has 9404 N 143355 E
MertisPartition: part 3 has 10954 N 175447 E
Rank0: cached key size 373
Rank1: cached key size 373
Rank2: cached key size 373
Rank3: cached key size 373
Before renumbering graph:  {'_ID': tensor([    5,    14,    17,  ..., 11245,  2040,  3009]), 'inner_node': tensor([1, 1, 1,  ..., 0, 0, 0], dtype=torch.int32), 'part_id': tensor([0, 0, 0,  ..., 2, 3, 3])}
After renumbering graph:  {'_ID': tensor([1620, 1847, 1911,  ..., 2348, 6283, 7221]), 'inner_node': tensor([1, 1, 1,  ..., 0, 0, 0], dtype=torch.int32), 'part_id': tensor([0, 0, 0,  ..., 2, 3, 3])}
part_g: DGLGraph(num_nodes=10523, num_edges=182012,
         ndata_schemes={'_ID': Scheme(shape=(), dtype=torch.int64)}
         edata_schemes={'tid': Scheme(shape=(), dtype=torch.int64)})
part_g: DGLGraph(num_nodes=10523, num_edges=182012,
         ndata_schemes={'_ID': Scheme(shape=(), dtype=torch.int64)}
         edata_schemes={'tid': Scheme(shape=(), dtype=torch.int64)})
Total initialize time 3.081 seconds
[Rank1] pid = 652072
[Rank2] pid = 652136
INFO [651858 distributed_c10d.py:442] Added key: store_based_barrier_key:1 to store for rank: 0
INFO [652072 distributed_c10d.py:442] Added key: store_based_barrier_key:1 to store for rank: 1
INFO [652136 distributed_c10d.py:442] Added key: store_based_barrier_key:1 to store for rank: 2
INFO [652072 distributed_c10d.py:476] Rank 1: Completed store-based barrier for key:store_based_barrier_key:1 with 4 nodes.
INFO [652201 distributed_c10d.py:442] Added key: store_based_barrier_key:1 to store for rank: 3
INFO [652201 distributed_c10d.py:476] Rank 3: Completed store-based barrier for key:store_based_barrier_key:1 with 4 nodes.
INFO [652136 distributed_c10d.py:476] Rank 2: Completed store-based barrier for key:store_based_barrier_key:1 with 4 nodes.
W20240128 18:50:49.939121 652138 IPCTensor.h:408] NewIPCGPUTensor: embedding_cache_2 [1495, 400]; dev=2; size=2.281 MB
W20240128 18:50:49.939113 652073 IPCTensor.h:408] NewIPCGPUTensor: embedding_cache_1 [1495, 400]; dev=1; size=2.281 MB
W20240128 18:50:49.939118 652203 IPCTensor.h:408] NewIPCGPUTensor: embedding_cache_3 [1495, 400]; dev=3; size=2.281 MB
INFO [651858 distributed_c10d.py:476] Rank 0: Completed store-based barrier for key:store_based_barrier_key:1 with 4 nodes.
W20240128 18:50:49.939854 652202 IPCTensor.h:408] NewIPCGPUTensor: embedding_cache_0 [1495, 400]; dev=0; size=2.281 MB
W20240128 18:50:49.939920 652073 IPCTensor.h:368] NewIPCTensor: input_keys_1 [1000000]0x10001487a000 7.629 MB
W20240128 18:50:49.939925 652203 IPCTensor.h:368] NewIPCTensor: input_keys_3 [1000000]0x10001501d000 7.629 MB
W20240128 18:50:49.939934 652138 IPCTensor.h:368] NewIPCTensor: input_keys_2 [1000000]0x1000157c0000 7.629 MB
W20240128 18:50:49.940079 652203 IPCTensor.h:368] NewIPCTensor: input_keys_neg_3 [1000000]0x100015f63000 7.629 MB
W20240128 18:50:49.940099 652138 IPCTensor.h:368] NewIPCTensor: input_keys_neg_2 [1000000]0x100016706000 7.629 MB
W20240128 18:50:49.940110 652073 IPCTensor.h:368] NewIPCTensor: input_keys_neg_1 [1000000]0x100016ea9000 7.629 MB
W20240128 18:50:49.940137 652203 IPCTensor.h:368] NewIPCTensor: backward_grads_3 [1000000, 400]0x10001764c000 1.49 GB
W20240128 18:50:49.940166 652138 IPCTensor.h:368] NewIPCTensor: backward_grads_2 [1000000, 400]0x100076c2f000 1.49 GB
W20240128 18:50:49.940174 652203 IPCTensor.h:368] NewIPCTensor: backward_grads_neg_3 [1000000, 400]0x1000d6212000 1.49 GB
W20240128 18:50:49.940187 652073 IPCTensor.h:368] NewIPCTensor: backward_grads_1 [1000000, 400]0x1001357f7000 1.49 GB
W20240128 18:50:49.940222 652138 IPCTensor.h:368] NewIPCTensor: backward_grads_neg_2 [1000000, 400]0x100194dda000 1.49 GB
W20240128 18:50:49.940229 652203 IPCTensor.h:408] NewIPCGPUTensor: backward_grads_3_gpu [1000000, 400]; dev=3; size=1.49 GB
W20240128 18:50:49.940244 652073 IPCTensor.h:368] NewIPCTensor: backward_grads_neg_1 [1000000, 400]0x1001f43bd000 1.49 GB
W20240128 18:50:49.940249 652202 IPCTensor.h:368] NewIPCTensor: input_keys_0 [1000000]0x1002539a0000 7.629 MB
W20240128 18:50:49.940284 652138 IPCTensor.h:408] NewIPCGPUTensor: backward_grads_2_gpu [1000000, 400]; dev=2; size=1.49 GB
W20240128 18:50:49.940290 652073 IPCTensor.h:408] NewIPCGPUTensor: backward_grads_1_gpu [1000000, 400]; dev=1; size=1.49 GB
W20240128 18:50:49.940318 652202 IPCTensor.h:368] NewIPCTensor: input_keys_neg_0 [1000000]0x100254143000 7.629 MB
W20240128 18:50:49.940364 652202 IPCTensor.h:368] NewIPCTensor: backward_grads_0 [1000000, 400]0x1002548e6000 1.49 GB
W20240128 18:50:49.940397 652202 IPCTensor.h:368] NewIPCTensor: backward_grads_neg_0 [1000000, 400]0x1002b3ec9000 1.49 GB
W20240128 18:50:49.940433 652202 IPCTensor.h:408] NewIPCGPUTensor: backward_grads_0_gpu [1000000, 400]; dev=0; size=1.49 GB
W20240128 18:50:49.947165 652203 IPCTensor.h:408] NewIPCGPUTensor: backward_grads_neg_3_gpu [1000000, 400]; dev=3; size=1.49 GB
W20240128 18:50:49.947234 652073 IPCTensor.h:408] NewIPCGPUTensor: backward_grads_neg_1_gpu [1000000, 400]; dev=1; size=1.49 GB
W20240128 18:50:49.947238 652202 IPCTensor.h:408] NewIPCGPUTensor: backward_grads_neg_0_gpu [1000000, 400]; dev=0; size=1.49 GB
W20240128 18:50:49.947253 652138 IPCTensor.h:408] NewIPCGPUTensor: backward_grads_neg_2_gpu [1000000, 400]; dev=2; size=1.49 GB
[Rank3] pid = 652201
New CachedEmbedding, name=full_emb, shape=(14951, 400), cache_type=KnownLocalCachedEmbedding
fixed cache_range is [(0, 1495), (1495, 2990), (2990, 4485), (4485, 5980)]
cudaHostRegister 0x100013192000
0: KnownLocalCachedEmbedding init done
WARNING [651858 DistTensor.py:56] The tensor name already exists in the kvstore
cudaHostRegister 0x100013192000
3: KnownLocalCachedEmbedding init done
WARNING [652201 DistTensor.py:56] The tensor name already exists in the kvstore
cudaHostRegister 0x100013192000
1: KnownLocalCachedEmbedding init done
WARNING [652072 DistTensor.py:56] The tensor name already exists in the kvstore
cudaHostRegister 0x100013192000
2: KnownLocalCachedEmbedding init done
WARNING [652136 DistTensor.py:56] The tensor name already exists in the kvstore
I20240128 18:50:51.389463 652138 IPC_barrier.h:118] CreateBarrier: new barrier, name: kgcachecontroller, count: 4
I20240128 18:50:51.389519 652073 IPC_barrier.h:112] CreateBarrier: find existing barrier, name: kgcachecontroller, count: 4
I20240128 18:50:51.389573 652202 IPC_barrier.h:112] CreateBarrier: find existing barrier, name: kgcachecontroller, count: 4
I20240128 18:50:51.389643 652203 IPC_barrier.h:112] CreateBarrier: find existing barrier, name: kgcachecontroller, count: 4
W20240128 18:50:51.391077 652202 grad_base.h:55] KGCacheController, config={
        "num_gpus": 4,
        "L": 10,
        "backgrad_init": "both", 
        "kForwardItersPerStep": 2,
        "clr": 1,
        "nr_background_threads": 32,
        "backwardMode": "CppAsyncV2",
        "cache_ratio": 0.1,
        "update_cache_use_omp":  0,
        "update_pq_use_omp":  0
        }
W20240128 18:50:51.391185 652202 grad_base.h:184] Init GradProcessingBase done
I20240128 18:50:51.398005 652202 grad_async_v2.h:32] Use background thread to update emb. nr_background_threads=32
W20240128 18:50:51.398155 652202 kg_controller.h:78] after init GradAsyncProcessingV2
I20240128 18:50:51.398162 652202 kg_controller.h:84] Construct KGCacheController done
E20240128 18:50:52.751312 652073 recstore.cc:66] init folly done
E20240128 18:50:52.751320 652203 recstore.cc:66] init folly done
E20240128 18:50:52.751422 652202 recstore.cc:66] init folly done
E20240128 18:50:52.751448 652138 recstore.cc:66] init folly done
I20240128 18:50:52.752595 652202 grad_base.h:60] GraphEnv RegTensorsPerProcess
W20240128 18:50:53.480152 652618 grad_async_v2.h:121] Detect new sample comes, old_end0, new_end1
E20240128 18:50:53.480594 652618 parallel_pq_v2.h:76] insert failed, size(hashtable)=1
I20240128 18:50:53.499544 652203 IPC_barrier.h:118] CreateBarrier: new barrier, name: start_barrier, count: 4
I20240128 18:50:53.504122 652202 IPC_barrier.h:112] CreateBarrier: find existing barrier, name: start_barrier, count: 4
I20240128 18:50:53.505432 652073 IPC_barrier.h:112] CreateBarrier: find existing barrier, name: start_barrier, count: 4
I20240128 18:50:53.522964 652138 IPC_barrier.h:112] CreateBarrier: find existing barrier, name: start_barrier, count: 4
E20240128 18:50:55.951293 652202 parallel_pq_v2.h:76] insert failed, size(hashtable)=0
W20240128 18:50:55.964926 652618 grad_async_v2.h:121] Detect new sample comes, old_end1, new_end2
W20240128 18:50:55.986542 652202 grad_async_v2.h:250] Sleep in <BlockToStepN>, step_no=2, pq.top=2
+---------------------------+---------------------------+---------------------------+
| Name                      | P50                       | P99                       |
+---------------------------+---------------------------+---------------------------+
| GenInput                  | 983.523 us                | 11.141 ms                 |
| Forward                   | 3.213 ms                  | 1.219 s                   |
| Backward                  | 2.481 ms                  | 260.102 ms                |
| Optimize                  | 972.105 us                | 47.577 ms                 |
| BarrierTimeBeforeRank0    | 34.870 us                 | 123.652 ms                |
| AfterBackward             | 12.807 ms                 | 787.474 ms                |
| BlockToStepN              | 182.559 us                | 24.946 ms                 |
| OneStep                   | 21.845 ms                 | 2.441 s                   |
+---------------------------+---------------------------+---------------------------+
E20240128 18:50:56.951014 652202 parallel_pq_v2.h:76] insert failed, size(hashtable)=72
W20240128 18:50:56.969355 652618 grad_async_v2.h:121] Detect new sample comes, old_end5, new_end6
W20240128 18:50:57.002312 652202 grad_async_v2.h:250] Sleep in <BlockToStepN>, step_no=47, pq.top=37
+---------------------------+---------------------------+---------------------------+
| Name                      | P50                       | P99                       |
+---------------------------+---------------------------+---------------------------+
| ProcessBack:Shuffle       | 1.832 ms                  | 2.448 ms                  |
| ProcessBack:UpdateCache   | 1.629 ms                  | 2.034 ms                  |
| ProcessBack:UpsertPq      | 6.357 ms                  | 10.300 ms                 |
| ProcessOneStep            | 10.381 ms                 | 14.617 ms                 |
| BlockToStepN              | 2.511 ms                  | 7.818 ms                  |
+---------------------------+---------------------------+---------------------------+
E20240128 18:50:57.951064 652391 parallel_pq_v2.h:76] insert failed, size(hashtable)=61
W20240128 18:50:57.969233 652618 grad_async_v2.h:121] Detect new sample comes, old_end8, new_end9
W20240128 18:50:58.005367 652202 grad_async_v2.h:250] Sleep in <BlockToStepN>, step_no=90, pq.top=89
train_sampler.Prefill()
before start barrier
start train
[proc 2] 100 steps, total: 4.709, sample: 0.169, forward: 1.035, backward: 0.493, update: 0.116
train_sampler.Prefill()
before start barrier
start train
[proc 3] 100 steps, total: 4.732, sample: 0.160, forward: 0.964, backward: 0.566, update: 0.120
train_sampler.Prefill()
before start barrier
start train
[proc 1] 100 steps, total: 4.726, sample: 0.157, forward: 1.520, backward: 0.541, update: 0.117
train_sampler.Prefill()
-------Step 0-------
tensor([ 8627,  4951,  9647,  7557,  8448,  4758, 10097,  5188, 12450,   165]) tensor([ 1911,  8311,  9721,  1234,  7671,  8234, 12766,  8522,  7818,  1246])
-------Step 1-------
tensor([ 8627,  4951,  9647,  7557,  8448,  4758, 10097,  5188, 12450,   165]) tensor([ 7249, 11025, 12929,  1817, 10652, 10567,  2310,  9252,  7633,  8326])
-------Step 2-------
tensor([ 6236, 14846,  7187,  6261,  5348,  9102, 10875, 10102, 14389,   345]) tensor([9814, 3537, 2303, 9333, 5461, 1284, 7078, 5068, 9267, 6195])
-------Step 3-------
tensor([ 6236, 14846,  7187,  6261,  5348,  9102, 10875, 10102, 14389,   345]) tensor([ 6153, 12073,  7971, 13577,  7527,  2359,  9516, 12129, 11659, 11952])
-------Step 4-------
tensor([ 9005,  2829,  4099,    10,   717,   289,   113, 10726, 10892,  8592]) tensor([12922,  3930,  4470, 14680,  2245,  2814, 12003,  7063, 12072,  7264])
-------Step 5-------
tensor([ 9005,  2829,  4099,    10,   717,   289,   113, 10726, 10892,  8592]) tensor([ 6585, 10872,  5605,  8918, 11578,  8663,  5716,  4473,  8463, 14156])
-------Step 6-------
tensor([10240,  9667,  6137,  7642,  2118,  6448,  7562,  3006, 12936,    83]) tensor([ 7698,  5506,  3691, 10495,  7313,  1382,  4480, 12343, 12374,  4099])
-------Step 7-------
tensor([10240,  9667,  6137,  7642,  2118,  6448,  7562,  3006, 12936,    83]) tensor([ 5824,  7905,  8838, 10475,  1083,   294, 13833, 10356,  4711,   831])
-------Step 8-------
tensor([ 3257, 14906, 11375, 10260,  5554,  6137, 12020,  6939,  4136,  2278]) tensor([13852,   942, 10442, 13270,  3955,   628,  7497,  1059,  9716, 12718])
-------Step 9-------
tensor([ 3257, 14906, 11375, 10260,  5554,  6137, 12020,  6939,  4136,  2278]) tensor([13121, 11043, 12966,   887, 11651,  9744,  6521,  2323,  7283,  9440])
before start barrier
start train
[proc 0] 100 steps, total: 4.728, sample: 0.175, forward: 1.487, backward: 0.508, update: 0.132
E20240128 18:50:58.951009 652202 parallel_pq_v2.h:76] insert failed, size(hashtable)=114
W20240128 18:50:58.969141 652618 grad_async_v2.h:121] Detect new sample comes, old_end8, new_end9
W20240128 18:50:59.024380 652202 grad_async_v2.h:250] Sleep in <BlockToStepN>, step_no=131, pq.top=131
E20240128 18:50:59.951308 652617 parallel_pq_v2.h:76] insert failed, size(hashtable)=8644
W20240128 18:50:59.971575 652618 grad_async_v2.h:121] Detect new sample comes, old_end6, new_end7
W20240128 18:51:00.041796 652202 grad_async_v2.h:250] Sleep in <BlockToStepN>, step_no=169, pq.top=169
[proc 2] 200 steps, total: 2.652, sample: 0.186, forward: 0.262, backward: 0.234, update: 0.069
[proc 3] 200 steps, total: 2.652, sample: 0.176, forward: 0.233, backward: 0.273, update: 0.070
[proc 0] 200 steps, total: 2.651, sample: 0.219, forward: 0.276, backward: 0.251, update: 0.082
[proc 1] 200 steps, total: 2.652, sample: 0.171, forward: 0.227, backward: 0.218, update: 0.069
E20240128 18:51:00.951012 652202 parallel_pq_v2.h:76] insert failed, size(hashtable)=214
W20240128 18:51:00.971352 652618 grad_async_v2.h:121] Detect new sample comes, old_end3, new_end4
W20240128 18:51:01.041318 652202 grad_async_v2.h:250] Sleep in <BlockToStepN>, step_no=206, pq.top=205
+---------------------------+---------------------------+---------------------------+
| Name                      | P50                       | P99                       |
+---------------------------+---------------------------+---------------------------+
| GenInput                  | 1.018 ms                  | 10.165 ms                 |
| Forward                   | 2.799 ms                  | 4.569 ms                  |
| Backward                  | 2.557 ms                  | 3.189 ms                  |
| Optimize                  | 863.783 us                | 2.415 ms                  |
| BarrierTimeBeforeRank0    | 19.921 us                 | 2.563 ms                  |
| AfterBackward             | 11.956 ms                 | 14.440 ms                 |
| BlockToStepN              | 4.415 ms                  | 9.190 ms                  |
| OneStep                   | 24.050 ms                 | 36.913 ms                 |
+---------------------------+---------------------------+---------------------------+
E20240128 18:51:01.951014 652617 parallel_pq_v2.h:76] insert failed, size(hashtable)=8352
W20240128 18:51:01.986582 652618 grad_async_v2.h:121] Detect new sample comes, old_end0, new_end1
W20240128 18:51:02.041358 652202 grad_async_v2.h:250] Sleep in <BlockToStepN>, step_no=242, pq.top=242
+---------------------------+---------------------------+---------------------------+
| Name                      | P50                       | P99                       |
+---------------------------+---------------------------+---------------------------+
| ProcessBack:Shuffle       | 1.989 ms                  | 2.231 ms                  |
| ProcessBack:UpdateCache   | 1.846 ms                  | 2.042 ms                  |
| ProcessBack:UpsertPq      | 6.766 ms                  | 10.006 ms                 |
| ProcessOneStep            | 11.948 ms                 | 14.247 ms                 |
| BlockToStepN              | 4.910 ms                  | 11.982 ms                 |
+---------------------------+---------------------------+---------------------------+
E20240128 18:51:02.951009 652617 parallel_pq_v2.h:76] insert failed, size(hashtable)=8437
W20240128 18:51:02.997277 652618 grad_async_v2.h:121] Detect new sample comes, old_end2, new_end3
W20240128 18:51:03.045953 652202 grad_async_v2.h:250] Sleep in <BlockToStepN>, step_no=274, pq.top=274
[proc 1] 300 steps, total: 2.940, sample: 0.152, forward: 0.226, backward: 0.232, update: 0.066
[proc 2] 300 steps, total: 2.940, sample: 0.170, forward: 0.267, backward: 0.321, update: 0.067
[proc 3] 300 steps, total: 2.940, sample: 0.161, forward: 0.233, backward: 0.344, update: 0.069
[proc 0] 300 steps, total: 2.940, sample: 0.207, forward: 0.275, backward: 0.257, update: 0.080
E20240128 18:51:03.951015 652617 parallel_pq_v2.h:76] insert failed, size(hashtable)=10966
W20240128 18:51:04.001464 652618 grad_async_v2.h:121] Detect new sample comes, old_end6, new_end7
W20240128 18:51:04.052639 652202 grad_async_v2.h:250] Sleep in <BlockToStepN>, step_no=308, pq.top=308
E20240128 18:51:04.951010 652617 parallel_pq_v2.h:76] insert failed, size(hashtable)=9802
W20240128 18:51:05.004783 652618 grad_async_v2.h:121] Detect new sample comes, old_end9, new_end0
W20240128 18:51:05.052245 652202 grad_async_v2.h:250] Sleep in <BlockToStepN>, step_no=341, pq.top=341
E20240128 18:51:05.951018 652202 parallel_pq_v2.h:76] insert failed, size(hashtable)=149
W20240128 18:51:06.007726 652618 grad_async_v2.h:121] Detect new sample comes, old_end1, new_end2
W20240128 18:51:06.052073 652202 grad_async_v2.h:250] Sleep in <BlockToStepN>, step_no=373, pq.top=373
+---------------------------+---------------------------+---------------------------+
| Name                      | P50                       | P99                       |
+---------------------------+---------------------------+---------------------------+
| GenInput                  | 1.066 ms                  | 9.802 ms                  |
| Forward                   | 2.818 ms                  | 3.905 ms                  |
| Backward                  | 2.573 ms                  | 4.123 ms                  |
| Optimize                  | 851.276 us                | 1.589 ms                  |
| BarrierTimeBeforeRank0    | 19.972 us                 | 3.837 ms                  |
| AfterBackward             | 11.985 ms                 | 14.269 ms                 |
| BlockToStepN              | 6.200 ms                  | 14.512 ms                 |
| OneStep                   | 26.813 ms                 | 42.611 ms                 |
+---------------------------+---------------------------+---------------------------+
[proc 1] 400 steps, total: 3.082, sample: 0.154, forward: 0.230, backward: 0.221, update: 0.067
[proc 2] 400 steps, total: 3.082, sample: 0.171, forward: 0.264, backward: 0.309, update: 0.070
[proc 0] 400 steps, total: 3.082, sample: 0.207, forward: 0.278, backward: 0.255, update: 0.081
[proc 3] 400 steps, total: 3.082, sample: 0.141, forward: 0.221, backward: 0.283, update: 0.067
E20240128 18:51:06.951014 652202 parallel_pq_v2.h:76] insert failed, size(hashtable)=162
W20240128 18:51:07.008325 652618 grad_async_v2.h:121] Detect new sample comes, old_end3, new_end4
W20240128 18:51:07.052102 652202 grad_async_v2.h:250] Sleep in <BlockToStepN>, step_no=405, pq.top=405
+---------------------------+---------------------------+---------------------------+
| Name                      | P50                       | P99                       |
+---------------------------+---------------------------+---------------------------+
| ProcessBack:Shuffle       | 1.985 ms                  | 2.220 ms                  |
| ProcessBack:UpdateCache   | 1.852 ms                  | 2.034 ms                  |
| ProcessBack:UpsertPq      | 7.116 ms                  | 9.751 ms                  |
| ProcessOneStep            | 11.965 ms                 | 14.247 ms                 |
| BlockToStepN              | 6.412 ms                  | 14.734 ms                 |
+---------------------------+---------------------------+---------------------------+
E20240128 18:51:07.951023 652617 parallel_pq_v2.h:76] insert failed, size(hashtable)=9451
W20240128 18:51:08.014335 652618 grad_async_v2.h:121] Detect new sample comes, old_end5, new_end6
W20240128 18:51:08.062089 652202 grad_async_v2.h:250] Sleep in <BlockToStepN>, step_no=437, pq.top=437
E20240128 18:51:08.951035 652618 parallel_pq_v2.h:76] insert failed, size(hashtable)=126
W20240128 18:51:09.016311 652618 grad_async_v2.h:121] Detect new sample comes, old_end6, new_end7
W20240128 18:51:09.072816 652202 grad_async_v2.h:250] Sleep in <BlockToStepN>, step_no=468, pq.top=467
E20240128 18:51:09.951016 652202 parallel_pq_v2.h:76] insert failed, size(hashtable)=196
W20240128 18:51:10.016757 652618 grad_async_v2.h:121] Detect new sample comes, old_end6, new_end7
W20240128 18:51:10.089768 652202 grad_async_v2.h:250] Sleep in <BlockToStepN>, step_no=499, pq.top=498
[proc 3] 500 steps, total: 3.230, sample: 0.156, forward: 0.231, backward: 0.301, update: 0.068
[proc 1] 500 steps, total: 3.230, sample: 0.154, forward: 0.233, backward: 0.224, update: 0.067
[proc 0] 500 steps, total: 3.230, sample: 0.214, forward: 0.286, backward: 0.256, update: 0.083
[proc 2] 500 steps, total: 3.230, sample: 0.162, forward: 0.229, backward: 0.267, update: 0.079
Successfully xmh. training takes 16.631048440933228 seconds
before call kg_cache_controller.StopThreads()
W20240128 18:51:10.135186 652202 grad_async_v2.h:71] call StopThreads. PID = 651858
W20240128 18:51:10.135217 652202 grad_base.h:212] before processOneStepNegThread_.join();
W20240128 18:51:10.135392 652202 grad_base.h:214] after processOneStepNegThread_.join();
W20240128 18:51:10.135399 652202 grad_async_v2.h:73] call GradProcessingBase::StopThreads.
[W tensorpipe_agent.cpp:725] RPC agent for worker0 encountered error when reading incoming request from worker1: eof (this error originated at tensorpipe/transport/shm/connection_impl.cc:259)
[W tensorpipe_agent.cpp:725] RPC agent for worker0 encountered error when reading incoming request from worker2: eof (this error originated at tensorpipe/transport/shm/connection_impl.cc:259)
[W tensorpipe_agent.cpp:725] RPC agent for worker0 encountered error when reading incoming request from worker3: eof (this error originated at tensorpipe/transport/shm/connection_impl.cc:259)
W20240128 18:51:10.140127 652202 grad_async_v2.h:92] StopThreads done.
+---------------------------+---------------------------+---------------------------+
| Name                      | P50                       | P99                       |
+---------------------------+---------------------------+---------------------------+
| GenInput                  | 1.109 ms                  | 9.575 ms                  |
| Forward                   | 2.853 ms                  | 3.905 ms                  |
| Backward                  | 2.584 ms                  | 4.059 ms                  |
| Optimize                  | 855.077 us                | 1.589 ms                  |
| BarrierTimeBeforeRank0    | 20.067 us                 | 4.333 ms                  |
| AfterBackward             | 12.032 ms                 | 14.269 ms                 |
| BlockToStepN              | 6.930 ms                  | 17.304 ms                 |
| OneStep                   | 27.737 ms                 | 42.726 ms                 |
+---------------------------+---------------------------+---------------------------+
On rank0, prepare to call self.controller.StopThreads(), self=<python.controller_process.KGCacheControllerWrapper object at 0x7f1aedf39710>
+---------------------------+---------------------------+---------------------------+
| Name                      | P50                       | P99                       |
+---------------------------+---------------------------+---------------------------+
| ProcessBack:Shuffle       | 1.981 ms                  | 2.220 ms                  |
| ProcessBack:UpdateCache   | 1.850 ms                  | 2.034 ms                  |
| ProcessBack:UpsertPq      | 7.186 ms                  | 9.751 ms                  |
| ProcessOneStep            | 12.009 ms                 | 14.247 ms                 |
| BlockToStepN              | 6.873 ms                  | 17.232 ms                 |
+---------------------------+---------------------------+---------------------------+
