WARNING: Logging before InitGoogleLogging() is written to STDERR
I20240211 01:48:13.614554  8527 IPC_barrier.h:128] MultiProcessBarrierFactory->ClearIPCMemory()
W20240211 01:48:13.622059  8527 IPCTensor.h:369] NewIPCTensor: full_emb [9449206, 32]0x100000002000 1.126 GB
/data/home/xieminhui/RecStore/src/framework_adapters/torch/python/perf_rec_model.py:152: DeprecationWarning: The 'warn' function is deprecated, use 'warning' instead
  XLOG.warn("After init DistEmbedding")
WARNING [8527 perf_rec_model.py:152] After init DistEmbedding
========== Running Perf with routine <function routine_local_cache_helper at 0x7fca1b2d98a0>==========
Worker 1 pid=9663
Worker 2 pid=9664
Worker 3 pid=9665
Worker 4 pid=9666
Worker 5 pid=9667
Worker 6 pid=9668
INFO [8527 distributed_c10d.py:442] Added key: store_based_barrier_key:1 to store for rank: 0
INFO [9663 distributed_c10d.py:442] Added key: store_based_barrier_key:1 to store for rank: 1
INFO [9664 distributed_c10d.py:442] Added key: store_based_barrier_key:1 to store for rank: 2
INFO [9665 distributed_c10d.py:442] Added key: store_based_barrier_key:1 to store for rank: 3
INFO [9668 distributed_c10d.py:442] Added key: store_based_barrier_key:1 to store for rank: 6
INFO [9668 distributed_c10d.py:476] Rank 6: Completed store-based barrier for key:store_based_barrier_key:1 with 8 nodes.
INFO [9666 distributed_c10d.py:442] Added key: store_based_barrier_key:1 to store for rank: 4
INFO [9667 distributed_c10d.py:442] Added key: store_based_barrier_key:1 to store for rank: 5
INFO [9663 distributed_c10d.py:476] Rank 1: Completed store-based barrier for key:store_based_barrier_key:1 with 8 nodes.
INFO [9665 distributed_c10d.py:476] Rank 3: Completed store-based barrier for key:store_based_barrier_key:1 with 8 nodes.
INFO [9664 distributed_c10d.py:476] Rank 2: Completed store-based barrier for key:store_based_barrier_key:1 with 8 nodes.
INFO [9666 distributed_c10d.py:476] Rank 4: Completed store-based barrier for key:store_based_barrier_key:1 with 8 nodes.
INFO [9669 distributed_c10d.py:442] Added key: store_based_barrier_key:1 to store for rank: 7
INFO [9667 distributed_c10d.py:476] Rank 5: Completed store-based barrier for key:store_based_barrier_key:1 with 8 nodes.
INFO [9669 distributed_c10d.py:476] Rank 7: Completed store-based barrier for key:store_based_barrier_key:1 with 8 nodes.
E20240211 01:48:19.833283  9668 IPCTensor.h:348] IPCTensor full_emb already exists
E20240211 01:48:19.833420  9665 IPCTensor.h:348] IPCTensor full_emb already exists
E20240211 01:48:19.833446  9664 IPCTensor.h:348] IPCTensor full_emb already exists
E20240211 01:48:19.833478  9666 IPCTensor.h:348] IPCTensor full_emb already exists
E20240211 01:48:19.833518  9663 IPCTensor.h:348] IPCTensor full_emb already exists
E20240211 01:48:19.833787  9667 IPCTensor.h:348] IPCTensor full_emb already exists
E20240211 01:48:19.833866  9669 IPCTensor.h:348] IPCTensor full_emb already exists
INFO [8527 distributed_c10d.py:476] Rank 0: Completed store-based barrier for key:store_based_barrier_key:1 with 8 nodes.
E20240211 01:48:19.842533  8527 IPCTensor.h:348] IPCTensor full_emb already exists
W20240211 01:48:25.209439  8527 IPCTensor.h:409] NewIPCGPUTensor: embedding_cache_0 [472460, 32]; dev=0; size=57.67 MB
W20240211 01:48:25.209432  9666 IPCTensor.h:409] NewIPCGPUTensor: embedding_cache_4 [472460, 32]; dev=4; size=57.67 MB
W20240211 01:48:25.210018  9664 IPCTensor.h:409] NewIPCGPUTensor: embedding_cache_2 [472460, 32]; dev=2; size=57.67 MB
W20240211 01:48:25.210515  9668 IPCTensor.h:409] NewIPCGPUTensor: embedding_cache_6 [472460, 32]; dev=6; size=57.67 MB
W20240211 01:48:25.210582  9663 IPCTensor.h:409] NewIPCGPUTensor: embedding_cache_1 [472460, 32]; dev=1; size=57.67 MB
W20240211 01:48:25.211031  9665 IPCTensor.h:409] NewIPCGPUTensor: embedding_cache_3 [472460, 32]; dev=3; size=57.67 MB
W20240211 01:48:25.211077  9667 IPCTensor.h:409] NewIPCGPUTensor: embedding_cache_5 [472460, 32]; dev=5; size=57.67 MB
W20240211 01:48:25.211073  9669 IPCTensor.h:409] NewIPCGPUTensor: embedding_cache_7 [472460, 32]; dev=7; size=57.67 MB
W20240211 01:48:26.006515  9666 IPCTensor.h:369] NewIPCTensor: input_keys_4 [1000000]0x10004817d000 7.629 MB
W20240211 01:48:26.006716  9666 IPCTensor.h:369] NewIPCTensor: input_keys_neg_4 [1000000]0x100048920000 7.629 MB
W20240211 01:48:26.006772  9666 IPCTensor.h:369] NewIPCTensor: backward_grads_4 [1000000, 32]0x1000490c3000 122.1 MB
W20240211 01:48:26.006810  9666 IPCTensor.h:369] NewIPCTensor: backward_grads_neg_4 [1000000, 32]0x100050ad7000 122.1 MB
W20240211 01:48:26.006840  9666 IPCTensor.h:409] NewIPCGPUTensor: backward_grads_4_gpu [1000000, 32]; dev=4; size=122.1 MB
W20240211 01:48:26.007622  9666 IPCTensor.h:409] NewIPCGPUTensor: backward_grads_neg_4_gpu [1000000, 32]; dev=4; size=122.1 MB
W20240211 01:48:26.025353  9665 IPCTensor.h:369] NewIPCTensor: input_keys_3 [1000000]0x1000584f1000 7.629 MB
W20240211 01:48:26.025570  9665 IPCTensor.h:369] NewIPCTensor: input_keys_neg_3 [1000000]0x100058c94000 7.629 MB
W20240211 01:48:26.025653  9665 IPCTensor.h:369] NewIPCTensor: backward_grads_3 [1000000, 32]0x100059437000 122.1 MB
W20240211 01:48:26.025713  9665 IPCTensor.h:369] NewIPCTensor: backward_grads_neg_3 [1000000, 32]0x100060e4b000 122.1 MB
W20240211 01:48:26.025758  9665 IPCTensor.h:409] NewIPCGPUTensor: backward_grads_3_gpu [1000000, 32]; dev=3; size=122.1 MB
W20240211 01:48:26.027181  9665 IPCTensor.h:409] NewIPCGPUTensor: backward_grads_neg_3_gpu [1000000, 32]; dev=3; size=122.1 MB
W20240211 01:48:26.034401  9663 IPCTensor.h:369] NewIPCTensor: input_keys_1 [1000000]0x100068865000 7.629 MB
W20240211 01:48:26.034582  9663 IPCTensor.h:369] NewIPCTensor: input_keys_neg_1 [1000000]0x100069008000 7.629 MB
W20240211 01:48:26.034636  9663 IPCTensor.h:369] NewIPCTensor: backward_grads_1 [1000000, 32]0x1000697ab000 122.1 MB
W20240211 01:48:26.034678  9663 IPCTensor.h:369] NewIPCTensor: backward_grads_neg_1 [1000000, 32]0x1000711bf000 122.1 MB
W20240211 01:48:26.034710  9663 IPCTensor.h:409] NewIPCGPUTensor: backward_grads_1_gpu [1000000, 32]; dev=1; size=122.1 MB
W20240211 01:48:26.037655  9667 IPCTensor.h:369] NewIPCTensor: input_keys_5 [1000000]0x100078bd5000 7.629 MB
W20240211 01:48:26.037798  9667 IPCTensor.h:369] NewIPCTensor: input_keys_neg_5 [1000000]0x100079378000 7.629 MB
W20240211 01:48:26.037870  9667 IPCTensor.h:369] NewIPCTensor: backward_grads_5 [1000000, 32]0x100079b1b000 122.1 MB
W20240211 01:48:26.037916  9667 IPCTensor.h:369] NewIPCTensor: backward_grads_neg_5 [1000000, 32]0x10008152f000 122.1 MB
W20240211 01:48:26.037952  9667 IPCTensor.h:409] NewIPCGPUTensor: backward_grads_5_gpu [1000000, 32]; dev=5; size=122.1 MB
W20240211 01:48:26.040969  9667 IPCTensor.h:409] NewIPCGPUTensor: backward_grads_neg_5_gpu [1000000, 32]; dev=5; size=122.1 MB
W20240211 01:48:26.046808  9663 IPCTensor.h:409] NewIPCGPUTensor: backward_grads_neg_1_gpu [1000000, 32]; dev=1; size=122.1 MB
W20240211 01:48:26.116252  9668 IPCTensor.h:369] NewIPCTensor: input_keys_6 [1000000]0x100088f4d000 7.629 MB
W20240211 01:48:26.116592  9668 IPCTensor.h:369] NewIPCTensor: input_keys_neg_6 [1000000]0x1000896f0000 7.629 MB
W20240211 01:48:26.116770  9668 IPCTensor.h:369] NewIPCTensor: backward_grads_6 [1000000, 32]0x100089e93000 122.1 MB
W20240211 01:48:26.116897  9668 IPCTensor.h:369] NewIPCTensor: backward_grads_neg_6 [1000000, 32]0x1000918a7000 122.1 MB
W20240211 01:48:26.116998  9668 IPCTensor.h:409] NewIPCGPUTensor: backward_grads_6_gpu [1000000, 32]; dev=6; size=122.1 MB
W20240211 01:48:26.170838  9664 IPCTensor.h:369] NewIPCTensor: input_keys_2 [1000000]0x1000992bd000 7.629 MB
W20240211 01:48:26.171155  9664 IPCTensor.h:369] NewIPCTensor: input_keys_neg_2 [1000000]0x100099a60000 7.629 MB
W20240211 01:48:26.171309  9664 IPCTensor.h:369] NewIPCTensor: backward_grads_2 [1000000, 32]0x10009a203000 122.1 MB
W20240211 01:48:26.171433  9664 IPCTensor.h:369] NewIPCTensor: backward_grads_neg_2 [1000000, 32]0x1000a1c17000 122.1 MB
W20240211 01:48:26.171532  9664 IPCTensor.h:409] NewIPCGPUTensor: backward_grads_2_gpu [1000000, 32]; dev=2; size=122.1 MB
W20240211 01:48:26.181721  9664 IPCTensor.h:409] NewIPCGPUTensor: backward_grads_neg_2_gpu [1000000, 32]; dev=2; size=122.1 MB
W20240211 01:48:26.218640  9668 IPCTensor.h:409] NewIPCGPUTensor: backward_grads_neg_6_gpu [1000000, 32]; dev=6; size=122.1 MB
W20240211 01:48:26.261129  9669 IPCTensor.h:369] NewIPCTensor: input_keys_7 [1000000]0x1000a9635000 7.629 MB
W20240211 01:48:26.261293  9669 IPCTensor.h:369] NewIPCTensor: input_keys_neg_7 [1000000]0x1000a9dd8000 7.629 MB
W20240211 01:48:26.261353  9669 IPCTensor.h:369] NewIPCTensor: backward_grads_7 [1000000, 32]0x1000aa57b000 122.1 MB
W20240211 01:48:26.261390  9669 IPCTensor.h:369] NewIPCTensor: backward_grads_neg_7 [1000000, 32]0x1000b1f8f000 122.1 MB
W20240211 01:48:26.261421  9669 IPCTensor.h:409] NewIPCGPUTensor: backward_grads_7_gpu [1000000, 32]; dev=7; size=122.1 MB
W20240211 01:48:26.267601  9669 IPCTensor.h:409] NewIPCGPUTensor: backward_grads_neg_7_gpu [1000000, 32]; dev=7; size=122.1 MB
W20240211 01:48:26.387708  8527 IPCTensor.h:369] NewIPCTensor: input_keys_0 [1000000]0x1000b99a9000 7.629 MB
W20240211 01:48:26.387974  8527 IPCTensor.h:369] NewIPCTensor: input_keys_neg_0 [1000000]0x1000ba14c000 7.629 MB
W20240211 01:48:26.388098  8527 IPCTensor.h:369] NewIPCTensor: backward_grads_0 [1000000, 32]0x1000ba8ef000 122.1 MB
W20240211 01:48:26.388185  8527 IPCTensor.h:369] NewIPCTensor: backward_grads_neg_0 [1000000, 32]0x1000c2303000 122.1 MB
W20240211 01:48:26.388229  8527 IPCTensor.h:409] NewIPCGPUTensor: backward_grads_0_gpu [1000000, 32]; dev=0; size=122.1 MB
W20240211 01:48:26.388607  8527 IPCTensor.h:409] NewIPCGPUTensor: backward_grads_neg_0_gpu [1000000, 32]; dev=0; size=122.1 MB
cudaHostRegister 0x100000002000
6: KnownLocalCachedEmbedding init done
cudaHostRegister 0x100000002000
3: KnownLocalCachedEmbedding init done
cudaHostRegister 0x100000002000
7: KnownLocalCachedEmbedding init done
cudaHostRegister 0x100000002000
1: KnownLocalCachedEmbedding init done
cudaHostRegister 0x100000002000
2: KnownLocalCachedEmbedding init done
cudaHostRegister 0x100000002000
5: KnownLocalCachedEmbedding init done
cudaHostRegister 0x100000002000
4: KnownLocalCachedEmbedding init done
Worker 7 pid=9669
New CachedEmbedding, name=full_emb, shape=(9449206, 32), cache_type=KnownLocalCachedEmbeddingSoftware
fixed cache_range is [(0, 472460), (472460, 944920), (944920, 1417380), (1417380, 1889840), (1889840, 2362300), (2362300, 2834760), (2834760, 3307220), (3307220, 3779680)]
cudaHostRegister 0x100000002000
0: KnownLocalCachedEmbedding init done
W20240211 01:48:30.943378  8527 IPCTensor.h:369] NewIPCTensor: cached_sampler_r0_0 [1000000]0x1000c9d1b000 7.629 MB
W20240211 01:48:30.943670  8527 IPCTensor.h:369] NewIPCTensor: cached_sampler_r0_1 [1000000]0x1000ca4be000 7.629 MB
W20240211 01:48:30.943724  8527 IPCTensor.h:369] NewIPCTensor: cached_sampler_r0_2 [1000000]0x1000cac61000 7.629 MB
W20240211 01:48:30.943759  8527 IPCTensor.h:369] NewIPCTensor: cached_sampler_r0_3 [1000000]0x1000cb404000 7.629 MB
W20240211 01:48:30.943789  8527 IPCTensor.h:369] NewIPCTensor: cached_sampler_r0_4 [1000000]0x1000cbba7000 7.629 MB
W20240211 01:48:30.943825  8527 IPCTensor.h:369] NewIPCTensor: cached_sampler_r0_5 [1000000]0x1000cc34a000 7.629 MB
W20240211 01:48:30.943862  8527 IPCTensor.h:369] NewIPCTensor: cached_sampler_r0_6 [1000000]0x1000ccaed000 7.629 MB
W20240211 01:48:30.943922  8527 IPCTensor.h:369] NewIPCTensor: cached_sampler_r0_7 [1000000]0x1000cd290000 7.629 MB
W20240211 01:48:30.943965  8527 IPCTensor.h:369] NewIPCTensor: cached_sampler_r0_8 [1000000]0x1000cda33000 7.629 MB
W20240211 01:48:30.943994  8527 IPCTensor.h:369] NewIPCTensor: cached_sampler_r0_9 [1000000]0x1000ce1d6000 7.629 MB
W20240211 01:48:30.944061  8527 IPCTensor.h:369] NewIPCTensor: step_r0 [10]0x1000ce979000 80 B 
W20240211 01:48:30.944114  8527 IPCTensor.h:369] NewIPCTensor: circle_buffer_end_r0 [1]0x1000ce97b000 8 B 
W20240211 01:48:30.944154  8527 IPCTensor.h:369] NewIPCTensor: circle_buffer_end_cppseen_r0 [1]0x1000ce97d000 8 B 
Dataset:  /home/xieminhui/RecStoreDataset/avazu_binary
Dataset loaded
np.max =  9449205
np.min=  1
Construct RecModelSampler done
Construct KGCacheControllerWrapper done
E20240211 01:48:30.945255  8527 recstore.cc:66] init folly done
W20240211 01:48:31.136776  9669 IPCTensor.h:369] NewIPCTensor: cached_sampler_r7_0 [1000000]0x1000ce97f000 7.629 MB
W20240211 01:48:31.136953  9669 IPCTensor.h:369] NewIPCTensor: cached_sampler_r7_1 [1000000]0x1000cf122000 7.629 MB
W20240211 01:48:31.137006  9669 IPCTensor.h:369] NewIPCTensor: cached_sampler_r7_2 [1000000]0x1000cf8c5000 7.629 MB
W20240211 01:48:31.137045  9669 IPCTensor.h:369] NewIPCTensor: cached_sampler_r7_3 [1000000]0x1000d0068000 7.629 MB
W20240211 01:48:31.137091  9669 IPCTensor.h:369] NewIPCTensor: cached_sampler_r7_4 [1000000]0x1000d080b000 7.629 MB
W20240211 01:48:31.137148  9669 IPCTensor.h:369] NewIPCTensor: cached_sampler_r7_5 [1000000]0x1000d0fae000 7.629 MB
W20240211 01:48:31.137184  9669 IPCTensor.h:369] NewIPCTensor: cached_sampler_r7_6 [1000000]0x1000d1751000 7.629 MB
W20240211 01:48:31.137241  9669 IPCTensor.h:369] NewIPCTensor: cached_sampler_r7_7 [1000000]0x1000d1ef4000 7.629 MB
W20240211 01:48:31.137280  9669 IPCTensor.h:369] NewIPCTensor: cached_sampler_r7_8 [1000000]0x1000d2697000 7.629 MB
W20240211 01:48:31.137331  9669 IPCTensor.h:369] NewIPCTensor: cached_sampler_r7_9 [1000000]0x1000d2e3a000 7.629 MB
W20240211 01:48:31.137368  9669 IPCTensor.h:369] NewIPCTensor: step_r7 [10]0x1000d35dd000 80 B 
W20240211 01:48:31.137405  9669 IPCTensor.h:369] NewIPCTensor: circle_buffer_end_r7 [1]0x1000d35df000 8 B 
W20240211 01:48:31.137442  9669 IPCTensor.h:369] NewIPCTensor: circle_buffer_end_cppseen_r7 [1]0x1000d35e1000 8 B 
Dataset:  /home/xieminhui/RecStoreDataset/avazu_binary
Dataset loaded
np.max =  9449205
np.min=  1
Construct RecModelSampler done
Construct KGCacheControllerWrapper done
E20240211 01:48:31.138391  9669 recstore.cc:66] init folly done
W20240211 01:48:31.157106  9668 IPCTensor.h:369] NewIPCTensor: cached_sampler_r6_0 [1000000]0x1000d35e3000 7.629 MB
W20240211 01:48:31.157450  9668 IPCTensor.h:369] NewIPCTensor: cached_sampler_r6_1 [1000000]0x1000d3d86000 7.629 MB
W20240211 01:48:31.157503  9668 IPCTensor.h:369] NewIPCTensor: cached_sampler_r6_2 [1000000]0x1000d4529000 7.629 MB
W20240211 01:48:31.157543  9668 IPCTensor.h:369] NewIPCTensor: cached_sampler_r6_3 [1000000]0x1000d4ccc000 7.629 MB
W20240211 01:48:31.157616  9668 IPCTensor.h:369] NewIPCTensor: cached_sampler_r6_4 [1000000]0x1000d546f000 7.629 MB
W20240211 01:48:31.157672  9668 IPCTensor.h:369] NewIPCTensor: cached_sampler_r6_5 [1000000]0x1000d5c12000 7.629 MB
W20240211 01:48:31.157716  9668 IPCTensor.h:369] NewIPCTensor: cached_sampler_r6_6 [1000000]0x1000d63b5000 7.629 MB
W20240211 01:48:31.157768  9668 IPCTensor.h:369] NewIPCTensor: cached_sampler_r6_7 [1000000]0x1000d6b58000 7.629 MB
W20240211 01:48:31.157809  9668 IPCTensor.h:369] NewIPCTensor: cached_sampler_r6_8 [1000000]0x1000d72fb000 7.629 MB
W20240211 01:48:31.157867  9668 IPCTensor.h:369] NewIPCTensor: cached_sampler_r6_9 [1000000]0x1000d7a9e000 7.629 MB
W20240211 01:48:31.157927  9668 IPCTensor.h:369] NewIPCTensor: step_r6 [10]0x1000d8241000 80 B 
W20240211 01:48:31.157966  9668 IPCTensor.h:369] NewIPCTensor: circle_buffer_end_r6 [1]0x1000d8243000 8 B 
W20240211 01:48:31.158002  9668 IPCTensor.h:369] NewIPCTensor: circle_buffer_end_cppseen_r6 [1]0x1000d8245000 8 B 
Dataset:  /home/xieminhui/RecStoreDataset/avazu_binary
Dataset loaded
np.max =  9449205
np.min=  1
Construct RecModelSampler done
Construct KGCacheControllerWrapper done
E20240211 01:48:31.159009  9668 recstore.cc:66] init folly done
W20240211 01:48:31.218981  9667 IPCTensor.h:369] NewIPCTensor: cached_sampler_r5_0 [1000000]0x1000d8247000 7.629 MB
W20240211 01:48:31.219110  9667 IPCTensor.h:369] NewIPCTensor: cached_sampler_r5_1 [1000000]0x1000d89ea000 7.629 MB
W20240211 01:48:31.219161  9667 IPCTensor.h:369] NewIPCTensor: cached_sampler_r5_2 [1000000]0x1000d918d000 7.629 MB
W20240211 01:48:31.219197  9667 IPCTensor.h:369] NewIPCTensor: cached_sampler_r5_3 [1000000]0x1000d9930000 7.629 MB
W20240211 01:48:31.219246  9667 IPCTensor.h:369] NewIPCTensor: cached_sampler_r5_4 [1000000]0x1000da0d3000 7.629 MB
W20240211 01:48:31.219295  9667 IPCTensor.h:369] NewIPCTensor: cached_sampler_r5_5 [1000000]0x1000da876000 7.629 MB
W20240211 01:48:31.219347  9667 IPCTensor.h:369] NewIPCTensor: cached_sampler_r5_6 [1000000]0x1000db019000 7.629 MB
W20240211 01:48:31.219394  9667 IPCTensor.h:369] NewIPCTensor: cached_sampler_r5_7 [1000000]0x1000db7bc000 7.629 MB
W20240211 01:48:31.219437  9667 IPCTensor.h:369] NewIPCTensor: cached_sampler_r5_8 [1000000]0x1000dbf5f000 7.629 MB
W20240211 01:48:31.219483  9667 IPCTensor.h:369] NewIPCTensor: cached_sampler_r5_9 [1000000]0x1000dc702000 7.629 MB
W20240211 01:48:31.219520  9667 IPCTensor.h:369] NewIPCTensor: step_r5 [10]0x1000dcea5000 80 B 
W20240211 01:48:31.219558  9667 IPCTensor.h:369] NewIPCTensor: circle_buffer_end_r5 [1]0x1000dcea7000 8 B 
W20240211 01:48:31.219590  9667 IPCTensor.h:369] NewIPCTensor: circle_buffer_end_cppseen_r5 [1]0x1000dcea9000 8 B 
Dataset:  /home/xieminhui/RecStoreDataset/avazu_binary
Dataset loaded
np.max =  9449205
np.min=  1
Construct RecModelSampler done
Construct KGCacheControllerWrapper done
E20240211 01:48:31.220000  9667 recstore.cc:66] init folly done
W20240211 01:48:31.246538  9666 IPCTensor.h:369] NewIPCTensor: cached_sampler_r4_0 [1000000]0x1000dceab000 7.629 MB
W20240211 01:48:31.246755  9666 IPCTensor.h:369] NewIPCTensor: cached_sampler_r4_1 [1000000]0x1000dd64e000 7.629 MB
W20240211 01:48:31.246845  9666 IPCTensor.h:369] NewIPCTensor: cached_sampler_r4_2 [1000000]0x1000dddf1000 7.629 MB
W20240211 01:48:31.246914  9666 IPCTensor.h:369] NewIPCTensor: cached_sampler_r4_3 [1000000]0x1000de594000 7.629 MB
W20240211 01:48:31.246989  9666 IPCTensor.h:369] NewIPCTensor: cached_sampler_r4_4 [1000000]0x1000ded37000 7.629 MB
W20240211 01:48:31.247072  9666 IPCTensor.h:369] NewIPCTensor: cached_sampler_r4_5 [1000000]0x1000df4da000 7.629 MB
W20240211 01:48:31.247135  9666 IPCTensor.h:369] NewIPCTensor: cached_sampler_r4_6 [1000000]0x1000dfc7d000 7.629 MB
W20240211 01:48:31.247212  9666 IPCTensor.h:369] NewIPCTensor: cached_sampler_r4_7 [1000000]0x1000e0420000 7.629 MB
W20240211 01:48:31.247272  9666 IPCTensor.h:369] NewIPCTensor: cached_sampler_r4_8 [1000000]0x1000e0bc3000 7.629 MB
W20240211 01:48:31.247357  9666 IPCTensor.h:369] NewIPCTensor: cached_sampler_r4_9 [1000000]0x1000e1366000 7.629 MB
W20240211 01:48:31.247419  9666 IPCTensor.h:369] NewIPCTensor: step_r4 [10]0x1000e1b09000 80 B 
W20240211 01:48:31.247475  9666 IPCTensor.h:369] NewIPCTensor: circle_buffer_end_r4 [1]0x1000e1b0b000 8 B 
W20240211 01:48:31.247534  9666 IPCTensor.h:369] NewIPCTensor: circle_buffer_end_cppseen_r4 [1]0x1000e1b0d000 8 B 
Dataset:  /home/xieminhui/RecStoreDataset/avazu_binary
Dataset loaded
np.max =  9449205
np.min=  1
Construct RecModelSampler done
Construct KGCacheControllerWrapper done
E20240211 01:48:31.248217  9666 recstore.cc:66] init folly done
W20240211 01:48:31.275677  9663 IPCTensor.h:369] NewIPCTensor: cached_sampler_r1_0 [1000000]0x1000e1b0f000 7.629 MB
W20240211 01:48:31.275858  9663 IPCTensor.h:369] NewIPCTensor: cached_sampler_r1_1 [1000000]0x1000e22b2000 7.629 MB
W20240211 01:48:31.275919  9663 IPCTensor.h:369] NewIPCTensor: cached_sampler_r1_2 [1000000]0x1000e2a55000 7.629 MB
W20240211 01:48:31.275971  9663 IPCTensor.h:369] NewIPCTensor: cached_sampler_r1_3 [1000000]0x1000e31f8000 7.629 MB
W20240211 01:48:31.276031  9663 IPCTensor.h:369] NewIPCTensor: cached_sampler_r1_4 [1000000]0x1000e399b000 7.629 MB
W20240211 01:48:31.276113  9663 IPCTensor.h:369] NewIPCTensor: cached_sampler_r1_5 [1000000]0x1000e413e000 7.629 MB
W20240211 01:48:31.276165  9663 IPCTensor.h:369] NewIPCTensor: cached_sampler_r1_6 [1000000]0x1000e48e1000 7.629 MB
W20240211 01:48:31.276229  9663 IPCTensor.h:369] NewIPCTensor: cached_sampler_r1_7 [1000000]0x1000e5084000 7.629 MB
W20240211 01:48:31.276280  9663 IPCTensor.h:369] NewIPCTensor: cached_sampler_r1_8 [1000000]0x1000e5827000 7.629 MB
W20240211 01:48:31.276350  9663 IPCTensor.h:369] NewIPCTensor: cached_sampler_r1_9 [1000000]0x1000e5fca000 7.629 MB
W20240211 01:48:31.276409  9663 IPCTensor.h:369] NewIPCTensor: step_r1 [10]0x1000e676d000 80 B 
W20240211 01:48:31.276456  9663 IPCTensor.h:369] NewIPCTensor: circle_buffer_end_r1 [1]0x1000e676f000 8 B 
W20240211 01:48:31.276515  9663 IPCTensor.h:369] NewIPCTensor: circle_buffer_end_cppseen_r1 [1]0x1000e6771000 8 B 
Dataset:  /home/xieminhui/RecStoreDataset/avazu_binary
Dataset loaded
np.max =  9449205
np.min=  1
Construct RecModelSampler done
Construct KGCacheControllerWrapper done
E20240211 01:48:31.277053  9663 recstore.cc:66] init folly done
W20240211 01:48:31.493811  9665 IPCTensor.h:369] NewIPCTensor: cached_sampler_r3_0 [1000000]0x1000e6773000 7.629 MB
W20240211 01:48:31.493999  9665 IPCTensor.h:369] NewIPCTensor: cached_sampler_r3_1 [1000000]0x1000e6f16000 7.629 MB
W20240211 01:48:31.494050  9665 IPCTensor.h:369] NewIPCTensor: cached_sampler_r3_2 [1000000]0x1000e76b9000 7.629 MB
W20240211 01:48:31.494092  9665 IPCTensor.h:369] NewIPCTensor: cached_sampler_r3_3 [1000000]0x1000e7e5c000 7.629 MB
W20240211 01:48:31.494143  9665 IPCTensor.h:369] NewIPCTensor: cached_sampler_r3_4 [1000000]0x1000e85ff000 7.629 MB
W20240211 01:48:31.494223  9665 IPCTensor.h:369] NewIPCTensor: cached_sampler_r3_5 [1000000]0x1000e8da2000 7.629 MB
W20240211 01:48:31.494266  9665 IPCTensor.h:369] NewIPCTensor: cached_sampler_r3_6 [1000000]0x1000e9545000 7.629 MB
W20240211 01:48:31.494323  9665 IPCTensor.h:369] NewIPCTensor: cached_sampler_r3_7 [1000000]0x1000e9ce8000 7.629 MB
W20240211 01:48:31.494374  9665 IPCTensor.h:369] NewIPCTensor: cached_sampler_r3_8 [1000000]0x1000ea48b000 7.629 MB
W20240211 01:48:31.494431  9665 IPCTensor.h:369] NewIPCTensor: cached_sampler_r3_9 [1000000]0x1000eac2e000 7.629 MB
W20240211 01:48:31.494477  9665 IPCTensor.h:369] NewIPCTensor: step_r3 [10]0x1000eb3d1000 80 B 
W20240211 01:48:31.494520  9665 IPCTensor.h:369] NewIPCTensor: circle_buffer_end_r3 [1]0x1000eb3d3000 8 B 
W20240211 01:48:31.494561  9665 IPCTensor.h:369] NewIPCTensor: circle_buffer_end_cppseen_r3 [1]0x1000eb3d5000 8 B 
Dataset:  /home/xieminhui/RecStoreDataset/avazu_binary
Dataset loaded
np.max =  9449205
np.min=  1
Construct RecModelSampler done
Construct KGCacheControllerWrapper done
E20240211 01:48:31.495136  9665 recstore.cc:66] init folly done
W20240211 01:48:31.579041  9664 IPCTensor.h:369] NewIPCTensor: cached_sampler_r2_0 [1000000]0x1000eb3d7000 7.629 MB
W20240211 01:48:31.579213  9664 IPCTensor.h:369] NewIPCTensor: cached_sampler_r2_1 [1000000]0x1000ebb7a000 7.629 MB
W20240211 01:48:31.579267  9664 IPCTensor.h:369] NewIPCTensor: cached_sampler_r2_2 [1000000]0x1000ec31d000 7.629 MB
W20240211 01:48:31.579305  9664 IPCTensor.h:369] NewIPCTensor: cached_sampler_r2_3 [1000000]0x1000ecac0000 7.629 MB
W20240211 01:48:31.579352  9664 IPCTensor.h:369] NewIPCTensor: cached_sampler_r2_4 [1000000]0x1000ed263000 7.629 MB
W20240211 01:48:31.579402  9664 IPCTensor.h:369] NewIPCTensor: cached_sampler_r2_5 [1000000]0x1000eda06000 7.629 MB
W20240211 01:48:31.579438  9664 IPCTensor.h:369] NewIPCTensor: cached_sampler_r2_6 [1000000]0x1000ee1a9000 7.629 MB
W20240211 01:48:31.579493  9664 IPCTensor.h:369] NewIPCTensor: cached_sampler_r2_7 [1000000]0x1000ee94c000 7.629 MB
W20240211 01:48:31.579531  9664 IPCTensor.h:369] NewIPCTensor: cached_sampler_r2_8 [1000000]0x1000ef0ef000 7.629 MB
W20240211 01:48:31.579583  9664 IPCTensor.h:369] NewIPCTensor: cached_sampler_r2_9 [1000000]0x1000ef892000 7.629 MB
W20240211 01:48:31.579622  9664 IPCTensor.h:369] NewIPCTensor: step_r2 [10]0x1000f0035000 80 B 
W20240211 01:48:31.579660  9664 IPCTensor.h:369] NewIPCTensor: circle_buffer_end_r2 [1]0x1000f0037000 8 B 
W20240211 01:48:31.579695  9664 IPCTensor.h:369] NewIPCTensor: circle_buffer_end_cppseen_r2 [1]0x1000f0039000 8 B 
Dataset:  /home/xieminhui/RecStoreDataset/avazu_binary
Dataset loaded
np.max =  9449205
np.min=  1
Construct RecModelSampler done
Construct KGCacheControllerWrapper done
E20240211 01:48:31.580202  9664 recstore.cc:66] init folly done
Before Training
Before Training
Before Training
Before Training
Before Training
Before Training
Before Training
I20240211 01:48:32.378001  9664 IPC_barrier.h:118] CreateBarrier: new barrier, name: start_barrier, count: 8
I20240211 01:48:32.378031  9666 IPC_barrier.h:112] CreateBarrier: find existing barrier, name: start_barrier, count: 8
I20240211 01:48:32.378067  9668 IPC_barrier.h:112] CreateBarrier: find existing barrier, name: start_barrier, count: 8
I20240211 01:48:32.378093  9665 IPC_barrier.h:112] CreateBarrier: find existing barrier, name: start_barrier, count: 8
I20240211 01:48:32.378181  9663 IPC_barrier.h:112] CreateBarrier: find existing barrier, name: start_barrier, count: 8
I20240211 01:48:32.378203  9667 IPC_barrier.h:112] CreateBarrier: find existing barrier, name: start_barrier, count: 8
I20240211 01:48:32.378222  9669 IPC_barrier.h:112] CreateBarrier: find existing barrier, name: start_barrier, count: 8
Before Training
I20240211 01:48:32.379567  8527 IPC_barrier.h:112] CreateBarrier: find existing barrier, name: start_barrier, count: 8
========== Step 0 ========== 
+---------------------------+---------------------------+---------------------------+
| Name                      | P50                       | P99                       |
+---------------------------+---------------------------+---------------------------+
| GenInput:CircleBuffer     | 326.821 us                | 326.821 us                |
| GenInput                  | 542.839 us                | 542.839 us                |
| bucket keys               | 62.032 ms                 | 62.032 ms                 |
| forward: join             | 94.139 ms                 | 94.139 ms                 |
| NN                        | 157.199 ms                | 157.199 ms                |
| Forward                   | 382.070 ms                | 382.070 ms                |
| back: bucket keys         | 587.248 us                | 587.248 us                |
+---------------------------+---------------------------+---------------------------+
+---------------------------+---------------------------+---------------------------+
| Name                      | P50                       | P99                       |
+---------------------------+---------------------------+---------------------------+
| GenInput:CircleBuffer     | 326.821 us                | 326.821 us                |
| GenInput                  | 542.839 us                | 542.839 us                |
| bucket keys               | 62.032 ms                 | 62.032 ms                 |
| forward: join             | 94.139 ms                 | 94.139 ms                 |
| NN                        | 157.199 ms                | 157.199 ms                |
| Forward                   | 382.070 ms                | 382.070 ms                |
| back: bucket keys         | 587.248 us                | 587.248 us                |
+---------------------------+---------------------------+---------------------------+
+---------------------------+---------------------------+---------------------------+
| Name                      | P50                       | P99                       |
+---------------------------+---------------------------+---------------------------+
| GenInput:CircleBuffer     | 326.821 us                | 326.821 us                |
| GenInput                  | 542.839 us                | 542.839 us                |
| bucket keys               | 62.032 ms                 | 62.032 ms                 |
| forward: join             | 94.139 ms                 | 94.139 ms                 |
| NN                        | 157.199 ms                | 157.199 ms                |
| Forward                   | 382.070 ms                | 382.070 ms                |
| back: bucket keys         | 587.248 us                | 587.248 us                |
+---------------------------+---------------------------+---------------------------+
+---------------------------+---------------------------+---------------------------+
| Name                      | P50                       | P99                       |
+---------------------------+---------------------------+---------------------------+
| GenInput:CircleBuffer     | 326.821 us                | 326.821 us                |
| GenInput                  | 542.839 us                | 542.839 us                |
| bucket keys               | 62.032 ms                 | 62.032 ms                 |
| forward: join             | 94.139 ms                 | 94.139 ms                 |
| NN                        | 157.199 ms                | 157.199 ms                |
| Forward                   | 382.070 ms                | 382.070 ms                |
| back: bucket keys         | 587.248 us                | 587.248 us                |
+---------------------------+---------------------------+---------------------------+
+---------------------------+---------------------------+---------------------------+
| Name                      | P50                       | P99                       |
+---------------------------+---------------------------+---------------------------+
| GenInput:CircleBuffer     | 326.821 us                | 326.821 us                |
| GenInput                  | 542.839 us                | 542.839 us                |
| bucket keys               | 62.032 ms                 | 62.032 ms                 |
| forward: join             | 94.139 ms                 | 94.139 ms                 |
| NN                        | 157.199 ms                | 157.199 ms                |
| Forward                   | 382.070 ms                | 382.070 ms                |
| back: bucket keys         | 587.248 us                | 587.248 us                |
+---------------------------+---------------------------+---------------------------+
+---------------------------+---------------------------+---------------------------+
| Name                      | P50                       | P99                       |
+---------------------------+---------------------------+---------------------------+
| GenInput:CircleBuffer     | 326.821 us                | 326.821 us                |
| GenInput                  | 542.839 us                | 542.839 us                |
| bucket keys               | 62.032 ms                 | 62.032 ms                 |
| forward: join             | 94.139 ms                 | 94.139 ms                 |
| NN                        | 157.199 ms                | 157.199 ms                |
| Forward                   | 382.070 ms                | 382.070 ms                |
| back: bucket keys         | 587.248 us                | 587.248 us                |
+---------------------------+---------------------------+---------------------------+
+---------------------------+---------------------------+---------------------------+
| Name                      | P50                       | P99                       |
+---------------------------+---------------------------+---------------------------+
| GenInput:CircleBuffer     | 326.821 us                | 326.821 us                |
| GenInput                  | 542.839 us                | 542.839 us                |
| bucket keys               | 62.032 ms                 | 62.032 ms                 |
| forward: join             | 94.139 ms                 | 94.139 ms                 |
| NN                        | 157.199 ms                | 157.199 ms                |
| Forward                   | 382.070 ms                | 382.070 ms                |
| back: bucket keys         | 587.248 us                | 587.248 us                |
+---------------------------+---------------------------+---------------------------+
+---------------------------+---------------------------+---------------------------+
| Name                      | P50                       | P99                       |
+---------------------------+---------------------------+---------------------------+
| GenInput:CircleBuffer     | 326.821 us                | 326.821 us                |
| GenInput                  | 542.839 us                | 542.839 us                |
| bucket keys               | 62.032 ms                 | 62.032 ms                 |
| forward: join             | 94.139 ms                 | 94.139 ms                 |
| NN                        | 157.199 ms                | 157.199 ms                |
| Forward                   | 382.070 ms                | 382.070 ms                |
| back: bucket keys         | 587.248 us                | 587.248 us                |
+---------------------------+---------------------------+---------------------------+
+---------------------------+---------------------------+---------------------------+
| Name                      | P50                       | P99                       |
+---------------------------+---------------------------+---------------------------+
| GenInput:CircleBuffer     | 326.821 us                | 326.821 us                |
| GenInput                  | 542.839 us                | 542.839 us                |
| bucket keys               | 62.032 ms                 | 62.032 ms                 |
| forward: join             | 94.139 ms                 | 94.139 ms                 |
| NN                        | 157.199 ms                | 157.199 ms                |
| Forward                   | 382.070 ms                | 382.070 ms                |
| back: bucket keys         | 587.248 us                | 587.248 us                |
+---------------------------+---------------------------+---------------------------+
+---------------------------+---------------------------+---------------------------+
| Name                      | P50                       | P99                       |
+---------------------------+---------------------------+---------------------------+
| GenInput:CircleBuffer     | 326.821 us                | 326.821 us                |
| GenInput                  | 542.839 us                | 542.839 us                |
| bucket keys               | 62.032 ms                 | 62.032 ms                 |
| forward: join             | 94.139 ms                 | 94.139 ms                 |
| NN                        | 157.199 ms                | 157.199 ms                |
| Forward                   | 382.070 ms                | 382.070 ms                |
| back: bucket keys         | 587.248 us                | 587.248 us                |
+---------------------------+---------------------------+---------------------------+
+---------------------------+---------------------------+---------------------------+
| Name                      | P50                       | P99                       |
+---------------------------+---------------------------+---------------------------+
| GenInput:CircleBuffer     | 326.821 us                | 326.821 us                |
| GenInput                  | 542.839 us                | 542.839 us                |
| bucket keys               | 62.032 ms                 | 62.032 ms                 |
| forward: join             | 94.139 ms                 | 94.139 ms                 |
| NN                        | 157.199 ms                | 157.199 ms                |
| Forward                   | 382.070 ms                | 382.070 ms                |
| back: bucket keys         | 587.248 us                | 587.248 us                |
| back: a2a                 | 52.044 s                  | 52.044 s                  |
| back: cache               | 34.742 ms                 | 34.742 ms                 |
| back: aggr dram keys      | 877.211 ms                | 877.211 ms                |
| back: set dram grad       | 966.438 us                | 966.438 us                |
| Backward                  | 53.046 s                  | 53.046 s                  |
+---------------------------+---------------------------+---------------------------+
========== Step 1 ========== 
INFO [9667 distributed.py:1140] Reducer buckets have been rebuilt in this iteration.
INFO [9666 distributed.py:1140] Reducer buckets have been rebuilt in this iteration.
INFO [9663 distributed.py:1140] Reducer buckets have been rebuilt in this iteration.
INFO [8527 distributed.py:1140] Reducer buckets have been rebuilt in this iteration.
INFO [9664 distributed.py:1140] Reducer buckets have been rebuilt in this iteration.
INFO [9669 distributed.py:1140] Reducer buckets have been rebuilt in this iteration.
INFO [9665 distributed.py:1140] Reducer buckets have been rebuilt in this iteration.
INFO [9668 distributed.py:1140] Reducer buckets have been rebuilt in this iteration.
========== Step 2 ========== 
========== Step 3 ========== 
========== Step 4 ========== 
========== Step 5 ========== 
========== Step 6 ========== 
========== Step 7 ========== 
========== Step 8 ========== 
========== Step 9 ========== 
========== Step 10 ========== 
========== Step 11 ========== 
========== Step 12 ========== 
========== Step 13 ========== 
========== Step 14 ========== 
========== Step 15 ========== 
========== Step 16 ========== 
========== Step 17 ========== 
========== Step 18 ========== 
========== Step 19 ========== 
========== Step 20 ========== 
========== Step 21 ========== 
========== Step 22 ========== 
========== Step 23 ========== 
========== Step 24 ========== 
========== Step 25 ========== 
========== Step 26 ========== 
========== Step 27 ========== 
========== Step 28 ========== 
========== Step 29 ========== 
========== Step 30 ========== 
========== Step 31 ========== 
========== Step 32 ========== 
========== Step 33 ========== 
+---------------------------+---------------------------+---------------------------+
| Name                      | P50                       | P99                       |
+---------------------------+---------------------------+---------------------------+
| GenInput:CircleBuffer     | 136.243 us                | 326.821 us                |
| GenInput                  | 468.637 us                | 9.650 ms                  |
| bucket keys               | 569.007 us                | 62.032 ms                 |
| forward: join             | 50.323 ms                 | 101.828 ms                |
| NN                        | 1.093 ms                  | 157.199 ms                |
| Forward                   | 61.392 ms                 | 382.070 ms                |
| back: bucket keys         | 414.265 us                | 683.008 us                |
| back: a2a                 | 45.628 ms                 | 52.044 s                  |
| back: cache               | 7.770 ms                  | 34.742 ms                 |
| back: aggr dram keys      | 15.868 ms                 | 877.211 ms                |
| back: set dram grad       | 390.457 us                | 997.277 us                |
| Backward                  | 75.674 ms                 | 53.046 s                  |
| Optimize                  | 16.316 ms                 | 169.114 ms                |
| OneStep                   | 154.371 ms                | 53.601 s                  |
+---------------------------+---------------------------+---------------------------+
========== Step 34 ========== 
========== Step 35 ========== 
========== Step 36 ========== 
========== Step 37 ========== 
========== Step 38 ========== 
========== Step 39 ========== 
========== Step 40 ========== 
========== Step 41 ========== 
========== Step 42 ========== 
========== Step 43 ========== 
========== Step 44 ========== 
========== Step 45 ========== 
========== Step 46 ========== 
========== Step 47 ========== 
========== Step 48 ========== 
========== Step 49 ========== 
Successfully xmh
