WARNING: Logging before InitGoogleLogging() is written to STDERR
I20240128 02:26:03.602566 4001809 IPC_barrier.h:128] MultiProcessBarrierFactory->ClearIPCMemory()
/home/xieminhui/RecStore/src/framework_adapters/torch/kg/dgl-0.9.1/python/dgl/_deprecate/graph.py:1023: DGLWarning: multigraph will be deprecated.DGL will treat all graphs as multigraph in the future.
  dgl_warning("multigraph will be deprecated." \
/home/xieminhui/RecStore/src/framework_adapters/torch/kg/dgl-0.9.1/python/dgl/heterograph.py:72: DGLWarning: Recommend creating graphs by `dgl.graph(data)` instead of `dgl.DGLGraph(data)`.
  dgl_warning('Recommend creating graphs by `dgl.graph(data)`'
Reading train triples....
Finished. Read 483142 train triples.
Reading valid triples....
Finished. Read 50000 valid triples.
Reading test triples....
Finished. Read 59071 test triples.
ARGS:  Namespace(model_name='TransE', data_path='/home/xieminhui/dgl-data', dataset='FB15k', format='built_in', data_files=None, delimiter='\t', save_path='/tmp/ckpts/TransE_FB15k_9', no_save_emb=True, max_step=500, batch_size=1800, batch_size_eval=16, neg_sample_size=200, neg_deg_sample=False, neg_deg_sample_eval=False, neg_sample_size_eval=14951, eval_percent=1, no_eval_filter=False, log_interval=100, eval_interval=10000, test=False, num_proc=4, num_thread=1, force_sync_interval=1, hidden_dim=400, lr=0.01, gamma=16.0, double_ent=False, double_rel=False, neg_adversarial_sampling=False, adversarial_temperature=1.0, regularization_coef=0.0, regularization_norm=3, pairwise=False, loss_genre='Logsigmoid', margin=1.0, nr_gpus=4, gpu=[0, 1, 2, 3], mix_cpu_gpu=True, valid=False, rel_part=False, async_update=None, has_edge_importance=False, cached_emb_type='KnownLocalCachedEmbedding', use_my_emb=True, cache_ratio=0.05, shuffle=False, backwardMode='CppAsyncV2', L=10, update_cache_use_omp=1, update_pq_use_omp=1, kForwardItersPerStep=2, backgrad_init='both', eval_filter=True, soft_rel_part=False)
|Train|: 483142
original graph:  DGLGraph(num_nodes=14951, num_edges=592213,
         ndata_schemes={}
         edata_schemes={'tid': Scheme(shape=(), dtype=torch.int64)})
Loading cached metis
WARNING [4001809 sampler.py:454] Start PreSampling
WARNING [4001809 sampler.py:532] Before construct renumbering_dict
WARNING [4001809 sampler.py:555] PreSampling done
W20240128 02:26:05.849437 4001809 IPCTensor.h:368] NewIPCTensor: cached_sampler_r0_0 [1000000]0x100000002000 7.629 MB
W20240128 02:26:05.849660 4001809 IPCTensor.h:368] NewIPCTensor: cached_sampler_r0_1 [1000000]0x1000007a5000 7.629 MB
W20240128 02:26:05.849690 4001809 IPCTensor.h:368] NewIPCTensor: cached_sampler_r0_2 [1000000]0x100000f48000 7.629 MB
W20240128 02:26:05.849723 4001809 IPCTensor.h:368] NewIPCTensor: cached_sampler_r0_3 [1000000]0x1000016eb000 7.629 MB
W20240128 02:26:05.849743 4001809 IPCTensor.h:368] NewIPCTensor: cached_sampler_r0_4 [1000000]0x100001e8e000 7.629 MB
W20240128 02:26:05.849794 4001809 IPCTensor.h:368] NewIPCTensor: cached_sampler_r0_5 [1000000]0x100002631000 7.629 MB
W20240128 02:26:05.849826 4001809 IPCTensor.h:368] NewIPCTensor: cached_sampler_r0_6 [1000000]0x100002dd4000 7.629 MB
W20240128 02:26:05.849871 4001809 IPCTensor.h:368] NewIPCTensor: cached_sampler_r0_7 [1000000]0x100003577000 7.629 MB
W20240128 02:26:05.849893 4001809 IPCTensor.h:368] NewIPCTensor: cached_sampler_r0_8 [1000000]0x100003d1a000 7.629 MB
W20240128 02:26:05.849933 4001809 IPCTensor.h:368] NewIPCTensor: cached_sampler_r0_9 [1000000]0x1000044bd000 7.629 MB
W20240128 02:26:05.849984 4001809 IPCTensor.h:368] NewIPCTensor: step_r0 [10]0x100004c60000 80 B 
W20240128 02:26:05.850008 4001809 IPCTensor.h:368] NewIPCTensor: circle_buffer_end_r0 [1]0x100004c62000 8 B 
W20240128 02:26:05.850039 4001809 IPCTensor.h:368] NewIPCTensor: circle_buffer_end_cppseen_r0 [1]0x100004c64000 8 B 
W20240128 02:26:05.850170 4001809 IPCTensor.h:368] NewIPCTensor: cached_sampler_r1_0 [1000000]0x100004c66000 7.629 MB
W20240128 02:26:05.850219 4001809 IPCTensor.h:368] NewIPCTensor: cached_sampler_r1_1 [1000000]0x100005409000 7.629 MB
W20240128 02:26:05.850240 4001809 IPCTensor.h:368] NewIPCTensor: cached_sampler_r1_2 [1000000]0x100005bac000 7.629 MB
W20240128 02:26:05.850304 4001809 IPCTensor.h:368] NewIPCTensor: cached_sampler_r1_3 [1000000]0x10000634f000 7.629 MB
W20240128 02:26:05.850338 4001809 IPCTensor.h:368] NewIPCTensor: cached_sampler_r1_4 [1000000]0x100006af2000 7.629 MB
W20240128 02:26:05.850368 4001809 IPCTensor.h:368] NewIPCTensor: cached_sampler_r1_5 [1000000]0x100007295000 7.629 MB
W20240128 02:26:05.850389 4001809 IPCTensor.h:368] NewIPCTensor: cached_sampler_r1_6 [1000000]0x100007a38000 7.629 MB
W20240128 02:26:05.850407 4001809 IPCTensor.h:368] NewIPCTensor: cached_sampler_r1_7 [1000000]0x1000081db000 7.629 MB
W20240128 02:26:05.850428 4001809 IPCTensor.h:368] NewIPCTensor: cached_sampler_r1_8 [1000000]0x10000897e000 7.629 MB
W20240128 02:26:05.850481 4001809 IPCTensor.h:368] NewIPCTensor: cached_sampler_r1_9 [1000000]0x100009121000 7.629 MB
W20240128 02:26:05.850502 4001809 IPCTensor.h:368] NewIPCTensor: step_r1 [10]0x1000098c4000 80 B 
W20240128 02:26:05.850518 4001809 IPCTensor.h:368] NewIPCTensor: circle_buffer_end_r1 [1]0x1000098c6000 8 B 
W20240128 02:26:05.850553 4001809 IPCTensor.h:368] NewIPCTensor: circle_buffer_end_cppseen_r1 [1]0x1000098c8000 8 B 
W20240128 02:26:05.850603 4001809 IPCTensor.h:368] NewIPCTensor: cached_sampler_r2_0 [1000000]0x1000098ca000 7.629 MB
W20240128 02:26:05.850627 4001809 IPCTensor.h:368] NewIPCTensor: cached_sampler_r2_1 [1000000]0x10000a06d000 7.629 MB
W20240128 02:26:05.850646 4001809 IPCTensor.h:368] NewIPCTensor: cached_sampler_r2_2 [1000000]0x10000a810000 7.629 MB
W20240128 02:26:05.850665 4001809 IPCTensor.h:368] NewIPCTensor: cached_sampler_r2_3 [1000000]0x10000afb3000 7.629 MB
W20240128 02:26:05.850705 4001809 IPCTensor.h:368] NewIPCTensor: cached_sampler_r2_4 [1000000]0x10000b756000 7.629 MB
W20240128 02:26:05.850725 4001809 IPCTensor.h:368] NewIPCTensor: cached_sampler_r2_5 [1000000]0x10000bef9000 7.629 MB
W20240128 02:26:05.850759 4001809 IPCTensor.h:368] NewIPCTensor: cached_sampler_r2_6 [1000000]0x10000c69c000 7.629 MB
W20240128 02:26:05.850797 4001809 IPCTensor.h:368] NewIPCTensor: cached_sampler_r2_7 [1000000]0x10000ce3f000 7.629 MB
W20240128 02:26:05.850832 4001809 IPCTensor.h:368] NewIPCTensor: cached_sampler_r2_8 [1000000]0x10000d5e2000 7.629 MB
W20240128 02:26:05.850852 4001809 IPCTensor.h:368] NewIPCTensor: cached_sampler_r2_9 [1000000]0x10000dd85000 7.629 MB
W20240128 02:26:05.850872 4001809 IPCTensor.h:368] NewIPCTensor: step_r2 [10]0x10000e528000 80 B 
W20240128 02:26:05.850889 4001809 IPCTensor.h:368] NewIPCTensor: circle_buffer_end_r2 [1]0x10000e52a000 8 B 
W20240128 02:26:05.850905 4001809 IPCTensor.h:368] NewIPCTensor: circle_buffer_end_cppseen_r2 [1]0x10000e52c000 8 B 
W20240128 02:26:05.850965 4001809 IPCTensor.h:368] NewIPCTensor: cached_sampler_r3_0 [1000000]0x10000e52e000 7.629 MB
W20240128 02:26:05.850989 4001809 IPCTensor.h:368] NewIPCTensor: cached_sampler_r3_1 [1000000]0x10000ecd1000 7.629 MB
W20240128 02:26:05.851033 4001809 IPCTensor.h:368] NewIPCTensor: cached_sampler_r3_2 [1000000]0x10000f474000 7.629 MB
W20240128 02:26:05.851054 4001809 IPCTensor.h:368] NewIPCTensor: cached_sampler_r3_3 [1000000]0x10000fc17000 7.629 MB
W20240128 02:26:05.851073 4001809 IPCTensor.h:368] NewIPCTensor: cached_sampler_r3_4 [1000000]0x1000103ba000 7.629 MB
W20240128 02:26:05.851100 4001809 IPCTensor.h:368] NewIPCTensor: cached_sampler_r3_5 [1000000]0x100010b5d000 7.629 MB
W20240128 02:26:05.851150 4001809 IPCTensor.h:368] NewIPCTensor: cached_sampler_r3_6 [1000000]0x100011300000 7.629 MB
W20240128 02:26:05.851186 4001809 IPCTensor.h:368] NewIPCTensor: cached_sampler_r3_7 [1000000]0x100011aa3000 7.629 MB
W20240128 02:26:05.851213 4001809 IPCTensor.h:368] NewIPCTensor: cached_sampler_r3_8 [1000000]0x100012246000 7.629 MB
W20240128 02:26:05.851261 4001809 IPCTensor.h:368] NewIPCTensor: cached_sampler_r3_9 [1000000]0x1000129e9000 7.629 MB
W20240128 02:26:05.851281 4001809 IPCTensor.h:368] NewIPCTensor: step_r3 [10]0x10001318c000 80 B 
W20240128 02:26:05.851298 4001809 IPCTensor.h:368] NewIPCTensor: circle_buffer_end_r3 [1]0x10001318e000 8 B 
W20240128 02:26:05.851325 4001809 IPCTensor.h:368] NewIPCTensor: circle_buffer_end_cppseen_r3 [1]0x100013190000 8 B 
W20240128 02:26:06.071344 4001809 IPCTensor.h:368] NewIPCTensor: full_emb [14951, 400]0x100013192000 22.81 MB
W20240128 02:26:06.071514 4001809 IPCTensor.h:368] NewIPCTensor: full_emb_SparseRowWiseAdaGrad_sum [14951]0x100014864000 58.4 kB
{0: Graph(num_nodes=10523, num_edges=182012,
      ndata_schemes={'_ID': Scheme(shape=(), dtype=torch.int64), 'inner_node': Scheme(shape=(), dtype=torch.int32), 'part_id': Scheme(shape=(), dtype=torch.int64)}
      edata_schemes={'_ID': Scheme(shape=(), dtype=torch.int64), 'inner_edge': Scheme(shape=(), dtype=torch.int8)}), 1: Graph(num_nodes=10996, num_edges=244360,
      ndata_schemes={'_ID': Scheme(shape=(), dtype=torch.int64), 'inner_node': Scheme(shape=(), dtype=torch.int32), 'part_id': Scheme(shape=(), dtype=torch.int64)}
      edata_schemes={'_ID': Scheme(shape=(), dtype=torch.int64), 'inner_edge': Scheme(shape=(), dtype=torch.int8)}), 2: Graph(num_nodes=9404, num_edges=143355,
      ndata_schemes={'_ID': Scheme(shape=(), dtype=torch.int64), 'inner_node': Scheme(shape=(), dtype=torch.int32), 'part_id': Scheme(shape=(), dtype=torch.int64)}
      edata_schemes={'_ID': Scheme(shape=(), dtype=torch.int64), 'inner_edge': Scheme(shape=(), dtype=torch.int8)}), 3: Graph(num_nodes=10954, num_edges=175447,
      ndata_schemes={'_ID': Scheme(shape=(), dtype=torch.int64), 'inner_node': Scheme(shape=(), dtype=torch.int32), 'part_id': Scheme(shape=(), dtype=torch.int64)}
      edata_schemes={'_ID': Scheme(shape=(), dtype=torch.int64), 'inner_edge': Scheme(shape=(), dtype=torch.int8)})}
MertisPartition: part 0 has 10523 N 182012 E
MertisPartition: part 1 has 10996 N 244360 E
MertisPartition: part 2 has 9404 N 143355 E
MertisPartition: part 3 has 10954 N 175447 E
Rank0: cached key size 186
Rank1: cached key size 186
Rank2: cached key size 186
Rank3: cached key size 186
Before renumbering graph:  {'_ID': tensor([    5,    14,    17,  ..., 11245,  2040,  3009]), 'inner_node': tensor([1, 1, 1,  ..., 0, 0, 0], dtype=torch.int32), 'part_id': tensor([0, 0, 0,  ..., 2, 3, 3])}
After renumbering graph:  {'_ID': tensor([ 888, 1134, 1212,  ..., 1740, 6079, 7502]), 'inner_node': tensor([1, 1, 1,  ..., 0, 0, 0], dtype=torch.int32), 'part_id': tensor([0, 0, 0,  ..., 2, 3, 3])}
part_g: DGLGraph(num_nodes=10523, num_edges=182012,
         ndata_schemes={'_ID': Scheme(shape=(), dtype=torch.int64)}
         edata_schemes={'tid': Scheme(shape=(), dtype=torch.int64)})
part_g: DGLGraph(num_nodes=10523, num_edges=182012,
         ndata_schemes={'_ID': Scheme(shape=(), dtype=torch.int64)}
         edata_schemes={'tid': Scheme(shape=(), dtype=torch.int64)})
Total initialize time 2.501 seconds
[Rank1] pid = 4002021
[Rank2] pid = 4002086
INFO [4001809 distributed_c10d.py:442] Added key: store_based_barrier_key:1 to store for rank: 0
INFO [4002021 distributed_c10d.py:442] Added key: store_based_barrier_key:1 to store for rank: 1
INFO [4002086 distributed_c10d.py:442] Added key: store_based_barrier_key:1 to store for rank: 2
INFO [4001809 distributed_c10d.py:476] Rank 0: Completed store-based barrier for key:store_based_barrier_key:1 with 4 nodes.
INFO [4002086 distributed_c10d.py:476] Rank 2: Completed store-based barrier for key:store_based_barrier_key:1 with 4 nodes.
INFO [4002150 distributed_c10d.py:442] Added key: store_based_barrier_key:1 to store for rank: 3
INFO [4002150 distributed_c10d.py:476] Rank 3: Completed store-based barrier for key:store_based_barrier_key:1 with 4 nodes.
W20240128 02:26:08.444092 4002151 IPCTensor.h:408] NewIPCGPUTensor: embedding_cache_0 [747, 400]; dev=0; size=1.14 MB
INFO [4002021 distributed_c10d.py:476] Rank 1: Completed store-based barrier for key:store_based_barrier_key:1 with 4 nodes.
W20240128 02:26:08.445210 4002152 IPCTensor.h:408] NewIPCGPUTensor: embedding_cache_3 [747, 400]; dev=3; size=1.14 MB
W20240128 02:26:08.446118 4002022 IPCTensor.h:408] NewIPCGPUTensor: embedding_cache_1 [747, 400]; dev=1; size=1.14 MB
W20240128 02:26:08.446378 4002151 IPCTensor.h:368] NewIPCTensor: input_keys_0 [1000000]0x100014876000 7.629 MB
W20240128 02:26:08.446537 4002151 IPCTensor.h:368] NewIPCTensor: input_keys_neg_0 [1000000]0x10001501b000 7.629 MB
W20240128 02:26:08.446559 4002152 IPCTensor.h:368] NewIPCTensor: input_keys_3 [1000000]0x1000157be000 7.629 MB
W20240128 02:26:08.446594 4002151 IPCTensor.h:368] NewIPCTensor: backward_grads_0 [1000000, 400]0x100015f61000 1.49 GB
W20240128 02:26:08.446651 4002151 IPCTensor.h:368] NewIPCTensor: backward_grads_neg_0 [1000000, 400]0x100075544000 1.49 GB
W20240128 02:26:08.446691 4002151 IPCTensor.h:408] NewIPCGPUTensor: backward_grads_0_gpu [1000000, 400]; dev=0; size=1.49 GB
W20240128 02:26:08.446767 4002152 IPCTensor.h:368] NewIPCTensor: input_keys_neg_3 [1000000]0x1000d4b27000 7.629 MB
W20240128 02:26:08.446847 4002152 IPCTensor.h:368] NewIPCTensor: backward_grads_3 [1000000, 400]0x1000d52ca000 1.49 GB
W20240128 02:26:08.446907 4002152 IPCTensor.h:368] NewIPCTensor: backward_grads_neg_3 [1000000, 400]0x1001348ad000 1.49 GB
W20240128 02:26:08.446974 4002152 IPCTensor.h:408] NewIPCGPUTensor: backward_grads_3_gpu [1000000, 400]; dev=3; size=1.49 GB
W20240128 02:26:08.447647 4002087 IPCTensor.h:408] NewIPCGPUTensor: embedding_cache_2 [747, 400]; dev=2; size=1.14 MB
W20240128 02:26:08.450439 4002022 IPCTensor.h:368] NewIPCTensor: input_keys_1 [1000000]0x100193e92000 7.629 MB
W20240128 02:26:08.450680 4002022 IPCTensor.h:368] NewIPCTensor: input_keys_neg_1 [1000000]0x100194635000 7.629 MB
W20240128 02:26:08.450778 4002022 IPCTensor.h:368] NewIPCTensor: backward_grads_1 [1000000, 400]0x100194dd8000 1.49 GB
W20240128 02:26:08.450855 4002022 IPCTensor.h:368] NewIPCTensor: backward_grads_neg_1 [1000000, 400]0x1001f43bb000 1.49 GB
W20240128 02:26:08.450933 4002022 IPCTensor.h:408] NewIPCGPUTensor: backward_grads_1_gpu [1000000, 400]; dev=1; size=1.49 GB
W20240128 02:26:08.467268 4002152 IPCTensor.h:408] NewIPCGPUTensor: backward_grads_neg_3_gpu [1000000, 400]; dev=3; size=1.49 GB
W20240128 02:26:08.467469 4002022 IPCTensor.h:408] NewIPCGPUTensor: backward_grads_neg_1_gpu [1000000, 400]; dev=1; size=1.49 GB
W20240128 02:26:08.476776 4002087 IPCTensor.h:368] NewIPCTensor: input_keys_2 [1000000]0x1002539a6000 7.629 MB
W20240128 02:26:08.477058 4002087 IPCTensor.h:368] NewIPCTensor: input_keys_neg_2 [1000000]0x10025414b000 7.629 MB
W20240128 02:26:08.477221 4002087 IPCTensor.h:368] NewIPCTensor: backward_grads_2 [1000000, 400]0x1002548f0000 1.49 GB
W20240128 02:26:08.477269 4002151 IPCTensor.h:408] NewIPCGPUTensor: backward_grads_neg_0_gpu [1000000, 400]; dev=0; size=1.49 GB
W20240128 02:26:08.477306 4002087 IPCTensor.h:368] NewIPCTensor: backward_grads_neg_2 [1000000, 400]0x1002b3ed3000 1.49 GB
W20240128 02:26:08.477420 4002087 IPCTensor.h:408] NewIPCGPUTensor: backward_grads_2_gpu [1000000, 400]; dev=2; size=1.49 GB
W20240128 02:26:08.490919 4002087 IPCTensor.h:408] NewIPCGPUTensor: backward_grads_neg_2_gpu [1000000, 400]; dev=2; size=1.49 GB
cudaHostRegister 0x100013192000
2: KnownLocalCachedEmbedding init done
WARNING [4002086 DistTensor.py:56] The tensor name already exists in the kvstore
cudaHostRegister 0x100013192000
3: KnownLocalCachedEmbedding init done
WARNING [4002150 DistTensor.py:56] The tensor name already exists in the kvstore
cudaHostRegister 0x100013192000
1: KnownLocalCachedEmbedding init done
WARNING [4002021 DistTensor.py:56] The tensor name already exists in the kvstore
[Rank3] pid = 4002150
New CachedEmbedding, name=full_emb, shape=(14951, 400), cache_type=KnownLocalCachedEmbedding
fixed cache_range is [(0, 747), (747, 1494), (1494, 2241), (2241, 2988)]
cudaHostRegister 0x100013192000
0: KnownLocalCachedEmbedding init done
WARNING [4001809 DistTensor.py:56] The tensor name already exists in the kvstore
I20240128 02:26:10.131299 4002151 IPC_barrier.h:118] CreateBarrier: new barrier, name: kgcachecontroller, count: 4
I20240128 02:26:10.131459 4002152 IPC_barrier.h:112] CreateBarrier: find existing barrier, name: kgcachecontroller, count: 4
I20240128 02:26:10.131654 4002022 IPC_barrier.h:112] CreateBarrier: find existing barrier, name: kgcachecontroller, count: 4
I20240128 02:26:10.131870 4002087 IPC_barrier.h:112] CreateBarrier: find existing barrier, name: kgcachecontroller, count: 4
W20240128 02:26:10.133816 4002151 grad_base.h:55] KGCacheController, config={
        "num_gpus": 4,
        "L": 10,
        "backgrad_init": "both", 
        "kForwardItersPerStep": 2,
        "clr": 1,
        "nr_background_threads": 32,
        "backwardMode": "CppAsyncV2",
        "cache_ratio": 0.05,
        "update_cache_use_omp":  1,
        "update_pq_use_omp":  1
        }
W20240128 02:26:10.134083 4002151 grad_base.h:184] Init GradProcessingBase done
I20240128 02:26:10.141857 4002151 grad_async_v2.h:32] Use background thread to update emb. nr_background_threads=32
W20240128 02:26:10.142213 4002151 kg_controller.h:78] after init GradAsyncProcessingV2
I20240128 02:26:10.142226 4002151 kg_controller.h:84] Construct KGCacheController done
I20240128 02:26:10.508702 4002151 grad_base.h:60] GraphEnv RegTensorsPerProcess
W20240128 02:26:11.210848 4002561 grad_async_v2.h:120] Detect new sample comes, old_end0, new_end1
E20240128 02:26:11.211302 4002561 parallel_pq_v2.h:76] insert failed, size(hashtable)=1
I20240128 02:26:11.237462 4002151 IPC_barrier.h:118] CreateBarrier: new barrier, name: start_barrier, count: 4
I20240128 02:26:11.254179 4002022 IPC_barrier.h:112] CreateBarrier: find existing barrier, name: start_barrier, count: 4
I20240128 02:26:11.259249 4002152 IPC_barrier.h:112] CreateBarrier: find existing barrier, name: start_barrier, count: 4
I20240128 02:26:11.270860 4002087 IPC_barrier.h:112] CreateBarrier: find existing barrier, name: start_barrier, count: 4
E20240128 02:26:13.839771 4002592 parallel_pq_v2.h:76] insert failed, size(hashtable)=8
W20240128 02:26:13.848503 4002151 grad_async_v2.h:249] Sleep in <BlockToStepN>, step_no=1, pq.top=0
W20240128 02:26:13.861408 4002561 grad_async_v2.h:120] Detect new sample comes, old_end1, new_end2
E20240128 02:26:14.839176 4002593 parallel_pq_v2.h:76] insert failed, size(hashtable)=501
W20240128 02:26:14.848527 4002151 grad_async_v2.h:249] Sleep in <BlockToStepN>, step_no=24, pq.top=24
W20240128 02:26:14.885854 4002561 grad_async_v2.h:120] Detect new sample comes, old_end8, new_end5
+---------------------------+---------------------------+---------------------------+
| Name                      | P50                       | P99                       |
+---------------------------+---------------------------+---------------------------+
| GenInput                  | 1.145 ms                  | 18.050 ms                 |
| Forward                   | 3.755 ms                  | 1.399 s                   |
| Backward                  | 3.059 ms                  | 319.080 ms                |
| Optimize                  | 1.465 ms                  | 3.353 ms                  |
| BarrierTimeBeforeRank0    | 159.712 us                | 7.773 ms                  |
| AfterBackward             | 10.893 ms                 | 853.556 ms                |
| BlockToStepN              | 4.043 ms                  | 80.818 ms                 |
| OneStep                   | 29.511 ms                 | 2.589 s                   |
+---------------------------+---------------------------+---------------------------+
+---------------------------+---------------------------+---------------------------+
| Name                      | P50                       | P99                       |
+---------------------------+---------------------------+---------------------------+
| ProcessBack:Shuffle       | 2.256 ms                  | 120.412 ms                |
| ProcessBack:UpdateCache   | 1.425 ms                  | 184.890 ms                |
| ProcessBack:UpsertPq      | 7.367 ms                  | 9.549 ms                  |
| ProcessOneStep            | 11.669 ms                 | 853.248 ms                |
| BlockToStepN              | 7.280 ms                  | 80.752 ms                 |
+---------------------------+---------------------------+---------------------------+
E20240128 02:26:15.839069 4002560 parallel_pq_v2.h:76] insert failed, size(hashtable)=5417
W20240128 02:26:15.862214 4002151 grad_async_v2.h:249] Sleep in <BlockToStepN>, step_no=43, pq.top=43
W20240128 02:26:15.943446 4002561 grad_async_v2.h:120] Detect new sample comes, old_end9, new_end4
E20240128 02:26:16.839036 4002594 parallel_pq_v2.h:76] insert failed, size(hashtable)=2420
W20240128 02:26:16.862008 4002151 grad_async_v2.h:249] Sleep in <BlockToStepN>, step_no=61, pq.top=61
W20240128 02:26:16.943481 4002561 grad_async_v2.h:120] Detect new sample comes, old_end1, new_end3
E20240128 02:26:17.839011 4002560 parallel_pq_v2.h:76] insert failed, size(hashtable)=7190
W20240128 02:26:17.862018 4002151 grad_async_v2.h:249] Sleep in <BlockToStepN>, step_no=80, pq.top=80
W20240128 02:26:17.951779 4002561 grad_async_v2.h:120] Detect new sample comes, old_end1, new_end2
E20240128 02:26:18.839016 4002560 parallel_pq_v2.h:76] insert failed, size(hashtable)=5039
W20240128 02:26:18.863107 4002151 grad_async_v2.h:249] Sleep in <BlockToStepN>, step_no=99, pq.top=99
train_sampler.Prefill()
before start barrier
start train
[proc 2] 100 steps, total: 7.684, sample: 0.259, forward: 1.240, backward: 0.602, update: 0.147
train_sampler.Prefill()
before start barrier
start train
[proc 3] 100 steps, total: 7.695, sample: 0.291, forward: 1.592, backward: 0.756, update: 0.149
train_sampler.Prefill()
before start barrier
start train
[proc 1] 100 steps, total: 7.701, sample: 0.299, forward: 1.635, backward: 0.720, update: 0.160
train_sampler.Prefill()
-------Step 0-------
tensor([ 8716,  3951, 10292,  7479,  8239,  4485,   645,  4077, 11701,  9875]) tensor([ 1212,  7753, 10392,   677,  7657,  8158, 13056,  8538,  8195,  7622])
-------Step 1-------
tensor([ 8716,  3951, 10292,  7479,  8239,  4485,   645,  4077, 11701,  9875]) tensor([ 9096, 11407,   948,  3335,  1884, 11131,  5790,  2347,  1827, 13604])
-------Step 2-------
tensor([10201,  9927,  5755,  7556,  1406,  5595,  7503,  2394, 13228,   174]) tensor([ 7699,  4861,  3213, 11285,  5909,   658,  4219, 13021, 11805,  3634])
-------Step 3-------
tensor([10201,  9927,  5755,  7556,  1406,  5595,  7503,  2394, 13228,   174]) tensor([ 9459,   251,  4499,    57, 13763, 10110, 12997,  8945, 14891,  5081])
-------Step 4-------
tensor([12204,  4208,   550,   138, 11588, 10675, 14610, 10314,  9597,  6604]) tensor([ 2910,  8421,  6582, 10691,  9178, 12797,  1283,  2205, 11205, 12942])
-------Step 5-------
tensor([12204,  4208,   550,   138, 11588, 10675, 14610, 10314,  9597,  6604]) tensor([12543,  8874, 11523,   558,  1497,  9305,  8709, 13685, 10895, 11809])
-------Step 6-------
tensor([  182,    78,  3123, 11255, 13973,    83,  7492,   139,  3365,    89]) tensor([ 5315, 12389,  7647, 11049,  7393,  1577, 10104, 13708, 12201, 10239])
-------Step 7-------
tensor([  182,    78,  3123, 11255, 13973,    83,  7492,   139,  3365,    89]) tensor([ 9016, 12637,  6691, 11227,  9082, 11222, 10227, 14488, 14778, 10148])
-------Step 8-------
tensor([ 4491,  8295, 12449,  8733,  2647, 11842,  6499, 10247,  5541,  9927]) tensor([13901, 10537, 13561,   452, 12648, 10030,  6418,  1804,  6862,  9841])
-------Step 9-------
tensor([ 4491,  8295, 12449,  8733,  2647, 11842,  6499, 10247,  5541,  9927]) tensor([ 8626, 13794,  5796,  6656,  4144,  5852, 14020,  6783,  6863, 10861])
before start barrier
start train
[proc 0] 100 steps, total: 7.717, sample: 0.305, forward: 1.774, backward: 0.678, update: 0.165
W20240128 02:26:18.955432 4002561 grad_async_v2.h:120] Detect new sample comes, old_end0, new_end1
E20240128 02:26:19.839021 4002560 parallel_pq_v2.h:76] insert failed, size(hashtable)=4239
W20240128 02:26:19.864008 4002151 grad_async_v2.h:249] Sleep in <BlockToStepN>, step_no=117, pq.top=117
W20240128 02:26:19.977957 4002561 grad_async_v2.h:120] Detect new sample comes, old_end8, new_end9
+---------------------------+---------------------------+---------------------------+
| Name                      | P50                       | P99                       |
+---------------------------+---------------------------+---------------------------+
| GenInput                  | 1.125 ms                  | 18.806 ms                 |
| Forward                   | 3.791 ms                  | 7.935 ms                  |
| Backward                  | 3.157 ms                  | 7.978 ms                  |
| Optimize                  | 1.451 ms                  | 3.307 ms                  |
| BarrierTimeBeforeRank0    | 26.658 us                 | 6.878 ms                  |
| AfterBackward             | 12.333 ms                 | 287.265 ms                |
| BlockToStepN              | 27.133 ms                 | 70.457 ms                 |
| OneStep                   | 52.174 ms                 | 305.533 ms                |
+---------------------------+---------------------------+---------------------------+
+---------------------------+---------------------------+---------------------------+
| Name                      | P50                       | P99                       |
+---------------------------+---------------------------+---------------------------+
| ProcessBack:Shuffle       | 1.988 ms                  | 4.758 ms                  |
| ProcessBack:UpdateCache   | 1.393 ms                  | 2.510 ms                  |
| ProcessBack:UpsertPq      | 8.235 ms                  | 10.275 ms                 |
| ProcessOneStep            | 12.236 ms                 | 287.195 ms                |
| BlockToStepN              | 26.466 ms                 | 70.394 ms                 |
+---------------------------+---------------------------+---------------------------+
E20240128 02:26:20.839025 4002560 parallel_pq_v2.h:76] insert failed, size(hashtable)=4991
W20240128 02:26:20.863113 4002151 grad_async_v2.h:249] Sleep in <BlockToStepN>, step_no=137, pq.top=137
W20240128 02:26:20.978559 4002561 grad_async_v2.h:120] Detect new sample comes, old_end8, new_end9
E20240128 02:26:21.839010 4002560 parallel_pq_v2.h:76] insert failed, size(hashtable)=4074
W20240128 02:26:21.863548 4002151 grad_async_v2.h:249] Sleep in <BlockToStepN>, step_no=155, pq.top=155
W20240128 02:26:21.984789 4002561 grad_async_v2.h:120] Detect new sample comes, old_end6, new_end7
E20240128 02:26:22.839033 4002560 parallel_pq_v2.h:76] insert failed, size(hashtable)=2873
W20240128 02:26:22.884578 4002151 grad_async_v2.h:249] Sleep in <BlockToStepN>, step_no=173, pq.top=173
W20240128 02:26:22.993161 4002561 grad_async_v2.h:120] Detect new sample comes, old_end4, new_end5
E20240128 02:26:23.839013 4002560 parallel_pq_v2.h:76] insert failed, size(hashtable)=2732
W20240128 02:26:23.889974 4002151 grad_async_v2.h:249] Sleep in <BlockToStepN>, step_no=191, pq.top=191
W20240128 02:26:23.996027 4002561 grad_async_v2.h:120] Detect new sample comes, old_end2, new_end3
[proc 3] 200 steps, total: 5.457, sample: 0.291, forward: 0.373, backward: 0.291, update: 0.138
[proc 1] 200 steps, total: 5.457, sample: 0.328, forward: 0.367, backward: 0.327, update: 0.141
[proc 2] 200 steps, total: 5.457, sample: 0.303, forward: 0.319, backward: 0.252, update: 0.150
[proc 0] 200 steps, total: 5.457, sample: 0.348, forward: 0.382, backward: 0.314, update: 0.157
E20240128 02:26:24.839023 4002560 parallel_pq_v2.h:76] insert failed, size(hashtable)=6744
W20240128 02:26:24.926069 4002151 grad_async_v2.h:249] Sleep in <BlockToStepN>, step_no=209, pq.top=209
W20240128 02:26:25.011806 4002561 grad_async_v2.h:120] Detect new sample comes, old_end0, new_end1
+---------------------------+---------------------------+---------------------------+
| Name                      | P50                       | P99                       |
+---------------------------+---------------------------+---------------------------+
| GenInput                  | 1.124 ms                  | 19.153 ms                 |
| Forward                   | 3.846 ms                  | 6.071 ms                  |
| Backward                  | 3.109 ms                  | 7.881 ms                  |
| Optimize                  | 1.450 ms                  | 3.246 ms                  |
| BarrierTimeBeforeRank0    | 26.804 us                 | 15.878 ms                 |
| AfterBackward             | 12.024 ms                 | 35.739 ms                 |
| BlockToStepN              | 29.102 ms                 | 70.457 ms                 |
| OneStep                   | 53.103 ms                 | 116.820 ms                |
+---------------------------+---------------------------+---------------------------+
+---------------------------+---------------------------+---------------------------+
| Name                      | P50                       | P99                       |
+---------------------------+---------------------------+---------------------------+
| ProcessBack:Shuffle       | 1.995 ms                  | 2.553 ms                  |
| ProcessBack:UpdateCache   | 1.364 ms                  | 1.828 ms                  |
| ProcessBack:UpsertPq      | 7.782 ms                  | 10.273 ms                 |
| ProcessOneStep            | 11.999 ms                 | 35.709 ms                 |
| BlockToStepN              | 28.314 ms                 | 70.394 ms                 |
+---------------------------+---------------------------+---------------------------+
E20240128 02:26:25.839021 4002560 parallel_pq_v2.h:76] insert failed, size(hashtable)=3800
W20240128 02:26:25.926060 4002151 grad_async_v2.h:249] Sleep in <BlockToStepN>, step_no=228, pq.top=228
W20240128 02:26:26.019003 4002561 grad_async_v2.h:120] Detect new sample comes, old_end8, new_end0
E20240128 02:26:26.839007 4002560 parallel_pq_v2.h:76] insert failed, size(hashtable)=1466
W20240128 02:26:26.939131 4002151 grad_async_v2.h:249] Sleep in <BlockToStepN>, step_no=249, pq.top=249
W20240128 02:26:27.021601 4002561 grad_async_v2.h:120] Detect new sample comes, old_end8, new_end1
E20240128 02:26:27.839013 4002560 parallel_pq_v2.h:76] insert failed, size(hashtable)=2313
W20240128 02:26:27.939014 4002151 grad_async_v2.h:249] Sleep in <BlockToStepN>, step_no=268, pq.top=268
W20240128 02:26:28.026990 4002561 grad_async_v2.h:120] Detect new sample comes, old_end9, new_end0
E20240128 02:26:28.839022 4002560 parallel_pq_v2.h:76] insert failed, size(hashtable)=2005
W20240128 02:26:28.939267 4002151 grad_async_v2.h:249] Sleep in <BlockToStepN>, step_no=287, pq.top=287
W20240128 02:26:29.026587 4002561 grad_async_v2.h:120] Detect new sample comes, old_end8, new_end9
[proc 3] 300 steps, total: 5.265, sample: 0.307, forward: 0.347, backward: 0.290, update: 0.135
[proc 0] 300 steps, total: 5.265, sample: 0.234, forward: 0.332, backward: 0.324, update: 0.130
[proc 2] 300 steps, total: 5.265, sample: 0.270, forward: 0.310, backward: 0.254, update: 0.146
[proc 1] 300 steps, total: 5.265, sample: 0.304, forward: 0.355, backward: 0.326, update: 0.133
E20240128 02:26:29.839010 4002560 parallel_pq_v2.h:76] insert failed, size(hashtable)=2551
W20240128 02:26:29.939119 4002151 grad_async_v2.h:249] Sleep in <BlockToStepN>, step_no=305, pq.top=305
W20240128 02:26:30.036247 4002561 grad_async_v2.h:120] Detect new sample comes, old_end6, new_end7
+---------------------------+---------------------------+---------------------------+
| Name                      | P50                       | P99                       |
+---------------------------+---------------------------+---------------------------+
| GenInput                  | 1.103 ms                  | 19.015 ms                 |
| Forward                   | 3.760 ms                  | 5.824 ms                  |
| Backward                  | 3.115 ms                  | 7.834 ms                  |
| Optimize                  | 1.406 ms                  | 3.224 ms                  |
| BarrierTimeBeforeRank0    | 76.508 us                 | 19.358 ms                 |
| AfterBackward             | 11.808 ms                 | 15.156 ms                 |
| BlockToStepN              | 26.313 ms                 | 51.836 ms                 |
| OneStep                   | 52.660 ms                 | 105.214 ms                |
+---------------------------+---------------------------+---------------------------+
+---------------------------+---------------------------+---------------------------+
| Name                      | P50                       | P99                       |
+---------------------------+---------------------------+---------------------------+
| ProcessBack:Shuffle       | 1.954 ms                  | 2.435 ms                  |
| ProcessBack:UpdateCache   | 1.384 ms                  | 1.729 ms                  |
| ProcessBack:UpsertPq      | 7.746 ms                  | 10.273 ms                 |
| ProcessOneStep            | 11.765 ms                 | 14.971 ms                 |
| BlockToStepN              | 26.256 ms                 | 51.738 ms                 |
+---------------------------+---------------------------+---------------------------+
E20240128 02:26:30.839015 4002560 parallel_pq_v2.h:76] insert failed, size(hashtable)=4121
W20240128 02:26:30.939023 4002151 grad_async_v2.h:249] Sleep in <BlockToStepN>, step_no=323, pq.top=323
W20240128 02:26:31.038450 4002561 grad_async_v2.h:120] Detect new sample comes, old_end4, new_end5
E20240128 02:26:31.839015 4002560 parallel_pq_v2.h:76] insert failed, size(hashtable)=1556
W20240128 02:26:31.950294 4002151 grad_async_v2.h:249] Sleep in <BlockToStepN>, step_no=341, pq.top=341
W20240128 02:26:32.039789 4002561 grad_async_v2.h:120] Detect new sample comes, old_end2, new_end3
E20240128 02:26:32.839049 4002560 parallel_pq_v2.h:76] insert failed, size(hashtable)=5152
W20240128 02:26:32.954403 4002151 grad_async_v2.h:249] Sleep in <BlockToStepN>, step_no=359, pq.top=359
W20240128 02:26:33.040174 4002561 grad_async_v2.h:120] Detect new sample comes, old_end9, new_end0
E20240128 02:26:33.840127 4002560 parallel_pq_v2.h:76] insert failed, size(hashtable)=3710
W20240128 02:26:33.954221 4002151 grad_async_v2.h:249] Sleep in <BlockToStepN>, step_no=376, pq.top=376
W20240128 02:26:34.047746 4002561 grad_async_v2.h:120] Detect new sample comes, old_end7, new_end8
E20240128 02:26:34.841980 4002560 parallel_pq_v2.h:76] insert failed, size(hashtable)=2073
W20240128 02:26:34.954320 4002151 grad_async_v2.h:249] Sleep in <BlockToStepN>, step_no=393, pq.top=393
W20240128 02:26:35.047180 4002561 grad_async_v2.h:120] Detect new sample comes, old_end4, new_end5
+---------------------------+---------------------------+---------------------------+
| Name                      | P50                       | P99                       |
+---------------------------+---------------------------+---------------------------+
| GenInput                  | 1.098 ms                  | 19.594 ms                 |
| Forward                   | 3.750 ms                  | 5.138 ms                  |
| Backward                  | 3.104 ms                  | 7.420 ms                  |
| Optimize                  | 1.397 ms                  | 3.224 ms                  |
| BarrierTimeBeforeRank0    | 189.104 us                | 18.601 ms                 |
| AfterBackward             | 11.918 ms                 | 15.281 ms                 |
| BlockToStepN              | 26.464 ms                 | 51.836 ms                 |
| OneStep                   | 53.016 ms                 | 95.376 ms                 |
+---------------------------+---------------------------+---------------------------+
[proc 3] 400 steps, total: 5.716, sample: 0.278, forward: 0.342, backward: 0.313, update: 0.139
[proc 1] 400 steps, total: 5.716, sample: 0.291, forward: 0.355, backward: 0.297, update: 0.135
[proc 2] 400 steps, total: 5.716, sample: 0.277, forward: 0.314, backward: 0.255, update: 0.142
[proc 0] 400 steps, total: 5.716, sample: 0.312, forward: 0.352, backward: 0.307, update: 0.133
+---------------------------+---------------------------+---------------------------+
| Name                      | P50                       | P99                       |
+---------------------------+---------------------------+---------------------------+
| ProcessBack:Shuffle       | 1.957 ms                  | 2.518 ms                  |
| ProcessBack:UpdateCache   | 1.400 ms                  | 1.785 ms                  |
| ProcessBack:UpsertPq      | 7.881 ms                  | 10.321 ms                 |
| ProcessOneStep            | 11.900 ms                 | 15.263 ms                 |
| BlockToStepN              | 26.363 ms                 | 51.738 ms                 |
+---------------------------+---------------------------+---------------------------+
E20240128 02:26:35.841012 4002594 parallel_pq_v2.h:76] insert failed, size(hashtable)=1262
W20240128 02:26:35.954274 4002151 grad_async_v2.h:249] Sleep in <BlockToStepN>, step_no=410, pq.top=410
W20240128 02:26:36.048005 4002561 grad_async_v2.h:120] Detect new sample comes, old_end1, new_end2
E20240128 02:26:36.841782 4002561 parallel_pq_v2.h:76] insert failed, size(hashtable)=70
W20240128 02:26:36.969704 4002151 grad_async_v2.h:249] Sleep in <BlockToStepN>, step_no=427, pq.top=427
W20240128 02:26:37.052618 4002561 grad_async_v2.h:120] Detect new sample comes, old_end8, new_end9
E20240128 02:26:37.841014 4002560 parallel_pq_v2.h:76] insert failed, size(hashtable)=4821
W20240128 02:26:38.011955 4002151 grad_async_v2.h:249] Sleep in <BlockToStepN>, step_no=444, pq.top=444
W20240128 02:26:38.104104 4002561 grad_async_v2.h:120] Detect new sample comes, old_end5, new_end6
E20240128 02:26:38.841022 4002560 parallel_pq_v2.h:76] insert failed, size(hashtable)=4137
W20240128 02:26:39.011540 4002151 grad_async_v2.h:249] Sleep in <BlockToStepN>, step_no=460, pq.top=460
W20240128 02:26:39.108227 4002561 grad_async_v2.h:120] Detect new sample comes, old_end1, new_end2
E20240128 02:26:39.841010 4002560 parallel_pq_v2.h:76] insert failed, size(hashtable)=5872
W20240128 02:26:40.022795 4002151 grad_async_v2.h:249] Sleep in <BlockToStepN>, step_no=477, pq.top=477
W20240128 02:26:40.109889 4002561 grad_async_v2.h:120] Detect new sample comes, old_end7, new_end8
+---------------------------+---------------------------+---------------------------+
| Name                      | P50                       | P99                       |
+---------------------------+---------------------------+---------------------------+
| GenInput                  | 1.114 ms                  | 20.303 ms                 |
| Forward                   | 3.767 ms                  | 6.071 ms                  |
| Backward                  | 3.100 ms                  | 6.993 ms                  |
| Optimize                  | 1.407 ms                  | 3.224 ms                  |
| BarrierTimeBeforeRank0    | 128.506 us                | 18.491 ms                 |
| AfterBackward             | 12.152 ms                 | 15.672 ms                 |
| BlockToStepN              | 26.600 ms                 | 61.269 ms                 |
| OneStep                   | 53.848 ms                 | 87.759 ms                 |
+---------------------------+---------------------------+---------------------------+
+---------------------------+---------------------------+---------------------------+
| Name                      | P50                       | P99                       |
+---------------------------+---------------------------+---------------------------+
| ProcessBack:Shuffle       | 1.993 ms                  | 2.705 ms                  |
| ProcessBack:UpdateCache   | 1.425 ms                  | 1.806 ms                  |
| ProcessBack:UpsertPq      | 8.109 ms                  | 10.519 ms                 |
| ProcessOneStep            | 12.152 ms                 | 15.627 ms                 |
| BlockToStepN              | 26.537 ms                 | 61.168 ms                 |
+---------------------------+---------------------------+---------------------------+
E20240128 02:26:40.841092 4002561 parallel_pq_v2.h:76] insert failed, size(hashtable)=83
W20240128 02:26:41.035281 4002151 grad_async_v2.h:249] Sleep in <BlockToStepN>, step_no=492, pq.top=492
W20240128 02:26:41.125084 4002561 grad_async_v2.h:120] Detect new sample comes, old_end3, new_end4
[proc 2] 500 steps, total: 6.136, sample: 0.321, forward: 0.355, backward: 0.270, update: 0.146
[proc 3] 500 steps, total: 6.136, sample: 0.241, forward: 0.342, backward: 0.323, update: 0.133
[proc 0] 500 steps, total: 6.136, sample: 0.346, forward: 0.390, backward: 0.306, update: 0.148
[proc 1] 500 steps, total: 6.136, sample: 0.294, forward: 0.368, backward: 0.301, update: 0.143
Successfully xmh. training takes 30.29169726371765 seconds
before call kg_cache_controller.StopThreads()
W20240128 02:26:41.529182 4002151 grad_async_v2.h:71] call StopThreads. PID = 4001809
W20240128 02:26:41.529211 4002151 grad_base.h:212] before processOneStepNegThread_.join();
W20240128 02:26:41.529441 4002151 grad_base.h:214] after processOneStepNegThread_.join();
W20240128 02:26:41.529450 4002151 grad_async_v2.h:73] call GradProcessingBase::StopThreads.
[W tensorpipe_agent.cpp:725] RPC agent for worker0 encountered error when reading incoming request from worker3: eof (this error originated at tensorpipe/transport/shm/connection_impl.cc:259)
[W tensorpipe_agent.cpp:725] RPC agent for worker0 encountered error when reading incoming request from worker2: eof (this error originated at tensorpipe/transport/shm/connection_impl.cc:259)
[W tensorpipe_agent.cpp:725] RPC agent for worker0 encountered error when reading incoming request from worker1: eof (this error originated at tensorpipe/transport/shm/connection_impl.cc:259)
W20240128 02:26:41.558287 4002151 grad_async_v2.h:91] StopThreads done.
On rank0, prepare to call self.controller.StopThreads(), self=<python.controller_process.KGCacheControllerWrapper object at 0x7f1f649d73d0>
