WARNING: Logging before InitGoogleLogging() is written to STDERR
I20240129 01:09:27.040571 1062203 IPC_barrier.h:128] MultiProcessBarrierFactory->ClearIPCMemory()
W20240129 01:09:27.041829 1062203 IPCTensor.h:368] NewIPCTensor: full_emb [9449206, 32]0x100000002000 1.126 GB
/home/xieminhui/RecStore/src/framework_adapters/torch/python/perf_rec_model.py:151: DeprecationWarning: The 'warn' function is deprecated, use 'warning' instead
  XLOG.warn("After init DistEmbedding")
WARNING [1062203 perf_rec_model.py:151] After init DistEmbedding
========== Running Perf with routine <function routine_local_cache_helper at 0x7fbb95b95080>==========
Worker 1 pid=1062344
Worker 2 pid=1062346
INFO [1062203 distributed_c10d.py:442] Added key: store_based_barrier_key:1 to store for rank: 0
INFO [1062344 distributed_c10d.py:442] Added key: store_based_barrier_key:1 to store for rank: 1
INFO [1062346 distributed_c10d.py:442] Added key: store_based_barrier_key:1 to store for rank: 2
INFO [1062348 distributed_c10d.py:442] Added key: store_based_barrier_key:1 to store for rank: 3
INFO [1062346 distributed_c10d.py:476] Rank 2: Completed store-based barrier for key:store_based_barrier_key:1 with 4 nodes.
INFO [1062348 distributed_c10d.py:476] Rank 3: Completed store-based barrier for key:store_based_barrier_key:1 with 4 nodes.
E20240129 01:09:29.419775 1062346 IPCTensor.h:347] IPCTensor full_emb already exists
E20240129 01:09:29.419809 1062348 IPCTensor.h:347] IPCTensor full_emb already exists
INFO [1062203 distributed_c10d.py:476] Rank 0: Completed store-based barrier for key:store_based_barrier_key:1 with 4 nodes.
E20240129 01:09:29.420920 1062203 IPCTensor.h:347] IPCTensor full_emb already exists
INFO [1062344 distributed_c10d.py:476] Rank 1: Completed store-based barrier for key:store_based_barrier_key:1 with 4 nodes.
E20240129 01:09:29.421980 1062344 IPCTensor.h:347] IPCTensor full_emb already exists
W20240129 01:09:29.424371 1062344 IPCTensor.h:408] NewIPCGPUTensor: embedding_cache_1 [472460, 32]; dev=1; size=57.67 MB
W20240129 01:09:29.424582 1062203 IPCTensor.h:408] NewIPCGPUTensor: embedding_cache_0 [472460, 32]; dev=0; size=57.67 MB
W20240129 01:09:29.424813 1062346 IPCTensor.h:408] NewIPCGPUTensor: embedding_cache_2 [472460, 32]; dev=2; size=57.67 MB
W20240129 01:09:29.424844 1062348 IPCTensor.h:408] NewIPCGPUTensor: embedding_cache_3 [472460, 32]; dev=3; size=57.67 MB
W20240129 01:09:29.424866 1062344 IPCTensor.h:368] NewIPCTensor: input_keys_1 [1000000]0x10004817d000 7.629 MB
W20240129 01:09:29.424958 1062344 IPCTensor.h:368] NewIPCTensor: input_keys_neg_1 [1000000]0x100048920000 7.629 MB
W20240129 01:09:29.424988 1062344 IPCTensor.h:368] NewIPCTensor: backward_grads_1 [1000000, 32]0x1000490c3000 122.1 MB
W20240129 01:09:29.425014 1062344 IPCTensor.h:368] NewIPCTensor: backward_grads_neg_1 [1000000, 32]0x100050ad7000 122.1 MB
W20240129 01:09:29.425045 1062344 IPCTensor.h:408] NewIPCGPUTensor: backward_grads_1_gpu [1000000, 32]; dev=1; size=122.1 MB
W20240129 01:09:29.425084 1062203 IPCTensor.h:368] NewIPCTensor: input_keys_0 [1000000]0x1000584ed000 7.629 MB
W20240129 01:09:29.425150 1062203 IPCTensor.h:368] NewIPCTensor: input_keys_neg_0 [1000000]0x100058c90000 7.629 MB
W20240129 01:09:29.425187 1062203 IPCTensor.h:368] NewIPCTensor: backward_grads_0 [1000000, 32]0x100059433000 122.1 MB
W20240129 01:09:29.425207 1062203 IPCTensor.h:368] NewIPCTensor: backward_grads_neg_0 [1000000, 32]0x100060e47000 122.1 MB
W20240129 01:09:29.425240 1062203 IPCTensor.h:408] NewIPCGPUTensor: backward_grads_0_gpu [1000000, 32]; dev=0; size=122.1 MB
W20240129 01:09:29.425683 1062203 IPCTensor.h:408] NewIPCGPUTensor: backward_grads_neg_0_gpu [1000000, 32]; dev=0; size=122.1 MB
W20240129 01:09:29.425686 1062344 IPCTensor.h:408] NewIPCGPUTensor: backward_grads_neg_1_gpu [1000000, 32]; dev=1; size=122.1 MB
W20240129 01:09:29.425702 1062346 IPCTensor.h:368] NewIPCTensor: input_keys_2 [1000000]0x100068863000 7.629 MB
W20240129 01:09:29.425735 1062348 IPCTensor.h:368] NewIPCTensor: input_keys_3 [1000000]0x100069006000 7.629 MB
W20240129 01:09:29.425793 1062346 IPCTensor.h:368] NewIPCTensor: input_keys_neg_2 [1000000]0x1000697a9000 7.629 MB
W20240129 01:09:29.425822 1062348 IPCTensor.h:368] NewIPCTensor: input_keys_neg_3 [1000000]0x100069f4c000 7.629 MB
W20240129 01:09:29.425848 1062346 IPCTensor.h:368] NewIPCTensor: backward_grads_2 [1000000, 32]0x10006a6ef000 122.1 MB
W20240129 01:09:29.425863 1062348 IPCTensor.h:368] NewIPCTensor: backward_grads_3 [1000000, 32]0x100072103000 122.1 MB
W20240129 01:09:29.425881 1062346 IPCTensor.h:368] NewIPCTensor: backward_grads_neg_2 [1000000, 32]0x100079b17000 122.1 MB
W20240129 01:09:29.425900 1062348 IPCTensor.h:368] NewIPCTensor: backward_grads_neg_3 [1000000, 32]0x10008152b000 122.1 MB
W20240129 01:09:29.425923 1062346 IPCTensor.h:408] NewIPCGPUTensor: backward_grads_2_gpu [1000000, 32]; dev=2; size=122.1 MB
W20240129 01:09:29.425933 1062348 IPCTensor.h:408] NewIPCGPUTensor: backward_grads_3_gpu [1000000, 32]; dev=3; size=122.1 MB
W20240129 01:09:29.426584 1062346 IPCTensor.h:408] NewIPCGPUTensor: backward_grads_neg_2_gpu [1000000, 32]; dev=2; size=122.1 MB
W20240129 01:09:29.426601 1062348 IPCTensor.h:408] NewIPCGPUTensor: backward_grads_neg_3_gpu [1000000, 32]; dev=3; size=122.1 MB
Worker 3 pid=1062348
New CachedEmbedding, name=full_emb, shape=(9449206, 32), cache_type=KnownLocalCachedEmbedding
fixed cache_range is [(0, 472460), (472460, 944920), (944920, 1417380), (1417380, 1889840)]
cudaHostRegister 0x100000002000
0: KnownLocalCachedEmbedding init done
cudaHostRegister 0x100000002000
2: KnownLocalCachedEmbedding init done
cudaHostRegister 0x100000002000
3: KnownLocalCachedEmbedding init done
cudaHostRegister 0x100000002000
1: KnownLocalCachedEmbedding init done
W20240129 01:09:34.007169 1062346 IPCTensor.h:368] NewIPCTensor: cached_sampler_r2_0 [1000000]0x100088f4b000 7.629 MB
W20240129 01:09:34.007319 1062346 IPCTensor.h:368] NewIPCTensor: cached_sampler_r2_1 [1000000]0x1000896ee000 7.629 MB
W20240129 01:09:34.007340 1062346 IPCTensor.h:368] NewIPCTensor: cached_sampler_r2_2 [1000000]0x100089e91000 7.629 MB
W20240129 01:09:34.007357 1062346 IPCTensor.h:368] NewIPCTensor: cached_sampler_r2_3 [1000000]0x10008a634000 7.629 MB
W20240129 01:09:34.007372 1062346 IPCTensor.h:368] NewIPCTensor: cached_sampler_r2_4 [1000000]0x10008add7000 7.629 MB
W20240129 01:09:34.007391 1062346 IPCTensor.h:368] NewIPCTensor: cached_sampler_r2_5 [1000000]0x10008b57a000 7.629 MB
W20240129 01:09:34.007406 1062346 IPCTensor.h:368] NewIPCTensor: cached_sampler_r2_6 [1000000]0x10008bd1d000 7.629 MB
W20240129 01:09:34.007440 1062346 IPCTensor.h:368] NewIPCTensor: cached_sampler_r2_7 [1000000]0x10008c4c0000 7.629 MB
W20240129 01:09:34.007457 1062346 IPCTensor.h:368] NewIPCTensor: cached_sampler_r2_8 [1000000]0x10008cc63000 7.629 MB
W20240129 01:09:34.007472 1062346 IPCTensor.h:368] NewIPCTensor: cached_sampler_r2_9 [1000000]0x10008d406000 7.629 MB
W20240129 01:09:34.007498 1062346 IPCTensor.h:368] NewIPCTensor: step_r2 [10]0x10008dba9000 80 B 
W20240129 01:09:34.007519 1062346 IPCTensor.h:368] NewIPCTensor: circle_buffer_end_r2 [1]0x10008dbab000 8 B 
W20240129 01:09:34.007534 1062346 IPCTensor.h:368] NewIPCTensor: circle_buffer_end_cppseen_r2 [1]0x10008dbad000 8 B 
Dataset:  /home/xieminhui/RecStoreDataset/avazu_binary
Dataset loaded
np.max =  9449205
np.min=  1
Construct RecModelSampler done
I20240129 01:09:34.007814 1062346 IPC_barrier.h:118] CreateBarrier: new barrier, name: kgcachecontroller, count: 4
W20240129 01:09:34.009696 1062344 IPCTensor.h:368] NewIPCTensor: cached_sampler_r1_0 [1000000]0x10008dbaf000 7.629 MB
W20240129 01:09:34.009804 1062344 IPCTensor.h:368] NewIPCTensor: cached_sampler_r1_1 [1000000]0x10008e352000 7.629 MB
W20240129 01:09:34.009824 1062344 IPCTensor.h:368] NewIPCTensor: cached_sampler_r1_2 [1000000]0x10008eaf5000 7.629 MB
W20240129 01:09:34.009840 1062344 IPCTensor.h:368] NewIPCTensor: cached_sampler_r1_3 [1000000]0x10008f298000 7.629 MB
W20240129 01:09:34.009855 1062344 IPCTensor.h:368] NewIPCTensor: cached_sampler_r1_4 [1000000]0x10008fa3b000 7.629 MB
W20240129 01:09:34.009871 1062344 IPCTensor.h:368] NewIPCTensor: cached_sampler_r1_5 [1000000]0x1000901de000 7.629 MB
W20240129 01:09:34.009896 1062344 IPCTensor.h:368] NewIPCTensor: cached_sampler_r1_6 [1000000]0x100090981000 7.629 MB
W20240129 01:09:34.009924 1062344 IPCTensor.h:368] NewIPCTensor: cached_sampler_r1_7 [1000000]0x100091124000 7.629 MB
W20240129 01:09:34.009940 1062344 IPCTensor.h:368] NewIPCTensor: cached_sampler_r1_8 [1000000]0x1000918c7000 7.629 MB
W20240129 01:09:34.009961 1062344 IPCTensor.h:368] NewIPCTensor: cached_sampler_r1_9 [1000000]0x10009206a000 7.629 MB
W20240129 01:09:34.009984 1062344 IPCTensor.h:368] NewIPCTensor: step_r1 [10]0x10009280d000 80 B 
W20240129 01:09:34.010006 1062344 IPCTensor.h:368] NewIPCTensor: circle_buffer_end_r1 [1]0x10009280f000 8 B 
W20240129 01:09:34.010020 1062344 IPCTensor.h:368] NewIPCTensor: circle_buffer_end_cppseen_r1 [1]0x100092811000 8 B 
Dataset:  /home/xieminhui/RecStoreDataset/avazu_binary
Dataset loaded
np.max =  9449205
np.min=  1
Construct RecModelSampler done
I20240129 01:09:34.010273 1062344 IPC_barrier.h:112] CreateBarrier: find existing barrier, name: kgcachecontroller, count: 4
W20240129 01:09:34.011485 1062203 IPCTensor.h:368] NewIPCTensor: cached_sampler_r0_0 [1000000]0x100092813000 7.629 MB
W20240129 01:09:34.011562 1062203 IPCTensor.h:368] NewIPCTensor: cached_sampler_r0_1 [1000000]0x100092fb6000 7.629 MB
W20240129 01:09:34.011585 1062203 IPCTensor.h:368] NewIPCTensor: cached_sampler_r0_2 [1000000]0x100093759000 7.629 MB
W20240129 01:09:34.011605 1062203 IPCTensor.h:368] NewIPCTensor: cached_sampler_r0_3 [1000000]0x100093efc000 7.629 MB
W20240129 01:09:34.011617 1062203 IPCTensor.h:368] NewIPCTensor: cached_sampler_r0_4 [1000000]0x10009469f000 7.629 MB
W20240129 01:09:34.011634 1062203 IPCTensor.h:368] NewIPCTensor: cached_sampler_r0_5 [1000000]0x100094e42000 7.629 MB
W20240129 01:09:34.011647 1062203 IPCTensor.h:368] NewIPCTensor: cached_sampler_r0_6 [1000000]0x1000955e5000 7.629 MB
W20240129 01:09:34.011672 1062203 IPCTensor.h:368] NewIPCTensor: cached_sampler_r0_7 [1000000]0x100095d88000 7.629 MB
W20240129 01:09:34.011693 1062203 IPCTensor.h:368] NewIPCTensor: cached_sampler_r0_8 [1000000]0x10009652b000 7.629 MB
W20240129 01:09:34.011714 1062203 IPCTensor.h:368] NewIPCTensor: cached_sampler_r0_9 [1000000]0x100096cce000 7.629 MB
W20240129 01:09:34.011729 1062203 IPCTensor.h:368] NewIPCTensor: step_r0 [10]0x100097471000 80 B 
W20240129 01:09:34.011747 1062203 IPCTensor.h:368] NewIPCTensor: circle_buffer_end_r0 [1]0x100097473000 8 B 
W20240129 01:09:34.011768 1062203 IPCTensor.h:368] NewIPCTensor: circle_buffer_end_cppseen_r0 [1]0x100097475000 8 B 
Dataset:  /home/xieminhui/RecStoreDataset/avazu_binary
Dataset loaded
np.max =  9449205
np.min=  1
Construct RecModelSampler done
I20240129 01:09:34.011950 1062203 IPC_barrier.h:112] CreateBarrier: find existing barrier, name: kgcachecontroller, count: 4
W20240129 01:09:34.092341 1062348 IPCTensor.h:368] NewIPCTensor: cached_sampler_r3_0 [1000000]0x100097477000 7.629 MB
W20240129 01:09:34.092437 1062348 IPCTensor.h:368] NewIPCTensor: cached_sampler_r3_1 [1000000]0x100097c1a000 7.629 MB
W20240129 01:09:34.092458 1062348 IPCTensor.h:368] NewIPCTensor: cached_sampler_r3_2 [1000000]0x1000983bd000 7.629 MB
W20240129 01:09:34.092473 1062348 IPCTensor.h:368] NewIPCTensor: cached_sampler_r3_3 [1000000]0x100098b60000 7.629 MB
W20240129 01:09:34.092486 1062348 IPCTensor.h:368] NewIPCTensor: cached_sampler_r3_4 [1000000]0x100099303000 7.629 MB
W20240129 01:09:34.092502 1062348 IPCTensor.h:368] NewIPCTensor: cached_sampler_r3_5 [1000000]0x100099aa6000 7.629 MB
W20240129 01:09:34.092516 1062348 IPCTensor.h:368] NewIPCTensor: cached_sampler_r3_6 [1000000]0x10009a249000 7.629 MB
W20240129 01:09:34.092537 1062348 IPCTensor.h:368] NewIPCTensor: cached_sampler_r3_7 [1000000]0x10009a9ec000 7.629 MB
W20240129 01:09:34.092552 1062348 IPCTensor.h:368] NewIPCTensor: cached_sampler_r3_8 [1000000]0x10009b18f000 7.629 MB
W20240129 01:09:34.092573 1062348 IPCTensor.h:368] NewIPCTensor: cached_sampler_r3_9 [1000000]0x10009b932000 7.629 MB
W20240129 01:09:34.092590 1062348 IPCTensor.h:368] NewIPCTensor: step_r3 [10]0x10009c0d5000 80 B 
W20240129 01:09:34.092615 1062348 IPCTensor.h:368] NewIPCTensor: circle_buffer_end_r3 [1]0x10009c0d7000 8 B 
W20240129 01:09:34.092630 1062348 IPCTensor.h:368] NewIPCTensor: circle_buffer_end_cppseen_r3 [1]0x10009c0d9000 8 B 
Dataset:  /home/xieminhui/RecStoreDataset/avazu_binary
Dataset loaded
np.max =  9449205
np.min=  1
Construct RecModelSampler done
I20240129 01:09:34.092876 1062348 IPC_barrier.h:112] CreateBarrier: find existing barrier, name: kgcachecontroller, count: 4
W20240129 01:09:34.094347 1062203 grad_base.h:55] KGCacheController, config={
        "num_gpus": 4,
        "L": 10,
        "kForwardItersPerStep": 1,
        "clr": 1,
        "backwardMode": "CppAsyncV2",
        "nr_background_threads": 16, 
        "cache_ratio": 0.05,
        "backgrad_init": "both"
    }
W20240129 01:09:34.094415 1062203 grad_base.h:184] Init GradProcessingBase done
I20240129 01:09:34.677280 1062203 grad_async_v2.h:32] Use background thread to update emb. nr_background_threads=16
W20240129 01:09:34.677363 1062203 kg_controller.h:78] after init GradAsyncProcessingV2
I20240129 01:09:34.677366 1062203 kg_controller.h:84] Construct KGCacheController done
E20240129 01:09:36.018721 1062203 recstore.cc:66] init folly done
E20240129 01:09:36.018710 1062344 recstore.cc:66] init folly done
E20240129 01:09:36.018718 1062348 recstore.cc:66] init folly done
Construct KGCacheControllerWrapper done
Construct KGCacheControllerWrapper done
Construct KGCacheControllerWrapper done
E20240129 01:09:36.018811 1062346 recstore.cc:66] init folly done
Construct KGCacheControllerWrapper done
I20240129 01:09:36.019384 1062203 grad_base.h:60] GraphEnv RegTensorsPerProcess
W20240129 01:09:36.814566 1062756 grad_async_v2.h:121] Detect new sample comes, old_end0, new_end1
E20240129 01:09:36.814772 1062756 parallel_pq_v2.h:76] insert failed, size(hashtable)=1
E20240129 01:09:37.814069 1062756 parallel_pq_v2.h:76] insert failed, size(hashtable)=0
W20240129 01:09:37.888381 1062756 grad_async_v2.h:121] Detect new sample comes, old_end1, new_end2
E20240129 01:09:38.814070 1062756 parallel_pq_v2.h:76] insert failed, size(hashtable)=0
W20240129 01:09:38.905947 1062756 grad_async_v2.h:121] Detect new sample comes, old_end4, new_end5
E20240129 01:09:39.814080 1062756 parallel_pq_v2.h:76] insert failed, size(hashtable)=0
W20240129 01:09:40.011734 1062756 grad_async_v2.h:121] Detect new sample comes, old_end7, new_end8
E20240129 01:09:40.814005 1062756 parallel_pq_v2.h:76] insert failed, size(hashtable)=0
W20240129 01:09:41.034638 1062756 grad_async_v2.h:121] Detect new sample comes, old_end9, new_end0
Before Training
I20240129 01:09:42.866261 1062346 IPC_barrier.h:118] CreateBarrier: new barrier, name: start_barrier, count: 4
Before Training
I20240129 01:09:42.866396 1062203 IPC_barrier.h:112] CreateBarrier: find existing barrier, name: start_barrier, count: 4
Before Training
I20240129 01:09:42.866511 1062344 IPC_barrier.h:112] CreateBarrier: find existing barrier, name: start_barrier, count: 4
Before Training
I20240129 01:09:42.869849 1062348 IPC_barrier.h:112] CreateBarrier: find existing barrier, name: start_barrier, count: 4
========== Step 0 ========== 
========== Step 0 ========== 
========== Step 0 ========== 
W20240129 01:09:42.877352 1062756 grad_async_v2.h:121] Detect new sample comes, old_end0, new_end1
E20240129 01:09:42.877853 1062756 parallel_pq_v2.h:76] insert failed, size(hashtable)=1
========== Step 0 ========== 
+---------------------------+---------------------------+---------------------------+
| Name                      | P50                       | P99                       |
+---------------------------+---------------------------+---------------------------+
| GenInput:CircleBuffer     | 184.440 us                | 184.440 us                |
| GenInput                  | 30.733 ms                 | 30.733 ms                 |
| NN                        | 110.201 ms                | 110.201 ms                |
| Forward                   | 111.297 ms                | 111.297 ms                |
| Backward                  | 173.116 ms                | 173.116 ms                |
| Optimize                  | 10.349 ms                 | 10.349 ms                 |
| BarrierTimeBeforeRank0    | 44.343 ms                 | 44.343 ms                 |
+---------------------------+---------------------------+---------------------------+
E20240129 01:09:44.322093 1062412 parallel_pq_v2.h:76] insert failed, size(hashtable)=0
W20240129 01:09:45.025373 1062203 grad_async_v2.h:250] Sleep in <BlockToStepN>, step_no=1, pq.top=1
E20240129 01:09:45.323311 1062755 parallel_pq_v2.h:76] insert failed, size(hashtable)=3069
+---------------------------+---------------------------+---------------------------+
| Name                      | P50                       | P99                       |
+---------------------------+---------------------------+---------------------------+
| ProcessBack:Shuffle       | 286.472 ms                | 286.472 ms                |
| ProcessBack:UpdateCache   | 773.951 ms                | 773.951 ms                |
| ProcessBack:UpsertPq      | 702.841 ms                | 702.841 ms                |
| ProcessOneStep            | 1.783 s                   | 1.783 s                   |
+---------------------------+---------------------------+---------------------------+
========== Step 1 ========== 
========== Step 1 ========== 
========== Step 1 ========== 
========== Step 1 ========== 
W20240129 01:09:46.037500 1062756 grad_async_v2.h:121] Detect new sample comes, old_end1, new_end2
INFO [1062203 distributed.py:1140] Reducer buckets have been rebuilt in this iteration.
INFO [1062346 distributed.py:1140] Reducer buckets have been rebuilt in this iteration.
INFO [1062348 distributed.py:1140] Reducer buckets have been rebuilt in this iteration.
INFO [1062344 distributed.py:1140] Reducer buckets have been rebuilt in this iteration.
E20240129 01:09:46.323035 1062412 parallel_pq_v2.h:76] insert failed, size(hashtable)=2
W20240129 01:09:46.728492 1062203 grad_async_v2.h:250] Sleep in <BlockToStepN>, step_no=2, pq.top=2
E20240129 01:09:47.376713 1062755 parallel_pq_v2.h:76] insert failed, size(hashtable)=8068
========== Step 2 ========== 
========== Step 2 ========== 
========== Step 2 ========== 
========== Step 2 ========== 
W20240129 01:09:47.705266 1062756 grad_async_v2.h:121] Detect new sample comes, old_end2, new_end3
W20240129 01:09:48.344532 1062203 grad_async_v2.h:250] Sleep in <BlockToStepN>, step_no=3, pq.top=3
E20240129 01:09:48.376125 1062756 parallel_pq_v2.h:76] insert failed, size(hashtable)=5796
+---------------------------+---------------------------+---------------------------+
| Name                      | P50                       | P99                       |
+---------------------------+---------------------------+---------------------------+
| GenInput:CircleBuffer     | 183.468 us                | 184.440 us                |
| GenInput                  | 30.733 ms                 | 32.919 ms                 |
| NN                        | 1.761 ms                  | 110.201 ms                |
| Forward                   | 2.250 ms                  | 111.297 ms                |
| Backward                  | 5.897 ms                  | 173.116 ms                |
| Optimize                  | 378.094 us                | 10.349 ms                 |
| BarrierTimeBeforeRank0    | 809.577 us                | 44.343 ms                 |
| AfterBackward             | 663.330 ms                | 1.784 s                   |
| BlockToStepN              | 957.984 ms                | 999.444 ms                |
| OneStep                   | 1.661 s                   | 3.155 s                   |
+---------------------------+---------------------------+---------------------------+
========== Step 3 ========== 
========== Step 3 ========== 
========== Step 3 ========== 
========== Step 3 ========== 
W20240129 01:09:49.350553 1062756 grad_async_v2.h:121] Detect new sample comes, old_end3, new_end4
E20240129 01:09:49.376013 1062755 parallel_pq_v2.h:76] insert failed, size(hashtable)=9994
W20240129 01:09:49.991976 1062203 grad_async_v2.h:250] Sleep in <BlockToStepN>, step_no=4, pq.top=4
E20240129 01:09:50.411657 1062755 parallel_pq_v2.h:76] insert failed, size(hashtable)=16585
========== Step 4 ========== 
========== Step 4 ========== 
========== Step 4 ========== 
========== Step 4 ========== 
W20240129 01:09:50.998556 1062756 grad_async_v2.h:121] Detect new sample comes, old_end4, new_end5
+---------------------------+---------------------------+---------------------------+
| Name                      | P50                       | P99                       |
+---------------------------+---------------------------+---------------------------+
| ProcessBack:Shuffle       | 8.844 ms                  | 286.472 ms                |
| ProcessBack:UpdateCache   | 1.248 ms                  | 773.951 ms                |
| ProcessBack:UpsertPq      | 607.319 ms                | 702.841 ms                |
| ProcessOneStep            | 622.615 ms                | 1.783 s                   |
| BlockToStepN              | 987.164 ms                | 999.073 ms                |
+---------------------------+---------------------------+---------------------------+
E20240129 01:09:51.411015 1062414 parallel_pq_v2.h:76] insert failed, size(hashtable)=11
W20240129 01:09:51.616866 1062203 grad_async_v2.h:250] Sleep in <BlockToStepN>, step_no=5, pq.top=5
E20240129 01:09:52.420706 1062755 parallel_pq_v2.h:76] insert failed, size(hashtable)=7752
========== Step 5 ========== 
========== Step 5 ========== 
========== Step 5 ========== 
========== Step 5 ========== 
W20240129 01:09:52.560894 1062756 grad_async_v2.h:121] Detect new sample comes, old_end5, new_end6
W20240129 01:09:53.208858 1062203 grad_async_v2.h:250] Sleep in <BlockToStepN>, step_no=6, pq.top=6
E20240129 01:09:53.481393 1062755 parallel_pq_v2.h:76] insert failed, size(hashtable)=16243
+---------------------------+---------------------------+---------------------------+
| Name                      | P50                       | P99                       |
+---------------------------+---------------------------+---------------------------+
| GenInput:CircleBuffer     | 183.468 us                | 211.376 us                |
| GenInput                  | 31.896 ms                 | 34.388 ms                 |
| NN                        | 927.770 us                | 110.201 ms                |
| Forward                   | 1.425 ms                  | 111.297 ms                |
| Backward                  | 2.518 ms                  | 173.116 ms                |
| Optimize                  | 293.499 us                | 10.349 ms                 |
| BarrierTimeBeforeRank0    | 809.577 us                | 44.343 ms                 |
| AfterBackward             | 622.700 ms                | 1.784 s                   |
| BlockToStepN              | 987.311 ms                | 999.444 ms                |
| OneStep                   | 1.652 s                   | 3.155 s                   |
+---------------------------+---------------------------+---------------------------+
========== Step 6 ========== 
========== Step 6 ========== 
========== Step 6 ========== 
========== Step 6 ========== 
W20240129 01:09:54.150013 1062756 grad_async_v2.h:121] Detect new sample comes, old_end6, new_end7
E20240129 01:09:54.481009 1062414 parallel_pq_v2.h:76] insert failed, size(hashtable)=12
W20240129 01:09:54.772018 1062203 grad_async_v2.h:250] Sleep in <BlockToStepN>, step_no=7, pq.top=7
E20240129 01:09:55.484583 1062755 parallel_pq_v2.h:76] insert failed, size(hashtable)=7498
========== Step 7 ========== 
========== Step 7 ========== 
========== Step 7 ========== 
========== Step 7 ========== 
W20240129 01:09:55.704471 1062756 grad_async_v2.h:121] Detect new sample comes, old_end7, new_end8
+---------------------------+---------------------------+---------------------------+
| Name                      | P50                       | P99                       |
+---------------------------+---------------------------+---------------------------+
| ProcessBack:Shuffle       | 6.393 ms                  | 286.472 ms                |
| ProcessBack:UpdateCache   | 1.059 ms                  | 773.951 ms                |
| ProcessBack:UpsertPq      | 607.319 ms                | 702.841 ms                |
| ProcessOneStep            | 622.615 ms                | 1.783 s                   |
| BlockToStepN              | 957.879 ms                | 999.073 ms                |
+---------------------------+---------------------------+---------------------------+
W20240129 01:09:56.171972 1062203 grad_async_v2.h:250] Sleep in <BlockToStepN>, step_no=8, pq.top=8
E20240129 01:09:56.502126 1062755 parallel_pq_v2.h:76] insert failed, size(hashtable)=7222
========== Step 8 ========== 
========== Step 8 ========== 
========== Step 8 ========== 
========== Step 8 ========== 
W20240129 01:09:57.143208 1062756 grad_async_v2.h:121] Detect new sample comes, old_end8, new_end9
E20240129 01:09:57.502018 1062756 parallel_pq_v2.h:76] insert failed, size(hashtable)=1766
W20240129 01:09:57.594041 1062203 grad_async_v2.h:250] Sleep in <BlockToStepN>, step_no=9, pq.top=8
========== Step 9 ========== 
========== Step 9 ========== 
========== Step 9 ========== 
========== Step 9 ========== 
W20240129 01:09:58.464864 1062756 grad_async_v2.h:121] Detect new sample comes, old_end9, new_end0
E20240129 01:09:58.502019 1062414 parallel_pq_v2.h:76] insert failed, size(hashtable)=199
W20240129 01:09:59.005133 1062203 grad_async_v2.h:250] Sleep in <BlockToStepN>, step_no=10, pq.top=10
+---------------------------+---------------------------+---------------------------+
| Name                      | P50                       | P99                       |
+---------------------------+---------------------------+---------------------------+
| GenInput:CircleBuffer     | 183.468 us                | 221.450 us                |
| GenInput                  | 32.862 ms                 | 38.811 ms                 |
| NN                        | 927.770 us                | 110.201 ms                |
| Forward                   | 1.354 ms                  | 111.297 ms                |
| Backward                  | 2.518 ms                  | 173.116 ms                |
| Optimize                  | 293.499 us                | 10.349 ms                 |
| BarrierTimeBeforeRank0    | 705.975 us                | 44.343 ms                 |
| AfterBackward             | 600.478 ms                | 1.784 s                   |
| BlockToStepN              | 957.984 ms                | 999.444 ms                |
| OneStep                   | 1.586 s                   | 3.155 s                   |
+---------------------------+---------------------------+---------------------------+
E20240129 01:09:59.508853 1062755 parallel_pq_v2.h:76] insert failed, size(hashtable)=7317
========== Step 10 ========== 
========== Step 10 ========== 
========== Step 10 ========== 
========== Step 10 ========== 
W20240129 01:09:59.976218 1062756 grad_async_v2.h:121] Detect new sample comes, old_end0, new_end1
W20240129 01:10:00.502847 1062203 grad_async_v2.h:250] Sleep in <BlockToStepN>, step_no=11, pq.top=10
E20240129 01:10:00.508018 1062756 parallel_pq_v2.h:76] insert failed, size(hashtable)=4478
+---------------------------+---------------------------+---------------------------+
| Name                      | P50                       | P99                       |
+---------------------------+---------------------------+---------------------------+
| ProcessBack:Shuffle       | 6.562 ms                  | 286.472 ms                |
| ProcessBack:UpdateCache   | 1.059 ms                  | 773.951 ms                |
| ProcessBack:UpsertPq      | 593.659 ms                | 702.841 ms                |
| ProcessOneStep            | 600.435 ms                | 1.783 s                   |
| BlockToStepN              | 957.879 ms                | 999.073 ms                |
+---------------------------+---------------------------+---------------------------+
========== Step 11 ========== 
========== Step 11 ========== 
========== Step 11 ========== 
========== Step 11 ========== 
W20240129 01:10:01.503331 1062756 grad_async_v2.h:121] Detect new sample comes, old_end1, new_end2
E20240129 01:10:01.509737 1062756 parallel_pq_v2.h:76] insert failed, size(hashtable)=6931
W20240129 01:10:01.910877 1062203 grad_async_v2.h:250] Sleep in <BlockToStepN>, step_no=12, pq.top=12
E20240129 01:10:02.555244 1062755 parallel_pq_v2.h:76] insert failed, size(hashtable)=7181
W20240129 01:10:02.910012 1062203 grad_async_v2.h:250] Sleep in <BlockToStepN>, step_no=12, pq.top=12
========== Step 12 ========== 
========== Step 12 ========== 
========== Step 12 ========== 
========== Step 12 ========== 
W20240129 01:10:02.945676 1062756 grad_async_v2.h:121] Detect new sample comes, old_end2, new_end3
E20240129 01:10:03.555011 1062755 parallel_pq_v2.h:76] insert failed, size(hashtable)=13686
W20240129 01:10:03.910006 1062203 grad_async_v2.h:250] Sleep in <BlockToStepN>, step_no=13, pq.top=13
+---------------------------+---------------------------+---------------------------+
| Name                      | P50                       | P99                       |
+---------------------------+---------------------------+---------------------------+
| GenInput:CircleBuffer     | 184.243 us                | 221.450 us                |
| GenInput                  | 32.919 ms                 | 43.682 ms                 |
| NN                        | 895.040 us                | 110.201 ms                |
| Forward                   | 1.354 ms                  | 111.297 ms                |
| Backward                  | 2.531 ms                  | 173.116 ms                |
| Optimize                  | 316.501 us                | 10.349 ms                 |
| BarrierTimeBeforeRank0    | 639.135 us                | 44.343 ms                 |
| AfterBackward             | 600.478 ms                | 1.784 s                   |
| BlockToStepN              | 963.887 ms                | 1.028 s                   |
| OneStep                   | 1.551 s                   | 3.155 s                   |
+---------------------------+---------------------------+---------------------------+
========== Step 13 ========== 
========== Step 13 ========== 
========== Step 13 ========== 
========== Step 13 ========== 
W20240129 01:10:04.544965 1062756 grad_async_v2.h:121] Detect new sample comes, old_end3, new_end4
E20240129 01:10:04.556494 1062755 parallel_pq_v2.h:76] insert failed, size(hashtable)=16221
W20240129 01:10:05.056160 1062203 grad_async_v2.h:250] Sleep in <BlockToStepN>, step_no=14, pq.top=14
E20240129 01:10:05.564311 1062755 parallel_pq_v2.h:76] insert failed, size(hashtable)=23426
+---------------------------+---------------------------+---------------------------+
| Name                      | P50                       | P99                       |
+---------------------------+---------------------------+---------------------------+
| ProcessBack:Shuffle       | 6.143 ms                  | 286.472 ms                |
| ProcessBack:UpdateCache   | 925.637 us                | 773.951 ms                |
| ProcessBack:UpsertPq      | 591.156 ms                | 702.841 ms                |
| ProcessOneStep            | 598.501 ms                | 1.783 s                   |
| BlockToStepN              | 963.711 ms                | 1.028 s                   |
+---------------------------+---------------------------+---------------------------+
========== Step 14 ========== 
========== Step 14 ========== 
========== Step 14 ========== 
========== Step 14 ========== 
W20240129 01:10:06.035346 1062756 grad_async_v2.h:121] Detect new sample comes, old_end4, new_end5
E20240129 01:10:06.564056 1062756 parallel_pq_v2.h:76] insert failed, size(hashtable)=738
W20240129 01:10:06.566478 1062203 grad_async_v2.h:250] Sleep in <BlockToStepN>, step_no=15, pq.top=15
========== Step 15 ========== 
========== Step 15 ========== 
========== Step 15 ========== 
========== Step 15 ========== 
E20240129 01:10:07.565374 1062755 parallel_pq_v2.h:76] insert failed, size(hashtable)=31365
W20240129 01:10:07.571561 1062756 grad_async_v2.h:121] Detect new sample comes, old_end5, new_end6
W20240129 01:10:07.957629 1062203 grad_async_v2.h:250] Sleep in <BlockToStepN>, step_no=16, pq.top=16
E20240129 01:10:08.565881 1062755 parallel_pq_v2.h:76] insert failed, size(hashtable)=36504
W20240129 01:10:08.957010 1062203 grad_async_v2.h:250] Sleep in <BlockToStepN>, step_no=16, pq.top=16
========== Step 16 ========== 
========== Step 16 ========== 
========== Step 16 ========== 
========== Step 16 ========== 
W20240129 01:10:08.982203 1062756 grad_async_v2.h:121] Detect new sample comes, old_end6, new_end7
+---------------------------+---------------------------+---------------------------+
| Name                      | P50                       | P99                       |
+---------------------------+---------------------------+---------------------------+
| GenInput:CircleBuffer     | 183.468 us                | 221.450 us                |
| GenInput                  | 32.919 ms                 | 43.682 ms                 |
| NN                        | 809.368 us                | 110.201 ms                |
| Forward                   | 1.240 ms                  | 111.297 ms                |
| Backward                  | 2.518 ms                  | 173.116 ms                |
| Optimize                  | 293.499 us                | 10.349 ms                 |
| BarrierTimeBeforeRank0    | 608.456 us                | 44.343 ms                 |
| AfterBackward             | 517.207 ms                | 1.784 s                   |
| BlockToStepN              | 964.912 ms                | 1.028 s                   |
| OneStep                   | 1.528 s                   | 3.155 s                   |
+---------------------------+---------------------------+---------------------------+
E20240129 01:10:09.565093 1062756 parallel_pq_v2.h:76] insert failed, size(hashtable)=1575
W20240129 01:10:09.957016 1062203 grad_async_v2.h:250] Sleep in <BlockToStepN>, step_no=17, pq.top=17
========== Step 17 ========== 
========== Step 17 ========== 
========== Step 17 ========== 
========== Step 17 ========== 
W20240129 01:10:10.394603 1062756 grad_async_v2.h:121] Detect new sample comes, old_end7, new_end8
E20240129 01:10:10.565013 1062755 parallel_pq_v2.h:76] insert failed, size(hashtable)=47908
W20240129 01:10:10.957024 1062203 grad_async_v2.h:250] Sleep in <BlockToStepN>, step_no=18, pq.top=18
+---------------------------+---------------------------+---------------------------+
| Name                      | P50                       | P99                       |
+---------------------------+---------------------------+---------------------------+
| ProcessBack:Shuffle       | 5.942 ms                  | 286.472 ms                |
| ProcessBack:UpdateCache   | 925.637 us                | 773.951 ms                |
| ProcessBack:UpsertPq      | 492.041 ms                | 702.841 ms                |
| ProcessOneStep            | 499.268 ms                | 1.783 s                   |
| BlockToStepN              | 972.220 ms                | 1.028 s                   |
+---------------------------+---------------------------+---------------------------+
E20240129 01:10:11.628460 1062755 parallel_pq_v2.h:76] insert failed, size(hashtable)=50143
========== Step 18 ========== 
========== Step 18 ========== 
========== Step 18 ========== 
========== Step 18 ========== 
W20240129 01:10:11.915553 1062756 grad_async_v2.h:121] Detect new sample comes, old_end8, new_end9
W20240129 01:10:12.549965 1062203 grad_async_v2.h:250] Sleep in <BlockToStepN>, step_no=19, pq.top=19
E20240129 01:10:12.628021 1062756 parallel_pq_v2.h:76] insert failed, size(hashtable)=55413
========== Step 19 ========== 
========== Step 19 ========== 
========== Step 19 ========== 
========== Step 19 ========== 
W20240129 01:10:13.500101 1062756 grad_async_v2.h:121] Detect new sample comes, old_end9, new_end0
E20240129 01:10:13.628018 1062755 parallel_pq_v2.h:76] insert failed, size(hashtable)=59580
+---------------------------+---------------------------+---------------------------+
| Name                      | P50                       | P99                       |
+---------------------------+---------------------------+---------------------------+
| GenInput:CircleBuffer     | 179.505 us                | 221.450 us                |
| GenInput                  | 31.906 ms                 | 43.682 ms                 |
| NN                        | 800.805 us                | 110.201 ms                |
| Forward                   | 1.190 ms                  | 111.297 ms                |
| Backward                  | 2.403 ms                  | 173.116 ms                |
| Optimize                  | 285.888 us                | 10.349 ms                 |
| BarrierTimeBeforeRank0    | 608.456 us                | 44.343 ms                 |
| AfterBackward             | 517.207 ms                | 1.784 s                   |
| BlockToStepN              | 972.405 ms                | 1.101 s                   |
| OneStep                   | 1.528 s                   | 3.155 s                   |
+---------------------------+---------------------------+---------------------------+
W20240129 01:10:14.187412 1062203 grad_async_v2.h:250] Sleep in <BlockToStepN>, step_no=20, pq.top=20
E20240129 01:10:14.663815 1062755 parallel_pq_v2.h:76] insert failed, size(hashtable)=60930
========== Step 20 ========== 
========== Step 20 ========== 
========== Step 20 ========== 
========== Step 20 ========== 
W20240129 01:10:15.182412 1062756 grad_async_v2.h:121] Detect new sample comes, old_end0, new_end1
E20240129 01:10:15.663015 1062414 parallel_pq_v2.h:76] insert failed, size(hashtable)=4
W20240129 01:10:15.787458 1062203 grad_async_v2.h:250] Sleep in <BlockToStepN>, step_no=21, pq.top=21
+---------------------------+---------------------------+---------------------------+
| Name                      | P50                       | P99                       |
+---------------------------+---------------------------+---------------------------+
| ProcessBack:Shuffle       | 5.958 ms                  | 286.472 ms                |
| ProcessBack:UpdateCache   | 939.731 us                | 773.951 ms                |
| ProcessBack:UpsertPq      | 580.743 ms                | 702.841 ms                |
| ProcessOneStep            | 587.912 ms                | 1.783 s                   |
| BlockToStepN              | 969.813 ms                | 1.101 s                   |
+---------------------------+---------------------------+---------------------------+
E20240129 01:10:16.672467 1062755 parallel_pq_v2.h:76] insert failed, size(hashtable)=67145
========== Step 21 ========== 
========== Step 21 ========== 
========== Step 21 ========== 
========== Step 21 ========== 
W20240129 01:10:16.727751 1062756 grad_async_v2.h:121] Detect new sample comes, old_end1, new_end2
W20240129 01:10:17.132386 1062203 grad_async_v2.h:250] Sleep in <BlockToStepN>, step_no=22, pq.top=22
E20240129 01:10:17.718916 1062755 parallel_pq_v2.h:76] insert failed, size(hashtable)=72119
W20240129 01:10:18.132012 1062203 grad_async_v2.h:250] Sleep in <BlockToStepN>, step_no=22, pq.top=22
========== Step 22 ========== 
========== Step 22 ========== 
========== Step 22 ========== 
========== Step 22 ========== 
W20240129 01:10:18.283677 1062756 grad_async_v2.h:121] Detect new sample comes, old_end2, new_end3
E20240129 01:10:18.718015 1062756 parallel_pq_v2.h:76] insert failed, size(hashtable)=996
+---------------------------+---------------------------+---------------------------+
| Name                      | P50                       | P99                       |
+---------------------------+---------------------------+---------------------------+
| GenInput:CircleBuffer     | 179.730 us                | 221.450 us                |
| GenInput                  | 32.862 ms                 | 43.682 ms                 |
| NN                        | 800.805 us                | 110.201 ms                |
| Forward                   | 1.190 ms                  | 111.297 ms                |
| Backward                  | 2.518 ms                  | 173.116 ms                |
| Optimize                  | 285.888 us                | 10.349 ms                 |
| BarrierTimeBeforeRank0    | 608.456 us                | 44.343 ms                 |
| AfterBackward             | 517.207 ms                | 1.784 s                   |
| BlockToStepN              | 969.978 ms                | 1.134 s                   |
| OneStep                   | 1.545 s                   | 3.155 s                   |
+---------------------------+---------------------------+---------------------------+
W20240129 01:10:19.132014 1062203 grad_async_v2.h:250] Sleep in <BlockToStepN>, step_no=23, pq.top=23
========== Step 23 ========== 
========== Step 23 ========== 
========== Step 23 ========== 
========== Step 23 ========== 
W20240129 01:10:19.650914 1062756 grad_async_v2.h:121] Detect new sample comes, old_end3, new_end4
E20240129 01:10:19.718008 1062755 parallel_pq_v2.h:76] insert failed, size(hashtable)=83684
W20240129 01:10:20.132019 1062203 grad_async_v2.h:250] Sleep in <BlockToStepN>, step_no=24, pq.top=24
E20240129 01:10:20.776955 1062755 parallel_pq_v2.h:76] insert failed, size(hashtable)=83760
+---------------------------+---------------------------+---------------------------+
| Name                      | P50                       | P99                       |
+---------------------------+---------------------------+---------------------------+
| ProcessBack:Shuffle       | 6.081 ms                  | 286.472 ms                |
| ProcessBack:UpdateCache   | 939.731 us                | 773.951 ms                |
| ProcessBack:UpsertPq      | 492.041 ms                | 702.841 ms                |
| ProcessOneStep            | 499.268 ms                | 1.783 s                   |
| BlockToStepN              | 969.813 ms                | 1.134 s                   |
+---------------------------+---------------------------+---------------------------+
========== Step 24 ========== 
========== Step 24 ========== 
========== Step 24 ========== 
========== Step 24 ========== 
W20240129 01:10:21.092535 1062756 grad_async_v2.h:121] Detect new sample comes, old_end4, new_end5
W20240129 01:10:21.503152 1062203 grad_async_v2.h:250] Sleep in <BlockToStepN>, step_no=25, pq.top=25
E20240129 01:10:21.836293 1062755 parallel_pq_v2.h:76] insert failed, size(hashtable)=88853
W20240129 01:10:22.503006 1062203 grad_async_v2.h:250] Sleep in <BlockToStepN>, step_no=25, pq.top=25
========== Step 25 ========== 
========== Step 25 ========== 
========== Step 25 ========== 
========== Step 25 ========== 
W20240129 01:10:22.563189 1062756 grad_async_v2.h:121] Detect new sample comes, old_end5, new_end6
E20240129 01:10:22.836009 1062755 parallel_pq_v2.h:76] insert failed, size(hashtable)=93585
W20240129 01:10:23.503021 1062203 grad_async_v2.h:250] Sleep in <BlockToStepN>, step_no=26, pq.top=26
E20240129 01:10:23.868746 1062755 parallel_pq_v2.h:76] insert failed, size(hashtable)=94290
+---------------------------+---------------------------+---------------------------+
| Name                      | P50                       | P99                       |
+---------------------------+---------------------------+---------------------------+
| GenInput:CircleBuffer     | 179.730 us                | 221.450 us                |
| GenInput                  | 32.919 ms                 | 43.682 ms                 |
| NN                        | 786.493 us                | 110.201 ms                |
| Forward                   | 1.177 ms                  | 111.297 ms                |
| Backward                  | 2.531 ms                  | 173.116 ms                |
| Optimize                  | 283.789 us                | 10.349 ms                 |
| BarrierTimeBeforeRank0    | 608.456 us                | 44.343 ms                 |
| AfterBackward             | 499.338 ms                | 1.784 s                   |
| BlockToStepN              | 972.405 ms                | 1.134 s                   |
| OneStep                   | 1.528 s                   | 3.155 s                   |
+---------------------------+---------------------------+---------------------------+
========== Step 26 ========== 
========== Step 26 ========== 
========== Step 26 ========== 
========== Step 26 ========== 
W20240129 01:10:24.197279 1062756 grad_async_v2.h:121] Detect new sample comes, old_end6, new_end7
W20240129 01:10:24.617269 1062203 grad_async_v2.h:250] Sleep in <BlockToStepN>, step_no=27, pq.top=27
E20240129 01:10:24.921402 1062755 parallel_pq_v2.h:76] insert failed, size(hashtable)=98912
W20240129 01:10:25.617020 1062203 grad_async_v2.h:250] Sleep in <BlockToStepN>, step_no=27, pq.top=27
========== Step 27 ========== 
========== Step 27 ========== 
========== Step 27 ========== 
========== Step 27 ========== 
W20240129 01:10:25.628518 1062756 grad_async_v2.h:121] Detect new sample comes, old_end7, new_end8
E20240129 01:10:25.921011 1062755 parallel_pq_v2.h:76] insert failed, size(hashtable)=101579
+---------------------------+---------------------------+---------------------------+
| Name                      | P50                       | P99                       |
+---------------------------+---------------------------+---------------------------+
| ProcessBack:Shuffle       | 5.958 ms                  | 286.472 ms                |
| ProcessBack:UpdateCache   | 1.001 ms                  | 773.951 ms                |
| ProcessBack:UpsertPq      | 492.041 ms                | 702.841 ms                |
| ProcessOneStep            | 499.268 ms                | 1.783 s                   |
| BlockToStepN              | 972.220 ms                | 1.134 s                   |
+---------------------------+---------------------------+---------------------------+
W20240129 01:10:26.617014 1062203 grad_async_v2.h:250] Sleep in <BlockToStepN>, step_no=28, pq.top=28
E20240129 01:10:26.922514 1062755 parallel_pq_v2.h:76] insert failed, size(hashtable)=103925
========== Step 28 ========== 
========== Step 28 ========== 
========== Step 28 ========== 
========== Step 28 ========== 
W20240129 01:10:27.052783 1062756 grad_async_v2.h:121] Detect new sample comes, old_end8, new_end9
W20240129 01:10:27.617019 1062203 grad_async_v2.h:250] Sleep in <BlockToStepN>, step_no=29, pq.top=29
E20240129 01:10:27.963443 1062755 parallel_pq_v2.h:76] insert failed, size(hashtable)=110446
========== Step 29 ========== 
========== Step 29 ========== 
========== Step 29 ========== 
========== Step 29 ========== 
W20240129 01:10:28.472010 1062756 grad_async_v2.h:121] Detect new sample comes, old_end9, new_end0
W20240129 01:10:28.853556 1062203 grad_async_v2.h:250] Sleep in <BlockToStepN>, step_no=30, pq.top=30
E20240129 01:10:28.963011 1062756 parallel_pq_v2.h:76] insert failed, size(hashtable)=1685
+---------------------------+---------------------------+---------------------------+
| Name                      | P50                       | P99                       |
+---------------------------+---------------------------+---------------------------+
| GenInput:CircleBuffer     | 179.496 us                | 221.450 us                |
| GenInput                  | 31.906 ms                 | 43.682 ms                 |
| NN                        | 756.614 us                | 110.201 ms                |
| Forward                   | 1.128 ms                  | 111.297 ms                |
| Backward                  | 2.493 ms                  | 173.116 ms                |
| Optimize                  | 258.537 us                | 10.349 ms                 |
| BarrierTimeBeforeRank0    | 551.969 us                | 44.343 ms                 |
| AfterBackward             | 485.224 ms                | 1.784 s                   |
| BlockToStepN              | 977.332 ms                | 1.134 s                   |
| OneStep                   | 1.524 s                   | 3.155 s                   |
+---------------------------+---------------------------+---------------------------+
W20240129 01:10:29.853020 1062203 grad_async_v2.h:250] Sleep in <BlockToStepN>, step_no=30, pq.top=30
========== Step 30 ========== 
========== Step 30 ========== 
========== Step 30 ========== 
========== Step 30 ========== 
W20240129 01:10:29.915522 1062756 grad_async_v2.h:121] Detect new sample comes, old_end0, new_end1
E20240129 01:10:29.963007 1062414 parallel_pq_v2.h:76] insert failed, size(hashtable)=277
W20240129 01:10:30.853025 1062203 grad_async_v2.h:250] Sleep in <BlockToStepN>, step_no=31, pq.top=31
E20240129 01:10:30.969174 1062755 parallel_pq_v2.h:76] insert failed, size(hashtable)=117789
+---------------------------+---------------------------+---------------------------+
| Name                      | P50                       | P99                       |
+---------------------------+---------------------------+---------------------------+
| ProcessBack:Shuffle       | 5.958 ms                  | 286.472 ms                |
| ProcessBack:UpdateCache   | 1.001 ms                  | 773.951 ms                |
| ProcessBack:UpsertPq      | 434.479 ms                | 702.841 ms                |
