WARNING: Logging before InitGoogleLogging() is written to STDERR
I20240129 02:51:03.539680 1161860 IPC_barrier.h:128] MultiProcessBarrierFactory->ClearIPCMemory()
/home/xieminhui/RecStore/src/framework_adapters/torch/kg/dgl-0.9.1/python/dgl/_deprecate/graph.py:1023: DGLWarning: multigraph will be deprecated.DGL will treat all graphs as multigraph in the future.
  dgl_warning("multigraph will be deprecated." \
/home/xieminhui/RecStore/src/framework_adapters/torch/kg/dgl-0.9.1/python/dgl/heterograph.py:72: DGLWarning: Recommend creating graphs by `dgl.graph(data)` instead of `dgl.DGLGraph(data)`.
  dgl_warning('Recommend creating graphs by `dgl.graph(data)`'
Reading train triples....
Finished. Read 483142 train triples.
Reading valid triples....
Finished. Read 50000 valid triples.
Reading test triples....
Finished. Read 59071 test triples.
ARGS:  Namespace(model_name='TransE', data_path='/home/xieminhui/dgl-data', dataset='FB15k', format='built_in', data_files=None, delimiter='\t', save_path='/tmp/ckpts/TransE_FB15k_102', no_save_emb=True, max_step=500, batch_size=1200, batch_size_eval=16, neg_sample_size=200, neg_deg_sample=False, neg_deg_sample_eval=False, neg_sample_size_eval=14951, eval_percent=1, no_eval_filter=False, log_interval=100, eval_interval=10000, test=False, num_proc=4, num_thread=1, force_sync_interval=1, hidden_dim=400, lr=0.01, gamma=16.0, double_ent=False, double_rel=False, neg_adversarial_sampling=False, adversarial_temperature=1.0, regularization_coef=0.0, regularization_norm=3, pairwise=False, loss_genre='Logsigmoid', margin=1.0, nr_gpus=4, gpu=[0, 1, 2, 3], mix_cpu_gpu=True, valid=False, rel_part=False, async_update=None, has_edge_importance=False, cached_emb_type='KnownLocalCachedEmbedding', use_my_emb=True, cache_ratio=0.1, shuffle=False, backwardMode='CppAsyncV2', L=10, update_cache_use_omp=0, update_pq_use_omp=0, kForwardItersPerStep=2, backgrad_init='both', eval_filter=True, soft_rel_part=False)
|Train|: 483142
original graph:  DGLGraph(num_nodes=14951, num_edges=592213,
         ndata_schemes={}
         edata_schemes={'tid': Scheme(shape=(), dtype=torch.int64)})
Loading cached metis
WARNING [1161860 sampler.py:454] Start PreSampling
WARNING [1161860 sampler.py:532] Before construct renumbering_dict
WARNING [1161860 sampler.py:555] PreSampling done
W20240129 02:51:06.034679 1161860 IPCTensor.h:368] NewIPCTensor: cached_sampler_r0_0 [1000000]0x100000002000 7.629 MB
W20240129 02:51:06.034811 1161860 IPCTensor.h:368] NewIPCTensor: cached_sampler_r0_1 [1000000]0x1000007a5000 7.629 MB
W20240129 02:51:06.034833 1161860 IPCTensor.h:368] NewIPCTensor: cached_sampler_r0_2 [1000000]0x100000f48000 7.629 MB
W20240129 02:51:06.034850 1161860 IPCTensor.h:368] NewIPCTensor: cached_sampler_r0_3 [1000000]0x1000016eb000 7.629 MB
W20240129 02:51:06.034870 1161860 IPCTensor.h:368] NewIPCTensor: cached_sampler_r0_4 [1000000]0x100001e8e000 7.629 MB
W20240129 02:51:06.034899 1161860 IPCTensor.h:368] NewIPCTensor: cached_sampler_r0_5 [1000000]0x100002631000 7.629 MB
W20240129 02:51:06.034919 1161860 IPCTensor.h:368] NewIPCTensor: cached_sampler_r0_6 [1000000]0x100002dd4000 7.629 MB
W20240129 02:51:06.034945 1161860 IPCTensor.h:368] NewIPCTensor: cached_sampler_r0_7 [1000000]0x100003577000 7.629 MB
W20240129 02:51:06.034967 1161860 IPCTensor.h:368] NewIPCTensor: cached_sampler_r0_8 [1000000]0x100003d1a000 7.629 MB
W20240129 02:51:06.034989 1161860 IPCTensor.h:368] NewIPCTensor: cached_sampler_r0_9 [1000000]0x1000044bd000 7.629 MB
W20240129 02:51:06.035014 1161860 IPCTensor.h:368] NewIPCTensor: step_r0 [10]0x100004c60000 80 B 
W20240129 02:51:06.035033 1161860 IPCTensor.h:368] NewIPCTensor: circle_buffer_end_r0 [1]0x100004c62000 8 B 
W20240129 02:51:06.035048 1161860 IPCTensor.h:368] NewIPCTensor: circle_buffer_end_cppseen_r0 [1]0x100004c64000 8 B 
W20240129 02:51:06.035135 1161860 IPCTensor.h:368] NewIPCTensor: cached_sampler_r1_0 [1000000]0x100004c66000 7.629 MB
W20240129 02:51:06.035156 1161860 IPCTensor.h:368] NewIPCTensor: cached_sampler_r1_1 [1000000]0x100005409000 7.629 MB
W20240129 02:51:06.035176 1161860 IPCTensor.h:368] NewIPCTensor: cached_sampler_r1_2 [1000000]0x100005bac000 7.629 MB
W20240129 02:51:06.035209 1161860 IPCTensor.h:368] NewIPCTensor: cached_sampler_r1_3 [1000000]0x10000634f000 7.629 MB
W20240129 02:51:06.035226 1161860 IPCTensor.h:368] NewIPCTensor: cached_sampler_r1_4 [1000000]0x100006af2000 7.629 MB
W20240129 02:51:06.035245 1161860 IPCTensor.h:368] NewIPCTensor: cached_sampler_r1_5 [1000000]0x100007295000 7.629 MB
W20240129 02:51:06.035265 1161860 IPCTensor.h:368] NewIPCTensor: cached_sampler_r1_6 [1000000]0x100007a38000 7.629 MB
W20240129 02:51:06.035282 1161860 IPCTensor.h:368] NewIPCTensor: cached_sampler_r1_7 [1000000]0x1000081db000 7.629 MB
W20240129 02:51:06.035300 1161860 IPCTensor.h:368] NewIPCTensor: cached_sampler_r1_8 [1000000]0x10000897e000 7.629 MB
W20240129 02:51:06.035320 1161860 IPCTensor.h:368] NewIPCTensor: cached_sampler_r1_9 [1000000]0x100009121000 7.629 MB
W20240129 02:51:06.035337 1161860 IPCTensor.h:368] NewIPCTensor: step_r1 [10]0x1000098c4000 80 B 
W20240129 02:51:06.035352 1161860 IPCTensor.h:368] NewIPCTensor: circle_buffer_end_r1 [1]0x1000098c6000 8 B 
W20240129 02:51:06.035372 1161860 IPCTensor.h:368] NewIPCTensor: circle_buffer_end_cppseen_r1 [1]0x1000098c8000 8 B 
W20240129 02:51:06.035410 1161860 IPCTensor.h:368] NewIPCTensor: cached_sampler_r2_0 [1000000]0x1000098ca000 7.629 MB
W20240129 02:51:06.035432 1161860 IPCTensor.h:368] NewIPCTensor: cached_sampler_r2_1 [1000000]0x10000a06d000 7.629 MB
W20240129 02:51:06.035456 1161860 IPCTensor.h:368] NewIPCTensor: cached_sampler_r2_2 [1000000]0x10000a810000 7.629 MB
W20240129 02:51:06.035475 1161860 IPCTensor.h:368] NewIPCTensor: cached_sampler_r2_3 [1000000]0x10000afb3000 7.629 MB
W20240129 02:51:06.035495 1161860 IPCTensor.h:368] NewIPCTensor: cached_sampler_r2_4 [1000000]0x10000b756000 7.629 MB
W20240129 02:51:06.035514 1161860 IPCTensor.h:368] NewIPCTensor: cached_sampler_r2_5 [1000000]0x10000bef9000 7.629 MB
W20240129 02:51:06.035534 1161860 IPCTensor.h:368] NewIPCTensor: cached_sampler_r2_6 [1000000]0x10000c69c000 7.629 MB
W20240129 02:51:06.035550 1161860 IPCTensor.h:368] NewIPCTensor: cached_sampler_r2_7 [1000000]0x10000ce3f000 7.629 MB
W20240129 02:51:06.035571 1161860 IPCTensor.h:368] NewIPCTensor: cached_sampler_r2_8 [1000000]0x10000d5e2000 7.629 MB
W20240129 02:51:06.035588 1161860 IPCTensor.h:368] NewIPCTensor: cached_sampler_r2_9 [1000000]0x10000dd85000 7.629 MB
W20240129 02:51:06.035604 1161860 IPCTensor.h:368] NewIPCTensor: step_r2 [10]0x10000e528000 80 B 
W20240129 02:51:06.035619 1161860 IPCTensor.h:368] NewIPCTensor: circle_buffer_end_r2 [1]0x10000e52a000 8 B 
W20240129 02:51:06.035632 1161860 IPCTensor.h:368] NewIPCTensor: circle_buffer_end_cppseen_r2 [1]0x10000e52c000 8 B 
W20240129 02:51:06.035669 1161860 IPCTensor.h:368] NewIPCTensor: cached_sampler_r3_0 [1000000]0x10000e52e000 7.629 MB
W20240129 02:51:06.035688 1161860 IPCTensor.h:368] NewIPCTensor: cached_sampler_r3_1 [1000000]0x10000ecd1000 7.629 MB
W20240129 02:51:06.035705 1161860 IPCTensor.h:368] NewIPCTensor: cached_sampler_r3_2 [1000000]0x10000f474000 7.629 MB
W20240129 02:51:06.035722 1161860 IPCTensor.h:368] NewIPCTensor: cached_sampler_r3_3 [1000000]0x10000fc17000 7.629 MB
W20240129 02:51:06.035741 1161860 IPCTensor.h:368] NewIPCTensor: cached_sampler_r3_4 [1000000]0x1000103ba000 7.629 MB
W20240129 02:51:06.035764 1161860 IPCTensor.h:368] NewIPCTensor: cached_sampler_r3_5 [1000000]0x100010b5d000 7.629 MB
W20240129 02:51:06.035784 1161860 IPCTensor.h:368] NewIPCTensor: cached_sampler_r3_6 [1000000]0x100011300000 7.629 MB
W20240129 02:51:06.035801 1161860 IPCTensor.h:368] NewIPCTensor: cached_sampler_r3_7 [1000000]0x100011aa3000 7.629 MB
W20240129 02:51:06.035820 1161860 IPCTensor.h:368] NewIPCTensor: cached_sampler_r3_8 [1000000]0x100012246000 7.629 MB
W20240129 02:51:06.035840 1161860 IPCTensor.h:368] NewIPCTensor: cached_sampler_r3_9 [1000000]0x1000129e9000 7.629 MB
W20240129 02:51:06.035856 1161860 IPCTensor.h:368] NewIPCTensor: step_r3 [10]0x10001318c000 80 B 
W20240129 02:51:06.035869 1161860 IPCTensor.h:368] NewIPCTensor: circle_buffer_end_r3 [1]0x10001318e000 8 B 
W20240129 02:51:06.035889 1161860 IPCTensor.h:368] NewIPCTensor: circle_buffer_end_cppseen_r3 [1]0x100013190000 8 B 
W20240129 02:51:06.165669 1161860 IPCTensor.h:368] NewIPCTensor: full_emb [14951, 400]0x100013192000 22.81 MB
W20240129 02:51:06.165776 1161860 IPCTensor.h:368] NewIPCTensor: full_emb_SparseRowWiseAdaGrad_sum [14951]0x100014864000 58.4 kB
{0: Graph(num_nodes=10523, num_edges=182012,
      ndata_schemes={'_ID': Scheme(shape=(), dtype=torch.int64), 'inner_node': Scheme(shape=(), dtype=torch.int32), 'part_id': Scheme(shape=(), dtype=torch.int64)}
      edata_schemes={'_ID': Scheme(shape=(), dtype=torch.int64), 'inner_edge': Scheme(shape=(), dtype=torch.int8)}), 1: Graph(num_nodes=10996, num_edges=244360,
      ndata_schemes={'_ID': Scheme(shape=(), dtype=torch.int64), 'inner_node': Scheme(shape=(), dtype=torch.int32), 'part_id': Scheme(shape=(), dtype=torch.int64)}
      edata_schemes={'_ID': Scheme(shape=(), dtype=torch.int64), 'inner_edge': Scheme(shape=(), dtype=torch.int8)}), 2: Graph(num_nodes=9404, num_edges=143355,
      ndata_schemes={'_ID': Scheme(shape=(), dtype=torch.int64), 'inner_node': Scheme(shape=(), dtype=torch.int32), 'part_id': Scheme(shape=(), dtype=torch.int64)}
      edata_schemes={'_ID': Scheme(shape=(), dtype=torch.int64), 'inner_edge': Scheme(shape=(), dtype=torch.int8)}), 3: Graph(num_nodes=10954, num_edges=175447,
      ndata_schemes={'_ID': Scheme(shape=(), dtype=torch.int64), 'inner_node': Scheme(shape=(), dtype=torch.int32), 'part_id': Scheme(shape=(), dtype=torch.int64)}
      edata_schemes={'_ID': Scheme(shape=(), dtype=torch.int64), 'inner_edge': Scheme(shape=(), dtype=torch.int8)})}
MertisPartition: part 0 has 10523 N 182012 E
MertisPartition: part 1 has 10996 N 244360 E
MertisPartition: part 2 has 9404 N 143355 E
MertisPartition: part 3 has 10954 N 175447 E
Rank0: cached key size 373
Rank1: cached key size 373
Rank2: cached key size 373
Rank3: cached key size 373
Before renumbering graph:  {'_ID': tensor([    5,    14,    17,  ..., 11245,  2040,  3009]), 'inner_node': tensor([1, 1, 1,  ..., 0, 0, 0], dtype=torch.int32), 'part_id': tensor([0, 0, 0,  ..., 2, 3, 3])}
After renumbering graph:  {'_ID': tensor([1585, 1770, 1837,  ..., 2440, 6263, 7926]), 'inner_node': tensor([1, 1, 1,  ..., 0, 0, 0], dtype=torch.int32), 'part_id': tensor([0, 0, 0,  ..., 2, 3, 3])}
part_g: DGLGraph(num_nodes=10523, num_edges=182012,
         ndata_schemes={'_ID': Scheme(shape=(), dtype=torch.int64)}
         edata_schemes={'tid': Scheme(shape=(), dtype=torch.int64)})
part_g: DGLGraph(num_nodes=10523, num_edges=182012,
         ndata_schemes={'_ID': Scheme(shape=(), dtype=torch.int64)}
         edata_schemes={'tid': Scheme(shape=(), dtype=torch.int64)})
Total initialize time 2.656 seconds
[Rank1] pid = 1162070
[Rank2] pid = 1162135
INFO [1161860 distributed_c10d.py:442] Added key: store_based_barrier_key:1 to store for rank: 0
INFO [1162070 distributed_c10d.py:442] Added key: store_based_barrier_key:1 to store for rank: 1
INFO [1162199 distributed_c10d.py:442] Added key: store_based_barrier_key:1 to store for rank: 3
INFO [1162135 distributed_c10d.py:442] Added key: store_based_barrier_key:1 to store for rank: 2
INFO [1162070 distributed_c10d.py:476] Rank 1: Completed store-based barrier for key:store_based_barrier_key:1 with 4 nodes.
INFO [1162199 distributed_c10d.py:476] Rank 3: Completed store-based barrier for key:store_based_barrier_key:1 with 4 nodes.
INFO [1162135 distributed_c10d.py:476] Rank 2: Completed store-based barrier for key:store_based_barrier_key:1 with 4 nodes.
W20240129 02:51:09.622887 1162071 IPCTensor.h:408] NewIPCGPUTensor: embedding_cache_1 [1495, 400]; dev=1; size=2.281 MB
W20240129 02:51:09.622967 1162136 IPCTensor.h:408] NewIPCGPUTensor: embedding_cache_2 [1495, 400]; dev=2; size=2.281 MB
W20240129 02:51:09.622965 1162201 IPCTensor.h:408] NewIPCGPUTensor: embedding_cache_3 [1495, 400]; dev=3; size=2.281 MB
W20240129 02:51:09.623967 1162071 IPCTensor.h:368] NewIPCTensor: input_keys_1 [1000000]0x10001487a000 7.629 MB
W20240129 02:51:09.624114 1162201 IPCTensor.h:368] NewIPCTensor: input_keys_3 [1000000]0x10001501d000 7.629 MB
W20240129 02:51:09.624132 1162136 IPCTensor.h:368] NewIPCTensor: input_keys_2 [1000000]0x1000157c0000 7.629 MB
W20240129 02:51:09.624230 1162071 IPCTensor.h:368] NewIPCTensor: input_keys_neg_1 [1000000]0x100015f63000 7.629 MB
W20240129 02:51:09.624315 1162071 IPCTensor.h:368] NewIPCTensor: backward_grads_1 [1000000, 400]0x100016706000 1.49 GB
W20240129 02:51:09.624410 1162071 IPCTensor.h:368] NewIPCTensor: backward_grads_neg_1 [1000000, 400]0x100075ce9000 1.49 GB
W20240129 02:51:09.624467 1162201 IPCTensor.h:368] NewIPCTensor: input_keys_neg_3 [1000000]0x1000d52cc000 7.629 MB
W20240129 02:51:09.624486 1162071 IPCTensor.h:408] NewIPCGPUTensor: backward_grads_1_gpu [1000000, 400]; dev=1; size=1.49 GB
W20240129 02:51:09.624501 1162136 IPCTensor.h:368] NewIPCTensor: input_keys_neg_2 [1000000]0x1000d5a6f000 7.629 MB
W20240129 02:51:09.624586 1162201 IPCTensor.h:368] NewIPCTensor: backward_grads_3 [1000000, 400]0x1000d6212000 1.49 GB
W20240129 02:51:09.624621 1162136 IPCTensor.h:368] NewIPCTensor: backward_grads_2 [1000000, 400]0x1001357f5000 1.49 GB
W20240129 02:51:09.624672 1162201 IPCTensor.h:368] NewIPCTensor: backward_grads_neg_3 [1000000, 400]0x100194dd8000 1.49 GB
W20240129 02:51:09.624708 1162136 IPCTensor.h:368] NewIPCTensor: backward_grads_neg_2 [1000000, 400]0x1001f43bb000 1.49 GB
W20240129 02:51:09.624775 1162201 IPCTensor.h:408] NewIPCGPUTensor: backward_grads_3_gpu [1000000, 400]; dev=3; size=1.49 GB
W20240129 02:51:09.624810 1162136 IPCTensor.h:408] NewIPCGPUTensor: backward_grads_2_gpu [1000000, 400]; dev=2; size=1.49 GB
INFO [1161860 distributed_c10d.py:476] Rank 0: Completed store-based barrier for key:store_based_barrier_key:1 with 4 nodes.
W20240129 02:51:09.629312 1162200 IPCTensor.h:408] NewIPCGPUTensor: embedding_cache_0 [1495, 400]; dev=0; size=2.281 MB
W20240129 02:51:09.637204 1162071 IPCTensor.h:408] NewIPCGPUTensor: backward_grads_neg_1_gpu [1000000, 400]; dev=1; size=1.49 GB
W20240129 02:51:09.637233 1162201 IPCTensor.h:408] NewIPCGPUTensor: backward_grads_neg_3_gpu [1000000, 400]; dev=3; size=1.49 GB
W20240129 02:51:09.637279 1162136 IPCTensor.h:408] NewIPCGPUTensor: backward_grads_neg_2_gpu [1000000, 400]; dev=2; size=1.49 GB
W20240129 02:51:09.650673 1162200 IPCTensor.h:368] NewIPCTensor: input_keys_0 [1000000]0x1002539ac000 7.629 MB
W20240129 02:51:09.650914 1162200 IPCTensor.h:368] NewIPCTensor: input_keys_neg_0 [1000000]0x10025414f000 7.629 MB
W20240129 02:51:09.651018 1162200 IPCTensor.h:368] NewIPCTensor: backward_grads_0 [1000000, 400]0x1002548f2000 1.49 GB
W20240129 02:51:09.651099 1162200 IPCTensor.h:368] NewIPCTensor: backward_grads_neg_0 [1000000, 400]0x1002b3ed5000 1.49 GB
W20240129 02:51:09.651228 1162200 IPCTensor.h:408] NewIPCGPUTensor: backward_grads_0_gpu [1000000, 400]; dev=0; size=1.49 GB
W20240129 02:51:09.656903 1162200 IPCTensor.h:408] NewIPCGPUTensor: backward_grads_neg_0_gpu [1000000, 400]; dev=0; size=1.49 GB
[Rank3] pid = 1162199
New CachedEmbedding, name=full_emb, shape=(14951, 400), cache_type=KnownLocalCachedEmbedding
fixed cache_range is [(0, 1495), (1495, 2990), (2990, 4485), (4485, 5980)]
cudaHostRegister 0x100013192000
0: KnownLocalCachedEmbedding init done
WARNING [1161860 DistTensor.py:56] The tensor name already exists in the kvstore
cudaHostRegister 0x100013192000
3: KnownLocalCachedEmbedding init done
WARNING [1162199 DistTensor.py:56] The tensor name already exists in the kvstore
cudaHostRegister 0x100013192000
2: KnownLocalCachedEmbedding init done
WARNING [1162135 DistTensor.py:56] The tensor name already exists in the kvstore
cudaHostRegister 0x100013192000
1: KnownLocalCachedEmbedding init done
WARNING [1162070 DistTensor.py:56] The tensor name already exists in the kvstore
I20240129 02:51:10.706503 1162071 IPC_barrier.h:118] CreateBarrier: new barrier, name: kgcachecontroller, count: 4
I20240129 02:51:10.706681 1162201 IPC_barrier.h:112] CreateBarrier: find existing barrier, name: kgcachecontroller, count: 4
I20240129 02:51:10.706859 1162136 IPC_barrier.h:112] CreateBarrier: find existing barrier, name: kgcachecontroller, count: 4
I20240129 02:51:10.707312 1162200 IPC_barrier.h:112] CreateBarrier: find existing barrier, name: kgcachecontroller, count: 4
W20240129 02:51:10.708941 1162200 grad_base.h:55] KGCacheController, config={
        "num_gpus": 4,
        "L": 10,
        "backgrad_init": "both", 
        "kForwardItersPerStep": 2,
        "clr": 1,
        "nr_background_threads": 32,
        "backwardMode": "CppAsyncV2",
        "cache_ratio": 0.1,
        "update_cache_use_omp":  0,
        "update_pq_use_omp":  0
        }
W20240129 02:51:10.709039 1162200 grad_base.h:184] Init GradProcessingBase done
I20240129 02:51:10.714322 1162200 grad_async_v2.h:32] Use background thread to update emb. nr_background_threads=32
W20240129 02:51:10.714449 1162200 kg_controller.h:78] after init GradAsyncProcessingV2
I20240129 02:51:10.714455 1162200 kg_controller.h:84] Construct KGCacheController done
E20240129 02:51:12.122597 1162201 recstore.cc:66] init folly done
E20240129 02:51:12.122639 1162071 recstore.cc:66] init folly done
E20240129 02:51:12.122856 1162136 recstore.cc:66] init folly done
E20240129 02:51:12.122889 1162200 recstore.cc:66] init folly done
I20240129 02:51:12.123493 1162200 grad_base.h:60] GraphEnv RegTensorsPerProcess
W20240129 02:51:12.785223 1162613 grad_async_v2.h:121] Detect new sample comes, old_end0, new_end1
E20240129 02:51:12.785508 1162613 parallel_pq_v2.h:76] insert failed, size(hashtable)=1
I20240129 02:51:12.807991 1162200 IPC_barrier.h:118] CreateBarrier: new barrier, name: start_barrier, count: 4
I20240129 02:51:12.813777 1162201 IPC_barrier.h:112] CreateBarrier: find existing barrier, name: start_barrier, count: 4
I20240129 02:51:12.815145 1162071 IPC_barrier.h:112] CreateBarrier: find existing barrier, name: start_barrier, count: 4
I20240129 02:51:12.834262 1162136 IPC_barrier.h:112] CreateBarrier: find existing barrier, name: start_barrier, count: 4
E20240129 02:51:15.379941 1162200 parallel_pq_v2.h:76] insert failed, size(hashtable)=2
W20240129 02:51:15.391243 1162613 grad_async_v2.h:121] Detect new sample comes, old_end1, new_end2
W20240129 02:51:15.415542 1162200 grad_async_v2.h:250] Sleep in <BlockToStepN>, step_no=2, pq.top=0
+---------------------------+---------------------------+---------------------------+
| Name                      | P50                       | P99                       |
+---------------------------+---------------------------+---------------------------+
| GenInput                  | 941.459 us                | 12.952 ms                 |
| Forward                   | 3.266 ms                  | 1.556 s                   |
| Backward                  | 2.640 ms                  | 291.328 ms                |
| Optimize                  | 1.086 ms                  | 2.563 ms                  |
| BarrierTimeBeforeRank0    | 42.550 us                 | 81.703 ms                 |
| AfterBackward             | 10.638 ms                 | 622.073 ms                |
| BlockToStepN              | 694.462 us                | 17.268 ms                 |
| OneStep                   | 21.773 ms                 | 2.556 s                   |
+---------------------------+---------------------------+---------------------------+
E20240129 02:51:16.379139 1162612 parallel_pq_v2.h:76] insert failed, size(hashtable)=6254
W20240129 02:51:16.396607 1162613 grad_async_v2.h:121] Detect new sample comes, old_end8, new_end2
W20240129 02:51:16.429478 1162200 grad_async_v2.h:250] Sleep in <BlockToStepN>, step_no=33, pq.top=33
+---------------------------+---------------------------+---------------------------+
| Name                      | P50                       | P99                       |
+---------------------------+---------------------------+---------------------------+
| ProcessBack:Shuffle       | 2.143 ms                  | 71.591 ms                 |
| ProcessBack:UpdateCache   | 1.828 ms                  | 256.229 ms                |
| ProcessBack:UpsertPq      | 9.351 ms                  | 12.555 ms                 |
| ProcessOneStep            | 14.296 ms                 | 182.285 ms                |
| BlockToStepN              | 4.481 ms                  | 23.527 ms                 |
+---------------------------+---------------------------+---------------------------+
E20240129 02:51:17.379007 1162612 parallel_pq_v2.h:76] insert failed, size(hashtable)=5842
W20240129 02:51:17.400514 1162613 grad_async_v2.h:121] Detect new sample comes, old_end7, new_end8
W20240129 02:51:17.432746 1162200 grad_async_v2.h:250] Sleep in <BlockToStepN>, step_no=59, pq.top=59
E20240129 02:51:18.379017 1162612 parallel_pq_v2.h:76] insert failed, size(hashtable)=3044
W20240129 02:51:18.402542 1162613 grad_async_v2.h:121] Detect new sample comes, old_end3, new_end4
W20240129 02:51:18.432009 1162200 grad_async_v2.h:250] Sleep in <BlockToStepN>, step_no=84, pq.top=84
train_sampler.Prefill()
before start barrier
start train
[proc 2] 100 steps, total: 6.236, sample: 0.226, forward: 1.218, backward: 0.586, update: 0.109
train_sampler.Prefill()
before start barrier
start train
[proc 3] 100 steps, total: 6.257, sample: 0.233, forward: 1.896, backward: 0.590, update: 0.111
train_sampler.Prefill()
before start barrier
start train
[proc 1] 100 steps, total: 6.255, sample: 0.230, forward: 1.275, backward: 0.521, update: 0.107
train_sampler.Prefill()
-------Step 0-------
tensor([ 7679,    50, 10275,  7831,  9337,  4382, 12671,  5192, 12855,   100]) tensor([ 1837,  8735, 10346,  1387,  7704,  7304, 13058,  7576,  8563,  7660])
-------Step 1-------
tensor([ 7679,    50, 10275,  7831,  9337,  4382, 12671,  5192, 12855,   100]) tensor([ 7669, 12251, 11787, 13098,  7281,  8593,  6456,  2309,  2708,  8714])
-------Step 2-------
tensor([ 9549,  2919,  3849,    23,   605,   280,   215, 12027, 12803,  8957]) tensor([10583,  3848,  3877, 12610,  2227,  2869, 11292,  6118, 13280,  6465])
-------Step 3-------
tensor([ 9549,  2919,  3849,    23,   605,   280,   215, 12027, 12803,  8957]) tensor([  579, 11747,  6700, 12717,   339,   546,  2537, 10950,  5824,   223])
-------Step 4-------
tensor([ 3089, 14607, 11786, 10665,  5772,  5962, 11357,  7485,  4432,  2153]) tensor([14927,   983, 10955, 10836,  4777,   718,  6257,  1107, 10951, 12751])
-------Step 5-------
tensor([ 3089, 14607, 11786, 10665,  5772,  5962, 11357,  7485,  4432,  2153]) tensor([ 7456,  7183,  8053, 14577,  1288, 14305,  2619, 13188,  7740,  6727])
-------Step 6-------
tensor([11735,   643,  8034,    82, 11167, 13996, 14345, 11786,  8382,  6340]) tensor([ 3424,  8726,  7020, 12146,  9040, 12268,  1977,  2626, 14414,  1367])
-------Step 7-------
tensor([11735,   643,  8034,    82, 11167, 13996, 14345, 11786,  8382,  6340]) tensor([ 5057, 14564,  9405,  7792,  5788,   887,  5124,   988, 10784, 12719])
-------Step 8-------
tensor([11099, 10172, 13621, 10413,  5098,  6509,  1799,  5877,  5086, 10617]) tensor([ 8034, 11281, 14009,  1779, 10906, 11428,  2388,  9436,  8020,  8767])
-------Step 9-------
tensor([11099, 10172, 13621, 10413,  5098,  6509,  1799,  5877,  5086, 10617]) tensor([10023, 11298,  1703,  3677,  2461,   625,  7090,  3271,  2708, 14757])
before start barrier
start train
[proc 0] 100 steps, total: 6.262, sample: 0.234, forward: 1.860, backward: 0.558, update: 0.109
E20240129 02:51:19.379019 1162612 parallel_pq_v2.h:76] insert failed, size(hashtable)=4245
W20240129 02:51:19.409183 1162613 grad_async_v2.h:121] Detect new sample comes, old_end8, new_end9
W20240129 02:51:19.454455 1162200 grad_async_v2.h:250] Sleep in <BlockToStepN>, step_no=110, pq.top=110
E20240129 02:51:20.379012 1162612 parallel_pq_v2.h:76] insert failed, size(hashtable)=6483
W20240129 02:51:20.413280 1162613 grad_async_v2.h:121] Detect new sample comes, old_end3, new_end4
W20240129 02:51:20.475198 1162200 grad_async_v2.h:250] Sleep in <BlockToStepN>, step_no=135, pq.top=135
+---------------------------+---------------------------+---------------------------+
| Name                      | P50                       | P99                       |
+---------------------------+---------------------------+---------------------------+
| GenInput                  | 1.044 ms                  | 13.022 ms                 |
| Forward                   | 3.103 ms                  | 5.171 ms                  |
| Backward                  | 2.736 ms                  | 4.682 ms                  |
| Optimize                  | 1.092 ms                  | 2.230 ms                  |
| BarrierTimeBeforeRank0    | 19.909 us                 | 4.220 ms                  |
| AfterBackward             | 14.809 ms                 | 182.431 ms                |
| BlockToStepN              | 12.874 ms                 | 24.333 ms                 |
| OneStep                   | 38.321 ms                 | 207.705 ms                |
+---------------------------+---------------------------+---------------------------+
E20240129 02:51:21.379074 1162612 parallel_pq_v2.h:76] insert failed, size(hashtable)=5845
W20240129 02:51:21.413314 1162613 grad_async_v2.h:121] Detect new sample comes, old_end8, new_end9
W20240129 02:51:21.475085 1162200 grad_async_v2.h:250] Sleep in <BlockToStepN>, step_no=160, pq.top=160
+---------------------------+---------------------------+---------------------------+
| Name                      | P50                       | P99                       |
+---------------------------+---------------------------+---------------------------+
| ProcessBack:Shuffle       | 2.110 ms                  | 2.378 ms                  |
| ProcessBack:UpdateCache   | 1.784 ms                  | 1.973 ms                  |
| ProcessBack:UpsertPq      | 10.211 ms                 | 12.555 ms                 |
| ProcessOneStep            | 14.551 ms                 | 22.177 ms                 |
| BlockToStepN              | 13.858 ms                 | 23.527 ms                 |
+---------------------------+---------------------------+---------------------------+
E20240129 02:51:22.379026 1162612 parallel_pq_v2.h:76] insert failed, size(hashtable)=6423
W20240129 02:51:22.429762 1162613 grad_async_v2.h:121] Detect new sample comes, old_end3, new_end4
W20240129 02:51:22.487051 1162200 grad_async_v2.h:250] Sleep in <BlockToStepN>, step_no=185, pq.top=185
[proc 3] 200 steps, total: 4.043, sample: 0.254, forward: 0.303, backward: 0.295, update: 0.104
[proc 0] 200 steps, total: 4.043, sample: 0.235, forward: 0.297, backward: 0.276, update: 0.110
[proc 1] 200 steps, total: 4.043, sample: 0.261, forward: 0.304, backward: 0.306, update: 0.099
[proc 2] 200 steps, total: 4.043, sample: 0.256, forward: 0.304, backward: 0.262, update: 0.103
E20240129 02:51:23.379192 1162387 parallel_pq_v2.h:76] insert failed, size(hashtable)=381
W20240129 02:51:23.433096 1162613 grad_async_v2.h:121] Detect new sample comes, old_end8, new_end9
W20240129 02:51:23.489953 1162200 grad_async_v2.h:250] Sleep in <BlockToStepN>, step_no=210, pq.top=210
E20240129 02:51:24.379019 1162612 parallel_pq_v2.h:76] insert failed, size(hashtable)=9145
W20240129 02:51:24.443339 1162613 grad_async_v2.h:121] Detect new sample comes, old_end1, new_end2
W20240129 02:51:24.504207 1162200 grad_async_v2.h:250] Sleep in <BlockToStepN>, step_no=233, pq.top=233
E20240129 02:51:25.379014 1162613 parallel_pq_v2.h:76] insert failed, size(hashtable)=197
W20240129 02:51:25.449123 1162613 grad_async_v2.h:121] Detect new sample comes, old_end4, new_end5
W20240129 02:51:25.504205 1162200 grad_async_v2.h:250] Sleep in <BlockToStepN>, step_no=256, pq.top=256
+---------------------------+---------------------------+---------------------------+
| Name                      | P50                       | P99                       |
+---------------------------+---------------------------+---------------------------+
| GenInput                  | 1.096 ms                  | 13.774 ms                 |
| Forward                   | 3.097 ms                  | 4.692 ms                  |
| Backward                  | 2.748 ms                  | 4.521 ms                  |
| Optimize                  | 1.084 ms                  | 2.372 ms                  |
| BarrierTimeBeforeRank0    | 21.275 us                 | 12.133 ms                 |
| AfterBackward             | 14.776 ms                 | 22.313 ms                 |
| BlockToStepN              | 14.359 ms                 | 28.287 ms                 |
| OneStep                   | 40.127 ms                 | 55.340 ms                 |
+---------------------------+---------------------------+---------------------------+
E20240129 02:51:26.379007 1162200 parallel_pq_v2.h:76] insert failed, size(hashtable)=2224
W20240129 02:51:26.454504 1162613 grad_async_v2.h:121] Detect new sample comes, old_end8, new_end9
W20240129 02:51:26.524237 1162200 grad_async_v2.h:250] Sleep in <BlockToStepN>, step_no=280, pq.top=280
+---------------------------+---------------------------+---------------------------+
| Name                      | P50                       | P99                       |
+---------------------------+---------------------------+---------------------------+
| ProcessBack:Shuffle       | 2.090 ms                  | 2.380 ms                  |
| ProcessBack:UpdateCache   | 1.540 ms                  | 1.949 ms                  |
| ProcessBack:UpsertPq      | 10.137 ms                 | 16.804 ms                 |
| ProcessOneStep            | 14.957 ms                 | 22.292 ms                 |
| BlockToStepN              | 13.975 ms                 | 28.216 ms                 |
+---------------------------+---------------------------+---------------------------+
E20240129 02:51:27.379046 1162612 parallel_pq_v2.h:76] insert failed, size(hashtable)=8404
[proc 3] 300 steps, total: 4.292, sample: 0.247, forward: 0.308, backward: 0.255, update: 0.099
[proc 1] 300 steps, total: 4.292, sample: 0.232, forward: 0.315, backward: 0.290, update: 0.103
[proc 2] 300 steps, total: 4.292, sample: 0.242, forward: 0.316, backward: 0.252, update: 0.113
[proc 0] 300 steps, total: 4.292, sample: 0.285, forward: 0.315, backward: 0.269, update: 0.111
W20240129 02:51:27.457430 1162613 grad_async_v2.h:121] Detect new sample comes, old_end1, new_end2
W20240129 02:51:27.524067 1162200 grad_async_v2.h:250] Sleep in <BlockToStepN>, step_no=303, pq.top=303
E20240129 02:51:28.379009 1162612 parallel_pq_v2.h:76] insert failed, size(hashtable)=7506
W20240129 02:51:28.459771 1162613 grad_async_v2.h:121] Detect new sample comes, old_end4, new_end5
W20240129 02:51:28.537864 1162200 grad_async_v2.h:250] Sleep in <BlockToStepN>, step_no=326, pq.top=326
E20240129 02:51:29.379014 1162612 parallel_pq_v2.h:76] insert failed, size(hashtable)=7438
W20240129 02:51:29.460631 1162613 grad_async_v2.h:121] Detect new sample comes, old_end7, new_end8
W20240129 02:51:29.537361 1162200 grad_async_v2.h:250] Sleep in <BlockToStepN>, step_no=349, pq.top=349
E20240129 02:51:30.379009 1162387 parallel_pq_v2.h:76] insert failed, size(hashtable)=728
W20240129 02:51:30.468125 1162613 grad_async_v2.h:121] Detect new sample comes, old_end0, new_end1
W20240129 02:51:30.560914 1162200 grad_async_v2.h:250] Sleep in <BlockToStepN>, step_no=373, pq.top=373
+---------------------------+---------------------------+---------------------------+
| Name                      | P50                       | P99                       |
+---------------------------+---------------------------+---------------------------+
| GenInput                  | 1.173 ms                  | 14.916 ms                 |
| Forward                   | 3.154 ms                  | 5.142 ms                  |
| Backward                  | 2.737 ms                  | 4.353 ms                  |
| Optimize                  | 1.086 ms                  | 2.336 ms                  |
| BarrierTimeBeforeRank0    | 20.902 us                 | 13.025 ms                 |
| AfterBackward             | 15.337 ms                 | 22.200 ms                 |
| BlockToStepN              | 13.870 ms                 | 28.970 ms                 |
| OneStep                   | 41.297 ms                 | 56.291 ms                 |
+---------------------------+---------------------------+---------------------------+
E20240129 02:51:31.379015 1162612 parallel_pq_v2.h:76] insert failed, size(hashtable)=3971
W20240129 02:51:31.480707 1162613 grad_async_v2.h:121] Detect new sample comes, old_end3, new_end4
W20240129 02:51:31.560283 1162200 grad_async_v2.h:250] Sleep in <BlockToStepN>, step_no=395, pq.top=395
[proc 1] 400 steps, total: 4.388, sample: 0.252, forward: 0.315, backward: 0.254, update: 0.098
[proc 2] 400 steps, total: 4.388, sample: 0.235, forward: 0.318, backward: 0.255, update: 0.108
[proc 3] 400 steps, total: 4.388, sample: 0.237, forward: 0.316, backward: 0.257, update: 0.099
[proc 0] 400 steps, total: 4.388, sample: 0.292, forward: 0.317, backward: 0.266, update: 0.111
+---------------------------+---------------------------+---------------------------+
| Name                      | P50                       | P99                       |
+---------------------------+---------------------------+---------------------------+
| ProcessBack:Shuffle       | 2.085 ms                  | 2.379 ms                  |
| ProcessBack:UpdateCache   | 1.488 ms                  | 1.938 ms                  |
| ProcessBack:UpsertPq      | 10.170 ms                 | 14.074 ms                 |
| ProcessOneStep            | 15.341 ms                 | 22.177 ms                 |
| BlockToStepN              | 13.558 ms                 | 31.664 ms                 |
+---------------------------+---------------------------+---------------------------+
E20240129 02:51:32.379009 1162200 parallel_pq_v2.h:76] insert failed, size(hashtable)=1316
W20240129 02:51:32.489945 1162613 grad_async_v2.h:121] Detect new sample comes, old_end5, new_end6
W20240129 02:51:32.560364 1162200 grad_async_v2.h:250] Sleep in <BlockToStepN>, step_no=417, pq.top=417
E20240129 02:51:33.379017 1162612 parallel_pq_v2.h:76] insert failed, size(hashtable)=3910
W20240129 02:51:33.496095 1162613 grad_async_v2.h:121] Detect new sample comes, old_end8, new_end9
W20240129 02:51:33.560511 1162200 grad_async_v2.h:250] Sleep in <BlockToStepN>, step_no=440, pq.top=440
E20240129 02:51:34.379011 1162387 parallel_pq_v2.h:76] insert failed, size(hashtable)=1637
W20240129 02:51:34.500836 1162613 grad_async_v2.h:121] Detect new sample comes, old_end1, new_end2
W20240129 02:51:34.566578 1162200 grad_async_v2.h:250] Sleep in <BlockToStepN>, step_no=463, pq.top=463
E20240129 02:51:35.379019 1162612 parallel_pq_v2.h:76] insert failed, size(hashtable)=7419
W20240129 02:51:35.503036 1162613 grad_async_v2.h:121] Detect new sample comes, old_end3, new_end4
W20240129 02:51:35.566496 1162200 grad_async_v2.h:250] Sleep in <BlockToStepN>, step_no=485, pq.top=485
+---------------------------+---------------------------+---------------------------+
| Name                      | P50                       | P99                       |
+---------------------------+---------------------------+---------------------------+
| GenInput                  | 1.200 ms                  | 14.804 ms                 |
| Forward                   | 3.127 ms                  | 4.853 ms                  |
| Backward                  | 2.723 ms                  | 4.353 ms                  |
| Optimize                  | 1.075 ms                  | 2.243 ms                  |
| BarrierTimeBeforeRank0    | 23.950 us                 | 13.125 ms                 |
| AfterBackward             | 15.176 ms                 | 21.922 ms                 |
| BlockToStepN              | 14.147 ms                 | 33.050 ms                 |
| OneStep                   | 41.877 ms                 | 62.649 ms                 |
+---------------------------+---------------------------+---------------------------+
[proc 3] 500 steps, total: 4.475, sample: 0.226, forward: 0.303, backward: 0.256, update: 0.097
[proc 1] 500 steps, total: 4.475, sample: 0.233, forward: 0.313, backward: 0.265, update: 0.099
[proc 2] 500 steps, total: 4.475, sample: 0.230, forward: 0.303, backward: 0.255, update: 0.102
[proc 0] 500 steps, total: 4.475, sample: 0.251, forward: 0.289, backward: 0.272, update: 0.096
Successfully xmh. training takes 23.460843324661255 seconds
before call kg_cache_controller.StopThreads()
W20240129 02:51:36.268898 1162200 grad_async_v2.h:71] call StopThreads. PID = 1161860
W20240129 02:51:36.268945 1162200 grad_base.h:212] before processOneStepNegThread_.join();
W20240129 02:51:36.269233 1162200 grad_base.h:214] after processOneStepNegThread_.join();
W20240129 02:51:36.269239 1162200 grad_async_v2.h:73] call GradProcessingBase::StopThreads.
[W tensorpipe_agent.cpp:725] RPC agent for worker0 encountered error when reading incoming request from worker2: eof (this error originated at tensorpipe/transport/shm/connection_impl.cc:259)
[W tensorpipe_agent.cpp:725] RPC agent for worker0 encountered error when reading incoming request from worker1: eof (this error originated at tensorpipe/transport/shm/connection_impl.cc:259)
W20240129 02:51:36.276130 1162200 grad_async_v2.h:92] StopThreads done.
[W tensorpipe_agent.cpp:725] RPC agent for worker0 encountered error when reading incoming request from worker3: eof (this error originated at tensorpipe/transport/shm/connection_impl.cc:259)
+---------------------------+---------------------------+---------------------------+
| Name                      | P50                       | P99                       |
+---------------------------+---------------------------+---------------------------+
| ProcessBack:Shuffle       | 2.067 ms                  | 2.380 ms                  |
| ProcessBack:UpdateCache   | 1.455 ms                  | 1.946 ms                  |
| ProcessBack:UpsertPq      | 10.076 ms                 | 13.981 ms                 |
| ProcessOneStep            | 15.228 ms                 | 21.903 ms                 |
| BlockToStepN              | 14.019 ms                 | 33.219 ms                 |
+---------------------------+---------------------------+---------------------------+
On rank0, prepare to call self.controller.StopThreads(), self=<python.controller_process.KGCacheControllerWrapper object at 0x7f85a9b1ce90>
