WARNING: Logging before InitGoogleLogging() is written to STDERR
I20240211 12:44:59.756397 21526 IPC_barrier.h:128] MultiProcessBarrierFactory->ClearIPCMemory()
W20240211 12:44:59.760844 21526 IPCTensor.h:369] NewIPCTensor: full_emb [33762578, 32]0x100000002000 4.025 GB
/data/home/xieminhui/RecStore/src/framework_adapters/torch/python/perf_rec_model.py:152: DeprecationWarning: The 'warn' function is deprecated, use 'warning' instead
  XLOG.warn("After init DistEmbedding")
WARNING [21526 perf_rec_model.py:152] After init DistEmbedding
========== Running Perf with routine <function routine_local_cache_helper at 0x7facbb5a58a0>==========
Worker 1 pid=24200
Worker 2 pid=24201
Worker 3 pid=24202
Worker 4 pid=24203
Worker 5 pid=24204
Worker 6 pid=24205
INFO [21526 distributed_c10d.py:442] Added key: store_based_barrier_key:1 to store for rank: 0
INFO [24200 distributed_c10d.py:442] Added key: store_based_barrier_key:1 to store for rank: 1
INFO [24201 distributed_c10d.py:442] Added key: store_based_barrier_key:1 to store for rank: 2
INFO [24202 distributed_c10d.py:442] Added key: store_based_barrier_key:1 to store for rank: 3
INFO [24204 distributed_c10d.py:442] Added key: store_based_barrier_key:1 to store for rank: 5
INFO [24203 distributed_c10d.py:442] Added key: store_based_barrier_key:1 to store for rank: 4
INFO [24205 distributed_c10d.py:442] Added key: store_based_barrier_key:1 to store for rank: 6
INFO [24206 distributed_c10d.py:442] Added key: store_based_barrier_key:1 to store for rank: 7
INFO [24206 distributed_c10d.py:476] Rank 7: Completed store-based barrier for key:store_based_barrier_key:1 with 8 nodes.
INFO [24204 distributed_c10d.py:476] Rank 5: Completed store-based barrier for key:store_based_barrier_key:1 with 8 nodes.
INFO [24205 distributed_c10d.py:476] Rank 6: Completed store-based barrier for key:store_based_barrier_key:1 with 8 nodes.
INFO [24203 distributed_c10d.py:476] Rank 4: Completed store-based barrier for key:store_based_barrier_key:1 with 8 nodes.
E20240211 12:45:18.042685 24206 IPCTensor.h:348] IPCTensor full_emb already exists
INFO [24202 distributed_c10d.py:476] Rank 3: Completed store-based barrier for key:store_based_barrier_key:1 with 8 nodes.
INFO [24201 distributed_c10d.py:476] Rank 2: Completed store-based barrier for key:store_based_barrier_key:1 with 8 nodes.
E20240211 12:45:18.042867 24205 IPCTensor.h:348] IPCTensor full_emb already exists
E20240211 12:45:18.042888 24204 IPCTensor.h:348] IPCTensor full_emb already exists
E20240211 12:45:18.043013 24203 IPCTensor.h:348] IPCTensor full_emb already exists
E20240211 12:45:18.043560 24202 IPCTensor.h:348] IPCTensor full_emb already exists
E20240211 12:45:18.043666 24201 IPCTensor.h:348] IPCTensor full_emb already exists
INFO [24200 distributed_c10d.py:476] Rank 1: Completed store-based barrier for key:store_based_barrier_key:1 with 8 nodes.
INFO [21526 distributed_c10d.py:476] Rank 0: Completed store-based barrier for key:store_based_barrier_key:1 with 8 nodes.
E20240211 12:45:18.044894 24200 IPCTensor.h:348] IPCTensor full_emb already exists
E20240211 12:45:18.044952 21526 IPCTensor.h:348] IPCTensor full_emb already exists
W20240211 12:45:36.875459 24203 IPCTensor.h:409] NewIPCGPUTensor: embedding_cache_4 [3376257, 32]; dev=4; size=412.1 MB
W20240211 12:45:36.877301 24204 IPCTensor.h:409] NewIPCGPUTensor: embedding_cache_5 [3376257, 32]; dev=5; size=412.1 MB
W20240211 12:45:36.877316 24201 IPCTensor.h:409] NewIPCGPUTensor: embedding_cache_2 [3376257, 32]; dev=2; size=412.1 MB
W20240211 12:45:36.877781 24206 IPCTensor.h:409] NewIPCGPUTensor: embedding_cache_7 [3376257, 32]; dev=7; size=412.1 MB
W20240211 12:45:36.878291 24205 IPCTensor.h:409] NewIPCGPUTensor: embedding_cache_6 [3376257, 32]; dev=6; size=412.1 MB
W20240211 12:45:36.884840 24202 IPCTensor.h:409] NewIPCGPUTensor: embedding_cache_3 [3376257, 32]; dev=3; size=412.1 MB
W20240211 12:45:36.884882 24200 IPCTensor.h:409] NewIPCGPUTensor: embedding_cache_1 [3376257, 32]; dev=1; size=412.1 MB
W20240211 12:45:36.886076 21526 IPCTensor.h:409] NewIPCGPUTensor: embedding_cache_0 [3376257, 32]; dev=0; size=412.1 MB
W20240211 12:45:37.602088 24204 IPCTensor.h:369] NewIPCTensor: input_keys_5 [1000000]0x10010196e000 7.629 MB
W20240211 12:45:37.602306 24204 IPCTensor.h:369] NewIPCTensor: input_keys_neg_5 [1000000]0x100102111000 7.629 MB
W20240211 12:45:37.602361 24204 IPCTensor.h:369] NewIPCTensor: backward_grads_5 [1000000, 32]0x1001028b4000 122.1 MB
W20240211 12:45:37.602412 24204 IPCTensor.h:369] NewIPCTensor: backward_grads_neg_5 [1000000, 32]0x10010a2c8000 122.1 MB
W20240211 12:45:37.602455 24204 IPCTensor.h:409] NewIPCGPUTensor: backward_grads_5_gpu [1000000, 32]; dev=5; size=122.1 MB
W20240211 12:45:37.608036 24204 IPCTensor.h:409] NewIPCGPUTensor: backward_grads_neg_5_gpu [1000000, 32]; dev=5; size=122.1 MB
W20240211 12:45:37.626819 24206 IPCTensor.h:369] NewIPCTensor: input_keys_7 [1000000]0x100111ce2000 7.629 MB
W20240211 12:45:37.626983 24206 IPCTensor.h:369] NewIPCTensor: input_keys_neg_7 [1000000]0x100112485000 7.629 MB
W20240211 12:45:37.627036 24206 IPCTensor.h:369] NewIPCTensor: backward_grads_7 [1000000, 32]0x100112c28000 122.1 MB
W20240211 12:45:37.627087 24206 IPCTensor.h:369] NewIPCTensor: backward_grads_neg_7 [1000000, 32]0x10011a63c000 122.1 MB
W20240211 12:45:37.627130 24206 IPCTensor.h:409] NewIPCGPUTensor: backward_grads_7_gpu [1000000, 32]; dev=7; size=122.1 MB
W20240211 12:45:37.629719 24206 IPCTensor.h:409] NewIPCGPUTensor: backward_grads_neg_7_gpu [1000000, 32]; dev=7; size=122.1 MB
W20240211 12:45:37.665820 24203 IPCTensor.h:369] NewIPCTensor: input_keys_4 [1000000]0x100122056000 7.629 MB
W20240211 12:45:37.666046 24203 IPCTensor.h:369] NewIPCTensor: input_keys_neg_4 [1000000]0x1001227f9000 7.629 MB
W20240211 12:45:37.666100 24203 IPCTensor.h:369] NewIPCTensor: backward_grads_4 [1000000, 32]0x100122f9c000 122.1 MB
W20240211 12:45:37.666155 24203 IPCTensor.h:369] NewIPCTensor: backward_grads_neg_4 [1000000, 32]0x10012a9b0000 122.1 MB
W20240211 12:45:37.666210 24203 IPCTensor.h:409] NewIPCGPUTensor: backward_grads_4_gpu [1000000, 32]; dev=4; size=122.1 MB
W20240211 12:45:37.666775 24203 IPCTensor.h:409] NewIPCGPUTensor: backward_grads_neg_4_gpu [1000000, 32]; dev=4; size=122.1 MB
W20240211 12:45:37.677181 24200 IPCTensor.h:369] NewIPCTensor: input_keys_1 [1000000]0x1001323ca000 7.629 MB
W20240211 12:45:37.677348 24200 IPCTensor.h:369] NewIPCTensor: input_keys_neg_1 [1000000]0x100132b6d000 7.629 MB
W20240211 12:45:37.677423 24200 IPCTensor.h:369] NewIPCTensor: backward_grads_1 [1000000, 32]0x100133310000 122.1 MB
W20240211 12:45:37.677469 24200 IPCTensor.h:369] NewIPCTensor: backward_grads_neg_1 [1000000, 32]0x10013ad24000 122.1 MB
W20240211 12:45:37.677513 24200 IPCTensor.h:409] NewIPCGPUTensor: backward_grads_1_gpu [1000000, 32]; dev=1; size=122.1 MB
W20240211 12:45:37.679219 24200 IPCTensor.h:409] NewIPCGPUTensor: backward_grads_neg_1_gpu [1000000, 32]; dev=1; size=122.1 MB
W20240211 12:45:37.679400 24201 IPCTensor.h:369] NewIPCTensor: input_keys_2 [1000000]0x10014273c000 7.629 MB
W20240211 12:45:37.679548 24201 IPCTensor.h:369] NewIPCTensor: input_keys_neg_2 [1000000]0x100142edf000 7.629 MB
W20240211 12:45:37.679601 24201 IPCTensor.h:369] NewIPCTensor: backward_grads_2 [1000000, 32]0x100143682000 122.1 MB
W20240211 12:45:37.679653 24201 IPCTensor.h:369] NewIPCTensor: backward_grads_neg_2 [1000000, 32]0x10014b096000 122.1 MB
W20240211 12:45:37.679723 24201 IPCTensor.h:409] NewIPCGPUTensor: backward_grads_2_gpu [1000000, 32]; dev=2; size=122.1 MB
W20240211 12:45:37.680151 24201 IPCTensor.h:409] NewIPCGPUTensor: backward_grads_neg_2_gpu [1000000, 32]; dev=2; size=122.1 MB
W20240211 12:45:37.702222 24205 IPCTensor.h:369] NewIPCTensor: input_keys_6 [1000000]0x100152ab2000 7.629 MB
W20240211 12:45:37.702391 24205 IPCTensor.h:369] NewIPCTensor: input_keys_neg_6 [1000000]0x100153255000 7.629 MB
W20240211 12:45:37.702445 24205 IPCTensor.h:369] NewIPCTensor: backward_grads_6 [1000000, 32]0x1001539f8000 122.1 MB
W20240211 12:45:37.702502 24205 IPCTensor.h:369] NewIPCTensor: backward_grads_neg_6 [1000000, 32]0x10015b40c000 122.1 MB
W20240211 12:45:37.702551 24205 IPCTensor.h:409] NewIPCGPUTensor: backward_grads_6_gpu [1000000, 32]; dev=6; size=122.1 MB
W20240211 12:45:37.702917 24205 IPCTensor.h:409] NewIPCGPUTensor: backward_grads_neg_6_gpu [1000000, 32]; dev=6; size=122.1 MB
W20240211 12:45:37.722321 21526 IPCTensor.h:369] NewIPCTensor: input_keys_0 [1000000]0x100162e26000 7.629 MB
W20240211 12:45:37.722558 21526 IPCTensor.h:369] NewIPCTensor: input_keys_neg_0 [1000000]0x1001635c9000 7.629 MB
W20240211 12:45:37.722636 21526 IPCTensor.h:369] NewIPCTensor: backward_grads_0 [1000000, 32]0x100163d6c000 122.1 MB
W20240211 12:45:37.722673 21526 IPCTensor.h:369] NewIPCTensor: backward_grads_neg_0 [1000000, 32]0x10016b780000 122.1 MB
W20240211 12:45:37.722718 21526 IPCTensor.h:409] NewIPCGPUTensor: backward_grads_0_gpu [1000000, 32]; dev=0; size=122.1 MB
W20240211 12:45:37.723076 21526 IPCTensor.h:409] NewIPCGPUTensor: backward_grads_neg_0_gpu [1000000, 32]; dev=0; size=122.1 MB
W20240211 12:45:37.748409 24202 IPCTensor.h:369] NewIPCTensor: input_keys_3 [1000000]0x10017319a000 7.629 MB
W20240211 12:45:37.748850 24202 IPCTensor.h:369] NewIPCTensor: input_keys_neg_3 [1000000]0x10017393d000 7.629 MB
W20240211 12:45:37.748914 24202 IPCTensor.h:369] NewIPCTensor: backward_grads_3 [1000000, 32]0x1001740e0000 122.1 MB
W20240211 12:45:37.748989 24202 IPCTensor.h:369] NewIPCTensor: backward_grads_neg_3 [1000000, 32]0x10017baf4000 122.1 MB
W20240211 12:45:37.749045 24202 IPCTensor.h:409] NewIPCGPUTensor: backward_grads_3_gpu [1000000, 32]; dev=3; size=122.1 MB
W20240211 12:45:37.749395 24202 IPCTensor.h:409] NewIPCGPUTensor: backward_grads_neg_3_gpu [1000000, 32]; dev=3; size=122.1 MB
Worker 7 pid=24206
New CachedEmbedding, name=full_emb, shape=(33762578, 32), cache_type=KnownLocalCachedEmbeddingSoftware
fixed cache_range is [(0, 3376257), (3376257, 6752514), (6752514, 10128771), (10128771, 13505028), (13505028, 16881285), (16881285, 20257542), (20257542, 23633799), (23633799, 27010056)]
cudaHostRegister 0x100000002000
0: KnownLocalCachedEmbedding init done
cudaHostRegister 0x100000002000
2: KnownLocalCachedEmbedding init done
cudaHostRegister 0x100000002000
1: KnownLocalCachedEmbedding init done
cudaHostRegister 0x100000002000
3: KnownLocalCachedEmbedding init done
cudaHostRegister 0x100000002000
6: KnownLocalCachedEmbedding init done
cudaHostRegister 0x100000002000
7: KnownLocalCachedEmbedding init done
cudaHostRegister 0x100000002000
4: KnownLocalCachedEmbedding init done
cudaHostRegister 0x100000002000
5: KnownLocalCachedEmbedding init done
W20240211 12:45:45.676596 21526 IPCTensor.h:369] NewIPCTensor: cached_sampler_r0_0 [1000000]0x10018350c000 7.629 MB
W20240211 12:45:45.676811 21526 IPCTensor.h:369] NewIPCTensor: cached_sampler_r0_1 [1000000]0x100183caf000 7.629 MB
W20240211 12:45:45.676867 21526 IPCTensor.h:369] NewIPCTensor: cached_sampler_r0_2 [1000000]0x100184452000 7.629 MB
W20240211 12:45:45.676914 21526 IPCTensor.h:369] NewIPCTensor: cached_sampler_r0_3 [1000000]0x100184bf5000 7.629 MB
W20240211 12:45:45.676971 21526 IPCTensor.h:369] NewIPCTensor: cached_sampler_r0_4 [1000000]0x100185398000 7.629 MB
W20240211 12:45:45.677004 21526 IPCTensor.h:369] NewIPCTensor: cached_sampler_r0_5 [1000000]0x100185b3b000 7.629 MB
W20240211 12:45:45.677038 21526 IPCTensor.h:369] NewIPCTensor: cached_sampler_r0_6 [1000000]0x100186a81000 7.629 MB
W20240211 12:45:45.677047 24200 IPCTensor.h:369] NewIPCTensor: cached_sampler_r1_0 [1000000]0x1001862de000 7.629 MB
W20240211 12:45:45.677091 21526 IPCTensor.h:369] NewIPCTensor: cached_sampler_r0_7 [1000000]0x100187224000 7.629 MB
W20240211 12:45:45.677127 21526 IPCTensor.h:369] NewIPCTensor: cached_sampler_r0_8 [1000000]0x1001879c7000 7.629 MB
W20240211 12:45:45.677196 21526 IPCTensor.h:369] NewIPCTensor: cached_sampler_r0_9 [1000000]0x10018816a000 7.629 MB
W20240211 12:45:45.677258 21526 IPCTensor.h:369] NewIPCTensor: step_r0 [10]0x10018890d000 80 B 
W20240211 12:45:45.677281 24200 IPCTensor.h:369] NewIPCTensor: cached_sampler_r1_1 [1000000]0x10018890f000 7.629 MB
W20240211 12:45:45.677294 21526 IPCTensor.h:369] NewIPCTensor: circle_buffer_end_r0 [1]0x1001890b2000 8 B 
W20240211 12:45:45.677322 21526 IPCTensor.h:369] NewIPCTensor: circle_buffer_end_cppseen_r0 [1]0x1001890b4000 8 B 
W20240211 12:45:45.677356 24200 IPCTensor.h:369] NewIPCTensor: cached_sampler_r1_2 [1000000]0x1001890b6000 7.629 MB
W20240211 12:45:45.677423 24200 IPCTensor.h:369] NewIPCTensor: cached_sampler_r1_3 [1000000]0x100189859000 7.629 MB
W20240211 12:45:45.677469 24200 IPCTensor.h:369] NewIPCTensor: cached_sampler_r1_4 [1000000]0x100189ffc000 7.629 MB
W20240211 12:45:45.677525 24200 IPCTensor.h:369] NewIPCTensor: cached_sampler_r1_5 [1000000]0x10018a79f000 7.629 MB
W20240211 12:45:45.677572 24200 IPCTensor.h:369] NewIPCTensor: cached_sampler_r1_6 [1000000]0x10018af42000 7.629 MB
Dataset:  /home/xieminhui/RecStoreDataset/criteo_binary
Dataset loaded
np.max =  33762577
np.min=  1
Construct RecModelSampler done
Construct KGCacheControllerWrapper done
W20240211 12:45:45.677640 24200 IPCTensor.h:369] NewIPCTensor: cached_sampler_r1_7 [1000000]0x10018b6e5000 7.629 MB
W20240211 12:45:45.677688 24200 IPCTensor.h:369] NewIPCTensor: cached_sampler_r1_8 [1000000]0x10018be88000 7.629 MB
W20240211 12:45:45.677724 24200 IPCTensor.h:369] NewIPCTensor: cached_sampler_r1_9 [1000000]0x10018c62b000 7.629 MB
W20240211 12:45:45.677778 24200 IPCTensor.h:369] NewIPCTensor: step_r1 [10]0x10018cdce000 80 B 
W20240211 12:45:45.677820 24200 IPCTensor.h:369] NewIPCTensor: circle_buffer_end_r1 [1]0x10018cdd0000 8 B 
W20240211 12:45:45.677855 24200 IPCTensor.h:369] NewIPCTensor: circle_buffer_end_cppseen_r1 [1]0x10018cdd2000 8 B 
Dataset:  /home/xieminhui/RecStoreDataset/criteo_binary
Dataset loaded
np.max =  33762577
np.min=  1
Construct RecModelSampler done
E20240211 12:45:45.678089 21526 recstore.cc:66] init folly done
Construct KGCacheControllerWrapper done
E20240211 12:45:45.678360 24200 recstore.cc:66] init folly done
W20240211 12:45:46.080992 24201 IPCTensor.h:369] NewIPCTensor: cached_sampler_r2_0 [1000000]0x10018cdd4000 7.629 MB
W20240211 12:45:46.081228 24201 IPCTensor.h:369] NewIPCTensor: cached_sampler_r2_1 [1000000]0x10018d577000 7.629 MB
W20240211 12:45:46.081284 24201 IPCTensor.h:369] NewIPCTensor: cached_sampler_r2_2 [1000000]0x10018dd1a000 7.629 MB
W20240211 12:45:46.081338 24201 IPCTensor.h:369] NewIPCTensor: cached_sampler_r2_3 [1000000]0x10018e4bd000 7.629 MB
W20240211 12:45:46.081384 24201 IPCTensor.h:369] NewIPCTensor: cached_sampler_r2_4 [1000000]0x10018ec60000 7.629 MB
W20240211 12:45:46.081434 24201 IPCTensor.h:369] NewIPCTensor: cached_sampler_r2_5 [1000000]0x10018f403000 7.629 MB
W20240211 12:45:46.081482 24201 IPCTensor.h:369] NewIPCTensor: cached_sampler_r2_6 [1000000]0x10018fba6000 7.629 MB
W20240211 12:45:46.081553 24201 IPCTensor.h:369] NewIPCTensor: cached_sampler_r2_7 [1000000]0x100190349000 7.629 MB
W20240211 12:45:46.081601 24201 IPCTensor.h:369] NewIPCTensor: cached_sampler_r2_8 [1000000]0x100190aec000 7.629 MB
W20240211 12:45:46.081638 24201 IPCTensor.h:369] NewIPCTensor: cached_sampler_r2_9 [1000000]0x10019128f000 7.629 MB
W20240211 12:45:46.081692 24201 IPCTensor.h:369] NewIPCTensor: step_r2 [10]0x100191a32000 80 B 
W20240211 12:45:46.081732 24201 IPCTensor.h:369] NewIPCTensor: circle_buffer_end_r2 [1]0x100191a34000 8 B 
W20240211 12:45:46.081765 24201 IPCTensor.h:369] NewIPCTensor: circle_buffer_end_cppseen_r2 [1]0x100191a36000 8 B 
Dataset:  /home/xieminhui/RecStoreDataset/criteo_binary
Dataset loaded
np.max =  33762577
np.min=  1
Construct RecModelSampler done
Construct KGCacheControllerWrapper done
E20240211 12:45:46.082366 24201 recstore.cc:66] init folly done
W20240211 12:45:46.097723 24204 IPCTensor.h:369] NewIPCTensor: cached_sampler_r5_0 [1000000]0x100191a38000 7.629 MB
W20240211 12:45:46.098042 24204 IPCTensor.h:369] NewIPCTensor: cached_sampler_r5_1 [1000000]0x1001921db000 7.629 MB
W20240211 12:45:46.098095 24204 IPCTensor.h:369] NewIPCTensor: cached_sampler_r5_2 [1000000]0x10019297e000 7.629 MB
W20240211 12:45:46.098150 24204 IPCTensor.h:369] NewIPCTensor: cached_sampler_r5_3 [1000000]0x100193121000 7.629 MB
W20240211 12:45:46.098191 24204 IPCTensor.h:369] NewIPCTensor: cached_sampler_r5_4 [1000000]0x1001938c4000 7.629 MB
W20240211 12:45:46.098249 24204 IPCTensor.h:369] NewIPCTensor: cached_sampler_r5_5 [1000000]0x100194067000 7.629 MB
W20240211 12:45:46.098295 24204 IPCTensor.h:369] NewIPCTensor: cached_sampler_r5_6 [1000000]0x10019480a000 7.629 MB
W20240211 12:45:46.098356 24204 IPCTensor.h:369] NewIPCTensor: cached_sampler_r5_7 [1000000]0x100194fad000 7.629 MB
W20240211 12:45:46.098405 24204 IPCTensor.h:369] NewIPCTensor: cached_sampler_r5_8 [1000000]0x100195750000 7.629 MB
W20240211 12:45:46.098448 24204 IPCTensor.h:369] NewIPCTensor: cached_sampler_r5_9 [1000000]0x100195ef3000 7.629 MB
W20240211 12:45:46.098495 24204 IPCTensor.h:369] NewIPCTensor: step_r5 [10]0x100196696000 80 B 
W20240211 12:45:46.098534 24204 IPCTensor.h:369] NewIPCTensor: circle_buffer_end_r5 [1]0x100196698000 8 B 
W20240211 12:45:46.098567 24204 IPCTensor.h:369] NewIPCTensor: circle_buffer_end_cppseen_r5 [1]0x10019669a000 8 B 
Dataset:  /home/xieminhui/RecStoreDataset/criteo_binary
Dataset loaded
np.max =  33762577
np.min=  1
Construct RecModelSampler done
Construct KGCacheControllerWrapper done
E20240211 12:45:46.099364 24204 recstore.cc:66] init folly done
W20240211 12:45:46.329334 24203 IPCTensor.h:369] NewIPCTensor: cached_sampler_r4_0 [1000000]0x10019669c000 7.629 MB
W20240211 12:45:46.329520 24203 IPCTensor.h:369] NewIPCTensor: cached_sampler_r4_1 [1000000]0x100196e3f000 7.629 MB
W20240211 12:45:46.329574 24203 IPCTensor.h:369] NewIPCTensor: cached_sampler_r4_2 [1000000]0x1001975e2000 7.629 MB
W20240211 12:45:46.329628 24203 IPCTensor.h:369] NewIPCTensor: cached_sampler_r4_3 [1000000]0x100197d85000 7.629 MB
W20240211 12:45:46.329670 24203 IPCTensor.h:369] NewIPCTensor: cached_sampler_r4_4 [1000000]0x100198528000 7.629 MB
W20240211 12:45:46.329746 24203 IPCTensor.h:369] NewIPCTensor: cached_sampler_r4_5 [1000000]0x100198ccb000 7.629 MB
W20240211 12:45:46.329794 24203 IPCTensor.h:369] NewIPCTensor: cached_sampler_r4_6 [1000000]0x10019946e000 7.629 MB
W20240211 12:45:46.329859 24203 IPCTensor.h:369] NewIPCTensor: cached_sampler_r4_7 [1000000]0x100199c11000 7.629 MB
W20240211 12:45:46.329908 24203 IPCTensor.h:369] NewIPCTensor: cached_sampler_r4_8 [1000000]0x10019a3b4000 7.629 MB
W20240211 12:45:46.329946 24203 IPCTensor.h:369] NewIPCTensor: cached_sampler_r4_9 [1000000]0x10019ab57000 7.629 MB
W20240211 12:45:46.329996 24203 IPCTensor.h:369] NewIPCTensor: step_r4 [10]0x10019b2fa000 80 B 
W20240211 12:45:46.330035 24203 IPCTensor.h:369] NewIPCTensor: circle_buffer_end_r4 [1]0x10019b2fc000 8 B 
W20240211 12:45:46.330068 24203 IPCTensor.h:369] NewIPCTensor: circle_buffer_end_cppseen_r4 [1]0x10019b2fe000 8 B 
Dataset:  /home/xieminhui/RecStoreDataset/criteo_binary
Dataset loaded
np.max =  33762577
np.min=  1
Construct RecModelSampler done
Construct KGCacheControllerWrapper done
E20240211 12:45:46.330600 24203 recstore.cc:66] init folly done
W20240211 12:45:46.343353 24206 IPCTensor.h:369] NewIPCTensor: cached_sampler_r7_0 [1000000]0x10019b300000 7.629 MB
W20240211 12:45:46.343621 24206 IPCTensor.h:369] NewIPCTensor: cached_sampler_r7_1 [1000000]0x10019baa3000 7.629 MB
W20240211 12:45:46.343701 24206 IPCTensor.h:369] NewIPCTensor: cached_sampler_r7_2 [1000000]0x10019c246000 7.629 MB
W20240211 12:45:46.343776 24206 IPCTensor.h:369] NewIPCTensor: cached_sampler_r7_3 [1000000]0x10019c9e9000 7.629 MB
W20240211 12:45:46.343833 24206 IPCTensor.h:369] NewIPCTensor: cached_sampler_r7_4 [1000000]0x10019d18c000 7.629 MB
W20240211 12:45:46.343895 24206 IPCTensor.h:369] NewIPCTensor: cached_sampler_r7_5 [1000000]0x10019d92f000 7.629 MB
W20240211 12:45:46.343948 24206 IPCTensor.h:369] NewIPCTensor: cached_sampler_r7_6 [1000000]0x10019e0d2000 7.629 MB
W20240211 12:45:46.344030 24206 IPCTensor.h:369] NewIPCTensor: cached_sampler_r7_7 [1000000]0x10019e875000 7.629 MB
W20240211 12:45:46.344113 24206 IPCTensor.h:369] NewIPCTensor: cached_sampler_r7_8 [1000000]0x10019f018000 7.629 MB
W20240211 12:45:46.344161 24206 IPCTensor.h:369] NewIPCTensor: cached_sampler_r7_9 [1000000]0x10019f7bb000 7.629 MB
W20240211 12:45:46.344215 24206 IPCTensor.h:369] NewIPCTensor: step_r7 [10]0x10019ff5e000 80 B 
W20240211 12:45:46.344260 24206 IPCTensor.h:369] NewIPCTensor: circle_buffer_end_r7 [1]0x10019ff60000 8 B 
W20240211 12:45:46.344291 24206 IPCTensor.h:369] NewIPCTensor: circle_buffer_end_cppseen_r7 [1]0x10019ff62000 8 B 
Dataset:  /home/xieminhui/RecStoreDataset/criteo_binary
Dataset loaded
np.max =  33762577
np.min=  1
Construct RecModelSampler done
Construct KGCacheControllerWrapper done
E20240211 12:45:46.344843 24206 recstore.cc:66] init folly done
W20240211 12:45:46.459059 24202 IPCTensor.h:369] NewIPCTensor: cached_sampler_r3_0 [1000000]0x10019ff64000 7.629 MB
W20240211 12:45:46.459270 24202 IPCTensor.h:369] NewIPCTensor: cached_sampler_r3_1 [1000000]0x1001a0707000 7.629 MB
W20240211 12:45:46.459323 24202 IPCTensor.h:369] NewIPCTensor: cached_sampler_r3_2 [1000000]0x1001a0eaa000 7.629 MB
W20240211 12:45:46.459381 24202 IPCTensor.h:369] NewIPCTensor: cached_sampler_r3_3 [1000000]0x1001a164d000 7.629 MB
W20240211 12:45:46.459429 24202 IPCTensor.h:369] NewIPCTensor: cached_sampler_r3_4 [1000000]0x1001a1df0000 7.629 MB
W20240211 12:45:46.459478 24202 IPCTensor.h:369] NewIPCTensor: cached_sampler_r3_5 [1000000]0x1001a2593000 7.629 MB
W20240211 12:45:46.459537 24202 IPCTensor.h:369] NewIPCTensor: cached_sampler_r3_6 [1000000]0x1001a2d36000 7.629 MB
W20240211 12:45:46.459600 24202 IPCTensor.h:369] NewIPCTensor: cached_sampler_r3_7 [1000000]0x1001a34d9000 7.629 MB
W20240211 12:45:46.459648 24202 IPCTensor.h:369] NewIPCTensor: cached_sampler_r3_8 [1000000]0x1001a3c7c000 7.629 MB
W20240211 12:45:46.459690 24202 IPCTensor.h:369] NewIPCTensor: cached_sampler_r3_9 [1000000]0x1001a441f000 7.629 MB
W20240211 12:45:46.459738 24202 IPCTensor.h:369] NewIPCTensor: step_r3 [10]0x1001a4bc2000 80 B 
W20240211 12:45:46.459777 24202 IPCTensor.h:369] NewIPCTensor: circle_buffer_end_r3 [1]0x1001a4bc4000 8 B 
W20240211 12:45:46.459815 24202 IPCTensor.h:369] NewIPCTensor: circle_buffer_end_cppseen_r3 [1]0x1001a4bc6000 8 B 
Dataset:  /home/xieminhui/RecStoreDataset/criteo_binary
Dataset loaded
np.max =  33762577
np.min=  1
Construct RecModelSampler done
Construct KGCacheControllerWrapper done
E20240211 12:45:46.460356 24202 recstore.cc:66] init folly done
W20240211 12:45:46.637741 24205 IPCTensor.h:369] NewIPCTensor: cached_sampler_r6_0 [1000000]0x1001a4bc8000 7.629 MB
W20240211 12:45:46.637943 24205 IPCTensor.h:369] NewIPCTensor: cached_sampler_r6_1 [1000000]0x1001a536b000 7.629 MB
W20240211 12:45:46.638003 24205 IPCTensor.h:369] NewIPCTensor: cached_sampler_r6_2 [1000000]0x1001a5b0e000 7.629 MB
W20240211 12:45:46.638065 24205 IPCTensor.h:369] NewIPCTensor: cached_sampler_r6_3 [1000000]0x1001a62b1000 7.629 MB
W20240211 12:45:46.638113 24205 IPCTensor.h:369] NewIPCTensor: cached_sampler_r6_4 [1000000]0x1001a6a54000 7.629 MB
W20240211 12:45:46.638173 24205 IPCTensor.h:369] NewIPCTensor: cached_sampler_r6_5 [1000000]0x1001a71f7000 7.629 MB
W20240211 12:45:46.638226 24205 IPCTensor.h:369] NewIPCTensor: cached_sampler_r6_6 [1000000]0x1001a799a000 7.629 MB
W20240211 12:45:46.638298 24205 IPCTensor.h:369] NewIPCTensor: cached_sampler_r6_7 [1000000]0x1001a813d000 7.629 MB
W20240211 12:45:46.638353 24205 IPCTensor.h:369] NewIPCTensor: cached_sampler_r6_8 [1000000]0x1001a88e0000 7.629 MB
W20240211 12:45:46.638399 24205 IPCTensor.h:369] NewIPCTensor: cached_sampler_r6_9 [1000000]0x1001a9083000 7.629 MB
W20240211 12:45:46.638459 24205 IPCTensor.h:369] NewIPCTensor: step_r6 [10]0x1001a9826000 80 B 
W20240211 12:45:46.638504 24205 IPCTensor.h:369] NewIPCTensor: circle_buffer_end_r6 [1]0x1001a9828000 8 B 
W20240211 12:45:46.638542 24205 IPCTensor.h:369] NewIPCTensor: circle_buffer_end_cppseen_r6 [1]0x1001a982a000 8 B 
Dataset:  /home/xieminhui/RecStoreDataset/criteo_binary
Dataset loaded
np.max =  33762577
np.min=  1
Construct RecModelSampler done
Construct KGCacheControllerWrapper done
E20240211 12:45:46.639067 24205 recstore.cc:66] init folly done
Before Training
Before Training
I20240211 12:45:47.453809 24205 IPC_barrier.h:118] CreateBarrier: new barrier, name: start_barrier, count: 8
I20240211 12:45:47.453836 24206 IPC_barrier.h:112] CreateBarrier: find existing barrier, name: start_barrier, count: 8
Before Training
Before Training
Before Training
Before Training
I20240211 12:45:47.454032 24204 IPC_barrier.h:112] CreateBarrier: find existing barrier, name: start_barrier, count: 8
I20240211 12:45:47.454056 21526 IPC_barrier.h:112] CreateBarrier: find existing barrier, name: start_barrier, count: 8
I20240211 12:45:47.454084 24203 IPC_barrier.h:112] CreateBarrier: find existing barrier, name: start_barrier, count: 8
I20240211 12:45:47.454107 24201 IPC_barrier.h:112] CreateBarrier: find existing barrier, name: start_barrier, count: 8
Before Training
I20240211 12:45:47.454494 24202 IPC_barrier.h:112] CreateBarrier: find existing barrier, name: start_barrier, count: 8
Before Training
I20240211 12:45:47.454634 24200 IPC_barrier.h:112] CreateBarrier: find existing barrier, name: start_barrier, count: 8
========== Step 0 ========== 
+---------------------------+---------------------------+---------------------------+
| Name                      | P50                       | P99                       |
+---------------------------+---------------------------+---------------------------+
| GenInput:CircleBuffer     | 160.099 us                | 160.099 us                |
| GenInput                  | 1.640 ms                  | 1.640 ms                  |
| bucket keys               | 64.317 ms                 | 64.317 ms                 |
| forward: join             | 103.484 ms                | 103.484 ms                |
| NN                        | 186.229 ms                | 186.229 ms                |
| Forward                   | 443.197 ms                | 443.197 ms                |
| back: bucket keys         | 557.836 us                | 557.836 us                |
+---------------------------+---------------------------+---------------------------+
+---------------------------+---------------------------+---------------------------+
| Name                      | P50                       | P99                       |
+---------------------------+---------------------------+---------------------------+
| GenInput:CircleBuffer     | 160.099 us                | 160.099 us                |
| GenInput                  | 1.640 ms                  | 1.640 ms                  |
| bucket keys               | 64.317 ms                 | 64.317 ms                 |
| forward: join             | 103.484 ms                | 103.484 ms                |
| NN                        | 186.229 ms                | 186.229 ms                |
| Forward                   | 443.197 ms                | 443.197 ms                |
| back: bucket keys         | 557.836 us                | 557.836 us                |
+---------------------------+---------------------------+---------------------------+
+---------------------------+---------------------------+---------------------------+
| Name                      | P50                       | P99                       |
+---------------------------+---------------------------+---------------------------+
| GenInput:CircleBuffer     | 160.099 us                | 160.099 us                |
| GenInput                  | 1.640 ms                  | 1.640 ms                  |
| bucket keys               | 64.317 ms                 | 64.317 ms                 |
| forward: join             | 103.484 ms                | 103.484 ms                |
| NN                        | 186.229 ms                | 186.229 ms                |
| Forward                   | 443.197 ms                | 443.197 ms                |
| back: bucket keys         | 557.836 us                | 557.836 us                |
+---------------------------+---------------------------+---------------------------+
+---------------------------+---------------------------+---------------------------+
| Name                      | P50                       | P99                       |
+---------------------------+---------------------------+---------------------------+
| GenInput:CircleBuffer     | 160.099 us                | 160.099 us                |
| GenInput                  | 1.640 ms                  | 1.640 ms                  |
| bucket keys               | 64.317 ms                 | 64.317 ms                 |
| forward: join             | 103.484 ms                | 103.484 ms                |
| NN                        | 186.229 ms                | 186.229 ms                |
| Forward                   | 443.197 ms                | 443.197 ms                |
| back: bucket keys         | 557.836 us                | 557.836 us                |
+---------------------------+---------------------------+---------------------------+
+---------------------------+---------------------------+---------------------------+
| Name                      | P50                       | P99                       |
+---------------------------+---------------------------+---------------------------+
| GenInput:CircleBuffer     | 160.099 us                | 160.099 us                |
| GenInput                  | 1.640 ms                  | 1.640 ms                  |
| bucket keys               | 64.317 ms                 | 64.317 ms                 |
| forward: join             | 103.484 ms                | 103.484 ms                |
| NN                        | 186.229 ms                | 186.229 ms                |
| Forward                   | 443.197 ms                | 443.197 ms                |
| back: bucket keys         | 557.836 us                | 557.836 us                |
+---------------------------+---------------------------+---------------------------+
+---------------------------+---------------------------+---------------------------+
| Name                      | P50                       | P99                       |
+---------------------------+---------------------------+---------------------------+
| GenInput:CircleBuffer     | 160.099 us                | 160.099 us                |
| GenInput                  | 1.640 ms                  | 1.640 ms                  |
| bucket keys               | 64.317 ms                 | 64.317 ms                 |
| forward: join             | 103.484 ms                | 103.484 ms                |
| NN                        | 186.229 ms                | 186.229 ms                |
| Forward                   | 443.197 ms                | 443.197 ms                |
| back: bucket keys         | 557.836 us                | 557.836 us                |
+---------------------------+---------------------------+---------------------------+
+---------------------------+---------------------------+---------------------------+
| Name                      | P50                       | P99                       |
+---------------------------+---------------------------+---------------------------+
| GenInput:CircleBuffer     | 160.099 us                | 160.099 us                |
| GenInput                  | 1.640 ms                  | 1.640 ms                  |
| bucket keys               | 64.317 ms                 | 64.317 ms                 |
| forward: join             | 103.484 ms                | 103.484 ms                |
| NN                        | 186.229 ms                | 186.229 ms                |
| Forward                   | 443.197 ms                | 443.197 ms                |
| back: bucket keys         | 557.836 us                | 557.836 us                |
+---------------------------+---------------------------+---------------------------+
+---------------------------+---------------------------+---------------------------+
| Name                      | P50                       | P99                       |
+---------------------------+---------------------------+---------------------------+
| GenInput:CircleBuffer     | 160.099 us                | 160.099 us                |
| GenInput                  | 1.640 ms                  | 1.640 ms                  |
| bucket keys               | 64.317 ms                 | 64.317 ms                 |
| forward: join             | 103.484 ms                | 103.484 ms                |
| NN                        | 186.229 ms                | 186.229 ms                |
| Forward                   | 443.197 ms                | 443.197 ms                |
| back: bucket keys         | 557.836 us                | 557.836 us                |
+---------------------------+---------------------------+---------------------------+
+---------------------------+---------------------------+---------------------------+
| Name                      | P50                       | P99                       |
+---------------------------+---------------------------+---------------------------+
| GenInput:CircleBuffer     | 160.099 us                | 160.099 us                |
| GenInput                  | 1.640 ms                  | 1.640 ms                  |
| bucket keys               | 64.317 ms                 | 64.317 ms                 |
| forward: join             | 103.484 ms                | 103.484 ms                |
| NN                        | 186.229 ms                | 186.229 ms                |
| Forward                   | 443.197 ms                | 443.197 ms                |
| back: bucket keys         | 557.836 us                | 557.836 us                |
+---------------------------+---------------------------+---------------------------+
+---------------------------+---------------------------+---------------------------+
| Name                      | P50                       | P99                       |
+---------------------------+---------------------------+---------------------------+
| GenInput:CircleBuffer     | 160.099 us                | 160.099 us                |
| GenInput                  | 1.640 ms                  | 1.640 ms                  |
| bucket keys               | 64.317 ms                 | 64.317 ms                 |
| forward: join             | 103.484 ms                | 103.484 ms                |
| NN                        | 186.229 ms                | 186.229 ms                |
| Forward                   | 443.197 ms                | 443.197 ms                |
| back: bucket keys         | 557.836 us                | 557.836 us                |
+---------------------------+---------------------------+---------------------------+
========== Step 1 ========== 
INFO [21526 distributed.py:1140] Reducer buckets have been rebuilt in this iteration.
INFO [24200 distributed.py:1140] Reducer buckets have been rebuilt in this iteration.
+---------------------------+---------------------------+---------------------------+
| Name                      | P50                       | P99                       |
+---------------------------+---------------------------+---------------------------+
| GenInput:CircleBuffer     | 160.099 us                | 265.557 us                |
| GenInput                  | 1.640 ms                  | 2.541 ms                  |
| bucket keys               | 597.949 us                | 64.317 ms                 |
| forward: join             | 1.896 ms                  | 103.484 ms                |
| NN                        | 17.466 ms                 | 186.229 ms                |
| Forward                   | 20.768 ms                 | 443.197 ms                |
| back: bucket keys         | 391.768 us                | 557.836 us                |
| back: a2a                 | 51.341 s                  | 51.341 s                  |
| back: cache               | 295.559 ms                | 295.559 ms                |
| back: aggr dram keys      | 904.143 ms                | 904.143 ms                |
| back: set dram grad       | 1.895 ms                  | 1.895 ms                  |
| Backward                  | 52.624 s                  | 52.624 s                  |
| Optimize                  | 121.047 ms                | 121.047 ms                |
| OneStep                   | 53.194 s                  | 53.194 s                  |
+---------------------------+---------------------------+---------------------------+
INFO [24201 distributed.py:1140] Reducer buckets have been rebuilt in this iteration.
INFO [24202 distributed.py:1140] Reducer buckets have been rebuilt in this iteration.
INFO [24203 distributed.py:1140] Reducer buckets have been rebuilt in this iteration.
INFO [24204 distributed.py:1140] Reducer buckets have been rebuilt in this iteration.
INFO [24205 distributed.py:1140] Reducer buckets have been rebuilt in this iteration.
INFO [24206 distributed.py:1140] Reducer buckets have been rebuilt in this iteration.
========== Step 2 ========== 
========== Step 3 ========== 
========== Step 4 ========== 
========== Step 5 ========== 
========== Step 6 ========== 
========== Step 7 ========== 
========== Step 8 ========== 
========== Step 9 ========== 
========== Step 10 ========== 
========== Step 11 ========== 
+---------------------------+---------------------------+---------------------------+
| Name                      | P50                       | P99                       |
+---------------------------+---------------------------+---------------------------+
| GenInput:CircleBuffer     | 160.099 us                | 509.703 us                |
| GenInput                  | 1.053 ms                  | 2.541 ms                  |
| bucket keys               | 648.617 us                | 64.317 ms                 |
| forward: join             | 80.223 ms                 | 103.484 ms                |
| NN                        | 1.499 ms                  | 186.229 ms                |
| Forward                   | 82.257 ms                 | 443.197 ms                |
| back: bucket keys         | 394.189 us                | 557.836 us                |
| back: a2a                 | 20.226 ms                 | 51.341 s                  |
| back: cache               | 305.479 ms                | 314.482 ms                |
| back: aggr dram keys      | 46.995 ms                 | 904.143 ms                |
| back: set dram grad       | 1.196 ms                  | 1.895 ms                  |
| Backward                  | 377.442 ms                | 52.624 s                  |
| Optimize                  | 17.739 ms                 | 121.047 ms                |
| OneStep                   | 475.599 ms                | 53.194 s                  |
+---------------------------+---------------------------+---------------------------+
========== Step 12 ========== 
========== Step 13 ========== 
========== Step 14 ========== 
========== Step 15 ========== 
========== Step 16 ========== 
========== Step 17 ========== 
========== Step 18 ========== 
========== Step 19 ========== 
Successfully xmh
