WARNING: Logging before InitGoogleLogging() is written to STDERR
I20240116 12:15:20.044767 24622 IPC_barrier.h:128] MultiProcessBarrierFactory->ClearIPCMemory()
W20240116 12:15:20.051544 24622 IPCTensor.h:367] NewIPCTensor: full_emb [100000000, 32]0x100000002000
/home/xieminhui/RecStore/src/framework_adapters/torch/python/perf_emb.py:165: DeprecationWarning: The 'warn' function is deprecated, use 'warning' instead
  XLOG.warn("After init DistEmbedding")
WARNING [24622 perf_emb.py:165] After init DistEmbedding
========== Running Perf with routine <function routine_local_cache_helper at 0x7fe2975a58a0>==========
Worker 1 pid=24919
Worker 2 pid=24920
INFO [24622 distributed_c10d.py:442] Added key: store_based_barrier_key:1 to store for rank: 0
INFO [24919 distributed_c10d.py:442] Added key: store_based_barrier_key:1 to store for rank: 1
INFO [24921 distributed_c10d.py:442] Added key: store_based_barrier_key:1 to store for rank: 3
INFO [24920 distributed_c10d.py:442] Added key: store_based_barrier_key:1 to store for rank: 2
INFO [24622 distributed_c10d.py:476] Rank 0: Completed store-based barrier for key:store_based_barrier_key:1 with 4 nodes.
INFO [24919 distributed_c10d.py:476] Rank 1: Completed store-based barrier for key:store_based_barrier_key:1 with 4 nodes.
INFO [24921 distributed_c10d.py:476] Rank 3: Completed store-based barrier for key:store_based_barrier_key:1 with 4 nodes.
INFO [24920 distributed_c10d.py:476] Rank 2: Completed store-based barrier for key:store_based_barrier_key:1 with 4 nodes.
E20240116 12:15:21.735978 24622 IPCTensor.h:346] IPCTensor full_emb already exists
E20240116 12:15:21.736160 24919 IPCTensor.h:346] IPCTensor full_emb already exists
E20240116 12:15:21.736231 24921 IPCTensor.h:346] IPCTensor full_emb already exists
E20240116 12:15:21.736308 24920 IPCTensor.h:346] IPCTensor full_emb already exists
W20240116 12:15:21.766633 24920 IPCTensor.h:406] NewIPCGPUTensor: embedding_cache_2 [20000000, 32]; dev=2; size=2.384 GB
W20240116 12:15:21.766641 24919 IPCTensor.h:406] NewIPCGPUTensor: embedding_cache_1 [20000000, 32]; dev=1; size=2.384 GB
W20240116 12:15:21.768054 24622 IPCTensor.h:406] NewIPCGPUTensor: embedding_cache_0 [20000000, 32]; dev=0; size=2.384 GB
W20240116 12:15:21.768118 24921 IPCTensor.h:406] NewIPCGPUTensor: embedding_cache_3 [20000000, 32]; dev=3; size=2.384 GB
W20240116 12:15:22.338850 24920 IPCTensor.h:367] NewIPCTensor: input_keys_2 [100000]0x1002faf0e000
W20240116 12:15:22.339072 24919 IPCTensor.h:367] NewIPCTensor: input_keys_1 [100000]0x1002fafd5000
W20240116 12:15:22.339128 24920 IPCTensor.h:367] NewIPCTensor: input_keys_neg_2 [100000]0x1002fb09a000
W20240116 12:15:22.339196 24919 IPCTensor.h:367] NewIPCTensor: input_keys_neg_1 [100000]0x1002fb15f000
W20240116 12:15:22.339247 24920 IPCTensor.h:367] NewIPCTensor: backward_grads_2 [100000, 32]0x1002fb224000
W20240116 12:15:22.339257 24919 IPCTensor.h:367] NewIPCTensor: backward_grads_1 [100000, 32]0x1002fbe5b000
W20240116 12:15:22.339296 24919 IPCTensor.h:367] NewIPCTensor: backward_grads_neg_1 [100000, 32]0x1002fca92000
W20240116 12:15:22.339344 24920 IPCTensor.h:367] NewIPCTensor: backward_grads_neg_2 [100000, 32]0x1002fd6c9000
W20240116 12:15:22.339339 24919 IPCTensor.h:406] NewIPCGPUTensor: backward_grads_1_gpu [100000, 32]; dev=1; size=12.21 MB
W20240116 12:15:22.339424 24920 IPCTensor.h:406] NewIPCGPUTensor: backward_grads_2_gpu [100000, 32]; dev=2; size=12.21 MB
W20240116 12:15:22.343314 24921 IPCTensor.h:367] NewIPCTensor: input_keys_3 [100000]0x1002fe302000
W20240116 12:15:22.343426 24921 IPCTensor.h:367] NewIPCTensor: input_keys_neg_3 [100000]0x1002fe3c7000
W20240116 12:15:22.343483 24921 IPCTensor.h:367] NewIPCTensor: backward_grads_3 [100000, 32]0x1002fe48c000
W20240116 12:15:22.343520 24921 IPCTensor.h:367] NewIPCTensor: backward_grads_neg_3 [100000, 32]0x1002ff0c3000
W20240116 12:15:22.343559 24921 IPCTensor.h:406] NewIPCGPUTensor: backward_grads_3_gpu [100000, 32]; dev=3; size=12.21 MB
W20240116 12:15:22.343649 24919 IPCTensor.h:406] NewIPCGPUTensor: backward_grads_neg_1_gpu [100000, 32]; dev=1; size=12.21 MB
W20240116 12:15:22.343793 24920 IPCTensor.h:406] NewIPCGPUTensor: backward_grads_neg_2_gpu [100000, 32]; dev=2; size=12.21 MB
W20240116 12:15:22.346184 24921 IPCTensor.h:406] NewIPCGPUTensor: backward_grads_neg_3_gpu [100000, 32]; dev=3; size=12.21 MB
W20240116 12:15:22.354082 24622 IPCTensor.h:367] NewIPCTensor: input_keys_0 [100000]0x1002ffd08000
W20240116 12:15:22.354228 24622 IPCTensor.h:367] NewIPCTensor: input_keys_neg_0 [100000]0x1002ffdcd000
W20240116 12:15:22.354300 24622 IPCTensor.h:367] NewIPCTensor: backward_grads_0 [100000, 32]0x1002ffe92000
W20240116 12:15:22.354350 24622 IPCTensor.h:367] NewIPCTensor: backward_grads_neg_0 [100000, 32]0x100300ac9000
W20240116 12:15:22.354396 24622 IPCTensor.h:406] NewIPCGPUTensor: backward_grads_0_gpu [100000, 32]; dev=0; size=12.21 MB
W20240116 12:15:22.355654 24622 IPCTensor.h:406] NewIPCGPUTensor: backward_grads_neg_0_gpu [100000, 32]; dev=0; size=12.21 MB
cudaHostRegister 0x100000002000
1: KnownLocalCachedEmbedding init done
Worker 3 pid=24921
New CachedEmbedding, name=full_emb, shape=(100000000, 32), cache_type=KnownLocalCachedEmbedding
fixed cache_range is [(0, 20000000), (20000000, 40000000), (40000000, 60000000), (60000000, 80000000)]
cudaHostRegister 0x100000002000
0: KnownLocalCachedEmbedding init done
cudaHostRegister 0x100000002000
3: KnownLocalCachedEmbedding init done
cudaHostRegister 0x100000002000
2: KnownLocalCachedEmbedding init done
W20240116 12:15:25.646512 24921 IPCTensor.h:367] NewIPCTensor: cached_sampler_r3_0 [100000]0x100301704000
W20240116 12:15:25.646720 24921 IPCTensor.h:367] NewIPCTensor: cached_sampler_r3_1 [100000]0x1003017c9000
W20240116 12:15:25.646831 24920 IPCTensor.h:367] NewIPCTensor: cached_sampler_r2_0 [100000]0x10030188e000
W20240116 12:15:25.646965 24921 IPCTensor.h:367] NewIPCTensor: cached_sampler_r3_2 [100000]0x100301953000
W20240116 12:15:25.647027 24921 IPCTensor.h:367] NewIPCTensor: cached_sampler_r3_3 [100000]0x100301a18000
W20240116 12:15:25.647074 24921 IPCTensor.h:367] NewIPCTensor: cached_sampler_r3_4 [100000]0x100301add000
W20240116 12:15:25.647087 24920 IPCTensor.h:367] NewIPCTensor: cached_sampler_r2_1 [100000]0x100301ba2000
W20240116 12:15:25.647143 24921 IPCTensor.h:367] NewIPCTensor: cached_sampler_r3_5 [100000]0x100301c67000
W20240116 12:15:25.647150 24920 IPCTensor.h:367] NewIPCTensor: cached_sampler_r2_2 [100000]0x100301d2c000
W20240116 12:15:25.647194 24921 IPCTensor.h:367] NewIPCTensor: cached_sampler_r3_6 [100000]0x100301df1000
W20240116 12:15:25.647207 24920 IPCTensor.h:367] NewIPCTensor: cached_sampler_r2_3 [100000]0x100301eb6000
W20240116 12:15:25.647267 24920 IPCTensor.h:367] NewIPCTensor: cached_sampler_r2_4 [100000]0x100301f7b000
W20240116 12:15:25.647300 24921 IPCTensor.h:367] NewIPCTensor: cached_sampler_r3_7 [100000]0x100302040000
W20240116 12:15:25.647317 24920 IPCTensor.h:367] NewIPCTensor: cached_sampler_r2_5 [100000]0x100302105000
W20240116 12:15:25.647364 24921 IPCTensor.h:367] NewIPCTensor: cached_sampler_r3_8 [100000]0x10030228f000
W20240116 12:15:25.647429 24921 IPCTensor.h:367] NewIPCTensor: cached_sampler_r3_9 [100000]0x100302419000
W20240116 12:15:25.647501 24921 IPCTensor.h:367] NewIPCTensor: step_r3 [10]0x1003024de000
W20240116 12:15:25.647564 24921 IPCTensor.h:367] NewIPCTensor: circle_buffer_end_r3 [1]0x1003024e0000
W20240116 12:15:25.647617 24921 IPCTensor.h:367] NewIPCTensor: circle_buffer_end_cppseen_r3 [1]0x1003024e2000
W20240116 12:15:25.647367 24622 IPCTensor.h:367] NewIPCTensor: cached_sampler_r0_0 [100000]0x1003021ca000
W20240116 12:15:25.647397 24920 IPCTensor.h:367] NewIPCTensor: cached_sampler_r2_6 [100000]0x100302354000
W20240116 12:15:25.647737 24920 IPCTensor.h:367] NewIPCTensor: cached_sampler_r2_7 [100000]0x1003024e4000
W20240116 12:15:25.648042 24920 IPCTensor.h:367] NewIPCTensor: cached_sampler_r2_8 [100000]0x1003025a9000
Construct PerfSampler done
W20240116 12:15:25.648094 24622 IPCTensor.h:367] NewIPCTensor: cached_sampler_r0_1 [100000]0x10030266e000
W20240116 12:15:25.648310 24920 IPCTensor.h:367] NewIPCTensor: cached_sampler_r2_9 [100000]0x1003027f8000
I20240116 12:15:25.648317 24921 IPC_barrier.h:118] CreateBarrier: new barrier, name: kgcachecontroller, count: 4
W20240116 12:15:25.648321 24622 IPCTensor.h:367] NewIPCTensor: cached_sampler_r0_2 [100000]0x1003028bd000
W20240116 12:15:25.648391 24920 IPCTensor.h:367] NewIPCTensor: step_r2 [10]0x100302982000
W20240116 12:15:25.648409 24622 IPCTensor.h:367] NewIPCTensor: cached_sampler_r0_3 [100000]0x100302984000
W20240116 12:15:25.648448 24920 IPCTensor.h:367] NewIPCTensor: circle_buffer_end_r2 [1]0x100302a49000
W20240116 12:15:25.648459 24622 IPCTensor.h:367] NewIPCTensor: cached_sampler_r0_4 [100000]0x100302a4b000
W20240116 12:15:25.648505 24920 IPCTensor.h:367] NewIPCTensor: circle_buffer_end_cppseen_r2 [1]0x100302b10000
W20240116 12:15:25.648510 24622 IPCTensor.h:367] NewIPCTensor: cached_sampler_r0_5 [100000]0x100302b12000
W20240116 12:15:25.648572 24622 IPCTensor.h:367] NewIPCTensor: cached_sampler_r0_6 [100000]0x100302bd7000
W20240116 12:15:25.648648 24622 IPCTensor.h:367] NewIPCTensor: cached_sampler_r0_7 [100000]0x100302c9c000
W20240116 12:15:25.648699 24622 IPCTensor.h:367] NewIPCTensor: cached_sampler_r0_8 [100000]0x100302d61000
W20240116 12:15:25.648758 24622 IPCTensor.h:367] NewIPCTensor: cached_sampler_r0_9 [100000]0x100302e26000
W20240116 12:15:25.648211 24919 IPCTensor.h:367] NewIPCTensor: cached_sampler_r1_0 [100000]0x100302733000
W20240116 12:15:25.648818 24622 IPCTensor.h:367] NewIPCTensor: step_r0 [10]0x100302eeb000
W20240116 12:15:25.648880 24622 IPCTensor.h:367] NewIPCTensor: circle_buffer_end_r0 [1]0x100302eed000
Construct PerfSampler done
W20240116 12:15:25.648927 24622 IPCTensor.h:367] NewIPCTensor: circle_buffer_end_cppseen_r0 [1]0x100302eef000
W20240116 12:15:25.648977 24919 IPCTensor.h:367] NewIPCTensor: cached_sampler_r1_1 [100000]0x100302ef1000
I20240116 12:15:25.649013 24920 IPC_barrier.h:112] CreateBarrier: find existing barrier, name: kgcachecontroller, count: 4
W20240116 12:15:25.649039 24919 IPCTensor.h:367] NewIPCTensor: cached_sampler_r1_2 [100000]0x100302fb6000
W20240116 12:15:25.649089 24919 IPCTensor.h:367] NewIPCTensor: cached_sampler_r1_3 [100000]0x10030307b000
W20240116 12:15:25.649145 24919 IPCTensor.h:367] NewIPCTensor: cached_sampler_r1_4 [100000]0x100303140000
W20240116 12:15:25.649201 24919 IPCTensor.h:367] NewIPCTensor: cached_sampler_r1_5 [100000]0x100303205000
W20240116 12:15:25.649266 24919 IPCTensor.h:367] NewIPCTensor: cached_sampler_r1_6 [100000]0x1003032ca000
W20240116 12:15:25.649334 24919 IPCTensor.h:367] NewIPCTensor: cached_sampler_r1_7 [100000]0x10030338f000
W20240116 12:15:25.649392 24919 IPCTensor.h:367] NewIPCTensor: cached_sampler_r1_8 [100000]0x100303454000
Construct PerfSampler done
W20240116 12:15:25.649446 24919 IPCTensor.h:367] NewIPCTensor: cached_sampler_r1_9 [100000]0x100303519000
W20240116 12:15:25.649500 24919 IPCTensor.h:367] NewIPCTensor: step_r1 [10]0x1003035de000
I20240116 12:15:25.649539 24622 IPC_barrier.h:112] CreateBarrier: find existing barrier, name: kgcachecontroller, count: 4
W20240116 12:15:25.649564 24919 IPCTensor.h:367] NewIPCTensor: circle_buffer_end_r1 [1]0x1003035e0000
W20240116 12:15:25.649605 24919 IPCTensor.h:367] NewIPCTensor: circle_buffer_end_cppseen_r1 [1]0x1003035e2000
Construct PerfSampler done
I20240116 12:15:25.649953 24919 IPC_barrier.h:112] CreateBarrier: find existing barrier, name: kgcachecontroller, count: 4
W20240116 12:15:25.650955 24622 grad_base.h:54] KGCacheController, config={
        "num_gpus": 4,
        "L": 10,
        "kForwardItersPerStep": 1,
        "clr": 1,
        "backwardMode": "CppAsyncV2",
        "nr_background_threads": 16, 
        "cache_ratio": 0.2,
        "backgrad_init": "both"
    }
W20240116 12:15:25.651208 24622 grad_base.h:169] Init GradProcessingBase done
I20240116 12:15:42.636214 24622 grad_async_v2.h:32] Use background thread to update emb.
W20240116 12:15:42.636566 24622 kg_controller.h:78] after init GradAsyncProcessingV2
I20240116 12:15:42.636575 24622 kg_controller.h:84] Construct KGCacheController done
Construct KGCacheControllerWrapper done
Construct KGCacheControllerWrapper done
Construct KGCacheControllerWrapper done
Construct KGCacheControllerWrapper done
I20240116 12:15:43.092432 24622 grad_base.h:59] GraphEnv RegTensorsPerProcess
W20240116 12:15:46.587385 25826 grad_async_v2.h:109] Detect new sample comes, old_end0, new_end1
E20240116 12:15:46.587886 25826 parallel_pq_v2.h:76] insert failed, size(hashtable)=1
E20240116 12:15:47.587025 25826 parallel_pq_v2.h:76] insert failed, size(hashtable)=7240
W20240116 12:15:47.653687 25826 grad_async_v2.h:109] Detect new sample comes, old_end3, new_end4
E20240116 12:15:48.587018 25826 parallel_pq_v2.h:76] insert failed, size(hashtable)=1604
W20240116 12:15:48.676299 25826 grad_async_v2.h:109] Detect new sample comes, old_end7, new_end8
Before Training
I20240116 12:15:48.999656 24919 IPC_barrier.h:118] CreateBarrier: new barrier, name: start_barrier, count: 4
Before Training
I20240116 12:15:49.163727 24921 IPC_barrier.h:112] CreateBarrier: find existing barrier, name: start_barrier, count: 4
Before Training
I20240116 12:15:49.335940 24920 IPC_barrier.h:112] CreateBarrier: find existing barrier, name: start_barrier, count: 4
Before Training
I20240116 12:15:49.438899 24622 IPC_barrier.h:112] CreateBarrier: find existing barrier, name: start_barrier, count: 4
========== Step 0 ========== 
========== Step 0 ========== 
========== Step 0 ========== 
========== Step 0 ========== 
E20240116 12:15:49.587049 25826 parallel_pq_v2.h:76] insert failed, size(hashtable)=3319
W20240116 12:15:49.695595 25826 grad_async_v2.h:109] Detect new sample comes, old_end0, new_end1
+---------------------------+---------------------------+---------------------------+
| Name                      | P50                       | P99                       |
+---------------------------+---------------------------+---------------------------+
| Forward                   | 98.013 ms                 | 98.013 ms                 |
| Backward                  | 25.639 ms                 | 25.639 ms                 |
| Optimize                  | 988.305 us                | 988.305 us                |
| BarrierTimeBeforeRank0    | 9.606 ms                  | 9.606 ms                  |
+---------------------------+---------------------------+---------------------------+
E20240116 12:15:50.818384 24622 parallel_pq_v2.h:76] insert failed, size(hashtable)=1
W20240116 12:15:51.069744 24622 grad_async_v2.h:222] Sleep in <BlockToStepN>, step_no=1, pq.top=1
========== Step 1 ========== 
========== Step 1 ========== 
========== Step 1 ========== 
========== Step 1 ========== 
W20240116 12:15:51.119524 25826 grad_async_v2.h:109] Detect new sample comes, old_end1, new_end2
E20240116 12:15:51.818012 25826 parallel_pq_v2.h:76] insert failed, size(hashtable)=51
========== Step 2 ========== 
========== Step 2 ========== 
========== Step 2 ========== 
========== Step 2 ========== 
W20240116 12:15:52.477556 24622 grad_async_v2.h:222] Sleep in <BlockToStepN>, step_no=3, pq.top=2
========== Step 3 ========== 
========== Step 3 ========== 
========== Step 3 ========== 
========== Step 3 ========== 
W20240116 12:15:52.517504 25826 grad_async_v2.h:109] Detect new sample comes, old_end3, new_end4
E20240116 12:15:52.818017 25826 parallel_pq_v2.h:76] insert failed, size(hashtable)=8650
+---------------------------+---------------------------+---------------------------+
| Name                      | P50                       | P99                       |
+---------------------------+---------------------------+---------------------------+
| ProcessBack:Shuffle       | 37.269 ms                 | 189.989 ms                |
| ProcessBack:UpdateCache   | 6.107 ms                  | 707.031 ms                |
| ProcessBack:UpsertPq      | 236.074 ms                | 251.195 ms                |
| ProcessOneStep            | 363.388 ms                | 1.155 s                   |
| BlockToStepN              | 33.867 ms                 | 37.194 ms                 |
+---------------------------+---------------------------+---------------------------+
========== Step 4 ========== 
========== Step 4 ========== 
========== Step 4 ========== 
========== Step 4 ========== 
W20240116 12:15:53.752478 24622 grad_async_v2.h:222] Sleep in <BlockToStepN>, step_no=5, pq.top=5
========== Step 5 ========== 
========== Step 5 ========== 
========== Step 5 ========== 
========== Step 5 ========== 
W20240116 12:15:53.786475 25826 grad_async_v2.h:109] Detect new sample comes, old_end5, new_end6
E20240116 12:15:53.818011 25826 parallel_pq_v2.h:76] insert failed, size(hashtable)=20785
========== Step 6 ========== 
========== Step 6 ========== 
========== Step 6 ========== 
========== Step 6 ========== 
E20240116 12:15:54.818027 25826 parallel_pq_v2.h:76] insert failed, size(hashtable)=39284
W20240116 12:15:55.048887 24622 grad_async_v2.h:222] Sleep in <BlockToStepN>, step_no=7, pq.top=7
========== Step 7 ========== 
========== Step 7 ========== 
========== Step 7 ========== 
========== Step 7 ========== 
W20240116 12:15:55.087235 25826 grad_async_v2.h:109] Detect new sample comes, old_end7, new_end8
+---------------------------+---------------------------+---------------------------+
| Name                      | P50                       | P99                       |
+---------------------------+---------------------------+---------------------------+
| Forward                   | 612.874 us                | 98.013 ms                 |
| Backward                  | 921.583 us                | 25.639 ms                 |
| Optimize                  | 161.365 us                | 988.305 us                |
| BarrierTimeBeforeRank0    | 776.904 us                | 9.606 ms                  |
| AfterBackward             | 267.953 ms                | 1.155 s                   |
| BlockToStepN              | 32.283 ms                 | 37.449 ms                 |
+---------------------------+---------------------------+---------------------------+
========== Step 8 ========== 
========== Step 8 ========== 
========== Step 8 ========== 
========== Step 8 ========== 
E20240116 12:15:55.818006 25826 parallel_pq_v2.h:76] insert failed, size(hashtable)=50298
W20240116 12:15:56.255244 24622 grad_async_v2.h:222] Sleep in <BlockToStepN>, step_no=9, pq.top=9
========== Step 9 ========== 
========== Step 9 ========== 
========== Step 9 ========== 
========== Step 9 ========== 
W20240116 12:15:56.296181 25826 grad_async_v2.h:109] Detect new sample comes, old_end9, new_end0
E20240116 12:15:56.818076 24622 parallel_pq_v2.h:76] insert failed, size(hashtable)=582
========== Step 10 ========== 
========== Step 10 ========== 
========== Step 10 ========== 
========== Step 10 ========== 
W20240116 12:15:57.527508 24622 grad_async_v2.h:222] Sleep in <BlockToStepN>, step_no=11, pq.top=10
========== Step 11 ========== 
========== Step 11 ========== 
========== Step 11 ========== 
========== Step 11 ========== 
W20240116 12:15:57.574118 25826 grad_async_v2.h:109] Detect new sample comes, old_end1, new_end2
E20240116 12:15:57.818015 25826 parallel_pq_v2.h:76] insert failed, size(hashtable)=75326
+---------------------------+---------------------------+---------------------------+
| Name                      | P50                       | P99                       |
+---------------------------+---------------------------+---------------------------+
| ProcessBack:Shuffle       | 4.457 ms                  | 189.989 ms                |
| ProcessBack:UpdateCache   | 6.127 ms                  | 707.031 ms                |
| ProcessBack:UpsertPq      | 240.044 ms                | 251.195 ms                |
| ProcessOneStep            | 260.657 ms                | 1.155 s                   |
| BlockToStepN              | 32.220 ms                 | 37.194 ms                 |
+---------------------------+---------------------------+---------------------------+
========== Step 12 ========== 
========== Step 12 ========== 
========== Step 12 ========== 
========== Step 12 ========== 
E20240116 12:15:58.818034 25826 parallel_pq_v2.h:76] insert failed, size(hashtable)=85510
W20240116 12:15:58.845155 24622 grad_async_v2.h:222] Sleep in <BlockToStepN>, step_no=13, pq.top=13
========== Step 13 ========== 
========== Step 13 ========== 
========== Step 13 ========== 
========== Step 13 ========== 
W20240116 12:15:58.886922 25826 grad_async_v2.h:109] Detect new sample comes, old_end3, new_end4
========== Step 14 ========== 
========== Step 14 ========== 
========== Step 14 ========== 
========== Step 14 ========== 
E20240116 12:15:59.818012 25826 parallel_pq_v2.h:76] insert failed, size(hashtable)=101055
W20240116 12:16:00.143344 24622 grad_async_v2.h:222] Sleep in <BlockToStepN>, step_no=15, pq.top=15
========== Step 15 ========== 
========== Step 15 ========== 
========== Step 15 ========== 
========== Step 15 ========== 
W20240116 12:16:00.187614 25826 grad_async_v2.h:109] Detect new sample comes, old_end5, new_end6
+---------------------------+---------------------------+---------------------------+
| Name                      | P50                       | P99                       |
+---------------------------+---------------------------+---------------------------+
| Forward                   | 599.699 us                | 98.013 ms                 |
| Backward                  | 915.844 us                | 25.639 ms                 |
| Optimize                  | 141.135 us                | 988.305 us                |
| BarrierTimeBeforeRank0    | 697.288 us                | 10.933 ms                 |
| AfterBackward             | 265.105 ms                | 1.155 s                   |
| BlockToStepN              | 33.277 ms                 | 37.859 ms                 |
+---------------------------+---------------------------+---------------------------+
========== Step 16 ========== 
========== Step 16 ========== 
========== Step 16 ========== 
========== Step 16 ========== 
E20240116 12:16:00.818014 25826 parallel_pq_v2.h:76] insert failed, size(hashtable)=109379
W20240116 12:16:01.414178 24622 grad_async_v2.h:222] Sleep in <BlockToStepN>, step_no=17, pq.top=17
========== Step 17 ========== 
========== Step 17 ========== 
========== Step 17 ========== 
========== Step 17 ========== 
W20240116 12:16:01.458328 25826 grad_async_v2.h:109] Detect new sample comes, old_end7, new_end8
E20240116 12:16:01.818009 25826 parallel_pq_v2.h:76] insert failed, size(hashtable)=124834
========== Step 18 ========== 
========== Step 18 ========== 
========== Step 18 ========== 
========== Step 18 ========== 
W20240116 12:16:02.682925 24622 grad_async_v2.h:222] Sleep in <BlockToStepN>, step_no=19, pq.top=19
========== Step 19 ========== 
========== Step 19 ========== 
========== Step 19 ========== 
========== Step 19 ========== 
W20240116 12:16:02.726472 25826 grad_async_v2.h:109] Detect new sample comes, old_end9, new_end0
E20240116 12:16:02.818033 25826 parallel_pq_v2.h:76] insert failed, size(hashtable)=242
+---------------------------+---------------------------+---------------------------+
| Name                      | P50                       | P99                       |
+---------------------------+---------------------------+---------------------------+
| ProcessBack:Shuffle       | 4.126 ms                  | 189.989 ms                |
| ProcessBack:UpdateCache   | 6.127 ms                  | 707.031 ms                |
| ProcessBack:UpsertPq      | 246.022 ms                | 259.047 ms                |
| ProcessOneStep            | 260.657 ms                | 1.155 s                   |
| BlockToStepN              | 33.199 ms                 | 37.789 ms                 |
+---------------------------+---------------------------+---------------------------+
========== Step 20 ========== 
========== Step 20 ========== 
========== Step 20 ========== 
========== Step 20 ========== 
E20240116 12:16:03.818014 24622 parallel_pq_v2.h:76] insert failed, size(hashtable)=17
W20240116 12:16:04.009601 24622 grad_async_v2.h:222] Sleep in <BlockToStepN>, step_no=21, pq.top=21
========== Step 21 ========== 
========== Step 21 ========== 
========== Step 21 ========== 
========== Step 21 ========== 
W20240116 12:16:04.053200 25826 grad_async_v2.h:109] Detect new sample comes, old_end1, new_end2
========== Step 22 ========== 
========== Step 22 ========== 
========== Step 22 ========== 
========== Step 22 ========== 
E20240116 12:16:04.818006 25826 parallel_pq_v2.h:76] insert failed, size(hashtable)=155042
W20240116 12:16:05.237214 24622 grad_async_v2.h:222] Sleep in <BlockToStepN>, step_no=23, pq.top=23
========== Step 23 ========== 
========== Step 23 ========== 
========== Step 23 ========== 
========== Step 23 ========== 
W20240116 12:16:05.275326 25826 grad_async_v2.h:109] Detect new sample comes, old_end3, new_end4
+---------------------------+---------------------------+---------------------------+
| Name                      | P50                       | P99                       |
+---------------------------+---------------------------+---------------------------+
| Forward                   | 577.879 us                | 98.013 ms                 |
| Backward                  | 914.188 us                | 25.639 ms                 |
| Optimize                  | 129.354 us                | 988.305 us                |
| BarrierTimeBeforeRank0    | 751.701 us                | 10.933 ms                 |
| AfterBackward             | 260.707 ms                | 1.155 s                   |
| BlockToStepN              | 33.277 ms                 | 37.880 ms                 |
+---------------------------+---------------------------+---------------------------+
E20240116 12:16:05.818038 25826 parallel_pq_v2.h:76] insert failed, size(hashtable)=165129
========== Step 24 ========== 
========== Step 24 ========== 
========== Step 24 ========== 
========== Step 24 ========== 
W20240116 12:16:06.446893 24622 grad_async_v2.h:222] Sleep in <BlockToStepN>, step_no=25, pq.top=25
========== Step 25 ========== 
========== Step 25 ========== 
========== Step 25 ========== 
========== Step 25 ========== 
W20240116 12:16:06.488565 25826 grad_async_v2.h:109] Detect new sample comes, old_end5, new_end6
E20240116 12:16:06.818018 25826 parallel_pq_v2.h:76] insert failed, size(hashtable)=180100
========== Step 26 ========== 
========== Step 26 ========== 
========== Step 26 ========== 
========== Step 26 ========== 
W20240116 12:16:07.708271 24622 grad_async_v2.h:222] Sleep in <BlockToStepN>, step_no=27, pq.top=27
========== Step 27 ========== 
========== Step 27 ========== 
========== Step 27 ========== 
========== Step 27 ========== 
W20240116 12:16:07.747520 25826 grad_async_v2.h:109] Detect new sample comes, old_end7, new_end8
E20240116 12:16:07.818017 25826 parallel_pq_v2.h:76] insert failed, size(hashtable)=189091
+---------------------------+---------------------------+---------------------------+
| Name                      | P50                       | P99                       |
+---------------------------+---------------------------+---------------------------+
| ProcessBack:Shuffle       | 4.073 ms                  | 189.989 ms                |
| ProcessBack:UpdateCache   | 6.103 ms                  | 707.031 ms                |
| ProcessBack:UpsertPq      | 245.699 ms                | 259.047 ms                |
| ProcessOneStep            | 258.273 ms                | 1.155 s                   |
| BlockToStepN              | 33.200 ms                 | 37.789 ms                 |
+---------------------------+---------------------------+---------------------------+
========== Step 28 ========== 
========== Step 28 ========== 
========== Step 28 ========== 
========== Step 28 ========== 
E20240116 12:16:08.818025 25826 parallel_pq_v2.h:76] insert failed, size(hashtable)=205881
W20240116 12:16:09.063717 24622 grad_async_v2.h:222] Sleep in <BlockToStepN>, step_no=29, pq.top=29
========== Step 29 ========== 
========== Step 29 ========== 
========== Step 29 ========== 
========== Step 29 ========== 
W20240116 12:16:09.107403 25826 grad_async_v2.h:109] Detect new sample comes, old_end9, new_end0
========== Step 30 ========== 
========== Step 30 ========== 
========== Step 30 ========== 
========== Step 30 ========== 
E20240116 12:16:09.818130 25826 parallel_pq_v2.h:76] insert failed, size(hashtable)=214890
W20240116 12:16:10.324636 24622 grad_async_v2.h:222] Sleep in <BlockToStepN>, step_no=31, pq.top=31
========== Step 31 ========== 
========== Step 31 ========== 
========== Step 31 ========== 
========== Step 31 ========== 
W20240116 12:16:10.365698 25826 grad_async_v2.h:109] Detect new sample comes, old_end1, new_end2
+---------------------------+---------------------------+---------------------------+
| Name                      | P50                       | P99                       |
+---------------------------+---------------------------+---------------------------+
| Forward                   | 577.879 us                | 98.013 ms                 |
| Backward                  | 910.169 us                | 25.639 ms                 |
| Optimize                  | 129.354 us                | 988.305 us                |
| BarrierTimeBeforeRank0    | 874.566 us                | 10.933 ms                 |
| AfterBackward             | 258.331 ms                | 1.155 s                   |
| BlockToStepN              | 33.933 ms                 | 38.777 ms                 |
+---------------------------+---------------------------+---------------------------+
E20240116 12:16:10.818050 25826 parallel_pq_v2.h:76] insert failed, size(hashtable)=226390
========== Step 32 ========== 
========== Step 32 ========== 
========== Step 32 ========== 
========== Step 32 ========== 
W20240116 12:16:11.520614 24622 grad_async_v2.h:222] Sleep in <BlockToStepN>, step_no=33, pq.top=33
========== Step 33 ========== 
========== Step 33 ========== 
========== Step 33 ========== 
========== Step 33 ========== 
W20240116 12:16:11.559489 25826 grad_async_v2.h:109] Detect new sample comes, old_end3, new_end4
E20240116 12:16:11.818006 25826 parallel_pq_v2.h:76] insert failed, size(hashtable)=238594
========== Step 34 ========== 
========== Step 34 ========== 
========== Step 34 ========== 
========== Step 34 ========== 
W20240116 12:16:12.703498 24622 grad_async_v2.h:222] Sleep in <BlockToStepN>, step_no=35, pq.top=35
========== Step 35 ========== 
========== Step 35 ========== 
========== Step 35 ========== 
========== Step 35 ========== 
W20240116 12:16:12.744252 25826 grad_async_v2.h:109] Detect new sample comes, old_end5, new_end6
E20240116 12:16:12.818213 25826 parallel_pq_v2.h:76] insert failed, size(hashtable)=245149
+---------------------------+---------------------------+---------------------------+
| Name                      | P50                       | P99                       |
+---------------------------+---------------------------+---------------------------+
| ProcessBack:Shuffle       | 4.086 ms                  | 189.989 ms                |
| ProcessBack:UpdateCache   | 6.107 ms                  | 707.031 ms                |
| ProcessBack:UpsertPq      | 240.067 ms                | 259.047 ms                |
| ProcessOneStep            | 257.305 ms                | 1.155 s                   |
| BlockToStepN              | 33.959 ms                 | 49.016 ms                 |
+---------------------------+---------------------------+---------------------------+
========== Step 36 ========== 
========== Step 36 ========== 
========== Step 36 ========== 
========== Step 36 ========== 
E20240116 12:16:13.818010 24622 parallel_pq_v2.h:76] insert failed, size(hashtable)=5
W20240116 12:16:13.917945 24622 grad_async_v2.h:222] Sleep in <BlockToStepN>, step_no=37, pq.top=37
========== Step 37 ========== 
========== Step 37 ========== 
========== Step 37 ========== 
========== Step 37 ========== 
W20240116 12:16:13.958051 25826 grad_async_v2.h:109] Detect new sample comes, old_end7, new_end8
========== Step 38 ========== 
========== Step 38 ========== 
========== Step 38 ========== 
========== Step 38 ========== 
E20240116 12:16:14.818010 25826 parallel_pq_v2.h:76] insert failed, size(hashtable)=268689
W20240116 12:16:15.136276 24622 grad_async_v2.h:222] Sleep in <BlockToStepN>, step_no=39, pq.top=39
========== Step 39 ========== 
========== Step 39 ========== 
========== Step 39 ========== 
========== Step 39 ========== 
W20240116 12:16:15.181052 25826 grad_async_v2.h:109] Detect new sample comes, old_end9, new_end0
+---------------------------+---------------------------+---------------------------+
| Name                      | P50                       | P99                       |
+---------------------------+---------------------------+---------------------------+
| Forward                   | 539.826 us                | 98.013 ms                 |
| Backward                  | 900.638 us                | 25.639 ms                 |
| Optimize                  | 127.147 us                | 988.305 us                |
| BarrierTimeBeforeRank0    | 874.566 us                | 10.933 ms                 |
| AfterBackward             | 256.870 ms                | 1.155 s                   |
| BlockToStepN              | 34.293 ms                 | 49.131 ms                 |
+---------------------------+---------------------------+---------------------------+
E20240116 12:16:15.818028 24622 parallel_pq_v2.h:76] insert failed, size(hashtable)=1010
========== Step 40 ========== 
========== Step 40 ========== 
========== Step 40 ========== 
========== Step 40 ========== 
W20240116 12:16:16.501873 24622 grad_async_v2.h:222] Sleep in <BlockToStepN>, step_no=41, pq.top=41
========== Step 41 ========== 
========== Step 41 ========== 
========== Step 41 ========== 
========== Step 41 ========== 
W20240116 12:16:16.544656 25826 grad_async_v2.h:109] Detect new sample comes, old_end1, new_end2
E20240116 12:16:16.818013 25826 parallel_pq_v2.h:76] insert failed, size(hashtable)=286416
========== Step 42 ========== 
========== Step 42 ========== 
========== Step 42 ========== 
========== Step 42 ========== 
W20240116 12:16:17.793262 24622 grad_async_v2.h:222] Sleep in <BlockToStepN>, step_no=43, pq.top=43
E20240116 12:16:17.818013 25826 parallel_pq_v2.h:76] insert failed, size(hashtable)=294458
========== Step 43 ========== 
========== Step 43 ========== 
========== Step 43 ========== 
========== Step 43 ========== 
W20240116 12:16:17.835597 25826 grad_async_v2.h:109] Detect new sample comes, old_end3, new_end4
+---------------------------+---------------------------+---------------------------+
| Name                      | P50                       | P99                       |
+---------------------------+---------------------------+---------------------------+
| ProcessBack:Shuffle       | 4.073 ms                  | 189.989 ms                |
| ProcessBack:UpdateCache   | 6.114 ms                  | 707.031 ms                |
| ProcessBack:UpsertPq      | 240.067 ms                | 259.047 ms                |
| ProcessOneStep            | 256.826 ms                | 1.155 s                   |
| BlockToStepN              | 34.362 ms                 | 49.016 ms                 |
+---------------------------+---------------------------+---------------------------+
========== Step 44 ========== 
========== Step 44 ========== 
========== Step 44 ========== 
========== Step 44 ========== 
E20240116 12:16:18.818011 25826 parallel_pq_v2.h:76] insert failed, size(hashtable)=307458
W20240116 12:16:19.070060 24622 grad_async_v2.h:222] Sleep in <BlockToStepN>, step_no=45, pq.top=45
========== Step 45 ========== 
========== Step 45 ========== 
========== Step 45 ========== 
========== Step 45 ========== 
W20240116 12:16:19.111649 25826 grad_async_v2.h:109] Detect new sample comes, old_end5, new_end6
========== Step 46 ========== 
========== Step 46 ========== 
========== Step 46 ========== 
========== Step 46 ========== 
E20240116 12:16:19.818032 25826 parallel_pq_v2.h:76] insert failed, size(hashtable)=316505
W20240116 12:16:20.492193 24622 grad_async_v2.h:222] Sleep in <BlockToStepN>, step_no=47, pq.top=47
========== Step 47 ========== 
========== Step 47 ========== 
========== Step 47 ========== 
========== Step 47 ========== 
W20240116 12:16:20.536350 25826 grad_async_v2.h:109] Detect new sample comes, old_end7, new_end8
+---------------------------+---------------------------+---------------------------+
| Name                      | P50                       | P99                       |
+---------------------------+---------------------------+---------------------------+
| Forward                   | 549.561 us                | 98.013 ms                 |
| Backward                  | 900.638 us                | 25.639 ms                 |
| Optimize                  | 127.147 us                | 988.305 us                |
| BarrierTimeBeforeRank0    | 810.748 us                | 10.933 ms                 |
| AfterBackward             | 257.142 ms                | 1.155 s                   |
| BlockToStepN              | 34.643 ms                 | 49.131 ms                 |
+---------------------------+---------------------------+---------------------------+
E20240116 12:16:20.818151 25826 parallel_pq_v2.h:76] insert failed, size(hashtable)=331088
========== Step 48 ========== 
========== Step 48 ========== 
========== Step 48 ========== 
========== Step 48 ========== 
E20240116 12:16:21.818015 25826 parallel_pq_v2.h:76] insert failed, size(hashtable)=348055
W20240116 12:16:21.966217 24622 grad_async_v2.h:222] Sleep in <BlockToStepN>, step_no=49, pq.top=49
========== Step 49 ========== 
========== Step 49 ========== 
========== Step 49 ========== 
========== Step 49 ========== 
W20240116 12:16:22.008062 25826 grad_async_v2.h:109] Detect new sample comes, old_end9, new_end0
========== Step 50 ========== 
========== Step 50 ========== 
========== Step 50 ========== 
========== Step 50 ========== 
E20240116 12:16:22.818085 25826 parallel_pq_v2.h:76] insert failed, size(hashtable)=365
+---------------------------+---------------------------+---------------------------+
| Name                      | P50                       | P99                       |
+---------------------------+---------------------------+---------------------------+
| ProcessBack:Shuffle       | 4.086 ms                  | 189.989 ms                |
| ProcessBack:UpdateCache   | 6.127 ms                  | 707.031 ms                |
| ProcessBack:UpsertPq      | 241.221 ms                | 286.542 ms                |
| ProcessOneStep            | 257.305 ms                | 1.155 s                   |
| BlockToStepN              | 34.560 ms                 | 49.016 ms                 |
+---------------------------+---------------------------+---------------------------+
W20240116 12:16:23.386482 24622 grad_async_v2.h:222] Sleep in <BlockToStepN>, step_no=51, pq.top=51
E20240116 12:16:23.822867 25826 parallel_pq_v2.h:76] insert failed, size(hashtable)=603
W20240116 12:16:24.386287 24622 grad_async_v2.h:222] Sleep in <BlockToStepN>, step_no=51, pq.top=51
E20240116 12:16:24.822595 25826 parallel_pq_v2.h:76] insert failed, size(hashtable)=1724
W20240116 12:16:25.386498 24622 grad_async_v2.h:222] Sleep in <BlockToStepN>, step_no=51, pq.top=51
+---------------------------+---------------------------+---------------------------+
| Name                      | P50                       | P99                       |
+---------------------------+---------------------------+---------------------------+
| Forward                   | 539.826 us                | 2.042 ms                  |
| Backward                  | 901.543 us                | 2.334 ms                  |
| Optimize                  | 127.147 us                | 468.082 us                |
| BarrierTimeBeforeRank0    | 810.748 us                | 9.606 ms                  |
| AfterBackward             | 257.900 ms                | 398.370 ms                |
| BlockToStepN              | 34.667 ms                 | 49.131 ms                 |
+---------------------------+---------------------------+---------------------------+
E20240116 12:16:25.827028 25826 parallel_pq_v2.h:76] insert failed, size(hashtable)=2712
W20240116 12:16:26.386027 24622 grad_async_v2.h:222] Sleep in <BlockToStepN>, step_no=51, pq.top=51
========== Step 51 ========== 
========== Step 51 ========== 
========== Step 51 ========== 
========== Step 51 ========== 
W20240116 12:16:26.537109 25826 grad_async_v2.h:109] Detect new sample comes, old_end1, new_end2
E20240116 12:16:26.827111 25826 parallel_pq_v2.h:76] insert failed, size(hashtable)=8744
========== Step 52 ========== 
========== Step 52 ========== 
========== Step 52 ========== 
========== Step 52 ========== 
E20240116 12:16:27.827044 24622 parallel_pq_v2.h:76] insert failed, size(hashtable)=68
W20240116 12:16:27.950867 24622 grad_async_v2.h:222] Sleep in <BlockToStepN>, step_no=53, pq.top=52
========== Step 53 ========== 
========== Step 53 ========== 
========== Step 53 ========== 
========== Step 53 ========== 
W20240116 12:16:28.024374 25826 grad_async_v2.h:109] Detect new sample comes, old_end3, new_end4
+---------------------------+---------------------------+---------------------------+
| Name                      | P50                       | P99                       |
+---------------------------+---------------------------+---------------------------+
| ProcessBack:Shuffle       | 4.457 ms                  | 123.379 ms                |
| ProcessBack:UpdateCache   | 6.130 ms                  | 14.543 ms                 |
| ProcessBack:UpsertPq      | 240.271 ms                | 259.047 ms                |
| ProcessOneStep            | 258.273 ms                | 398.285 ms                |
| BlockToStepN              | 34.889 ms                 | 76.195 ms                 |
+---------------------------+---------------------------+---------------------------+
========== Step 54 ========== 
========== Step 54 ========== 
========== Step 54 ========== 
========== Step 54 ========== 
E20240116 12:16:28.827045 25826 parallel_pq_v2.h:76] insert failed, size(hashtable)=2585
W20240116 12:16:29.425257 24622 grad_async_v2.h:222] Sleep in <BlockToStepN>, step_no=55, pq.top=54
========== Step 55 ========== 
========== Step 55 ========== 
========== Step 55 ========== 
========== Step 55 ========== 
W20240116 12:16:29.475562 25826 grad_async_v2.h:109] Detect new sample comes, old_end5, new_end6
E20240116 12:16:29.827020 25826 parallel_pq_v2.h:76] insert failed, size(hashtable)=8712
========== Step 56 ========== 
========== Step 56 ========== 
========== Step 56 ========== 
========== Step 56 ========== 
+---------------------------+---------------------------+---------------------------+
| Name                      | P50                       | P99                       |
+---------------------------+---------------------------+---------------------------+
| Forward                   | 539.826 us                | 2.042 ms                  |
| Backward                  | 914.188 us                | 2.334 ms                  |
| Optimize                  | 127.518 us                | 468.082 us                |
| BarrierTimeBeforeRank0    | 810.748 us                | 9.606 ms                  |
| AfterBackward             | 258.863 ms                | 398.370 ms                |
| BlockToStepN              | 35.218 ms                 | 78.584 ms                 |
+---------------------------+---------------------------+---------------------------+
E20240116 12:16:30.827021 24622 parallel_pq_v2.h:76] insert failed, size(hashtable)=316
W20240116 12:16:30.881808 24622 grad_async_v2.h:222] Sleep in <BlockToStepN>, step_no=57, pq.top=56
========== Step 57 ========== 
========== Step 57 ========== 
========== Step 57 ========== 
========== Step 57 ========== 
W20240116 12:16:30.964180 25826 grad_async_v2.h:109] Detect new sample comes, old_end7, new_end8
========== Step 58 ========== 
========== Step 58 ========== 
========== Step 58 ========== 
========== Step 58 ========== 
E20240116 12:16:31.827183 25826 parallel_pq_v2.h:76] insert failed, size(hashtable)=14265
W20240116 12:16:32.136711 24622 grad_async_v2.h:222] Sleep in <BlockToStepN>, step_no=59, pq.top=59
========== Step 59 ========== 
========== Step 59 ========== 
========== Step 59 ========== 
========== Step 59 ========== 
W20240116 12:16:32.174312 25826 grad_async_v2.h:109] Detect new sample comes, old_end9, new_end0
E20240116 12:16:32.827042 24622 parallel_pq_v2.h:76] insert failed, size(hashtable)=1102
========== Step 60 ========== 
========== Step 60 ========== 
========== Step 60 ========== 
========== Step 60 ========== 
+---------------------------+---------------------------+---------------------------+
| Name                      | P50                       | P99                       |
+---------------------------+---------------------------+---------------------------+
| ProcessBack:Shuffle       | 4.968 ms                  | 123.379 ms                |
| ProcessBack:UpdateCache   | 6.133 ms                  | 14.543 ms                 |
| ProcessBack:UpsertPq      | 239.718 ms                | 275.818 ms                |
| ProcessOneStep            | 258.791 ms                | 398.285 ms                |
| BlockToStepN              | 35.111 ms                 | 78.482 ms                 |
+---------------------------+---------------------------+---------------------------+
W20240116 12:16:33.449059 24622 grad_async_v2.h:222] Sleep in <BlockToStepN>, step_no=61, pq.top=60
========== Step 61 ========== 
========== Step 61 ========== 
========== Step 61 ========== 
========== Step 61 ========== 
W20240116 12:16:33.531888 25826 grad_async_v2.h:109] Detect new sample comes, old_end1, new_end2
E20240116 12:16:33.827015 25826 parallel_pq_v2.h:76] insert failed, size(hashtable)=39349
========== Step 62 ========== 
========== Step 62 ========== 
========== Step 62 ========== 
========== Step 62 ========== 
W20240116 12:16:34.730078 24622 grad_async_v2.h:222] Sleep in <BlockToStepN>, step_no=63, pq.top=63
========== Step 63 ========== 
========== Step 63 ========== 
========== Step 63 ========== 
========== Step 63 ========== 
W20240116 12:16:34.775770 25826 grad_async_v2.h:109] Detect new sample comes, old_end3, new_end4
E20240116 12:16:34.827008 25826 parallel_pq_v2.h:76] insert failed, size(hashtable)=48141
========== Step 64 ========== 
========== Step 64 ========== 
========== Step 64 ========== 
========== Step 64 ========== 
+---------------------------+---------------------------+---------------------------+
| Name                      | P50                       | P99                       |
+---------------------------+---------------------------+---------------------------+
| Forward                   | 549.561 us                | 2.042 ms                  |
| Backward                  | 916.446 us                | 2.334 ms                  |
| Optimize                  | 127.518 us                | 468.082 us                |
| BarrierTimeBeforeRank0    | 751.701 us                | 9.606 ms                  |
| AfterBackward             | 257.900 ms                | 398.370 ms                |
| BlockToStepN              | 35.253 ms                 | 78.584 ms                 |
+---------------------------+---------------------------+---------------------------+
E20240116 12:16:35.827023 25826 parallel_pq_v2.h:76] insert failed, size(hashtable)=60520
W20240116 12:16:35.970197 24622 grad_async_v2.h:222] Sleep in <BlockToStepN>, step_no=65, pq.top=65
========== Step 65 ========== 
========== Step 65 ========== 
========== Step 65 ========== 
========== Step 65 ========== 
W20240116 12:16:36.016711 25826 grad_async_v2.h:109] Detect new sample comes, old_end5, new_end6
========== Step 66 ========== 
========== Step 66 ========== 
========== Step 66 ========== 
========== Step 66 ========== 
E20240116 12:16:36.827183 25826 parallel_pq_v2.h:76] insert failed, size(hashtable)=70479
W20240116 12:16:37.265578 24622 grad_async_v2.h:222] Sleep in <BlockToStepN>, step_no=67, pq.top=67
========== Step 67 ========== 
========== Step 67 ========== 
========== Step 67 ========== 
========== Step 67 ========== 
W20240116 12:16:37.313712 25826 grad_async_v2.h:109] Detect new sample comes, old_end7, new_end8
E20240116 12:16:37.827159 24622 parallel_pq_v2.h:76] insert failed, size(hashtable)=18
========== Step 68 ========== 
========== Step 68 ========== 
========== Step 68 ========== 
========== Step 68 ========== 
+---------------------------+---------------------------+---------------------------+
| Name                      | P50                       | P99                       |
+---------------------------+---------------------------+---------------------------+
| ProcessBack:Shuffle       | 4.457 ms                  | 123.379 ms                |
| ProcessBack:UpdateCache   | 6.133 ms                  | 14.543 ms                 |
| ProcessBack:UpsertPq      | 238.313 ms                | 275.818 ms                |
| ProcessOneStep            | 257.848 ms                | 398.285 ms                |
| BlockToStepN              | 35.574 ms                 | 78.482 ms                 |
+---------------------------+---------------------------+---------------------------+
W20240116 12:16:38.501348 24622 grad_async_v2.h:222] Sleep in <BlockToStepN>, step_no=69, pq.top=69
========== Step 69 ========== 
========== Step 69 ========== 
========== Step 69 ========== 
========== Step 69 ========== 
