WARNING: Logging before InitGoogleLogging() is written to STDERR
I20240129 15:14:36.837932 1915612 IPC_barrier.h:128] MultiProcessBarrierFactory->ClearIPCMemory()
/home/xieminhui/RecStore/src/framework_adapters/torch/kg/dgl-0.9.1/python/dgl/_deprecate/graph.py:1023: DGLWarning: multigraph will be deprecated.DGL will treat all graphs as multigraph in the future.
  dgl_warning("multigraph will be deprecated." \
/home/xieminhui/RecStore/src/framework_adapters/torch/kg/dgl-0.9.1/python/dgl/heterograph.py:72: DGLWarning: Recommend creating graphs by `dgl.graph(data)` instead of `dgl.DGLGraph(data)`.
  dgl_warning('Recommend creating graphs by `dgl.graph(data)`'
Reading train triples....
Finished. Read 483142 train triples.
Reading valid triples....
Finished. Read 50000 valid triples.
Reading test triples....
Finished. Read 59071 test triples.
ARGS:  Namespace(model_name='TransE', data_path='/home/xieminhui/dgl-data', dataset='FB15k', format='built_in', data_files=None, delimiter='\t', save_path='/tmp/ckpts/TransE_FB15k_135', no_save_emb=True, max_step=500, batch_size=1800, batch_size_eval=16, neg_sample_size=200, neg_deg_sample=False, neg_deg_sample_eval=False, neg_sample_size_eval=14951, eval_percent=1, no_eval_filter=False, log_interval=100, eval_interval=10000, test=False, num_proc=4, num_thread=1, force_sync_interval=1, hidden_dim=400, lr=0.01, gamma=16.0, double_ent=False, double_rel=False, neg_adversarial_sampling=False, adversarial_temperature=1.0, regularization_coef=0.0, regularization_norm=3, pairwise=False, loss_genre='Logsigmoid', margin=1.0, nr_gpus=4, gpu=[0, 1, 2, 3], mix_cpu_gpu=True, valid=False, rel_part=False, async_update=None, has_edge_importance=False, cached_emb_type='KnownLocalCachedEmbedding', use_my_emb=True, cache_ratio=0.05, shuffle=False, backwardMode='CppAsync', L=10, update_cache_use_omp=0, update_pq_use_omp=0, kForwardItersPerStep=2, backgrad_init='both', eval_filter=True, soft_rel_part=False)
|Train|: 483142
original graph:  DGLGraph(num_nodes=14951, num_edges=592213,
         ndata_schemes={}
         edata_schemes={'tid': Scheme(shape=(), dtype=torch.int64)})
Loading cached metis
WARNING [1915612 sampler.py:454] Start PreSampling
WARNING [1915612 sampler.py:532] Before construct renumbering_dict
WARNING [1915612 sampler.py:555] PreSampling done
W20240129 15:14:39.050159 1915612 IPCTensor.h:369] NewIPCTensor: cached_sampler_r0_0 [1000000]0x100000002000 7.629 MB
W20240129 15:14:39.050326 1915612 IPCTensor.h:369] NewIPCTensor: cached_sampler_r0_1 [1000000]0x1000007a5000 7.629 MB
W20240129 15:14:39.050351 1915612 IPCTensor.h:369] NewIPCTensor: cached_sampler_r0_2 [1000000]0x100000f48000 7.629 MB
W20240129 15:14:39.050371 1915612 IPCTensor.h:369] NewIPCTensor: cached_sampler_r0_3 [1000000]0x1000016eb000 7.629 MB
W20240129 15:14:39.050401 1915612 IPCTensor.h:369] NewIPCTensor: cached_sampler_r0_4 [1000000]0x100001e8e000 7.629 MB
W20240129 15:14:39.050423 1915612 IPCTensor.h:369] NewIPCTensor: cached_sampler_r0_5 [1000000]0x100002631000 7.629 MB
W20240129 15:14:39.050442 1915612 IPCTensor.h:369] NewIPCTensor: cached_sampler_r0_6 [1000000]0x100002dd4000 7.629 MB
W20240129 15:14:39.050464 1915612 IPCTensor.h:369] NewIPCTensor: cached_sampler_r0_7 [1000000]0x100003577000 7.629 MB
W20240129 15:14:39.050489 1915612 IPCTensor.h:369] NewIPCTensor: cached_sampler_r0_8 [1000000]0x100003d1a000 7.629 MB
W20240129 15:14:39.050514 1915612 IPCTensor.h:369] NewIPCTensor: cached_sampler_r0_9 [1000000]0x1000044bd000 7.629 MB
W20240129 15:14:39.050542 1915612 IPCTensor.h:369] NewIPCTensor: step_r0 [10]0x100004c60000 80 B 
W20240129 15:14:39.050562 1915612 IPCTensor.h:369] NewIPCTensor: circle_buffer_end_r0 [1]0x100004c62000 8 B 
W20240129 15:14:39.050581 1915612 IPCTensor.h:369] NewIPCTensor: circle_buffer_end_cppseen_r0 [1]0x100004c64000 8 B 
W20240129 15:14:39.050696 1915612 IPCTensor.h:369] NewIPCTensor: cached_sampler_r1_0 [1000000]0x100004c66000 7.629 MB
W20240129 15:14:39.050719 1915612 IPCTensor.h:369] NewIPCTensor: cached_sampler_r1_1 [1000000]0x100005409000 7.629 MB
W20240129 15:14:39.050737 1915612 IPCTensor.h:369] NewIPCTensor: cached_sampler_r1_2 [1000000]0x100005bac000 7.629 MB
W20240129 15:14:39.050782 1915612 IPCTensor.h:369] NewIPCTensor: cached_sampler_r1_3 [1000000]0x10000634f000 7.629 MB
W20240129 15:14:39.050806 1915612 IPCTensor.h:369] NewIPCTensor: cached_sampler_r1_4 [1000000]0x100006af2000 7.629 MB
W20240129 15:14:39.050830 1915612 IPCTensor.h:369] NewIPCTensor: cached_sampler_r1_5 [1000000]0x100007295000 7.629 MB
W20240129 15:14:39.050851 1915612 IPCTensor.h:369] NewIPCTensor: cached_sampler_r1_6 [1000000]0x100007a38000 7.629 MB
W20240129 15:14:39.050881 1915612 IPCTensor.h:369] NewIPCTensor: cached_sampler_r1_7 [1000000]0x1000081db000 7.629 MB
W20240129 15:14:39.050902 1915612 IPCTensor.h:369] NewIPCTensor: cached_sampler_r1_8 [1000000]0x10000897e000 7.629 MB
W20240129 15:14:39.050928 1915612 IPCTensor.h:369] NewIPCTensor: cached_sampler_r1_9 [1000000]0x100009121000 7.629 MB
W20240129 15:14:39.050951 1915612 IPCTensor.h:369] NewIPCTensor: step_r1 [10]0x1000098c4000 80 B 
W20240129 15:14:39.050966 1915612 IPCTensor.h:369] NewIPCTensor: circle_buffer_end_r1 [1]0x1000098c6000 8 B 
W20240129 15:14:39.050982 1915612 IPCTensor.h:369] NewIPCTensor: circle_buffer_end_cppseen_r1 [1]0x1000098c8000 8 B 
W20240129 15:14:39.051021 1915612 IPCTensor.h:369] NewIPCTensor: cached_sampler_r2_0 [1000000]0x1000098ca000 7.629 MB
W20240129 15:14:39.051040 1915612 IPCTensor.h:369] NewIPCTensor: cached_sampler_r2_1 [1000000]0x10000a06d000 7.629 MB
W20240129 15:14:39.051062 1915612 IPCTensor.h:369] NewIPCTensor: cached_sampler_r2_2 [1000000]0x10000a810000 7.629 MB
W20240129 15:14:39.051088 1915612 IPCTensor.h:369] NewIPCTensor: cached_sampler_r2_3 [1000000]0x10000afb3000 7.629 MB
W20240129 15:14:39.051110 1915612 IPCTensor.h:369] NewIPCTensor: cached_sampler_r2_4 [1000000]0x10000b756000 7.629 MB
W20240129 15:14:39.051134 1915612 IPCTensor.h:369] NewIPCTensor: cached_sampler_r2_5 [1000000]0x10000bef9000 7.629 MB
W20240129 15:14:39.051154 1915612 IPCTensor.h:369] NewIPCTensor: cached_sampler_r2_6 [1000000]0x10000c69c000 7.629 MB
W20240129 15:14:39.051174 1915612 IPCTensor.h:369] NewIPCTensor: cached_sampler_r2_7 [1000000]0x10000ce3f000 7.629 MB
W20240129 15:14:39.051192 1915612 IPCTensor.h:369] NewIPCTensor: cached_sampler_r2_8 [1000000]0x10000d5e2000 7.629 MB
W20240129 15:14:39.051213 1915612 IPCTensor.h:369] NewIPCTensor: cached_sampler_r2_9 [1000000]0x10000dd85000 7.629 MB
W20240129 15:14:39.051235 1915612 IPCTensor.h:369] NewIPCTensor: step_r2 [10]0x10000e528000 80 B 
W20240129 15:14:39.051250 1915612 IPCTensor.h:369] NewIPCTensor: circle_buffer_end_r2 [1]0x10000e52a000 8 B 
W20240129 15:14:39.051267 1915612 IPCTensor.h:369] NewIPCTensor: circle_buffer_end_cppseen_r2 [1]0x10000e52c000 8 B 
W20240129 15:14:39.051306 1915612 IPCTensor.h:369] NewIPCTensor: cached_sampler_r3_0 [1000000]0x10000e52e000 7.629 MB
W20240129 15:14:39.051329 1915612 IPCTensor.h:369] NewIPCTensor: cached_sampler_r3_1 [1000000]0x10000ecd1000 7.629 MB
W20240129 15:14:39.051354 1915612 IPCTensor.h:369] NewIPCTensor: cached_sampler_r3_2 [1000000]0x10000f474000 7.629 MB
W20240129 15:14:39.051375 1915612 IPCTensor.h:369] NewIPCTensor: cached_sampler_r3_3 [1000000]0x10000fc17000 7.629 MB
W20240129 15:14:39.051396 1915612 IPCTensor.h:369] NewIPCTensor: cached_sampler_r3_4 [1000000]0x1000103ba000 7.629 MB
W20240129 15:14:39.051415 1915612 IPCTensor.h:369] NewIPCTensor: cached_sampler_r3_5 [1000000]0x100010b5d000 7.629 MB
W20240129 15:14:39.051432 1915612 IPCTensor.h:369] NewIPCTensor: cached_sampler_r3_6 [1000000]0x100011300000 7.629 MB
W20240129 15:14:39.051455 1915612 IPCTensor.h:369] NewIPCTensor: cached_sampler_r3_7 [1000000]0x100011aa3000 7.629 MB
W20240129 15:14:39.051476 1915612 IPCTensor.h:369] NewIPCTensor: cached_sampler_r3_8 [1000000]0x100012246000 7.629 MB
W20240129 15:14:39.051494 1915612 IPCTensor.h:369] NewIPCTensor: cached_sampler_r3_9 [1000000]0x1000129e9000 7.629 MB
W20240129 15:14:39.051512 1915612 IPCTensor.h:369] NewIPCTensor: step_r3 [10]0x10001318c000 80 B 
W20240129 15:14:39.051527 1915612 IPCTensor.h:369] NewIPCTensor: circle_buffer_end_r3 [1]0x10001318e000 8 B 
W20240129 15:14:39.051550 1915612 IPCTensor.h:369] NewIPCTensor: circle_buffer_end_cppseen_r3 [1]0x100013190000 8 B 
W20240129 15:14:39.189567 1915612 IPCTensor.h:369] NewIPCTensor: full_emb [14951, 400]0x100013192000 22.81 MB
W20240129 15:14:39.189692 1915612 IPCTensor.h:369] NewIPCTensor: full_emb_SparseRowWiseAdaGrad_sum [14951]0x100014864000 58.4 kB
{0: Graph(num_nodes=10523, num_edges=182012,
      ndata_schemes={'_ID': Scheme(shape=(), dtype=torch.int64), 'inner_node': Scheme(shape=(), dtype=torch.int32), 'part_id': Scheme(shape=(), dtype=torch.int64)}
      edata_schemes={'_ID': Scheme(shape=(), dtype=torch.int64), 'inner_edge': Scheme(shape=(), dtype=torch.int8)}), 1: Graph(num_nodes=10996, num_edges=244360,
      ndata_schemes={'_ID': Scheme(shape=(), dtype=torch.int64), 'inner_node': Scheme(shape=(), dtype=torch.int32), 'part_id': Scheme(shape=(), dtype=torch.int64)}
      edata_schemes={'_ID': Scheme(shape=(), dtype=torch.int64), 'inner_edge': Scheme(shape=(), dtype=torch.int8)}), 2: Graph(num_nodes=9404, num_edges=143355,
      ndata_schemes={'_ID': Scheme(shape=(), dtype=torch.int64), 'inner_node': Scheme(shape=(), dtype=torch.int32), 'part_id': Scheme(shape=(), dtype=torch.int64)}
      edata_schemes={'_ID': Scheme(shape=(), dtype=torch.int64), 'inner_edge': Scheme(shape=(), dtype=torch.int8)}), 3: Graph(num_nodes=10954, num_edges=175447,
      ndata_schemes={'_ID': Scheme(shape=(), dtype=torch.int64), 'inner_node': Scheme(shape=(), dtype=torch.int32), 'part_id': Scheme(shape=(), dtype=torch.int64)}
      edata_schemes={'_ID': Scheme(shape=(), dtype=torch.int64), 'inner_edge': Scheme(shape=(), dtype=torch.int8)})}
MertisPartition: part 0 has 10523 N 182012 E
MertisPartition: part 1 has 10996 N 244360 E
MertisPartition: part 2 has 9404 N 143355 E
MertisPartition: part 3 has 10954 N 175447 E
Rank0: cached key size 186
Rank1: cached key size 186
Rank2: cached key size 186
Rank3: cached key size 186
Before renumbering graph:  {'_ID': tensor([    5,    14,    17,  ..., 11245,  2040,  3009]), 'inner_node': tensor([1, 1, 1,  ..., 0, 0, 0], dtype=torch.int32), 'part_id': tensor([0, 0, 0,  ..., 2, 3, 3])}
After renumbering graph:  {'_ID': tensor([ 832, 1043, 1106,  ..., 1793, 5849, 6557]), 'inner_node': tensor([1, 1, 1,  ..., 0, 0, 0], dtype=torch.int32), 'part_id': tensor([0, 0, 0,  ..., 2, 3, 3])}
part_g: DGLGraph(num_nodes=10523, num_edges=182012,
         ndata_schemes={'_ID': Scheme(shape=(), dtype=torch.int64)}
         edata_schemes={'tid': Scheme(shape=(), dtype=torch.int64)})
part_g: DGLGraph(num_nodes=10523, num_edges=182012,
         ndata_schemes={'_ID': Scheme(shape=(), dtype=torch.int64)}
         edata_schemes={'tid': Scheme(shape=(), dtype=torch.int64)})
Total initialize time 2.374 seconds
[Rank1] pid = 1915822
[Rank2] pid = 1915886
INFO [1915612 distributed_c10d.py:442] Added key: store_based_barrier_key:1 to store for rank: 0
INFO [1915822 distributed_c10d.py:442] Added key: store_based_barrier_key:1 to store for rank: 1
INFO [1915886 distributed_c10d.py:442] Added key: store_based_barrier_key:1 to store for rank: 2
INFO [1915822 distributed_c10d.py:476] Rank 1: Completed store-based barrier for key:store_based_barrier_key:1 with 4 nodes.
INFO [1915951 distributed_c10d.py:442] Added key: store_based_barrier_key:1 to store for rank: 3
INFO [1915886 distributed_c10d.py:476] Rank 2: Completed store-based barrier for key:store_based_barrier_key:1 with 4 nodes.
W20240129 15:14:42.569440 1915888 IPCTensor.h:409] NewIPCGPUTensor: embedding_cache_2 [747, 400]; dev=2; size=1.14 MB
W20240129 15:14:42.569911 1915888 IPCTensor.h:369] NewIPCTensor: input_keys_2 [1000000]0x100014876000 7.629 MB
W20240129 15:14:42.569964 1915823 IPCTensor.h:409] NewIPCGPUTensor: embedding_cache_1 [747, 400]; dev=1; size=1.14 MB
W20240129 15:14:42.570053 1915888 IPCTensor.h:369] NewIPCTensor: input_keys_neg_2 [1000000]0x100015019000 7.629 MB
W20240129 15:14:42.570115 1915888 IPCTensor.h:369] NewIPCTensor: backward_grads_2 [1000000, 400]0x1000157bc000 1.49 GB
W20240129 15:14:42.570149 1915888 IPCTensor.h:369] NewIPCTensor: backward_grads_neg_2 [1000000, 400]0x100074d9f000 1.49 GB
W20240129 15:14:42.570196 1915888 IPCTensor.h:409] NewIPCGPUTensor: backward_grads_2_gpu [1000000, 400]; dev=2; size=1.49 GB
W20240129 15:14:42.571893 1915888 IPCTensor.h:409] NewIPCGPUTensor: backward_grads_neg_2_gpu [1000000, 400]; dev=2; size=1.49 GB
W20240129 15:14:42.572158 1915823 IPCTensor.h:369] NewIPCTensor: input_keys_1 [1000000]0x1000d4386000 7.629 MB
W20240129 15:14:42.572387 1915823 IPCTensor.h:369] NewIPCTensor: input_keys_neg_1 [1000000]0x1000d4b29000 7.629 MB
W20240129 15:14:42.572507 1915823 IPCTensor.h:369] NewIPCTensor: backward_grads_1 [1000000, 400]0x1000d52cc000 1.49 GB
W20240129 15:14:42.572579 1915823 IPCTensor.h:369] NewIPCTensor: backward_grads_neg_1 [1000000, 400]0x1001348af000 1.49 GB
W20240129 15:14:42.572659 1915823 IPCTensor.h:409] NewIPCGPUTensor: backward_grads_1_gpu [1000000, 400]; dev=1; size=1.49 GB
INFO [1915951 distributed_c10d.py:476] Rank 3: Completed store-based barrier for key:store_based_barrier_key:1 with 4 nodes.
W20240129 15:14:42.575938 1915953 IPCTensor.h:409] NewIPCGPUTensor: embedding_cache_3 [747, 400]; dev=3; size=1.14 MB
INFO [1915612 distributed_c10d.py:476] Rank 0: Completed store-based barrier for key:store_based_barrier_key:1 with 4 nodes.
W20240129 15:14:42.576735 1915952 IPCTensor.h:409] NewIPCGPUTensor: embedding_cache_0 [747, 400]; dev=0; size=1.14 MB
W20240129 15:14:42.578744 1915823 IPCTensor.h:409] NewIPCGPUTensor: backward_grads_neg_1_gpu [1000000, 400]; dev=1; size=1.49 GB
W20240129 15:14:42.579059 1915953 IPCTensor.h:369] NewIPCTensor: input_keys_3 [1000000]0x100193e98000 7.629 MB
W20240129 15:14:42.579346 1915953 IPCTensor.h:369] NewIPCTensor: input_keys_neg_3 [1000000]0x10019463b000 7.629 MB
W20240129 15:14:42.579476 1915953 IPCTensor.h:369] NewIPCTensor: backward_grads_3 [1000000, 400]0x100194dde000 1.49 GB
W20240129 15:14:42.579582 1915953 IPCTensor.h:369] NewIPCTensor: backward_grads_neg_3 [1000000, 400]0x1001f43c1000 1.49 GB
W20240129 15:14:42.579684 1915953 IPCTensor.h:409] NewIPCGPUTensor: backward_grads_3_gpu [1000000, 400]; dev=3; size=1.49 GB
W20240129 15:14:42.589047 1915952 IPCTensor.h:369] NewIPCTensor: input_keys_0 [1000000]0x1002539a6000 7.629 MB
W20240129 15:14:42.589157 1915952 IPCTensor.h:369] NewIPCTensor: input_keys_neg_0 [1000000]0x100254149000 7.629 MB
W20240129 15:14:42.589203 1915952 IPCTensor.h:369] NewIPCTensor: backward_grads_0 [1000000, 400]0x1002548ec000 1.49 GB
W20240129 15:14:42.589242 1915952 IPCTensor.h:369] NewIPCTensor: backward_grads_neg_0 [1000000, 400]0x1002b3ecf000 1.49 GB
W20240129 15:14:42.589274 1915952 IPCTensor.h:409] NewIPCGPUTensor: backward_grads_0_gpu [1000000, 400]; dev=0; size=1.49 GB
W20240129 15:14:42.591691 1915953 IPCTensor.h:409] NewIPCGPUTensor: backward_grads_neg_3_gpu [1000000, 400]; dev=3; size=1.49 GB
W20240129 15:14:42.591795 1915952 IPCTensor.h:409] NewIPCGPUTensor: backward_grads_neg_0_gpu [1000000, 400]; dev=0; size=1.49 GB
cudaHostRegister 0x100013192000
2: KnownLocalCachedEmbedding init done
WARNING [1915886 DistTensor.py:56] The tensor name already exists in the kvstore
cudaHostRegister 0x100013192000
3: KnownLocalCachedEmbedding init done
WARNING [1915951 DistTensor.py:56] The tensor name already exists in the kvstore
cudaHostRegister 0x100013192000
1: KnownLocalCachedEmbedding init done
WARNING [1915822 DistTensor.py:56] The tensor name already exists in the kvstore
[Rank3] pid = 1915951
New CachedEmbedding, name=full_emb, shape=(14951, 400), cache_type=KnownLocalCachedEmbedding
fixed cache_range is [(0, 747), (747, 1494), (1494, 2241), (2241, 2988)]
cudaHostRegister 0x100013192000
0: KnownLocalCachedEmbedding init done
WARNING [1915612 DistTensor.py:56] The tensor name already exists in the kvstore
I20240129 15:14:44.119699 1915952 IPC_barrier.h:118] CreateBarrier: new barrier, name: kgcachecontroller, count: 4
I20240129 15:14:44.119940 1915953 IPC_barrier.h:112] CreateBarrier: find existing barrier, name: kgcachecontroller, count: 4
I20240129 15:14:44.119987 1915823 IPC_barrier.h:112] CreateBarrier: find existing barrier, name: kgcachecontroller, count: 4
I20240129 15:14:44.120095 1915888 IPC_barrier.h:112] CreateBarrier: find existing barrier, name: kgcachecontroller, count: 4
W20240129 15:14:44.121500 1915952 grad_base.h:55] KGCacheController, config={
        "num_gpus": 4,
        "L": 10,
        "backgrad_init": "both", 
        "kForwardItersPerStep": 2,
        "clr": 1,
        "nr_background_threads": 32,
        "backwardMode": "CppAsync",
        "cache_ratio": 0.05,
        "update_cache_use_omp":  0,
        "update_pq_use_omp":  0
        }
W20240129 15:14:44.121623 1915952 grad_base.h:184] Init GradProcessingBase done
I20240129 15:14:44.123658 1915952 grad_async_v1.h:199] Use main thread to update emb.
W20240129 15:14:44.123685 1915952 kg_controller.h:75] after init GradAsyncProcessing
I20240129 15:14:44.123692 1915952 kg_controller.h:84] Construct KGCacheController done
E20240129 15:14:45.483315 1915823 recstore.cc:66] init folly done
E20240129 15:14:45.483363 1915952 recstore.cc:66] init folly done
E20240129 15:14:45.483399 1915953 recstore.cc:66] init folly done
E20240129 15:14:45.483450 1915888 recstore.cc:66] init folly done
I20240129 15:14:45.484299 1915952 grad_base.h:60] GraphEnv RegTensorsPerProcess
W20240129 15:14:46.165325 1916381 grad_async_v1.h:280] Detect new sample comes, old_end0, new_end1
I20240129 15:14:46.188354 1915952 IPC_barrier.h:118] CreateBarrier: new barrier, name: start_barrier, count: 4
I20240129 15:14:46.227396 1915888 IPC_barrier.h:112] CreateBarrier: find existing barrier, name: start_barrier, count: 4
I20240129 15:14:46.228899 1915953 IPC_barrier.h:112] CreateBarrier: find existing barrier, name: start_barrier, count: 4
I20240129 15:14:46.232005 1915823 IPC_barrier.h:112] CreateBarrier: find existing barrier, name: start_barrier, count: 4
W20240129 15:14:48.573496 1915952 grad_async_v1.h:406] Sleep in <BlockToStepN>, step_no=1, pq.top=1
W20240129 15:14:48.580514 1916381 grad_async_v1.h:280] Detect new sample comes, old_end1, new_end2
+---------------------------+---------------------------+---------------------------+
| Name                      | P50                       | P99                       |
+---------------------------+---------------------------+---------------------------+
| GenInput                  | 722.650 us                | 18.432 ms                 |
| Forward                   | 3.463 ms                  | 918.673 ms                |
| Backward                  | 5.448 ms                  | 228.666 ms                |
| Optimize                  | 1.488 ms                  | 2.923 ms                  |
| BarrierTimeBeforeRank0    | 59.006 us                 | 69.991 ms                 |
| AfterBackward             | 7.970 ms                  | 1.119 s                   |
| BlockToStepN              | 73.201 us                 | 11.896 ms                 |
| OneStep                   | 22.565 ms                 | 2.347 s                   |
+---------------------------+---------------------------+---------------------------+
W20240129 15:14:49.579187 1915952 grad_async_v1.h:406] Sleep in <BlockToStepN>, step_no=31, pq.top=31
W20240129 15:14:49.581481 1916381 grad_async_v1.h:280] Detect new sample comes, old_end0, new_end1
+---------------------------+---------------------------+---------------------------+
| Name                      | P50                       | P99                       |
+---------------------------+---------------------------+---------------------------+
| ProcessBack:Shuffle       | 1.762 ms                  | 185.491 ms                |
| ProcessBack:UpdateCache   | 1.264 ms                  | 221.703 ms                |
| ProcessBack:UpsertPq      | 4.954 ms                  | 9.852 ms                  |
| ProcessOneStep            | 8.717 ms                  | 1.119 s                   |
| BlockToStepN              | 16.536 ms                 | 45.643 ms                 |
+---------------------------+---------------------------+---------------------------+
W20240129 15:14:50.579006 1915952 grad_async_v1.h:406] Sleep in <BlockToStepN>, step_no=47, pq.top=47
W20240129 15:14:50.595001 1916381 grad_async_v1.h:280] Detect new sample comes, old_end7, new_end8
W20240129 15:14:51.579010 1915952 grad_async_v1.h:406] Sleep in <BlockToStepN>, step_no=63, pq.top=63
W20240129 15:14:51.624665 1916381 grad_async_v1.h:280] Detect new sample comes, old_end3, new_end4
W20240129 15:14:52.579011 1915952 grad_async_v1.h:406] Sleep in <BlockToStepN>, step_no=77, pq.top=77
W20240129 15:14:52.666244 1916381 grad_async_v1.h:280] Detect new sample comes, old_end8, new_end9
W20240129 15:14:53.579006 1915952 grad_async_v1.h:406] Sleep in <BlockToStepN>, step_no=90, pq.top=90
W20240129 15:14:53.666476 1916381 grad_async_v1.h:280] Detect new sample comes, old_end1, new_end2
+---------------------------+---------------------------+---------------------------+
| Name                      | P50                       | P99                       |
+---------------------------+---------------------------+---------------------------+
| GenInput                  | 957.852 us                | 14.602 ms                 |
| Forward                   | 3.516 ms                  | 12.490 ms                 |
| Backward                  | 5.548 ms                  | 7.728 ms                  |
| Optimize                  | 1.282 ms                  | 2.786 ms                  |
| BarrierTimeBeforeRank0    | 23.777 us                 | 9.102 ms                  |
| AfterBackward             | 9.148 ms                  | 15.619 ms                 |
| BlockToStepN              | 39.616 ms                 | 59.970 ms                 |
| OneStep                   | 62.368 ms                 | 87.071 ms                 |
+---------------------------+---------------------------+---------------------------+
train_sampler.Prefill()
before start barrier
start train
[proc 3] 100 steps, total: 8.139, sample: 0.203, forward: 1.207, backward: 0.691, update: 0.133
train_sampler.Prefill()
before start barrier
start train
[proc 2] 100 steps, total: 8.141, sample: 0.173, forward: 1.204, backward: 0.760, update: 0.126
train_sampler.Prefill()
before start barrier
start train
[proc 1] 100 steps, total: 8.136, sample: 0.217, forward: 1.257, backward: 0.816, update: 0.134
train_sampler.Prefill()
-------Step 0-------
tensor([ 7525,  3893, 10157,  7067,  8077,  3931,   630,  4490, 12308,  9318]) tensor([ 1106,  8134, 10249,   683,  7468,  7116, 14041,  7414,  7150,  7915])
-------Step 1-------
tensor([ 7525,  3893, 10157,  7067,  8077,  3931,   630,  4490, 12308,  9318]) tensor([ 9679, 10562,   998,  3360,  1786, 11745,  6340,  2513,  1984, 14870])
-------Step 2-------
tensor([10643,  6641,  5868,  6598,  1431,  6017,  8009,  2276, 14185,   164]) tensor([ 7492,  4993,  3081, 10031,  7307,   676,  3684, 12839, 12024,  3469])
-------Step 3-------
tensor([10643,  6641,  5868,  6598,  1431,  6017,  8009,  2276, 14185,   164]) tensor([ 8401,   278,  4186,   178, 11771, 10603, 13636,  9807, 14410,  5444])
-------Step 4-------
tensor([12087,  4444,   538,   181, 11919, 11370, 13622, 11142,  8288,  6735]) tensor([ 2700,  7927,  6191, 10899,  9526, 11350,  1267,  2125, 11929, 14620])
-------Step 5-------
tensor([12087,  4444,   538,   181, 11919, 11370, 13622, 11142,  8288,  6735]) tensor([10969,  8657, 12348,   570,  1405, 10142,  5871, 12159, 11816, 14276])
-------Step 6-------
tensor([  144,     4,  3001, 10958, 12042,    77,  7953,   117,  2476,   155]) tensor([ 5886, 12644,  7976, 11976,  6456,  1483,  8798, 11718, 11290, 12512])
-------Step 7-------
tensor([  144,     4,  3001, 10958, 12042,    77,  7953,   117,  2476,   155]) tensor([11149, 12929,  7184, 11866,  7650, 12185, 11128, 14563, 14884,  8825])
-------Step 8-------
tensor([ 4855,  7245, 12609, 10802,  3309, 12137,  8017, 10371,  4816,  6641]) tensor([ 9153, 11213, 12991,   416, 12977,  9324,  5550,  1749,  7032, 10679])
-------Step 9-------
tensor([ 4855,  7245, 12609, 10802,  3309, 12137,  8017, 10371,  4816,  6641]) tensor([ 8987, 12956,  6035,  7214,  3971,  6085, 13973,  7438,  6098, 13275])
before start barrier
start train
[proc 0] 100 steps, total: 8.180, sample: 0.241, forward: 1.286, backward: 0.748, update: 0.142
W20240129 15:14:54.579010 1915952 grad_async_v1.h:406] Sleep in <BlockToStepN>, step_no=103, pq.top=103
W20240129 15:14:54.701356 1916381 grad_async_v1.h:280] Detect new sample comes, old_end4, new_end5
+---------------------------+---------------------------+---------------------------+
| Name                      | P50                       | P99                       |
+---------------------------+---------------------------+---------------------------+
| ProcessBack:Shuffle       | 1.744 ms                  | 3.360 ms                  |
| ProcessBack:UpdateCache   | 1.198 ms                  | 2.450 ms                  |
| ProcessBack:UpsertPq      | 5.368 ms                  | 9.516 ms                  |
| ProcessOneStep            | 9.077 ms                  | 15.570 ms                 |
| BlockToStepN              | 41.605 ms                 | 64.276 ms                 |
+---------------------------+---------------------------+---------------------------+
W20240129 15:14:55.586745 1915952 grad_async_v1.h:406] Sleep in <BlockToStepN>, step_no=116, pq.top=116
W20240129 15:14:55.738040 1916381 grad_async_v1.h:280] Detect new sample comes, old_end7, new_end8
W20240129 15:14:56.586005 1915952 grad_async_v1.h:406] Sleep in <BlockToStepN>, step_no=128, pq.top=128
W20240129 15:14:56.738857 1916381 grad_async_v1.h:280] Detect new sample comes, old_end9, new_end0
W20240129 15:14:57.599788 1915952 grad_async_v1.h:406] Sleep in <BlockToStepN>, step_no=140, pq.top=140
W20240129 15:14:57.747505 1916381 grad_async_v1.h:280] Detect new sample comes, old_end1, new_end2
W20240129 15:14:58.599010 1915952 grad_async_v1.h:406] Sleep in <BlockToStepN>, step_no=151, pq.top=151
W20240129 15:14:58.750142 1916381 grad_async_v1.h:280] Detect new sample comes, old_end2, new_end3
+---------------------------+---------------------------+---------------------------+
| Name                      | P50                       | P99                       |
+---------------------------+---------------------------+---------------------------+
| GenInput                  | 933.546 us                | 13.752 ms                 |
| Forward                   | 3.482 ms                  | 8.383 ms                  |
| Backward                  | 5.574 ms                  | 7.085 ms                  |
| Optimize                  | 1.225 ms                  | 2.749 ms                  |
| BarrierTimeBeforeRank0    | 21.004 us                 | 7.818 ms                  |
| AfterBackward             | 8.793 ms                  | 13.250 ms                 |
| BlockToStepN              | 48.378 ms                 | 73.153 ms                 |
| OneStep                   | 71.266 ms                 | 103.045 ms                |
+---------------------------+---------------------------+---------------------------+
W20240129 15:14:59.599005 1915952 grad_async_v1.h:406] Sleep in <BlockToStepN>, step_no=162, pq.top=162
W20240129 15:14:59.800179 1916381 grad_async_v1.h:280] Detect new sample comes, old_end4, new_end5
+---------------------------+---------------------------+---------------------------+
| Name                      | P50                       | P99                       |
+---------------------------+---------------------------+---------------------------+
| ProcessBack:Shuffle       | 1.695 ms                  | 2.926 ms                  |
| ProcessBack:UpdateCache   | 1.191 ms                  | 2.239 ms                  |
| ProcessBack:UpsertPq      | 5.432 ms                  | 9.346 ms                  |
| ProcessOneStep            | 8.699 ms                  | 13.211 ms                 |
| BlockToStepN              | 50.593 ms                 | 75.072 ms                 |
+---------------------------+---------------------------+---------------------------+
W20240129 15:15:00.599007 1915952 grad_async_v1.h:406] Sleep in <BlockToStepN>, step_no=173, pq.top=173
W20240129 15:15:00.859169 1916381 grad_async_v1.h:280] Detect new sample comes, old_end5, new_end6
W20240129 15:15:01.599011 1915952 grad_async_v1.h:406] Sleep in <BlockToStepN>, step_no=183, pq.top=183
W20240129 15:15:01.897429 1916381 grad_async_v1.h:280] Detect new sample comes, old_end6, new_end7
W20240129 15:15:02.599009 1915952 grad_async_v1.h:406] Sleep in <BlockToStepN>, step_no=194, pq.top=194
W20240129 15:15:02.971040 1916381 grad_async_v1.h:280] Detect new sample comes, old_end7, new_end8
[proc 0] 200 steps, total: 8.874, sample: 0.236, forward: 0.327, backward: 0.547, update: 0.119
[proc 3] 200 steps, total: 8.874, sample: 0.183, forward: 0.276, backward: 0.545, update: 0.122
[proc 1] 200 steps, total: 8.874, sample: 0.199, forward: 0.279, backward: 0.529, update: 0.112
[proc 2] 200 steps, total: 8.874, sample: 0.189, forward: 0.262, backward: 0.513, update: 0.126
W20240129 15:15:03.599006 1915952 grad_async_v1.h:406] Sleep in <BlockToStepN>, step_no=204, pq.top=204
W20240129 15:15:04.004027 1916381 grad_async_v1.h:280] Detect new sample comes, old_end8, new_end9
+---------------------------+---------------------------+---------------------------+
| Name                      | P50                       | P99                       |
+---------------------------+---------------------------+---------------------------+
| GenInput                  | 951.031 us                | 13.752 ms                 |
| Forward                   | 3.459 ms                  | 8.383 ms                  |
| Backward                  | 5.587 ms                  | 7.085 ms                  |
| Optimize                  | 1.210 ms                  | 2.749 ms                  |
| BarrierTimeBeforeRank0    | 20.798 us                 | 9.102 ms                  |
| AfterBackward             | 8.740 ms                  | 13.250 ms                 |
| BlockToStepN              | 56.223 ms                 | 81.960 ms                 |
| OneStep                   | 79.770 ms                 | 106.807 ms                |
+---------------------------+---------------------------+---------------------------+
W20240129 15:15:04.606117 1915952 grad_async_v1.h:406] Sleep in <BlockToStepN>, step_no=215, pq.top=215
W20240129 15:15:05.004302 1916381 grad_async_v1.h:280] Detect new sample comes, old_end8, new_end9
+---------------------------+---------------------------+---------------------------+
| Name                      | P50                       | P99                       |
+---------------------------+---------------------------+---------------------------+
| ProcessBack:Shuffle       | 1.655 ms                  | 2.727 ms                  |
| ProcessBack:UpdateCache   | 1.193 ms                  | 1.959 ms                  |
| ProcessBack:UpsertPq      | 5.474 ms                  | 8.998 ms                  |
| ProcessOneStep            | 8.717 ms                  | 13.211 ms                 |
| BlockToStepN              | 58.179 ms                 | 81.922 ms                 |
+---------------------------+---------------------------+---------------------------+
W20240129 15:15:05.606010 1915952 grad_async_v1.h:406] Sleep in <BlockToStepN>, step_no=225, pq.top=225
W20240129 15:15:06.030647 1916381 grad_async_v1.h:280] Detect new sample comes, old_end9, new_end0
W20240129 15:15:06.606005 1915952 grad_async_v1.h:406] Sleep in <BlockToStepN>, step_no=235, pq.top=235
W20240129 15:15:07.030818 1916381 grad_async_v1.h:280] Detect new sample comes, old_end9, new_end0
W20240129 15:15:07.606009 1915952 grad_async_v1.h:406] Sleep in <BlockToStepN>, step_no=245, pq.top=245
W20240129 15:15:08.052997 1916381 grad_async_v1.h:280] Detect new sample comes, old_end9, new_end0
W20240129 15:15:08.606009 1915952 grad_async_v1.h:406] Sleep in <BlockToStepN>, step_no=255, pq.top=255
W20240129 15:15:09.066772 1916381 grad_async_v1.h:280] Detect new sample comes, old_end9, new_end0
+---------------------------+---------------------------+---------------------------+
| Name                      | P50                       | P99                       |
+---------------------------+---------------------------+---------------------------+
| GenInput                  | 967.065 us                | 13.232 ms                 |
| Forward                   | 3.424 ms                  | 7.395 ms                  |
| Backward                  | 5.591 ms                  | 6.592 ms                  |
| Optimize                  | 1.203 ms                  | 2.713 ms                  |
| BarrierTimeBeforeRank0    | 20.141 us                 | 9.838 ms                  |
| AfterBackward             | 8.715 ms                  | 13.204 ms                 |
| BlockToStepN              | 62.005 ms                 | 89.805 ms                 |
| OneStep                   | 83.519 ms                 | 116.080 ms                |
+---------------------------+---------------------------+---------------------------+
W20240129 15:15:09.612958 1915952 grad_async_v1.h:406] Sleep in <BlockToStepN>, step_no=265, pq.top=265
W20240129 15:15:10.067589 1916381 grad_async_v1.h:280] Detect new sample comes, old_end9, new_end0
+---------------------------+---------------------------+---------------------------+
| Name                      | P50                       | P99                       |
+---------------------------+---------------------------+---------------------------+
| ProcessBack:Shuffle       | 1.648 ms                  | 2.706 ms                  |
| ProcessBack:UpdateCache   | 1.195 ms                  | 1.869 ms                  |
| ProcessBack:UpsertPq      | 5.495 ms                  | 8.741 ms                  |
| ProcessOneStep            | 8.694 ms                  | 13.180 ms                 |
| BlockToStepN              | 62.289 ms                 | 89.927 ms                 |
+---------------------------+---------------------------+---------------------------+
W20240129 15:15:10.612008 1915952 grad_async_v1.h:406] Sleep in <BlockToStepN>, step_no=275, pq.top=275
W20240129 15:15:11.120128 1916381 grad_async_v1.h:280] Detect new sample comes, old_end9, new_end0
W20240129 15:15:11.612015 1915952 grad_async_v1.h:406] Sleep in <BlockToStepN>, step_no=284, pq.top=284
W20240129 15:15:12.129110 1916381 grad_async_v1.h:280] Detect new sample comes, old_end9, new_end0
W20240129 15:15:12.612006 1915952 grad_async_v1.h:406] Sleep in <BlockToStepN>, step_no=294, pq.top=294
W20240129 15:15:13.197896 1916381 grad_async_v1.h:280] Detect new sample comes, old_end9, new_end0
[proc 0] 300 steps, total: 10.055, sample: 0.237, forward: 0.316, backward: 0.553, update: 0.120
[proc 1] 300 steps, total: 10.055, sample: 0.190, forward: 0.278, backward: 0.521, update: 0.114
[proc 3] 300 steps, total: 10.055, sample: 0.193, forward: 0.273, backward: 0.535, update: 0.131
[proc 2] 300 steps, total: 10.055, sample: 0.168, forward: 0.261, backward: 0.507, update: 0.127
W20240129 15:15:13.612010 1915952 grad_async_v1.h:406] Sleep in <BlockToStepN>, step_no=303, pq.top=303
+---------------------------+---------------------------+---------------------------+
| Name                      | P50                       | P99                       |
+---------------------------+---------------------------+---------------------------+
| GenInput                  | 980.757 us                | 13.232 ms                 |
| Forward                   | 3.403 ms                  | 7.395 ms                  |
| Backward                  | 5.593 ms                  | 6.592 ms                  |
| Optimize                  | 1.199 ms                  | 2.713 ms                  |
| BarrierTimeBeforeRank0    | 19.663 us                 | 10.393 ms                 |
| AfterBackward             | 8.715 ms                  | 13.204 ms                 |
| BlockToStepN              | 64.382 ms                 | 94.161 ms                 |
| OneStep                   | 87.688 ms                 | 123.130 ms                |
+---------------------------+---------------------------+---------------------------+
W20240129 15:15:14.201375 1916381 grad_async_v1.h:280] Detect new sample comes, old_end8, new_end9
W20240129 15:15:14.633260 1915952 grad_async_v1.h:406] Sleep in <BlockToStepN>, step_no=313, pq.top=313
W20240129 15:15:15.251380 1916381 grad_async_v1.h:280] Detect new sample comes, old_end8, new_end9
+---------------------------+---------------------------+---------------------------+
| Name                      | P50                       | P99                       |
+---------------------------+---------------------------+---------------------------+
| ProcessBack:Shuffle       | 1.644 ms                  | 2.691 ms                  |
| ProcessBack:UpdateCache   | 1.192 ms                  | 1.845 ms                  |
| ProcessBack:UpsertPq      | 5.523 ms                  | 8.741 ms                  |
| ProcessOneStep            | 8.717 ms                  | 13.180 ms                 |
| BlockToStepN              | 65.272 ms                 | 94.315 ms                 |
+---------------------------+---------------------------+---------------------------+
W20240129 15:15:15.633005 1915952 grad_async_v1.h:406] Sleep in <BlockToStepN>, step_no=322, pq.top=322
W20240129 15:15:16.321441 1916381 grad_async_v1.h:280] Detect new sample comes, old_end8, new_end9
W20240129 15:15:16.633008 1915952 grad_async_v1.h:406] Sleep in <BlockToStepN>, step_no=331, pq.top=331
W20240129 15:15:17.350214 1916381 grad_async_v1.h:280] Detect new sample comes, old_end7, new_end8
W20240129 15:15:17.633009 1915952 grad_async_v1.h:406] Sleep in <BlockToStepN>, step_no=340, pq.top=340
W20240129 15:15:18.408792 1916381 grad_async_v1.h:280] Detect new sample comes, old_end7, new_end8
W20240129 15:15:18.633009 1915952 grad_async_v1.h:406] Sleep in <BlockToStepN>, step_no=349, pq.top=349
+---------------------------+---------------------------+---------------------------+
| Name                      | P50                       | P99                       |
+---------------------------+---------------------------+---------------------------+
| GenInput                  | 1.011 ms                  | 13.190 ms                 |
| Forward                   | 3.370 ms                  | 6.513 ms                  |
| Backward                  | 5.594 ms                  | 6.604 ms                  |
| Optimize                  | 1.195 ms                  | 2.639 ms                  |
| BarrierTimeBeforeRank0    | 19.654 us                 | 10.238 ms                 |
| AfterBackward             | 8.740 ms                  | 12.747 ms                 |
| BlockToStepN              | 67.179 ms                 | 95.975 ms                 |
| OneStep                   | 92.229 ms                 | 125.363 ms                |
+---------------------------+---------------------------+---------------------------+
W20240129 15:15:19.483188 1916381 grad_async_v1.h:280] Detect new sample comes, old_end7, new_end8
W20240129 15:15:19.633005 1915952 grad_async_v1.h:406] Sleep in <BlockToStepN>, step_no=359, pq.top=359
+---------------------------+---------------------------+---------------------------+
| Name                      | P50                       | P99                       |
+---------------------------+---------------------------+---------------------------+
| ProcessBack:Shuffle       | 1.639 ms                  | 2.528 ms                  |
| ProcessBack:UpdateCache   | 1.193 ms                  | 1.814 ms                  |
| ProcessBack:UpsertPq      | 5.529 ms                  | 8.739 ms                  |
| ProcessOneStep            | 8.730 ms                  | 12.724 ms                 |
| BlockToStepN              | 67.769 ms                 | 95.940 ms                 |
+---------------------------+---------------------------+---------------------------+
W20240129 15:15:20.531908 1916381 grad_async_v1.h:280] Detect new sample comes, old_end7, new_end8
W20240129 15:15:20.633008 1915952 grad_async_v1.h:406] Sleep in <BlockToStepN>, step_no=368, pq.top=368
W20240129 15:15:21.541760 1916381 grad_async_v1.h:280] Detect new sample comes, old_end6, new_end7
W20240129 15:15:21.633008 1915952 grad_async_v1.h:406] Sleep in <BlockToStepN>, step_no=377, pq.top=377
W20240129 15:15:22.542287 1916381 grad_async_v1.h:280] Detect new sample comes, old_end5, new_end6
W20240129 15:15:22.655561 1915952 grad_async_v1.h:406] Sleep in <BlockToStepN>, step_no=387, pq.top=387
W20240129 15:15:23.543169 1916381 grad_async_v1.h:280] Detect new sample comes, old_end4, new_end5
W20240129 15:15:23.671247 1915952 grad_async_v1.h:406] Sleep in <BlockToStepN>, step_no=396, pq.top=396
+---------------------------+---------------------------+---------------------------+
| Name                      | P50                       | P99                       |
+---------------------------+---------------------------+---------------------------+
| GenInput                  | 1.029 ms                  | 13.347 ms                 |
| Forward                   | 3.355 ms                  | 6.513 ms                  |
| Backward                  | 5.596 ms                  | 6.604 ms                  |
| Optimize                  | 1.193 ms                  | 2.639 ms                  |
| BarrierTimeBeforeRank0    | 20.165 us                 | 10.393 ms                 |
| AfterBackward             | 8.739 ms                  | 12.747 ms                 |
| BlockToStepN              | 69.879 ms                 | 97.159 ms                 |
| OneStep                   | 94.205 ms                 | 127.208 ms                |
+---------------------------+---------------------------+---------------------------+
[proc 2] 400 steps, total: 10.891, sample: 0.171, forward: 0.258, backward: 0.510, update: 0.126
[proc 0] 400 steps, total: 10.891, sample: 0.264, forward: 0.311, backward: 0.555, update: 0.119
[proc 1] 400 steps, total: 10.891, sample: 0.171, forward: 0.274, backward: 0.529, update: 0.118
[proc 3] 400 steps, total: 10.891, sample: 0.180, forward: 0.265, backward: 0.538, update: 0.123
W20240129 15:15:24.608939 1916381 grad_async_v1.h:280] Detect new sample comes, old_end4, new_end5
W20240129 15:15:24.671008 1915952 grad_async_v1.h:406] Sleep in <BlockToStepN>, step_no=405, pq.top=405
+---------------------------+---------------------------+---------------------------+
| Name                      | P50                       | P99                       |
+---------------------------+---------------------------+---------------------------+
| ProcessBack:Shuffle       | 1.639 ms                  | 2.456 ms                  |
| ProcessBack:UpdateCache   | 1.193 ms                  | 1.791 ms                  |
| ProcessBack:UpsertPq      | 5.534 ms                  | 8.739 ms                  |
| ProcessOneStep            | 8.737 ms                  | 12.724 ms                 |
| BlockToStepN              | 70.509 ms                 | 97.112 ms                 |
+---------------------------+---------------------------+---------------------------+
W20240129 15:15:25.664286 1916381 grad_async_v1.h:280] Detect new sample comes, old_end4, new_end5
W20240129 15:15:25.683527 1915952 grad_async_v1.h:406] Sleep in <BlockToStepN>, step_no=415, pq.top=415
W20240129 15:15:26.683010 1915952 grad_async_v1.h:406] Sleep in <BlockToStepN>, step_no=424, pq.top=424
W20240129 15:15:26.721172 1916381 grad_async_v1.h:280] Detect new sample comes, old_end4, new_end5
W20240129 15:15:27.683012 1915952 grad_async_v1.h:406] Sleep in <BlockToStepN>, step_no=433, pq.top=433
W20240129 15:15:27.726240 1916381 grad_async_v1.h:280] Detect new sample comes, old_end3, new_end4
W20240129 15:15:28.683005 1915952 grad_async_v1.h:406] Sleep in <BlockToStepN>, step_no=442, pq.top=442
W20240129 15:15:28.728547 1916381 grad_async_v1.h:280] Detect new sample comes, old_end2, new_end3
+---------------------------+---------------------------+---------------------------+
| Name                      | P50                       | P99                       |
+---------------------------+---------------------------+---------------------------+
| GenInput                  | 1.051 ms                  | 13.347 ms                 |
| Forward                   | 3.351 ms                  | 6.513 ms                  |
| Backward                  | 5.593 ms                  | 6.604 ms                  |
| Optimize                  | 1.192 ms                  | 2.639 ms                  |
| BarrierTimeBeforeRank0    | 19.949 us                 | 10.393 ms                 |
| AfterBackward             | 8.765 ms                  | 12.747 ms                 |
| BlockToStepN              | 72.372 ms                 | 101.492 ms                |
| OneStep                   | 96.069 ms                 | 130.148 ms                |
+---------------------------+---------------------------+---------------------------+
W20240129 15:15:29.683010 1915952 grad_async_v1.h:406] Sleep in <BlockToStepN>, step_no=451, pq.top=451
W20240129 15:15:29.814041 1916381 grad_async_v1.h:280] Detect new sample comes, old_end2, new_end3
+---------------------------+---------------------------+---------------------------+
| Name                      | P50                       | P99                       |
+---------------------------+---------------------------+---------------------------+
| ProcessBack:Shuffle       | 1.639 ms                  | 2.456 ms                  |
| ProcessBack:UpdateCache   | 1.194 ms                  | 1.672 ms                  |
| ProcessBack:UpsertPq      | 5.537 ms                  | 8.739 ms                  |
| ProcessOneStep            | 8.757 ms                  | 12.325 ms                 |
| BlockToStepN              | 72.907 ms                 | 101.458 ms                |
+---------------------------+---------------------------+---------------------------+
W20240129 15:15:30.683010 1915952 grad_async_v1.h:406] Sleep in <BlockToStepN>, step_no=460, pq.top=460
W20240129 15:15:30.834012 1916381 grad_async_v1.h:280] Detect new sample comes, old_end1, new_end2
W20240129 15:15:31.683008 1915952 grad_async_v1.h:406] Sleep in <BlockToStepN>, step_no=468, pq.top=468
W20240129 15:15:31.851470 1916381 grad_async_v1.h:280] Detect new sample comes, old_end9, new_end0
W20240129 15:15:32.683005 1915952 grad_async_v1.h:406] Sleep in <BlockToStepN>, step_no=477, pq.top=477
W20240129 15:15:32.858744 1916381 grad_async_v1.h:280] Detect new sample comes, old_end8, new_end9
W20240129 15:15:33.694274 1915952 grad_async_v1.h:406] Sleep in <BlockToStepN>, step_no=486, pq.top=486
W20240129 15:15:33.903919 1916381 grad_async_v1.h:280] Detect new sample comes, old_end7, new_end8
+---------------------------+---------------------------+---------------------------+
| Name                      | P50                       | P99                       |
+---------------------------+---------------------------+---------------------------+
| GenInput                  | 1.069 ms                  | 13.244 ms                 |
| Forward                   | 3.350 ms                  | 5.060 ms                  |
| Backward                  | 5.599 ms                  | 6.592 ms                  |
| Optimize                  | 1.190 ms                  | 2.627 ms                  |
| BarrierTimeBeforeRank0    | 19.797 us                 | 10.238 ms                 |
| AfterBackward             | 8.784 ms                  | 13.072 ms                 |
| BlockToStepN              | 74.015 ms                 | 105.009 ms                |
| OneStep                   | 98.243 ms                 | 133.157 ms                |
+---------------------------+---------------------------+---------------------------+
W20240129 15:15:34.694011 1915952 grad_async_v1.h:406] Sleep in <BlockToStepN>, step_no=494, pq.top=494
W20240129 15:15:34.926414 1916381 grad_async_v1.h:280] Detect new sample comes, old_end6, new_end7
[proc 0] 500 steps, total: 11.176, sample: 0.252, forward: 0.318, backward: 0.557, update: 0.119
[proc 1] 500 steps, total: 11.176, sample: 0.173, forward: 0.274, backward: 0.530, update: 0.121
[proc 3] 500 steps, total: 11.176, sample: 0.179, forward: 0.266, backward: 0.538, update: 0.121
[proc 2] 500 steps, total: 11.176, sample: 0.187, forward: 0.258, backward: 0.507, update: 0.122
Successfully xmh. training takes 49.17746329307556 seconds
before call kg_cache_controller.StopThreads()
W20240129 15:15:35.365849 1915952 grad_async_v1.h:230] call StopThreads. PID = 1915612
W20240129 15:15:35.365873 1915952 grad_base.h:212] before processOneStepNegThread_.join();
[W tensorpipe_agent.cpp:725] RPC agent for worker0 encountered error when reading incoming request from worker3: eof (this error originated at tensorpipe/transport/shm/connection_impl.cc:259)
[W tensorpipe_agent.cpp:725] RPC agent for worker0 encountered error when reading incoming request from worker1: eof (this error originated at tensorpipe/transport/shm/connection_impl.cc:259)
W20240129 15:15:35.372093 1915952 grad_base.h:214] after processOneStepNegThread_.join();
W20240129 15:15:35.372116 1915952 grad_async_v1.h:232] call GradProcessingBase::StopThreads.
[W tensorpipe_agent.cpp:725] RPC agent for worker0 encountered error when reading incoming request from worker2: eof (this error originated at tensorpipe/transport/shm/connection_impl.cc:259)
W20240129 15:15:35.391398 1915952 grad_async_v1.h:251] StopThreads done.
