WARNING: Logging before InitGoogleLogging() is written to STDERR
I20240128 17:42:26.286619 594040 IPC_barrier.h:128] MultiProcessBarrierFactory->ClearIPCMemory()
/home/xieminhui/RecStore/src/framework_adapters/torch/kg/dgl-0.9.1/python/dgl/_deprecate/graph.py:1023: DGLWarning: multigraph will be deprecated.DGL will treat all graphs as multigraph in the future.
  dgl_warning("multigraph will be deprecated." \
/home/xieminhui/RecStore/src/framework_adapters/torch/kg/dgl-0.9.1/python/dgl/heterograph.py:72: DGLWarning: Recommend creating graphs by `dgl.graph(data)` instead of `dgl.DGLGraph(data)`.
  dgl_warning('Recommend creating graphs by `dgl.graph(data)`'
Reading train triples....
Finished. Read 483142 train triples.
Reading valid triples....
Finished. Read 50000 valid triples.
Reading test triples....
Finished. Read 59071 test triples.
ARGS:  Namespace(model_name='SimplE', data_path='/home/xieminhui/dgl-data', dataset='FB15k', format='built_in', data_files=None, delimiter='\t', save_path='/tmp/ckpts/SimplE_FB15k_10', no_save_emb=True, max_step=500, batch_size=1800, batch_size_eval=16, neg_sample_size=200, neg_deg_sample=False, neg_deg_sample_eval=False, neg_sample_size_eval=14951, eval_percent=1, no_eval_filter=False, log_interval=100, eval_interval=10000, test=False, num_proc=4, num_thread=1, force_sync_interval=1, hidden_dim=400, lr=0.01, gamma=16.0, double_ent=False, double_rel=False, neg_adversarial_sampling=False, adversarial_temperature=1.0, regularization_coef=0.0, regularization_norm=3, pairwise=False, loss_genre='Logsigmoid', margin=1.0, nr_gpus=4, gpu=[0, 1, 2, 3], mix_cpu_gpu=True, valid=False, rel_part=False, async_update=None, has_edge_importance=False, cached_emb_type='KnownLocalCachedEmbedding', use_my_emb=True, cache_ratio=0.01, shuffle=False, backwardMode='CppAsyncV2', L=10, update_cache_use_omp=0, update_pq_use_omp=0, kForwardItersPerStep=2, backgrad_init='both', eval_filter=True, soft_rel_part=False)
|Train|: 483142
original graph:  DGLGraph(num_nodes=14951, num_edges=592213,
         ndata_schemes={}
         edata_schemes={'tid': Scheme(shape=(), dtype=torch.int64)})
Loading cached metis
WARNING [594040 sampler.py:454] Start PreSampling
WARNING [594040 sampler.py:532] Before construct renumbering_dict
WARNING [594040 sampler.py:555] PreSampling done
W20240128 17:42:28.221413 594040 IPCTensor.h:368] NewIPCTensor: cached_sampler_r0_0 [1000000]0x100000002000 7.629 MB
W20240128 17:42:28.221537 594040 IPCTensor.h:368] NewIPCTensor: cached_sampler_r0_1 [1000000]0x1000007a5000 7.629 MB
W20240128 17:42:28.221560 594040 IPCTensor.h:368] NewIPCTensor: cached_sampler_r0_2 [1000000]0x100000f48000 7.629 MB
W20240128 17:42:28.221578 594040 IPCTensor.h:368] NewIPCTensor: cached_sampler_r0_3 [1000000]0x1000016eb000 7.629 MB
W20240128 17:42:28.221596 594040 IPCTensor.h:368] NewIPCTensor: cached_sampler_r0_4 [1000000]0x100001e8e000 7.629 MB
W20240128 17:42:28.221622 594040 IPCTensor.h:368] NewIPCTensor: cached_sampler_r0_5 [1000000]0x100002631000 7.629 MB
W20240128 17:42:28.221642 594040 IPCTensor.h:368] NewIPCTensor: cached_sampler_r0_6 [1000000]0x100002dd4000 7.629 MB
W20240128 17:42:28.221661 594040 IPCTensor.h:368] NewIPCTensor: cached_sampler_r0_7 [1000000]0x100003577000 7.629 MB
W20240128 17:42:28.221678 594040 IPCTensor.h:368] NewIPCTensor: cached_sampler_r0_8 [1000000]0x100003d1a000 7.629 MB
W20240128 17:42:28.221697 594040 IPCTensor.h:368] NewIPCTensor: cached_sampler_r0_9 [1000000]0x1000044bd000 7.629 MB
W20240128 17:42:28.221721 594040 IPCTensor.h:368] NewIPCTensor: step_r0 [10]0x100004c60000 80 B 
W20240128 17:42:28.221741 594040 IPCTensor.h:368] NewIPCTensor: circle_buffer_end_r0 [1]0x100004c62000 8 B 
W20240128 17:42:28.221755 594040 IPCTensor.h:368] NewIPCTensor: circle_buffer_end_cppseen_r0 [1]0x100004c64000 8 B 
W20240128 17:42:28.221834 594040 IPCTensor.h:368] NewIPCTensor: cached_sampler_r1_0 [1000000]0x100004c66000 7.629 MB
W20240128 17:42:28.221855 594040 IPCTensor.h:368] NewIPCTensor: cached_sampler_r1_1 [1000000]0x100005409000 7.629 MB
W20240128 17:42:28.221871 594040 IPCTensor.h:368] NewIPCTensor: cached_sampler_r1_2 [1000000]0x100005bac000 7.629 MB
W20240128 17:42:28.221915 594040 IPCTensor.h:368] NewIPCTensor: cached_sampler_r1_3 [1000000]0x10000634f000 7.629 MB
W20240128 17:42:28.221931 594040 IPCTensor.h:368] NewIPCTensor: cached_sampler_r1_4 [1000000]0x100006af2000 7.629 MB
W20240128 17:42:28.221946 594040 IPCTensor.h:368] NewIPCTensor: cached_sampler_r1_5 [1000000]0x100007295000 7.629 MB
W20240128 17:42:28.221962 594040 IPCTensor.h:368] NewIPCTensor: cached_sampler_r1_6 [1000000]0x100007a38000 7.629 MB
W20240128 17:42:28.221987 594040 IPCTensor.h:368] NewIPCTensor: cached_sampler_r1_7 [1000000]0x1000081db000 7.629 MB
W20240128 17:42:28.222004 594040 IPCTensor.h:368] NewIPCTensor: cached_sampler_r1_8 [1000000]0x10000897e000 7.629 MB
W20240128 17:42:28.222020 594040 IPCTensor.h:368] NewIPCTensor: cached_sampler_r1_9 [1000000]0x100009121000 7.629 MB
W20240128 17:42:28.222036 594040 IPCTensor.h:368] NewIPCTensor: step_r1 [10]0x1000098c4000 80 B 
W20240128 17:42:28.222050 594040 IPCTensor.h:368] NewIPCTensor: circle_buffer_end_r1 [1]0x1000098c6000 8 B 
W20240128 17:42:28.222064 594040 IPCTensor.h:368] NewIPCTensor: circle_buffer_end_cppseen_r1 [1]0x1000098c8000 8 B 
W20240128 17:42:28.222097 594040 IPCTensor.h:368] NewIPCTensor: cached_sampler_r2_0 [1000000]0x1000098ca000 7.629 MB
W20240128 17:42:28.222116 594040 IPCTensor.h:368] NewIPCTensor: cached_sampler_r2_1 [1000000]0x10000a06d000 7.629 MB
W20240128 17:42:28.222132 594040 IPCTensor.h:368] NewIPCTensor: cached_sampler_r2_2 [1000000]0x10000a810000 7.629 MB
W20240128 17:42:28.222148 594040 IPCTensor.h:368] NewIPCTensor: cached_sampler_r2_3 [1000000]0x10000afb3000 7.629 MB
W20240128 17:42:28.222164 594040 IPCTensor.h:368] NewIPCTensor: cached_sampler_r2_4 [1000000]0x10000b756000 7.629 MB
W20240128 17:42:28.222183 594040 IPCTensor.h:368] NewIPCTensor: cached_sampler_r2_5 [1000000]0x10000bef9000 7.629 MB
W20240128 17:42:28.222200 594040 IPCTensor.h:368] NewIPCTensor: cached_sampler_r2_6 [1000000]0x10000c69c000 7.629 MB
W20240128 17:42:28.222215 594040 IPCTensor.h:368] NewIPCTensor: cached_sampler_r2_7 [1000000]0x10000ce3f000 7.629 MB
W20240128 17:42:28.222231 594040 IPCTensor.h:368] NewIPCTensor: cached_sampler_r2_8 [1000000]0x10000d5e2000 7.629 MB
W20240128 17:42:28.222247 594040 IPCTensor.h:368] NewIPCTensor: cached_sampler_r2_9 [1000000]0x10000dd85000 7.629 MB
W20240128 17:42:28.222270 594040 IPCTensor.h:368] NewIPCTensor: step_r2 [10]0x10000e528000 80 B 
W20240128 17:42:28.222285 594040 IPCTensor.h:368] NewIPCTensor: circle_buffer_end_r2 [1]0x10000e52a000 8 B 
W20240128 17:42:28.222301 594040 IPCTensor.h:368] NewIPCTensor: circle_buffer_end_cppseen_r2 [1]0x10000e52c000 8 B 
W20240128 17:42:28.222332 594040 IPCTensor.h:368] NewIPCTensor: cached_sampler_r3_0 [1000000]0x10000e52e000 7.629 MB
W20240128 17:42:28.222349 594040 IPCTensor.h:368] NewIPCTensor: cached_sampler_r3_1 [1000000]0x10000ecd1000 7.629 MB
W20240128 17:42:28.222364 594040 IPCTensor.h:368] NewIPCTensor: cached_sampler_r3_2 [1000000]0x10000f474000 7.629 MB
W20240128 17:42:28.222380 594040 IPCTensor.h:368] NewIPCTensor: cached_sampler_r3_3 [1000000]0x10000fc17000 7.629 MB
W20240128 17:42:28.222395 594040 IPCTensor.h:368] NewIPCTensor: cached_sampler_r3_4 [1000000]0x1000103ba000 7.629 MB
W20240128 17:42:28.222414 594040 IPCTensor.h:368] NewIPCTensor: cached_sampler_r3_5 [1000000]0x100010b5d000 7.629 MB
W20240128 17:42:28.222429 594040 IPCTensor.h:368] NewIPCTensor: cached_sampler_r3_6 [1000000]0x100011300000 7.629 MB
W20240128 17:42:28.222445 594040 IPCTensor.h:368] NewIPCTensor: cached_sampler_r3_7 [1000000]0x100011aa3000 7.629 MB
W20240128 17:42:28.222460 594040 IPCTensor.h:368] NewIPCTensor: cached_sampler_r3_8 [1000000]0x100012246000 7.629 MB
W20240128 17:42:28.222477 594040 IPCTensor.h:368] NewIPCTensor: cached_sampler_r3_9 [1000000]0x1000129e9000 7.629 MB
W20240128 17:42:28.222493 594040 IPCTensor.h:368] NewIPCTensor: step_r3 [10]0x10001318c000 80 B 
W20240128 17:42:28.222506 594040 IPCTensor.h:368] NewIPCTensor: circle_buffer_end_r3 [1]0x10001318e000 8 B 
W20240128 17:42:28.222519 594040 IPCTensor.h:368] NewIPCTensor: circle_buffer_end_cppseen_r3 [1]0x100013190000 8 B 
W20240128 17:42:28.349828 594040 IPCTensor.h:368] NewIPCTensor: full_emb [14951, 400]0x100013192000 22.81 MB
W20240128 17:42:28.349960 594040 IPCTensor.h:368] NewIPCTensor: full_emb_SparseRowWiseAdaGrad_sum [14951]0x100014864000 58.4 kB
{0: Graph(num_nodes=10523, num_edges=182012,
      ndata_schemes={'_ID': Scheme(shape=(), dtype=torch.int64), 'inner_node': Scheme(shape=(), dtype=torch.int32), 'part_id': Scheme(shape=(), dtype=torch.int64)}
      edata_schemes={'_ID': Scheme(shape=(), dtype=torch.int64), 'inner_edge': Scheme(shape=(), dtype=torch.int8)}), 1: Graph(num_nodes=10996, num_edges=244360,
      ndata_schemes={'_ID': Scheme(shape=(), dtype=torch.int64), 'inner_node': Scheme(shape=(), dtype=torch.int32), 'part_id': Scheme(shape=(), dtype=torch.int64)}
      edata_schemes={'_ID': Scheme(shape=(), dtype=torch.int64), 'inner_edge': Scheme(shape=(), dtype=torch.int8)}), 2: Graph(num_nodes=9404, num_edges=143355,
      ndata_schemes={'_ID': Scheme(shape=(), dtype=torch.int64), 'inner_node': Scheme(shape=(), dtype=torch.int32), 'part_id': Scheme(shape=(), dtype=torch.int64)}
      edata_schemes={'_ID': Scheme(shape=(), dtype=torch.int64), 'inner_edge': Scheme(shape=(), dtype=torch.int8)}), 3: Graph(num_nodes=10954, num_edges=175447,
      ndata_schemes={'_ID': Scheme(shape=(), dtype=torch.int64), 'inner_node': Scheme(shape=(), dtype=torch.int32), 'part_id': Scheme(shape=(), dtype=torch.int64)}
      edata_schemes={'_ID': Scheme(shape=(), dtype=torch.int64), 'inner_edge': Scheme(shape=(), dtype=torch.int8)})}
MertisPartition: part 0 has 10523 N 182012 E
MertisPartition: part 1 has 10996 N 244360 E
MertisPartition: part 2 has 9404 N 143355 E
MertisPartition: part 3 has 10954 N 175447 E
Rank0: cached key size 37
Rank1: cached key size 37
Rank2: cached key size 37
Rank3: cached key size 37
Before renumbering graph:  {'_ID': tensor([    5,    14,    17,  ..., 11245,  2040,  3009]), 'inner_node': tensor([1, 1, 1,  ..., 0, 0, 0], dtype=torch.int32), 'part_id': tensor([0, 0, 0,  ..., 2, 3, 3])}
After renumbering graph:  {'_ID': tensor([ 275,  509,  581,  ..., 1226, 4290, 9280]), 'inner_node': tensor([1, 1, 1,  ..., 0, 0, 0], dtype=torch.int32), 'part_id': tensor([0, 0, 0,  ..., 2, 3, 3])}
part_g: DGLGraph(num_nodes=10523, num_edges=182012,
         ndata_schemes={'_ID': Scheme(shape=(), dtype=torch.int64)}
         edata_schemes={'tid': Scheme(shape=(), dtype=torch.int64)})
part_g: DGLGraph(num_nodes=10523, num_edges=182012,
         ndata_schemes={'_ID': Scheme(shape=(), dtype=torch.int64)}
         edata_schemes={'tid': Scheme(shape=(), dtype=torch.int64)})
Total initialize time 2.094 seconds
[Rank1] pid = 594250
[Rank2] pid = 594315
INFO [594040 distributed_c10d.py:442] Added key: store_based_barrier_key:1 to store for rank: 0
INFO [594250 distributed_c10d.py:442] Added key: store_based_barrier_key:1 to store for rank: 1
INFO [594040 distributed_c10d.py:476] Rank 0: Completed store-based barrier for key:store_based_barrier_key:1 with 4 nodes.
INFO [594250 distributed_c10d.py:476] Rank 1: Completed store-based barrier for key:store_based_barrier_key:1 with 4 nodes.
W20240128 17:42:31.687255 594380 IPCTensor.h:408] NewIPCGPUTensor: embedding_cache_0 [149, 400]; dev=0; size=232.8 kB
INFO [594315 distributed_c10d.py:442] Added key: store_based_barrier_key:1 to store for rank: 2
W20240128 17:42:31.688098 594380 IPCTensor.h:368] NewIPCTensor: input_keys_0 [1000000]0x100014876000 7.629 MB
INFO [594315 distributed_c10d.py:476] Rank 2: Completed store-based barrier for key:store_based_barrier_key:1 with 4 nodes.
W20240128 17:42:31.688308 594380 IPCTensor.h:368] NewIPCTensor: input_keys_neg_0 [1000000]0x100015019000 7.629 MB
W20240128 17:42:31.688428 594380 IPCTensor.h:368] NewIPCTensor: backward_grads_0 [1000000, 400]0x1000157bc000 1.49 GB
W20240128 17:42:31.688499 594380 IPCTensor.h:368] NewIPCTensor: backward_grads_neg_0 [1000000, 400]0x100074d9f000 1.49 GB
W20240128 17:42:31.688596 594380 IPCTensor.h:408] NewIPCGPUTensor: backward_grads_0_gpu [1000000, 400]; dev=0; size=1.49 GB
W20240128 17:42:31.688973 594251 IPCTensor.h:408] NewIPCGPUTensor: embedding_cache_1 [149, 400]; dev=1; size=232.8 kB
INFO [594379 distributed_c10d.py:442] Added key: store_based_barrier_key:1 to store for rank: 3
INFO [594379 distributed_c10d.py:476] Rank 3: Completed store-based barrier for key:store_based_barrier_key:1 with 4 nodes.
W20240128 17:42:31.690918 594316 IPCTensor.h:408] NewIPCGPUTensor: embedding_cache_2 [149, 400]; dev=2; size=232.8 kB
W20240128 17:42:31.691818 594381 IPCTensor.h:408] NewIPCGPUTensor: embedding_cache_3 [149, 400]; dev=3; size=232.8 kB
W20240128 17:42:31.694103 594380 IPCTensor.h:408] NewIPCGPUTensor: backward_grads_neg_0_gpu [1000000, 400]; dev=0; size=1.49 GB
W20240128 17:42:31.694243 594251 IPCTensor.h:368] NewIPCTensor: input_keys_1 [1000000]0x1000d438a000 7.629 MB
W20240128 17:42:31.694412 594316 IPCTensor.h:368] NewIPCTensor: input_keys_2 [1000000]0x1000d4b2d000 7.629 MB
W20240128 17:42:31.694458 594381 IPCTensor.h:368] NewIPCTensor: input_keys_3 [1000000]0x1000d52d0000 7.629 MB
W20240128 17:42:31.694518 594251 IPCTensor.h:368] NewIPCTensor: input_keys_neg_1 [1000000]0x1000d5a73000 7.629 MB
W20240128 17:42:31.694633 594251 IPCTensor.h:368] NewIPCTensor: backward_grads_1 [1000000, 400]0x1000d6216000 1.49 GB
W20240128 17:42:31.694710 594381 IPCTensor.h:368] NewIPCTensor: input_keys_neg_3 [1000000]0x1001357f9000 7.629 MB
W20240128 17:42:31.694737 594251 IPCTensor.h:368] NewIPCTensor: backward_grads_neg_1 [1000000, 400]0x100135f9c000 1.49 GB
W20240128 17:42:31.694761 594316 IPCTensor.h:368] NewIPCTensor: input_keys_neg_2 [1000000]0x10019557f000 7.629 MB
W20240128 17:42:31.694821 594251 IPCTensor.h:408] NewIPCGPUTensor: backward_grads_1_gpu [1000000, 400]; dev=1; size=1.49 GB
W20240128 17:42:31.694833 594381 IPCTensor.h:368] NewIPCTensor: backward_grads_3 [1000000, 400]0x100195d22000 1.49 GB
W20240128 17:42:31.694875 594316 IPCTensor.h:368] NewIPCTensor: backward_grads_2 [1000000, 400]0x1001f5305000 1.49 GB
W20240128 17:42:31.694924 594381 IPCTensor.h:368] NewIPCTensor: backward_grads_neg_3 [1000000, 400]0x1002548e8000 1.49 GB
W20240128 17:42:31.694977 594316 IPCTensor.h:368] NewIPCTensor: backward_grads_neg_2 [1000000, 400]0x1002b3ecb000 1.49 GB
W20240128 17:42:31.695004 594381 IPCTensor.h:408] NewIPCGPUTensor: backward_grads_3_gpu [1000000, 400]; dev=3; size=1.49 GB
W20240128 17:42:31.695050 594316 IPCTensor.h:408] NewIPCGPUTensor: backward_grads_2_gpu [1000000, 400]; dev=2; size=1.49 GB
W20240128 17:42:31.711575 594381 IPCTensor.h:408] NewIPCGPUTensor: backward_grads_neg_3_gpu [1000000, 400]; dev=3; size=1.49 GB
W20240128 17:42:31.711642 594251 IPCTensor.h:408] NewIPCGPUTensor: backward_grads_neg_1_gpu [1000000, 400]; dev=1; size=1.49 GB
W20240128 17:42:31.711702 594316 IPCTensor.h:408] NewIPCGPUTensor: backward_grads_neg_2_gpu [1000000, 400]; dev=2; size=1.49 GB
cudaHostRegister 0x100013192000
3: KnownLocalCachedEmbedding init done
WARNING [594379 DistTensor.py:56] The tensor name already exists in the kvstore
cudaHostRegister 0x100013192000
2: KnownLocalCachedEmbedding init done
WARNING [594315 DistTensor.py:56] The tensor name already exists in the kvstore
cudaHostRegister 0x100013192000
1: KnownLocalCachedEmbedding init done
WARNING [594250 DistTensor.py:56] The tensor name already exists in the kvstore
[Rank3] pid = 594379
New CachedEmbedding, name=full_emb, shape=(14951, 400), cache_type=KnownLocalCachedEmbedding
fixed cache_range is [(0, 149), (149, 298), (298, 447), (447, 596)]
cudaHostRegister 0x100013192000
0: KnownLocalCachedEmbedding init done
WARNING [594040 DistTensor.py:56] The tensor name already exists in the kvstore
I20240128 17:42:33.257990 594380 IPC_barrier.h:118] CreateBarrier: new barrier, name: kgcachecontroller, count: 4
I20240128 17:42:33.258059 594381 IPC_barrier.h:112] CreateBarrier: find existing barrier, name: kgcachecontroller, count: 4
I20240128 17:42:33.258248 594316 IPC_barrier.h:112] CreateBarrier: find existing barrier, name: kgcachecontroller, count: 4
I20240128 17:42:33.258335 594251 IPC_barrier.h:112] CreateBarrier: find existing barrier, name: kgcachecontroller, count: 4
W20240128 17:42:33.259984 594380 grad_base.h:55] KGCacheController, config={
        "num_gpus": 4,
        "L": 10,
        "backgrad_init": "both", 
        "kForwardItersPerStep": 2,
        "clr": 1,
        "nr_background_threads": 32,
        "backwardMode": "CppAsyncV2",
        "cache_ratio": 0.01,
        "update_cache_use_omp":  0,
        "update_pq_use_omp":  0
        }
W20240128 17:42:33.260123 594380 grad_base.h:184] Init GradProcessingBase done
I20240128 17:42:33.264729 594380 grad_async_v2.h:32] Use background thread to update emb. nr_background_threads=32
W20240128 17:42:33.264854 594380 kg_controller.h:78] after init GradAsyncProcessingV2
I20240128 17:42:33.264861 594380 kg_controller.h:84] Construct KGCacheController done
E20240128 17:42:34.627168 594251 recstore.cc:66] init folly done
E20240128 17:42:34.627276 594316 recstore.cc:66] init folly done
E20240128 17:42:34.627293 594381 recstore.cc:66] init folly done
E20240128 17:42:34.627468 594380 recstore.cc:66] init folly done
I20240128 17:42:34.628391 594380 grad_base.h:60] GraphEnv RegTensorsPerProcess
W20240128 17:42:35.390074 594793 grad_async_v2.h:121] Detect new sample comes, old_end0, new_end1
E20240128 17:42:35.390336 594793 parallel_pq_v2.h:76] insert failed, size(hashtable)=1
I20240128 17:42:35.426069 594380 IPC_barrier.h:118] CreateBarrier: new barrier, name: start_barrier, count: 4
I20240128 17:42:35.428208 594316 IPC_barrier.h:112] CreateBarrier: find existing barrier, name: start_barrier, count: 4
I20240128 17:42:35.436028 594251 IPC_barrier.h:112] CreateBarrier: find existing barrier, name: start_barrier, count: 4
I20240128 17:42:35.451519 594381 IPC_barrier.h:112] CreateBarrier: find existing barrier, name: start_barrier, count: 4
E20240128 17:42:37.864527 594567 parallel_pq_v2.h:76] insert failed, size(hashtable)=4
W20240128 17:42:37.878213 594380 grad_async_v2.h:250] Sleep in <BlockToStepN>, step_no=1, pq.top=0
W20240128 17:42:37.886096 594793 grad_async_v2.h:121] Detect new sample comes, old_end1, new_end2
+---------------------------+---------------------------+---------------------------+
| Name                      | P50                       | P99                       |
+---------------------------+---------------------------+---------------------------+
| GenInput                  | 1.100 ms                  | 18.336 ms                 |
| Forward                   | 3.921 ms                  | 1.337 s                   |
| Backward                  | 3.000 ms                  | 295.394 ms                |
| Optimize                  | 1.729 ms                  | 48.209 ms                 |
| BarrierTimeBeforeRank0    | 55.265 us                 | 2.622 ms                  |
| AfterBackward             | 15.457 ms                 | 744.136 ms                |
| BlockToStepN              | 42.451 us                 | 34.163 ms                 |
| OneStep                   | 26.393 ms                 | 2.433 s                   |
+---------------------------+---------------------------+---------------------------+
E20240128 17:42:38.864041 594792 parallel_pq_v2.h:76] insert failed, size(hashtable)=7141
W20240128 17:42:38.891258 594793 grad_async_v2.h:121] Detect new sample comes, old_end9, new_end4
W20240128 17:42:38.900528 594380 grad_async_v2.h:250] Sleep in <BlockToStepN>, step_no=24, pq.top=24
+---------------------------+---------------------------+---------------------------+
| Name                      | P50                       | P99                       |
+---------------------------+---------------------------+---------------------------+
| ProcessBack:Shuffle       | 2.051 ms                  | 64.701 ms                 |
| ProcessBack:UpdateCache   | 1.504 ms                  | 167.950 ms                |
| ProcessBack:UpsertPq      | 13.316 ms                 | 19.095 ms                 |
| ProcessOneStep            | 20.181 ms                 | 743.908 ms                |
| BlockToStepN              | 13.057 ms                 | 41.188 ms                 |
+---------------------------+---------------------------+---------------------------+
E20240128 17:42:39.864013 594380 parallel_pq_v2.h:76] insert failed, size(hashtable)=65
W20240128 17:42:39.914181 594793 grad_async_v2.h:121] Detect new sample comes, old_end9, new_end5
W20240128 17:42:39.922866 594380 grad_async_v2.h:250] Sleep in <BlockToStepN>, step_no=45, pq.top=45
E20240128 17:42:40.864009 594792 parallel_pq_v2.h:76] insert failed, size(hashtable)=6320
W20240128 17:42:40.915086 594793 grad_async_v2.h:121] Detect new sample comes, old_end3, new_end4
W20240128 17:42:40.945683 594380 grad_async_v2.h:250] Sleep in <BlockToStepN>, step_no=64, pq.top=64
E20240128 17:42:41.864086 594792 parallel_pq_v2.h:76] insert failed, size(hashtable)=5465
W20240128 17:42:41.923856 594793 grad_async_v2.h:121] Detect new sample comes, old_end1, new_end2
W20240128 17:42:41.945055 594380 grad_async_v2.h:250] Sleep in <BlockToStepN>, step_no=82, pq.top=82
train_sampler.Prefill()
before start barrier
start train
[proc 1] 100 steps, total: 7.389, sample: 0.262, forward: 1.293, backward: 0.624, update: 0.201
train_sampler.Prefill()
before start barrier
start train
[proc 2] 100 steps, total: 7.397, sample: 0.247, forward: 1.314, backward: 0.650, update: 0.196
train_sampler.Prefill()
before start barrier
start train
[proc 3] 100 steps, total: 7.374, sample: 0.275, forward: 1.187, backward: 0.623, update: 0.188
train_sampler.Prefill()
-------Step 0-------
tensor([    1,  3248,  9564,  8650,  8166,  3914, 10140,  4112, 12404,  7489]) tensor([  581,  8081,  9674,  2578,  5582,  7803, 13276,  8224, 10222,  8367])
-------Step 1-------
tensor([    1,  3248,  9564,  8650,  8166,  3914, 10140,  4112, 12404,  7489]) tensor([10156, 13222,   394,  2882,  1309, 12155,  6056,  2166,  1548, 14198])
-------Step 2-------
tensor([10335,  9809,  5580,  7156,   998,  6084,  7361,  1531, 13437,  7339]) tensor([ 5608,  4629,  2696, 12893,  5434,  2731,  3610, 13943, 12215,  3374])
-------Step 3-------
tensor([10335,  9809,  5580,  7156,   998,  6084,  7361,  1531, 13437,  7339]) tensor([10926,  5088,  3877, 10086, 10437, 11258, 13781,  6822, 13025,  5047])
-------Step 4-------
tensor([13224,  4053,  6817,  1889, 11804, 11378, 14884, 11565,  9292,  6120]) tensor([ 2845,  6308,  4860, 11020, 10142, 14271,   857,  1408, 11916, 13612])
-------Step 5-------
tensor([13224,  4053,  6817,  1889, 11804, 11378, 14884, 11565,  9292,  6120]) tensor([14618,  7854, 10876, 14365,   861, 10436,  8478, 14641,  8427, 11291])
-------Step 6-------
tensor([10303,  9805,  2530, 10040, 10703,  6237,  8298,  2175,  2996,  9132]) tensor([ 5714, 12520,  7709,  8534,  6976,   969, 12715, 10371, 13990,  9759])
-------Step 7-------
tensor([10303,  9805,  2530, 10040, 10703,  6237,  8298,  2175,  2996,  9132]) tensor([ 8591, 10583,  6871, 12276,  6606,  8708,  7801, 14732, 14426, 12745])
-------Step 8-------
tensor([ 4413,  7964, 12728,  8276,    26, 12038,  5988, 10135,  6553,  9809]) tensor([13421, 11181, 10504,   110, 12311, 11782,  5873,  1049,  7391,  9279])
-------Step 9-------
tensor([ 4413,  7964, 12728,  8276,    26, 12038,  5988, 10135,  6553,  9809]) tensor([ 9538, 13362,  5739,  7010,  3631,  4612,    19,  5043,  7847, 10404])
before start barrier
start train
[proc 0] 100 steps, total: 7.399, sample: 0.341, forward: 1.708, backward: 0.590, update: 0.200
E20240128 17:42:42.864009 594792 parallel_pq_v2.h:76] insert failed, size(hashtable)=2490
W20240128 17:42:42.933394 594793 grad_async_v2.h:121] Detect new sample comes, old_end1, new_end2
W20240128 17:42:42.980497 594380 grad_async_v2.h:250] Sleep in <BlockToStepN>, step_no=103, pq.top=103
+---------------------------+---------------------------+---------------------------+
| Name                      | P50                       | P99                       |
+---------------------------+---------------------------+---------------------------+
| GenInput                  | 1.381 ms                  | 18.835 ms                 |
| Forward                   | 3.774 ms                  | 6.363 ms                  |
| Backward                  | 3.036 ms                  | 3.503 ms                  |
| Optimize                  | 1.537 ms                  | 3.287 ms                  |
| BarrierTimeBeforeRank0    | 22.580 us                 | 2.622 ms                  |
| AfterBackward             | 20.541 ms                 | 47.683 ms                 |
| BlockToStepN              | 18.317 ms                 | 38.622 ms                 |
| OneStep                   | 51.181 ms                 | 90.001 ms                 |
+---------------------------+---------------------------+---------------------------+
E20240128 17:42:43.864006 594380 parallel_pq_v2.h:76] insert failed, size(hashtable)=2863
W20240128 17:42:43.933144 594793 grad_async_v2.h:121] Detect new sample comes, old_end1, new_end2
W20240128 17:42:43.980135 594380 grad_async_v2.h:250] Sleep in <BlockToStepN>, step_no=122, pq.top=122
+---------------------------+---------------------------+---------------------------+
| Name                      | P50                       | P99                       |
+---------------------------+---------------------------+---------------------------+
| ProcessBack:Shuffle       | 2.052 ms                  | 2.308 ms                  |
| ProcessBack:UpdateCache   | 1.488 ms                  | 2.492 ms                  |
| ProcessBack:UpsertPq      | 13.867 ms                 | 19.850 ms                 |
| ProcessOneStep            | 19.959 ms                 | 47.657 ms                 |
| BlockToStepN              | 18.917 ms                 | 38.559 ms                 |
+---------------------------+---------------------------+---------------------------+
E20240128 17:42:44.864012 594567 parallel_pq_v2.h:76] insert failed, size(hashtable)=2252
W20240128 17:42:44.948855 594793 grad_async_v2.h:121] Detect new sample comes, old_end0, new_end1
W20240128 17:42:44.980093 594380 grad_async_v2.h:250] Sleep in <BlockToStepN>, step_no=141, pq.top=141
E20240128 17:42:45.864010 594792 parallel_pq_v2.h:76] insert failed, size(hashtable)=2896
W20240128 17:42:45.952956 594793 grad_async_v2.h:121] Detect new sample comes, old_end8, new_end9
W20240128 17:42:45.980239 594380 grad_async_v2.h:250] Sleep in <BlockToStepN>, step_no=159, pq.top=159
E20240128 17:42:46.864009 594792 parallel_pq_v2.h:76] insert failed, size(hashtable)=2969
W20240128 17:42:46.957744 594793 grad_async_v2.h:121] Detect new sample comes, old_end6, new_end7
W20240128 17:42:46.980163 594380 grad_async_v2.h:250] Sleep in <BlockToStepN>, step_no=177, pq.top=177
E20240128 17:42:47.864027 594792 parallel_pq_v2.h:76] insert failed, size(hashtable)=3888
W20240128 17:42:47.963008 594793 grad_async_v2.h:121] Detect new sample comes, old_end4, new_end5
W20240128 17:42:47.980124 594380 grad_async_v2.h:250] Sleep in <BlockToStepN>, step_no=195, pq.top=195
+---------------------------+---------------------------+---------------------------+
| Name                      | P50                       | P99                       |
+---------------------------+---------------------------+---------------------------+
| GenInput                  | 1.366 ms                  | 19.730 ms                 |
| Forward                   | 3.800 ms                  | 5.407 ms                  |
| Backward                  | 3.049 ms                  | 3.395 ms                  |
| Optimize                  | 1.568 ms                  | 3.322 ms                  |
| BarrierTimeBeforeRank0    | 21.358 us                 | 14.018 ms                 |
| AfterBackward             | 19.732 ms                 | 26.454 ms                 |
| BlockToStepN              | 20.129 ms                 | 38.622 ms                 |
| OneStep                   | 52.901 ms                 | 85.715 ms                 |
+---------------------------+---------------------------+---------------------------+
[proc 3] 200 steps, total: 5.440, sample: 0.274, forward: 0.313, backward: 0.315, update: 0.147
[proc 1] 200 steps, total: 5.440, sample: 0.318, forward: 0.385, backward: 0.307, update: 0.152
[proc 2] 200 steps, total: 5.440, sample: 0.225, forward: 0.282, backward: 0.264, update: 0.116
[proc 0] 200 steps, total: 5.440, sample: 0.369, forward: 0.383, backward: 0.300, update: 0.167
E20240128 17:42:48.864015 594792 parallel_pq_v2.h:76] insert failed, size(hashtable)=3312
W20240128 17:42:48.980397 594380 grad_async_v2.h:250] Sleep in <BlockToStepN>, step_no=213, pq.top=213
W20240128 17:42:48.982985 594793 grad_async_v2.h:121] Detect new sample comes, old_end3, new_end4
+---------------------------+---------------------------+---------------------------+
| Name                      | P50                       | P99                       |
+---------------------------+---------------------------+---------------------------+
| ProcessBack:Shuffle       | 2.055 ms                  | 2.303 ms                  |
| ProcessBack:UpdateCache   | 1.479 ms                  | 2.013 ms                  |
| ProcessBack:UpsertPq      | 13.893 ms                 | 19.711 ms                 |
| ProcessOneStep            | 19.852 ms                 | 26.432 ms                 |
| BlockToStepN              | 19.612 ms                 | 38.559 ms                 |
+---------------------------+---------------------------+---------------------------+
E20240128 17:42:49.864029 594792 parallel_pq_v2.h:76] insert failed, size(hashtable)=8602
W20240128 17:42:49.990585 594380 grad_async_v2.h:250] Sleep in <BlockToStepN>, step_no=231, pq.top=231
W20240128 17:42:50.006786 594793 grad_async_v2.h:121] Detect new sample comes, old_end1, new_end2
E20240128 17:42:50.864012 594792 parallel_pq_v2.h:76] insert failed, size(hashtable)=6051
W20240128 17:42:51.013216 594793 grad_async_v2.h:121] Detect new sample comes, old_end8, new_end9
W20240128 17:42:51.021314 594380 grad_async_v2.h:250] Sleep in <BlockToStepN>, step_no=249, pq.top=249
E20240128 17:42:51.864042 594792 parallel_pq_v2.h:76] insert failed, size(hashtable)=3105
W20240128 17:42:52.022502 594793 grad_async_v2.h:121] Detect new sample comes, old_end6, new_end7
W20240128 17:42:52.028754 594380 grad_async_v2.h:250] Sleep in <BlockToStepN>, step_no=267, pq.top=267
E20240128 17:42:52.864012 594792 parallel_pq_v2.h:76] insert failed, size(hashtable)=4596
W20240128 17:42:53.023936 594793 grad_async_v2.h:121] Detect new sample comes, old_end4, new_end5
W20240128 17:42:53.028144 594380 grad_async_v2.h:250] Sleep in <BlockToStepN>, step_no=285, pq.top=285
+---------------------------+---------------------------+---------------------------+
| Name                      | P50                       | P99                       |
+---------------------------+---------------------------+---------------------------+
| GenInput                  | 1.344 ms                  | 19.730 ms                 |
| Forward                   | 3.808 ms                  | 5.407 ms                  |
| Backward                  | 3.056 ms                  | 3.404 ms                  |
| Optimize                  | 1.558 ms                  | 3.322 ms                  |
| BarrierTimeBeforeRank0    | 22.663 us                 | 15.102 ms                 |
| AfterBackward             | 19.855 ms                 | 25.210 ms                 |
| BlockToStepN              | 19.055 ms                 | 41.243 ms                 |
| OneStep                   | 53.509 ms                 | 90.001 ms                 |
+---------------------------+---------------------------+---------------------------+
[proc 0] 300 steps, total: 5.512, sample: 0.341, forward: 0.373, backward: 0.300, update: 0.155
[proc 1] 300 steps, total: 5.512, sample: 0.289, forward: 0.374, backward: 0.305, update: 0.144
[proc 3] 300 steps, total: 5.512, sample: 0.284, forward: 0.311, backward: 0.302, update: 0.142
[proc 2] 300 steps, total: 5.512, sample: 0.263, forward: 0.314, backward: 0.268, update: 0.133
E20240128 17:42:53.864008 594792 parallel_pq_v2.h:76] insert failed, size(hashtable)=2442
W20240128 17:42:54.027966 594793 grad_async_v2.h:121] Detect new sample comes, old_end5, new_end6
W20240128 17:42:54.075167 594380 grad_async_v2.h:250] Sleep in <BlockToStepN>, step_no=306, pq.top=306
+---------------------------+---------------------------+---------------------------+
| Name                      | P50                       | P99                       |
+---------------------------+---------------------------+---------------------------+
| ProcessBack:Shuffle       | 2.059 ms                  | 2.315 ms                  |
| ProcessBack:UpdateCache   | 1.468 ms                  | 1.983 ms                  |
| ProcessBack:UpsertPq      | 13.893 ms                 | 19.098 ms                 |
| ProcessOneStep            | 19.732 ms                 | 25.186 ms                 |
| BlockToStepN              | 18.511 ms                 | 41.188 ms                 |
+---------------------------+---------------------------+---------------------------+
E20240128 17:42:54.864012 594792 parallel_pq_v2.h:76] insert failed, size(hashtable)=3997
W20240128 17:42:55.027531 594793 grad_async_v2.h:121] Detect new sample comes, old_end4, new_end5
W20240128 17:42:55.075316 594380 grad_async_v2.h:250] Sleep in <BlockToStepN>, step_no=325, pq.top=325
E20240128 17:42:55.864037 594793 parallel_pq_v2.h:76] insert failed, size(hashtable)=9
W20240128 17:42:56.034072 594793 grad_async_v2.h:121] Detect new sample comes, old_end3, new_end4
W20240128 17:42:56.118592 594380 grad_async_v2.h:250] Sleep in <BlockToStepN>, step_no=345, pq.top=345
E20240128 17:42:56.864081 594792 parallel_pq_v2.h:76] insert failed, size(hashtable)=1334
W20240128 17:42:57.049974 594793 grad_async_v2.h:121] Detect new sample comes, old_end2, new_end3
W20240128 17:42:57.147950 594380 grad_async_v2.h:250] Sleep in <BlockToStepN>, step_no=364, pq.top=364
E20240128 17:42:57.864198 594792 parallel_pq_v2.h:76] insert failed, size(hashtable)=1712
W20240128 17:42:58.051833 594793 grad_async_v2.h:121] Detect new sample comes, old_end0, new_end1
W20240128 17:42:58.147617 594380 grad_async_v2.h:250] Sleep in <BlockToStepN>, step_no=382, pq.top=382
+---------------------------+---------------------------+---------------------------+
| Name                      | P50                       | P99                       |
+---------------------------+---------------------------+---------------------------+
| GenInput                  | 1.335 ms                  | 19.741 ms                 |
| Forward                   | 3.802 ms                  | 5.013 ms                  |
| Backward                  | 3.064 ms                  | 3.404 ms                  |
| Optimize                  | 1.548 ms                  | 3.318 ms                  |
| BarrierTimeBeforeRank0    | 23.828 us                 | 15.390 ms                 |
| AfterBackward             | 19.606 ms                 | 24.129 ms                 |
| BlockToStepN              | 17.809 ms                 | 40.010 ms                 |
| OneStep                   | 53.632 ms                 | 85.715 ms                 |
+---------------------------+---------------------------+---------------------------+
E20240128 17:42:58.864007 594792 parallel_pq_v2.h:76] insert failed, size(hashtable)=6154
W20240128 17:42:59.064144 594793 grad_async_v2.h:121] Detect new sample comes, old_end8, new_end9
W20240128 17:42:59.158578 594380 grad_async_v2.h:250] Sleep in <BlockToStepN>, step_no=400, pq.top=400
[proc 1] 400 steps, total: 5.397, sample: 0.278, forward: 0.374, backward: 0.309, update: 0.142
[proc 0] 400 steps, total: 5.397, sample: 0.371, forward: 0.367, backward: 0.305, update: 0.144
[proc 3] 400 steps, total: 5.397, sample: 0.267, forward: 0.312, backward: 0.310, update: 0.142
[proc 2] 400 steps, total: 5.397, sample: 0.267, forward: 0.306, backward: 0.268, update: 0.129
+---------------------------+---------------------------+---------------------------+
| Name                      | P50                       | P99                       |
+---------------------------+---------------------------+---------------------------+
| ProcessBack:Shuffle       | 2.057 ms                  | 2.332 ms                  |
| ProcessBack:UpdateCache   | 1.463 ms                  | 1.970 ms                  |
| ProcessBack:UpsertPq      | 13.912 ms                 | 19.061 ms                 |
| ProcessOneStep            | 19.517 ms                 | 24.106 ms                 |
| BlockToStepN              | 17.396 ms                 | 39.931 ms                 |
+---------------------------+---------------------------+---------------------------+
E20240128 17:42:59.864020 594792 parallel_pq_v2.h:76] insert failed, size(hashtable)=1549
W20240128 17:43:00.082520 594793 grad_async_v2.h:121] Detect new sample comes, old_end7, new_end8
W20240128 17:43:00.163311 594380 grad_async_v2.h:250] Sleep in <BlockToStepN>, step_no=419, pq.top=419
E20240128 17:43:00.864008 594380 parallel_pq_v2.h:76] insert failed, size(hashtable)=3407
W20240128 17:43:01.083817 594793 grad_async_v2.h:121] Detect new sample comes, old_end7, new_end8
W20240128 17:43:01.164093 594380 grad_async_v2.h:250] Sleep in <BlockToStepN>, step_no=439, pq.top=439
E20240128 17:43:01.864008 594567 parallel_pq_v2.h:76] insert failed, size(hashtable)=1155
W20240128 17:43:02.086813 594793 grad_async_v2.h:121] Detect new sample comes, old_end6, new_end7
W20240128 17:43:02.182857 594380 grad_async_v2.h:250] Sleep in <BlockToStepN>, step_no=458, pq.top=458
E20240128 17:43:02.864013 594380 parallel_pq_v2.h:76] insert failed, size(hashtable)=929
W20240128 17:43:03.086827 594793 grad_async_v2.h:121] Detect new sample comes, old_end4, new_end5
W20240128 17:43:03.210916 594380 grad_async_v2.h:250] Sleep in <BlockToStepN>, step_no=477, pq.top=477
+---------------------------+---------------------------+---------------------------+
| Name                      | P50                       | P99                       |
+---------------------------+---------------------------+---------------------------+
| GenInput                  | 1.335 ms                  | 19.832 ms                 |
| Forward                   | 3.804 ms                  | 4.971 ms                  |
| Backward                  | 3.078 ms                  | 3.417 ms                  |
| Optimize                  | 1.535 ms                  | 3.287 ms                  |
| BarrierTimeBeforeRank0    | 22.898 us                 | 15.318 ms                 |
| AfterBackward             | 19.606 ms                 | 23.847 ms                 |
| BlockToStepN              | 16.940 ms                 | 40.010 ms                 |
| OneStep                   | 53.514 ms                 | 71.591 ms                 |
+---------------------------+---------------------------+---------------------------+
E20240128 17:43:03.864737 594792 parallel_pq_v2.h:76] insert failed, size(hashtable)=3859
W20240128 17:43:04.092360 594793 grad_async_v2.h:121] Detect new sample comes, old_end2, new_end3
W20240128 17:43:04.225482 594380 grad_async_v2.h:250] Sleep in <BlockToStepN>, step_no=495, pq.top=495
[proc 1] 500 steps, total: 5.331, sample: 0.278, forward: 0.372, backward: 0.320, update: 0.140
[proc 0] 500 steps, total: 5.331, sample: 0.330, forward: 0.375, backward: 0.320, update: 0.150
[proc 2] 500 steps, total: 5.331, sample: 0.296, forward: 0.307, backward: 0.263, update: 0.128
[proc 3] 500 steps, total: 5.331, sample: 0.254, forward: 0.312, backward: 0.307, update: 0.151
Successfully xmh. training takes 29.085199117660522 seconds
before call kg_cache_controller.StopThreads()
W20240128 17:43:04.511325 594380 grad_async_v2.h:71] call StopThreads. PID = 594040
W20240128 17:43:04.511356 594380 grad_base.h:212] before processOneStepNegThread_.join();
W20240128 17:43:04.511534 594380 grad_base.h:214] after processOneStepNegThread_.join();
W20240128 17:43:04.511540 594380 grad_async_v2.h:73] call GradProcessingBase::StopThreads.
[W tensorpipe_agent.cpp:725] RPC agent for worker0 encountered error when reading incoming request from worker1: eof (this error originated at tensorpipe/transport/shm/connection_impl.cc:259)
[W tensorpipe_agent.cpp:725] RPC agent for worker0 encountered error when reading incoming request from worker2: eof (this error originated at tensorpipe/transport/shm/connection_impl.cc:259)
[W tensorpipe_agent.cpp:725] RPC agent for worker0 encountered error when reading incoming request from worker3: eof (this error originated at tensorpipe/transport/shm/connection_impl.cc:259)
W20240128 17:43:04.550252 594380 grad_async_v2.h:92] StopThreads done.
+---------------------------+---------------------------+---------------------------+
| Name                      | P50                       | P99                       |
+---------------------------+---------------------------+---------------------------+
| ProcessBack:Shuffle       | 2.064 ms                  | 2.323 ms                  |
| ProcessBack:UpdateCache   | 1.486 ms                  | 1.978 ms                  |
| ProcessBack:UpsertPq      | 14.372 ms                 | 18.943 ms                 |
| ProcessOneStep            | 19.575 ms                 | 23.773 ms                 |
| BlockToStepN              | 16.769 ms                 | 42.191 ms                 |
+---------------------------+---------------------------+---------------------------+
On rank0, prepare to call self.controller.StopThreads(), self=<python.controller_process.KGCacheControllerWrapper object at 0x7f79f528d3d0>
