WARNING: Logging before InitGoogleLogging() is written to STDERR
I20240204 10:47:38.474290  6620 IPC_barrier.h:128] MultiProcessBarrierFactory->ClearIPCMemory()
/data/home/xieminhui/RecStore/src/framework_adapters/torch/kg/dgl-0.9.1/python/dgl/_deprecate/graph.py:1023: DGLWarning: multigraph will be deprecated.DGL will treat all graphs as multigraph in the future.
  dgl_warning("multigraph will be deprecated." \
/data/home/xieminhui/RecStore/src/framework_adapters/torch/kg/dgl-0.9.1/python/dgl/heterograph.py:72: DGLWarning: Recommend creating graphs by `dgl.graph(data)` instead of `dgl.DGLGraph(data)`.
  dgl_warning('Recommend creating graphs by `dgl.graph(data)`'
Reading train triples....
Finished. Read 483142 train triples.
Reading valid triples....
Finished. Read 50000 valid triples.
Reading test triples....
Finished. Read 59071 test triples.
ARGS:  Namespace(model_name='TransE', data_path='/home/xieminhui/dgl-data', dataset='FB15k', format='built_in', data_files=None, delimiter='\t', save_path='/tmp/ckpts/TransE_FB15k_128', no_save_emb=True, max_step=500, batch_size=1200, batch_size_eval=16, neg_sample_size=200, neg_deg_sample=False, neg_deg_sample_eval=False, neg_sample_size_eval=14951, eval_percent=1, no_eval_filter=False, log_interval=100, eval_interval=10000, test=False, num_proc=8, num_thread=1, force_sync_interval=1, hidden_dim=400, lr=0.01, gamma=16.0, double_ent=False, double_rel=False, neg_adversarial_sampling=False, adversarial_temperature=1.0, regularization_coef=0.0, regularization_norm=3, pairwise=False, loss_genre='Logsigmoid', margin=1.0, nr_gpus=8, gpu=[0, 1, 2, 3, 4, 5, 6, 7], mix_cpu_gpu=True, valid=False, rel_part=False, async_update=None, has_edge_importance=False, cached_emb_type='KnownLocalCachedEmbedding', use_my_emb=True, cache_ratio=0.05, shuffle=False, backwardMode='CppAsync', L=10, nr_background_threads=4, update_cache_use_omp=0, update_pq_use_omp=0, kForwardItersPerStep=2, backgrad_init='both', eval_filter=True, soft_rel_part=False)
|Train|: 483142
original graph:  DGLGraph(num_nodes=14951, num_edges=592213,
         ndata_schemes={}
         edata_schemes={'tid': Scheme(shape=(), dtype=torch.int64)})
Loading cached metis
WARNING [6620 sampler.py:454] Start PreSampling
WARNING [6620 sampler.py:532] Before construct renumbering_dict
WARNING [6620 sampler.py:555] PreSampling done
W20240204 10:47:44.079795  6620 IPCTensor.h:369] NewIPCTensor: cached_sampler_r0_0 [1000000]0x100000002000 7.629 MB
W20240204 10:47:44.079988  6620 IPCTensor.h:369] NewIPCTensor: cached_sampler_r0_1 [1000000]0x1000007a5000 7.629 MB
W20240204 10:47:44.080029  6620 IPCTensor.h:369] NewIPCTensor: cached_sampler_r0_2 [1000000]0x100000f48000 7.629 MB
W20240204 10:47:44.080070  6620 IPCTensor.h:369] NewIPCTensor: cached_sampler_r0_3 [1000000]0x1000016eb000 7.629 MB
W20240204 10:47:44.080103  6620 IPCTensor.h:369] NewIPCTensor: cached_sampler_r0_4 [1000000]0x100001e8e000 7.629 MB
W20240204 10:47:44.080137  6620 IPCTensor.h:369] NewIPCTensor: cached_sampler_r0_5 [1000000]0x100002631000 7.629 MB
W20240204 10:47:44.080163  6620 IPCTensor.h:369] NewIPCTensor: cached_sampler_r0_6 [1000000]0x100002dd4000 7.629 MB
W20240204 10:47:44.080226  6620 IPCTensor.h:369] NewIPCTensor: cached_sampler_r0_7 [1000000]0x100003577000 7.629 MB
W20240204 10:47:44.080263  6620 IPCTensor.h:369] NewIPCTensor: cached_sampler_r0_8 [1000000]0x100003d1a000 7.629 MB
W20240204 10:47:44.080288  6620 IPCTensor.h:369] NewIPCTensor: cached_sampler_r0_9 [1000000]0x1000044bd000 7.629 MB
W20240204 10:47:44.080324  6620 IPCTensor.h:369] NewIPCTensor: step_r0 [10]0x100004c60000 80 B 
W20240204 10:47:44.080358  6620 IPCTensor.h:369] NewIPCTensor: circle_buffer_end_r0 [1]0x100004c62000 8 B 
W20240204 10:47:44.080389  6620 IPCTensor.h:369] NewIPCTensor: circle_buffer_end_cppseen_r0 [1]0x100004c64000 8 B 
W20240204 10:47:44.080504  6620 IPCTensor.h:369] NewIPCTensor: cached_sampler_r1_0 [1000000]0x100004c66000 7.629 MB
W20240204 10:47:44.080555  6620 IPCTensor.h:369] NewIPCTensor: cached_sampler_r1_1 [1000000]0x100005409000 7.629 MB
W20240204 10:47:44.080593  6620 IPCTensor.h:369] NewIPCTensor: cached_sampler_r1_2 [1000000]0x100005bac000 7.629 MB
W20240204 10:47:44.080632  6620 IPCTensor.h:369] NewIPCTensor: cached_sampler_r1_3 [1000000]0x10000634f000 7.629 MB
W20240204 10:47:44.080659  6620 IPCTensor.h:369] NewIPCTensor: cached_sampler_r1_4 [1000000]0x100006af2000 7.629 MB
W20240204 10:47:44.080693  6620 IPCTensor.h:369] NewIPCTensor: cached_sampler_r1_5 [1000000]0x100007295000 7.629 MB
W20240204 10:47:44.080734  6620 IPCTensor.h:369] NewIPCTensor: cached_sampler_r1_6 [1000000]0x100007a38000 7.629 MB
W20240204 10:47:44.080766  6620 IPCTensor.h:369] NewIPCTensor: cached_sampler_r1_7 [1000000]0x1000081db000 7.629 MB
W20240204 10:47:44.080793  6620 IPCTensor.h:369] NewIPCTensor: cached_sampler_r1_8 [1000000]0x10000897e000 7.629 MB
W20240204 10:47:44.080817  6620 IPCTensor.h:369] NewIPCTensor: cached_sampler_r1_9 [1000000]0x100009121000 7.629 MB
W20240204 10:47:44.080850  6620 IPCTensor.h:369] NewIPCTensor: step_r1 [10]0x1000098c4000 80 B 
W20240204 10:47:44.080873  6620 IPCTensor.h:369] NewIPCTensor: circle_buffer_end_r1 [1]0x1000098c6000 8 B 
W20240204 10:47:44.080895  6620 IPCTensor.h:369] NewIPCTensor: circle_buffer_end_cppseen_r1 [1]0x1000098c8000 8 B 
W20240204 10:47:44.080945  6620 IPCTensor.h:369] NewIPCTensor: cached_sampler_r2_0 [1000000]0x1000098ca000 7.629 MB
W20240204 10:47:44.081000  6620 IPCTensor.h:369] NewIPCTensor: cached_sampler_r2_1 [1000000]0x10000a06d000 7.629 MB
W20240204 10:47:44.081025  6620 IPCTensor.h:369] NewIPCTensor: cached_sampler_r2_2 [1000000]0x10000a810000 7.629 MB
W20240204 10:47:44.081049  6620 IPCTensor.h:369] NewIPCTensor: cached_sampler_r2_3 [1000000]0x10000afb3000 7.629 MB
W20240204 10:47:44.081079  6620 IPCTensor.h:369] NewIPCTensor: cached_sampler_r2_4 [1000000]0x10000b756000 7.629 MB
W20240204 10:47:44.081112  6620 IPCTensor.h:369] NewIPCTensor: cached_sampler_r2_5 [1000000]0x10000bef9000 7.629 MB
W20240204 10:47:44.081146  6620 IPCTensor.h:369] NewIPCTensor: cached_sampler_r2_6 [1000000]0x10000c69c000 7.629 MB
W20240204 10:47:44.081177  6620 IPCTensor.h:369] NewIPCTensor: cached_sampler_r2_7 [1000000]0x10000ce3f000 7.629 MB
W20240204 10:47:44.081210  6620 IPCTensor.h:369] NewIPCTensor: cached_sampler_r2_8 [1000000]0x10000d5e2000 7.629 MB
W20240204 10:47:44.081235  6620 IPCTensor.h:369] NewIPCTensor: cached_sampler_r2_9 [1000000]0x10000dd85000 7.629 MB
W20240204 10:47:44.081265  6620 IPCTensor.h:369] NewIPCTensor: step_r2 [10]0x10000e528000 80 B 
W20240204 10:47:44.081286  6620 IPCTensor.h:369] NewIPCTensor: circle_buffer_end_r2 [1]0x10000e52a000 8 B 
W20240204 10:47:44.081312  6620 IPCTensor.h:369] NewIPCTensor: circle_buffer_end_cppseen_r2 [1]0x10000e52c000 8 B 
W20240204 10:47:44.081360  6620 IPCTensor.h:369] NewIPCTensor: cached_sampler_r3_0 [1000000]0x10000e52e000 7.629 MB
W20240204 10:47:44.081398  6620 IPCTensor.h:369] NewIPCTensor: cached_sampler_r3_1 [1000000]0x10000ecd1000 7.629 MB
W20240204 10:47:44.081426  6620 IPCTensor.h:369] NewIPCTensor: cached_sampler_r3_2 [1000000]0x10000f474000 7.629 MB
W20240204 10:47:44.081457  6620 IPCTensor.h:369] NewIPCTensor: cached_sampler_r3_3 [1000000]0x10000fc17000 7.629 MB
W20240204 10:47:44.081482  6620 IPCTensor.h:369] NewIPCTensor: cached_sampler_r3_4 [1000000]0x1000103ba000 7.629 MB
W20240204 10:47:44.081521  6620 IPCTensor.h:369] NewIPCTensor: cached_sampler_r3_5 [1000000]0x100010b5d000 7.629 MB
W20240204 10:47:44.081550  6620 IPCTensor.h:369] NewIPCTensor: cached_sampler_r3_6 [1000000]0x100011300000 7.629 MB
W20240204 10:47:44.081575  6620 IPCTensor.h:369] NewIPCTensor: cached_sampler_r3_7 [1000000]0x100011aa3000 7.629 MB
W20240204 10:47:44.081607  6620 IPCTensor.h:369] NewIPCTensor: cached_sampler_r3_8 [1000000]0x100012246000 7.629 MB
W20240204 10:47:44.081635  6620 IPCTensor.h:369] NewIPCTensor: cached_sampler_r3_9 [1000000]0x1000129e9000 7.629 MB
W20240204 10:47:44.081660  6620 IPCTensor.h:369] NewIPCTensor: step_r3 [10]0x10001318c000 80 B 
W20240204 10:47:44.081681  6620 IPCTensor.h:369] NewIPCTensor: circle_buffer_end_r3 [1]0x10001318e000 8 B 
W20240204 10:47:44.081701  6620 IPCTensor.h:369] NewIPCTensor: circle_buffer_end_cppseen_r3 [1]0x100013190000 8 B 
W20240204 10:47:44.081754  6620 IPCTensor.h:369] NewIPCTensor: cached_sampler_r4_0 [1000000]0x100013192000 7.629 MB
W20240204 10:47:44.081794  6620 IPCTensor.h:369] NewIPCTensor: cached_sampler_r4_1 [1000000]0x100013935000 7.629 MB
W20240204 10:47:44.081818  6620 IPCTensor.h:369] NewIPCTensor: cached_sampler_r4_2 [1000000]0x1000140d8000 7.629 MB
W20240204 10:47:44.081842  6620 IPCTensor.h:369] NewIPCTensor: cached_sampler_r4_3 [1000000]0x10001487b000 7.629 MB
W20240204 10:47:44.081876  6620 IPCTensor.h:369] NewIPCTensor: cached_sampler_r4_4 [1000000]0x10001501e000 7.629 MB
W20240204 10:47:44.081908  6620 IPCTensor.h:369] NewIPCTensor: cached_sampler_r4_5 [1000000]0x1000157c1000 7.629 MB
W20240204 10:47:44.081950  6620 IPCTensor.h:369] NewIPCTensor: cached_sampler_r4_6 [1000000]0x100015f64000 7.629 MB
W20240204 10:47:44.081976  6620 IPCTensor.h:369] NewIPCTensor: cached_sampler_r4_7 [1000000]0x100016707000 7.629 MB
W20240204 10:47:44.082022  6620 IPCTensor.h:369] NewIPCTensor: cached_sampler_r4_8 [1000000]0x100016eaa000 7.629 MB
W20240204 10:47:44.082056  6620 IPCTensor.h:369] NewIPCTensor: cached_sampler_r4_9 [1000000]0x10001764d000 7.629 MB
W20240204 10:47:44.082082  6620 IPCTensor.h:369] NewIPCTensor: step_r4 [10]0x100017df0000 80 B 
W20240204 10:47:44.082103  6620 IPCTensor.h:369] NewIPCTensor: circle_buffer_end_r4 [1]0x100017df2000 8 B 
W20240204 10:47:44.082129  6620 IPCTensor.h:369] NewIPCTensor: circle_buffer_end_cppseen_r4 [1]0x100017df4000 8 B 
W20240204 10:47:44.082177  6620 IPCTensor.h:369] NewIPCTensor: cached_sampler_r5_0 [1000000]0x100017df6000 7.629 MB
W20240204 10:47:44.082219  6620 IPCTensor.h:369] NewIPCTensor: cached_sampler_r5_1 [1000000]0x100018599000 7.629 MB
W20240204 10:47:44.082248  6620 IPCTensor.h:369] NewIPCTensor: cached_sampler_r5_2 [1000000]0x100018d3c000 7.629 MB
W20240204 10:47:44.082273  6620 IPCTensor.h:369] NewIPCTensor: cached_sampler_r5_3 [1000000]0x1000194df000 7.629 MB
W20240204 10:47:44.082298  6620 IPCTensor.h:369] NewIPCTensor: cached_sampler_r5_4 [1000000]0x100019c82000 7.629 MB
W20240204 10:47:44.082337  6620 IPCTensor.h:369] NewIPCTensor: cached_sampler_r5_5 [1000000]0x10001a425000 7.629 MB
W20240204 10:47:44.082372  6620 IPCTensor.h:369] NewIPCTensor: cached_sampler_r5_6 [1000000]0x10001abc8000 7.629 MB
W20240204 10:47:44.082413  6620 IPCTensor.h:369] NewIPCTensor: cached_sampler_r5_7 [1000000]0x10001b36b000 7.629 MB
W20240204 10:47:44.082438  6620 IPCTensor.h:369] NewIPCTensor: cached_sampler_r5_8 [1000000]0x10001bb0e000 7.629 MB
W20240204 10:47:44.082464  6620 IPCTensor.h:369] NewIPCTensor: cached_sampler_r5_9 [1000000]0x10001c2b1000 7.629 MB
W20240204 10:47:44.082489  6620 IPCTensor.h:369] NewIPCTensor: step_r5 [10]0x10001ca54000 80 B 
W20240204 10:47:44.082510  6620 IPCTensor.h:369] NewIPCTensor: circle_buffer_end_r5 [1]0x10001ca56000 8 B 
W20240204 10:47:44.082531  6620 IPCTensor.h:369] NewIPCTensor: circle_buffer_end_cppseen_r5 [1]0x10001ca58000 8 B 
W20240204 10:47:44.082576  6620 IPCTensor.h:369] NewIPCTensor: cached_sampler_r6_0 [1000000]0x10001ca5a000 7.629 MB
W20240204 10:47:44.082612  6620 IPCTensor.h:369] NewIPCTensor: cached_sampler_r6_1 [1000000]0x10001d1fd000 7.629 MB
W20240204 10:47:44.082640  6620 IPCTensor.h:369] NewIPCTensor: cached_sampler_r6_2 [1000000]0x10001d9a0000 7.629 MB
W20240204 10:47:44.082677  6620 IPCTensor.h:369] NewIPCTensor: cached_sampler_r6_3 [1000000]0x10001e143000 7.629 MB
W20240204 10:47:44.082702  6620 IPCTensor.h:369] NewIPCTensor: cached_sampler_r6_4 [1000000]0x10001e8e6000 7.629 MB
W20240204 10:47:44.082743  6620 IPCTensor.h:369] NewIPCTensor: cached_sampler_r6_5 [1000000]0x10001f089000 7.629 MB
W20240204 10:47:44.082775  6620 IPCTensor.h:369] NewIPCTensor: cached_sampler_r6_6 [1000000]0x10001f82c000 7.629 MB
W20240204 10:47:44.082813  6620 IPCTensor.h:369] NewIPCTensor: cached_sampler_r6_7 [1000000]0x10001ffcf000 7.629 MB
W20240204 10:47:44.082854  6620 IPCTensor.h:369] NewIPCTensor: cached_sampler_r6_8 [1000000]0x100020772000 7.629 MB
W20240204 10:47:44.082881  6620 IPCTensor.h:369] NewIPCTensor: cached_sampler_r6_9 [1000000]0x100020f15000 7.629 MB
W20240204 10:47:44.082916  6620 IPCTensor.h:369] NewIPCTensor: step_r6 [10]0x1000216b8000 80 B 
W20240204 10:47:44.082938  6620 IPCTensor.h:369] NewIPCTensor: circle_buffer_end_r6 [1]0x1000216ba000 8 B 
W20240204 10:47:44.082966  6620 IPCTensor.h:369] NewIPCTensor: circle_buffer_end_cppseen_r6 [1]0x1000216bc000 8 B 
W20240204 10:47:44.083019  6620 IPCTensor.h:369] NewIPCTensor: cached_sampler_r7_0 [1000000]0x1000216be000 7.629 MB
W20240204 10:47:44.083056  6620 IPCTensor.h:369] NewIPCTensor: cached_sampler_r7_1 [1000000]0x100021e61000 7.629 MB
W20240204 10:47:44.083088  6620 IPCTensor.h:369] NewIPCTensor: cached_sampler_r7_2 [1000000]0x100022604000 7.629 MB
W20240204 10:47:44.083138  6620 IPCTensor.h:369] NewIPCTensor: cached_sampler_r7_3 [1000000]0x100022da7000 7.629 MB
W20240204 10:47:44.083165  6620 IPCTensor.h:369] NewIPCTensor: cached_sampler_r7_4 [1000000]0x10002354a000 7.629 MB
W20240204 10:47:44.083196  6620 IPCTensor.h:369] NewIPCTensor: cached_sampler_r7_5 [1000000]0x100023ced000 7.629 MB
W20240204 10:47:44.083227  6620 IPCTensor.h:369] NewIPCTensor: cached_sampler_r7_6 [1000000]0x100024490000 7.629 MB
W20240204 10:47:44.083259  6620 IPCTensor.h:369] NewIPCTensor: cached_sampler_r7_7 [1000000]0x100024c33000 7.629 MB
W20240204 10:47:44.083292  6620 IPCTensor.h:369] NewIPCTensor: cached_sampler_r7_8 [1000000]0x1000253d6000 7.629 MB
W20240204 10:47:44.083317  6620 IPCTensor.h:369] NewIPCTensor: cached_sampler_r7_9 [1000000]0x100025b79000 7.629 MB
W20240204 10:47:44.083343  6620 IPCTensor.h:369] NewIPCTensor: step_r7 [10]0x10002631c000 80 B 
W20240204 10:47:44.083364  6620 IPCTensor.h:369] NewIPCTensor: circle_buffer_end_r7 [1]0x10002631e000 8 B 
W20240204 10:47:44.083393  6620 IPCTensor.h:369] NewIPCTensor: circle_buffer_end_cppseen_r7 [1]0x100026320000 8 B 
W20240204 10:47:44.306800  6620 IPCTensor.h:369] NewIPCTensor: full_emb [14951, 400]0x100026322000 22.81 MB
W20240204 10:47:44.339349  6620 IPCTensor.h:369] NewIPCTensor: full_emb_SparseRowWiseAdaGrad_sum [14951]0x1000279f4000 58.4 kB
{0: Graph(num_nodes=8499, num_edges=86694,
      ndata_schemes={'_ID': Scheme(shape=(), dtype=torch.int64), 'inner_node': Scheme(shape=(), dtype=torch.int32), 'part_id': Scheme(shape=(), dtype=torch.int64)}
      edata_schemes={'_ID': Scheme(shape=(), dtype=torch.int64), 'inner_edge': Scheme(shape=(), dtype=torch.int8)}), 1: Graph(num_nodes=6140, num_edges=88951,
      ndata_schemes={'_ID': Scheme(shape=(), dtype=torch.int64), 'inner_node': Scheme(shape=(), dtype=torch.int32), 'part_id': Scheme(shape=(), dtype=torch.int64)}
      edata_schemes={'_ID': Scheme(shape=(), dtype=torch.int64), 'inner_edge': Scheme(shape=(), dtype=torch.int8)}), 2: Graph(num_nodes=8646, num_edges=109741,
      ndata_schemes={'_ID': Scheme(shape=(), dtype=torch.int64), 'inner_node': Scheme(shape=(), dtype=torch.int32), 'part_id': Scheme(shape=(), dtype=torch.int64)}
      edata_schemes={'_ID': Scheme(shape=(), dtype=torch.int64), 'inner_edge': Scheme(shape=(), dtype=torch.int8)}), 3: Graph(num_nodes=8503, num_edges=86907,
      ndata_schemes={'_ID': Scheme(shape=(), dtype=torch.int64), 'inner_node': Scheme(shape=(), dtype=torch.int32), 'part_id': Scheme(shape=(), dtype=torch.int64)}
      edata_schemes={'_ID': Scheme(shape=(), dtype=torch.int64), 'inner_edge': Scheme(shape=(), dtype=torch.int8)}), 4: Graph(num_nodes=10597, num_edges=122217,
      ndata_schemes={'_ID': Scheme(shape=(), dtype=torch.int64), 'inner_node': Scheme(shape=(), dtype=torch.int32), 'part_id': Scheme(shape=(), dtype=torch.int64)}
      edata_schemes={'_ID': Scheme(shape=(), dtype=torch.int64), 'inner_edge': Scheme(shape=(), dtype=torch.int8)}), 5: Graph(num_nodes=8255, num_edges=102550,
      ndata_schemes={'_ID': Scheme(shape=(), dtype=torch.int64), 'inner_node': Scheme(shape=(), dtype=torch.int32), 'part_id': Scheme(shape=(), dtype=torch.int64)}
      edata_schemes={'_ID': Scheme(shape=(), dtype=torch.int64), 'inner_edge': Scheme(shape=(), dtype=torch.int8)}), 6: Graph(num_nodes=7422, num_edges=104094,
      ndata_schemes={'_ID': Scheme(shape=(), dtype=torch.int64), 'inner_node': Scheme(shape=(), dtype=torch.int32), 'part_id': Scheme(shape=(), dtype=torch.int64)}
      edata_schemes={'_ID': Scheme(shape=(), dtype=torch.int64), 'inner_edge': Scheme(shape=(), dtype=torch.int8)}), 7: Graph(num_nodes=7815, num_edges=137832,
      ndata_schemes={'_ID': Scheme(shape=(), dtype=torch.int64), 'inner_node': Scheme(shape=(), dtype=torch.int32), 'part_id': Scheme(shape=(), dtype=torch.int64)}
      edata_schemes={'_ID': Scheme(shape=(), dtype=torch.int64), 'inner_edge': Scheme(shape=(), dtype=torch.int8)})}
MertisPartition: part 0 has 8499 N 86694 E
MertisPartition: part 1 has 6140 N 88951 E
MertisPartition: part 2 has 8646 N 109741 E
MertisPartition: part 3 has 8503 N 86907 E
MertisPartition: part 4 has 10597 N 122217 E
MertisPartition: part 5 has 8255 N 102550 E
MertisPartition: part 6 has 7422 N 104094 E
MertisPartition: part 7 has 7815 N 137832 E
Rank0: cached key size 93
Rank1: cached key size 93
Rank2: cached key size 93
Rank3: cached key size 93
Rank4: cached key size 93
Rank5: cached key size 93
Rank6: cached key size 93
Rank7: cached key size 93
Before renumbering graph:  {'_ID': tensor([    0,    15,    36,  ..., 11946,  9147, 13282]), 'inner_node': tensor([1, 1, 1,  ..., 0, 0, 0], dtype=torch.int32), 'part_id': tensor([0, 0, 0,  ..., 6, 3, 7])}
After renumbering graph:  {'_ID': tensor([  757,  1179,  1668,  ..., 10201,  7957,  6288]), 'inner_node': tensor([1, 1, 1,  ..., 0, 0, 0], dtype=torch.int32), 'part_id': tensor([0, 0, 0,  ..., 6, 3, 7])}
part_g: DGLGraph(num_nodes=8499, num_edges=86694,
         ndata_schemes={'_ID': Scheme(shape=(), dtype=torch.int64)}
         edata_schemes={'tid': Scheme(shape=(), dtype=torch.int64)})
part_g: DGLGraph(num_nodes=8499, num_edges=86694,
         ndata_schemes={'_ID': Scheme(shape=(), dtype=torch.int64)}
         edata_schemes={'tid': Scheme(shape=(), dtype=torch.int64)})
Total initialize time 5.897 seconds
[Rank1] pid = 7043
[Rank2] pid = 7105
[Rank3] pid = 7171
[Rank4] pid = 7235
[Rank5] pid = 7299
[Rank6] pid = 7369
INFO [6620 distributed_c10d.py:442] Added key: store_based_barrier_key:1 to store for rank: 0
INFO [7043 distributed_c10d.py:442] Added key: store_based_barrier_key:1 to store for rank: 1
INFO [7105 distributed_c10d.py:442] Added key: store_based_barrier_key:1 to store for rank: 2
INFO [7171 distributed_c10d.py:442] Added key: store_based_barrier_key:1 to store for rank: 3
INFO [7235 distributed_c10d.py:442] Added key: store_based_barrier_key:1 to store for rank: 4
INFO [7369 distributed_c10d.py:442] Added key: store_based_barrier_key:1 to store for rank: 6
INFO [7369 distributed_c10d.py:476] Rank 6: Completed store-based barrier for key:store_based_barrier_key:1 with 8 nodes.
INFO [7171 distributed_c10d.py:476] Rank 3: Completed store-based barrier for key:store_based_barrier_key:1 with 8 nodes.
INFO [7235 distributed_c10d.py:476] Rank 4: Completed store-based barrier for key:store_based_barrier_key:1 with 8 nodes.
INFO [7299 distributed_c10d.py:442] Added key: store_based_barrier_key:1 to store for rank: 5
INFO [7370 distributed_c10d.py:442] Added key: store_based_barrier_key:1 to store for rank: 7
INFO [6620 distributed_c10d.py:476] Rank 0: Completed store-based barrier for key:store_based_barrier_key:1 with 8 nodes.
INFO [7105 distributed_c10d.py:476] Rank 2: Completed store-based barrier for key:store_based_barrier_key:1 with 8 nodes.
INFO [7043 distributed_c10d.py:476] Rank 1: Completed store-based barrier for key:store_based_barrier_key:1 with 8 nodes.
INFO [7299 distributed_c10d.py:476] Rank 5: Completed store-based barrier for key:store_based_barrier_key:1 with 8 nodes.
INFO [7370 distributed_c10d.py:476] Rank 7: Completed store-based barrier for key:store_based_barrier_key:1 with 8 nodes.
W20240204 10:47:46.920946  7403 IPCTensor.h:409] NewIPCGPUTensor: embedding_cache_0 [747, 400]; dev=0; size=1.14 MB
W20240204 10:47:46.921934  7372 IPCTensor.h:409] NewIPCGPUTensor: embedding_cache_6 [747, 400]; dev=6; size=1.14 MB
W20240204 10:47:46.922186  7172 IPCTensor.h:409] NewIPCGPUTensor: embedding_cache_3 [747, 400]; dev=3; size=1.14 MB
W20240204 10:47:46.922184  7236 IPCTensor.h:409] NewIPCGPUTensor: embedding_cache_4 [747, 400]; dev=4; size=1.14 MB
W20240204 10:47:46.922245  7044 IPCTensor.h:409] NewIPCGPUTensor: embedding_cache_1 [747, 400]; dev=1; size=1.14 MB
W20240204 10:47:46.922248  7108 IPCTensor.h:409] NewIPCGPUTensor: embedding_cache_2 [747, 400]; dev=2; size=1.14 MB
W20240204 10:47:46.923161  7302 IPCTensor.h:409] NewIPCGPUTensor: embedding_cache_5 [747, 400]; dev=5; size=1.14 MB
W20240204 10:47:46.923166  7417 IPCTensor.h:409] NewIPCGPUTensor: embedding_cache_7 [747, 400]; dev=7; size=1.14 MB
W20240204 10:47:46.952299  7302 IPCTensor.h:369] NewIPCTensor: input_keys_5 [1000000]0x100027a08000 7.629 MB
W20240204 10:47:46.952375  7372 IPCTensor.h:369] NewIPCTensor: input_keys_6 [1000000]0x1000281ab000 7.629 MB
W20240204 10:47:46.952513  7302 IPCTensor.h:369] NewIPCTensor: input_keys_neg_5 [1000000]0x10002894e000 7.629 MB
W20240204 10:47:46.952574  7372 IPCTensor.h:369] NewIPCTensor: input_keys_neg_6 [1000000]0x1000290f1000 7.629 MB
W20240204 10:47:46.952605  7302 IPCTensor.h:369] NewIPCTensor: backward_grads_5 [1000000, 400]0x100029894000 1.49 GB
W20240204 10:47:46.952656  7372 IPCTensor.h:369] NewIPCTensor: backward_grads_6 [1000000, 400]0x100088e77000 1.49 GB
W20240204 10:47:46.952665  7302 IPCTensor.h:369] NewIPCTensor: backward_grads_neg_5 [1000000, 400]0x1000e845a000 1.49 GB
W20240204 10:47:46.952718  7372 IPCTensor.h:369] NewIPCTensor: backward_grads_neg_6 [1000000, 400]0x100147a3d000 1.49 GB
W20240204 10:47:46.952746  7302 IPCTensor.h:409] NewIPCGPUTensor: backward_grads_5_gpu [1000000, 400]; dev=5; size=1.49 GB
W20240204 10:47:46.952773  7372 IPCTensor.h:409] NewIPCGPUTensor: backward_grads_6_gpu [1000000, 400]; dev=6; size=1.49 GB
W20240204 10:47:46.956902  7302 IPCTensor.h:409] NewIPCGPUTensor: backward_grads_neg_5_gpu [1000000, 400]; dev=5; size=1.49 GB
W20240204 10:47:46.956983  7372 IPCTensor.h:409] NewIPCGPUTensor: backward_grads_neg_6_gpu [1000000, 400]; dev=6; size=1.49 GB
W20240204 10:47:46.957155  7417 IPCTensor.h:369] NewIPCTensor: input_keys_7 [1000000]0x1001a7026000 7.629 MB
W20240204 10:47:46.957310  7417 IPCTensor.h:369] NewIPCTensor: input_keys_neg_7 [1000000]0x1001a77c9000 7.629 MB
W20240204 10:47:46.957365  7417 IPCTensor.h:369] NewIPCTensor: backward_grads_7 [1000000, 400]0x1001a7f6c000 1.49 GB
W20240204 10:47:46.957404  7417 IPCTensor.h:369] NewIPCTensor: backward_grads_neg_7 [1000000, 400]0x10020754f000 1.49 GB
W20240204 10:47:46.957445  7417 IPCTensor.h:409] NewIPCGPUTensor: backward_grads_7_gpu [1000000, 400]; dev=7; size=1.49 GB
W20240204 10:47:46.962374  7417 IPCTensor.h:409] NewIPCGPUTensor: backward_grads_neg_7_gpu [1000000, 400]; dev=7; size=1.49 GB
W20240204 10:47:46.962524  7172 IPCTensor.h:369] NewIPCTensor: input_keys_3 [1000000]0x100266b3a000 7.629 MB
W20240204 10:47:46.962685  7172 IPCTensor.h:369] NewIPCTensor: input_keys_neg_3 [1000000]0x1002672dd000 7.629 MB
W20240204 10:47:46.962744  7172 IPCTensor.h:369] NewIPCTensor: backward_grads_3 [1000000, 400]0x100267a80000 1.49 GB
W20240204 10:47:46.962788  7172 IPCTensor.h:369] NewIPCTensor: backward_grads_neg_3 [1000000, 400]0x1002c7063000 1.49 GB
W20240204 10:47:46.962846  7172 IPCTensor.h:409] NewIPCGPUTensor: backward_grads_3_gpu [1000000, 400]; dev=3; size=1.49 GB
W20240204 10:47:46.966529  7172 IPCTensor.h:409] NewIPCGPUTensor: backward_grads_neg_3_gpu [1000000, 400]; dev=3; size=1.49 GB
W20240204 10:47:46.980810  7236 IPCTensor.h:369] NewIPCTensor: input_keys_4 [1000000]0x10032664e000 7.629 MB
W20240204 10:47:46.981036  7236 IPCTensor.h:369] NewIPCTensor: input_keys_neg_4 [1000000]0x100326df1000 7.629 MB
W20240204 10:47:46.981098  7236 IPCTensor.h:369] NewIPCTensor: backward_grads_4 [1000000, 400]0x100327594000 1.49 GB
W20240204 10:47:46.981151  7236 IPCTensor.h:369] NewIPCTensor: backward_grads_neg_4 [1000000, 400]0x100386b77000 1.49 GB
W20240204 10:47:46.981215  7236 IPCTensor.h:409] NewIPCGPUTensor: backward_grads_4_gpu [1000000, 400]; dev=4; size=1.49 GB
W20240204 10:47:46.983037  7236 IPCTensor.h:409] NewIPCGPUTensor: backward_grads_neg_4_gpu [1000000, 400]; dev=4; size=1.49 GB
W20240204 10:47:46.988729  7044 IPCTensor.h:369] NewIPCTensor: input_keys_1 [1000000]0x1003e6160000 7.629 MB
W20240204 10:47:46.988919  7044 IPCTensor.h:369] NewIPCTensor: input_keys_neg_1 [1000000]0x1003e6903000 7.629 MB
W20240204 10:47:46.989001  7044 IPCTensor.h:369] NewIPCTensor: backward_grads_1 [1000000, 400]0x1003e70a6000 1.49 GB
W20240204 10:47:46.989063  7044 IPCTensor.h:369] NewIPCTensor: backward_grads_neg_1 [1000000, 400]0x100446689000 1.49 GB
W20240204 10:47:46.989148  7044 IPCTensor.h:409] NewIPCGPUTensor: backward_grads_1_gpu [1000000, 400]; dev=1; size=1.49 GB
W20240204 10:47:46.989259  7403 IPCTensor.h:369] NewIPCTensor: input_keys_0 [1000000]0x1004a5c70000 7.629 MB
W20240204 10:47:46.989390  7403 IPCTensor.h:369] NewIPCTensor: input_keys_neg_0 [1000000]0x1004a6413000 7.629 MB
W20240204 10:47:46.989501  7403 IPCTensor.h:369] NewIPCTensor: backward_grads_0 [1000000, 400]0x1004a6bb6000 1.49 GB
W20240204 10:47:46.989547  7108 IPCTensor.h:369] NewIPCTensor: input_keys_2 [1000000]0x100506199000 7.629 MB
W20240204 10:47:46.989564  7403 IPCTensor.h:369] NewIPCTensor: backward_grads_neg_0 [1000000, 400]0x10050693c000 1.49 GB
W20240204 10:47:46.989645  7403 IPCTensor.h:409] NewIPCGPUTensor: backward_grads_0_gpu [1000000, 400]; dev=0; size=1.49 GB
W20240204 10:47:46.989728  7108 IPCTensor.h:369] NewIPCTensor: input_keys_neg_2 [1000000]0x100565f1f000 7.629 MB
W20240204 10:47:46.989826  7108 IPCTensor.h:369] NewIPCTensor: backward_grads_2 [1000000, 400]0x1005666c2000 1.49 GB
W20240204 10:47:46.989902  7108 IPCTensor.h:369] NewIPCTensor: backward_grads_neg_2 [1000000, 400]0x1005c5ca5000 1.49 GB
W20240204 10:47:46.989967  7108 IPCTensor.h:409] NewIPCGPUTensor: backward_grads_2_gpu [1000000, 400]; dev=2; size=1.49 GB
W20240204 10:47:46.996944  7403 IPCTensor.h:409] NewIPCGPUTensor: backward_grads_neg_0_gpu [1000000, 400]; dev=0; size=1.49 GB
W20240204 10:47:46.996978  7108 IPCTensor.h:409] NewIPCGPUTensor: backward_grads_neg_2_gpu [1000000, 400]; dev=2; size=1.49 GB
W20240204 10:47:46.997004  7044 IPCTensor.h:409] NewIPCGPUTensor: backward_grads_neg_1_gpu [1000000, 400]; dev=1; size=1.49 GB
cudaHostRegister 0x100026322000
2: KnownLocalCachedEmbedding init done
WARNING [7105 DistTensor.py:59] The tensor name already exists in the kvstore
cudaHostRegister 0x100026322000
1: KnownLocalCachedEmbedding init done
WARNING [7043 DistTensor.py:59] The tensor name already exists in the kvstore
cudaHostRegister 0x100026322000
3: KnownLocalCachedEmbedding init done
WARNING [7171 DistTensor.py:59] The tensor name already exists in the kvstore
cudaHostRegister 0x100026322000
5: KnownLocalCachedEmbedding init done
cudaHostRegister 0x100026322000
7: KnownLocalCachedEmbedding init done
WARNING [7299 DistTensor.py:59] The tensor name already exists in the kvstore
WARNING [7370 DistTensor.py:59] The tensor name already exists in the kvstore
cudaHostRegister 0x100026322000
4: KnownLocalCachedEmbedding init done
WARNING [7235 DistTensor.py:59] The tensor name already exists in the kvstore
cudaHostRegister 0x100026322000
6: KnownLocalCachedEmbedding init done
WARNING [7369 DistTensor.py:59] The tensor name already exists in the kvstore
[Rank7] pid = 7370
New CachedEmbedding, name=full_emb, shape=(14951, 400), cache_type=KnownLocalCachedEmbedding
fixed cache_range is [(0, 747), (747, 1494), (1494, 2241), (2241, 2988), (2988, 3735), (3735, 4482), (4482, 5229), (5229, 5976)]
cudaHostRegister 0x100026322000
0: KnownLocalCachedEmbedding init done
WARNING [6620 DistTensor.py:59] The tensor name already exists in the kvstore
I20240204 10:47:49.268922  7403 IPC_barrier.h:118] CreateBarrier: new barrier, name: kgcachecontroller, count: 8
I20240204 10:47:49.269153  7044 IPC_barrier.h:112] CreateBarrier: find existing barrier, name: kgcachecontroller, count: 8
I20240204 10:47:49.270743  7172 IPC_barrier.h:112] CreateBarrier: find existing barrier, name: kgcachecontroller, count: 8
I20240204 10:47:49.270849  7302 IPC_barrier.h:112] CreateBarrier: find existing barrier, name: kgcachecontroller, count: 8
I20240204 10:47:49.270992  7372 IPC_barrier.h:112] CreateBarrier: find existing barrier, name: kgcachecontroller, count: 8
I20240204 10:47:49.271090  7417 IPC_barrier.h:112] CreateBarrier: find existing barrier, name: kgcachecontroller, count: 8
I20240204 10:47:49.271201  7108 IPC_barrier.h:112] CreateBarrier: find existing barrier, name: kgcachecontroller, count: 8
I20240204 10:47:49.271293  7236 IPC_barrier.h:112] CreateBarrier: find existing barrier, name: kgcachecontroller, count: 8
W20240204 10:47:49.274148  7403 grad_base.h:55] KGCacheController, config={
        "num_gpus": 8,
        "L": 10,
        "backgrad_init": "both", 
        "kForwardItersPerStep": 2,
        "clr": 0.01,
        "nr_background_threads": 4,
        "backwardMode": "CppAsync",
        "cache_ratio": 0.05,
        "update_cache_use_omp":  0,
        "update_pq_use_omp":  0
        }
W20240204 10:47:49.274297  7403 grad_base.h:184] Init GradProcessingBase done
I20240204 10:47:49.276901  7403 grad_async_v1.h:203] Use main thread to update emb.
W20240204 10:47:49.276947  7403 kg_controller.h:75] after init GradAsyncProcessing
I20240204 10:47:49.276954  7403 kg_controller.h:84] Construct KGCacheController done
E20240204 10:47:50.042171  7372 recstore.cc:66] init folly done
E20240204 10:47:50.042620  7044 recstore.cc:66] init folly done
E20240204 10:47:50.042734  7302 recstore.cc:66] init folly done
E20240204 10:47:50.042770  7108 recstore.cc:66] init folly done
E20240204 10:47:50.042790  7403 recstore.cc:66] init folly done
E20240204 10:47:50.042912  7236 recstore.cc:66] init folly done
E20240204 10:47:50.042982  7417 recstore.cc:66] init folly done
E20240204 10:47:50.042986  7172 recstore.cc:66] init folly done
I20240204 10:47:50.044323  7403 grad_base.h:60] GraphEnv RegTensorsPerProcess
I20240204 10:47:50.873924  7403 IPC_barrier.h:118] CreateBarrier: new barrier, name: start_barrier, count: 8
I20240204 10:47:50.878545  7372 IPC_barrier.h:112] CreateBarrier: find existing barrier, name: start_barrier, count: 8
I20240204 10:47:50.879530  7236 IPC_barrier.h:112] CreateBarrier: find existing barrier, name: start_barrier, count: 8
I20240204 10:47:50.879586  7044 IPC_barrier.h:112] CreateBarrier: find existing barrier, name: start_barrier, count: 8
I20240204 10:47:50.883965  7302 IPC_barrier.h:112] CreateBarrier: find existing barrier, name: start_barrier, count: 8
I20240204 10:47:50.885690  7172 IPC_barrier.h:112] CreateBarrier: find existing barrier, name: start_barrier, count: 8
I20240204 10:47:50.885794  7417 IPC_barrier.h:112] CreateBarrier: find existing barrier, name: start_barrier, count: 8
I20240204 10:47:50.885838  7108 IPC_barrier.h:112] CreateBarrier: find existing barrier, name: start_barrier, count: 8
W20240204 10:47:53.321409  7403 grad_async_v1.h:429] Sleep in <BlockToStepN>, step_no=1, pq.top=0
E20240204 10:47:53.402740  8093 grad_async_v1.h:533] Stalled in ProcessBackward: rank=1, step_no=1, sample_step_cpp_seen_[rank]=0
+---------------------------+---------------------------+---------------------------+
| Name                      | P50                       | P99                       |
+---------------------------+---------------------------+---------------------------+
| GenInput                  | 1.110 ms                  | 20.751 ms                 |
| Forward                   | 4.895 ms                  | 672.674 ms                |
| Backward                  | 4.242 ms                  | 260.070 ms                |
| Optimize                  | 2.355 ms                  | 6.174 ms                  |
| BarrierTimeBeforeRank0    | 5.093 ms                  | 22.155 ms                 |
| AfterBackward             | 27.095 ms                 | 1.471 s                   |
| BlockToStepN              | 99.075 us                 | 39.019 ms                 |
| OneStep                   | 47.093 ms                 | 2.474 s                   |
+---------------------------+---------------------------+---------------------------+
W20240204 10:47:54.750455  7403 grad_async_v1.h:429] Sleep in <BlockToStepN>, step_no=15, pq.top=15
+---------------------------+---------------------------+---------------------------+
| Name                      | P50                       | P99                       |
+---------------------------+---------------------------+---------------------------+
| ProcessBack:Shuffle       | 8.011 ms                  | 434.233 ms                |
| ProcessBack:UpdateCache   | 10.822 ms                 | 758.350 ms                |
| ProcessBack:UpsertPq      | 7.686 ms                  | 26.814 ms                 |
| ProcessOneStep            | 27.436 ms                 | 1.470 s                   |
| BlockToStepN              | 191.974 us                | 59.401 ms                 |
+---------------------------+---------------------------+---------------------------+
W20240204 10:47:55.750020  7403 grad_async_v1.h:429] Sleep in <BlockToStepN>, step_no=19, pq.top=19
W20240204 10:47:56.770946  7403 grad_async_v1.h:429] Sleep in <BlockToStepN>, step_no=26, pq.top=26
W20240204 10:47:57.770020  7403 grad_async_v1.h:429] Sleep in <BlockToStepN>, step_no=32, pq.top=32
W20240204 10:47:58.790407  7403 grad_async_v1.h:429] Sleep in <BlockToStepN>, step_no=39, pq.top=39
+---------------------------+---------------------------+---------------------------+
| Name                      | P50                       | P99                       |
+---------------------------+---------------------------+---------------------------+
| GenInput                  | 1.369 ms                  | 20.751 ms                 |
| Forward                   | 4.895 ms                  | 672.674 ms                |
| Backward                  | 4.276 ms                  | 260.070 ms                |
| Optimize                  | 1.681 ms                  | 6.174 ms                  |
| BarrierTimeBeforeRank0    | 5.130 ms                  | 22.155 ms                 |
| AfterBackward             | 28.403 ms                 | 1.471 s                   |
| BlockToStepN              | 99.557 ms                 | 338.943 ms                |
| OneStep                   | 151.837 ms                | 2.474 s                   |
+---------------------------+---------------------------+---------------------------+
W20240204 10:47:59.790007  7403 grad_async_v1.h:429] Sleep in <BlockToStepN>, step_no=45, pq.top=45
+---------------------------+---------------------------+---------------------------+
| Name                      | P50                       | P99                       |
+---------------------------+---------------------------+---------------------------+
| ProcessBack:Shuffle       | 7.998 ms                  | 400.285 ms                |
| ProcessBack:UpdateCache   | 10.703 ms                 | 756.913 ms                |
| ProcessBack:UpsertPq      | 9.637 ms                  | 25.266 ms                 |
| ProcessOneStep            | 28.544 ms                 | 1.470 s                   |
| BlockToStepN              | 101.310 ms                | 338.809 ms                |
+---------------------------+---------------------------+---------------------------+
W20240204 10:48:00.790006  7403 grad_async_v1.h:429] Sleep in <BlockToStepN>, step_no=50, pq.top=50
W20240204 10:48:01.841223  7403 grad_async_v1.h:429] Sleep in <BlockToStepN>, step_no=56, pq.top=56
W20240204 10:48:02.841010  7403 grad_async_v1.h:429] Sleep in <BlockToStepN>, step_no=61, pq.top=61
W20240204 10:48:03.844796  7403 grad_async_v1.h:429] Sleep in <BlockToStepN>, step_no=66, pq.top=66
+---------------------------+---------------------------+---------------------------+
| Name                      | P50                       | P99                       |
+---------------------------+---------------------------+---------------------------+
| GenInput                  | 1.302 ms                  | 20.666 ms                 |
| Forward                   | 4.805 ms                  | 7.502 ms                  |
| Backward                  | 4.221 ms                  | 12.802 ms                 |
| Optimize                  | 1.678 ms                  | 4.593 ms                  |
| BarrierTimeBeforeRank0    | 5.093 ms                  | 12.888 ms                 |
| AfterBackward             | 28.834 ms                 | 653.612 ms                |
| BlockToStepN              | 110.860 ms                | 179.003 ms                |
| OneStep                   | 163.449 ms                | 730.597 ms                |
+---------------------------+---------------------------+---------------------------+
W20240204 10:48:04.867133  7403 grad_async_v1.h:429] Sleep in <BlockToStepN>, step_no=71, pq.top=71
+---------------------------+---------------------------+---------------------------+
| Name                      | P50                       | P99                       |
+---------------------------+---------------------------+---------------------------+
| ProcessBack:Shuffle       | 7.890 ms                  | 400.285 ms                |
| ProcessBack:UpdateCache   | 10.510 ms                 | 756.913 ms                |
| ProcessBack:UpsertPq      | 9.973 ms                  | 25.266 ms                 |
| ProcessOneStep            | 28.856 ms                 | 653.446 ms                |
| BlockToStepN              | 113.448 ms                | 178.937 ms                |
+---------------------------+---------------------------+---------------------------+
W20240204 10:48:05.904693  7403 grad_async_v1.h:429] Sleep in <BlockToStepN>, step_no=76, pq.top=76
W20240204 10:48:06.950924  7403 grad_async_v1.h:429] Sleep in <BlockToStepN>, step_no=81, pq.top=81
W20240204 10:48:07.950023  7403 grad_async_v1.h:429] Sleep in <BlockToStepN>, step_no=85, pq.top=85
W20240204 10:48:08.950006  7403 grad_async_v1.h:429] Sleep in <BlockToStepN>, step_no=89, pq.top=89
+---------------------------+---------------------------+---------------------------+
| Name                      | P50                       | P99                       |
+---------------------------+---------------------------+---------------------------+
| GenInput                  | 1.358 ms                  | 20.666 ms                 |
| Forward                   | 4.785 ms                  | 7.502 ms                  |
| Backward                  | 4.249 ms                  | 12.802 ms                 |
| Optimize                  | 1.745 ms                  | 4.593 ms                  |
| BarrierTimeBeforeRank0    | 5.060 ms                  | 18.765 ms                 |
| AfterBackward             | 28.985 ms                 | 653.612 ms                |
| BlockToStepN              | 126.592 ms                | 216.103 ms                |
| OneStep                   | 183.299 ms                | 730.597 ms                |
+---------------------------+---------------------------+---------------------------+
W20240204 10:48:09.950008  7403 grad_async_v1.h:429] Sleep in <BlockToStepN>, step_no=94, pq.top=94
+---------------------------+---------------------------+---------------------------+
| Name                      | P50                       | P99                       |
+---------------------------+---------------------------+---------------------------+
| ProcessBack:Shuffle       | 7.850 ms                  | 12.607 ms                 |
| ProcessBack:UpdateCache   | 10.310 ms                 | 11.592 ms                 |
| ProcessBack:UpsertPq      | 10.051 ms                 | 18.313 ms                 |
| ProcessOneStep            | 28.937 ms                 | 653.446 ms                |
| BlockToStepN              | 132.937 ms                | 215.913 ms                |
+---------------------------+---------------------------+---------------------------+
W20240204 10:48:10.950006  7403 grad_async_v1.h:429] Sleep in <BlockToStepN>, step_no=98, pq.top=98
train_sampler.Prefill()
before start barrier
start train
[proc 1] 100 steps, total: 20.573, sample: 0.329, forward: 1.122, backward: 0.956, update: 0.178
train_sampler.Prefill()
before start barrier
start train
[proc 2] 100 steps, total: 20.566, sample: 0.314, forward: 1.129, backward: 0.759, update: 0.166
train_sampler.Prefill()
before start barrier
start train
[proc 5] 100 steps, total: 20.568, sample: 0.321, forward: 1.089, backward: 1.076, update: 0.164
train_sampler.Prefill()
before start barrier
start train
[proc 6] 100 steps, total: 20.574, sample: 0.331, forward: 1.118, backward: 1.164, update: 0.191
train_sampler.Prefill()
before start barrier
start train
[proc 3] 100 steps, total: 20.567, sample: 0.310, forward: 1.086, backward: 1.113, update: 0.186
train_sampler.Prefill()
-------Step 0-------
tensor([ 2198,    89,  2986,  3724, 13719, 11663,  1049,   442, 11653, 13501]) tensor([ 1668, 12033,  6614, 12799, 10554,  1080,   585,  4643,   500, 14874])
-------Step 1-------
tensor([ 2198,    89,  2986,  3724, 13719, 11663,  1049,   442, 11653, 13501]) tensor([ 3832,  9168, 13112,  1569,   974,  6635, 14692,  8878,  6118, 13351])
-------Step 2-------
tensor([ 7552, 12625,  5228,  3417, 11630,  7463,  9241,    75,  9667,   975]) tensor([ 3573,  4347,  3857,  8802,  5915,  7873, 14415,  8438, 14373,  8632])
-------Step 3-------
tensor([ 7552, 12625,  5228,  3417, 11630,  7463,  9241,    75,  9667,   975]) tensor([ 9775,  6783,  6536,  9907,  6178,   690,  4798,  1943, 11275,  1964])
-------Step 4-------
tensor([   89, 11813, 13654,  5592,  5740,  2950,    83,  6291,  8517,   976]) tensor([ 590, 1115, 4065, 3149, 3139, 2914,  442, 5771, 5056, 1692])
-------Step 5-------
tensor([   89, 11813, 13654,  5592,  5740,  2950,    83,  6291,  8517,   976]) tensor([14164,  5433,  5296,  1608,  2846,   847,   814,  1231,  7248,  7649])
-------Step 6-------
tensor([ 1532,  9428,    19,    11,  8022,  2671,  8156, 10325, 13113, 14207]) tensor([12625,  2643,  6511,  4598,  8085, 10740,  4503,  8658, 10282, 13526])
-------Step 7-------
tensor([ 1532,  9428,    19,    11,  8022,  2671,  8156, 10325, 13113, 14207]) tensor([11688, 13308,  4531,  6675,  1402,  7686,  6356,  3599,   126, 13311])
-------Step 8-------
tensor([ 3541,  7526,  5608, 11343,    49,    92, 10991, 13062,    25,  1831]) tensor([ 5303,  5049,  4525,  8820,  2724, 12559, 11008,  1440,  9347,  2916])
-------Step 9-------
tensor([ 3541,  7526,  5608, 11343,    49,    92, 10991, 13062,    25,  1831]) tensor([13789,  4009, 11850,  6999, 13605, 14580, 12812,  8878,   675, 11680])
before start barrier
start train
[proc 0] 100 steps, total: 20.578, sample: 0.365, forward: 1.142, backward: 0.764, update: 0.188
train_sampler.Prefill()
before start barrier
start train
[proc 4] 100 steps, total: 20.573, sample: 0.334, forward: 1.013, backward: 1.002, update: 0.184
train_sampler.Prefill()
before start barrier
start train
[proc 7] 100 steps, total: 20.566, sample: 0.332, forward: 1.119, backward: 1.136, update: 0.186
W20240204 10:48:12.005885  7403 grad_async_v1.h:429] Sleep in <BlockToStepN>, step_no=103, pq.top=103
W20240204 10:48:13.005007  7403 grad_async_v1.h:429] Sleep in <BlockToStepN>, step_no=107, pq.top=107
W20240204 10:48:14.005007  7403 grad_async_v1.h:429] Sleep in <BlockToStepN>, step_no=111, pq.top=111
+---------------------------+---------------------------+---------------------------+
| Name                      | P50                       | P99                       |
+---------------------------+---------------------------+---------------------------+
| GenInput                  | 1.371 ms                  | 20.666 ms                 |
| Forward                   | 4.805 ms                  | 7.502 ms                  |
| Backward                  | 4.285 ms                  | 12.802 ms                 |
| Optimize                  | 1.762 ms                  | 4.593 ms                  |
| BarrierTimeBeforeRank0    | 4.779 ms                  | 18.765 ms                 |
| AfterBackward             | 28.968 ms                 | 653.612 ms                |
| BlockToStepN              | 144.257 ms                | 216.103 ms                |
| OneStep                   | 194.908 ms                | 730.597 ms                |
+---------------------------+---------------------------+---------------------------+
W20240204 10:48:15.005007  7403 grad_async_v1.h:429] Sleep in <BlockToStepN>, step_no=115, pq.top=115
+---------------------------+---------------------------+---------------------------+
| Name                      | P50                       | P99                       |
+---------------------------+---------------------------+---------------------------+
| ProcessBack:Shuffle       | 7.865 ms                  | 12.607 ms                 |
| ProcessBack:UpdateCache   | 10.271 ms                 | 11.592 ms                 |
| ProcessBack:UpsertPq      | 10.051 ms                 | 18.313 ms                 |
| ProcessOneStep            | 28.937 ms                 | 653.446 ms                |
| BlockToStepN              | 145.590 ms                | 215.913 ms                |
+---------------------------+---------------------------+---------------------------+
W20240204 10:48:16.005017  7403 grad_async_v1.h:429] Sleep in <BlockToStepN>, step_no=119, pq.top=119
W20240204 10:48:17.005012  7403 grad_async_v1.h:429] Sleep in <BlockToStepN>, step_no=123, pq.top=123
W20240204 10:48:18.005007  7403 grad_async_v1.h:429] Sleep in <BlockToStepN>, step_no=127, pq.top=127
W20240204 10:48:19.005007  7403 grad_async_v1.h:429] Sleep in <BlockToStepN>, step_no=131, pq.top=131
+---------------------------+---------------------------+---------------------------+
| Name                      | P50                       | P99                       |
+---------------------------+---------------------------+---------------------------+
| GenInput                  | 1.390 ms                  | 20.666 ms                 |
| Forward                   | 4.759 ms                  | 7.502 ms                  |
| Backward                  | 4.311 ms                  | 12.802 ms                 |
| Optimize                  | 1.794 ms                  | 5.177 ms                  |
| BarrierTimeBeforeRank0    | 4.527 ms                  | 18.765 ms                 |
| AfterBackward             | 28.968 ms                 | 653.612 ms                |
| BlockToStepN              | 153.417 ms                | 263.185 ms                |
| OneStep                   | 208.436 ms                | 730.597 ms                |
+---------------------------+---------------------------+---------------------------+
W20240204 10:48:20.045053  7403 grad_async_v1.h:429] Sleep in <BlockToStepN>, step_no=135, pq.top=135
+---------------------------+---------------------------+---------------------------+
| Name                      | P50                       | P99                       |
+---------------------------+---------------------------+---------------------------+
| ProcessBack:Shuffle       | 7.878 ms                  | 12.607 ms                 |
| ProcessBack:UpdateCache   | 10.218 ms                 | 11.545 ms                 |
| ProcessBack:UpsertPq      | 10.051 ms                 | 17.005 ms                 |
| ProcessOneStep            | 28.954 ms                 | 653.446 ms                |
| BlockToStepN              | 153.569 ms                | 263.084 ms                |
+---------------------------+---------------------------+---------------------------+
W20240204 10:48:21.045014  7403 grad_async_v1.h:429] Sleep in <BlockToStepN>, step_no=138, pq.top=138
W20240204 10:48:22.060459  7403 grad_async_v1.h:429] Sleep in <BlockToStepN>, step_no=142, pq.top=142
W20240204 10:48:23.060005  7403 grad_async_v1.h:429] Sleep in <BlockToStepN>, step_no=145, pq.top=145
W20240204 10:48:24.060007  7403 grad_async_v1.h:429] Sleep in <BlockToStepN>, step_no=149, pq.top=149
+---------------------------+---------------------------+---------------------------+
| Name                      | P50                       | P99                       |
+---------------------------+---------------------------+---------------------------+
| GenInput                  | 1.390 ms                  | 23.419 ms                 |
| Forward                   | 4.818 ms                  | 7.502 ms                  |
| Backward                  | 4.305 ms                  | 12.802 ms                 |
| Optimize                  | 1.794 ms                  | 5.177 ms                  |
| BarrierTimeBeforeRank0    | 4.587 ms                  | 18.765 ms                 |
| AfterBackward             | 29.043 ms                 | 653.612 ms                |
| BlockToStepN              | 163.961 ms                | 263.185 ms                |
| OneStep                   | 216.743 ms                | 730.597 ms                |
+---------------------------+---------------------------+---------------------------+
+---------------------------+---------------------------+---------------------------+
| Name                      | P50                       | P99                       |
+---------------------------+---------------------------+---------------------------+
| ProcessBack:Shuffle       | 7.846 ms                  | 12.607 ms                 |
