WARNING: Logging before InitGoogleLogging() is written to STDERR
I20240116 11:56:40.036820 12692 IPC_barrier.h:128] MultiProcessBarrierFactory->ClearIPCMemory()
W20240116 11:56:40.038275 12692 IPCTensor.h:367] NewIPCTensor: full_emb [100000000, 32]0x100000002000
/home/xieminhui/RecStore/src/framework_adapters/torch/python/perf_emb.py:165: DeprecationWarning: The 'warn' function is deprecated, use 'warning' instead
  XLOG.warn("After init DistEmbedding")
WARNING [12692 perf_emb.py:165] After init DistEmbedding
========== Running Perf with routine <function routine_local_cache_helper at 0x7f789a61c860>==========
Worker 1 pid=12948
Worker 2 pid=12950
INFO [12692 distributed_c10d.py:442] Added key: store_based_barrier_key:1 to store for rank: 0
INFO [12948 distributed_c10d.py:442] Added key: store_based_barrier_key:1 to store for rank: 1
INFO [12948 distributed_c10d.py:476] Rank 1: Completed store-based barrier for key:store_based_barrier_key:1 with 4 nodes.
E20240116 11:56:43.360981 12948 IPCTensor.h:346] IPCTensor full_emb already exists
INFO [12952 distributed_c10d.py:442] Added key: store_based_barrier_key:1 to store for rank: 3
INFO [12952 distributed_c10d.py:476] Rank 3: Completed store-based barrier for key:store_based_barrier_key:1 with 4 nodes.
INFO [12692 distributed_c10d.py:476] Rank 0: Completed store-based barrier for key:store_based_barrier_key:1 with 4 nodes.
E20240116 11:56:43.362051 12952 IPCTensor.h:346] IPCTensor full_emb already exists
E20240116 11:56:43.362286 12692 IPCTensor.h:346] IPCTensor full_emb already exists
INFO [12950 distributed_c10d.py:442] Added key: store_based_barrier_key:1 to store for rank: 2
INFO [12950 distributed_c10d.py:476] Rank 2: Completed store-based barrier for key:store_based_barrier_key:1 with 4 nodes.
E20240116 11:56:43.363446 12950 IPCTensor.h:346] IPCTensor full_emb already exists
W20240116 11:56:43.365810 12950 IPCTensor.h:406] NewIPCGPUTensor: embedding_cache_2 [10000000, 32]; dev=2; size=1.192 GB
W20240116 11:56:43.366163 12952 IPCTensor.h:406] NewIPCGPUTensor: embedding_cache_3 [10000000, 32]; dev=3; size=1.192 GB
W20240116 11:56:43.368460 12950 IPCTensor.h:367] NewIPCTensor: input_keys_2 [100000]0x1002faf10000
W20240116 11:56:43.368511 12952 IPCTensor.h:367] NewIPCTensor: input_keys_3 [100000]0x1002fafd5000
W20240116 11:56:43.368618 12950 IPCTensor.h:367] NewIPCTensor: input_keys_neg_2 [100000]0x1002fb09a000
W20240116 11:56:43.368639 12952 IPCTensor.h:367] NewIPCTensor: input_keys_neg_3 [100000]0x1002fb15f000
W20240116 11:56:43.368669 12950 IPCTensor.h:367] NewIPCTensor: backward_grads_2 [100000, 32]0x1002fb224000
W20240116 11:56:43.368707 12952 IPCTensor.h:367] NewIPCTensor: backward_grads_3 [100000, 32]0x1002fbe5b000
W20240116 11:56:43.368711 12950 IPCTensor.h:367] NewIPCTensor: backward_grads_neg_2 [100000, 32]0x1002fca92000
W20240116 11:56:43.368748 12950 IPCTensor.h:406] NewIPCGPUTensor: backward_grads_2_gpu [100000, 32]; dev=2; size=12.21 MB
W20240116 11:56:43.368758 12952 IPCTensor.h:367] NewIPCTensor: backward_grads_neg_3 [100000, 32]0x1002fd6c9000
W20240116 11:56:43.368803 12952 IPCTensor.h:406] NewIPCGPUTensor: backward_grads_3_gpu [100000, 32]; dev=3; size=12.21 MB
W20240116 11:56:43.369006 12950 IPCTensor.h:406] NewIPCGPUTensor: backward_grads_neg_2_gpu [100000, 32]; dev=2; size=12.21 MB
W20240116 11:56:43.368989 12692 IPCTensor.h:406] NewIPCGPUTensor: embedding_cache_0 [10000000, 32]; dev=0; size=1.192 GB
W20240116 11:56:43.369009 12948 IPCTensor.h:406] NewIPCGPUTensor: embedding_cache_1 [10000000, 32]; dev=1; size=1.192 GB
W20240116 11:56:43.369088 12952 IPCTensor.h:406] NewIPCGPUTensor: backward_grads_neg_3_gpu [100000, 32]; dev=3; size=12.21 MB
W20240116 11:56:43.376963 12948 IPCTensor.h:367] NewIPCTensor: input_keys_1 [100000]0x1002fe30c000
W20240116 11:56:43.377180 12692 IPCTensor.h:367] NewIPCTensor: input_keys_0 [100000]0x1002fe3d1000
W20240116 11:56:43.377303 12948 IPCTensor.h:367] NewIPCTensor: input_keys_neg_1 [100000]0x1002fe496000
W20240116 11:56:43.377447 12692 IPCTensor.h:367] NewIPCTensor: input_keys_neg_0 [100000]0x1002fe55b000
W20240116 11:56:43.377497 12948 IPCTensor.h:367] NewIPCTensor: backward_grads_1 [100000, 32]0x1002fe620000
W20240116 11:56:43.377593 12692 IPCTensor.h:367] NewIPCTensor: backward_grads_0 [100000, 32]0x1002ff257000
W20240116 11:56:43.377674 12948 IPCTensor.h:367] NewIPCTensor: backward_grads_neg_1 [100000, 32]0x1002ffe8e000
W20240116 11:56:43.377724 12692 IPCTensor.h:367] NewIPCTensor: backward_grads_neg_0 [100000, 32]0x100300ac5000
W20240116 11:56:43.377854 12692 IPCTensor.h:406] NewIPCGPUTensor: backward_grads_0_gpu [100000, 32]; dev=0; size=12.21 MB
W20240116 11:56:43.377867 12948 IPCTensor.h:406] NewIPCGPUTensor: backward_grads_1_gpu [100000, 32]; dev=1; size=12.21 MB
W20240116 11:56:43.378628 12692 IPCTensor.h:406] NewIPCGPUTensor: backward_grads_neg_0_gpu [100000, 32]; dev=0; size=12.21 MB
W20240116 11:56:43.378713 12948 IPCTensor.h:406] NewIPCGPUTensor: backward_grads_neg_1_gpu [100000, 32]; dev=1; size=12.21 MB
Worker 3 pid=12952
New CachedEmbedding, name=full_emb, shape=(100000000, 32), cache_type=KnownLocalCachedEmbedding
fixed cache_range is [(0, 10000000), (10000000, 20000000), (20000000, 30000000), (30000000, 40000000)]
cudaHostRegister 0x100000002000
0: KnownLocalCachedEmbedding init done
cudaHostRegister 0x100000002000
1: KnownLocalCachedEmbedding init done
cudaHostRegister 0x100000002000
3: KnownLocalCachedEmbedding init done
cudaHostRegister 0x100000002000
2: KnownLocalCachedEmbedding init done
W20240116 11:56:46.156059 12948 IPCTensor.h:367] NewIPCTensor: cached_sampler_r1_0 [100000]0x100301704000
W20240116 11:56:46.156085 12952 IPCTensor.h:367] NewIPCTensor: cached_sampler_r3_0 [100000]0x1003017c9000
W20240116 11:56:46.156134 12692 IPCTensor.h:367] NewIPCTensor: cached_sampler_r0_0 [100000]0x10030188e000
W20240116 11:56:46.156165 12950 IPCTensor.h:367] NewIPCTensor: cached_sampler_r2_0 [100000]0x100301953000
W20240116 11:56:46.156266 12952 IPCTensor.h:367] NewIPCTensor: cached_sampler_r3_1 [100000]0x100301a18000
W20240116 11:56:46.156306 12948 IPCTensor.h:367] NewIPCTensor: cached_sampler_r1_1 [100000]0x100301add000
W20240116 11:56:46.156324 12692 IPCTensor.h:367] NewIPCTensor: cached_sampler_r0_1 [100000]0x100301ba2000
W20240116 11:56:46.156340 12952 IPCTensor.h:367] NewIPCTensor: cached_sampler_r3_2 [100000]0x100301c67000
W20240116 11:56:46.156365 12948 IPCTensor.h:367] NewIPCTensor: cached_sampler_r1_2 [100000]0x100301d2c000
W20240116 11:56:46.156385 12950 IPCTensor.h:367] NewIPCTensor: cached_sampler_r2_1 [100000]0x100301df1000
W20240116 11:56:46.156402 12692 IPCTensor.h:367] NewIPCTensor: cached_sampler_r0_2 [100000]0x100301eb6000
W20240116 11:56:46.156406 12952 IPCTensor.h:367] NewIPCTensor: cached_sampler_r3_3 [100000]0x100301f7b000
W20240116 11:56:46.156421 12948 IPCTensor.h:367] NewIPCTensor: cached_sampler_r1_3 [100000]0x100302040000
W20240116 11:56:46.156446 12952 IPCTensor.h:367] NewIPCTensor: cached_sampler_r3_4 [100000]0x100302105000
W20240116 11:56:46.156450 12692 IPCTensor.h:367] NewIPCTensor: cached_sampler_r0_3 [100000]0x1003021ca000
W20240116 11:56:46.156467 12948 IPCTensor.h:367] NewIPCTensor: cached_sampler_r1_4 [100000]0x10030228f000
W20240116 11:56:46.156483 12950 IPCTensor.h:367] NewIPCTensor: cached_sampler_r2_2 [100000]0x100302354000
W20240116 11:56:46.156489 12692 IPCTensor.h:367] NewIPCTensor: cached_sampler_r0_4 [100000]0x100302419000
W20240116 11:56:46.156504 12952 IPCTensor.h:367] NewIPCTensor: cached_sampler_r3_5 [100000]0x1003024de000
W20240116 11:56:46.156513 12948 IPCTensor.h:367] NewIPCTensor: cached_sampler_r1_5 [100000]0x1003025a3000
W20240116 11:56:46.156531 12692 IPCTensor.h:367] NewIPCTensor: cached_sampler_r0_5 [100000]0x100302668000
W20240116 11:56:46.156553 12950 IPCTensor.h:367] NewIPCTensor: cached_sampler_r2_3 [100000]0x10030272d000
W20240116 11:56:46.156575 12952 IPCTensor.h:367] NewIPCTensor: cached_sampler_r3_6 [100000]0x1003027f2000
W20240116 11:56:46.156581 12692 IPCTensor.h:367] NewIPCTensor: cached_sampler_r0_6 [100000]0x1003028b7000
W20240116 11:56:46.156605 12948 IPCTensor.h:367] NewIPCTensor: cached_sampler_r1_6 [100000]0x10030297c000
W20240116 11:56:46.156621 12950 IPCTensor.h:367] NewIPCTensor: cached_sampler_r2_4 [100000]0x100302a41000
W20240116 11:56:46.156632 12952 IPCTensor.h:367] NewIPCTensor: cached_sampler_r3_7 [100000]0x100302b06000
W20240116 11:56:46.156635 12692 IPCTensor.h:367] NewIPCTensor: cached_sampler_r0_7 [100000]0x100302bcb000
W20240116 11:56:46.156682 12692 IPCTensor.h:367] NewIPCTensor: cached_sampler_r0_8 [100000]0x100302c90000
W20240116 11:56:46.156697 12948 IPCTensor.h:367] NewIPCTensor: cached_sampler_r1_7 [100000]0x100302d55000
W20240116 11:56:46.156714 12950 IPCTensor.h:367] NewIPCTensor: cached_sampler_r2_5 [100000]0x100302e1a000
W20240116 11:56:46.156725 12952 IPCTensor.h:367] NewIPCTensor: cached_sampler_r3_8 [100000]0x100302edf000
W20240116 11:56:46.156735 12692 IPCTensor.h:367] NewIPCTensor: cached_sampler_r0_9 [100000]0x100302fa4000
W20240116 11:56:46.156756 12948 IPCTensor.h:367] NewIPCTensor: cached_sampler_r1_8 [100000]0x100303069000
W20240116 11:56:46.156776 12950 IPCTensor.h:367] NewIPCTensor: cached_sampler_r2_6 [100000]0x10030312e000
W20240116 11:56:46.156780 12692 IPCTensor.h:367] NewIPCTensor: step_r0 [10]0x1003031f3000
W20240116 11:56:46.156793 12952 IPCTensor.h:367] NewIPCTensor: cached_sampler_r3_9 [100000]0x1003031f5000
W20240116 11:56:46.156821 12692 IPCTensor.h:367] NewIPCTensor: circle_buffer_end_r0 [1]0x1003032ba000
W20240116 11:56:46.156834 12952 IPCTensor.h:367] NewIPCTensor: step_r3 [10]0x1003032bc000
W20240116 11:56:46.156841 12950 IPCTensor.h:367] NewIPCTensor: cached_sampler_r2_7 [100000]0x1003032be000
W20240116 11:56:46.156843 12948 IPCTensor.h:367] NewIPCTensor: cached_sampler_r1_9 [100000]0x100303383000
W20240116 11:56:46.156863 12692 IPCTensor.h:367] NewIPCTensor: circle_buffer_end_cppseen_r0 [1]0x100303448000
W20240116 11:56:46.156880 12952 IPCTensor.h:367] NewIPCTensor: circle_buffer_end_r3 [1]0x10030344a000
W20240116 11:56:46.156893 12948 IPCTensor.h:367] NewIPCTensor: step_r1 [10]0x10030344c000
W20240116 11:56:46.156904 12950 IPCTensor.h:367] NewIPCTensor: cached_sampler_r2_8 [100000]0x10030344e000
W20240116 11:56:46.156936 12948 IPCTensor.h:367] NewIPCTensor: circle_buffer_end_r1 [1]0x100303513000
W20240116 11:56:46.156939 12952 IPCTensor.h:367] NewIPCTensor: circle_buffer_end_cppseen_r3 [1]0x100303515000
W20240116 11:56:46.156965 12950 IPCTensor.h:367] NewIPCTensor: cached_sampler_r2_9 [100000]0x100303517000
W20240116 11:56:46.156973 12948 IPCTensor.h:367] NewIPCTensor: circle_buffer_end_cppseen_r1 [1]0x1003035dc000
W20240116 11:56:46.157016 12950 IPCTensor.h:367] NewIPCTensor: step_r2 [10]0x1003035de000
W20240116 11:56:46.157063 12950 IPCTensor.h:367] NewIPCTensor: circle_buffer_end_r2 [1]0x1003035e0000
W20240116 11:56:46.157104 12950 IPCTensor.h:367] NewIPCTensor: circle_buffer_end_cppseen_r2 [1]0x1003035e2000
Construct PerfSampler done
Construct PerfSampler done
I20240116 11:56:46.157233 12692 IPC_barrier.h:118] CreateBarrier: new barrier, name: kgcachecontroller, count: 4
Construct PerfSampler done
I20240116 11:56:46.157322 12948 IPC_barrier.h:112] CreateBarrier: find existing barrier, name: kgcachecontroller, count: 4
I20240116 11:56:46.157337 12952 IPC_barrier.h:112] CreateBarrier: find existing barrier, name: kgcachecontroller, count: 4
Construct PerfSampler done
I20240116 11:56:46.157481 12950 IPC_barrier.h:112] CreateBarrier: find existing barrier, name: kgcachecontroller, count: 4
W20240116 11:56:46.158330 12692 grad_base.h:54] KGCacheController, config={
        "num_gpus": 4,
        "L": 10,
        "kForwardItersPerStep": 1,
        "clr": 1,
        "backwardMode": "CppAsyncV2",
        "nr_background_threads": 16, 
        "cache_ratio": 0.1,
        "backgrad_init": "both"
    }
W20240116 11:56:46.158533 12692 grad_base.h:169] Init GradProcessingBase done
I20240116 11:57:02.118826 12692 grad_async_v2.h:32] Use background thread to update emb.
W20240116 11:57:02.119112 12692 kg_controller.h:78] after init GradAsyncProcessingV2
I20240116 11:57:02.119119 12692 kg_controller.h:84] Construct KGCacheController done
Construct KGCacheControllerWrapper done
Construct KGCacheControllerWrapper done
Construct KGCacheControllerWrapper done
Construct KGCacheControllerWrapper done
I20240116 11:57:02.512573 12692 grad_base.h:59] GraphEnv RegTensorsPerProcess
W20240116 11:57:06.105461 13666 grad_async_v2.h:109] Detect new sample comes, old_end0, new_end1
E20240116 11:57:06.105825 13666 parallel_pq_v2.h:76] insert failed, size(hashtable)=1
E20240116 11:57:07.105072 13666 parallel_pq_v2.h:76] insert failed, size(hashtable)=2716
W20240116 11:57:07.147159 13666 grad_async_v2.h:109] Detect new sample comes, old_end5, new_end6
Before Training
I20240116 11:57:07.864789 12692 IPC_barrier.h:118] CreateBarrier: new barrier, name: start_barrier, count: 4
E20240116 11:57:08.105023 13666 parallel_pq_v2.h:76] insert failed, size(hashtable)=681
W20240116 11:57:08.150741 13666 grad_async_v2.h:109] Detect new sample comes, old_end9, new_end0
Before Training
I20240116 11:57:08.219168 12950 IPC_barrier.h:112] CreateBarrier: find existing barrier, name: start_barrier, count: 4
Before Training
I20240116 11:57:08.534628 12948 IPC_barrier.h:112] CreateBarrier: find existing barrier, name: start_barrier, count: 4
Before Training
I20240116 11:57:08.605444 12952 IPC_barrier.h:112] CreateBarrier: find existing barrier, name: start_barrier, count: 4
========== Step 0 ========== 
========== Step 0 ========== 
========== Step 0 ========== 
========== Step 0 ========== 
E20240116 11:57:10.358074 12692 parallel_pq_v2.h:76] insert failed, size(hashtable)=1
W20240116 11:57:10.621533 12692 grad_async_v2.h:222] Sleep in <BlockToStepN>, step_no=1, pq.top=0
========== Step 1 ========== 
========== Step 1 ========== 
========== Step 1 ========== 
========== Step 1 ========== 
W20240116 11:57:10.675264 13666 grad_async_v2.h:109] Detect new sample comes, old_end1, new_end2
+---------------------------+---------------------------+---------------------------+
| Name                      | P50                       | P99                       |
+---------------------------+---------------------------+---------------------------+
| Forward                   | 465.074 us                | 31.329 ms                 |
| Backward                  | 753.417 us                | 23.110 ms                 |
| Optimize                  | 126.895 us                | 268.747 us                |
| BarrierTimeBeforeRank0    | 4.558 ms                  | 4.558 ms                  |
| AfterBackward             | 1.638 s                   | 1.638 s                   |
| BlockToStepN              | 44.888 ms                 | 44.888 ms                 |
+---------------------------+---------------------------+---------------------------+
E20240116 11:57:12.364724 12692 parallel_pq_v2.h:76] insert failed, size(hashtable)=1
+---------------------------+---------------------------+---------------------------+
| Name                      | P50                       | P99                       |
+---------------------------+---------------------------+---------------------------+
| ProcessBack:Shuffle       | 8.659 ms                  | 193.755 ms                |
| ProcessBack:UpdateCache   | 6.585 ms                  | 1.103 s                   |
| ProcessBack:UpsertPq      | 263.375 ms                | 263.375 ms                |
| ProcessOneStep            | 1.638 s                   | 1.638 s                   |
| BlockToStepN              | 44.406 ms                 | 44.406 ms                 |
+---------------------------+---------------------------+---------------------------+
W20240116 11:57:12.560755 12692 grad_async_v2.h:222] Sleep in <BlockToStepN>, step_no=2, pq.top=1
========== Step 2 ========== 
========== Step 2 ========== 
========== Step 2 ========== 
========== Step 2 ========== 
W20240116 11:57:12.613663 13666 grad_async_v2.h:109] Detect new sample comes, old_end2, new_end3
========== Step 3 ========== 
========== Step 3 ========== 
========== Step 3 ========== 
========== Step 3 ========== 
E20240116 11:57:13.364019 13666 parallel_pq_v2.h:76] insert failed, size(hashtable)=15987
W20240116 11:57:13.698320 12692 grad_async_v2.h:222] Sleep in <BlockToStepN>, step_no=4, pq.top=4
========== Step 4 ========== 
========== Step 4 ========== 
========== Step 4 ========== 
========== Step 4 ========== 
W20240116 11:57:13.722849 13666 grad_async_v2.h:109] Detect new sample comes, old_end4, new_end5
========== Step 5 ========== 
========== Step 5 ========== 
========== Step 5 ========== 
========== Step 5 ========== 
E20240116 11:57:14.364006 13666 parallel_pq_v2.h:76] insert failed, size(hashtable)=107
W20240116 11:57:14.815589 12692 grad_async_v2.h:222] Sleep in <BlockToStepN>, step_no=6, pq.top=6
========== Step 6 ========== 
========== Step 6 ========== 
========== Step 6 ========== 
========== Step 6 ========== 
W20240116 11:57:14.845580 13666 grad_async_v2.h:109] Detect new sample comes, old_end6, new_end7
E20240116 11:57:15.364010 13666 parallel_pq_v2.h:76] insert failed, size(hashtable)=44048
========== Step 7 ========== 
========== Step 7 ========== 
========== Step 7 ========== 
========== Step 7 ========== 
W20240116 11:57:15.911830 12692 grad_async_v2.h:222] Sleep in <BlockToStepN>, step_no=8, pq.top=8
========== Step 8 ========== 
========== Step 8 ========== 
========== Step 8 ========== 
========== Step 8 ========== 
W20240116 11:57:15.942864 13666 grad_async_v2.h:109] Detect new sample comes, old_end8, new_end9
+---------------------------+---------------------------+---------------------------+
| Name                      | P50                       | P99                       |
+---------------------------+---------------------------+---------------------------+
| Forward                   | 396.180 us                | 31.329 ms                 |
| Backward                  | 1.015 ms                  | 23.110 ms                 |
| Optimize                  | 126.895 us                | 268.747 us                |
| BarrierTimeBeforeRank0    | 33.341 us                 | 1.391 s                   |
| AfterBackward             | 227.791 ms                | 1.638 s                   |
| BlockToStepN              | 25.120 ms                 | 44.888 ms                 |
+---------------------------+---------------------------+---------------------------+
E20240116 11:57:16.364004 12692 parallel_pq_v2.h:76] insert failed, size(hashtable)=1
========== Step 9 ========== 
========== Step 9 ========== 
========== Step 9 ========== 
========== Step 9 ========== 
W20240116 11:57:17.017917 12692 grad_async_v2.h:222] Sleep in <BlockToStepN>, step_no=10, pq.top=10
========== Step 10 ========== 
========== Step 10 ========== 
========== Step 10 ========== 
========== Step 10 ========== 
W20240116 11:57:17.049172 13666 grad_async_v2.h:109] Detect new sample comes, old_end0, new_end1
E20240116 11:57:17.364006 13666 parallel_pq_v2.h:76] insert failed, size(hashtable)=77272
+---------------------------+---------------------------+---------------------------+
| Name                      | P50                       | P99                       |
+---------------------------+---------------------------+---------------------------+
| ProcessBack:Shuffle       | 4.859 ms                  | 193.755 ms                |
| ProcessBack:UpdateCache   | 6.713 ms                  | 1.103 s                   |
| ProcessBack:UpsertPq      | 217.600 ms                | 263.375 ms                |
| ProcessOneStep            | 230.175 ms                | 1.638 s                   |
| BlockToStepN              | 24.768 ms                 | 44.406 ms                 |
+---------------------------+---------------------------+---------------------------+
========== Step 11 ========== 
========== Step 11 ========== 
========== Step 11 ========== 
========== Step 11 ========== 
W20240116 11:57:18.121505 12692 grad_async_v2.h:222] Sleep in <BlockToStepN>, step_no=12, pq.top=11
========== Step 12 ========== 
========== Step 12 ========== 
========== Step 12 ========== 
========== Step 12 ========== 
W20240116 11:57:18.148722 13666 grad_async_v2.h:109] Detect new sample comes, old_end2, new_end3
E20240116 11:57:18.364091 13666 parallel_pq_v2.h:76] insert failed, size(hashtable)=91408
========== Step 13 ========== 
========== Step 13 ========== 
========== Step 13 ========== 
========== Step 13 ========== 
W20240116 11:57:19.204568 12692 grad_async_v2.h:222] Sleep in <BlockToStepN>, step_no=14, pq.top=14
========== Step 14 ========== 
========== Step 14 ========== 
========== Step 14 ========== 
========== Step 14 ========== 
W20240116 11:57:19.231688 13666 grad_async_v2.h:109] Detect new sample comes, old_end4, new_end5
E20240116 11:57:19.364054 13666 parallel_pq_v2.h:76] insert failed, size(hashtable)=104567
========== Step 15 ========== 
========== Step 15 ========== 
========== Step 15 ========== 
========== Step 15 ========== 
W20240116 11:57:20.289160 12692 grad_async_v2.h:222] Sleep in <BlockToStepN>, step_no=16, pq.top=16
========== Step 16 ========== 
========== Step 16 ========== 
========== Step 16 ========== 
========== Step 16 ========== 
W20240116 11:57:20.312506 13666 grad_async_v2.h:109] Detect new sample comes, old_end6, new_end7
E20240116 11:57:20.364027 13666 parallel_pq_v2.h:76] insert failed, size(hashtable)=117297
========== Step 17 ========== 
========== Step 17 ========== 
========== Step 17 ========== 
========== Step 17 ========== 
+---------------------------+---------------------------+---------------------------+
| Name                      | P50                       | P99                       |
+---------------------------+---------------------------+---------------------------+
| Forward                   | 371.583 us                | 31.329 ms                 |
| Backward                  | 1.015 ms                  | 23.110 ms                 |
| Optimize                  | 118.415 us                | 268.747 us                |
| BarrierTimeBeforeRank0    | 107.374 us                | 1.391 s                   |
| AfterBackward             | 228.591 ms                | 1.638 s                   |
| BlockToStepN              | 24.843 ms                 | 44.888 ms                 |
+---------------------------+---------------------------+---------------------------+
W20240116 11:57:21.361563 12692 grad_async_v2.h:222] Sleep in <BlockToStepN>, step_no=18, pq.top=18
E20240116 11:57:21.364015 13666 parallel_pq_v2.h:76] insert failed, size(hashtable)=129730
========== Step 18 ========== 
========== Step 18 ========== 
========== Step 18 ========== 
========== Step 18 ========== 
W20240116 11:57:21.389990 13666 grad_async_v2.h:109] Detect new sample comes, old_end8, new_end9
========== Step 19 ========== 
========== Step 19 ========== 
========== Step 19 ========== 
========== Step 19 ========== 
E20240116 11:57:22.364022 12692 parallel_pq_v2.h:76] insert failed, size(hashtable)=179
W20240116 11:57:22.478029 12692 grad_async_v2.h:222] Sleep in <BlockToStepN>, step_no=20, pq.top=20
========== Step 20 ========== 
========== Step 20 ========== 
========== Step 20 ========== 
========== Step 20 ========== 
+---------------------------+---------------------------+---------------------------+
| Name                      | P50                       | P99                       |
+---------------------------+---------------------------+---------------------------+
| ProcessBack:Shuffle       | 3.214 ms                  | 193.755 ms                |
| ProcessBack:UpdateCache   | 6.683 ms                  | 1.103 s                   |
| ProcessBack:UpsertPq      | 217.352 ms                | 263.375 ms                |
| ProcessOneStep            | 227.745 ms                | 1.638 s                   |
| BlockToStepN              | 24.768 ms                 | 44.406 ms                 |
+---------------------------+---------------------------+---------------------------+
W20240116 11:57:22.513984 13666 grad_async_v2.h:109] Detect new sample comes, old_end0, new_end1
========== Step 21 ========== 
========== Step 21 ========== 
========== Step 21 ========== 
========== Step 21 ========== 
E20240116 11:57:23.364013 13666 parallel_pq_v2.h:76] insert failed, size(hashtable)=160330
W20240116 11:57:23.634984 12692 grad_async_v2.h:222] Sleep in <BlockToStepN>, step_no=22, pq.top=22
========== Step 22 ========== 
========== Step 22 ========== 
========== Step 22 ========== 
========== Step 22 ========== 
W20240116 11:57:23.666394 13666 grad_async_v2.h:109] Detect new sample comes, old_end2, new_end3
========== Step 23 ========== 
========== Step 23 ========== 
========== Step 23 ========== 
========== Step 23 ========== 
E20240116 11:57:24.364099 13666 parallel_pq_v2.h:76] insert failed, size(hashtable)=169756
W20240116 11:57:24.745452 12692 grad_async_v2.h:222] Sleep in <BlockToStepN>, step_no=24, pq.top=24
========== Step 24 ========== 
========== Step 24 ========== 
========== Step 24 ========== 
========== Step 24 ========== 
W20240116 11:57:24.771404 13666 grad_async_v2.h:109] Detect new sample comes, old_end4, new_end5
========== Step 25 ========== 
========== Step 25 ========== 
========== Step 25 ========== 
========== Step 25 ========== 
E20240116 11:57:25.364007 13666 parallel_pq_v2.h:76] insert failed, size(hashtable)=181503
W20240116 11:57:25.860394 12692 grad_async_v2.h:222] Sleep in <BlockToStepN>, step_no=26, pq.top=26
========== Step 26 ========== 
========== Step 26 ========== 
========== Step 26 ========== 
========== Step 26 ========== 
W20240116 11:57:25.897818 13666 grad_async_v2.h:109] Detect new sample comes, old_end6, new_end7
+---------------------------+---------------------------+---------------------------+
| Name                      | P50                       | P99                       |
+---------------------------+---------------------------+---------------------------+
| Forward                   | 371.583 us                | 31.329 ms                 |
| Backward                  | 1.003 ms                  | 23.110 ms                 |
| Optimize                  | 113.890 us                | 268.747 us                |
| BarrierTimeBeforeRank0    | 133.338 us                | 1.391 s                   |
| AfterBackward             | 226.701 ms                | 1.638 s                   |
| BlockToStepN              | 25.513 ms                 | 44.888 ms                 |
+---------------------------+---------------------------+---------------------------+
E20240116 11:57:26.364019 13666 parallel_pq_v2.h:76] insert failed, size(hashtable)=194520
========== Step 27 ========== 
========== Step 27 ========== 
========== Step 27 ========== 
========== Step 27 ========== 
W20240116 11:57:27.010684 12692 grad_async_v2.h:222] Sleep in <BlockToStepN>, step_no=28, pq.top=28
========== Step 28 ========== 
========== Step 28 ========== 
========== Step 28 ========== 
========== Step 28 ========== 
W20240116 11:57:27.044425 13666 grad_async_v2.h:109] Detect new sample comes, old_end8, new_end9
E20240116 11:57:27.364012 13666 parallel_pq_v2.h:76] insert failed, size(hashtable)=209368
+---------------------------+---------------------------+---------------------------+
| Name                      | P50                       | P99                       |
+---------------------------+---------------------------+---------------------------+
| ProcessBack:Shuffle       | 3.222 ms                  | 193.755 ms                |
| ProcessBack:UpdateCache   | 6.683 ms                  | 1.103 s                   |
| ProcessBack:UpsertPq      | 216.588 ms                | 283.312 ms                |
| ProcessOneStep            | 227.277 ms                | 1.638 s                   |
| BlockToStepN              | 26.354 ms                 | 44.406 ms                 |
+---------------------------+---------------------------+---------------------------+
========== Step 29 ========== 
========== Step 29 ========== 
========== Step 29 ========== 
========== Step 29 ========== 
W20240116 11:57:28.138183 12692 grad_async_v2.h:222] Sleep in <BlockToStepN>, step_no=30, pq.top=30
========== Step 30 ========== 
========== Step 30 ========== 
========== Step 30 ========== 
========== Step 30 ========== 
W20240116 11:57:28.175252 13666 grad_async_v2.h:109] Detect new sample comes, old_end0, new_end1
E20240116 11:57:28.364003 13666 parallel_pq_v2.h:76] insert failed, size(hashtable)=219753
========== Step 31 ========== 
========== Step 31 ========== 
========== Step 31 ========== 
========== Step 31 ========== 
W20240116 11:57:29.285717 12692 grad_async_v2.h:222] Sleep in <BlockToStepN>, step_no=32, pq.top=32
========== Step 32 ========== 
========== Step 32 ========== 
========== Step 32 ========== 
========== Step 32 ========== 
W20240116 11:57:29.323107 13666 grad_async_v2.h:109] Detect new sample comes, old_end2, new_end3
E20240116 11:57:29.364012 13666 parallel_pq_v2.h:76] insert failed, size(hashtable)=230841
========== Step 33 ========== 
========== Step 33 ========== 
========== Step 33 ========== 
========== Step 33 ========== 
E20240116 11:57:30.364004 13666 parallel_pq_v2.h:76] insert failed, size(hashtable)=243154
W20240116 11:57:30.425125 12692 grad_async_v2.h:222] Sleep in <BlockToStepN>, step_no=34, pq.top=34
========== Step 34 ========== 
========== Step 34 ========== 
========== Step 34 ========== 
========== Step 34 ========== 
W20240116 11:57:30.460706 13666 grad_async_v2.h:109] Detect new sample comes, old_end4, new_end5
========== Step 35 ========== 
========== Step 35 ========== 
========== Step 35 ========== 
========== Step 35 ========== 
+---------------------------+---------------------------+---------------------------+
| Name                      | P50                       | P99                       |
+---------------------------+---------------------------+---------------------------+
| Forward                   | 381.013 us                | 31.329 ms                 |
| Backward                  | 846.054 us                | 23.110 ms                 |
| Optimize                  | 113.890 us                | 268.747 us                |
| BarrierTimeBeforeRank0    | 297.975 us                | 1.391 s                   |
| AfterBackward             | 228.591 ms                | 1.638 s                   |
| BlockToStepN              | 28.540 ms                 | 44.888 ms                 |
+---------------------------+---------------------------+---------------------------+
E20240116 11:57:31.364010 12692 parallel_pq_v2.h:76] insert failed, size(hashtable)=53
W20240116 11:57:31.549779 12692 grad_async_v2.h:222] Sleep in <BlockToStepN>, step_no=36, pq.top=36
========== Step 36 ========== 
========== Step 36 ========== 
========== Step 36 ========== 
========== Step 36 ========== 
W20240116 11:57:31.588903 13666 grad_async_v2.h:109] Detect new sample comes, old_end6, new_end7
========== Step 37 ========== 
========== Step 37 ========== 
========== Step 37 ========== 
========== Step 37 ========== 
E20240116 11:57:32.364028 13666 parallel_pq_v2.h:76] insert failed, size(hashtable)=956
+---------------------------+---------------------------+---------------------------+
| Name                      | P50                       | P99                       |
+---------------------------+---------------------------+---------------------------+
| ProcessBack:Shuffle       | 3.214 ms                  | 193.755 ms                |
| ProcessBack:UpdateCache   | 6.683 ms                  | 1.103 s                   |
| ProcessBack:UpsertPq      | 217.848 ms                | 283.312 ms                |
| ProcessOneStep            | 228.519 ms                | 1.638 s                   |
| BlockToStepN              | 28.479 ms                 | 44.406 ms                 |
+---------------------------+---------------------------+---------------------------+
W20240116 11:57:32.704115 12692 grad_async_v2.h:222] Sleep in <BlockToStepN>, step_no=38, pq.top=38
========== Step 38 ========== 
========== Step 38 ========== 
========== Step 38 ========== 
========== Step 38 ========== 
W20240116 11:57:32.742573 13666 grad_async_v2.h:109] Detect new sample comes, old_end8, new_end9
========== Step 39 ========== 
========== Step 39 ========== 
========== Step 39 ========== 
========== Step 39 ========== 
E20240116 11:57:33.364006 13666 parallel_pq_v2.h:76] insert failed, size(hashtable)=278274
W20240116 11:57:33.898957 12692 grad_async_v2.h:222] Sleep in <BlockToStepN>, step_no=40, pq.top=40
========== Step 40 ========== 
========== Step 40 ========== 
========== Step 40 ========== 
========== Step 40 ========== 
W20240116 11:57:33.935679 13666 grad_async_v2.h:109] Detect new sample comes, old_end0, new_end1
E20240116 11:57:34.364003 13666 parallel_pq_v2.h:76] insert failed, size(hashtable)=291386
========== Step 41 ========== 
========== Step 41 ========== 
========== Step 41 ========== 
========== Step 41 ========== 
W20240116 11:57:35.023463 12692 grad_async_v2.h:222] Sleep in <BlockToStepN>, step_no=42, pq.top=42
========== Step 42 ========== 
========== Step 42 ========== 
========== Step 42 ========== 
========== Step 42 ========== 
W20240116 11:57:35.059821 13666 grad_async_v2.h:109] Detect new sample comes, old_end2, new_end3
E20240116 11:57:35.364002 13666 parallel_pq_v2.h:76] insert failed, size(hashtable)=304252
========== Step 43 ========== 
========== Step 43 ========== 
========== Step 43 ========== 
========== Step 43 ========== 
W20240116 11:57:36.131587 12692 grad_async_v2.h:222] Sleep in <BlockToStepN>, step_no=44, pq.top=44
========== Step 44 ========== 
========== Step 44 ========== 
========== Step 44 ========== 
========== Step 44 ========== 
+---------------------------+---------------------------+---------------------------+
| Name                      | P50                       | P99                       |
+---------------------------+---------------------------+---------------------------+
| Forward                   | 372.720 us                | 31.329 ms                 |
| Backward                  | 815.726 us                | 23.110 ms                 |
| Optimize                  | 107.054 us                | 268.747 us                |
| BarrierTimeBeforeRank0    | 388.057 us                | 1.391 s                   |
| AfterBackward             | 227.977 ms                | 1.638 s                   |
| BlockToStepN              | 28.902 ms                 | 44.888 ms                 |
+---------------------------+---------------------------+---------------------------+
W20240116 11:57:36.163403 13666 grad_async_v2.h:109] Detect new sample comes, old_end4, new_end5
E20240116 11:57:36.364017 13666 parallel_pq_v2.h:76] insert failed, size(hashtable)=1016
========== Step 45 ========== 
========== Step 45 ========== 
========== Step 45 ========== 
========== Step 45 ========== 
W20240116 11:57:37.236614 12692 grad_async_v2.h:222] Sleep in <BlockToStepN>, step_no=46, pq.top=46
========== Step 46 ========== 
========== Step 46 ========== 
========== Step 46 ========== 
========== Step 46 ========== 
W20240116 11:57:37.273027 13666 grad_async_v2.h:109] Detect new sample comes, old_end6, new_end7
E20240116 11:57:37.364071 13666 parallel_pq_v2.h:76] insert failed, size(hashtable)=326325
+---------------------------+---------------------------+---------------------------+
| Name                      | P50                       | P99                       |
+---------------------------+---------------------------+---------------------------+
| ProcessBack:Shuffle       | 3.235 ms                  | 193.755 ms                |
| ProcessBack:UpdateCache   | 6.669 ms                  | 1.103 s                   |
| ProcessBack:UpsertPq      | 217.352 ms                | 283.312 ms                |
| ProcessOneStep            | 227.745 ms                | 1.638 s                   |
| BlockToStepN              | 28.930 ms                 | 44.406 ms                 |
+---------------------------+---------------------------+---------------------------+
========== Step 47 ========== 
========== Step 47 ========== 
========== Step 47 ========== 
========== Step 47 ========== 
W20240116 11:57:38.333523 12692 grad_async_v2.h:222] Sleep in <BlockToStepN>, step_no=48, pq.top=48
E20240116 11:57:38.364003 13666 parallel_pq_v2.h:76] insert failed, size(hashtable)=337271
========== Step 48 ========== 
========== Step 48 ========== 
========== Step 48 ========== 
========== Step 48 ========== 
W20240116 11:57:38.371667 13666 grad_async_v2.h:109] Detect new sample comes, old_end8, new_end9
========== Step 49 ========== 
========== Step 49 ========== 
========== Step 49 ========== 
========== Step 49 ========== 
E20240116 11:57:39.364012 12692 parallel_pq_v2.h:76] insert failed, size(hashtable)=2039
W20240116 11:57:39.442934 12692 grad_async_v2.h:222] Sleep in <BlockToStepN>, step_no=50, pq.top=50
========== Step 50 ========== 
========== Step 50 ========== 
========== Step 50 ========== 
========== Step 50 ========== 
W20240116 11:57:39.478210 13666 grad_async_v2.h:109] Detect new sample comes, old_end0, new_end1
========== Step 51 ========== 
========== Step 51 ========== 
========== Step 51 ========== 
========== Step 51 ========== 
E20240116 11:57:40.364010 13666 parallel_pq_v2.h:76] insert failed, size(hashtable)=364011
W20240116 11:57:40.561200 12692 grad_async_v2.h:222] Sleep in <BlockToStepN>, step_no=52, pq.top=52
========== Step 52 ========== 
========== Step 52 ========== 
========== Step 52 ========== 
========== Step 52 ========== 
W20240116 11:57:40.597041 13666 grad_async_v2.h:109] Detect new sample comes, old_end2, new_end3
========== Step 53 ========== 
========== Step 53 ========== 
========== Step 53 ========== 
========== Step 53 ========== 
+---------------------------+---------------------------+---------------------------+
| Name                      | P50                       | P99                       |
+---------------------------+---------------------------+---------------------------+
| Forward                   | 371.583 us                | 539.333 us                |
| Backward                  | 780.112 us                | 1.648 ms                  |
| Optimize                  | 106.516 us                | 187.171 us                |
| BarrierTimeBeforeRank0    | 469.825 us                | 4.558 ms                  |
| AfterBackward             | 226.701 ms                | 294.500 ms                |
| BlockToStepN              | 30.147 ms                 | 43.555 ms                 |
+---------------------------+---------------------------+---------------------------+
E20240116 11:57:41.364025 13666 parallel_pq_v2.h:76] insert failed, size(hashtable)=374056
W20240116 11:57:41.687441 12692 grad_async_v2.h:222] Sleep in <BlockToStepN>, step_no=54, pq.top=54
========== Step 54 ========== 
========== Step 54 ========== 
========== Step 54 ========== 
========== Step 54 ========== 
W20240116 11:57:41.725173 13666 grad_async_v2.h:109] Detect new sample comes, old_end4, new_end5
========== Step 55 ========== 
========== Step 55 ========== 
========== Step 55 ========== 
========== Step 55 ========== 
E20240116 11:57:42.364063 13666 parallel_pq_v2.h:76] insert failed, size(hashtable)=384814
+---------------------------+---------------------------+---------------------------+
| Name                      | P50                       | P99                       |
+---------------------------+---------------------------+---------------------------+
| ProcessBack:Shuffle       | 3.235 ms                  | 8.659 ms                  |
| ProcessBack:UpdateCache   | 6.669 ms                  | 7.023 ms                  |
| ProcessBack:UpsertPq      | 216.534 ms                | 263.375 ms                |
| ProcessOneStep            | 226.660 ms                | 294.456 ms                |
| BlockToStepN              | 30.172 ms                 | 43.464 ms                 |
+---------------------------+---------------------------+---------------------------+
W20240116 11:57:42.836256 12692 grad_async_v2.h:222] Sleep in <BlockToStepN>, step_no=56, pq.top=56
========== Step 56 ========== 
========== Step 56 ========== 
========== Step 56 ========== 
========== Step 56 ========== 
W20240116 11:57:42.875070 13666 grad_async_v2.h:109] Detect new sample comes, old_end6, new_end7
E20240116 11:57:43.364004 13666 parallel_pq_v2.h:76] insert failed, size(hashtable)=395643
========== Step 57 ========== 
========== Step 57 ========== 
========== Step 57 ========== 
========== Step 57 ========== 
W20240116 11:57:43.961221 12692 grad_async_v2.h:222] Sleep in <BlockToStepN>, step_no=58, pq.top=58
========== Step 58 ========== 
========== Step 58 ========== 
========== Step 58 ========== 
========== Step 58 ========== 
W20240116 11:57:43.999737 13666 grad_async_v2.h:109] Detect new sample comes, old_end8, new_end9
E20240116 11:57:44.364017 13666 parallel_pq_v2.h:76] insert failed, size(hashtable)=410123
========== Step 59 ========== 
========== Step 59 ========== 
========== Step 59 ========== 
========== Step 59 ========== 
W20240116 11:57:45.097041 12692 grad_async_v2.h:222] Sleep in <BlockToStepN>, step_no=60, pq.top=60
========== Step 60 ========== 
========== Step 60 ========== 
========== Step 60 ========== 
========== Step 60 ========== 
W20240116 11:57:45.135449 13666 grad_async_v2.h:109] Detect new sample comes, old_end0, new_end1
E20240116 11:57:45.364045 13666 parallel_pq_v2.h:76] insert failed, size(hashtable)=419476
========== Step 61 ========== 
========== Step 61 ========== 
========== Step 61 ========== 
========== Step 61 ========== 
+---------------------------+---------------------------+---------------------------+
| Name                      | P50                       | P99                       |
+---------------------------+---------------------------+---------------------------+
| Forward                   | 367.879 us                | 539.333 us                |
| Backward                  | 759.922 us                | 1.648 ms                  |
| Optimize                  | 105.086 us                | 187.171 us                |
| BarrierTimeBeforeRank0    | 469.825 us                | 4.558 ms                  |
| AfterBackward             | 226.701 ms                | 294.500 ms                |
| BlockToStepN              | 30.321 ms                 | 43.555 ms                 |
+---------------------------+---------------------------+---------------------------+
W20240116 11:57:46.245121 12692 grad_async_v2.h:222] Sleep in <BlockToStepN>, step_no=62, pq.top=62
========== Step 62 ========== 
========== Step 62 ========== 
========== Step 62 ========== 
========== Step 62 ========== 
W20240116 11:57:46.282773 13666 grad_async_v2.h:109] Detect new sample comes, old_end2, new_end3
E20240116 11:57:46.364065 13666 parallel_pq_v2.h:76] insert failed, size(hashtable)=429921
========== Step 63 ========== 
========== Step 63 ========== 
========== Step 63 ========== 
========== Step 63 ========== 
E20240116 11:57:47.364120 12692 parallel_pq_v2.h:76] insert failed, size(hashtable)=9
W20240116 11:57:47.379925 12692 grad_async_v2.h:222] Sleep in <BlockToStepN>, step_no=64, pq.top=64
========== Step 64 ========== 
========== Step 64 ========== 
========== Step 64 ========== 
========== Step 64 ========== 
W20240116 11:57:47.417116 13666 grad_async_v2.h:109] Detect new sample comes, old_end4, new_end5
+---------------------------+---------------------------+---------------------------+
| Name                      | P50                       | P99                       |
+---------------------------+---------------------------+---------------------------+
| ProcessBack:Shuffle       | 3.217 ms                  | 8.659 ms                  |
| ProcessBack:UpdateCache   | 6.661 ms                  | 7.023 ms                  |
| ProcessBack:UpsertPq      | 216.036 ms                | 263.375 ms                |
| ProcessOneStep            | 226.491 ms                | 294.456 ms                |
| BlockToStepN              | 30.232 ms                 | 43.464 ms                 |
+---------------------------+---------------------------+---------------------------+
========== Step 65 ========== 
========== Step 65 ========== 
========== Step 65 ========== 
========== Step 65 ========== 
E20240116 11:57:48.364010 12692 parallel_pq_v2.h:76] insert failed, size(hashtable)=19
W20240116 11:57:48.522389 12692 grad_async_v2.h:222] Sleep in <BlockToStepN>, step_no=66, pq.top=66
========== Step 66 ========== 
========== Step 66 ========== 
========== Step 66 ========== 
========== Step 66 ========== 
W20240116 11:57:48.558689 13666 grad_async_v2.h:109] Detect new sample comes, old_end6, new_end7
========== Step 67 ========== 
========== Step 67 ========== 
========== Step 67 ========== 
========== Step 67 ========== 
E20240116 11:57:49.364014 13666 parallel_pq_v2.h:76] insert failed, size(hashtable)=463803
W20240116 11:57:49.647742 12692 grad_async_v2.h:222] Sleep in <BlockToStepN>, step_no=68, pq.top=68
========== Step 68 ========== 
========== Step 68 ========== 
========== Step 68 ========== 
========== Step 68 ========== 
W20240116 11:57:49.681941 13666 grad_async_v2.h:109] Detect new sample comes, old_end8, new_end9
========== Step 69 ========== 
========== Step 69 ========== 
========== Step 69 ========== 
========== Step 69 ========== 
E20240116 11:57:50.364012 13666 parallel_pq_v2.h:76] insert failed, size(hashtable)=474773
W20240116 11:57:50.762178 12692 grad_async_v2.h:222] Sleep in <BlockToStepN>, step_no=70, pq.top=70
========== Step 70 ========== 
========== Step 70 ========== 
========== Step 70 ========== 
========== Step 70 ========== 
W20240116 11:57:50.799335 13666 grad_async_v2.h:109] Detect new sample comes, old_end0, new_end1
+---------------------------+---------------------------+---------------------------+
| Name                      | P50                       | P99                       |
+---------------------------+---------------------------+---------------------------+
| Forward                   | 362.913 us                | 539.333 us                |
| Backward                  | 759.128 us                | 1.648 ms                  |
| Optimize                  | 104.028 us                | 187.171 us                |
| BarrierTimeBeforeRank0    | 476.784 us                | 4.558 ms                  |
| AfterBackward             | 226.516 ms                | 294.500 ms                |
| BlockToStepN              | 30.401 ms                 | 43.555 ms                 |
+---------------------------+---------------------------+---------------------------+
========== Step 71 ========== 
========== Step 71 ========== 
========== Step 71 ========== 
========== Step 71 ========== 
E20240116 11:57:51.364017 13666 parallel_pq_v2.h:76] insert failed, size(hashtable)=485442
W20240116 11:57:51.873550 12692 grad_async_v2.h:222] Sleep in <BlockToStepN>, step_no=72, pq.top=72
========== Step 72 ========== 
========== Step 72 ========== 
========== Step 72 ========== 
========== Step 72 ========== 
W20240116 11:57:51.910167 13666 grad_async_v2.h:109] Detect new sample comes, old_end2, new_end3
E20240116 11:57:52.364091 12692 parallel_pq_v2.h:76] insert failed, size(hashtable)=30
========== Step 73 ========== 
========== Step 73 ========== 
========== Step 73 ========== 
========== Step 73 ========== 
+---------------------------+---------------------------+---------------------------+
| Name                      | P50                       | P99                       |
+---------------------------+---------------------------+---------------------------+
| ProcessBack:Shuffle       | 3.222 ms                  | 8.659 ms                  |
| ProcessBack:UpdateCache   | 6.665 ms                  | 7.023 ms                  |
| ProcessBack:UpsertPq      | 216.036 ms                | 263.375 ms                |
| ProcessOneStep            | 226.470 ms                | 294.456 ms                |
| BlockToStepN              | 30.401 ms                 | 43.464 ms                 |
+---------------------------+---------------------------+---------------------------+
W20240116 11:57:53.000849 12692 grad_async_v2.h:222] Sleep in <BlockToStepN>, step_no=74, pq.top=74
========== Step 74 ========== 
========== Step 74 ========== 
========== Step 74 ========== 
========== Step 74 ========== 
W20240116 11:57:53.036974 13666 grad_async_v2.h:109] Detect new sample comes, old_end4, new_end5
E20240116 11:57:53.364006 13666 parallel_pq_v2.h:76] insert failed, size(hashtable)=510039
========== Step 75 ========== 
========== Step 75 ========== 
========== Step 75 ========== 
========== Step 75 ========== 
W20240116 11:57:54.115250 12692 grad_async_v2.h:222] Sleep in <BlockToStepN>, step_no=76, pq.top=76
========== Step 76 ========== 
========== Step 76 ========== 
========== Step 76 ========== 
========== Step 76 ========== 
W20240116 11:57:54.153707 13666 grad_async_v2.h:109] Detect new sample comes, old_end6, new_end7
E20240116 11:57:54.364018 13666 parallel_pq_v2.h:76] insert failed, size(hashtable)=519681
========== Step 77 ========== 
========== Step 77 ========== 
========== Step 77 ========== 
========== Step 77 ========== 
W20240116 11:57:55.252460 12692 grad_async_v2.h:222] Sleep in <BlockToStepN>, step_no=78, pq.top=78
========== Step 78 ========== 
========== Step 78 ========== 
========== Step 78 ========== 
========== Step 78 ========== 
W20240116 11:57:55.287729 13666 grad_async_v2.h:109] Detect new sample comes, old_end8, new_end9
E20240116 11:57:55.364053 13666 parallel_pq_v2.h:76] insert failed, size(hashtable)=512
========== Step 79 ========== 
========== Step 79 ========== 
========== Step 79 ========== 
