WARNING: Logging before InitGoogleLogging() is written to STDERR
I20240211 11:13:09.443289 16772 IPC_barrier.h:128] MultiProcessBarrierFactory->ClearIPCMemory()
W20240211 11:13:09.451356 16772 IPCTensor.h:369] NewIPCTensor: full_emb [9449206, 32]0x100000002000 1.126 GB
/data/home/xieminhui/RecStore/src/framework_adapters/torch/python/perf_rec_model.py:152: DeprecationWarning: The 'warn' function is deprecated, use 'warning' instead
  XLOG.warn("After init DistEmbedding")
WARNING [16772 perf_rec_model.py:152] After init DistEmbedding
========== Running Perf with routine <function routine_local_cache_helper at 0x7f5afd9818a0>==========
Worker 1 pid=18692
Worker 2 pid=18693
Worker 3 pid=18694
Worker 4 pid=18695
Worker 5 pid=18696
Worker 6 pid=18697
INFO [16772 distributed_c10d.py:442] Added key: store_based_barrier_key:1 to store for rank: 0
INFO [18692 distributed_c10d.py:442] Added key: store_based_barrier_key:1 to store for rank: 1
INFO [18697 distributed_c10d.py:442] Added key: store_based_barrier_key:1 to store for rank: 6
INFO [18693 distributed_c10d.py:442] Added key: store_based_barrier_key:1 to store for rank: 2
INFO [18694 distributed_c10d.py:442] Added key: store_based_barrier_key:1 to store for rank: 3
INFO [18695 distributed_c10d.py:442] Added key: store_based_barrier_key:1 to store for rank: 4
INFO [16772 distributed_c10d.py:476] Rank 0: Completed store-based barrier for key:store_based_barrier_key:1 with 8 nodes.
INFO [18696 distributed_c10d.py:442] Added key: store_based_barrier_key:1 to store for rank: 5
INFO [18698 distributed_c10d.py:442] Added key: store_based_barrier_key:1 to store for rank: 7
INFO [18697 distributed_c10d.py:476] Rank 6: Completed store-based barrier for key:store_based_barrier_key:1 with 8 nodes.
INFO [18693 distributed_c10d.py:476] Rank 2: Completed store-based barrier for key:store_based_barrier_key:1 with 8 nodes.
INFO [18692 distributed_c10d.py:476] Rank 1: Completed store-based barrier for key:store_based_barrier_key:1 with 8 nodes.
INFO [18695 distributed_c10d.py:476] Rank 4: Completed store-based barrier for key:store_based_barrier_key:1 with 8 nodes.
INFO [18696 distributed_c10d.py:476] Rank 5: Completed store-based barrier for key:store_based_barrier_key:1 with 8 nodes.
E20240211 11:13:15.756543 16772 IPCTensor.h:348] IPCTensor full_emb already exists
INFO [18698 distributed_c10d.py:476] Rank 7: Completed store-based barrier for key:store_based_barrier_key:1 with 8 nodes.
INFO [18694 distributed_c10d.py:476] Rank 3: Completed store-based barrier for key:store_based_barrier_key:1 with 8 nodes.
E20240211 11:13:15.757170 18697 IPCTensor.h:348] IPCTensor full_emb already exists
E20240211 11:13:15.757191 18693 IPCTensor.h:348] IPCTensor full_emb already exists
E20240211 11:13:15.757221 18695 IPCTensor.h:348] IPCTensor full_emb already exists
E20240211 11:13:15.757239 18692 IPCTensor.h:348] IPCTensor full_emb already exists
E20240211 11:13:15.757340 18696 IPCTensor.h:348] IPCTensor full_emb already exists
E20240211 11:13:15.757385 18698 IPCTensor.h:348] IPCTensor full_emb already exists
E20240211 11:13:15.757756 18694 IPCTensor.h:348] IPCTensor full_emb already exists
W20240211 11:13:21.105404 18693 IPCTensor.h:409] NewIPCGPUTensor: embedding_cache_2 [944920, 32]; dev=2; size=115.3 MB
W20240211 11:13:21.105501 18692 IPCTensor.h:409] NewIPCGPUTensor: embedding_cache_1 [944920, 32]; dev=1; size=115.3 MB
W20240211 11:13:21.105679 18695 IPCTensor.h:409] NewIPCGPUTensor: embedding_cache_4 [944920, 32]; dev=4; size=115.3 MB
W20240211 11:13:21.105700 18696 IPCTensor.h:409] NewIPCGPUTensor: embedding_cache_5 [944920, 32]; dev=5; size=115.3 MB
W20240211 11:13:21.107945 18697 IPCTensor.h:409] NewIPCGPUTensor: embedding_cache_6 [944920, 32]; dev=6; size=115.3 MB
W20240211 11:13:21.108112 18694 IPCTensor.h:409] NewIPCGPUTensor: embedding_cache_3 [944920, 32]; dev=3; size=115.3 MB
W20240211 11:13:21.108937 18698 IPCTensor.h:409] NewIPCGPUTensor: embedding_cache_7 [944920, 32]; dev=7; size=115.3 MB
W20240211 11:13:21.121091 16772 IPCTensor.h:409] NewIPCGPUTensor: embedding_cache_0 [944920, 32]; dev=0; size=115.3 MB
W20240211 11:13:21.819223 18695 IPCTensor.h:369] NewIPCTensor: input_keys_4 [1000000]0x10004817d000 7.629 MB
W20240211 11:13:21.819414 18695 IPCTensor.h:369] NewIPCTensor: input_keys_neg_4 [1000000]0x100048920000 7.629 MB
W20240211 11:13:21.819469 18695 IPCTensor.h:369] NewIPCTensor: backward_grads_4 [1000000, 32]0x1000490c3000 122.1 MB
W20240211 11:13:21.819504 18695 IPCTensor.h:369] NewIPCTensor: backward_grads_neg_4 [1000000, 32]0x100050ad7000 122.1 MB
W20240211 11:13:21.819533 18695 IPCTensor.h:409] NewIPCGPUTensor: backward_grads_4_gpu [1000000, 32]; dev=4; size=122.1 MB
W20240211 11:13:21.820288 18695 IPCTensor.h:409] NewIPCGPUTensor: backward_grads_neg_4_gpu [1000000, 32]; dev=4; size=122.1 MB
W20240211 11:13:21.851994 18692 IPCTensor.h:369] NewIPCTensor: input_keys_1 [1000000]0x1000584f1000 7.629 MB
W20240211 11:13:21.852198 18692 IPCTensor.h:369] NewIPCTensor: input_keys_neg_1 [1000000]0x100058c94000 7.629 MB
W20240211 11:13:21.852254 18692 IPCTensor.h:369] NewIPCTensor: backward_grads_1 [1000000, 32]0x100059437000 122.1 MB
W20240211 11:13:21.852295 18692 IPCTensor.h:369] NewIPCTensor: backward_grads_neg_1 [1000000, 32]0x100060e4b000 122.1 MB
W20240211 11:13:21.852329 18692 IPCTensor.h:409] NewIPCGPUTensor: backward_grads_1_gpu [1000000, 32]; dev=1; size=122.1 MB
W20240211 11:13:21.854899 18696 IPCTensor.h:369] NewIPCTensor: input_keys_5 [1000000]0x100068861000 7.629 MB
W20240211 11:13:21.855072 18696 IPCTensor.h:369] NewIPCTensor: input_keys_neg_5 [1000000]0x100069004000 7.629 MB
W20240211 11:13:21.855135 18696 IPCTensor.h:369] NewIPCTensor: backward_grads_5 [1000000, 32]0x1000697a7000 122.1 MB
W20240211 11:13:21.855176 18696 IPCTensor.h:369] NewIPCTensor: backward_grads_neg_5 [1000000, 32]0x1000711bb000 122.1 MB
W20240211 11:13:21.855206 18696 IPCTensor.h:409] NewIPCGPUTensor: backward_grads_5_gpu [1000000, 32]; dev=5; size=122.1 MB
W20240211 11:13:21.855844 18696 IPCTensor.h:409] NewIPCGPUTensor: backward_grads_neg_5_gpu [1000000, 32]; dev=5; size=122.1 MB
W20240211 11:13:21.855989 18692 IPCTensor.h:409] NewIPCGPUTensor: backward_grads_neg_1_gpu [1000000, 32]; dev=1; size=122.1 MB
W20240211 11:13:21.864007 18694 IPCTensor.h:369] NewIPCTensor: input_keys_3 [1000000]0x100078bd9000 7.629 MB
W20240211 11:13:21.864209 18694 IPCTensor.h:369] NewIPCTensor: input_keys_neg_3 [1000000]0x10007937c000 7.629 MB
W20240211 11:13:21.864284 18694 IPCTensor.h:369] NewIPCTensor: backward_grads_3 [1000000, 32]0x100079b1f000 122.1 MB
W20240211 11:13:21.864323 18694 IPCTensor.h:369] NewIPCTensor: backward_grads_neg_3 [1000000, 32]0x100081533000 122.1 MB
W20240211 11:13:21.864356 18694 IPCTensor.h:409] NewIPCGPUTensor: backward_grads_3_gpu [1000000, 32]; dev=3; size=122.1 MB
W20240211 11:13:21.906512 18694 IPCTensor.h:409] NewIPCGPUTensor: backward_grads_neg_3_gpu [1000000, 32]; dev=3; size=122.1 MB
W20240211 11:13:21.920836 18693 IPCTensor.h:369] NewIPCTensor: input_keys_2 [1000000]0x100088f4d000 7.629 MB
W20240211 11:13:21.921013 18693 IPCTensor.h:369] NewIPCTensor: input_keys_neg_2 [1000000]0x1000896f0000 7.629 MB
W20240211 11:13:21.921093 18693 IPCTensor.h:369] NewIPCTensor: backward_grads_2 [1000000, 32]0x100089e93000 122.1 MB
W20240211 11:13:21.921139 18693 IPCTensor.h:369] NewIPCTensor: backward_grads_neg_2 [1000000, 32]0x1000918a7000 122.1 MB
W20240211 11:13:21.921178 18693 IPCTensor.h:409] NewIPCGPUTensor: backward_grads_2_gpu [1000000, 32]; dev=2; size=122.1 MB
W20240211 11:13:21.923360 18693 IPCTensor.h:409] NewIPCGPUTensor: backward_grads_neg_2_gpu [1000000, 32]; dev=2; size=122.1 MB
W20240211 11:13:21.938571 18697 IPCTensor.h:369] NewIPCTensor: input_keys_6 [1000000]0x1000992c1000 7.629 MB
W20240211 11:13:21.938863 18697 IPCTensor.h:369] NewIPCTensor: input_keys_neg_6 [1000000]0x100099a64000 7.629 MB
W20240211 11:13:21.938989 18697 IPCTensor.h:369] NewIPCTensor: backward_grads_6 [1000000, 32]0x10009a207000 122.1 MB
W20240211 11:13:21.939075 18697 IPCTensor.h:369] NewIPCTensor: backward_grads_neg_6 [1000000, 32]0x1000a1c1b000 122.1 MB
W20240211 11:13:21.939150 18697 IPCTensor.h:409] NewIPCGPUTensor: backward_grads_6_gpu [1000000, 32]; dev=6; size=122.1 MB
W20240211 11:13:21.941850 16772 IPCTensor.h:369] NewIPCTensor: input_keys_0 [1000000]0x1000a9631000 7.629 MB
W20240211 11:13:21.942659 16772 IPCTensor.h:369] NewIPCTensor: input_keys_neg_0 [1000000]0x1000a9dd4000 7.629 MB
W20240211 11:13:21.943022 16772 IPCTensor.h:369] NewIPCTensor: backward_grads_0 [1000000, 32]0x1000aa577000 122.1 MB
W20240211 11:13:21.943320 16772 IPCTensor.h:369] NewIPCTensor: backward_grads_neg_0 [1000000, 32]0x1000b1f8b000 122.1 MB
W20240211 11:13:21.943471 16772 IPCTensor.h:409] NewIPCGPUTensor: backward_grads_0_gpu [1000000, 32]; dev=0; size=122.1 MB
W20240211 11:13:22.017990 18697 IPCTensor.h:409] NewIPCGPUTensor: backward_grads_neg_6_gpu [1000000, 32]; dev=6; size=122.1 MB
W20240211 11:13:22.023089 16772 IPCTensor.h:409] NewIPCGPUTensor: backward_grads_neg_0_gpu [1000000, 32]; dev=0; size=122.1 MB
W20240211 11:13:22.023344 18698 IPCTensor.h:369] NewIPCTensor: input_keys_7 [1000000]0x1000b99a5000 7.629 MB
W20240211 11:13:22.023505 18698 IPCTensor.h:369] NewIPCTensor: input_keys_neg_7 [1000000]0x1000ba14a000 7.629 MB
W20240211 11:13:22.023563 18698 IPCTensor.h:369] NewIPCTensor: backward_grads_7 [1000000, 32]0x1000ba8ed000 122.1 MB
W20240211 11:13:22.023605 18698 IPCTensor.h:369] NewIPCTensor: backward_grads_neg_7 [1000000, 32]0x1000c2301000 122.1 MB
W20240211 11:13:22.023639 18698 IPCTensor.h:409] NewIPCGPUTensor: backward_grads_7_gpu [1000000, 32]; dev=7; size=122.1 MB
W20240211 11:13:22.027719 18698 IPCTensor.h:409] NewIPCGPUTensor: backward_grads_neg_7_gpu [1000000, 32]; dev=7; size=122.1 MB
cudaHostRegister 0x100000002000
5: KnownLocalCachedEmbedding init done
cudaHostRegister 0x100000002000
3: KnownLocalCachedEmbedding init done
cudaHostRegister 0x100000002000
6: KnownLocalCachedEmbedding init done
cudaHostRegister 0x100000002000
7: KnownLocalCachedEmbedding init done
cudaHostRegister 0x100000002000
4: KnownLocalCachedEmbedding init done
Worker 7 pid=18698
New CachedEmbedding, name=full_emb, shape=(9449206, 32), cache_type=KnownLocalCachedEmbeddingSoftware
fixed cache_range is [(0, 944920), (944920, 1889840), (1889840, 2834760), (2834760, 3779680), (3779680, 4724600), (4724600, 5669520), (5669520, 6614440), (6614440, 7559360)]
cudaHostRegister 0x100000002000
0: KnownLocalCachedEmbedding init done
cudaHostRegister 0x100000002000
2: KnownLocalCachedEmbedding init done
cudaHostRegister 0x100000002000
1: KnownLocalCachedEmbedding init done
W20240211 11:13:26.911340 16772 IPCTensor.h:369] NewIPCTensor: cached_sampler_r0_0 [1000000]0x1000c9d1b000 7.629 MB
W20240211 11:13:26.911593 16772 IPCTensor.h:369] NewIPCTensor: cached_sampler_r0_1 [1000000]0x1000ca4be000 7.629 MB
W20240211 11:13:26.911679 16772 IPCTensor.h:369] NewIPCTensor: cached_sampler_r0_2 [1000000]0x1000cac61000 7.629 MB
W20240211 11:13:26.911744 16772 IPCTensor.h:369] NewIPCTensor: cached_sampler_r0_3 [1000000]0x1000cb404000 7.629 MB
W20240211 11:13:26.911782 16772 IPCTensor.h:369] NewIPCTensor: cached_sampler_r0_4 [1000000]0x1000cbba7000 7.629 MB
W20240211 11:13:26.911855 16772 IPCTensor.h:369] NewIPCTensor: cached_sampler_r0_5 [1000000]0x1000cc34a000 7.629 MB
W20240211 11:13:26.911921 16772 IPCTensor.h:369] NewIPCTensor: cached_sampler_r0_6 [1000000]0x1000ccaed000 7.629 MB
W20240211 11:13:26.912029 16772 IPCTensor.h:369] NewIPCTensor: cached_sampler_r0_7 [1000000]0x1000cd290000 7.629 MB
W20240211 11:13:26.912144 16772 IPCTensor.h:369] NewIPCTensor: cached_sampler_r0_8 [1000000]0x1000cda33000 7.629 MB
W20240211 11:13:26.912232 16772 IPCTensor.h:369] NewIPCTensor: cached_sampler_r0_9 [1000000]0x1000ce1d6000 7.629 MB
W20240211 11:13:26.912295 16772 IPCTensor.h:369] NewIPCTensor: step_r0 [10]0x1000ce979000 80 B 
W20240211 11:13:26.912336 16772 IPCTensor.h:369] NewIPCTensor: circle_buffer_end_r0 [1]0x1000ce97b000 8 B 
W20240211 11:13:26.912423 16772 IPCTensor.h:369] NewIPCTensor: circle_buffer_end_cppseen_r0 [1]0x1000ce97d000 8 B 
Dataset:  /home/xieminhui/RecStoreDataset/avazu_binary
Dataset loaded
np.max =  9449205
np.min=  1
Construct RecModelSampler done
Construct KGCacheControllerWrapper done
E20240211 11:13:26.913865 16772 recstore.cc:66] init folly done
W20240211 11:13:26.967489 18695 IPCTensor.h:369] NewIPCTensor: cached_sampler_r4_0 [1000000]0x1000ce97f000 7.629 MB
W20240211 11:13:26.967881 18695 IPCTensor.h:369] NewIPCTensor: cached_sampler_r4_1 [1000000]0x1000cf122000 7.629 MB
W20240211 11:13:26.968019 18695 IPCTensor.h:369] NewIPCTensor: cached_sampler_r4_2 [1000000]0x1000cf8c5000 7.629 MB
W20240211 11:13:26.968209 18695 IPCTensor.h:369] NewIPCTensor: cached_sampler_r4_3 [1000000]0x1000d0068000 7.629 MB
W20240211 11:13:26.968353 18695 IPCTensor.h:369] NewIPCTensor: cached_sampler_r4_4 [1000000]0x1000d080b000 7.629 MB
W20240211 11:13:26.968488 18695 IPCTensor.h:369] NewIPCTensor: cached_sampler_r4_5 [1000000]0x1000d0fae000 7.629 MB
W20240211 11:13:26.968652 18695 IPCTensor.h:369] NewIPCTensor: cached_sampler_r4_6 [1000000]0x1000d1751000 7.629 MB
W20240211 11:13:26.968796 18695 IPCTensor.h:369] NewIPCTensor: cached_sampler_r4_7 [1000000]0x1000d1ef4000 7.629 MB
W20240211 11:13:26.968935 18695 IPCTensor.h:369] NewIPCTensor: cached_sampler_r4_8 [1000000]0x1000d2697000 7.629 MB
W20240211 11:13:26.969053 18695 IPCTensor.h:369] NewIPCTensor: cached_sampler_r4_9 [1000000]0x1000d2e3a000 7.629 MB
W20240211 11:13:26.969192 18695 IPCTensor.h:369] NewIPCTensor: step_r4 [10]0x1000d35dd000 80 B 
W20240211 11:13:26.969293 18695 IPCTensor.h:369] NewIPCTensor: circle_buffer_end_r4 [1]0x1000d35df000 8 B 
W20240211 11:13:26.969421 18695 IPCTensor.h:369] NewIPCTensor: circle_buffer_end_cppseen_r4 [1]0x1000d35e1000 8 B 
Dataset:  /home/xieminhui/RecStoreDataset/avazu_binary
Dataset loaded
np.max =  9449205
np.min=  1
Construct RecModelSampler done
Construct KGCacheControllerWrapper done
E20240211 11:13:26.970501 18695 recstore.cc:66] init folly done
W20240211 11:13:26.980686 18698 IPCTensor.h:369] NewIPCTensor: cached_sampler_r7_0 [1000000]0x1000d35e3000 7.629 MB
W20240211 11:13:26.980877 18698 IPCTensor.h:369] NewIPCTensor: cached_sampler_r7_1 [1000000]0x1000d3d86000 7.629 MB
W20240211 11:13:26.980935 18698 IPCTensor.h:369] NewIPCTensor: cached_sampler_r7_2 [1000000]0x1000d4529000 7.629 MB
W20240211 11:13:26.980986 18698 IPCTensor.h:369] NewIPCTensor: cached_sampler_r7_3 [1000000]0x1000d4ccc000 7.629 MB
W20240211 11:13:26.981060 18698 IPCTensor.h:369] NewIPCTensor: cached_sampler_r7_4 [1000000]0x1000d546f000 7.629 MB
W20240211 11:13:26.981105 18698 IPCTensor.h:369] NewIPCTensor: cached_sampler_r7_5 [1000000]0x1000d5c12000 7.629 MB
W20240211 11:13:26.981169 18698 IPCTensor.h:369] NewIPCTensor: cached_sampler_r7_6 [1000000]0x1000d63b5000 7.629 MB
W20240211 11:13:26.981218 18698 IPCTensor.h:369] NewIPCTensor: cached_sampler_r7_7 [1000000]0x1000d6b58000 7.629 MB
W20240211 11:13:26.981264 18698 IPCTensor.h:369] NewIPCTensor: cached_sampler_r7_8 [1000000]0x1000d72fb000 7.629 MB
W20240211 11:13:26.981310 18698 IPCTensor.h:369] NewIPCTensor: cached_sampler_r7_9 [1000000]0x1000d7a9e000 7.629 MB
W20240211 11:13:26.981360 18698 IPCTensor.h:369] NewIPCTensor: step_r7 [10]0x1000d8241000 80 B 
W20240211 11:13:26.981393 18698 IPCTensor.h:369] NewIPCTensor: circle_buffer_end_r7 [1]0x1000d8243000 8 B 
W20240211 11:13:26.981432 18698 IPCTensor.h:369] NewIPCTensor: circle_buffer_end_cppseen_r7 [1]0x1000d8245000 8 B 
Dataset:  /home/xieminhui/RecStoreDataset/avazu_binary
Dataset loaded
np.max =  9449205
np.min=  1
Construct RecModelSampler done
Construct KGCacheControllerWrapper done
E20240211 11:13:26.981935 18698 recstore.cc:66] init folly done
W20240211 11:13:26.992487 18696 IPCTensor.h:369] NewIPCTensor: cached_sampler_r5_0 [1000000]0x1000d8247000 7.629 MB
W20240211 11:13:26.992646 18696 IPCTensor.h:369] NewIPCTensor: cached_sampler_r5_1 [1000000]0x1000d89ea000 7.629 MB
W20240211 11:13:26.992702 18696 IPCTensor.h:369] NewIPCTensor: cached_sampler_r5_2 [1000000]0x1000d918d000 7.629 MB
W20240211 11:13:26.992756 18696 IPCTensor.h:369] NewIPCTensor: cached_sampler_r5_3 [1000000]0x1000d9930000 7.629 MB
W20240211 11:13:26.992811 18696 IPCTensor.h:369] NewIPCTensor: cached_sampler_r5_4 [1000000]0x1000da0d3000 7.629 MB
W20240211 11:13:26.992863 18696 IPCTensor.h:369] NewIPCTensor: cached_sampler_r5_5 [1000000]0x1000da876000 7.629 MB
W20240211 11:13:26.992938 18696 IPCTensor.h:369] NewIPCTensor: cached_sampler_r5_6 [1000000]0x1000db019000 7.629 MB
W20240211 11:13:26.992998 18696 IPCTensor.h:369] NewIPCTensor: cached_sampler_r5_7 [1000000]0x1000db7bc000 7.629 MB
W20240211 11:13:26.993060 18696 IPCTensor.h:369] NewIPCTensor: cached_sampler_r5_8 [1000000]0x1000dbf5f000 7.629 MB
W20240211 11:13:26.993111 18696 IPCTensor.h:369] NewIPCTensor: cached_sampler_r5_9 [1000000]0x1000dc702000 7.629 MB
W20240211 11:13:26.993167 18696 IPCTensor.h:369] NewIPCTensor: step_r5 [10]0x1000dcea5000 80 B 
W20240211 11:13:26.993221 18696 IPCTensor.h:369] NewIPCTensor: circle_buffer_end_r5 [1]0x1000dcea7000 8 B 
W20240211 11:13:26.993265 18696 IPCTensor.h:369] NewIPCTensor: circle_buffer_end_cppseen_r5 [1]0x1000dcea9000 8 B 
Dataset:  /home/xieminhui/RecStoreDataset/avazu_binary
Dataset loaded
np.max =  9449205
np.min=  1
Construct RecModelSampler done
Construct KGCacheControllerWrapper done
E20240211 11:13:26.993712 18696 recstore.cc:66] init folly done
W20240211 11:13:27.094296 18693 IPCTensor.h:369] NewIPCTensor: cached_sampler_r2_0 [1000000]0x1000dceab000 7.629 MB
W20240211 11:13:27.094477 18693 IPCTensor.h:369] NewIPCTensor: cached_sampler_r2_1 [1000000]0x1000dd64e000 7.629 MB
W20240211 11:13:27.094520 18693 IPCTensor.h:369] NewIPCTensor: cached_sampler_r2_2 [1000000]0x1000dddf1000 7.629 MB
W20240211 11:13:27.094563 18693 IPCTensor.h:369] NewIPCTensor: cached_sampler_r2_3 [1000000]0x1000de594000 7.629 MB
W20240211 11:13:27.094605 18693 IPCTensor.h:369] NewIPCTensor: cached_sampler_r2_4 [1000000]0x1000ded37000 7.629 MB
W20240211 11:13:27.094651 18693 IPCTensor.h:369] NewIPCTensor: cached_sampler_r2_5 [1000000]0x1000df4da000 7.629 MB
W20240211 11:13:27.094722 18693 IPCTensor.h:369] NewIPCTensor: cached_sampler_r2_6 [1000000]0x1000dfc7d000 7.629 MB
W20240211 11:13:27.094774 18693 IPCTensor.h:369] NewIPCTensor: cached_sampler_r2_7 [1000000]0x1000e0420000 7.629 MB
W20240211 11:13:27.094820 18693 IPCTensor.h:369] NewIPCTensor: cached_sampler_r2_8 [1000000]0x1000e0bc3000 7.629 MB
W20240211 11:13:27.094861 18693 IPCTensor.h:369] NewIPCTensor: cached_sampler_r2_9 [1000000]0x1000e1366000 7.629 MB
W20240211 11:13:27.094910 18693 IPCTensor.h:369] NewIPCTensor: step_r2 [10]0x1000e1b09000 80 B 
W20240211 11:13:27.094947 18693 IPCTensor.h:369] NewIPCTensor: circle_buffer_end_r2 [1]0x1000e1b0b000 8 B 
W20240211 11:13:27.094985 18693 IPCTensor.h:369] NewIPCTensor: circle_buffer_end_cppseen_r2 [1]0x1000e1b0d000 8 B 
Dataset:  /home/xieminhui/RecStoreDataset/avazu_binary
Dataset loaded
np.max =  9449205
np.min=  1
Construct RecModelSampler done
Construct KGCacheControllerWrapper done
E20240211 11:13:27.095511 18693 recstore.cc:66] init folly done
W20240211 11:13:27.543912 18697 IPCTensor.h:369] NewIPCTensor: cached_sampler_r6_0 [1000000]0x1000e1b0f000 7.629 MB
W20240211 11:13:27.544113 18697 IPCTensor.h:369] NewIPCTensor: cached_sampler_r6_1 [1000000]0x1000e22b2000 7.629 MB
W20240211 11:13:27.544162 18697 IPCTensor.h:369] NewIPCTensor: cached_sampler_r6_2 [1000000]0x1000e2a55000 7.629 MB
W20240211 11:13:27.544210 18697 IPCTensor.h:369] NewIPCTensor: cached_sampler_r6_3 [1000000]0x1000e31f8000 7.629 MB
W20240211 11:13:27.544257 18697 IPCTensor.h:369] NewIPCTensor: cached_sampler_r6_4 [1000000]0x1000e399b000 7.629 MB
W20240211 11:13:27.544307 18697 IPCTensor.h:369] NewIPCTensor: cached_sampler_r6_5 [1000000]0x1000e413e000 7.629 MB
W20240211 11:13:27.544369 18697 IPCTensor.h:369] NewIPCTensor: cached_sampler_r6_6 [1000000]0x1000e48e1000 7.629 MB
W20240211 11:13:27.544432 18697 IPCTensor.h:369] NewIPCTensor: cached_sampler_r6_7 [1000000]0x1000e5084000 7.629 MB
W20240211 11:13:27.544484 18697 IPCTensor.h:369] NewIPCTensor: cached_sampler_r6_8 [1000000]0x1000e5827000 7.629 MB
W20240211 11:13:27.544528 18697 IPCTensor.h:369] NewIPCTensor: cached_sampler_r6_9 [1000000]0x1000e5fca000 7.629 MB
W20240211 11:13:27.544577 18697 IPCTensor.h:369] NewIPCTensor: step_r6 [10]0x1000e676d000 80 B 
W20240211 11:13:27.544615 18697 IPCTensor.h:369] NewIPCTensor: circle_buffer_end_r6 [1]0x1000e676f000 8 B 
W20240211 11:13:27.544667 18697 IPCTensor.h:369] NewIPCTensor: circle_buffer_end_cppseen_r6 [1]0x1000e6771000 8 B 
Dataset:  /home/xieminhui/RecStoreDataset/avazu_binary
Dataset loaded
np.max =  9449205
np.min=  1
Construct RecModelSampler done
Construct KGCacheControllerWrapper done
E20240211 11:13:27.545171 18697 recstore.cc:66] init folly done
W20240211 11:13:27.622854 18692 IPCTensor.h:369] NewIPCTensor: cached_sampler_r1_0 [1000000]0x1000e6773000 7.629 MB
W20240211 11:13:27.623068 18692 IPCTensor.h:369] NewIPCTensor: cached_sampler_r1_1 [1000000]0x1000e6f16000 7.629 MB
W20240211 11:13:27.623118 18692 IPCTensor.h:369] NewIPCTensor: cached_sampler_r1_2 [1000000]0x1000e76b9000 7.629 MB
W20240211 11:13:27.623170 18692 IPCTensor.h:369] NewIPCTensor: cached_sampler_r1_3 [1000000]0x1000e7e5c000 7.629 MB
W20240211 11:13:27.623221 18692 IPCTensor.h:369] NewIPCTensor: cached_sampler_r1_4 [1000000]0x1000e85ff000 7.629 MB
W20240211 11:13:27.623267 18692 IPCTensor.h:369] NewIPCTensor: cached_sampler_r1_5 [1000000]0x1000e8da2000 7.629 MB
W20240211 11:13:27.623322 18692 IPCTensor.h:369] NewIPCTensor: cached_sampler_r1_6 [1000000]0x1000e9545000 7.629 MB
W20240211 11:13:27.623378 18692 IPCTensor.h:369] NewIPCTensor: cached_sampler_r1_7 [1000000]0x1000e9ce8000 7.629 MB
W20240211 11:13:27.623432 18692 IPCTensor.h:369] NewIPCTensor: cached_sampler_r1_8 [1000000]0x1000ea48b000 7.629 MB
W20240211 11:13:27.623476 18692 IPCTensor.h:369] NewIPCTensor: cached_sampler_r1_9 [1000000]0x1000eac2e000 7.629 MB
W20240211 11:13:27.623523 18692 IPCTensor.h:369] NewIPCTensor: step_r1 [10]0x1000eb3d1000 80 B 
W20240211 11:13:27.623560 18692 IPCTensor.h:369] NewIPCTensor: circle_buffer_end_r1 [1]0x1000eb3d3000 8 B 
W20240211 11:13:27.623602 18692 IPCTensor.h:369] NewIPCTensor: circle_buffer_end_cppseen_r1 [1]0x1000eb3d5000 8 B 
Dataset:  /home/xieminhui/RecStoreDataset/avazu_binary
Dataset loaded
np.max =  9449205
np.min=  1
Construct RecModelSampler done
Construct KGCacheControllerWrapper done
E20240211 11:13:27.624161 18692 recstore.cc:66] init folly done
W20240211 11:13:27.635175 18694 IPCTensor.h:369] NewIPCTensor: cached_sampler_r3_0 [1000000]0x1000eb3d7000 7.629 MB
W20240211 11:13:27.635416 18694 IPCTensor.h:369] NewIPCTensor: cached_sampler_r3_1 [1000000]0x1000ebb7a000 7.629 MB
W20240211 11:13:27.635468 18694 IPCTensor.h:369] NewIPCTensor: cached_sampler_r3_2 [1000000]0x1000ec31d000 7.629 MB
W20240211 11:13:27.635515 18694 IPCTensor.h:369] NewIPCTensor: cached_sampler_r3_3 [1000000]0x1000ecac0000 7.629 MB
W20240211 11:13:27.635563 18694 IPCTensor.h:369] NewIPCTensor: cached_sampler_r3_4 [1000000]0x1000ed263000 7.629 MB
W20240211 11:13:27.635614 18694 IPCTensor.h:369] NewIPCTensor: cached_sampler_r3_5 [1000000]0x1000eda06000 7.629 MB
W20240211 11:13:27.635681 18694 IPCTensor.h:369] NewIPCTensor: cached_sampler_r3_6 [1000000]0x1000ee1a9000 7.629 MB
W20240211 11:13:27.635782 18694 IPCTensor.h:369] NewIPCTensor: cached_sampler_r3_7 [1000000]0x1000ee94c000 7.629 MB
W20240211 11:13:27.635846 18694 IPCTensor.h:369] NewIPCTensor: cached_sampler_r3_8 [1000000]0x1000ef0ef000 7.629 MB
W20240211 11:13:27.635918 18694 IPCTensor.h:369] NewIPCTensor: cached_sampler_r3_9 [1000000]0x1000ef892000 7.629 MB
W20240211 11:13:27.635967 18694 IPCTensor.h:369] NewIPCTensor: step_r3 [10]0x1000f0035000 80 B 
W20240211 11:13:27.636003 18694 IPCTensor.h:369] NewIPCTensor: circle_buffer_end_r3 [1]0x1000f0037000 8 B 
W20240211 11:13:27.636044 18694 IPCTensor.h:369] NewIPCTensor: circle_buffer_end_cppseen_r3 [1]0x1000f0039000 8 B 
Dataset:  /home/xieminhui/RecStoreDataset/avazu_binary
Dataset loaded
np.max =  9449205
np.min=  1
Construct RecModelSampler done
Construct KGCacheControllerWrapper done
E20240211 11:13:27.637048 18694 recstore.cc:66] init folly done
Before Training
Before Training
Before Training
Before Training
Before Training
I20240211 11:13:28.462977 18692 IPC_barrier.h:118] CreateBarrier: new barrier, name: start_barrier, count: 8
I20240211 11:13:28.463037 18694 IPC_barrier.h:112] CreateBarrier: find existing barrier, name: start_barrier, count: 8
I20240211 11:13:28.463068 18696 IPC_barrier.h:112] CreateBarrier: find existing barrier, name: start_barrier, count: 8
I20240211 11:13:28.463090 18695 IPC_barrier.h:112] CreateBarrier: find existing barrier, name: start_barrier, count: 8
I20240211 11:13:28.463111 18693 IPC_barrier.h:112] CreateBarrier: find existing barrier, name: start_barrier, count: 8
Before Training
I20240211 11:13:28.463536 18697 IPC_barrier.h:112] CreateBarrier: find existing barrier, name: start_barrier, count: 8
Before Training
I20240211 11:13:28.464396 18698 IPC_barrier.h:112] CreateBarrier: find existing barrier, name: start_barrier, count: 8
Before Training
I20240211 11:13:28.464808 16772 IPC_barrier.h:112] CreateBarrier: find existing barrier, name: start_barrier, count: 8
========== Step 0 ========== 
+---------------------------+---------------------------+---------------------------+
| Name                      | P50                       | P99                       |
+---------------------------+---------------------------+---------------------------+
| GenInput:CircleBuffer     | 303.570 us                | 303.570 us                |
| GenInput                  | 851.735 us                | 851.735 us                |
| bucket keys               | 62.953 ms                 | 62.953 ms                 |
| forward: join             | 82.356 ms                 | 82.356 ms                 |
| NN                        | 268.936 ms                | 268.936 ms                |
| Forward                   | 500.949 ms                | 500.949 ms                |
| back: bucket keys         | 735.818 us                | 735.818 us                |
+---------------------------+---------------------------+---------------------------+
+---------------------------+---------------------------+---------------------------+
| Name                      | P50                       | P99                       |
+---------------------------+---------------------------+---------------------------+
| GenInput:CircleBuffer     | 303.570 us                | 303.570 us                |
| GenInput                  | 851.735 us                | 851.735 us                |
| bucket keys               | 62.953 ms                 | 62.953 ms                 |
| forward: join             | 82.356 ms                 | 82.356 ms                 |
| NN                        | 268.936 ms                | 268.936 ms                |
| Forward                   | 500.949 ms                | 500.949 ms                |
| back: bucket keys         | 735.818 us                | 735.818 us                |
+---------------------------+---------------------------+---------------------------+
+---------------------------+---------------------------+---------------------------+
| Name                      | P50                       | P99                       |
+---------------------------+---------------------------+---------------------------+
| GenInput:CircleBuffer     | 303.570 us                | 303.570 us                |
| GenInput                  | 851.735 us                | 851.735 us                |
| bucket keys               | 62.953 ms                 | 62.953 ms                 |
| forward: join             | 82.356 ms                 | 82.356 ms                 |
| NN                        | 268.936 ms                | 268.936 ms                |
| Forward                   | 500.949 ms                | 500.949 ms                |
| back: bucket keys         | 735.818 us                | 735.818 us                |
+---------------------------+---------------------------+---------------------------+
+---------------------------+---------------------------+---------------------------+
| Name                      | P50                       | P99                       |
+---------------------------+---------------------------+---------------------------+
| GenInput:CircleBuffer     | 303.570 us                | 303.570 us                |
| GenInput                  | 851.735 us                | 851.735 us                |
| bucket keys               | 62.953 ms                 | 62.953 ms                 |
| forward: join             | 82.356 ms                 | 82.356 ms                 |
| NN                        | 268.936 ms                | 268.936 ms                |
| Forward                   | 500.949 ms                | 500.949 ms                |
| back: bucket keys         | 735.818 us                | 735.818 us                |
+---------------------------+---------------------------+---------------------------+
+---------------------------+---------------------------+---------------------------+
| Name                      | P50                       | P99                       |
+---------------------------+---------------------------+---------------------------+
| GenInput:CircleBuffer     | 303.570 us                | 303.570 us                |
| GenInput                  | 851.735 us                | 851.735 us                |
| bucket keys               | 62.953 ms                 | 62.953 ms                 |
| forward: join             | 82.356 ms                 | 82.356 ms                 |
| NN                        | 268.936 ms                | 268.936 ms                |
| Forward                   | 500.949 ms                | 500.949 ms                |
| back: bucket keys         | 735.818 us                | 735.818 us                |
+---------------------------+---------------------------+---------------------------+
+---------------------------+---------------------------+---------------------------+
| Name                      | P50                       | P99                       |
+---------------------------+---------------------------+---------------------------+
| GenInput:CircleBuffer     | 303.570 us                | 303.570 us                |
| GenInput                  | 851.735 us                | 851.735 us                |
| bucket keys               | 62.953 ms                 | 62.953 ms                 |
| forward: join             | 82.356 ms                 | 82.356 ms                 |
| NN                        | 268.936 ms                | 268.936 ms                |
| Forward                   | 500.949 ms                | 500.949 ms                |
| back: bucket keys         | 735.818 us                | 735.818 us                |
+---------------------------+---------------------------+---------------------------+
+---------------------------+---------------------------+---------------------------+
| Name                      | P50                       | P99                       |
+---------------------------+---------------------------+---------------------------+
| GenInput:CircleBuffer     | 303.570 us                | 303.570 us                |
| GenInput                  | 851.735 us                | 851.735 us                |
| bucket keys               | 62.953 ms                 | 62.953 ms                 |
| forward: join             | 82.356 ms                 | 82.356 ms                 |
| NN                        | 268.936 ms                | 268.936 ms                |
| Forward                   | 500.949 ms                | 500.949 ms                |
| back: bucket keys         | 735.818 us                | 735.818 us                |
+---------------------------+---------------------------+---------------------------+
+---------------------------+---------------------------+---------------------------+
| Name                      | P50                       | P99                       |
+---------------------------+---------------------------+---------------------------+
| GenInput:CircleBuffer     | 303.570 us                | 303.570 us                |
| GenInput                  | 851.735 us                | 851.735 us                |
| bucket keys               | 62.953 ms                 | 62.953 ms                 |
| forward: join             | 82.356 ms                 | 82.356 ms                 |
| NN                        | 268.936 ms                | 268.936 ms                |
| Forward                   | 500.949 ms                | 500.949 ms                |
| back: bucket keys         | 735.818 us                | 735.818 us                |
+---------------------------+---------------------------+---------------------------+
+---------------------------+---------------------------+---------------------------+
| Name                      | P50                       | P99                       |
+---------------------------+---------------------------+---------------------------+
| GenInput:CircleBuffer     | 303.570 us                | 303.570 us                |
| GenInput                  | 851.735 us                | 851.735 us                |
| bucket keys               | 62.953 ms                 | 62.953 ms                 |
| forward: join             | 82.356 ms                 | 82.356 ms                 |
| NN                        | 268.936 ms                | 268.936 ms                |
| Forward                   | 500.949 ms                | 500.949 ms                |
| back: bucket keys         | 735.818 us                | 735.818 us                |
+---------------------------+---------------------------+---------------------------+
+---------------------------+---------------------------+---------------------------+
| Name                      | P50                       | P99                       |
+---------------------------+---------------------------+---------------------------+
| GenInput:CircleBuffer     | 303.570 us                | 303.570 us                |
| GenInput                  | 851.735 us                | 851.735 us                |
| bucket keys               | 62.953 ms                 | 62.953 ms                 |
| forward: join             | 82.356 ms                 | 82.356 ms                 |
| NN                        | 268.936 ms                | 268.936 ms                |
| Forward                   | 500.949 ms                | 500.949 ms                |
| back: bucket keys         | 735.818 us                | 735.818 us                |
+---------------------------+---------------------------+---------------------------+
========== Step 1 ========== 
INFO [16772 distributed.py:1140] Reducer buckets have been rebuilt in this iteration.
INFO [18692 distributed.py:1140] Reducer buckets have been rebuilt in this iteration.
INFO [18695 distributed.py:1140] Reducer buckets have been rebuilt in this iteration.
INFO [18697 distributed.py:1140] Reducer buckets have been rebuilt in this iteration.
INFO [18694 distributed.py:1140] Reducer buckets have been rebuilt in this iteration.
INFO [18693 distributed.py:1140] Reducer buckets have been rebuilt in this iteration.
INFO [18696 distributed.py:1140] Reducer buckets have been rebuilt in this iteration.
INFO [18698 distributed.py:1140] Reducer buckets have been rebuilt in this iteration.
========== Step 2 ========== 
+---------------------------+---------------------------+---------------------------+
| Name                      | P50                       | P99                       |
+---------------------------+---------------------------+---------------------------+
| GenInput:CircleBuffer     | 222.989 us                | 303.570 us                |
| GenInput                  | 891.889 us                | 2.039 ms                  |
| bucket keys               | 803.116 us                | 62.953 ms                 |
| forward: join             | 15.768 ms                 | 82.356 ms                 |
| NN                        | 3.956 ms                  | 268.936 ms                |
| Forward                   | 21.372 ms                 | 500.949 ms                |
| back: bucket keys         | 411.041 us                | 735.818 us                |
| back: a2a                 | 89.388 ms                 | 51.559 s                  |
| back: cache               | 11.467 ms                 | 32.318 ms                 |
| back: aggr dram keys      | 14.321 ms                 | 923.032 ms                |
| back: set dram grad       | 375.266 us                | 613.068 us                |
| Backward                  | 119.216 ms                | 52.608 s                  |
| Optimize                  | 26.103 ms                 | 128.751 ms                |
| OneStep                   | 170.308 ms                | 53.242 s                  |
+---------------------------+---------------------------+---------------------------+
========== Step 3 ========== 
========== Step 4 ========== 
========== Step 5 ========== 
========== Step 6 ========== 
========== Step 7 ========== 
========== Step 8 ========== 
========== Step 9 ========== 
========== Step 10 ========== 
========== Step 11 ========== 
========== Step 12 ========== 
========== Step 13 ========== 
========== Step 14 ========== 
========== Step 15 ========== 
========== Step 16 ========== 
========== Step 17 ========== 
========== Step 18 ========== 
========== Step 19 ========== 
========== Step 20 ========== 
========== Step 21 ========== 
========== Step 22 ========== 
========== Step 23 ========== 
========== Step 24 ========== 
========== Step 25 ========== 
========== Step 26 ========== 
========== Step 27 ========== 
========== Step 28 ========== 
========== Step 29 ========== 
========== Step 30 ========== 
========== Step 31 ========== 
========== Step 32 ========== 
========== Step 33 ========== 
========== Step 34 ========== 
+---------------------------+---------------------------+---------------------------+
| Name                      | P50                       | P99                       |
+---------------------------+---------------------------+---------------------------+
| GenInput:CircleBuffer     | 126.230 us                | 2.843 ms                  |
| GenInput                  | 691.598 us                | 5.131 ms                  |
| bucket keys               | 576.548 us                | 62.953 ms                 |
| forward: join             | 48.702 ms                 | 113.418 ms                |
| NN                        | 1.073 ms                  | 268.936 ms                |
| Forward                   | 66.467 ms                 | 500.949 ms                |
| back: bucket keys         | 406.914 us                | 735.818 us                |
| back: a2a                 | 36.950 ms                 | 51.559 s                  |
| back: cache               | 4.015 ms                  | 32.318 ms                 |
| back: aggr dram keys      | 18.400 ms                 | 923.032 ms                |
| back: set dram grad       | 211.305 us                | 613.068 us                |
| Backward                  | 71.423 ms                 | 52.608 s                  |
| Optimize                  | 16.799 ms                 | 128.751 ms                |
| OneStep                   | 157.146 ms                | 53.242 s                  |
+---------------------------+---------------------------+---------------------------+
========== Step 35 ========== 
========== Step 36 ========== 
========== Step 37 ========== 
========== Step 38 ========== 
========== Step 39 ========== 
========== Step 40 ========== 
========== Step 41 ========== 
========== Step 42 ========== 
========== Step 43 ========== 
========== Step 44 ========== 
========== Step 45 ========== 
========== Step 46 ========== 
========== Step 47 ========== 
========== Step 48 ========== 
========== Step 49 ========== 
Successfully xmh
