WARNING: Logging before InitGoogleLogging() is written to STDERR
I20240211 12:22:35.567806 49994 IPC_barrier.h:128] MultiProcessBarrierFactory->ClearIPCMemory()
W20240211 12:22:35.575799 49994 IPCTensor.h:369] NewIPCTensor: full_emb [33762578, 32]0x100000002000 4.025 GB
/data/home/xieminhui/RecStore/src/framework_adapters/torch/python/perf_rec_model.py:152: DeprecationWarning: The 'warn' function is deprecated, use 'warning' instead
  XLOG.warn("After init DistEmbedding")
WARNING [49994 perf_rec_model.py:152] After init DistEmbedding
========== Running Perf with routine <function routine_local_cache_helper at 0x7f7b97ca58a0>==========
Worker 1 pid=53292
Worker 2 pid=53293
Worker 3 pid=53294
Worker 4 pid=53308
Worker 5 pid=53318
Worker 6 pid=53328
INFO [49994 distributed_c10d.py:442] Added key: store_based_barrier_key:1 to store for rank: 0
INFO [53292 distributed_c10d.py:442] Added key: store_based_barrier_key:1 to store for rank: 1
INFO [53293 distributed_c10d.py:442] Added key: store_based_barrier_key:1 to store for rank: 2
INFO [53294 distributed_c10d.py:442] Added key: store_based_barrier_key:1 to store for rank: 3
INFO [53308 distributed_c10d.py:442] Added key: store_based_barrier_key:1 to store for rank: 4
INFO [53318 distributed_c10d.py:442] Added key: store_based_barrier_key:1 to store for rank: 5
INFO [53328 distributed_c10d.py:442] Added key: store_based_barrier_key:1 to store for rank: 6
INFO [53335 distributed_c10d.py:442] Added key: store_based_barrier_key:1 to store for rank: 7
INFO [53293 distributed_c10d.py:476] Rank 2: Completed store-based barrier for key:store_based_barrier_key:1 with 8 nodes.
INFO [53335 distributed_c10d.py:476] Rank 7: Completed store-based barrier for key:store_based_barrier_key:1 with 8 nodes.
INFO [53328 distributed_c10d.py:476] Rank 6: Completed store-based barrier for key:store_based_barrier_key:1 with 8 nodes.
INFO [53292 distributed_c10d.py:476] Rank 1: Completed store-based barrier for key:store_based_barrier_key:1 with 8 nodes.
INFO [53318 distributed_c10d.py:476] Rank 5: Completed store-based barrier for key:store_based_barrier_key:1 with 8 nodes.
INFO [53308 distributed_c10d.py:476] Rank 4: Completed store-based barrier for key:store_based_barrier_key:1 with 8 nodes.
INFO [53294 distributed_c10d.py:476] Rank 3: Completed store-based barrier for key:store_based_barrier_key:1 with 8 nodes.
E20240211 12:22:54.078567 53294 IPCTensor.h:348] IPCTensor full_emb already exists
E20240211 12:22:54.078579 53318 IPCTensor.h:348] IPCTensor full_emb already exists
E20240211 12:22:54.078575 53308 IPCTensor.h:348] IPCTensor full_emb already exists
E20240211 12:22:54.078574 53292 IPCTensor.h:348] IPCTensor full_emb already exists
E20240211 12:22:54.078812 53335 IPCTensor.h:348] IPCTensor full_emb already exists
E20240211 12:22:54.078822 53293 IPCTensor.h:348] IPCTensor full_emb already exists
E20240211 12:22:54.078819 53328 IPCTensor.h:348] IPCTensor full_emb already exists
INFO [49994 distributed_c10d.py:476] Rank 0: Completed store-based barrier for key:store_based_barrier_key:1 with 8 nodes.
E20240211 12:22:54.080401 49994 IPCTensor.h:348] IPCTensor full_emb already exists
W20240211 12:23:12.904222 53318 IPCTensor.h:409] NewIPCGPUTensor: embedding_cache_5 [3376257, 32]; dev=5; size=412.1 MB
W20240211 12:23:12.905038 53335 IPCTensor.h:409] NewIPCGPUTensor: embedding_cache_7 [3376257, 32]; dev=7; size=412.1 MB
W20240211 12:23:12.905033 53328 IPCTensor.h:409] NewIPCGPUTensor: embedding_cache_6 [3376257, 32]; dev=6; size=412.1 MB
W20240211 12:23:12.906548 49994 IPCTensor.h:409] NewIPCGPUTensor: embedding_cache_0 [3376257, 32]; dev=0; size=412.1 MB
W20240211 12:23:12.906776 53308 IPCTensor.h:409] NewIPCGPUTensor: embedding_cache_4 [3376257, 32]; dev=4; size=412.1 MB
W20240211 12:23:12.907088 53294 IPCTensor.h:409] NewIPCGPUTensor: embedding_cache_3 [3376257, 32]; dev=3; size=412.1 MB
W20240211 12:23:12.920841 53293 IPCTensor.h:409] NewIPCGPUTensor: embedding_cache_2 [3376257, 32]; dev=2; size=412.1 MB
W20240211 12:23:12.920886 53292 IPCTensor.h:409] NewIPCGPUTensor: embedding_cache_1 [3376257, 32]; dev=1; size=412.1 MB
W20240211 12:23:13.680647 53308 IPCTensor.h:369] NewIPCTensor: input_keys_4 [1000000]0x10010196e000 7.629 MB
W20240211 12:23:13.680852 53308 IPCTensor.h:369] NewIPCTensor: input_keys_neg_4 [1000000]0x100102111000 7.629 MB
W20240211 12:23:13.680909 53308 IPCTensor.h:369] NewIPCTensor: backward_grads_4 [1000000, 32]0x1001028b4000 122.1 MB
W20240211 12:23:13.680967 53308 IPCTensor.h:369] NewIPCTensor: backward_grads_neg_4 [1000000, 32]0x10010a2c8000 122.1 MB
W20240211 12:23:13.681015 53308 IPCTensor.h:409] NewIPCGPUTensor: backward_grads_4_gpu [1000000, 32]; dev=4; size=122.1 MB
W20240211 12:23:13.682201 53308 IPCTensor.h:409] NewIPCGPUTensor: backward_grads_neg_4_gpu [1000000, 32]; dev=4; size=122.1 MB
W20240211 12:23:13.682575 53318 IPCTensor.h:369] NewIPCTensor: input_keys_5 [1000000]0x100111ce0000 7.629 MB
W20240211 12:23:13.682720 53318 IPCTensor.h:369] NewIPCTensor: input_keys_neg_5 [1000000]0x100112483000 7.629 MB
W20240211 12:23:13.682771 53318 IPCTensor.h:369] NewIPCTensor: backward_grads_5 [1000000, 32]0x100112c28000 122.1 MB
W20240211 12:23:13.682826 53318 IPCTensor.h:369] NewIPCTensor: backward_grads_neg_5 [1000000, 32]0x10011a63c000 122.1 MB
W20240211 12:23:13.682881 53318 IPCTensor.h:409] NewIPCGPUTensor: backward_grads_5_gpu [1000000, 32]; dev=5; size=122.1 MB
W20240211 12:23:13.683382 53318 IPCTensor.h:409] NewIPCGPUTensor: backward_grads_neg_5_gpu [1000000, 32]; dev=5; size=122.1 MB
W20240211 12:23:13.698264 53328 IPCTensor.h:369] NewIPCTensor: input_keys_6 [1000000]0x100122058000 7.629 MB
W20240211 12:23:13.698431 53328 IPCTensor.h:369] NewIPCTensor: input_keys_neg_6 [1000000]0x1001227fb000 7.629 MB
W20240211 12:23:13.698480 53328 IPCTensor.h:369] NewIPCTensor: backward_grads_6 [1000000, 32]0x100122f9e000 122.1 MB
W20240211 12:23:13.698496 53292 IPCTensor.h:369] NewIPCTensor: input_keys_1 [1000000]0x10012a9b2000 7.629 MB
W20240211 12:23:13.698544 53328 IPCTensor.h:369] NewIPCTensor: backward_grads_neg_6 [1000000, 32]0x10012b155000 122.1 MB
W20240211 12:23:13.698616 53328 IPCTensor.h:409] NewIPCGPUTensor: backward_grads_6_gpu [1000000, 32]; dev=6; size=122.1 MB
W20240211 12:23:13.698710 53292 IPCTensor.h:369] NewIPCTensor: input_keys_neg_1 [1000000]0x100132b69000 7.629 MB
W20240211 12:23:13.698793 53292 IPCTensor.h:369] NewIPCTensor: backward_grads_1 [1000000, 32]0x10013330c000 122.1 MB
W20240211 12:23:13.698858 53292 IPCTensor.h:369] NewIPCTensor: backward_grads_neg_1 [1000000, 32]0x10013ad20000 122.1 MB
W20240211 12:23:13.698899 53292 IPCTensor.h:409] NewIPCGPUTensor: backward_grads_1_gpu [1000000, 32]; dev=1; size=122.1 MB
W20240211 12:23:13.699779 53292 IPCTensor.h:409] NewIPCGPUTensor: backward_grads_neg_1_gpu [1000000, 32]; dev=1; size=122.1 MB
W20240211 12:23:13.699795 53328 IPCTensor.h:409] NewIPCGPUTensor: backward_grads_neg_6_gpu [1000000, 32]; dev=6; size=122.1 MB
W20240211 12:23:13.721787 53335 IPCTensor.h:369] NewIPCTensor: input_keys_7 [1000000]0x100142740000 7.629 MB
W20240211 12:23:13.722047 53335 IPCTensor.h:369] NewIPCTensor: input_keys_neg_7 [1000000]0x100142ee3000 7.629 MB
W20240211 12:23:13.722079 49994 IPCTensor.h:369] NewIPCTensor: input_keys_0 [1000000]0x100143686000 7.629 MB
W20240211 12:23:13.722131 53335 IPCTensor.h:369] NewIPCTensor: backward_grads_7 [1000000, 32]0x100143e29000 122.1 MB
W20240211 12:23:13.722209 53335 IPCTensor.h:369] NewIPCTensor: backward_grads_neg_7 [1000000, 32]0x10014b83d000 122.1 MB
W20240211 12:23:13.722258 49994 IPCTensor.h:369] NewIPCTensor: input_keys_neg_0 [1000000]0x100153251000 7.629 MB
W20240211 12:23:13.722275 53335 IPCTensor.h:409] NewIPCGPUTensor: backward_grads_7_gpu [1000000, 32]; dev=7; size=122.1 MB
W20240211 12:23:13.722349 49994 IPCTensor.h:369] NewIPCTensor: backward_grads_0 [1000000, 32]0x1001539f4000 122.1 MB
W20240211 12:23:13.722404 49994 IPCTensor.h:369] NewIPCTensor: backward_grads_neg_0 [1000000, 32]0x10015b408000 122.1 MB
W20240211 12:23:13.722453 49994 IPCTensor.h:409] NewIPCGPUTensor: backward_grads_0_gpu [1000000, 32]; dev=0; size=122.1 MB
W20240211 12:23:13.722975 49994 IPCTensor.h:409] NewIPCGPUTensor: backward_grads_neg_0_gpu [1000000, 32]; dev=0; size=122.1 MB
W20240211 12:23:13.723088 53335 IPCTensor.h:409] NewIPCGPUTensor: backward_grads_neg_7_gpu [1000000, 32]; dev=7; size=122.1 MB
W20240211 12:23:13.724568 53294 IPCTensor.h:369] NewIPCTensor: input_keys_3 [1000000]0x100162e26000 7.629 MB
W20240211 12:23:13.724751 53294 IPCTensor.h:369] NewIPCTensor: input_keys_neg_3 [1000000]0x1001635c9000 7.629 MB
W20240211 12:23:13.724803 53294 IPCTensor.h:369] NewIPCTensor: backward_grads_3 [1000000, 32]0x100163d6c000 122.1 MB
W20240211 12:23:13.724861 53294 IPCTensor.h:369] NewIPCTensor: backward_grads_neg_3 [1000000, 32]0x10016b780000 122.1 MB
W20240211 12:23:13.724902 53294 IPCTensor.h:409] NewIPCGPUTensor: backward_grads_3_gpu [1000000, 32]; dev=3; size=122.1 MB
W20240211 12:23:13.725263 53294 IPCTensor.h:409] NewIPCGPUTensor: backward_grads_neg_3_gpu [1000000, 32]; dev=3; size=122.1 MB
W20240211 12:23:13.748932 53293 IPCTensor.h:369] NewIPCTensor: input_keys_2 [1000000]0x10017319a000 7.629 MB
W20240211 12:23:13.749516 53293 IPCTensor.h:369] NewIPCTensor: input_keys_neg_2 [1000000]0x10017393d000 7.629 MB
W20240211 12:23:13.749639 53293 IPCTensor.h:369] NewIPCTensor: backward_grads_2 [1000000, 32]0x1001740e0000 122.1 MB
W20240211 12:23:13.749790 53293 IPCTensor.h:369] NewIPCTensor: backward_grads_neg_2 [1000000, 32]0x10017baf4000 122.1 MB
W20240211 12:23:13.749868 53293 IPCTensor.h:409] NewIPCGPUTensor: backward_grads_2_gpu [1000000, 32]; dev=2; size=122.1 MB
W20240211 12:23:13.750273 53293 IPCTensor.h:409] NewIPCGPUTensor: backward_grads_neg_2_gpu [1000000, 32]; dev=2; size=122.1 MB
cudaHostRegister 0x100000002000
2: KnownLocalCachedEmbedding init done
cudaHostRegister 0x100000002000
1: KnownLocalCachedEmbedding init done
cudaHostRegister 0x100000002000
3: KnownLocalCachedEmbedding init done
cudaHostRegister 0x100000002000
6: KnownLocalCachedEmbedding init done
Worker 7 pid=53335
New CachedEmbedding, name=full_emb, shape=(33762578, 32), cache_type=KnownLocalCachedEmbedding
fixed cache_range is [(0, 3376257), (3376257, 6752514), (6752514, 10128771), (10128771, 13505028), (13505028, 16881285), (16881285, 20257542), (20257542, 23633799), (23633799, 27010056)]
cudaHostRegister 0x100000002000
0: KnownLocalCachedEmbedding init done
cudaHostRegister 0x100000002000
7: KnownLocalCachedEmbedding init done
cudaHostRegister 0x100000002000
4: KnownLocalCachedEmbedding init done
cudaHostRegister 0x100000002000
5: KnownLocalCachedEmbedding init done
W20240211 12:23:21.563462 49994 IPCTensor.h:369] NewIPCTensor: cached_sampler_r0_0 [1000000]0x10018350c000 7.629 MB
W20240211 12:23:21.563795 49994 IPCTensor.h:369] NewIPCTensor: cached_sampler_r0_1 [1000000]0x100183caf000 7.629 MB
W20240211 12:23:21.563861 49994 IPCTensor.h:369] NewIPCTensor: cached_sampler_r0_2 [1000000]0x100184452000 7.629 MB
W20240211 12:23:21.563908 49994 IPCTensor.h:369] NewIPCTensor: cached_sampler_r0_3 [1000000]0x100184bf5000 7.629 MB
W20240211 12:23:21.563948 49994 IPCTensor.h:369] NewIPCTensor: cached_sampler_r0_4 [1000000]0x100185398000 7.629 MB
W20240211 12:23:21.563987 49994 IPCTensor.h:369] NewIPCTensor: cached_sampler_r0_5 [1000000]0x100185b3b000 7.629 MB
W20240211 12:23:21.564030 49994 IPCTensor.h:369] NewIPCTensor: cached_sampler_r0_6 [1000000]0x1001862de000 7.629 MB
W20240211 12:23:21.564110 49994 IPCTensor.h:369] NewIPCTensor: cached_sampler_r0_7 [1000000]0x100186a81000 7.629 MB
W20240211 12:23:21.564160 49994 IPCTensor.h:369] NewIPCTensor: cached_sampler_r0_8 [1000000]0x100187224000 7.629 MB
W20240211 12:23:21.564208 49994 IPCTensor.h:369] NewIPCTensor: cached_sampler_r0_9 [1000000]0x1001879c7000 7.629 MB
W20240211 12:23:21.564255 49994 IPCTensor.h:369] NewIPCTensor: step_r0 [10]0x10018816a000 80 B 
W20240211 12:23:21.564294 49994 IPCTensor.h:369] NewIPCTensor: circle_buffer_end_r0 [1]0x10018816c000 8 B 
W20240211 12:23:21.564329 49994 IPCTensor.h:369] NewIPCTensor: circle_buffer_end_cppseen_r0 [1]0x10018816e000 8 B 
Dataset:  /home/xieminhui/RecStoreDataset/criteo_binary
Dataset loaded
np.max =  33762577
np.min=  1
Construct RecModelSampler done
I20240211 12:23:21.565039 49994 IPC_barrier.h:118] CreateBarrier: new barrier, name: kgcachecontroller, count: 8
W20240211 12:23:21.568115 53308 IPCTensor.h:369] NewIPCTensor: cached_sampler_r4_0 [1000000]0x100188170000 7.629 MB
W20240211 12:23:21.568450 53308 IPCTensor.h:369] NewIPCTensor: cached_sampler_r4_1 [1000000]0x100188913000 7.629 MB
W20240211 12:23:21.568517 53308 IPCTensor.h:369] NewIPCTensor: cached_sampler_r4_2 [1000000]0x1001890b6000 7.629 MB
W20240211 12:23:21.568567 53308 IPCTensor.h:369] NewIPCTensor: cached_sampler_r4_3 [1000000]0x100189859000 7.629 MB
W20240211 12:23:21.568603 53308 IPCTensor.h:369] NewIPCTensor: cached_sampler_r4_4 [1000000]0x100189ffc000 7.629 MB
W20240211 12:23:21.568665 53308 IPCTensor.h:369] NewIPCTensor: cached_sampler_r4_5 [1000000]0x10018a79f000 7.629 MB
W20240211 12:23:21.568710 53308 IPCTensor.h:369] NewIPCTensor: cached_sampler_r4_6 [1000000]0x10018af42000 7.629 MB
W20240211 12:23:21.568783 53308 IPCTensor.h:369] NewIPCTensor: cached_sampler_r4_7 [1000000]0x10018b6e5000 7.629 MB
W20240211 12:23:21.568828 53308 IPCTensor.h:369] NewIPCTensor: cached_sampler_r4_8 [1000000]0x10018be88000 7.629 MB
W20240211 12:23:21.568864 53308 IPCTensor.h:369] NewIPCTensor: cached_sampler_r4_9 [1000000]0x10018c62b000 7.629 MB
W20240211 12:23:21.568941 53308 IPCTensor.h:369] NewIPCTensor: step_r4 [10]0x10018cdce000 80 B 
W20240211 12:23:21.568990 53308 IPCTensor.h:369] NewIPCTensor: circle_buffer_end_r4 [1]0x10018cdd0000 8 B 
W20240211 12:23:21.569044 53308 IPCTensor.h:369] NewIPCTensor: circle_buffer_end_cppseen_r4 [1]0x10018cdd2000 8 B 
Dataset:  /home/xieminhui/RecStoreDataset/criteo_binary
Dataset loaded
np.max =  33762577
np.min=  1
Construct RecModelSampler done
I20240211 12:23:21.569510 53308 IPC_barrier.h:112] CreateBarrier: find existing barrier, name: kgcachecontroller, count: 8
W20240211 12:23:21.570858 53328 IPCTensor.h:369] NewIPCTensor: cached_sampler_r6_0 [1000000]0x10018cdd4000 7.629 MB
W20240211 12:23:21.570972 53328 IPCTensor.h:369] NewIPCTensor: cached_sampler_r6_1 [1000000]0x10018d577000 7.629 MB
W20240211 12:23:21.571027 53328 IPCTensor.h:369] NewIPCTensor: cached_sampler_r6_2 [1000000]0x10018dd1a000 7.629 MB
W20240211 12:23:21.571069 53328 IPCTensor.h:369] NewIPCTensor: cached_sampler_r6_3 [1000000]0x10018e4bd000 7.629 MB
W20240211 12:23:21.571103 53328 IPCTensor.h:369] NewIPCTensor: cached_sampler_r6_4 [1000000]0x10018ec60000 7.629 MB
W20240211 12:23:21.571161 53328 IPCTensor.h:369] NewIPCTensor: cached_sampler_r6_5 [1000000]0x10018f403000 7.629 MB
W20240211 12:23:21.571200 53328 IPCTensor.h:369] NewIPCTensor: cached_sampler_r6_6 [1000000]0x10018fba6000 7.629 MB
W20240211 12:23:21.571251 53328 IPCTensor.h:369] NewIPCTensor: cached_sampler_r6_7 [1000000]0x100190349000 7.629 MB
W20240211 12:23:21.571295 53328 IPCTensor.h:369] NewIPCTensor: cached_sampler_r6_8 [1000000]0x100190aec000 7.629 MB
W20240211 12:23:21.571329 53328 IPCTensor.h:369] NewIPCTensor: cached_sampler_r6_9 [1000000]0x10019128f000 7.629 MB
W20240211 12:23:21.571372 53328 IPCTensor.h:369] NewIPCTensor: step_r6 [10]0x100191a32000 80 B 
W20240211 12:23:21.571408 53328 IPCTensor.h:369] NewIPCTensor: circle_buffer_end_r6 [1]0x100191a34000 8 B 
W20240211 12:23:21.571445 53328 IPCTensor.h:369] NewIPCTensor: circle_buffer_end_cppseen_r6 [1]0x100191a36000 8 B 
Dataset:  /home/xieminhui/RecStoreDataset/criteo_binary
Dataset loaded
np.max =  33762577
np.min=  1
Construct RecModelSampler done
I20240211 12:23:21.571697 53328 IPC_barrier.h:112] CreateBarrier: find existing barrier, name: kgcachecontroller, count: 8
W20240211 12:23:21.816193 53292 IPCTensor.h:369] NewIPCTensor: cached_sampler_r1_0 [1000000]0x100191a38000 7.629 MB
W20240211 12:23:21.816427 53292 IPCTensor.h:369] NewIPCTensor: cached_sampler_r1_1 [1000000]0x1001921db000 7.629 MB
W20240211 12:23:21.816511 53292 IPCTensor.h:369] NewIPCTensor: cached_sampler_r1_2 [1000000]0x10019297e000 7.629 MB
W20240211 12:23:21.816571 53292 IPCTensor.h:369] NewIPCTensor: cached_sampler_r1_3 [1000000]0x100193121000 7.629 MB
W20240211 12:23:21.816617 53292 IPCTensor.h:369] NewIPCTensor: cached_sampler_r1_4 [1000000]0x1001938c4000 7.629 MB
W20240211 12:23:21.816723 53292 IPCTensor.h:369] NewIPCTensor: cached_sampler_r1_5 [1000000]0x100194067000 7.629 MB
W20240211 12:23:21.816778 53292 IPCTensor.h:369] NewIPCTensor: cached_sampler_r1_6 [1000000]0x10019480a000 7.629 MB
W20240211 12:23:21.816859 53292 IPCTensor.h:369] NewIPCTensor: cached_sampler_r1_7 [1000000]0x100194fad000 7.629 MB
W20240211 12:23:21.816917 53292 IPCTensor.h:369] NewIPCTensor: cached_sampler_r1_8 [1000000]0x100195750000 7.629 MB
W20240211 12:23:21.816967 53292 IPCTensor.h:369] NewIPCTensor: cached_sampler_r1_9 [1000000]0x100195ef3000 7.629 MB
W20240211 12:23:21.817035 53292 IPCTensor.h:369] NewIPCTensor: step_r1 [10]0x100196696000 80 B 
W20240211 12:23:21.817082 53292 IPCTensor.h:369] NewIPCTensor: circle_buffer_end_r1 [1]0x100196698000 8 B 
W20240211 12:23:21.817135 53292 IPCTensor.h:369] NewIPCTensor: circle_buffer_end_cppseen_r1 [1]0x10019669a000 8 B 
Dataset:  /home/xieminhui/RecStoreDataset/criteo_binary
Dataset loaded
np.max =  33762577
np.min=  1
Construct RecModelSampler done
I20240211 12:23:21.817585 53292 IPC_barrier.h:112] CreateBarrier: find existing barrier, name: kgcachecontroller, count: 8
W20240211 12:23:21.843528 53294 IPCTensor.h:369] NewIPCTensor: cached_sampler_r3_0 [1000000]0x10019669c000 7.629 MB
W20240211 12:23:21.843750 53294 IPCTensor.h:369] NewIPCTensor: cached_sampler_r3_1 [1000000]0x100196e3f000 7.629 MB
W20240211 12:23:21.843842 53294 IPCTensor.h:369] NewIPCTensor: cached_sampler_r3_2 [1000000]0x1001975e2000 7.629 MB
W20240211 12:23:21.843914 53294 IPCTensor.h:369] NewIPCTensor: cached_sampler_r3_3 [1000000]0x100197d85000 7.629 MB
W20240211 12:23:21.843952 53294 IPCTensor.h:369] NewIPCTensor: cached_sampler_r3_4 [1000000]0x100198528000 7.629 MB
W20240211 12:23:21.844064 53294 IPCTensor.h:369] NewIPCTensor: cached_sampler_r3_5 [1000000]0x100198ccb000 7.629 MB
W20240211 12:23:21.844116 53294 IPCTensor.h:369] NewIPCTensor: cached_sampler_r3_6 [1000000]0x10019946e000 7.629 MB
W20240211 12:23:21.844189 53294 IPCTensor.h:369] NewIPCTensor: cached_sampler_r3_7 [1000000]0x100199c11000 7.629 MB
W20240211 12:23:21.844269 53294 IPCTensor.h:369] NewIPCTensor: cached_sampler_r3_8 [1000000]0x10019a3b4000 7.629 MB
W20240211 12:23:21.844306 53294 IPCTensor.h:369] NewIPCTensor: cached_sampler_r3_9 [1000000]0x10019ab57000 7.629 MB
W20240211 12:23:21.844377 53294 IPCTensor.h:369] NewIPCTensor: step_r3 [10]0x10019b2fa000 80 B 
W20240211 12:23:21.844417 53294 IPCTensor.h:369] NewIPCTensor: circle_buffer_end_r3 [1]0x10019b2fc000 8 B 
W20240211 12:23:21.844467 53294 IPCTensor.h:369] NewIPCTensor: circle_buffer_end_cppseen_r3 [1]0x10019b2fe000 8 B 
Dataset:  /home/xieminhui/RecStoreDataset/criteo_binary
Dataset loaded
np.max =  33762577
np.min=  1
Construct RecModelSampler done
I20240211 12:23:21.844902 53294 IPC_barrier.h:112] CreateBarrier: find existing barrier, name: kgcachecontroller, count: 8
W20240211 12:23:21.976140 53293 IPCTensor.h:369] NewIPCTensor: cached_sampler_r2_0 [1000000]0x10019b300000 7.629 MB
W20240211 12:23:21.976262 53293 IPCTensor.h:369] NewIPCTensor: cached_sampler_r2_1 [1000000]0x10019baa3000 7.629 MB
W20240211 12:23:21.976317 53293 IPCTensor.h:369] NewIPCTensor: cached_sampler_r2_2 [1000000]0x10019c246000 7.629 MB
W20240211 12:23:21.976359 53293 IPCTensor.h:369] NewIPCTensor: cached_sampler_r2_3 [1000000]0x10019c9e9000 7.629 MB
W20240211 12:23:21.976397 53293 IPCTensor.h:369] NewIPCTensor: cached_sampler_r2_4 [1000000]0x10019d18c000 7.629 MB
W20240211 12:23:21.976449 53293 IPCTensor.h:369] NewIPCTensor: cached_sampler_r2_5 [1000000]0x10019d92f000 7.629 MB
W20240211 12:23:21.976488 53293 IPCTensor.h:369] NewIPCTensor: cached_sampler_r2_6 [1000000]0x10019e0d2000 7.629 MB
W20240211 12:23:21.976543 53293 IPCTensor.h:369] NewIPCTensor: cached_sampler_r2_7 [1000000]0x10019e875000 7.629 MB
W20240211 12:23:21.976598 53293 IPCTensor.h:369] NewIPCTensor: cached_sampler_r2_8 [1000000]0x10019f018000 7.629 MB
W20240211 12:23:21.976644 53293 IPCTensor.h:369] NewIPCTensor: cached_sampler_r2_9 [1000000]0x10019f7bb000 7.629 MB
W20240211 12:23:21.976697 53293 IPCTensor.h:369] NewIPCTensor: step_r2 [10]0x10019ff5e000 80 B 
W20240211 12:23:21.976737 53293 IPCTensor.h:369] NewIPCTensor: circle_buffer_end_r2 [1]0x10019ff60000 8 B 
W20240211 12:23:21.976771 53293 IPCTensor.h:369] NewIPCTensor: circle_buffer_end_cppseen_r2 [1]0x10019ff62000 8 B 
Dataset:  /home/xieminhui/RecStoreDataset/criteo_binary
Dataset loaded
np.max =  33762577
np.min=  1
Construct RecModelSampler done
I20240211 12:23:21.977051 53293 IPC_barrier.h:112] CreateBarrier: find existing barrier, name: kgcachecontroller, count: 8
W20240211 12:23:22.083737 53335 IPCTensor.h:369] NewIPCTensor: cached_sampler_r7_0 [1000000]0x10019ff64000 7.629 MB
W20240211 12:23:22.083894 53335 IPCTensor.h:369] NewIPCTensor: cached_sampler_r7_1 [1000000]0x1001a0707000 7.629 MB
W20240211 12:23:22.083946 53335 IPCTensor.h:369] NewIPCTensor: cached_sampler_r7_2 [1000000]0x1001a0eaa000 7.629 MB
W20240211 12:23:22.083988 53335 IPCTensor.h:369] NewIPCTensor: cached_sampler_r7_3 [1000000]0x1001a164d000 7.629 MB
W20240211 12:23:22.084028 53335 IPCTensor.h:369] NewIPCTensor: cached_sampler_r7_4 [1000000]0x1001a1df0000 7.629 MB
W20240211 12:23:22.084132 53335 IPCTensor.h:369] NewIPCTensor: cached_sampler_r7_5 [1000000]0x1001a2593000 7.629 MB
W20240211 12:23:22.084175 53335 IPCTensor.h:369] NewIPCTensor: cached_sampler_r7_6 [1000000]0x1001a2d36000 7.629 MB
W20240211 12:23:22.084228 53335 IPCTensor.h:369] NewIPCTensor: cached_sampler_r7_7 [1000000]0x1001a34d9000 7.629 MB
W20240211 12:23:22.084272 53335 IPCTensor.h:369] NewIPCTensor: cached_sampler_r7_8 [1000000]0x1001a3c7c000 7.629 MB
W20240211 12:23:22.084311 53335 IPCTensor.h:369] NewIPCTensor: cached_sampler_r7_9 [1000000]0x1001a441f000 7.629 MB
W20240211 12:23:22.084359 53335 IPCTensor.h:369] NewIPCTensor: step_r7 [10]0x1001a4bc2000 80 B 
W20240211 12:23:22.084400 53335 IPCTensor.h:369] NewIPCTensor: circle_buffer_end_r7 [1]0x1001a4bc4000 8 B 
W20240211 12:23:22.084436 53335 IPCTensor.h:369] NewIPCTensor: circle_buffer_end_cppseen_r7 [1]0x1001a4bc6000 8 B 
Dataset:  /home/xieminhui/RecStoreDataset/criteo_binary
Dataset loaded
np.max =  33762577
np.min=  1
Construct RecModelSampler done
I20240211 12:23:22.084762 53335 IPC_barrier.h:112] CreateBarrier: find existing barrier, name: kgcachecontroller, count: 8
W20240211 12:23:22.303272 53318 IPCTensor.h:369] NewIPCTensor: cached_sampler_r5_0 [1000000]0x1001a4bc8000 7.629 MB
W20240211 12:23:22.303390 53318 IPCTensor.h:369] NewIPCTensor: cached_sampler_r5_1 [1000000]0x1001a536b000 7.629 MB
W20240211 12:23:22.303442 53318 IPCTensor.h:369] NewIPCTensor: cached_sampler_r5_2 [1000000]0x1001a5b0e000 7.629 MB
W20240211 12:23:22.303483 53318 IPCTensor.h:369] NewIPCTensor: cached_sampler_r5_3 [1000000]0x1001a62b1000 7.629 MB
W20240211 12:23:22.303515 53318 IPCTensor.h:369] NewIPCTensor: cached_sampler_r5_4 [1000000]0x1001a6a54000 7.629 MB
W20240211 12:23:22.303565 53318 IPCTensor.h:369] NewIPCTensor: cached_sampler_r5_5 [1000000]0x1001a71f7000 7.629 MB
W20240211 12:23:22.303603 53318 IPCTensor.h:369] NewIPCTensor: cached_sampler_r5_6 [1000000]0x1001a799a000 7.629 MB
W20240211 12:23:22.303651 53318 IPCTensor.h:369] NewIPCTensor: cached_sampler_r5_7 [1000000]0x1001a813d000 7.629 MB
W20240211 12:23:22.303689 53318 IPCTensor.h:369] NewIPCTensor: cached_sampler_r5_8 [1000000]0x1001a88e0000 7.629 MB
W20240211 12:23:22.303727 53318 IPCTensor.h:369] NewIPCTensor: cached_sampler_r5_9 [1000000]0x1001a9083000 7.629 MB
W20240211 12:23:22.303767 53318 IPCTensor.h:369] NewIPCTensor: step_r5 [10]0x1001a9826000 80 B 
W20240211 12:23:22.303802 53318 IPCTensor.h:369] NewIPCTensor: circle_buffer_end_r5 [1]0x1001a9828000 8 B 
W20240211 12:23:22.303834 53318 IPCTensor.h:369] NewIPCTensor: circle_buffer_end_cppseen_r5 [1]0x1001a982a000 8 B 
Dataset:  /home/xieminhui/RecStoreDataset/criteo_binary
Dataset loaded
np.max =  33762577
np.min=  1
Construct RecModelSampler done
I20240211 12:23:22.304097 53318 IPC_barrier.h:112] CreateBarrier: find existing barrier, name: kgcachecontroller, count: 8
W20240211 12:23:22.306967 49994 grad_base.h:55] KGCacheController, config={
        "num_gpus": 8,
        "L": 10,
        "kForwardItersPerStep": 1,
        "clr": 0.01,
        "backwardMode": "CppAsyncV2",
        "nr_background_threads": 16, 
        "cache_ratio": 0.1,
        "backgrad_init": "both",
        "update_pq_use_omp": 2,
        "kUpdatePqWorkerNum": 8
    }
W20240211 12:23:22.307274 49994 grad_base.h:184] Init GradProcessingBase done
I20240211 12:23:26.343132 49994 grad_async_v2.h:42] Use main thread to update emb.
W20240211 12:23:26.343487 49994 kg_controller.h:78] after init GradAsyncProcessingV2
I20240211 12:23:26.343500 49994 kg_controller.h:84] Construct KGCacheController done
E20240211 12:23:28.157614 53328 recstore.cc:66] init folly done
Construct KGCacheControllerWrapper done
E20240211 12:23:28.158044 53293 recstore.cc:66] init folly done
Construct KGCacheControllerWrapper done
E20240211 12:23:28.158272 53335 recstore.cc:66] init folly done
E20240211 12:23:28.158293 53308 recstore.cc:66] init folly done
E20240211 12:23:28.158320 49994 recstore.cc:66] init folly done
E20240211 12:23:28.158334 53318 recstore.cc:66] init folly done
Construct KGCacheControllerWrapper done
E20240211 12:23:28.158327 53294 recstore.cc:66] init folly done
E20240211 12:23:28.158344 53292 recstore.cc:66] init folly done
Construct KGCacheControllerWrapper done
Construct KGCacheControllerWrapper done
Construct KGCacheControllerWrapper done
Construct KGCacheControllerWrapper done
Construct KGCacheControllerWrapper done
I20240211 12:23:28.159534 49994 grad_base.h:60] GraphEnv RegTensorsPerProcess
W20240211 12:23:29.445433 57483 grad_async_v2.h:137] Detect new sample comes, old_end0, new_end1
E20240211 12:23:29.445924 57483 parallel_pq_v2.h:79] insert failed, size(hashtable)=0
Before Training
I20240211 12:23:31.147450 49994 IPC_barrier.h:118] CreateBarrier: new barrier, name: start_barrier, count: 8
Before Training
Before Training
Before Training
I20240211 12:23:31.148495 53328 IPC_barrier.h:112] CreateBarrier: find existing barrier, name: start_barrier, count: 8
I20240211 12:23:31.148521 53308 IPC_barrier.h:112] CreateBarrier: find existing barrier, name: start_barrier, count: 8
I20240211 12:23:31.148550 53293 IPC_barrier.h:112] CreateBarrier: find existing barrier, name: start_barrier, count: 8
Before Training
I20240211 12:23:31.149327 53318 IPC_barrier.h:112] CreateBarrier: find existing barrier, name: start_barrier, count: 8
Before Training
Before Training
Before Training
I20240211 12:23:31.149788 53294 IPC_barrier.h:112] CreateBarrier: find existing barrier, name: start_barrier, count: 8
I20240211 12:23:31.149852 53335 IPC_barrier.h:112] CreateBarrier: find existing barrier, name: start_barrier, count: 8
I20240211 12:23:31.149938 53292 IPC_barrier.h:112] CreateBarrier: find existing barrier, name: start_barrier, count: 8
W20240211 12:23:31.152801 57483 grad_async_v2.h:137] Detect new sample comes, old_end0, new_end1
E20240211 12:23:31.152932 57483 parallel_pq_v2.h:79] insert failed, size(hashtable)=1
========== Step 0 ========== 
+---------------------------+---------------------------+---------------------------+
| Name                      | P50                       | P99                       |
+---------------------------+---------------------------+---------------------------+
| GenInput:CircleBuffer     | 476.975 us                | 476.975 us                |
| GenInput                  | 1.035 ms                  | 1.035 ms                  |
| NN                        | 250.546 ms                | 250.546 ms                |
| Forward                   | 255.554 ms                | 255.554 ms                |
| Backward                  | 110.868 ms                | 110.868 ms                |
| Optimize                  | 8.537 ms                  | 8.537 ms                  |
| BarrierTimeBeforeRank0    | 8.815 ms                  | 8.815 ms                  |
+---------------------------+---------------------------+---------------------------+
E20240211 12:23:32.675112 57944 parallel_pq_v2.h:79] insert failed, size(hashtable)=0
W20240211 12:23:32.697721 49994 grad_async_v2.h:270] Sleep in <BlockToStepN>, step_no=1, pq.top=0
W20240211 12:23:32.730046 57483 grad_async_v2.h:137] Detect new sample comes, old_end1, new_end2
========== Step 1 ========== 
INFO [53292 distributed.py:1140] Reducer buckets have been rebuilt in this iteration.
INFO [49994 distributed.py:1140] Reducer buckets have been rebuilt in this iteration.
INFO [53293 distributed.py:1140] Reducer buckets have been rebuilt in this iteration.
INFO [53335 distributed.py:1140] Reducer buckets have been rebuilt in this iteration.
INFO [53308 distributed.py:1140] Reducer buckets have been rebuilt in this iteration.
INFO [53294 distributed.py:1140] Reducer buckets have been rebuilt in this iteration.
INFO [53328 distributed.py:1140] Reducer buckets have been rebuilt in this iteration.
INFO [53318 distributed.py:1140] Reducer buckets have been rebuilt in this iteration.
========== Step 2 ========== 
========== Step 3 ========== 
========== Step 4 ========== 
========== Step 5 ========== 
========== Step 6 ========== 
========== Step 7 ========== 
========== Step 8 ========== 
========== Step 9 ========== 
W20240211 12:23:32.907492 49994 grad_async_v2.h:257] pq is empty
========== Step 10 ========== 
========== Step 11 ========== 
========== Step 12 ========== 
========== Step 13 ========== 
========== Step 14 ========== 
E20240211 12:23:32.990687 49994 grad_async_v2.h:404] Stalled in ProcessBackward: rank=7, step_no=14, sample_step_cpp_seen_[rank]=13
+---------------------------+---------------------------+---------------------------+
| Name                      | P50                       | P99                       |
+---------------------------+---------------------------+---------------------------+
| clean                     | 126.473 us                | 298.817 us                |
| ProcessBack:Shuffle       | 7.014 ms                  | 286.354 ms                |
| ProcessBack:UpdateCache   | 2.687 ms                  | 830.969 ms                |
| ProcessBack:UpsertPq      | 44.203 us                 | 23.045 ms                 |
| ProcessOneStep            | 10.404 ms                 | 1.154 s                   |
| BlockToStepN              | 98.240 us                 | 30.588 ms                 |
+---------------------------+---------------------------+---------------------------+
========== Step 15 ========== 
========== Step 16 ========== 
W20240211 12:23:33.242267 49994 grad_async_v2.h:257] pq is empty
========== Step 17 ========== 
========== Step 18 ========== 
========== Step 19 ========== 
========== Step 20 ========== 
========== Step 21 ========== 
========== Step 22 ========== 
========== Step 23 ========== 
========== Step 24 ========== 
========== Step 25 ========== 
========== Step 26 ========== 
========== Step 27 ========== 
========== Step 28 ========== 
E20240211 12:23:33.676865 57483 parallel_pq_v2.h:79] insert failed, size(hashtable)=1
========== Step 29 ========== 
W20240211 12:23:33.730989 57483 grad_async_v2.h:137] Detect new sample comes, old_end9, new_end0
========== Step 30 ========== 
========== Step 31 ========== 
========== Step 32 ========== 
========== Step 33 ========== 
========== Step 34 ========== 
========== Step 35 ========== 
========== Step 36 ========== 
========== Step 37 ========== 
========== Step 38 ========== 
========== Step 39 ========== 
========== Step 40 ========== 
========== Step 41 ========== 
W20240211 12:23:34.162416 49994 grad_async_v2.h:257] pq is empty
========== Step 42 ========== 
========== Step 43 ========== 
W20240211 12:23:34.191102 49994 grad_async_v2.h:257] pq is empty
========== Step 44 ========== 
W20240211 12:23:34.204636 49994 grad_async_v2.h:257] pq is empty
========== Step 45 ========== 
========== Step 46 ========== 
========== Step 47 ========== 
========== Step 48 ========== 
========== Step 49 ========== 
========== Step 50 ========== 
========== Step 51 ========== 
========== Step 52 ========== 
========== Step 53 ========== 
========== Step 54 ========== 
========== Step 55 ========== 
========== Step 56 ========== 
W20240211 12:23:34.643043 49994 grad_async_v2.h:257] pq is empty
========== Step 57 ========== 
========== Step 58 ========== 
========== Step 59 ========== 
E20240211 12:23:34.676007 57483 parallel_pq_v2.h:79] insert failed, size(hashtable)=1
========== Step 60 ========== 
========== Step 61 ========== 
========== Step 62 ========== 
W20240211 12:23:34.735248 49994 grad_async_v2.h:257] pq is empty
========== Step 63 ========== 
W20240211 12:23:34.738767 57483 grad_async_v2.h:137] Detect new sample comes, old_end6, new_end4
========== Step 64 ========== 
========== Step 65 ========== 
========== Step 66 ========== 
========== Step 67 ========== 
========== Step 68 ========== 
========== Step 69 ========== 
========== Step 70 ========== 
========== Step 71 ========== 
========== Step 72 ========== 
========== Step 73 ========== 
========== Step 74 ========== 
========== Step 75 ========== 
========== Step 76 ========== 
========== Step 77 ========== 
========== Step 78 ========== 
========== Step 79 ========== 
========== Step 80 ========== 
========== Step 81 ========== 
========== Step 82 ========== 
========== Step 83 ========== 
========== Step 84 ========== 
W20240211 12:23:35.562188 49994 grad_async_v2.h:257] pq is empty
========== Step 85 ========== 
========== Step 86 ========== 
========== Step 87 ========== 
========== Step 88 ========== 
========== Step 89 ========== 
========== Step 90 ========== 
========== Step 91 ========== 
E20240211 12:23:35.676177 57483 parallel_pq_v2.h:79] insert failed, size(hashtable)=1
========== Step 92 ========== 
W20240211 12:23:35.787513 57483 grad_async_v2.h:137] Detect new sample comes, old_end5, new_end3
========== Step 93 ========== 
========== Step 94 ========== 
========== Step 95 ========== 
========== Step 96 ========== 
========== Step 97 ========== 
========== Step 98 ========== 
========== Step 99 ========== 
Step99:rank0, time: 20.599, per_step: 0.205994
Step99:rank2, time: 20.599, per_step: 0.205991
Step99:rank4, time: 20.599, per_step: 0.205994
Step99:rank1, time: 20.599, per_step: 0.205994
Step99:rank6, time: 20.599, per_step: 0.205994
Step99:rank7, time: 20.600, per_step: 0.205995
Step99:rank5, time: 20.600, per_step: 0.205999
Step99:rank3, time: 20.599, per_step: 0.205994
+---------------------------+---------------------------+---------------------------+
| Name                      | P50                       | P99                       |
+---------------------------+---------------------------+---------------------------+
| GenInput:CircleBuffer     | 87.473 us                 | 476.975 us                |
| GenInput                  | 483.773 us                | 7.425 ms                  |
| NN                        | 748.477 us                | 6.568 ms                  |
| Forward                   | 931.166 us                | 8.345 ms                  |
| Backward                  | 2.803 ms                  | 16.050 ms                 |
| Optimize                  | 230.755 us                | 696.800 us                |
| BarrierTimeBeforeRank0    | 458.506 us                | 7.735 ms                  |
| AfterBackward             | 9.867 ms                  | 266.332 ms                |
| BlockToStepN              | 198.157 us                | 3.166 ms                  |
| OneStep                   | 17.013 ms                 | 271.475 ms                |
+---------------------------+---------------------------+---------------------------+
========== Step 100 ========== 
========== Step 101 ========== 
========== Step 102 ========== 
========== Step 103 ========== 
========== Step 104 ========== 
========== Step 105 ========== 
========== Step 106 ========== 
========== Step 107 ========== 
========== Step 108 ========== 
========== Step 109 ========== 
========== Step 110 ========== 
========== Step 111 ========== 
========== Step 112 ========== 
========== Step 113 ========== 
========== Step 114 ========== 
========== Step 115 ========== 
========== Step 116 ========== 
========== Step 117 ========== 
========== Step 118 ========== 
========== Step 119 ========== 
E20240211 12:23:36.676018 57483 parallel_pq_v2.h:79] insert failed, size(hashtable)=12
W20240211 12:23:36.790293 57483 grad_async_v2.h:137] Detect new sample comes, old_end9, new_end0
========== Step 120 ========== 
========== Step 121 ========== 
========== Step 122 ========== 
========== Step 123 ========== 
========== Step 124 ========== 
========== Step 125 ========== 
========== Step 126 ========== 
========== Step 127 ========== 
========== Step 128 ========== 
========== Step 129 ========== 
W20240211 12:23:36.971680 49994 grad_async_v2.h:257] pq is empty
========== Step 130 ========== 
========== Step 131 ========== 
========== Step 132 ========== 
========== Step 133 ========== 
========== Step 134 ========== 
========== Step 135 ========== 
========== Step 136 ========== 
========== Step 137 ========== 
+---------------------------+---------------------------+---------------------------+
| Name                      | P50                       | P99                       |
+---------------------------+---------------------------+---------------------------+
| GenInput:CircleBuffer     | 88.288 us                 | 476.975 us                |
| GenInput                  | 473.618 us                | 9.928 ms                  |
| NN                        | 749.394 us                | 6.568 ms                  |
| Forward                   | 931.166 us                | 8.345 ms                  |
| Backward                  | 2.858 ms                  | 16.050 ms                 |
| Optimize                  | 225.084 us                | 2.219 ms                  |
| BarrierTimeBeforeRank0    | 464.919 us                | 7.735 ms                  |
| AfterBackward             | 9.868 ms                  | 266.332 ms                |
| BlockToStepN              | 227.915 us                | 4.597 ms                  |
| OneStep                   | 17.627 ms                 | 271.475 ms                |
+---------------------------+---------------------------+---------------------------+
========== Step 138 ========== 
========== Step 139 ========== 
========== Step 140 ========== 
========== Step 141 ========== 
========== Step 142 ========== 
========== Step 143 ========== 
========== Step 144 ========== 
========== Step 145 ========== 
W20240211 12:23:37.484623 49994 grad_async_v2.h:257] pq is empty
========== Step 146 ========== 
========== Step 147 ========== 
E20240211 12:23:37.676033 57483 parallel_pq_v2.h:79] insert failed, size(hashtable)=4
========== Step 148 ========== 
========== Step 149 ========== 
========== Step 150 ========== 
========== Step 151 ========== 
W20240211 12:23:37.760270 49994 grad_async_v2.h:257] pq is empty
========== Step 152 ========== 
========== Step 153 ========== 
========== Step 154 ========== 
========== Step 155 ========== 
W20240211 12:23:37.810840 57483 grad_async_v2.h:137] Detect new sample comes, old_end9, new_end6
========== Step 156 ========== 
========== Step 157 ========== 
========== Step 158 ========== 
========== Step 159 ========== 
E20240211 12:23:37.990008 49994 grad_async_v2.h:404] Stalled in ProcessBackward: rank=2, step_no=159, sample_step_cpp_seen_[rank]=158
========== Step 160 ========== 
========== Step 161 ========== 
========== Step 162 ========== 
========== Step 163 ========== 
+---------------------------+---------------------------+---------------------------+
| Name                      | P50                       | P99                       |
+---------------------------+---------------------------+---------------------------+
| clean                     | 107.410 us                | 267.962 us                |
| ProcessBack:Shuffle       | 6.428 ms                  | 14.686 ms                 |
| ProcessBack:UpdateCache   | 2.463 ms                  | 7.680 ms                  |
| ProcessBack:UpsertPq      | 39.413 us                 | 158.736 us                |
| ProcessOneStep            | 9.763 ms                  | 248.850 ms                |
| BlockToStepN              | 189.076 us                | 621.100 us                |
+---------------------------+---------------------------+---------------------------+
========== Step 164 ========== 
W20240211 12:23:38.196956 49994 grad_async_v2.h:257] pq is empty
========== Step 165 ========== 
========== Step 166 ========== 
W20240211 12:23:38.243538 49994 grad_async_v2.h:257] pq is empty
========== Step 167 ========== 
========== Step 168 ========== 
========== Step 169 ========== 
========== Step 170 ========== 
========== Step 171 ========== 
========== Step 172 ========== 
========== Step 173 ========== 
========== Step 174 ========== 
========== Step 175 ========== 
========== Step 176 ========== 
========== Step 177 ========== 
========== Step 178 ========== 
========== Step 179 ========== 
========== Step 180 ========== 
W20240211 12:23:38.637923 49994 grad_async_v2.h:257] pq is empty
========== Step 181 ========== 
W20240211 12:23:38.653650 49994 grad_async_v2.h:257] pq is empty
========== Step 182 ========== 
========== Step 183 ========== 
E20240211 12:23:38.676054 57483 parallel_pq_v2.h:79] insert failed, size(hashtable)=3
========== Step 184 ========== 
========== Step 185 ========== 
========== Step 186 ========== 
W20240211 12:23:38.832269 57483 grad_async_v2.h:137] Detect new sample comes, old_end0, new_end7
========== Step 187 ========== 
========== Step 188 ========== 
========== Step 189 ========== 
========== Step 190 ========== 
========== Step 191 ========== 
W20240211 12:23:39.024071 49994 grad_async_v2.h:257] pq is empty
========== Step 192 ========== 
========== Step 193 ========== 
========== Step 194 ========== 
========== Step 195 ========== 
========== Step 196 ========== 
========== Step 197 ========== 
========== Step 198 ========== 
========== Step 199 ========== 
Step199:rank2, time: 3.322, per_step: 0.032891
Step199:rank4, time: 3.322, per_step: 0.032891
Step199:rank5, time: 3.322, per_step: 0.032891
Step199:rank0, time: 3.322, per_step: 0.032892
Step199:rank6, time: 3.322, per_step: 0.032891
Step199:rank7, time: 3.322, per_step: 0.032891
Step199:rank3, time: 3.322, per_step: 0.032889
+---------------------------+---------------------------+---------------------------+
| Name                      | P50                       | P99                       |
+---------------------------+---------------------------+---------------------------+
| GenInput:CircleBuffer     | 86.958 us                 | 476.975 us                |
| GenInput                  | 463.996 us                | 9.109 ms                  |
| NN                        | 747.257 us                | 6.568 ms                  |
| Forward                   | 930.031 us                | 8.345 ms                  |
| Backward                  | 2.817 ms                  | 16.050 ms                 |
| Optimize                  | 221.403 us                | 696.800 us                |
| BarrierTimeBeforeRank0    | 408.732 us                | 5.089 ms                  |
| AfterBackward             | 9.740 ms                  | 248.983 ms                |
| BlockToStepN              | 278.920 us                | 3.166 ms                  |
| OneStep                   | 16.769 ms                 | 253.624 ms                |
+---------------------------+---------------------------+---------------------------+
Step199:rank1, time: 3.323, per_step: 0.032901
========== Step 200 ========== 
========== Step 201 ========== 
========== Step 202 ========== 
========== Step 203 ========== 
========== Step 204 ========== 
========== Step 205 ========== 
========== Step 206 ========== 
========== Step 207 ========== 
========== Step 208 ========== 
========== Step 209 ========== 
========== Step 210 ========== 
========== Step 211 ========== 
========== Step 212 ========== 
========== Step 213 ========== 
E20240211 12:23:39.676146 57483 parallel_pq_v2.h:79] insert failed, size(hashtable)=1
========== Step 214 ========== 
W20240211 12:23:39.835640 57483 grad_async_v2.h:137] Detect new sample comes, old_end4, new_end5
========== Step 215 ========== 
========== Step 216 ========== 
========== Step 217 ========== 
========== Step 218 ========== 
========== Step 219 ========== 
========== Step 220 ========== 
========== Step 221 ========== 
========== Step 222 ========== 
========== Step 223 ========== 
========== Step 224 ========== 
========== Step 225 ========== 
========== Step 226 ========== 
========== Step 227 ========== 
========== Step 228 ========== 
========== Step 229 ========== 
========== Step 230 ========== 
========== Step 231 ========== 
========== Step 232 ========== 
========== Step 233 ========== 
========== Step 234 ========== 
========== Step 235 ========== 
========== Step 236 ========== 
========== Step 237 ========== 
========== Step 238 ========== 
========== Step 239 ========== 
========== Step 240 ========== 
========== Step 241 ========== 
========== Step 242 ========== 
E20240211 12:23:40.676054 57483 parallel_pq_v2.h:79] insert failed, size(hashtable)=2
========== Step 243 ========== 
========== Step 244 ========== 
========== Step 245 ========== 
========== Step 246 ========== 
========== Step 247 ========== 
W20240211 12:23:40.759320 49994 grad_async_v2.h:257] pq is empty
========== Step 248 ========== 
========== Step 249 ========== 
========== Step 250 ========== 
========== Step 251 ========== 
W20240211 12:23:40.845305 57483 grad_async_v2.h:137] Detect new sample comes, old_end3, new_end2
========== Step 252 ========== 
========== Step 253 ========== 
========== Step 254 ========== 
========== Step 255 ========== 
========== Step 256 ========== 
========== Step 257 ========== 
========== Step 258 ========== 
========== Step 259 ========== 
========== Step 260 ========== 
========== Step 261 ========== 
========== Step 262 ========== 
========== Step 263 ========== 
========== Step 264 ========== 
========== Step 265 ========== 
========== Step 266 ========== 
========== Step 267 ========== 
========== Step 268 ========== 
W20240211 12:23:41.482899 49994 grad_async_v2.h:257] pq is empty
========== Step 269 ========== 
========== Step 270 ========== 
========== Step 271 ========== 
========== Step 272 ========== 
========== Step 273 ========== 
========== Step 274 ========== 
========== Step 275 ========== 
========== Step 276 ========== 
========== Step 277 ========== 
========== Step 278 ========== 
E20240211 12:23:41.678534 57483 parallel_pq_v2.h:79] insert failed, size(hashtable)=0
W20240211 12:23:41.854996 57483 grad_async_v2.h:137] Detect new sample comes, old_end8, new_end9
========== Step 279 ========== 
========== Step 280 ========== 
========== Step 281 ========== 
========== Step 282 ========== 
========== Step 283 ========== 
========== Step 284 ========== 
========== Step 285 ========== 
========== Step 286 ========== 
========== Step 287 ========== 
========== Step 288 ========== 
W20240211 12:23:42.034515 49994 grad_async_v2.h:257] pq is empty
========== Step 289 ========== 
========== Step 290 ========== 
========== Step 291 ========== 
+---------------------------+---------------------------+---------------------------+
| Name                      | P50                       | P99                       |
+---------------------------+---------------------------+---------------------------+
| GenInput:CircleBuffer     | 86.144 us                 | 432.085 us                |
| GenInput                  | 457.466 us                | 9.109 ms                  |
| NN                        | 720.676 us                | 6.086 ms                  |
| Forward                   | 898.419 us                | 6.257 ms                  |
| Backward                  | 2.695 ms                  | 15.804 ms                 |
| Optimize                  | 218.438 us                | 696.800 us                |
| BarrierTimeBeforeRank0    | 379.323 us                | 5.088 ms                  |
| AfterBackward             | 9.735 ms                  | 228.587 ms                |
| BlockToStepN              | 336.697 us                | 3.847 ms                  |
| OneStep                   | 16.390 ms                 | 233.185 ms                |
+---------------------------+---------------------------+---------------------------+
========== Step 292 ========== 
========== Step 293 ========== 
W20240211 12:23:42.477548 49994 grad_async_v2.h:257] pq is empty
========== Step 294 ========== 
========== Step 295 ========== 
========== Step 296 ========== 
========== Step 297 ========== 
========== Step 298 ========== 
========== Step 299 ========== 
Step299:rank5, time: 3.201, per_step: 0.031692
Step299:rank7, time: 3.200, per_step: 0.031687
Step299:rank3, time: 3.200, per_step: 0.031684
Step299:rank2, time: 3.201, per_step: 0.031692
Step299:rank4, time: 3.201, per_step: 0.031692
Step299:rank6, time: 3.201, per_step: 0.031688
Step299:rank0, time: 3.201, per_step: 0.031688
Step299:rank1, time: 3.200, per_step: 0.031682
+---------------------------+---------------------------+---------------------------+
