WARNING: Logging before InitGoogleLogging() is written to STDERR
I20240207 18:47:18.783761 51322 IPC_barrier.h:128] MultiProcessBarrierFactory->ClearIPCMemory()
/data/home/xieminhui/RecStore/src/framework_adapters/torch/kg/dgl-0.9.1/python/dgl/_deprecate/graph.py:1023: DGLWarning: multigraph will be deprecated.DGL will treat all graphs as multigraph in the future.
  dgl_warning("multigraph will be deprecated." \
/data/home/xieminhui/RecStore/src/framework_adapters/torch/kg/dgl-0.9.1/python/dgl/heterograph.py:72: DGLWarning: Recommend creating graphs by `dgl.graph(data)` instead of `dgl.DGLGraph(data)`.
  dgl_warning('Recommend creating graphs by `dgl.graph(data)`'
Reading train triples....
Finished. Read 304727650 train triples.
Reading valid triples....
Finished. Read 16929318 valid triples.
Reading test triples....
Finished. Read 16929308 test triples.
ARGS:  Namespace(model_name='SimplE', data_path='/home/xieminhui/dgl-data', dataset='Freebase', format='built_in', data_files=None, delimiter='\t', save_path='/tmp/ckpts/SimplE_Freebase_50', no_save_emb=True, max_step=500, batch_size=2000, batch_size_eval=16, neg_sample_size=200, neg_deg_sample=False, neg_deg_sample_eval=False, neg_sample_size_eval=86054151, eval_percent=1, no_eval_filter=False, log_interval=100, eval_interval=10000, test=False, num_proc=6, num_thread=1, force_sync_interval=1, hidden_dim=400, lr=0.01, gamma=16.0, double_ent=False, double_rel=False, neg_adversarial_sampling=False, adversarial_temperature=1.0, regularization_coef=0.0, regularization_norm=3, pairwise=False, loss_genre='Logsigmoid', margin=1.0, nr_gpus=6, gpu=[0, 1, 2, 3, 4, 5], mix_cpu_gpu=True, valid=False, rel_part=False, async_update=None, has_edge_importance=False, cached_emb_type='KnownLocalCachedEmbedding', use_my_emb=True, cache_ratio=0.05, shuffle=False, backwardMode='CppAsync', L=10, nr_background_threads=32, update_cache_use_omp=0, update_pq_use_omp=0, kForwardItersPerStep=2, backgrad_init='both', eval_filter=True, soft_rel_part=False)
|Train|: 304727650
original graph:  DGLGraph(num_nodes=86054151, num_edges=338586276,
         ndata_schemes={}
         edata_schemes={'tid': Scheme(shape=(), dtype=torch.int64)})
Loading cached metis
WARNING [51322 sampler.py:454] Start PreSampling
WARNING [51322 sampler.py:532] Before construct renumbering_dict
WARNING [51322 sampler.py:555] PreSampling done
W20240207 19:03:15.275420 51322 IPCTensor.h:369] NewIPCTensor: cached_sampler_r0_0 [1000000]0x100000002000 7.629 MB
W20240207 19:03:15.275619 51322 IPCTensor.h:369] NewIPCTensor: cached_sampler_r0_1 [1000000]0x1000007a5000 7.629 MB
W20240207 19:03:15.275660 51322 IPCTensor.h:369] NewIPCTensor: cached_sampler_r0_2 [1000000]0x100000f48000 7.629 MB
W20240207 19:03:15.275696 51322 IPCTensor.h:369] NewIPCTensor: cached_sampler_r0_3 [1000000]0x1000016eb000 7.629 MB
W20240207 19:03:15.275732 51322 IPCTensor.h:369] NewIPCTensor: cached_sampler_r0_4 [1000000]0x100001e8e000 7.629 MB
W20240207 19:03:15.275760 51322 IPCTensor.h:369] NewIPCTensor: cached_sampler_r0_5 [1000000]0x100002631000 7.629 MB
W20240207 19:03:15.275789 51322 IPCTensor.h:369] NewIPCTensor: cached_sampler_r0_6 [1000000]0x100002dd4000 7.629 MB
W20240207 19:03:15.275831 51322 IPCTensor.h:369] NewIPCTensor: cached_sampler_r0_7 [1000000]0x100003577000 7.629 MB
W20240207 19:03:15.275857 51322 IPCTensor.h:369] NewIPCTensor: cached_sampler_r0_8 [1000000]0x100003d1a000 7.629 MB
W20240207 19:03:15.275885 51322 IPCTensor.h:369] NewIPCTensor: cached_sampler_r0_9 [1000000]0x1000044bd000 7.629 MB
W20240207 19:03:15.275918 51322 IPCTensor.h:369] NewIPCTensor: step_r0 [10]0x100004c60000 80 B 
W20240207 19:03:15.275949 51322 IPCTensor.h:369] NewIPCTensor: circle_buffer_end_r0 [1]0x100004c62000 8 B 
W20240207 19:03:15.275981 51322 IPCTensor.h:369] NewIPCTensor: circle_buffer_end_cppseen_r0 [1]0x100004c64000 8 B 
W20240207 19:03:15.276151 51322 IPCTensor.h:369] NewIPCTensor: cached_sampler_r1_0 [1000000]0x100004c66000 7.629 MB
W20240207 19:03:15.276191 51322 IPCTensor.h:369] NewIPCTensor: cached_sampler_r1_1 [1000000]0x100005409000 7.629 MB
W20240207 19:03:15.276218 51322 IPCTensor.h:369] NewIPCTensor: cached_sampler_r1_2 [1000000]0x100005bac000 7.629 MB
W20240207 19:03:15.276270 51322 IPCTensor.h:369] NewIPCTensor: cached_sampler_r1_3 [1000000]0x10000634f000 7.629 MB
W20240207 19:03:15.276304 51322 IPCTensor.h:369] NewIPCTensor: cached_sampler_r1_4 [1000000]0x100006af2000 7.629 MB
W20240207 19:03:15.276332 51322 IPCTensor.h:369] NewIPCTensor: cached_sampler_r1_5 [1000000]0x100007295000 7.629 MB
W20240207 19:03:15.276365 51322 IPCTensor.h:369] NewIPCTensor: cached_sampler_r1_6 [1000000]0x100007a38000 7.629 MB
W20240207 19:03:15.276397 51322 IPCTensor.h:369] NewIPCTensor: cached_sampler_r1_7 [1000000]0x1000081db000 7.629 MB
W20240207 19:03:15.276434 51322 IPCTensor.h:369] NewIPCTensor: cached_sampler_r1_8 [1000000]0x10000897e000 7.629 MB
W20240207 19:03:15.276463 51322 IPCTensor.h:369] NewIPCTensor: cached_sampler_r1_9 [1000000]0x100009121000 7.629 MB
W20240207 19:03:15.276499 51322 IPCTensor.h:369] NewIPCTensor: step_r1 [10]0x1000098c4000 80 B 
W20240207 19:03:15.276521 51322 IPCTensor.h:369] NewIPCTensor: circle_buffer_end_r1 [1]0x1000098c6000 8 B 
W20240207 19:03:15.276556 51322 IPCTensor.h:369] NewIPCTensor: circle_buffer_end_cppseen_r1 [1]0x1000098c8000 8 B 
W20240207 19:03:15.276616 51322 IPCTensor.h:369] NewIPCTensor: cached_sampler_r2_0 [1000000]0x1000098ca000 7.629 MB
W20240207 19:03:15.276649 51322 IPCTensor.h:369] NewIPCTensor: cached_sampler_r2_1 [1000000]0x10000a06d000 7.629 MB
W20240207 19:03:15.276676 51322 IPCTensor.h:369] NewIPCTensor: cached_sampler_r2_2 [1000000]0x10000a810000 7.629 MB
W20240207 19:03:15.276710 51322 IPCTensor.h:369] NewIPCTensor: cached_sampler_r2_3 [1000000]0x10000afb3000 7.629 MB
W20240207 19:03:15.276738 51322 IPCTensor.h:369] NewIPCTensor: cached_sampler_r2_4 [1000000]0x10000b756000 7.629 MB
W20240207 19:03:15.276770 51322 IPCTensor.h:369] NewIPCTensor: cached_sampler_r2_5 [1000000]0x10000bef9000 7.629 MB
W20240207 19:03:15.276800 51322 IPCTensor.h:369] NewIPCTensor: cached_sampler_r2_6 [1000000]0x10000c69c000 7.629 MB
W20240207 19:03:15.276827 51322 IPCTensor.h:369] NewIPCTensor: cached_sampler_r2_7 [1000000]0x10000ce3f000 7.629 MB
W20240207 19:03:15.276854 51322 IPCTensor.h:369] NewIPCTensor: cached_sampler_r2_8 [1000000]0x10000d5e2000 7.629 MB
W20240207 19:03:15.276887 51322 IPCTensor.h:369] NewIPCTensor: cached_sampler_r2_9 [1000000]0x10000dd85000 7.629 MB
W20240207 19:03:15.276913 51322 IPCTensor.h:369] NewIPCTensor: step_r2 [10]0x10000e528000 80 B 
W20240207 19:03:15.276937 51322 IPCTensor.h:369] NewIPCTensor: circle_buffer_end_r2 [1]0x10000e52a000 8 B 
W20240207 19:03:15.276968 51322 IPCTensor.h:369] NewIPCTensor: circle_buffer_end_cppseen_r2 [1]0x10000e52c000 8 B 
W20240207 19:03:15.277026 51322 IPCTensor.h:369] NewIPCTensor: cached_sampler_r3_0 [1000000]0x10000e52e000 7.629 MB
W20240207 19:03:15.277060 51322 IPCTensor.h:369] NewIPCTensor: cached_sampler_r3_1 [1000000]0x10000ecd1000 7.629 MB
W20240207 19:03:15.277096 51322 IPCTensor.h:369] NewIPCTensor: cached_sampler_r3_2 [1000000]0x10000f474000 7.629 MB
W20240207 19:03:15.277130 51322 IPCTensor.h:369] NewIPCTensor: cached_sampler_r3_3 [1000000]0x10000fc17000 7.629 MB
W20240207 19:03:15.277163 51322 IPCTensor.h:369] NewIPCTensor: cached_sampler_r3_4 [1000000]0x1000103ba000 7.629 MB
W20240207 19:03:15.277194 51322 IPCTensor.h:369] NewIPCTensor: cached_sampler_r3_5 [1000000]0x100010b5d000 7.629 MB
W20240207 19:03:15.277221 51322 IPCTensor.h:369] NewIPCTensor: cached_sampler_r3_6 [1000000]0x100011300000 7.629 MB
W20240207 19:03:15.277256 51322 IPCTensor.h:369] NewIPCTensor: cached_sampler_r3_7 [1000000]0x100011aa3000 7.629 MB
W20240207 19:03:15.277293 51322 IPCTensor.h:369] NewIPCTensor: cached_sampler_r3_8 [1000000]0x100012246000 7.629 MB
W20240207 19:03:15.277324 51322 IPCTensor.h:369] NewIPCTensor: cached_sampler_r3_9 [1000000]0x1000129e9000 7.629 MB
W20240207 19:03:15.277357 51322 IPCTensor.h:369] NewIPCTensor: step_r3 [10]0x10001318c000 80 B 
W20240207 19:03:15.277379 51322 IPCTensor.h:369] NewIPCTensor: circle_buffer_end_r3 [1]0x10001318e000 8 B 
W20240207 19:03:15.277403 51322 IPCTensor.h:369] NewIPCTensor: circle_buffer_end_cppseen_r3 [1]0x100013190000 8 B 
W20240207 19:03:15.277467 51322 IPCTensor.h:369] NewIPCTensor: cached_sampler_r4_0 [1000000]0x100013192000 7.629 MB
W20240207 19:03:15.277498 51322 IPCTensor.h:369] NewIPCTensor: cached_sampler_r4_1 [1000000]0x100013935000 7.629 MB
W20240207 19:03:15.277524 51322 IPCTensor.h:369] NewIPCTensor: cached_sampler_r4_2 [1000000]0x1000140d8000 7.629 MB
W20240207 19:03:15.277557 51322 IPCTensor.h:369] NewIPCTensor: cached_sampler_r4_3 [1000000]0x10001487b000 7.629 MB
W20240207 19:03:15.277585 51322 IPCTensor.h:369] NewIPCTensor: cached_sampler_r4_4 [1000000]0x10001501e000 7.629 MB
W20240207 19:03:15.277622 51322 IPCTensor.h:369] NewIPCTensor: cached_sampler_r4_5 [1000000]0x1000157c1000 7.629 MB
W20240207 19:03:15.277657 51322 IPCTensor.h:369] NewIPCTensor: cached_sampler_r4_6 [1000000]0x100015f64000 7.629 MB
W20240207 19:03:15.277688 51322 IPCTensor.h:369] NewIPCTensor: cached_sampler_r4_7 [1000000]0x100016707000 7.629 MB
W20240207 19:03:15.277715 51322 IPCTensor.h:369] NewIPCTensor: cached_sampler_r4_8 [1000000]0x100016eaa000 7.629 MB
W20240207 19:03:15.277753 51322 IPCTensor.h:369] NewIPCTensor: cached_sampler_r4_9 [1000000]0x10001764d000 7.629 MB
W20240207 19:03:15.277781 51322 IPCTensor.h:369] NewIPCTensor: step_r4 [10]0x100017df0000 80 B 
W20240207 19:03:15.277806 51322 IPCTensor.h:369] NewIPCTensor: circle_buffer_end_r4 [1]0x100017df2000 8 B 
W20240207 19:03:15.277830 51322 IPCTensor.h:369] NewIPCTensor: circle_buffer_end_cppseen_r4 [1]0x100017df4000 8 B 
W20240207 19:03:15.277884 51322 IPCTensor.h:369] NewIPCTensor: cached_sampler_r5_0 [1000000]0x100017df6000 7.629 MB
W20240207 19:03:15.277915 51322 IPCTensor.h:369] NewIPCTensor: cached_sampler_r5_1 [1000000]0x100018599000 7.629 MB
W20240207 19:03:15.277951 51322 IPCTensor.h:369] NewIPCTensor: cached_sampler_r5_2 [1000000]0x100018d3c000 7.629 MB
W20240207 19:03:15.277984 51322 IPCTensor.h:369] NewIPCTensor: cached_sampler_r5_3 [1000000]0x1000194df000 7.629 MB
W20240207 19:03:15.278020 51322 IPCTensor.h:369] NewIPCTensor: cached_sampler_r5_4 [1000000]0x100019c82000 7.629 MB
W20240207 19:03:15.278048 51322 IPCTensor.h:369] NewIPCTensor: cached_sampler_r5_5 [1000000]0x10001a425000 7.629 MB
W20240207 19:03:15.278081 51322 IPCTensor.h:369] NewIPCTensor: cached_sampler_r5_6 [1000000]0x10001abc8000 7.629 MB
W20240207 19:03:15.278118 51322 IPCTensor.h:369] NewIPCTensor: cached_sampler_r5_7 [1000000]0x10001b36b000 7.629 MB
W20240207 19:03:15.278146 51322 IPCTensor.h:369] NewIPCTensor: cached_sampler_r5_8 [1000000]0x10001bb0e000 7.629 MB
W20240207 19:03:15.278175 51322 IPCTensor.h:369] NewIPCTensor: cached_sampler_r5_9 [1000000]0x10001c2b1000 7.629 MB
W20240207 19:03:15.278204 51322 IPCTensor.h:369] NewIPCTensor: step_r5 [10]0x10001ca54000 80 B 
W20240207 19:03:15.278227 51322 IPCTensor.h:369] NewIPCTensor: circle_buffer_end_r5 [1]0x10001ca56000 8 B 
W20240207 19:03:15.278257 51322 IPCTensor.h:369] NewIPCTensor: circle_buffer_end_cppseen_r5 [1]0x10001ca58000 8 B 
W20240207 19:03:15.680258 51322 IPCTensor.h:369] NewIPCTensor: full_emb [86054151, 400]0x10001ca5a000 128.2 GB
W20240207 19:06:31.334403 51322 IPCTensor.h:369] NewIPCTensor: full_emb_SparseRowWiseAdaGrad_sum [86054151]0x10202b692000 328.3 MB
{0: Graph(num_nodes=16391033, num_edges=60554486,
      ndata_schemes={'_ID': Scheme(shape=(), dtype=torch.int64), 'inner_node': Scheme(shape=(), dtype=torch.int32), 'part_id': Scheme(shape=(), dtype=torch.int64)}
      edata_schemes={'_ID': Scheme(shape=(), dtype=torch.int64), 'inner_edge': Scheme(shape=(), dtype=torch.int8)}), 1: Graph(num_nodes=22850318, num_edges=74912573,
      ndata_schemes={'_ID': Scheme(shape=(), dtype=torch.int64), 'inner_node': Scheme(shape=(), dtype=torch.int32), 'part_id': Scheme(shape=(), dtype=torch.int64)}
      edata_schemes={'_ID': Scheme(shape=(), dtype=torch.int64), 'inner_edge': Scheme(shape=(), dtype=torch.int8)}), 2: Graph(num_nodes=16459669, num_edges=67428404,
      ndata_schemes={'_ID': Scheme(shape=(), dtype=torch.int64), 'inner_node': Scheme(shape=(), dtype=torch.int32), 'part_id': Scheme(shape=(), dtype=torch.int64)}
      edata_schemes={'_ID': Scheme(shape=(), dtype=torch.int64), 'inner_edge': Scheme(shape=(), dtype=torch.int8)}), 3: Graph(num_nodes=17554345, num_edges=53272616,
      ndata_schemes={'_ID': Scheme(shape=(), dtype=torch.int64), 'inner_node': Scheme(shape=(), dtype=torch.int32), 'part_id': Scheme(shape=(), dtype=torch.int64)}
      edata_schemes={'_ID': Scheme(shape=(), dtype=torch.int64), 'inner_edge': Scheme(shape=(), dtype=torch.int8)}), 4: Graph(num_nodes=17824082, num_edges=71836124,
      ndata_schemes={'_ID': Scheme(shape=(), dtype=torch.int64), 'inner_node': Scheme(shape=(), dtype=torch.int32), 'part_id': Scheme(shape=(), dtype=torch.int64)}
      edata_schemes={'_ID': Scheme(shape=(), dtype=torch.int64), 'inner_edge': Scheme(shape=(), dtype=torch.int8)}), 5: Graph(num_nodes=18730250, num_edges=46391216,
      ndata_schemes={'_ID': Scheme(shape=(), dtype=torch.int64), 'inner_node': Scheme(shape=(), dtype=torch.int32), 'part_id': Scheme(shape=(), dtype=torch.int64)}
      edata_schemes={'_ID': Scheme(shape=(), dtype=torch.int64), 'inner_edge': Scheme(shape=(), dtype=torch.int8)})}
MertisPartition: part 0 has 16391033 N 60554486 E
MertisPartition: part 1 has 22850318 N 74912573 E
MertisPartition: part 2 has 16459669 N 67428404 E
MertisPartition: part 3 has 17554345 N 53272616 E
MertisPartition: part 4 has 17824082 N 71836124 E
MertisPartition: part 5 has 18730250 N 46391216 E
Rank0: cached key size 717117
Rank1: cached key size 717117
Rank2: cached key size 717117
Rank3: cached key size 717117
Rank4: cached key size 717117
Rank5: cached key size 717117
Before renumbering graph:  {'_ID': tensor([       4,        5,       14,  ..., 12367661, 70093925, 61280605]), 'inner_node': tensor([1, 1, 1,  ..., 0, 0, 0], dtype=torch.int32), 'part_id': tensor([0, 0, 0,  ..., 1, 1, 2])}
After renumbering graph:  {'_ID': tensor([ 4302850,  4302885,   549879,  ..., 59311006,  9091120, 77334582]), 'inner_node': tensor([1, 1, 1,  ..., 0, 0, 0], dtype=torch.int32), 'part_id': tensor([0, 0, 0,  ..., 1, 1, 2])}
part_g: DGLGraph(num_nodes=16391033, num_edges=60554486,
         ndata_schemes={'_ID': Scheme(shape=(), dtype=torch.int64)}
         edata_schemes={'tid': Scheme(shape=(), dtype=torch.int64)})
part_g: DGLGraph(num_nodes=16391033, num_edges=60554486,
         ndata_schemes={'_ID': Scheme(shape=(), dtype=torch.int64)}
         edata_schemes={'tid': Scheme(shape=(), dtype=torch.int64)})
Total initialize time 1656.412 seconds
[Rank1] pid = 52186
[Rank2] pid = 52282
[Rank3] pid = 52350
[Rank4] pid = 52418
INFO [51322 distributed_c10d.py:442] Added key: store_based_barrier_key:1 to store for rank: 0
INFO [52186 distributed_c10d.py:442] Added key: store_based_barrier_key:1 to store for rank: 1
INFO [52282 distributed_c10d.py:442] Added key: store_based_barrier_key:1 to store for rank: 2
INFO [52350 distributed_c10d.py:442] Added key: store_based_barrier_key:1 to store for rank: 3
INFO [52487 distributed_c10d.py:442] Added key: store_based_barrier_key:1 to store for rank: 5
INFO [52418 distributed_c10d.py:442] Added key: store_based_barrier_key:1 to store for rank: 4
INFO [52418 distributed_c10d.py:476] Rank 4: Completed store-based barrier for key:store_based_barrier_key:1 with 6 nodes.
INFO [52350 distributed_c10d.py:476] Rank 3: Completed store-based barrier for key:store_based_barrier_key:1 with 6 nodes.
INFO [52487 distributed_c10d.py:476] Rank 5: Completed store-based barrier for key:store_based_barrier_key:1 with 6 nodes.
INFO [52282 distributed_c10d.py:476] Rank 2: Completed store-based barrier for key:store_based_barrier_key:1 with 6 nodes.
INFO [52186 distributed_c10d.py:476] Rank 1: Completed store-based barrier for key:store_based_barrier_key:1 with 6 nodes.
W20240207 19:15:04.473116 52419 IPCTensor.h:409] NewIPCGPUTensor: embedding_cache_4 [4302707, 400]; dev=4; size=6.412 GB
INFO [51322 distributed_c10d.py:476] Rank 0: Completed store-based barrier for key:store_based_barrier_key:1 with 6 nodes.
W20240207 19:15:04.476712 52488 IPCTensor.h:409] NewIPCGPUTensor: embedding_cache_0 [4302707, 400]; dev=0; size=6.412 GB
W20240207 19:15:04.477324 52551 IPCTensor.h:409] NewIPCGPUTensor: embedding_cache_5 [4302707, 400]; dev=5; size=6.412 GB
W20240207 19:15:04.477543 52351 IPCTensor.h:409] NewIPCGPUTensor: embedding_cache_3 [4302707, 400]; dev=3; size=6.412 GB
W20240207 19:15:04.477563 52283 IPCTensor.h:409] NewIPCGPUTensor: embedding_cache_2 [4302707, 400]; dev=2; size=6.412 GB
W20240207 19:15:04.477574 52187 IPCTensor.h:409] NewIPCGPUTensor: embedding_cache_1 [4302707, 400]; dev=1; size=6.412 GB
W20240207 19:15:04.548908 52351 IPCTensor.h:369] NewIPCTensor: input_keys_3 [1000000]0x10203fee5000 7.629 MB
W20240207 19:15:04.548947 52419 IPCTensor.h:369] NewIPCTensor: input_keys_4 [1000000]0x102040688000 7.629 MB
W20240207 19:15:04.548969 52283 IPCTensor.h:369] NewIPCTensor: input_keys_2 [1000000]0x102040e2b000 7.629 MB
W20240207 19:15:04.548990 52488 IPCTensor.h:369] NewIPCTensor: input_keys_0 [1000000]0x1020415ce000 7.629 MB
W20240207 19:15:04.549005 52551 IPCTensor.h:369] NewIPCTensor: input_keys_5 [1000000]0x102041d71000 7.629 MB
W20240207 19:15:04.549034 52187 IPCTensor.h:369] NewIPCTensor: input_keys_1 [1000000]0x102042514000 7.629 MB
W20240207 19:15:04.549142 52351 IPCTensor.h:369] NewIPCTensor: input_keys_neg_3 [1000000]0x102042cb7000 7.629 MB
W20240207 19:15:04.549350 52351 IPCTensor.h:369] NewIPCTensor: backward_grads_3 [1000000, 400]0x10204345a000 1.49 GB
W20240207 19:15:04.549358 52283 IPCTensor.h:369] NewIPCTensor: input_keys_neg_2 [1000000]0x1020a2a3d000 7.629 MB
W20240207 19:15:04.549369 52419 IPCTensor.h:369] NewIPCTensor: input_keys_neg_4 [1000000]0x1020a31e0000 7.629 MB
W20240207 19:15:04.549374 52488 IPCTensor.h:369] NewIPCTensor: input_keys_neg_0 [1000000]0x1020a3983000 7.629 MB
W20240207 19:15:04.549403 52551 IPCTensor.h:369] NewIPCTensor: input_keys_neg_5 [1000000]0x1020a4126000 7.629 MB
W20240207 19:15:04.549408 52187 IPCTensor.h:369] NewIPCTensor: input_keys_neg_1 [1000000]0x1020a48c9000 7.629 MB
W20240207 19:15:04.549427 52351 IPCTensor.h:369] NewIPCTensor: backward_grads_neg_3 [1000000, 400]0x1020a506c000 1.49 GB
W20240207 19:15:04.549459 52419 IPCTensor.h:369] NewIPCTensor: backward_grads_4 [1000000, 400]0x10210464f000 1.49 GB
W20240207 19:15:04.549506 52488 IPCTensor.h:369] NewIPCTensor: backward_grads_0 [1000000, 400]0x102163c32000 1.49 GB
W20240207 19:15:04.549513 52551 IPCTensor.h:369] NewIPCTensor: backward_grads_5 [1000000, 400]0x1021c3215000 1.49 GB
W20240207 19:15:04.549530 52351 IPCTensor.h:409] NewIPCGPUTensor: backward_grads_3_gpu [1000000, 400]; dev=3; size=1.49 GB
W20240207 19:15:04.549538 52187 IPCTensor.h:369] NewIPCTensor: backward_grads_1 [1000000, 400]0x1022227f8000 1.49 GB
W20240207 19:15:04.549544 52488 IPCTensor.h:369] NewIPCTensor: backward_grads_neg_0 [1000000, 400]0x102281ddb000 1.49 GB
W20240207 19:15:04.549562 52419 IPCTensor.h:369] NewIPCTensor: backward_grads_neg_4 [1000000, 400]0x1022e13be000 1.49 GB
W20240207 19:15:04.549569 52283 IPCTensor.h:369] NewIPCTensor: backward_grads_2 [1000000, 400]0x1023409a1000 1.49 GB
W20240207 19:15:04.549594 52551 IPCTensor.h:369] NewIPCTensor: backward_grads_neg_5 [1000000, 400]0x10239ff84000 1.49 GB
W20240207 19:15:04.549626 52187 IPCTensor.h:369] NewIPCTensor: backward_grads_neg_1 [1000000, 400]0x1023ff567000 1.49 GB
W20240207 19:15:04.551095 52551 IPCTensor.h:409] NewIPCGPUTensor: backward_grads_5_gpu [1000000, 400]; dev=5; size=1.49 GB
W20240207 19:15:04.551098 52283 IPCTensor.h:369] NewIPCTensor: backward_grads_neg_2 [1000000, 400]0x10245eb4a000 1.49 GB
W20240207 19:15:04.551113 52419 IPCTensor.h:409] NewIPCGPUTensor: backward_grads_4_gpu [1000000, 400]; dev=4; size=1.49 GB
W20240207 19:15:04.551165 52488 IPCTensor.h:409] NewIPCGPUTensor: backward_grads_0_gpu [1000000, 400]; dev=0; size=1.49 GB
W20240207 19:15:04.551185 52283 IPCTensor.h:409] NewIPCGPUTensor: backward_grads_2_gpu [1000000, 400]; dev=2; size=1.49 GB
W20240207 19:15:04.551211 52187 IPCTensor.h:409] NewIPCGPUTensor: backward_grads_1_gpu [1000000, 400]; dev=1; size=1.49 GB
W20240207 19:15:04.559284 52351 IPCTensor.h:409] NewIPCGPUTensor: backward_grads_neg_3_gpu [1000000, 400]; dev=3; size=1.49 GB
W20240207 19:15:04.561250 52419 IPCTensor.h:409] NewIPCGPUTensor: backward_grads_neg_4_gpu [1000000, 400]; dev=4; size=1.49 GB
W20240207 19:15:04.561276 52488 IPCTensor.h:409] NewIPCGPUTensor: backward_grads_neg_0_gpu [1000000, 400]; dev=0; size=1.49 GB
W20240207 19:15:04.561311 52283 IPCTensor.h:409] NewIPCGPUTensor: backward_grads_neg_2_gpu [1000000, 400]; dev=2; size=1.49 GB
W20240207 19:15:04.561370 52551 IPCTensor.h:409] NewIPCGPUTensor: backward_grads_neg_5_gpu [1000000, 400]; dev=5; size=1.49 GB
W20240207 19:15:04.561374 52187 IPCTensor.h:409] NewIPCGPUTensor: backward_grads_neg_1_gpu [1000000, 400]; dev=1; size=1.49 GB
cudaHostRegister 0x10001ca5a000
4: KnownLocalCachedEmbedding init done
WARNING [52418 DistTensor.py:59] The tensor name already exists in the kvstore
cudaHostRegister 0x10001ca5a000
5: KnownLocalCachedEmbedding init done
WARNING [52487 DistTensor.py:59] The tensor name already exists in the kvstore
cudaHostRegister 0x10001ca5a000
1: KnownLocalCachedEmbedding init done
WARNING [52186 DistTensor.py:59] The tensor name already exists in the kvstore
cudaHostRegister 0x10001ca5a000
3: KnownLocalCachedEmbedding init done
WARNING [52350 DistTensor.py:59] The tensor name already exists in the kvstore
cudaHostRegister 0x10001ca5a000
2: KnownLocalCachedEmbedding init done
WARNING [52282 DistTensor.py:59] The tensor name already exists in the kvstore
[Rank5] pid = 52487
New CachedEmbedding, name=full_emb, shape=(86054151, 400), cache_type=KnownLocalCachedEmbedding
fixed cache_range is [(0, 4302707), (4302707, 8605414), (8605414, 12908121), (12908121, 17210828), (17210828, 21513535), (21513535, 25816242)]
cudaHostRegister 0x10001ca5a000
0: KnownLocalCachedEmbedding init done
WARNING [51322 DistTensor.py:59] The tensor name already exists in the kvstore
I20240207 19:15:44.936717 52488 IPC_barrier.h:118] CreateBarrier: new barrier, name: kgcachecontroller, count: 6
I20240207 19:15:44.936972 52187 IPC_barrier.h:112] CreateBarrier: find existing barrier, name: kgcachecontroller, count: 6
I20240207 19:15:44.937065 52351 IPC_barrier.h:112] CreateBarrier: find existing barrier, name: kgcachecontroller, count: 6
I20240207 19:15:44.937140 52551 IPC_barrier.h:112] CreateBarrier: find existing barrier, name: kgcachecontroller, count: 6
I20240207 19:15:44.937213 52283 IPC_barrier.h:112] CreateBarrier: find existing barrier, name: kgcachecontroller, count: 6
I20240207 19:15:44.937258 52419 IPC_barrier.h:112] CreateBarrier: find existing barrier, name: kgcachecontroller, count: 6
W20240207 19:15:44.938762 52488 grad_base.h:55] KGCacheController, config={
        "num_gpus": 6,
        "L": 10,
        "backgrad_init": "both", 
        "kForwardItersPerStep": 2,
        "clr": 0.01,
        "nr_background_threads": 32,
        "backwardMode": "CppAsync",
        "cache_ratio": 0.05,
        "update_cache_use_omp":  0,
        "update_pq_use_omp":  0
        }
W20240207 19:15:44.938885 52488 grad_base.h:184] Init GradProcessingBase done
I20240207 19:15:57.763461 52488 grad_async_v1.h:203] Use main thread to update emb.
W20240207 19:15:57.763587 52488 kg_controller.h:75] after init GradAsyncProcessing
I20240207 19:15:57.763597 52488 kg_controller.h:84] Construct KGCacheController done
E20240207 19:15:58.392326 52419 recstore.cc:66] init folly done
E20240207 19:15:58.392920 52187 recstore.cc:66] init folly done
E20240207 19:15:58.392997 52488 recstore.cc:66] init folly done
E20240207 19:15:58.392997 52351 recstore.cc:66] init folly done
E20240207 19:15:58.393024 52551 recstore.cc:66] init folly done
E20240207 19:15:58.393024 52283 recstore.cc:66] init folly done
I20240207 19:15:58.394150 52488 grad_base.h:60] GraphEnv RegTensorsPerProcess
I20240207 19:16:16.205080 52551 IPC_barrier.h:118] CreateBarrier: new barrier, name: start_barrier, count: 6
I20240207 19:16:17.404336 52351 IPC_barrier.h:112] CreateBarrier: find existing barrier, name: start_barrier, count: 6
I20240207 19:16:18.519055 52488 IPC_barrier.h:112] CreateBarrier: find existing barrier, name: start_barrier, count: 6
I20240207 19:16:19.841990 52283 IPC_barrier.h:112] CreateBarrier: find existing barrier, name: start_barrier, count: 6
I20240207 19:16:20.391635 52419 IPC_barrier.h:112] CreateBarrier: find existing barrier, name: start_barrier, count: 6
I20240207 19:16:21.283677 52187 IPC_barrier.h:112] CreateBarrier: find existing barrier, name: start_barrier, count: 6
W20240207 19:16:23.045590 52488 grad_async_v1.h:429] Sleep in <BlockToStepN>, step_no=1, pq.top=1
+---------------------------+---------------------------+---------------------------+
| Name                      | P50                       | P99                       |
+---------------------------+---------------------------+---------------------------+
| ProcessBack:Shuffle       | 240.013 ms                | 283.816 ms                |
| ProcessBack:UpdateCache   | 476.574 ms                | 477.242 ms                |
| ProcessBack:UpsertPq      | 26.055 ms                 | 34.322 ms                 |
| ProcessOneStep            | 946.352 ms                | 946.352 ms                |
+---------------------------+---------------------------+---------------------------+
W20240207 19:16:24.045007 52488 grad_async_v1.h:429] Sleep in <BlockToStepN>, step_no=3, pq.top=3
+---------------------------+---------------------------+---------------------------+
| Name                      | P50                       | P99                       |
+---------------------------+---------------------------+---------------------------+
| GenInput                  | 6.197 ms                  | 8.651 ms                  |
| Forward                   | 5.410 ms                  | 516.597 ms                |
| Backward                  | 8.293 ms                  | 196.816 ms                |
| Optimize                  | 2.506 ms                  | 44.444 ms                 |
| BarrierTimeBeforeRank0    | 13.977 ms                 | 48.091 ms                 |
| AfterBackward             | 40.627 ms                 | 946.485 ms                |
| BlockToStepN              | 3.264 ms                  | 610.669 ms                |
| OneStep                   | 75.033 ms                 | 2.377 s                   |
+---------------------------+---------------------------+---------------------------+
W20240207 19:16:25.045007 52488 grad_async_v1.h:429] Sleep in <BlockToStepN>, step_no=5, pq.top=5
W20240207 19:16:26.128216 52488 grad_async_v1.h:429] Sleep in <BlockToStepN>, step_no=8, pq.top=8
W20240207 19:16:27.128007 52488 grad_async_v1.h:429] Sleep in <BlockToStepN>, step_no=11, pq.top=11
W20240207 19:16:28.128006 52488 grad_async_v1.h:429] Sleep in <BlockToStepN>, step_no=13, pq.top=13
+---------------------------+---------------------------+---------------------------+
| Name                      | P50                       | P99                       |
+---------------------------+---------------------------+---------------------------+
| ProcessBack:Shuffle       | 4.888 ms                  | 283.816 ms                |
| ProcessBack:UpdateCache   | 6.036 ms                  | 477.242 ms                |
| ProcessBack:UpsertPq      | 24.270 ms                 | 34.322 ms                 |
| ProcessOneStep            | 40.596 ms                 | 946.352 ms                |
| BlockToStepN              | 6.281 ms                  | 609.352 ms                |
+---------------------------+---------------------------+---------------------------+
W20240207 19:16:29.147259 52488 grad_async_v1.h:429] Sleep in <BlockToStepN>, step_no=17, pq.top=17
+---------------------------+---------------------------+---------------------------+
| Name                      | P50                       | P99                       |
+---------------------------+---------------------------+---------------------------+
| GenInput                  | 4.581 ms                  | 86.227 ms                 |
| Forward                   | 5.269 ms                  | 516.597 ms                |
| Backward                  | 11.487 ms                 | 196.816 ms                |
| Optimize                  | 2.634 ms                  | 44.444 ms                 |
| BarrierTimeBeforeRank0    | 8.690 ms                  | 74.083 ms                 |
| AfterBackward             | 40.627 ms                 | 946.485 ms                |
| BlockToStepN              | 6.346 ms                  | 610.669 ms                |
| OneStep                   | 189.762 ms                | 2.377 s                   |
+---------------------------+---------------------------+---------------------------+
W20240207 19:16:30.147007 52488 grad_async_v1.h:429] Sleep in <BlockToStepN>, step_no=19, pq.top=19
W20240207 19:16:31.147006 52488 grad_async_v1.h:429] Sleep in <BlockToStepN>, step_no=21, pq.top=21
W20240207 19:16:32.226266 52488 grad_async_v1.h:429] Sleep in <BlockToStepN>, step_no=25, pq.top=25
W20240207 19:16:33.226006 52488 grad_async_v1.h:429] Sleep in <BlockToStepN>, step_no=27, pq.top=27
+---------------------------+---------------------------+---------------------------+
| Name                      | P50                       | P99                       |
+---------------------------+---------------------------+---------------------------+
| ProcessBack:Shuffle       | 4.988 ms                  | 240.013 ms                |
| ProcessBack:UpdateCache   | 6.071 ms                  | 476.574 ms                |
| ProcessBack:UpsertPq      | 27.489 ms                 | 60.703 ms                 |
| ProcessOneStep            | 43.451 ms                 | 946.352 ms                |
| BlockToStepN              | 6.281 ms                  | 609.352 ms                |
+---------------------------+---------------------------+---------------------------+
W20240207 19:16:34.226004 52488 grad_async_v1.h:429] Sleep in <BlockToStepN>, step_no=29, pq.top=29
+---------------------------+---------------------------+---------------------------+
| Name                      | P50                       | P99                       |
+---------------------------+---------------------------+---------------------------+
| GenInput                  | 4.581 ms                  | 108.460 ms                |
| Forward                   | 4.875 ms                  | 516.597 ms                |
| Backward                  | 9.305 ms                  | 196.816 ms                |
| Optimize                  | 2.616 ms                  | 44.444 ms                 |
| BarrierTimeBeforeRank0    | 7.112 ms                  | 74.083 ms                 |
| AfterBackward             | 44.462 ms                 | 946.485 ms                |
| BlockToStepN              | 6.346 ms                  | 610.669 ms                |
| OneStep                   | 189.762 ms                | 2.377 s                   |
+---------------------------+---------------------------+---------------------------+
W20240207 19:16:35.260003 52488 grad_async_v1.h:429] Sleep in <BlockToStepN>, step_no=33, pq.top=33
W20240207 19:16:36.259014 52488 grad_async_v1.h:429] Sleep in <BlockToStepN>, step_no=35, pq.top=35
W20240207 19:16:37.281281 52488 grad_async_v1.h:429] Sleep in <BlockToStepN>, step_no=38, pq.top=38
W20240207 19:16:38.281005 52488 grad_async_v1.h:429] Sleep in <BlockToStepN>, step_no=41, pq.top=41
+---------------------------+---------------------------+---------------------------+
| Name                      | P50                       | P99                       |
+---------------------------+---------------------------+---------------------------+
| ProcessBack:Shuffle       | 4.988 ms                  | 240.013 ms                |
| ProcessBack:UpdateCache   | 5.860 ms                  | 476.574 ms                |
| ProcessBack:UpsertPq      | 28.580 ms                 | 65.349 ms                 |
| ProcessOneStep            | 44.435 ms                 | 946.352 ms                |
| BlockToStepN              | 6.281 ms                  | 609.352 ms                |
+---------------------------+---------------------------+---------------------------+
W20240207 19:16:39.281008 52488 grad_async_v1.h:429] Sleep in <BlockToStepN>, step_no=43, pq.top=43
+---------------------------+---------------------------+---------------------------+
| Name                      | P50                       | P99                       |
+---------------------------+---------------------------+---------------------------+
| GenInput                  | 5.394 ms                  | 164.855 ms                |
| Forward                   | 5.063 ms                  | 516.597 ms                |
| Backward                  | 9.836 ms                  | 196.816 ms                |
| Optimize                  | 2.616 ms                  | 44.444 ms                 |
| BarrierTimeBeforeRank0    | 3.949 ms                  | 74.083 ms                 |
| AfterBackward             | 43.478 ms                 | 946.485 ms                |
| BlockToStepN              | 6.346 ms                  | 610.669 ms                |
| OneStep                   | 189.762 ms                | 2.377 s                   |
+---------------------------+---------------------------+---------------------------+
W20240207 19:16:40.281005 52488 grad_async_v1.h:429] Sleep in <BlockToStepN>, step_no=47, pq.top=47
W20240207 19:16:41.302762 52488 grad_async_v1.h:429] Sleep in <BlockToStepN>, step_no=50, pq.top=50
W20240207 19:16:42.302006 52488 grad_async_v1.h:429] Sleep in <BlockToStepN>, step_no=53, pq.top=53
W20240207 19:16:43.392136 52488 grad_async_v1.h:429] Sleep in <BlockToStepN>, step_no=56, pq.top=56
+---------------------------+---------------------------+---------------------------+
| Name                      | P50                       | P99                       |
+---------------------------+---------------------------+---------------------------+
| ProcessBack:Shuffle       | 4.864 ms                  | 240.013 ms                |
| ProcessBack:UpdateCache   | 5.687 ms                  | 476.574 ms                |
| ProcessBack:UpsertPq      | 25.799 ms                 | 65.349 ms                 |
| ProcessOneStep            | 39.920 ms                 | 123.975 ms                |
| BlockToStepN              | 6.281 ms                  | 607.631 ms                |
+---------------------------+---------------------------+---------------------------+
W20240207 19:16:44.392006 52488 grad_async_v1.h:429] Sleep in <BlockToStepN>, step_no=59, pq.top=59
+---------------------------+---------------------------+---------------------------+
| Name                      | P50                       | P99                       |
+---------------------------+---------------------------+---------------------------+
| GenInput                  | 6.010 ms                  | 137.329 ms                |
| Forward                   | 5.040 ms                  | 36.396 ms                 |
| Backward                  | 10.314 ms                 | 21.660 ms                 |
| Optimize                  | 2.599 ms                  | 9.863 ms                  |
| BarrierTimeBeforeRank0    | 1.186 ms                  | 48.091 ms                 |
| AfterBackward             | 39.099 ms                 | 124.000 ms                |
| BlockToStepN              | 6.346 ms                  | 607.709 ms                |
| OneStep                   | 189.762 ms                | 738.819 ms                |
+---------------------------+---------------------------+---------------------------+
W20240207 19:16:45.416041 52488 grad_async_v1.h:429] Sleep in <BlockToStepN>, step_no=63, pq.top=63
W20240207 19:16:46.416008 52488 grad_async_v1.h:429] Sleep in <BlockToStepN>, step_no=65, pq.top=65
W20240207 19:16:47.434001 52488 grad_async_v1.h:429] Sleep in <BlockToStepN>, step_no=69, pq.top=69
+---------------------------+---------------------------+---------------------------+
| Name                      | P50                       | P99                       |
+---------------------------+---------------------------+---------------------------+
| ProcessBack:Shuffle       | 4.864 ms                  | 240.013 ms                |
| ProcessBack:UpdateCache   | 5.565 ms                  | 476.574 ms                |
| ProcessBack:UpsertPq      | 25.293 ms                 | 65.349 ms                 |
| ProcessOneStep            | 38.810 ms                 | 123.975 ms                |
| BlockToStepN              | 6.281 ms                  | 607.631 ms                |
+---------------------------+---------------------------+---------------------------+
W20240207 19:16:48.433003 52488 grad_async_v1.h:429] Sleep in <BlockToStepN>, step_no=71, pq.top=71
W20240207 19:16:49.433007 52488 grad_async_v1.h:429] Sleep in <BlockToStepN>, step_no=73, pq.top=73
+---------------------------+---------------------------+---------------------------+
| Name                      | P50                       | P99                       |
+---------------------------+---------------------------+---------------------------+
| GenInput                  | 6.197 ms                  | 144.072 ms                |
| Forward                   | 5.071 ms                  | 36.396 ms                 |
| Backward                  | 11.251 ms                 | 21.660 ms                 |
| Optimize                  | 2.567 ms                  | 17.351 ms                 |
| BarrierTimeBeforeRank0    | 327.873 us                | 74.083 ms                 |
| AfterBackward             | 38.335 ms                 | 124.000 ms                |
| BlockToStepN              | 6.346 ms                  | 607.709 ms                |
| OneStep                   | 189.762 ms                | 738.819 ms                |
+---------------------------+---------------------------+---------------------------+
W20240207 19:16:50.433005 52488 grad_async_v1.h:429] Sleep in <BlockToStepN>, step_no=77, pq.top=77
W20240207 19:16:51.433005 52488 grad_async_v1.h:429] Sleep in <BlockToStepN>, step_no=79, pq.top=79
W20240207 19:16:52.433005 52488 grad_async_v1.h:429] Sleep in <BlockToStepN>, step_no=83, pq.top=83
+---------------------------+---------------------------+---------------------------+
| Name                      | P50                       | P99                       |
+---------------------------+---------------------------+---------------------------+
| ProcessBack:Shuffle       | 4.853 ms                  | 24.492 ms                 |
| ProcessBack:UpdateCache   | 5.549 ms                  | 16.519 ms                 |
| ProcessBack:UpsertPq      | 25.262 ms                 | 60.703 ms                 |
| ProcessOneStep            | 38.298 ms                 | 123.975 ms                |
| BlockToStepN              | 6.281 ms                  | 607.631 ms                |
+---------------------------+---------------------------+---------------------------+
W20240207 19:16:53.433003 52488 grad_async_v1.h:429] Sleep in <BlockToStepN>, step_no=85, pq.top=85
W20240207 19:16:54.665938 52488 grad_async_v1.h:429] Sleep in <BlockToStepN>, step_no=89, pq.top=89
+---------------------------+---------------------------+---------------------------+
| Name                      | P50                       | P99                       |
+---------------------------+---------------------------+---------------------------+
| GenInput                  | 6.389 ms                  | 163.179 ms                |
| Forward                   | 5.071 ms                  | 36.396 ms                 |
| Backward                  | 11.320 ms                 | 21.660 ms                 |
| Optimize                  | 2.586 ms                  | 17.351 ms                 |
| BarrierTimeBeforeRank0    | 1.186 ms                  | 74.083 ms                 |
| AfterBackward             | 38.735 ms                 | 124.000 ms                |
| BlockToStepN              | 6.346 ms                  | 607.709 ms                |
| OneStep                   | 189.762 ms                | 738.819 ms                |
+---------------------------+---------------------------+---------------------------+
W20240207 19:16:55.665006 52488 grad_async_v1.h:429] Sleep in <BlockToStepN>, step_no=91, pq.top=91
W20240207 19:16:56.665009 52488 grad_async_v1.h:429] Sleep in <BlockToStepN>, step_no=95, pq.top=95
W20240207 19:16:57.665035 52488 grad_async_v1.h:429] Sleep in <BlockToStepN>, step_no=97, pq.top=97
+---------------------------+---------------------------+---------------------------+
| Name                      | P50                       | P99                       |
+---------------------------+---------------------------+---------------------------+
| ProcessBack:Shuffle       | 4.865 ms                  | 24.492 ms                 |
| ProcessBack:UpdateCache   | 5.511 ms                  | 16.519 ms                 |
| ProcessBack:UpsertPq      | 25.605 ms                 | 60.703 ms                 |
| ProcessOneStep            | 39.444 ms                 | 123.975 ms                |
| BlockToStepN              | 6.281 ms                  | 607.631 ms                |
+---------------------------+---------------------------+---------------------------+
train_sampler.Prefill()
before start barrier
start train
[proc 3] 100 steps, total: 41.144, sample: 1.506, forward: 1.006, backward: 1.246, update: 0.284
train_sampler.Prefill()
before start barrier
start train
[proc 1] 100 steps, total: 37.264, sample: 1.628, forward: 0.994, backward: 0.710, update: 0.263
train_sampler.Prefill()
before start barrier
start train
[proc 4] 100 steps, total: 38.157, sample: 1.538, forward: 0.978, backward: 1.347, update: 0.286
train_sampler.Prefill()
before start barrier
start train
[proc 5] 100 steps, total: 42.343, sample: 1.749, forward: 0.990, backward: 1.260, update: 0.295
train_sampler.Prefill()
-------Step 0-------
tensor([23894707,   557248,   441116,   557269,   557295,   557322,  5049695,
          557352,   557384,   319680]) tensor([  163910, 48644417, 48029483,  5595403, 76267334, 27452636, 52397264,
        17329031, 67299738,  3738542])
-------Step 1-------
tensor([23894707,   557248,   441116,   557269,   557295,   557322,  5049695,
          557352,   557384,   319680]) tensor([82513548, 78110204,  4620456,  1396491, 67840408, 49778394, 30542956,
        68476504, 59059482, 33901756])
-------Step 2-------
tensor([   15369,    15399,    15428,    25896, 33393051,    15457, 26455193,
           15496, 23894707, 84178376]) tensor([ 8216809, 33217807, 24158998, 55072401, 59133068, 41240036, 57902807,
        32817345,  6941033, 18145993])
-------Step 3-------
tensor([   15369,    15399,    15428,    25896, 33393051,    15457, 26455193,
           15496, 23894707, 84178376]) tensor([22687690, 20380215, 11128602, 66466529,  9476098, 12161165, 13297511,
        85757925, 84248034, 78473969])
-------Step 4-------
tensor([ 624178,   29257,   81881, 9673818,   81903,  323815,   81928, 4439800,
          81957,  624196]) tensor([49623879, 73679968, 13149137, 32669545, 47931625, 59320538, 81145888,
        23447722, 32147837, 83699452])
-------Step 5-------
tensor([ 624178,   29257,   81881, 9673818,   81903,  323815,   81928, 4439800,
          81957,  624196]) tensor([ 4230574,   106318,  7252470, 71315677, 83864448, 36203871, 58486916,
        56876354, 65962658, 20106604])
-------Step 6-------
tensor([  148201,   148220, 23894707,   148246,    31279,   148272,   448430,
          448472, 44821069,  4432385]) tensor([42149384, 43923230, 38505653, 71818568, 63281592,  1127240, 10903763,
         4948095, 50083187, 23274953])
-------Step 7-------
tensor([  148201,   148220, 23894707,   148246,    31279,   148272,   448430,
          448472, 44821069,  4432385]) tensor([24811079, 33099363, 47235797, 49834604, 65892777, 15003046,  1964272,
        58462272, 53011210, 26568330])
-------Step 8-------
tensor([  318095,   212519,   212540,  5360775,  4309263,    72130,    51010,
           51034,   212572, 36823685]) tensor([77275964, 22347811, 69467017, 72186635,  6700385, 16177892, 27279514,
        26116166, 84355311, 35385779])
-------Step 9-------
tensor([  318095,   212519,   212540,  5360775,  4309263,    72130,    51010,
           51034,   212572, 36823685]) tensor([  618295, 46422628, 70850632, 38750448, 81576365, 61526836, 59259861,
        27065205, 61241921, 12989084])
before start barrier
start train
[proc 0] 100 steps, total: 40.029, sample: 1.698, forward: 1.060, backward: 1.214, update: 0.396
train_sampler.Prefill()
before start barrier
start train
[proc 2] 100 steps, total: 38.706, sample: 1.590, forward: 1.003, backward: 0.984, update: 0.279
W20240207 19:16:58.665006 52488 grad_async_v1.h:429] Sleep in <BlockToStepN>, step_no=101, pq.top=101
W20240207 19:16:59.665005 52488 grad_async_v1.h:429] Sleep in <BlockToStepN>, step_no=103, pq.top=103
+---------------------------+---------------------------+---------------------------+
| Name                      | P50                       | P99                       |
+---------------------------+---------------------------+---------------------------+
| GenInput                  | 6.976 ms                  | 164.855 ms                |
| Forward                   | 5.141 ms                  | 36.396 ms                 |
| Backward                  | 11.316 ms                 | 21.660 ms                 |
| Optimize                  | 2.586 ms                  | 19.279 ms                 |
| BarrierTimeBeforeRank0    | 535.299 us                | 74.083 ms                 |
| AfterBackward             | 39.639 ms                 | 124.000 ms                |
| BlockToStepN              | 6.346 ms                  | 607.709 ms                |
| OneStep                   | 189.762 ms                | 738.819 ms                |
+---------------------------+---------------------------+---------------------------+
W20240207 19:17:00.665007 52488 grad_async_v1.h:429] Sleep in <BlockToStepN>, step_no=105, pq.top=105
W20240207 19:17:01.665006 52488 grad_async_v1.h:429] Sleep in <BlockToStepN>, step_no=109, pq.top=109
W20240207 19:17:02.665007 52488 grad_async_v1.h:429] Sleep in <BlockToStepN>, step_no=111, pq.top=111
+---------------------------+---------------------------+---------------------------+
| Name                      | P50                       | P99                       |
+---------------------------+---------------------------+---------------------------+
| ProcessBack:Shuffle       | 4.864 ms                  | 24.492 ms                 |
| ProcessBack:UpdateCache   | 5.511 ms                  | 16.519 ms                 |
| ProcessBack:UpsertPq      | 25.481 ms                 | 60.703 ms                 |
| ProcessOneStep            | 38.810 ms                 | 123.975 ms                |
| BlockToStepN              | 476.618 ms                | 607.631 ms                |
+---------------------------+---------------------------+---------------------------+
W20240207 19:17:03.665009 52488 grad_async_v1.h:429] Sleep in <BlockToStepN>, step_no=115, pq.top=115
W20240207 19:17:04.665006 52488 grad_async_v1.h:429] Sleep in <BlockToStepN>, step_no=117, pq.top=117
+---------------------------+---------------------------+---------------------------+
| Name                      | P50                       | P99                       |
+---------------------------+---------------------------+---------------------------+
| GenInput                  | 6.976 ms                  | 164.855 ms                |
| Forward                   | 5.059 ms                  | 36.396 ms                 |
| Backward                  | 11.194 ms                 | 21.660 ms                 |
| Optimize                  | 2.567 ms                  | 19.279 ms                 |
| BarrierTimeBeforeRank0    | 82.083 us                 | 74.083 ms                 |
| AfterBackward             | 38.614 ms                 | 124.000 ms                |
| BlockToStepN              | 6.346 ms                  | 607.709 ms                |
| OneStep                   | 189.762 ms                | 894.532 ms                |
+---------------------------+---------------------------+---------------------------+
W20240207 19:17:05.749336 52488 grad_async_v1.h:429] Sleep in <BlockToStepN>, step_no=120, pq.top=120
W20240207 19:17:06.749007 52488 grad_async_v1.h:429] Sleep in <BlockToStepN>, step_no=123, pq.top=123
W20240207 19:17:07.749006 52488 grad_async_v1.h:429] Sleep in <BlockToStepN>, step_no=126, pq.top=126
+---------------------------+---------------------------+---------------------------+
| Name                      | P50                       | P99                       |
+---------------------------+---------------------------+---------------------------+
| ProcessBack:Shuffle       | 4.864 ms                  | 21.899 ms                 |
| ProcessBack:UpdateCache   | 5.496 ms                  | 10.631 ms                 |
| ProcessBack:UpsertPq      | 25.262 ms                 | 57.092 ms                 |
| ProcessOneStep            | 38.342 ms                 | 123.975 ms                |
| BlockToStepN              | 476.618 ms                | 607.631 ms                |
+---------------------------+---------------------------+---------------------------+
W20240207 19:17:08.749006 52488 grad_async_v1.h:429] Sleep in <BlockToStepN>, step_no=129, pq.top=129
