WARNING: Logging before InitGoogleLogging() is written to STDERR
I20240129 14:02:22.162279 35216 IPC_barrier.h:128] MultiProcessBarrierFactory->ClearIPCMemory()
/data/home/xieminhui/RecStore/src/framework_adapters/torch/kg/dgl-0.9.1/python/dgl/_deprecate/graph.py:1023: DGLWarning: multigraph will be deprecated.DGL will treat all graphs as multigraph in the future.
  dgl_warning("multigraph will be deprecated." \
/data/home/xieminhui/RecStore/src/framework_adapters/torch/kg/dgl-0.9.1/python/dgl/heterograph.py:72: DGLWarning: Recommend creating graphs by `dgl.graph(data)` instead of `dgl.DGLGraph(data)`.
  dgl_warning('Recommend creating graphs by `dgl.graph(data)`'
Reading train triples....
Finished. Read 483142 train triples.
Reading valid triples....
Finished. Read 50000 valid triples.
Reading test triples....
Finished. Read 59071 test triples.
ARGS:  Namespace(model_name='TransE', data_path='/home/xieminhui/dgl-data', dataset='FB15k', format='built_in', data_files=None, delimiter='\t', save_path='/tmp/ckpts/TransE_FB15k_46', no_save_emb=True, max_step=500, batch_size=2000, batch_size_eval=16, neg_sample_size=200, neg_deg_sample=False, neg_deg_sample_eval=False, neg_sample_size_eval=14951, eval_percent=1, no_eval_filter=False, log_interval=100, eval_interval=10000, test=False, num_proc=8, num_thread=1, force_sync_interval=1, hidden_dim=400, lr=0.01, gamma=16.0, double_ent=False, double_rel=False, neg_adversarial_sampling=False, adversarial_temperature=1.0, regularization_coef=0.0, regularization_norm=3, pairwise=False, loss_genre='Logsigmoid', margin=1.0, nr_gpus=8, gpu=[0, 1, 2, 3, 4, 5, 6, 7], mix_cpu_gpu=True, valid=False, rel_part=False, async_update=None, has_edge_importance=False, cached_emb_type='KnownLocalCachedEmbedding', use_my_emb=True, cache_ratio=0.05, shuffle=False, backwardMode='CppAsyncV2', L=10, update_cache_use_omp=0, update_pq_use_omp=0, kForwardItersPerStep=2, backgrad_init='both', eval_filter=True, soft_rel_part=False)
|Train|: 483142
original graph:  DGLGraph(num_nodes=14951, num_edges=592213,
         ndata_schemes={}
         edata_schemes={'tid': Scheme(shape=(), dtype=torch.int64)})
Loading cached metis
WARNING [35216 sampler.py:454] Start PreSampling
WARNING [35216 sampler.py:532] Before construct renumbering_dict
WARNING [35216 sampler.py:555] PreSampling done
W20240129 14:02:26.950711 35216 IPCTensor.h:369] NewIPCTensor: cached_sampler_r0_0 [1000000]0x100000002000 7.629 MB
W20240129 14:02:26.950973 35216 IPCTensor.h:369] NewIPCTensor: cached_sampler_r0_1 [1000000]0x1000007a5000 7.629 MB
W20240129 14:02:26.951016 35216 IPCTensor.h:369] NewIPCTensor: cached_sampler_r0_2 [1000000]0x100000f48000 7.629 MB
W20240129 14:02:26.951059 35216 IPCTensor.h:369] NewIPCTensor: cached_sampler_r0_3 [1000000]0x1000016eb000 7.629 MB
W20240129 14:02:26.951102 35216 IPCTensor.h:369] NewIPCTensor: cached_sampler_r0_4 [1000000]0x100001e8e000 7.629 MB
W20240129 14:02:26.951145 35216 IPCTensor.h:369] NewIPCTensor: cached_sampler_r0_5 [1000000]0x100002631000 7.629 MB
W20240129 14:02:26.951180 35216 IPCTensor.h:369] NewIPCTensor: cached_sampler_r0_6 [1000000]0x100002dd4000 7.629 MB
W20240129 14:02:26.951265 35216 IPCTensor.h:369] NewIPCTensor: cached_sampler_r0_7 [1000000]0x100003577000 7.629 MB
W20240129 14:02:26.951313 35216 IPCTensor.h:369] NewIPCTensor: cached_sampler_r0_8 [1000000]0x100003d1a000 7.629 MB
W20240129 14:02:26.951349 35216 IPCTensor.h:369] NewIPCTensor: cached_sampler_r0_9 [1000000]0x1000044bd000 7.629 MB
W20240129 14:02:26.951397 35216 IPCTensor.h:369] NewIPCTensor: step_r0 [10]0x100004c60000 80 B 
W20240129 14:02:26.951436 35216 IPCTensor.h:369] NewIPCTensor: circle_buffer_end_r0 [1]0x100004c62000 8 B 
W20240129 14:02:26.951479 35216 IPCTensor.h:369] NewIPCTensor: circle_buffer_end_cppseen_r0 [1]0x100004c64000 8 B 
W20240129 14:02:26.951642 35216 IPCTensor.h:369] NewIPCTensor: cached_sampler_r1_0 [1000000]0x100004c66000 7.629 MB
W20240129 14:02:26.951687 35216 IPCTensor.h:369] NewIPCTensor: cached_sampler_r1_1 [1000000]0x100005409000 7.629 MB
W20240129 14:02:26.951730 35216 IPCTensor.h:369] NewIPCTensor: cached_sampler_r1_2 [1000000]0x100005bac000 7.629 MB
W20240129 14:02:26.951778 35216 IPCTensor.h:369] NewIPCTensor: cached_sampler_r1_3 [1000000]0x10000634f000 7.629 MB
W20240129 14:02:26.951822 35216 IPCTensor.h:369] NewIPCTensor: cached_sampler_r1_4 [1000000]0x100006af2000 7.629 MB
W20240129 14:02:26.951874 35216 IPCTensor.h:369] NewIPCTensor: cached_sampler_r1_5 [1000000]0x100007295000 7.629 MB
W20240129 14:02:26.951910 35216 IPCTensor.h:369] NewIPCTensor: cached_sampler_r1_6 [1000000]0x100007a38000 7.629 MB
W20240129 14:02:26.951980 35216 IPCTensor.h:369] NewIPCTensor: cached_sampler_r1_7 [1000000]0x1000081db000 7.629 MB
W20240129 14:02:26.952023 35216 IPCTensor.h:369] NewIPCTensor: cached_sampler_r1_8 [1000000]0x10000897e000 7.629 MB
W20240129 14:02:26.952077 35216 IPCTensor.h:369] NewIPCTensor: cached_sampler_r1_9 [1000000]0x100009121000 7.629 MB
W20240129 14:02:26.952122 35216 IPCTensor.h:369] NewIPCTensor: step_r1 [10]0x1000098c4000 80 B 
W20240129 14:02:26.952153 35216 IPCTensor.h:369] NewIPCTensor: circle_buffer_end_r1 [1]0x1000098c6000 8 B 
W20240129 14:02:26.952194 35216 IPCTensor.h:369] NewIPCTensor: circle_buffer_end_cppseen_r1 [1]0x1000098c8000 8 B 
W20240129 14:02:26.952265 35216 IPCTensor.h:369] NewIPCTensor: cached_sampler_r2_0 [1000000]0x1000098ca000 7.629 MB
W20240129 14:02:26.952307 35216 IPCTensor.h:369] NewIPCTensor: cached_sampler_r2_1 [1000000]0x10000a06d000 7.629 MB
W20240129 14:02:26.952353 35216 IPCTensor.h:369] NewIPCTensor: cached_sampler_r2_2 [1000000]0x10000a810000 7.629 MB
W20240129 14:02:26.952399 35216 IPCTensor.h:369] NewIPCTensor: cached_sampler_r2_3 [1000000]0x10000afb3000 7.629 MB
W20240129 14:02:26.952441 35216 IPCTensor.h:369] NewIPCTensor: cached_sampler_r2_4 [1000000]0x10000b756000 7.629 MB
W20240129 14:02:26.952504 35216 IPCTensor.h:369] NewIPCTensor: cached_sampler_r2_5 [1000000]0x10000bef9000 7.629 MB
W20240129 14:02:26.952584 35216 IPCTensor.h:369] NewIPCTensor: cached_sampler_r2_6 [1000000]0x10000c69c000 7.629 MB
W20240129 14:02:26.952626 35216 IPCTensor.h:369] NewIPCTensor: cached_sampler_r2_7 [1000000]0x10000ce3f000 7.629 MB
W20240129 14:02:26.952674 35216 IPCTensor.h:369] NewIPCTensor: cached_sampler_r2_8 [1000000]0x10000d5e2000 7.629 MB
W20240129 14:02:26.952716 35216 IPCTensor.h:369] NewIPCTensor: cached_sampler_r2_9 [1000000]0x10000dd85000 7.629 MB
W20240129 14:02:26.952761 35216 IPCTensor.h:369] NewIPCTensor: step_r2 [10]0x10000e528000 80 B 
W20240129 14:02:26.952792 35216 IPCTensor.h:369] NewIPCTensor: circle_buffer_end_r2 [1]0x10000e52a000 8 B 
W20240129 14:02:26.952822 35216 IPCTensor.h:369] NewIPCTensor: circle_buffer_end_cppseen_r2 [1]0x10000e52c000 8 B 
W20240129 14:02:26.952898 35216 IPCTensor.h:369] NewIPCTensor: cached_sampler_r3_0 [1000000]0x10000e52e000 7.629 MB
W20240129 14:02:26.952939 35216 IPCTensor.h:369] NewIPCTensor: cached_sampler_r3_1 [1000000]0x10000ecd1000 7.629 MB
W20240129 14:02:26.953009 35216 IPCTensor.h:369] NewIPCTensor: cached_sampler_r3_2 [1000000]0x10000f474000 7.629 MB
W20240129 14:02:26.953069 35216 IPCTensor.h:369] NewIPCTensor: cached_sampler_r3_3 [1000000]0x10000fc17000 7.629 MB
W20240129 14:02:26.953119 35216 IPCTensor.h:369] NewIPCTensor: cached_sampler_r3_4 [1000000]0x1000103ba000 7.629 MB
W20240129 14:02:26.953164 35216 IPCTensor.h:369] NewIPCTensor: cached_sampler_r3_5 [1000000]0x100010b5d000 7.629 MB
W20240129 14:02:26.953204 35216 IPCTensor.h:369] NewIPCTensor: cached_sampler_r3_6 [1000000]0x100011300000 7.629 MB
W20240129 14:02:26.953240 35216 IPCTensor.h:369] NewIPCTensor: cached_sampler_r3_7 [1000000]0x100011aa3000 7.629 MB
W20240129 14:02:26.953289 35216 IPCTensor.h:369] NewIPCTensor: cached_sampler_r3_8 [1000000]0x100012246000 7.629 MB
W20240129 14:02:26.953333 35216 IPCTensor.h:369] NewIPCTensor: cached_sampler_r3_9 [1000000]0x1000129e9000 7.629 MB
W20240129 14:02:26.953380 35216 IPCTensor.h:369] NewIPCTensor: step_r3 [10]0x10001318c000 80 B 
W20240129 14:02:26.953411 35216 IPCTensor.h:369] NewIPCTensor: circle_buffer_end_r3 [1]0x10001318e000 8 B 
W20240129 14:02:26.953440 35216 IPCTensor.h:369] NewIPCTensor: circle_buffer_end_cppseen_r3 [1]0x100013190000 8 B 
W20240129 14:02:26.953518 35216 IPCTensor.h:369] NewIPCTensor: cached_sampler_r4_0 [1000000]0x100013192000 7.629 MB
W20240129 14:02:26.953562 35216 IPCTensor.h:369] NewIPCTensor: cached_sampler_r4_1 [1000000]0x100013935000 7.629 MB
W20240129 14:02:26.953606 35216 IPCTensor.h:369] NewIPCTensor: cached_sampler_r4_2 [1000000]0x1000140d8000 7.629 MB
W20240129 14:02:26.953644 35216 IPCTensor.h:369] NewIPCTensor: cached_sampler_r4_3 [1000000]0x10001487b000 7.629 MB
W20240129 14:02:26.953678 35216 IPCTensor.h:369] NewIPCTensor: cached_sampler_r4_4 [1000000]0x10001501e000 7.629 MB
W20240129 14:02:26.953742 35216 IPCTensor.h:369] NewIPCTensor: cached_sampler_r4_5 [1000000]0x1000157c1000 7.629 MB
W20240129 14:02:26.953788 35216 IPCTensor.h:369] NewIPCTensor: cached_sampler_r4_6 [1000000]0x100015f64000 7.629 MB
W20240129 14:02:26.953832 35216 IPCTensor.h:369] NewIPCTensor: cached_sampler_r4_7 [1000000]0x100016707000 7.629 MB
W20240129 14:02:26.953876 35216 IPCTensor.h:369] NewIPCTensor: cached_sampler_r4_8 [1000000]0x100016eaa000 7.629 MB
W20240129 14:02:26.953912 35216 IPCTensor.h:369] NewIPCTensor: cached_sampler_r4_9 [1000000]0x10001764d000 7.629 MB
W20240129 14:02:26.953954 35216 IPCTensor.h:369] NewIPCTensor: step_r4 [10]0x100017df0000 80 B 
W20240129 14:02:26.953985 35216 IPCTensor.h:369] NewIPCTensor: circle_buffer_end_r4 [1]0x100017df2000 8 B 
W20240129 14:02:26.954015 35216 IPCTensor.h:369] NewIPCTensor: circle_buffer_end_cppseen_r4 [1]0x100017df4000 8 B 
W20240129 14:02:26.954082 35216 IPCTensor.h:369] NewIPCTensor: cached_sampler_r5_0 [1000000]0x100017df6000 7.629 MB
W20240129 14:02:26.954128 35216 IPCTensor.h:369] NewIPCTensor: cached_sampler_r5_1 [1000000]0x100018599000 7.629 MB
W20240129 14:02:26.954171 35216 IPCTensor.h:369] NewIPCTensor: cached_sampler_r5_2 [1000000]0x100018d3c000 7.629 MB
W20240129 14:02:26.954232 35216 IPCTensor.h:369] NewIPCTensor: cached_sampler_r5_3 [1000000]0x1000194df000 7.629 MB
W20240129 14:02:26.954268 35216 IPCTensor.h:369] NewIPCTensor: cached_sampler_r5_4 [1000000]0x100019c82000 7.629 MB
W20240129 14:02:26.954304 35216 IPCTensor.h:369] NewIPCTensor: cached_sampler_r5_5 [1000000]0x10001a425000 7.629 MB
W20240129 14:02:26.954344 35216 IPCTensor.h:369] NewIPCTensor: cached_sampler_r5_6 [1000000]0x10001abc8000 7.629 MB
W20240129 14:02:26.954387 35216 IPCTensor.h:369] NewIPCTensor: cached_sampler_r5_7 [1000000]0x10001b36b000 7.629 MB
W20240129 14:02:26.954429 35216 IPCTensor.h:369] NewIPCTensor: cached_sampler_r5_8 [1000000]0x10001bb0e000 7.629 MB
W20240129 14:02:26.954476 35216 IPCTensor.h:369] NewIPCTensor: cached_sampler_r5_9 [1000000]0x10001c2b1000 7.629 MB
W20240129 14:02:26.954515 35216 IPCTensor.h:369] NewIPCTensor: step_r5 [10]0x10001ca54000 80 B 
W20240129 14:02:26.954546 35216 IPCTensor.h:369] NewIPCTensor: circle_buffer_end_r5 [1]0x10001ca56000 8 B 
W20240129 14:02:26.954583 35216 IPCTensor.h:369] NewIPCTensor: circle_buffer_end_cppseen_r5 [1]0x10001ca58000 8 B 
W20240129 14:02:26.954655 35216 IPCTensor.h:369] NewIPCTensor: cached_sampler_r6_0 [1000000]0x10001ca5a000 7.629 MB
W20240129 14:02:26.954694 35216 IPCTensor.h:369] NewIPCTensor: cached_sampler_r6_1 [1000000]0x10001d1fd000 7.629 MB
W20240129 14:02:26.954728 35216 IPCTensor.h:369] NewIPCTensor: cached_sampler_r6_2 [1000000]0x10001d9a0000 7.629 MB
W20240129 14:02:26.954766 35216 IPCTensor.h:369] NewIPCTensor: cached_sampler_r6_3 [1000000]0x10001e143000 7.629 MB
W20240129 14:02:26.954807 35216 IPCTensor.h:369] NewIPCTensor: cached_sampler_r6_4 [1000000]0x10001e8e6000 7.629 MB
W20240129 14:02:26.954867 35216 IPCTensor.h:369] NewIPCTensor: cached_sampler_r6_5 [1000000]0x10001f089000 7.629 MB
W20240129 14:02:26.954911 35216 IPCTensor.h:369] NewIPCTensor: cached_sampler_r6_6 [1000000]0x10001f82c000 7.629 MB
W20240129 14:02:26.954947 35216 IPCTensor.h:369] NewIPCTensor: cached_sampler_r6_7 [1000000]0x10001ffcf000 7.629 MB
W20240129 14:02:26.955001 35216 IPCTensor.h:369] NewIPCTensor: cached_sampler_r6_8 [1000000]0x100020772000 7.629 MB
W20240129 14:02:26.955044 35216 IPCTensor.h:369] NewIPCTensor: cached_sampler_r6_9 [1000000]0x100020f15000 7.629 MB
W20240129 14:02:26.955085 35216 IPCTensor.h:369] NewIPCTensor: step_r6 [10]0x1000216b8000 80 B 
W20240129 14:02:26.955116 35216 IPCTensor.h:369] NewIPCTensor: circle_buffer_end_r6 [1]0x1000216ba000 8 B 
W20240129 14:02:26.955147 35216 IPCTensor.h:369] NewIPCTensor: circle_buffer_end_cppseen_r6 [1]0x1000216bc000 8 B 
W20240129 14:02:26.955216 35216 IPCTensor.h:369] NewIPCTensor: cached_sampler_r7_0 [1000000]0x1000216be000 7.629 MB
W20240129 14:02:26.955266 35216 IPCTensor.h:369] NewIPCTensor: cached_sampler_r7_1 [1000000]0x100021e61000 7.629 MB
W20240129 14:02:26.955303 35216 IPCTensor.h:369] NewIPCTensor: cached_sampler_r7_2 [1000000]0x100022604000 7.629 MB
W20240129 14:02:26.955340 35216 IPCTensor.h:369] NewIPCTensor: cached_sampler_r7_3 [1000000]0x100022da7000 7.629 MB
W20240129 14:02:26.955377 35216 IPCTensor.h:369] NewIPCTensor: cached_sampler_r7_4 [1000000]0x10002354a000 7.629 MB
W20240129 14:02:26.955427 35216 IPCTensor.h:369] NewIPCTensor: cached_sampler_r7_5 [1000000]0x100023ced000 7.629 MB
W20240129 14:02:26.955466 35216 IPCTensor.h:369] NewIPCTensor: cached_sampler_r7_6 [1000000]0x100024490000 7.629 MB
W20240129 14:02:26.955513 35216 IPCTensor.h:369] NewIPCTensor: cached_sampler_r7_7 [1000000]0x100024c33000 7.629 MB
W20240129 14:02:26.955562 35216 IPCTensor.h:369] NewIPCTensor: cached_sampler_r7_8 [1000000]0x1000253d6000 7.629 MB
W20240129 14:02:26.955600 35216 IPCTensor.h:369] NewIPCTensor: cached_sampler_r7_9 [1000000]0x100025b79000 7.629 MB
W20240129 14:02:26.955634 35216 IPCTensor.h:369] NewIPCTensor: step_r7 [10]0x10002631c000 80 B 
W20240129 14:02:26.955665 35216 IPCTensor.h:369] NewIPCTensor: circle_buffer_end_r7 [1]0x10002631e000 8 B 
W20240129 14:02:26.955695 35216 IPCTensor.h:369] NewIPCTensor: circle_buffer_end_cppseen_r7 [1]0x100026320000 8 B 
W20240129 14:02:27.226734 35216 IPCTensor.h:369] NewIPCTensor: full_emb [14951, 400]0x100026322000 22.81 MB
W20240129 14:02:27.226924 35216 IPCTensor.h:369] NewIPCTensor: full_emb_SparseRowWiseAdaGrad_sum [14951]0x1000279f4000 58.4 kB
{0: Graph(num_nodes=8499, num_edges=86694,
      ndata_schemes={'_ID': Scheme(shape=(), dtype=torch.int64), 'inner_node': Scheme(shape=(), dtype=torch.int32), 'part_id': Scheme(shape=(), dtype=torch.int64)}
      edata_schemes={'_ID': Scheme(shape=(), dtype=torch.int64), 'inner_edge': Scheme(shape=(), dtype=torch.int8)}), 1: Graph(num_nodes=6140, num_edges=88951,
      ndata_schemes={'_ID': Scheme(shape=(), dtype=torch.int64), 'inner_node': Scheme(shape=(), dtype=torch.int32), 'part_id': Scheme(shape=(), dtype=torch.int64)}
      edata_schemes={'_ID': Scheme(shape=(), dtype=torch.int64), 'inner_edge': Scheme(shape=(), dtype=torch.int8)}), 2: Graph(num_nodes=8646, num_edges=109741,
      ndata_schemes={'_ID': Scheme(shape=(), dtype=torch.int64), 'inner_node': Scheme(shape=(), dtype=torch.int32), 'part_id': Scheme(shape=(), dtype=torch.int64)}
      edata_schemes={'_ID': Scheme(shape=(), dtype=torch.int64), 'inner_edge': Scheme(shape=(), dtype=torch.int8)}), 3: Graph(num_nodes=8503, num_edges=86907,
      ndata_schemes={'_ID': Scheme(shape=(), dtype=torch.int64), 'inner_node': Scheme(shape=(), dtype=torch.int32), 'part_id': Scheme(shape=(), dtype=torch.int64)}
      edata_schemes={'_ID': Scheme(shape=(), dtype=torch.int64), 'inner_edge': Scheme(shape=(), dtype=torch.int8)}), 4: Graph(num_nodes=10597, num_edges=122217,
      ndata_schemes={'_ID': Scheme(shape=(), dtype=torch.int64), 'inner_node': Scheme(shape=(), dtype=torch.int32), 'part_id': Scheme(shape=(), dtype=torch.int64)}
      edata_schemes={'_ID': Scheme(shape=(), dtype=torch.int64), 'inner_edge': Scheme(shape=(), dtype=torch.int8)}), 5: Graph(num_nodes=8255, num_edges=102550,
      ndata_schemes={'_ID': Scheme(shape=(), dtype=torch.int64), 'inner_node': Scheme(shape=(), dtype=torch.int32), 'part_id': Scheme(shape=(), dtype=torch.int64)}
      edata_schemes={'_ID': Scheme(shape=(), dtype=torch.int64), 'inner_edge': Scheme(shape=(), dtype=torch.int8)}), 6: Graph(num_nodes=7422, num_edges=104094,
      ndata_schemes={'_ID': Scheme(shape=(), dtype=torch.int64), 'inner_node': Scheme(shape=(), dtype=torch.int32), 'part_id': Scheme(shape=(), dtype=torch.int64)}
      edata_schemes={'_ID': Scheme(shape=(), dtype=torch.int64), 'inner_edge': Scheme(shape=(), dtype=torch.int8)}), 7: Graph(num_nodes=7815, num_edges=137832,
      ndata_schemes={'_ID': Scheme(shape=(), dtype=torch.int64), 'inner_node': Scheme(shape=(), dtype=torch.int32), 'part_id': Scheme(shape=(), dtype=torch.int64)}
      edata_schemes={'_ID': Scheme(shape=(), dtype=torch.int64), 'inner_edge': Scheme(shape=(), dtype=torch.int8)})}
MertisPartition: part 0 has 8499 N 86694 E
MertisPartition: part 1 has 6140 N 88951 E
MertisPartition: part 2 has 8646 N 109741 E
MertisPartition: part 3 has 8503 N 86907 E
MertisPartition: part 4 has 10597 N 122217 E
MertisPartition: part 5 has 8255 N 102550 E
MertisPartition: part 6 has 7422 N 104094 E
MertisPartition: part 7 has 7815 N 137832 E
Rank0: cached key size 93
Rank1: cached key size 93
Rank2: cached key size 93
Rank3: cached key size 93
Rank4: cached key size 93
Rank5: cached key size 93
Rank6: cached key size 93
Rank7: cached key size 93
Before renumbering graph:  {'_ID': tensor([    0,    15,    36,  ..., 11946,  9147, 13282]), 'inner_node': tensor([1, 1, 1,  ..., 0, 0, 0], dtype=torch.int32), 'part_id': tensor([0, 0, 0,  ..., 6, 3, 7])}
After renumbering graph:  {'_ID': tensor([ 754, 1166, 1722,  ..., 8253, 7706, 8381]), 'inner_node': tensor([1, 1, 1,  ..., 0, 0, 0], dtype=torch.int32), 'part_id': tensor([0, 0, 0,  ..., 6, 3, 7])}
part_g: DGLGraph(num_nodes=8499, num_edges=86694,
         ndata_schemes={'_ID': Scheme(shape=(), dtype=torch.int64)}
         edata_schemes={'tid': Scheme(shape=(), dtype=torch.int64)})
part_g: DGLGraph(num_nodes=8499, num_edges=86694,
         ndata_schemes={'_ID': Scheme(shape=(), dtype=torch.int64)}
         edata_schemes={'tid': Scheme(shape=(), dtype=torch.int64)})
Total initialize time 5.167 seconds
[Rank1] pid = 35641
[Rank2] pid = 35691
[Rank3] pid = 35769
[Rank4] pid = 35778
[Rank5] pid = 35897
[Rank6] pid = 35968
INFO [35216 distributed_c10d.py:442] Added key: store_based_barrier_key:1 to store for rank: 0
INFO [35641 distributed_c10d.py:442] Added key: store_based_barrier_key:1 to store for rank: 1
INFO [35968 distributed_c10d.py:442] Added key: store_based_barrier_key:1 to store for rank: 6
INFO [35778 distributed_c10d.py:442] Added key: store_based_barrier_key:1 to store for rank: 4
INFO [35691 distributed_c10d.py:442] Added key: store_based_barrier_key:1 to store for rank: 2
INFO [35897 distributed_c10d.py:442] Added key: store_based_barrier_key:1 to store for rank: 5
INFO [35769 distributed_c10d.py:442] Added key: store_based_barrier_key:1 to store for rank: 3
INFO [35897 distributed_c10d.py:476] Rank 5: Completed store-based barrier for key:store_based_barrier_key:1 with 8 nodes.
INFO [35769 distributed_c10d.py:476] Rank 3: Completed store-based barrier for key:store_based_barrier_key:1 with 8 nodes.
INFO [35969 distributed_c10d.py:442] Added key: store_based_barrier_key:1 to store for rank: 7
INFO [35968 distributed_c10d.py:476] Rank 6: Completed store-based barrier for key:store_based_barrier_key:1 with 8 nodes.
INFO [35969 distributed_c10d.py:476] Rank 7: Completed store-based barrier for key:store_based_barrier_key:1 with 8 nodes.
INFO [35778 distributed_c10d.py:476] Rank 4: Completed store-based barrier for key:store_based_barrier_key:1 with 8 nodes.
INFO [35691 distributed_c10d.py:476] Rank 2: Completed store-based barrier for key:store_based_barrier_key:1 with 8 nodes.
W20240129 14:02:29.898025 35899 IPCTensor.h:409] NewIPCGPUTensor: embedding_cache_5 [747, 400]; dev=5; size=1.14 MB
W20240129 14:02:29.900242 36048 IPCTensor.h:409] NewIPCGPUTensor: embedding_cache_7 [747, 400]; dev=7; size=1.14 MB
W20240129 14:02:29.900317 35834 IPCTensor.h:409] NewIPCGPUTensor: embedding_cache_4 [747, 400]; dev=4; size=1.14 MB
W20240129 14:02:29.900282 35970 IPCTensor.h:409] NewIPCGPUTensor: embedding_cache_6 [747, 400]; dev=6; size=1.14 MB
INFO [35641 distributed_c10d.py:476] Rank 1: Completed store-based barrier for key:store_based_barrier_key:1 with 8 nodes.
W20240129 14:02:29.900343 35706 IPCTensor.h:409] NewIPCGPUTensor: embedding_cache_2 [747, 400]; dev=2; size=1.14 MB
W20240129 14:02:29.900434 35770 IPCTensor.h:409] NewIPCGPUTensor: embedding_cache_3 [747, 400]; dev=3; size=1.14 MB
INFO [35216 distributed_c10d.py:476] Rank 0: Completed store-based barrier for key:store_based_barrier_key:1 with 8 nodes.
W20240129 14:02:29.902423 36010 IPCTensor.h:409] NewIPCGPUTensor: embedding_cache_0 [747, 400]; dev=0; size=1.14 MB
W20240129 14:02:29.904100 35642 IPCTensor.h:409] NewIPCGPUTensor: embedding_cache_1 [747, 400]; dev=1; size=1.14 MB
W20240129 14:02:29.937758 35834 IPCTensor.h:369] NewIPCTensor: input_keys_4 [1000000]0x100027a10000 7.629 MB
W20240129 14:02:29.937916 35899 IPCTensor.h:369] NewIPCTensor: input_keys_5 [1000000]0x1000281b5000 7.629 MB
W20240129 14:02:29.937947 36010 IPCTensor.h:369] NewIPCTensor: input_keys_0 [1000000]0x10002895a000 7.629 MB
W20240129 14:02:29.937955 35970 IPCTensor.h:369] NewIPCTensor: input_keys_6 [1000000]0x1000290fd000 7.629 MB
W20240129 14:02:29.937971 36048 IPCTensor.h:369] NewIPCTensor: input_keys_7 [1000000]0x1000298a0000 7.629 MB
W20240129 14:02:29.937978 35706 IPCTensor.h:369] NewIPCTensor: input_keys_2 [1000000]0x10002a043000 7.629 MB
W20240129 14:02:29.937989 35834 IPCTensor.h:369] NewIPCTensor: input_keys_neg_4 [1000000]0x10002a7e6000 7.629 MB
W20240129 14:02:29.938189 35770 IPCTensor.h:369] NewIPCTensor: input_keys_3 [1000000]0x10002b72c000 7.629 MB
W20240129 14:02:29.938186 35642 IPCTensor.h:369] NewIPCTensor: input_keys_1 [1000000]0x10002af89000 7.629 MB
W20240129 14:02:29.938223 35834 IPCTensor.h:369] NewIPCTensor: backward_grads_4 [1000000, 400]0x10002becf000 1.49 GB
W20240129 14:02:29.938237 36048 IPCTensor.h:369] NewIPCTensor: input_keys_neg_7 [1000000]0x10008b4b2000 7.629 MB
W20240129 14:02:29.938263 35970 IPCTensor.h:369] NewIPCTensor: input_keys_neg_6 [1000000]0x10008bc55000 7.629 MB
W20240129 14:02:29.938289 35834 IPCTensor.h:369] NewIPCTensor: backward_grads_neg_4 [1000000, 400]0x10008cb9b000 1.49 GB
W20240129 14:02:29.938284 36010 IPCTensor.h:369] NewIPCTensor: input_keys_neg_0 [1000000]0x10008c3f8000 7.629 MB
W20240129 14:02:29.938311 35706 IPCTensor.h:369] NewIPCTensor: input_keys_neg_2 [1000000]0x1000ec17e000 7.629 MB
W20240129 14:02:29.938318 36048 IPCTensor.h:369] NewIPCTensor: backward_grads_7 [1000000, 400]0x1000ec921000 1.49 GB
W20240129 14:02:29.938342 35899 IPCTensor.h:369] NewIPCTensor: input_keys_neg_5 [1000000]0x10014bf04000 7.629 MB
W20240129 14:02:29.938349 35970 IPCTensor.h:369] NewIPCTensor: backward_grads_6 [1000000, 400]0x10014c6a7000 1.49 GB
W20240129 14:02:29.938364 36010 IPCTensor.h:369] NewIPCTensor: backward_grads_0 [1000000, 400]0x1001abc8a000 1.49 GB
W20240129 14:02:29.938393 36048 IPCTensor.h:369] NewIPCTensor: backward_grads_neg_7 [1000000, 400]0x10020b26d000 1.49 GB
W20240129 14:02:29.938414 35834 IPCTensor.h:409] NewIPCGPUTensor: backward_grads_4_gpu [1000000, 400]; dev=4; size=1.49 GB
W20240129 14:02:29.938416 35706 IPCTensor.h:369] NewIPCTensor: backward_grads_2 [1000000, 400]0x10026a850000 1.49 GB
W20240129 14:02:29.938422 35970 IPCTensor.h:369] NewIPCTensor: backward_grads_neg_6 [1000000, 400]0x1002c9e33000 1.49 GB
W20240129 14:02:29.938426 36010 IPCTensor.h:369] NewIPCTensor: backward_grads_neg_0 [1000000, 400]0x100329416000 1.49 GB
W20240129 14:02:29.938449 35899 IPCTensor.h:369] NewIPCTensor: backward_grads_5 [1000000, 400]0x1003889f9000 1.49 GB
W20240129 14:02:29.938491 35642 IPCTensor.h:369] NewIPCTensor: input_keys_neg_1 [1000000]0x1003e7fdc000 7.629 MB
W20240129 14:02:29.938498 35770 IPCTensor.h:369] NewIPCTensor: input_keys_neg_3 [1000000]0x1003e877f000 7.629 MB
W20240129 14:02:29.938508 35706 IPCTensor.h:369] NewIPCTensor: backward_grads_neg_2 [1000000, 400]0x1003e8f22000 1.49 GB
W20240129 14:02:29.938522 35899 IPCTensor.h:369] NewIPCTensor: backward_grads_neg_5 [1000000, 400]0x100448505000 1.49 GB
W20240129 14:02:29.938534 35970 IPCTensor.h:409] NewIPCGPUTensor: backward_grads_6_gpu [1000000, 400]; dev=6; size=1.49 GB
W20240129 14:02:29.938570 35899 IPCTensor.h:409] NewIPCGPUTensor: backward_grads_5_gpu [1000000, 400]; dev=5; size=1.49 GB
W20240129 14:02:29.938597 35770 IPCTensor.h:369] NewIPCTensor: backward_grads_3 [1000000, 400]0x1004a7ae8000 1.49 GB
W20240129 14:02:29.938635 35642 IPCTensor.h:369] NewIPCTensor: backward_grads_1 [1000000, 400]0x1005070cb000 1.49 GB
W20240129 14:02:29.938668 35770 IPCTensor.h:369] NewIPCTensor: backward_grads_neg_3 [1000000, 400]0x1005666ae000 1.49 GB
W20240129 14:02:29.938702 35642 IPCTensor.h:369] NewIPCTensor: backward_grads_neg_1 [1000000, 400]0x1005c5c91000 1.49 GB
W20240129 14:02:29.940264 35706 IPCTensor.h:409] NewIPCGPUTensor: backward_grads_2_gpu [1000000, 400]; dev=2; size=1.49 GB
W20240129 14:02:29.941663 36010 IPCTensor.h:409] NewIPCGPUTensor: backward_grads_0_gpu [1000000, 400]; dev=0; size=1.49 GB
W20240129 14:02:29.943305 35642 IPCTensor.h:409] NewIPCGPUTensor: backward_grads_1_gpu [1000000, 400]; dev=1; size=1.49 GB
W20240129 14:02:29.943315 35770 IPCTensor.h:409] NewIPCGPUTensor: backward_grads_3_gpu [1000000, 400]; dev=3; size=1.49 GB
W20240129 14:02:29.943374 36048 IPCTensor.h:409] NewIPCGPUTensor: backward_grads_7_gpu [1000000, 400]; dev=7; size=1.49 GB
W20240129 14:02:29.953202 35834 IPCTensor.h:409] NewIPCGPUTensor: backward_grads_neg_4_gpu [1000000, 400]; dev=4; size=1.49 GB
W20240129 14:02:29.953375 35970 IPCTensor.h:409] NewIPCGPUTensor: backward_grads_neg_6_gpu [1000000, 400]; dev=6; size=1.49 GB
W20240129 14:02:29.953434 35899 IPCTensor.h:409] NewIPCGPUTensor: backward_grads_neg_5_gpu [1000000, 400]; dev=5; size=1.49 GB
W20240129 14:02:29.955030 35706 IPCTensor.h:409] NewIPCGPUTensor: backward_grads_neg_2_gpu [1000000, 400]; dev=2; size=1.49 GB
W20240129 14:02:29.955039 36010 IPCTensor.h:409] NewIPCGPUTensor: backward_grads_neg_0_gpu [1000000, 400]; dev=0; size=1.49 GB
W20240129 14:02:29.956471 35770 IPCTensor.h:409] NewIPCGPUTensor: backward_grads_neg_3_gpu [1000000, 400]; dev=3; size=1.49 GB
W20240129 14:02:29.957969 36048 IPCTensor.h:409] NewIPCGPUTensor: backward_grads_neg_7_gpu [1000000, 400]; dev=7; size=1.49 GB
W20240129 14:02:29.957995 35642 IPCTensor.h:409] NewIPCGPUTensor: backward_grads_neg_1_gpu [1000000, 400]; dev=1; size=1.49 GB
cudaHostRegister 0x100026322000
2: KnownLocalCachedEmbedding init done
WARNING [35691 DistTensor.py:56] The tensor name already exists in the kvstore
cudaHostRegister 0x100026322000
3: KnownLocalCachedEmbedding init done
WARNING [35769 DistTensor.py:56] The tensor name already exists in the kvstore
cudaHostRegister 0x100026322000
1: KnownLocalCachedEmbedding init done
WARNING [35641 DistTensor.py:56] The tensor name already exists in the kvstore
cudaHostRegister 0x100026322000
6: KnownLocalCachedEmbedding init done
cudaHostRegister 0x100026322000
7: KnownLocalCachedEmbedding init done
WARNING [35968 DistTensor.py:56] The tensor name already exists in the kvstore
WARNING [35969 DistTensor.py:56] The tensor name already exists in the kvstore
cudaHostRegister 0x100026322000
5: KnownLocalCachedEmbedding init done
WARNING [35897 DistTensor.py:56] The tensor name already exists in the kvstore
cudaHostRegister 0x100026322000
4: KnownLocalCachedEmbedding init done
WARNING [35778 DistTensor.py:56] The tensor name already exists in the kvstore
[Rank7] pid = 35969
New CachedEmbedding, name=full_emb, shape=(14951, 400), cache_type=KnownLocalCachedEmbedding
fixed cache_range is [(0, 747), (747, 1494), (1494, 2241), (2241, 2988), (2988, 3735), (3735, 4482), (4482, 5229), (5229, 5976)]
cudaHostRegister 0x100026322000
0: KnownLocalCachedEmbedding init done
WARNING [35216 DistTensor.py:56] The tensor name already exists in the kvstore
I20240129 14:02:32.394973 36010 IPC_barrier.h:118] CreateBarrier: new barrier, name: kgcachecontroller, count: 8
I20240129 14:02:32.395375 35706 IPC_barrier.h:112] CreateBarrier: find existing barrier, name: kgcachecontroller, count: 8
I20240129 14:02:32.396162 35834 IPC_barrier.h:112] CreateBarrier: find existing barrier, name: kgcachecontroller, count: 8
I20240129 14:02:32.396278 36048 IPC_barrier.h:112] CreateBarrier: find existing barrier, name: kgcachecontroller, count: 8
I20240129 14:02:32.396378 35770 IPC_barrier.h:112] CreateBarrier: find existing barrier, name: kgcachecontroller, count: 8
I20240129 14:02:32.396534 35970 IPC_barrier.h:112] CreateBarrier: find existing barrier, name: kgcachecontroller, count: 8
I20240129 14:02:32.396660 35642 IPC_barrier.h:112] CreateBarrier: find existing barrier, name: kgcachecontroller, count: 8
I20240129 14:02:32.396899 35899 IPC_barrier.h:112] CreateBarrier: find existing barrier, name: kgcachecontroller, count: 8
W20240129 14:02:32.399111 36010 grad_base.h:55] KGCacheController, config={
        "num_gpus": 8,
        "L": 10,
        "backgrad_init": "both", 
        "kForwardItersPerStep": 2,
        "clr": 1,
        "nr_background_threads": 32,
        "backwardMode": "CppAsyncV2",
        "cache_ratio": 0.05,
        "update_cache_use_omp":  0,
        "update_pq_use_omp":  0
        }
W20240129 14:02:32.399247 36010 grad_base.h:184] Init GradProcessingBase done
I20240129 14:02:32.403970 36010 grad_async_v2.h:32] Use background thread to update emb. nr_background_threads=32
W20240129 14:02:32.404107 36010 kg_controller.h:78] after init GradAsyncProcessingV2
I20240129 14:02:32.404117 36010 kg_controller.h:84] Construct KGCacheController done
E20240129 14:02:33.172488 35970 recstore.cc:66] init folly done
E20240129 14:02:33.174577 36010 recstore.cc:66] init folly done
E20240129 14:02:33.174640 35899 recstore.cc:66] init folly done
E20240129 14:02:33.174778 35834 recstore.cc:66] init folly done
E20240129 14:02:33.174808 35770 recstore.cc:66] init folly done
E20240129 14:02:33.174809 35706 recstore.cc:66] init folly done
E20240129 14:02:33.175297 36048 recstore.cc:66] init folly done
E20240129 14:02:33.175663 35642 recstore.cc:66] init folly done
I20240129 14:02:33.176604 36010 grad_base.h:60] GraphEnv RegTensorsPerProcess
W20240129 14:02:33.985946 37090 grad_async_v2.h:121] Detect new sample comes, old_end0, new_end1
E20240129 14:02:33.986419 37090 parallel_pq_v2.h:76] insert failed, size(hashtable)=1
I20240129 14:02:34.032491 35642 IPC_barrier.h:118] CreateBarrier: new barrier, name: start_barrier, count: 8
I20240129 14:02:34.034878 35770 IPC_barrier.h:112] CreateBarrier: find existing barrier, name: start_barrier, count: 8
I20240129 14:02:34.036193 36010 IPC_barrier.h:112] CreateBarrier: find existing barrier, name: start_barrier, count: 8
I20240129 14:02:34.038134 35970 IPC_barrier.h:112] CreateBarrier: find existing barrier, name: start_barrier, count: 8
I20240129 14:02:34.042959 35899 IPC_barrier.h:112] CreateBarrier: find existing barrier, name: start_barrier, count: 8
I20240129 14:02:34.045957 36048 IPC_barrier.h:112] CreateBarrier: find existing barrier, name: start_barrier, count: 8
I20240129 14:02:34.069170 35834 IPC_barrier.h:112] CreateBarrier: find existing barrier, name: start_barrier, count: 8
I20240129 14:02:34.078388 35706 IPC_barrier.h:112] CreateBarrier: find existing barrier, name: start_barrier, count: 8
+---------------------------+---------------------------+---------------------------+
| Name                      | P50                       | P99                       |
+---------------------------+---------------------------+---------------------------+
| GenInput                  | 934.956 us                | 934.956 us                |
| Forward                   | 777.257 ms                | 777.257 ms                |
| Backward                  | 237.500 ms                | 237.500 ms                |
| Optimize                  | 3.134 ms                  | 3.134 ms                  |
| BarrierTimeBeforeRank0    | 306.211 ms                | 306.211 ms                |
+---------------------------+---------------------------+---------------------------+
E20240129 14:02:37.538467 36577 parallel_pq_v2.h:76] insert failed, size(hashtable)=0
W20240129 14:02:37.590262 37090 grad_async_v2.h:121] Detect new sample comes, old_end1, new_end2
W20240129 14:02:37.817696 36010 grad_async_v2.h:250] Sleep in <BlockToStepN>, step_no=3, pq.top=3
+---------------------------+---------------------------+---------------------------+
| Name                      | P50                       | P99                       |
+---------------------------+---------------------------+---------------------------+
| ProcessBack:Shuffle       | 12.109 ms                 | 714.240 ms                |
| ProcessBack:UpdateCache   | 12.973 ms                 | 1.078 s                   |
| ProcessBack:UpsertPq      | 30.525 ms                 | 42.716 ms                 |
| ProcessOneStep            | 57.092 ms                 | 2.177 s                   |
| BlockToStepN              | 9.010 ms                  | 26.663 ms                 |
+---------------------------+---------------------------+---------------------------+
E20240129 14:02:38.538012 37090 parallel_pq_v2.h:76] insert failed, size(hashtable)=1154
W20240129 14:02:38.624832 37090 grad_async_v2.h:121] Detect new sample comes, old_end3, new_end2
W20240129 14:02:38.817023 36010 grad_async_v2.h:250] Sleep in <BlockToStepN>, step_no=13, pq.top=13
E20240129 14:02:39.538012 36577 parallel_pq_v2.h:76] insert failed, size(hashtable)=1208
W20240129 14:02:39.631947 37090 grad_async_v2.h:121] Detect new sample comes, old_end5, new_end6
W20240129 14:02:39.844861 36010 grad_async_v2.h:250] Sleep in <BlockToStepN>, step_no=19, pq.top=19
E20240129 14:02:40.538022 36577 parallel_pq_v2.h:76] insert failed, size(hashtable)=847
W20240129 14:02:40.685845 37090 grad_async_v2.h:121] Detect new sample comes, old_end2, new_end8
W20240129 14:02:40.904398 36010 grad_async_v2.h:250] Sleep in <BlockToStepN>, step_no=30, pq.top=30
E20240129 14:02:41.538087 37089 parallel_pq_v2.h:76] insert failed, size(hashtable)=8403
W20240129 14:02:41.707865 37090 grad_async_v2.h:121] Detect new sample comes, old_end1, new_end4
W20240129 14:02:41.938686 36010 grad_async_v2.h:250] Sleep in <BlockToStepN>, step_no=36, pq.top=36
+---------------------------+---------------------------+---------------------------+
| Name                      | P50                       | P99                       |
+---------------------------+---------------------------+---------------------------+
| GenInput                  | 2.010 ms                  | 48.302 ms                 |
| Forward                   | 7.712 ms                  | 777.257 ms                |
| Backward                  | 5.200 ms                  | 237.500 ms                |
| Optimize                  | 3.183 ms                  | 7.693 ms                  |
| BarrierTimeBeforeRank0    | 90.541 us                 | 306.211 ms                |
| AfterBackward             | 51.293 ms                 | 2.178 s                   |
| BlockToStepN              | 10.852 ms                 | 230.981 ms                |
| OneStep                   | 97.736 ms                 | 3.510 s                   |
+---------------------------+---------------------------+---------------------------+
E20240129 14:02:42.538036 37089 parallel_pq_v2.h:76] insert failed, size(hashtable)=2940
W20240129 14:02:42.747458 37090 grad_async_v2.h:121] Detect new sample comes, old_end9, new_end3
W20240129 14:02:42.954114 36010 grad_async_v2.h:250] Sleep in <BlockToStepN>, step_no=45, pq.top=45
+---------------------------+---------------------------+---------------------------+
| Name                      | P50                       | P99                       |
+---------------------------+---------------------------+---------------------------+
| ProcessBack:Shuffle       | 9.506 ms                  | 665.829 ms                |
| ProcessBack:UpdateCache   | 12.046 ms                 | 1.078 s                   |
| ProcessBack:UpsertPq      | 28.276 ms                 | 41.175 ms                 |
| ProcessOneStep            | 50.830 ms                 | 2.177 s                   |
| BlockToStepN              | 11.719 ms                 | 230.860 ms                |
+---------------------------+---------------------------+---------------------------+
E20240129 14:02:43.538022 37089 parallel_pq_v2.h:76] insert failed, size(hashtable)=3776
W20240129 14:02:43.786617 37090 grad_async_v2.h:121] Detect new sample comes, old_end9, new_end2
W20240129 14:02:44.013042 36010 grad_async_v2.h:250] Sleep in <BlockToStepN>, step_no=55, pq.top=55
E20240129 14:02:44.538012 37089 parallel_pq_v2.h:76] insert failed, size(hashtable)=2245
W20240129 14:02:44.799831 37090 grad_async_v2.h:121] Detect new sample comes, old_end6, new_end2
W20240129 14:02:45.070382 36010 grad_async_v2.h:250] Sleep in <BlockToStepN>, step_no=64, pq.top=64
E20240129 14:02:45.538010 36010 parallel_pq_v2.h:76] insert failed, size(hashtable)=3391
W20240129 14:02:45.805994 37090 grad_async_v2.h:121] Detect new sample comes, old_end8, new_end9
W20240129 14:02:46.070065 36010 grad_async_v2.h:250] Sleep in <BlockToStepN>, step_no=70, pq.top=70
E20240129 14:02:46.538022 36577 parallel_pq_v2.h:76] insert failed, size(hashtable)=2535
W20240129 14:02:46.808961 37090 grad_async_v2.h:121] Detect new sample comes, old_end5, new_end6
W20240129 14:02:47.095059 36010 grad_async_v2.h:250] Sleep in <BlockToStepN>, step_no=78, pq.top=78
+---------------------------+---------------------------+---------------------------+
| Name                      | P50                       | P99                       |
+---------------------------+---------------------------+---------------------------+
| GenInput                  | 2.069 ms                  | 44.798 ms                 |
| Forward                   | 7.679 ms                  | 17.784 ms                 |
| Backward                  | 4.976 ms                  | 7.881 ms                  |
| Optimize                  | 3.183 ms                  | 7.693 ms                  |
| BarrierTimeBeforeRank0    | 129.769 us                | 30.653 ms                 |
| AfterBackward             | 50.999 ms                 | 557.883 ms                |
| BlockToStepN              | 25.555 ms                 | 185.818 ms                |
| OneStep                   | 117.395 ms                | 598.783 ms                |
+---------------------------+---------------------------+---------------------------+
E20240129 14:02:47.538014 37089 parallel_pq_v2.h:76] insert failed, size(hashtable)=3777
W20240129 14:02:47.820873 37090 grad_async_v2.h:121] Detect new sample comes, old_end3, new_end4
W20240129 14:02:48.115914 36010 grad_async_v2.h:250] Sleep in <BlockToStepN>, step_no=86, pq.top=86
+---------------------------+---------------------------+---------------------------+
| Name                      | P50                       | P99                       |
+---------------------------+---------------------------+---------------------------+
| ProcessBack:Shuffle       | 9.325 ms                  | 20.738 ms                 |
| ProcessBack:UpdateCache   | 11.599 ms                 | 13.887 ms                 |
| ProcessBack:UpsertPq      | 27.848 ms                 | 40.035 ms                 |
| ProcessOneStep            | 50.919 ms                 | 557.663 ms                |
| BlockToStepN              | 28.683 ms                 | 185.566 ms                |
+---------------------------+---------------------------+---------------------------+
E20240129 14:02:48.538020 37089 parallel_pq_v2.h:76] insert failed, size(hashtable)=1551
W20240129 14:02:48.840780 37090 grad_async_v2.h:121] Detect new sample comes, old_end1, new_end2
W20240129 14:02:49.191953 36010 grad_async_v2.h:250] Sleep in <BlockToStepN>, step_no=94, pq.top=94
E20240129 14:02:49.538022 37089 parallel_pq_v2.h:76] insert failed, size(hashtable)=3554
W20240129 14:02:49.851254 37090 grad_async_v2.h:121] Detect new sample comes, old_end8, new_end9
train_sampler.Prefill()
before start barrier
start train
[proc 5] 100 steps, total: 16.046, sample: 0.529, forward: 1.368, backward: 0.878, update: 0.285
train_sampler.Prefill()
before start barrier
start train
[proc 4] 100 steps, total: 16.020, sample: 0.479, forward: 1.654, backward: 0.741, update: 0.275
train_sampler.Prefill()
before start barrier
start train
[proc 7] 100 steps, total: 16.044, sample: 0.531, forward: 1.321, backward: 0.771, update: 0.271
train_sampler.Prefill()
before start barrier
start train
[proc 6] 100 steps, total: 16.051, sample: 0.565, forward: 1.397, backward: 0.858, update: 0.283
train_sampler.Prefill()
before start barrier
start train
[proc 1] 100 steps, total: 16.057, sample: 0.575, forward: 1.377, backward: 0.698, update: 0.306
train_sampler.Prefill()
before start barrier
start train
[proc 3] 100 steps, total: 16.055, sample: 0.548, forward: 1.296, backward: 0.725, update: 0.256
train_sampler.Prefill()
before start barrier
start train
[proc 2] 100 steps, total: 16.011, sample: 0.610, forward: 1.618, backward: 0.751, update: 0.280
train_sampler.Prefill()
-------Step 0-------
tensor([ 1887,    30,  2924,     6, 13966, 14304,  1013,  6918, 12383, 13044]) tensor([ 1722,  8715,  5354,  9562,  9977,  1081,  5228,  6092,   521, 11733])
-------Step 1-------
tensor([ 1887,    30,  2924,     6, 13966, 14304,  1013,  6918, 12383, 13044]) tensor([ 6372, 12507, 10251,  4236,  1635,  8959, 13022,  3953, 12930,  9972])
-------Step 2-------
tensor([ 1748, 11031,  6336, 11017, 13663,  7037, 13078,  7474,  5154, 13331]) tensor([ 6541,  4885,  1516,  5797, 11391,  2954,   130,  3609,   173, 11233])
-------Step 3-------
tensor([ 1748, 11031,  6336, 11017, 13663,  7037, 13078,  7474,  5154, 13331]) tensor([ 7907, 13432,  6658,  8157,  5302, 11482,  7240, 11037, 10136, 13850])
-------Step 4-------
tensor([ 4471,    91, 11959, 12583,  5159, 11049, 13419,  3378,     4,  7737]) tensor([ 8264,  7805,   498, 11796, 12372, 10475, 10526,  3906, 12940,   450])
-------Step 5-------
tensor([ 4471,    91, 11959, 12583,  5159, 11049, 13419,  3378,     4,  7737]) tensor([ 3257,  2980, 10044,  1207,  3931, 13293,  8174, 14683,  5009, 11143])
-------Step 6-------
tensor([ 7247,  8821,  6898,  7350,  7063,   971,  5771,  8826, 12659, 10467]) tensor([12424, 11156, 11067,  1969,  2574,  3378,  8124,  3231,  3753,  4224])
-------Step 7-------
tensor([ 7247,  8821,  6898,  7350,  7063,   971,  5771,  8826, 12659, 10467]) tensor([ 9986, 11042,  8578,  5894, 14478,  2145,  9271,   275, 13859, 14327])
-------Step 8-------
tensor([11164,  2827, 14501, 12680,  2704, 12202, 12583,  3992,  4158,   816]) tensor([ 2659, 10720,  1564,  5396,  8805, 13514,  9655,  5717, 12504,  4593])
-------Step 9-------
tensor([11164,  2827, 14501, 12680,  2704, 12202, 12583,  3992,  4158,   816]) tensor([ 9054,  9937,  8151,   234,  8713,  6894,  3065,  2978,  2828, 14355])
before start barrier
start train
[proc 0] 100 steps, total: 16.054, sample: 0.677, forward: 1.498, backward: 0.749, update: 0.367
W20240129 14:02:50.191232 36010 grad_async_v2.h:250] Sleep in <BlockToStepN>, step_no=101, pq.top=101
E20240129 14:02:50.538358 37089 parallel_pq_v2.h:76] insert failed, size(hashtable)=4620
W20240129 14:02:50.860816 37090 grad_async_v2.h:121] Detect new sample comes, old_end5, new_end6
W20240129 14:02:51.191103 36010 grad_async_v2.h:250] Sleep in <BlockToStepN>, step_no=108, pq.top=108
E20240129 14:02:51.538079 37089 parallel_pq_v2.h:76] insert failed, size(hashtable)=4719
W20240129 14:02:51.880239 37090 grad_async_v2.h:121] Detect new sample comes, old_end2, new_end3
W20240129 14:02:52.191053 36010 grad_async_v2.h:250] Sleep in <BlockToStepN>, step_no=115, pq.top=115
+---------------------------+---------------------------+---------------------------+
| Name                      | P50                       | P99                       |
+---------------------------+---------------------------+---------------------------+
| GenInput                  | 2.011 ms                  | 44.798 ms                 |
| Forward                   | 6.448 ms                  | 17.784 ms                 |
| Backward                  | 4.974 ms                  | 24.434 ms                 |
| Optimize                  | 3.101 ms                  | 7.693 ms                  |
| BarrierTimeBeforeRank0    | 905.235 us                | 30.653 ms                 |
| AfterBackward             | 49.658 ms                 | 557.883 ms                |
| BlockToStepN              | 43.501 ms                 | 185.818 ms                |
| OneStep                   | 126.318 ms                | 598.783 ms                |
+---------------------------+---------------------------+---------------------------+
E20240129 14:02:52.538017 37089 parallel_pq_v2.h:76] insert failed, size(hashtable)=2589
W20240129 14:02:52.893208 37090 grad_async_v2.h:121] Detect new sample comes, old_end9, new_end0
+---------------------------+---------------------------+---------------------------+
| Name                      | P50                       | P99                       |
+---------------------------+---------------------------+---------------------------+
| ProcessBack:Shuffle       | 9.113 ms                  | 20.738 ms                 |
| ProcessBack:UpdateCache   | 11.481 ms                 | 13.887 ms                 |
| ProcessBack:UpsertPq      | 26.231 ms                 | 40.035 ms                 |
| ProcessOneStep            | 49.014 ms                 | 557.663 ms                |
| BlockToStepN              | 45.300 ms                 | 185.566 ms                |
+---------------------------+---------------------------+---------------------------+
W20240129 14:02:53.191136 36010 grad_async_v2.h:250] Sleep in <BlockToStepN>, step_no=121, pq.top=121
E20240129 14:02:53.538012 37089 parallel_pq_v2.h:76] insert failed, size(hashtable)=5005
W20240129 14:02:53.901587 37090 grad_async_v2.h:121] Detect new sample comes, old_end5, new_end6
W20240129 14:02:54.255023 36010 grad_async_v2.h:250] Sleep in <BlockToStepN>, step_no=128, pq.top=128
E20240129 14:02:54.538265 37089 parallel_pq_v2.h:76] insert failed, size(hashtable)=5572
W20240129 14:02:54.908923 37090 grad_async_v2.h:121] Detect new sample comes, old_end1, new_end2
W20240129 14:02:55.255039 36010 grad_async_v2.h:250] Sleep in <BlockToStepN>, step_no=134, pq.top=134
E20240129 14:02:55.538053 37089 parallel_pq_v2.h:76] insert failed, size(hashtable)=1167
W20240129 14:02:55.920116 37090 grad_async_v2.h:121] Detect new sample comes, old_end7, new_end8
W20240129 14:02:56.255358 36010 grad_async_v2.h:250] Sleep in <BlockToStepN>, step_no=140, pq.top=140
E20240129 14:02:56.538010 37089 parallel_pq_v2.h:76] insert failed, size(hashtable)=2921
W20240129 14:02:56.939606 37090 grad_async_v2.h:121] Detect new sample comes, old_end3, new_end4
W20240129 14:02:57.261940 36010 grad_async_v2.h:250] Sleep in <BlockToStepN>, step_no=145, pq.top=145
+---------------------------+---------------------------+---------------------------+
| Name                      | P50                       | P99                       |
+---------------------------+---------------------------+---------------------------+
| GenInput                  | 1.945 ms                  | 44.798 ms                 |
| Forward                   | 6.002 ms                  | 17.784 ms                 |
| Backward                  | 4.954 ms                  | 24.434 ms                 |
| Optimize                  | 2.932 ms                  | 7.693 ms                  |
| BarrierTimeBeforeRank0    | 2.406 ms                  | 43.047 ms                 |
| AfterBackward             | 47.882 ms                 | 557.883 ms                |
| BlockToStepN              | 52.959 ms                 | 185.818 ms                |
| OneStep                   | 134.938 ms                | 598.783 ms                |
+---------------------------+---------------------------+---------------------------+
E20240129 14:02:57.538089 37089 parallel_pq_v2.h:76] insert failed, size(hashtable)=4726
W20240129 14:02:57.955003 37090 grad_async_v2.h:121] Detect new sample comes, old_end8, new_end9
+---------------------------+---------------------------+---------------------------+
| Name                      | P50                       | P99                       |
+---------------------------+---------------------------+---------------------------+
| ProcessBack:Shuffle       | 8.996 ms                  | 18.278 ms                 |
| ProcessBack:UpdateCache   | 11.299 ms                 | 14.349 ms                 |
| ProcessBack:UpsertPq      | 25.659 ms                 | 41.175 ms                 |
| ProcessOneStep            | 47.859 ms                 | 557.663 ms                |
| BlockToStepN              | 53.522 ms                 | 185.566 ms                |
+---------------------------+---------------------------+---------------------------+
W20240129 14:02:58.307381 36010 grad_async_v2.h:250] Sleep in <BlockToStepN>, step_no=151, pq.top=151
E20240129 14:02:58.538798 37089 parallel_pq_v2.h:76] insert failed, size(hashtable)=1505
W20240129 14:02:58.955925 37090 grad_async_v2.h:121] Detect new sample comes, old_end4, new_end5
W20240129 14:02:59.355159 36010 grad_async_v2.h:250] Sleep in <BlockToStepN>, step_no=157, pq.top=157
E20240129 14:02:59.541455 37090 parallel_pq_v2.h:76] insert failed, size(hashtable)=38
W20240129 14:02:59.956037 37090 grad_async_v2.h:121] Detect new sample comes, old_end9, new_end0
