WARNING: Logging before InitGoogleLogging() is written to STDERR
I20240228 16:12:12.262344 232867 IPC_barrier.h:128] MultiProcessBarrierFactory->ClearIPCMemory()
/home/xieminhui/RecStore/src/framework_adapters/torch/kg/dgl-0.9.1/python/dgl/_deprecate/graph.py:1023: DGLWarning: multigraph will be deprecated.DGL will treat all graphs as multigraph in the future.
  dgl_warning("multigraph will be deprecated." \
/home/xieminhui/RecStore/src/framework_adapters/torch/kg/dgl-0.9.1/python/dgl/heterograph.py:72: DGLWarning: Recommend creating graphs by `dgl.graph(data)` instead of `dgl.DGLGraph(data)`.
  dgl_warning('Recommend creating graphs by `dgl.graph(data)`'
Reading train triples....
Finished. Read 483142 train triples.
Reading valid triples....
Finished. Read 50000 valid triples.
Reading test triples....
Finished. Read 59071 test triples.
ARGS:  Namespace(model_name='TransE', data_path='/home/xieminhui/dgl-data', dataset='FB15k', format='built_in', data_files=None, delimiter='\t', save_path='/tmp/ckpts/TransE_FB15k_20', no_save_emb=True, max_step=500, batch_size=1200, batch_size_eval=16, neg_sample_size=200, neg_deg_sample=False, neg_deg_sample_eval=False, neg_sample_size_eval=14951, eval_percent=1, no_eval_filter=False, log_interval=100, eval_interval=10000, test=False, num_proc=4, num_thread=1, force_sync_interval=1, hidden_dim=400, lr=0.01, gamma=16.0, double_ent=False, double_rel=False, neg_adversarial_sampling=False, adversarial_temperature=1.0, regularization_coef=0.0, regularization_norm=3, pairwise=False, loss_genre='Logsigmoid', margin=1.0, nr_gpus=4, gpu=[0, 1, 2, 3], mix_cpu_gpu=True, valid=False, rel_part=False, async_update=None, has_edge_importance=False, cached_emb_type='KnownLocalCachedEmbedding', use_my_emb=True, cache_ratio=0.1, shuffle=False, backwardMode='CppAsyncV2', L=10, nr_background_threads=32, update_cache_use_omp=1, update_pq_use_omp=2, kForwardItersPerStep=2, backgrad_init='both', eval_filter=True, soft_rel_part=False)
|Train|: 483142
original graph:  DGLGraph(num_nodes=14951, num_edges=592213,
         ndata_schemes={}
         edata_schemes={'tid': Scheme(shape=(), dtype=torch.int64)})
Loading cached metis
WARNING [232867 sampler.py:454] Start PreSampling
WARNING [232867 sampler.py:532] Before construct renumbering_dict
WARNING [232867 sampler.py:555] PreSampling done
W20240228 16:12:15.111317 232867 IPCTensor.h:369] NewIPCTensor: cached_sampler_r0_0 [1000000]0x100000002000 7.629 MB
W20240228 16:12:15.111485 232867 IPCTensor.h:369] NewIPCTensor: cached_sampler_r0_1 [1000000]0x1000007a5000 7.629 MB
W20240228 16:12:15.111511 232867 IPCTensor.h:369] NewIPCTensor: cached_sampler_r0_2 [1000000]0x100000f48000 7.629 MB
W20240228 16:12:15.111531 232867 IPCTensor.h:369] NewIPCTensor: cached_sampler_r0_3 [1000000]0x1000016eb000 7.629 MB
W20240228 16:12:15.111552 232867 IPCTensor.h:369] NewIPCTensor: cached_sampler_r0_4 [1000000]0x100001e8e000 7.629 MB
W20240228 16:12:15.111582 232867 IPCTensor.h:369] NewIPCTensor: cached_sampler_r0_5 [1000000]0x100002631000 7.629 MB
W20240228 16:12:15.111601 232867 IPCTensor.h:369] NewIPCTensor: cached_sampler_r0_6 [1000000]0x100002dd4000 7.629 MB
W20240228 16:12:15.111620 232867 IPCTensor.h:369] NewIPCTensor: cached_sampler_r0_7 [1000000]0x100003577000 7.629 MB
W20240228 16:12:15.111650 232867 IPCTensor.h:369] NewIPCTensor: cached_sampler_r0_8 [1000000]0x100003d1a000 7.629 MB
W20240228 16:12:15.111670 232867 IPCTensor.h:369] NewIPCTensor: cached_sampler_r0_9 [1000000]0x1000044bd000 7.629 MB
W20240228 16:12:15.111692 232867 IPCTensor.h:369] NewIPCTensor: step_r0 [10]0x100004c60000 80 B 
W20240228 16:12:15.111709 232867 IPCTensor.h:369] NewIPCTensor: circle_buffer_end_r0 [1]0x100004c62000 8 B 
W20240228 16:12:15.111723 232867 IPCTensor.h:369] NewIPCTensor: circle_buffer_end_cppseen_r0 [1]0x100004c64000 8 B 
W20240228 16:12:15.111809 232867 IPCTensor.h:369] NewIPCTensor: cached_sampler_r1_0 [1000000]0x100004c66000 7.629 MB
W20240228 16:12:15.111836 232867 IPCTensor.h:369] NewIPCTensor: cached_sampler_r1_1 [1000000]0x100005409000 7.629 MB
W20240228 16:12:15.111853 232867 IPCTensor.h:369] NewIPCTensor: cached_sampler_r1_2 [1000000]0x100005bac000 7.629 MB
W20240228 16:12:15.111887 232867 IPCTensor.h:369] NewIPCTensor: cached_sampler_r1_3 [1000000]0x10000634f000 7.629 MB
W20240228 16:12:15.111907 232867 IPCTensor.h:369] NewIPCTensor: cached_sampler_r1_4 [1000000]0x100006af2000 7.629 MB
W20240228 16:12:15.111928 232867 IPCTensor.h:369] NewIPCTensor: cached_sampler_r1_5 [1000000]0x100007295000 7.629 MB
W20240228 16:12:15.111949 232867 IPCTensor.h:369] NewIPCTensor: cached_sampler_r1_6 [1000000]0x100007a38000 7.629 MB
W20240228 16:12:15.111968 232867 IPCTensor.h:369] NewIPCTensor: cached_sampler_r1_7 [1000000]0x1000081db000 7.629 MB
W20240228 16:12:15.111991 232867 IPCTensor.h:369] NewIPCTensor: cached_sampler_r1_8 [1000000]0x10000897e000 7.629 MB
W20240228 16:12:15.112008 232867 IPCTensor.h:369] NewIPCTensor: cached_sampler_r1_9 [1000000]0x100009121000 7.629 MB
W20240228 16:12:15.112040 232867 IPCTensor.h:369] NewIPCTensor: step_r1 [10]0x1000098c4000 80 B 
W20240228 16:12:15.112054 232867 IPCTensor.h:369] NewIPCTensor: circle_buffer_end_r1 [1]0x1000098c6000 8 B 
W20240228 16:12:15.112067 232867 IPCTensor.h:369] NewIPCTensor: circle_buffer_end_cppseen_r1 [1]0x1000098c8000 8 B 
W20240228 16:12:15.112104 232867 IPCTensor.h:369] NewIPCTensor: cached_sampler_r2_0 [1000000]0x1000098ca000 7.629 MB
W20240228 16:12:15.112125 232867 IPCTensor.h:369] NewIPCTensor: cached_sampler_r2_1 [1000000]0x10000a06d000 7.629 MB
W20240228 16:12:15.112140 232867 IPCTensor.h:369] NewIPCTensor: cached_sampler_r2_2 [1000000]0x10000a810000 7.629 MB
W20240228 16:12:15.112155 232867 IPCTensor.h:369] NewIPCTensor: cached_sampler_r2_3 [1000000]0x10000afb3000 7.629 MB
W20240228 16:12:15.112172 232867 IPCTensor.h:369] NewIPCTensor: cached_sampler_r2_4 [1000000]0x10000b756000 7.629 MB
W20240228 16:12:15.112190 232867 IPCTensor.h:369] NewIPCTensor: cached_sampler_r2_5 [1000000]0x10000bef9000 7.629 MB
W20240228 16:12:15.112208 232867 IPCTensor.h:369] NewIPCTensor: cached_sampler_r2_6 [1000000]0x10000c69c000 7.629 MB
W20240228 16:12:15.112226 232867 IPCTensor.h:369] NewIPCTensor: cached_sampler_r2_7 [1000000]0x10000ce3f000 7.629 MB
W20240228 16:12:15.112243 232867 IPCTensor.h:369] NewIPCTensor: cached_sampler_r2_8 [1000000]0x10000d5e2000 7.629 MB
W20240228 16:12:15.112264 232867 IPCTensor.h:369] NewIPCTensor: cached_sampler_r2_9 [1000000]0x10000dd85000 7.629 MB
W20240228 16:12:15.112282 232867 IPCTensor.h:369] NewIPCTensor: step_r2 [10]0x10000e528000 80 B 
W20240228 16:12:15.112295 232867 IPCTensor.h:369] NewIPCTensor: circle_buffer_end_r2 [1]0x10000e52a000 8 B 
W20240228 16:12:15.112310 232867 IPCTensor.h:369] NewIPCTensor: circle_buffer_end_cppseen_r2 [1]0x10000e52c000 8 B 
W20240228 16:12:15.112341 232867 IPCTensor.h:369] NewIPCTensor: cached_sampler_r3_0 [1000000]0x10000e52e000 7.629 MB
W20240228 16:12:15.112363 232867 IPCTensor.h:369] NewIPCTensor: cached_sampler_r3_1 [1000000]0x10000ecd1000 7.629 MB
W20240228 16:12:15.112378 232867 IPCTensor.h:369] NewIPCTensor: cached_sampler_r3_2 [1000000]0x10000f474000 7.629 MB
W20240228 16:12:15.112393 232867 IPCTensor.h:369] NewIPCTensor: cached_sampler_r3_3 [1000000]0x10000fc17000 7.629 MB
W20240228 16:12:15.112409 232867 IPCTensor.h:369] NewIPCTensor: cached_sampler_r3_4 [1000000]0x1000103ba000 7.629 MB
W20240228 16:12:15.112424 232867 IPCTensor.h:369] NewIPCTensor: cached_sampler_r3_5 [1000000]0x100010b5d000 7.629 MB
W20240228 16:12:15.112442 232867 IPCTensor.h:369] NewIPCTensor: cached_sampler_r3_6 [1000000]0x100011300000 7.629 MB
W20240228 16:12:15.112461 232867 IPCTensor.h:369] NewIPCTensor: cached_sampler_r3_7 [1000000]0x100011aa3000 7.629 MB
W20240228 16:12:15.112476 232867 IPCTensor.h:369] NewIPCTensor: cached_sampler_r3_8 [1000000]0x100012246000 7.629 MB
W20240228 16:12:15.112498 232867 IPCTensor.h:369] NewIPCTensor: cached_sampler_r3_9 [1000000]0x1000129e9000 7.629 MB
W20240228 16:12:15.112514 232867 IPCTensor.h:369] NewIPCTensor: step_r3 [10]0x10001318c000 80 B 
W20240228 16:12:15.112527 232867 IPCTensor.h:369] NewIPCTensor: circle_buffer_end_r3 [1]0x10001318e000 8 B 
W20240228 16:12:15.112541 232867 IPCTensor.h:369] NewIPCTensor: circle_buffer_end_cppseen_r3 [1]0x100013190000 8 B 
W20240228 16:12:15.256369 232867 IPCTensor.h:369] NewIPCTensor: full_emb [14951, 400]0x100013192000 22.81 MB
W20240228 16:12:15.284847 232867 IPCTensor.h:369] NewIPCTensor: full_emb_SparseRowWiseAdaGrad_sum [14951]0x100014864000 58.4 kB
{0: Graph(num_nodes=9703, num_edges=161860,
      ndata_schemes={'_ID': Scheme(shape=(), dtype=torch.int64), 'inner_node': Scheme(shape=(), dtype=torch.int32), 'part_id': Scheme(shape=(), dtype=torch.int64)}
      edata_schemes={'_ID': Scheme(shape=(), dtype=torch.int64), 'inner_edge': Scheme(shape=(), dtype=torch.int8)}), 1: Graph(num_nodes=11374, num_edges=168961,
      ndata_schemes={'_ID': Scheme(shape=(), dtype=torch.int64), 'inner_node': Scheme(shape=(), dtype=torch.int32), 'part_id': Scheme(shape=(), dtype=torch.int64)}
      edata_schemes={'_ID': Scheme(shape=(), dtype=torch.int64), 'inner_edge': Scheme(shape=(), dtype=torch.int8)}), 2: Graph(num_nodes=10715, num_edges=190828,
      ndata_schemes={'_ID': Scheme(shape=(), dtype=torch.int64), 'inner_node': Scheme(shape=(), dtype=torch.int32), 'part_id': Scheme(shape=(), dtype=torch.int64)}
      edata_schemes={'_ID': Scheme(shape=(), dtype=torch.int64), 'inner_edge': Scheme(shape=(), dtype=torch.int8)}), 3: Graph(num_nodes=11184, num_edges=240046,
      ndata_schemes={'_ID': Scheme(shape=(), dtype=torch.int64), 'inner_node': Scheme(shape=(), dtype=torch.int32), 'part_id': Scheme(shape=(), dtype=torch.int64)}
      edata_schemes={'_ID': Scheme(shape=(), dtype=torch.int64), 'inner_edge': Scheme(shape=(), dtype=torch.int8)})}
MertisPartition: part 0 has 9703 N 161860 E
MertisPartition: part 1 has 11374 N 168961 E
MertisPartition: part 2 has 10715 N 190828 E
MertisPartition: part 3 has 11184 N 240046 E
Rank0: cached key size 373
Rank1: cached key size 373
Rank2: cached key size 373
Rank3: cached key size 373
Before renumbering graph:  {'_ID': tensor([   6,   10,   11,  ..., 5824, 6189, 2559]), 'inner_node': tensor([1, 1, 1,  ..., 0, 0, 0], dtype=torch.int32), 'part_id': tensor([0, 0, 0,  ..., 1, 1, 2])}
After renumbering graph:  {'_ID': tensor([1642, 1744, 1771,  ..., 8008, 4761, 7583]), 'inner_node': tensor([1, 1, 1,  ..., 0, 0, 0], dtype=torch.int32), 'part_id': tensor([0, 0, 0,  ..., 1, 1, 2])}
part_g: DGLGraph(num_nodes=9703, num_edges=161860,
         ndata_schemes={'_ID': Scheme(shape=(), dtype=torch.int64)}
         edata_schemes={'tid': Scheme(shape=(), dtype=torch.int64)})
part_g: DGLGraph(num_nodes=9703, num_edges=161860,
         ndata_schemes={'_ID': Scheme(shape=(), dtype=torch.int64)}
         edata_schemes={'tid': Scheme(shape=(), dtype=torch.int64)})
Total initialize time 3.053 seconds
[Rank1] pid = 233204
[Rank2] pid = 233268
INFO [232867 distributed_c10d.py:442] Added key: store_based_barrier_key:1 to store for rank: 0
INFO [233204 distributed_c10d.py:442] Added key: store_based_barrier_key:1 to store for rank: 1
INFO [233268 distributed_c10d.py:442] Added key: store_based_barrier_key:1 to store for rank: 2
INFO [233268 distributed_c10d.py:476] Rank 2: Completed store-based barrier for key:store_based_barrier_key:1 with 4 nodes.
INFO [233333 distributed_c10d.py:442] Added key: store_based_barrier_key:1 to store for rank: 3
INFO [233333 distributed_c10d.py:476] Rank 3: Completed store-based barrier for key:store_based_barrier_key:1 with 4 nodes.
W20240228 16:12:17.222220 233270 IPCTensor.h:409] NewIPCGPUTensor: embedding_cache_2 [1495, 400]; dev=2; size=2.281 MB
W20240228 16:12:17.222838 233270 IPCTensor.h:369] NewIPCTensor: input_keys_2 [1000000]0x100014876000 7.629 MB
INFO [232867 distributed_c10d.py:476] Rank 0: Completed store-based barrier for key:store_based_barrier_key:1 with 4 nodes.
W20240228 16:12:17.222995 233270 IPCTensor.h:369] NewIPCTensor: input_keys_neg_2 [1000000]0x100015019000 7.629 MB
W20240228 16:12:17.223057 233270 IPCTensor.h:369] NewIPCTensor: backward_grads_2 [1000000, 400]0x1000157bc000 1.49 GB
W20240228 16:12:17.223095 233270 IPCTensor.h:369] NewIPCTensor: backward_grads_neg_2 [1000000, 400]0x100074d9f000 1.49 GB
W20240228 16:12:17.223158 233270 IPCTensor.h:409] NewIPCGPUTensor: backward_grads_2_gpu [1000000, 400]; dev=2; size=1.49 GB
W20240228 16:12:17.223842 233335 IPCTensor.h:409] NewIPCGPUTensor: embedding_cache_3 [1495, 400]; dev=3; size=2.281 MB
W20240228 16:12:17.224076 233334 IPCTensor.h:409] NewIPCGPUTensor: embedding_cache_0 [1495, 400]; dev=0; size=2.281 MB
W20240228 16:12:17.226078 233270 IPCTensor.h:409] NewIPCGPUTensor: backward_grads_neg_2_gpu [1000000, 400]; dev=2; size=1.49 GB
W20240228 16:12:17.226238 233334 IPCTensor.h:369] NewIPCTensor: input_keys_0 [1000000]0x1000d4388000 7.629 MB
W20240228 16:12:17.226275 233335 IPCTensor.h:369] NewIPCTensor: input_keys_3 [1000000]0x1000d4b2b000 7.629 MB
W20240228 16:12:17.226423 233334 IPCTensor.h:369] NewIPCTensor: input_keys_neg_0 [1000000]0x1000d52ce000 7.629 MB
W20240228 16:12:17.226533 233334 IPCTensor.h:369] NewIPCTensor: backward_grads_0 [1000000, 400]0x1000d6214000 1.49 GB
W20240228 16:12:17.226531 233335 IPCTensor.h:369] NewIPCTensor: input_keys_neg_3 [1000000]0x1000d5a71000 7.629 MB
W20240228 16:12:17.226601 233334 IPCTensor.h:369] NewIPCTensor: backward_grads_neg_0 [1000000, 400]0x1001357f7000 1.49 GB
W20240228 16:12:17.226670 233335 IPCTensor.h:369] NewIPCTensor: backward_grads_3 [1000000, 400]0x100194dda000 1.49 GB
W20240228 16:12:17.226686 233334 IPCTensor.h:409] NewIPCGPUTensor: backward_grads_0_gpu [1000000, 400]; dev=0; size=1.49 GB
W20240228 16:12:17.226742 233335 IPCTensor.h:369] NewIPCTensor: backward_grads_neg_3 [1000000, 400]0x1001f43bd000 1.49 GB
W20240228 16:12:17.226819 233335 IPCTensor.h:409] NewIPCGPUTensor: backward_grads_3_gpu [1000000, 400]; dev=3; size=1.49 GB
INFO [233204 distributed_c10d.py:476] Rank 1: Completed store-based barrier for key:store_based_barrier_key:1 with 4 nodes.
W20240228 16:12:17.232051 233205 IPCTensor.h:409] NewIPCGPUTensor: embedding_cache_1 [1495, 400]; dev=1; size=2.281 MB
W20240228 16:12:17.237167 233334 IPCTensor.h:409] NewIPCGPUTensor: backward_grads_neg_0_gpu [1000000, 400]; dev=0; size=1.49 GB
W20240228 16:12:17.237257 233205 IPCTensor.h:369] NewIPCTensor: input_keys_1 [1000000]0x1002539a8000 7.629 MB
W20240228 16:12:17.237259 233335 IPCTensor.h:409] NewIPCGPUTensor: backward_grads_neg_3_gpu [1000000, 400]; dev=3; size=1.49 GB
W20240228 16:12:17.237365 233205 IPCTensor.h:369] NewIPCTensor: input_keys_neg_1 [1000000]0x10025414b000 7.629 MB
W20240228 16:12:17.237417 233205 IPCTensor.h:369] NewIPCTensor: backward_grads_1 [1000000, 400]0x1002548ee000 1.49 GB
W20240228 16:12:17.237458 233205 IPCTensor.h:369] NewIPCTensor: backward_grads_neg_1 [1000000, 400]0x1002b3ed1000 1.49 GB
W20240228 16:12:17.237498 233205 IPCTensor.h:409] NewIPCGPUTensor: backward_grads_1_gpu [1000000, 400]; dev=1; size=1.49 GB
W20240228 16:12:17.248945 233205 IPCTensor.h:409] NewIPCGPUTensor: backward_grads_neg_1_gpu [1000000, 400]; dev=1; size=1.49 GB
cudaHostRegister 0x100013192000
1: KnownLocalCachedEmbedding init done
WARNING [233204 DistTensor.py:59] The tensor name already exists in the kvstore
cudaHostRegister 0x100013192000
2: KnownLocalCachedEmbedding init done
WARNING [233268 DistTensor.py:59] The tensor name already exists in the kvstore
[Rank3] pid = 233333
New CachedEmbedding, name=full_emb, shape=(14951, 400), cache_type=KnownLocalCachedEmbedding
fixed cache_range is [(0, 1495), (1495, 2990), (2990, 4485), (4485, 5980)]
cudaHostRegister 0x100013192000
0: KnownLocalCachedEmbedding init done
cudaHostRegister 0x100013192000
3: KnownLocalCachedEmbedding init done
WARNING [232867 DistTensor.py:59] The tensor name already exists in the kvstore
WARNING [233333 DistTensor.py:59] The tensor name already exists in the kvstore
I20240228 16:12:18.651029 233335 IPC_barrier.h:118] CreateBarrier: new barrier, name: kgcachecontroller, count: 4
I20240228 16:12:18.651067 233334 IPC_barrier.h:112] CreateBarrier: find existing barrier, name: kgcachecontroller, count: 4
I20240228 16:12:18.651157 233270 IPC_barrier.h:112] CreateBarrier: find existing barrier, name: kgcachecontroller, count: 4
I20240228 16:12:18.651305 233205 IPC_barrier.h:112] CreateBarrier: find existing barrier, name: kgcachecontroller, count: 4
W20240228 16:12:18.652544 233334 grad_base.h:56] KGCacheController, config={
        "num_gpus": 4,
        "L": 10,
        "backgrad_init": "both", 
        "kForwardItersPerStep": 2,
        "clr": 0.01,
        "nr_background_threads": 32,
        "backwardMode": "CppAsyncV2",
        "cache_ratio": 0.1,
        "update_cache_use_omp":  1,
        "update_pq_use_omp":  2
        }
W20240228 16:12:18.652652 233334 grad_base.h:185] Init GradProcessingBase done
I20240228 16:12:18.656697 233334 grad_async_v2.h:42] Use main thread to update emb.
W20240228 16:12:18.656893 233334 kg_controller.h:78] after init GradAsyncProcessingV2
I20240228 16:12:18.656903 233334 kg_controller.h:84] Construct KGCacheController done
E20240228 16:12:19.050626 233334 recstore.cc:67] init folly done
E20240228 16:12:19.050665 233335 recstore.cc:67] init folly done
E20240228 16:12:19.050698 233270 recstore.cc:67] init folly done
E20240228 16:12:19.050710 233205 recstore.cc:67] init folly done
I20240228 16:12:19.051270 233334 grad_base.h:61] GraphEnv RegTensorsPerProcess
W20240228 16:12:19.847694 233724 grad_async_v2.h:137] Detect new sample comes, old_end0, new_end1
E20240228 16:12:19.847990 233724 parallel_pq_v2.h:79] insert failed, size(hashtable)=1
I20240228 16:12:19.873783 233334 IPC_barrier.h:118] CreateBarrier: new barrier, name: start_barrier, count: 4
I20240228 16:12:19.886492 233335 IPC_barrier.h:112] CreateBarrier: find existing barrier, name: start_barrier, count: 4
I20240228 16:12:19.887583 233270 IPC_barrier.h:112] CreateBarrier: find existing barrier, name: start_barrier, count: 4
I20240228 16:12:19.904364 233205 IPC_barrier.h:112] CreateBarrier: find existing barrier, name: start_barrier, count: 4
E20240228 16:12:21.995821 233797 parallel_pq_v2.h:79] insert failed, size(hashtable)=0
W20240228 16:12:22.081329 233724 grad_async_v2.h:137] Detect new sample comes, old_end1, new_end2
E20240228 16:12:22.439404 233334 grad_async_v2.h:404] Stalled in ProcessBackward: rank=3, step_no=21, sample_step_cpp_seen_[rank]=20
E20240228 16:12:22.996613 233724 parallel_pq_v2.h:79] insert failed, size(hashtable)=1
W20240228 16:12:23.085482 233724 grad_async_v2.h:137] Detect new sample comes, old_end9, new_end3
+---------------------------+---------------------------+---------------------------+
| Name                      | P50                       | P99                       |
+---------------------------+---------------------------+---------------------------+
| GenInput                  | 688.513 us                | 12.519 ms                 |
| Forward                   | 3.516 ms                  | 5.482 ms                  |
| Backward                  | 2.795 ms                  | 6.536 ms                  |
| Optimize                  | 1.100 ms                  | 2.045 ms                  |
| BarrierTimeBeforeRank0    | 2.941 ms                  | 8.274 ms                  |
| AfterBackward             | 5.148 ms                  | 100.387 ms                |
| BlockToStepN              | 88.436 us                 | 122.971 us                |
| OneStep                   | 16.735 ms                 | 109.846 ms                |
+---------------------------+---------------------------+---------------------------+
train_sampler.Prefill()
-------Step 0-------
tensor([ 5506,  7976, 13905,  5224,    78,  5425, 10878,   219,   303, 13683]) tensor([ 1771, 10399,  3666, 14275,  3019,   293,  4130,  5519,  4693, 14195])
-------Step 1-------
tensor([ 5506,  7976, 13905,  5224,    78,  5425, 10878,   219,   303, 13683]) tensor([ 4106,  7121,   210,  8651,   547, 13701,  9686,  3231,  7394, 10099])
-------Step 2-------
tensor([13073, 11709, 10849,  4572,   255,  3365,   251, 10780,  5482,   229]) tensor([ 9180,  2564,  7953, 10079,  8601,     7, 14211,   806, 10477, 10357])
-------Step 3-------
tensor([13073, 11709, 10849,  4572,   255,  3365,   251, 10780,  5482,   229]) tensor([12593,  2396, 12424,  3909, 10463,  3672, 12619,  4458,  5796, 11065])
-------Step 4-------
tensor([13829,  7168,  7150,  2614,  6378, 10459,  8766, 14043,    27, 13047]) tensor([ 1366,  4963, 13340,  7941,   391,   265,  3296,   155, 13547,  7128])
-------Step 5-------
tensor([13829,  7168,  7150,  2614,  6378, 10459,  8766, 14043,    27, 13047]) tensor([ 6725,  7143,  3706, 14534, 12653, 11860,  6013,  9955,   150, 14423])
-------Step 6-------
tensor([ 2451,   214,  3161, 14829,  6397,   161, 14311,  5213,   372,  3497]) tensor([ 6504, 14236, 11947,  3950,  9748, 10924,  2614,  6813, 14488,  8168])
-------Step 7-------
tensor([ 2451,   214,  3161, 14829,  6397,   161, 14311,  5213,   372,  3497]) tensor([13238,  5265,   801,  7552,  2698,  1625,  3122,  3882,  5068,  3156])
-------Step 8-------
tensor([   60, 12669,   157, 11275,  5041, 12991, 11091,  5007,  4633,  4020]) tensor([ 8323,  3548,  2125,  8637,  1205, 13694,  2490,  7614, 11272, 12999])
-------Step 9-------
tensor([   60, 12669,   157, 11275,  5041, 12991, 11091,  5007,  4633,  4020]) tensor([ 5293,  7074,  8610,  3484, 12858,  2724, 14002,  3231,  5439,   141])
before start barrier
start train
[proc 0] 100 steps, total: 4.060, sample: 0.181, forward: 1.303, backward: 0.567, update: 0.109
train_sampler.Prefill()
before start barrier
start train
[proc 2] 100 steps, total: 4.046, sample: 0.167, forward: 1.287, backward: 0.716, update: 0.100
train_sampler.Prefill()
before start barrier
start train
[proc 1] 100 steps, total: 4.030, sample: 0.173, forward: 1.211, backward: 0.922, update: 0.099
train_sampler.Prefill()
before start barrier
start train
[proc 3] 100 steps, total: 4.048, sample: 0.175, forward: 1.203, backward: 0.914, update: 0.100
+---------------------------+---------------------------+---------------------------+
| Name                      | P50                       | P99                       |
+---------------------------+---------------------------+---------------------------+
| clean                     | 160.215 us                | 730.079 us                |
| ProcessBack:Shuffle       | 1.141 ms                  | 1.660 ms                  |
| ProcessBack:UpdateCache   | 1.178 ms                  | 1.597 ms                  |
| ProcessBack:UpsertPq      | 31.501 us                 | 71.138 us                 |
| ProcessOneStep            | 5.118 ms                  | 100.365 ms                |
| BlockToStepN              | 53.098 us                 | 82.904 us                 |
+---------------------------+---------------------------+---------------------------+
W20240228 16:12:24.103231 233724 grad_async_v2.h:137] Detect new sample comes, old_end4, new_end0
W20240228 16:12:25.103964 233724 grad_async_v2.h:137] Detect new sample comes, old_end2, new_end3
[proc 0] 200 steps, total: 1.831, sample: 0.186, forward: 0.315, backward: 0.298, update: 0.093
[proc 1] 200 steps, total: 1.831, sample: 0.195, forward: 0.313, backward: 0.621, update: 0.097
[proc 3] 200 steps, total: 1.831, sample: 0.202, forward: 0.312, backward: 0.623, update: 0.099
[proc 2] 200 steps, total: 1.831, sample: 0.163, forward: 0.298, backward: 0.340, update: 0.096
W20240228 16:12:26.118479 233724 grad_async_v2.h:137] Detect new sample comes, old_end5, new_end1
W20240228 16:12:27.133524 233724 grad_async_v2.h:137] Detect new sample comes, old_end0, new_end4
[proc 3] 300 steps, total: 1.908, sample: 0.183, forward: 0.314, backward: 0.624, update: 0.099
[proc 0] 300 steps, total: 1.908, sample: 0.185, forward: 0.326, backward: 0.417, update: 0.097
[proc 2] 300 steps, total: 1.908, sample: 0.149, forward: 0.297, backward: 0.360, update: 0.092
[proc 1] 300 steps, total: 1.908, sample: 0.165, forward: 0.297, backward: 0.619, update: 0.095
W20240228 16:12:28.135951 233724 grad_async_v2.h:137] Detect new sample comes, old_end2, new_end3
+---------------------------+---------------------------+---------------------------+
| Name                      | P50                       | P99                       |
+---------------------------+---------------------------+---------------------------+
| GenInput                  | 680.616 us                | 12.519 ms                 |
| Forward                   | 3.350 ms                  | 4.367 ms                  |
| Backward                  | 2.772 ms                  | 6.599 ms                  |
| Optimize                  | 1.046 ms                  | 2.034 ms                  |
| BarrierTimeBeforeRank0    | 3.397 ms                  | 11.759 ms                 |
| AfterBackward             | 5.148 ms                  | 7.750 ms                  |
| BlockToStepN              | 89.713 us                 | 204.005 us                |
| OneStep                   | 16.841 ms                 | 29.850 ms                 |
+---------------------------+---------------------------+---------------------------+
+---------------------------+---------------------------+---------------------------+
| Name                      | P50                       | P99                       |
+---------------------------+---------------------------+---------------------------+
| clean                     | 160.215 us                | 730.079 us                |
| ProcessBack:Shuffle       | 1.153 ms                  | 1.746 ms                  |
| ProcessBack:UpdateCache   | 1.209 ms                  | 1.673 ms                  |
| ProcessBack:UpsertPq      | 32.117 us                 | 76.502 us                 |
| ProcessOneStep            | 5.151 ms                  | 7.429 ms                  |
| BlockToStepN              | 54.425 us                 | 117.527 us                |
+---------------------------+---------------------------+---------------------------+
W20240228 16:12:29.135203 233724 grad_async_v2.h:137] Detect new sample comes, old_end0, new_end1
[proc 3] 400 steps, total: 2.118, sample: 0.176, forward: 0.297, backward: 0.614, update: 0.097
[proc 1] 400 steps, total: 2.118, sample: 0.183, forward: 0.298, backward: 0.619, update: 0.093
[proc 0] 400 steps, total: 2.118, sample: 0.199, forward: 0.341, backward: 0.488, update: 0.103
[proc 2] 400 steps, total: 2.118, sample: 0.154, forward: 0.294, backward: 0.391, update: 0.089
W20240228 16:12:30.136073 233724 grad_async_v2.h:137] Detect new sample comes, old_end6, new_end7
W20240228 16:12:31.136169 233724 grad_async_v2.h:137] Detect new sample comes, old_end3, new_end4
[proc 0] 500 steps, total: 2.096, sample: 0.225, forward: 0.350, backward: 0.473, update: 0.101
[proc 1] 500 steps, total: 2.096, sample: 0.166, forward: 0.297, backward: 0.620, update: 0.092
[proc 2] 500 steps, total: 2.096, sample: 0.151, forward: 0.292, backward: 0.412, update: 0.089
[proc 3] 500 steps, total: 2.096, sample: 0.168, forward: 0.296, backward: 0.618, update: 0.096
Successfully xmh. training takes 12.012726783752441 seconds
before call kg_cache_controller.StopThreads()
W20240228 16:12:31.886548 233334 grad_async_v2.h:84] call StopThreads. PID = 232867
W20240228 16:12:31.886571 233334 grad_base.h:213] before processOneStepNegThread_.join();
W20240228 16:12:31.886624 233334 grad_base.h:215] after processOneStepNegThread_.join();
W20240228 16:12:31.886631 233334 grad_async_v2.h:86] call GradProcessingBase::StopThreads.
W20240228 16:12:31.887081 233334 grad_async_v2.h:105] StopThreads done.
[W tensorpipe_agent.cpp:725] RPC agent for worker0 encountered error when reading incoming request from worker2: eof (this error originated at tensorpipe/transport/shm/connection_impl.cc:259)
[W tensorpipe_agent.cpp:725] RPC agent for worker0 encountered error when reading incoming request from worker1: eof (this error originated at tensorpipe/transport/shm/connection_impl.cc:259)
[W tensorpipe_agent.cpp:725] RPC agent for worker0 encountered error when reading incoming request from worker3: eof (this error originated at tensorpipe/transport/shm/connection_impl.cc:259)
On rank0, prepare to call self.controller.StopThreads(), self=<python.controller_process.KGCacheControllerWrapper object at 0x7f35ba024650>
