WARNING: Logging before InitGoogleLogging() is written to STDERR
I20240211 02:20:06.081256 59150 IPC_barrier.h:128] MultiProcessBarrierFactory->ClearIPCMemory()
W20240211 02:20:06.088811 59150 IPCTensor.h:369] NewIPCTensor: full_emb [9449206, 32]0x100000002000 1.126 GB
/data/home/xieminhui/RecStore/src/framework_adapters/torch/python/perf_rec_model.py:152: DeprecationWarning: The 'warn' function is deprecated, use 'warning' instead
  XLOG.warn("After init DistEmbedding")
WARNING [59150 perf_rec_model.py:152] After init DistEmbedding
========== Running Perf with routine <function routine_local_cache_helper at 0x7f79079758a0>==========
Worker 1 pid=61583
Worker 2 pid=61584
Worker 3 pid=61585
Worker 4 pid=61586
Worker 5 pid=61587
Worker 6 pid=61588
INFO [59150 distributed_c10d.py:442] Added key: store_based_barrier_key:1 to store for rank: 0
INFO [61583 distributed_c10d.py:442] Added key: store_based_barrier_key:1 to store for rank: 1
INFO [61584 distributed_c10d.py:442] Added key: store_based_barrier_key:1 to store for rank: 2
INFO [61585 distributed_c10d.py:442] Added key: store_based_barrier_key:1 to store for rank: 3
INFO [61586 distributed_c10d.py:442] Added key: store_based_barrier_key:1 to store for rank: 4
INFO [61587 distributed_c10d.py:442] Added key: store_based_barrier_key:1 to store for rank: 5
INFO [61588 distributed_c10d.py:442] Added key: store_based_barrier_key:1 to store for rank: 6
INFO [61589 distributed_c10d.py:442] Added key: store_based_barrier_key:1 to store for rank: 7
INFO [61587 distributed_c10d.py:476] Rank 5: Completed store-based barrier for key:store_based_barrier_key:1 with 8 nodes.
INFO [61589 distributed_c10d.py:476] Rank 7: Completed store-based barrier for key:store_based_barrier_key:1 with 8 nodes.
INFO [61588 distributed_c10d.py:476] Rank 6: Completed store-based barrier for key:store_based_barrier_key:1 with 8 nodes.
INFO [59150 distributed_c10d.py:476] Rank 0: Completed store-based barrier for key:store_based_barrier_key:1 with 8 nodes.
E20240211 02:20:12.476881 61587 IPCTensor.h:348] IPCTensor full_emb already exists
INFO [61585 distributed_c10d.py:476] Rank 3: Completed store-based barrier for key:store_based_barrier_key:1 with 8 nodes.
E20240211 02:20:12.476997 59150 IPCTensor.h:348] IPCTensor full_emb already exists
INFO [61584 distributed_c10d.py:476] Rank 2: Completed store-based barrier for key:store_based_barrier_key:1 with 8 nodes.
INFO [61583 distributed_c10d.py:476] Rank 1: Completed store-based barrier for key:store_based_barrier_key:1 with 8 nodes.
E20240211 02:20:12.477752 61588 IPCTensor.h:348] IPCTensor full_emb already exists
E20240211 02:20:12.478189 61589 IPCTensor.h:348] IPCTensor full_emb already exists
INFO [61586 distributed_c10d.py:476] Rank 4: Completed store-based barrier for key:store_based_barrier_key:1 with 8 nodes.
E20240211 02:20:12.478583 61585 IPCTensor.h:348] IPCTensor full_emb already exists
E20240211 02:20:12.478583 61584 IPCTensor.h:348] IPCTensor full_emb already exists
E20240211 02:20:12.478603 61583 IPCTensor.h:348] IPCTensor full_emb already exists
E20240211 02:20:12.478996 61586 IPCTensor.h:348] IPCTensor full_emb already exists
W20240211 02:20:17.851076 61586 IPCTensor.h:409] NewIPCGPUTensor: embedding_cache_4 [944920, 32]; dev=4; size=115.3 MB
W20240211 02:20:17.851889 61587 IPCTensor.h:409] NewIPCGPUTensor: embedding_cache_5 [944920, 32]; dev=5; size=115.3 MB
W20240211 02:20:17.852134 61589 IPCTensor.h:409] NewIPCGPUTensor: embedding_cache_7 [944920, 32]; dev=7; size=115.3 MB
W20240211 02:20:17.852118 61588 IPCTensor.h:409] NewIPCGPUTensor: embedding_cache_6 [944920, 32]; dev=6; size=115.3 MB
W20240211 02:20:17.852123 61584 IPCTensor.h:409] NewIPCGPUTensor: embedding_cache_2 [944920, 32]; dev=2; size=115.3 MB
W20240211 02:20:17.852638 59150 IPCTensor.h:409] NewIPCGPUTensor: embedding_cache_0 [944920, 32]; dev=0; size=115.3 MB
W20240211 02:20:17.855433 61585 IPCTensor.h:409] NewIPCGPUTensor: embedding_cache_3 [944920, 32]; dev=3; size=115.3 MB
W20240211 02:20:17.855439 61583 IPCTensor.h:409] NewIPCGPUTensor: embedding_cache_1 [944920, 32]; dev=1; size=115.3 MB
W20240211 02:20:18.609308 61586 IPCTensor.h:369] NewIPCTensor: input_keys_4 [1000000]0x10004817d000 7.629 MB
W20240211 02:20:18.609606 61586 IPCTensor.h:369] NewIPCTensor: input_keys_neg_4 [1000000]0x100048920000 7.629 MB
W20240211 02:20:18.609740 61586 IPCTensor.h:369] NewIPCTensor: backward_grads_4 [1000000, 32]0x1000490c3000 122.1 MB
W20240211 02:20:18.609830 61586 IPCTensor.h:369] NewIPCTensor: backward_grads_neg_4 [1000000, 32]0x100050ad7000 122.1 MB
W20240211 02:20:18.609925 61586 IPCTensor.h:409] NewIPCGPUTensor: backward_grads_4_gpu [1000000, 32]; dev=4; size=122.1 MB
W20240211 02:20:18.613346 61586 IPCTensor.h:409] NewIPCGPUTensor: backward_grads_neg_4_gpu [1000000, 32]; dev=4; size=122.1 MB
W20240211 02:20:18.645267 61585 IPCTensor.h:369] NewIPCTensor: input_keys_3 [1000000]0x1000584f1000 7.629 MB
W20240211 02:20:18.645485 61585 IPCTensor.h:369] NewIPCTensor: input_keys_neg_3 [1000000]0x100058c94000 7.629 MB
W20240211 02:20:18.645581 61585 IPCTensor.h:369] NewIPCTensor: backward_grads_3 [1000000, 32]0x100059437000 122.1 MB
W20240211 02:20:18.645627 61585 IPCTensor.h:369] NewIPCTensor: backward_grads_neg_3 [1000000, 32]0x100060e4b000 122.1 MB
W20240211 02:20:18.645663 61585 IPCTensor.h:409] NewIPCGPUTensor: backward_grads_3_gpu [1000000, 32]; dev=3; size=122.1 MB
W20240211 02:20:18.646198 61585 IPCTensor.h:409] NewIPCGPUTensor: backward_grads_neg_3_gpu [1000000, 32]; dev=3; size=122.1 MB
W20240211 02:20:18.648702 61584 IPCTensor.h:369] NewIPCTensor: input_keys_2 [1000000]0x100068865000 7.629 MB
W20240211 02:20:18.648833 61584 IPCTensor.h:369] NewIPCTensor: input_keys_neg_2 [1000000]0x100069008000 7.629 MB
W20240211 02:20:18.648912 61584 IPCTensor.h:369] NewIPCTensor: backward_grads_2 [1000000, 32]0x1000697ab000 122.1 MB
W20240211 02:20:18.648955 61584 IPCTensor.h:369] NewIPCTensor: backward_grads_neg_2 [1000000, 32]0x1000711bf000 122.1 MB
W20240211 02:20:18.648989 61584 IPCTensor.h:409] NewIPCGPUTensor: backward_grads_2_gpu [1000000, 32]; dev=2; size=122.1 MB
W20240211 02:20:18.655032 61584 IPCTensor.h:409] NewIPCGPUTensor: backward_grads_neg_2_gpu [1000000, 32]; dev=2; size=122.1 MB
W20240211 02:20:18.656703 61589 IPCTensor.h:369] NewIPCTensor: input_keys_7 [1000000]0x100078bd9000 7.629 MB
W20240211 02:20:18.656872 61589 IPCTensor.h:369] NewIPCTensor: input_keys_neg_7 [1000000]0x10007937c000 7.629 MB
W20240211 02:20:18.656949 61589 IPCTensor.h:369] NewIPCTensor: backward_grads_7 [1000000, 32]0x100079b1f000 122.1 MB
W20240211 02:20:18.656994 61589 IPCTensor.h:369] NewIPCTensor: backward_grads_neg_7 [1000000, 32]0x100081533000 122.1 MB
W20240211 02:20:18.657028 61589 IPCTensor.h:409] NewIPCGPUTensor: backward_grads_7_gpu [1000000, 32]; dev=7; size=122.1 MB
W20240211 02:20:18.657413 61589 IPCTensor.h:409] NewIPCGPUTensor: backward_grads_neg_7_gpu [1000000, 32]; dev=7; size=122.1 MB
W20240211 02:20:18.668915 61588 IPCTensor.h:369] NewIPCTensor: input_keys_6 [1000000]0x100088f4d000 7.629 MB
W20240211 02:20:18.669077 61588 IPCTensor.h:369] NewIPCTensor: input_keys_neg_6 [1000000]0x1000896f0000 7.629 MB
W20240211 02:20:18.669147 61588 IPCTensor.h:369] NewIPCTensor: backward_grads_6 [1000000, 32]0x100089e93000 122.1 MB
W20240211 02:20:18.669191 61588 IPCTensor.h:369] NewIPCTensor: backward_grads_neg_6 [1000000, 32]0x1000918a7000 122.1 MB
W20240211 02:20:18.669231 61588 IPCTensor.h:409] NewIPCGPUTensor: backward_grads_6_gpu [1000000, 32]; dev=6; size=122.1 MB
W20240211 02:20:18.669641 61588 IPCTensor.h:409] NewIPCGPUTensor: backward_grads_neg_6_gpu [1000000, 32]; dev=6; size=122.1 MB
W20240211 02:20:18.701304 61583 IPCTensor.h:369] NewIPCTensor: input_keys_1 [1000000]0x1000992c1000 7.629 MB
W20240211 02:20:18.701486 61583 IPCTensor.h:369] NewIPCTensor: input_keys_neg_1 [1000000]0x100099a64000 7.629 MB
W20240211 02:20:18.701552 61583 IPCTensor.h:369] NewIPCTensor: backward_grads_1 [1000000, 32]0x10009a207000 122.1 MB
W20240211 02:20:18.701597 61583 IPCTensor.h:369] NewIPCTensor: backward_grads_neg_1 [1000000, 32]0x1000a1c1b000 122.1 MB
W20240211 02:20:18.701640 61583 IPCTensor.h:409] NewIPCGPUTensor: backward_grads_1_gpu [1000000, 32]; dev=1; size=122.1 MB
W20240211 02:20:18.702258 61583 IPCTensor.h:409] NewIPCGPUTensor: backward_grads_neg_1_gpu [1000000, 32]; dev=1; size=122.1 MB
W20240211 02:20:18.702242 61587 IPCTensor.h:369] NewIPCTensor: input_keys_5 [1000000]0x1000a9633000 7.629 MB
W20240211 02:20:18.702454 61587 IPCTensor.h:369] NewIPCTensor: input_keys_neg_5 [1000000]0x1000a9dd6000 7.629 MB
W20240211 02:20:18.702543 61587 IPCTensor.h:369] NewIPCTensor: backward_grads_5 [1000000, 32]0x1000aa579000 122.1 MB
W20240211 02:20:18.702596 61587 IPCTensor.h:369] NewIPCTensor: backward_grads_neg_5 [1000000, 32]0x1000b1f8d000 122.1 MB
W20240211 02:20:18.702638 61587 IPCTensor.h:409] NewIPCGPUTensor: backward_grads_5_gpu [1000000, 32]; dev=5; size=122.1 MB
W20240211 02:20:18.838848 61587 IPCTensor.h:409] NewIPCGPUTensor: backward_grads_neg_5_gpu [1000000, 32]; dev=5; size=122.1 MB
W20240211 02:20:18.867115 59150 IPCTensor.h:369] NewIPCTensor: input_keys_0 [1000000]0x1000b99a9000 7.629 MB
W20240211 02:20:18.867399 59150 IPCTensor.h:369] NewIPCTensor: input_keys_neg_0 [1000000]0x1000ba14c000 7.629 MB
W20240211 02:20:18.867493 59150 IPCTensor.h:369] NewIPCTensor: backward_grads_0 [1000000, 32]0x1000ba8ef000 122.1 MB
W20240211 02:20:18.867542 59150 IPCTensor.h:369] NewIPCTensor: backward_grads_neg_0 [1000000, 32]0x1000c2303000 122.1 MB
W20240211 02:20:18.867583 59150 IPCTensor.h:409] NewIPCGPUTensor: backward_grads_0_gpu [1000000, 32]; dev=0; size=122.1 MB
W20240211 02:20:18.872539 59150 IPCTensor.h:409] NewIPCGPUTensor: backward_grads_neg_0_gpu [1000000, 32]; dev=0; size=122.1 MB
Worker 7 pid=61589
New CachedEmbedding, name=full_emb, shape=(9449206, 32), cache_type=KnownLocalCachedEmbeddingSoftware
fixed cache_range is [(0, 944920), (944920, 1889840), (1889840, 2834760), (2834760, 3779680), (3779680, 4724600), (4724600, 5669520), (5669520, 6614440), (6614440, 7559360)]
cudaHostRegister 0x100000002000
0: KnownLocalCachedEmbedding init done
cudaHostRegister 0x100000002000
4: KnownLocalCachedEmbedding init done
cudaHostRegister 0x100000002000
2: KnownLocalCachedEmbedding init done
cudaHostRegister 0x100000002000
1: KnownLocalCachedEmbedding init done
cudaHostRegister 0x100000002000
3: KnownLocalCachedEmbedding init done
cudaHostRegister 0x100000002000
6: KnownLocalCachedEmbedding init done
cudaHostRegister 0x100000002000
5: KnownLocalCachedEmbedding init done
cudaHostRegister 0x100000002000
7: KnownLocalCachedEmbedding init done
W20240211 02:20:23.590373 61589 IPCTensor.h:369] NewIPCTensor: cached_sampler_r7_0 [1000000]0x1000c9d1b000 7.629 MB
W20240211 02:20:23.590659 61589 IPCTensor.h:369] NewIPCTensor: cached_sampler_r7_1 [1000000]0x1000ca4be000 7.629 MB
W20240211 02:20:23.590713 61589 IPCTensor.h:369] NewIPCTensor: cached_sampler_r7_2 [1000000]0x1000cac61000 7.629 MB
W20240211 02:20:23.590749 61589 IPCTensor.h:369] NewIPCTensor: cached_sampler_r7_3 [1000000]0x1000cb404000 7.629 MB
W20240211 02:20:23.590790 61589 IPCTensor.h:369] NewIPCTensor: cached_sampler_r7_4 [1000000]0x1000cbba7000 7.629 MB
W20240211 02:20:23.590842 61589 IPCTensor.h:369] NewIPCTensor: cached_sampler_r7_5 [1000000]0x1000cc34a000 7.629 MB
W20240211 02:20:23.590898 61589 IPCTensor.h:369] NewIPCTensor: cached_sampler_r7_6 [1000000]0x1000ccaed000 7.629 MB
W20240211 02:20:23.590972 61589 IPCTensor.h:369] NewIPCTensor: cached_sampler_r7_7 [1000000]0x1000cd290000 7.629 MB
W20240211 02:20:23.591029 61589 IPCTensor.h:369] NewIPCTensor: cached_sampler_r7_8 [1000000]0x1000cda33000 7.629 MB
W20240211 02:20:23.591099 61589 IPCTensor.h:369] NewIPCTensor: cached_sampler_r7_9 [1000000]0x1000ce1d6000 7.629 MB
W20240211 02:20:23.591140 61589 IPCTensor.h:369] NewIPCTensor: step_r7 [10]0x1000ce979000 80 B 
W20240211 02:20:23.591177 61589 IPCTensor.h:369] NewIPCTensor: circle_buffer_end_r7 [1]0x1000ce97b000 8 B 
W20240211 02:20:23.591212 61589 IPCTensor.h:369] NewIPCTensor: circle_buffer_end_cppseen_r7 [1]0x1000ce97d000 8 B 
Dataset:  /home/xieminhui/RecStoreDataset/avazu_binary
Dataset loaded
np.max =  9449205
np.min=  1
Construct RecModelSampler done
Construct KGCacheControllerWrapper done
E20240211 02:20:23.592000 61589 recstore.cc:66] init folly done
W20240211 02:20:23.597187 61586 IPCTensor.h:369] NewIPCTensor: cached_sampler_r4_0 [1000000]0x1000ce97f000 7.629 MB
W20240211 02:20:23.597352 61586 IPCTensor.h:369] NewIPCTensor: cached_sampler_r4_1 [1000000]0x1000cf122000 7.629 MB
W20240211 02:20:23.597399 61586 IPCTensor.h:369] NewIPCTensor: cached_sampler_r4_2 [1000000]0x1000cf8c5000 7.629 MB
W20240211 02:20:23.597436 61586 IPCTensor.h:369] NewIPCTensor: cached_sampler_r4_3 [1000000]0x1000d0068000 7.629 MB
W20240211 02:20:23.597483 61586 IPCTensor.h:369] NewIPCTensor: cached_sampler_r4_4 [1000000]0x1000d080b000 7.629 MB
W20240211 02:20:23.597537 61586 IPCTensor.h:369] NewIPCTensor: cached_sampler_r4_5 [1000000]0x1000d0fae000 7.629 MB
W20240211 02:20:23.597584 61586 IPCTensor.h:369] NewIPCTensor: cached_sampler_r4_6 [1000000]0x1000d1751000 7.629 MB
W20240211 02:20:23.597633 61586 IPCTensor.h:369] NewIPCTensor: cached_sampler_r4_7 [1000000]0x1000d1ef4000 7.629 MB
W20240211 02:20:23.597680 61586 IPCTensor.h:369] NewIPCTensor: cached_sampler_r4_8 [1000000]0x1000d2697000 7.629 MB
W20240211 02:20:23.597730 61586 IPCTensor.h:369] NewIPCTensor: cached_sampler_r4_9 [1000000]0x1000d2e3a000 7.629 MB
W20240211 02:20:23.597770 61586 IPCTensor.h:369] NewIPCTensor: step_r4 [10]0x1000d35dd000 80 B 
W20240211 02:20:23.597806 61586 IPCTensor.h:369] NewIPCTensor: circle_buffer_end_r4 [1]0x1000d35df000 8 B 
W20240211 02:20:23.597839 61586 IPCTensor.h:369] NewIPCTensor: circle_buffer_end_cppseen_r4 [1]0x1000d35e1000 8 B 
Dataset:  /home/xieminhui/RecStoreDataset/avazu_binary
Dataset loaded
np.max =  9449205
np.min=  1
Construct RecModelSampler done
Construct KGCacheControllerWrapper done
E20240211 02:20:23.598361 61586 recstore.cc:66] init folly done
W20240211 02:20:23.607442 59150 IPCTensor.h:369] NewIPCTensor: cached_sampler_r0_0 [1000000]0x1000d35e3000 7.629 MB
W20240211 02:20:23.607900 59150 IPCTensor.h:369] NewIPCTensor: cached_sampler_r0_1 [1000000]0x1000d3d86000 7.629 MB
W20240211 02:20:23.607962 59150 IPCTensor.h:369] NewIPCTensor: cached_sampler_r0_2 [1000000]0x1000d4529000 7.629 MB
W20240211 02:20:23.608021 59150 IPCTensor.h:369] NewIPCTensor: cached_sampler_r0_3 [1000000]0x1000d4ccc000 7.629 MB
W20240211 02:20:23.608069 59150 IPCTensor.h:369] NewIPCTensor: cached_sampler_r0_4 [1000000]0x1000d546f000 7.629 MB
W20240211 02:20:23.608116 59150 IPCTensor.h:369] NewIPCTensor: cached_sampler_r0_5 [1000000]0x1000d5c12000 7.629 MB
W20240211 02:20:23.608166 59150 IPCTensor.h:369] NewIPCTensor: cached_sampler_r0_6 [1000000]0x1000d63b5000 7.629 MB
W20240211 02:20:23.608254 59150 IPCTensor.h:369] NewIPCTensor: cached_sampler_r0_7 [1000000]0x1000d6b58000 7.629 MB
W20240211 02:20:23.608301 59150 IPCTensor.h:369] NewIPCTensor: cached_sampler_r0_8 [1000000]0x1000d72fb000 7.629 MB
W20240211 02:20:23.608335 59150 IPCTensor.h:369] NewIPCTensor: cached_sampler_r0_9 [1000000]0x1000d7a9e000 7.629 MB
W20240211 02:20:23.608374 59150 IPCTensor.h:369] NewIPCTensor: step_r0 [10]0x1000d8241000 80 B 
W20240211 02:20:23.608408 59150 IPCTensor.h:369] NewIPCTensor: circle_buffer_end_r0 [1]0x1000d8243000 8 B 
W20240211 02:20:23.608448 59150 IPCTensor.h:369] NewIPCTensor: circle_buffer_end_cppseen_r0 [1]0x1000d8245000 8 B 
Dataset:  /home/xieminhui/RecStoreDataset/avazu_binary
Dataset loaded
np.max =  9449205
np.min=  1
Construct RecModelSampler done
Construct KGCacheControllerWrapper done
E20240211 02:20:23.609499 59150 recstore.cc:66] init folly done
W20240211 02:20:23.611469 61583 IPCTensor.h:369] NewIPCTensor: cached_sampler_r1_0 [1000000]0x1000d8247000 7.629 MB
W20240211 02:20:23.611632 61583 IPCTensor.h:369] NewIPCTensor: cached_sampler_r1_1 [1000000]0x1000d89ea000 7.629 MB
W20240211 02:20:23.611680 61583 IPCTensor.h:369] NewIPCTensor: cached_sampler_r1_2 [1000000]0x1000d918d000 7.629 MB
W20240211 02:20:23.611718 61583 IPCTensor.h:369] NewIPCTensor: cached_sampler_r1_3 [1000000]0x1000d9930000 7.629 MB
W20240211 02:20:23.611759 61583 IPCTensor.h:369] NewIPCTensor: cached_sampler_r1_4 [1000000]0x1000da0d3000 7.629 MB
W20240211 02:20:23.611811 61583 IPCTensor.h:369] NewIPCTensor: cached_sampler_r1_5 [1000000]0x1000da876000 7.629 MB
W20240211 02:20:23.611865 61583 IPCTensor.h:369] NewIPCTensor: cached_sampler_r1_6 [1000000]0x1000db019000 7.629 MB
W20240211 02:20:23.611914 61583 IPCTensor.h:369] NewIPCTensor: cached_sampler_r1_7 [1000000]0x1000db7bc000 7.629 MB
W20240211 02:20:23.611979 61583 IPCTensor.h:369] NewIPCTensor: cached_sampler_r1_8 [1000000]0x1000dbf5f000 7.629 MB
W20240211 02:20:23.612035 61583 IPCTensor.h:369] NewIPCTensor: cached_sampler_r1_9 [1000000]0x1000dc702000 7.629 MB
W20240211 02:20:23.612087 61583 IPCTensor.h:369] NewIPCTensor: step_r1 [10]0x1000dcea5000 80 B 
W20240211 02:20:23.612123 61583 IPCTensor.h:369] NewIPCTensor: circle_buffer_end_r1 [1]0x1000dcea7000 8 B 
W20240211 02:20:23.612160 61583 IPCTensor.h:369] NewIPCTensor: circle_buffer_end_cppseen_r1 [1]0x1000dcea9000 8 B 
Dataset:  /home/xieminhui/RecStoreDataset/avazu_binary
Dataset loaded
np.max =  9449205
np.min=  1
Construct RecModelSampler done
Construct KGCacheControllerWrapper done
E20240211 02:20:23.612951 61583 recstore.cc:66] init folly done
W20240211 02:20:23.624260 61585 IPCTensor.h:369] NewIPCTensor: cached_sampler_r3_0 [1000000]0x1000dceab000 7.629 MB
W20240211 02:20:23.624426 61585 IPCTensor.h:369] NewIPCTensor: cached_sampler_r3_1 [1000000]0x1000dd64e000 7.629 MB
W20240211 02:20:23.624475 61585 IPCTensor.h:369] NewIPCTensor: cached_sampler_r3_2 [1000000]0x1000dddf1000 7.629 MB
W20240211 02:20:23.624511 61585 IPCTensor.h:369] NewIPCTensor: cached_sampler_r3_3 [1000000]0x1000de594000 7.629 MB
W20240211 02:20:23.624553 61585 IPCTensor.h:369] NewIPCTensor: cached_sampler_r3_4 [1000000]0x1000ded37000 7.629 MB
W20240211 02:20:23.624610 61585 IPCTensor.h:369] NewIPCTensor: cached_sampler_r3_5 [1000000]0x1000df4da000 7.629 MB
W20240211 02:20:23.624689 61585 IPCTensor.h:369] NewIPCTensor: cached_sampler_r3_6 [1000000]0x1000dfc7d000 7.629 MB
W20240211 02:20:23.624743 61585 IPCTensor.h:369] NewIPCTensor: cached_sampler_r3_7 [1000000]0x1000e0420000 7.629 MB
W20240211 02:20:23.624791 61585 IPCTensor.h:369] NewIPCTensor: cached_sampler_r3_8 [1000000]0x1000e0bc3000 7.629 MB
W20240211 02:20:23.624845 61585 IPCTensor.h:369] NewIPCTensor: cached_sampler_r3_9 [1000000]0x1000e1366000 7.629 MB
W20240211 02:20:23.624893 61585 IPCTensor.h:369] NewIPCTensor: step_r3 [10]0x1000e1b09000 80 B 
W20240211 02:20:23.624931 61585 IPCTensor.h:369] NewIPCTensor: circle_buffer_end_r3 [1]0x1000e1b0b000 8 B 
W20240211 02:20:23.624974 61585 IPCTensor.h:369] NewIPCTensor: circle_buffer_end_cppseen_r3 [1]0x1000e1b0d000 8 B 
Dataset:  /home/xieminhui/RecStoreDataset/avazu_binary
Dataset loaded
np.max =  9449205
np.min=  1
Construct RecModelSampler done
Construct KGCacheControllerWrapper done
E20240211 02:20:23.625533 61585 recstore.cc:66] init folly done
W20240211 02:20:23.662644 61584 IPCTensor.h:369] NewIPCTensor: cached_sampler_r2_0 [1000000]0x1000e1b0f000 7.629 MB
W20240211 02:20:23.662981 61584 IPCTensor.h:369] NewIPCTensor: cached_sampler_r2_1 [1000000]0x1000e22b2000 7.629 MB
W20240211 02:20:23.663033 61584 IPCTensor.h:369] NewIPCTensor: cached_sampler_r2_2 [1000000]0x1000e2a55000 7.629 MB
W20240211 02:20:23.663074 61584 IPCTensor.h:369] NewIPCTensor: cached_sampler_r2_3 [1000000]0x1000e31f8000 7.629 MB
W20240211 02:20:23.663137 61584 IPCTensor.h:369] NewIPCTensor: cached_sampler_r2_4 [1000000]0x1000e399b000 7.629 MB
W20240211 02:20:23.663204 61584 IPCTensor.h:369] NewIPCTensor: cached_sampler_r2_5 [1000000]0x1000e413e000 7.629 MB
W20240211 02:20:23.663254 61584 IPCTensor.h:369] NewIPCTensor: cached_sampler_r2_6 [1000000]0x1000e48e1000 7.629 MB
W20240211 02:20:23.663348 61584 IPCTensor.h:369] NewIPCTensor: cached_sampler_r2_7 [1000000]0x1000e5084000 7.629 MB
W20240211 02:20:23.663408 61584 IPCTensor.h:369] NewIPCTensor: cached_sampler_r2_8 [1000000]0x1000e5827000 7.629 MB
W20240211 02:20:23.663465 61584 IPCTensor.h:369] NewIPCTensor: cached_sampler_r2_9 [1000000]0x1000e5fca000 7.629 MB
W20240211 02:20:23.663542 61584 IPCTensor.h:369] NewIPCTensor: step_r2 [10]0x1000e676d000 80 B 
W20240211 02:20:23.663580 61584 IPCTensor.h:369] NewIPCTensor: circle_buffer_end_r2 [1]0x1000e676f000 8 B 
W20240211 02:20:23.663625 61584 IPCTensor.h:369] NewIPCTensor: circle_buffer_end_cppseen_r2 [1]0x1000e6771000 8 B 
Dataset:  /home/xieminhui/RecStoreDataset/avazu_binary
Dataset loaded
np.max =  9449205
np.min=  1
Construct RecModelSampler done
Construct KGCacheControllerWrapper done
E20240211 02:20:23.665118 61584 recstore.cc:66] init folly done
W20240211 02:20:24.038540 61587 IPCTensor.h:369] NewIPCTensor: cached_sampler_r5_0 [1000000]0x1000e6773000 7.629 MB
W20240211 02:20:24.038722 61587 IPCTensor.h:369] NewIPCTensor: cached_sampler_r5_1 [1000000]0x1000e6f16000 7.629 MB
W20240211 02:20:24.038771 61587 IPCTensor.h:369] NewIPCTensor: cached_sampler_r5_2 [1000000]0x1000e76b9000 7.629 MB
W20240211 02:20:24.038810 61587 IPCTensor.h:369] NewIPCTensor: cached_sampler_r5_3 [1000000]0x1000e7e5c000 7.629 MB
W20240211 02:20:24.038851 61587 IPCTensor.h:369] NewIPCTensor: cached_sampler_r5_4 [1000000]0x1000e85ff000 7.629 MB
W20240211 02:20:24.038905 61587 IPCTensor.h:369] NewIPCTensor: cached_sampler_r5_5 [1000000]0x1000e8da2000 7.629 MB
W20240211 02:20:24.038954 61587 IPCTensor.h:369] NewIPCTensor: cached_sampler_r5_6 [1000000]0x1000e9545000 7.629 MB
W20240211 02:20:24.039006 61587 IPCTensor.h:369] NewIPCTensor: cached_sampler_r5_7 [1000000]0x1000e9ce8000 7.629 MB
W20240211 02:20:24.039083 61587 IPCTensor.h:369] NewIPCTensor: cached_sampler_r5_8 [1000000]0x1000ea48b000 7.629 MB
W20240211 02:20:24.039139 61587 IPCTensor.h:369] NewIPCTensor: cached_sampler_r5_9 [1000000]0x1000eac2e000 7.629 MB
W20240211 02:20:24.039180 61587 IPCTensor.h:369] NewIPCTensor: step_r5 [10]0x1000eb3d1000 80 B 
W20240211 02:20:24.039218 61587 IPCTensor.h:369] NewIPCTensor: circle_buffer_end_r5 [1]0x1000eb3d3000 8 B 
W20240211 02:20:24.039260 61587 IPCTensor.h:369] NewIPCTensor: circle_buffer_end_cppseen_r5 [1]0x1000eb3d5000 8 B 
Dataset:  /home/xieminhui/RecStoreDataset/avazu_binary
Dataset loaded
np.max =  9449205
np.min=  1
Construct RecModelSampler done
Construct KGCacheControllerWrapper done
E20240211 02:20:24.039763 61587 recstore.cc:66] init folly done
W20240211 02:20:24.164005 61588 IPCTensor.h:369] NewIPCTensor: cached_sampler_r6_0 [1000000]0x1000eb3d7000 7.629 MB
W20240211 02:20:24.164203 61588 IPCTensor.h:369] NewIPCTensor: cached_sampler_r6_1 [1000000]0x1000ebb7a000 7.629 MB
W20240211 02:20:24.164264 61588 IPCTensor.h:369] NewIPCTensor: cached_sampler_r6_2 [1000000]0x1000ec31d000 7.629 MB
W20240211 02:20:24.164314 61588 IPCTensor.h:369] NewIPCTensor: cached_sampler_r6_3 [1000000]0x1000ecac0000 7.629 MB
W20240211 02:20:24.164368 61588 IPCTensor.h:369] NewIPCTensor: cached_sampler_r6_4 [1000000]0x1000ed263000 7.629 MB
W20240211 02:20:24.164429 61588 IPCTensor.h:369] NewIPCTensor: cached_sampler_r6_5 [1000000]0x1000eda06000 7.629 MB
W20240211 02:20:24.164496 61588 IPCTensor.h:369] NewIPCTensor: cached_sampler_r6_6 [1000000]0x1000ee1a9000 7.629 MB
W20240211 02:20:24.164556 61588 IPCTensor.h:369] NewIPCTensor: cached_sampler_r6_7 [1000000]0x1000ee94c000 7.629 MB
W20240211 02:20:24.164614 61588 IPCTensor.h:369] NewIPCTensor: cached_sampler_r6_8 [1000000]0x1000ef0ef000 7.629 MB
W20240211 02:20:24.164688 61588 IPCTensor.h:369] NewIPCTensor: cached_sampler_r6_9 [1000000]0x1000ef892000 7.629 MB
W20240211 02:20:24.164743 61588 IPCTensor.h:369] NewIPCTensor: step_r6 [10]0x1000f0035000 80 B 
W20240211 02:20:24.164789 61588 IPCTensor.h:369] NewIPCTensor: circle_buffer_end_r6 [1]0x1000f0037000 8 B 
W20240211 02:20:24.164832 61588 IPCTensor.h:369] NewIPCTensor: circle_buffer_end_cppseen_r6 [1]0x1000f0039000 8 B 
Dataset:  /home/xieminhui/RecStoreDataset/avazu_binary
Dataset loaded
np.max =  9449205
np.min=  1
Construct RecModelSampler done
Construct KGCacheControllerWrapper done
E20240211 02:20:24.165313 61588 recstore.cc:66] init folly done
Before Training
Before Training
Before Training
Before Training
Before Training
Before Training
Before Training
Before Training
I20240211 02:20:24.982270 61588 IPC_barrier.h:118] CreateBarrier: new barrier, name: start_barrier, count: 8
I20240211 02:20:24.982306 61587 IPC_barrier.h:112] CreateBarrier: find existing barrier, name: start_barrier, count: 8
I20240211 02:20:24.982329 61583 IPC_barrier.h:112] CreateBarrier: find existing barrier, name: start_barrier, count: 8
I20240211 02:20:24.982355 61585 IPC_barrier.h:112] CreateBarrier: find existing barrier, name: start_barrier, count: 8
I20240211 02:20:24.982376 61586 IPC_barrier.h:112] CreateBarrier: find existing barrier, name: start_barrier, count: 8
I20240211 02:20:24.982398 61589 IPC_barrier.h:112] CreateBarrier: find existing barrier, name: start_barrier, count: 8
I20240211 02:20:24.982419 61584 IPC_barrier.h:112] CreateBarrier: find existing barrier, name: start_barrier, count: 8
I20240211 02:20:24.982445 59150 IPC_barrier.h:112] CreateBarrier: find existing barrier, name: start_barrier, count: 8
========== Step 0 ========== 
+---------------------------+---------------------------+---------------------------+
| Name                      | P50                       | P99                       |
+---------------------------+---------------------------+---------------------------+
| GenInput:CircleBuffer     | 161.077 us                | 161.077 us                |
| GenInput                  | 399.916 us                | 399.916 us                |
| bucket keys               | 72.708 ms                 | 72.708 ms                 |
| forward: join             | 42.920 ms                 | 42.920 ms                 |
| NN                        | 175.304 ms                | 175.304 ms                |
| Forward                   | 369.552 ms                | 369.552 ms                |
| back: bucket keys         | 806.144 us                | 806.144 us                |
+---------------------------+---------------------------+---------------------------+
+---------------------------+---------------------------+---------------------------+
| Name                      | P50                       | P99                       |
+---------------------------+---------------------------+---------------------------+
| GenInput:CircleBuffer     | 161.077 us                | 161.077 us                |
| GenInput                  | 399.916 us                | 399.916 us                |
| bucket keys               | 72.708 ms                 | 72.708 ms                 |
| forward: join             | 42.920 ms                 | 42.920 ms                 |
| NN                        | 175.304 ms                | 175.304 ms                |
| Forward                   | 369.552 ms                | 369.552 ms                |
| back: bucket keys         | 806.144 us                | 806.144 us                |
+---------------------------+---------------------------+---------------------------+
+---------------------------+---------------------------+---------------------------+
| Name                      | P50                       | P99                       |
+---------------------------+---------------------------+---------------------------+
| GenInput:CircleBuffer     | 161.077 us                | 161.077 us                |
| GenInput                  | 399.916 us                | 399.916 us                |
| bucket keys               | 72.708 ms                 | 72.708 ms                 |
| forward: join             | 42.920 ms                 | 42.920 ms                 |
| NN                        | 175.304 ms                | 175.304 ms                |
| Forward                   | 369.552 ms                | 369.552 ms                |
| back: bucket keys         | 806.144 us                | 806.144 us                |
+---------------------------+---------------------------+---------------------------+
+---------------------------+---------------------------+---------------------------+
| Name                      | P50                       | P99                       |
+---------------------------+---------------------------+---------------------------+
| GenInput:CircleBuffer     | 161.077 us                | 161.077 us                |
| GenInput                  | 399.916 us                | 399.916 us                |
| bucket keys               | 72.708 ms                 | 72.708 ms                 |
| forward: join             | 42.920 ms                 | 42.920 ms                 |
| NN                        | 175.304 ms                | 175.304 ms                |
| Forward                   | 369.552 ms                | 369.552 ms                |
| back: bucket keys         | 806.144 us                | 806.144 us                |
+---------------------------+---------------------------+---------------------------+
+---------------------------+---------------------------+---------------------------+
| Name                      | P50                       | P99                       |
+---------------------------+---------------------------+---------------------------+
| GenInput:CircleBuffer     | 161.077 us                | 161.077 us                |
| GenInput                  | 399.916 us                | 399.916 us                |
| bucket keys               | 72.708 ms                 | 72.708 ms                 |
| forward: join             | 42.920 ms                 | 42.920 ms                 |
| NN                        | 175.304 ms                | 175.304 ms                |
| Forward                   | 369.552 ms                | 369.552 ms                |
| back: bucket keys         | 806.144 us                | 806.144 us                |
+---------------------------+---------------------------+---------------------------+
+---------------------------+---------------------------+---------------------------+
| Name                      | P50                       | P99                       |
+---------------------------+---------------------------+---------------------------+
| GenInput:CircleBuffer     | 161.077 us                | 161.077 us                |
| GenInput                  | 399.916 us                | 399.916 us                |
| bucket keys               | 72.708 ms                 | 72.708 ms                 |
| forward: join             | 42.920 ms                 | 42.920 ms                 |
| NN                        | 175.304 ms                | 175.304 ms                |
| Forward                   | 369.552 ms                | 369.552 ms                |
| back: bucket keys         | 806.144 us                | 806.144 us                |
+---------------------------+---------------------------+---------------------------+
+---------------------------+---------------------------+---------------------------+
| Name                      | P50                       | P99                       |
+---------------------------+---------------------------+---------------------------+
| GenInput:CircleBuffer     | 161.077 us                | 161.077 us                |
| GenInput                  | 399.916 us                | 399.916 us                |
| bucket keys               | 72.708 ms                 | 72.708 ms                 |
| forward: join             | 42.920 ms                 | 42.920 ms                 |
| NN                        | 175.304 ms                | 175.304 ms                |
| Forward                   | 369.552 ms                | 369.552 ms                |
| back: bucket keys         | 806.144 us                | 806.144 us                |
+---------------------------+---------------------------+---------------------------+
+---------------------------+---------------------------+---------------------------+
| Name                      | P50                       | P99                       |
+---------------------------+---------------------------+---------------------------+
| GenInput:CircleBuffer     | 161.077 us                | 161.077 us                |
| GenInput                  | 399.916 us                | 399.916 us                |
| bucket keys               | 72.708 ms                 | 72.708 ms                 |
| forward: join             | 42.920 ms                 | 42.920 ms                 |
| NN                        | 175.304 ms                | 175.304 ms                |
| Forward                   | 369.552 ms                | 369.552 ms                |
| back: bucket keys         | 806.144 us                | 806.144 us                |
+---------------------------+---------------------------+---------------------------+
+---------------------------+---------------------------+---------------------------+
| Name                      | P50                       | P99                       |
+---------------------------+---------------------------+---------------------------+
| GenInput:CircleBuffer     | 161.077 us                | 161.077 us                |
| GenInput                  | 399.916 us                | 399.916 us                |
| bucket keys               | 72.708 ms                 | 72.708 ms                 |
| forward: join             | 42.920 ms                 | 42.920 ms                 |
| NN                        | 175.304 ms                | 175.304 ms                |
| Forward                   | 369.552 ms                | 369.552 ms                |
| back: bucket keys         | 806.144 us                | 806.144 us                |
+---------------------------+---------------------------+---------------------------+
+---------------------------+---------------------------+---------------------------+
| Name                      | P50                       | P99                       |
+---------------------------+---------------------------+---------------------------+
| GenInput:CircleBuffer     | 161.077 us                | 161.077 us                |
| GenInput                  | 399.916 us                | 399.916 us                |
| bucket keys               | 72.708 ms                 | 72.708 ms                 |
| forward: join             | 42.920 ms                 | 42.920 ms                 |
| NN                        | 175.304 ms                | 175.304 ms                |
| Forward                   | 369.552 ms                | 369.552 ms                |
| back: bucket keys         | 806.144 us                | 806.144 us                |
+---------------------------+---------------------------+---------------------------+
========== Step 1 ========== 
INFO [59150 distributed.py:1140] Reducer buckets have been rebuilt in this iteration.
INFO [61587 distributed.py:1140] Reducer buckets have been rebuilt in this iteration.
INFO [61585 distributed.py:1140] Reducer buckets have been rebuilt in this iteration.
INFO [61583 distributed.py:1140] Reducer buckets have been rebuilt in this iteration.
INFO [61588 distributed.py:1140] Reducer buckets have been rebuilt in this iteration.
INFO [61586 distributed.py:1140] Reducer buckets have been rebuilt in this iteration.
INFO [61584 distributed.py:1140] Reducer buckets have been rebuilt in this iteration.
INFO [61589 distributed.py:1140] Reducer buckets have been rebuilt in this iteration.
========== Step 2 ========== 
========== Step 3 ========== 
========== Step 4 ========== 
========== Step 5 ========== 
========== Step 6 ========== 
========== Step 7 ========== 
========== Step 8 ========== 
========== Step 9 ========== 
========== Step 10 ========== 
========== Step 11 ========== 
========== Step 12 ========== 
========== Step 13 ========== 
+---------------------------+---------------------------+---------------------------+
| Name                      | P50                       | P99                       |
+---------------------------+---------------------------+---------------------------+
| GenInput:CircleBuffer     | 143.807 us                | 788.359 us                |
| GenInput                  | 758.671 us                | 6.929 ms                  |
| bucket keys               | 547.435 us                | 72.708 ms                 |
| forward: join             | 42.920 ms                 | 93.239 ms                 |
| NN                        | 1.211 ms                  | 175.304 ms                |
| Forward                   | 48.961 ms                 | 369.552 ms                |
| back: bucket keys         | 398.945 us                | 806.144 us                |
| back: a2a                 | 54.665 ms                 | 50.095 s                  |
| back: cache               | 34.024 ms                 | 46.412 ms                 |
| back: aggr dram keys      | 26.254 ms                 | 794.051 ms                |
| back: set dram grad       | 513.625 us                | 996.879 us                |
| Backward                  | 106.356 ms                | 51.033 s                  |
| Optimize                  | 16.721 ms                 | 118.584 ms                |
| OneStep                   | 168.273 ms                | 51.524 s                  |
+---------------------------+---------------------------+---------------------------+
========== Step 14 ========== 
========== Step 15 ========== 
========== Step 16 ========== 
========== Step 17 ========== 
========== Step 18 ========== 
========== Step 19 ========== 
========== Step 20 ========== 
========== Step 21 ========== 
========== Step 22 ========== 
========== Step 23 ========== 
========== Step 24 ========== 
========== Step 25 ========== 
========== Step 26 ========== 
========== Step 27 ========== 
========== Step 28 ========== 
========== Step 29 ========== 
========== Step 30 ========== 
========== Step 31 ========== 
========== Step 32 ========== 
========== Step 33 ========== 
========== Step 34 ========== 
========== Step 35 ========== 
========== Step 36 ========== 
========== Step 37 ========== 
========== Step 38 ========== 
========== Step 39 ========== 
========== Step 40 ========== 
========== Step 41 ========== 
========== Step 42 ========== 
========== Step 43 ========== 
========== Step 44 ========== 
+---------------------------+---------------------------+---------------------------+
| Name                      | P50                       | P99                       |
+---------------------------+---------------------------+---------------------------+
| GenInput:CircleBuffer     | 139.408 us                | 788.359 us                |
| GenInput                  | 734.889 us                | 16.550 ms                 |
| bucket keys               | 479.580 us                | 72.708 ms                 |
| forward: join             | 48.786 ms                 | 99.280 ms                 |
| NN                        | 1.175 ms                  | 175.304 ms                |
| Forward                   | 61.465 ms                 | 369.552 ms                |
| back: bucket keys         | 398.945 us                | 964.390 us                |
| back: a2a                 | 34.639 ms                 | 50.095 s                  |
| back: cache               | 22.696 ms                 | 46.412 ms                 |
| back: aggr dram keys      | 16.045 ms                 | 794.051 ms                |
| back: set dram grad       | 412.581 us                | 996.879 us                |
| Backward                  | 78.901 ms                 | 51.033 s                  |
| Optimize                  | 16.519 ms                 | 118.584 ms                |
| OneStep                   | 165.075 ms                | 51.524 s                  |
+---------------------------+---------------------------+---------------------------+
========== Step 45 ========== 
========== Step 46 ========== 
========== Step 47 ========== 
========== Step 48 ========== 
========== Step 49 ========== 
========== Step 50 ========== 
========== Step 51 ========== 
========== Step 52 ========== 
========== Step 53 ========== 
========== Step 54 ========== 
========== Step 55 ========== 
========== Step 56 ========== 
========== Step 57 ========== 
========== Step 58 ========== 
========== Step 59 ========== 
Successfully xmh
