WARNING: Logging before InitGoogleLogging() is written to STDERR
I20240217 15:05:26.546986 62447 IPC_barrier.h:128] MultiProcessBarrierFactory->ClearIPCMemory()
W20240217 15:05:26.555670 62447 IPCTensor.h:369] NewIPCTensor: full_emb [10000000, 32]0x100000002000 1.192 GB
/data/home/xieminhui/RecStore/src/framework_adapters/torch/python/perf_emb.py:148: DeprecationWarning: The 'warn' function is deprecated, use 'warning' instead
  XLOG.warn("After init DistEmbedding")
WARNING [62447 perf_emb.py:148] After init DistEmbedding
========== Running Perf with routine <function routine_local_cache_helper at 0x7fcdb06adb20>==========
Worker 1 pid=62971
Worker 2 pid=62972
Worker 3 pid=62973
Worker 4 pid=62974
Worker 5 pid=62975
Worker 6 pid=62976
INFO [62447 distributed_c10d.py:442] Added key: store_based_barrier_key:1 to store for rank: 0
INFO [62971 distributed_c10d.py:442] Added key: store_based_barrier_key:1 to store for rank: 1
INFO [62972 distributed_c10d.py:442] Added key: store_based_barrier_key:1 to store for rank: 2
INFO [62973 distributed_c10d.py:442] Added key: store_based_barrier_key:1 to store for rank: 3
INFO [62974 distributed_c10d.py:442] Added key: store_based_barrier_key:1 to store for rank: 4
INFO [62975 distributed_c10d.py:442] Added key: store_based_barrier_key:1 to store for rank: 5
INFO [62976 distributed_c10d.py:442] Added key: store_based_barrier_key:1 to store for rank: 6
INFO [62977 distributed_c10d.py:442] Added key: store_based_barrier_key:1 to store for rank: 7
INFO [62447 distributed_c10d.py:476] Rank 0: Completed store-based barrier for key:store_based_barrier_key:1 with 8 nodes.
INFO [62972 distributed_c10d.py:476] Rank 2: Completed store-based barrier for key:store_based_barrier_key:1 with 8 nodes.
INFO [62974 distributed_c10d.py:476] Rank 4: Completed store-based barrier for key:store_based_barrier_key:1 with 8 nodes.
INFO [62977 distributed_c10d.py:476] Rank 7: Completed store-based barrier for key:store_based_barrier_key:1 with 8 nodes.
INFO [62973 distributed_c10d.py:476] Rank 3: Completed store-based barrier for key:store_based_barrier_key:1 with 8 nodes.
INFO [62976 distributed_c10d.py:476] Rank 6: Completed store-based barrier for key:store_based_barrier_key:1 with 8 nodes.
INFO [62975 distributed_c10d.py:476] Rank 5: Completed store-based barrier for key:store_based_barrier_key:1 with 8 nodes.
INFO [62971 distributed_c10d.py:476] Rank 1: Completed store-based barrier for key:store_based_barrier_key:1 with 8 nodes.
E20240217 15:05:33.105111 62974 IPCTensor.h:348] IPCTensor full_emb already exists
E20240217 15:05:33.105121 62977 IPCTensor.h:348] IPCTensor full_emb already exists
E20240217 15:05:33.105140 62973 IPCTensor.h:348] IPCTensor full_emb already exists
E20240217 15:05:33.105298 62975 IPCTensor.h:348] IPCTensor full_emb already exists
E20240217 15:05:33.105398 62447 IPCTensor.h:348] IPCTensor full_emb already exists
E20240217 15:05:33.105479 62972 IPCTensor.h:348] IPCTensor full_emb already exists
E20240217 15:05:33.105484 62976 IPCTensor.h:348] IPCTensor full_emb already exists
E20240217 15:05:33.107158 62971 IPCTensor.h:348] IPCTensor full_emb already exists
W20240217 15:05:38.801545 62974 IPCTensor.h:409] NewIPCGPUTensor: embedding_cache_4 [1000000, 32]; dev=4; size=122.1 MB
W20240217 15:05:38.804437 62971 IPCTensor.h:409] NewIPCGPUTensor: embedding_cache_1 [1000000, 32]; dev=1; size=122.1 MB
W20240217 15:05:38.804476 62976 IPCTensor.h:409] NewIPCGPUTensor: embedding_cache_6 [1000000, 32]; dev=6; size=122.1 MB
W20240217 15:05:38.805032 62973 IPCTensor.h:409] NewIPCGPUTensor: embedding_cache_3 [1000000, 32]; dev=3; size=122.1 MB
W20240217 15:05:38.806102 62975 IPCTensor.h:409] NewIPCGPUTensor: embedding_cache_5 [1000000, 32]; dev=5; size=122.1 MB
W20240217 15:05:38.806066 62972 IPCTensor.h:409] NewIPCGPUTensor: embedding_cache_2 [1000000, 32]; dev=2; size=122.1 MB
W20240217 15:05:38.806002 62977 IPCTensor.h:409] NewIPCGPUTensor: embedding_cache_7 [1000000, 32]; dev=7; size=122.1 MB
W20240217 15:05:38.806278 62447 IPCTensor.h:409] NewIPCGPUTensor: embedding_cache_0 [1000000, 32]; dev=0; size=122.1 MB
W20240217 15:05:39.478140 62974 IPCTensor.h:369] NewIPCTensor: input_keys_4 [1000000]0x10004c4ba000 7.629 MB
W20240217 15:05:39.478394 62974 IPCTensor.h:369] NewIPCTensor: input_keys_neg_4 [1000000]0x10004cc5d000 7.629 MB
W20240217 15:05:39.478463 62974 IPCTensor.h:369] NewIPCTensor: backward_grads_4 [1000000, 32]0x10004d400000 122.1 MB
W20240217 15:05:39.478513 62974 IPCTensor.h:369] NewIPCTensor: backward_grads_neg_4 [1000000, 32]0x100054e14000 122.1 MB
W20240217 15:05:39.478551 62974 IPCTensor.h:409] NewIPCGPUTensor: backward_grads_4_gpu [1000000, 32]; dev=4; size=122.1 MB
W20240217 15:05:39.488005 62974 IPCTensor.h:409] NewIPCGPUTensor: backward_grads_neg_4_gpu [1000000, 32]; dev=4; size=122.1 MB
W20240217 15:05:39.511008 62976 IPCTensor.h:369] NewIPCTensor: input_keys_6 [1000000]0x10005c82e000 7.629 MB
W20240217 15:05:39.511225 62976 IPCTensor.h:369] NewIPCTensor: input_keys_neg_6 [1000000]0x10005cfd1000 7.629 MB
W20240217 15:05:39.511281 62976 IPCTensor.h:369] NewIPCTensor: backward_grads_6 [1000000, 32]0x10005d774000 122.1 MB
W20240217 15:05:39.511344 62976 IPCTensor.h:369] NewIPCTensor: backward_grads_neg_6 [1000000, 32]0x100065188000 122.1 MB
W20240217 15:05:39.511399 62976 IPCTensor.h:409] NewIPCGPUTensor: backward_grads_6_gpu [1000000, 32]; dev=6; size=122.1 MB
W20240217 15:05:39.514315 62976 IPCTensor.h:409] NewIPCGPUTensor: backward_grads_neg_6_gpu [1000000, 32]; dev=6; size=122.1 MB
W20240217 15:05:39.552173 62447 IPCTensor.h:369] NewIPCTensor: input_keys_0 [1000000]0x10006cba2000 7.629 MB
W20240217 15:05:39.552485 62447 IPCTensor.h:369] NewIPCTensor: input_keys_neg_0 [1000000]0x10006d345000 7.629 MB
W20240217 15:05:39.552575 62447 IPCTensor.h:369] NewIPCTensor: backward_grads_0 [1000000, 32]0x10006dae8000 122.1 MB
W20240217 15:05:39.552621 62447 IPCTensor.h:369] NewIPCTensor: backward_grads_neg_0 [1000000, 32]0x1000754fc000 122.1 MB
W20240217 15:05:39.552678 62447 IPCTensor.h:409] NewIPCGPUTensor: backward_grads_0_gpu [1000000, 32]; dev=0; size=122.1 MB
W20240217 15:05:39.553820 62447 IPCTensor.h:409] NewIPCGPUTensor: backward_grads_neg_0_gpu [1000000, 32]; dev=0; size=122.1 MB
W20240217 15:05:39.625573 62975 IPCTensor.h:369] NewIPCTensor: input_keys_5 [1000000]0x10007cf16000 7.629 MB
W20240217 15:05:39.625959 62975 IPCTensor.h:369] NewIPCTensor: input_keys_neg_5 [1000000]0x10007d6b9000 7.629 MB
W20240217 15:05:39.626120 62975 IPCTensor.h:369] NewIPCTensor: backward_grads_5 [1000000, 32]0x10007de5c000 122.1 MB
W20240217 15:05:39.626272 62975 IPCTensor.h:369] NewIPCTensor: backward_grads_neg_5 [1000000, 32]0x100085872000 122.1 MB
W20240217 15:05:39.626370 62972 IPCTensor.h:369] NewIPCTensor: input_keys_2 [1000000]0x10008d286000 7.629 MB
W20240217 15:05:39.626407 62975 IPCTensor.h:409] NewIPCGPUTensor: backward_grads_5_gpu [1000000, 32]; dev=5; size=122.1 MB
W20240217 15:05:39.626535 62972 IPCTensor.h:369] NewIPCTensor: input_keys_neg_2 [1000000]0x10008da29000 7.629 MB
W20240217 15:05:39.626603 62972 IPCTensor.h:369] NewIPCTensor: backward_grads_2 [1000000, 32]0x10008e1ce000 122.1 MB
W20240217 15:05:39.626654 62972 IPCTensor.h:369] NewIPCTensor: backward_grads_neg_2 [1000000, 32]0x100095be2000 122.1 MB
W20240217 15:05:39.626691 62972 IPCTensor.h:409] NewIPCGPUTensor: backward_grads_2_gpu [1000000, 32]; dev=2; size=122.1 MB
W20240217 15:05:39.626844 62971 IPCTensor.h:369] NewIPCTensor: input_keys_1 [1000000]0x10009d5f6000 7.629 MB
W20240217 15:05:39.626993 62971 IPCTensor.h:369] NewIPCTensor: input_keys_neg_1 [1000000]0x10009dd99000 7.629 MB
W20240217 15:05:39.627040 62971 IPCTensor.h:369] NewIPCTensor: backward_grads_1 [1000000, 32]0x10009e53c000 122.1 MB
W20240217 15:05:39.627079 62971 IPCTensor.h:369] NewIPCTensor: backward_grads_neg_1 [1000000, 32]0x1000a5f50000 122.1 MB
W20240217 15:05:39.627141 62971 IPCTensor.h:409] NewIPCGPUTensor: backward_grads_1_gpu [1000000, 32]; dev=1; size=122.1 MB
W20240217 15:05:39.629732 62975 IPCTensor.h:409] NewIPCGPUTensor: backward_grads_neg_5_gpu [1000000, 32]; dev=5; size=122.1 MB
W20240217 15:05:39.631160 62972 IPCTensor.h:409] NewIPCGPUTensor: backward_grads_neg_2_gpu [1000000, 32]; dev=2; size=122.1 MB
W20240217 15:05:39.631459 62971 IPCTensor.h:409] NewIPCGPUTensor: backward_grads_neg_1_gpu [1000000, 32]; dev=1; size=122.1 MB
W20240217 15:05:39.682297 62977 IPCTensor.h:369] NewIPCTensor: input_keys_7 [1000000]0x1000ad972000 7.629 MB
W20240217 15:05:39.682461 62977 IPCTensor.h:369] NewIPCTensor: input_keys_neg_7 [1000000]0x1000ae115000 7.629 MB
W20240217 15:05:39.682520 62977 IPCTensor.h:369] NewIPCTensor: backward_grads_7 [1000000, 32]0x1000ae8b8000 122.1 MB
W20240217 15:05:39.682567 62977 IPCTensor.h:369] NewIPCTensor: backward_grads_neg_7 [1000000, 32]0x1000b62cc000 122.1 MB
W20240217 15:05:39.682601 62977 IPCTensor.h:409] NewIPCGPUTensor: backward_grads_7_gpu [1000000, 32]; dev=7; size=122.1 MB
W20240217 15:05:39.685725 62977 IPCTensor.h:409] NewIPCGPUTensor: backward_grads_neg_7_gpu [1000000, 32]; dev=7; size=122.1 MB
W20240217 15:05:39.875136 62973 IPCTensor.h:369] NewIPCTensor: input_keys_3 [1000000]0x1000bdce6000 7.629 MB
W20240217 15:05:39.875473 62973 IPCTensor.h:369] NewIPCTensor: input_keys_neg_3 [1000000]0x1000be489000 7.629 MB
W20240217 15:05:39.875589 62973 IPCTensor.h:369] NewIPCTensor: backward_grads_3 [1000000, 32]0x1000bec2c000 122.1 MB
W20240217 15:05:39.875691 62973 IPCTensor.h:369] NewIPCTensor: backward_grads_neg_3 [1000000, 32]0x1000c6640000 122.1 MB
W20240217 15:05:39.875779 62973 IPCTensor.h:409] NewIPCGPUTensor: backward_grads_3_gpu [1000000, 32]; dev=3; size=122.1 MB
W20240217 15:05:39.879418 62973 IPCTensor.h:409] NewIPCGPUTensor: backward_grads_neg_3_gpu [1000000, 32]; dev=3; size=122.1 MB
Worker 7 pid=62977
New CachedEmbedding, name=full_emb, shape=(10000000, 32), cache_type=KnownLocalCachedEmbedding
fixed cache_range is [(0, 1000000), (1000000, 2000000), (2000000, 3000000), (3000000, 4000000), (4000000, 5000000), (5000000, 6000000), (6000000, 7000000), (7000000, 8000000)]
cudaHostRegister 0x100000002000
0: KnownLocalCachedEmbedding init done
cudaHostRegister 0x100000002000
4: KnownLocalCachedEmbedding init done
cudaHostRegister 0x100000002000
6: KnownLocalCachedEmbedding init done
cudaHostRegister 0x100000002000
3: KnownLocalCachedEmbedding init done
cudaHostRegister 0x100000002000
2: KnownLocalCachedEmbedding init done
cudaHostRegister 0x100000002000
7: KnownLocalCachedEmbedding init done
cudaHostRegister 0x100000002000
5: KnownLocalCachedEmbedding init done
cudaHostRegister 0x100000002000
1: KnownLocalCachedEmbedding init done
W20240217 15:05:40.227831 62977 IPCTensor.h:369] NewIPCTensor: cached_sampler_r7_0 [1000000]0x1000ce058000 7.629 MB
W20240217 15:05:40.227938 62973 IPCTensor.h:369] NewIPCTensor: cached_sampler_r3_0 [1000000]0x1000ce7fb000 7.629 MB
W20240217 15:05:40.227977 62977 IPCTensor.h:369] NewIPCTensor: cached_sampler_r7_1 [1000000]0x1000cef9e000 7.629 MB
W20240217 15:05:40.228009 62971 IPCTensor.h:369] NewIPCTensor: cached_sampler_r1_0 [1000000]0x1000cf741000 7.629 MB
W20240217 15:05:40.228024 62975 IPCTensor.h:369] NewIPCTensor: cached_sampler_r5_0 [1000000]0x1000d0687000 7.629 MB
W20240217 15:05:40.228017 62972 IPCTensor.h:369] NewIPCTensor: cached_sampler_r2_0 [1000000]0x1000cfee4000 7.629 MB
W20240217 15:05:40.228087 62977 IPCTensor.h:369] NewIPCTensor: cached_sampler_r7_2 [1000000]0x1000d0e2a000 7.629 MB
W20240217 15:05:40.228093 62973 IPCTensor.h:369] NewIPCTensor: cached_sampler_r3_1 [1000000]0x1000d15cd000 7.629 MB
W20240217 15:05:40.228155 62971 IPCTensor.h:369] NewIPCTensor: cached_sampler_r1_1 [1000000]0x1000d1d70000 7.629 MB
W20240217 15:05:40.228180 62977 IPCTensor.h:369] NewIPCTensor: cached_sampler_r7_3 [1000000]0x1000d2513000 7.629 MB
W20240217 15:05:40.228220 62976 IPCTensor.h:369] NewIPCTensor: cached_sampler_r6_0 [1000000]0x1000d2cb6000 7.629 MB
W20240217 15:05:40.228266 62977 IPCTensor.h:369] NewIPCTensor: cached_sampler_r7_4 [1000000]0x1000d3459000 7.629 MB
W20240217 15:05:40.228333 62977 IPCTensor.h:369] NewIPCTensor: cached_sampler_r7_5 [1000000]0x1000d3bfc000 7.629 MB
W20240217 15:05:40.228386 62971 IPCTensor.h:369] NewIPCTensor: cached_sampler_r1_2 [1000000]0x1000d4b42000 7.629 MB
W20240217 15:05:40.228394 62972 IPCTensor.h:369] NewIPCTensor: cached_sampler_r2_1 [1000000]0x1000d52e5000 7.629 MB
W20240217 15:05:40.228425 62975 IPCTensor.h:369] NewIPCTensor: cached_sampler_r5_1 [1000000]0x1000d5a88000 7.629 MB
W20240217 15:05:40.228389 62974 IPCTensor.h:369] NewIPCTensor: cached_sampler_r4_0 [1000000]0x1000d439f000 7.629 MB
W20240217 15:05:40.228466 62977 IPCTensor.h:369] NewIPCTensor: cached_sampler_r7_6 [1000000]0x1000d69ce000 7.629 MB
W20240217 15:05:40.228475 62976 IPCTensor.h:369] NewIPCTensor: cached_sampler_r6_1 [1000000]0x1000d7171000 7.629 MB
W20240217 15:05:40.228533 62975 IPCTensor.h:369] NewIPCTensor: cached_sampler_r5_2 [1000000]0x1000d885a000 7.629 MB
W20240217 15:05:40.228617 62975 IPCTensor.h:369] NewIPCTensor: cached_sampler_r5_3 [1000000]0x1000d9f43000 7.629 MB
W20240217 15:05:40.228613 62977 IPCTensor.h:369] NewIPCTensor: cached_sampler_r7_7 [1000000]0x1000d97a0000 7.629 MB
W20240217 15:05:40.228664 62975 IPCTensor.h:369] NewIPCTensor: cached_sampler_r5_4 [1000000]0x1000da6e6000 7.629 MB
W20240217 15:05:40.228564 62971 IPCTensor.h:369] NewIPCTensor: cached_sampler_r1_3 [1000000]0x1000d7914000 7.629 MB
W20240217 15:05:40.228588 62972 IPCTensor.h:369] NewIPCTensor: cached_sampler_r2_2 [1000000]0x1000d8ffd000 7.629 MB
W20240217 15:05:40.228722 62975 IPCTensor.h:369] NewIPCTensor: cached_sampler_r5_5 [1000000]0x1000dbdcf000 7.629 MB
W20240217 15:05:40.228508 62973 IPCTensor.h:369] NewIPCTensor: cached_sampler_r3_2 [1000000]0x1000d80b7000 7.629 MB
W20240217 15:05:40.228751 62977 IPCTensor.h:369] NewIPCTensor: cached_sampler_r7_8 [1000000]0x1000db62c000 7.629 MB
W20240217 15:05:40.228750 62976 IPCTensor.h:369] NewIPCTensor: cached_sampler_r6_2 [1000000]0x1000dae89000 7.629 MB
W20240217 15:05:40.228785 62975 IPCTensor.h:369] NewIPCTensor: cached_sampler_r5_6 [1000000]0x1000dc572000 7.629 MB
W20240217 15:05:40.228819 62972 IPCTensor.h:369] NewIPCTensor: cached_sampler_r2_3 [1000000]0x1000dcd15000 7.629 MB
W20240217 15:05:40.228746 62447 IPCTensor.h:369] NewIPCTensor: cached_sampler_r0_0 [1000000]0x1000d622b000 7.629 MB
W20240217 15:05:40.228835 62977 IPCTensor.h:369] NewIPCTensor: cached_sampler_r7_9 [1000000]0x1000dd4b8000 7.629 MB
W20240217 15:05:40.228852 62971 IPCTensor.h:369] NewIPCTensor: cached_sampler_r1_4 [1000000]0x1000de3fe000 7.629 MB
W20240217 15:05:40.228868 62975 IPCTensor.h:369] NewIPCTensor: cached_sampler_r5_7 [1000000]0x1000deba1000 7.629 MB
W20240217 15:05:40.228852 62974 IPCTensor.h:369] NewIPCTensor: cached_sampler_r4_1 [1000000]0x1000ddc5b000 7.629 MB
W20240217 15:05:40.228904 62972 IPCTensor.h:369] NewIPCTensor: cached_sampler_r2_4 [1000000]0x1000df344000 7.629 MB
W20240217 15:05:40.228924 62975 IPCTensor.h:369] NewIPCTensor: cached_sampler_r5_8 [1000000]0x1000dfae7000 7.629 MB
W20240217 15:05:40.228942 62973 IPCTensor.h:369] NewIPCTensor: cached_sampler_r3_3 [1000000]0x1000e028a000 7.629 MB
W20240217 15:05:40.228950 62976 IPCTensor.h:369] NewIPCTensor: cached_sampler_r6_3 [1000000]0x1000e0a2d000 7.629 MB
W20240217 15:05:40.228955 62977 IPCTensor.h:369] NewIPCTensor: step_r7 [10]0x1000e11d0000 80 B 
W20240217 15:05:40.228973 62971 IPCTensor.h:369] NewIPCTensor: cached_sampler_r1_5 [1000000]0x1000e11d2000 7.629 MB
W20240217 15:05:40.228989 62972 IPCTensor.h:369] NewIPCTensor: cached_sampler_r2_5 [1000000]0x1000e1975000 7.629 MB
W20240217 15:05:40.228994 62975 IPCTensor.h:369] NewIPCTensor: cached_sampler_r5_9 [1000000]0x1000e2118000 7.629 MB
W20240217 15:05:40.229054 62977 IPCTensor.h:369] NewIPCTensor: circle_buffer_end_r7 [1]0x1000e28bb000 8 B 
W20240217 15:05:40.229059 62975 IPCTensor.h:369] NewIPCTensor: step_r5 [10]0x1000e28bd000 80 B 
W20240217 15:05:40.229068 62973 IPCTensor.h:369] NewIPCTensor: cached_sampler_r3_4 [1000000]0x1000e28bf000 7.629 MB
W20240217 15:05:40.229074 62447 IPCTensor.h:369] NewIPCTensor: cached_sampler_r0_1 [1000000]0x1000e3062000 7.629 MB
W20240217 15:05:40.229117 62975 IPCTensor.h:369] NewIPCTensor: circle_buffer_end_r5 [1]0x1000e3fa8000 8 B 
W20240217 15:05:40.229110 62976 IPCTensor.h:369] NewIPCTensor: cached_sampler_r6_4 [1000000]0x1000e3805000 7.629 MB
W20240217 15:05:40.229159 62977 IPCTensor.h:369] NewIPCTensor: circle_buffer_end_cppseen_r7 [1]0x1000e474d000 8 B 
W20240217 15:05:40.229168 62975 IPCTensor.h:369] NewIPCTensor: circle_buffer_end_cppseen_r5 [1]0x1000e474f000 8 B 
W20240217 15:05:40.229153 62974 IPCTensor.h:369] NewIPCTensor: cached_sampler_r4_2 [1000000]0x1000e3faa000 7.629 MB
W20240217 15:05:40.229194 62973 IPCTensor.h:369] NewIPCTensor: cached_sampler_r3_5 [1000000]0x1000e4751000 7.629 MB
W20240217 15:05:40.229202 62447 IPCTensor.h:369] NewIPCTensor: cached_sampler_r0_2 [1000000]0x1000e4ef4000 7.629 MB
W20240217 15:05:40.229293 62447 IPCTensor.h:369] NewIPCTensor: cached_sampler_r0_3 [1000000]0x1000e5697000 7.629 MB
W20240217 15:05:40.229301 62976 IPCTensor.h:369] NewIPCTensor: cached_sampler_r6_5 [1000000]0x1000e5e3a000 7.629 MB
W20240217 15:05:40.229372 62447 IPCTensor.h:369] NewIPCTensor: cached_sampler_r0_4 [1000000]0x1000e6d80000 7.629 MB
W20240217 15:05:40.229373 62974 IPCTensor.h:369] NewIPCTensor: cached_sampler_r4_3 [1000000]0x1000e65dd000 7.629 MB
W20240217 15:05:40.229463 62447 IPCTensor.h:369] NewIPCTensor: cached_sampler_r0_5 [1000000]0x1000e7523000 7.629 MB
W20240217 15:05:40.229545 62974 IPCTensor.h:369] NewIPCTensor: cached_sampler_r4_4 [1000000]0x1000e7cc6000 7.629 MB
W20240217 15:05:40.229570 62447 IPCTensor.h:369] NewIPCTensor: cached_sampler_r0_6 [1000000]0x1000e8c0c000 7.629 MB
W20240217 15:05:40.229568 62972 IPCTensor.h:369] NewIPCTensor: cached_sampler_r2_6 [1000000]0x1000e8469000 7.629 MB
Construct PerfSampler done
W20240217 15:05:40.229661 62447 IPCTensor.h:369] NewIPCTensor: cached_sampler_r0_7 [1000000]0x1000e93af000 7.629 MB
Construct PerfSampler done
W20240217 15:05:40.229681 62972 IPCTensor.h:369] NewIPCTensor: cached_sampler_r2_7 [1000000]0x1000e9b52000 7.629 MB
W20240217 15:05:40.229729 62447 IPCTensor.h:369] NewIPCTensor: cached_sampler_r0_8 [1000000]0x1000ea2f5000 7.629 MB
W20240217 15:05:40.229750 62972 IPCTensor.h:369] NewIPCTensor: cached_sampler_r2_8 [1000000]0x1000eaa98000 7.629 MB
I20240217 15:05:40.229758 62975 IPC_barrier.h:118] CreateBarrier: new barrier, name: kgcachecontroller, count: 8
W20240217 15:05:40.229772 62974 IPCTensor.h:369] NewIPCTensor: cached_sampler_r4_5 [1000000]0x1000eb23b000 7.629 MB
I20240217 15:05:40.229789 62977 IPC_barrier.h:112] CreateBarrier: find existing barrier, name: kgcachecontroller, count: 8
W20240217 15:05:40.229799 62971 IPCTensor.h:369] NewIPCTensor: cached_sampler_r1_6 [1000000]0x1000eb9de000 7.629 MB
W20240217 15:05:40.229815 62972 IPCTensor.h:369] NewIPCTensor: cached_sampler_r2_9 [1000000]0x1000ec181000 7.629 MB
W20240217 15:05:40.229825 62976 IPCTensor.h:369] NewIPCTensor: cached_sampler_r6_6 [1000000]0x1000ec924000 7.629 MB
W20240217 15:05:40.229830 62973 IPCTensor.h:369] NewIPCTensor: cached_sampler_r3_6 [1000000]0x1000ed0c7000 7.629 MB
W20240217 15:05:40.229835 62447 IPCTensor.h:369] NewIPCTensor: cached_sampler_r0_9 [1000000]0x1000ed86a000 7.629 MB
W20240217 15:05:40.229913 62972 IPCTensor.h:369] NewIPCTensor: step_r2 [10]0x1000ee00d000 80 B 
W20240217 15:05:40.229943 62971 IPCTensor.h:369] NewIPCTensor: cached_sampler_r1_7 [1000000]0x1000ee00f000 7.629 MB
W20240217 15:05:40.229965 62973 IPCTensor.h:369] NewIPCTensor: cached_sampler_r3_7 [1000000]0x1000ee7b2000 7.629 MB
W20240217 15:05:40.229969 62447 IPCTensor.h:369] NewIPCTensor: step_r0 [10]0x1000eef55000 80 B 
W20240217 15:05:40.229974 62972 IPCTensor.h:369] NewIPCTensor: circle_buffer_end_r2 [1]0x1000eef57000 8 B 
W20240217 15:05:40.229993 62976 IPCTensor.h:369] NewIPCTensor: cached_sampler_r6_7 [1000000]0x1000ef6fc000 7.629 MB
W20240217 15:05:40.229987 62974 IPCTensor.h:369] NewIPCTensor: cached_sampler_r4_6 [1000000]0x1000eef59000 7.629 MB
W20240217 15:05:40.230041 62447 IPCTensor.h:369] NewIPCTensor: circle_buffer_end_r0 [1]0x1000efe9f000 8 B 
W20240217 15:05:40.230057 62971 IPCTensor.h:369] NewIPCTensor: cached_sampler_r1_8 [1000000]0x1000efea1000 7.629 MB
W20240217 15:05:40.230063 62972 IPCTensor.h:369] NewIPCTensor: circle_buffer_end_cppseen_r2 [1]0x1000f0644000 8 B 
W20240217 15:05:40.230070 62973 IPCTensor.h:369] NewIPCTensor: cached_sampler_r3_8 [1000000]0x1000f0646000 7.629 MB
W20240217 15:05:40.230108 62971 IPCTensor.h:369] NewIPCTensor: cached_sampler_r1_9 [1000000]0x1000f0de9000 7.629 MB
W20240217 15:05:40.230126 62976 IPCTensor.h:369] NewIPCTensor: cached_sampler_r6_8 [1000000]0x1000f158c000 7.629 MB
W20240217 15:05:40.230130 62447 IPCTensor.h:369] NewIPCTensor: circle_buffer_end_cppseen_r0 [1]0x1000f1d2f000 8 B 
W20240217 15:05:40.230167 62973 IPCTensor.h:369] NewIPCTensor: cached_sampler_r3_9 [1000000]0x1000f1d31000 7.629 MB
W20240217 15:05:40.230211 62971 IPCTensor.h:369] NewIPCTensor: step_r1 [10]0x1000f24d4000 80 B 
W20240217 15:05:40.230226 62976 IPCTensor.h:369] NewIPCTensor: cached_sampler_r6_9 [1000000]0x1000f24d6000 7.629 MB
W20240217 15:05:40.230244 62974 IPCTensor.h:369] NewIPCTensor: cached_sampler_r4_7 [1000000]0x1000f2c79000 7.629 MB
W20240217 15:05:40.230262 62971 IPCTensor.h:369] NewIPCTensor: circle_buffer_end_r1 [1]0x1000f341c000 8 B 
W20240217 15:05:40.230269 62973 IPCTensor.h:369] NewIPCTensor: step_r3 [10]0x1000f341e000 80 B 
W20240217 15:05:40.230327 62973 IPCTensor.h:369] NewIPCTensor: circle_buffer_end_r3 [1]0x1000f3420000 8 B 
W20240217 15:05:40.230334 62971 IPCTensor.h:369] NewIPCTensor: circle_buffer_end_cppseen_r1 [1]0x1000f3422000 8 B 
W20240217 15:05:40.230362 62976 IPCTensor.h:369] NewIPCTensor: step_r6 [10]0x1000f3424000 80 B 
W20240217 15:05:40.230394 62973 IPCTensor.h:369] NewIPCTensor: circle_buffer_end_cppseen_r3 [1]0x1000f3bc9000 8 B 
W20240217 15:05:40.230389 62974 IPCTensor.h:369] NewIPCTensor: cached_sampler_r4_8 [1000000]0x1000f3426000 7.629 MB
Construct PerfSampler done
W20240217 15:05:40.230437 62976 IPCTensor.h:369] NewIPCTensor: circle_buffer_end_r6 [1]0x1000f3bcb000 8 B 
W20240217 15:05:40.230515 62976 IPCTensor.h:369] NewIPCTensor: circle_buffer_end_cppseen_r6 [1]0x1000f4370000 8 B 
W20240217 15:05:40.230508 62974 IPCTensor.h:369] NewIPCTensor: cached_sampler_r4_9 [1000000]0x1000f3bcd000 7.629 MB
I20240217 15:05:40.230552 62972 IPC_barrier.h:112] CreateBarrier: find existing barrier, name: kgcachecontroller, count: 8
W20240217 15:05:40.230666 62974 IPCTensor.h:369] NewIPCTensor: step_r4 [10]0x1000f4372000 80 B 
Construct PerfSampler done
W20240217 15:05:40.230798 62974 IPCTensor.h:369] NewIPCTensor: circle_buffer_end_r4 [1]0x1000f4374000 8 B 
Construct PerfSampler done
Construct PerfSampler done
I20240217 15:05:40.230926 62973 IPC_barrier.h:112] CreateBarrier: find existing barrier, name: kgcachecontroller, count: 8
W20240217 15:05:40.230916 62974 IPCTensor.h:369] NewIPCTensor: circle_buffer_end_cppseen_r4 [1]0x1000f4376000 8 B 
I20240217 15:05:40.230948 62971 IPC_barrier.h:112] CreateBarrier: find existing barrier, name: kgcachecontroller, count: 8
Construct PerfSampler done
I20240217 15:05:40.231081 62447 IPC_barrier.h:112] CreateBarrier: find existing barrier, name: kgcachecontroller, count: 8
I20240217 15:05:40.231173 62976 IPC_barrier.h:112] CreateBarrier: find existing barrier, name: kgcachecontroller, count: 8
Construct PerfSampler done
I20240217 15:05:40.231674 62974 IPC_barrier.h:112] CreateBarrier: find existing barrier, name: kgcachecontroller, count: 8
W20240217 15:05:40.233616 62447 grad_base.h:55] KGCacheController, config={
        "num_gpus": 8,
        "L": 10,
        "kForwardItersPerStep": 1,
        "clr": 1,
        "backwardMode": "CppAsyncV2",
        "nr_background_threads": 16,
        "cache_ratio": 0.1,
        "backgrad_init": "both"
    }
W20240217 15:05:40.233839 62447 grad_base.h:184] Init GradProcessingBase done
I20240217 15:05:41.446200 62447 grad_async_v2.h:42] Use main thread to update emb.
W20240217 15:05:41.446597 62447 kg_controller.h:78] after init GradAsyncProcessingV2
I20240217 15:05:41.446610 62447 kg_controller.h:84] Construct KGCacheController done
E20240217 15:05:43.277197 62976 recstore.cc:66] init folly done
E20240217 15:05:43.277238 62447 recstore.cc:66] init folly done
E20240217 15:05:43.277267 62977 recstore.cc:66] init folly done
Construct KGCacheControllerWrapper done
E20240217 15:05:43.277284 62974 recstore.cc:66] init folly done
Construct KGCacheControllerWrapper done
E20240217 15:05:43.277339 62975 recstore.cc:66] init folly done
Construct KGCacheControllerWrapper done
Construct KGCacheControllerWrapper done
Construct KGCacheControllerWrapper done
E20240217 15:05:43.277911 62973 recstore.cc:66] init folly done
Construct KGCacheControllerWrapper done
E20240217 15:05:43.278352 62971 recstore.cc:66] init folly done
E20240217 15:05:43.278496 62972 recstore.cc:66] init folly done
Construct KGCacheControllerWrapper done
Construct KGCacheControllerWrapper done
I20240217 15:05:43.279806 62447 grad_base.h:60] GraphEnv RegTensorsPerProcess
W20240217 15:05:44.232056 64328 grad_async_v2.h:137] Detect new sample comes, old_end0, new_end1
E20240217 15:05:44.232357 64328 parallel_pq_v2.h:79] insert failed, size(hashtable)=0
E20240217 15:05:45.232080 64328 parallel_pq_v2.h:79] insert failed, size(hashtable)=19
W20240217 15:05:45.243050 64328 grad_async_v2.h:137] Detect new sample comes, old_end6, new_end7
Before Training
I20240217 15:05:45.641391 62447 IPC_barrier.h:118] CreateBarrier: new barrier, name: start_barrier, count: 8
Before Training
I20240217 15:05:45.657723 62971 IPC_barrier.h:112] CreateBarrier: find existing barrier, name: start_barrier, count: 8
Before Training
I20240217 15:05:45.674336 62972 IPC_barrier.h:112] CreateBarrier: find existing barrier, name: start_barrier, count: 8
Before Training
I20240217 15:05:45.690918 62973 IPC_barrier.h:112] CreateBarrier: find existing barrier, name: start_barrier, count: 8
Before Training
I20240217 15:05:45.708132 62974 IPC_barrier.h:112] CreateBarrier: find existing barrier, name: start_barrier, count: 8
Before Training
I20240217 15:05:45.727651 62975 IPC_barrier.h:112] CreateBarrier: find existing barrier, name: start_barrier, count: 8
Before Training
I20240217 15:05:45.744153 62976 IPC_barrier.h:112] CreateBarrier: find existing barrier, name: start_barrier, count: 8
Before Training
I20240217 15:05:45.760550 62977 IPC_barrier.h:112] CreateBarrier: find existing barrier, name: start_barrier, count: 8
========== Step 0 ========== 
========== Step 0 ========== 
========== Step 0 ========== 
========== Step 0 ========== 
========== Step 0 ========== 
========== Step 0 ========== 
========== Step 0 ========== 
========== Step 0 ========== 
E20240217 15:05:47.399895 64757 parallel_pq_v2.h:79] insert failed, size(hashtable)=0
W20240217 15:05:47.457882 62447 grad_async_v2.h:270] Sleep in <BlockToStepN>, step_no=1, pq.top=1
========== Step 1 ========== 
========== Step 1 ========== 
========== Step 1 ========== 
========== Step 1 ========== 
========== Step 1 ========== 
========== Step 1 ========== 
========== Step 1 ========== 
W20240217 15:05:47.512076 64328 grad_async_v2.h:137] Detect new sample comes, old_end1, new_end2
========== Step 1 ========== 
========== Step 2 ========== 
========== Step 2 ========== 
========== Step 2 ========== 
========== Step 2 ========== 
========== Step 2 ========== 
========== Step 2 ========== 
========== Step 2 ========== 
========== Step 2 ========== 
========== Step 3 ========== 
========== Step 3 ========== 
========== Step 3 ========== 
========== Step 3 ========== 
========== Step 3 ========== 
========== Step 3 ========== 
========== Step 3 ========== 
========== Step 3 ========== 
W20240217 15:05:48.230463 62447 grad_async_v2.h:257] pq is empty
========== Step 4 ========== 
========== Step 4 ========== 
========== Step 4 ========== 
========== Step 4 ========== 
========== Step 4 ========== 
========== Step 4 ========== 
========== Step 4 ========== 
========== Step 4 ========== 
+---------------------------+---------------------------+---------------------------+
| Name                      | P50                       | P99                       |
+---------------------------+---------------------------+---------------------------+
| clean                     | 166.854 us                | 32.001 ms                 |
| ProcessBack:Shuffle       | 226.327 ms                | 333.817 ms                |
| ProcessBack:UpdateCache   | 11.665 ms                 | 1.186 s                   |
| ProcessBack:UpsertPq      | 59.436 us                 | 57.733 ms                 |
| ProcessOneStep            | 238.685 ms                | 1.597 s                   |
| BlockToStepN              | 80.759 us                 | 50.079 ms                 |
+---------------------------+---------------------------+---------------------------+
E20240217 15:05:48.399020 64328 parallel_pq_v2.h:79] insert failed, size(hashtable)=12339
W20240217 15:05:48.501914 62447 grad_async_v2.h:257] pq is empty
========== Step 5 ========== 
========== Step 5 ========== 
========== Step 5 ========== 
========== Step 5 ========== 
========== Step 5 ========== 
========== Step 5 ========== 
========== Step 5 ========== 
========== Step 5 ========== 
W20240217 15:05:48.539263 64328 grad_async_v2.h:137] Detect new sample comes, old_end5, new_end6
========== Step 6 ========== 
========== Step 6 ========== 
========== Step 6 ========== 
========== Step 6 ========== 
========== Step 6 ========== 
========== Step 6 ========== 
========== Step 6 ========== 
========== Step 6 ========== 
========== Step 7 ========== 
========== Step 7 ========== 
========== Step 7 ========== 
========== Step 7 ========== 
========== Step 7 ========== 
========== Step 7 ========== 
========== Step 7 ========== 
========== Step 7 ========== 
========== Step 8 ========== 
========== Step 8 ========== 
========== Step 8 ========== 
========== Step 8 ========== 
========== Step 8 ========== 
========== Step 8 ========== 
========== Step 8 ========== 
========== Step 8 ========== 
========== Step 9 ========== 
========== Step 9 ========== 
========== Step 9 ========== 
========== Step 9 ========== 
========== Step 9 ========== 
========== Step 9 ========== 
========== Step 9 ========== 
========== Step 9 ========== 
E20240217 15:05:49.399024 64328 parallel_pq_v2.h:79] insert failed, size(hashtable)=844
W20240217 15:05:49.647228 62447 grad_async_v2.h:257] pq is empty
========== Step 10 ========== 
========== Step 10 ========== 
========== Step 10 ========== 
========== Step 10 ========== 
========== Step 10 ========== 
========== Step 10 ========== 
W20240217 15:05:49.648175 64328 grad_async_v2.h:137] Detect new sample comes, old_end0, new_end1
========== Step 10 ========== 
========== Step 10 ========== 
W20240217 15:05:49.923362 62447 grad_async_v2.h:257] pq is empty
========== Step 11 ========== 
========== Step 11 ========== 
========== Step 11 ========== 
========== Step 11 ========== 
========== Step 11 ========== 
========== Step 11 ========== 
========== Step 11 ========== 
========== Step 11 ========== 
W20240217 15:05:50.130658 62447 grad_async_v2.h:257] pq is empty
========== Step 12 ========== 
========== Step 12 ========== 
========== Step 12 ========== 
========== Step 12 ========== 
========== Step 12 ========== 
========== Step 12 ========== 
========== Step 12 ========== 
========== Step 12 ========== 
+---------------------------+---------------------------+---------------------------+
| Name                      | P50                       | P99                       |
+---------------------------+---------------------------+---------------------------+
| GenInput:CircleBuffer     | 129.003 us                | 557.170 us                |
| GenInput                  | 1.142 ms                  | 8.380 ms                  |
| forward: NN               | 103.021 us                | 50.579 ms                 |
| Forward                   | 475.174 us                | 55.395 ms                 |
| Backward                  | 861.100 us                | 30.923 ms                 |
| Optimize                  | 159.115 us                | 519.477 us                |
| BarrierTimeBeforeRank0    | 512.479 us                | 4.971 ms                  |
| AfterBackward             | 259.867 ms                | 1.598 s                   |
| BlockToStepN              | 144.962 us                | 50.554 ms                 |
| OneStep                   | 262.641 ms                | 1.752 s                   |
+---------------------------+---------------------------+---------------------------+
E20240217 15:05:50.399013 64328 parallel_pq_v2.h:79] insert failed, size(hashtable)=4321
W20240217 15:05:50.420491 62447 grad_async_v2.h:257] pq is empty
========== Step 13 ========== 
========== Step 13 ========== 
========== Step 13 ========== 
========== Step 13 ========== 
========== Step 13 ========== 
========== Step 13 ========== 
========== Step 13 ========== 
========== Step 13 ========== 
W20240217 15:05:50.643566 62447 grad_async_v2.h:257] pq is empty
========== Step 14 ========== 
========== Step 14 ========== 
========== Step 14 ========== 
========== Step 14 ========== 
========== Step 14 ========== 
========== Step 14 ========== 
========== Step 14 ========== 
========== Step 14 ========== 
W20240217 15:05:50.672128 64328 grad_async_v2.h:137] Detect new sample comes, old_end4, new_end5
========== Step 15 ========== 
========== Step 15 ========== 
========== Step 15 ========== 
========== Step 15 ========== 
========== Step 15 ========== 
========== Step 15 ========== 
========== Step 15 ========== 
========== Step 15 ========== 
========== Step 16 ========== 
========== Step 16 ========== 
========== Step 16 ========== 
========== Step 16 ========== 
========== Step 16 ========== 
========== Step 16 ========== 
========== Step 16 ========== 
========== Step 16 ========== 
W20240217 15:05:51.431887 62447 grad_async_v2.h:257] pq is empty
========== Step 17 ========== 
========== Step 17 ========== 
========== Step 17 ========== 
========== Step 17 ========== 
========== Step 17 ========== 
========== Step 17 ========== 
========== Step 17 ========== 
E20240217 15:05:51.432549 64328 parallel_pq_v2.h:79] insert failed, size(hashtable)=1
========== Step 17 ========== 
W20240217 15:05:51.711592 62447 grad_async_v2.h:257] pq is empty
========== Step 18 ========== 
========== Step 18 ========== 
========== Step 18 ========== 
========== Step 18 ========== 
========== Step 18 ========== 
========== Step 18 ========== 
========== Step 18 ========== 
========== Step 18 ========== 
W20240217 15:05:51.712281 64328 grad_async_v2.h:137] Detect new sample comes, old_end8, new_end9
W20240217 15:05:51.927990 62447 grad_async_v2.h:257] pq is empty
========== Step 19 ========== 
========== Step 19 ========== 
========== Step 19 ========== 
========== Step 19 ========== 
========== Step 19 ========== 
========== Step 19 ========== 
========== Step 19 ========== 
========== Step 19 ========== 
W20240217 15:05:52.196705 62447 grad_async_v2.h:257] pq is empty
========== Step 20 ========== 
========== Step 20 ========== 
========== Step 20 ========== 
========== Step 20 ========== 
========== Step 20 ========== 
========== Step 20 ========== 
========== Step 20 ========== 
========== Step 20 ========== 
W20240217 15:05:52.447566 62447 grad_async_v2.h:257] pq is empty
========== Step 21 ========== 
========== Step 21 ========== 
========== Step 21 ========== 
========== Step 21 ========== 
========== Step 21 ========== 
========== Step 21 ========== 
========== Step 21 ========== 
E20240217 15:05:52.448117 64328 parallel_pq_v2.h:79] insert failed, size(hashtable)=1
========== Step 21 ========== 
W20240217 15:05:52.655191 62447 grad_async_v2.h:257] pq is empty
========== Step 22 ========== 
========== Step 22 ========== 
========== Step 22 ========== 
========== Step 22 ========== 
========== Step 22 ========== 
========== Step 22 ========== 
========== Step 22 ========== 
========== Step 22 ========== 
W20240217 15:05:52.714428 64328 grad_async_v2.h:137] Detect new sample comes, old_end2, new_end3
W20240217 15:05:52.910702 62447 grad_async_v2.h:257] pq is empty
========== Step 23 ========== 
========== Step 23 ========== 
========== Step 23 ========== 
========== Step 23 ========== 
========== Step 23 ========== 
========== Step 23 ========== 
========== Step 23 ========== 
========== Step 23 ========== 
W20240217 15:05:53.128254 62447 grad_async_v2.h:257] pq is empty
========== Step 24 ========== 
========== Step 24 ========== 
========== Step 24 ========== 
========== Step 24 ========== 
========== Step 24 ========== 
========== Step 24 ========== 
========== Step 24 ========== 
========== Step 24 ========== 
+---------------------------+---------------------------+---------------------------+
| Name                      | P50                       | P99                       |
+---------------------------+---------------------------+---------------------------+
| clean                     | 225.692 us                | 43.395 ms                 |
| ProcessBack:Shuffle       | 241.358 ms                | 333.817 ms                |
| ProcessBack:UpdateCache   | 9.199 ms                  | 1.186 s                   |
| ProcessBack:UpsertPq      | 73.142 us                 | 57.733 ms                 |
| ProcessOneStep            | 252.782 ms                | 1.597 s                   |
| BlockToStepN              | 88.830 us                 | 50.079 ms                 |
+---------------------------+---------------------------+---------------------------+
W20240217 15:05:53.331646 62447 grad_async_v2.h:257] pq is empty
========== Step 25 ========== 
========== Step 25 ========== 
========== Step 25 ========== 
========== Step 25 ========== 
========== Step 25 ========== 
========== Step 25 ========== 
========== Step 25 ========== 
========== Step 25 ========== 
E20240217 15:05:53.448019 64328 parallel_pq_v2.h:79] insert failed, size(hashtable)=6185
W20240217 15:05:53.562108 62447 grad_async_v2.h:257] pq is empty
========== Step 26 ========== 
========== Step 26 ========== 
========== Step 26 ========== 
========== Step 26 ========== 
========== Step 26 ========== 
========== Step 26 ========== 
========== Step 26 ========== 
========== Step 26 ========== 
W20240217 15:05:53.808708 62447 grad_async_v2.h:257] pq is empty
========== Step 27 ========== 
========== Step 27 ========== 
========== Step 27 ========== 
========== Step 27 ========== 
========== Step 27 ========== 
========== Step 27 ========== 
========== Step 27 ========== 
========== Step 27 ========== 
W20240217 15:05:53.809235 64328 grad_async_v2.h:137] Detect new sample comes, old_end7, new_end8
W20240217 15:05:54.032894 62447 grad_async_v2.h:257] pq is empty
========== Step 28 ========== 
========== Step 28 ========== 
========== Step 28 ========== 
========== Step 28 ========== 
========== Step 28 ========== 
========== Step 28 ========== 
========== Step 28 ========== 
========== Step 28 ========== 
W20240217 15:05:54.323383 62447 grad_async_v2.h:257] pq is empty
========== Step 29 ========== 
========== Step 29 ========== 
========== Step 29 ========== 
========== Step 29 ========== 
========== Step 29 ========== 
========== Step 29 ========== 
========== Step 29 ========== 
========== Step 29 ========== 
E20240217 15:05:54.448014 64328 parallel_pq_v2.h:79] insert failed, size(hashtable)=10555
W20240217 15:05:54.539304 62447 grad_async_v2.h:257] pq is empty
========== Step 30 ========== 
========== Step 30 ========== 
========== Step 30 ========== 
========== Step 30 ========== 
========== Step 30 ========== 
========== Step 30 ========== 
========== Step 30 ========== 
========== Step 30 ========== 
W20240217 15:05:54.778143 62447 grad_async_v2.h:257] pq is empty
========== Step 31 ========== 
========== Step 31 ========== 
========== Step 31 ========== 
========== Step 31 ========== 
========== Step 31 ========== 
========== Step 31 ========== 
========== Step 31 ========== 
========== Step 31 ========== 
W20240217 15:05:54.832979 64328 grad_async_v2.h:137] Detect new sample comes, old_end1, new_end2
W20240217 15:05:55.032249 62447 grad_async_v2.h:257] pq is empty
========== Step 32 ========== 
========== Step 32 ========== 
========== Step 32 ========== 
========== Step 32 ========== 
========== Step 32 ========== 
========== Step 32 ========== 
========== Step 32 ========== 
========== Step 32 ========== 
+---------------------------+---------------------------+---------------------------+
| Name                      | P50                       | P99                       |
+---------------------------+---------------------------+---------------------------+
| GenInput:CircleBuffer     | 124.593 us                | 557.170 us                |
| GenInput                  | 884.498 us                | 8.380 ms                  |
| forward: NN               | 101.398 us                | 50.579 ms                 |
| Forward                   | 412.116 us                | 55.395 ms                 |
| Backward                  | 853.044 us                | 30.923 ms                 |
| Optimize                  | 151.710 us                | 519.477 us                |
| BarrierTimeBeforeRank0    | 487.553 us                | 4.971 ms                  |
| AfterBackward             | 247.872 ms                | 1.598 s                   |
| BlockToStepN              | 181.947 us                | 50.554 ms                 |
| OneStep                   | 250.846 ms                | 1.752 s                   |
+---------------------------+---------------------------+---------------------------+
W20240217 15:05:55.244499 62447 grad_async_v2.h:257] pq is empty
========== Step 33 ========== 
========== Step 33 ========== 
========== Step 33 ========== 
========== Step 33 ========== 
========== Step 33 ========== 
========== Step 33 ========== 
========== Step 33 ========== 
========== Step 33 ========== 
W20240217 15:05:55.431470 62447 grad_async_v2.h:257] pq is empty
========== Step 34 ========== 
========== Step 34 ========== 
========== Step 34 ========== 
========== Step 34 ========== 
========== Step 34 ========== 
========== Step 34 ========== 
========== Step 34 ========== 
========== Step 34 ========== 
E20240217 15:05:55.448005 64328 parallel_pq_v2.h:79] insert failed, size(hashtable)=1261
W20240217 15:05:55.664295 62447 grad_async_v2.h:257] pq is empty
========== Step 35 ========== 
========== Step 35 ========== 
========== Step 35 ========== 
========== Step 35 ========== 
========== Step 35 ========== 
========== Step 35 ========== 
========== Step 35 ========== 
========== Step 35 ========== 
W20240217 15:05:55.850309 64328 grad_async_v2.h:137] Detect new sample comes, old_end5, new_end6
W20240217 15:05:55.947237 62447 grad_async_v2.h:257] pq is empty
========== Step 36 ========== 
========== Step 36 ========== 
========== Step 36 ========== 
========== Step 36 ========== 
========== Step 36 ========== 
========== Step 36 ========== 
========== Step 36 ========== 
========== Step 36 ========== 
W20240217 15:05:56.210080 62447 grad_async_v2.h:257] pq is empty
========== Step 37 ========== 
========== Step 37 ========== 
========== Step 37 ========== 
========== Step 37 ========== 
========== Step 37 ========== 
========== Step 37 ========== 
========== Step 37 ========== 
========== Step 37 ========== 
W20240217 15:05:56.455133 62447 grad_async_v2.h:257] pq is empty
========== Step 38 ========== 
========== Step 38 ========== 
========== Step 38 ========== 
========== Step 38 ========== 
========== Step 38 ========== 
========== Step 38 ========== 
========== Step 38 ========== 
========== Step 38 ========== 
E20240217 15:05:56.455663 64328 parallel_pq_v2.h:79] insert failed, size(hashtable)=1
W20240217 15:05:56.703598 62447 grad_async_v2.h:257] pq is empty
========== Step 39 ========== 
========== Step 39 ========== 
========== Step 39 ========== 
========== Step 39 ========== 
========== Step 39 ========== 
========== Step 39 ========== 
========== Step 39 ========== 
========== Step 39 ========== 
W20240217 15:05:56.908768 62447 grad_async_v2.h:257] pq is empty
========== Step 40 ========== 
========== Step 40 ========== 
========== Step 40 ========== 
========== Step 40 ========== 
========== Step 40 ========== 
========== Step 40 ========== 
========== Step 40 ========== 
========== Step 40 ========== 
W20240217 15:05:56.909313 64328 grad_async_v2.h:137] Detect new sample comes, old_end0, new_end1
W20240217 15:05:57.144063 62447 grad_async_v2.h:257] pq is empty
========== Step 41 ========== 
========== Step 41 ========== 
========== Step 41 ========== 
========== Step 41 ========== 
========== Step 41 ========== 
========== Step 41 ========== 
========== Step 41 ========== 
========== Step 41 ========== 
========== Step 42 ========== 
========== Step 42 ========== 
========== Step 42 ========== 
========== Step 42 ========== 
========== Step 42 ========== 
========== Step 42 ========== 
========== Step 42 ========== 
========== Step 42 ========== 
E20240217 15:05:57.455008 64328 parallel_pq_v2.h:79] insert failed, size(hashtable)=3849
========== Step 43 ========== 
========== Step 43 ========== 
========== Step 43 ========== 
========== Step 43 ========== 
========== Step 43 ========== 
========== Step 43 ========== 
========== Step 43 ========== 
========== Step 43 ========== 
W20240217 15:05:57.831175 62447 grad_async_v2.h:257] pq is empty
========== Step 44 ========== 
========== Step 44 ========== 
========== Step 44 ========== 
========== Step 44 ========== 
========== Step 44 ========== 
========== Step 44 ========== 
========== Step 44 ========== 
========== Step 44 ========== 
W20240217 15:05:57.917976 64328 grad_async_v2.h:137] Detect new sample comes, old_end4, new_end5
W20240217 15:05:58.047189 62447 grad_async_v2.h:257] pq is empty
========== Step 45 ========== 
========== Step 45 ========== 
========== Step 45 ========== 
========== Step 45 ========== 
========== Step 45 ========== 
========== Step 45 ========== 
========== Step 45 ========== 
========== Step 45 ========== 
+---------------------------+---------------------------+---------------------------+
| Name                      | P50                       | P99                       |
+---------------------------+---------------------------+---------------------------+
| clean                     | 196.407 us                | 39.908 ms                 |
| ProcessBack:Shuffle       | 232.478 ms                | 333.817 ms                |
| ProcessBack:UpdateCache   | 7.199 ms                  | 1.186 s                   |
| ProcessBack:UpsertPq      | 73.142 us                 | 57.733 ms                 |
| ProcessOneStep            | 242.324 ms                | 1.597 s                   |
| BlockToStepN              | 102.143 us                | 50.079 ms                 |
+---------------------------+---------------------------+---------------------------+
W20240217 15:05:58.311599 62447 grad_async_v2.h:257] pq is empty
========== Step 46 ========== 
========== Step 46 ========== 
========== Step 46 ========== 
========== Step 46 ========== 
========== Step 46 ========== 
========== Step 46 ========== 
========== Step 46 ========== 
========== Step 46 ========== 
E20240217 15:05:58.460192 64348 parallel_pq_v2.h:79] insert failed, size(hashtable)=10377
W20240217 15:05:58.537273 62447 grad_async_v2.h:257] pq is empty
========== Step 47 ========== 
========== Step 47 ========== 
========== Step 47 ========== 
========== Step 47 ========== 
========== Step 47 ========== 
========== Step 47 ========== 
========== Step 47 ========== 
========== Step 47 ========== 
W20240217 15:05:58.750844 62447 grad_async_v2.h:257] pq is empty
========== Step 48 ========== 
========== Step 48 ========== 
========== Step 48 ========== 
========== Step 48 ========== 
========== Step 48 ========== 
========== Step 48 ========== 
========== Step 48 ========== 
========== Step 48 ========== 
W20240217 15:05:58.970237 62447 grad_async_v2.h:257] pq is empty
========== Step 49 ========== 
========== Step 49 ========== 
========== Step 49 ========== 
========== Step 49 ========== 
========== Step 49 ========== 
========== Step 49 ========== 
========== Step 49 ========== 
========== Step 49 ========== 
W20240217 15:05:58.970779 64328 grad_async_v2.h:137] Detect new sample comes, old_end9, new_end0
W20240217 15:05:59.197464 62447 grad_async_v2.h:257] pq is empty
========== Step 50 ========== 
========== Step 50 ========== 
========== Step 50 ========== 
========== Step 50 ========== 
========== Step 50 ========== 
========== Step 50 ========== 
========== Step 50 ========== 
========== Step 50 ========== 
W20240217 15:05:59.454768 62447 grad_async_v2.h:257] pq is empty
========== Step 51 ========== 
========== Step 51 ========== 
========== Step 51 ========== 
========== Step 51 ========== 
========== Step 51 ========== 
========== Step 51 ========== 
========== Step 51 ========== 
========== Step 51 ========== 
E20240217 15:05:59.460003 64328 parallel_pq_v2.h:79] insert failed, size(hashtable)=259
W20240217 15:05:59.705293 62447 grad_async_v2.h:257] pq is empty
========== Step 52 ========== 
========== Step 52 ========== 
========== Step 52 ========== 
========== Step 52 ========== 
========== Step 52 ========== 
========== Step 52 ========== 
========== Step 52 ========== 
========== Step 52 ========== 
========== Step 53 ========== 
========== Step 53 ========== 
========== Step 53 ========== 
========== Step 53 ========== 
========== Step 53 ========== 
========== Step 53 ========== 
========== Step 53 ========== 
