WARNING: Logging before InitGoogleLogging() is written to STDERR
I20240221 04:48:36.536545 859904 IPC_barrier.h:128] MultiProcessBarrierFactory->ClearIPCMemory()
W20240221 04:48:36.538237 859904 IPCTensor.h:369] NewIPCTensor: full_emb [33762578, 32]0x100000002000 4.025 GB
/home/xieminhui/RecStore/src/framework_adapters/torch/python/perf_rec_model.py:152: DeprecationWarning: The 'warn' function is deprecated, use 'warning' instead
  XLOG.warn("After init DistEmbedding")
WARNING [859904 perf_rec_model.py:152] After init DistEmbedding
========== Running Perf with routine <function routine_local_cache_helper at 0x7f7223cbdf80>==========
Worker 1 pid=860084
Worker 2 pid=860086
INFO [859904 distributed_c10d.py:442] Added key: store_based_barrier_key:1 to store for rank: 0
INFO [860084 distributed_c10d.py:442] Added key: store_based_barrier_key:1 to store for rank: 1
INFO [860086 distributed_c10d.py:442] Added key: store_based_barrier_key:1 to store for rank: 2
INFO [860087 distributed_c10d.py:442] Added key: store_based_barrier_key:1 to store for rank: 3
INFO [860086 distributed_c10d.py:476] Rank 2: Completed store-based barrier for key:store_based_barrier_key:1 with 4 nodes.
INFO [860087 distributed_c10d.py:476] Rank 3: Completed store-based barrier for key:store_based_barrier_key:1 with 4 nodes.
INFO [859904 distributed_c10d.py:476] Rank 0: Completed store-based barrier for key:store_based_barrier_key:1 with 4 nodes.
E20240221 04:48:46.503185 860086 IPCTensor.h:348] IPCTensor full_emb already exists
E20240221 04:48:46.503185 860087 IPCTensor.h:348] IPCTensor full_emb already exists
E20240221 04:48:46.503748 859904 IPCTensor.h:348] IPCTensor full_emb already exists
INFO [860084 distributed_c10d.py:476] Rank 1: Completed store-based barrier for key:store_based_barrier_key:1 with 4 nodes.
E20240221 04:48:46.511456 860084 IPCTensor.h:348] IPCTensor full_emb already exists
W20240221 04:48:53.103251 859904 IPCTensor.h:409] NewIPCGPUTensor: embedding_cache_0 [1688128, 32]; dev=0; size=206.1 MB
W20240221 04:48:53.103264 860084 IPCTensor.h:409] NewIPCGPUTensor: embedding_cache_1 [1688128, 32]; dev=1; size=206.1 MB
W20240221 04:48:53.103298 860087 IPCTensor.h:409] NewIPCGPUTensor: embedding_cache_3 [1688128, 32]; dev=3; size=206.1 MB
W20240221 04:48:53.103298 860086 IPCTensor.h:409] NewIPCGPUTensor: embedding_cache_2 [1688128, 32]; dev=2; size=206.1 MB
W20240221 04:48:53.104439 859904 IPCTensor.h:369] NewIPCTensor: input_keys_0 [1000000]0x100101972000 7.629 MB
W20240221 04:48:53.104465 860084 IPCTensor.h:369] NewIPCTensor: input_keys_1 [1000000]0x100102115000 7.629 MB
W20240221 04:48:53.104540 860087 IPCTensor.h:369] NewIPCTensor: input_keys_3 [1000000]0x1001028ba000 7.629 MB
W20240221 04:48:53.104557 860086 IPCTensor.h:369] NewIPCTensor: input_keys_2 [1000000]0x10010305d000 7.629 MB
W20240221 04:48:53.104568 859904 IPCTensor.h:369] NewIPCTensor: input_keys_neg_0 [1000000]0x100103800000 7.629 MB
W20240221 04:48:53.104593 860084 IPCTensor.h:369] NewIPCTensor: input_keys_neg_1 [1000000]0x100103fa3000 7.629 MB
W20240221 04:48:53.104611 859904 IPCTensor.h:369] NewIPCTensor: backward_grads_0 [1000000, 32]0x100104746000 122.1 MB
W20240221 04:48:53.104637 860084 IPCTensor.h:369] NewIPCTensor: backward_grads_1 [1000000, 32]0x10010c15a000 122.1 MB
W20240221 04:48:53.104662 860084 IPCTensor.h:369] NewIPCTensor: backward_grads_neg_1 [1000000, 32]0x100113b6e000 122.1 MB
W20240221 04:48:53.104663 859904 IPCTensor.h:369] NewIPCTensor: backward_grads_neg_0 [1000000, 32]0x10011b582000 122.1 MB
W20240221 04:48:53.104687 859904 IPCTensor.h:409] NewIPCGPUTensor: backward_grads_0_gpu [1000000, 32]; dev=0; size=122.1 MB
W20240221 04:48:53.104740 860087 IPCTensor.h:369] NewIPCTensor: input_keys_neg_3 [1000000]0x100122f96000 7.629 MB
W20240221 04:48:53.104743 860086 IPCTensor.h:369] NewIPCTensor: input_keys_neg_2 [1000000]0x100123739000 7.629 MB
W20240221 04:48:53.104751 860084 IPCTensor.h:409] NewIPCGPUTensor: backward_grads_1_gpu [1000000, 32]; dev=1; size=122.1 MB
W20240221 04:48:53.104780 860087 IPCTensor.h:369] NewIPCTensor: backward_grads_3 [1000000, 32]0x100123edc000 122.1 MB
W20240221 04:48:53.104796 860086 IPCTensor.h:369] NewIPCTensor: backward_grads_2 [1000000, 32]0x10012b8f0000 122.1 MB
W20240221 04:48:53.104815 860087 IPCTensor.h:369] NewIPCTensor: backward_grads_neg_3 [1000000, 32]0x100133304000 122.1 MB
W20240221 04:48:53.104818 860086 IPCTensor.h:369] NewIPCTensor: backward_grads_neg_2 [1000000, 32]0x10013ad18000 122.1 MB
W20240221 04:48:53.104946 860086 IPCTensor.h:409] NewIPCGPUTensor: backward_grads_2_gpu [1000000, 32]; dev=2; size=122.1 MB
W20240221 04:48:53.104948 860087 IPCTensor.h:409] NewIPCGPUTensor: backward_grads_3_gpu [1000000, 32]; dev=3; size=122.1 MB
W20240221 04:48:53.105291 859904 IPCTensor.h:409] NewIPCGPUTensor: backward_grads_neg_0_gpu [1000000, 32]; dev=0; size=122.1 MB
W20240221 04:48:53.105332 860084 IPCTensor.h:409] NewIPCGPUTensor: backward_grads_neg_1_gpu [1000000, 32]; dev=1; size=122.1 MB
W20240221 04:48:53.105475 860086 IPCTensor.h:409] NewIPCGPUTensor: backward_grads_neg_2_gpu [1000000, 32]; dev=2; size=122.1 MB
W20240221 04:48:53.105475 860087 IPCTensor.h:409] NewIPCGPUTensor: backward_grads_neg_3_gpu [1000000, 32]; dev=3; size=122.1 MB
cudaHostRegister 0x100000002000
3: KnownLocalCachedEmbedding init done
Worker 3 pid=860087
New CachedEmbedding, name=full_emb, shape=(33762578, 32), cache_type=KnownLocalCachedEmbedding
fixed cache_range is [(0, 1688128), (1688128, 3376256), (3376256, 5064384), (5064384, 6752512)]
cudaHostRegister 0x100000002000
0: KnownLocalCachedEmbedding init done
cudaHostRegister 0x100000002000
1: KnownLocalCachedEmbedding init done
cudaHostRegister 0x100000002000
2: KnownLocalCachedEmbedding init done
W20240221 04:48:58.377946 860087 IPCTensor.h:369] NewIPCTensor: cached_sampler_r3_0 [1000000]0x10014273c000 7.629 MB
W20240221 04:48:58.378111 860087 IPCTensor.h:369] NewIPCTensor: cached_sampler_r3_1 [1000000]0x100142edf000 7.629 MB
W20240221 04:48:58.378139 860087 IPCTensor.h:369] NewIPCTensor: cached_sampler_r3_2 [1000000]0x100143682000 7.629 MB
W20240221 04:48:58.378160 860087 IPCTensor.h:369] NewIPCTensor: cached_sampler_r3_3 [1000000]0x100143e25000 7.629 MB
W20240221 04:48:58.378180 860087 IPCTensor.h:369] NewIPCTensor: cached_sampler_r3_4 [1000000]0x1001445c8000 7.629 MB
W20240221 04:48:58.378228 860087 IPCTensor.h:369] NewIPCTensor: cached_sampler_r3_5 [1000000]0x100144d6b000 7.629 MB
W20240221 04:48:58.378248 860087 IPCTensor.h:369] NewIPCTensor: cached_sampler_r3_6 [1000000]0x10014550e000 7.629 MB
W20240221 04:48:58.378279 860087 IPCTensor.h:369] NewIPCTensor: cached_sampler_r3_7 [1000000]0x100145cb1000 7.629 MB
W20240221 04:48:58.378311 860087 IPCTensor.h:369] NewIPCTensor: cached_sampler_r3_8 [1000000]0x100146454000 7.629 MB
W20240221 04:48:58.378340 860087 IPCTensor.h:369] NewIPCTensor: cached_sampler_r3_9 [1000000]0x100146bf7000 7.629 MB
W20240221 04:48:58.378365 860087 IPCTensor.h:369] NewIPCTensor: step_r3 [10]0x10014739a000 80 B 
W20240221 04:48:58.378386 860087 IPCTensor.h:369] NewIPCTensor: circle_buffer_end_r3 [1]0x10014739c000 8 B 
W20240221 04:48:58.378404 860087 IPCTensor.h:369] NewIPCTensor: circle_buffer_end_cppseen_r3 [1]0x10014739e000 8 B 
Dataset:  /home/xieminhui/RecStoreDataset/criteo_binary
Dataset loaded
np.max =  33762577
np.min=  1
Construct RecModelSampler done
I20240221 04:48:58.378690 860087 IPC_barrier.h:118] CreateBarrier: new barrier, name: kgcachecontroller, count: 4
W20240221 04:48:58.664075 859904 IPCTensor.h:369] NewIPCTensor: cached_sampler_r0_0 [1000000]0x1001473a0000 7.629 MB
W20240221 04:48:58.664242 859904 IPCTensor.h:369] NewIPCTensor: cached_sampler_r0_1 [1000000]0x100147b43000 7.629 MB
W20240221 04:48:58.664266 859904 IPCTensor.h:369] NewIPCTensor: cached_sampler_r0_2 [1000000]0x1001482e6000 7.629 MB
W20240221 04:48:58.664314 859904 IPCTensor.h:369] NewIPCTensor: cached_sampler_r0_3 [1000000]0x100148a89000 7.629 MB
W20240221 04:48:58.664335 859904 IPCTensor.h:369] NewIPCTensor: cached_sampler_r0_4 [1000000]0x10014922c000 7.629 MB
W20240221 04:48:58.664368 859904 IPCTensor.h:369] NewIPCTensor: cached_sampler_r0_5 [1000000]0x1001499cf000 7.629 MB
W20240221 04:48:58.664417 859904 IPCTensor.h:369] NewIPCTensor: cached_sampler_r0_6 [1000000]0x10014a172000 7.629 MB
W20240221 04:48:58.664453 859904 IPCTensor.h:369] NewIPCTensor: cached_sampler_r0_7 [1000000]0x10014a915000 7.629 MB
W20240221 04:48:58.664470 859904 IPCTensor.h:369] NewIPCTensor: cached_sampler_r0_8 [1000000]0x10014b0b8000 7.629 MB
W20240221 04:48:58.664486 859904 IPCTensor.h:369] NewIPCTensor: cached_sampler_r0_9 [1000000]0x10014b85b000 7.629 MB
W20240221 04:48:58.664515 859904 IPCTensor.h:369] NewIPCTensor: step_r0 [10]0x10014bffe000 80 B 
W20240221 04:48:58.664536 859904 IPCTensor.h:369] NewIPCTensor: circle_buffer_end_r0 [1]0x10014c000000 8 B 
W20240221 04:48:58.664554 859904 IPCTensor.h:369] NewIPCTensor: circle_buffer_end_cppseen_r0 [1]0x10014c002000 8 B 
Dataset:  /home/xieminhui/RecStoreDataset/criteo_binary
Dataset loaded
np.max =  33762577
np.min=  1
Construct RecModelSampler done
I20240221 04:48:58.664868 859904 IPC_barrier.h:112] CreateBarrier: find existing barrier, name: kgcachecontroller, count: 4
W20240221 04:48:58.746968 860086 IPCTensor.h:369] NewIPCTensor: cached_sampler_r2_0 [1000000]0x10014c004000 7.629 MB
W20240221 04:48:58.747138 860086 IPCTensor.h:369] NewIPCTensor: cached_sampler_r2_1 [1000000]0x10014c7a7000 7.629 MB
W20240221 04:48:58.747167 860086 IPCTensor.h:369] NewIPCTensor: cached_sampler_r2_2 [1000000]0x10014cf4a000 7.629 MB
W20240221 04:48:58.747190 860086 IPCTensor.h:369] NewIPCTensor: cached_sampler_r2_3 [1000000]0x10014d6ed000 7.629 MB
W20240221 04:48:58.747211 860086 IPCTensor.h:369] NewIPCTensor: cached_sampler_r2_4 [1000000]0x10014de90000 7.629 MB
W20240221 04:48:58.747256 860086 IPCTensor.h:369] NewIPCTensor: cached_sampler_r2_5 [1000000]0x10014e633000 7.629 MB
W20240221 04:48:58.747274 860086 IPCTensor.h:369] NewIPCTensor: cached_sampler_r2_6 [1000000]0x10014edd6000 7.629 MB
W20240221 04:48:58.747301 860086 IPCTensor.h:369] NewIPCTensor: cached_sampler_r2_7 [1000000]0x10014f579000 7.629 MB
W20240221 04:48:58.747325 860086 IPCTensor.h:369] NewIPCTensor: cached_sampler_r2_8 [1000000]0x10014fd1c000 7.629 MB
W20240221 04:48:58.747347 860086 IPCTensor.h:369] NewIPCTensor: cached_sampler_r2_9 [1000000]0x1001504bf000 7.629 MB
W20240221 04:48:58.747377 860086 IPCTensor.h:369] NewIPCTensor: step_r2 [10]0x100150c62000 80 B 
W20240221 04:48:58.747408 860086 IPCTensor.h:369] NewIPCTensor: circle_buffer_end_r2 [1]0x100150c64000 8 B 
W20240221 04:48:58.747431 860086 IPCTensor.h:369] NewIPCTensor: circle_buffer_end_cppseen_r2 [1]0x100150c66000 8 B 
Dataset:  /home/xieminhui/RecStoreDataset/criteo_binary
Dataset loaded
np.max =  33762577
np.min=  1
Construct RecModelSampler done
I20240221 04:48:58.747782 860086 IPC_barrier.h:112] CreateBarrier: find existing barrier, name: kgcachecontroller, count: 4
W20240221 04:48:58.754258 860084 IPCTensor.h:369] NewIPCTensor: cached_sampler_r1_0 [1000000]0x100150c68000 7.629 MB
W20240221 04:48:58.754402 860084 IPCTensor.h:369] NewIPCTensor: cached_sampler_r1_1 [1000000]0x10015140b000 7.629 MB
W20240221 04:48:58.754448 860084 IPCTensor.h:369] NewIPCTensor: cached_sampler_r1_2 [1000000]0x100151bae000 7.629 MB
W20240221 04:48:58.754472 860084 IPCTensor.h:369] NewIPCTensor: cached_sampler_r1_3 [1000000]0x100152351000 7.629 MB
W20240221 04:48:58.754490 860084 IPCTensor.h:369] NewIPCTensor: cached_sampler_r1_4 [1000000]0x100152af4000 7.629 MB
W20240221 04:48:58.754531 860084 IPCTensor.h:369] NewIPCTensor: cached_sampler_r1_5 [1000000]0x100153297000 7.629 MB
W20240221 04:48:58.754551 860084 IPCTensor.h:369] NewIPCTensor: cached_sampler_r1_6 [1000000]0x100153a3a000 7.629 MB
W20240221 04:48:58.754575 860084 IPCTensor.h:369] NewIPCTensor: cached_sampler_r1_7 [1000000]0x1001541dd000 7.629 MB
W20240221 04:48:58.754609 860084 IPCTensor.h:369] NewIPCTensor: cached_sampler_r1_8 [1000000]0x100154980000 7.629 MB
W20240221 04:48:58.754640 860084 IPCTensor.h:369] NewIPCTensor: cached_sampler_r1_9 [1000000]0x100155123000 7.629 MB
W20240221 04:48:58.754679 860084 IPCTensor.h:369] NewIPCTensor: step_r1 [10]0x1001558c6000 80 B 
W20240221 04:48:58.754704 860084 IPCTensor.h:369] NewIPCTensor: circle_buffer_end_r1 [1]0x1001558c8000 8 B 
W20240221 04:48:58.754746 860084 IPCTensor.h:369] NewIPCTensor: circle_buffer_end_cppseen_r1 [1]0x1001558ca000 8 B 
Dataset:  /home/xieminhui/RecStoreDataset/criteo_binary
Dataset loaded
np.max =  33762577
np.min=  1
Construct RecModelSampler done
I20240221 04:48:58.755010 860084 IPC_barrier.h:112] CreateBarrier: find existing barrier, name: kgcachecontroller, count: 4
W20240221 04:48:58.756111 859904 grad_base.h:55] KGCacheController, config={
        "num_gpus": 4,
        "L": 10,
        "kForwardItersPerStep": 1,
        "clr": 0.01,
        "backwardMode": "CppAsyncV2",
        "nr_background_threads": 16, 
        "cache_ratio": 0.05,
        "backgrad_init": "both",
        "update_pq_use_omp": 2,
        "kUpdatePqWorkerNum": 8
    }
W20240221 04:48:58.756210 859904 grad_base.h:184] Init GradProcessingBase done
I20240221 04:49:00.770098 859904 grad_async_v2.h:42] Use main thread to update emb.
W20240221 04:49:00.770366 859904 kg_controller.h:78] after init GradAsyncProcessingV2
I20240221 04:49:00.770375 859904 kg_controller.h:84] Construct KGCacheController done
E20240221 04:49:01.164288 859904 recstore.cc:67] init folly done
Construct KGCacheControllerWrapper done
E20240221 04:49:01.164438 860086 recstore.cc:67] init folly done
E20240221 04:49:01.164448 860084 recstore.cc:67] init folly done
E20240221 04:49:01.164456 860087 recstore.cc:67] init folly done
Construct KGCacheControllerWrapper done
Construct KGCacheControllerWrapper done
Construct KGCacheControllerWrapper done
I20240221 04:49:01.165129 859904 grad_base.h:60] GraphEnv RegTensorsPerProcess
W20240221 04:49:02.174072 860503 grad_async_v2.h:137] Detect new sample comes, old_end0, new_end1
E20240221 04:49:02.174345 860503 parallel_pq_v2.h:79] insert failed, size(hashtable)=1
E20240221 04:49:03.174010 860503 parallel_pq_v2.h:79] insert failed, size(hashtable)=1
W20240221 04:49:03.240190 860503 grad_async_v2.h:137] Detect new sample comes, old_end3, new_end4
E20240221 04:49:04.174007 860503 parallel_pq_v2.h:79] insert failed, size(hashtable)=4
W20240221 04:49:04.294420 860503 grad_async_v2.h:137] Detect new sample comes, old_end6, new_end7
E20240221 04:49:05.174109 860503 parallel_pq_v2.h:79] insert failed, size(hashtable)=1
+---------------------------+---------------------------+---------------------------+
| Name                      | P50                       | P99                       |
+---------------------------+---------------------------+---------------------------+
| clean                     | 148.042 us                | 309.736 us                |
+---------------------------+---------------------------+---------------------------+
Before Training
I20240221 04:49:06.422546 860087 IPC_barrier.h:118] CreateBarrier: new barrier, name: start_barrier, count: 4
Before Training
I20240221 04:49:06.423110 860086 IPC_barrier.h:112] CreateBarrier: find existing barrier, name: start_barrier, count: 4
Before Training
Before Training
I20240221 04:49:06.423259 859904 IPC_barrier.h:112] CreateBarrier: find existing barrier, name: start_barrier, count: 4
I20240221 04:49:06.423319 860084 IPC_barrier.h:112] CreateBarrier: find existing barrier, name: start_barrier, count: 4
========== Step 0 ========== 
W20240221 04:49:06.425562 860503 grad_async_v2.h:137] Detect new sample comes, old_end0, new_end1
E20240221 04:49:06.425654 860503 parallel_pq_v2.h:79] insert failed, size(hashtable)=1
E20240221 04:49:07.823982 860586 parallel_pq_v2.h:79] insert failed, size(hashtable)=0
W20240221 04:49:07.906666 859904 grad_async_v2.h:270] Sleep in <BlockToStepN>, step_no=1, pq.top=1
========== Step 1 ========== 
W20240221 04:49:07.984135 860503 grad_async_v2.h:137] Detect new sample comes, old_end1, new_end2
INFO [860086 distributed.py:1140] Reducer buckets have been rebuilt in this iteration.
INFO [860087 distributed.py:1140] Reducer buckets have been rebuilt in this iteration.
INFO [859904 distributed.py:1140] Reducer buckets have been rebuilt in this iteration.
INFO [860084 distributed.py:1140] Reducer buckets have been rebuilt in this iteration.
W20240221 04:49:08.609205 859904 grad_async_v2.h:257] pq is empty
========== Step 2 ========== 
========== Step 3 ========== 
========== Step 4 ========== 
W20240221 04:49:08.629740 859904 grad_async_v2.h:257] pq is empty
========== Step 5 ========== 
========== Step 6 ========== 
========== Step 7 ========== 
========== Step 8 ========== 
========== Step 9 ========== 
========== Step 10 ========== 
========== Step 11 ========== 
========== Step 12 ========== 
E20240221 04:49:08.683137 859904 grad_async_v2.h:404] Stalled in ProcessBackward: rank=0, step_no=12, sample_step_cpp_seen_[rank]=11
+---------------------------+---------------------------+---------------------------+
| Name                      | P50                       | P99                       |
+---------------------------+---------------------------+---------------------------+
| GenInput:CircleBuffer     | 126.175 us                | 203.461 us                |
| GenInput                  | 418.264 us                | 1.847 ms                  |
| NN                        | 648.423 us                | 174.724 ms                |
| Forward                   | 852.364 us                | 176.923 ms                |
| Backward                  | 1.679 ms                  | 615.188 ms                |
| Optimize                  | 201.468 us                | 6.694 ms                  |
| BarrierTimeBeforeRank0    | 766.346 us                | 14.043 ms                 |
| AfterBackward             | 2.448 ms                  | 1.043 s                   |
| BlockToStepN              | 84.799 us                 | 76.471 ms                 |
| OneStep                   | 6.560 ms                  | 1.560 s                   |
+---------------------------+---------------------------+---------------------------+
E20240221 04:49:08.823128 860503 parallel_pq_v2.h:79] insert failed, size(hashtable)=1
========== Step 13 ========== 
========== Step 14 ========== 
========== Step 15 ========== 
========== Step 16 ========== 
========== Step 17 ========== 
========== Step 18 ========== 
========== Step 19 ========== 
========== Step 20 ========== 
========== Step 21 ========== 
========== Step 22 ========== 
W20240221 04:49:09.015729 859904 grad_async_v2.h:270] Sleep in <BlockToStepN>, step_no=23, pq.top=23
========== Step 23 ========== 
W20240221 04:49:09.038545 860503 grad_async_v2.h:137] Detect new sample comes, old_end3, new_end4
W20240221 04:49:09.180038 859904 grad_async_v2.h:257] pq is empty
========== Step 24 ========== 
========== Step 25 ========== 
========== Step 26 ========== 
========== Step 27 ========== 
========== Step 28 ========== 
W20240221 04:49:09.487710 859904 grad_async_v2.h:257] pq is empty
========== Step 29 ========== 
========== Step 30 ========== 
========== Step 31 ========== 
========== Step 32 ========== 
========== Step 33 ========== 
========== Step 34 ========== 
========== Step 35 ========== 
W20240221 04:49:09.741920 859904 grad_async_v2.h:257] pq is empty
========== Step 36 ========== 
E20240221 04:49:09.823228 860503 parallel_pq_v2.h:79] insert failed, size(hashtable)=1
W20240221 04:49:09.882190 859904 grad_async_v2.h:257] pq is empty
========== Step 37 ========== 
========== Step 38 ========== 
W20240221 04:49:09.892897 859904 grad_async_v2.h:257] pq is empty
========== Step 39 ========== 
========== Step 40 ========== 
========== Step 41 ========== 
========== Step 42 ========== 
========== Step 43 ========== 
========== Step 44 ========== 
========== Step 45 ========== 
W20240221 04:49:09.928833 859904 grad_async_v2.h:257] pq is empty
========== Step 46 ========== 
========== Step 47 ========== 
W20240221 04:49:10.094806 860503 grad_async_v2.h:137] Detect new sample comes, old_end7, new_end8
========== Step 48 ========== 
========== Step 49 ========== 
========== Step 50 ========== 
========== Step 51 ========== 
========== Step 52 ========== 
========== Step 53 ========== 
========== Step 54 ========== 
========== Step 55 ========== 
========== Step 56 ========== 
========== Step 57 ========== 
========== Step 58 ========== 
========== Step 59 ========== 
========== Step 60 ========== 
========== Step 61 ========== 
========== Step 62 ========== 
========== Step 63 ========== 
========== Step 64 ========== 
========== Step 65 ========== 
========== Step 66 ========== 
========== Step 67 ========== 
W20240221 04:49:10.638794 859904 grad_async_v2.h:257] pq is empty
========== Step 68 ========== 
========== Step 69 ========== 
E20240221 04:49:10.823016 860503 parallel_pq_v2.h:79] insert failed, size(hashtable)=1
W20240221 04:49:10.874717 859904 grad_async_v2.h:257] pq is empty
========== Step 70 ========== 
W20240221 04:49:11.015661 859904 grad_async_v2.h:257] pq is empty
========== Step 71 ========== 
W20240221 04:49:11.021696 859904 grad_async_v2.h:257] pq is empty
========== Step 72 ========== 
========== Step 73 ========== 
W20240221 04:49:11.032104 859904 grad_async_v2.h:257] pq is empty
========== Step 74 ========== 
========== Step 75 ========== 
========== Step 76 ========== 
========== Step 77 ========== 
========== Step 78 ========== 
========== Step 79 ========== 
========== Step 80 ========== 
W20240221 04:49:11.157594 859904 grad_async_v2.h:257] pq is empty
========== Step 81 ========== 
W20240221 04:49:11.157917 860503 grad_async_v2.h:137] Detect new sample comes, old_end1, new_end2
+---------------------------+---------------------------+---------------------------+
| Name                      | P50                       | P99                       |
+---------------------------+---------------------------+---------------------------+
| clean                     | 87.418 us                 | 173.247 us                |
| ProcessBack:Shuffle       | 1.659 ms                  | 4.746 ms                  |
| ProcessBack:UpdateCache   | 595.501 us                | 1.483 ms                  |
| ProcessBack:UpsertPq      | 24.193 us                 | 75.645 us                 |
| ProcessOneStep            | 2.397 ms                  | 280.690 ms                |
| BlockToStepN              | 35.773 us                 | 114.531 us                |
+---------------------------+---------------------------+---------------------------+
========== Step 82 ========== 
========== Step 83 ========== 
========== Step 84 ========== 
W20240221 04:49:11.391116 859904 grad_async_v2.h:257] pq is empty
========== Step 85 ========== 
========== Step 86 ========== 
========== Step 87 ========== 
========== Step 88 ========== 
========== Step 89 ========== 
W20240221 04:49:11.426844 859904 grad_async_v2.h:257] pq is empty
========== Step 90 ========== 
========== Step 91 ========== 
W20240221 04:49:11.441113 859904 grad_async_v2.h:257] pq is empty
========== Step 92 ========== 
W20240221 04:49:11.724445 859904 grad_async_v2.h:257] pq is empty
========== Step 93 ========== 
========== Step 94 ========== 
========== Step 95 ========== 
========== Step 96 ========== 
========== Step 97 ========== 
========== Step 98 ========== 
========== Step 99 ========== 
Step99:rank0, time: 17.919, per_step: 0.179194
Step99:rank2, time: 17.919, per_step: 0.179194
Step99:rank1, time: 17.919, per_step: 0.179194
Step99:rank3, time: 17.919, per_step: 0.179194
+---------------------------+---------------------------+---------------------------+
| Name                      | P50                       | P99                       |
+---------------------------+---------------------------+---------------------------+
| GenInput:CircleBuffer     | 119.853 us                | 184.247 us                |
| GenInput                  | 287.949 us                | 1.014 ms                  |
| NN                        | 491.057 us                | 2.302 ms                  |
| Forward                   | 669.425 us                | 2.731 ms                  |
| Backward                  | 1.526 ms                  | 239.521 ms                |
| Optimize                  | 159.381 us                | 475.762 us                |
| BarrierTimeBeforeRank0    | 87.379 us                 | 1.373 ms                  |
| AfterBackward             | 2.449 ms                  | 280.708 ms                |
| BlockToStepN              | 71.784 us                 | 162.967 us                |
| OneStep                   | 5.798 ms                  | 625.916 ms                |
+---------------------------+---------------------------+---------------------------+
========== Step 100 ========== 
========== Step 101 ========== 
========== Step 102 ========== 
========== Step 103 ========== 
E20240221 04:49:11.823017 860503 parallel_pq_v2.h:79] insert failed, size(hashtable)=1
W20240221 04:49:12.422780 860503 grad_async_v2.h:137] Detect new sample comes, old_end3, new_end4
========== Step 104 ========== 
========== Step 105 ========== 
========== Step 106 ========== 
========== Step 107 ========== 
========== Step 108 ========== 
========== Step 109 ========== 
W20240221 04:49:12.669356 859904 grad_async_v2.h:257] pq is empty
========== Step 110 ========== 
========== Step 111 ========== 
========== Step 112 ========== 
W20240221 04:49:12.686987 859904 grad_async_v2.h:257] pq is empty
========== Step 113 ========== 
========== Step 114 ========== 
E20240221 04:49:12.823326 860503 parallel_pq_v2.h:79] insert failed, size(hashtable)=1
========== Step 115 ========== 
W20240221 04:49:12.991145 859904 grad_async_v2.h:257] pq is empty
========== Step 116 ========== 
W20240221 04:49:12.996944 859904 grad_async_v2.h:257] pq is empty
========== Step 117 ========== 
W20240221 04:49:13.002672 859904 grad_async_v2.h:257] pq is empty
========== Step 118 ========== 
========== Step 119 ========== 
========== Step 120 ========== 
========== Step 121 ========== 
========== Step 122 ========== 
========== Step 123 ========== 
========== Step 124 ========== 
========== Step 125 ========== 
========== Step 126 ========== 
W20240221 04:49:13.335291 859904 grad_async_v2.h:257] pq is empty
========== Step 127 ========== 
========== Step 128 ========== 
========== Step 129 ========== 
W20240221 04:49:13.352638 859904 grad_async_v2.h:257] pq is empty
========== Step 130 ========== 
W20240221 04:49:13.358157 859904 grad_async_v2.h:257] pq is empty
========== Step 131 ========== 
========== Step 132 ========== 
========== Step 133 ========== 
========== Step 134 ========== 
========== Step 135 ========== 
========== Step 136 ========== 
W20240221 04:49:13.476426 860503 grad_async_v2.h:137] Detect new sample comes, old_end6, new_end7
W20240221 04:49:13.546553 859904 grad_async_v2.h:257] pq is empty
========== Step 137 ========== 
E20240221 04:49:13.683005 859904 grad_async_v2.h:404] Stalled in ProcessBackward: rank=2, step_no=137, sample_step_cpp_seen_[rank]=136
+---------------------------+---------------------------+---------------------------+
| Name                      | P50                       | P99                       |
+---------------------------+---------------------------+---------------------------+
| GenInput:CircleBuffer     | 119.578 us                | 184.247 us                |
| GenInput                  | 290.483 us                | 1.014 ms                  |
| NN                        | 489.822 us                | 2.302 ms                  |
| Forward                   | 667.328 us                | 2.731 ms                  |
| Backward                  | 1.549 ms                  | 239.521 ms                |
| Optimize                  | 156.110 us                | 475.762 us                |
| BarrierTimeBeforeRank0    | 239.890 us                | 1.373 ms                  |
| AfterBackward             | 2.416 ms                  | 830.911 ms                |
| BlockToStepN              | 84.799 us                 | 162.967 us                |
| OneStep                   | 5.912 ms                  | 835.479 ms                |
+---------------------------+---------------------------+---------------------------+
E20240221 04:49:13.823042 860503 parallel_pq_v2.h:79] insert failed, size(hashtable)=1
W20240221 04:49:13.829344 859904 grad_async_v2.h:257] pq is empty
========== Step 138 ========== 
========== Step 139 ========== 
W20240221 04:49:13.840617 859904 grad_async_v2.h:257] pq is empty
========== Step 140 ========== 
========== Step 141 ========== 
W20240221 04:49:13.851454 859904 grad_async_v2.h:257] pq is empty
========== Step 142 ========== 
W20240221 04:49:13.856832 859904 grad_async_v2.h:257] pq is empty
========== Step 143 ========== 
========== Step 144 ========== 
========== Step 145 ========== 
W20240221 04:49:13.872776 859904 grad_async_v2.h:257] pq is empty
========== Step 146 ========== 
========== Step 147 ========== 
========== Step 148 ========== 
W20240221 04:49:14.110432 859904 grad_async_v2.h:257] pq is empty
========== Step 149 ========== 
W20240221 04:49:14.181079 859904 grad_async_v2.h:257] pq is empty
========== Step 150 ========== 
========== Step 151 ========== 
========== Step 152 ========== 
========== Step 153 ========== 
========== Step 154 ========== 
========== Step 155 ========== 
W20240221 04:49:14.226090 859904 grad_async_v2.h:257] pq is empty
========== Step 156 ========== 
========== Step 157 ========== 
========== Step 158 ========== 
========== Step 159 ========== 
========== Step 160 ========== 
W20240221 04:49:14.532034 860503 grad_async_v2.h:137] Detect new sample comes, old_end0, new_end1
========== Step 161 ========== 
W20240221 04:49:14.540023 859904 grad_async_v2.h:257] pq is empty
========== Step 162 ========== 
========== Step 163 ========== 
========== Step 164 ========== 
========== Step 165 ========== 
========== Step 166 ========== 
========== Step 167 ========== 
========== Step 168 ========== 
W20240221 04:49:14.583487 859904 grad_async_v2.h:257] pq is empty
========== Step 169 ========== 
========== Step 170 ========== 
W20240221 04:49:14.673390 859904 grad_async_v2.h:257] pq is empty
========== Step 171 ========== 
E20240221 04:49:14.823185 860503 parallel_pq_v2.h:79] insert failed, size(hashtable)=1
W20240221 04:49:14.956142 859904 grad_async_v2.h:257] pq is empty
========== Step 172 ========== 
========== Step 173 ========== 
W20240221 04:49:14.970980 859904 grad_async_v2.h:257] pq is empty
========== Step 174 ========== 
========== Step 175 ========== 
W20240221 04:49:14.985363 859904 grad_async_v2.h:257] pq is empty
========== Step 176 ========== 
========== Step 177 ========== 
========== Step 178 ========== 
========== Step 179 ========== 
========== Step 180 ========== 
========== Step 181 ========== 
========== Step 182 ========== 
W20240221 04:49:15.236352 859904 grad_async_v2.h:257] pq is empty
========== Step 183 ========== 
========== Step 184 ========== 
========== Step 185 ========== 
========== Step 186 ========== 
========== Step 187 ========== 
W20240221 04:49:15.333132 859904 grad_async_v2.h:257] pq is empty
========== Step 188 ========== 
W20240221 04:49:15.339195 859904 grad_async_v2.h:257] pq is empty
========== Step 189 ========== 
========== Step 190 ========== 
========== Step 191 ========== 
========== Step 192 ========== 
========== Step 193 ========== 
W20240221 04:49:15.516697 859904 grad_async_v2.h:257] pq is empty
========== Step 194 ========== 
W20240221 04:49:15.587568 860503 grad_async_v2.h:137] Detect new sample comes, old_end4, new_end5
========== Step 195 ========== 
W20240221 04:49:15.663803 859904 grad_async_v2.h:257] pq is empty
========== Step 196 ========== 
========== Step 197 ========== 
========== Step 198 ========== 
W20240221 04:49:15.683262 859904 grad_async_v2.h:257] pq is empty
========== Step 199 ========== 
Step199:rank0, time: 3.915, per_step: 0.038760
Step199:rank1, time: 3.915, per_step: 0.038760
Step199:rank3, time: 3.915, per_step: 0.038760
Step199:rank2, time: 3.915, per_step: 0.038760
+---------------------------+---------------------------+---------------------------+
| Name                      | P50                       | P99                       |
+---------------------------+---------------------------+---------------------------+
| GenInput:CircleBuffer     | 120.426 us                | 184.247 us                |
| GenInput                  | 287.652 us                | 775.310 us                |
| NN                        | 502.690 us                | 1.458 ms                  |
| Forward                   | 690.811 us                | 1.914 ms                  |
| Backward                  | 1.689 ms                  | 3.638 ms                  |
| Optimize                  | 164.862 us                | 276.415 us                |
| BarrierTimeBeforeRank0    | 87.379 us                 | 1.287 ms                  |
| AfterBackward             | 2.408 ms                  | 280.708 ms                |
| BlockToStepN              | 92.543 us                 | 201.569 us                |
| OneStep                   | 6.227 ms                  | 625.916 ms                |
+---------------------------+---------------------------+---------------------------+
========== Step 200 ========== 
W20240221 04:49:15.696287 859904 grad_async_v2.h:257] pq is empty
========== Step 201 ========== 
========== Step 202 ========== 
========== Step 203 ========== 
========== Step 204 ========== 
========== Step 205 ========== 
E20240221 04:49:15.823092 860503 parallel_pq_v2.h:79] insert failed, size(hashtable)=1
W20240221 04:49:16.079084 859904 grad_async_v2.h:257] pq is empty
========== Step 206 ========== 
W20240221 04:49:16.085119 859904 grad_async_v2.h:257] pq is empty
========== Step 207 ========== 
========== Step 208 ========== 
========== Step 209 ========== 
========== Step 210 ========== 
========== Step 211 ========== 
========== Step 212 ========== 
W20240221 04:49:16.123472 859904 grad_async_v2.h:257] pq is empty
========== Step 213 ========== 
========== Step 214 ========== 
========== Step 215 ========== 
========== Step 216 ========== 
+---------------------------+---------------------------+---------------------------+
| Name                      | P50                       | P99                       |
+---------------------------+---------------------------+---------------------------+
| clean                     | 89.682 us                 | 187.369 us                |
| ProcessBack:Shuffle       | 1.655 ms                  | 4.187 ms                  |
| ProcessBack:UpdateCache   | 601.130 us                | 830.853 us                |
| ProcessBack:UpsertPq      | 25.971 us                 | 63.370 us                 |
| ProcessOneStep            | 2.386 ms                  | 280.690 ms                |
| BlockToStepN              | 60.822 us                 | 123.140 us                |
+---------------------------+---------------------------+---------------------------+
========== Step 217 ========== 
W20240221 04:49:16.428910 859904 grad_async_v2.h:257] pq is empty
========== Step 218 ========== 
W20240221 04:49:16.434768 859904 grad_async_v2.h:257] pq is empty
========== Step 219 ========== 
========== Step 220 ========== 
========== Step 221 ========== 
========== Step 222 ========== 
========== Step 223 ========== 
========== Step 224 ========== 
========== Step 225 ========== 
========== Step 226 ========== 
W20240221 04:49:16.482179 859904 grad_async_v2.h:257] pq is empty
========== Step 227 ========== 
========== Step 228 ========== 
W20240221 04:49:16.639848 860503 grad_async_v2.h:137] Detect new sample comes, old_end8, new_end9
========== Step 229 ========== 
W20240221 04:49:16.784444 859904 grad_async_v2.h:257] pq is empty
========== Step 230 ========== 
========== Step 231 ========== 
========== Step 232 ========== 
========== Step 233 ========== 
W20240221 04:49:16.805833 859904 grad_async_v2.h:257] pq is empty
========== Step 234 ========== 
========== Step 235 ========== 
========== Step 236 ========== 
========== Step 237 ========== 
E20240221 04:49:16.823127 860503 parallel_pq_v2.h:79] insert failed, size(hashtable)=1
========== Step 238 ========== 
W20240221 04:49:16.919586 859904 grad_async_v2.h:257] pq is empty
========== Step 239 ========== 
W20240221 04:49:17.199003 859904 grad_async_v2.h:257] pq is empty
========== Step 240 ========== 
W20240221 04:49:17.205071 859904 grad_async_v2.h:257] pq is empty
========== Step 241 ========== 
========== Step 242 ========== 
W20240221 04:49:17.219812 859904 grad_async_v2.h:257] pq is empty
========== Step 243 ========== 
========== Step 244 ========== 
========== Step 245 ========== 
========== Step 246 ========== 
W20240221 04:49:17.248301 859904 grad_async_v2.h:257] pq is empty
========== Step 247 ========== 
========== Step 248 ========== 
========== Step 249 ========== 
========== Step 250 ========== 
E20240221 04:49:17.823012 860503 parallel_pq_v2.h:79] insert failed, size(hashtable)=3
W20240221 04:49:17.893985 860503 grad_async_v2.h:137] Detect new sample comes, old_end0, new_end1
========== Step 251 ========== 
========== Step 252 ========== 
========== Step 253 ========== 
========== Step 254 ========== 
W20240221 04:49:18.131613 859904 grad_async_v2.h:257] pq is empty
========== Step 255 ========== 
========== Step 256 ========== 
========== Step 257 ========== 
========== Step 258 ========== 
========== Step 259 ========== 
========== Step 260 ========== 
W20240221 04:49:18.173815 859904 grad_async_v2.h:257] pq is empty
========== Step 261 ========== 
W20240221 04:49:18.454742 859904 grad_async_v2.h:257] pq is empty
========== Step 262 ========== 
========== Step 263 ========== 
========== Step 264 ========== 
========== Step 265 ========== 
W20240221 04:49:18.482194 859904 grad_async_v2.h:257] pq is empty
========== Step 266 ========== 
W20240221 04:49:18.488965 859904 grad_async_v2.h:257] pq is empty
========== Step 267 ========== 
W20240221 04:49:18.495577 859904 grad_async_v2.h:257] pq is empty
========== Step 268 ========== 
W20240221 04:49:18.502378 859904 grad_async_v2.h:257] pq is empty
========== Step 269 ========== 
========== Step 270 ========== 
========== Step 271 ========== 
========== Step 272 ========== 
E20240221 04:49:18.683003 859904 grad_async_v2.h:404] Stalled in ProcessBackward: rank=1, step_no=272, sample_step_cpp_seen_[rank]=271
W20240221 04:49:18.736667 859904 grad_async_v2.h:257] pq is empty
========== Step 273 ========== 
+---------------------------+---------------------------+---------------------------+
| Name                      | P50                       | P99                       |
+---------------------------+---------------------------+---------------------------+
| GenInput:CircleBuffer     | 121.186 us                | 158.267 us                |
| GenInput                  | 290.783 us                | 761.837 us                |
| NN                        | 513.972 us                | 836.897 us                |
| Forward                   | 704.936 us                | 1.102 ms                  |
| Backward                  | 1.730 ms                  | 3.638 ms                  |
| Optimize                  | 169.150 us                | 251.445 us                |
| BarrierTimeBeforeRank0    | 85.448 us                 | 1.265 ms                  |
| AfterBackward             | 2.408 ms                  | 280.708 ms                |
| BlockToStepN              | 111.248 us                | 225.476 us                |
| OneStep                   | 6.332 ms                  | 625.916 ms                |
+---------------------------+---------------------------+---------------------------+
========== Step 274 ========== 
========== Step 275 ========== 
========== Step 276 ========== 
E20240221 04:49:18.823077 860503 parallel_pq_v2.h:79] insert failed, size(hashtable)=1
========== Step 277 ========== 
========== Step 278 ========== 
========== Step 279 ========== 
========== Step 280 ========== 
========== Step 281 ========== 
========== Step 282 ========== 
========== Step 283 ========== 
W20240221 04:49:18.945457 860503 grad_async_v2.h:137] Detect new sample comes, old_end3, new_end4
W20240221 04:49:19.015591 859904 grad_async_v2.h:257] pq is empty
========== Step 284 ========== 
W20240221 04:49:19.225663 859904 grad_async_v2.h:257] pq is empty
========== Step 285 ========== 
========== Step 286 ========== 
W20240221 04:49:19.238786 859904 grad_async_v2.h:257] pq is empty
========== Step 287 ========== 
========== Step 288 ========== 
W20240221 04:49:19.250595 859904 grad_async_v2.h:257] pq is empty
========== Step 289 ========== 
========== Step 290 ========== 
========== Step 291 ========== 
========== Step 292 ========== 
========== Step 293 ========== 
========== Step 294 ========== 
========== Step 295 ========== 
W20240221 04:49:19.576861 859904 grad_async_v2.h:257] pq is empty
========== Step 296 ========== 
========== Step 297 ========== 
========== Step 298 ========== 
========== Step 299 ========== 
Step299:rank0, time: 3.911, per_step: 0.038723
Step299:rank1, time: 3.911, per_step: 0.038723
Step299:rank2, time: 3.911, per_step: 0.038723
Step299:rank3, time: 3.911, per_step: 0.038723
+---------------------------+---------------------------+---------------------------+
| Name                      | P50                       | P99                       |
+---------------------------+---------------------------+---------------------------+
| GenInput:CircleBuffer     | 121.486 us                | 158.267 us                |
| GenInput                  | 292.586 us                | 761.837 us                |
| NN                        | 516.791 us                | 836.897 us                |
| Forward                   | 710.532 us                | 1.102 ms                  |
| Backward                  | 1.682 ms                  | 3.638 ms                  |
| Optimize                  | 169.844 us                | 251.445 us                |
| BarrierTimeBeforeRank0    | 87.379 us                 | 1.265 ms                  |
| AfterBackward             | 2.410 ms                  | 280.708 ms                |
| BlockToStepN              | 122.698 us                | 250.148 us                |
| OneStep                   | 6.321 ms                  | 625.916 ms                |
+---------------------------+---------------------------+---------------------------+
Successfully xmh
W20240221 04:49:19.601284 859904 grad_async_v2.h:84] call StopThreads. PID = 859904
W20240221 04:49:19.601300 859904 grad_base.h:212] before processOneStepNegThread_.join();
W20240221 04:49:19.601330 859904 grad_base.h:214] after processOneStepNegThread_.join();
W20240221 04:49:19.601334 859904 grad_async_v2.h:86] call GradProcessingBase::StopThreads.
[W tensorpipe_agent.cpp:725] RPC agent for worker0 encountered error when reading incoming request from worker3: eof (this error originated at tensorpipe/transport/shm/connection_impl.cc:259)
[W tensorpipe_agent.cpp:725] RPC agent for worker0 encountered error when reading incoming request from worker2: eof (this error originated at tensorpipe/transport/shm/connection_impl.cc:259)
E20240221 04:49:19.823024 860503 parallel_pq_v2.h:79] insert failed, size(hashtable)=0
[W tensorpipe_agent.cpp:725] RPC agent for worker0 encountered error when reading incoming request from worker1: eof (this error originated at tensorpipe/transport/shm/connection_impl.cc:259)
W20240221 04:49:19.928231 859904 grad_async_v2.h:105] StopThreads done.
+---------------------------+---------------------------+---------------------------+
| Name                      | P50                       | P99                       |
+---------------------------+---------------------------+---------------------------+
| clean                     | 80.537 us                 | 170.878 us                |
| ProcessBack:Shuffle       | 1.655 ms                  | 4.165 ms                  |
| ProcessBack:UpdateCache   | 608.391 us                | 771.541 us                |
| ProcessBack:UpsertPq      | 26.897 us                 | 63.370 us                 |
| ProcessOneStep            | 2.393 ms                  | 280.690 ms                |
| BlockToStepN              | 83.277 us                 | 193.729 us                |
+---------------------------+---------------------------+---------------------------+
ERROR [859904 PsKvstore.py:89] Delete tensor failed, not found
On rank0, prepare to call self.controller.StopThreads(), self=<controller_process.KGCacheControllerWrapper object at 0x7f72d89fafd0>
Successfully xmh
