WARNING: Logging before InitGoogleLogging() is written to STDERR
I20240213 08:52:35.173653 63849 IPC_barrier.h:128] MultiProcessBarrierFactory->ClearIPCMemory()
/data/home/xieminhui/RecStore/src/framework_adapters/torch/kg/dgl-0.9.1/python/dgl/_deprecate/graph.py:1023: DGLWarning: multigraph will be deprecated.DGL will treat all graphs as multigraph in the future.
  dgl_warning("multigraph will be deprecated." \
/data/home/xieminhui/RecStore/src/framework_adapters/torch/kg/dgl-0.9.1/python/dgl/heterograph.py:72: DGLWarning: Recommend creating graphs by `dgl.graph(data)` instead of `dgl.DGLGraph(data)`.
  dgl_warning('Recommend creating graphs by `dgl.graph(data)`'
Reading train triples....
Finished. Read 483142 train triples.
Reading valid triples....
Finished. Read 50000 valid triples.
Reading test triples....
Finished. Read 59071 test triples.
ARGS:  Namespace(model_name='TransE', data_path='/home/xieminhui/dgl-data', dataset='FB15k', format='built_in', data_files=None, delimiter='\t', save_path='/tmp/ckpts/TransE_FB15k_258', no_save_emb=True, max_step=500, batch_size=1200, batch_size_eval=16, neg_sample_size=200, neg_deg_sample=False, neg_deg_sample_eval=False, neg_sample_size_eval=14951, eval_percent=1, no_eval_filter=False, log_interval=100, eval_interval=10000, test=False, num_proc=8, num_thread=1, force_sync_interval=1, hidden_dim=400, lr=0.01, gamma=16.0, double_ent=False, double_rel=False, neg_adversarial_sampling=False, adversarial_temperature=1.0, regularization_coef=0.0, regularization_norm=3, pairwise=False, loss_genre='Logsigmoid', margin=1.0, nr_gpus=8, gpu=[0, 1, 2, 3, 4, 5, 6, 7], mix_cpu_gpu=True, valid=False, rel_part=False, async_update=None, has_edge_importance=False, cached_emb_type='KnownLocalCachedEmbedding', use_my_emb=True, cache_ratio=0.05, shuffle=False, backwardMode='PySync', L=10, nr_background_threads=32, update_cache_use_omp=1, update_pq_use_omp=2, kForwardItersPerStep=2, backgrad_init='both', eval_filter=True, soft_rel_part=False)
|Train|: 483142
original graph:  DGLGraph(num_nodes=14951, num_edges=592213,
         ndata_schemes={}
         edata_schemes={'tid': Scheme(shape=(), dtype=torch.int64)})
Loading cached metis
WARNING [63849 sampler.py:454] Start PreSampling
WARNING [63849 sampler.py:532] Before construct renumbering_dict
WARNING [63849 sampler.py:555] PreSampling done
W20240213 08:52:40.644984 63849 IPCTensor.h:369] NewIPCTensor: cached_sampler_r0_0 [1000000]0x100000002000 7.629 MB
W20240213 08:52:40.645166 63849 IPCTensor.h:369] NewIPCTensor: cached_sampler_r0_1 [1000000]0x1000007a5000 7.629 MB
W20240213 08:52:40.645213 63849 IPCTensor.h:369] NewIPCTensor: cached_sampler_r0_2 [1000000]0x100000f48000 7.629 MB
W20240213 08:52:40.645270 63849 IPCTensor.h:369] NewIPCTensor: cached_sampler_r0_3 [1000000]0x1000016eb000 7.629 MB
W20240213 08:52:40.645329 63849 IPCTensor.h:369] NewIPCTensor: cached_sampler_r0_4 [1000000]0x100001e8e000 7.629 MB
W20240213 08:52:40.645380 63849 IPCTensor.h:369] NewIPCTensor: cached_sampler_r0_5 [1000000]0x100002631000 7.629 MB
W20240213 08:52:40.645423 63849 IPCTensor.h:369] NewIPCTensor: cached_sampler_r0_6 [1000000]0x100002dd4000 7.629 MB
W20240213 08:52:40.645475 63849 IPCTensor.h:369] NewIPCTensor: cached_sampler_r0_7 [1000000]0x100003577000 7.629 MB
W20240213 08:52:40.645522 63849 IPCTensor.h:369] NewIPCTensor: cached_sampler_r0_8 [1000000]0x100003d1a000 7.629 MB
W20240213 08:52:40.645565 63849 IPCTensor.h:369] NewIPCTensor: cached_sampler_r0_9 [1000000]0x1000044bd000 7.629 MB
W20240213 08:52:40.645628 63849 IPCTensor.h:369] NewIPCTensor: step_r0 [10]0x100004c60000 80 B 
W20240213 08:52:40.645669 63849 IPCTensor.h:369] NewIPCTensor: circle_buffer_end_r0 [1]0x100004c62000 8 B 
W20240213 08:52:40.645712 63849 IPCTensor.h:369] NewIPCTensor: circle_buffer_end_cppseen_r0 [1]0x100004c64000 8 B 
W20240213 08:52:40.645869 63849 IPCTensor.h:369] NewIPCTensor: cached_sampler_r1_0 [1000000]0x100004c66000 7.629 MB
W20240213 08:52:40.645916 63849 IPCTensor.h:369] NewIPCTensor: cached_sampler_r1_1 [1000000]0x100005409000 7.629 MB
W20240213 08:52:40.645954 63849 IPCTensor.h:369] NewIPCTensor: cached_sampler_r1_2 [1000000]0x100005bac000 7.629 MB
W20240213 08:52:40.646013 63849 IPCTensor.h:369] NewIPCTensor: cached_sampler_r1_3 [1000000]0x10000634f000 7.629 MB
W20240213 08:52:40.646054 63849 IPCTensor.h:369] NewIPCTensor: cached_sampler_r1_4 [1000000]0x100006af2000 7.629 MB
W20240213 08:52:40.646113 63849 IPCTensor.h:369] NewIPCTensor: cached_sampler_r1_5 [1000000]0x100007295000 7.629 MB
W20240213 08:52:40.646152 63849 IPCTensor.h:369] NewIPCTensor: cached_sampler_r1_6 [1000000]0x100007a38000 7.629 MB
W20240213 08:52:40.646196 63849 IPCTensor.h:369] NewIPCTensor: cached_sampler_r1_7 [1000000]0x1000081db000 7.629 MB
W20240213 08:52:40.646237 63849 IPCTensor.h:369] NewIPCTensor: cached_sampler_r1_8 [1000000]0x10000897e000 7.629 MB
W20240213 08:52:40.646283 63849 IPCTensor.h:369] NewIPCTensor: cached_sampler_r1_9 [1000000]0x100009121000 7.629 MB
W20240213 08:52:40.646329 63849 IPCTensor.h:369] NewIPCTensor: step_r1 [10]0x1000098c4000 80 B 
W20240213 08:52:40.646365 63849 IPCTensor.h:369] NewIPCTensor: circle_buffer_end_r1 [1]0x1000098c6000 8 B 
W20240213 08:52:40.646410 63849 IPCTensor.h:369] NewIPCTensor: circle_buffer_end_cppseen_r1 [1]0x1000098c8000 8 B 
W20240213 08:52:40.646497 63849 IPCTensor.h:369] NewIPCTensor: cached_sampler_r2_0 [1000000]0x1000098ca000 7.629 MB
W20240213 08:52:40.646543 63849 IPCTensor.h:369] NewIPCTensor: cached_sampler_r2_1 [1000000]0x10000a06d000 7.629 MB
W20240213 08:52:40.646589 63849 IPCTensor.h:369] NewIPCTensor: cached_sampler_r2_2 [1000000]0x10000a810000 7.629 MB
W20240213 08:52:40.646636 63849 IPCTensor.h:369] NewIPCTensor: cached_sampler_r2_3 [1000000]0x10000afb3000 7.629 MB
W20240213 08:52:40.646677 63849 IPCTensor.h:369] NewIPCTensor: cached_sampler_r2_4 [1000000]0x10000b756000 7.629 MB
W20240213 08:52:40.646725 63849 IPCTensor.h:369] NewIPCTensor: cached_sampler_r2_5 [1000000]0x10000bef9000 7.629 MB
W20240213 08:52:40.646770 63849 IPCTensor.h:369] NewIPCTensor: cached_sampler_r2_6 [1000000]0x10000c69c000 7.629 MB
W20240213 08:52:40.646814 63849 IPCTensor.h:369] NewIPCTensor: cached_sampler_r2_7 [1000000]0x10000ce3f000 7.629 MB
W20240213 08:52:40.646860 63849 IPCTensor.h:369] NewIPCTensor: cached_sampler_r2_8 [1000000]0x10000d5e2000 7.629 MB
W20240213 08:52:40.646909 63849 IPCTensor.h:369] NewIPCTensor: cached_sampler_r2_9 [1000000]0x10000dd85000 7.629 MB
W20240213 08:52:40.646955 63849 IPCTensor.h:369] NewIPCTensor: step_r2 [10]0x10000e528000 80 B 
W20240213 08:52:40.646992 63849 IPCTensor.h:369] NewIPCTensor: circle_buffer_end_r2 [1]0x10000e52a000 8 B 
W20240213 08:52:40.647027 63849 IPCTensor.h:369] NewIPCTensor: circle_buffer_end_cppseen_r2 [1]0x10000e52c000 8 B 
W20240213 08:52:40.647109 63849 IPCTensor.h:369] NewIPCTensor: cached_sampler_r3_0 [1000000]0x10000e52e000 7.629 MB
W20240213 08:52:40.647156 63849 IPCTensor.h:369] NewIPCTensor: cached_sampler_r3_1 [1000000]0x10000ecd1000 7.629 MB
W20240213 08:52:40.647198 63849 IPCTensor.h:369] NewIPCTensor: cached_sampler_r3_2 [1000000]0x10000f474000 7.629 MB
W20240213 08:52:40.647248 63849 IPCTensor.h:369] NewIPCTensor: cached_sampler_r3_3 [1000000]0x10000fc17000 7.629 MB
W20240213 08:52:40.647298 63849 IPCTensor.h:369] NewIPCTensor: cached_sampler_r3_4 [1000000]0x1000103ba000 7.629 MB
W20240213 08:52:40.647338 63849 IPCTensor.h:369] NewIPCTensor: cached_sampler_r3_5 [1000000]0x100010b5d000 7.629 MB
W20240213 08:52:40.647389 63849 IPCTensor.h:369] NewIPCTensor: cached_sampler_r3_6 [1000000]0x100011300000 7.629 MB
W20240213 08:52:40.647444 63849 IPCTensor.h:369] NewIPCTensor: cached_sampler_r3_7 [1000000]0x100011aa3000 7.629 MB
W20240213 08:52:40.647493 63849 IPCTensor.h:369] NewIPCTensor: cached_sampler_r3_8 [1000000]0x100012246000 7.629 MB
W20240213 08:52:40.647547 63849 IPCTensor.h:369] NewIPCTensor: cached_sampler_r3_9 [1000000]0x1000129e9000 7.629 MB
W20240213 08:52:40.647585 63849 IPCTensor.h:369] NewIPCTensor: step_r3 [10]0x10001318c000 80 B 
W20240213 08:52:40.647621 63849 IPCTensor.h:369] NewIPCTensor: circle_buffer_end_r3 [1]0x10001318e000 8 B 
W20240213 08:52:40.647655 63849 IPCTensor.h:369] NewIPCTensor: circle_buffer_end_cppseen_r3 [1]0x100013190000 8 B 
W20240213 08:52:40.647761 63849 IPCTensor.h:369] NewIPCTensor: cached_sampler_r4_0 [1000000]0x100013192000 7.629 MB
W20240213 08:52:40.647817 63849 IPCTensor.h:369] NewIPCTensor: cached_sampler_r4_1 [1000000]0x100013935000 7.629 MB
W20240213 08:52:40.647857 63849 IPCTensor.h:369] NewIPCTensor: cached_sampler_r4_2 [1000000]0x1000140d8000 7.629 MB
W20240213 08:52:40.647907 63849 IPCTensor.h:369] NewIPCTensor: cached_sampler_r4_3 [1000000]0x10001487b000 7.629 MB
W20240213 08:52:40.647946 63849 IPCTensor.h:369] NewIPCTensor: cached_sampler_r4_4 [1000000]0x10001501e000 7.629 MB
W20240213 08:52:40.647989 63849 IPCTensor.h:369] NewIPCTensor: cached_sampler_r4_5 [1000000]0x1000157c1000 7.629 MB
W20240213 08:52:40.648028 63849 IPCTensor.h:369] NewIPCTensor: cached_sampler_r4_6 [1000000]0x100015f64000 7.629 MB
W20240213 08:52:40.648088 63849 IPCTensor.h:369] NewIPCTensor: cached_sampler_r4_7 [1000000]0x100016707000 7.629 MB
W20240213 08:52:40.648138 63849 IPCTensor.h:369] NewIPCTensor: cached_sampler_r4_8 [1000000]0x100016eaa000 7.629 MB
W20240213 08:52:40.648188 63849 IPCTensor.h:369] NewIPCTensor: cached_sampler_r4_9 [1000000]0x10001764d000 7.629 MB
W20240213 08:52:40.648232 63849 IPCTensor.h:369] NewIPCTensor: step_r4 [10]0x100017df0000 80 B 
W20240213 08:52:40.648268 63849 IPCTensor.h:369] NewIPCTensor: circle_buffer_end_r4 [1]0x100017df2000 8 B 
W20240213 08:52:40.648301 63849 IPCTensor.h:369] NewIPCTensor: circle_buffer_end_cppseen_r4 [1]0x100017df4000 8 B 
W20240213 08:52:40.648380 63849 IPCTensor.h:369] NewIPCTensor: cached_sampler_r5_0 [1000000]0x100017df6000 7.629 MB
W20240213 08:52:40.648427 63849 IPCTensor.h:369] NewIPCTensor: cached_sampler_r5_1 [1000000]0x100018599000 7.629 MB
W20240213 08:52:40.648473 63849 IPCTensor.h:369] NewIPCTensor: cached_sampler_r5_2 [1000000]0x100018d3c000 7.629 MB
W20240213 08:52:40.648516 63849 IPCTensor.h:369] NewIPCTensor: cached_sampler_r5_3 [1000000]0x1000194df000 7.629 MB
W20240213 08:52:40.648557 63849 IPCTensor.h:369] NewIPCTensor: cached_sampler_r5_4 [1000000]0x100019c82000 7.629 MB
W20240213 08:52:40.648608 63849 IPCTensor.h:369] NewIPCTensor: cached_sampler_r5_5 [1000000]0x10001a425000 7.629 MB
W20240213 08:52:40.648658 63849 IPCTensor.h:369] NewIPCTensor: cached_sampler_r5_6 [1000000]0x10001abc8000 7.629 MB
W20240213 08:52:40.648708 63849 IPCTensor.h:369] NewIPCTensor: cached_sampler_r5_7 [1000000]0x10001b36b000 7.629 MB
W20240213 08:52:40.648756 63849 IPCTensor.h:369] NewIPCTensor: cached_sampler_r5_8 [1000000]0x10001bb0e000 7.629 MB
W20240213 08:52:40.648803 63849 IPCTensor.h:369] NewIPCTensor: cached_sampler_r5_9 [1000000]0x10001c2b1000 7.629 MB
W20240213 08:52:40.648845 63849 IPCTensor.h:369] NewIPCTensor: step_r5 [10]0x10001ca54000 80 B 
W20240213 08:52:40.648882 63849 IPCTensor.h:369] NewIPCTensor: circle_buffer_end_r5 [1]0x10001ca56000 8 B 
W20240213 08:52:40.648916 63849 IPCTensor.h:369] NewIPCTensor: circle_buffer_end_cppseen_r5 [1]0x10001ca58000 8 B 
W20240213 08:52:40.648993 63849 IPCTensor.h:369] NewIPCTensor: cached_sampler_r6_0 [1000000]0x10001ca5a000 7.629 MB
W20240213 08:52:40.649044 63849 IPCTensor.h:369] NewIPCTensor: cached_sampler_r6_1 [1000000]0x10001d1fd000 7.629 MB
W20240213 08:52:40.649086 63849 IPCTensor.h:369] NewIPCTensor: cached_sampler_r6_2 [1000000]0x10001d9a0000 7.629 MB
W20240213 08:52:40.649132 63849 IPCTensor.h:369] NewIPCTensor: cached_sampler_r6_3 [1000000]0x10001e143000 7.629 MB
W20240213 08:52:40.649183 63849 IPCTensor.h:369] NewIPCTensor: cached_sampler_r6_4 [1000000]0x10001e8e6000 7.629 MB
W20240213 08:52:40.649225 63849 IPCTensor.h:369] NewIPCTensor: cached_sampler_r6_5 [1000000]0x10001f089000 7.629 MB
W20240213 08:52:40.649267 63849 IPCTensor.h:369] NewIPCTensor: cached_sampler_r6_6 [1000000]0x10001f82c000 7.629 MB
W20240213 08:52:40.649319 63849 IPCTensor.h:369] NewIPCTensor: cached_sampler_r6_7 [1000000]0x10001ffcf000 7.629 MB
W20240213 08:52:40.649370 63849 IPCTensor.h:369] NewIPCTensor: cached_sampler_r6_8 [1000000]0x100020772000 7.629 MB
W20240213 08:52:40.649425 63849 IPCTensor.h:369] NewIPCTensor: cached_sampler_r6_9 [1000000]0x100020f15000 7.629 MB
W20240213 08:52:40.649469 63849 IPCTensor.h:369] NewIPCTensor: step_r6 [10]0x1000216b8000 80 B 
W20240213 08:52:40.649506 63849 IPCTensor.h:369] NewIPCTensor: circle_buffer_end_r6 [1]0x1000216ba000 8 B 
W20240213 08:52:40.649541 63849 IPCTensor.h:369] NewIPCTensor: circle_buffer_end_cppseen_r6 [1]0x1000216bc000 8 B 
W20240213 08:52:40.649614 63849 IPCTensor.h:369] NewIPCTensor: cached_sampler_r7_0 [1000000]0x1000216be000 7.629 MB
W20240213 08:52:40.649659 63849 IPCTensor.h:369] NewIPCTensor: cached_sampler_r7_1 [1000000]0x100021e61000 7.629 MB
W20240213 08:52:40.649705 63849 IPCTensor.h:369] NewIPCTensor: cached_sampler_r7_2 [1000000]0x100022604000 7.629 MB
W20240213 08:52:40.649749 63849 IPCTensor.h:369] NewIPCTensor: cached_sampler_r7_3 [1000000]0x100022da7000 7.629 MB
W20240213 08:52:40.649801 63849 IPCTensor.h:369] NewIPCTensor: cached_sampler_r7_4 [1000000]0x10002354a000 7.629 MB
W20240213 08:52:40.649849 63849 IPCTensor.h:369] NewIPCTensor: cached_sampler_r7_5 [1000000]0x100023ced000 7.629 MB
W20240213 08:52:40.649892 63849 IPCTensor.h:369] NewIPCTensor: cached_sampler_r7_6 [1000000]0x100024490000 7.629 MB
W20240213 08:52:40.649933 63849 IPCTensor.h:369] NewIPCTensor: cached_sampler_r7_7 [1000000]0x100024c33000 7.629 MB
W20240213 08:52:40.649974 63849 IPCTensor.h:369] NewIPCTensor: cached_sampler_r7_8 [1000000]0x1000253d6000 7.629 MB
W20240213 08:52:40.650018 63849 IPCTensor.h:369] NewIPCTensor: cached_sampler_r7_9 [1000000]0x100025b79000 7.629 MB
W20240213 08:52:40.650064 63849 IPCTensor.h:369] NewIPCTensor: step_r7 [10]0x10002631c000 80 B 
W20240213 08:52:40.650099 63849 IPCTensor.h:369] NewIPCTensor: circle_buffer_end_r7 [1]0x10002631e000 8 B 
W20240213 08:52:40.650133 63849 IPCTensor.h:369] NewIPCTensor: circle_buffer_end_cppseen_r7 [1]0x100026320000 8 B 
W20240213 08:52:40.904872 63849 IPCTensor.h:369] NewIPCTensor: full_emb [14951, 400]0x100026322000 22.81 MB
W20240213 08:52:41.000994 63849 IPCTensor.h:369] NewIPCTensor: full_emb_SparseRowWiseAdaGrad_sum [14951]0x1000279f4000 58.4 kB
{0: Graph(num_nodes=8499, num_edges=86694,
      ndata_schemes={'_ID': Scheme(shape=(), dtype=torch.int64), 'inner_node': Scheme(shape=(), dtype=torch.int32), 'part_id': Scheme(shape=(), dtype=torch.int64)}
      edata_schemes={'_ID': Scheme(shape=(), dtype=torch.int64), 'inner_edge': Scheme(shape=(), dtype=torch.int8)}), 1: Graph(num_nodes=6140, num_edges=88951,
      ndata_schemes={'_ID': Scheme(shape=(), dtype=torch.int64), 'inner_node': Scheme(shape=(), dtype=torch.int32), 'part_id': Scheme(shape=(), dtype=torch.int64)}
      edata_schemes={'_ID': Scheme(shape=(), dtype=torch.int64), 'inner_edge': Scheme(shape=(), dtype=torch.int8)}), 2: Graph(num_nodes=8646, num_edges=109741,
      ndata_schemes={'_ID': Scheme(shape=(), dtype=torch.int64), 'inner_node': Scheme(shape=(), dtype=torch.int32), 'part_id': Scheme(shape=(), dtype=torch.int64)}
      edata_schemes={'_ID': Scheme(shape=(), dtype=torch.int64), 'inner_edge': Scheme(shape=(), dtype=torch.int8)}), 3: Graph(num_nodes=8503, num_edges=86907,
      ndata_schemes={'_ID': Scheme(shape=(), dtype=torch.int64), 'inner_node': Scheme(shape=(), dtype=torch.int32), 'part_id': Scheme(shape=(), dtype=torch.int64)}
      edata_schemes={'_ID': Scheme(shape=(), dtype=torch.int64), 'inner_edge': Scheme(shape=(), dtype=torch.int8)}), 4: Graph(num_nodes=10597, num_edges=122217,
      ndata_schemes={'_ID': Scheme(shape=(), dtype=torch.int64), 'inner_node': Scheme(shape=(), dtype=torch.int32), 'part_id': Scheme(shape=(), dtype=torch.int64)}
      edata_schemes={'_ID': Scheme(shape=(), dtype=torch.int64), 'inner_edge': Scheme(shape=(), dtype=torch.int8)}), 5: Graph(num_nodes=8255, num_edges=102550,
      ndata_schemes={'_ID': Scheme(shape=(), dtype=torch.int64), 'inner_node': Scheme(shape=(), dtype=torch.int32), 'part_id': Scheme(shape=(), dtype=torch.int64)}
      edata_schemes={'_ID': Scheme(shape=(), dtype=torch.int64), 'inner_edge': Scheme(shape=(), dtype=torch.int8)}), 6: Graph(num_nodes=7422, num_edges=104094,
      ndata_schemes={'_ID': Scheme(shape=(), dtype=torch.int64), 'inner_node': Scheme(shape=(), dtype=torch.int32), 'part_id': Scheme(shape=(), dtype=torch.int64)}
      edata_schemes={'_ID': Scheme(shape=(), dtype=torch.int64), 'inner_edge': Scheme(shape=(), dtype=torch.int8)}), 7: Graph(num_nodes=7815, num_edges=137832,
      ndata_schemes={'_ID': Scheme(shape=(), dtype=torch.int64), 'inner_node': Scheme(shape=(), dtype=torch.int32), 'part_id': Scheme(shape=(), dtype=torch.int64)}
      edata_schemes={'_ID': Scheme(shape=(), dtype=torch.int64), 'inner_edge': Scheme(shape=(), dtype=torch.int8)})}
MertisPartition: part 0 has 8499 N 86694 E
MertisPartition: part 1 has 6140 N 88951 E
MertisPartition: part 2 has 8646 N 109741 E
MertisPartition: part 3 has 8503 N 86907 E
MertisPartition: part 4 has 10597 N 122217 E
MertisPartition: part 5 has 8255 N 102550 E
MertisPartition: part 6 has 7422 N 104094 E
MertisPartition: part 7 has 7815 N 137832 E
Rank0: cached key size 93
Rank1: cached key size 93
Rank2: cached key size 93
Rank3: cached key size 93
Rank4: cached key size 93
Rank5: cached key size 93
Rank6: cached key size 93
Rank7: cached key size 93
Before renumbering graph:  {'_ID': tensor([    0,    15,    36,  ..., 11946,  9147, 13282]), 'inner_node': tensor([1, 1, 1,  ..., 0, 0, 0], dtype=torch.int32), 'part_id': tensor([0, 0, 0,  ..., 6, 3, 7])}
After renumbering graph:  {'_ID': tensor([ 749, 1154, 1738,  ..., 9064, 8329, 8587]), 'inner_node': tensor([1, 1, 1,  ..., 0, 0, 0], dtype=torch.int32), 'part_id': tensor([0, 0, 0,  ..., 6, 3, 7])}
part_g: DGLGraph(num_nodes=8499, num_edges=86694,
         ndata_schemes={'_ID': Scheme(shape=(), dtype=torch.int64)}
         edata_schemes={'tid': Scheme(shape=(), dtype=torch.int64)})
part_g: DGLGraph(num_nodes=8499, num_edges=86694,
         ndata_schemes={'_ID': Scheme(shape=(), dtype=torch.int64)}
         edata_schemes={'tid': Scheme(shape=(), dtype=torch.int64)})
Total initialize time 5.929 seconds
[Rank1] pid = 64054
[Rank2] pid = 64079
[Rank3] pid = 64183
[Rank4] pid = 64207
[Rank5] pid = 64248
[Rank6] pid = 64313
INFO [63849 distributed_c10d.py:442] Added key: store_based_barrier_key:1 to store for rank: 0
INFO [64054 distributed_c10d.py:442] Added key: store_based_barrier_key:1 to store for rank: 1
INFO [64079 distributed_c10d.py:442] Added key: store_based_barrier_key:1 to store for rank: 2
INFO [64183 distributed_c10d.py:442] Added key: store_based_barrier_key:1 to store for rank: 3
INFO [64207 distributed_c10d.py:442] Added key: store_based_barrier_key:1 to store for rank: 4
INFO [64248 distributed_c10d.py:442] Added key: store_based_barrier_key:1 to store for rank: 5
INFO [64313 distributed_c10d.py:442] Added key: store_based_barrier_key:1 to store for rank: 6
INFO [64377 distributed_c10d.py:442] Added key: store_based_barrier_key:1 to store for rank: 7
INFO [64248 distributed_c10d.py:476] Rank 5: Completed store-based barrier for key:store_based_barrier_key:1 with 8 nodes.
INFO [64207 distributed_c10d.py:476] Rank 4: Completed store-based barrier for key:store_based_barrier_key:1 with 8 nodes.
INFO [64313 distributed_c10d.py:476] Rank 6: Completed store-based barrier for key:store_based_barrier_key:1 with 8 nodes.
INFO [64377 distributed_c10d.py:476] Rank 7: Completed store-based barrier for key:store_based_barrier_key:1 with 8 nodes.
INFO [64079 distributed_c10d.py:476] Rank 2: Completed store-based barrier for key:store_based_barrier_key:1 with 8 nodes.
INFO [64183 distributed_c10d.py:476] Rank 3: Completed store-based barrier for key:store_based_barrier_key:1 with 8 nodes.
INFO [63849 distributed_c10d.py:476] Rank 0: Completed store-based barrier for key:store_based_barrier_key:1 with 8 nodes.
INFO [64054 distributed_c10d.py:476] Rank 1: Completed store-based barrier for key:store_based_barrier_key:1 with 8 nodes.
W20240213 08:52:43.630720 64312 IPCTensor.h:409] NewIPCGPUTensor: embedding_cache_5 [747, 400]; dev=5; size=1.14 MB
W20240213 08:52:43.631359 64385 IPCTensor.h:409] NewIPCGPUTensor: embedding_cache_0 [747, 400]; dev=0; size=1.14 MB
W20240213 08:52:43.632438 64055 IPCTensor.h:409] NewIPCGPUTensor: embedding_cache_1 [747, 400]; dev=1; size=1.14 MB
W20240213 08:52:43.632555 64184 IPCTensor.h:409] NewIPCGPUTensor: embedding_cache_3 [747, 400]; dev=3; size=1.14 MB
W20240213 08:52:43.632560 64378 IPCTensor.h:409] NewIPCGPUTensor: embedding_cache_6 [747, 400]; dev=6; size=1.14 MB
W20240213 08:52:43.632562 64509 IPCTensor.h:409] NewIPCGPUTensor: embedding_cache_7 [747, 400]; dev=7; size=1.14 MB
W20240213 08:52:43.632568 64119 IPCTensor.h:409] NewIPCGPUTensor: embedding_cache_2 [747, 400]; dev=2; size=1.14 MB
W20240213 08:52:43.632966 64249 IPCTensor.h:409] NewIPCGPUTensor: embedding_cache_4 [747, 400]; dev=4; size=1.14 MB
W20240213 08:52:43.673038 64509 IPCTensor.h:369] NewIPCTensor: input_keys_7 [1000000]0x100027a0c000 7.629 MB
W20240213 08:52:43.673183 64378 IPCTensor.h:369] NewIPCTensor: input_keys_6 [1000000]0x1000281b7000 7.629 MB
W20240213 08:52:43.673234 64184 IPCTensor.h:369] NewIPCTensor: input_keys_3 [1000000]0x10002895a000 7.629 MB
W20240213 08:52:43.673255 64055 IPCTensor.h:369] NewIPCTensor: input_keys_1 [1000000]0x1000290fd000 7.629 MB
W20240213 08:52:43.673259 64385 IPCTensor.h:369] NewIPCTensor: input_keys_0 [1000000]0x1000298a0000 7.629 MB
W20240213 08:52:43.673419 64119 IPCTensor.h:369] NewIPCTensor: input_keys_2 [1000000]0x10002a043000 7.629 MB
W20240213 08:52:43.673465 64249 IPCTensor.h:369] NewIPCTensor: input_keys_4 [1000000]0x10002af89000 7.629 MB
W20240213 08:52:43.673462 64312 IPCTensor.h:369] NewIPCTensor: input_keys_5 [1000000]0x10002a7e6000 7.629 MB
W20240213 08:52:43.673478 64509 IPCTensor.h:369] NewIPCTensor: input_keys_neg_7 [1000000]0x10002b72c000 7.629 MB
W20240213 08:52:43.673621 64509 IPCTensor.h:369] NewIPCTensor: backward_grads_7 [1000000, 400]0x10002becf000 1.49 GB
W20240213 08:52:43.673635 64385 IPCTensor.h:369] NewIPCTensor: input_keys_neg_0 [1000000]0x10008b4b2000 7.629 MB
W20240213 08:52:43.673656 64055 IPCTensor.h:369] NewIPCTensor: input_keys_neg_1 [1000000]0x10008bc55000 7.629 MB
W20240213 08:52:43.673662 64119 IPCTensor.h:369] NewIPCTensor: input_keys_neg_2 [1000000]0x10008c3f8000 7.629 MB
W20240213 08:52:43.673683 64184 IPCTensor.h:369] NewIPCTensor: input_keys_neg_3 [1000000]0x10008cb9b000 7.629 MB
W20240213 08:52:43.673688 64378 IPCTensor.h:369] NewIPCTensor: input_keys_neg_6 [1000000]0x10008d33e000 7.629 MB
W20240213 08:52:43.673712 64249 IPCTensor.h:369] NewIPCTensor: input_keys_neg_4 [1000000]0x10008dae1000 7.629 MB
W20240213 08:52:43.673722 64312 IPCTensor.h:369] NewIPCTensor: input_keys_neg_5 [1000000]0x10008e284000 7.629 MB
W20240213 08:52:43.673745 64385 IPCTensor.h:369] NewIPCTensor: backward_grads_0 [1000000, 400]0x10008ea27000 1.49 GB
W20240213 08:52:43.673779 64509 IPCTensor.h:369] NewIPCTensor: backward_grads_neg_7 [1000000, 400]0x1000ee00a000 1.49 GB
W20240213 08:52:43.673786 64378 IPCTensor.h:369] NewIPCTensor: backward_grads_6 [1000000, 400]0x10014d5ed000 1.49 GB
W20240213 08:52:43.673795 64055 IPCTensor.h:369] NewIPCTensor: backward_grads_1 [1000000, 400]0x1001acbd0000 1.49 GB
W20240213 08:52:43.673803 64184 IPCTensor.h:369] NewIPCTensor: backward_grads_3 [1000000, 400]0x10020c1b3000 1.49 GB
W20240213 08:52:43.673805 64385 IPCTensor.h:369] NewIPCTensor: backward_grads_neg_0 [1000000, 400]0x10026b796000 1.49 GB
W20240213 08:52:43.673813 64119 IPCTensor.h:369] NewIPCTensor: backward_grads_2 [1000000, 400]0x1002cad79000 1.49 GB
W20240213 08:52:43.673871 64312 IPCTensor.h:369] NewIPCTensor: backward_grads_5 [1000000, 400]0x10032a35c000 1.49 GB
W20240213 08:52:43.673879 64249 IPCTensor.h:369] NewIPCTensor: backward_grads_4 [1000000, 400]0x10038993f000 1.49 GB
W20240213 08:52:43.673903 64055 IPCTensor.h:369] NewIPCTensor: backward_grads_neg_1 [1000000, 400]0x1003e8f22000 1.49 GB
W20240213 08:52:43.673909 64385 IPCTensor.h:409] NewIPCGPUTensor: backward_grads_0_gpu [1000000, 400]; dev=0; size=1.49 GB
W20240213 08:52:43.673923 64509 IPCTensor.h:409] NewIPCGPUTensor: backward_grads_7_gpu [1000000, 400]; dev=7; size=1.49 GB
W20240213 08:52:43.673928 64184 IPCTensor.h:369] NewIPCTensor: backward_grads_neg_3 [1000000, 400]0x100448505000 1.49 GB
W20240213 08:52:43.673946 64119 IPCTensor.h:369] NewIPCTensor: backward_grads_neg_2 [1000000, 400]0x1004a7ae8000 1.49 GB
W20240213 08:52:43.673955 64378 IPCTensor.h:369] NewIPCTensor: backward_grads_neg_6 [1000000, 400]0x1005070cb000 1.49 GB
W20240213 08:52:43.673993 64312 IPCTensor.h:369] NewIPCTensor: backward_grads_neg_5 [1000000, 400]0x1005666ae000 1.49 GB
W20240213 08:52:43.674002 64249 IPCTensor.h:369] NewIPCTensor: backward_grads_neg_4 [1000000, 400]0x1005c5c91000 1.49 GB
W20240213 08:52:43.674021 64055 IPCTensor.h:409] NewIPCGPUTensor: backward_grads_1_gpu [1000000, 400]; dev=1; size=1.49 GB
W20240213 08:52:43.674052 64378 IPCTensor.h:409] NewIPCGPUTensor: backward_grads_6_gpu [1000000, 400]; dev=6; size=1.49 GB
W20240213 08:52:43.674062 64184 IPCTensor.h:409] NewIPCGPUTensor: backward_grads_3_gpu [1000000, 400]; dev=3; size=1.49 GB
W20240213 08:52:43.674063 64119 IPCTensor.h:409] NewIPCGPUTensor: backward_grads_2_gpu [1000000, 400]; dev=2; size=1.49 GB
W20240213 08:52:43.674082 64312 IPCTensor.h:409] NewIPCGPUTensor: backward_grads_5_gpu [1000000, 400]; dev=5; size=1.49 GB
W20240213 08:52:43.674079 64249 IPCTensor.h:409] NewIPCGPUTensor: backward_grads_4_gpu [1000000, 400]; dev=4; size=1.49 GB
W20240213 08:52:43.688165 64385 IPCTensor.h:409] NewIPCGPUTensor: backward_grads_neg_0_gpu [1000000, 400]; dev=0; size=1.49 GB
W20240213 08:52:43.688179 64509 IPCTensor.h:409] NewIPCGPUTensor: backward_grads_neg_7_gpu [1000000, 400]; dev=7; size=1.49 GB
W20240213 08:52:43.688198 64249 IPCTensor.h:409] NewIPCGPUTensor: backward_grads_neg_4_gpu [1000000, 400]; dev=4; size=1.49 GB
W20240213 08:52:43.688198 64312 IPCTensor.h:409] NewIPCGPUTensor: backward_grads_neg_5_gpu [1000000, 400]; dev=5; size=1.49 GB
W20240213 08:52:43.688205 64184 IPCTensor.h:409] NewIPCGPUTensor: backward_grads_neg_3_gpu [1000000, 400]; dev=3; size=1.49 GB
W20240213 08:52:43.688205 64055 IPCTensor.h:409] NewIPCGPUTensor: backward_grads_neg_1_gpu [1000000, 400]; dev=1; size=1.49 GB
W20240213 08:52:43.688227 64378 IPCTensor.h:409] NewIPCGPUTensor: backward_grads_neg_6_gpu [1000000, 400]; dev=6; size=1.49 GB
W20240213 08:52:43.688231 64119 IPCTensor.h:409] NewIPCGPUTensor: backward_grads_neg_2_gpu [1000000, 400]; dev=2; size=1.49 GB
cudaHostRegister 0x100026322000
7: KnownLocalCachedEmbedding init done
WARNING [64377 DistTensor.py:59] The tensor name already exists in the kvstore
cudaHostRegister 0x100026322000
4: KnownLocalCachedEmbedding init done
WARNING [64207 DistTensor.py:59] The tensor name already exists in the kvstore
cudaHostRegister 0x100026322000
3: KnownLocalCachedEmbedding init done
WARNING [64183 DistTensor.py:59] The tensor name already exists in the kvstore
cudaHostRegister 0x100026322000
2: KnownLocalCachedEmbedding init done
WARNING [64079 DistTensor.py:59] The tensor name already exists in the kvstore
cudaHostRegister 0x100026322000
5: KnownLocalCachedEmbedding init done
WARNING [64248 DistTensor.py:59] The tensor name already exists in the kvstore
[Rank7] pid = 64377
New CachedEmbedding, name=full_emb, shape=(14951, 400), cache_type=KnownLocalCachedEmbedding
fixed cache_range is [(0, 747), (747, 1494), (1494, 2241), (2241, 2988), (2988, 3735), (3735, 4482), (4482, 5229), (5229, 5976)]
cudaHostRegister 0x100026322000
0: KnownLocalCachedEmbedding init done
WARNING [63849 DistTensor.py:59] The tensor name already exists in the kvstore
cudaHostRegister 0x100026322000
1: KnownLocalCachedEmbedding init done
WARNING [64054 DistTensor.py:59] The tensor name already exists in the kvstore
cudaHostRegister 0x100026322000
6: KnownLocalCachedEmbedding init done
WARNING [64313 DistTensor.py:59] The tensor name already exists in the kvstore
I20240213 08:52:46.535081 64378 IPC_barrier.h:118] CreateBarrier: new barrier, name: kgcachecontroller, count: 8
I20240213 08:52:46.535351 64119 IPC_barrier.h:112] CreateBarrier: find existing barrier, name: kgcachecontroller, count: 8
I20240213 08:52:46.535434 64312 IPC_barrier.h:112] CreateBarrier: find existing barrier, name: kgcachecontroller, count: 8
I20240213 08:52:46.536039 64184 IPC_barrier.h:112] CreateBarrier: find existing barrier, name: kgcachecontroller, count: 8
I20240213 08:52:46.536365 64249 IPC_barrier.h:112] CreateBarrier: find existing barrier, name: kgcachecontroller, count: 8
I20240213 08:52:46.536573 64055 IPC_barrier.h:112] CreateBarrier: find existing barrier, name: kgcachecontroller, count: 8
I20240213 08:52:46.536720 64385 IPC_barrier.h:112] CreateBarrier: find existing barrier, name: kgcachecontroller, count: 8
I20240213 08:52:46.536885 64509 IPC_barrier.h:112] CreateBarrier: find existing barrier, name: kgcachecontroller, count: 8
E20240213 08:52:48.324944 64509 recstore.cc:66] init folly done
E20240213 08:52:48.324960 64312 recstore.cc:66] init folly done
E20240213 08:52:48.324960 64385 recstore.cc:66] init folly done
E20240213 08:52:48.325022 64119 recstore.cc:66] init folly done
E20240213 08:52:48.325059 64055 recstore.cc:66] init folly done
E20240213 08:52:48.325062 64184 recstore.cc:66] init folly done
E20240213 08:52:48.325065 64249 recstore.cc:66] init folly done
E20240213 08:52:48.325106 64378 recstore.cc:66] init folly done
I20240213 08:52:48.399812 64509 IPC_barrier.h:118] CreateBarrier: new barrier, name: start_barrier, count: 8
I20240213 08:52:48.399953 64378 IPC_barrier.h:112] CreateBarrier: find existing barrier, name: start_barrier, count: 8
I20240213 08:52:48.401623 64249 IPC_barrier.h:112] CreateBarrier: find existing barrier, name: start_barrier, count: 8
I20240213 08:52:48.403018 64184 IPC_barrier.h:112] CreateBarrier: find existing barrier, name: start_barrier, count: 8
I20240213 08:52:48.415614 64055 IPC_barrier.h:112] CreateBarrier: find existing barrier, name: start_barrier, count: 8
I20240213 08:52:48.416258 64119 IPC_barrier.h:112] CreateBarrier: find existing barrier, name: start_barrier, count: 8
I20240213 08:52:48.426338 64312 IPC_barrier.h:112] CreateBarrier: find existing barrier, name: start_barrier, count: 8
I20240213 08:52:48.427306 64385 IPC_barrier.h:112] CreateBarrier: find existing barrier, name: start_barrier, count: 8
+---------------------------+---------------------------+---------------------------+
| Name                      | P50                       | P99                       |
+---------------------------+---------------------------+---------------------------+
| GenInput                  | 915.841 us                | 915.841 us                |
| Forward                   | 637.482 ms                | 637.482 ms                |
| back: bucket keys         | 20.910 ms                 | 20.910 ms                 |
+---------------------------+---------------------------+---------------------------+
+---------------------------+---------------------------+---------------------------+
| Name                      | P50                       | P99                       |
+---------------------------+---------------------------+---------------------------+
| GenInput                  | 915.841 us                | 915.841 us                |
| Forward                   | 637.482 ms                | 637.482 ms                |
| back: bucket keys         | 20.910 ms                 | 20.910 ms                 |
+---------------------------+---------------------------+---------------------------+
+---------------------------+---------------------------+---------------------------+
| Name                      | P50                       | P99                       |
+---------------------------+---------------------------+---------------------------+
| GenInput                  | 915.841 us                | 915.841 us                |
| Forward                   | 637.482 ms                | 637.482 ms                |
| back: bucket keys         | 20.910 ms                 | 20.910 ms                 |
+---------------------------+---------------------------+---------------------------+
+---------------------------+---------------------------+---------------------------+
| Name                      | P50                       | P99                       |
+---------------------------+---------------------------+---------------------------+
| GenInput                  | 915.841 us                | 915.841 us                |
| Forward                   | 637.482 ms                | 637.482 ms                |
| back: bucket keys         | 20.910 ms                 | 20.910 ms                 |
+---------------------------+---------------------------+---------------------------+
+---------------------------+---------------------------+---------------------------+
| Name                      | P50                       | P99                       |
+---------------------------+---------------------------+---------------------------+
| GenInput                  | 915.841 us                | 915.841 us                |
| Forward                   | 637.482 ms                | 637.482 ms                |
| back: bucket keys         | 20.910 ms                 | 20.910 ms                 |
+---------------------------+---------------------------+---------------------------+
+---------------------------+---------------------------+---------------------------+
| Name                      | P50                       | P99                       |
+---------------------------+---------------------------+---------------------------+
| GenInput                  | 915.841 us                | 915.841 us                |
| Forward                   | 637.482 ms                | 637.482 ms                |
| back: bucket keys         | 20.910 ms                 | 20.910 ms                 |
+---------------------------+---------------------------+---------------------------+
+---------------------------+---------------------------+---------------------------+
| Name                      | P50                       | P99                       |
+---------------------------+---------------------------+---------------------------+
| GenInput                  | 915.841 us                | 915.841 us                |
| Forward                   | 637.482 ms                | 637.482 ms                |
| back: bucket keys         | 20.910 ms                 | 20.910 ms                 |
+---------------------------+---------------------------+---------------------------+
+---------------------------+---------------------------+---------------------------+
| Name                      | P50                       | P99                       |
+---------------------------+---------------------------+---------------------------+
| GenInput                  | 915.841 us                | 915.841 us                |
| Forward                   | 637.482 ms                | 637.482 ms                |
| back: bucket keys         | 20.910 ms                 | 20.910 ms                 |
+---------------------------+---------------------------+---------------------------+
+---------------------------+---------------------------+---------------------------+
| Name                      | P50                       | P99                       |
+---------------------------+---------------------------+---------------------------+
| GenInput                  | 915.841 us                | 915.841 us                |
| Forward                   | 637.482 ms                | 637.482 ms                |
| back: bucket keys         | 20.910 ms                 | 20.910 ms                 |
+---------------------------+---------------------------+---------------------------+
+---------------------------+---------------------------+---------------------------+
| Name                      | P50                       | P99                       |
+---------------------------+---------------------------+---------------------------+
| GenInput                  | 915.841 us                | 915.841 us                |
| Forward                   | 637.482 ms                | 637.482 ms                |
| back: bucket keys         | 20.910 ms                 | 20.910 ms                 |
+---------------------------+---------------------------+---------------------------+
+---------------------------+---------------------------+---------------------------+
| Name                      | P50                       | P99                       |
+---------------------------+---------------------------+---------------------------+
| GenInput                  | 2.280 ms                  | 22.462 ms                 |
| Forward                   | 5.318 ms                  | 637.482 ms                |
| back: bucket keys         | 916.481 us                | 20.910 ms                 |
| back: a2a                 | 13.015 ms                 | 48.083 s                  |
| back: cache               | 5.180 ms                  | 14.559 ms                 |
| back: aggr dram keys      | 41.749 ms                 | 1.039 s                   |
| back: set dram grad       | 2.344 ms                  | 7.764 ms                  |
| Backward                  | 136.112 ms                | 49.544 s                  |
| Optimize                  | 29.335 ms                 | 48.363 ms                 |
| BarrierTimeBeforeRank0    | 60.679 us                 | 171.388 us                |
| BlockToStepN              | 135.343 us                | 982.007 us                |
| OneStep                   | 173.392 ms                | 50.234 s                  |
+---------------------------+---------------------------+---------------------------+
+---------------------------+---------------------------+---------------------------+
| Name                      | P50                       | P99                       |
+---------------------------+---------------------------+---------------------------+
| GenInput                  | 3.100 ms                  | 22.630 ms                 |
| Forward                   | 5.216 ms                  | 637.482 ms                |
| back: bucket keys         | 961.065 us                | 5.809 ms                  |
| back: a2a                 | 13.002 ms                 | 23.740 ms                 |
| back: cache               | 5.304 ms                  | 13.375 ms                 |
| back: aggr dram keys      | 42.666 ms                 | 74.960 ms                 |
| back: set dram grad       | 2.351 ms                  | 7.764 ms                  |
| Backward                  | 139.996 ms                | 49.544 s                  |
| Optimize                  | 34.418 ms                 | 48.363 ms                 |
| BarrierTimeBeforeRank0    | 59.767 us                 | 171.388 us                |
| BlockToStepN              | 190.704 us                | 1.095 ms                  |
| OneStep                   | 186.238 ms                | 50.234 s                  |
+---------------------------+---------------------------+---------------------------+
+---------------------------+---------------------------+---------------------------+
| Name                      | P50                       | P99                       |
+---------------------------+---------------------------+---------------------------+
| GenInput                  | 2.886 ms                  | 22.462 ms                 |
| Forward                   | 5.050 ms                  | 22.326 ms                 |
| back: bucket keys         | 961.065 us                | 5.809 ms                  |
| back: a2a                 | 13.303 ms                 | 38.069 ms                 |
| back: cache               | 5.395 ms                  | 13.375 ms                 |
| back: aggr dram keys      | 43.940 ms                 | 74.960 ms                 |
| back: set dram grad       | 2.344 ms                  | 7.764 ms                  |
| Backward                  | 143.129 ms                | 179.248 ms                |
| Optimize                  | 34.600 ms                 | 41.404 ms                 |
| BarrierTimeBeforeRank0    | 57.431 us                 | 171.388 us                |
| BlockToStepN              | 136.133 us                | 1.095 ms                  |
| OneStep                   | 187.598 ms                | 232.988 ms                |
+---------------------------+---------------------------+---------------------------+
+---------------------------+---------------------------+---------------------------+
| Name                      | P50                       | P99                       |
+---------------------------+---------------------------+---------------------------+
| GenInput                  | 2.763 ms                  | 22.462 ms                 |
| Forward                   | 4.942 ms                  | 22.326 ms                 |
| back: bucket keys         | 961.065 us                | 5.809 ms                  |
| back: a2a                 | 13.303 ms                 | 28.670 ms                 |
| back: cache               | 5.473 ms                  | 9.820 ms                  |
| back: aggr dram keys      | 43.586 ms                 | 69.834 ms                 |
| back: set dram grad       | 2.350 ms                  | 7.004 ms                  |
| Backward                  | 144.090 ms                | 187.401 ms                |
| Optimize                  | 34.610 ms                 | 46.820 ms                 |
| BarrierTimeBeforeRank0    | 56.284 us                 | 197.928 us                |
| BlockToStepN              | 135.558 us                | 1.150 ms                  |
| OneStep                   | 187.598 ms                | 237.498 ms                |
+---------------------------+---------------------------+---------------------------+
train_sampler.Prefill()
before start barrier
start train
[proc 6] 100 steps, total: 69.123, sample: 0.418, forward: 1.094, backward: 60.405, update: 0.386
train_sampler.Prefill()
before start barrier
start train
[proc 5] 100 steps, total: 69.097, sample: 0.415, forward: 1.094, backward: 60.334, update: 0.358
train_sampler.Prefill()
before start barrier
start train
[proc 4] 100 steps, total: 69.122, sample: 0.429, forward: 1.124, backward: 60.293, update: 0.380
train_sampler.Prefill()
before start barrier
start train
[proc 7] 100 steps, total: 69.124, sample: 0.394, forward: 1.121, backward: 60.391, update: 0.307
train_sampler.Prefill()
before start barrier
start train
[proc 3] 100 steps, total: 69.120, sample: 0.429, forward: 1.109, backward: 60.440, update: 0.402
train_sampler.Prefill()
before start barrier
start train
[proc 2] 100 steps, total: 69.107, sample: 0.442, forward: 1.153, backward: 60.338, update: 0.384
train_sampler.Prefill()
before start barrier
start train
[proc 1] 100 steps, total: 69.108, sample: 0.427, forward: 1.042, backward: 60.455, update: 0.405
train_sampler.Prefill()
-------Step 0-------
tensor([ 1988,    86,  3525,  3393, 11464, 14666,  1134,   441, 11879, 11123]) tensor([ 1738,  8994,  5778, 10909, 12397,  1038,   569,  5097,   526, 12046])
-------Step 1-------
tensor([ 1988,    86,  3525,  3393, 11464, 14666,  1134,   441, 11879, 11123]) tensor([ 3800, 10794, 14911,  1458,  1083,  9085, 13690, 10496,  5061, 12374])
-------Step 2-------
tensor([ 6964, 10459,  4753,  3341,  9559,  7485,  9248,    76, 12972,   944]) tensor([ 3670,  4483,  3598,  8158,  5516,  9120, 13066,  8441, 12789, 10015])
-------Step 3-------
tensor([ 6964, 10459,  4753,  3341,  9559,  7485,  9248,    76, 12972,   944]) tensor([ 8094,  6309,  8978, 13290,  7665,   688,  5794,  2258, 13148,  2156])
-------Step 4-------
tensor([   86, 11562, 10014,  5139,  5620,  3576,    14,  6234,  7120,   985]) tensor([ 608, 1137, 3784, 3082, 2962, 2469,  441, 7081, 5393, 1855])
-------Step 5-------
tensor([   86, 11562, 10014,  5139,  5620,  3576,    14,  6234,  7120,   985]) tensor([10626,  4424,  6546,  1828,  3427,   833,   803,  1475,  6209,  6247])
-------Step 6-------
tensor([ 1579,  8396,    15,    29,  7782,  2924,  7385, 10488, 14566, 13723]) tensor([10459,  2631,  8908,  4019, 11056,  8948,  3753,  8475,  9532, 11889])
-------Step 7-------
tensor([ 1579,  8396,    15,    29,  7782,  2924,  7385, 10488, 14566, 13723]) tensor([13603, 12699,  4247,  6227,  1280, 10537,  7872,  3695,   155, 12208])
-------Step 8-------
tensor([ 3328,  6980,  4582, 13222,    79,    80, 10081, 11978,    35,  1925]) tensor([ 6417,  5428,  4473,  7317,  2630, 13519,  9130,  1368,  9035,  2961])
-------Step 9-------
tensor([ 3328,  6980,  4582, 13222,    79,    80, 10081, 11978,    35,  1925]) tensor([11586,  3722, 13693,  9554, 14823, 14378, 13499, 10496,   667, 14197])
before start barrier
start train
[proc 0] 100 steps, total: 69.096, sample: 0.483, forward: 1.186, backward: 63.883, update: 3.385
+---------------------------+---------------------------+---------------------------+
| Name                      | P50                       | P99                       |
+---------------------------+---------------------------+---------------------------+
| GenInput                  | 2.651 ms                  | 22.462 ms                 |
| Forward                   | 4.959 ms                  | 22.326 ms                 |
| back: bucket keys         | 961.065 us                | 5.809 ms                  |
| back: a2a                 | 13.319 ms                 | 33.425 ms                 |
| back: cache               | 5.522 ms                  | 10.304 ms                 |
| back: aggr dram keys      | 43.586 ms                 | 69.834 ms                 |
| back: set dram grad       | 2.367 ms                  | 7.004 ms                  |
| Backward                  | 143.129 ms                | 187.401 ms                |
| Optimize                  | 34.624 ms                 | 46.820 ms                 |
| BarrierTimeBeforeRank0    | 55.173 us                 | 242.046 us                |
| BlockToStepN              | 135.558 us                | 1.265 ms                  |
| OneStep                   | 187.598 ms                | 237.498 ms                |
+---------------------------+---------------------------+---------------------------+
+---------------------------+---------------------------+---------------------------+
| Name                      | P50                       | P99                       |
+---------------------------+---------------------------+---------------------------+
| GenInput                  | 2.371 ms                  | 22.630 ms                 |
| Forward                   | 4.949 ms                  | 22.326 ms                 |
| back: bucket keys         | 961.065 us                | 5.809 ms                  |
| back: a2a                 | 13.319 ms                 | 30.370 ms                 |
| back: cache               | 5.517 ms                  | 10.680 ms                 |
| back: aggr dram keys      | 43.454 ms                 | 69.670 ms                 |
| back: set dram grad       | 2.374 ms                  | 7.004 ms                  |
| Backward                  | 142.775 ms                | 187.401 ms                |
| Optimize                  | 34.610 ms                 | 46.820 ms                 |
| BarrierTimeBeforeRank0    | 54.964 us                 | 242.046 us                |
| BlockToStepN              | 135.558 us                | 1.376 ms                  |
| OneStep                   | 187.831 ms                | 237.498 ms                |
+---------------------------+---------------------------+---------------------------+
+---------------------------+---------------------------+---------------------------+
| Name                      | P50                       | P99                       |
+---------------------------+---------------------------+---------------------------+
| GenInput                  | 2.371 ms                  | 22.462 ms                 |
| Forward                   | 4.921 ms                  | 15.905 ms                 |
| back: bucket keys         | 980.139 us                | 5.809 ms                  |
| back: a2a                 | 13.319 ms                 | 33.425 ms                 |
| back: cache               | 5.514 ms                  | 10.680 ms                 |
| back: aggr dram keys      | 43.551 ms                 | 69.670 ms                 |
| back: set dram grad       | 2.379 ms                  | 7.004 ms                  |
| Backward                  | 143.181 ms                | 179.248 ms                |
| Optimize                  | 34.600 ms                 | 46.578 ms                 |
| BarrierTimeBeforeRank0    | 54.873 us                 | 275.680 us                |
| BlockToStepN              | 135.343 us                | 1.376 ms                  |
| OneStep                   | 188.261 ms                | 232.988 ms                |
+---------------------------+---------------------------+---------------------------+
+---------------------------+---------------------------+---------------------------+
| Name                      | P50                       | P99                       |
+---------------------------+---------------------------+---------------------------+
| GenInput                  | 2.367 ms                  | 22.477 ms                 |
| Forward                   | 4.949 ms                  | 15.905 ms                 |
| back: bucket keys         | 980.139 us                | 5.180 ms                  |
| back: a2a                 | 13.321 ms                 | 33.425 ms                 |
