WARNING: Logging before InitGoogleLogging() is written to STDERR
I20240217 15:47:42.581264 26446 IPC_barrier.h:128] MultiProcessBarrierFactory->ClearIPCMemory()
W20240217 15:47:42.589052 26446 IPCTensor.h:369] NewIPCTensor: full_emb [10000000, 32]0x100000002000 1.192 GB
/data/home/xieminhui/RecStore/src/framework_adapters/torch/python/perf_emb.py:148: DeprecationWarning: The 'warn' function is deprecated, use 'warning' instead
  XLOG.warn("After init DistEmbedding")
WARNING [26446 perf_emb.py:148] After init DistEmbedding
========== Running Perf with routine <function routine_local_cache_helper at 0x7fb20b761b20>==========
Worker 1 pid=26810
Worker 2 pid=26811
Worker 3 pid=26812
Worker 4 pid=26813
Worker 5 pid=26814
Worker 6 pid=26815
INFO [26446 distributed_c10d.py:442] Added key: store_based_barrier_key:1 to store for rank: 0
INFO [26810 distributed_c10d.py:442] Added key: store_based_barrier_key:1 to store for rank: 1
INFO [26811 distributed_c10d.py:442] Added key: store_based_barrier_key:1 to store for rank: 2
INFO [26812 distributed_c10d.py:442] Added key: store_based_barrier_key:1 to store for rank: 3
INFO [26813 distributed_c10d.py:442] Added key: store_based_barrier_key:1 to store for rank: 4
INFO [26814 distributed_c10d.py:442] Added key: store_based_barrier_key:1 to store for rank: 5
INFO [26815 distributed_c10d.py:442] Added key: store_based_barrier_key:1 to store for rank: 6
INFO [26816 distributed_c10d.py:442] Added key: store_based_barrier_key:1 to store for rank: 7
INFO [26814 distributed_c10d.py:476] Rank 5: Completed store-based barrier for key:store_based_barrier_key:1 with 8 nodes.
INFO [26816 distributed_c10d.py:476] Rank 7: Completed store-based barrier for key:store_based_barrier_key:1 with 8 nodes.
INFO [26815 distributed_c10d.py:476] Rank 6: Completed store-based barrier for key:store_based_barrier_key:1 with 8 nodes.
INFO [26813 distributed_c10d.py:476] Rank 4: Completed store-based barrier for key:store_based_barrier_key:1 with 8 nodes.
E20240217 15:47:49.200351 26814 IPCTensor.h:348] IPCTensor full_emb already exists
E20240217 15:47:49.200562 26816 IPCTensor.h:348] IPCTensor full_emb already exists
E20240217 15:47:49.200531 26813 IPCTensor.h:348] IPCTensor full_emb already exists
E20240217 15:47:49.200565 26815 IPCTensor.h:348] IPCTensor full_emb already exists
INFO [26446 distributed_c10d.py:476] Rank 0: Completed store-based barrier for key:store_based_barrier_key:1 with 8 nodes.
INFO [26810 distributed_c10d.py:476] Rank 1: Completed store-based barrier for key:store_based_barrier_key:1 with 8 nodes.
E20240217 15:47:49.205837 26446 IPCTensor.h:348] IPCTensor full_emb already exists
INFO [26811 distributed_c10d.py:476] Rank 2: Completed store-based barrier for key:store_based_barrier_key:1 with 8 nodes.
E20240217 15:47:49.206216 26810 IPCTensor.h:348] IPCTensor full_emb already exists
INFO [26812 distributed_c10d.py:476] Rank 3: Completed store-based barrier for key:store_based_barrier_key:1 with 8 nodes.
E20240217 15:47:49.206671 26811 IPCTensor.h:348] IPCTensor full_emb already exists
E20240217 15:47:49.206966 26812 IPCTensor.h:348] IPCTensor full_emb already exists
W20240217 15:47:54.813973 26815 IPCTensor.h:409] NewIPCGPUTensor: embedding_cache_6 [100000, 32]; dev=6; size=12.21 MB
W20240217 15:47:54.814033 26816 IPCTensor.h:409] NewIPCGPUTensor: embedding_cache_7 [100000, 32]; dev=7; size=12.21 MB
W20240217 15:47:54.814839 26810 IPCTensor.h:409] NewIPCGPUTensor: embedding_cache_1 [100000, 32]; dev=1; size=12.21 MB
W20240217 15:47:54.817940 26813 IPCTensor.h:409] NewIPCGPUTensor: embedding_cache_4 [100000, 32]; dev=4; size=12.21 MB
W20240217 15:47:54.818195 26811 IPCTensor.h:409] NewIPCGPUTensor: embedding_cache_2 [100000, 32]; dev=2; size=12.21 MB
W20240217 15:47:54.818200 26814 IPCTensor.h:409] NewIPCGPUTensor: embedding_cache_5 [100000, 32]; dev=5; size=12.21 MB
W20240217 15:47:54.818202 26812 IPCTensor.h:409] NewIPCGPUTensor: embedding_cache_3 [100000, 32]; dev=3; size=12.21 MB
W20240217 15:47:54.818259 26446 IPCTensor.h:409] NewIPCGPUTensor: embedding_cache_0 [100000, 32]; dev=0; size=12.21 MB
W20240217 15:47:55.559000 26810 IPCTensor.h:369] NewIPCTensor: input_keys_1 [1000000]0x10004c4ba000 7.629 MB
W20240217 15:47:55.559176 26810 IPCTensor.h:369] NewIPCTensor: input_keys_neg_1 [1000000]0x10004cc5d000 7.629 MB
W20240217 15:47:55.559232 26810 IPCTensor.h:369] NewIPCTensor: backward_grads_1 [1000000, 32]0x10004d400000 122.1 MB
W20240217 15:47:55.559284 26810 IPCTensor.h:369] NewIPCTensor: backward_grads_neg_1 [1000000, 32]0x100054e14000 122.1 MB
W20240217 15:47:55.559324 26810 IPCTensor.h:409] NewIPCGPUTensor: backward_grads_1_gpu [1000000, 32]; dev=1; size=122.1 MB
W20240217 15:47:55.559890 26810 IPCTensor.h:409] NewIPCGPUTensor: backward_grads_neg_1_gpu [1000000, 32]; dev=1; size=122.1 MB
W20240217 15:47:55.604887 26816 IPCTensor.h:369] NewIPCTensor: input_keys_7 [1000000]0x10005c830000 7.629 MB
W20240217 15:47:55.605098 26816 IPCTensor.h:369] NewIPCTensor: input_keys_neg_7 [1000000]0x10005cfd3000 7.629 MB
W20240217 15:47:55.605165 26816 IPCTensor.h:369] NewIPCTensor: backward_grads_7 [1000000, 32]0x10005d776000 122.1 MB
W20240217 15:47:55.605248 26816 IPCTensor.h:369] NewIPCTensor: backward_grads_neg_7 [1000000, 32]0x10006518a000 122.1 MB
W20240217 15:47:55.605302 26816 IPCTensor.h:409] NewIPCGPUTensor: backward_grads_7_gpu [1000000, 32]; dev=7; size=122.1 MB
W20240217 15:47:55.606163 26816 IPCTensor.h:409] NewIPCGPUTensor: backward_grads_neg_7_gpu [1000000, 32]; dev=7; size=122.1 MB
W20240217 15:47:55.606384 26446 IPCTensor.h:369] NewIPCTensor: input_keys_0 [1000000]0x10006cba0000 7.629 MB
W20240217 15:47:55.606837 26446 IPCTensor.h:369] NewIPCTensor: input_keys_neg_0 [1000000]0x10006d343000 7.629 MB
W20240217 15:47:55.606911 26446 IPCTensor.h:369] NewIPCTensor: backward_grads_0 [1000000, 32]0x10006dae6000 122.1 MB
W20240217 15:47:55.606966 26446 IPCTensor.h:369] NewIPCTensor: backward_grads_neg_0 [1000000, 32]0x1000754fa000 122.1 MB
W20240217 15:47:55.607026 26446 IPCTensor.h:409] NewIPCGPUTensor: backward_grads_0_gpu [1000000, 32]; dev=0; size=122.1 MB
W20240217 15:47:55.607975 26813 IPCTensor.h:369] NewIPCTensor: input_keys_4 [1000000]0x10007cf12000 7.629 MB
W20240217 15:47:55.608044 26446 IPCTensor.h:409] NewIPCGPUTensor: backward_grads_neg_0_gpu [1000000, 32]; dev=0; size=122.1 MB
W20240217 15:47:55.608132 26813 IPCTensor.h:369] NewIPCTensor: input_keys_neg_4 [1000000]0x10007d6b7000 7.629 MB
W20240217 15:47:55.608192 26813 IPCTensor.h:369] NewIPCTensor: backward_grads_4 [1000000, 32]0x10007de5a000 122.1 MB
W20240217 15:47:55.608244 26813 IPCTensor.h:369] NewIPCTensor: backward_grads_neg_4 [1000000, 32]0x10008586e000 122.1 MB
W20240217 15:47:55.608310 26813 IPCTensor.h:409] NewIPCGPUTensor: backward_grads_4_gpu [1000000, 32]; dev=4; size=122.1 MB
W20240217 15:47:55.608714 26813 IPCTensor.h:409] NewIPCGPUTensor: backward_grads_neg_4_gpu [1000000, 32]; dev=4; size=122.1 MB
W20240217 15:47:55.618563 26814 IPCTensor.h:369] NewIPCTensor: input_keys_5 [1000000]0x10008d28a000 7.629 MB
W20240217 15:47:55.618746 26814 IPCTensor.h:369] NewIPCTensor: input_keys_neg_5 [1000000]0x10008da2d000 7.629 MB
W20240217 15:47:55.618835 26814 IPCTensor.h:369] NewIPCTensor: backward_grads_5 [1000000, 32]0x10008e1d0000 122.1 MB
W20240217 15:47:55.618922 26814 IPCTensor.h:369] NewIPCTensor: backward_grads_neg_5 [1000000, 32]0x100095be4000 122.1 MB
W20240217 15:47:55.618976 26814 IPCTensor.h:409] NewIPCGPUTensor: backward_grads_5_gpu [1000000, 32]; dev=5; size=122.1 MB
W20240217 15:47:55.619369 26814 IPCTensor.h:409] NewIPCGPUTensor: backward_grads_neg_5_gpu [1000000, 32]; dev=5; size=122.1 MB
W20240217 15:47:55.649119 26815 IPCTensor.h:369] NewIPCTensor: input_keys_6 [1000000]0x10009d5fe000 7.629 MB
W20240217 15:47:55.649276 26815 IPCTensor.h:369] NewIPCTensor: input_keys_neg_6 [1000000]0x10009dda1000 7.629 MB
W20240217 15:47:55.649330 26815 IPCTensor.h:369] NewIPCTensor: backward_grads_6 [1000000, 32]0x10009e544000 122.1 MB
W20240217 15:47:55.649389 26815 IPCTensor.h:369] NewIPCTensor: backward_grads_neg_6 [1000000, 32]0x1000a5f58000 122.1 MB
W20240217 15:47:55.649442 26815 IPCTensor.h:409] NewIPCGPUTensor: backward_grads_6_gpu [1000000, 32]; dev=6; size=122.1 MB
W20240217 15:47:55.650231 26815 IPCTensor.h:409] NewIPCGPUTensor: backward_grads_neg_6_gpu [1000000, 32]; dev=6; size=122.1 MB
W20240217 15:47:55.851280 26811 IPCTensor.h:369] NewIPCTensor: input_keys_2 [1000000]0x1000ad972000 7.629 MB
W20240217 15:47:55.851657 26811 IPCTensor.h:369] NewIPCTensor: input_keys_neg_2 [1000000]0x1000ae115000 7.629 MB
W20240217 15:47:55.851826 26811 IPCTensor.h:369] NewIPCTensor: backward_grads_2 [1000000, 32]0x1000ae8b8000 122.1 MB
W20240217 15:47:55.851996 26811 IPCTensor.h:369] NewIPCTensor: backward_grads_neg_2 [1000000, 32]0x1000b62cc000 122.1 MB
W20240217 15:47:55.852157 26811 IPCTensor.h:409] NewIPCGPUTensor: backward_grads_2_gpu [1000000, 32]; dev=2; size=122.1 MB
W20240217 15:47:55.860442 26811 IPCTensor.h:409] NewIPCGPUTensor: backward_grads_neg_2_gpu [1000000, 32]; dev=2; size=122.1 MB
W20240217 15:47:55.868523 26812 IPCTensor.h:369] NewIPCTensor: input_keys_3 [1000000]0x1000bdce6000 7.629 MB
W20240217 15:47:55.868659 26812 IPCTensor.h:369] NewIPCTensor: input_keys_neg_3 [1000000]0x1000be489000 7.629 MB
W20240217 15:47:55.868717 26812 IPCTensor.h:369] NewIPCTensor: backward_grads_3 [1000000, 32]0x1000bec2c000 122.1 MB
W20240217 15:47:55.868785 26812 IPCTensor.h:369] NewIPCTensor: backward_grads_neg_3 [1000000, 32]0x1000c6640000 122.1 MB
W20240217 15:47:55.868836 26812 IPCTensor.h:409] NewIPCGPUTensor: backward_grads_3_gpu [1000000, 32]; dev=3; size=122.1 MB
W20240217 15:47:55.872154 26812 IPCTensor.h:409] NewIPCGPUTensor: backward_grads_neg_3_gpu [1000000, 32]; dev=3; size=122.1 MB
cudaHostRegister 0x100000002000
7: KnownLocalCachedEmbedding init done
cudaHostRegister 0x100000002000
6: KnownLocalCachedEmbedding init done
cudaHostRegister 0x100000002000
4: KnownLocalCachedEmbedding init done
cudaHostRegister 0x100000002000
5: KnownLocalCachedEmbedding init done
cudaHostRegister 0x100000002000
1: KnownLocalCachedEmbedding init done
cudaHostRegister 0x100000002000
2: KnownLocalCachedEmbedding init done
cudaHostRegister 0x100000002000
3: KnownLocalCachedEmbedding init done
Worker 7 pid=26816
New CachedEmbedding, name=full_emb, shape=(10000000, 32), cache_type=KnownLocalCachedEmbedding
fixed cache_range is [(0, 100000), (100000, 200000), (200000, 300000), (300000, 400000), (400000, 500000), (500000, 600000), (600000, 700000), (700000, 800000)]
cudaHostRegister 0x100000002000
0: KnownLocalCachedEmbedding init done
W20240217 15:47:56.233292 26816 IPCTensor.h:369] NewIPCTensor: cached_sampler_r7_0 [1000000]0x1000ce058000 7.629 MB
W20240217 15:47:56.233345 26812 IPCTensor.h:369] NewIPCTensor: cached_sampler_r3_0 [1000000]0x1000ce7fb000 7.629 MB
W20240217 15:47:56.233426 26816 IPCTensor.h:369] NewIPCTensor: cached_sampler_r7_1 [1000000]0x1000cef9e000 7.629 MB
W20240217 15:47:56.233490 26816 IPCTensor.h:369] NewIPCTensor: cached_sampler_r7_2 [1000000]0x1000cf741000 7.629 MB
W20240217 15:47:56.233539 26816 IPCTensor.h:369] NewIPCTensor: cached_sampler_r7_3 [1000000]0x1000d0687000 7.629 MB
W20240217 15:47:56.233578 26816 IPCTensor.h:369] NewIPCTensor: cached_sampler_r7_4 [1000000]0x1000d0e2a000 7.629 MB
W20240217 15:47:56.233537 26810 IPCTensor.h:369] NewIPCTensor: cached_sampler_r1_0 [1000000]0x1000cfee4000 7.629 MB
W20240217 15:47:56.233606 26812 IPCTensor.h:369] NewIPCTensor: cached_sampler_r3_1 [1000000]0x1000d15cd000 7.629 MB
W20240217 15:47:56.233637 26816 IPCTensor.h:369] NewIPCTensor: cached_sampler_r7_5 [1000000]0x1000d1d70000 7.629 MB
W20240217 15:47:56.233681 26816 IPCTensor.h:369] NewIPCTensor: cached_sampler_r7_6 [1000000]0x1000d2513000 7.629 MB
W20240217 15:47:56.233745 26812 IPCTensor.h:369] NewIPCTensor: cached_sampler_r3_2 [1000000]0x1000d2cb6000 7.629 MB
W20240217 15:47:56.233762 26816 IPCTensor.h:369] NewIPCTensor: cached_sampler_r7_7 [1000000]0x1000d3459000 7.629 MB
W20240217 15:47:56.233819 26816 IPCTensor.h:369] NewIPCTensor: cached_sampler_r7_8 [1000000]0x1000d3bfc000 7.629 MB
W20240217 15:47:56.233836 26810 IPCTensor.h:369] NewIPCTensor: cached_sampler_r1_1 [1000000]0x1000d439f000 7.629 MB
W20240217 15:47:56.233882 26816 IPCTensor.h:369] NewIPCTensor: cached_sampler_r7_9 [1000000]0x1000d52e5000 7.629 MB
W20240217 15:47:56.233876 26812 IPCTensor.h:369] NewIPCTensor: cached_sampler_r3_3 [1000000]0x1000d4b42000 7.629 MB
W20240217 15:47:56.233961 26816 IPCTensor.h:369] NewIPCTensor: step_r7 [10]0x1000d5a88000 80 B 
W20240217 15:47:56.233989 26810 IPCTensor.h:369] NewIPCTensor: cached_sampler_r1_2 [1000000]0x1000d5a8a000 7.629 MB
W20240217 15:47:56.234019 26816 IPCTensor.h:369] NewIPCTensor: circle_buffer_end_r7 [1]0x1000d69d0000 8 B 
W20240217 15:47:56.234015 26812 IPCTensor.h:369] NewIPCTensor: cached_sampler_r3_4 [1000000]0x1000d622d000 7.629 MB
W20240217 15:47:56.234064 26816 IPCTensor.h:369] NewIPCTensor: circle_buffer_end_cppseen_r7 [1]0x1000d69d2000 8 B 
W20240217 15:47:56.234112 26810 IPCTensor.h:369] NewIPCTensor: cached_sampler_r1_3 [1000000]0x1000d69d4000 7.629 MB
W20240217 15:47:56.234149 26812 IPCTensor.h:369] NewIPCTensor: cached_sampler_r3_5 [1000000]0x1000d7177000 7.629 MB
W20240217 15:47:56.234228 26810 IPCTensor.h:369] NewIPCTensor: cached_sampler_r1_4 [1000000]0x1000d791a000 7.629 MB
W20240217 15:47:56.234253 26812 IPCTensor.h:369] NewIPCTensor: cached_sampler_r3_6 [1000000]0x1000d80bd000 7.629 MB
W20240217 15:47:56.234335 26810 IPCTensor.h:369] NewIPCTensor: cached_sampler_r1_5 [1000000]0x1000d8860000 7.629 MB
W20240217 15:47:56.234424 26812 IPCTensor.h:369] NewIPCTensor: cached_sampler_r3_7 [1000000]0x1000d9003000 7.629 MB
W20240217 15:47:56.234447 26810 IPCTensor.h:369] NewIPCTensor: cached_sampler_r1_6 [1000000]0x1000d9f49000 7.629 MB
W20240217 15:47:56.234443 26815 IPCTensor.h:369] NewIPCTensor: cached_sampler_r6_0 [1000000]0x1000d97a6000 7.629 MB
W20240217 15:47:56.234504 26813 IPCTensor.h:369] NewIPCTensor: cached_sampler_r4_0 [1000000]0x1000da6ec000 7.629 MB
Construct PerfSampler done
W20240217 15:47:56.234542 26812 IPCTensor.h:369] NewIPCTensor: cached_sampler_r3_8 [1000000]0x1000dae8f000 7.629 MB
W20240217 15:47:56.234602 26811 IPCTensor.h:369] NewIPCTensor: cached_sampler_r2_0 [1000000]0x1000db632000 7.629 MB
W20240217 15:47:56.234629 26810 IPCTensor.h:369] NewIPCTensor: cached_sampler_r1_7 [1000000]0x1000dbdd5000 7.629 MB
I20240217 15:47:56.234691 26816 IPC_barrier.h:118] CreateBarrier: new barrier, name: kgcachecontroller, count: 8
W20240217 15:47:56.234699 26812 IPCTensor.h:369] NewIPCTensor: cached_sampler_r3_9 [1000000]0x1000dcd1b000 7.629 MB
W20240217 15:47:56.234692 26814 IPCTensor.h:369] NewIPCTensor: cached_sampler_r5_0 [1000000]0x1000dc578000 7.629 MB
W20240217 15:47:56.234742 26815 IPCTensor.h:369] NewIPCTensor: cached_sampler_r6_1 [1000000]0x1000dd4be000 7.629 MB
W20240217 15:47:56.234786 26810 IPCTensor.h:369] NewIPCTensor: cached_sampler_r1_8 [1000000]0x1000ddc61000 7.629 MB
W20240217 15:47:56.234872 26813 IPCTensor.h:369] NewIPCTensor: cached_sampler_r4_1 [1000000]0x1000de404000 7.629 MB
W20240217 15:47:56.234922 26815 IPCTensor.h:369] NewIPCTensor: cached_sampler_r6_2 [1000000]0x1000deba7000 7.629 MB
W20240217 15:47:56.234958 26814 IPCTensor.h:369] NewIPCTensor: cached_sampler_r5_1 [1000000]0x1000df34a000 7.629 MB
W20240217 15:47:56.235126 26812 IPCTensor.h:369] NewIPCTensor: step_r3 [10]0x1000dfaed000 80 B 
W20240217 15:47:56.235224 26811 IPCTensor.h:369] NewIPCTensor: cached_sampler_r2_1 [1000000]0x1000dfaef000 7.629 MB
W20240217 15:47:56.235245 26814 IPCTensor.h:369] NewIPCTensor: cached_sampler_r5_2 [1000000]0x1000e0292000 7.629 MB
W20240217 15:47:56.235257 26815 IPCTensor.h:369] NewIPCTensor: cached_sampler_r6_3 [1000000]0x1000e0a35000 7.629 MB
W20240217 15:47:56.235288 26810 IPCTensor.h:369] NewIPCTensor: cached_sampler_r1_9 [1000000]0x1000e11d8000 7.629 MB
W20240217 15:47:56.235298 26812 IPCTensor.h:369] NewIPCTensor: circle_buffer_end_r3 [1]0x1000e197b000 8 B 
W20240217 15:47:56.235337 26813 IPCTensor.h:369] NewIPCTensor: cached_sampler_r4_2 [1000000]0x1000e2120000 7.629 MB
W20240217 15:47:56.235323 26446 IPCTensor.h:369] NewIPCTensor: cached_sampler_r0_0 [1000000]0x1000e197d000 7.629 MB
W20240217 15:47:56.235406 26812 IPCTensor.h:369] NewIPCTensor: circle_buffer_end_cppseen_r3 [1]0x1000e28c3000 8 B 
W20240217 15:47:56.235426 26814 IPCTensor.h:369] NewIPCTensor: cached_sampler_r5_3 [1000000]0x1000e28c5000 7.629 MB
W20240217 15:47:56.235438 26815 IPCTensor.h:369] NewIPCTensor: cached_sampler_r6_4 [1000000]0x1000e3068000 7.629 MB
W20240217 15:47:56.235451 26811 IPCTensor.h:369] NewIPCTensor: cached_sampler_r2_2 [1000000]0x1000e380b000 7.629 MB
W20240217 15:47:56.235459 26810 IPCTensor.h:369] NewIPCTensor: step_r1 [10]0x1000e3fae000 80 B 
W20240217 15:47:56.235554 26813 IPCTensor.h:369] NewIPCTensor: cached_sampler_r4_3 [1000000]0x1000e3fb0000 7.629 MB
W20240217 15:47:56.235577 26810 IPCTensor.h:369] NewIPCTensor: circle_buffer_end_r1 [1]0x1000e4753000 8 B 
W20240217 15:47:56.235607 26815 IPCTensor.h:369] NewIPCTensor: cached_sampler_r6_5 [1000000]0x1000e4755000 7.629 MB
W20240217 15:47:56.235620 26814 IPCTensor.h:369] NewIPCTensor: cached_sampler_r5_4 [1000000]0x1000e4ef8000 7.629 MB
W20240217 15:47:56.235698 26810 IPCTensor.h:369] NewIPCTensor: circle_buffer_end_cppseen_r1 [1]0x1000e569b000 8 B 
W20240217 15:47:56.235745 26815 IPCTensor.h:369] NewIPCTensor: cached_sampler_r6_6 [1000000]0x1000e569d000 7.629 MB
W20240217 15:47:56.235769 26813 IPCTensor.h:369] NewIPCTensor: cached_sampler_r4_4 [1000000]0x1000e5e40000 7.629 MB
W20240217 15:47:56.235834 26814 IPCTensor.h:369] NewIPCTensor: cached_sampler_r5_5 [1000000]0x1000e65e3000 7.629 MB
W20240217 15:47:56.236006 26814 IPCTensor.h:369] NewIPCTensor: cached_sampler_r5_6 [1000000]0x1000e6d86000 7.629 MB
Construct PerfSampler done
W20240217 15:47:56.236083 26813 IPCTensor.h:369] NewIPCTensor: cached_sampler_r4_5 [1000000]0x1000e7529000 7.629 MB
W20240217 15:47:56.236097 26446 IPCTensor.h:369] NewIPCTensor: cached_sampler_r0_1 [1000000]0x1000e7ccc000 7.629 MB
W20240217 15:47:56.236114 26811 IPCTensor.h:369] NewIPCTensor: cached_sampler_r2_3 [1000000]0x1000e846f000 7.629 MB
W20240217 15:47:56.236140 26815 IPCTensor.h:369] NewIPCTensor: cached_sampler_r6_7 [1000000]0x1000e8c12000 7.629 MB
I20240217 15:47:56.236258 26812 IPC_barrier.h:112] CreateBarrier: find existing barrier, name: kgcachecontroller, count: 8
W20240217 15:47:56.236248 26814 IPCTensor.h:369] NewIPCTensor: cached_sampler_r5_7 [1000000]0x1000e93b5000 7.629 MB
W20240217 15:47:56.236282 26811 IPCTensor.h:369] NewIPCTensor: cached_sampler_r2_4 [1000000]0x1000e9b58000 7.629 MB
Construct PerfSampler done
W20240217 15:47:56.236294 26815 IPCTensor.h:369] NewIPCTensor: cached_sampler_r6_8 [1000000]0x1000ea2fb000 7.629 MB
W20240217 15:47:56.236299 26446 IPCTensor.h:369] NewIPCTensor: cached_sampler_r0_2 [1000000]0x1000eaa9e000 7.629 MB
W20240217 15:47:56.236337 26813 IPCTensor.h:369] NewIPCTensor: cached_sampler_r4_6 [1000000]0x1000eb241000 7.629 MB
W20240217 15:47:56.236442 26814 IPCTensor.h:369] NewIPCTensor: cached_sampler_r5_8 [1000000]0x1000eb9e4000 7.629 MB
I20240217 15:47:56.236447 26810 IPC_barrier.h:112] CreateBarrier: find existing barrier, name: kgcachecontroller, count: 8
W20240217 15:47:56.236454 26811 IPCTensor.h:369] NewIPCTensor: cached_sampler_r2_5 [1000000]0x1000ec187000 7.629 MB
W20240217 15:47:56.236459 26446 IPCTensor.h:369] NewIPCTensor: cached_sampler_r0_3 [1000000]0x1000ec92a000 7.629 MB
W20240217 15:47:56.236505 26815 IPCTensor.h:369] NewIPCTensor: cached_sampler_r6_9 [1000000]0x1000ed0cd000 7.629 MB
W20240217 15:47:56.236575 26446 IPCTensor.h:369] NewIPCTensor: cached_sampler_r0_4 [1000000]0x1000ed870000 7.629 MB
W20240217 15:47:56.236622 26814 IPCTensor.h:369] NewIPCTensor: cached_sampler_r5_9 [1000000]0x1000ee013000 7.629 MB
W20240217 15:47:56.236634 26811 IPCTensor.h:369] NewIPCTensor: cached_sampler_r2_6 [1000000]0x1000ee7b6000 7.629 MB
W20240217 15:47:56.236647 26813 IPCTensor.h:369] NewIPCTensor: cached_sampler_r4_7 [1000000]0x1000eef59000 7.629 MB
W20240217 15:47:56.236675 26815 IPCTensor.h:369] NewIPCTensor: step_r6 [10]0x1000ef6fc000 80 B 
W20240217 15:47:56.236683 26446 IPCTensor.h:369] NewIPCTensor: cached_sampler_r0_5 [1000000]0x1000ef6fe000 7.629 MB
W20240217 15:47:56.236800 26814 IPCTensor.h:369] NewIPCTensor: step_r5 [10]0x1000efea1000 80 B 
W20240217 15:47:56.236828 26815 IPCTensor.h:369] NewIPCTensor: circle_buffer_end_r6 [1]0x1000efea3000 8 B 
W20240217 15:47:56.236836 26446 IPCTensor.h:369] NewIPCTensor: cached_sampler_r0_6 [1000000]0x1000efea5000 7.629 MB
W20240217 15:47:56.236851 26811 IPCTensor.h:369] NewIPCTensor: cached_sampler_r2_7 [1000000]0x1000f0648000 7.629 MB
W20240217 15:47:56.236865 26813 IPCTensor.h:369] NewIPCTensor: cached_sampler_r4_8 [1000000]0x1000f0deb000 7.629 MB
W20240217 15:47:56.236953 26814 IPCTensor.h:369] NewIPCTensor: circle_buffer_end_r5 [1]0x1000f158e000 8 B 
W20240217 15:47:56.236964 26815 IPCTensor.h:369] NewIPCTensor: circle_buffer_end_cppseen_r6 [1]0x1000f1590000 8 B 
W20240217 15:47:56.236989 26446 IPCTensor.h:369] NewIPCTensor: cached_sampler_r0_7 [1000000]0x1000f1592000 7.629 MB
W20240217 15:47:56.237011 26811 IPCTensor.h:369] NewIPCTensor: cached_sampler_r2_8 [1000000]0x1000f1d35000 7.629 MB
W20240217 15:47:56.237082 26814 IPCTensor.h:369] NewIPCTensor: circle_buffer_end_cppseen_r5 [1]0x1000f24d8000 8 B 
W20240217 15:47:56.237102 26813 IPCTensor.h:369] NewIPCTensor: cached_sampler_r4_9 [1000000]0x1000f24da000 7.629 MB
W20240217 15:47:56.237135 26446 IPCTensor.h:369] NewIPCTensor: cached_sampler_r0_8 [1000000]0x1000f2c7d000 7.629 MB
W20240217 15:47:56.237191 26811 IPCTensor.h:369] NewIPCTensor: cached_sampler_r2_9 [1000000]0x1000f3420000 7.629 MB
W20240217 15:47:56.237303 26813 IPCTensor.h:369] NewIPCTensor: step_r4 [10]0x1000f3bc3000 80 B 
W20240217 15:47:56.237308 26446 IPCTensor.h:369] NewIPCTensor: cached_sampler_r0_9 [1000000]0x1000f3bc5000 7.629 MB
W20240217 15:47:56.237380 26811 IPCTensor.h:369] NewIPCTensor: step_r2 [10]0x1000f4368000 80 B 
W20240217 15:47:56.237432 26446 IPCTensor.h:369] NewIPCTensor: step_r0 [10]0x1000f436a000 80 B 
W20240217 15:47:56.237444 26813 IPCTensor.h:369] NewIPCTensor: circle_buffer_end_r4 [1]0x1000f436c000 8 B 
W20240217 15:47:56.237511 26811 IPCTensor.h:369] NewIPCTensor: circle_buffer_end_r2 [1]0x1000f436e000 8 B 
W20240217 15:47:56.237540 26446 IPCTensor.h:369] NewIPCTensor: circle_buffer_end_r0 [1]0x1000f4370000 8 B 
W20240217 15:47:56.237552 26813 IPCTensor.h:369] NewIPCTensor: circle_buffer_end_cppseen_r4 [1]0x1000f4372000 8 B 
Construct PerfSampler done
W20240217 15:47:56.237636 26811 IPCTensor.h:369] NewIPCTensor: circle_buffer_end_cppseen_r2 [1]0x1000f4374000 8 B 
W20240217 15:47:56.237654 26446 IPCTensor.h:369] NewIPCTensor: circle_buffer_end_cppseen_r0 [1]0x1000f4376000 8 B 
I20240217 15:47:56.237838 26815 IPC_barrier.h:112] CreateBarrier: find existing barrier, name: kgcachecontroller, count: 8
Construct PerfSampler done
I20240217 15:47:56.238200 26814 IPC_barrier.h:112] CreateBarrier: find existing barrier, name: kgcachecontroller, count: 8
Construct PerfSampler done
I20240217 15:47:56.238588 26813 IPC_barrier.h:112] CreateBarrier: find existing barrier, name: kgcachecontroller, count: 8
Construct PerfSampler done
Construct PerfSampler done
I20240217 15:47:56.239099 26811 IPC_barrier.h:112] CreateBarrier: find existing barrier, name: kgcachecontroller, count: 8
I20240217 15:47:56.239306 26446 IPC_barrier.h:112] CreateBarrier: find existing barrier, name: kgcachecontroller, count: 8
W20240217 15:47:56.242130 26446 grad_base.h:55] KGCacheController, config={
        "num_gpus": 8,
        "L": 10,
        "kForwardItersPerStep": 1,
        "clr": 1,
        "backwardMode": "CppAsyncV2",
        "nr_background_threads": 16,
        "cache_ratio": 0.01,
        "backgrad_init": "both"
    }
W20240217 15:47:56.242426 26446 grad_base.h:184] Init GradProcessingBase done
I20240217 15:47:57.506054 26446 grad_async_v2.h:42] Use main thread to update emb.
W20240217 15:47:57.506520 26446 kg_controller.h:78] after init GradAsyncProcessingV2
I20240217 15:47:57.506534 26446 kg_controller.h:84] Construct KGCacheController done
E20240217 15:47:59.289077 26811 recstore.cc:66] init folly done
E20240217 15:47:59.289160 26446 recstore.cc:66] init folly done
Construct KGCacheControllerWrapper done
E20240217 15:47:59.289182 26813 recstore.cc:66] init folly done
E20240217 15:47:59.289220 26814 recstore.cc:66] init folly done
E20240217 15:47:59.289224 26812 recstore.cc:66] init folly done
Construct KGCacheControllerWrapper done
Construct KGCacheControllerWrapper done
Construct KGCacheControllerWrapper done
Construct KGCacheControllerWrapper done
E20240217 15:47:59.289460 26816 recstore.cc:66] init folly done
Construct KGCacheControllerWrapper done
E20240217 15:47:59.290025 26810 recstore.cc:66] init folly done
Construct KGCacheControllerWrapper done
E20240217 15:47:59.290226 26815 recstore.cc:66] init folly done
Construct KGCacheControllerWrapper done
I20240217 15:47:59.291661 26446 grad_base.h:60] GraphEnv RegTensorsPerProcess
W20240217 15:48:00.154911 28183 grad_async_v2.h:137] Detect new sample comes, old_end0, new_end1
E20240217 15:48:00.155234 28183 parallel_pq_v2.h:79] insert failed, size(hashtable)=0
E20240217 15:48:01.155027 28183 parallel_pq_v2.h:79] insert failed, size(hashtable)=0
W20240217 15:48:01.170554 28183 grad_async_v2.h:137] Detect new sample comes, old_end4, new_end5
Before Training
I20240217 15:48:02.083622 26814 IPC_barrier.h:118] CreateBarrier: new barrier, name: start_barrier, count: 8
Before Training
I20240217 15:48:02.134136 26816 IPC_barrier.h:112] CreateBarrier: find existing barrier, name: start_barrier, count: 8
E20240217 15:48:02.155030 28183 parallel_pq_v2.h:79] insert failed, size(hashtable)=3281
Before Training
I20240217 15:48:02.160698 26446 IPC_barrier.h:112] CreateBarrier: find existing barrier, name: start_barrier, count: 8
W20240217 15:48:02.184756 28183 grad_async_v2.h:137] Detect new sample comes, old_end9, new_end0
Before Training
I20240217 15:48:02.185114 26810 IPC_barrier.h:112] CreateBarrier: find existing barrier, name: start_barrier, count: 8
Before Training
I20240217 15:48:02.209667 26811 IPC_barrier.h:112] CreateBarrier: find existing barrier, name: start_barrier, count: 8
Before Training
I20240217 15:48:02.235211 26812 IPC_barrier.h:112] CreateBarrier: find existing barrier, name: start_barrier, count: 8
Before Training
I20240217 15:48:02.259570 26813 IPC_barrier.h:112] CreateBarrier: find existing barrier, name: start_barrier, count: 8
Before Training
I20240217 15:48:02.283026 26815 IPC_barrier.h:112] CreateBarrier: find existing barrier, name: start_barrier, count: 8
========== Step 0 ========== 
========== Step 0 ========== 
========== Step 0 ========== 
========== Step 0 ========== 
========== Step 0 ========== 
========== Step 0 ========== 
========== Step 0 ========== 
========== Step 0 ========== 
E20240217 15:48:04.103065 28611 parallel_pq_v2.h:79] insert failed, size(hashtable)=0
W20240217 15:48:04.171705 26446 grad_async_v2.h:270] Sleep in <BlockToStepN>, step_no=1, pq.top=1
========== Step 1 ========== 
========== Step 1 ========== 
========== Step 1 ========== 
========== Step 1 ========== 
W20240217 15:48:04.243183 28183 grad_async_v2.h:137] Detect new sample comes, old_end1, new_end2
========== Step 1 ========== 
========== Step 1 ========== 
========== Step 1 ========== 
========== Step 1 ========== 
+---------------------------+---------------------------+---------------------------+
| Name                      | P50                       | P99                       |
+---------------------------+---------------------------+---------------------------+
| clean                     | 144.373 us                | 4.061 ms                  |
| ProcessBack:Shuffle       | 378.359 ms                | 378.359 ms                |
| ProcessBack:UpdateCache   | 1.268 s                   | 1.268 s                   |
| ProcessBack:UpsertPq      | 67.694 ms                 | 67.694 ms                 |
| ProcessOneStep            | 1.742 s                   | 1.742 s                   |
| BlockToStepN              | 68.150 ms                 | 68.150 ms                 |
+---------------------------+---------------------------+---------------------------+
========== Step 2 ========== 
========== Step 2 ========== 
========== Step 2 ========== 
========== Step 2 ========== 
========== Step 2 ========== 
========== Step 2 ========== 
========== Step 2 ========== 
========== Step 2 ========== 
========== Step 3 ========== 
========== Step 3 ========== 
========== Step 3 ========== 
========== Step 3 ========== 
========== Step 3 ========== 
========== Step 3 ========== 
========== Step 3 ========== 
========== Step 3 ========== 
========== Step 4 ========== 
========== Step 4 ========== 
========== Step 4 ========== 
========== Step 4 ========== 
========== Step 4 ========== 
========== Step 4 ========== 
========== Step 4 ========== 
========== Step 4 ========== 
========== Step 5 ========== 
========== Step 5 ========== 
========== Step 5 ========== 
========== Step 5 ========== 
========== Step 5 ========== 
========== Step 5 ========== 
========== Step 5 ========== 
========== Step 5 ========== 
E20240217 15:48:05.102010 28183 parallel_pq_v2.h:79] insert failed, size(hashtable)=4335
========== Step 6 ========== 
========== Step 6 ========== 
========== Step 6 ========== 
========== Step 6 ========== 
========== Step 6 ========== 
========== Step 6 ========== 
========== Step 6 ========== 
========== Step 6 ========== 
W20240217 15:48:05.353260 28183 grad_async_v2.h:137] Detect new sample comes, old_end3, new_end7
========== Step 7 ========== 
========== Step 7 ========== 
========== Step 7 ========== 
========== Step 7 ========== 
========== Step 7 ========== 
========== Step 7 ========== 
========== Step 7 ========== 
========== Step 7 ========== 
========== Step 8 ========== 
========== Step 8 ========== 
========== Step 8 ========== 
========== Step 8 ========== 
========== Step 8 ========== 
========== Step 8 ========== 
========== Step 8 ========== 
========== Step 8 ========== 
========== Step 9 ========== 
========== Step 9 ========== 
========== Step 9 ========== 
========== Step 9 ========== 
========== Step 9 ========== 
========== Step 9 ========== 
========== Step 9 ========== 
========== Step 9 ========== 
E20240217 15:48:06.104306 28183 parallel_pq_v2.h:79] insert failed, size(hashtable)=11753
========== Step 10 ========== 
========== Step 10 ========== 
========== Step 10 ========== 
========== Step 10 ========== 
========== Step 10 ========== 
========== Step 10 ========== 
========== Step 10 ========== 
========== Step 10 ========== 
+---------------------------+---------------------------+---------------------------+
| Name                      | P50                       | P99                       |
+---------------------------+---------------------------+---------------------------+
| GenInput:CircleBuffer     | 138.665 us                | 431.217 us                |
| GenInput                  | 783.156 us                | 5.522 ms                  |
| forward: NN               | 97.309 us                 | 69.225 ms                 |
| Forward                   | 449.301 us                | 73.672 ms                 |
| Backward                  | 932.708 us                | 66.601 ms                 |
| Optimize                  | 169.094 us                | 579.594 us                |
| BarrierTimeBeforeRank0    | 213.569 us                | 1.330 ms                  |
| AfterBackward             | 264.214 ms                | 1.742 s                   |
| BlockToStepN              | 119.690 us                | 69.200 ms                 |
| OneStep                   | 267.091 ms                | 1.958 s                   |
+---------------------------+---------------------------+---------------------------+
========== Step 11 ========== 
========== Step 11 ========== 
========== Step 11 ========== 
========== Step 11 ========== 
========== Step 11 ========== 
========== Step 11 ========== 
========== Step 11 ========== 
========== Step 11 ========== 
W20240217 15:48:06.518313 28183 grad_async_v2.h:137] Detect new sample comes, old_end7, new_end2
========== Step 12 ========== 
========== Step 12 ========== 
========== Step 12 ========== 
========== Step 12 ========== 
========== Step 12 ========== 
========== Step 12 ========== 
========== Step 12 ========== 
========== Step 12 ========== 
========== Step 13 ========== 
========== Step 13 ========== 
========== Step 13 ========== 
========== Step 13 ========== 
========== Step 13 ========== 
========== Step 13 ========== 
========== Step 13 ========== 
========== Step 13 ========== 
E20240217 15:48:07.104017 28183 parallel_pq_v2.h:79] insert failed, size(hashtable)=10893
========== Step 14 ========== 
========== Step 14 ========== 
========== Step 14 ========== 
========== Step 14 ========== 
========== Step 14 ========== 
========== Step 14 ========== 
========== Step 14 ========== 
========== Step 14 ========== 
W20240217 15:48:07.561280 28183 grad_async_v2.h:137] Detect new sample comes, old_end1, new_end5
========== Step 15 ========== 
========== Step 15 ========== 
========== Step 15 ========== 
========== Step 15 ========== 
========== Step 15 ========== 
========== Step 15 ========== 
========== Step 15 ========== 
========== Step 15 ========== 
========== Step 16 ========== 
========== Step 16 ========== 
========== Step 16 ========== 
========== Step 16 ========== 
========== Step 16 ========== 
========== Step 16 ========== 
========== Step 16 ========== 
========== Step 16 ========== 
========== Step 17 ========== 
========== Step 17 ========== 
========== Step 17 ========== 
========== Step 17 ========== 
========== Step 17 ========== 
========== Step 17 ========== 
========== Step 17 ========== 
========== Step 17 ========== 
E20240217 15:48:08.104014 28183 parallel_pq_v2.h:79] insert failed, size(hashtable)=5343
========== Step 18 ========== 
========== Step 18 ========== 
========== Step 18 ========== 
========== Step 18 ========== 
========== Step 18 ========== 
========== Step 18 ========== 
========== Step 18 ========== 
========== Step 18 ========== 
========== Step 19 ========== 
========== Step 19 ========== 
========== Step 19 ========== 
========== Step 19 ========== 
========== Step 19 ========== 
========== Step 19 ========== 
========== Step 19 ========== 
========== Step 19 ========== 
W20240217 15:48:08.595021 28183 grad_async_v2.h:137] Detect new sample comes, old_end6, new_end0
========== Step 20 ========== 
========== Step 20 ========== 
========== Step 20 ========== 
========== Step 20 ========== 
========== Step 20 ========== 
========== Step 20 ========== 
========== Step 20 ========== 
========== Step 20 ========== 
========== Step 21 ========== 
========== Step 21 ========== 
========== Step 21 ========== 
========== Step 21 ========== 
========== Step 21 ========== 
========== Step 21 ========== 
========== Step 21 ========== 
========== Step 21 ========== 
E20240217 15:48:09.104035 28183 parallel_pq_v2.h:79] insert failed, size(hashtable)=11032
========== Step 22 ========== 
========== Step 22 ========== 
========== Step 22 ========== 
========== Step 22 ========== 
========== Step 22 ========== 
========== Step 22 ========== 
========== Step 22 ========== 
========== Step 22 ========== 
+---------------------------+---------------------------+---------------------------+
| Name                      | P50                       | P99                       |
+---------------------------+---------------------------+---------------------------+
| clean                     | 251.918 us                | 36.655 ms                 |
| ProcessBack:Shuffle       | 253.571 ms                | 378.359 ms                |
| ProcessBack:UpdateCache   | 20.828 ms                 | 1.268 s                   |
| ProcessBack:UpsertPq      | 65.799 us                 | 67.694 ms                 |
| ProcessOneStep            | 272.861 ms                | 1.742 s                   |
| BlockToStepN              | 82.799 us                 | 68.150 ms                 |
+---------------------------+---------------------------+---------------------------+
========== Step 23 ========== 
========== Step 23 ========== 
========== Step 23 ========== 
========== Step 23 ========== 
========== Step 23 ========== 
========== Step 23 ========== 
========== Step 23 ========== 
========== Step 23 ========== 
W20240217 15:48:09.697952 28183 grad_async_v2.h:137] Detect new sample comes, old_end0, new_end4
========== Step 24 ========== 
========== Step 24 ========== 
========== Step 24 ========== 
========== Step 24 ========== 
========== Step 24 ========== 
========== Step 24 ========== 
========== Step 24 ========== 
========== Step 24 ========== 
========== Step 25 ========== 
========== Step 25 ========== 
========== Step 25 ========== 
========== Step 25 ========== 
========== Step 25 ========== 
========== Step 25 ========== 
========== Step 25 ========== 
========== Step 25 ========== 
E20240217 15:48:10.104013 28183 parallel_pq_v2.h:79] insert failed, size(hashtable)=11275
========== Step 26 ========== 
========== Step 26 ========== 
========== Step 26 ========== 
========== Step 26 ========== 
========== Step 26 ========== 
========== Step 26 ========== 
========== Step 26 ========== 
========== Step 26 ========== 
========== Step 27 ========== 
========== Step 27 ========== 
========== Step 27 ========== 
========== Step 27 ========== 
========== Step 27 ========== 
========== Step 27 ========== 
========== Step 27 ========== 
========== Step 27 ========== 
========== Step 28 ========== 
========== Step 28 ========== 
========== Step 28 ========== 
========== Step 28 ========== 
========== Step 28 ========== 
========== Step 28 ========== 
========== Step 28 ========== 
========== Step 28 ========== 
W20240217 15:48:10.740278 28183 grad_async_v2.h:137] Detect new sample comes, old_end6, new_end9
========== Step 29 ========== 
========== Step 29 ========== 
========== Step 29 ========== 
========== Step 29 ========== 
========== Step 29 ========== 
========== Step 29 ========== 
========== Step 29 ========== 
========== Step 29 ========== 
E20240217 15:48:11.104012 28183 parallel_pq_v2.h:79] insert failed, size(hashtable)=9746
+---------------------------+---------------------------+---------------------------+
| Name                      | P50                       | P99                       |
+---------------------------+---------------------------+---------------------------+
| GenInput:CircleBuffer     | 138.665 us                | 454.215 us                |
| GenInput                  | 899.201 us                | 5.522 ms                  |
| forward: NN               | 103.319 us                | 69.225 ms                 |
| Forward                   | 399.504 us                | 73.672 ms                 |
| Backward                  | 925.236 us                | 66.601 ms                 |
| Optimize                  | 134.148 us                | 579.594 us                |
| BarrierTimeBeforeRank0    | 286.324 us                | 1.995 ms                  |
| AfterBackward             | 268.166 ms                | 1.742 s                   |
| BlockToStepN              | 186.255 us                | 69.200 ms                 |
| OneStep                   | 271.008 ms                | 1.958 s                   |
+---------------------------+---------------------------+---------------------------+
========== Step 30 ========== 
========== Step 30 ========== 
========== Step 30 ========== 
========== Step 30 ========== 
========== Step 30 ========== 
========== Step 30 ========== 
========== Step 30 ========== 
========== Step 30 ========== 
========== Step 31 ========== 
========== Step 31 ========== 
========== Step 31 ========== 
========== Step 31 ========== 
========== Step 31 ========== 
========== Step 31 ========== 
========== Step 31 ========== 
========== Step 31 ========== 
W20240217 15:48:11.762495 28183 grad_async_v2.h:137] Detect new sample comes, old_end1, new_end2
W20240217 15:48:11.805267 26446 grad_async_v2.h:257] pq is empty
========== Step 32 ========== 
========== Step 32 ========== 
========== Step 32 ========== 
========== Step 32 ========== 
========== Step 32 ========== 
========== Step 32 ========== 
========== Step 32 ========== 
========== Step 32 ========== 
========== Step 33 ========== 
========== Step 33 ========== 
========== Step 33 ========== 
========== Step 33 ========== 
========== Step 33 ========== 
========== Step 33 ========== 
========== Step 33 ========== 
========== Step 33 ========== 
E20240217 15:48:12.104095 28183 parallel_pq_v2.h:79] insert failed, size(hashtable)=368
========== Step 34 ========== 
========== Step 34 ========== 
========== Step 34 ========== 
========== Step 34 ========== 
========== Step 34 ========== 
========== Step 34 ========== 
========== Step 34 ========== 
========== Step 34 ========== 
W20240217 15:48:12.629137 26446 grad_async_v2.h:257] pq is empty
========== Step 35 ========== 
========== Step 35 ========== 
========== Step 35 ========== 
========== Step 35 ========== 
========== Step 35 ========== 
========== Step 35 ========== 
========== Step 35 ========== 
========== Step 35 ========== 
W20240217 15:48:12.794030 28183 grad_async_v2.h:137] Detect new sample comes, old_end5, new_end6
W20240217 15:48:12.904702 26446 grad_async_v2.h:257] pq is empty
========== Step 36 ========== 
========== Step 36 ========== 
========== Step 36 ========== 
========== Step 36 ========== 
========== Step 36 ========== 
========== Step 36 ========== 
========== Step 36 ========== 
========== Step 36 ========== 
E20240217 15:48:13.108170 28192 parallel_pq_v2.h:79] insert failed, size(hashtable)=15747
W20240217 15:48:13.176369 26446 grad_async_v2.h:257] pq is empty
========== Step 37 ========== 
========== Step 37 ========== 
========== Step 37 ========== 
========== Step 37 ========== 
========== Step 37 ========== 
========== Step 37 ========== 
========== Step 37 ========== 
========== Step 37 ========== 
W20240217 15:48:13.462654 26446 grad_async_v2.h:257] pq is empty
========== Step 38 ========== 
========== Step 38 ========== 
========== Step 38 ========== 
========== Step 38 ========== 
========== Step 38 ========== 
========== Step 38 ========== 
========== Step 38 ========== 
========== Step 38 ========== 
W20240217 15:48:13.727008 26446 grad_async_v2.h:257] pq is empty
========== Step 39 ========== 
========== Step 39 ========== 
========== Step 39 ========== 
========== Step 39 ========== 
========== Step 39 ========== 
========== Step 39 ========== 
========== Step 39 ========== 
========== Step 39 ========== 
W20240217 15:48:13.811826 28183 grad_async_v2.h:137] Detect new sample comes, old_end9, new_end0
W20240217 15:48:13.930300 26446 grad_async_v2.h:257] pq is empty
========== Step 40 ========== 
========== Step 40 ========== 
========== Step 40 ========== 
========== Step 40 ========== 
========== Step 40 ========== 
========== Step 40 ========== 
========== Step 40 ========== 
========== Step 40 ========== 
E20240217 15:48:14.108011 28183 parallel_pq_v2.h:79] insert failed, size(hashtable)=12367
W20240217 15:48:14.220911 26446 grad_async_v2.h:257] pq is empty
========== Step 41 ========== 
========== Step 41 ========== 
========== Step 41 ========== 
========== Step 41 ========== 
========== Step 41 ========== 
========== Step 41 ========== 
========== Step 41 ========== 
========== Step 41 ========== 
+---------------------------+---------------------------+---------------------------+
| Name                      | P50                       | P99                       |
+---------------------------+---------------------------+---------------------------+
| clean                     | 231.176 us                | 43.840 ms                 |
| ProcessBack:Shuffle       | 252.848 ms                | 378.359 ms                |
| ProcessBack:UpdateCache   | 20.687 ms                 | 1.268 s                   |
| ProcessBack:UpsertPq      | 65.799 us                 | 67.694 ms                 |
| ProcessOneStep            | 270.212 ms                | 1.742 s                   |
| BlockToStepN              | 101.345 us                | 68.150 ms                 |
+---------------------------+---------------------------+---------------------------+
W20240217 15:48:14.507202 26446 grad_async_v2.h:257] pq is empty
========== Step 42 ========== 
========== Step 42 ========== 
========== Step 42 ========== 
========== Step 42 ========== 
========== Step 42 ========== 
========== Step 42 ========== 
========== Step 42 ========== 
========== Step 42 ========== 
W20240217 15:48:14.782862 26446 grad_async_v2.h:257] pq is empty
========== Step 43 ========== 
========== Step 43 ========== 
========== Step 43 ========== 
========== Step 43 ========== 
========== Step 43 ========== 
========== Step 43 ========== 
========== Step 43 ========== 
========== Step 43 ========== 
W20240217 15:48:14.820570 28183 grad_async_v2.h:137] Detect new sample comes, old_end3, new_end4
W20240217 15:48:15.063408 26446 grad_async_v2.h:257] pq is empty
========== Step 44 ========== 
========== Step 44 ========== 
========== Step 44 ========== 
========== Step 44 ========== 
========== Step 44 ========== 
========== Step 44 ========== 
========== Step 44 ========== 
========== Step 44 ========== 
E20240217 15:48:15.108017 28183 parallel_pq_v2.h:79] insert failed, size(hashtable)=8
W20240217 15:48:15.334285 26446 grad_async_v2.h:257] pq is empty
========== Step 45 ========== 
========== Step 45 ========== 
========== Step 45 ========== 
========== Step 45 ========== 
========== Step 45 ========== 
========== Step 45 ========== 
========== Step 45 ========== 
========== Step 45 ========== 
W20240217 15:48:15.610854 26446 grad_async_v2.h:257] pq is empty
========== Step 46 ========== 
========== Step 46 ========== 
========== Step 46 ========== 
========== Step 46 ========== 
========== Step 46 ========== 
========== Step 46 ========== 
========== Step 46 ========== 
========== Step 46 ========== 
W20240217 15:48:15.886382 26446 grad_async_v2.h:257] pq is empty
========== Step 47 ========== 
========== Step 47 ========== 
========== Step 47 ========== 
========== Step 47 ========== 
========== Step 47 ========== 
========== Step 47 ========== 
========== Step 47 ========== 
========== Step 47 ========== 
W20240217 15:48:15.887151 28183 grad_async_v2.h:137] Detect new sample comes, old_end7, new_end8
E20240217 15:48:16.108191 28187 parallel_pq_v2.h:79] insert failed, size(hashtable)=14210
W20240217 15:48:16.153903 26446 grad_async_v2.h:257] pq is empty
========== Step 48 ========== 
========== Step 48 ========== 
========== Step 48 ========== 
========== Step 48 ========== 
========== Step 48 ========== 
========== Step 48 ========== 
========== Step 48 ========== 
========== Step 48 ========== 
+---------------------------+---------------------------+---------------------------+
| Name                      | P50                       | P99                       |
+---------------------------+---------------------------+---------------------------+
| GenInput:CircleBuffer     | 132.972 us                | 454.215 us                |
| GenInput                  | 871.503 us                | 5.522 ms                  |
| forward: NN               | 103.319 us                | 69.225 ms                 |
| Forward                   | 397.330 us                | 73.672 ms                 |
| Backward                  | 928.360 us                | 66.601 ms                 |
| Optimize                  | 132.985 us                | 579.594 us                |
| BarrierTimeBeforeRank0    | 323.905 us                | 1.995 ms                  |
| AfterBackward             | 271.045 ms                | 1.742 s                   |
| BlockToStepN              | 219.380 us                | 69.200 ms                 |
| OneStep                   | 275.588 ms                | 1.958 s                   |
+---------------------------+---------------------------+---------------------------+
========== Step 49 ========== 
========== Step 49 ========== 
========== Step 49 ========== 
========== Step 49 ========== 
========== Step 49 ========== 
========== Step 49 ========== 
========== Step 49 ========== 
========== Step 49 ========== 
W20240217 15:48:16.619684 26446 grad_async_v2.h:257] pq is empty
========== Step 50 ========== 
========== Step 50 ========== 
========== Step 50 ========== 
========== Step 50 ========== 
========== Step 50 ========== 
========== Step 50 ========== 
========== Step 50 ========== 
========== Step 50 ========== 
W20240217 15:48:16.882885 26446 grad_async_v2.h:257] pq is empty
========== Step 51 ========== 
========== Step 51 ========== 
========== Step 51 ========== 
========== Step 51 ========== 
========== Step 51 ========== 
========== Step 51 ========== 
========== Step 51 ========== 
========== Step 51 ========== 
W20240217 15:48:16.923939 28183 grad_async_v2.h:137] Detect new sample comes, old_end1, new_end2
E20240217 15:48:17.108006 28183 parallel_pq_v2.h:79] insert failed, size(hashtable)=13939
W20240217 15:48:17.144482 26446 grad_async_v2.h:257] pq is empty
========== Step 52 ========== 
========== Step 52 ========== 
========== Step 52 ========== 
========== Step 52 ========== 
========== Step 52 ========== 
========== Step 52 ========== 
========== Step 52 ========== 
========== Step 52 ========== 
W20240217 15:48:17.423825 26446 grad_async_v2.h:257] pq is empty
========== Step 53 ========== 
========== Step 53 ========== 
