WARNING: Logging before InitGoogleLogging() is written to STDERR
I20240210 02:29:55.561102 17024 IPC_barrier.h:128] MultiProcessBarrierFactory->ClearIPCMemory()
/data/home/xieminhui/RecStore/src/framework_adapters/torch/kg/dgl-0.9.1/python/dgl/_deprecate/graph.py:1023: DGLWarning: multigraph will be deprecated.DGL will treat all graphs as multigraph in the future.
  dgl_warning("multigraph will be deprecated." \
/data/home/xieminhui/RecStore/src/framework_adapters/torch/kg/dgl-0.9.1/python/dgl/heterograph.py:72: DGLWarning: Recommend creating graphs by `dgl.graph(data)` instead of `dgl.DGLGraph(data)`.
  dgl_warning('Recommend creating graphs by `dgl.graph(data)`'
Reading train triples....
Finished. Read 304727650 train triples.
Reading valid triples....
Finished. Read 16929318 valid triples.
Reading test triples....
Finished. Read 16929308 test triples.
ARGS:  Namespace(model_name='TransE', data_path='/home/xieminhui/dgl-data', dataset='Freebase', format='built_in', data_files=None, delimiter='\t', save_path='/tmp/ckpts/TransE_Freebase_153', no_save_emb=True, max_step=500, batch_size=2000, batch_size_eval=16, neg_sample_size=200, neg_deg_sample=False, neg_deg_sample_eval=False, neg_sample_size_eval=86054151, eval_percent=1, no_eval_filter=False, log_interval=100, eval_interval=10000, test=False, num_proc=8, num_thread=1, force_sync_interval=1, hidden_dim=400, lr=0.01, gamma=16.0, double_ent=False, double_rel=False, neg_adversarial_sampling=False, adversarial_temperature=1.0, regularization_coef=0.0, regularization_norm=3, pairwise=False, loss_genre='Logsigmoid', margin=1.0, nr_gpus=8, gpu=[0, 1, 2, 3, 4, 5, 6, 7], mix_cpu_gpu=True, valid=False, rel_part=False, async_update=None, has_edge_importance=False, cached_emb_type='KnownLocalCachedEmbedding', use_my_emb=True, cache_ratio=0.1, shuffle=False, backwardMode='PySync', L=10, nr_background_threads=32, update_cache_use_omp=0, update_pq_use_omp=0, kForwardItersPerStep=2, backgrad_init='both', eval_filter=True, soft_rel_part=False)
|Train|: 304727650
original graph:  DGLGraph(num_nodes=86054151, num_edges=338586276,
         ndata_schemes={}
         edata_schemes={'tid': Scheme(shape=(), dtype=torch.int64)})
Loading cached metis
WARNING [17024 sampler.py:454] Start PreSampling
WARNING [17024 sampler.py:532] Before construct renumbering_dict
WARNING [17024 sampler.py:555] PreSampling done
W20240210 02:51:06.952091 17024 IPCTensor.h:369] NewIPCTensor: cached_sampler_r0_0 [1000000]0x100000002000 7.629 MB
W20240210 02:51:06.952287 17024 IPCTensor.h:369] NewIPCTensor: cached_sampler_r0_1 [1000000]0x1000007a5000 7.629 MB
W20240210 02:51:06.952322 17024 IPCTensor.h:369] NewIPCTensor: cached_sampler_r0_2 [1000000]0x100000f48000 7.629 MB
W20240210 02:51:06.952358 17024 IPCTensor.h:369] NewIPCTensor: cached_sampler_r0_3 [1000000]0x1000016eb000 7.629 MB
W20240210 02:51:06.952394 17024 IPCTensor.h:369] NewIPCTensor: cached_sampler_r0_4 [1000000]0x100001e8e000 7.629 MB
W20240210 02:51:06.952433 17024 IPCTensor.h:369] NewIPCTensor: cached_sampler_r0_5 [1000000]0x100002631000 7.629 MB
W20240210 02:51:06.952466 17024 IPCTensor.h:369] NewIPCTensor: cached_sampler_r0_6 [1000000]0x100002dd4000 7.629 MB
W20240210 02:51:06.952502 17024 IPCTensor.h:369] NewIPCTensor: cached_sampler_r0_7 [1000000]0x100003577000 7.629 MB
W20240210 02:51:06.952530 17024 IPCTensor.h:369] NewIPCTensor: cached_sampler_r0_8 [1000000]0x100003d1a000 7.629 MB
W20240210 02:51:06.952569 17024 IPCTensor.h:369] NewIPCTensor: cached_sampler_r0_9 [1000000]0x1000044bd000 7.629 MB
W20240210 02:51:06.952601 17024 IPCTensor.h:369] NewIPCTensor: step_r0 [10]0x100004c60000 80 B 
W20240210 02:51:06.952628 17024 IPCTensor.h:369] NewIPCTensor: circle_buffer_end_r0 [1]0x100004c62000 8 B 
W20240210 02:51:06.952651 17024 IPCTensor.h:369] NewIPCTensor: circle_buffer_end_cppseen_r0 [1]0x100004c64000 8 B 
W20240210 02:51:06.952797 17024 IPCTensor.h:369] NewIPCTensor: cached_sampler_r1_0 [1000000]0x100004c66000 7.629 MB
W20240210 02:51:06.952838 17024 IPCTensor.h:369] NewIPCTensor: cached_sampler_r1_1 [1000000]0x100005409000 7.629 MB
W20240210 02:51:06.952869 17024 IPCTensor.h:369] NewIPCTensor: cached_sampler_r1_2 [1000000]0x100005bac000 7.629 MB
W20240210 02:51:06.952913 17024 IPCTensor.h:369] NewIPCTensor: cached_sampler_r1_3 [1000000]0x10000634f000 7.629 MB
W20240210 02:51:06.952940 17024 IPCTensor.h:369] NewIPCTensor: cached_sampler_r1_4 [1000000]0x100006af2000 7.629 MB
W20240210 02:51:06.952980 17024 IPCTensor.h:369] NewIPCTensor: cached_sampler_r1_5 [1000000]0x100007295000 7.629 MB
W20240210 02:51:06.953015 17024 IPCTensor.h:369] NewIPCTensor: cached_sampler_r1_6 [1000000]0x100007a38000 7.629 MB
W20240210 02:51:06.953044 17024 IPCTensor.h:369] NewIPCTensor: cached_sampler_r1_7 [1000000]0x1000081db000 7.629 MB
W20240210 02:51:06.953071 17024 IPCTensor.h:369] NewIPCTensor: cached_sampler_r1_8 [1000000]0x10000897e000 7.629 MB
W20240210 02:51:06.953097 17024 IPCTensor.h:369] NewIPCTensor: cached_sampler_r1_9 [1000000]0x100009121000 7.629 MB
W20240210 02:51:06.953122 17024 IPCTensor.h:369] NewIPCTensor: step_r1 [10]0x1000098c4000 80 B 
W20240210 02:51:06.953145 17024 IPCTensor.h:369] NewIPCTensor: circle_buffer_end_r1 [1]0x1000098c6000 8 B 
W20240210 02:51:06.953176 17024 IPCTensor.h:369] NewIPCTensor: circle_buffer_end_cppseen_r1 [1]0x1000098c8000 8 B 
W20240210 02:51:06.953234 17024 IPCTensor.h:369] NewIPCTensor: cached_sampler_r2_0 [1000000]0x1000098ca000 7.629 MB
W20240210 02:51:06.953262 17024 IPCTensor.h:369] NewIPCTensor: cached_sampler_r2_1 [1000000]0x10000a06d000 7.629 MB
W20240210 02:51:06.953290 17024 IPCTensor.h:369] NewIPCTensor: cached_sampler_r2_2 [1000000]0x10000a810000 7.629 MB
W20240210 02:51:06.953321 17024 IPCTensor.h:369] NewIPCTensor: cached_sampler_r2_3 [1000000]0x10000afb3000 7.629 MB
W20240210 02:51:06.953349 17024 IPCTensor.h:369] NewIPCTensor: cached_sampler_r2_4 [1000000]0x10000b756000 7.629 MB
W20240210 02:51:06.953388 17024 IPCTensor.h:369] NewIPCTensor: cached_sampler_r2_5 [1000000]0x10000bef9000 7.629 MB
W20240210 02:51:06.953420 17024 IPCTensor.h:369] NewIPCTensor: cached_sampler_r2_6 [1000000]0x10000c69c000 7.629 MB
W20240210 02:51:06.953454 17024 IPCTensor.h:369] NewIPCTensor: cached_sampler_r2_7 [1000000]0x10000ce3f000 7.629 MB
W20240210 02:51:06.953485 17024 IPCTensor.h:369] NewIPCTensor: cached_sampler_r2_8 [1000000]0x10000d5e2000 7.629 MB
W20240210 02:51:06.953513 17024 IPCTensor.h:369] NewIPCTensor: cached_sampler_r2_9 [1000000]0x10000dd85000 7.629 MB
W20240210 02:51:06.953544 17024 IPCTensor.h:369] NewIPCTensor: step_r2 [10]0x10000e528000 80 B 
W20240210 02:51:06.953567 17024 IPCTensor.h:369] NewIPCTensor: circle_buffer_end_r2 [1]0x10000e52a000 8 B 
W20240210 02:51:06.953593 17024 IPCTensor.h:369] NewIPCTensor: circle_buffer_end_cppseen_r2 [1]0x10000e52c000 8 B 
W20240210 02:51:06.953642 17024 IPCTensor.h:369] NewIPCTensor: cached_sampler_r3_0 [1000000]0x10000e52e000 7.629 MB
W20240210 02:51:06.953677 17024 IPCTensor.h:369] NewIPCTensor: cached_sampler_r3_1 [1000000]0x10000ecd1000 7.629 MB
W20240210 02:51:06.953706 17024 IPCTensor.h:369] NewIPCTensor: cached_sampler_r3_2 [1000000]0x10000f474000 7.629 MB
W20240210 02:51:06.953734 17024 IPCTensor.h:369] NewIPCTensor: cached_sampler_r3_3 [1000000]0x10000fc17000 7.629 MB
W20240210 02:51:06.953763 17024 IPCTensor.h:369] NewIPCTensor: cached_sampler_r3_4 [1000000]0x1000103ba000 7.629 MB
W20240210 02:51:06.953794 17024 IPCTensor.h:369] NewIPCTensor: cached_sampler_r3_5 [1000000]0x100010b5d000 7.629 MB
W20240210 02:51:06.953830 17024 IPCTensor.h:369] NewIPCTensor: cached_sampler_r3_6 [1000000]0x100011300000 7.629 MB
W20240210 02:51:06.953868 17024 IPCTensor.h:369] NewIPCTensor: cached_sampler_r3_7 [1000000]0x100011aa3000 7.629 MB
W20240210 02:51:06.953894 17024 IPCTensor.h:369] NewIPCTensor: cached_sampler_r3_8 [1000000]0x100012246000 7.629 MB
W20240210 02:51:06.953925 17024 IPCTensor.h:369] NewIPCTensor: cached_sampler_r3_9 [1000000]0x1000129e9000 7.629 MB
W20240210 02:51:06.953961 17024 IPCTensor.h:369] NewIPCTensor: step_r3 [10]0x10001318c000 80 B 
W20240210 02:51:06.953984 17024 IPCTensor.h:369] NewIPCTensor: circle_buffer_end_r3 [1]0x10001318e000 8 B 
W20240210 02:51:06.954010 17024 IPCTensor.h:369] NewIPCTensor: circle_buffer_end_cppseen_r3 [1]0x100013190000 8 B 
W20240210 02:51:06.954067 17024 IPCTensor.h:369] NewIPCTensor: cached_sampler_r4_0 [1000000]0x100013192000 7.629 MB
W20240210 02:51:06.954100 17024 IPCTensor.h:369] NewIPCTensor: cached_sampler_r4_1 [1000000]0x100013935000 7.629 MB
W20240210 02:51:06.954128 17024 IPCTensor.h:369] NewIPCTensor: cached_sampler_r4_2 [1000000]0x1000140d8000 7.629 MB
W20240210 02:51:06.954154 17024 IPCTensor.h:369] NewIPCTensor: cached_sampler_r4_3 [1000000]0x10001487b000 7.629 MB
W20240210 02:51:06.954183 17024 IPCTensor.h:369] NewIPCTensor: cached_sampler_r4_4 [1000000]0x10001501e000 7.629 MB
W20240210 02:51:06.954210 17024 IPCTensor.h:369] NewIPCTensor: cached_sampler_r4_5 [1000000]0x1000157c1000 7.629 MB
W20240210 02:51:06.954243 17024 IPCTensor.h:369] NewIPCTensor: cached_sampler_r4_6 [1000000]0x100015f64000 7.629 MB
W20240210 02:51:06.954278 17024 IPCTensor.h:369] NewIPCTensor: cached_sampler_r4_7 [1000000]0x100016707000 7.629 MB
W20240210 02:51:06.954305 17024 IPCTensor.h:369] NewIPCTensor: cached_sampler_r4_8 [1000000]0x100016eaa000 7.629 MB
W20240210 02:51:06.954342 17024 IPCTensor.h:369] NewIPCTensor: cached_sampler_r4_9 [1000000]0x10001764d000 7.629 MB
W20240210 02:51:06.954368 17024 IPCTensor.h:369] NewIPCTensor: step_r4 [10]0x100017df0000 80 B 
W20240210 02:51:06.954391 17024 IPCTensor.h:369] NewIPCTensor: circle_buffer_end_r4 [1]0x100017df2000 8 B 
W20240210 02:51:06.954413 17024 IPCTensor.h:369] NewIPCTensor: circle_buffer_end_cppseen_r4 [1]0x100017df4000 8 B 
W20240210 02:51:06.954459 17024 IPCTensor.h:369] NewIPCTensor: cached_sampler_r5_0 [1000000]0x100017df6000 7.629 MB
W20240210 02:51:06.954489 17024 IPCTensor.h:369] NewIPCTensor: cached_sampler_r5_1 [1000000]0x100018599000 7.629 MB
W20240210 02:51:06.954517 17024 IPCTensor.h:369] NewIPCTensor: cached_sampler_r5_2 [1000000]0x100018d3c000 7.629 MB
W20240210 02:51:06.954545 17024 IPCTensor.h:369] NewIPCTensor: cached_sampler_r5_3 [1000000]0x1000194df000 7.629 MB
W20240210 02:51:06.954577 17024 IPCTensor.h:369] NewIPCTensor: cached_sampler_r5_4 [1000000]0x100019c82000 7.629 MB
W20240210 02:51:06.954612 17024 IPCTensor.h:369] NewIPCTensor: cached_sampler_r5_5 [1000000]0x10001a425000 7.629 MB
W20240210 02:51:06.954644 17024 IPCTensor.h:369] NewIPCTensor: cached_sampler_r5_6 [1000000]0x10001abc8000 7.629 MB
W20240210 02:51:06.954676 17024 IPCTensor.h:369] NewIPCTensor: cached_sampler_r5_7 [1000000]0x10001b36b000 7.629 MB
W20240210 02:51:06.954708 17024 IPCTensor.h:369] NewIPCTensor: cached_sampler_r5_8 [1000000]0x10001bb0e000 7.629 MB
W20240210 02:51:06.954735 17024 IPCTensor.h:369] NewIPCTensor: cached_sampler_r5_9 [1000000]0x10001c2b1000 7.629 MB
W20240210 02:51:06.954761 17024 IPCTensor.h:369] NewIPCTensor: step_r5 [10]0x10001ca54000 80 B 
W20240210 02:51:06.954784 17024 IPCTensor.h:369] NewIPCTensor: circle_buffer_end_r5 [1]0x10001ca56000 8 B 
W20240210 02:51:06.954806 17024 IPCTensor.h:369] NewIPCTensor: circle_buffer_end_cppseen_r5 [1]0x10001ca58000 8 B 
W20240210 02:51:06.954861 17024 IPCTensor.h:369] NewIPCTensor: cached_sampler_r6_0 [1000000]0x10001ca5a000 7.629 MB
W20240210 02:51:06.954895 17024 IPCTensor.h:369] NewIPCTensor: cached_sampler_r6_1 [1000000]0x10001d1fd000 7.629 MB
W20240210 02:51:06.954928 17024 IPCTensor.h:369] NewIPCTensor: cached_sampler_r6_2 [1000000]0x10001d9a0000 7.629 MB
W20240210 02:51:06.954957 17024 IPCTensor.h:369] NewIPCTensor: cached_sampler_r6_3 [1000000]0x10001e143000 7.629 MB
W20240210 02:51:06.954993 17024 IPCTensor.h:369] NewIPCTensor: cached_sampler_r6_4 [1000000]0x10001e8e6000 7.629 MB
W20240210 02:51:06.955021 17024 IPCTensor.h:369] NewIPCTensor: cached_sampler_r6_5 [1000000]0x10001f089000 7.629 MB
W20240210 02:51:06.955049 17024 IPCTensor.h:369] NewIPCTensor: cached_sampler_r6_6 [1000000]0x10001f82c000 7.629 MB
W20240210 02:51:06.955075 17024 IPCTensor.h:369] NewIPCTensor: cached_sampler_r6_7 [1000000]0x10001ffcf000 7.629 MB
W20240210 02:51:06.955101 17024 IPCTensor.h:369] NewIPCTensor: cached_sampler_r6_8 [1000000]0x100020772000 7.629 MB
W20240210 02:51:06.955139 17024 IPCTensor.h:369] NewIPCTensor: cached_sampler_r6_9 [1000000]0x100020f15000 7.629 MB
W20240210 02:51:06.955173 17024 IPCTensor.h:369] NewIPCTensor: step_r6 [10]0x1000216b8000 80 B 
W20240210 02:51:06.955195 17024 IPCTensor.h:369] NewIPCTensor: circle_buffer_end_r6 [1]0x1000216ba000 8 B 
W20240210 02:51:06.955217 17024 IPCTensor.h:369] NewIPCTensor: circle_buffer_end_cppseen_r6 [1]0x1000216bc000 8 B 
W20240210 02:51:06.955271 17024 IPCTensor.h:369] NewIPCTensor: cached_sampler_r7_0 [1000000]0x1000216be000 7.629 MB
W20240210 02:51:06.955305 17024 IPCTensor.h:369] NewIPCTensor: cached_sampler_r7_1 [1000000]0x100021e61000 7.629 MB
W20240210 02:51:06.955338 17024 IPCTensor.h:369] NewIPCTensor: cached_sampler_r7_2 [1000000]0x100022604000 7.629 MB
W20240210 02:51:06.955369 17024 IPCTensor.h:369] NewIPCTensor: cached_sampler_r7_3 [1000000]0x100022da7000 7.629 MB
W20240210 02:51:06.955396 17024 IPCTensor.h:369] NewIPCTensor: cached_sampler_r7_4 [1000000]0x10002354a000 7.629 MB
W20240210 02:51:06.955431 17024 IPCTensor.h:369] NewIPCTensor: cached_sampler_r7_5 [1000000]0x100023ced000 7.629 MB
W20240210 02:51:06.955461 17024 IPCTensor.h:369] NewIPCTensor: cached_sampler_r7_6 [1000000]0x100024490000 7.629 MB
W20240210 02:51:06.955493 17024 IPCTensor.h:369] NewIPCTensor: cached_sampler_r7_7 [1000000]0x100024c33000 7.629 MB
W20240210 02:51:06.955526 17024 IPCTensor.h:369] NewIPCTensor: cached_sampler_r7_8 [1000000]0x1000253d6000 7.629 MB
W20240210 02:51:06.955554 17024 IPCTensor.h:369] NewIPCTensor: cached_sampler_r7_9 [1000000]0x100025b79000 7.629 MB
W20240210 02:51:06.955586 17024 IPCTensor.h:369] NewIPCTensor: step_r7 [10]0x10002631c000 80 B 
W20240210 02:51:06.955610 17024 IPCTensor.h:369] NewIPCTensor: circle_buffer_end_r7 [1]0x10002631e000 8 B 
W20240210 02:51:06.955633 17024 IPCTensor.h:369] NewIPCTensor: circle_buffer_end_cppseen_r7 [1]0x100026320000 8 B 
W20240210 02:51:07.457018 17024 IPCTensor.h:369] NewIPCTensor: full_emb [86054151, 400]0x100026322000 128.2 GB
W20240210 02:59:38.129559 17024 IPCTensor.h:369] NewIPCTensor: full_emb_SparseRowWiseAdaGrad_sum [86054151]0x102034f5a000 328.3 MB
{0: Graph(num_nodes=18863774, num_edges=55186826,
      ndata_schemes={'_ID': Scheme(shape=(), dtype=torch.int64), 'inner_node': Scheme(shape=(), dtype=torch.int32), 'part_id': Scheme(shape=(), dtype=torch.int64)}
      edata_schemes={'_ID': Scheme(shape=(), dtype=torch.int64), 'inner_edge': Scheme(shape=(), dtype=torch.int8)}), 1: Graph(num_nodes=13493829, num_edges=51786811,
      ndata_schemes={'_ID': Scheme(shape=(), dtype=torch.int64), 'inner_node': Scheme(shape=(), dtype=torch.int32), 'part_id': Scheme(shape=(), dtype=torch.int64)}
      edata_schemes={'_ID': Scheme(shape=(), dtype=torch.int64), 'inner_edge': Scheme(shape=(), dtype=torch.int8)}), 2: Graph(num_nodes=12506959, num_edges=45797296,
      ndata_schemes={'_ID': Scheme(shape=(), dtype=torch.int64), 'inner_node': Scheme(shape=(), dtype=torch.int32), 'part_id': Scheme(shape=(), dtype=torch.int64)}
      edata_schemes={'_ID': Scheme(shape=(), dtype=torch.int64), 'inner_edge': Scheme(shape=(), dtype=torch.int8)}), 3: Graph(num_nodes=12605014, num_edges=52067933,
      ndata_schemes={'_ID': Scheme(shape=(), dtype=torch.int64), 'inner_node': Scheme(shape=(), dtype=torch.int32), 'part_id': Scheme(shape=(), dtype=torch.int64)}
      edata_schemes={'_ID': Scheme(shape=(), dtype=torch.int64), 'inner_edge': Scheme(shape=(), dtype=torch.int8)}), 4: Graph(num_nodes=14435508, num_edges=39101576,
      ndata_schemes={'_ID': Scheme(shape=(), dtype=torch.int64), 'inner_node': Scheme(shape=(), dtype=torch.int32), 'part_id': Scheme(shape=(), dtype=torch.int64)}
      edata_schemes={'_ID': Scheme(shape=(), dtype=torch.int64), 'inner_edge': Scheme(shape=(), dtype=torch.int8)}), 5: Graph(num_nodes=13252778, num_edges=37365728,
      ndata_schemes={'_ID': Scheme(shape=(), dtype=torch.int64), 'inner_node': Scheme(shape=(), dtype=torch.int32), 'part_id': Scheme(shape=(), dtype=torch.int64)}
      edata_schemes={'_ID': Scheme(shape=(), dtype=torch.int64), 'inner_edge': Scheme(shape=(), dtype=torch.int8)}), 6: Graph(num_nodes=14444909, num_edges=60122064,
      ndata_schemes={'_ID': Scheme(shape=(), dtype=torch.int64), 'inner_node': Scheme(shape=(), dtype=torch.int32), 'part_id': Scheme(shape=(), dtype=torch.int64)}
      edata_schemes={'_ID': Scheme(shape=(), dtype=torch.int64), 'inner_edge': Scheme(shape=(), dtype=torch.int8)}), 7: Graph(num_nodes=14493336, num_edges=37760331,
      ndata_schemes={'_ID': Scheme(shape=(), dtype=torch.int64), 'inner_node': Scheme(shape=(), dtype=torch.int32), 'part_id': Scheme(shape=(), dtype=torch.int64)}
      edata_schemes={'_ID': Scheme(shape=(), dtype=torch.int64), 'inner_edge': Scheme(shape=(), dtype=torch.int8)})}
MertisPartition: part 0 has 18863774 N 55186826 E
MertisPartition: part 1 has 13493829 N 51786811 E
MertisPartition: part 2 has 12506959 N 45797296 E
MertisPartition: part 3 has 12605014 N 52067933 E
MertisPartition: part 4 has 14435508 N 39101576 E
MertisPartition: part 5 has 13252778 N 37365728 E
MertisPartition: part 6 has 14444909 N 60122064 E
MertisPartition: part 7 has 14493336 N 37760331 E
Rank0: cached key size 1075676
Rank1: cached key size 1075676
Rank2: cached key size 1075676
Rank3: cached key size 1075676
Rank4: cached key size 1075676
Rank5: cached key size 1075676
Rank6: cached key size 1075676
Rank7: cached key size 1075676
Before renumbering graph:  {'_ID': tensor([       0,        1,        2,  ..., 39512110,  9797409, 32293938]), 'inner_node': tensor([1, 1, 1,  ..., 0, 0, 0], dtype=torch.int32), 'part_id': tensor([0, 0, 0,  ..., 6, 6, 6])}
After renumbering graph:  {'_ID': tensor([ 8605408,  8605411,    71240,  ..., 72456060, 69581542,  9174501]), 'inner_node': tensor([1, 1, 1,  ..., 0, 0, 0], dtype=torch.int32), 'part_id': tensor([0, 0, 0,  ..., 6, 6, 6])}
part_g: DGLGraph(num_nodes=18863774, num_edges=55186826,
         ndata_schemes={'_ID': Scheme(shape=(), dtype=torch.int64)}
         edata_schemes={'tid': Scheme(shape=(), dtype=torch.int64)})
part_g: DGLGraph(num_nodes=18863774, num_edges=55186826,
         ndata_schemes={'_ID': Scheme(shape=(), dtype=torch.int64)}
         edata_schemes={'tid': Scheme(shape=(), dtype=torch.int64)})
Total initialize time 2283.984 seconds
[Rank1] pid = 22306
[Rank2] pid = 22401
[Rank3] pid = 22471
[Rank4] pid = 22538
[Rank5] pid = 22605
[Rank6] pid = 22674
INFO [17024 distributed_c10d.py:442] Added key: store_based_barrier_key:1 to store for rank: 0
INFO [22306 distributed_c10d.py:442] Added key: store_based_barrier_key:1 to store for rank: 1
INFO [22605 distributed_c10d.py:442] Added key: store_based_barrier_key:1 to store for rank: 5
INFO [22401 distributed_c10d.py:442] Added key: store_based_barrier_key:1 to store for rank: 2
INFO [22471 distributed_c10d.py:442] Added key: store_based_barrier_key:1 to store for rank: 3
INFO [22674 distributed_c10d.py:442] Added key: store_based_barrier_key:1 to store for rank: 6
INFO [22538 distributed_c10d.py:442] Added key: store_based_barrier_key:1 to store for rank: 4
INFO [22674 distributed_c10d.py:476] Rank 6: Completed store-based barrier for key:store_based_barrier_key:1 with 8 nodes.
INFO [22742 distributed_c10d.py:442] Added key: store_based_barrier_key:1 to store for rank: 7
INFO [22538 distributed_c10d.py:476] Rank 4: Completed store-based barrier for key:store_based_barrier_key:1 with 8 nodes.
INFO [22742 distributed_c10d.py:476] Rank 7: Completed store-based barrier for key:store_based_barrier_key:1 with 8 nodes.
INFO [22306 distributed_c10d.py:476] Rank 1: Completed store-based barrier for key:store_based_barrier_key:1 with 8 nodes.
INFO [17024 distributed_c10d.py:476] Rank 0: Completed store-based barrier for key:store_based_barrier_key:1 with 8 nodes.
INFO [22401 distributed_c10d.py:476] Rank 2: Completed store-based barrier for key:store_based_barrier_key:1 with 8 nodes.
INFO [22471 distributed_c10d.py:476] Rank 3: Completed store-based barrier for key:store_based_barrier_key:1 with 8 nodes.
INFO [22605 distributed_c10d.py:476] Rank 5: Completed store-based barrier for key:store_based_barrier_key:1 with 8 nodes.
W20240210 03:08:11.553675 22675 IPCTensor.h:409] NewIPCGPUTensor: embedding_cache_6 [8605415, 400]; dev=6; size=12.82 GB
W20240210 03:08:11.554104 22743 IPCTensor.h:409] NewIPCGPUTensor: embedding_cache_0 [8605415, 400]; dev=0; size=12.82 GB
W20240210 03:08:11.555475 22539 IPCTensor.h:409] NewIPCGPUTensor: embedding_cache_4 [8605415, 400]; dev=4; size=12.82 GB
W20240210 03:08:11.557492 22806 IPCTensor.h:409] NewIPCGPUTensor: embedding_cache_7 [8605415, 400]; dev=7; size=12.82 GB
W20240210 03:08:11.557482 22606 IPCTensor.h:409] NewIPCGPUTensor: embedding_cache_5 [8605415, 400]; dev=5; size=12.82 GB
W20240210 03:08:11.557523 22307 IPCTensor.h:409] NewIPCGPUTensor: embedding_cache_1 [8605415, 400]; dev=1; size=12.82 GB
W20240210 03:08:11.557528 22402 IPCTensor.h:409] NewIPCGPUTensor: embedding_cache_2 [8605415, 400]; dev=2; size=12.82 GB
W20240210 03:08:11.557543 22472 IPCTensor.h:409] NewIPCGPUTensor: embedding_cache_3 [8605415, 400]; dev=3; size=12.82 GB
W20240210 03:08:11.695315 22307 IPCTensor.h:369] NewIPCTensor: input_keys_1 [1000000]0x1020497ad000 7.629 MB
W20240210 03:08:11.695554 22539 IPCTensor.h:369] NewIPCTensor: input_keys_4 [1000000]0x102049f50000 7.629 MB
W20240210 03:08:11.695564 22402 IPCTensor.h:369] NewIPCTensor: input_keys_2 [1000000]0x10204a6f3000 7.629 MB
W20240210 03:08:11.695642 22472 IPCTensor.h:369] NewIPCTensor: input_keys_3 [1000000]0x10204ae96000 7.629 MB
W20240210 03:08:11.695700 22307 IPCTensor.h:369] NewIPCTensor: input_keys_neg_1 [1000000]0x10204b639000 7.629 MB
W20240210 03:08:11.695719 22675 IPCTensor.h:369] NewIPCTensor: input_keys_6 [1000000]0x10204bddc000 7.629 MB
W20240210 03:08:11.695726 22606 IPCTensor.h:369] NewIPCTensor: input_keys_5 [1000000]0x10204c57f000 7.629 MB
W20240210 03:08:11.695899 22606 IPCTensor.h:369] NewIPCTensor: input_keys_neg_5 [1000000]0x10204cd22000 7.629 MB
W20240210 03:08:11.696007 22675 IPCTensor.h:369] NewIPCTensor: input_keys_neg_6 [1000000]0x10204d4c9000 7.629 MB
W20240210 03:08:11.696014 22472 IPCTensor.h:369] NewIPCTensor: input_keys_neg_3 [1000000]0x10204dc6c000 7.629 MB
W20240210 03:08:11.696019 22402 IPCTensor.h:369] NewIPCTensor: input_keys_neg_2 [1000000]0x10204e40f000 7.629 MB
W20240210 03:08:11.696031 22539 IPCTensor.h:369] NewIPCTensor: input_keys_neg_4 [1000000]0x10204ebb2000 7.629 MB
W20240210 03:08:11.696098 22743 IPCTensor.h:369] NewIPCTensor: input_keys_0 [1000000]0x10204f355000 7.629 MB
W20240210 03:08:11.696156 22539 IPCTensor.h:369] NewIPCTensor: backward_grads_4 [1000000, 400]0x10204faf8000 1.49 GB
W20240210 03:08:11.696162 22402 IPCTensor.h:369] NewIPCTensor: backward_grads_2 [1000000, 400]0x1020af0db000 1.49 GB
W20240210 03:08:11.696180 22472 IPCTensor.h:369] NewIPCTensor: backward_grads_3 [1000000, 400]0x10210e6be000 1.49 GB
W20240210 03:08:11.696188 22675 IPCTensor.h:369] NewIPCTensor: backward_grads_6 [1000000, 400]0x10216dca1000 1.49 GB
W20240210 03:08:11.696194 22606 IPCTensor.h:369] NewIPCTensor: backward_grads_5 [1000000, 400]0x1021cd284000 1.49 GB
W20240210 03:08:11.696203 22806 IPCTensor.h:369] NewIPCTensor: input_keys_7 [1000000]0x10222c867000 7.629 MB
W20240210 03:08:11.696214 22307 IPCTensor.h:369] NewIPCTensor: backward_grads_1 [1000000, 400]0x10222d00a000 1.49 GB
W20240210 03:08:11.696223 22743 IPCTensor.h:369] NewIPCTensor: input_keys_neg_0 [1000000]0x10228c5ed000 7.629 MB
W20240210 03:08:11.696254 22539 IPCTensor.h:369] NewIPCTensor: backward_grads_neg_4 [1000000, 400]0x10228cd90000 1.49 GB
W20240210 03:08:11.696280 22606 IPCTensor.h:369] NewIPCTensor: backward_grads_neg_5 [1000000, 400]0x1022ec373000 1.49 GB
W20240210 03:08:11.696286 22675 IPCTensor.h:369] NewIPCTensor: backward_grads_neg_6 [1000000, 400]0x10234b956000 1.49 GB
W20240210 03:08:11.696295 22472 IPCTensor.h:369] NewIPCTensor: backward_grads_neg_3 [1000000, 400]0x1023aaf39000 1.49 GB
W20240210 03:08:11.696297 22743 IPCTensor.h:369] NewIPCTensor: backward_grads_0 [1000000, 400]0x10240a51c000 1.49 GB
W20240210 03:08:11.696305 22402 IPCTensor.h:369] NewIPCTensor: backward_grads_neg_2 [1000000, 400]0x102469aff000 1.49 GB
W20240210 03:08:11.696336 22307 IPCTensor.h:369] NewIPCTensor: backward_grads_neg_1 [1000000, 400]0x1024c90e2000 1.49 GB
W20240210 03:08:11.696349 22539 IPCTensor.h:409] NewIPCGPUTensor: backward_grads_4_gpu [1000000, 400]; dev=4; size=1.49 GB
W20240210 03:08:11.696357 22743 IPCTensor.h:369] NewIPCTensor: backward_grads_neg_0 [1000000, 400]0x1025286c5000 1.49 GB
W20240210 03:08:11.696370 22806 IPCTensor.h:369] NewIPCTensor: input_keys_neg_7 [1000000]0x102587ca8000 7.629 MB
W20240210 03:08:11.696388 22402 IPCTensor.h:409] NewIPCGPUTensor: backward_grads_2_gpu [1000000, 400]; dev=2; size=1.49 GB
W20240210 03:08:11.696393 22472 IPCTensor.h:409] NewIPCGPUTensor: backward_grads_3_gpu [1000000, 400]; dev=3; size=1.49 GB
W20240210 03:08:11.696400 22675 IPCTensor.h:409] NewIPCGPUTensor: backward_grads_6_gpu [1000000, 400]; dev=6; size=1.49 GB
W20240210 03:08:11.696408 22606 IPCTensor.h:409] NewIPCGPUTensor: backward_grads_5_gpu [1000000, 400]; dev=5; size=1.49 GB
W20240210 03:08:11.696410 22307 IPCTensor.h:409] NewIPCGPUTensor: backward_grads_1_gpu [1000000, 400]; dev=1; size=1.49 GB
W20240210 03:08:11.696414 22743 IPCTensor.h:409] NewIPCGPUTensor: backward_grads_0_gpu [1000000, 400]; dev=0; size=1.49 GB
W20240210 03:08:11.696436 22806 IPCTensor.h:369] NewIPCTensor: backward_grads_7 [1000000, 400]0x10258844b000 1.49 GB
W20240210 03:08:11.696488 22806 IPCTensor.h:369] NewIPCTensor: backward_grads_neg_7 [1000000, 400]0x1025e7a2e000 1.49 GB
W20240210 03:08:11.696534 22806 IPCTensor.h:409] NewIPCGPUTensor: backward_grads_7_gpu [1000000, 400]; dev=7; size=1.49 GB
W20240210 03:08:11.711933 22743 IPCTensor.h:409] NewIPCGPUTensor: backward_grads_neg_0_gpu [1000000, 400]; dev=0; size=1.49 GB
W20240210 03:08:11.711985 22675 IPCTensor.h:409] NewIPCGPUTensor: backward_grads_neg_6_gpu [1000000, 400]; dev=6; size=1.49 GB
W20240210 03:08:11.711995 22806 IPCTensor.h:409] NewIPCGPUTensor: backward_grads_neg_7_gpu [1000000, 400]; dev=7; size=1.49 GB
W20240210 03:08:11.712069 22472 IPCTensor.h:409] NewIPCGPUTensor: backward_grads_neg_3_gpu [1000000, 400]; dev=3; size=1.49 GB
W20240210 03:08:11.712071 22402 IPCTensor.h:409] NewIPCGPUTensor: backward_grads_neg_2_gpu [1000000, 400]; dev=2; size=1.49 GB
W20240210 03:08:11.712075 22606 IPCTensor.h:409] NewIPCGPUTensor: backward_grads_neg_5_gpu [1000000, 400]; dev=5; size=1.49 GB
W20240210 03:08:11.712102 22539 IPCTensor.h:409] NewIPCGPUTensor: backward_grads_neg_4_gpu [1000000, 400]; dev=4; size=1.49 GB
W20240210 03:08:11.715389 22307 IPCTensor.h:409] NewIPCGPUTensor: backward_grads_neg_1_gpu [1000000, 400]; dev=1; size=1.49 GB
[Rank7] pid = 22742
New CachedEmbedding, name=full_emb, shape=(86054151, 400), cache_type=KnownLocalCachedEmbedding
fixed cache_range is [(0, 8605415), (8605415, 17210830), (17210830, 25816245), (25816245, 34421660), (34421660, 43027075), (43027075, 51632490), (51632490, 60237905), (60237905, 68843320)]
cudaHostRegister 0x100026322000
0: KnownLocalCachedEmbedding init done
WARNING [17024 DistTensor.py:59] The tensor name already exists in the kvstore
cudaHostRegister 0x100026322000
7: KnownLocalCachedEmbedding init done
WARNING [22742 DistTensor.py:59] The tensor name already exists in the kvstore
cudaHostRegister 0x100026322000
5: KnownLocalCachedEmbedding init done
WARNING [22605 DistTensor.py:59] The tensor name already exists in the kvstore
cudaHostRegister 0x100026322000
4: KnownLocalCachedEmbedding init done
WARNING [22538 DistTensor.py:59] The tensor name already exists in the kvstore
cudaHostRegister 0x100026322000
3: KnownLocalCachedEmbedding init done
cudaHostRegister 0x100026322000
1: KnownLocalCachedEmbedding init done
WARNING [22471 DistTensor.py:59] The tensor name already exists in the kvstore
WARNING [22306 DistTensor.py:59] The tensor name already exists in the kvstore
cudaHostRegister 0x100026322000
2: KnownLocalCachedEmbedding init done
WARNING [22401 DistTensor.py:59] The tensor name already exists in the kvstore
cudaHostRegister 0x100026322000
6: KnownLocalCachedEmbedding init done
WARNING [22674 DistTensor.py:59] The tensor name already exists in the kvstore
I20240210 03:09:04.165836 22675 IPC_barrier.h:118] CreateBarrier: new barrier, name: kgcachecontroller, count: 8
I20240210 03:09:04.165974 22743 IPC_barrier.h:112] CreateBarrier: find existing barrier, name: kgcachecontroller, count: 8
I20240210 03:09:04.166049 22472 IPC_barrier.h:112] CreateBarrier: find existing barrier, name: kgcachecontroller, count: 8
I20240210 03:09:04.166098 22402 IPC_barrier.h:112] CreateBarrier: find existing barrier, name: kgcachecontroller, count: 8
I20240210 03:09:04.166139 22806 IPC_barrier.h:112] CreateBarrier: find existing barrier, name: kgcachecontroller, count: 8
I20240210 03:09:04.166217 22539 IPC_barrier.h:112] CreateBarrier: find existing barrier, name: kgcachecontroller, count: 8
I20240210 03:09:04.166450 22307 IPC_barrier.h:112] CreateBarrier: find existing barrier, name: kgcachecontroller, count: 8
I20240210 03:09:04.166497 22606 IPC_barrier.h:112] CreateBarrier: find existing barrier, name: kgcachecontroller, count: 8
E20240210 03:09:05.964926 22307 recstore.cc:66] init folly done
E20240210 03:09:05.965235 22743 recstore.cc:66] init folly done
E20240210 03:09:05.965350 22402 recstore.cc:66] init folly done
E20240210 03:09:05.965353 22472 recstore.cc:66] init folly done
E20240210 03:09:05.965373 22675 recstore.cc:66] init folly done
E20240210 03:09:05.965369 22606 recstore.cc:66] init folly done
E20240210 03:09:05.965767 22806 recstore.cc:66] init folly done
E20240210 03:09:05.965795 22539 recstore.cc:66] init folly done
I20240210 03:09:12.161024 22806 IPC_barrier.h:118] CreateBarrier: new barrier, name: start_barrier, count: 8
I20240210 03:09:12.401751 22539 IPC_barrier.h:112] CreateBarrier: find existing barrier, name: start_barrier, count: 8
I20240210 03:09:12.445591 22606 IPC_barrier.h:112] CreateBarrier: find existing barrier, name: start_barrier, count: 8
I20240210 03:09:13.214092 22402 IPC_barrier.h:112] CreateBarrier: find existing barrier, name: start_barrier, count: 8
I20240210 03:09:14.142453 22743 IPC_barrier.h:112] CreateBarrier: find existing barrier, name: start_barrier, count: 8
I20240210 03:09:14.272760 22307 IPC_barrier.h:112] CreateBarrier: find existing barrier, name: start_barrier, count: 8
I20240210 03:09:14.313212 22472 IPC_barrier.h:112] CreateBarrier: find existing barrier, name: start_barrier, count: 8
I20240210 03:09:15.610647 22675 IPC_barrier.h:112] CreateBarrier: find existing barrier, name: start_barrier, count: 8
+---------------------------+---------------------------+---------------------------+
| Name                      | P50                       | P99                       |
+---------------------------+---------------------------+---------------------------+
| GenInput                  | 6.836 ms                  | 6.836 ms                  |
| Forward                   | 579.985 ms                | 579.985 ms                |
| back: bucket keys         | 22.278 ms                 | 22.278 ms                 |
+---------------------------+---------------------------+---------------------------+
+---------------------------+---------------------------+---------------------------+
| Name                      | P50                       | P99                       |
+---------------------------+---------------------------+---------------------------+
| GenInput                  | 6.836 ms                  | 6.836 ms                  |
| Forward                   | 579.985 ms                | 579.985 ms                |
| back: bucket keys         | 22.278 ms                 | 22.278 ms                 |
+---------------------------+---------------------------+---------------------------+
+---------------------------+---------------------------+---------------------------+
| Name                      | P50                       | P99                       |
+---------------------------+---------------------------+---------------------------+
| GenInput                  | 6.836 ms                  | 6.836 ms                  |
| Forward                   | 579.985 ms                | 579.985 ms                |
| back: bucket keys         | 22.278 ms                 | 22.278 ms                 |
+---------------------------+---------------------------+---------------------------+
+---------------------------+---------------------------+---------------------------+
| Name                      | P50                       | P99                       |
+---------------------------+---------------------------+---------------------------+
| GenInput                  | 6.836 ms                  | 6.836 ms                  |
| Forward                   | 579.985 ms                | 579.985 ms                |
| back: bucket keys         | 22.278 ms                 | 22.278 ms                 |
+---------------------------+---------------------------+---------------------------+
+---------------------------+---------------------------+---------------------------+
| Name                      | P50                       | P99                       |
+---------------------------+---------------------------+---------------------------+
| GenInput                  | 6.836 ms                  | 6.836 ms                  |
| Forward                   | 579.985 ms                | 579.985 ms                |
| back: bucket keys         | 22.278 ms                 | 22.278 ms                 |
+---------------------------+---------------------------+---------------------------+
+---------------------------+---------------------------+---------------------------+
| Name                      | P50                       | P99                       |
+---------------------------+---------------------------+---------------------------+
| GenInput                  | 6.836 ms                  | 6.836 ms                  |
| Forward                   | 579.985 ms                | 579.985 ms                |
| back: bucket keys         | 22.278 ms                 | 22.278 ms                 |
+---------------------------+---------------------------+---------------------------+
+---------------------------+---------------------------+---------------------------+
| Name                      | P50                       | P99                       |
+---------------------------+---------------------------+---------------------------+
| GenInput                  | 6.836 ms                  | 6.836 ms                  |
| Forward                   | 579.985 ms                | 579.985 ms                |
| back: bucket keys         | 22.278 ms                 | 22.278 ms                 |
+---------------------------+---------------------------+---------------------------+
+---------------------------+---------------------------+---------------------------+
| Name                      | P50                       | P99                       |
+---------------------------+---------------------------+---------------------------+
| GenInput                  | 6.836 ms                  | 6.836 ms                  |
| Forward                   | 579.985 ms                | 579.985 ms                |
| back: bucket keys         | 22.278 ms                 | 22.278 ms                 |
+---------------------------+---------------------------+---------------------------+
+---------------------------+---------------------------+---------------------------+
| Name                      | P50                       | P99                       |
+---------------------------+---------------------------+---------------------------+
| GenInput                  | 6.836 ms                  | 6.836 ms                  |
| Forward                   | 579.985 ms                | 579.985 ms                |
| back: bucket keys         | 22.278 ms                 | 22.278 ms                 |
+---------------------------+---------------------------+---------------------------+
+---------------------------+---------------------------+---------------------------+
| Name                      | P50                       | P99                       |
+---------------------------+---------------------------+---------------------------+
| GenInput                  | 6.836 ms                  | 6.836 ms                  |
| Forward                   | 579.985 ms                | 579.985 ms                |
| back: bucket keys         | 22.278 ms                 | 22.278 ms                 |
+---------------------------+---------------------------+---------------------------+
+---------------------------+---------------------------+---------------------------+
| Name                      | P50                       | P99                       |
+---------------------------+---------------------------+---------------------------+
| GenInput                  | 9.159 ms                  | 12.090 ms                 |
| Forward                   | 5.437 ms                  | 579.985 ms                |
| back: bucket keys         | 1.602 ms                  | 22.278 ms                 |
| back: a2a                 | 21.205 ms                 | 49.509 s                  |
| back: cache               | 20.329 ms                 | 109.055 ms                |
| back: aggr dram keys      | 138.218 ms                | 1.017 s                   |
| back: set dram grad       | 29.079 ms                 | 47.729 ms                 |
| Backward                  | 437.450 ms                | 51.116 s                  |
| Optimize                  | 99.949 ms                 | 120.676 ms                |
| BarrierTimeBeforeRank0    | 47.345 us                 | 88.292 us                 |
| BlockToStepN              | 39.385 us                 | 201.489 us                |
| OneStep                   | 560.363 ms                | 51.821 s                  |
+---------------------------+---------------------------+---------------------------+
+---------------------------+---------------------------+---------------------------+
| Name                      | P50                       | P99                       |
+---------------------------+---------------------------+---------------------------+
| GenInput                  | 6.558 ms                  | 101.582 ms                |
| Forward                   | 5.302 ms                  | 579.985 ms                |
| back: bucket keys         | 681.400 us                | 22.278 ms                 |
| back: a2a                 | 21.357 ms                 | 49.509 s                  |
| back: cache               | 20.329 ms                 | 109.055 ms                |
| back: aggr dram keys      | 94.341 ms                 | 1.017 s                   |
| back: set dram grad       | 15.011 ms                 | 47.729 ms                 |
| Backward                  | 401.733 ms                | 51.116 s                  |
| Optimize                  | 115.746 ms                | 146.118 ms                |
| BarrierTimeBeforeRank0    | 48.431 us                 | 88.292 us                 |
| BlockToStepN              | 48.123 us                 | 201.489 us                |
| OneStep                   | 536.075 ms                | 51.821 s                  |
+---------------------------+---------------------------+---------------------------+
+---------------------------+---------------------------+---------------------------+
| Name                      | P50                       | P99                       |
+---------------------------+---------------------------+---------------------------+
| GenInput                  | 5.453 ms                  | 101.582 ms                |
| Forward                   | 5.274 ms                  | 579.985 ms                |
| back: bucket keys         | 681.400 us                | 22.278 ms                 |
| back: a2a                 | 21.447 ms                 | 49.509 s                  |
| back: cache               | 20.329 ms                 | 109.055 ms                |
| back: aggr dram keys      | 96.334 ms                 | 1.017 s                   |
| back: set dram grad       | 10.416 ms                 | 47.729 ms                 |
| Backward                  | 382.802 ms                | 51.116 s                  |
| Optimize                  | 114.411 ms                | 146.118 ms                |
| BarrierTimeBeforeRank0    | 48.014 us                 | 88.292 us                 |
| BlockToStepN              | 48.652 us                 | 5.131 ms                  |
| OneStep                   | 510.229 ms                | 51.821 s                  |
+---------------------------+---------------------------+---------------------------+
+---------------------------+---------------------------+---------------------------+
| Name                      | P50                       | P99                       |
+---------------------------+---------------------------+---------------------------+
| GenInput                  | 4.482 ms                  | 101.582 ms                |
| Forward                   | 5.124 ms                  | 579.985 ms                |
| back: bucket keys         | 905.752 us                | 1.639 ms                  |
| back: a2a                 | 21.479 ms                 | 93.700 ms                 |
| back: cache               | 20.329 ms                 | 112.317 ms                |
| back: aggr dram keys      | 94.630 ms                 | 165.364 ms                |
| back: set dram grad       | 10.521 ms                 | 44.922 ms                 |
| Backward                  | 382.802 ms                | 51.116 s                  |
| Optimize                  | 116.017 ms                | 146.118 ms                |
| BarrierTimeBeforeRank0    | 46.906 us                 | 88.292 us                 |
| BlockToStepN              | 50.952 us                 | 10.028 ms                 |
| OneStep                   | 510.229 ms                | 51.821 s                  |
+---------------------------+---------------------------+---------------------------+
+---------------------------+---------------------------+---------------------------+
| Name                      | P50                       | P99                       |
+---------------------------+---------------------------+---------------------------+
| GenInput                  | 4.684 ms                  | 204.030 ms                |
| Forward                   | 5.102 ms                  | 579.985 ms                |
| back: bucket keys         | 688.076 us                | 1.730 ms                  |
| back: a2a                 | 21.357 ms                 | 93.700 ms                 |
| back: cache               | 20.329 ms                 | 115.543 ms                |
| back: aggr dram keys      | 94.010 ms                 | 165.364 ms                |
| back: set dram grad       | 10.508 ms                 | 44.922 ms                 |
| Backward                  | 381.595 ms                | 51.116 s                  |
| Optimize                  | 114.411 ms                | 146.118 ms                |
| BarrierTimeBeforeRank0    | 46.454 us                 | 347.190 us                |
| BlockToStepN              | 50.070 us                 | 10.028 ms                 |
| OneStep                   | 507.184 ms                | 51.821 s                  |
+---------------------------+---------------------------+---------------------------+
+---------------------------+---------------------------+---------------------------+
| Name                      | P50                       | P99                       |
+---------------------------+---------------------------+---------------------------+
| GenInput                  | 4.684 ms                  | 151.294 ms                |
| Forward                   | 4.980 ms                  | 7.241 ms                  |
| back: bucket keys         | 688.076 us                | 1.730 ms                  |
| back: a2a                 | 21.357 ms                 | 93.700 ms                 |
| back: cache               | 20.329 ms                 | 115.543 ms                |
| back: aggr dram keys      | 84.686 ms                 | 165.364 ms                |
| back: set dram grad       | 10.285 ms                 | 44.922 ms                 |
| Backward                  | 357.770 ms                | 469.537 ms                |
| Optimize                  | 111.665 ms                | 144.467 ms                |
| BarrierTimeBeforeRank0    | 46.270 us                 | 88.292 us                 |
| BlockToStepN              | 49.352 us                 | 5.131 ms                  |
| OneStep                   | 487.774 ms                | 716.854 ms                |
+---------------------------+---------------------------+---------------------------+
+---------------------------+---------------------------+---------------------------+
| Name                      | P50                       | P99                       |
+---------------------------+---------------------------+---------------------------+
| GenInput                  | 4.505 ms                  | 151.294 ms                |
| Forward                   | 4.859 ms                  | 7.241 ms                  |
| back: bucket keys         | 688.076 us                | 1.730 ms                  |
| back: a2a                 | 21.410 ms                 | 93.700 ms                 |
| back: cache               | 34.155 ms                 | 115.543 ms                |
| back: aggr dram keys      | 84.000 ms                 | 165.364 ms                |
| back: set dram grad       | 10.185 ms                 | 44.922 ms                 |
| Backward                  | 360.092 ms                | 469.537 ms                |
| Optimize                  | 112.045 ms                | 144.467 ms                |
| BarrierTimeBeforeRank0    | 44.253 us                 | 88.292 us                 |
| BlockToStepN              | 50.479 us                 | 5.131 ms                  |
| OneStep                   | 486.289 ms                | 716.854 ms                |
+---------------------------+---------------------------+---------------------------+
+---------------------------+---------------------------+---------------------------+
| Name                      | P50                       | P99                       |
+---------------------------+---------------------------+---------------------------+
| GenInput                  | 4.424 ms                  | 151.294 ms                |
| Forward                   | 4.760 ms                  | 7.241 ms                  |
| back: bucket keys         | 688.076 us                | 1.643 ms                  |
| back: a2a                 | 21.525 ms                 | 93.700 ms                 |
| back: cache               | 34.155 ms                 | 112.317 ms                |
| back: aggr dram keys      | 81.500 ms                 | 162.787 ms                |
| back: set dram grad       | 8.862 ms                  | 34.532 ms                 |
| Backward                  | 360.092 ms                | 567.808 ms                |
| Optimize                  | 111.486 ms                | 144.467 ms                |
| BarrierTimeBeforeRank0    | 42.864 us                 | 88.292 us                 |
| BlockToStepN              | 50.961 us                 | 5.131 ms                  |
| OneStep                   | 485.735 ms                | 774.890 ms                |
+---------------------------+---------------------------+---------------------------+
train_sampler.Prefill()
-------Step 0-------
tensor([  147264,   147289,   147313,   147341, 10230993,   997187, 67217352,
        23724727, 21693014,   147367]) tensor([ 9582425, 19252091, 51938638, 80840890, 26751416, 39798751, 34009803,
        66219646, 74938643, 28010271])
-------Step 1-------
tensor([  147264,   147289,   147313,   147341, 10230993,   997187, 67217352,
        23724727, 21693014,   147367]) tensor([ 3789322, 36534859, 16129439, 79463789, 70825841, 51255501, 62046211,
        42946547, 45831043, 18740746])
-------Step 2-------
tensor([  203623,   203643,   203664,   313227,   203686,   203713, 85874804,
        32721138,   203740,   203769]) tensor([80300369, 24024797, 84394536, 43347630, 52033417, 27185178, 75883317,
        51438800, 20369654, 50324616])
-------Step 3-------
tensor([  203623,   203643,   203664,   313227,   203686,   203713, 85874804,
        32721138,   203740,   203769]) tensor([58888456, 72707171, 32273564, 47562185, 56199414, 75499055, 46298154,
        22269389, 25825356,  1755045])
-------Step 4-------
tensor([  259676, 40291643,   259703,  1009533,   259729,  1009550,   259748,
        49482576,   259774,   259798]) tensor([69479799, 15076125, 71854105, 24197070, 77225249, 38302381, 75772116,
        46720332, 85634966, 63717040])
-------Step 5-------
tensor([  259676, 40291643,   259703,  1009533,   259729,  1009550,   259748,
        49482576,   259774,   259798]) tensor([32364543,  1473610,   917464, 85737603, 68659732, 67959256, 21131308,
        12768149, 60745325, 51149941])
-------Step 6-------
tensor([  316045,   344860, 40424798,   316071, 34464084, 79615652,   316095,
          316127, 62587505, 45446924]) tensor([18685315, 34825924, 32671335, 83383468, 31013285, 34045644, 31767236,
        11244067, 78084605, 85257404])
-------Step 7-------
tensor([  316045,   344860, 40424798,   316071, 34464084, 79615652,   316095,
