WARNING: Logging before InitGoogleLogging() is written to STDERR
I20240128 18:14:03.437757 622057 IPC_barrier.h:128] MultiProcessBarrierFactory->ClearIPCMemory()
/home/xieminhui/RecStore/src/framework_adapters/torch/kg/dgl-0.9.1/python/dgl/_deprecate/graph.py:1023: DGLWarning: multigraph will be deprecated.DGL will treat all graphs as multigraph in the future.
  dgl_warning("multigraph will be deprecated." \
/home/xieminhui/RecStore/src/framework_adapters/torch/kg/dgl-0.9.1/python/dgl/heterograph.py:72: DGLWarning: Recommend creating graphs by `dgl.graph(data)` instead of `dgl.DGLGraph(data)`.
  dgl_warning('Recommend creating graphs by `dgl.graph(data)`'
Reading train triples....
Finished. Read 483142 train triples.
Reading valid triples....
Finished. Read 50000 valid triples.
Reading test triples....
Finished. Read 59071 test triples.
ARGS:  Namespace(model_name='SimplE', data_path='/home/xieminhui/dgl-data', dataset='FB15k', format='built_in', data_files=None, delimiter='\t', save_path='/tmp/ckpts/SimplE_FB15k_25', no_save_emb=True, max_step=500, batch_size=1200, batch_size_eval=16, neg_sample_size=200, neg_deg_sample=False, neg_deg_sample_eval=False, neg_sample_size_eval=14951, eval_percent=1, no_eval_filter=False, log_interval=100, eval_interval=10000, test=False, num_proc=4, num_thread=1, force_sync_interval=1, hidden_dim=400, lr=0.01, gamma=16.0, double_ent=False, double_rel=False, neg_adversarial_sampling=False, adversarial_temperature=1.0, regularization_coef=0.0, regularization_norm=3, pairwise=False, loss_genre='Logsigmoid', margin=1.0, nr_gpus=4, gpu=[0, 1, 2, 3], mix_cpu_gpu=True, valid=False, rel_part=False, async_update=None, has_edge_importance=False, cached_emb_type='KnownLocalCachedEmbedding', use_my_emb=True, cache_ratio=0.05, shuffle=False, backwardMode='CppAsyncV2', L=10, update_cache_use_omp=0, update_pq_use_omp=0, kForwardItersPerStep=2, backgrad_init='both', eval_filter=True, soft_rel_part=False)
|Train|: 483142
original graph:  DGLGraph(num_nodes=14951, num_edges=592213,
         ndata_schemes={}
         edata_schemes={'tid': Scheme(shape=(), dtype=torch.int64)})
Loading cached metis
WARNING [622057 sampler.py:454] Start PreSampling
WARNING [622057 sampler.py:532] Before construct renumbering_dict
WARNING [622057 sampler.py:555] PreSampling done
W20240128 18:14:05.794741 622057 IPCTensor.h:368] NewIPCTensor: cached_sampler_r0_0 [1000000]0x100000002000 7.629 MB
W20240128 18:14:05.794895 622057 IPCTensor.h:368] NewIPCTensor: cached_sampler_r0_1 [1000000]0x1000007a5000 7.629 MB
W20240128 18:14:05.794947 622057 IPCTensor.h:368] NewIPCTensor: cached_sampler_r0_2 [1000000]0x100000f48000 7.629 MB
W20240128 18:14:05.794975 622057 IPCTensor.h:368] NewIPCTensor: cached_sampler_r0_3 [1000000]0x1000016eb000 7.629 MB
W20240128 18:14:05.794996 622057 IPCTensor.h:368] NewIPCTensor: cached_sampler_r0_4 [1000000]0x100001e8e000 7.629 MB
W20240128 18:14:05.795019 622057 IPCTensor.h:368] NewIPCTensor: cached_sampler_r0_5 [1000000]0x100002631000 7.629 MB
W20240128 18:14:05.795044 622057 IPCTensor.h:368] NewIPCTensor: cached_sampler_r0_6 [1000000]0x100002dd4000 7.629 MB
W20240128 18:14:05.795068 622057 IPCTensor.h:368] NewIPCTensor: cached_sampler_r0_7 [1000000]0x100003577000 7.629 MB
W20240128 18:14:05.795090 622057 IPCTensor.h:368] NewIPCTensor: cached_sampler_r0_8 [1000000]0x100003d1a000 7.629 MB
W20240128 18:14:05.795109 622057 IPCTensor.h:368] NewIPCTensor: cached_sampler_r0_9 [1000000]0x1000044bd000 7.629 MB
W20240128 18:14:05.795130 622057 IPCTensor.h:368] NewIPCTensor: step_r0 [10]0x100004c60000 80 B 
W20240128 18:14:05.795147 622057 IPCTensor.h:368] NewIPCTensor: circle_buffer_end_r0 [1]0x100004c62000 8 B 
W20240128 18:14:05.795167 622057 IPCTensor.h:368] NewIPCTensor: circle_buffer_end_cppseen_r0 [1]0x100004c64000 8 B 
W20240128 18:14:05.795256 622057 IPCTensor.h:368] NewIPCTensor: cached_sampler_r1_0 [1000000]0x100004c66000 7.629 MB
W20240128 18:14:05.795279 622057 IPCTensor.h:368] NewIPCTensor: cached_sampler_r1_1 [1000000]0x100005409000 7.629 MB
W20240128 18:14:05.795296 622057 IPCTensor.h:368] NewIPCTensor: cached_sampler_r1_2 [1000000]0x100005bac000 7.629 MB
W20240128 18:14:05.795331 622057 IPCTensor.h:368] NewIPCTensor: cached_sampler_r1_3 [1000000]0x10000634f000 7.629 MB
W20240128 18:14:05.795348 622057 IPCTensor.h:368] NewIPCTensor: cached_sampler_r1_4 [1000000]0x100006af2000 7.629 MB
W20240128 18:14:05.795367 622057 IPCTensor.h:368] NewIPCTensor: cached_sampler_r1_5 [1000000]0x100007295000 7.629 MB
W20240128 18:14:05.795393 622057 IPCTensor.h:368] NewIPCTensor: cached_sampler_r1_6 [1000000]0x100007a38000 7.629 MB
W20240128 18:14:05.795410 622057 IPCTensor.h:368] NewIPCTensor: cached_sampler_r1_7 [1000000]0x1000081db000 7.629 MB
W20240128 18:14:05.795432 622057 IPCTensor.h:368] NewIPCTensor: cached_sampler_r1_8 [1000000]0x10000897e000 7.629 MB
W20240128 18:14:05.795454 622057 IPCTensor.h:368] NewIPCTensor: cached_sampler_r1_9 [1000000]0x100009121000 7.629 MB
W20240128 18:14:05.795478 622057 IPCTensor.h:368] NewIPCTensor: step_r1 [10]0x1000098c4000 80 B 
W20240128 18:14:05.795495 622057 IPCTensor.h:368] NewIPCTensor: circle_buffer_end_r1 [1]0x1000098c6000 8 B 
W20240128 18:14:05.795511 622057 IPCTensor.h:368] NewIPCTensor: circle_buffer_end_cppseen_r1 [1]0x1000098c8000 8 B 
W20240128 18:14:05.795553 622057 IPCTensor.h:368] NewIPCTensor: cached_sampler_r2_0 [1000000]0x1000098ca000 7.629 MB
W20240128 18:14:05.795574 622057 IPCTensor.h:368] NewIPCTensor: cached_sampler_r2_1 [1000000]0x10000a06d000 7.629 MB
W20240128 18:14:05.795591 622057 IPCTensor.h:368] NewIPCTensor: cached_sampler_r2_2 [1000000]0x10000a810000 7.629 MB
W20240128 18:14:05.795612 622057 IPCTensor.h:368] NewIPCTensor: cached_sampler_r2_3 [1000000]0x10000afb3000 7.629 MB
W20240128 18:14:05.795629 622057 IPCTensor.h:368] NewIPCTensor: cached_sampler_r2_4 [1000000]0x10000b756000 7.629 MB
W20240128 18:14:05.795653 622057 IPCTensor.h:368] NewIPCTensor: cached_sampler_r2_5 [1000000]0x10000bef9000 7.629 MB
W20240128 18:14:05.795676 622057 IPCTensor.h:368] NewIPCTensor: cached_sampler_r2_6 [1000000]0x10000c69c000 7.629 MB
W20240128 18:14:05.795706 622057 IPCTensor.h:368] NewIPCTensor: cached_sampler_r2_7 [1000000]0x10000ce3f000 7.629 MB
W20240128 18:14:05.795725 622057 IPCTensor.h:368] NewIPCTensor: cached_sampler_r2_8 [1000000]0x10000d5e2000 7.629 MB
W20240128 18:14:05.795747 622057 IPCTensor.h:368] NewIPCTensor: cached_sampler_r2_9 [1000000]0x10000dd85000 7.629 MB
W20240128 18:14:05.795776 622057 IPCTensor.h:368] NewIPCTensor: step_r2 [10]0x10000e528000 80 B 
W20240128 18:14:05.795794 622057 IPCTensor.h:368] NewIPCTensor: circle_buffer_end_r2 [1]0x10000e52a000 8 B 
W20240128 18:14:05.795812 622057 IPCTensor.h:368] NewIPCTensor: circle_buffer_end_cppseen_r2 [1]0x10000e52c000 8 B 
W20240128 18:14:05.795848 622057 IPCTensor.h:368] NewIPCTensor: cached_sampler_r3_0 [1000000]0x10000e52e000 7.629 MB
W20240128 18:14:05.795871 622057 IPCTensor.h:368] NewIPCTensor: cached_sampler_r3_1 [1000000]0x10000ecd1000 7.629 MB
W20240128 18:14:05.795889 622057 IPCTensor.h:368] NewIPCTensor: cached_sampler_r3_2 [1000000]0x10000f474000 7.629 MB
W20240128 18:14:05.795909 622057 IPCTensor.h:368] NewIPCTensor: cached_sampler_r3_3 [1000000]0x10000fc17000 7.629 MB
W20240128 18:14:05.795930 622057 IPCTensor.h:368] NewIPCTensor: cached_sampler_r3_4 [1000000]0x1000103ba000 7.629 MB
W20240128 18:14:05.795953 622057 IPCTensor.h:368] NewIPCTensor: cached_sampler_r3_5 [1000000]0x100010b5d000 7.629 MB
W20240128 18:14:05.795969 622057 IPCTensor.h:368] NewIPCTensor: cached_sampler_r3_6 [1000000]0x100011300000 7.629 MB
W20240128 18:14:05.795991 622057 IPCTensor.h:368] NewIPCTensor: cached_sampler_r3_7 [1000000]0x100011aa3000 7.629 MB
W20240128 18:14:05.796012 622057 IPCTensor.h:368] NewIPCTensor: cached_sampler_r3_8 [1000000]0x100012246000 7.629 MB
W20240128 18:14:05.796037 622057 IPCTensor.h:368] NewIPCTensor: cached_sampler_r3_9 [1000000]0x1000129e9000 7.629 MB
W20240128 18:14:05.796057 622057 IPCTensor.h:368] NewIPCTensor: step_r3 [10]0x10001318c000 80 B 
W20240128 18:14:05.796073 622057 IPCTensor.h:368] NewIPCTensor: circle_buffer_end_r3 [1]0x10001318e000 8 B 
W20240128 18:14:05.796088 622057 IPCTensor.h:368] NewIPCTensor: circle_buffer_end_cppseen_r3 [1]0x100013190000 8 B 
W20240128 18:14:05.937330 622057 IPCTensor.h:368] NewIPCTensor: full_emb [14951, 400]0x100013192000 22.81 MB
W20240128 18:14:05.937484 622057 IPCTensor.h:368] NewIPCTensor: full_emb_SparseRowWiseAdaGrad_sum [14951]0x100014864000 58.4 kB
{0: Graph(num_nodes=10523, num_edges=182012,
      ndata_schemes={'_ID': Scheme(shape=(), dtype=torch.int64), 'inner_node': Scheme(shape=(), dtype=torch.int32), 'part_id': Scheme(shape=(), dtype=torch.int64)}
      edata_schemes={'_ID': Scheme(shape=(), dtype=torch.int64), 'inner_edge': Scheme(shape=(), dtype=torch.int8)}), 1: Graph(num_nodes=10996, num_edges=244360,
      ndata_schemes={'_ID': Scheme(shape=(), dtype=torch.int64), 'inner_node': Scheme(shape=(), dtype=torch.int32), 'part_id': Scheme(shape=(), dtype=torch.int64)}
      edata_schemes={'_ID': Scheme(shape=(), dtype=torch.int64), 'inner_edge': Scheme(shape=(), dtype=torch.int8)}), 2: Graph(num_nodes=9404, num_edges=143355,
      ndata_schemes={'_ID': Scheme(shape=(), dtype=torch.int64), 'inner_node': Scheme(shape=(), dtype=torch.int32), 'part_id': Scheme(shape=(), dtype=torch.int64)}
      edata_schemes={'_ID': Scheme(shape=(), dtype=torch.int64), 'inner_edge': Scheme(shape=(), dtype=torch.int8)}), 3: Graph(num_nodes=10954, num_edges=175447,
      ndata_schemes={'_ID': Scheme(shape=(), dtype=torch.int64), 'inner_node': Scheme(shape=(), dtype=torch.int32), 'part_id': Scheme(shape=(), dtype=torch.int64)}
      edata_schemes={'_ID': Scheme(shape=(), dtype=torch.int64), 'inner_edge': Scheme(shape=(), dtype=torch.int8)})}
MertisPartition: part 0 has 10523 N 182012 E
MertisPartition: part 1 has 10996 N 244360 E
MertisPartition: part 2 has 9404 N 143355 E
MertisPartition: part 3 has 10954 N 175447 E
Rank0: cached key size 186
Rank1: cached key size 186
Rank2: cached key size 186
Rank3: cached key size 186
Before renumbering graph:  {'_ID': tensor([    5,    14,    17,  ..., 11245,  2040,  3009]), 'inner_node': tensor([1, 1, 1,  ..., 0, 0, 0], dtype=torch.int32), 'part_id': tensor([0, 0, 0,  ..., 2, 3, 3])}
After renumbering graph:  {'_ID': tensor([ 866, 1093, 1160,  ..., 1626, 5923, 7508]), 'inner_node': tensor([1, 1, 1,  ..., 0, 0, 0], dtype=torch.int32), 'part_id': tensor([0, 0, 0,  ..., 2, 3, 3])}
part_g: DGLGraph(num_nodes=10523, num_edges=182012,
         ndata_schemes={'_ID': Scheme(shape=(), dtype=torch.int64)}
         edata_schemes={'tid': Scheme(shape=(), dtype=torch.int64)})
part_g: DGLGraph(num_nodes=10523, num_edges=182012,
         ndata_schemes={'_ID': Scheme(shape=(), dtype=torch.int64)}
         edata_schemes={'tid': Scheme(shape=(), dtype=torch.int64)})
Total initialize time 2.530 seconds
[Rank1] pid = 622270
[Rank2] pid = 622335
INFO [622057 distributed_c10d.py:442] Added key: store_based_barrier_key:1 to store for rank: 0
INFO [622335 distributed_c10d.py:442] Added key: store_based_barrier_key:1 to store for rank: 2
INFO [622335 distributed_c10d.py:476] Rank 2: Completed store-based barrier for key:store_based_barrier_key:1 with 4 nodes.
INFO [622270 distributed_c10d.py:442] Added key: store_based_barrier_key:1 to store for rank: 1
INFO [622057 distributed_c10d.py:476] Rank 0: Completed store-based barrier for key:store_based_barrier_key:1 with 4 nodes.
INFO [622270 distributed_c10d.py:476] Rank 1: Completed store-based barrier for key:store_based_barrier_key:1 with 4 nodes.
W20240128 18:14:09.005575 622336 IPCTensor.h:408] NewIPCGPUTensor: embedding_cache_2 [747, 400]; dev=2; size=1.14 MB
INFO [622399 distributed_c10d.py:442] Added key: store_based_barrier_key:1 to store for rank: 3
W20240128 18:14:09.006127 622336 IPCTensor.h:368] NewIPCTensor: input_keys_2 [1000000]0x100014876000 7.629 MB
INFO [622399 distributed_c10d.py:476] Rank 3: Completed store-based barrier for key:store_based_barrier_key:1 with 4 nodes.
W20240128 18:14:09.006163 622400 IPCTensor.h:408] NewIPCGPUTensor: embedding_cache_0 [747, 400]; dev=0; size=1.14 MB
W20240128 18:14:09.006294 622336 IPCTensor.h:368] NewIPCTensor: input_keys_neg_2 [1000000]0x100015019000 7.629 MB
W20240128 18:14:09.006356 622336 IPCTensor.h:368] NewIPCTensor: backward_grads_2 [1000000, 400]0x1000157bc000 1.49 GB
W20240128 18:14:09.006389 622336 IPCTensor.h:368] NewIPCTensor: backward_grads_neg_2 [1000000, 400]0x100074d9f000 1.49 GB
W20240128 18:14:09.006421 622336 IPCTensor.h:408] NewIPCGPUTensor: backward_grads_2_gpu [1000000, 400]; dev=2; size=1.49 GB
W20240128 18:14:09.006976 622271 IPCTensor.h:408] NewIPCGPUTensor: embedding_cache_1 [747, 400]; dev=1; size=1.14 MB
W20240128 18:14:09.007943 622401 IPCTensor.h:408] NewIPCGPUTensor: embedding_cache_3 [747, 400]; dev=3; size=1.14 MB
W20240128 18:14:09.008531 622400 IPCTensor.h:368] NewIPCTensor: input_keys_0 [1000000]0x1000d4384000 7.629 MB
W20240128 18:14:09.008667 622336 IPCTensor.h:408] NewIPCGPUTensor: backward_grads_neg_2_gpu [1000000, 400]; dev=2; size=1.49 GB
W20240128 18:14:09.008723 622400 IPCTensor.h:368] NewIPCTensor: input_keys_neg_0 [1000000]0x1000d4b2d000 7.629 MB
W20240128 18:14:09.008832 622400 IPCTensor.h:368] NewIPCTensor: backward_grads_0 [1000000, 400]0x1000d52d0000 1.49 GB
W20240128 18:14:09.008853 622271 IPCTensor.h:368] NewIPCTensor: input_keys_1 [1000000]0x1001348b3000 7.629 MB
W20240128 18:14:09.008908 622400 IPCTensor.h:368] NewIPCTensor: backward_grads_neg_0 [1000000, 400]0x1001357f9000 1.49 GB
W20240128 18:14:09.008894 622401 IPCTensor.h:368] NewIPCTensor: input_keys_3 [1000000]0x100135056000 7.629 MB
W20240128 18:14:09.009001 622400 IPCTensor.h:408] NewIPCGPUTensor: backward_grads_0_gpu [1000000, 400]; dev=0; size=1.49 GB
W20240128 18:14:09.009064 622271 IPCTensor.h:368] NewIPCTensor: input_keys_neg_1 [1000000]0x100194ddc000 7.629 MB
W20240128 18:14:09.009119 622401 IPCTensor.h:368] NewIPCTensor: input_keys_neg_3 [1000000]0x10019557f000 7.629 MB
W20240128 18:14:09.009171 622271 IPCTensor.h:368] NewIPCTensor: backward_grads_1 [1000000, 400]0x100195d22000 1.49 GB
W20240128 18:14:09.009233 622401 IPCTensor.h:368] NewIPCTensor: backward_grads_3 [1000000, 400]0x1001f5305000 1.49 GB
W20240128 18:14:09.009241 622271 IPCTensor.h:368] NewIPCTensor: backward_grads_neg_1 [1000000, 400]0x1002548e8000 1.49 GB
W20240128 18:14:09.009315 622401 IPCTensor.h:368] NewIPCTensor: backward_grads_neg_3 [1000000, 400]0x1002b3ecb000 1.49 GB
W20240128 18:14:09.009336 622271 IPCTensor.h:408] NewIPCGPUTensor: backward_grads_1_gpu [1000000, 400]; dev=1; size=1.49 GB
W20240128 18:14:09.009409 622401 IPCTensor.h:408] NewIPCGPUTensor: backward_grads_3_gpu [1000000, 400]; dev=3; size=1.49 GB
W20240128 18:14:09.023626 622271 IPCTensor.h:408] NewIPCGPUTensor: backward_grads_neg_1_gpu [1000000, 400]; dev=1; size=1.49 GB
W20240128 18:14:09.023651 622400 IPCTensor.h:408] NewIPCGPUTensor: backward_grads_neg_0_gpu [1000000, 400]; dev=0; size=1.49 GB
W20240128 18:14:09.023695 622401 IPCTensor.h:408] NewIPCGPUTensor: backward_grads_neg_3_gpu [1000000, 400]; dev=3; size=1.49 GB
cudaHostRegister 0x100013192000
2: KnownLocalCachedEmbedding init done
WARNING [622335 DistTensor.py:56] The tensor name already exists in the kvstore
cudaHostRegister 0x100013192000
3: KnownLocalCachedEmbedding init done
WARNING [622399 DistTensor.py:56] The tensor name already exists in the kvstore
cudaHostRegister 0x100013192000
1: KnownLocalCachedEmbedding init done
WARNING [622270 DistTensor.py:56] The tensor name already exists in the kvstore
[Rank3] pid = 622399
New CachedEmbedding, name=full_emb, shape=(14951, 400), cache_type=KnownLocalCachedEmbedding
fixed cache_range is [(0, 747), (747, 1494), (1494, 2241), (2241, 2988)]
cudaHostRegister 0x100013192000
0: KnownLocalCachedEmbedding init done
WARNING [622057 DistTensor.py:56] The tensor name already exists in the kvstore
I20240128 18:14:10.653527 622400 IPC_barrier.h:118] CreateBarrier: new barrier, name: kgcachecontroller, count: 4
I20240128 18:14:10.653756 622336 IPC_barrier.h:112] CreateBarrier: find existing barrier, name: kgcachecontroller, count: 4
I20240128 18:14:10.653884 622271 IPC_barrier.h:112] CreateBarrier: find existing barrier, name: kgcachecontroller, count: 4
I20240128 18:14:10.654063 622401 IPC_barrier.h:112] CreateBarrier: find existing barrier, name: kgcachecontroller, count: 4
W20240128 18:14:10.655686 622400 grad_base.h:55] KGCacheController, config={
        "num_gpus": 4,
        "L": 10,
        "backgrad_init": "both", 
        "kForwardItersPerStep": 2,
        "clr": 1,
        "nr_background_threads": 32,
        "backwardMode": "CppAsyncV2",
        "cache_ratio": 0.05,
        "update_cache_use_omp":  0,
        "update_pq_use_omp":  0
        }
W20240128 18:14:10.655877 622400 grad_base.h:184] Init GradProcessingBase done
I20240128 18:14:10.660490 622400 grad_async_v2.h:32] Use background thread to update emb. nr_background_threads=32
W20240128 18:14:10.660627 622400 kg_controller.h:78] after init GradAsyncProcessingV2
I20240128 18:14:10.660635 622400 kg_controller.h:84] Construct KGCacheController done
E20240128 18:14:11.047776 622401 recstore.cc:66] init folly done
E20240128 18:14:11.047793 622271 recstore.cc:66] init folly done
E20240128 18:14:11.047951 622336 recstore.cc:66] init folly done
E20240128 18:14:11.048095 622400 recstore.cc:66] init folly done
I20240128 18:14:11.049117 622400 grad_base.h:60] GraphEnv RegTensorsPerProcess
W20240128 18:14:11.760023 622809 grad_async_v2.h:121] Detect new sample comes, old_end0, new_end1
E20240128 18:14:11.760388 622809 parallel_pq_v2.h:76] insert failed, size(hashtable)=1
I20240128 18:14:11.783365 622400 IPC_barrier.h:118] CreateBarrier: new barrier, name: start_barrier, count: 4
I20240128 18:14:11.787716 622401 IPC_barrier.h:112] CreateBarrier: find existing barrier, name: start_barrier, count: 4
I20240128 18:14:11.812177 622336 IPC_barrier.h:112] CreateBarrier: find existing barrier, name: start_barrier, count: 4
I20240128 18:14:11.813100 622271 IPC_barrier.h:112] CreateBarrier: find existing barrier, name: start_barrier, count: 4
E20240128 18:14:14.117538 622585 parallel_pq_v2.h:76] insert failed, size(hashtable)=3
W20240128 18:14:14.127903 622400 grad_async_v2.h:250] Sleep in <BlockToStepN>, step_no=1, pq.top=0
W20240128 18:14:14.131250 622809 grad_async_v2.h:121] Detect new sample comes, old_end1, new_end2
E20240128 18:14:15.117115 622808 parallel_pq_v2.h:76] insert failed, size(hashtable)=6489
W20240128 18:14:15.135300 622400 grad_async_v2.h:250] Sleep in <BlockToStepN>, step_no=32, pq.top=32
W20240128 18:14:15.144316 622809 grad_async_v2.h:121] Detect new sample comes, old_end2, new_end3
+---------------------------+---------------------------+---------------------------+
| Name                      | P50                       | P99                       |
+---------------------------+---------------------------+---------------------------+
| GenInput                  | 1.018 ms                  | 14.306 ms                 |
| Forward                   | 3.379 ms                  | 778.265 ms                |
| Backward                  | 2.956 ms                  | 247.834 ms                |
| Optimize                  | 1.306 ms                  | 38.772 ms                 |
| BarrierTimeBeforeRank0    | 38.392 us                 | 460.254 ms                |
| AfterBackward             | 20.207 ms                 | 788.160 ms                |
| BlockToStepN              | 3.055 ms                  | 12.978 ms                 |
| OneStep                   | 35.716 ms                 | 2.317 s                   |
+---------------------------+---------------------------+---------------------------+
+---------------------------+---------------------------+---------------------------+
| Name                      | P50                       | P99                       |
+---------------------------+---------------------------+---------------------------+
| ProcessBack:Shuffle       | 2.195 ms                  | 87.381 ms                 |
| ProcessBack:UpdateCache   | 2.292 ms                  | 204.061 ms                |
| ProcessBack:UpsertPq      | 15.147 ms                 | 17.050 ms                 |
| ProcessOneStep            | 20.451 ms                 | 23.117 ms                 |
| BlockToStepN              | 3.101 ms                  | 10.026 ms                 |
+---------------------------+---------------------------+---------------------------+
E20240128 18:14:16.117012 622400 parallel_pq_v2.h:76] insert failed, size(hashtable)=1313
W20240128 18:14:16.149142 622809 grad_async_v2.h:121] Detect new sample comes, old_end8, new_end9
W20240128 18:14:16.164626 622400 grad_async_v2.h:250] Sleep in <BlockToStepN>, step_no=59, pq.top=59
E20240128 18:14:17.117018 622400 parallel_pq_v2.h:76] insert failed, size(hashtable)=657
W20240128 18:14:17.150368 622809 grad_async_v2.h:121] Detect new sample comes, old_end4, new_end5
W20240128 18:14:17.164115 622400 grad_async_v2.h:250] Sleep in <BlockToStepN>, step_no=85, pq.top=85
train_sampler.Prefill()
before start barrier
start train
[proc 2] 100 steps, total: 5.858, sample: 0.217, forward: 1.484, backward: 0.588, update: 0.155
train_sampler.Prefill()
before start barrier
start train
[proc 1] 100 steps, total: 5.857, sample: 0.250, forward: 1.366, backward: 0.538, update: 0.143
train_sampler.Prefill()
before start barrier
start train
[proc 3] 100 steps, total: 5.882, sample: 0.235, forward: 1.048, backward: 0.587, update: 0.157
train_sampler.Prefill()
-------Step 0-------
tensor([ 8177,  3929, 10036,  7173,  9035,  4162,   710,  4221, 14068,  8552]) tensor([ 1160,  9310, 10116,   669,  7616,  7742, 13521,  8052,  8158,  7421])
-------Step 1-------
tensor([ 8177,  3929, 10036,  7173,  9035,  4162,   710,  4221, 14068,  8552]) tensor([ 7255, 12429, 12243, 14907,  7116,  8394,  6004,  1576,  1947,  8401])
-------Step 2-------
tensor([10317,  2367,  3312,   178,  9625,  7854,  4414, 11472, 11853,  8655]) tensor([10169,  3462,  3150, 13102,  1706,  2192, 11318,  5569, 13224,  6690])
-------Step 3-------
tensor([10317,  2367,  3312,   178,  9625,  7854,  4414, 11472, 11853,  8655]) tensor([ 4612, 11881,  5772, 12594,  2595,  7971,  1833, 13403,  4770,    60])
-------Step 4-------
tensor([  155, 14684, 11652, 10749,  5876,  5104, 12418,  6380,  3553,  1350]) tensor([12822,  5093, 10373, 10430,  3210,  9481,  6054,   544, 10288, 12824])
-------Step 5-------
tensor([  155, 14684, 11652, 10749,  5876,  5104, 12418,  6380,  3553,  1350]) tensor([ 7804,  6426,  7824, 13524,  8956, 10625,  2097, 12460,  7248,  6968])
-------Step 6-------
tensor([10738,  5076,   385,   147, 10304, 10267, 14306, 11652,  8990,  7279]) tensor([ 2690,  7263,  5724, 10740,  8851, 12022,  1209,  2012, 10843, 13839])
-------Step 7-------
tensor([10738,  5076,   385,   147, 10304, 10267, 14306, 11652,  8990,  7279]) tensor([ 4348, 14942,  9168,  7375,  4748,   439,  4987,  6537, 10378, 12009])
-------Step 8-------
tensor([10454,  9507, 13797, 11390,  4574,  7493,  1049,  4688,  4659, 11851]) tensor([  385,  9659, 14116,  1013, 10890, 11172,  1487,  9207,  7483,  8094])
-------Step 9-------
tensor([10454,  9507, 13797, 11390,  4574,  7493,  1049,  4688,  4659, 11851]) tensor([ 9819, 10850,   960,  2970,  1712, 13555,  5945,  2803,  1947, 14596])
before start barrier
start train
[proc 0] 100 steps, total: 5.886, sample: 0.242, forward: 1.099, backward: 0.535, update: 0.161
E20240128 18:14:18.117015 622585 parallel_pq_v2.h:76] insert failed, size(hashtable)=1952
W20240128 18:14:18.150552 622809 grad_async_v2.h:121] Detect new sample comes, old_end3, new_end4
W20240128 18:14:18.164081 622400 grad_async_v2.h:250] Sleep in <BlockToStepN>, step_no=114, pq.top=114
E20240128 18:14:19.117012 622808 parallel_pq_v2.h:76] insert failed, size(hashtable)=4402
W20240128 18:14:19.158660 622809 grad_async_v2.h:121] Detect new sample comes, old_end9, new_end0
W20240128 18:14:19.182016 622400 grad_async_v2.h:250] Sleep in <BlockToStepN>, step_no=140, pq.top=140
E20240128 18:14:20.117017 622808 parallel_pq_v2.h:76] insert failed, size(hashtable)=4580
W20240128 18:14:20.160791 622809 grad_async_v2.h:121] Detect new sample comes, old_end4, new_end5
W20240128 18:14:20.185408 622400 grad_async_v2.h:250] Sleep in <BlockToStepN>, step_no=165, pq.top=165
+---------------------------+---------------------------+---------------------------+
| Name                      | P50                       | P99                       |
+---------------------------+---------------------------+---------------------------+
| GenInput                  | 1.029 ms                  | 13.700 ms                 |
| Forward                   | 3.269 ms                  | 4.304 ms                  |
| Backward                  | 2.964 ms                  | 3.424 ms                  |
| Optimize                  | 1.130 ms                  | 2.540 ms                  |
| BarrierTimeBeforeRank0    | 25.100 us                 | 5.438 ms                  |
| AfterBackward             | 15.840 ms                 | 22.782 ms                 |
| BlockToStepN              | 9.496 ms                  | 22.035 ms                 |
| OneStep                   | 36.942 ms                 | 46.240 ms                 |
+---------------------------+---------------------------+---------------------------+
+---------------------------+---------------------------+---------------------------+
| Name                      | P50                       | P99                       |
+---------------------------+---------------------------+---------------------------+
| ProcessBack:Shuffle       | 2.103 ms                  | 2.566 ms                  |
| ProcessBack:UpdateCache   | 1.900 ms                  | 2.647 ms                  |
| ProcessBack:UpsertPq      | 11.013 ms                 | 17.003 ms                 |
| ProcessOneStep            | 15.652 ms                 | 22.757 ms                 |
| BlockToStepN              | 9.648 ms                  | 22.053 ms                 |
+---------------------------+---------------------------+---------------------------+
E20240128 18:14:21.118996 622809 parallel_pq_v2.h:76] insert failed, size(hashtable)=42
W20240128 18:14:21.163137 622809 grad_async_v2.h:121] Detect new sample comes, old_end8, new_end9
W20240128 18:14:21.185139 622400 grad_async_v2.h:250] Sleep in <BlockToStepN>, step_no=189, pq.top=189
[proc 2] 200 steps, total: 3.996, sample: 0.259, forward: 0.313, backward: 0.265, update: 0.116
[proc 1] 200 steps, total: 3.996, sample: 0.257, forward: 0.313, backward: 0.274, update: 0.103
[proc 3] 200 steps, total: 3.996, sample: 0.268, forward: 0.313, backward: 0.273, update: 0.108
[proc 0] 200 steps, total: 3.996, sample: 0.258, forward: 0.308, backward: 0.296, update: 0.103
E20240128 18:14:22.118016 622585 parallel_pq_v2.h:76] insert failed, size(hashtable)=1120
W20240128 18:14:22.179451 622809 grad_async_v2.h:121] Detect new sample comes, old_end2, new_end3
W20240128 18:14:22.204454 622400 grad_async_v2.h:250] Sleep in <BlockToStepN>, step_no=213, pq.top=213
E20240128 18:14:23.118031 622585 parallel_pq_v2.h:76] insert failed, size(hashtable)=76
W20240128 18:14:23.187888 622809 grad_async_v2.h:121] Detect new sample comes, old_end5, new_end6
W20240128 18:14:23.213395 622400 grad_async_v2.h:250] Sleep in <BlockToStepN>, step_no=236, pq.top=236
E20240128 18:14:24.118016 622808 parallel_pq_v2.h:76] insert failed, size(hashtable)=3252
W20240128 18:14:24.191205 622809 grad_async_v2.h:121] Detect new sample comes, old_end8, new_end9
W20240128 18:14:24.213275 622400 grad_async_v2.h:250] Sleep in <BlockToStepN>, step_no=259, pq.top=259
E20240128 18:14:25.118007 622809 parallel_pq_v2.h:76] insert failed, size(hashtable)=80
W20240128 18:14:25.202590 622809 grad_async_v2.h:121] Detect new sample comes, old_end1, new_end2
W20240128 18:14:25.232162 622400 grad_async_v2.h:250] Sleep in <BlockToStepN>, step_no=282, pq.top=282
+---------------------------+---------------------------+---------------------------+
| Name                      | P50                       | P99                       |
+---------------------------+---------------------------+---------------------------+
| GenInput                  | 1.095 ms                  | 14.306 ms                 |
| Forward                   | 3.270 ms                  | 4.130 ms                  |
| Backward                  | 2.969 ms                  | 3.424 ms                  |
| Optimize                  | 1.112 ms                  | 2.357 ms                  |
| BarrierTimeBeforeRank0    | 22.422 us                 | 13.119 ms                 |
| AfterBackward             | 15.899 ms                 | 22.012 ms                 |
| BlockToStepN              | 11.629 ms                 | 28.937 ms                 |
| OneStep                   | 39.611 ms                 | 54.432 ms                 |
+---------------------------+---------------------------+---------------------------+
+---------------------------+---------------------------+---------------------------+
| Name                      | P50                       | P99                       |
+---------------------------+---------------------------+---------------------------+
| ProcessBack:Shuffle       | 2.126 ms                  | 3.081 ms                  |
| ProcessBack:UpdateCache   | 1.901 ms                  | 2.609 ms                  |
| ProcessBack:UpsertPq      | 11.126 ms                 | 16.810 ms                 |
| ProcessOneStep            | 15.889 ms                 | 21.986 ms                 |
| BlockToStepN              | 11.767 ms                 | 28.873 ms                 |
+---------------------------+---------------------------+---------------------------+
[proc 1] 300 steps, total: 4.417, sample: 0.236, forward: 0.322, backward: 0.274, update: 0.107
[proc 0] 300 steps, total: 4.417, sample: 0.283, forward: 0.320, backward: 0.290, update: 0.108
[proc 3] 300 steps, total: 4.417, sample: 0.251, forward: 0.316, backward: 0.281, update: 0.107
[proc 2] 300 steps, total: 4.417, sample: 0.229, forward: 0.315, backward: 0.277, update: 0.102
E20240128 18:14:26.118022 622808 parallel_pq_v2.h:76] insert failed, size(hashtable)=3345
W20240128 18:14:26.223042 622809 grad_async_v2.h:121] Detect new sample comes, old_end3, new_end4
W20240128 18:14:26.249328 622400 grad_async_v2.h:250] Sleep in <BlockToStepN>, step_no=304, pq.top=304
E20240128 18:14:27.118016 622400 parallel_pq_v2.h:76] insert failed, size(hashtable)=1259
W20240128 18:14:27.236131 622809 grad_async_v2.h:121] Detect new sample comes, old_end6, new_end7
W20240128 18:14:27.271998 622400 grad_async_v2.h:250] Sleep in <BlockToStepN>, step_no=327, pq.top=327
E20240128 18:14:28.118014 622808 parallel_pq_v2.h:76] insert failed, size(hashtable)=7733
W20240128 18:14:28.241972 622809 grad_async_v2.h:121] Detect new sample comes, old_end8, new_end9
W20240128 18:14:28.271422 622400 grad_async_v2.h:250] Sleep in <BlockToStepN>, step_no=349, pq.top=349
E20240128 18:14:29.118008 622808 parallel_pq_v2.h:76] insert failed, size(hashtable)=4369
W20240128 18:14:29.255447 622809 grad_async_v2.h:121] Detect new sample comes, old_end0, new_end1
W20240128 18:14:29.280449 622400 grad_async_v2.h:250] Sleep in <BlockToStepN>, step_no=371, pq.top=371
E20240128 18:14:30.118448 622809 parallel_pq_v2.h:76] insert failed, size(hashtable)=92
W20240128 18:14:30.268769 622809 grad_async_v2.h:121] Detect new sample comes, old_end1, new_end2
W20240128 18:14:30.306664 622400 grad_async_v2.h:250] Sleep in <BlockToStepN>, step_no=392, pq.top=392
+---------------------------+---------------------------+---------------------------+
| Name                      | P50                       | P99                       |
+---------------------------+---------------------------+---------------------------+
| GenInput                  | 1.141 ms                  | 15.444 ms                 |
| Forward                   | 3.249 ms                  | 4.115 ms                  |
| Backward                  | 2.959 ms                  | 3.398 ms                  |
| Optimize                  | 1.103 ms                  | 2.344 ms                  |
| BarrierTimeBeforeRank0    | 23.367 us                 | 13.333 ms                 |
| AfterBackward             | 16.091 ms                 | 24.384 ms                 |
| BlockToStepN              | 11.914 ms                 | 29.488 ms                 |
| OneStep                   | 41.307 ms                 | 57.320 ms                 |
+---------------------------+---------------------------+---------------------------+
[proc 3] 400 steps, total: 4.624, sample: 0.229, forward: 0.303, backward: 0.259, update: 0.097
[proc 1] 400 steps, total: 4.624, sample: 0.251, forward: 0.311, backward: 0.296, update: 0.099
[proc 0] 400 steps, total: 4.624, sample: 0.287, forward: 0.315, backward: 0.285, update: 0.104
[proc 2] 400 steps, total: 4.624, sample: 0.169, forward: 0.279, backward: 0.282, update: 0.099
+---------------------------+---------------------------+---------------------------+
| Name                      | P50                       | P99                       |
+---------------------------+---------------------------+---------------------------+
| ProcessBack:Shuffle       | 2.131 ms                  | 2.566 ms                  |
| ProcessBack:UpdateCache   | 1.905 ms                  | 2.647 ms                  |
| ProcessBack:UpsertPq      | 11.338 ms                 | 19.101 ms                 |
| ProcessOneStep            | 16.100 ms                 | 24.490 ms                 |
| BlockToStepN              | 11.852 ms                 | 29.963 ms                 |
+---------------------------+---------------------------+---------------------------+
E20240128 18:14:31.118011 622400 parallel_pq_v2.h:76] insert failed, size(hashtable)=528
W20240128 18:14:31.269171 622809 grad_async_v2.h:121] Detect new sample comes, old_end9, new_end0
W20240128 18:14:31.334856 622400 grad_async_v2.h:250] Sleep in <BlockToStepN>, step_no=411, pq.top=411
E20240128 18:14:32.118011 622400 parallel_pq_v2.h:76] insert failed, size(hashtable)=1037
W20240128 18:14:32.284718 622809 grad_async_v2.h:121] Detect new sample comes, old_end0, new_end1
W20240128 18:14:32.334280 622400 grad_async_v2.h:250] Sleep in <BlockToStepN>, step_no=431, pq.top=431
E20240128 18:14:33.118044 622585 parallel_pq_v2.h:76] insert failed, size(hashtable)=94
W20240128 18:14:33.288367 622809 grad_async_v2.h:121] Detect new sample comes, old_end9, new_end0
W20240128 18:14:33.363493 622400 grad_async_v2.h:250] Sleep in <BlockToStepN>, step_no=451, pq.top=451
E20240128 18:14:34.118010 622400 parallel_pq_v2.h:76] insert failed, size(hashtable)=1060
W20240128 18:14:34.307590 622809 grad_async_v2.h:121] Detect new sample comes, old_end9, new_end0
W20240128 18:14:34.363620 622400 grad_async_v2.h:250] Sleep in <BlockToStepN>, step_no=470, pq.top=470
E20240128 18:14:35.118014 622808 parallel_pq_v2.h:76] insert failed, size(hashtable)=6217
W20240128 18:14:35.313400 622809 grad_async_v2.h:121] Detect new sample comes, old_end6, new_end7
W20240128 18:14:35.363701 622400 grad_async_v2.h:250] Sleep in <BlockToStepN>, step_no=487, pq.top=487
+---------------------------+---------------------------+---------------------------+
| Name                      | P50                       | P99                       |
+---------------------------+---------------------------+---------------------------+
| GenInput                  | 1.179 ms                  | 16.328 ms                 |
| Forward                   | 3.292 ms                  | 4.314 ms                  |
| Backward                  | 2.960 ms                  | 3.398 ms                  |
| Optimize                  | 1.112 ms                  | 2.344 ms                  |
| BarrierTimeBeforeRank0    | 25.991 us                 | 13.119 ms                 |
| AfterBackward             | 16.512 ms                 | 24.976 ms                 |
| BlockToStepN              | 11.918 ms                 | 38.407 ms                 |
| OneStep                   | 42.672 ms                 | 78.093 ms                 |
+---------------------------+---------------------------+---------------------------+
+---------------------------+---------------------------+---------------------------+
| Name                      | P50                       | P99                       |
+---------------------------+---------------------------+---------------------------+
| ProcessBack:Shuffle       | 2.162 ms                  | 3.081 ms                  |
| ProcessBack:UpdateCache   | 1.935 ms                  | 2.724 ms                  |
| ProcessBack:UpsertPq      | 11.854 ms                 | 19.814 ms                 |
| ProcessOneStep            | 16.535 ms                 | 24.945 ms                 |
| BlockToStepN              | 11.852 ms                 | 43.393 ms                 |
+---------------------------+---------------------------+---------------------------+
E20240128 18:14:36.118014 622400 parallel_pq_v2.h:76] insert failed, size(hashtable)=1709
[proc 1] 500 steps, total: 5.550, sample: 0.184, forward: 0.295, backward: 0.334, update: 0.091
[proc 3] 500 steps, total: 5.550, sample: 0.232, forward: 0.300, backward: 0.258, update: 0.097
[proc 2] 500 steps, total: 5.550, sample: 0.208, forward: 0.286, backward: 0.401, update: 0.096
[proc 0] 500 steps, total: 5.550, sample: 0.313, forward: 0.331, backward: 0.290, update: 0.113
Successfully xmh. training takes 24.474520921707153 seconds
before call kg_cache_controller.StopThreads()
W20240128 18:14:36.257892 622400 grad_async_v2.h:71] call StopThreads. PID = 622057
W20240128 18:14:36.257922 622400 grad_base.h:212] before processOneStepNegThread_.join();
W20240128 18:14:36.258257 622400 grad_base.h:214] after processOneStepNegThread_.join();
W20240128 18:14:36.258268 622400 grad_async_v2.h:73] call GradProcessingBase::StopThreads.
[W tensorpipe_agent.cpp:725] RPC agent for worker0 encountered error when reading incoming request from worker3: eof (this error originated at tensorpipe/transport/shm/connection_impl.cc:259)
[W tensorpipe_agent.cpp:725] RPC agent for worker0 encountered error when reading incoming request from worker1: eof (this error originated at tensorpipe/transport/shm/connection_impl.cc:259)
[W tensorpipe_agent.cpp:725] RPC agent for worker0 encountered error when reading incoming request from worker2: eof (this error originated at tensorpipe/transport/shm/connection_impl.cc:259)
W20240128 18:14:36.265314 622400 grad_async_v2.h:92] StopThreads done.
On rank0, prepare to call self.controller.StopThreads(), self=<python.controller_process.KGCacheControllerWrapper object at 0x7f5d60bd2d10>
