WARNING: Logging before InitGoogleLogging() is written to STDERR
I20240129 03:33:30.694794 1223784 IPC_barrier.h:128] MultiProcessBarrierFactory->ClearIPCMemory()
/home/xieminhui/RecStore/src/framework_adapters/torch/kg/dgl-0.9.1/python/dgl/_deprecate/graph.py:1023: DGLWarning: multigraph will be deprecated.DGL will treat all graphs as multigraph in the future.
  dgl_warning("multigraph will be deprecated." \
/home/xieminhui/RecStore/src/framework_adapters/torch/kg/dgl-0.9.1/python/dgl/heterograph.py:72: DGLWarning: Recommend creating graphs by `dgl.graph(data)` instead of `dgl.DGLGraph(data)`.
  dgl_warning('Recommend creating graphs by `dgl.graph(data)`'
Reading train triples....
Finished. Read 483142 train triples.
Reading valid triples....
Finished. Read 50000 valid triples.
Reading test triples....
Finished. Read 59071 test triples.
ARGS:  Namespace(model_name='TransE', data_path='/home/xieminhui/dgl-data', dataset='FB15k', format='built_in', data_files=None, delimiter='\t', save_path='/tmp/ckpts/TransE_FB15k_121', no_save_emb=True, max_step=500, batch_size=2000, batch_size_eval=16, neg_sample_size=200, neg_deg_sample=False, neg_deg_sample_eval=False, neg_sample_size_eval=14951, eval_percent=1, no_eval_filter=False, log_interval=100, eval_interval=10000, test=False, num_proc=4, num_thread=1, force_sync_interval=1, hidden_dim=400, lr=0.01, gamma=16.0, double_ent=False, double_rel=False, neg_adversarial_sampling=False, adversarial_temperature=1.0, regularization_coef=0.0, regularization_norm=3, pairwise=False, loss_genre='Logsigmoid', margin=1.0, nr_gpus=4, gpu=[0, 1, 2, 3], mix_cpu_gpu=True, valid=False, rel_part=False, async_update=None, has_edge_importance=False, cached_emb_type='KnownLocalCachedEmbedding', use_my_emb=True, cache_ratio=0.05, shuffle=False, backwardMode='CppAsyncV2', L=10, update_cache_use_omp=0, update_pq_use_omp=0, kForwardItersPerStep=2, backgrad_init='both', eval_filter=True, soft_rel_part=False)
|Train|: 483142
original graph:  DGLGraph(num_nodes=14951, num_edges=592213,
         ndata_schemes={}
         edata_schemes={'tid': Scheme(shape=(), dtype=torch.int64)})
Loading cached metis
WARNING [1223784 sampler.py:454] Start PreSampling
WARNING [1223784 sampler.py:532] Before construct renumbering_dict
WARNING [1223784 sampler.py:555] PreSampling done
W20240129 03:33:32.683991 1223784 IPCTensor.h:368] NewIPCTensor: cached_sampler_r0_0 [1000000]0x100000002000 7.629 MB
W20240129 03:33:32.684105 1223784 IPCTensor.h:368] NewIPCTensor: cached_sampler_r0_1 [1000000]0x1000007a5000 7.629 MB
W20240129 03:33:32.684129 1223784 IPCTensor.h:368] NewIPCTensor: cached_sampler_r0_2 [1000000]0x100000f48000 7.629 MB
W20240129 03:33:32.684152 1223784 IPCTensor.h:368] NewIPCTensor: cached_sampler_r0_3 [1000000]0x1000016eb000 7.629 MB
W20240129 03:33:32.684180 1223784 IPCTensor.h:368] NewIPCTensor: cached_sampler_r0_4 [1000000]0x100001e8e000 7.629 MB
W20240129 03:33:32.684197 1223784 IPCTensor.h:368] NewIPCTensor: cached_sampler_r0_5 [1000000]0x100002631000 7.629 MB
W20240129 03:33:32.684216 1223784 IPCTensor.h:368] NewIPCTensor: cached_sampler_r0_6 [1000000]0x100002dd4000 7.629 MB
W20240129 03:33:32.684234 1223784 IPCTensor.h:368] NewIPCTensor: cached_sampler_r0_7 [1000000]0x100003577000 7.629 MB
W20240129 03:33:32.684253 1223784 IPCTensor.h:368] NewIPCTensor: cached_sampler_r0_8 [1000000]0x100003d1a000 7.629 MB
W20240129 03:33:32.684268 1223784 IPCTensor.h:368] NewIPCTensor: cached_sampler_r0_9 [1000000]0x1000044bd000 7.629 MB
W20240129 03:33:32.684295 1223784 IPCTensor.h:368] NewIPCTensor: step_r0 [10]0x100004c60000 80 B 
W20240129 03:33:32.684312 1223784 IPCTensor.h:368] NewIPCTensor: circle_buffer_end_r0 [1]0x100004c62000 8 B 
W20240129 03:33:32.684325 1223784 IPCTensor.h:368] NewIPCTensor: circle_buffer_end_cppseen_r0 [1]0x100004c64000 8 B 
W20240129 03:33:32.684402 1223784 IPCTensor.h:368] NewIPCTensor: cached_sampler_r1_0 [1000000]0x100004c66000 7.629 MB
W20240129 03:33:32.684420 1223784 IPCTensor.h:368] NewIPCTensor: cached_sampler_r1_1 [1000000]0x100005409000 7.629 MB
W20240129 03:33:32.684441 1223784 IPCTensor.h:368] NewIPCTensor: cached_sampler_r1_2 [1000000]0x100005bac000 7.629 MB
W20240129 03:33:32.684473 1223784 IPCTensor.h:368] NewIPCTensor: cached_sampler_r1_3 [1000000]0x10000634f000 7.629 MB
W20240129 03:33:32.684492 1223784 IPCTensor.h:368] NewIPCTensor: cached_sampler_r1_4 [1000000]0x100006af2000 7.629 MB
W20240129 03:33:32.684511 1223784 IPCTensor.h:368] NewIPCTensor: cached_sampler_r1_5 [1000000]0x100007295000 7.629 MB
W20240129 03:33:32.684530 1223784 IPCTensor.h:368] NewIPCTensor: cached_sampler_r1_6 [1000000]0x100007a38000 7.629 MB
W20240129 03:33:32.684554 1223784 IPCTensor.h:368] NewIPCTensor: cached_sampler_r1_7 [1000000]0x1000081db000 7.629 MB
W20240129 03:33:32.684577 1223784 IPCTensor.h:368] NewIPCTensor: cached_sampler_r1_8 [1000000]0x10000897e000 7.629 MB
W20240129 03:33:32.684594 1223784 IPCTensor.h:368] NewIPCTensor: cached_sampler_r1_9 [1000000]0x100009121000 7.629 MB
W20240129 03:33:32.684610 1223784 IPCTensor.h:368] NewIPCTensor: step_r1 [10]0x1000098c4000 80 B 
W20240129 03:33:32.684623 1223784 IPCTensor.h:368] NewIPCTensor: circle_buffer_end_r1 [1]0x1000098c6000 8 B 
W20240129 03:33:32.684636 1223784 IPCTensor.h:368] NewIPCTensor: circle_buffer_end_cppseen_r1 [1]0x1000098c8000 8 B 
W20240129 03:33:32.684669 1223784 IPCTensor.h:368] NewIPCTensor: cached_sampler_r2_0 [1000000]0x1000098ca000 7.629 MB
W20240129 03:33:32.684687 1223784 IPCTensor.h:368] NewIPCTensor: cached_sampler_r2_1 [1000000]0x10000a06d000 7.629 MB
W20240129 03:33:32.684700 1223784 IPCTensor.h:368] NewIPCTensor: cached_sampler_r2_2 [1000000]0x10000a810000 7.629 MB
W20240129 03:33:32.684716 1223784 IPCTensor.h:368] NewIPCTensor: cached_sampler_r2_3 [1000000]0x10000afb3000 7.629 MB
W20240129 03:33:32.684731 1223784 IPCTensor.h:368] NewIPCTensor: cached_sampler_r2_4 [1000000]0x10000b756000 7.629 MB
W20240129 03:33:32.684746 1223784 IPCTensor.h:368] NewIPCTensor: cached_sampler_r2_5 [1000000]0x10000bef9000 7.629 MB
W20240129 03:33:32.684760 1223784 IPCTensor.h:368] NewIPCTensor: cached_sampler_r2_6 [1000000]0x10000c69c000 7.629 MB
W20240129 03:33:32.684779 1223784 IPCTensor.h:368] NewIPCTensor: cached_sampler_r2_7 [1000000]0x10000ce3f000 7.629 MB
W20240129 03:33:32.684798 1223784 IPCTensor.h:368] NewIPCTensor: cached_sampler_r2_8 [1000000]0x10000d5e2000 7.629 MB
W20240129 03:33:32.684818 1223784 IPCTensor.h:368] NewIPCTensor: cached_sampler_r2_9 [1000000]0x10000dd85000 7.629 MB
W20240129 03:33:32.684832 1223784 IPCTensor.h:368] NewIPCTensor: step_r2 [10]0x10000e528000 80 B 
W20240129 03:33:32.684844 1223784 IPCTensor.h:368] NewIPCTensor: circle_buffer_end_r2 [1]0x10000e52a000 8 B 
W20240129 03:33:32.684859 1223784 IPCTensor.h:368] NewIPCTensor: circle_buffer_end_cppseen_r2 [1]0x10000e52c000 8 B 
W20240129 03:33:32.684888 1223784 IPCTensor.h:368] NewIPCTensor: cached_sampler_r3_0 [1000000]0x10000e52e000 7.629 MB
W20240129 03:33:32.684904 1223784 IPCTensor.h:368] NewIPCTensor: cached_sampler_r3_1 [1000000]0x10000ecd1000 7.629 MB
W20240129 03:33:32.684923 1223784 IPCTensor.h:368] NewIPCTensor: cached_sampler_r3_2 [1000000]0x10000f474000 7.629 MB
W20240129 03:33:32.684937 1223784 IPCTensor.h:368] NewIPCTensor: cached_sampler_r3_3 [1000000]0x10000fc17000 7.629 MB
W20240129 03:33:32.684952 1223784 IPCTensor.h:368] NewIPCTensor: cached_sampler_r3_4 [1000000]0x1000103ba000 7.629 MB
W20240129 03:33:32.684964 1223784 IPCTensor.h:368] NewIPCTensor: cached_sampler_r3_5 [1000000]0x100010b5d000 7.629 MB
W20240129 03:33:32.684980 1223784 IPCTensor.h:368] NewIPCTensor: cached_sampler_r3_6 [1000000]0x100011300000 7.629 MB
W20240129 03:33:32.684998 1223784 IPCTensor.h:368] NewIPCTensor: cached_sampler_r3_7 [1000000]0x100011aa3000 7.629 MB
W20240129 03:33:32.685010 1223784 IPCTensor.h:368] NewIPCTensor: cached_sampler_r3_8 [1000000]0x100012246000 7.629 MB
W20240129 03:33:32.685026 1223784 IPCTensor.h:368] NewIPCTensor: cached_sampler_r3_9 [1000000]0x1000129e9000 7.629 MB
W20240129 03:33:32.685043 1223784 IPCTensor.h:368] NewIPCTensor: step_r3 [10]0x10001318c000 80 B 
W20240129 03:33:32.685055 1223784 IPCTensor.h:368] NewIPCTensor: circle_buffer_end_r3 [1]0x10001318e000 8 B 
W20240129 03:33:32.685071 1223784 IPCTensor.h:368] NewIPCTensor: circle_buffer_end_cppseen_r3 [1]0x100013190000 8 B 
W20240129 03:33:32.807646 1223784 IPCTensor.h:368] NewIPCTensor: full_emb [14951, 400]0x100013192000 22.81 MB
W20240129 03:33:32.807768 1223784 IPCTensor.h:368] NewIPCTensor: full_emb_SparseRowWiseAdaGrad_sum [14951]0x100014864000 58.4 kB
{0: Graph(num_nodes=10523, num_edges=182012,
      ndata_schemes={'_ID': Scheme(shape=(), dtype=torch.int64), 'inner_node': Scheme(shape=(), dtype=torch.int32), 'part_id': Scheme(shape=(), dtype=torch.int64)}
      edata_schemes={'_ID': Scheme(shape=(), dtype=torch.int64), 'inner_edge': Scheme(shape=(), dtype=torch.int8)}), 1: Graph(num_nodes=10996, num_edges=244360,
      ndata_schemes={'_ID': Scheme(shape=(), dtype=torch.int64), 'inner_node': Scheme(shape=(), dtype=torch.int32), 'part_id': Scheme(shape=(), dtype=torch.int64)}
      edata_schemes={'_ID': Scheme(shape=(), dtype=torch.int64), 'inner_edge': Scheme(shape=(), dtype=torch.int8)}), 2: Graph(num_nodes=9404, num_edges=143355,
      ndata_schemes={'_ID': Scheme(shape=(), dtype=torch.int64), 'inner_node': Scheme(shape=(), dtype=torch.int32), 'part_id': Scheme(shape=(), dtype=torch.int64)}
      edata_schemes={'_ID': Scheme(shape=(), dtype=torch.int64), 'inner_edge': Scheme(shape=(), dtype=torch.int8)}), 3: Graph(num_nodes=10954, num_edges=175447,
      ndata_schemes={'_ID': Scheme(shape=(), dtype=torch.int64), 'inner_node': Scheme(shape=(), dtype=torch.int32), 'part_id': Scheme(shape=(), dtype=torch.int64)}
      edata_schemes={'_ID': Scheme(shape=(), dtype=torch.int64), 'inner_edge': Scheme(shape=(), dtype=torch.int8)})}
MertisPartition: part 0 has 10523 N 182012 E
MertisPartition: part 1 has 10996 N 244360 E
MertisPartition: part 2 has 9404 N 143355 E
MertisPartition: part 3 has 10954 N 175447 E
Rank0: cached key size 186
Rank1: cached key size 186
Rank2: cached key size 186
Rank3: cached key size 186
Before renumbering graph:  {'_ID': tensor([    5,    14,    17,  ..., 11245,  2040,  3009]), 'inner_node': tensor([1, 1, 1,  ..., 0, 0, 0], dtype=torch.int32), 'part_id': tensor([0, 0, 0,  ..., 2, 3, 3])}
After renumbering graph:  {'_ID': tensor([ 887, 1152, 1215,  ..., 1547, 5186, 6571]), 'inner_node': tensor([1, 1, 1,  ..., 0, 0, 0], dtype=torch.int32), 'part_id': tensor([0, 0, 0,  ..., 2, 3, 3])}
part_g: DGLGraph(num_nodes=10523, num_edges=182012,
         ndata_schemes={'_ID': Scheme(shape=(), dtype=torch.int64)}
         edata_schemes={'tid': Scheme(shape=(), dtype=torch.int64)})
part_g: DGLGraph(num_nodes=10523, num_edges=182012,
         ndata_schemes={'_ID': Scheme(shape=(), dtype=torch.int64)}
         edata_schemes={'tid': Scheme(shape=(), dtype=torch.int64)})
Total initialize time 2.143 seconds
[Rank1] pid = 1223994
[Rank2] pid = 1224059
INFO [1223784 distributed_c10d.py:442] Added key: store_based_barrier_key:1 to store for rank: 0
INFO [1223994 distributed_c10d.py:442] Added key: store_based_barrier_key:1 to store for rank: 1
INFO [1224123 distributed_c10d.py:442] Added key: store_based_barrier_key:1 to store for rank: 3
INFO [1224123 distributed_c10d.py:476] Rank 3: Completed store-based barrier for key:store_based_barrier_key:1 with 4 nodes.
INFO [1224059 distributed_c10d.py:442] Added key: store_based_barrier_key:1 to store for rank: 2
INFO [1224059 distributed_c10d.py:476] Rank 2: Completed store-based barrier for key:store_based_barrier_key:1 with 4 nodes.
W20240129 03:33:35.063242 1224125 IPCTensor.h:408] NewIPCGPUTensor: embedding_cache_3 [747, 400]; dev=3; size=1.14 MB
W20240129 03:33:35.063468 1224060 IPCTensor.h:408] NewIPCGPUTensor: embedding_cache_2 [747, 400]; dev=2; size=1.14 MB
W20240129 03:33:35.063705 1224125 IPCTensor.h:368] NewIPCTensor: input_keys_3 [1000000]0x100014876000 7.629 MB
W20240129 03:33:35.063822 1224125 IPCTensor.h:368] NewIPCTensor: input_keys_neg_3 [1000000]0x100015019000 7.629 MB
W20240129 03:33:35.063865 1224125 IPCTensor.h:368] NewIPCTensor: backward_grads_3 [1000000, 400]0x1000157bc000 1.49 GB
W20240129 03:33:35.063899 1224125 IPCTensor.h:368] NewIPCTensor: backward_grads_neg_3 [1000000, 400]0x100074d9f000 1.49 GB
W20240129 03:33:35.063946 1224125 IPCTensor.h:408] NewIPCGPUTensor: backward_grads_3_gpu [1000000, 400]; dev=3; size=1.49 GB
INFO [1223784 distributed_c10d.py:476] Rank 0: Completed store-based barrier for key:store_based_barrier_key:1 with 4 nodes.
W20240129 03:33:35.065272 1224060 IPCTensor.h:368] NewIPCTensor: input_keys_2 [1000000]0x1000d4384000 7.629 MB
W20240129 03:33:35.065332 1224125 IPCTensor.h:408] NewIPCGPUTensor: backward_grads_neg_3_gpu [1000000, 400]; dev=3; size=1.49 GB
W20240129 03:33:35.065366 1224060 IPCTensor.h:368] NewIPCTensor: input_keys_neg_2 [1000000]0x1000d4b29000 7.629 MB
W20240129 03:33:35.065394 1224060 IPCTensor.h:368] NewIPCTensor: backward_grads_2 [1000000, 400]0x1000d52cc000 1.49 GB
W20240129 03:33:35.065420 1224060 IPCTensor.h:368] NewIPCTensor: backward_grads_neg_2 [1000000, 400]0x1001348af000 1.49 GB
W20240129 03:33:35.065459 1224060 IPCTensor.h:408] NewIPCGPUTensor: backward_grads_2_gpu [1000000, 400]; dev=2; size=1.49 GB
W20240129 03:33:35.065996 1224124 IPCTensor.h:408] NewIPCGPUTensor: embedding_cache_0 [747, 400]; dev=0; size=1.14 MB
W20240129 03:33:35.067981 1224060 IPCTensor.h:408] NewIPCGPUTensor: backward_grads_neg_2_gpu [1000000, 400]; dev=2; size=1.49 GB
W20240129 03:33:35.069193 1224124 IPCTensor.h:368] NewIPCTensor: input_keys_0 [1000000]0x100193e9a000 7.629 MB
W20240129 03:33:35.069378 1224124 IPCTensor.h:368] NewIPCTensor: input_keys_neg_0 [1000000]0x10019463d000 7.629 MB
W20240129 03:33:35.069471 1224124 IPCTensor.h:368] NewIPCTensor: backward_grads_0 [1000000, 400]0x100194de0000 1.49 GB
W20240129 03:33:35.069542 1224124 IPCTensor.h:368] NewIPCTensor: backward_grads_neg_0 [1000000, 400]0x1001f43c3000 1.49 GB
W20240129 03:33:35.069620 1224124 IPCTensor.h:408] NewIPCGPUTensor: backward_grads_0_gpu [1000000, 400]; dev=0; size=1.49 GB
INFO [1223994 distributed_c10d.py:476] Rank 1: Completed store-based barrier for key:store_based_barrier_key:1 with 4 nodes.
W20240129 03:33:35.072257 1223995 IPCTensor.h:408] NewIPCGPUTensor: embedding_cache_1 [747, 400]; dev=1; size=1.14 MB
W20240129 03:33:35.075978 1223995 IPCTensor.h:368] NewIPCTensor: input_keys_1 [1000000]0x1002539aa000 7.629 MB
W20240129 03:33:35.076000 1224124 IPCTensor.h:408] NewIPCGPUTensor: backward_grads_neg_0_gpu [1000000, 400]; dev=0; size=1.49 GB
W20240129 03:33:35.076085 1223995 IPCTensor.h:368] NewIPCTensor: input_keys_neg_1 [1000000]0x10025414d000 7.629 MB
W20240129 03:33:35.076141 1223995 IPCTensor.h:368] NewIPCTensor: backward_grads_1 [1000000, 400]0x1002548f0000 1.49 GB
W20240129 03:33:35.076196 1223995 IPCTensor.h:368] NewIPCTensor: backward_grads_neg_1 [1000000, 400]0x1002b3ed3000 1.49 GB
W20240129 03:33:35.076256 1223995 IPCTensor.h:408] NewIPCGPUTensor: backward_grads_1_gpu [1000000, 400]; dev=1; size=1.49 GB
W20240129 03:33:35.082816 1223995 IPCTensor.h:408] NewIPCGPUTensor: backward_grads_neg_1_gpu [1000000, 400]; dev=1; size=1.49 GB
cudaHostRegister 0x100013192000
3: KnownLocalCachedEmbedding init done
WARNING [1224123 DistTensor.py:56] The tensor name already exists in the kvstore
cudaHostRegister 0x100013192000
1: KnownLocalCachedEmbedding init done
WARNING [1223994 DistTensor.py:56] The tensor name already exists in the kvstore
[Rank3] pid = 1224123
New CachedEmbedding, name=full_emb, shape=(14951, 400), cache_type=KnownLocalCachedEmbedding
fixed cache_range is [(0, 747), (747, 1494), (1494, 2241), (2241, 2988)]
cudaHostRegister 0x100013192000
0: KnownLocalCachedEmbedding init done
WARNING [1223784 DistTensor.py:56] The tensor name already exists in the kvstore
cudaHostRegister 0x100013192000
2: KnownLocalCachedEmbedding init done
WARNING [1224059 DistTensor.py:56] The tensor name already exists in the kvstore
I20240129 03:33:35.991406 1224060 IPC_barrier.h:118] CreateBarrier: new barrier, name: kgcachecontroller, count: 4
I20240129 03:33:35.991448 1223995 IPC_barrier.h:112] CreateBarrier: find existing barrier, name: kgcachecontroller, count: 4
I20240129 03:33:35.991482 1224124 IPC_barrier.h:112] CreateBarrier: find existing barrier, name: kgcachecontroller, count: 4
I20240129 03:33:35.991741 1224125 IPC_barrier.h:112] CreateBarrier: find existing barrier, name: kgcachecontroller, count: 4
W20240129 03:33:35.992630 1224124 grad_base.h:55] KGCacheController, config={
        "num_gpus": 4,
        "L": 10,
        "backgrad_init": "both", 
        "kForwardItersPerStep": 2,
        "clr": 1,
        "nr_background_threads": 32,
        "backwardMode": "CppAsyncV2",
        "cache_ratio": 0.05,
        "update_cache_use_omp":  0,
        "update_pq_use_omp":  0
        }
W20240129 03:33:35.992805 1224124 grad_base.h:184] Init GradProcessingBase done
I20240129 03:33:35.995951 1224124 grad_async_v2.h:32] Use background thread to update emb. nr_background_threads=32
W20240129 03:33:35.996031 1224124 kg_controller.h:78] after init GradAsyncProcessingV2
I20240129 03:33:35.996034 1224124 kg_controller.h:84] Construct KGCacheController done
E20240129 03:33:37.322958 1224124 recstore.cc:66] init folly done
E20240129 03:33:37.323047 1223995 recstore.cc:66] init folly done
E20240129 03:33:37.323143 1224125 recstore.cc:66] init folly done
E20240129 03:33:37.323158 1224060 recstore.cc:66] init folly done
I20240129 03:33:37.323781 1224124 grad_base.h:60] GraphEnv RegTensorsPerProcess
W20240129 03:33:38.026402 1224536 grad_async_v2.h:121] Detect new sample comes, old_end0, new_end1
E20240129 03:33:38.026811 1224536 parallel_pq_v2.h:76] insert failed, size(hashtable)=1
I20240129 03:33:38.047978 1224060 IPC_barrier.h:118] CreateBarrier: new barrier, name: start_barrier, count: 4
I20240129 03:33:38.066264 1223995 IPC_barrier.h:112] CreateBarrier: find existing barrier, name: start_barrier, count: 4
I20240129 03:33:38.073045 1224125 IPC_barrier.h:112] CreateBarrier: find existing barrier, name: start_barrier, count: 4
I20240129 03:33:38.084712 1224124 IPC_barrier.h:112] CreateBarrier: find existing barrier, name: start_barrier, count: 4
E20240129 03:33:40.477799 1224124 parallel_pq_v2.h:76] insert failed, size(hashtable)=2
W20240129 03:33:40.494079 1224124 grad_async_v2.h:250] Sleep in <BlockToStepN>, step_no=1, pq.top=0
W20240129 03:33:40.500321 1224536 grad_async_v2.h:121] Detect new sample comes, old_end1, new_end2
+---------------------------+---------------------------+---------------------------+
| Name                      | P50                       | P99                       |
+---------------------------+---------------------------+---------------------------+
| GenInput                  | 1.135 ms                  | 20.019 ms                 |
| Forward                   | 3.828 ms                  | 917.395 ms                |
| Backward                  | 3.386 ms                  | 205.218 ms                |
| Optimize                  | 1.434 ms                  | 3.872 ms                  |
| BarrierTimeBeforeRank0    | 27.569 us                 | 333.654 ms                |
| AfterBackward             | 26.592 ms                 | 947.252 ms                |
| BlockToStepN              | 45.288 us                 | 5.235 ms                  |
| OneStep                   | 37.454 ms                 | 2.414 s                   |
+---------------------------+---------------------------+---------------------------+
E20240129 03:33:41.477010 1224536 parallel_pq_v2.h:76] insert failed, size(hashtable)=55
W20240129 03:33:41.504122 1224536 grad_async_v2.h:121] Detect new sample comes, old_end4, new_end5
W20240129 03:33:41.513492 1224124 grad_async_v2.h:250] Sleep in <BlockToStepN>, step_no=25, pq.top=25
+---------------------------+---------------------------+---------------------------+
| Name                      | P50                       | P99                       |
+---------------------------+---------------------------+---------------------------+
| ProcessBack:Shuffle       | 2.334 ms                  | 77.928 ms                 |
| ProcessBack:UpdateCache   | 2.495 ms                  | 178.821 ms                |
| ProcessBack:UpsertPq      | 20.583 ms                 | 26.335 ms                 |
| ProcessOneStep            | 27.152 ms                 | 946.961 ms                |
| BlockToStepN              | 992.506 us                | 14.020 ms                 |
+---------------------------+---------------------------+---------------------------+
E20240129 03:33:42.477015 1224536 parallel_pq_v2.h:76] insert failed, size(hashtable)=964
W20240129 03:33:42.526043 1224124 grad_async_v2.h:250] Sleep in <BlockToStepN>, step_no=46, pq.top=46
W20240129 03:33:42.530026 1224536 grad_async_v2.h:121] Detect new sample comes, old_end4, new_end6
E20240129 03:33:43.477061 1224535 parallel_pq_v2.h:76] insert failed, size(hashtable)=3158
W20240129 03:33:43.539739 1224124 grad_async_v2.h:250] Sleep in <BlockToStepN>, step_no=66, pq.top=66
W20240129 03:33:43.570577 1224536 grad_async_v2.h:121] Detect new sample comes, old_end3, new_end7
E20240129 03:33:44.477018 1224535 parallel_pq_v2.h:76] insert failed, size(hashtable)=2960
W20240129 03:33:44.575986 1224536 grad_async_v2.h:121] Detect new sample comes, old_end2, new_end3
W20240129 03:33:44.576563 1224124 grad_async_v2.h:250] Sleep in <BlockToStepN>, step_no=83, pq.top=83
train_sampler.Prefill()
before start barrier
start train
[proc 1] 100 steps, total: 7.358, sample: 0.283, forward: 1.516, backward: 0.591, update: 0.178
train_sampler.Prefill()
before start barrier
start train
[proc 2] 100 steps, total: 7.376, sample: 0.300, forward: 1.237, backward: 0.590, update: 0.193
train_sampler.Prefill()
before start barrier
start train
[proc 3] 100 steps, total: 7.351, sample: 0.271, forward: 1.317, backward: 0.556, update: 0.180
train_sampler.Prefill()
-------Step 0-------
tensor([ 9741,  3825,  8065,  6252,  7385,  4945,   684,  4753, 13892, 10083]) tensor([ 1215,  9154,  8163,  3913,  6695,  9158, 12324,  9569,  7187,  6639])
-------Step 1-------
tensor([ 9741,  3825,  8065,  6252,  7385,  4945,   684,  4753, 13892, 10083]) tensor([10606,  3870,  5362,   284, 11133,  2472,  1520,  3867,  8974,  6722])
-------Step 2-------
tensor([2526, 4103, 9864, 5431,  386,   57, 4050, 4035, 8739, 9954]) tensor([ 9150,    16, 10285,  8843,  2987,  1423, 13239, 14421,  4155,  8835])
-------Step 3-------
tensor([2526, 4103, 9864, 5431,  386,   57, 4050, 4035, 8739, 9954]) tensor([11087,  8369, 10170,   655,  1441,  8958,  9169, 11927, 11921, 14403])
-------Step 4-------
tensor([ 5041,    51,    57,   172,   506, 12464,  3516, 12458,  6460,  4912]) tensor([ 5150, 12964,  5791,  8024, 14679, 12783, 14075,  8825,  4595,  7168])
-------Step 5-------
tensor([ 5041,    51,    57,   172,   506, 12464,  3516, 12458,  6460,  4912]) tensor([  522,  3600,  7457,  3020,  2735, 10887, 12653,  4805,  9630,  3903])
-------Step 6-------
tensor([ 2585,  2965,  5153,   963,  9596, 13873,  8418,  2600, 13521, 12187]) tensor([ 7166, 10933,  4894,  7759,  9983,  7264,  4460,  2985,  6983, 13136])
-------Step 7-------
tensor([ 2585,  2965,  5153,   963,  9596, 13873,  8418,  2600, 13521, 12187]) tensor([14392,  1025,  7190, 13577, 13881,  5549,  2856,  2235, 11188,  6998])
-------Step 8-------
tensor([12464, 13695,  5697,  2364,  9873,  1820,  3856, 11140, 12897,     1]) tensor([ 7572,  4057, 13625, 10318,  4950,  8018, 11946,  5185,  8723,  8132])
-------Step 9-------
tensor([12464, 13695,  5697,  2364,  9873,  1820,  3856, 11140, 12897,     1]) tensor([ 3630, 10153,  3241,  8842,  6026, 10450,  3302,   889, 12553,  1474])
before start barrier
start train
[proc 0] 100 steps, total: 7.339, sample: 0.350, forward: 1.302, backward: 0.542, update: 0.174
E20240129 03:33:45.477007 1224124 parallel_pq_v2.h:76] insert failed, size(hashtable)=754
W20240129 03:33:45.594440 1224124 grad_async_v2.h:250] Sleep in <BlockToStepN>, step_no=104, pq.top=104
W20240129 03:33:45.600917 1224536 grad_async_v2.h:121] Detect new sample comes, old_end0, new_end5
+---------------------------+---------------------------+---------------------------+
| Name                      | P50                       | P99                       |
+---------------------------+---------------------------+---------------------------+
| GenInput                  | 1.192 ms                  | 21.784 ms                 |
| Forward                   | 3.733 ms                  | 6.618 ms                  |
| Backward                  | 3.217 ms                  | 7.039 ms                  |
| Optimize                  | 1.503 ms                  | 3.778 ms                  |
| BarrierTimeBeforeRank0    | 21.982 us                 | 7.895 ms                  |
| AfterBackward             | 25.835 ms                 | 38.636 ms                 |
| BlockToStepN              | 11.098 ms                 | 37.877 ms                 |
| OneStep                   | 49.494 ms                 | 73.677 ms                 |
+---------------------------+---------------------------+---------------------------+
E20240129 03:33:46.477017 1224535 parallel_pq_v2.h:76] insert failed, size(hashtable)=1861
W20240129 03:33:46.594117 1224124 grad_async_v2.h:250] Sleep in <BlockToStepN>, step_no=121, pq.top=121
W20240129 03:33:46.610312 1224536 grad_async_v2.h:121] Detect new sample comes, old_end1, new_end2
+---------------------------+---------------------------+---------------------------+
| Name                      | P50                       | P99                       |
+---------------------------+---------------------------+---------------------------+
| ProcessBack:Shuffle       | 2.270 ms                  | 2.787 ms                  |
| ProcessBack:UpdateCache   | 1.956 ms                  | 3.296 ms                  |
| ProcessBack:UpsertPq      | 18.448 ms                 | 24.312 ms                 |
| ProcessOneStep            | 23.755 ms                 | 38.611 ms                 |
| BlockToStepN              | 12.933 ms                 | 48.642 ms                 |
+---------------------------+---------------------------+---------------------------+
E20240129 03:33:47.477545 1224536 parallel_pq_v2.h:76] insert failed, size(hashtable)=16
W20240129 03:33:47.602985 1224124 grad_async_v2.h:250] Sleep in <BlockToStepN>, step_no=139, pq.top=139
W20240129 03:33:47.619711 1224536 grad_async_v2.h:121] Detect new sample comes, old_end8, new_end9
E20240129 03:33:48.477217 1224536 parallel_pq_v2.h:76] insert failed, size(hashtable)=2096
W20240129 03:33:48.602165 1224124 grad_async_v2.h:250] Sleep in <BlockToStepN>, step_no=156, pq.top=156
W20240129 03:33:48.628532 1224536 grad_async_v2.h:121] Detect new sample comes, old_end6, new_end7
E20240129 03:33:49.477016 1224124 parallel_pq_v2.h:76] insert failed, size(hashtable)=850
W20240129 03:33:49.619211 1224124 grad_async_v2.h:250] Sleep in <BlockToStepN>, step_no=174, pq.top=174
W20240129 03:33:49.641546 1224536 grad_async_v2.h:121] Detect new sample comes, old_end4, new_end5
E20240129 03:33:50.477030 1224535 parallel_pq_v2.h:76] insert failed, size(hashtable)=5806
W20240129 03:33:50.620797 1224124 grad_async_v2.h:250] Sleep in <BlockToStepN>, step_no=192, pq.top=192
W20240129 03:33:50.642259 1224536 grad_async_v2.h:121] Detect new sample comes, old_end2, new_end3
+---------------------------+---------------------------+---------------------------+
| Name                      | P50                       | P99                       |
+---------------------------+---------------------------+---------------------------+
| GenInput                  | 1.218 ms                  | 21.860 ms                 |
| Forward                   | 3.705 ms                  | 6.346 ms                  |
| Backward                  | 3.205 ms                  | 7.039 ms                  |
| Optimize                  | 1.464 ms                  | 3.661 ms                  |
| BarrierTimeBeforeRank0    | 24.753 us                 | 18.874 ms                 |
| AfterBackward             | 18.951 ms                 | 35.414 ms                 |
| BlockToStepN              | 16.979 ms                 | 42.579 ms                 |
| OneStep                   | 53.675 ms                 | 76.181 ms                 |
+---------------------------+---------------------------+---------------------------+
[proc 1] 200 steps, total: 5.700, sample: 0.313, forward: 0.330, backward: 0.281, update: 0.191
[proc 2] 200 steps, total: 5.700, sample: 0.331, forward: 0.353, backward: 0.291, update: 0.177
[proc 3] 200 steps, total: 5.700, sample: 0.321, forward: 0.350, backward: 0.295, update: 0.171
[proc 0] 200 steps, total: 5.700, sample: 0.356, forward: 0.365, backward: 0.324, update: 0.159
E20240129 03:33:51.477012 1224124 parallel_pq_v2.h:76] insert failed, size(hashtable)=357
W20240129 03:33:51.620059 1224124 grad_async_v2.h:250] Sleep in <BlockToStepN>, step_no=209, pq.top=209
W20240129 03:33:51.649933 1224536 grad_async_v2.h:121] Detect new sample comes, old_end9, new_end0
+---------------------------+---------------------------+---------------------------+
| Name                      | P50                       | P99                       |
+---------------------------+---------------------------+---------------------------+
| ProcessBack:Shuffle       | 2.232 ms                  | 2.787 ms                  |
| ProcessBack:UpdateCache   | 1.884 ms                  | 3.097 ms                  |
| ProcessBack:UpsertPq      | 14.354 ms                 | 24.289 ms                 |
| ProcessOneStep            | 18.868 ms                 | 35.378 ms                 |
| BlockToStepN              | 17.396 ms                 | 42.518 ms                 |
+---------------------------+---------------------------+---------------------------+
E20240129 03:33:52.477027 1224535 parallel_pq_v2.h:76] insert failed, size(hashtable)=1841
W20240129 03:33:52.620223 1224124 grad_async_v2.h:250] Sleep in <BlockToStepN>, step_no=226, pq.top=226
W20240129 03:33:52.654477 1224536 grad_async_v2.h:121] Detect new sample comes, old_end6, new_end7
E20240129 03:33:53.477046 1224535 parallel_pq_v2.h:76] insert failed, size(hashtable)=2988
W20240129 03:33:53.634250 1224124 grad_async_v2.h:250] Sleep in <BlockToStepN>, step_no=243, pq.top=243
W20240129 03:33:53.659449 1224536 grad_async_v2.h:121] Detect new sample comes, old_end3, new_end4
E20240129 03:33:54.477018 1224535 parallel_pq_v2.h:76] insert failed, size(hashtable)=5468
W20240129 03:33:54.634187 1224124 grad_async_v2.h:250] Sleep in <BlockToStepN>, step_no=259, pq.top=259
W20240129 03:33:54.660835 1224536 grad_async_v2.h:121] Detect new sample comes, old_end9, new_end0
E20240129 03:33:55.477013 1224124 parallel_pq_v2.h:76] insert failed, size(hashtable)=2282
W20240129 03:33:55.660722 1224536 grad_async_v2.h:121] Detect new sample comes, old_end4, new_end5
W20240129 03:33:55.663026 1224124 grad_async_v2.h:250] Sleep in <BlockToStepN>, step_no=275, pq.top=275
+---------------------------+---------------------------+---------------------------+
| Name                      | P50                       | P99                       |
+---------------------------+---------------------------+---------------------------+
| GenInput                  | 1.266 ms                  | 21.961 ms                 |
| Forward                   | 3.706 ms                  | 5.994 ms                  |
| Backward                  | 3.152 ms                  | 6.980 ms                  |
| Optimize                  | 1.458 ms                  | 3.618 ms                  |
| BarrierTimeBeforeRank0    | 38.153 us                 | 19.144 ms                 |
| AfterBackward             | 18.894 ms                 | 30.154 ms                 |
| BlockToStepN              | 19.969 ms                 | 48.576 ms                 |
| OneStep                   | 55.752 ms                 | 77.979 ms                 |
+---------------------------+---------------------------+---------------------------+
E20240129 03:33:56.477008 1224124 parallel_pq_v2.h:76] insert failed, size(hashtable)=1368
W20240129 03:33:56.663174 1224124 grad_async_v2.h:250] Sleep in <BlockToStepN>, step_no=292, pq.top=292
W20240129 03:33:56.696362 1224536 grad_async_v2.h:121] Detect new sample comes, old_end2, new_end3
[proc 3] 300 steps, total: 6.075, sample: 0.282, forward: 0.357, backward: 0.346, update: 0.182
[proc 0] 300 steps, total: 6.075, sample: 0.377, forward: 0.368, backward: 0.300, update: 0.168
[proc 1] 300 steps, total: 6.075, sample: 0.297, forward: 0.335, backward: 0.296, update: 0.200
[proc 2] 300 steps, total: 6.075, sample: 0.229, forward: 0.323, backward: 0.279, update: 0.176
+---------------------------+---------------------------+---------------------------+
| Name                      | P50                       | P99                       |
+---------------------------+---------------------------+---------------------------+
| ProcessBack:Shuffle       | 2.237 ms                  | 2.663 ms                  |
| ProcessBack:UpdateCache   | 1.892 ms                  | 2.799 ms                  |
| ProcessBack:UpsertPq      | 14.347 ms                 | 24.030 ms                 |
| ProcessOneStep            | 18.923 ms                 | 30.124 ms                 |
| BlockToStepN              | 20.342 ms                 | 48.508 ms                 |
+---------------------------+---------------------------+---------------------------+
E20240129 03:33:57.477018 1224535 parallel_pq_v2.h:76] insert failed, size(hashtable)=5427
W20240129 03:33:57.663399 1224124 grad_async_v2.h:250] Sleep in <BlockToStepN>, step_no=307, pq.top=307
W20240129 03:33:57.698529 1224536 grad_async_v2.h:121] Detect new sample comes, old_end7, new_end8
E20240129 03:33:58.477010 1224535 parallel_pq_v2.h:76] insert failed, size(hashtable)=3642
W20240129 03:33:58.670441 1224124 grad_async_v2.h:250] Sleep in <BlockToStepN>, step_no=323, pq.top=323
W20240129 03:33:58.704864 1224536 grad_async_v2.h:121] Detect new sample comes, old_end3, new_end4
E20240129 03:33:59.477041 1224535 parallel_pq_v2.h:76] insert failed, size(hashtable)=2050
W20240129 03:33:59.670292 1224124 grad_async_v2.h:250] Sleep in <BlockToStepN>, step_no=339, pq.top=339
W20240129 03:33:59.705861 1224536 grad_async_v2.h:121] Detect new sample comes, old_end9, new_end0
E20240129 03:34:00.477852 1224535 parallel_pq_v2.h:76] insert failed, size(hashtable)=2938
W20240129 03:34:00.670050 1224124 grad_async_v2.h:250] Sleep in <BlockToStepN>, step_no=355, pq.top=355
W20240129 03:34:00.716173 1224536 grad_async_v2.h:121] Detect new sample comes, old_end5, new_end6
+---------------------------+---------------------------+---------------------------+
| Name                      | P50                       | P99                       |
+---------------------------+---------------------------+---------------------------+
| GenInput                  | 1.283 ms                  | 22.610 ms                 |
| Forward                   | 3.706 ms                  | 5.481 ms                  |
| Backward                  | 3.115 ms                  | 6.942 ms                  |
| Optimize                  | 1.451 ms                  | 3.589 ms                  |
| BarrierTimeBeforeRank0    | 38.967 us                 | 19.144 ms                 |
| AfterBackward             | 19.012 ms                 | 29.752 ms                 |
| BlockToStepN              | 21.089 ms                 | 48.702 ms                 |
| OneStep                   | 57.141 ms                 | 84.033 ms                 |
+---------------------------+---------------------------+---------------------------+
E20240129 03:34:01.477020 1224535 parallel_pq_v2.h:76] insert failed, size(hashtable)=6029
W20240129 03:34:01.676370 1224124 grad_async_v2.h:250] Sleep in <BlockToStepN>, step_no=371, pq.top=371
W20240129 03:34:01.737951 1224536 grad_async_v2.h:121] Detect new sample comes, old_end2, new_end3
+---------------------------+---------------------------+---------------------------+
| Name                      | P50                       | P99                       |
+---------------------------+---------------------------+---------------------------+
| ProcessBack:Shuffle       | 2.234 ms                  | 2.663 ms                  |
| ProcessBack:UpdateCache   | 1.895 ms                  | 2.723 ms                  |
| ProcessBack:UpsertPq      | 14.402 ms                 | 23.978 ms                 |
| ProcessOneStep            | 18.992 ms                 | 29.730 ms                 |
| BlockToStepN              | 21.038 ms                 | 48.642 ms                 |
+---------------------------+---------------------------+---------------------------+
E20240129 03:34:02.477010 1224535 parallel_pq_v2.h:76] insert failed, size(hashtable)=3715
W20240129 03:34:02.676266 1224124 grad_async_v2.h:250] Sleep in <BlockToStepN>, step_no=387, pq.top=387
W20240129 03:34:02.774856 1224536 grad_async_v2.h:121] Detect new sample comes, old_end7, new_end8
[proc 3] 400 steps, total: 6.276, sample: 0.216, forward: 0.335, backward: 0.304, update: 0.184
[proc 0] 400 steps, total: 6.276, sample: 0.411, forward: 0.371, backward: 0.307, update: 0.167
[proc 1] 400 steps, total: 6.276, sample: 0.280, forward: 0.321, backward: 0.283, update: 0.161
[proc 2] 400 steps, total: 6.276, sample: 0.268, forward: 0.336, backward: 0.321, update: 0.154
E20240129 03:34:03.477013 1224535 parallel_pq_v2.h:76] insert failed, size(hashtable)=4564
W20240129 03:34:03.701092 1224124 grad_async_v2.h:250] Sleep in <BlockToStepN>, step_no=404, pq.top=404
W20240129 03:34:03.787971 1224536 grad_async_v2.h:121] Detect new sample comes, old_end5, new_end6
E20240129 03:34:04.477092 1224536 parallel_pq_v2.h:76] insert failed, size(hashtable)=75
W20240129 03:34:04.722210 1224124 grad_async_v2.h:250] Sleep in <BlockToStepN>, step_no=420, pq.top=420
W20240129 03:34:04.805421 1224536 grad_async_v2.h:121] Detect new sample comes, old_end1, new_end2
E20240129 03:34:05.477279 1224535 parallel_pq_v2.h:76] insert failed, size(hashtable)=3337
W20240129 03:34:05.737610 1224124 grad_async_v2.h:250] Sleep in <BlockToStepN>, step_no=436, pq.top=436
W20240129 03:34:05.818994 1224536 grad_async_v2.h:121] Detect new sample comes, old_end7, new_end8
+---------------------------+---------------------------+---------------------------+
| Name                      | P50                       | P99                       |
+---------------------------+---------------------------+---------------------------+
| GenInput                  | 1.298 ms                  | 23.164 ms                 |
| Forward                   | 3.718 ms                  | 5.994 ms                  |
| Backward                  | 3.122 ms                  | 6.942 ms                  |
| Optimize                  | 1.447 ms                  | 3.589 ms                  |
| BarrierTimeBeforeRank0    | 38.153 us                 | 19.144 ms                 |
| AfterBackward             | 18.971 ms                 | 29.752 ms                 |
| BlockToStepN              | 21.728 ms                 | 50.398 ms                 |
| OneStep                   | 57.526 ms                 | 85.430 ms                 |
+---------------------------+---------------------------+---------------------------+
E20240129 03:34:06.477015 1224124 parallel_pq_v2.h:76] insert failed, size(hashtable)=2685
W20240129 03:34:06.755504 1224124 grad_async_v2.h:250] Sleep in <BlockToStepN>, step_no=452, pq.top=452
W20240129 03:34:06.820416 1224536 grad_async_v2.h:121] Detect new sample comes, old_end2, new_end3
+---------------------------+---------------------------+---------------------------+
| Name                      | P50                       | P99                       |
+---------------------------+---------------------------+---------------------------+
| ProcessBack:Shuffle       | 2.230 ms                  | 2.663 ms                  |
| ProcessBack:UpdateCache   | 1.885 ms                  | 2.723 ms                  |
| ProcessBack:UpsertPq      | 14.342 ms                 | 23.689 ms                 |
| ProcessOneStep            | 18.945 ms                 | 29.527 ms                 |
| BlockToStepN              | 22.043 ms                 | 49.984 ms                 |
+---------------------------+---------------------------+---------------------------+
E20240129 03:34:07.477016 1224535 parallel_pq_v2.h:76] insert failed, size(hashtable)=4434
W20240129 03:34:07.783902 1224124 grad_async_v2.h:250] Sleep in <BlockToStepN>, step_no=468, pq.top=468
W20240129 03:34:07.826491 1224536 grad_async_v2.h:121] Detect new sample comes, old_end8, new_end9
E20240129 03:34:08.477962 1224535 parallel_pq_v2.h:76] insert failed, size(hashtable)=6400
W20240129 03:34:08.808722 1224124 grad_async_v2.h:250] Sleep in <BlockToStepN>, step_no=484, pq.top=484
W20240129 03:34:08.829921 1224536 grad_async_v2.h:121] Detect new sample comes, old_end4, new_end5
E20240129 03:34:09.477059 1224306 parallel_pq_v2.h:76] insert failed, size(hashtable)=126
W20240129 03:34:09.832845 1224124 grad_async_v2.h:250] Sleep in <BlockToStepN>, step_no=499, pq.top=499
W20240129 03:34:09.843317 1224536 grad_async_v2.h:121] Detect new sample comes, old_end9, new_end0
[proc 0] 500 steps, total: 6.427, sample: 0.444, forward: 0.372, backward: 0.308, update: 0.165
[proc 3] 500 steps, total: 6.427, sample: 0.329, forward: 0.375, backward: 0.281, update: 0.198
[proc 2] 500 steps, total: 6.427, sample: 0.334, forward: 0.351, backward: 0.272, update: 0.161
[proc 1] 500 steps, total: 6.427, sample: 0.300, forward: 0.325, backward: 0.275, update: 0.182
Successfully xmh. training takes 31.817790269851685 seconds
before call kg_cache_controller.StopThreads()
W20240129 03:34:09.902525 1224124 grad_async_v2.h:71] call StopThreads. PID = 1223784
W20240129 03:34:09.902551 1224124 grad_base.h:212] before processOneStepNegThread_.join();
W20240129 03:34:09.902828 1224124 grad_base.h:214] after processOneStepNegThread_.join();
W20240129 03:34:09.902835 1224124 grad_async_v2.h:73] call GradProcessingBase::StopThreads.
[W tensorpipe_agent.cpp:725] RPC agent for worker0 encountered error when reading incoming request from worker3: eof (this error originated at tensorpipe/transport/shm/connection_impl.cc:259)
[W tensorpipe_agent.cpp:725] RPC agent for worker0 encountered error when reading incoming request from worker1: eof (this error originated at tensorpipe/transport/shm/connection_impl.cc:259)
[W tensorpipe_agent.cpp:725] RPC agent for worker0 encountered error when reading incoming request from worker2: eof (this error originated at tensorpipe/transport/shm/connection_impl.cc:259)
W20240129 03:34:09.912496 1224124 grad_async_v2.h:92] StopThreads done.
+---------------------------+---------------------------+---------------------------+
| Name                      | P50                       | P99                       |
+---------------------------+---------------------------+---------------------------+
| GenInput                  | 1.319 ms                  | 23.472 ms                 |
| Forward                   | 3.719 ms                  | 5.481 ms                  |
| Backward                  | 3.134 ms                  | 5.699 ms                  |
| Optimize                  | 1.467 ms                  | 3.478 ms                  |
| BarrierTimeBeforeRank0    | 38.341 us                 | 19.144 ms                 |
| AfterBackward             | 18.946 ms                 | 29.552 ms                 |
| BlockToStepN              | 22.430 ms                 | 52.696 ms                 |
| OneStep                   | 58.064 ms                 | 87.768 ms                 |
+---------------------------+---------------------------+---------------------------+
On rank0, prepare to call self.controller.StopThreads(), self=<python.controller_process.KGCacheControllerWrapper object at 0x7f29ef9675d0>
