WARNING: Logging before InitGoogleLogging() is written to STDERR
I20240228 16:16:31.550570 282376 IPC_barrier.h:128] MultiProcessBarrierFactory->ClearIPCMemory()
/home/xieminhui/RecStore/src/framework_adapters/torch/kg/dgl-0.9.1/python/dgl/_deprecate/graph.py:1023: DGLWarning: multigraph will be deprecated.DGL will treat all graphs as multigraph in the future.
  dgl_warning("multigraph will be deprecated." \
/home/xieminhui/RecStore/src/framework_adapters/torch/kg/dgl-0.9.1/python/dgl/heterograph.py:72: DGLWarning: Recommend creating graphs by `dgl.graph(data)` instead of `dgl.DGLGraph(data)`.
  dgl_warning('Recommend creating graphs by `dgl.graph(data)`'
Reading train triples....
Finished. Read 483142 train triples.
Reading valid triples....
Finished. Read 50000 valid triples.
Reading test triples....
Finished. Read 59071 test triples.
ARGS:  Namespace(model_name='TransE', data_path='/home/xieminhui/dgl-data', dataset='FB15k', format='built_in', data_files=None, delimiter='\t', save_path='/tmp/ckpts/TransE_FB15k_28', no_save_emb=True, max_step=500, batch_size=1200, batch_size_eval=16, neg_sample_size=200, neg_deg_sample=False, neg_deg_sample_eval=False, neg_sample_size_eval=14951, eval_percent=1, no_eval_filter=False, log_interval=100, eval_interval=10000, test=False, num_proc=4, num_thread=1, force_sync_interval=1, hidden_dim=400, lr=0.01, gamma=16.0, double_ent=False, double_rel=False, neg_adversarial_sampling=False, adversarial_temperature=1.0, regularization_coef=0.0, regularization_norm=3, pairwise=False, loss_genre='Logsigmoid', margin=1.0, nr_gpus=4, gpu=[0, 1, 2, 3], mix_cpu_gpu=True, valid=False, rel_part=False, async_update=None, has_edge_importance=False, cached_emb_type='KnownLocalCachedEmbedding', use_my_emb=True, cache_ratio=0.05, shuffle=False, backwardMode='CppAsyncV2', L=10, nr_background_threads=32, update_cache_use_omp=1, update_pq_use_omp=2, kForwardItersPerStep=2, backgrad_init='both', eval_filter=True, soft_rel_part=False)
|Train|: 483142
original graph:  DGLGraph(num_nodes=14951, num_edges=592213,
         ndata_schemes={}
         edata_schemes={'tid': Scheme(shape=(), dtype=torch.int64)})
Loading cached metis
WARNING [282376 sampler.py:454] Start PreSampling
WARNING [282376 sampler.py:532] Before construct renumbering_dict
WARNING [282376 sampler.py:555] PreSampling done
W20240228 16:16:34.169984 282376 IPCTensor.h:369] NewIPCTensor: cached_sampler_r0_0 [1000000]0x100000002000 7.629 MB
W20240228 16:16:34.170125 282376 IPCTensor.h:369] NewIPCTensor: cached_sampler_r0_1 [1000000]0x1000007a5000 7.629 MB
W20240228 16:16:34.170150 282376 IPCTensor.h:369] NewIPCTensor: cached_sampler_r0_2 [1000000]0x100000f48000 7.629 MB
W20240228 16:16:34.170171 282376 IPCTensor.h:369] NewIPCTensor: cached_sampler_r0_3 [1000000]0x1000016eb000 7.629 MB
W20240228 16:16:34.170194 282376 IPCTensor.h:369] NewIPCTensor: cached_sampler_r0_4 [1000000]0x100001e8e000 7.629 MB
W20240228 16:16:34.170213 282376 IPCTensor.h:369] NewIPCTensor: cached_sampler_r0_5 [1000000]0x100002631000 7.629 MB
W20240228 16:16:34.170231 282376 IPCTensor.h:369] NewIPCTensor: cached_sampler_r0_6 [1000000]0x100002dd4000 7.629 MB
W20240228 16:16:34.170257 282376 IPCTensor.h:369] NewIPCTensor: cached_sampler_r0_7 [1000000]0x100003577000 7.629 MB
W20240228 16:16:34.170279 282376 IPCTensor.h:369] NewIPCTensor: cached_sampler_r0_8 [1000000]0x100003d1a000 7.629 MB
W20240228 16:16:34.170300 282376 IPCTensor.h:369] NewIPCTensor: cached_sampler_r0_9 [1000000]0x1000044bd000 7.629 MB
W20240228 16:16:34.170325 282376 IPCTensor.h:369] NewIPCTensor: step_r0 [10]0x100004c60000 80 B 
W20240228 16:16:34.170343 282376 IPCTensor.h:369] NewIPCTensor: circle_buffer_end_r0 [1]0x100004c62000 8 B 
W20240228 16:16:34.170360 282376 IPCTensor.h:369] NewIPCTensor: circle_buffer_end_cppseen_r0 [1]0x100004c64000 8 B 
W20240228 16:16:34.170452 282376 IPCTensor.h:369] NewIPCTensor: cached_sampler_r1_0 [1000000]0x100004c66000 7.629 MB
W20240228 16:16:34.170480 282376 IPCTensor.h:369] NewIPCTensor: cached_sampler_r1_1 [1000000]0x100005409000 7.629 MB
W20240228 16:16:34.170500 282376 IPCTensor.h:369] NewIPCTensor: cached_sampler_r1_2 [1000000]0x100005bac000 7.629 MB
W20240228 16:16:34.170534 282376 IPCTensor.h:369] NewIPCTensor: cached_sampler_r1_3 [1000000]0x10000634f000 7.629 MB
W20240228 16:16:34.170557 282376 IPCTensor.h:369] NewIPCTensor: cached_sampler_r1_4 [1000000]0x100006af2000 7.629 MB
W20240228 16:16:34.170578 282376 IPCTensor.h:369] NewIPCTensor: cached_sampler_r1_5 [1000000]0x100007295000 7.629 MB
W20240228 16:16:34.170595 282376 IPCTensor.h:369] NewIPCTensor: cached_sampler_r1_6 [1000000]0x100007a38000 7.629 MB
W20240228 16:16:34.170614 282376 IPCTensor.h:369] NewIPCTensor: cached_sampler_r1_7 [1000000]0x1000081db000 7.629 MB
W20240228 16:16:34.170634 282376 IPCTensor.h:369] NewIPCTensor: cached_sampler_r1_8 [1000000]0x10000897e000 7.629 MB
W20240228 16:16:34.170650 282376 IPCTensor.h:369] NewIPCTensor: cached_sampler_r1_9 [1000000]0x100009121000 7.629 MB
W20240228 16:16:34.170668 282376 IPCTensor.h:369] NewIPCTensor: step_r1 [10]0x1000098c4000 80 B 
W20240228 16:16:34.170684 282376 IPCTensor.h:369] NewIPCTensor: circle_buffer_end_r1 [1]0x1000098c6000 8 B 
W20240228 16:16:34.170699 282376 IPCTensor.h:369] NewIPCTensor: circle_buffer_end_cppseen_r1 [1]0x1000098c8000 8 B 
W20240228 16:16:34.170734 282376 IPCTensor.h:369] NewIPCTensor: cached_sampler_r2_0 [1000000]0x1000098ca000 7.629 MB
W20240228 16:16:34.170758 282376 IPCTensor.h:369] NewIPCTensor: cached_sampler_r2_1 [1000000]0x10000a06d000 7.629 MB
W20240228 16:16:34.170779 282376 IPCTensor.h:369] NewIPCTensor: cached_sampler_r2_2 [1000000]0x10000a810000 7.629 MB
W20240228 16:16:34.170804 282376 IPCTensor.h:369] NewIPCTensor: cached_sampler_r2_3 [1000000]0x10000afb3000 7.629 MB
W20240228 16:16:34.170826 282376 IPCTensor.h:369] NewIPCTensor: cached_sampler_r2_4 [1000000]0x10000b756000 7.629 MB
W20240228 16:16:34.170845 282376 IPCTensor.h:369] NewIPCTensor: cached_sampler_r2_5 [1000000]0x10000bef9000 7.629 MB
W20240228 16:16:34.170863 282376 IPCTensor.h:369] NewIPCTensor: cached_sampler_r2_6 [1000000]0x10000c69c000 7.629 MB
W20240228 16:16:34.170886 282376 IPCTensor.h:369] NewIPCTensor: cached_sampler_r2_7 [1000000]0x10000ce3f000 7.629 MB
W20240228 16:16:34.170909 282376 IPCTensor.h:369] NewIPCTensor: cached_sampler_r2_8 [1000000]0x10000d5e2000 7.629 MB
W20240228 16:16:34.170931 282376 IPCTensor.h:369] NewIPCTensor: cached_sampler_r2_9 [1000000]0x10000dd85000 7.629 MB
W20240228 16:16:34.170951 282376 IPCTensor.h:369] NewIPCTensor: step_r2 [10]0x10000e528000 80 B 
W20240228 16:16:34.170966 282376 IPCTensor.h:369] NewIPCTensor: circle_buffer_end_r2 [1]0x10000e52a000 8 B 
W20240228 16:16:34.170984 282376 IPCTensor.h:369] NewIPCTensor: circle_buffer_end_cppseen_r2 [1]0x10000e52c000 8 B 
W20240228 16:16:34.171017 282376 IPCTensor.h:369] NewIPCTensor: cached_sampler_r3_0 [1000000]0x10000e52e000 7.629 MB
W20240228 16:16:34.171039 282376 IPCTensor.h:369] NewIPCTensor: cached_sampler_r3_1 [1000000]0x10000ecd1000 7.629 MB
W20240228 16:16:34.171061 282376 IPCTensor.h:369] NewIPCTensor: cached_sampler_r3_2 [1000000]0x10000f474000 7.629 MB
W20240228 16:16:34.171077 282376 IPCTensor.h:369] NewIPCTensor: cached_sampler_r3_3 [1000000]0x10000fc17000 7.629 MB
W20240228 16:16:34.171095 282376 IPCTensor.h:369] NewIPCTensor: cached_sampler_r3_4 [1000000]0x1000103ba000 7.629 MB
W20240228 16:16:34.171114 282376 IPCTensor.h:369] NewIPCTensor: cached_sampler_r3_5 [1000000]0x100010b5d000 7.629 MB
W20240228 16:16:34.171133 282376 IPCTensor.h:369] NewIPCTensor: cached_sampler_r3_6 [1000000]0x100011300000 7.629 MB
W20240228 16:16:34.171154 282376 IPCTensor.h:369] NewIPCTensor: cached_sampler_r3_7 [1000000]0x100011aa3000 7.629 MB
W20240228 16:16:34.171172 282376 IPCTensor.h:369] NewIPCTensor: cached_sampler_r3_8 [1000000]0x100012246000 7.629 MB
W20240228 16:16:34.171196 282376 IPCTensor.h:369] NewIPCTensor: cached_sampler_r3_9 [1000000]0x1000129e9000 7.629 MB
W20240228 16:16:34.171214 282376 IPCTensor.h:369] NewIPCTensor: step_r3 [10]0x10001318c000 80 B 
W20240228 16:16:34.171229 282376 IPCTensor.h:369] NewIPCTensor: circle_buffer_end_r3 [1]0x10001318e000 8 B 
W20240228 16:16:34.171243 282376 IPCTensor.h:369] NewIPCTensor: circle_buffer_end_cppseen_r3 [1]0x100013190000 8 B 
W20240228 16:16:34.302429 282376 IPCTensor.h:369] NewIPCTensor: full_emb [14951, 400]0x100013192000 22.81 MB
W20240228 16:16:34.329310 282376 IPCTensor.h:369] NewIPCTensor: full_emb_SparseRowWiseAdaGrad_sum [14951]0x100014864000 58.4 kB
{0: Graph(num_nodes=9703, num_edges=161860,
      ndata_schemes={'_ID': Scheme(shape=(), dtype=torch.int64), 'inner_node': Scheme(shape=(), dtype=torch.int32), 'part_id': Scheme(shape=(), dtype=torch.int64)}
      edata_schemes={'_ID': Scheme(shape=(), dtype=torch.int64), 'inner_edge': Scheme(shape=(), dtype=torch.int8)}), 1: Graph(num_nodes=11374, num_edges=168961,
      ndata_schemes={'_ID': Scheme(shape=(), dtype=torch.int64), 'inner_node': Scheme(shape=(), dtype=torch.int32), 'part_id': Scheme(shape=(), dtype=torch.int64)}
      edata_schemes={'_ID': Scheme(shape=(), dtype=torch.int64), 'inner_edge': Scheme(shape=(), dtype=torch.int8)}), 2: Graph(num_nodes=10715, num_edges=190828,
      ndata_schemes={'_ID': Scheme(shape=(), dtype=torch.int64), 'inner_node': Scheme(shape=(), dtype=torch.int32), 'part_id': Scheme(shape=(), dtype=torch.int64)}
      edata_schemes={'_ID': Scheme(shape=(), dtype=torch.int64), 'inner_edge': Scheme(shape=(), dtype=torch.int8)}), 3: Graph(num_nodes=11184, num_edges=240046,
      ndata_schemes={'_ID': Scheme(shape=(), dtype=torch.int64), 'inner_node': Scheme(shape=(), dtype=torch.int32), 'part_id': Scheme(shape=(), dtype=torch.int64)}
      edata_schemes={'_ID': Scheme(shape=(), dtype=torch.int64), 'inner_edge': Scheme(shape=(), dtype=torch.int8)})}
MertisPartition: part 0 has 9703 N 161860 E
MertisPartition: part 1 has 11374 N 168961 E
MertisPartition: part 2 has 10715 N 190828 E
MertisPartition: part 3 has 11184 N 240046 E
Rank0: cached key size 186
Rank1: cached key size 186
Rank2: cached key size 186
Rank3: cached key size 186
Before renumbering graph:  {'_ID': tensor([   6,   10,   11,  ..., 5824, 6189, 2559]), 'inner_node': tensor([1, 1, 1,  ..., 0, 0, 0], dtype=torch.int32), 'part_id': tensor([0, 0, 0,  ..., 1, 1, 2])}
After renumbering graph:  {'_ID': tensor([ 995, 1168, 1194,  ..., 6446, 4719, 8881]), 'inner_node': tensor([1, 1, 1,  ..., 0, 0, 0], dtype=torch.int32), 'part_id': tensor([0, 0, 0,  ..., 1, 1, 2])}
part_g: DGLGraph(num_nodes=9703, num_edges=161860,
         ndata_schemes={'_ID': Scheme(shape=(), dtype=torch.int64)}
         edata_schemes={'tid': Scheme(shape=(), dtype=torch.int64)})
part_g: DGLGraph(num_nodes=9703, num_edges=161860,
         ndata_schemes={'_ID': Scheme(shape=(), dtype=torch.int64)}
         edata_schemes={'tid': Scheme(shape=(), dtype=torch.int64)})
Total initialize time 2.809 seconds
[Rank1] pid = 282716
[Rank2] pid = 282780
INFO [282376 distributed_c10d.py:442] Added key: store_based_barrier_key:1 to store for rank: 0
INFO [282845 distributed_c10d.py:442] Added key: store_based_barrier_key:1 to store for rank: 3
INFO [282780 distributed_c10d.py:442] Added key: store_based_barrier_key:1 to store for rank: 2
INFO [282716 distributed_c10d.py:442] Added key: store_based_barrier_key:1 to store for rank: 1
INFO [282716 distributed_c10d.py:476] Rank 1: Completed store-based barrier for key:store_based_barrier_key:1 with 4 nodes.
INFO [282780 distributed_c10d.py:476] Rank 2: Completed store-based barrier for key:store_based_barrier_key:1 with 4 nodes.
W20240228 16:16:37.218389 282782 IPCTensor.h:409] NewIPCGPUTensor: embedding_cache_2 [747, 400]; dev=2; size=1.14 MB
W20240228 16:16:37.218389 282717 IPCTensor.h:409] NewIPCGPUTensor: embedding_cache_1 [747, 400]; dev=1; size=1.14 MB
INFO [282376 distributed_c10d.py:476] Rank 0: Completed store-based barrier for key:store_based_barrier_key:1 with 4 nodes.
W20240228 16:16:37.220047 282782 IPCTensor.h:369] NewIPCTensor: input_keys_2 [1000000]0x100014878000 7.629 MB
W20240228 16:16:37.220060 282717 IPCTensor.h:369] NewIPCTensor: input_keys_1 [1000000]0x10001501b000 7.629 MB
W20240228 16:16:37.220366 282717 IPCTensor.h:369] NewIPCTensor: input_keys_neg_1 [1000000]0x1000157be000 7.629 MB
W20240228 16:16:37.220453 282782 IPCTensor.h:369] NewIPCTensor: input_keys_neg_2 [1000000]0x100015f61000 7.629 MB
W20240228 16:16:37.220531 282717 IPCTensor.h:369] NewIPCTensor: backward_grads_1 [1000000, 400]0x100016704000 1.49 GB
W20240228 16:16:37.220556 282846 IPCTensor.h:409] NewIPCGPUTensor: embedding_cache_0 [747, 400]; dev=0; size=1.14 MB
W20240228 16:16:37.220643 282717 IPCTensor.h:369] NewIPCTensor: backward_grads_neg_1 [1000000, 400]0x100075ce7000 1.49 GB
W20240228 16:16:37.220690 282782 IPCTensor.h:369] NewIPCTensor: backward_grads_2 [1000000, 400]0x1000d52ca000 1.49 GB
W20240228 16:16:37.220741 282717 IPCTensor.h:409] NewIPCGPUTensor: backward_grads_1_gpu [1000000, 400]; dev=1; size=1.49 GB
W20240228 16:16:37.220817 282782 IPCTensor.h:369] NewIPCTensor: backward_grads_neg_2 [1000000, 400]0x1001348ad000 1.49 GB
W20240228 16:16:37.220949 282782 IPCTensor.h:409] NewIPCGPUTensor: backward_grads_2_gpu [1000000, 400]; dev=2; size=1.49 GB
INFO [282845 distributed_c10d.py:476] Rank 3: Completed store-based barrier for key:store_based_barrier_key:1 with 4 nodes.
W20240228 16:16:37.224115 282847 IPCTensor.h:409] NewIPCGPUTensor: embedding_cache_3 [747, 400]; dev=3; size=1.14 MB
W20240228 16:16:37.229837 282846 IPCTensor.h:369] NewIPCTensor: input_keys_0 [1000000]0x100193e92000 7.629 MB
W20240228 16:16:37.230054 282846 IPCTensor.h:369] NewIPCTensor: input_keys_neg_0 [1000000]0x100194635000 7.629 MB
W20240228 16:16:37.230145 282846 IPCTensor.h:369] NewIPCTensor: backward_grads_0 [1000000, 400]0x100194dda000 1.49 GB
W20240228 16:16:37.230245 282846 IPCTensor.h:369] NewIPCTensor: backward_grads_neg_0 [1000000, 400]0x1001f43c1000 1.49 GB
W20240228 16:16:37.230322 282846 IPCTensor.h:409] NewIPCGPUTensor: backward_grads_0_gpu [1000000, 400]; dev=0; size=1.49 GB
W20240228 16:16:37.230314 282717 IPCTensor.h:409] NewIPCGPUTensor: backward_grads_neg_1_gpu [1000000, 400]; dev=1; size=1.49 GB
W20240228 16:16:37.230469 282847 IPCTensor.h:369] NewIPCTensor: input_keys_3 [1000000]0x1002539a4000 7.629 MB
W20240228 16:16:37.230489 282782 IPCTensor.h:409] NewIPCGPUTensor: backward_grads_neg_2_gpu [1000000, 400]; dev=2; size=1.49 GB
W20240228 16:16:37.230654 282847 IPCTensor.h:369] NewIPCTensor: input_keys_neg_3 [1000000]0x100254147000 7.629 MB
W20240228 16:16:37.230738 282847 IPCTensor.h:369] NewIPCTensor: backward_grads_3 [1000000, 400]0x1002548ea000 1.49 GB
W20240228 16:16:37.230808 282847 IPCTensor.h:369] NewIPCTensor: backward_grads_neg_3 [1000000, 400]0x1002b3ecd000 1.49 GB
W20240228 16:16:37.230865 282847 IPCTensor.h:409] NewIPCGPUTensor: backward_grads_3_gpu [1000000, 400]; dev=3; size=1.49 GB
W20240228 16:16:37.247943 282846 IPCTensor.h:409] NewIPCGPUTensor: backward_grads_neg_0_gpu [1000000, 400]; dev=0; size=1.49 GB
W20240228 16:16:37.247983 282847 IPCTensor.h:409] NewIPCGPUTensor: backward_grads_neg_3_gpu [1000000, 400]; dev=3; size=1.49 GB
cudaHostRegister 0x100013192000
1: KnownLocalCachedEmbedding init done
WARNING [282716 DistTensor.py:59] The tensor name already exists in the kvstore
cudaHostRegister 0x100013192000
2: KnownLocalCachedEmbedding init done
WARNING [282780 DistTensor.py:59] The tensor name already exists in the kvstore
cudaHostRegister 0x100013192000
3: KnownLocalCachedEmbedding init done
WARNING [282845 DistTensor.py:59] The tensor name already exists in the kvstore
[Rank3] pid = 282845
New CachedEmbedding, name=full_emb, shape=(14951, 400), cache_type=KnownLocalCachedEmbedding
fixed cache_range is [(0, 747), (747, 1494), (1494, 2241), (2241, 2988)]
cudaHostRegister 0x100013192000
0: KnownLocalCachedEmbedding init done
WARNING [282376 DistTensor.py:59] The tensor name already exists in the kvstore
I20240228 16:16:38.352603 282846 IPC_barrier.h:118] CreateBarrier: new barrier, name: kgcachecontroller, count: 4
I20240228 16:16:38.352716 282847 IPC_barrier.h:112] CreateBarrier: find existing barrier, name: kgcachecontroller, count: 4
I20240228 16:16:38.353032 282782 IPC_barrier.h:112] CreateBarrier: find existing barrier, name: kgcachecontroller, count: 4
I20240228 16:16:38.353181 282717 IPC_barrier.h:112] CreateBarrier: find existing barrier, name: kgcachecontroller, count: 4
W20240228 16:16:38.354435 282846 grad_base.h:56] KGCacheController, config={
        "num_gpus": 4,
        "L": 10,
        "backgrad_init": "both", 
        "kForwardItersPerStep": 2,
        "clr": 0.01,
        "nr_background_threads": 32,
        "backwardMode": "CppAsyncV2",
        "cache_ratio": 0.05,
        "update_cache_use_omp":  1,
        "update_pq_use_omp":  2
        }
W20240228 16:16:38.354549 282846 grad_base.h:185] Init GradProcessingBase done
I20240228 16:16:38.358511 282846 grad_async_v2.h:42] Use main thread to update emb.
W20240228 16:16:38.358691 282846 kg_controller.h:78] after init GradAsyncProcessingV2
I20240228 16:16:38.358701 282846 kg_controller.h:84] Construct KGCacheController done
E20240228 16:16:39.758785 282847 recstore.cc:67] init folly done
E20240228 16:16:39.758821 282717 recstore.cc:67] init folly done
E20240228 16:16:39.758842 282846 recstore.cc:67] init folly done
E20240228 16:16:39.758891 282782 recstore.cc:67] init folly done
I20240228 16:16:39.759474 282846 grad_base.h:61] GraphEnv RegTensorsPerProcess
W20240228 16:16:40.579098 283240 grad_async_v2.h:137] Detect new sample comes, old_end0, new_end1
E20240228 16:16:40.579349 283240 parallel_pq_v2.h:79] insert failed, size(hashtable)=0
I20240228 16:16:40.592990 282717 IPC_barrier.h:118] CreateBarrier: new barrier, name: start_barrier, count: 4
I20240228 16:16:40.606002 282846 IPC_barrier.h:112] CreateBarrier: find existing barrier, name: start_barrier, count: 4
I20240228 16:16:40.625895 282847 IPC_barrier.h:112] CreateBarrier: find existing barrier, name: start_barrier, count: 4
I20240228 16:16:40.638832 282782 IPC_barrier.h:112] CreateBarrier: find existing barrier, name: start_barrier, count: 4
E20240228 16:16:42.635269 283424 parallel_pq_v2.h:79] insert failed, size(hashtable)=0
W20240228 16:16:42.707017 283240 grad_async_v2.h:137] Detect new sample comes, old_end1, new_end2
+---------------------------+---------------------------+---------------------------+
| Name                      | P50                       | P99                       |
+---------------------------+---------------------------+---------------------------+
| GenInput                  | 748.689 us                | 12.249 ms                 |
| Forward                   | 3.369 ms                  | 772.661 ms                |
| Backward                  | 4.731 ms                  | 241.209 ms                |
| Optimize                  | 1.060 ms                  | 2.272 ms                  |
| BarrierTimeBeforeRank0    | 25.881 us                 | 336.773 ms                |
| AfterBackward             | 5.249 ms                  | 712.302 ms                |
| BlockToStepN              | 96.484 us                 | 292.391 us                |
| OneStep                   | 16.307 ms                 | 2.067 s                   |
+---------------------------+---------------------------+---------------------------+
W20240228 16:16:43.724812 283240 grad_async_v2.h:137] Detect new sample comes, old_end4, new_end1
E20240228 16:16:44.124707 282846 grad_async_v2.h:404] Stalled in ProcessBackward: rank=1, step_no=85, sample_step_cpp_seen_[rank]=84
train_sampler.Prefill()
before start barrier
start train
[proc 1] 100 steps, total: 3.810, sample: 0.158, forward: 0.995, backward: 0.664, update: 0.089
train_sampler.Prefill()
before start barrier
start train
[proc 2] 100 steps, total: 3.764, sample: 0.158, forward: 1.285, backward: 0.733, update: 0.109
train_sampler.Prefill()
before start barrier
start train
[proc 3] 100 steps, total: 3.777, sample: 0.141, forward: 1.186, backward: 0.589, update: 0.094
train_sampler.Prefill()
-------Step 0-------
tensor([ 4686,  8460, 13608,  5400,    43,  6709, 10291,    39,   101,  8798]) tensor([ 1194, 11003,  2947, 11603,  2922, 12607,  4158,  4741,  4192, 14335])
-------Step 1-------
tensor([ 4686,  8460, 13608,  5400,    43,  6709, 10291,    39,   101,  8798]) tensor([ 3810,  6840,  8330,  8583,  5409,  9178, 11358,  2607,  6251,  8355])
-------Step 2-------
tensor([10833,  8264,  6781,  6774,     8,  2252,  4229,  6471,  4569,  2564]) tensor([ 8653,  2089,  7402,  6288,  9962,    66, 14735, 11447, 10843,  9413])
-------Step 3-------
tensor([10833,  8264,  6781,  6774,     8,  2252,  4229,  6471,  4569,  2564]) tensor([ 8730,  1438, 11715,  3672,  7211,  2828, 13901,  3125,  5203, 12703])
-------Step 4-------
tensor([10619,  6509,  6706,  1970,  5684,  9891,  9463, 14911,    45,  8431]) tensor([  614,  4262, 12976,  7842,  3536,   115,  2196,  4644,  8991,  6450])
-------Step 5-------
tensor([10619,  6509,  6706,  1970,  5684,  9891,  9463, 14911,    45,  8431]) tensor([ 7256,  5554,  3019, 14226, 12928, 12201,  6408,  8988,  3261, 14845])
-------Step 6-------
tensor([ 1635,  2885,  2403, 14495,   183, 11590, 10208,  5484,   106,  3186]) tensor([ 4998, 14579, 13642,  3094,  9123, 14917,  1970,  5175, 14687,  9517])
-------Step 7-------
tensor([ 1635,  2885,  2403, 14495,   183, 11590, 10208,  5484,   106,  3186]) tensor([8641, 5759,  398, 5952, 1669,  908, 2792, 2694, 5166, 4094])
-------Step 8-------
tensor([  130,  8794,   118,  7748,  4255, 13602, 10687,  5662,   114,  3858]) tensor([ 8538,  3388,  1460,  8738,  7308, 14693,  1768,  8492,  9629, 10719])
-------Step 9-------
tensor([  130,  8794,   118,  7748,  4255, 13602, 10687,  5662,   114,  3858]) tensor([ 4516,  7684, 11288,  2678, 13170,  2428, 13638,  2607,  4019,  3502])
before start barrier
start train
[proc 0] 100 steps, total: 3.797, sample: 0.198, forward: 1.095, backward: 0.683, update: 0.103
W20240228 16:16:44.724617 283240 grad_async_v2.h:137] Detect new sample comes, old_end5, new_end1
+---------------------------+---------------------------+---------------------------+
| Name                      | P50                       | P99                       |
+---------------------------+---------------------------+---------------------------+
| clean                     | 131.406 us                | 1.028 ms                  |
| ProcessBack:Shuffle       | 1.091 ms                  | 1.581 ms                  |
| ProcessBack:UpdateCache   | 1.211 ms                  | 1.509 ms                  |
| ProcessBack:UpsertPq      | 41.979 us                 | 79.875 us                 |
| ProcessOneStep            | 5.076 ms                  | 58.493 ms                 |
| BlockToStepN              | 49.027 us                 | 76.175 us                 |
+---------------------------+---------------------------+---------------------------+
W20240228 16:16:45.751919 283240 grad_async_v2.h:137] Detect new sample comes, old_end5, new_end3
[proc 2] 200 steps, total: 1.658, sample: 0.203, forward: 0.278, backward: 0.410, update: 0.098
[proc 0] 200 steps, total: 1.658, sample: 0.231, forward: 0.322, backward: 0.429, update: 0.094
[proc 3] 200 steps, total: 1.658, sample: 0.137, forward: 0.231, backward: 0.218, update: 0.086
[proc 1] 200 steps, total: 1.659, sample: 0.161, forward: 0.263, backward: 0.404, update: 0.081
W20240228 16:16:46.754778 283240 grad_async_v2.h:137] Detect new sample comes, old_end9, new_end0
[proc 2] 300 steps, total: 1.684, sample: 0.147, forward: 0.256, backward: 0.355, update: 0.084
[proc 0] 300 steps, total: 1.684, sample: 0.191, forward: 0.310, backward: 0.354, update: 0.093
[proc 3] 300 steps, total: 1.684, sample: 0.127, forward: 0.235, backward: 0.334, update: 0.085
[proc 1] 300 steps, total: 1.684, sample: 0.167, forward: 0.290, backward: 0.337, update: 0.099
W20240228 16:16:47.784185 283240 grad_async_v2.h:137] Detect new sample comes, old_end5, new_end3
+---------------------------+---------------------------+---------------------------+
| Name                      | P50                       | P99                       |
+---------------------------+---------------------------+---------------------------+
| GenInput                  | 723.843 us                | 15.145 ms                 |
| Forward                   | 3.122 ms                  | 4.595 ms                  |
| Backward                  | 4.051 ms                  | 6.401 ms                  |
| Optimize                  | 983.110 us                | 2.086 ms                  |
| BarrierTimeBeforeRank0    | 25.912 us                 | 11.752 ms                 |
| AfterBackward             | 5.036 ms                  | 7.612 ms                  |
| BlockToStepN              | 86.979 us                 | 133.825 us                |
| OneStep                   | 15.587 ms                 | 33.562 ms                 |
+---------------------------+---------------------------+---------------------------+
W20240228 16:16:48.786063 283240 grad_async_v2.h:137] Detect new sample comes, old_end5, new_end7
[proc 1] 400 steps, total: 1.851, sample: 0.191, forward: 0.295, backward: 0.330, update: 0.098
[proc 0] 400 steps, total: 1.851, sample: 0.176, forward: 0.298, backward: 0.305, update: 0.093
[proc 3] 400 steps, total: 1.851, sample: 0.136, forward: 0.244, backward: 0.598, update: 0.086
[proc 2] 400 steps, total: 1.851, sample: 0.153, forward: 0.256, backward: 0.465, update: 0.091
+---------------------------+---------------------------+---------------------------+
| Name                      | P50                       | P99                       |
+---------------------------+---------------------------+---------------------------+
| clean                     | 131.406 us                | 1.028 ms                  |
| ProcessBack:Shuffle       | 1.065 ms                  | 1.802 ms                  |
| ProcessBack:UpdateCache   | 1.179 ms                  | 1.724 ms                  |
| ProcessBack:UpsertPq      | 41.953 us                 | 81.079 us                 |
| ProcessOneStep            | 5.009 ms                  | 7.198 ms                  |
| BlockToStepN              | 47.953 us                 | 76.175 us                 |
+---------------------------+---------------------------+---------------------------+
W20240228 16:16:49.789041 283240 grad_async_v2.h:137] Detect new sample comes, old_end0, new_end1
W20240228 16:16:50.789763 283240 grad_async_v2.h:137] Detect new sample comes, old_end1, new_end2
[proc 2] 500 steps, total: 2.012, sample: 0.149, forward: 0.257, backward: 0.506, update: 0.092
[proc 0] 500 steps, total: 2.012, sample: 0.228, forward: 0.327, backward: 0.428, update: 0.099
[proc 3] 500 steps, total: 2.012, sample: 0.127, forward: 0.238, backward: 0.599, update: 0.082
[proc 1] 500 steps, total: 2.012, sample: 0.156, forward: 0.276, backward: 0.455, update: 0.100
Successfully xmh. training takes 11.003069162368774 seconds
before call kg_cache_controller.StopThreads()
W20240228 16:16:51.609113 282846 grad_async_v2.h:84] call StopThreads. PID = 282376
W20240228 16:16:51.609141 282846 grad_base.h:213] before processOneStepNegThread_.join();
W20240228 16:16:51.609195 282846 grad_base.h:215] after processOneStepNegThread_.join();
W20240228 16:16:51.609202 282846 grad_async_v2.h:86] call GradProcessingBase::StopThreads.
W20240228 16:16:51.625505 282846 grad_async_v2.h:105] StopThreads done.
[W tensorpipe_agent.cpp:725] RPC agent for worker0 encountered error when reading incoming request from worker3: eof (this error originated at tensorpipe/transport/shm/connection_impl.cc:259)
[W tensorpipe_agent.cpp:725] RPC agent for worker0 encountered error when reading incoming request from worker2: eof (this error originated at tensorpipe/transport/shm/connection_impl.cc:259)
[W tensorpipe_agent.cpp:725] RPC agent for worker0 encountered error when reading incoming request from worker1: eof (this error originated at tensorpipe/transport/shm/connection_impl.cc:259)
On rank0, prepare to call self.controller.StopThreads(), self=<python.controller_process.KGCacheControllerWrapper object at 0x7f4aa0f212d0>
