WARNING: Logging before InitGoogleLogging() is written to STDERR
I20240204 10:27:44.297914  8704 IPC_barrier.h:128] MultiProcessBarrierFactory->ClearIPCMemory()
/data/home/xieminhui/RecStore/src/framework_adapters/torch/kg/dgl-0.9.1/python/dgl/_deprecate/graph.py:1023: DGLWarning: multigraph will be deprecated.DGL will treat all graphs as multigraph in the future.
  dgl_warning("multigraph will be deprecated." \
/data/home/xieminhui/RecStore/src/framework_adapters/torch/kg/dgl-0.9.1/python/dgl/heterograph.py:72: DGLWarning: Recommend creating graphs by `dgl.graph(data)` instead of `dgl.DGLGraph(data)`.
  dgl_warning('Recommend creating graphs by `dgl.graph(data)`'
Reading train triples....
Finished. Read 483142 train triples.
Reading valid triples....
Finished. Read 50000 valid triples.
Reading test triples....
Finished. Read 59071 test triples.
ARGS:  Namespace(model_name='TransE', data_path='/home/xieminhui/dgl-data', dataset='FB15k', format='built_in', data_files=None, delimiter='\t', save_path='/tmp/ckpts/TransE_FB15k_117', no_save_emb=True, max_step=500, batch_size=1200, batch_size_eval=16, neg_sample_size=200, neg_deg_sample=False, neg_deg_sample_eval=False, neg_sample_size_eval=14951, eval_percent=1, no_eval_filter=False, log_interval=100, eval_interval=10000, test=False, num_proc=8, num_thread=1, force_sync_interval=1, hidden_dim=400, lr=0.01, gamma=16.0, double_ent=False, double_rel=False, neg_adversarial_sampling=False, adversarial_temperature=1.0, regularization_coef=0.0, regularization_norm=3, pairwise=False, loss_genre='Logsigmoid', margin=1.0, nr_gpus=8, gpu=[0, 1, 2, 3, 4, 5, 6, 7], mix_cpu_gpu=True, valid=False, rel_part=False, async_update=None, has_edge_importance=False, cached_emb_type='KnownLocalCachedEmbedding', use_my_emb=True, cache_ratio=0.05, shuffle=False, backwardMode='CppAsync', L=10, nr_background_threads=32, update_cache_use_omp=0, update_pq_use_omp=0, kForwardItersPerStep=2, backgrad_init='both', eval_filter=True, soft_rel_part=False)
|Train|: 483142
original graph:  DGLGraph(num_nodes=14951, num_edges=592213,
         ndata_schemes={}
         edata_schemes={'tid': Scheme(shape=(), dtype=torch.int64)})
Loading cached metis
WARNING [8704 sampler.py:454] Start PreSampling
WARNING [8704 sampler.py:532] Before construct renumbering_dict
WARNING [8704 sampler.py:555] PreSampling done
W20240204 10:27:49.969046  8704 IPCTensor.h:369] NewIPCTensor: cached_sampler_r0_0 [1000000]0x100000002000 7.629 MB
W20240204 10:27:49.969235  8704 IPCTensor.h:369] NewIPCTensor: cached_sampler_r0_1 [1000000]0x1000007a5000 7.629 MB
W20240204 10:27:49.969290  8704 IPCTensor.h:369] NewIPCTensor: cached_sampler_r0_2 [1000000]0x100000f48000 7.629 MB
W20240204 10:27:49.969342  8704 IPCTensor.h:369] NewIPCTensor: cached_sampler_r0_3 [1000000]0x1000016eb000 7.629 MB
W20240204 10:27:49.969381  8704 IPCTensor.h:369] NewIPCTensor: cached_sampler_r0_4 [1000000]0x100001e8e000 7.629 MB
W20240204 10:27:49.969434  8704 IPCTensor.h:369] NewIPCTensor: cached_sampler_r0_5 [1000000]0x100002631000 7.629 MB
W20240204 10:27:49.969487  8704 IPCTensor.h:369] NewIPCTensor: cached_sampler_r0_6 [1000000]0x100002dd4000 7.629 MB
W20240204 10:27:49.969542  8704 IPCTensor.h:369] NewIPCTensor: cached_sampler_r0_7 [1000000]0x100003577000 7.629 MB
W20240204 10:27:49.969594  8704 IPCTensor.h:369] NewIPCTensor: cached_sampler_r0_8 [1000000]0x100003d1a000 7.629 MB
W20240204 10:27:49.969650  8704 IPCTensor.h:369] NewIPCTensor: cached_sampler_r0_9 [1000000]0x1000044bd000 7.629 MB
W20240204 10:27:49.969694  8704 IPCTensor.h:369] NewIPCTensor: step_r0 [10]0x100004c60000 80 B 
W20240204 10:27:49.969739  8704 IPCTensor.h:369] NewIPCTensor: circle_buffer_end_r0 [1]0x100004c62000 8 B 
W20240204 10:27:49.969787  8704 IPCTensor.h:369] NewIPCTensor: circle_buffer_end_cppseen_r0 [1]0x100004c64000 8 B 
W20240204 10:27:49.969920  8704 IPCTensor.h:369] NewIPCTensor: cached_sampler_r1_0 [1000000]0x100004c66000 7.629 MB
W20240204 10:27:49.969974  8704 IPCTensor.h:369] NewIPCTensor: cached_sampler_r1_1 [1000000]0x100005409000 7.629 MB
W20240204 10:27:49.970013  8704 IPCTensor.h:369] NewIPCTensor: cached_sampler_r1_2 [1000000]0x100005bac000 7.629 MB
W20240204 10:27:49.970073  8704 IPCTensor.h:369] NewIPCTensor: cached_sampler_r1_3 [1000000]0x10000634f000 7.629 MB
W20240204 10:27:49.970120  8704 IPCTensor.h:369] NewIPCTensor: cached_sampler_r1_4 [1000000]0x100006af2000 7.629 MB
W20240204 10:27:49.970173  8704 IPCTensor.h:369] NewIPCTensor: cached_sampler_r1_5 [1000000]0x100007295000 7.629 MB
W20240204 10:27:49.970224  8704 IPCTensor.h:369] NewIPCTensor: cached_sampler_r1_6 [1000000]0x100007a38000 7.629 MB
W20240204 10:27:49.970270  8704 IPCTensor.h:369] NewIPCTensor: cached_sampler_r1_7 [1000000]0x1000081db000 7.629 MB
W20240204 10:27:49.970317  8704 IPCTensor.h:369] NewIPCTensor: cached_sampler_r1_8 [1000000]0x10000897e000 7.629 MB
W20240204 10:27:49.970362  8704 IPCTensor.h:369] NewIPCTensor: cached_sampler_r1_9 [1000000]0x100009121000 7.629 MB
W20240204 10:27:49.970413  8704 IPCTensor.h:369] NewIPCTensor: step_r1 [10]0x1000098c4000 80 B 
W20240204 10:27:49.970448  8704 IPCTensor.h:369] NewIPCTensor: circle_buffer_end_r1 [1]0x1000098c6000 8 B 
W20240204 10:27:49.970480  8704 IPCTensor.h:369] NewIPCTensor: circle_buffer_end_cppseen_r1 [1]0x1000098c8000 8 B 
W20240204 10:27:49.970553  8704 IPCTensor.h:369] NewIPCTensor: cached_sampler_r2_0 [1000000]0x1000098ca000 7.629 MB
W20240204 10:27:49.970613  8704 IPCTensor.h:369] NewIPCTensor: cached_sampler_r2_1 [1000000]0x10000a06d000 7.629 MB
W20240204 10:27:49.970669  8704 IPCTensor.h:369] NewIPCTensor: cached_sampler_r2_2 [1000000]0x10000a810000 7.629 MB
W20240204 10:27:49.970721  8704 IPCTensor.h:369] NewIPCTensor: cached_sampler_r2_3 [1000000]0x10000afb3000 7.629 MB
W20240204 10:27:49.970772  8704 IPCTensor.h:369] NewIPCTensor: cached_sampler_r2_4 [1000000]0x10000b756000 7.629 MB
W20240204 10:27:49.970820  8704 IPCTensor.h:369] NewIPCTensor: cached_sampler_r2_5 [1000000]0x10000bef9000 7.629 MB
W20240204 10:27:49.970870  8704 IPCTensor.h:369] NewIPCTensor: cached_sampler_r2_6 [1000000]0x10000c69c000 7.629 MB
W20240204 10:27:49.970912  8704 IPCTensor.h:369] NewIPCTensor: cached_sampler_r2_7 [1000000]0x10000ce3f000 7.629 MB
W20240204 10:27:49.970960  8704 IPCTensor.h:369] NewIPCTensor: cached_sampler_r2_8 [1000000]0x10000d5e2000 7.629 MB
W20240204 10:27:49.971007  8704 IPCTensor.h:369] NewIPCTensor: cached_sampler_r2_9 [1000000]0x10000dd85000 7.629 MB
W20240204 10:27:49.971055  8704 IPCTensor.h:369] NewIPCTensor: step_r2 [10]0x10000e528000 80 B 
W20240204 10:27:49.971089  8704 IPCTensor.h:369] NewIPCTensor: circle_buffer_end_r2 [1]0x10000e52a000 8 B 
W20240204 10:27:49.971128  8704 IPCTensor.h:369] NewIPCTensor: circle_buffer_end_cppseen_r2 [1]0x10000e52c000 8 B 
W20240204 10:27:49.971199  8704 IPCTensor.h:369] NewIPCTensor: cached_sampler_r3_0 [1000000]0x10000e52e000 7.629 MB
W20240204 10:27:49.971248  8704 IPCTensor.h:369] NewIPCTensor: cached_sampler_r3_1 [1000000]0x10000ecd1000 7.629 MB
W20240204 10:27:49.971302  8704 IPCTensor.h:369] NewIPCTensor: cached_sampler_r3_2 [1000000]0x10000f474000 7.629 MB
W20240204 10:27:49.971343  8704 IPCTensor.h:369] NewIPCTensor: cached_sampler_r3_3 [1000000]0x10000fc17000 7.629 MB
W20240204 10:27:49.971385  8704 IPCTensor.h:369] NewIPCTensor: cached_sampler_r3_4 [1000000]0x1000103ba000 7.629 MB
W20240204 10:27:49.971431  8704 IPCTensor.h:369] NewIPCTensor: cached_sampler_r3_5 [1000000]0x100010b5d000 7.629 MB
W20240204 10:27:49.971475  8704 IPCTensor.h:369] NewIPCTensor: cached_sampler_r3_6 [1000000]0x100011300000 7.629 MB
W20240204 10:27:49.971520  8704 IPCTensor.h:369] NewIPCTensor: cached_sampler_r3_7 [1000000]0x100011aa3000 7.629 MB
W20240204 10:27:49.971560  8704 IPCTensor.h:369] NewIPCTensor: cached_sampler_r3_8 [1000000]0x100012246000 7.629 MB
W20240204 10:27:49.971601  8704 IPCTensor.h:369] NewIPCTensor: cached_sampler_r3_9 [1000000]0x1000129e9000 7.629 MB
W20240204 10:27:49.971648  8704 IPCTensor.h:369] NewIPCTensor: step_r3 [10]0x10001318c000 80 B 
W20240204 10:27:49.971683  8704 IPCTensor.h:369] NewIPCTensor: circle_buffer_end_r3 [1]0x10001318e000 8 B 
W20240204 10:27:49.971716  8704 IPCTensor.h:369] NewIPCTensor: circle_buffer_end_cppseen_r3 [1]0x100013190000 8 B 
W20240204 10:27:49.971801  8704 IPCTensor.h:369] NewIPCTensor: cached_sampler_r4_0 [1000000]0x100013192000 7.629 MB
W20240204 10:27:49.971853  8704 IPCTensor.h:369] NewIPCTensor: cached_sampler_r4_1 [1000000]0x100013935000 7.629 MB
W20240204 10:27:49.971894  8704 IPCTensor.h:369] NewIPCTensor: cached_sampler_r4_2 [1000000]0x1000140d8000 7.629 MB
W20240204 10:27:49.971946  8704 IPCTensor.h:369] NewIPCTensor: cached_sampler_r4_3 [1000000]0x10001487b000 7.629 MB
W20240204 10:27:49.971987  8704 IPCTensor.h:369] NewIPCTensor: cached_sampler_r4_4 [1000000]0x10001501e000 7.629 MB
W20240204 10:27:49.972038  8704 IPCTensor.h:369] NewIPCTensor: cached_sampler_r4_5 [1000000]0x1000157c1000 7.629 MB
W20240204 10:27:49.972090  8704 IPCTensor.h:369] NewIPCTensor: cached_sampler_r4_6 [1000000]0x100015f64000 7.629 MB
W20240204 10:27:49.972131  8704 IPCTensor.h:369] NewIPCTensor: cached_sampler_r4_7 [1000000]0x100016707000 7.629 MB
W20240204 10:27:49.972179  8704 IPCTensor.h:369] NewIPCTensor: cached_sampler_r4_8 [1000000]0x100016eaa000 7.629 MB
W20240204 10:27:49.972223  8704 IPCTensor.h:369] NewIPCTensor: cached_sampler_r4_9 [1000000]0x10001764d000 7.629 MB
W20240204 10:27:49.972262  8704 IPCTensor.h:369] NewIPCTensor: step_r4 [10]0x100017df0000 80 B 
W20240204 10:27:49.972297  8704 IPCTensor.h:369] NewIPCTensor: circle_buffer_end_r4 [1]0x100017df2000 8 B 
W20240204 10:27:49.972339  8704 IPCTensor.h:369] NewIPCTensor: circle_buffer_end_cppseen_r4 [1]0x100017df4000 8 B 
W20240204 10:27:49.972420  8704 IPCTensor.h:369] NewIPCTensor: cached_sampler_r5_0 [1000000]0x100017df6000 7.629 MB
W20240204 10:27:49.972478  8704 IPCTensor.h:369] NewIPCTensor: cached_sampler_r5_1 [1000000]0x100018599000 7.629 MB
W20240204 10:27:49.972522  8704 IPCTensor.h:369] NewIPCTensor: cached_sampler_r5_2 [1000000]0x100018d3c000 7.629 MB
W20240204 10:27:49.972574  8704 IPCTensor.h:369] NewIPCTensor: cached_sampler_r5_3 [1000000]0x1000194df000 7.629 MB
W20240204 10:27:49.972615  8704 IPCTensor.h:369] NewIPCTensor: cached_sampler_r5_4 [1000000]0x100019c82000 7.629 MB
W20240204 10:27:49.972663  8704 IPCTensor.h:369] NewIPCTensor: cached_sampler_r5_5 [1000000]0x10001a425000 7.629 MB
W20240204 10:27:49.972708  8704 IPCTensor.h:369] NewIPCTensor: cached_sampler_r5_6 [1000000]0x10001abc8000 7.629 MB
W20240204 10:27:49.972759  8704 IPCTensor.h:369] NewIPCTensor: cached_sampler_r5_7 [1000000]0x10001b36b000 7.629 MB
W20240204 10:27:49.972800  8704 IPCTensor.h:369] NewIPCTensor: cached_sampler_r5_8 [1000000]0x10001bb0e000 7.629 MB
W20240204 10:27:49.972855  8704 IPCTensor.h:369] NewIPCTensor: cached_sampler_r5_9 [1000000]0x10001c2b1000 7.629 MB
W20240204 10:27:49.972903  8704 IPCTensor.h:369] NewIPCTensor: step_r5 [10]0x10001ca54000 80 B 
W20240204 10:27:49.972937  8704 IPCTensor.h:369] NewIPCTensor: circle_buffer_end_r5 [1]0x10001ca56000 8 B 
W20240204 10:27:49.972971  8704 IPCTensor.h:369] NewIPCTensor: circle_buffer_end_cppseen_r5 [1]0x10001ca58000 8 B 
W20240204 10:27:49.973047  8704 IPCTensor.h:369] NewIPCTensor: cached_sampler_r6_0 [1000000]0x10001ca5a000 7.629 MB
W20240204 10:27:49.973100  8704 IPCTensor.h:369] NewIPCTensor: cached_sampler_r6_1 [1000000]0x10001d1fd000 7.629 MB
W20240204 10:27:49.973145  8704 IPCTensor.h:369] NewIPCTensor: cached_sampler_r6_2 [1000000]0x10001d9a0000 7.629 MB
W20240204 10:27:49.973186  8704 IPCTensor.h:369] NewIPCTensor: cached_sampler_r6_3 [1000000]0x10001e143000 7.629 MB
W20240204 10:27:49.973235  8704 IPCTensor.h:369] NewIPCTensor: cached_sampler_r6_4 [1000000]0x10001e8e6000 7.629 MB
W20240204 10:27:49.973289  8704 IPCTensor.h:369] NewIPCTensor: cached_sampler_r6_5 [1000000]0x10001f089000 7.629 MB
W20240204 10:27:49.973342  8704 IPCTensor.h:369] NewIPCTensor: cached_sampler_r6_6 [1000000]0x10001f82c000 7.629 MB
W20240204 10:27:49.973384  8704 IPCTensor.h:369] NewIPCTensor: cached_sampler_r6_7 [1000000]0x10001ffcf000 7.629 MB
W20240204 10:27:49.973438  8704 IPCTensor.h:369] NewIPCTensor: cached_sampler_r6_8 [1000000]0x100020772000 7.629 MB
W20240204 10:27:49.973486  8704 IPCTensor.h:369] NewIPCTensor: cached_sampler_r6_9 [1000000]0x100020f15000 7.629 MB
W20240204 10:27:49.973532  8704 IPCTensor.h:369] NewIPCTensor: step_r6 [10]0x1000216b8000 80 B 
W20240204 10:27:49.973567  8704 IPCTensor.h:369] NewIPCTensor: circle_buffer_end_r6 [1]0x1000216ba000 8 B 
W20240204 10:27:49.973603  8704 IPCTensor.h:369] NewIPCTensor: circle_buffer_end_cppseen_r6 [1]0x1000216bc000 8 B 
W20240204 10:27:49.973682  8704 IPCTensor.h:369] NewIPCTensor: cached_sampler_r7_0 [1000000]0x1000216be000 7.629 MB
W20240204 10:27:49.973733  8704 IPCTensor.h:369] NewIPCTensor: cached_sampler_r7_1 [1000000]0x100021e61000 7.629 MB
W20240204 10:27:49.973778  8704 IPCTensor.h:369] NewIPCTensor: cached_sampler_r7_2 [1000000]0x100022604000 7.629 MB
W20240204 10:27:49.973826  8704 IPCTensor.h:369] NewIPCTensor: cached_sampler_r7_3 [1000000]0x100022da7000 7.629 MB
W20240204 10:27:49.973876  8704 IPCTensor.h:369] NewIPCTensor: cached_sampler_r7_4 [1000000]0x10002354a000 7.629 MB
W20240204 10:27:49.973935  8704 IPCTensor.h:369] NewIPCTensor: cached_sampler_r7_5 [1000000]0x100023ced000 7.629 MB
W20240204 10:27:49.973984  8704 IPCTensor.h:369] NewIPCTensor: cached_sampler_r7_6 [1000000]0x100024490000 7.629 MB
W20240204 10:27:49.974037  8704 IPCTensor.h:369] NewIPCTensor: cached_sampler_r7_7 [1000000]0x100024c33000 7.629 MB
W20240204 10:27:49.974084  8704 IPCTensor.h:369] NewIPCTensor: cached_sampler_r7_8 [1000000]0x1000253d6000 7.629 MB
W20240204 10:27:49.974126  8704 IPCTensor.h:369] NewIPCTensor: cached_sampler_r7_9 [1000000]0x100025b79000 7.629 MB
W20240204 10:27:49.974170  8704 IPCTensor.h:369] NewIPCTensor: step_r7 [10]0x10002631c000 80 B 
W20240204 10:27:49.974205  8704 IPCTensor.h:369] NewIPCTensor: circle_buffer_end_r7 [1]0x10002631e000 8 B 
W20240204 10:27:49.974241  8704 IPCTensor.h:369] NewIPCTensor: circle_buffer_end_cppseen_r7 [1]0x100026320000 8 B 
W20240204 10:27:50.237803  8704 IPCTensor.h:369] NewIPCTensor: full_emb [14951, 400]0x100026322000 22.81 MB
W20240204 10:27:50.328702  8704 IPCTensor.h:369] NewIPCTensor: full_emb_SparseRowWiseAdaGrad_sum [14951]0x1000279f4000 58.4 kB
{0: Graph(num_nodes=8499, num_edges=86694,
      ndata_schemes={'_ID': Scheme(shape=(), dtype=torch.int64), 'inner_node': Scheme(shape=(), dtype=torch.int32), 'part_id': Scheme(shape=(), dtype=torch.int64)}
      edata_schemes={'_ID': Scheme(shape=(), dtype=torch.int64), 'inner_edge': Scheme(shape=(), dtype=torch.int8)}), 1: Graph(num_nodes=6140, num_edges=88951,
      ndata_schemes={'_ID': Scheme(shape=(), dtype=torch.int64), 'inner_node': Scheme(shape=(), dtype=torch.int32), 'part_id': Scheme(shape=(), dtype=torch.int64)}
      edata_schemes={'_ID': Scheme(shape=(), dtype=torch.int64), 'inner_edge': Scheme(shape=(), dtype=torch.int8)}), 2: Graph(num_nodes=8646, num_edges=109741,
      ndata_schemes={'_ID': Scheme(shape=(), dtype=torch.int64), 'inner_node': Scheme(shape=(), dtype=torch.int32), 'part_id': Scheme(shape=(), dtype=torch.int64)}
      edata_schemes={'_ID': Scheme(shape=(), dtype=torch.int64), 'inner_edge': Scheme(shape=(), dtype=torch.int8)}), 3: Graph(num_nodes=8503, num_edges=86907,
      ndata_schemes={'_ID': Scheme(shape=(), dtype=torch.int64), 'inner_node': Scheme(shape=(), dtype=torch.int32), 'part_id': Scheme(shape=(), dtype=torch.int64)}
      edata_schemes={'_ID': Scheme(shape=(), dtype=torch.int64), 'inner_edge': Scheme(shape=(), dtype=torch.int8)}), 4: Graph(num_nodes=10597, num_edges=122217,
      ndata_schemes={'_ID': Scheme(shape=(), dtype=torch.int64), 'inner_node': Scheme(shape=(), dtype=torch.int32), 'part_id': Scheme(shape=(), dtype=torch.int64)}
      edata_schemes={'_ID': Scheme(shape=(), dtype=torch.int64), 'inner_edge': Scheme(shape=(), dtype=torch.int8)}), 5: Graph(num_nodes=8255, num_edges=102550,
      ndata_schemes={'_ID': Scheme(shape=(), dtype=torch.int64), 'inner_node': Scheme(shape=(), dtype=torch.int32), 'part_id': Scheme(shape=(), dtype=torch.int64)}
      edata_schemes={'_ID': Scheme(shape=(), dtype=torch.int64), 'inner_edge': Scheme(shape=(), dtype=torch.int8)}), 6: Graph(num_nodes=7422, num_edges=104094,
      ndata_schemes={'_ID': Scheme(shape=(), dtype=torch.int64), 'inner_node': Scheme(shape=(), dtype=torch.int32), 'part_id': Scheme(shape=(), dtype=torch.int64)}
      edata_schemes={'_ID': Scheme(shape=(), dtype=torch.int64), 'inner_edge': Scheme(shape=(), dtype=torch.int8)}), 7: Graph(num_nodes=7815, num_edges=137832,
      ndata_schemes={'_ID': Scheme(shape=(), dtype=torch.int64), 'inner_node': Scheme(shape=(), dtype=torch.int32), 'part_id': Scheme(shape=(), dtype=torch.int64)}
      edata_schemes={'_ID': Scheme(shape=(), dtype=torch.int64), 'inner_edge': Scheme(shape=(), dtype=torch.int8)})}
MertisPartition: part 0 has 8499 N 86694 E
MertisPartition: part 1 has 6140 N 88951 E
MertisPartition: part 2 has 8646 N 109741 E
MertisPartition: part 3 has 8503 N 86907 E
MertisPartition: part 4 has 10597 N 122217 E
MertisPartition: part 5 has 8255 N 102550 E
MertisPartition: part 6 has 7422 N 104094 E
MertisPartition: part 7 has 7815 N 137832 E
Rank0: cached key size 93
Rank1: cached key size 93
Rank2: cached key size 93
Rank3: cached key size 93
Rank4: cached key size 93
Rank5: cached key size 93
Rank6: cached key size 93
Rank7: cached key size 93
Before renumbering graph:  {'_ID': tensor([    0,    15,    36,  ..., 11946,  9147, 13282]), 'inner_node': tensor([1, 1, 1,  ..., 0, 0, 0], dtype=torch.int32), 'part_id': tensor([0, 0, 0,  ..., 6, 3, 7])}
After renumbering graph:  {'_ID': tensor([  744,  1093,  1613,  ..., 10937,  8058,  6492]), 'inner_node': tensor([1, 1, 1,  ..., 0, 0, 0], dtype=torch.int32), 'part_id': tensor([0, 0, 0,  ..., 6, 3, 7])}
part_g: DGLGraph(num_nodes=8499, num_edges=86694,
         ndata_schemes={'_ID': Scheme(shape=(), dtype=torch.int64)}
         edata_schemes={'tid': Scheme(shape=(), dtype=torch.int64)})
part_g: DGLGraph(num_nodes=8499, num_edges=86694,
         ndata_schemes={'_ID': Scheme(shape=(), dtype=torch.int64)}
         edata_schemes={'tid': Scheme(shape=(), dtype=torch.int64)})
Total initialize time 6.126 seconds
[Rank1] pid = 9290
[Rank2] pid = 9339
[Rank3] pid = 9356
[Rank4] pid = 9482
[Rank5] pid = 9483
[Rank6] pid = 9597
INFO [8704 distributed_c10d.py:442] Added key: store_based_barrier_key:1 to store for rank: 0
INFO [9290 distributed_c10d.py:442] Added key: store_based_barrier_key:1 to store for rank: 1
INFO [9339 distributed_c10d.py:442] Added key: store_based_barrier_key:1 to store for rank: 2
INFO [9356 distributed_c10d.py:442] Added key: store_based_barrier_key:1 to store for rank: 3
INFO [9482 distributed_c10d.py:442] Added key: store_based_barrier_key:1 to store for rank: 4
INFO [9597 distributed_c10d.py:442] Added key: store_based_barrier_key:1 to store for rank: 6
INFO [9483 distributed_c10d.py:442] Added key: store_based_barrier_key:1 to store for rank: 5
INFO [9614 distributed_c10d.py:442] Added key: store_based_barrier_key:1 to store for rank: 7
INFO [9290 distributed_c10d.py:476] Rank 1: Completed store-based barrier for key:store_based_barrier_key:1 with 8 nodes.
INFO [9339 distributed_c10d.py:476] Rank 2: Completed store-based barrier for key:store_based_barrier_key:1 with 8 nodes.
INFO [9356 distributed_c10d.py:476] Rank 3: Completed store-based barrier for key:store_based_barrier_key:1 with 8 nodes.
INFO [9597 distributed_c10d.py:476] Rank 6: Completed store-based barrier for key:store_based_barrier_key:1 with 8 nodes.
INFO [9614 distributed_c10d.py:476] Rank 7: Completed store-based barrier for key:store_based_barrier_key:1 with 8 nodes.
INFO [9482 distributed_c10d.py:476] Rank 4: Completed store-based barrier for key:store_based_barrier_key:1 with 8 nodes.
INFO [9483 distributed_c10d.py:476] Rank 5: Completed store-based barrier for key:store_based_barrier_key:1 with 8 nodes.
INFO [8704 distributed_c10d.py:476] Rank 0: Completed store-based barrier for key:store_based_barrier_key:1 with 8 nodes.
W20240204 10:27:52.947997  9618 IPCTensor.h:409] NewIPCGPUTensor: embedding_cache_0 [747, 400]; dev=0; size=1.14 MB
W20240204 10:27:52.949105  9419 IPCTensor.h:409] NewIPCGPUTensor: embedding_cache_3 [747, 400]; dev=3; size=1.14 MB
W20240204 10:27:52.949210  9291 IPCTensor.h:409] NewIPCGPUTensor: embedding_cache_1 [747, 400]; dev=1; size=1.14 MB
W20240204 10:27:52.949208  9620 IPCTensor.h:409] NewIPCGPUTensor: embedding_cache_7 [747, 400]; dev=7; size=1.14 MB
W20240204 10:27:52.949208  9355 IPCTensor.h:409] NewIPCGPUTensor: embedding_cache_2 [747, 400]; dev=2; size=1.14 MB
W20240204 10:27:52.949220  9619 IPCTensor.h:409] NewIPCGPUTensor: embedding_cache_6 [747, 400]; dev=6; size=1.14 MB
W20240204 10:27:52.949229  9484 IPCTensor.h:409] NewIPCGPUTensor: embedding_cache_5 [747, 400]; dev=5; size=1.14 MB
W20240204 10:27:52.949245  9547 IPCTensor.h:409] NewIPCGPUTensor: embedding_cache_4 [747, 400]; dev=4; size=1.14 MB
W20240204 10:27:52.976410  9619 IPCTensor.h:369] NewIPCTensor: input_keys_6 [1000000]0x100028950000 7.629 MB
W20240204 10:27:52.976406  9620 IPCTensor.h:369] NewIPCTensor: input_keys_7 [1000000]0x1000281ad000 7.629 MB
W20240204 10:27:52.976402  9484 IPCTensor.h:369] NewIPCTensor: input_keys_5 [1000000]0x100027a0a000 7.629 MB
W20240204 10:27:52.976584  9619 IPCTensor.h:369] NewIPCTensor: input_keys_neg_6 [1000000]0x1000290f3000 7.629 MB
W20240204 10:27:52.976599  9620 IPCTensor.h:369] NewIPCTensor: input_keys_neg_7 [1000000]0x100029896000 7.629 MB
W20240204 10:27:52.976624  9484 IPCTensor.h:369] NewIPCTensor: input_keys_neg_5 [1000000]0x10002a039000 7.629 MB
W20240204 10:27:52.976682  9619 IPCTensor.h:369] NewIPCTensor: backward_grads_6 [1000000, 400]0x10002a7dc000 1.49 GB
W20240204 10:27:52.976697  9620 IPCTensor.h:369] NewIPCTensor: backward_grads_7 [1000000, 400]0x100089dbf000 1.49 GB
W20240204 10:27:52.976720  9484 IPCTensor.h:369] NewIPCTensor: backward_grads_5 [1000000, 400]0x1000e93a2000 1.49 GB
W20240204 10:27:52.976766  9620 IPCTensor.h:369] NewIPCTensor: backward_grads_neg_7 [1000000, 400]0x100148985000 1.49 GB
W20240204 10:27:52.976774  9619 IPCTensor.h:369] NewIPCTensor: backward_grads_neg_6 [1000000, 400]0x1001a7f68000 1.49 GB
W20240204 10:27:52.976804  9484 IPCTensor.h:369] NewIPCTensor: backward_grads_neg_5 [1000000, 400]0x10020754b000 1.49 GB
W20240204 10:27:52.976836  9620 IPCTensor.h:409] NewIPCGPUTensor: backward_grads_7_gpu [1000000, 400]; dev=7; size=1.49 GB
W20240204 10:27:52.976843  9619 IPCTensor.h:409] NewIPCGPUTensor: backward_grads_6_gpu [1000000, 400]; dev=6; size=1.49 GB
W20240204 10:27:52.976863  9484 IPCTensor.h:409] NewIPCGPUTensor: backward_grads_5_gpu [1000000, 400]; dev=5; size=1.49 GB
W20240204 10:27:52.982800  9419 IPCTensor.h:369] NewIPCTensor: input_keys_3 [1000000]0x100266b34000 7.629 MB
W20240204 10:27:52.982843  9355 IPCTensor.h:369] NewIPCTensor: input_keys_2 [1000000]0x1002672d9000 7.629 MB
W20240204 10:27:52.982934  9620 IPCTensor.h:409] NewIPCGPUTensor: backward_grads_neg_7_gpu [1000000, 400]; dev=7; size=1.49 GB
W20240204 10:27:52.982954  9419 IPCTensor.h:369] NewIPCTensor: input_keys_neg_3 [1000000]0x100267a7e000 7.629 MB
W20240204 10:27:52.983002  9355 IPCTensor.h:369] NewIPCTensor: input_keys_neg_2 [1000000]0x100268221000 7.629 MB
W20240204 10:27:52.983053  9419 IPCTensor.h:369] NewIPCTensor: backward_grads_3 [1000000, 400]0x1002689c6000 1.49 GB
W20240204 10:27:52.983078  9547 IPCTensor.h:369] NewIPCTensor: input_keys_4 [1000000]0x1002c7fa9000 7.629 MB
W20240204 10:27:52.983095  9355 IPCTensor.h:369] NewIPCTensor: backward_grads_2 [1000000, 400]0x1002c874c000 1.49 GB
W20240204 10:27:52.983108  9291 IPCTensor.h:369] NewIPCTensor: input_keys_1 [1000000]0x100327d2f000 7.629 MB
W20240204 10:27:52.983135  9419 IPCTensor.h:369] NewIPCTensor: backward_grads_neg_3 [1000000, 400]0x1003284d2000 1.49 GB
W20240204 10:27:52.983158  9619 IPCTensor.h:409] NewIPCGPUTensor: backward_grads_neg_6_gpu [1000000, 400]; dev=6; size=1.49 GB
W20240204 10:27:52.983178  9355 IPCTensor.h:369] NewIPCTensor: backward_grads_neg_2 [1000000, 400]0x100387ab5000 1.49 GB
W20240204 10:27:52.983198  9419 IPCTensor.h:409] NewIPCGPUTensor: backward_grads_3_gpu [1000000, 400]; dev=3; size=1.49 GB
W20240204 10:27:52.983230  9355 IPCTensor.h:409] NewIPCGPUTensor: backward_grads_2_gpu [1000000, 400]; dev=2; size=1.49 GB
W20240204 10:27:52.983243  9547 IPCTensor.h:369] NewIPCTensor: input_keys_neg_4 [1000000]0x1003e7098000 7.629 MB
W20240204 10:27:52.983285  9291 IPCTensor.h:369] NewIPCTensor: input_keys_neg_1 [1000000]0x1003e783b000 7.629 MB
W20240204 10:27:52.983361  9291 IPCTensor.h:369] NewIPCTensor: backward_grads_1 [1000000, 400]0x1003e7fde000 1.49 GB
W20240204 10:27:52.983369  9547 IPCTensor.h:369] NewIPCTensor: backward_grads_4 [1000000, 400]0x1004475c1000 1.49 GB
W20240204 10:27:52.983426  9291 IPCTensor.h:369] NewIPCTensor: backward_grads_neg_1 [1000000, 400]0x1004a6ba4000 1.49 GB
W20240204 10:27:52.983460  9547 IPCTensor.h:369] NewIPCTensor: backward_grads_neg_4 [1000000, 400]0x100506187000 1.49 GB
W20240204 10:27:52.983489  9291 IPCTensor.h:409] NewIPCGPUTensor: backward_grads_1_gpu [1000000, 400]; dev=1; size=1.49 GB
W20240204 10:27:52.983517  9547 IPCTensor.h:409] NewIPCGPUTensor: backward_grads_4_gpu [1000000, 400]; dev=4; size=1.49 GB
W20240204 10:27:52.992367  9618 IPCTensor.h:369] NewIPCTensor: input_keys_0 [1000000]0x10056576c000 7.629 MB
W20240204 10:27:52.992472  9618 IPCTensor.h:369] NewIPCTensor: input_keys_neg_0 [1000000]0x100565f0f000 7.629 MB
W20240204 10:27:52.992516  9618 IPCTensor.h:369] NewIPCTensor: backward_grads_0 [1000000, 400]0x1005666b2000 1.49 GB
W20240204 10:27:52.992563  9618 IPCTensor.h:369] NewIPCTensor: backward_grads_neg_0 [1000000, 400]0x1005c5c95000 1.49 GB
W20240204 10:27:52.992599  9618 IPCTensor.h:409] NewIPCGPUTensor: backward_grads_0_gpu [1000000, 400]; dev=0; size=1.49 GB
W20240204 10:27:52.994462  9291 IPCTensor.h:409] NewIPCGPUTensor: backward_grads_neg_1_gpu [1000000, 400]; dev=1; size=1.49 GB
W20240204 10:27:52.994462  9547 IPCTensor.h:409] NewIPCGPUTensor: backward_grads_neg_4_gpu [1000000, 400]; dev=4; size=1.49 GB
W20240204 10:27:52.994474  9419 IPCTensor.h:409] NewIPCGPUTensor: backward_grads_neg_3_gpu [1000000, 400]; dev=3; size=1.49 GB
W20240204 10:27:52.994477  9355 IPCTensor.h:409] NewIPCGPUTensor: backward_grads_neg_2_gpu [1000000, 400]; dev=2; size=1.49 GB
W20240204 10:27:53.002941  9618 IPCTensor.h:409] NewIPCGPUTensor: backward_grads_neg_0_gpu [1000000, 400]; dev=0; size=1.49 GB
W20240204 10:27:53.006673  9484 IPCTensor.h:409] NewIPCGPUTensor: backward_grads_neg_5_gpu [1000000, 400]; dev=5; size=1.49 GB
cudaHostRegister 0x100026322000
2: KnownLocalCachedEmbedding init done
WARNING [9339 DistTensor.py:59] The tensor name already exists in the kvstore
cudaHostRegister 0x100026322000
3: KnownLocalCachedEmbedding init done
WARNING [9356 DistTensor.py:59] The tensor name already exists in the kvstore
cudaHostRegister 0x100026322000
1: KnownLocalCachedEmbedding init done
WARNING [9290 DistTensor.py:59] The tensor name already exists in the kvstore
cudaHostRegister 0x100026322000
5: KnownLocalCachedEmbedding init done
WARNING [9483 DistTensor.py:59] The tensor name already exists in the kvstore
cudaHostRegister 0x100026322000
7: KnownLocalCachedEmbedding init done
WARNING [9614 DistTensor.py:59] The tensor name already exists in the kvstore
cudaHostRegister 0x100026322000
6: KnownLocalCachedEmbedding init done
WARNING [9597 DistTensor.py:59] The tensor name already exists in the kvstore
cudaHostRegister 0x100026322000
4: KnownLocalCachedEmbedding init done
WARNING [9482 DistTensor.py:59] The tensor name already exists in the kvstore
[Rank7] pid = 9614
New CachedEmbedding, name=full_emb, shape=(14951, 400), cache_type=KnownLocalCachedEmbedding
fixed cache_range is [(0, 747), (747, 1494), (1494, 2241), (2241, 2988), (2988, 3735), (3735, 4482), (4482, 5229), (5229, 5976)]
cudaHostRegister 0x100026322000
0: KnownLocalCachedEmbedding init done
WARNING [8704 DistTensor.py:59] The tensor name already exists in the kvstore
I20240204 10:27:55.632182  9618 IPC_barrier.h:118] CreateBarrier: new barrier, name: kgcachecontroller, count: 8
I20240204 10:27:55.633069  9355 IPC_barrier.h:112] CreateBarrier: find existing barrier, name: kgcachecontroller, count: 8
I20240204 10:27:55.633158  9619 IPC_barrier.h:112] CreateBarrier: find existing barrier, name: kgcachecontroller, count: 8
I20240204 10:27:55.633363  9291 IPC_barrier.h:112] CreateBarrier: find existing barrier, name: kgcachecontroller, count: 8
I20240204 10:27:55.633466  9620 IPC_barrier.h:112] CreateBarrier: find existing barrier, name: kgcachecontroller, count: 8
I20240204 10:27:55.633538  9547 IPC_barrier.h:112] CreateBarrier: find existing barrier, name: kgcachecontroller, count: 8
I20240204 10:27:55.633612  9419 IPC_barrier.h:112] CreateBarrier: find existing barrier, name: kgcachecontroller, count: 8
I20240204 10:27:55.633908  9484 IPC_barrier.h:112] CreateBarrier: find existing barrier, name: kgcachecontroller, count: 8
W20240204 10:27:55.636428  9618 grad_base.h:55] KGCacheController, config={
        "num_gpus": 8,
        "L": 10,
        "backgrad_init": "both", 
        "kForwardItersPerStep": 2,
        "clr": 0.01,
        "nr_background_threads": 32,
        "backwardMode": "CppAsync",
        "cache_ratio": 0.05,
        "update_cache_use_omp":  0,
        "update_pq_use_omp":  0
        }
W20240204 10:27:55.636771  9618 grad_base.h:184] Init GradProcessingBase done
I20240204 10:27:55.639216  9618 grad_async_v1.h:203] Use main thread to update emb.
W20240204 10:27:55.639264  9618 kg_controller.h:75] after init GradAsyncProcessing
I20240204 10:27:55.639272  9618 kg_controller.h:84] Construct KGCacheController done
E20240204 10:27:56.421222  9419 recstore.cc:66] init folly done
E20240204 10:27:56.421504  9291 recstore.cc:66] init folly done
E20240204 10:27:56.421540  9619 recstore.cc:66] init folly done
E20240204 10:27:56.421653  9547 recstore.cc:66] init folly done
E20240204 10:27:56.422108  9484 recstore.cc:66] init folly done
E20240204 10:27:56.422148  9618 recstore.cc:66] init folly done
E20240204 10:27:56.422163  9355 recstore.cc:66] init folly done
E20240204 10:27:56.422170  9620 recstore.cc:66] init folly done
I20240204 10:27:56.423343  9618 grad_base.h:60] GraphEnv RegTensorsPerProcess
I20240204 10:27:57.238436  9618 IPC_barrier.h:118] CreateBarrier: new barrier, name: start_barrier, count: 8
I20240204 10:27:57.241719  9419 IPC_barrier.h:112] CreateBarrier: find existing barrier, name: start_barrier, count: 8
I20240204 10:27:57.244367  9291 IPC_barrier.h:112] CreateBarrier: find existing barrier, name: start_barrier, count: 8
I20240204 10:27:57.247000  9484 IPC_barrier.h:112] CreateBarrier: find existing barrier, name: start_barrier, count: 8
I20240204 10:27:57.248313  9619 IPC_barrier.h:112] CreateBarrier: find existing barrier, name: start_barrier, count: 8
I20240204 10:27:57.249435  9355 IPC_barrier.h:112] CreateBarrier: find existing barrier, name: start_barrier, count: 8
I20240204 10:27:57.250829  9620 IPC_barrier.h:112] CreateBarrier: find existing barrier, name: start_barrier, count: 8
I20240204 10:27:57.264899  9547 IPC_barrier.h:112] CreateBarrier: find existing barrier, name: start_barrier, count: 8
W20240204 10:27:59.563078  9618 grad_async_v1.h:429] Sleep in <BlockToStepN>, step_no=1, pq.top=1
E20240204 10:27:59.672605 10338 grad_async_v1.h:533] Stalled in ProcessBackward: rank=2, step_no=1, sample_step_cpp_seen_[rank]=0
W20240204 10:28:00.563020  9618 grad_async_v1.h:429] Sleep in <BlockToStepN>, step_no=15, pq.top=15
+---------------------------+---------------------------+---------------------------+
| Name                      | P50                       | P99                       |
+---------------------------+---------------------------+---------------------------+
| GenInput                  | 995.186 us                | 21.602 ms                 |
| Forward                   | 5.084 ms                  | 612.967 ms                |
| Backward                  | 9.042 ms                  | 213.892 ms                |
| Optimize                  | 2.546 ms                  | 5.496 ms                  |
| BarrierTimeBeforeRank0    | 197.356 us                | 46.744 ms                 |
| AfterBackward             | 25.459 ms                 | 1.417 s                   |
| BlockToStepN              | 44.062 us                 | 162.499 ms                |
| OneStep                   | 51.040 ms                 | 2.342 s                   |
+---------------------------+---------------------------+---------------------------+
+---------------------------+---------------------------+---------------------------+
| Name                      | P50                       | P99                       |
+---------------------------+---------------------------+---------------------------+
| ProcessBack:Shuffle       | 8.026 ms                  | 372.264 ms                |
| ProcessBack:UpdateCache   | 8.812 ms                  | 760.966 ms                |
| ProcessBack:UpsertPq      | 7.292 ms                  | 38.815 ms                 |
| ProcessOneStep            | 27.348 ms                 | 1.416 s                   |
| BlockToStepN              | 527.000 ns                | 644.406 ms                |
+---------------------------+---------------------------+---------------------------+
W20240204 10:28:01.563014  9618 grad_async_v1.h:429] Sleep in <BlockToStepN>, step_no=17, pq.top=17
W20240204 10:28:02.587263  9618 grad_async_v1.h:429] Sleep in <BlockToStepN>, step_no=20, pq.top=20
W20240204 10:28:03.587009  9618 grad_async_v1.h:429] Sleep in <BlockToStepN>, step_no=24, pq.top=24
W20240204 10:28:04.587014  9618 grad_async_v1.h:429] Sleep in <BlockToStepN>, step_no=28, pq.top=28
W20240204 10:28:05.607087  9618 grad_async_v1.h:429] Sleep in <BlockToStepN>, step_no=32, pq.top=32
+---------------------------+---------------------------+---------------------------+
| Name                      | P50                       | P99                       |
+---------------------------+---------------------------+---------------------------+
| GenInput                  | 2.120 ms                  | 21.602 ms                 |
| Forward                   | 5.168 ms                  | 612.967 ms                |
| Backward                  | 9.262 ms                  | 213.892 ms                |
| Optimize                  | 1.973 ms                  | 5.496 ms                  |
| BarrierTimeBeforeRank0    | 55.271 us                 | 46.744 ms                 |
| AfterBackward             | 27.726 ms                 | 1.417 s                   |
| BlockToStepN              | 164.367 ms                | 645.015 ms                |
| OneStep                   | 228.568 ms                | 2.342 s                   |
+---------------------------+---------------------------+---------------------------+
+---------------------------+---------------------------+---------------------------+
| Name                      | P50                       | P99                       |
+---------------------------+---------------------------+---------------------------+
| ProcessBack:Shuffle       | 8.171 ms                  | 335.998 ms                |
| ProcessBack:UpdateCache   | 8.985 ms                  | 759.872 ms                |
| ProcessBack:UpsertPq      | 8.398 ms                  | 37.019 ms                 |
| ProcessOneStep            | 27.695 ms                 | 1.416 s                   |
| BlockToStepN              | 175.015 ms                | 644.406 ms                |
+---------------------------+---------------------------+---------------------------+
W20240204 10:28:06.626428  9618 grad_async_v1.h:429] Sleep in <BlockToStepN>, step_no=36, pq.top=36
W20240204 10:28:07.626011  9618 grad_async_v1.h:429] Sleep in <BlockToStepN>, step_no=39, pq.top=39
W20240204 10:28:08.626015  9618 grad_async_v1.h:429] Sleep in <BlockToStepN>, step_no=43, pq.top=43
W20240204 10:28:09.626005  9618 grad_async_v1.h:429] Sleep in <BlockToStepN>, step_no=47, pq.top=47
+---------------------------+---------------------------+---------------------------+
| Name                      | P50                       | P99                       |
+---------------------------+---------------------------+---------------------------+
| GenInput                  | 2.105 ms                  | 20.173 ms                 |
| Forward                   | 5.353 ms                  | 20.151 ms                 |
| Backward                  | 9.195 ms                  | 213.892 ms                |
| Optimize                  | 1.973 ms                  | 5.496 ms                  |
| BarrierTimeBeforeRank0    | 75.364 us                 | 46.744 ms                 |
| AfterBackward             | 28.236 ms                 | 1.417 s                   |
| BlockToStepN              | 198.448 ms                | 645.015 ms                |
| OneStep                   | 254.217 ms                | 2.342 s                   |
+---------------------------+---------------------------+---------------------------+
W20240204 10:28:10.673388  9618 grad_async_v1.h:429] Sleep in <BlockToStepN>, step_no=51, pq.top=51
+---------------------------+---------------------------+---------------------------+
| Name                      | P50                       | P99                       |
+---------------------------+---------------------------+---------------------------+
| ProcessBack:Shuffle       | 8.132 ms                  | 335.998 ms                |
| ProcessBack:UpdateCache   | 9.128 ms                  | 759.872 ms                |
| ProcessBack:UpsertPq      | 9.084 ms                  | 37.019 ms                 |
| ProcessOneStep            | 28.092 ms                 | 63.959 ms                 |
| BlockToStepN              | 201.422 ms                | 394.055 ms                |
+---------------------------+---------------------------+---------------------------+
W20240204 10:28:11.673007  9618 grad_async_v1.h:429] Sleep in <BlockToStepN>, step_no=54, pq.top=54
W20240204 10:28:12.673009  9618 grad_async_v1.h:429] Sleep in <BlockToStepN>, step_no=58, pq.top=58
W20240204 10:28:13.673020  9618 grad_async_v1.h:429] Sleep in <BlockToStepN>, step_no=61, pq.top=61
W20240204 10:28:14.677999  9618 grad_async_v1.h:429] Sleep in <BlockToStepN>, step_no=65, pq.top=65
+---------------------------+---------------------------+---------------------------+
| Name                      | P50                       | P99                       |
+---------------------------+---------------------------+---------------------------+
| GenInput                  | 2.105 ms                  | 20.173 ms                 |
| Forward                   | 5.191 ms                  | 20.151 ms                 |
| Backward                  | 9.200 ms                  | 15.472 ms                 |
| Optimize                  | 1.919 ms                  | 4.699 ms                  |
| BarrierTimeBeforeRank0    | 55.271 us                 | 7.289 ms                  |
| AfterBackward             | 28.123 ms                 | 64.017 ms                 |
| BlockToStepN              | 212.262 ms                | 394.182 ms                |
| OneStep                   | 264.008 ms                | 704.101 ms                |
+---------------------------+---------------------------+---------------------------+
W20240204 10:28:15.677011  9618 grad_async_v1.h:429] Sleep in <BlockToStepN>, step_no=68, pq.top=68
+---------------------------+---------------------------+---------------------------+
| Name                      | P50                       | P99                       |
+---------------------------+---------------------------+---------------------------+
| ProcessBack:Shuffle       | 8.082 ms                  | 335.998 ms                |
| ProcessBack:UpdateCache   | 9.031 ms                  | 759.872 ms                |
| ProcessBack:UpsertPq      | 9.093 ms                  | 37.019 ms                 |
| ProcessOneStep            | 27.965 ms                 | 63.959 ms                 |
| BlockToStepN              | 212.205 ms                | 394.055 ms                |
+---------------------------+---------------------------+---------------------------+
W20240204 10:28:16.677003  9618 grad_async_v1.h:429] Sleep in <BlockToStepN>, step_no=71, pq.top=71
W20240204 10:28:17.677004  9618 grad_async_v1.h:429] Sleep in <BlockToStepN>, step_no=75, pq.top=75
W20240204 10:28:18.677006  9618 grad_async_v1.h:429] Sleep in <BlockToStepN>, step_no=78, pq.top=78
W20240204 10:28:19.677013  9618 grad_async_v1.h:429] Sleep in <BlockToStepN>, step_no=81, pq.top=81
+---------------------------+---------------------------+---------------------------+
| Name                      | P50                       | P99                       |
+---------------------------+---------------------------+---------------------------+
| GenInput                  | 2.174 ms                  | 20.173 ms                 |
| Forward                   | 5.153 ms                  | 20.151 ms                 |
| Backward                  | 9.193 ms                  | 15.472 ms                 |
| Optimize                  | 1.867 ms                  | 4.699 ms                  |
| BarrierTimeBeforeRank0    | 47.215 us                 | 7.289 ms                  |
| AfterBackward             | 28.019 ms                 | 64.017 ms                 |
| BlockToStepN              | 221.447 ms                | 394.182 ms                |
| OneStep                   | 272.265 ms                | 704.101 ms                |
+---------------------------+---------------------------+---------------------------+
W20240204 10:28:20.678691  9618 grad_async_v1.h:429] Sleep in <BlockToStepN>, step_no=85, pq.top=85
+---------------------------+---------------------------+---------------------------+
| Name                      | P50                       | P99                       |
+---------------------------+---------------------------+---------------------------+
| ProcessBack:Shuffle       | 8.082 ms                  | 15.691 ms                 |
| ProcessBack:UpdateCache   | 8.985 ms                  | 13.532 ms                 |
| ProcessBack:UpsertPq      | 9.118 ms                  | 16.012 ms                 |
| ProcessOneStep            | 28.092 ms                 | 63.959 ms                 |
| BlockToStepN              | 221.574 ms                | 394.055 ms                |
+---------------------------+---------------------------+---------------------------+
W20240204 10:28:21.718180  9618 grad_async_v1.h:429] Sleep in <BlockToStepN>, step_no=88, pq.top=88
W20240204 10:28:22.718006  9618 grad_async_v1.h:429] Sleep in <BlockToStepN>, step_no=91, pq.top=91
W20240204 10:28:23.718012  9618 grad_async_v1.h:429] Sleep in <BlockToStepN>, step_no=94, pq.top=94
W20240204 10:28:24.774098  9618 grad_async_v1.h:429] Sleep in <BlockToStepN>, step_no=98, pq.top=98
+---------------------------+---------------------------+---------------------------+
| Name                      | P50                       | P99                       |
+---------------------------+---------------------------+---------------------------+
| GenInput                  | 2.126 ms                  | 20.173 ms                 |
| Forward                   | 5.130 ms                  | 20.151 ms                 |
| Backward                  | 9.175 ms                  | 15.472 ms                 |
| Optimize                  | 1.863 ms                  | 4.699 ms                  |
| BarrierTimeBeforeRank0    | 46.788 us                 | 7.289 ms                  |
| AfterBackward             | 27.997 ms                 | 64.017 ms                 |
| BlockToStepN              | 229.947 ms                | 394.182 ms                |
| OneStep                   | 280.146 ms                | 704.101 ms                |
+---------------------------+---------------------------+---------------------------+
train_sampler.Prefill()
before start barrier
start train
[proc 4] 100 steps, total: 28.398, sample: 0.336, forward: 1.097, backward: 0.994, update: 0.181
train_sampler.Prefill()
before start barrier
start train
[proc 2] 100 steps, total: 28.414, sample: 0.338, forward: 1.105, backward: 1.043, update: 0.171
train_sampler.Prefill()
before start barrier
start train
[proc 6] 100 steps, total: 28.415, sample: 0.343, forward: 1.093, backward: 0.920, update: 0.176
train_sampler.Prefill()
before start barrier
start train
[proc 1] 100 steps, total: 28.419, sample: 0.358, forward: 1.080, backward: 0.915, update: 0.182
train_sampler.Prefill()
before start barrier
start train
[proc 5] 100 steps, total: 28.416, sample: 0.358, forward: 1.079, backward: 0.677, update: 0.176
train_sampler.Prefill()
before start barrier
start train
[proc 3] 100 steps, total: 28.421, sample: 0.337, forward: 1.095, backward: 0.976, update: 0.179
train_sampler.Prefill()
before start barrier
start train
[proc 7] 100 steps, total: 28.412, sample: 0.339, forward: 1.076, backward: 1.037, update: 0.186
train_sampler.Prefill()
-------Step 0-------
tensor([ 2308,    25,  2964,  2796, 10480, 11671,  1158,   431, 11187, 12771]) tensor([ 1613,  9200,  7120, 10753, 10222,  1056,   584,  5215,   532, 12098])
-------Step 1-------
tensor([ 2308,    25,  2964,  2796, 10480, 11671,  1158,   431, 11187, 12771]) tensor([ 3906, 12431, 14534,  1407,  1006,  7782, 14555, 12049,  5645, 13788])
-------Step 2-------
tensor([ 7859, 11956,  5561,  3353, 10989,  7231,  8882,    29,  9774,   889]) tensor([ 3561,  4414,  4024,  8399,  6050,  9146, 11637,  8177, 14057,  8457])
-------Step 3-------
tensor([ 7859, 11956,  5561,  3353, 10989,  7231,  8882,    29,  9774,   889]) tensor([ 9171,  6950,  6747, 10000,  8296,   706,  4745,  1950, 10836,  1928])
-------Step 4-------
tensor([   25, 12034, 10160,  4664,  5594,  3030,    86,  6078,  6375,  1030]) tensor([ 600, 1162, 4266, 3821, 2912, 2852,  431, 5896, 6273, 1672])
-------Step 5-------
tensor([   25, 12034, 10160,  4664,  5594,  3030,    86,  6078,  6375,  1030]) tensor([10756,  4572,  7121,  1881,  2922,   857,   819,  1267,  6778,  5589])
-------Step 6-------
tensor([ 1590, 10096,     3,    72,  7864,  3019,  8716,  9923, 14323, 11256]) tensor([11956,  2648,  7649,  4176,  8313, 10208,  3847, 10477,  8758, 13846])
-------Step 7-------
tensor([ 1590, 10096,     3,    72,  7864,  3019,  8716,  9923, 14323, 11256]) tensor([11193, 14486,  4254,  6853,  1412,  7907,  8529,  3594,   154, 13623])
-------Step 8-------
tensor([ 3678,  7669,  4750, 10878,    37,    89,  8186, 13501,    14,  1916]) tensor([ 7146,  5809,  5587,  8414,  2681, 12340, 10428,  1477,  9296,  2997])
-------Step 9-------
tensor([ 3678,  7669,  4750, 10878,    37,    89,  8186, 13501,    14,  1916]) tensor([10601,  3387, 11298,  8169, 13022, 14053, 14620, 12049,   671, 14531])
before start barrier
start train
[proc 0] 100 steps, total: 28.425, sample: 0.432, forward: 1.163, backward: 1.120, update: 0.200
W20240204 10:28:25.774008  9618 grad_async_v1.h:429] Sleep in <BlockToStepN>, step_no=101, pq.top=101
+---------------------------+---------------------------+---------------------------+
| Name                      | P50                       | P99                       |
+---------------------------+---------------------------+---------------------------+
| ProcessBack:Shuffle       | 8.152 ms                  | 15.691 ms                 |
| ProcessBack:UpdateCache   | 8.985 ms                  | 13.532 ms                 |
| ProcessBack:UpsertPq      | 9.128 ms                  | 16.012 ms                 |
| ProcessOneStep            | 27.993 ms                 | 63.959 ms                 |
| BlockToStepN              | 229.818 ms                | 394.055 ms                |
+---------------------------+---------------------------+---------------------------+
W20240204 10:28:26.784785  9618 grad_async_v1.h:429] Sleep in <BlockToStepN>, step_no=104, pq.top=104
W20240204 10:28:27.784016  9618 grad_async_v1.h:429] Sleep in <BlockToStepN>, step_no=107, pq.top=107
W20240204 10:28:28.784063  9618 grad_async_v1.h:429] Sleep in <BlockToStepN>, step_no=110, pq.top=110
W20240204 10:28:29.784011  9618 grad_async_v1.h:429] Sleep in <BlockToStepN>, step_no=113, pq.top=113
+---------------------------+---------------------------+---------------------------+
| Name                      | P50                       | P99                       |
+---------------------------+---------------------------+---------------------------+
| GenInput                  | 2.120 ms                  | 20.173 ms                 |
| Forward                   | 5.108 ms                  | 23.777 ms                 |
| Backward                  | 9.103 ms                  | 15.472 ms                 |
| Optimize                  | 1.817 ms                  | 4.699 ms                  |
| BarrierTimeBeforeRank0    | 47.215 us                 | 12.943 ms                 |
| AfterBackward             | 28.040 ms                 | 64.017 ms                 |
| BlockToStepN              | 237.614 ms                | 394.182 ms                |
| OneStep                   | 290.747 ms                | 704.101 ms                |
+---------------------------+---------------------------+---------------------------+
W20240204 10:28:30.784008  9618 grad_async_v1.h:429] Sleep in <BlockToStepN>, step_no=116, pq.top=116
+---------------------------+---------------------------+---------------------------+
| Name                      | P50                       | P99                       |
+---------------------------+---------------------------+---------------------------+
