WARNING: Logging before InitGoogleLogging() is written to STDERR
I20240211 03:01:49.366128 57192 IPC_barrier.h:128] MultiProcessBarrierFactory->ClearIPCMemory()
W20240211 03:01:49.374312 57192 IPCTensor.h:369] NewIPCTensor: full_emb [33762578, 32]0x100000002000 4.025 GB
/data/home/xieminhui/RecStore/src/framework_adapters/torch/python/perf_rec_model.py:152: DeprecationWarning: The 'warn' function is deprecated, use 'warning' instead
  XLOG.warn("After init DistEmbedding")
WARNING [57192 perf_rec_model.py:152] After init DistEmbedding
========== Running Perf with routine <function routine_local_cache_helper at 0x7fe6b83d58a0>==========
Worker 1 pid=60839
Worker 2 pid=60840
Worker 3 pid=60841
Worker 4 pid=60842
Worker 5 pid=60843
Worker 6 pid=60844
INFO [57192 distributed_c10d.py:442] Added key: store_based_barrier_key:1 to store for rank: 0
INFO [60839 distributed_c10d.py:442] Added key: store_based_barrier_key:1 to store for rank: 1
INFO [60840 distributed_c10d.py:442] Added key: store_based_barrier_key:1 to store for rank: 2
INFO [60841 distributed_c10d.py:442] Added key: store_based_barrier_key:1 to store for rank: 3
INFO [60842 distributed_c10d.py:442] Added key: store_based_barrier_key:1 to store for rank: 4
INFO [60843 distributed_c10d.py:442] Added key: store_based_barrier_key:1 to store for rank: 5
INFO [57192 distributed_c10d.py:476] Rank 0: Completed store-based barrier for key:store_based_barrier_key:1 with 8 nodes.
INFO [60844 distributed_c10d.py:442] Added key: store_based_barrier_key:1 to store for rank: 6
INFO [60845 distributed_c10d.py:442] Added key: store_based_barrier_key:1 to store for rank: 7
INFO [60845 distributed_c10d.py:476] Rank 7: Completed store-based barrier for key:store_based_barrier_key:1 with 8 nodes.
E20240211 03:02:07.567952 57192 IPCTensor.h:348] IPCTensor full_emb already exists
INFO [60843 distributed_c10d.py:476] Rank 5: Completed store-based barrier for key:store_based_barrier_key:1 with 8 nodes.
INFO [60844 distributed_c10d.py:476] Rank 6: Completed store-based barrier for key:store_based_barrier_key:1 with 8 nodes.
INFO [60841 distributed_c10d.py:476] Rank 3: Completed store-based barrier for key:store_based_barrier_key:1 with 8 nodes.
INFO [60842 distributed_c10d.py:476] Rank 4: Completed store-based barrier for key:store_based_barrier_key:1 with 8 nodes.
INFO [60840 distributed_c10d.py:476] Rank 2: Completed store-based barrier for key:store_based_barrier_key:1 with 8 nodes.
INFO [60839 distributed_c10d.py:476] Rank 1: Completed store-based barrier for key:store_based_barrier_key:1 with 8 nodes.
E20240211 03:02:07.568869 60845 IPCTensor.h:348] IPCTensor full_emb already exists
E20240211 03:02:07.568918 60844 IPCTensor.h:348] IPCTensor full_emb already exists
E20240211 03:02:07.568934 60843 IPCTensor.h:348] IPCTensor full_emb already exists
E20240211 03:02:07.568984 60841 IPCTensor.h:348] IPCTensor full_emb already exists
E20240211 03:02:07.569036 60842 IPCTensor.h:348] IPCTensor full_emb already exists
E20240211 03:02:07.569123 60840 IPCTensor.h:348] IPCTensor full_emb already exists
E20240211 03:02:07.569126 60839 IPCTensor.h:348] IPCTensor full_emb already exists
W20240211 03:02:26.447868 60839 IPCTensor.h:409] NewIPCGPUTensor: embedding_cache_1 [1688128, 32]; dev=1; size=206.1 MB
W20240211 03:02:26.450033 60845 IPCTensor.h:409] NewIPCGPUTensor: embedding_cache_7 [1688128, 32]; dev=7; size=206.1 MB
W20240211 03:02:26.450767 60841 IPCTensor.h:409] NewIPCGPUTensor: embedding_cache_3 [1688128, 32]; dev=3; size=206.1 MB
W20240211 03:02:26.450923 60843 IPCTensor.h:409] NewIPCGPUTensor: embedding_cache_5 [1688128, 32]; dev=5; size=206.1 MB
W20240211 03:02:26.451254 60840 IPCTensor.h:409] NewIPCGPUTensor: embedding_cache_2 [1688128, 32]; dev=2; size=206.1 MB
W20240211 03:02:26.452955 60842 IPCTensor.h:409] NewIPCGPUTensor: embedding_cache_4 [1688128, 32]; dev=4; size=206.1 MB
W20240211 03:02:26.452951 60844 IPCTensor.h:409] NewIPCGPUTensor: embedding_cache_6 [1688128, 32]; dev=6; size=206.1 MB
W20240211 03:02:26.453158 57192 IPCTensor.h:409] NewIPCGPUTensor: embedding_cache_0 [1688128, 32]; dev=0; size=206.1 MB
W20240211 03:02:27.273723 60840 IPCTensor.h:369] NewIPCTensor: input_keys_2 [1000000]0x10010196e000 7.629 MB
W20240211 03:02:27.273923 60840 IPCTensor.h:369] NewIPCTensor: input_keys_neg_2 [1000000]0x100102111000 7.629 MB
W20240211 03:02:27.274000 60840 IPCTensor.h:369] NewIPCTensor: backward_grads_2 [1000000, 32]0x1001028b4000 122.1 MB
W20240211 03:02:27.274056 60840 IPCTensor.h:369] NewIPCTensor: backward_grads_neg_2 [1000000, 32]0x10010a2c8000 122.1 MB
W20240211 03:02:27.274118 60840 IPCTensor.h:409] NewIPCGPUTensor: backward_grads_2_gpu [1000000, 32]; dev=2; size=122.1 MB
W20240211 03:02:27.274969 60840 IPCTensor.h:409] NewIPCGPUTensor: backward_grads_neg_2_gpu [1000000, 32]; dev=2; size=122.1 MB
W20240211 03:02:27.327636 60845 IPCTensor.h:369] NewIPCTensor: input_keys_7 [1000000]0x100111ce4000 7.629 MB
W20240211 03:02:27.327751 60843 IPCTensor.h:369] NewIPCTensor: input_keys_5 [1000000]0x100112487000 7.629 MB
W20240211 03:02:27.327823 60845 IPCTensor.h:369] NewIPCTensor: input_keys_neg_7 [1000000]0x100112c2a000 7.629 MB
W20240211 03:02:27.327888 60845 IPCTensor.h:369] NewIPCTensor: backward_grads_7 [1000000, 32]0x1001133cd000 122.1 MB
W20240211 03:02:27.327948 60845 IPCTensor.h:369] NewIPCTensor: backward_grads_neg_7 [1000000, 32]0x10011ade1000 122.1 MB
W20240211 03:02:27.327955 60843 IPCTensor.h:369] NewIPCTensor: input_keys_neg_5 [1000000]0x1001227f5000 7.629 MB
W20240211 03:02:27.328006 60845 IPCTensor.h:409] NewIPCGPUTensor: backward_grads_7_gpu [1000000, 32]; dev=7; size=122.1 MB
W20240211 03:02:27.328018 60843 IPCTensor.h:369] NewIPCTensor: backward_grads_5 [1000000, 32]0x100122f98000 122.1 MB
W20240211 03:02:27.328135 60843 IPCTensor.h:369] NewIPCTensor: backward_grads_neg_5 [1000000, 32]0x10012a9ac000 122.1 MB
W20240211 03:02:27.328189 60843 IPCTensor.h:409] NewIPCGPUTensor: backward_grads_5_gpu [1000000, 32]; dev=5; size=122.1 MB
W20240211 03:02:27.329635 60843 IPCTensor.h:409] NewIPCGPUTensor: backward_grads_neg_5_gpu [1000000, 32]; dev=5; size=122.1 MB
W20240211 03:02:27.329624 60845 IPCTensor.h:409] NewIPCGPUTensor: backward_grads_neg_7_gpu [1000000, 32]; dev=7; size=122.1 MB
W20240211 03:02:27.341007 57192 IPCTensor.h:369] NewIPCTensor: input_keys_0 [1000000]0x1001323ca000 7.629 MB
W20240211 03:02:27.341527 57192 IPCTensor.h:369] NewIPCTensor: input_keys_neg_0 [1000000]0x100132b6d000 7.629 MB
W20240211 03:02:27.341610 57192 IPCTensor.h:369] NewIPCTensor: backward_grads_0 [1000000, 32]0x100133310000 122.1 MB
W20240211 03:02:27.341674 57192 IPCTensor.h:369] NewIPCTensor: backward_grads_neg_0 [1000000, 32]0x10013ad24000 122.1 MB
W20240211 03:02:27.341735 57192 IPCTensor.h:409] NewIPCGPUTensor: backward_grads_0_gpu [1000000, 32]; dev=0; size=122.1 MB
W20240211 03:02:27.342458 57192 IPCTensor.h:409] NewIPCGPUTensor: backward_grads_neg_0_gpu [1000000, 32]; dev=0; size=122.1 MB
W20240211 03:02:27.348439 60842 IPCTensor.h:369] NewIPCTensor: input_keys_4 [1000000]0x100142740000 7.629 MB
W20240211 03:02:27.348605 60842 IPCTensor.h:369] NewIPCTensor: input_keys_neg_4 [1000000]0x100142ee3000 7.629 MB
W20240211 03:02:27.348667 60842 IPCTensor.h:369] NewIPCTensor: backward_grads_4 [1000000, 32]0x100143686000 122.1 MB
W20240211 03:02:27.348728 60842 IPCTensor.h:369] NewIPCTensor: backward_grads_neg_4 [1000000, 32]0x10014b09a000 122.1 MB
W20240211 03:02:27.348764 60844 IPCTensor.h:369] NewIPCTensor: input_keys_6 [1000000]0x100152aae000 7.629 MB
W20240211 03:02:27.348798 60842 IPCTensor.h:409] NewIPCGPUTensor: backward_grads_4_gpu [1000000, 32]; dev=4; size=122.1 MB
W20240211 03:02:27.349126 60844 IPCTensor.h:369] NewIPCTensor: input_keys_neg_6 [1000000]0x100153251000 7.629 MB
W20240211 03:02:27.349210 60844 IPCTensor.h:369] NewIPCTensor: backward_grads_6 [1000000, 32]0x1001539f4000 122.1 MB
W20240211 03:02:27.349287 60844 IPCTensor.h:369] NewIPCTensor: backward_grads_neg_6 [1000000, 32]0x10015b40a000 122.1 MB
W20240211 03:02:27.349316 60842 IPCTensor.h:409] NewIPCGPUTensor: backward_grads_neg_4_gpu [1000000, 32]; dev=4; size=122.1 MB
W20240211 03:02:27.349359 60844 IPCTensor.h:409] NewIPCGPUTensor: backward_grads_6_gpu [1000000, 32]; dev=6; size=122.1 MB
W20240211 03:02:27.349982 60844 IPCTensor.h:409] NewIPCGPUTensor: backward_grads_neg_6_gpu [1000000, 32]; dev=6; size=122.1 MB
W20240211 03:02:27.363644 60839 IPCTensor.h:369] NewIPCTensor: input_keys_1 [1000000]0x100162e26000 7.629 MB
W20240211 03:02:27.363781 60839 IPCTensor.h:369] NewIPCTensor: input_keys_neg_1 [1000000]0x1001635c9000 7.629 MB
W20240211 03:02:27.363842 60839 IPCTensor.h:369] NewIPCTensor: backward_grads_1 [1000000, 32]0x100163d6c000 122.1 MB
W20240211 03:02:27.363890 60839 IPCTensor.h:369] NewIPCTensor: backward_grads_neg_1 [1000000, 32]0x10016b780000 122.1 MB
W20240211 03:02:27.363929 60839 IPCTensor.h:409] NewIPCGPUTensor: backward_grads_1_gpu [1000000, 32]; dev=1; size=122.1 MB
W20240211 03:02:27.364382 60839 IPCTensor.h:409] NewIPCGPUTensor: backward_grads_neg_1_gpu [1000000, 32]; dev=1; size=122.1 MB
W20240211 03:02:27.376238 60841 IPCTensor.h:369] NewIPCTensor: input_keys_3 [1000000]0x10017319a000 7.629 MB
W20240211 03:02:27.376371 60841 IPCTensor.h:369] NewIPCTensor: input_keys_neg_3 [1000000]0x10017393d000 7.629 MB
W20240211 03:02:27.376425 60841 IPCTensor.h:369] NewIPCTensor: backward_grads_3 [1000000, 32]0x1001740e0000 122.1 MB
W20240211 03:02:27.376482 60841 IPCTensor.h:369] NewIPCTensor: backward_grads_neg_3 [1000000, 32]0x10017baf4000 122.1 MB
W20240211 03:02:27.376520 60841 IPCTensor.h:409] NewIPCGPUTensor: backward_grads_3_gpu [1000000, 32]; dev=3; size=122.1 MB
W20240211 03:02:27.376879 60841 IPCTensor.h:409] NewIPCGPUTensor: backward_grads_neg_3_gpu [1000000, 32]; dev=3; size=122.1 MB
Worker 7 pid=60845
New CachedEmbedding, name=full_emb, shape=(33762578, 32), cache_type=KnownLocalCachedEmbeddingSoftware
fixed cache_range is [(0, 1688128), (1688128, 3376256), (3376256, 5064384), (5064384, 6752512), (6752512, 8440640), (8440640, 10128768), (10128768, 11816896), (11816896, 13505024)]
cudaHostRegister 0x100000002000
0: KnownLocalCachedEmbedding init done
cudaHostRegister 0x100000002000
7: KnownLocalCachedEmbedding init done
cudaHostRegister 0x100000002000
3: KnownLocalCachedEmbedding init done
cudaHostRegister 0x100000002000
2: KnownLocalCachedEmbedding init done
cudaHostRegister 0x100000002000
6: KnownLocalCachedEmbedding init done
cudaHostRegister 0x100000002000
4: KnownLocalCachedEmbedding init done
cudaHostRegister 0x100000002000
1: KnownLocalCachedEmbedding init done
cudaHostRegister 0x100000002000
5: KnownLocalCachedEmbedding init done
W20240211 03:02:34.989328 57192 IPCTensor.h:369] NewIPCTensor: cached_sampler_r0_0 [1000000]0x10018350c000 7.629 MB
W20240211 03:02:34.989845 57192 IPCTensor.h:369] NewIPCTensor: cached_sampler_r0_1 [1000000]0x100183caf000 7.629 MB
W20240211 03:02:34.989955 57192 IPCTensor.h:369] NewIPCTensor: cached_sampler_r0_2 [1000000]0x100184452000 7.629 MB
W20240211 03:02:34.989990 57192 IPCTensor.h:369] NewIPCTensor: cached_sampler_r0_3 [1000000]0x100184bf5000 7.629 MB
W20240211 03:02:34.990026 57192 IPCTensor.h:369] NewIPCTensor: cached_sampler_r0_4 [1000000]0x100185398000 7.629 MB
W20240211 03:02:34.990156 57192 IPCTensor.h:369] NewIPCTensor: cached_sampler_r0_5 [1000000]0x100185b3b000 7.629 MB
W20240211 03:02:34.990217 57192 IPCTensor.h:369] NewIPCTensor: cached_sampler_r0_6 [1000000]0x1001862de000 7.629 MB
W20240211 03:02:34.990291 57192 IPCTensor.h:369] NewIPCTensor: cached_sampler_r0_7 [1000000]0x100186a81000 7.629 MB
W20240211 03:02:34.990343 57192 IPCTensor.h:369] NewIPCTensor: cached_sampler_r0_8 [1000000]0x100187224000 7.629 MB
W20240211 03:02:34.990404 57192 IPCTensor.h:369] NewIPCTensor: cached_sampler_r0_9 [1000000]0x1001879c7000 7.629 MB
W20240211 03:02:34.990442 57192 IPCTensor.h:369] NewIPCTensor: step_r0 [10]0x10018816a000 80 B 
W20240211 03:02:34.990482 57192 IPCTensor.h:369] NewIPCTensor: circle_buffer_end_r0 [1]0x10018816c000 8 B 
W20240211 03:02:34.990538 57192 IPCTensor.h:369] NewIPCTensor: circle_buffer_end_cppseen_r0 [1]0x10018816e000 8 B 
Dataset:  /home/xieminhui/RecStoreDataset/criteo_binary
Dataset loaded
np.max =  33762577
np.min=  1
Construct RecModelSampler done
Construct KGCacheControllerWrapper done
E20240211 03:02:34.991848 57192 recstore.cc:66] init folly done
W20240211 03:02:35.154736 60842 IPCTensor.h:369] NewIPCTensor: cached_sampler_r4_0 [1000000]0x100188170000 7.629 MB
W20240211 03:02:35.154937 60842 IPCTensor.h:369] NewIPCTensor: cached_sampler_r4_1 [1000000]0x100188913000 7.629 MB
W20240211 03:02:35.154995 60842 IPCTensor.h:369] NewIPCTensor: cached_sampler_r4_2 [1000000]0x1001890b6000 7.629 MB
W20240211 03:02:35.155052 60842 IPCTensor.h:369] NewIPCTensor: cached_sampler_r4_3 [1000000]0x100189859000 7.629 MB
W20240211 03:02:35.155089 60842 IPCTensor.h:369] NewIPCTensor: cached_sampler_r4_4 [1000000]0x100189ffc000 7.629 MB
W20240211 03:02:35.155133 60842 IPCTensor.h:369] NewIPCTensor: cached_sampler_r4_5 [1000000]0x10018a79f000 7.629 MB
W20240211 03:02:35.155179 60842 IPCTensor.h:369] NewIPCTensor: cached_sampler_r4_6 [1000000]0x10018af42000 7.629 MB
W20240211 03:02:35.155241 60842 IPCTensor.h:369] NewIPCTensor: cached_sampler_r4_7 [1000000]0x10018b6e5000 7.629 MB
W20240211 03:02:35.155287 60842 IPCTensor.h:369] NewIPCTensor: cached_sampler_r4_8 [1000000]0x10018be88000 7.629 MB
W20240211 03:02:35.155330 60842 IPCTensor.h:369] NewIPCTensor: cached_sampler_r4_9 [1000000]0x10018c62b000 7.629 MB
W20240211 03:02:35.155375 60842 IPCTensor.h:369] NewIPCTensor: step_r4 [10]0x10018cdce000 80 B 
W20240211 03:02:35.155412 60842 IPCTensor.h:369] NewIPCTensor: circle_buffer_end_r4 [1]0x10018cdd0000 8 B 
W20240211 03:02:35.155444 60842 IPCTensor.h:369] NewIPCTensor: circle_buffer_end_cppseen_r4 [1]0x10018cdd2000 8 B 
Dataset:  /home/xieminhui/RecStoreDataset/criteo_binary
Dataset loaded
np.max =  33762577
np.min=  1
Construct RecModelSampler done
Construct KGCacheControllerWrapper done
E20240211 03:02:35.156021 60842 recstore.cc:66] init folly done
W20240211 03:02:35.172437 60841 IPCTensor.h:369] NewIPCTensor: cached_sampler_r3_0 [1000000]0x10018cdd4000 7.629 MB
W20240211 03:02:35.172633 60841 IPCTensor.h:369] NewIPCTensor: cached_sampler_r3_1 [1000000]0x10018d577000 7.629 MB
W20240211 03:02:35.172700 60841 IPCTensor.h:369] NewIPCTensor: cached_sampler_r3_2 [1000000]0x10018dd1a000 7.629 MB
W20240211 03:02:35.172765 60841 IPCTensor.h:369] NewIPCTensor: cached_sampler_r3_3 [1000000]0x10018e4bd000 7.629 MB
W20240211 03:02:35.172807 60841 IPCTensor.h:369] NewIPCTensor: cached_sampler_r3_4 [1000000]0x10018ec60000 7.629 MB
W20240211 03:02:35.172860 60841 IPCTensor.h:369] NewIPCTensor: cached_sampler_r3_5 [1000000]0x10018f403000 7.629 MB
W20240211 03:02:35.172914 60841 IPCTensor.h:369] NewIPCTensor: cached_sampler_r3_6 [1000000]0x10018fba6000 7.629 MB
W20240211 03:02:35.172988 60841 IPCTensor.h:369] NewIPCTensor: cached_sampler_r3_7 [1000000]0x100190349000 7.629 MB
W20240211 03:02:35.173034 60841 IPCTensor.h:369] NewIPCTensor: cached_sampler_r3_8 [1000000]0x100190aec000 7.629 MB
W20240211 03:02:35.173079 60841 IPCTensor.h:369] NewIPCTensor: cached_sampler_r3_9 [1000000]0x10019128f000 7.629 MB
W20240211 03:02:35.173125 60841 IPCTensor.h:369] NewIPCTensor: step_r3 [10]0x100191a32000 80 B 
W20240211 03:02:35.173182 60841 IPCTensor.h:369] NewIPCTensor: circle_buffer_end_r3 [1]0x100191a34000 8 B 
W20240211 03:02:35.173226 60841 IPCTensor.h:369] NewIPCTensor: circle_buffer_end_cppseen_r3 [1]0x100191a36000 8 B 
Dataset:  /home/xieminhui/RecStoreDataset/criteo_binary
Dataset loaded
np.max =  33762577
np.min=  1
Construct RecModelSampler done
Construct KGCacheControllerWrapper done
E20240211 03:02:35.173825 60841 recstore.cc:66] init folly done
W20240211 03:02:35.180536 60840 IPCTensor.h:369] NewIPCTensor: cached_sampler_r2_0 [1000000]0x100191a38000 7.629 MB
W20240211 03:02:35.181041 60840 IPCTensor.h:369] NewIPCTensor: cached_sampler_r2_1 [1000000]0x1001921db000 7.629 MB
W20240211 03:02:35.181114 60840 IPCTensor.h:369] NewIPCTensor: cached_sampler_r2_2 [1000000]0x10019297e000 7.629 MB
W20240211 03:02:35.181206 60840 IPCTensor.h:369] NewIPCTensor: cached_sampler_r2_3 [1000000]0x100193121000 7.629 MB
W20240211 03:02:35.181255 60840 IPCTensor.h:369] NewIPCTensor: cached_sampler_r2_4 [1000000]0x1001938c4000 7.629 MB
W20240211 03:02:35.181319 60840 IPCTensor.h:369] NewIPCTensor: cached_sampler_r2_5 [1000000]0x100194067000 7.629 MB
W20240211 03:02:35.181394 60840 IPCTensor.h:369] NewIPCTensor: cached_sampler_r2_6 [1000000]0x10019480a000 7.629 MB
W20240211 03:02:35.181491 60840 IPCTensor.h:369] NewIPCTensor: cached_sampler_r2_7 [1000000]0x100194fad000 7.629 MB
W20240211 03:02:35.181541 60840 IPCTensor.h:369] NewIPCTensor: cached_sampler_r2_8 [1000000]0x100195750000 7.629 MB
W20240211 03:02:35.181596 60840 IPCTensor.h:369] NewIPCTensor: cached_sampler_r2_9 [1000000]0x100195ef3000 7.629 MB
W20240211 03:02:35.181645 60840 IPCTensor.h:369] NewIPCTensor: step_r2 [10]0x100196696000 80 B 
W20240211 03:02:35.181690 60840 IPCTensor.h:369] NewIPCTensor: circle_buffer_end_r2 [1]0x100196698000 8 B 
W20240211 03:02:35.181732 60840 IPCTensor.h:369] NewIPCTensor: circle_buffer_end_cppseen_r2 [1]0x10019669a000 8 B 
Dataset:  /home/xieminhui/RecStoreDataset/criteo_binary
Dataset loaded
np.max =  33762577
np.min=  1
Construct RecModelSampler done
Construct KGCacheControllerWrapper done
E20240211 03:02:35.182842 60840 recstore.cc:66] init folly done
W20240211 03:02:35.414019 60839 IPCTensor.h:369] NewIPCTensor: cached_sampler_r1_0 [1000000]0x10019669c000 7.629 MB
W20240211 03:02:35.414245 60839 IPCTensor.h:369] NewIPCTensor: cached_sampler_r1_1 [1000000]0x100196e3f000 7.629 MB
W20240211 03:02:35.414295 60839 IPCTensor.h:369] NewIPCTensor: cached_sampler_r1_2 [1000000]0x1001975e2000 7.629 MB
W20240211 03:02:35.414347 60839 IPCTensor.h:369] NewIPCTensor: cached_sampler_r1_3 [1000000]0x100197d85000 7.629 MB
W20240211 03:02:35.414384 60839 IPCTensor.h:369] NewIPCTensor: cached_sampler_r1_4 [1000000]0x100198528000 7.629 MB
W20240211 03:02:35.414419 60839 IPCTensor.h:369] NewIPCTensor: cached_sampler_r1_5 [1000000]0x100198ccb000 7.629 MB
W20240211 03:02:35.414464 60839 IPCTensor.h:369] NewIPCTensor: cached_sampler_r1_6 [1000000]0x10019946e000 7.629 MB
W20240211 03:02:35.414521 60839 IPCTensor.h:369] NewIPCTensor: cached_sampler_r1_7 [1000000]0x100199c11000 7.629 MB
W20240211 03:02:35.414559 60839 IPCTensor.h:369] NewIPCTensor: cached_sampler_r1_8 [1000000]0x10019a3b4000 7.629 MB
W20240211 03:02:35.414598 60839 IPCTensor.h:369] NewIPCTensor: cached_sampler_r1_9 [1000000]0x10019ab57000 7.629 MB
W20240211 03:02:35.414636 60839 IPCTensor.h:369] NewIPCTensor: step_r1 [10]0x10019b2fa000 80 B 
W20240211 03:02:35.414673 60839 IPCTensor.h:369] NewIPCTensor: circle_buffer_end_r1 [1]0x10019b2fc000 8 B 
W20240211 03:02:35.414705 60839 IPCTensor.h:369] NewIPCTensor: circle_buffer_end_cppseen_r1 [1]0x10019b2fe000 8 B 
Dataset:  /home/xieminhui/RecStoreDataset/criteo_binary
Dataset loaded
np.max =  33762577
np.min=  1
Construct RecModelSampler done
Construct KGCacheControllerWrapper done
E20240211 03:02:35.415226 60839 recstore.cc:66] init folly done
W20240211 03:02:35.616578 60844 IPCTensor.h:369] NewIPCTensor: cached_sampler_r6_0 [1000000]0x10019b300000 7.629 MB
W20240211 03:02:35.616789 60844 IPCTensor.h:369] NewIPCTensor: cached_sampler_r6_1 [1000000]0x10019baa3000 7.629 MB
W20240211 03:02:35.616847 60844 IPCTensor.h:369] NewIPCTensor: cached_sampler_r6_2 [1000000]0x10019c246000 7.629 MB
W20240211 03:02:35.616906 60844 IPCTensor.h:369] NewIPCTensor: cached_sampler_r6_3 [1000000]0x10019c9e9000 7.629 MB
W20240211 03:02:35.616946 60844 IPCTensor.h:369] NewIPCTensor: cached_sampler_r6_4 [1000000]0x10019d18c000 7.629 MB
W20240211 03:02:35.616989 60844 IPCTensor.h:369] NewIPCTensor: cached_sampler_r6_5 [1000000]0x10019d92f000 7.629 MB
W20240211 03:02:35.617061 60844 IPCTensor.h:369] NewIPCTensor: cached_sampler_r6_6 [1000000]0x10019e0d2000 7.629 MB
W20240211 03:02:35.617120 60844 IPCTensor.h:369] NewIPCTensor: cached_sampler_r6_7 [1000000]0x10019e875000 7.629 MB
W20240211 03:02:35.617167 60844 IPCTensor.h:369] NewIPCTensor: cached_sampler_r6_8 [1000000]0x10019f7bb000 7.629 MB
W20240211 03:02:35.617183 60843 IPCTensor.h:369] NewIPCTensor: cached_sampler_r5_0 [1000000]0x10019f018000 7.629 MB
W20240211 03:02:35.617218 60844 IPCTensor.h:369] NewIPCTensor: cached_sampler_r6_9 [1000000]0x10019ff5e000 7.629 MB
W20240211 03:02:35.617293 60844 IPCTensor.h:369] NewIPCTensor: step_r6 [10]0x1001a0701000 80 B 
W20240211 03:02:35.617334 60844 IPCTensor.h:369] NewIPCTensor: circle_buffer_end_r6 [1]0x1001a0703000 8 B 
W20240211 03:02:35.617369 60844 IPCTensor.h:369] NewIPCTensor: circle_buffer_end_cppseen_r6 [1]0x1001a0705000 8 B 
W20240211 03:02:35.617389 60843 IPCTensor.h:369] NewIPCTensor: cached_sampler_r5_1 [1000000]0x1001a0707000 7.629 MB
W20240211 03:02:35.617450 60843 IPCTensor.h:369] NewIPCTensor: cached_sampler_r5_2 [1000000]0x1001a0eaa000 7.629 MB
W20240211 03:02:35.617507 60843 IPCTensor.h:369] NewIPCTensor: cached_sampler_r5_3 [1000000]0x1001a164d000 7.629 MB
W20240211 03:02:35.617559 60843 IPCTensor.h:369] NewIPCTensor: cached_sampler_r5_4 [1000000]0x1001a1df0000 7.629 MB
W20240211 03:02:35.617604 60843 IPCTensor.h:369] NewIPCTensor: cached_sampler_r5_5 [1000000]0x1001a2593000 7.629 MB
Dataset:  /home/xieminhui/RecStoreDataset/criteo_binary
Dataset loaded
np.max =  33762577
np.min=  1
Construct RecModelSampler done
Construct KGCacheControllerWrapper done
W20240211 03:02:35.617657 60843 IPCTensor.h:369] NewIPCTensor: cached_sampler_r5_6 [1000000]0x1001a2d36000 7.629 MB
W20240211 03:02:35.617729 60843 IPCTensor.h:369] NewIPCTensor: cached_sampler_r5_7 [1000000]0x1001a34d9000 7.629 MB
W20240211 03:02:35.617772 60843 IPCTensor.h:369] NewIPCTensor: cached_sampler_r5_8 [1000000]0x1001a3c7c000 7.629 MB
W20240211 03:02:35.617815 60843 IPCTensor.h:369] NewIPCTensor: cached_sampler_r5_9 [1000000]0x1001a441f000 7.629 MB
E20240211 03:02:35.617858 60844 recstore.cc:66] init folly done
W20240211 03:02:35.617861 60843 IPCTensor.h:369] NewIPCTensor: step_r5 [10]0x1001a4bc2000 80 B 
W20240211 03:02:35.617914 60843 IPCTensor.h:369] NewIPCTensor: circle_buffer_end_r5 [1]0x1001a4bc4000 8 B 
W20240211 03:02:35.617946 60843 IPCTensor.h:369] NewIPCTensor: circle_buffer_end_cppseen_r5 [1]0x1001a4bc6000 8 B 
Dataset:  /home/xieminhui/RecStoreDataset/criteo_binary
Dataset loaded
np.max =  33762577
np.min=  1
Construct RecModelSampler done
Construct KGCacheControllerWrapper done
E20240211 03:02:35.618422 60843 recstore.cc:66] init folly done
W20240211 03:02:35.882678 60845 IPCTensor.h:369] NewIPCTensor: cached_sampler_r7_0 [1000000]0x1001a4bc8000 7.629 MB
W20240211 03:02:35.882894 60845 IPCTensor.h:369] NewIPCTensor: cached_sampler_r7_1 [1000000]0x1001a536b000 7.629 MB
W20240211 03:02:35.882969 60845 IPCTensor.h:369] NewIPCTensor: cached_sampler_r7_2 [1000000]0x1001a5b0e000 7.629 MB
W20240211 03:02:35.883037 60845 IPCTensor.h:369] NewIPCTensor: cached_sampler_r7_3 [1000000]0x1001a62b1000 7.629 MB
W20240211 03:02:35.883085 60845 IPCTensor.h:369] NewIPCTensor: cached_sampler_r7_4 [1000000]0x1001a6a54000 7.629 MB
W20240211 03:02:35.883138 60845 IPCTensor.h:369] NewIPCTensor: cached_sampler_r7_5 [1000000]0x1001a71f7000 7.629 MB
W20240211 03:02:35.883193 60845 IPCTensor.h:369] NewIPCTensor: cached_sampler_r7_6 [1000000]0x1001a799a000 7.629 MB
W20240211 03:02:35.883260 60845 IPCTensor.h:369] NewIPCTensor: cached_sampler_r7_7 [1000000]0x1001a813d000 7.629 MB
W20240211 03:02:35.883309 60845 IPCTensor.h:369] NewIPCTensor: cached_sampler_r7_8 [1000000]0x1001a88e0000 7.629 MB
W20240211 03:02:35.883354 60845 IPCTensor.h:369] NewIPCTensor: cached_sampler_r7_9 [1000000]0x1001a9083000 7.629 MB
W20240211 03:02:35.883404 60845 IPCTensor.h:369] NewIPCTensor: step_r7 [10]0x1001a9826000 80 B 
W20240211 03:02:35.883450 60845 IPCTensor.h:369] NewIPCTensor: circle_buffer_end_r7 [1]0x1001a9828000 8 B 
W20240211 03:02:35.883491 60845 IPCTensor.h:369] NewIPCTensor: circle_buffer_end_cppseen_r7 [1]0x1001a982a000 8 B 
Dataset:  /home/xieminhui/RecStoreDataset/criteo_binary
Dataset loaded
np.max =  33762577
np.min=  1
Construct RecModelSampler done
Construct KGCacheControllerWrapper done
E20240211 03:02:35.884030 60845 recstore.cc:66] init folly done
Before Training
I20240211 03:02:36.745368 60845 IPC_barrier.h:118] CreateBarrier: new barrier, name: start_barrier, count: 8
Before Training
Before Training
Before Training
Before Training
Before Training
Before Training
Before Training
I20240211 03:02:36.745621 60843 IPC_barrier.h:112] CreateBarrier: find existing barrier, name: start_barrier, count: 8
I20240211 03:02:36.745661 57192 IPC_barrier.h:112] CreateBarrier: find existing barrier, name: start_barrier, count: 8
I20240211 03:02:36.745685 60842 IPC_barrier.h:112] CreateBarrier: find existing barrier, name: start_barrier, count: 8
I20240211 03:02:36.745710 60841 IPC_barrier.h:112] CreateBarrier: find existing barrier, name: start_barrier, count: 8
I20240211 03:02:36.745733 60839 IPC_barrier.h:112] CreateBarrier: find existing barrier, name: start_barrier, count: 8
I20240211 03:02:36.745755 60844 IPC_barrier.h:112] CreateBarrier: find existing barrier, name: start_barrier, count: 8
I20240211 03:02:36.745775 60840 IPC_barrier.h:112] CreateBarrier: find existing barrier, name: start_barrier, count: 8
========== Step 0 ========== 
+---------------------------+---------------------------+---------------------------+
| Name                      | P50                       | P99                       |
+---------------------------+---------------------------+---------------------------+
| GenInput:CircleBuffer     | 127.683 us                | 127.683 us                |
| GenInput                  | 286.601 us                | 286.601 us                |
| bucket keys               | 60.233 ms                 | 60.233 ms                 |
| forward: join             | 38.590 ms                 | 38.590 ms                 |
| NN                        | 196.699 ms                | 196.699 ms                |
| Forward                   | 404.369 ms                | 404.369 ms                |
| back: bucket keys         | 586.309 us                | 586.309 us                |
+---------------------------+---------------------------+---------------------------+
+---------------------------+---------------------------+---------------------------+
| Name                      | P50                       | P99                       |
+---------------------------+---------------------------+---------------------------+
| GenInput:CircleBuffer     | 127.683 us                | 127.683 us                |
| GenInput                  | 286.601 us                | 286.601 us                |
| bucket keys               | 60.233 ms                 | 60.233 ms                 |
| forward: join             | 38.590 ms                 | 38.590 ms                 |
| NN                        | 196.699 ms                | 196.699 ms                |
| Forward                   | 404.369 ms                | 404.369 ms                |
| back: bucket keys         | 586.309 us                | 586.309 us                |
+---------------------------+---------------------------+---------------------------+
+---------------------------+---------------------------+---------------------------+
| Name                      | P50                       | P99                       |
+---------------------------+---------------------------+---------------------------+
| GenInput:CircleBuffer     | 127.683 us                | 127.683 us                |
| GenInput                  | 286.601 us                | 286.601 us                |
| bucket keys               | 60.233 ms                 | 60.233 ms                 |
| forward: join             | 38.590 ms                 | 38.590 ms                 |
| NN                        | 196.699 ms                | 196.699 ms                |
| Forward                   | 404.369 ms                | 404.369 ms                |
| back: bucket keys         | 586.309 us                | 586.309 us                |
+---------------------------+---------------------------+---------------------------+
+---------------------------+---------------------------+---------------------------+
| Name                      | P50                       | P99                       |
+---------------------------+---------------------------+---------------------------+
| GenInput:CircleBuffer     | 127.683 us                | 127.683 us                |
| GenInput                  | 286.601 us                | 286.601 us                |
| bucket keys               | 60.233 ms                 | 60.233 ms                 |
| forward: join             | 38.590 ms                 | 38.590 ms                 |
| NN                        | 196.699 ms                | 196.699 ms                |
| Forward                   | 404.369 ms                | 404.369 ms                |
| back: bucket keys         | 586.309 us                | 586.309 us                |
+---------------------------+---------------------------+---------------------------+
+---------------------------+---------------------------+---------------------------+
| Name                      | P50                       | P99                       |
+---------------------------+---------------------------+---------------------------+
| GenInput:CircleBuffer     | 127.683 us                | 127.683 us                |
| GenInput                  | 286.601 us                | 286.601 us                |
| bucket keys               | 60.233 ms                 | 60.233 ms                 |
| forward: join             | 38.590 ms                 | 38.590 ms                 |
| NN                        | 196.699 ms                | 196.699 ms                |
| Forward                   | 404.369 ms                | 404.369 ms                |
| back: bucket keys         | 586.309 us                | 586.309 us                |
+---------------------------+---------------------------+---------------------------+
+---------------------------+---------------------------+---------------------------+
| Name                      | P50                       | P99                       |
+---------------------------+---------------------------+---------------------------+
| GenInput:CircleBuffer     | 127.683 us                | 127.683 us                |
| GenInput                  | 286.601 us                | 286.601 us                |
| bucket keys               | 60.233 ms                 | 60.233 ms                 |
| forward: join             | 38.590 ms                 | 38.590 ms                 |
| NN                        | 196.699 ms                | 196.699 ms                |
| Forward                   | 404.369 ms                | 404.369 ms                |
| back: bucket keys         | 586.309 us                | 586.309 us                |
+---------------------------+---------------------------+---------------------------+
+---------------------------+---------------------------+---------------------------+
| Name                      | P50                       | P99                       |
+---------------------------+---------------------------+---------------------------+
| GenInput:CircleBuffer     | 127.683 us                | 127.683 us                |
| GenInput                  | 286.601 us                | 286.601 us                |
| bucket keys               | 60.233 ms                 | 60.233 ms                 |
| forward: join             | 38.590 ms                 | 38.590 ms                 |
| NN                        | 196.699 ms                | 196.699 ms                |
| Forward                   | 404.369 ms                | 404.369 ms                |
| back: bucket keys         | 586.309 us                | 586.309 us                |
+---------------------------+---------------------------+---------------------------+
+---------------------------+---------------------------+---------------------------+
| Name                      | P50                       | P99                       |
+---------------------------+---------------------------+---------------------------+
| GenInput:CircleBuffer     | 127.683 us                | 127.683 us                |
| GenInput                  | 286.601 us                | 286.601 us                |
| bucket keys               | 60.233 ms                 | 60.233 ms                 |
| forward: join             | 38.590 ms                 | 38.590 ms                 |
| NN                        | 196.699 ms                | 196.699 ms                |
| Forward                   | 404.369 ms                | 404.369 ms                |
| back: bucket keys         | 586.309 us                | 586.309 us                |
+---------------------------+---------------------------+---------------------------+
+---------------------------+---------------------------+---------------------------+
| Name                      | P50                       | P99                       |
+---------------------------+---------------------------+---------------------------+
| GenInput:CircleBuffer     | 127.683 us                | 127.683 us                |
| GenInput                  | 286.601 us                | 286.601 us                |
| bucket keys               | 60.233 ms                 | 60.233 ms                 |
| forward: join             | 38.590 ms                 | 38.590 ms                 |
| NN                        | 196.699 ms                | 196.699 ms                |
| Forward                   | 404.369 ms                | 404.369 ms                |
| back: bucket keys         | 586.309 us                | 586.309 us                |
+---------------------------+---------------------------+---------------------------+
+---------------------------+---------------------------+---------------------------+
| Name                      | P50                       | P99                       |
+---------------------------+---------------------------+---------------------------+
| GenInput:CircleBuffer     | 127.683 us                | 127.683 us                |
| GenInput                  | 286.601 us                | 286.601 us                |
| bucket keys               | 60.233 ms                 | 60.233 ms                 |
| forward: join             | 38.590 ms                 | 38.590 ms                 |
| NN                        | 196.699 ms                | 196.699 ms                |
| Forward                   | 404.369 ms                | 404.369 ms                |
| back: bucket keys         | 586.309 us                | 586.309 us                |
+---------------------------+---------------------------+---------------------------+
+---------------------------+---------------------------+---------------------------+
| Name                      | P50                       | P99                       |
+---------------------------+---------------------------+---------------------------+
| GenInput:CircleBuffer     | 127.683 us                | 127.683 us                |
| GenInput                  | 286.601 us                | 286.601 us                |
| bucket keys               | 60.233 ms                 | 60.233 ms                 |
| forward: join             | 38.590 ms                 | 38.590 ms                 |
| NN                        | 196.699 ms                | 196.699 ms                |
| Forward                   | 404.369 ms                | 404.369 ms                |
| back: bucket keys         | 586.309 us                | 586.309 us                |
| back: a2a                 | 51.897 s                  | 51.897 s                  |
| back: cache               | 52.161 ms                 | 52.161 ms                 |
+---------------------------+---------------------------+---------------------------+
========== Step 1 ========== 
INFO [57192 distributed.py:1140] Reducer buckets have been rebuilt in this iteration.
INFO [60840 distributed.py:1140] Reducer buckets have been rebuilt in this iteration.
INFO [60841 distributed.py:1140] Reducer buckets have been rebuilt in this iteration.
INFO [60839 distributed.py:1140] Reducer buckets have been rebuilt in this iteration.
INFO [60844 distributed.py:1140] Reducer buckets have been rebuilt in this iteration.
INFO [60843 distributed.py:1140] Reducer buckets have been rebuilt in this iteration.
INFO [60845 distributed.py:1140] Reducer buckets have been rebuilt in this iteration.
INFO [60842 distributed.py:1140] Reducer buckets have been rebuilt in this iteration.
========== Step 2 ========== 
========== Step 3 ========== 
========== Step 4 ========== 
========== Step 5 ========== 
========== Step 6 ========== 
========== Step 7 ========== 
========== Step 8 ========== 
========== Step 9 ========== 
========== Step 10 ========== 
========== Step 11 ========== 
========== Step 12 ========== 
========== Step 13 ========== 
========== Step 14 ========== 
========== Step 15 ========== 
========== Step 16 ========== 
========== Step 17 ========== 
========== Step 18 ========== 
========== Step 19 ========== 
========== Step 20 ========== 
========== Step 21 ========== 
========== Step 22 ========== 
========== Step 23 ========== 
========== Step 24 ========== 
========== Step 25 ========== 
========== Step 26 ========== 
========== Step 27 ========== 
========== Step 28 ========== 
========== Step 29 ========== 
+---------------------------+---------------------------+---------------------------+
| Name                      | P50                       | P99                       |
+---------------------------+---------------------------+---------------------------+
| GenInput:CircleBuffer     | 130.674 us                | 725.393 us                |
| GenInput                  | 432.208 us                | 4.085 ms                  |
| bucket keys               | 482.166 us                | 61.694 ms                 |
| forward: join             | 74.529 ms                 | 100.469 ms                |
| NN                        | 1.083 ms                  | 196.699 ms                |
| Forward                   | 82.279 ms                 | 404.369 ms                |
| back: bucket keys         | 425.839 us                | 771.259 us                |
| back: a2a                 | 23.241 ms                 | 51.897 s                  |
| back: cache               | 22.753 ms                 | 72.762 ms                 |
| back: aggr dram keys      | 13.752 ms                 | 876.542 ms                |
| back: set dram grad       | 536.218 us                | 1.047 ms                  |
| Backward                  | 65.103 ms                 | 52.913 s                  |
| Optimize                  | 16.483 ms                 | 136.920 ms                |
| OneStep                   | 162.642 ms                | 53.457 s                  |
+---------------------------+---------------------------+---------------------------+
========== Step 30 ========== 
========== Step 31 ========== 
========== Step 32 ========== 
========== Step 33 ========== 
========== Step 34 ========== 
========== Step 35 ========== 
========== Step 36 ========== 
========== Step 37 ========== 
========== Step 38 ========== 
========== Step 39 ========== 
Successfully xmh
