WARNING: Logging before InitGoogleLogging() is written to STDERR
I20240123 02:47:12.854668 31963 IPC_barrier.h:128] MultiProcessBarrierFactory->ClearIPCMemory()
/home/xieminhui/RecStore/src/framework_adapters/torch/kg/dgl-0.9.1/python/dgl/_deprecate/graph.py:1023: DGLWarning: multigraph will be deprecated.DGL will treat all graphs as multigraph in the future.
  dgl_warning("multigraph will be deprecated." \
/home/xieminhui/RecStore/src/framework_adapters/torch/kg/dgl-0.9.1/python/dgl/heterograph.py:72: DGLWarning: Recommend creating graphs by `dgl.graph(data)` instead of `dgl.DGLGraph(data)`.
  dgl_warning('Recommend creating graphs by `dgl.graph(data)`'
Reading train triples....
Finished. Read 483142 train triples.
Reading valid triples....
Finished. Read 50000 valid triples.
Reading test triples....
Finished. Read 59071 test triples.
ARGS:  Namespace(model_name='TransE', data_path='/home/xieminhui/dgl-data', dataset='FB15k', format='built_in', data_files=None, delimiter='\t', save_path='/tmp/ckpts/TransE_FB15k_70', no_save_emb=True, max_step=500, batch_size=1200, batch_size_eval=16, neg_sample_size=200, neg_deg_sample=False, neg_deg_sample_eval=False, neg_sample_size_eval=14951, eval_percent=1, no_eval_filter=False, log_interval=100, eval_interval=10000, test=False, num_proc=8, num_thread=1, force_sync_interval=1, hidden_dim=400, lr=0.01, gamma=16.0, double_ent=False, double_rel=False, neg_adversarial_sampling=False, adversarial_temperature=1.0, regularization_coef=0.0, regularization_norm=3, pairwise=False, loss_genre='Logsigmoid', margin=1.0, nr_gpus=8, gpu=[0, 1, 2, 3, 4, 5, 6, 7], mix_cpu_gpu=True, valid=False, rel_part=False, async_update=None, has_edge_importance=False, cached_emb_type='KnownLocalCachedEmbedding', use_my_emb=True, cache_ratio=0.05, shuffle=False, backwardMode='CppAsyncV2', L=10, kForwardItersPerStep=2, backgrad_init='both', eval_filter=True, soft_rel_part=False)
|Train|: 483142
original graph:  DGLGraph(num_nodes=14951, num_edges=592213,
         ndata_schemes={}
         edata_schemes={'tid': Scheme(shape=(), dtype=torch.int64)})
Loading cached metis
WARNING [31963 sampler.py:454] Start PreSampling
WARNING [31963 sampler.py:532] Before construct renumbering_dict
WARNING [31963 sampler.py:555] PreSampling done
W20240123 02:47:16.077220 31963 IPCTensor.h:367] NewIPCTensor: cached_sampler_r0_0 [100000]0x100000002000
W20240123 02:47:16.077395 31963 IPCTensor.h:367] NewIPCTensor: cached_sampler_r0_1 [100000]0x1000000c7000
W20240123 02:47:16.077427 31963 IPCTensor.h:367] NewIPCTensor: cached_sampler_r0_2 [100000]0x10000018c000
W20240123 02:47:16.077453 31963 IPCTensor.h:367] NewIPCTensor: cached_sampler_r0_3 [100000]0x100000251000
W20240123 02:47:16.077490 31963 IPCTensor.h:367] NewIPCTensor: cached_sampler_r0_4 [100000]0x100000316000
W20240123 02:47:16.077513 31963 IPCTensor.h:367] NewIPCTensor: cached_sampler_r0_5 [100000]0x1000003db000
W20240123 02:47:16.077546 31963 IPCTensor.h:367] NewIPCTensor: cached_sampler_r0_6 [100000]0x1000004a0000
W20240123 02:47:16.077585 31963 IPCTensor.h:367] NewIPCTensor: cached_sampler_r0_7 [100000]0x100000565000
W20240123 02:47:16.077613 31963 IPCTensor.h:367] NewIPCTensor: cached_sampler_r0_8 [100000]0x10000062a000
W20240123 02:47:16.077644 31963 IPCTensor.h:367] NewIPCTensor: cached_sampler_r0_9 [100000]0x1000006ef000
W20240123 02:47:16.077674 31963 IPCTensor.h:367] NewIPCTensor: step_r0 [10]0x1000007b4000
W20240123 02:47:16.077697 31963 IPCTensor.h:367] NewIPCTensor: circle_buffer_end_r0 [1]0x1000007b6000
W20240123 02:47:16.077715 31963 IPCTensor.h:367] NewIPCTensor: circle_buffer_end_cppseen_r0 [1]0x1000007b8000
W20240123 02:47:16.077832 31963 IPCTensor.h:367] NewIPCTensor: cached_sampler_r1_0 [100000]0x1000007ba000
W20240123 02:47:16.077867 31963 IPCTensor.h:367] NewIPCTensor: cached_sampler_r1_1 [100000]0x10000087f000
W20240123 02:47:16.077888 31963 IPCTensor.h:367] NewIPCTensor: cached_sampler_r1_2 [100000]0x100000944000
W20240123 02:47:16.077908 31963 IPCTensor.h:367] NewIPCTensor: cached_sampler_r1_3 [100000]0x100000a09000
W20240123 02:47:16.077935 31963 IPCTensor.h:367] NewIPCTensor: cached_sampler_r1_4 [100000]0x100000ace000
W20240123 02:47:16.077971 31963 IPCTensor.h:367] NewIPCTensor: cached_sampler_r1_5 [100000]0x100000b93000
W20240123 02:47:16.078002 31963 IPCTensor.h:367] NewIPCTensor: cached_sampler_r1_6 [100000]0x100000c58000
W20240123 02:47:16.078028 31963 IPCTensor.h:367] NewIPCTensor: cached_sampler_r1_7 [100000]0x100000d1d000
W20240123 02:47:16.078063 31963 IPCTensor.h:367] NewIPCTensor: cached_sampler_r1_8 [100000]0x100000de2000
W20240123 02:47:16.078091 31963 IPCTensor.h:367] NewIPCTensor: cached_sampler_r1_9 [100000]0x100000ea7000
W20240123 02:47:16.078112 31963 IPCTensor.h:367] NewIPCTensor: step_r1 [10]0x100000f6c000
W20240123 02:47:16.078130 31963 IPCTensor.h:367] NewIPCTensor: circle_buffer_end_r1 [1]0x100000f6e000
W20240123 02:47:16.078152 31963 IPCTensor.h:367] NewIPCTensor: circle_buffer_end_cppseen_r1 [1]0x100000f70000
W20240123 02:47:16.078200 31963 IPCTensor.h:367] NewIPCTensor: cached_sampler_r2_0 [100000]0x100000f72000
W20240123 02:47:16.078227 31963 IPCTensor.h:367] NewIPCTensor: cached_sampler_r2_1 [100000]0x100001037000
W20240123 02:47:16.078253 31963 IPCTensor.h:367] NewIPCTensor: cached_sampler_r2_2 [100000]0x1000010fc000
W20240123 02:47:16.078279 31963 IPCTensor.h:367] NewIPCTensor: cached_sampler_r2_3 [100000]0x1000011c1000
W20240123 02:47:16.078306 31963 IPCTensor.h:367] NewIPCTensor: cached_sampler_r2_4 [100000]0x100001286000
W20240123 02:47:16.078336 31963 IPCTensor.h:367] NewIPCTensor: cached_sampler_r2_5 [100000]0x10000134b000
W20240123 02:47:16.078366 31963 IPCTensor.h:367] NewIPCTensor: cached_sampler_r2_6 [100000]0x100001410000
W20240123 02:47:16.078388 31963 IPCTensor.h:367] NewIPCTensor: cached_sampler_r2_7 [100000]0x1000014d5000
W20240123 02:47:16.078411 31963 IPCTensor.h:367] NewIPCTensor: cached_sampler_r2_8 [100000]0x10000159a000
W20240123 02:47:16.078436 31963 IPCTensor.h:367] NewIPCTensor: cached_sampler_r2_9 [100000]0x10000165f000
W20240123 02:47:16.078456 31963 IPCTensor.h:367] NewIPCTensor: step_r2 [10]0x100001724000
W20240123 02:47:16.078473 31963 IPCTensor.h:367] NewIPCTensor: circle_buffer_end_r2 [1]0x100001726000
W20240123 02:47:16.078490 31963 IPCTensor.h:367] NewIPCTensor: circle_buffer_end_cppseen_r2 [1]0x100001728000
W20240123 02:47:16.078539 31963 IPCTensor.h:367] NewIPCTensor: cached_sampler_r3_0 [100000]0x10000172a000
W20240123 02:47:16.078572 31963 IPCTensor.h:367] NewIPCTensor: cached_sampler_r3_1 [100000]0x1000017ef000
W20240123 02:47:16.078595 31963 IPCTensor.h:367] NewIPCTensor: cached_sampler_r3_2 [100000]0x1000018b4000
W20240123 02:47:16.078616 31963 IPCTensor.h:367] NewIPCTensor: cached_sampler_r3_3 [100000]0x100001979000
W20240123 02:47:16.078637 31963 IPCTensor.h:367] NewIPCTensor: cached_sampler_r3_4 [100000]0x100001a3e000
W20240123 02:47:16.078660 31963 IPCTensor.h:367] NewIPCTensor: cached_sampler_r3_5 [100000]0x100001b03000
W20240123 02:47:16.078687 31963 IPCTensor.h:367] NewIPCTensor: cached_sampler_r3_6 [100000]0x100001bc8000
W20240123 02:47:16.078714 31963 IPCTensor.h:367] NewIPCTensor: cached_sampler_r3_7 [100000]0x100001c8d000
W20240123 02:47:16.078740 31963 IPCTensor.h:367] NewIPCTensor: cached_sampler_r3_8 [100000]0x100001d52000
W20240123 02:47:16.078769 31963 IPCTensor.h:367] NewIPCTensor: cached_sampler_r3_9 [100000]0x100001e17000
W20240123 02:47:16.078794 31963 IPCTensor.h:367] NewIPCTensor: step_r3 [10]0x100001edc000
W20240123 02:47:16.078814 31963 IPCTensor.h:367] NewIPCTensor: circle_buffer_end_r3 [1]0x100001ede000
W20240123 02:47:16.078836 31963 IPCTensor.h:367] NewIPCTensor: circle_buffer_end_cppseen_r3 [1]0x100001ee0000
W20240123 02:47:16.078878 31963 IPCTensor.h:367] NewIPCTensor: cached_sampler_r4_0 [100000]0x100001ee2000
W20240123 02:47:16.078909 31963 IPCTensor.h:367] NewIPCTensor: cached_sampler_r4_1 [100000]0x100001fa7000
W20240123 02:47:16.078930 31963 IPCTensor.h:367] NewIPCTensor: cached_sampler_r4_2 [100000]0x10000206c000
W20240123 02:47:16.078953 31963 IPCTensor.h:367] NewIPCTensor: cached_sampler_r4_3 [100000]0x100002131000
W20240123 02:47:16.078972 31963 IPCTensor.h:367] NewIPCTensor: cached_sampler_r4_4 [100000]0x1000021f6000
W20240123 02:47:16.079003 31963 IPCTensor.h:367] NewIPCTensor: cached_sampler_r4_5 [100000]0x1000022bb000
W20240123 02:47:16.079027 31963 IPCTensor.h:367] NewIPCTensor: cached_sampler_r4_6 [100000]0x100002380000
W20240123 02:47:16.079058 31963 IPCTensor.h:367] NewIPCTensor: cached_sampler_r4_7 [100000]0x100002445000
W20240123 02:47:16.079083 31963 IPCTensor.h:367] NewIPCTensor: cached_sampler_r4_8 [100000]0x10000250a000
W20240123 02:47:16.079113 31963 IPCTensor.h:367] NewIPCTensor: cached_sampler_r4_9 [100000]0x1000025cf000
W20240123 02:47:16.079138 31963 IPCTensor.h:367] NewIPCTensor: step_r4 [10]0x100002694000
W20240123 02:47:16.079155 31963 IPCTensor.h:367] NewIPCTensor: circle_buffer_end_r4 [1]0x100002696000
W20240123 02:47:16.079172 31963 IPCTensor.h:367] NewIPCTensor: circle_buffer_end_cppseen_r4 [1]0x100002698000
W20240123 02:47:16.079213 31963 IPCTensor.h:367] NewIPCTensor: cached_sampler_r5_0 [100000]0x10000269a000
W20240123 02:47:16.079243 31963 IPCTensor.h:367] NewIPCTensor: cached_sampler_r5_1 [100000]0x10000275f000
W20240123 02:47:16.079264 31963 IPCTensor.h:367] NewIPCTensor: cached_sampler_r5_2 [100000]0x100002824000
W20240123 02:47:16.079296 31963 IPCTensor.h:367] NewIPCTensor: cached_sampler_r5_3 [100000]0x1000028e9000
W20240123 02:47:16.079319 31963 IPCTensor.h:367] NewIPCTensor: cached_sampler_r5_4 [100000]0x1000029ae000
W20240123 02:47:16.079349 31963 IPCTensor.h:367] NewIPCTensor: cached_sampler_r5_5 [100000]0x100002a73000
W20240123 02:47:16.079376 31963 IPCTensor.h:367] NewIPCTensor: cached_sampler_r5_6 [100000]0x100002b38000
W20240123 02:47:16.079406 31963 IPCTensor.h:367] NewIPCTensor: cached_sampler_r5_7 [100000]0x100002bfd000
W20240123 02:47:16.079433 31963 IPCTensor.h:367] NewIPCTensor: cached_sampler_r5_8 [100000]0x100002cc2000
W20240123 02:47:16.079454 31963 IPCTensor.h:367] NewIPCTensor: cached_sampler_r5_9 [100000]0x100002d87000
W20240123 02:47:16.079475 31963 IPCTensor.h:367] NewIPCTensor: step_r5 [10]0x100002e4c000
W20240123 02:47:16.079492 31963 IPCTensor.h:367] NewIPCTensor: circle_buffer_end_r5 [1]0x100002e4e000
W20240123 02:47:16.079514 31963 IPCTensor.h:367] NewIPCTensor: circle_buffer_end_cppseen_r5 [1]0x100002e50000
W20240123 02:47:16.079552 31963 IPCTensor.h:367] NewIPCTensor: cached_sampler_r6_0 [100000]0x100002e52000
W20240123 02:47:16.079584 31963 IPCTensor.h:367] NewIPCTensor: cached_sampler_r6_1 [100000]0x100002f17000
W20240123 02:47:16.079609 31963 IPCTensor.h:367] NewIPCTensor: cached_sampler_r6_2 [100000]0x100002fdc000
W20240123 02:47:16.079630 31963 IPCTensor.h:367] NewIPCTensor: cached_sampler_r6_3 [100000]0x1000030a1000
W20240123 02:47:16.079651 31963 IPCTensor.h:367] NewIPCTensor: cached_sampler_r6_4 [100000]0x100003166000
W20240123 02:47:16.079682 31963 IPCTensor.h:367] NewIPCTensor: cached_sampler_r6_5 [100000]0x10000322b000
W20240123 02:47:16.079708 31963 IPCTensor.h:367] NewIPCTensor: cached_sampler_r6_6 [100000]0x1000032f0000
W20240123 02:47:16.079738 31963 IPCTensor.h:367] NewIPCTensor: cached_sampler_r6_7 [100000]0x1000033b5000
W20240123 02:47:16.079764 31963 IPCTensor.h:367] NewIPCTensor: cached_sampler_r6_8 [100000]0x10000347a000
W20240123 02:47:16.079795 31963 IPCTensor.h:367] NewIPCTensor: cached_sampler_r6_9 [100000]0x10000353f000
W20240123 02:47:16.079819 31963 IPCTensor.h:367] NewIPCTensor: step_r6 [10]0x100003604000
W20240123 02:47:16.079836 31963 IPCTensor.h:367] NewIPCTensor: circle_buffer_end_r6 [1]0x100003606000
W20240123 02:47:16.079854 31963 IPCTensor.h:367] NewIPCTensor: circle_buffer_end_cppseen_r6 [1]0x100003608000
W20240123 02:47:16.079893 31963 IPCTensor.h:367] NewIPCTensor: cached_sampler_r7_0 [100000]0x10000360a000
W20240123 02:47:16.079921 31963 IPCTensor.h:367] NewIPCTensor: cached_sampler_r7_1 [100000]0x1000036cf000
W20240123 02:47:16.079948 31963 IPCTensor.h:367] NewIPCTensor: cached_sampler_r7_2 [100000]0x100003794000
W20240123 02:47:16.079972 31963 IPCTensor.h:367] NewIPCTensor: cached_sampler_r7_3 [100000]0x100003859000
W20240123 02:47:16.079998 31963 IPCTensor.h:367] NewIPCTensor: cached_sampler_r7_4 [100000]0x10000391e000
W20240123 02:47:16.080025 31963 IPCTensor.h:367] NewIPCTensor: cached_sampler_r7_5 [100000]0x1000039e3000
W20240123 02:47:16.080050 31963 IPCTensor.h:367] NewIPCTensor: cached_sampler_r7_6 [100000]0x100003aa8000
W20240123 02:47:16.080075 31963 IPCTensor.h:367] NewIPCTensor: cached_sampler_r7_7 [100000]0x100003b6d000
W20240123 02:47:16.080101 31963 IPCTensor.h:367] NewIPCTensor: cached_sampler_r7_8 [100000]0x100003c32000
W20240123 02:47:16.080129 31963 IPCTensor.h:367] NewIPCTensor: cached_sampler_r7_9 [100000]0x100003cf7000
W20240123 02:47:16.080152 31963 IPCTensor.h:367] NewIPCTensor: step_r7 [10]0x100003dbc000
W20240123 02:47:16.080170 31963 IPCTensor.h:367] NewIPCTensor: circle_buffer_end_r7 [1]0x100003dbe000
W20240123 02:47:16.080186 31963 IPCTensor.h:367] NewIPCTensor: circle_buffer_end_cppseen_r7 [1]0x100003dc0000
W20240123 02:47:16.306245 31963 IPCTensor.h:367] NewIPCTensor: full_emb [14951, 400]0x100003dc2000
W20240123 02:47:16.306406 31963 IPCTensor.h:367] NewIPCTensor: full_emb_SparseRowWiseAdaGrad_sum [14951]0x100005494000
{0: Graph(num_nodes=8499, num_edges=86694,
      ndata_schemes={'_ID': Scheme(shape=(), dtype=torch.int64), 'inner_node': Scheme(shape=(), dtype=torch.int32), 'part_id': Scheme(shape=(), dtype=torch.int64)}
      edata_schemes={'_ID': Scheme(shape=(), dtype=torch.int64), 'inner_edge': Scheme(shape=(), dtype=torch.int8)}), 1: Graph(num_nodes=6140, num_edges=88951,
      ndata_schemes={'_ID': Scheme(shape=(), dtype=torch.int64), 'inner_node': Scheme(shape=(), dtype=torch.int32), 'part_id': Scheme(shape=(), dtype=torch.int64)}
      edata_schemes={'_ID': Scheme(shape=(), dtype=torch.int64), 'inner_edge': Scheme(shape=(), dtype=torch.int8)}), 2: Graph(num_nodes=8646, num_edges=109741,
      ndata_schemes={'_ID': Scheme(shape=(), dtype=torch.int64), 'inner_node': Scheme(shape=(), dtype=torch.int32), 'part_id': Scheme(shape=(), dtype=torch.int64)}
      edata_schemes={'_ID': Scheme(shape=(), dtype=torch.int64), 'inner_edge': Scheme(shape=(), dtype=torch.int8)}), 3: Graph(num_nodes=8503, num_edges=86907,
      ndata_schemes={'_ID': Scheme(shape=(), dtype=torch.int64), 'inner_node': Scheme(shape=(), dtype=torch.int32), 'part_id': Scheme(shape=(), dtype=torch.int64)}
      edata_schemes={'_ID': Scheme(shape=(), dtype=torch.int64), 'inner_edge': Scheme(shape=(), dtype=torch.int8)}), 4: Graph(num_nodes=10597, num_edges=122217,
      ndata_schemes={'_ID': Scheme(shape=(), dtype=torch.int64), 'inner_node': Scheme(shape=(), dtype=torch.int32), 'part_id': Scheme(shape=(), dtype=torch.int64)}
      edata_schemes={'_ID': Scheme(shape=(), dtype=torch.int64), 'inner_edge': Scheme(shape=(), dtype=torch.int8)}), 5: Graph(num_nodes=8255, num_edges=102550,
      ndata_schemes={'_ID': Scheme(shape=(), dtype=torch.int64), 'inner_node': Scheme(shape=(), dtype=torch.int32), 'part_id': Scheme(shape=(), dtype=torch.int64)}
      edata_schemes={'_ID': Scheme(shape=(), dtype=torch.int64), 'inner_edge': Scheme(shape=(), dtype=torch.int8)}), 6: Graph(num_nodes=7422, num_edges=104094,
      ndata_schemes={'_ID': Scheme(shape=(), dtype=torch.int64), 'inner_node': Scheme(shape=(), dtype=torch.int32), 'part_id': Scheme(shape=(), dtype=torch.int64)}
      edata_schemes={'_ID': Scheme(shape=(), dtype=torch.int64), 'inner_edge': Scheme(shape=(), dtype=torch.int8)}), 7: Graph(num_nodes=7815, num_edges=137832,
      ndata_schemes={'_ID': Scheme(shape=(), dtype=torch.int64), 'inner_node': Scheme(shape=(), dtype=torch.int32), 'part_id': Scheme(shape=(), dtype=torch.int64)}
      edata_schemes={'_ID': Scheme(shape=(), dtype=torch.int64), 'inner_edge': Scheme(shape=(), dtype=torch.int8)})}
MertisPartition: part 0 has 8499 N 86694 E
MertisPartition: part 1 has 6140 N 88951 E
MertisPartition: part 2 has 8646 N 109741 E
MertisPartition: part 3 has 8503 N 86907 E
MertisPartition: part 4 has 10597 N 122217 E
MertisPartition: part 5 has 8255 N 102550 E
MertisPartition: part 6 has 7422 N 104094 E
MertisPartition: part 7 has 7815 N 137832 E
Rank0: cached key size 93
Rank1: cached key size 93
Rank2: cached key size 93
Rank3: cached key size 93
Rank4: cached key size 93
Rank5: cached key size 93
Rank6: cached key size 93
Rank7: cached key size 93
Before renumbering graph:  {'_ID': tensor([    0,    15,    36,  ..., 11946,  9147, 13282]), 'inner_node': tensor([1, 1, 1,  ..., 0, 0, 0], dtype=torch.int32), 'part_id': tensor([0, 0, 0,  ..., 6, 3, 7])}
After renumbering graph:  {'_ID': tensor([ 766, 1363, 2211,  ..., 8108, 8116, 7475]), 'inner_node': tensor([1, 1, 1,  ..., 0, 0, 0], dtype=torch.int32), 'part_id': tensor([0, 0, 0,  ..., 6, 3, 7])}
part_g: DGLGraph(num_nodes=8499, num_edges=86694,
         ndata_schemes={'_ID': Scheme(shape=(), dtype=torch.int64)}
         edata_schemes={'tid': Scheme(shape=(), dtype=torch.int64)})
part_g: DGLGraph(num_nodes=8499, num_edges=86694,
         ndata_schemes={'_ID': Scheme(shape=(), dtype=torch.int64)}
         edata_schemes={'tid': Scheme(shape=(), dtype=torch.int64)})
Total initialize time 3.488 seconds
[Rank1] pid = 32439
[Rank2] pid = 32506
[Rank3] pid = 32570
[Rank4] pid = 32634
[Rank5] pid = 32698
[Rank6] pid = 32762
INFO [31963 distributed_c10d.py:442] Added key: store_based_barrier_key:1 to store for rank: 0
INFO [32439 distributed_c10d.py:442] Added key: store_based_barrier_key:1 to store for rank: 1
INFO [32506 distributed_c10d.py:442] Added key: store_based_barrier_key:1 to store for rank: 2
INFO [32570 distributed_c10d.py:442] Added key: store_based_barrier_key:1 to store for rank: 3
INFO [32634 distributed_c10d.py:442] Added key: store_based_barrier_key:1 to store for rank: 4
INFO [32762 distributed_c10d.py:442] Added key: store_based_barrier_key:1 to store for rank: 6
INFO [32762 distributed_c10d.py:476] Rank 6: Completed store-based barrier for key:store_based_barrier_key:1 with 8 nodes.
INFO [32763 distributed_c10d.py:442] Added key: store_based_barrier_key:1 to store for rank: 7
INFO [32698 distributed_c10d.py:442] Added key: store_based_barrier_key:1 to store for rank: 5
INFO [32698 distributed_c10d.py:476] Rank 5: Completed store-based barrier for key:store_based_barrier_key:1 with 8 nodes.
INFO [32763 distributed_c10d.py:476] Rank 7: Completed store-based barrier for key:store_based_barrier_key:1 with 8 nodes.
INFO [32570 distributed_c10d.py:476] Rank 3: Completed store-based barrier for key:store_based_barrier_key:1 with 8 nodes.
INFO [32634 distributed_c10d.py:476] Rank 4: Completed store-based barrier for key:store_based_barrier_key:1 with 8 nodes.
W20240123 02:47:19.832355 32635 IPCTensor.h:406] NewIPCGPUTensor: embedding_cache_4 [747, 400]; dev=4; size=1.14 MB
W20240123 02:47:19.832471 32765 IPCTensor.h:406] NewIPCGPUTensor: embedding_cache_6 [747, 400]; dev=6; size=1.14 MB
W20240123 02:47:19.832525 32891 IPCTensor.h:406] NewIPCGPUTensor: embedding_cache_7 [747, 400]; dev=7; size=1.14 MB
W20240123 02:47:19.832530 32699 IPCTensor.h:406] NewIPCGPUTensor: embedding_cache_5 [747, 400]; dev=5; size=1.14 MB
W20240123 02:47:19.832594 32571 IPCTensor.h:406] NewIPCGPUTensor: embedding_cache_3 [747, 400]; dev=3; size=1.14 MB
INFO [31963 distributed_c10d.py:476] Rank 0: Completed store-based barrier for key:store_based_barrier_key:1 with 8 nodes.
INFO [32439 distributed_c10d.py:476] Rank 1: Completed store-based barrier for key:store_based_barrier_key:1 with 8 nodes.
INFO [32506 distributed_c10d.py:476] Rank 2: Completed store-based barrier for key:store_based_barrier_key:1 with 8 nodes.
W20240123 02:47:19.835070 32764 IPCTensor.h:406] NewIPCGPUTensor: embedding_cache_0 [747, 400]; dev=0; size=1.14 MB
W20240123 02:47:19.836575 32507 IPCTensor.h:406] NewIPCGPUTensor: embedding_cache_2 [747, 400]; dev=2; size=1.14 MB
W20240123 02:47:19.836655 32443 IPCTensor.h:406] NewIPCGPUTensor: embedding_cache_1 [747, 400]; dev=1; size=1.14 MB
W20240123 02:47:19.858139 32635 IPCTensor.h:367] NewIPCTensor: input_keys_4 [100000]0x1000054a6000
W20240123 02:47:19.858314 32635 IPCTensor.h:367] NewIPCTensor: input_keys_neg_4 [100000]0x10000556b000
W20240123 02:47:19.858361 32635 IPCTensor.h:367] NewIPCTensor: backward_grads_4 [100000, 400]0x100005630000
W20240123 02:47:19.858387 32635 IPCTensor.h:367] NewIPCTensor: backward_grads_neg_4 [100000, 400]0x10000eec8000
W20240123 02:47:19.858433 32635 IPCTensor.h:406] NewIPCGPUTensor: backward_grads_4_gpu [100000, 400]; dev=4; size=152.6 MB
W20240123 02:47:19.859118 32891 IPCTensor.h:367] NewIPCTensor: input_keys_7 [100000]0x100018762000
W20240123 02:47:19.859264 32891 IPCTensor.h:367] NewIPCTensor: input_keys_neg_7 [100000]0x100018827000
W20240123 02:47:19.859314 32891 IPCTensor.h:367] NewIPCTensor: backward_grads_7 [100000, 400]0x1000188ec000
W20240123 02:47:19.859347 32891 IPCTensor.h:367] NewIPCTensor: backward_grads_neg_7 [100000, 400]0x100022184000
W20240123 02:47:19.859382 32891 IPCTensor.h:406] NewIPCGPUTensor: backward_grads_7_gpu [100000, 400]; dev=7; size=152.6 MB
W20240123 02:47:19.859591 32635 IPCTensor.h:406] NewIPCGPUTensor: backward_grads_neg_4_gpu [100000, 400]; dev=4; size=152.6 MB
W20240123 02:47:19.860997 32891 IPCTensor.h:406] NewIPCGPUTensor: backward_grads_neg_7_gpu [100000, 400]; dev=7; size=152.6 MB
W20240123 02:47:19.861709 32571 IPCTensor.h:367] NewIPCTensor: input_keys_3 [100000]0x10002ba24000
W20240123 02:47:19.861821 32571 IPCTensor.h:367] NewIPCTensor: input_keys_neg_3 [100000]0x10002baeb000
W20240123 02:47:19.861864 32571 IPCTensor.h:367] NewIPCTensor: backward_grads_3 [100000, 400]0x10002bbb0000
W20240123 02:47:19.861898 32571 IPCTensor.h:367] NewIPCTensor: backward_grads_neg_3 [100000, 400]0x100035448000
W20240123 02:47:19.861930 32571 IPCTensor.h:406] NewIPCGPUTensor: backward_grads_3_gpu [100000, 400]; dev=3; size=152.6 MB
W20240123 02:47:19.862010 32443 IPCTensor.h:367] NewIPCTensor: input_keys_1 [100000]0x10003ece0000
W20240123 02:47:19.862128 32443 IPCTensor.h:367] NewIPCTensor: input_keys_neg_1 [100000]0x10003eda5000
W20240123 02:47:19.862214 32443 IPCTensor.h:367] NewIPCTensor: backward_grads_1 [100000, 400]0x10003ee6a000
W20240123 02:47:19.862246 32443 IPCTensor.h:367] NewIPCTensor: backward_grads_neg_1 [100000, 400]0x100048702000
W20240123 02:47:19.862282 32443 IPCTensor.h:406] NewIPCGPUTensor: backward_grads_1_gpu [100000, 400]; dev=1; size=152.6 MB
W20240123 02:47:19.862526 32699 IPCTensor.h:367] NewIPCTensor: input_keys_5 [100000]0x100051f9e000
W20240123 02:47:19.862637 32699 IPCTensor.h:367] NewIPCTensor: input_keys_neg_5 [100000]0x100052063000
W20240123 02:47:19.862684 32699 IPCTensor.h:367] NewIPCTensor: backward_grads_5 [100000, 400]0x100052128000
W20240123 02:47:19.862713 32699 IPCTensor.h:367] NewIPCTensor: backward_grads_neg_5 [100000, 400]0x10005b9c0000
W20240123 02:47:19.862743 32699 IPCTensor.h:406] NewIPCGPUTensor: backward_grads_5_gpu [100000, 400]; dev=5; size=152.6 MB
W20240123 02:47:19.863479 32571 IPCTensor.h:406] NewIPCGPUTensor: backward_grads_neg_3_gpu [100000, 400]; dev=3; size=152.6 MB
W20240123 02:47:19.863960 32443 IPCTensor.h:406] NewIPCGPUTensor: backward_grads_neg_1_gpu [100000, 400]; dev=1; size=152.6 MB
W20240123 02:47:19.865154 32699 IPCTensor.h:406] NewIPCGPUTensor: backward_grads_neg_5_gpu [100000, 400]; dev=5; size=152.6 MB
W20240123 02:47:19.865398 32507 IPCTensor.h:367] NewIPCTensor: input_keys_2 [100000]0x100065262000
W20240123 02:47:19.865516 32507 IPCTensor.h:367] NewIPCTensor: input_keys_neg_2 [100000]0x100065327000
W20240123 02:47:19.865564 32507 IPCTensor.h:367] NewIPCTensor: backward_grads_2 [100000, 400]0x1000653ec000
W20240123 02:47:19.865598 32507 IPCTensor.h:367] NewIPCTensor: backward_grads_neg_2 [100000, 400]0x10006ec84000
W20240123 02:47:19.865633 32507 IPCTensor.h:406] NewIPCGPUTensor: backward_grads_2_gpu [100000, 400]; dev=2; size=152.6 MB
W20240123 02:47:19.865679 32765 IPCTensor.h:367] NewIPCTensor: input_keys_6 [100000]0x10007851c000
W20240123 02:47:19.865813 32765 IPCTensor.h:367] NewIPCTensor: input_keys_neg_6 [100000]0x1000785e3000
W20240123 02:47:19.865846 32764 IPCTensor.h:367] NewIPCTensor: input_keys_0 [100000]0x1000786a8000
W20240123 02:47:19.865869 32765 IPCTensor.h:367] NewIPCTensor: backward_grads_6 [100000, 400]0x10007876d000
W20240123 02:47:19.865906 32765 IPCTensor.h:367] NewIPCTensor: backward_grads_neg_6 [100000, 400]0x100082005000
W20240123 02:47:19.865932 32764 IPCTensor.h:367] NewIPCTensor: input_keys_neg_0 [100000]0x10008b89d000
W20240123 02:47:19.865947 32765 IPCTensor.h:406] NewIPCGPUTensor: backward_grads_6_gpu [100000, 400]; dev=6; size=152.6 MB
W20240123 02:47:19.866014 32764 IPCTensor.h:367] NewIPCTensor: backward_grads_0 [100000, 400]0x10008b962000
W20240123 02:47:19.866045 32764 IPCTensor.h:367] NewIPCTensor: backward_grads_neg_0 [100000, 400]0x1000951fa000
W20240123 02:47:19.866075 32764 IPCTensor.h:406] NewIPCGPUTensor: backward_grads_0_gpu [100000, 400]; dev=0; size=152.6 MB
W20240123 02:47:19.868669 32507 IPCTensor.h:406] NewIPCGPUTensor: backward_grads_neg_2_gpu [100000, 400]; dev=2; size=152.6 MB
W20240123 02:47:19.868674 32765 IPCTensor.h:406] NewIPCGPUTensor: backward_grads_neg_6_gpu [100000, 400]; dev=6; size=152.6 MB
W20240123 02:47:19.868746 32764 IPCTensor.h:406] NewIPCGPUTensor: backward_grads_neg_0_gpu [100000, 400]; dev=0; size=152.6 MB
cudaHostRegister 0x100003dc2000
6: KnownLocalCachedEmbedding init done
cudaHostRegister 0x100003dc2000
7: KnownLocalCachedEmbedding init done
WARNING [32762 DistTensor.py:56] The tensor name already exists in the kvstore
WARNING [32763 DistTensor.py:56] The tensor name already exists in the kvstore
cudaHostRegister 0x100003dc2000
5: KnownLocalCachedEmbedding init done
WARNING [32698 DistTensor.py:56] The tensor name already exists in the kvstore
cudaHostRegister 0x100003dc2000
1: KnownLocalCachedEmbedding init done
WARNING [32439 DistTensor.py:56] The tensor name already exists in the kvstore
cudaHostRegister 0x100003dc2000
3: KnownLocalCachedEmbedding init done
cudaHostRegister 0x100003dc2000
2: KnownLocalCachedEmbedding init done
[Rank7] pid = 32763
New CachedEmbedding, name=full_emb, shape=(14951, 400), cache_type=KnownLocalCachedEmbedding
fixed cache_range is [(0, 747), (747, 1494), (1494, 2241), (2241, 2988), (2988, 3735), (3735, 4482), (4482, 5229), (5229, 5976)]
cudaHostRegister 0x100003dc2000
0: KnownLocalCachedEmbedding init done
WARNING [32570 DistTensor.py:56] The tensor name already exists in the kvstore
WARNING [31963 DistTensor.py:56] The tensor name already exists in the kvstore
WARNING [32506 DistTensor.py:56] The tensor name already exists in the kvstore
cudaHostRegister 0x100003dc2000
4: KnownLocalCachedEmbedding init done
WARNING [32634 DistTensor.py:56] The tensor name already exists in the kvstore
I20240123 02:47:20.049696 32635 IPC_barrier.h:118] CreateBarrier: new barrier, name: kgcachecontroller, count: 8
I20240123 02:47:20.049742 32443 IPC_barrier.h:112] CreateBarrier: find existing barrier, name: kgcachecontroller, count: 8
I20240123 02:47:20.049767 32891 IPC_barrier.h:112] CreateBarrier: find existing barrier, name: kgcachecontroller, count: 8
I20240123 02:47:20.049787 32571 IPC_barrier.h:112] CreateBarrier: find existing barrier, name: kgcachecontroller, count: 8
I20240123 02:47:20.049810 32765 IPC_barrier.h:112] CreateBarrier: find existing barrier, name: kgcachecontroller, count: 8
I20240123 02:47:20.049837 32699 IPC_barrier.h:112] CreateBarrier: find existing barrier, name: kgcachecontroller, count: 8
I20240123 02:47:20.049876 32507 IPC_barrier.h:112] CreateBarrier: find existing barrier, name: kgcachecontroller, count: 8
I20240123 02:47:20.049897 32764 IPC_barrier.h:112] CreateBarrier: find existing barrier, name: kgcachecontroller, count: 8
W20240123 02:47:20.051265 32764 grad_base.h:55] KGCacheController, config={
        "num_gpus": 8,
        "L": 10,
        "backgrad_init": "both", 
        "kForwardItersPerStep": 2,
        "clr": 1,
        "nr_background_threads": 32,
        "backwardMode": "CppAsyncV2",
        "cache_ratio": 0.05
        }
W20240123 02:47:20.051364 32764 grad_base.h:172] Init GradProcessingBase done
I20240123 02:47:20.054932 32764 grad_async_v2.h:32] Use background thread to update emb. nr_background_threads=32
W20240123 02:47:20.055045 32764 kg_controller.h:78] after init GradAsyncProcessingV2
I20240123 02:47:20.055052 32764 kg_controller.h:84] Construct KGCacheController done
I20240123 02:47:20.807580 32764 grad_base.h:60] GraphEnv RegTensorsPerProcess
W20240123 02:47:21.946734 33499 grad_async_v2.h:120] Detect new sample comes, old_end0, new_end1
E20240123 02:47:21.947157 33499 parallel_pq_v2.h:76] insert failed, size(hashtable)=1
I20240123 02:47:21.974874 32507 IPC_barrier.h:118] CreateBarrier: new barrier, name: start_barrier, count: 8
I20240123 02:47:21.974989 32699 IPC_barrier.h:112] CreateBarrier: find existing barrier, name: start_barrier, count: 8
I20240123 02:47:21.978638 32765 IPC_barrier.h:112] CreateBarrier: find existing barrier, name: start_barrier, count: 8
I20240123 02:47:21.978948 32635 IPC_barrier.h:112] CreateBarrier: find existing barrier, name: start_barrier, count: 8
I20240123 02:47:21.979439 32571 IPC_barrier.h:112] CreateBarrier: find existing barrier, name: start_barrier, count: 8
I20240123 02:47:21.985235 32443 IPC_barrier.h:112] CreateBarrier: find existing barrier, name: start_barrier, count: 8
I20240123 02:47:21.986884 32891 IPC_barrier.h:112] CreateBarrier: find existing barrier, name: start_barrier, count: 8
I20240123 02:47:21.986949 32764 IPC_barrier.h:112] CreateBarrier: find existing barrier, name: start_barrier, count: 8
E20240123 02:47:24.808137 32764 parallel_pq_v2.h:76] insert failed, size(hashtable)=0
W20240123 02:47:24.843298 33499 grad_async_v2.h:120] Detect new sample comes, old_end1, new_end2
W20240123 02:47:24.922700 32764 grad_async_v2.h:249] Sleep in <BlockToStepN>, step_no=2, pq.top=0
+---------------------------+---------------------------+---------------------------+
| Name                      | P50                       | P99                       |
+---------------------------+---------------------------+---------------------------+
| GenInput                  | 1.864 ms                  | 8.005 ms                  |
| Forward                   | 4.767 ms                  | 750.386 ms                |
| Backward                  | 4.504 ms                  | 213.142 ms                |
| Optimize                  | 3.240 ms                  | 9.091 ms                  |
| BarrierTimeBeforeRank0    | 47.197 us                 | 134.777 ms                |
| AfterBackward             | 38.205 ms                 | 1.747 s                   |
| BlockToStepN              | 126.751 us                | 10.077 ms                 |
| OneStep                   | 58.905 ms                 | 2.854 s                   |
+---------------------------+---------------------------+---------------------------+
+---------------------------+---------------------------+---------------------------+
| Name                      | P50                       | P99                       |
+---------------------------+---------------------------+---------------------------+
| ProcessBack:Shuffle       | 7.646 ms                  | 288.130 ms                |
| ProcessBack:UpdateCache   | 8.870 ms                  | 1.414 s                   |
| ProcessBack:UpsertPq      | 22.413 ms                 | 31.540 ms                 |
| ProcessOneStep            | 40.045 ms                 | 1.746 s                   |
| BlockToStepN              | 266.880 us                | 31.795 ms                 |
+---------------------------+---------------------------+---------------------------+
E20240123 02:47:25.808010 33499 parallel_pq_v2.h:76] insert failed, size(hashtable)=1830
W20240123 02:47:25.847612 33499 grad_async_v2.h:120] Detect new sample comes, old_end3, new_end4
W20240123 02:47:25.924950 32764 grad_async_v2.h:249] Sleep in <BlockToStepN>, step_no=15, pq.top=14
E20240123 02:47:26.808096 33498 parallel_pq_v2.h:76] insert failed, size(hashtable)=4581
W20240123 02:47:26.851344 33499 grad_async_v2.h:120] Detect new sample comes, old_end5, new_end7
W20240123 02:47:26.953024 32764 grad_async_v2.h:249] Sleep in <BlockToStepN>, step_no=28, pq.top=24
E20240123 02:47:27.808048 33499 parallel_pq_v2.h:76] insert failed, size(hashtable)=645
W20240123 02:47:27.865623 33499 grad_async_v2.h:120] Detect new sample comes, old_end8, new_end1
W20240123 02:47:27.991271 32764 grad_async_v2.h:249] Sleep in <BlockToStepN>, step_no=42, pq.top=40
E20240123 02:47:28.808012 33498 parallel_pq_v2.h:76] insert failed, size(hashtable)=4342
W20240123 02:47:28.882141 33499 grad_async_v2.h:120] Detect new sample comes, old_end1, new_end4
W20240123 02:47:29.019264 32764 grad_async_v2.h:249] Sleep in <BlockToStepN>, step_no=56, pq.top=56
E20240123 02:47:29.808121 33498 parallel_pq_v2.h:76] insert failed, size(hashtable)=3254
W20240123 02:47:29.906109 33499 grad_async_v2.h:120] Detect new sample comes, old_end7, new_end8
W20240123 02:47:30.045707 32764 grad_async_v2.h:249] Sleep in <BlockToStepN>, step_no=69, pq.top=45
+---------------------------+---------------------------+---------------------------+
| Name                      | P50                       | P99                       |
+---------------------------+---------------------------+---------------------------+
| GenInput                  | 1.492 ms                  | 23.405 ms                 |
| Forward                   | 4.878 ms                  | 20.490 ms                 |
| Backward                  | 4.418 ms                  | 7.353 ms                  |
| Optimize                  | 1.913 ms                  | 9.091 ms                  |
| BarrierTimeBeforeRank0    | 1.100 ms                  | 7.824 ms                  |
| AfterBackward             | 41.040 ms                 | 64.632 ms                 |
| BlockToStepN              | 19.894 ms                 | 40.113 ms                 |
| OneStep                   | 80.180 ms                 | 114.980 ms                |
+---------------------------+---------------------------+---------------------------+
+---------------------------+---------------------------+---------------------------+
| Name                      | P50                       | P99                       |
+---------------------------+---------------------------+---------------------------+
| ProcessBack:Shuffle       | 8.203 ms                  | 13.386 ms                 |
| ProcessBack:UpdateCache   | 11.361 ms                 | 15.937 ms                 |
| ProcessBack:UpsertPq      | 20.857 ms                 | 35.061 ms                 |
| ProcessOneStep            | 41.012 ms                 | 64.494 ms                 |
| BlockToStepN              | 19.772 ms                 | 40.017 ms                 |
+---------------------------+---------------------------+---------------------------+
E20240123 02:47:30.808017 33498 parallel_pq_v2.h:76] insert failed, size(hashtable)=6181
W20240123 02:47:30.908347 33499 grad_async_v2.h:120] Detect new sample comes, old_end9, new_end0
W20240123 02:47:31.125334 32764 grad_async_v2.h:249] Sleep in <BlockToStepN>, step_no=83, pq.top=83
E20240123 02:47:31.808009 33498 parallel_pq_v2.h:76] insert failed, size(hashtable)=5709
W20240123 02:47:31.916710 33499 grad_async_v2.h:120] Detect new sample comes, old_end2, new_end3
W20240123 02:47:32.125088 32764 grad_async_v2.h:249] Sleep in <BlockToStepN>, step_no=95, pq.top=67
train_sampler.Prefill()
before start barrier
start train
[proc 7] 100 steps, total: 10.633, sample: 0.366, forward: 1.293, backward: 0.625, update: 0.184
train_sampler.Prefill()
before start barrier
start train
[proc 2] 100 steps, total: 10.645, sample: 0.348, forward: 1.221, backward: 0.672, update: 0.184
train_sampler.Prefill()
before start barrier
start train
[proc 4] 100 steps, total: 10.641, sample: 0.343, forward: 1.182, backward: 0.649, update: 0.168
train_sampler.Prefill()
before start barrier
start train
[proc 6] 100 steps, total: 10.641, sample: 0.325, forward: 1.174, backward: 0.785, update: 0.172
train_sampler.Prefill()
before start barrier
start train
[proc 5] 100 steps, total: 10.645, sample: 0.312, forward: 1.197, backward: 0.631, update: 0.176
train_sampler.Prefill()
before start barrier
start train
[proc 3] 100 steps, total: 10.641, sample: 0.372, forward: 1.214, backward: 0.640, update: 0.192
train_sampler.Prefill()
before start barrier
start train
[proc 1] 100 steps, total: 10.635, sample: 0.308, forward: 1.349, backward: 0.634, update: 0.180
train_sampler.Prefill()
-------Step 0-------
tensor([ 1854,    74,  3449,  3258, 10737, 13661,  1058,   464, 12956, 10460]) tensor([ 2211,  9508,  5189,  9765, 12237,  1025,   574,  5280,   499, 12747])
-------Step 1-------
tensor([ 1854,    74,  3449,  3258, 10737, 13661,  1058,   464, 12956, 10460]) tensor([ 3478,  8831, 14343,  1574,  1021,  7670, 14399,  8565,  5711, 13707])
-------Step 2-------
tensor([ 7621,  9741,  4695,  3819, 10763,  8344, 10742,    11, 11490,   932]) tensor([ 5334,  4418,  3959,  9249,  7151,  9229, 11996,  9444, 13944,  8524])
-------Step 3-------
tensor([ 7621,  9741,  4695,  3819, 10763,  8344, 10742,    11, 11490,   932]) tensor([ 9095,  8260,  7790, 11743,  6049,   698,  5678,  2335, 11145,  1993])
-------Step 4-------
tensor([   74, 14798, 10579,  5892,  8595,  3866,    83,  7321,  6586,  1080]) tensor([ 607, 1166, 4180, 3417, 3326, 2316,  464, 8149, 5837, 1726])
-------Step 5-------
tensor([   74, 14798, 10579,  5892,  8595,  3866,    83,  7321,  6586,  1080]) tensor([11276,  4115,  5168,  1659,  3698,   796,   840,  1274,  5457,  5765])
-------Step 6-------
tensor([ 1561,  7453,    52,    42, 11947,  2984,  7361, 11990, 14278, 13719]) tensor([ 9741,  2939,  7533,  4222,  9694,  8250,  3508,  9549, 10777, 10682])
-------Step 7-------
tensor([ 1561,  7453,    52,    42, 11947,  2984,  7361, 11990, 14278, 13719]) tensor([11510, 14026,  4793,  8095,  1212,  9190,  6226,  5372,   133, 14674])
-------Step 8-------
tensor([ 3676,  9141,  4251, 11212,    77,    76, 10021, 14607,     4,  1911]) tensor([ 5243,  5779,  4887,  6735,  2466, 12587,  8460,  1348, 13706,  2972])
-------Step 9-------
tensor([ 3676,  9141,  4251, 11212,    77,    76, 10021, 14607,     4,  1911]) tensor([10858,  4269, 11424,  8055, 13362, 12617, 14147,  8565,   675, 11422])
before start barrier
start train
[proc 0] 100 steps, total: 10.633, sample: 0.395, forward: 1.252, backward: 0.650, update: 0.216
E20240123 02:47:32.808009 33498 parallel_pq_v2.h:76] insert failed, size(hashtable)=5090
W20240123 02:47:32.919736 33499 grad_async_v2.h:120] Detect new sample comes, old_end3, new_end4
W20240123 02:47:33.130014 32764 grad_async_v2.h:249] Sleep in <BlockToStepN>, step_no=107, pq.top=103
E20240123 02:47:33.808014 33498 parallel_pq_v2.h:76] insert failed, size(hashtable)=6134
W20240123 02:47:33.939324 33499 grad_async_v2.h:120] Detect new sample comes, old_end9, new_end0
W20240123 02:47:34.132819 32764 grad_async_v2.h:249] Sleep in <BlockToStepN>, step_no=122, pq.top=121
E20240123 02:47:34.808027 33498 parallel_pq_v2.h:76] insert failed, size(hashtable)=2882
W20240123 02:47:34.965106 33499 grad_async_v2.h:120] Detect new sample comes, old_end3, new_end4
+---------------------------+---------------------------+---------------------------+
| Name                      | P50                       | P99                       |
+---------------------------+---------------------------+---------------------------+
| GenInput                  | 1.493 ms                  | 23.405 ms                 |
| Forward                   | 4.880 ms                  | 20.490 ms                 |
| Backward                  | 4.440 ms                  | 11.317 ms                 |
| Optimize                  | 1.919 ms                  | 9.091 ms                  |
| BarrierTimeBeforeRank0    | 1.128 ms                  | 9.722 ms                  |
| AfterBackward             | 39.665 ms                 | 64.632 ms                 |
| BlockToStepN              | 19.236 ms                 | 52.265 ms                 |
| OneStep                   | 78.430 ms                 | 151.160 ms                |
+---------------------------+---------------------------+---------------------------+
W20240123 02:47:35.222515 32764 grad_async_v2.h:249] Sleep in <BlockToStepN>, step_no=136, pq.top=130
E20240123 02:47:35.808046 33078 parallel_pq_v2.h:76] insert failed, size(hashtable)=851
+---------------------------+---------------------------+---------------------------+
| Name                      | P50                       | P99                       |
+---------------------------+---------------------------+---------------------------+
| ProcessBack:Shuffle       | 8.142 ms                  | 13.383 ms                 |
| ProcessBack:UpdateCache   | 11.012 ms                 | 15.912 ms                 |
| ProcessBack:UpsertPq      | 20.145 ms                 | 34.988 ms                 |
| ProcessOneStep            | 39.658 ms                 | 64.494 ms                 |
| BlockToStepN              | 19.376 ms                 | 101.853 ms                |
+---------------------------+---------------------------+---------------------------+
W20240123 02:47:35.984704 33499 grad_async_v2.h:120] Detect new sample comes, old_end2, new_end3
W20240123 02:47:36.249991 32764 grad_async_v2.h:249] Sleep in <BlockToStepN>, step_no=146, pq.top=138
E20240123 02:47:36.808019 33498 parallel_pq_v2.h:76] insert failed, size(hashtable)=2900
W20240123 02:47:36.986611 33499 grad_async_v2.h:120] Detect new sample comes, old_end5, new_end6
W20240123 02:47:37.267419 32764 grad_async_v2.h:249] Sleep in <BlockToStepN>, step_no=159, pq.top=151
E20240123 02:47:37.808180 33498 parallel_pq_v2.h:76] insert failed, size(hashtable)=5181
W20240123 02:47:37.986670 33499 grad_async_v2.h:120] Detect new sample comes, old_end7, new_end8
W20240123 02:47:38.267256 32764 grad_async_v2.h:249] Sleep in <BlockToStepN>, step_no=171, pq.top=147
E20240123 02:47:38.808286 33498 parallel_pq_v2.h:76] insert failed, size(hashtable)=3221
W20240123 02:47:38.987782 33499 grad_async_v2.h:120] Detect new sample comes, old_end9, new_end0
W20240123 02:47:39.303560 32764 grad_async_v2.h:249] Sleep in <BlockToStepN>, step_no=183, pq.top=182
E20240123 02:47:39.808009 33078 parallel_pq_v2.h:76] insert failed, size(hashtable)=750
W20240123 02:47:39.991436 33499 grad_async_v2.h:120] Detect new sample comes, old_end0, new_end1
+---------------------------+---------------------------+---------------------------+
| Name                      | P50                       | P99                       |
+---------------------------+---------------------------+---------------------------+
| GenInput                  | 1.575 ms                  | 31.109 ms                 |
| Forward                   | 5.163 ms                  | 14.858 ms                 |
| Backward                  | 4.376 ms                  | 8.657 ms                  |
| Optimize                  | 2.051 ms                  | 9.017 ms                  |
| BarrierTimeBeforeRank0    | 1.113 ms                  | 23.759 ms                 |
| AfterBackward             | 39.212 ms                 | 59.905 ms                 |
| BlockToStepN              | 18.379 ms                 | 83.002 ms                 |
| OneStep                   | 79.130 ms                 | 180.885 ms                |
+---------------------------+---------------------------+---------------------------+
W20240123 02:47:40.325203 32764 grad_async_v2.h:249] Sleep in <BlockToStepN>, step_no=194, pq.top=193
E20240123 02:47:40.808109 33499 parallel_pq_v2.h:76] insert failed, size(hashtable)=6966
+---------------------------+---------------------------+---------------------------+
| Name                      | P50                       | P99                       |
+---------------------------+---------------------------+---------------------------+
| ProcessBack:Shuffle       | 8.110 ms                  | 12.689 ms                 |
| ProcessBack:UpdateCache   | 9.208 ms                  | 15.853 ms                 |
| ProcessBack:UpsertPq      | 19.989 ms                 | 33.026 ms                 |
| ProcessOneStep            | 39.025 ms                 | 59.870 ms                 |
| BlockToStepN              | 19.013 ms                 | 82.897 ms                 |
+---------------------------+---------------------------+---------------------------+
[proc 5] 200 steps, total: 8.239, sample: 0.371, forward: 0.477, backward: 0.425, update: 0.185
[proc 4] 200 steps, total: 8.239, sample: 0.393, forward: 0.465, backward: 0.381, update: 0.176
[proc 7] 200 steps, total: 8.239, sample: 0.376, forward: 0.467, backward: 0.434, update: 0.176
[proc 3] 200 steps, total: 8.238, sample: 0.384, forward: 0.439, backward: 0.420, update: 0.174
[proc 6] 200 steps, total: 8.239, sample: 0.375, forward: 0.459, backward: 0.446, update: 0.189
[proc 1] 200 steps, total: 8.238, sample: 0.351, forward: 0.455, backward: 0.457, update: 0.174
[proc 2] 200 steps, total: 8.239, sample: 0.329, forward: 0.460, backward: 0.480, update: 0.181
[proc 0] 200 steps, total: 8.238, sample: 0.487, forward: 0.566, backward: 0.425, update: 0.221
W20240123 02:47:40.995968 33499 grad_async_v2.h:120] Detect new sample comes, old_end1, new_end2
W20240123 02:47:41.325349 32764 grad_async_v2.h:249] Sleep in <BlockToStepN>, step_no=205, pq.top=204
E20240123 02:47:41.808025 33498 parallel_pq_v2.h:76] insert failed, size(hashtable)=6043
W20240123 02:47:42.001717 33499 grad_async_v2.h:120] Detect new sample comes, old_end2, new_end3
W20240123 02:47:42.325426 32764 grad_async_v2.h:249] Sleep in <BlockToStepN>, step_no=215, pq.top=212
E20240123 02:47:42.808010 33498 parallel_pq_v2.h:76] insert failed, size(hashtable)=4417
W20240123 02:47:43.046931 33499 grad_async_v2.h:120] Detect new sample comes, old_end1, new_end2
W20240123 02:47:43.325240 32764 grad_async_v2.h:249] Sleep in <BlockToStepN>, step_no=224, pq.top=222
E20240123 02:47:43.808013 33498 parallel_pq_v2.h:76] insert failed, size(hashtable)=2863
W20240123 02:47:44.053594 33499 grad_async_v2.h:120] Detect new sample comes, old_end0, new_end1
W20240123 02:47:44.325453 32764 grad_async_v2.h:249] Sleep in <BlockToStepN>, step_no=233, pq.top=227
E20240123 02:47:44.808403 33498 parallel_pq_v2.h:76] insert failed, size(hashtable)=1968
+---------------------------+---------------------------+---------------------------+
| Name                      | P50                       | P99                       |
+---------------------------+---------------------------+---------------------------+
| GenInput                  | 1.638 ms                  | 31.109 ms                 |
| Forward                   | 5.047 ms                  | 14.858 ms                 |
| Backward                  | 4.413 ms                  | 8.657 ms                  |
| Optimize                  | 2.026 ms                  | 9.017 ms                  |
| BarrierTimeBeforeRank0    | 1.312 ms                  | 23.768 ms                 |
| AfterBackward             | 39.249 ms                 | 59.905 ms                 |
| BlockToStepN              | 21.592 ms                 | 89.400 ms                 |
| OneStep                   | 81.936 ms                 | 180.885 ms                |
+---------------------------+---------------------------+---------------------------+
W20240123 02:47:45.057657 33499 grad_async_v2.h:120] Detect new sample comes, old_end9, new_end0
W20240123 02:47:45.402647 32764 grad_async_v2.h:249] Sleep in <BlockToStepN>, step_no=243, pq.top=234
E20240123 02:47:45.808022 33078 parallel_pq_v2.h:76] insert failed, size(hashtable)=820
+---------------------------+---------------------------+---------------------------+
| Name                      | P50                       | P99                       |
+---------------------------+---------------------------+---------------------------+
| ProcessBack:Shuffle       | 8.039 ms                  | 12.689 ms                 |
| ProcessBack:UpdateCache   | 9.226 ms                  | 15.671 ms                 |
| ProcessBack:UpsertPq      | 19.989 ms                 | 32.007 ms                 |
| ProcessOneStep            | 39.351 ms                 | 59.870 ms                 |
| BlockToStepN              | 21.522 ms                 | 89.308 ms                 |
+---------------------------+---------------------------+---------------------------+
W20240123 02:47:46.087278 33499 grad_async_v2.h:120] Detect new sample comes, old_end1, new_end2
W20240123 02:47:46.402186 32764 grad_async_v2.h:249] Sleep in <BlockToStepN>, step_no=255, pq.top=233
E20240123 02:47:46.808010 33078 parallel_pq_v2.h:76] insert failed, size(hashtable)=2242
W20240123 02:47:47.092316 33499 grad_async_v2.h:120] Detect new sample comes, old_end3, new_end4
W20240123 02:47:47.407835 32764 grad_async_v2.h:249] Sleep in <BlockToStepN>, step_no=267, pq.top=265
E20240123 02:47:47.808022 33498 parallel_pq_v2.h:76] insert failed, size(hashtable)=2439
W20240123 02:47:48.139299 33499 grad_async_v2.h:120] Detect new sample comes, old_end5, new_end6
W20240123 02:47:48.407117 32764 grad_async_v2.h:249] Sleep in <BlockToStepN>, step_no=278, pq.top=265
E20240123 02:47:48.808010 32764 parallel_pq_v2.h:76] insert failed, size(hashtable)=1400
W20240123 02:47:49.139844 33499 grad_async_v2.h:120] Detect new sample comes, old_end5, new_end6
W20240123 02:47:49.477077 32764 grad_async_v2.h:249] Sleep in <BlockToStepN>, step_no=289, pq.top=281
E20240123 02:47:49.808036 33498 parallel_pq_v2.h:76] insert failed, size(hashtable)=3677
+---------------------------+---------------------------+---------------------------+
