WARNING: Logging before InitGoogleLogging() is written to STDERR
I20240211 03:41:09.451261 35280 IPC_barrier.h:128] MultiProcessBarrierFactory->ClearIPCMemory()
W20240211 03:41:09.459582 35280 IPCTensor.h:369] NewIPCTensor: full_emb [33762578, 32]0x100000002000 4.025 GB
/data/home/xieminhui/RecStore/src/framework_adapters/torch/python/perf_rec_model.py:152: DeprecationWarning: The 'warn' function is deprecated, use 'warning' instead
  XLOG.warn("After init DistEmbedding")
WARNING [35280 perf_rec_model.py:152] After init DistEmbedding
========== Running Perf with routine <function routine_local_cache_helper at 0x7fa10ab558a0>==========
Worker 1 pid=38718
Worker 2 pid=38719
Worker 3 pid=38720
Worker 4 pid=38721
Worker 5 pid=38722
Worker 6 pid=38723
INFO [35280 distributed_c10d.py:442] Added key: store_based_barrier_key:1 to store for rank: 0
INFO [38718 distributed_c10d.py:442] Added key: store_based_barrier_key:1 to store for rank: 1
INFO [38719 distributed_c10d.py:442] Added key: store_based_barrier_key:1 to store for rank: 2
INFO [38720 distributed_c10d.py:442] Added key: store_based_barrier_key:1 to store for rank: 3
INFO [38722 distributed_c10d.py:442] Added key: store_based_barrier_key:1 to store for rank: 5
INFO [38721 distributed_c10d.py:442] Added key: store_based_barrier_key:1 to store for rank: 4
INFO [35280 distributed_c10d.py:476] Rank 0: Completed store-based barrier for key:store_based_barrier_key:1 with 8 nodes.
INFO [38723 distributed_c10d.py:442] Added key: store_based_barrier_key:1 to store for rank: 6
INFO [38724 distributed_c10d.py:442] Added key: store_based_barrier_key:1 to store for rank: 7
INFO [38718 distributed_c10d.py:476] Rank 1: Completed store-based barrier for key:store_based_barrier_key:1 with 8 nodes.
INFO [38722 distributed_c10d.py:476] Rank 5: Completed store-based barrier for key:store_based_barrier_key:1 with 8 nodes.
INFO [38724 distributed_c10d.py:476] Rank 7: Completed store-based barrier for key:store_based_barrier_key:1 with 8 nodes.
INFO [38723 distributed_c10d.py:476] Rank 6: Completed store-based barrier for key:store_based_barrier_key:1 with 8 nodes.
INFO [38720 distributed_c10d.py:476] Rank 3: Completed store-based barrier for key:store_based_barrier_key:1 with 8 nodes.
INFO [38721 distributed_c10d.py:476] Rank 4: Completed store-based barrier for key:store_based_barrier_key:1 with 8 nodes.
INFO [38719 distributed_c10d.py:476] Rank 2: Completed store-based barrier for key:store_based_barrier_key:1 with 8 nodes.
E20240211 03:41:27.816531 35280 IPCTensor.h:348] IPCTensor full_emb already exists
E20240211 03:41:27.816632 38718 IPCTensor.h:348] IPCTensor full_emb already exists
E20240211 03:41:27.816814 38724 IPCTensor.h:348] IPCTensor full_emb already exists
E20240211 03:41:27.816838 38722 IPCTensor.h:348] IPCTensor full_emb already exists
E20240211 03:41:27.816856 38723 IPCTensor.h:348] IPCTensor full_emb already exists
E20240211 03:41:27.817056 38721 IPCTensor.h:348] IPCTensor full_emb already exists
E20240211 03:41:27.817077 38720 IPCTensor.h:348] IPCTensor full_emb already exists
E20240211 03:41:27.817085 38719 IPCTensor.h:348] IPCTensor full_emb already exists
W20240211 03:41:46.747954 38719 IPCTensor.h:409] NewIPCGPUTensor: embedding_cache_2 [1688128, 32]; dev=2; size=206.1 MB
W20240211 03:41:46.750473 38723 IPCTensor.h:409] NewIPCGPUTensor: embedding_cache_6 [1688128, 32]; dev=6; size=206.1 MB
W20240211 03:41:46.750829 38720 IPCTensor.h:409] NewIPCGPUTensor: embedding_cache_3 [1688128, 32]; dev=3; size=206.1 MB
W20240211 03:41:46.750841 38721 IPCTensor.h:409] NewIPCGPUTensor: embedding_cache_4 [1688128, 32]; dev=4; size=206.1 MB
W20240211 03:41:46.750973 38718 IPCTensor.h:409] NewIPCGPUTensor: embedding_cache_1 [1688128, 32]; dev=1; size=206.1 MB
W20240211 03:41:46.751183 38724 IPCTensor.h:409] NewIPCGPUTensor: embedding_cache_7 [1688128, 32]; dev=7; size=206.1 MB
W20240211 03:41:46.751506 38722 IPCTensor.h:409] NewIPCGPUTensor: embedding_cache_5 [1688128, 32]; dev=5; size=206.1 MB
W20240211 03:41:46.752588 35280 IPCTensor.h:409] NewIPCGPUTensor: embedding_cache_0 [1688128, 32]; dev=0; size=206.1 MB
W20240211 03:41:47.532290 38723 IPCTensor.h:369] NewIPCTensor: input_keys_6 [1000000]0x10010196e000 7.629 MB
W20240211 03:41:47.532466 38723 IPCTensor.h:369] NewIPCTensor: input_keys_neg_6 [1000000]0x100102111000 7.629 MB
W20240211 03:41:47.532531 38723 IPCTensor.h:369] NewIPCTensor: backward_grads_6 [1000000, 32]0x1001028b4000 122.1 MB
W20240211 03:41:47.532577 38723 IPCTensor.h:369] NewIPCTensor: backward_grads_neg_6 [1000000, 32]0x10010a2c8000 122.1 MB
W20240211 03:41:47.532608 38723 IPCTensor.h:409] NewIPCGPUTensor: backward_grads_6_gpu [1000000, 32]; dev=6; size=122.1 MB
W20240211 03:41:47.533671 38719 IPCTensor.h:369] NewIPCTensor: input_keys_2 [1000000]0x100111cde000 7.629 MB
W20240211 03:41:47.533885 38719 IPCTensor.h:369] NewIPCTensor: input_keys_neg_2 [1000000]0x100112483000 7.629 MB
W20240211 03:41:47.533905 38723 IPCTensor.h:409] NewIPCGPUTensor: backward_grads_neg_6_gpu [1000000, 32]; dev=6; size=122.1 MB
W20240211 03:41:47.533965 38719 IPCTensor.h:369] NewIPCTensor: backward_grads_2 [1000000, 32]0x100112c26000 122.1 MB
W20240211 03:41:47.534022 38719 IPCTensor.h:369] NewIPCTensor: backward_grads_neg_2 [1000000, 32]0x10011a63a000 122.1 MB
W20240211 03:41:47.534093 38719 IPCTensor.h:409] NewIPCGPUTensor: backward_grads_2_gpu [1000000, 32]; dev=2; size=122.1 MB
W20240211 03:41:47.534799 38719 IPCTensor.h:409] NewIPCGPUTensor: backward_grads_neg_2_gpu [1000000, 32]; dev=2; size=122.1 MB
W20240211 03:41:47.566262 38721 IPCTensor.h:369] NewIPCTensor: input_keys_4 [1000000]0x100122056000 7.629 MB
W20240211 03:41:47.566459 38721 IPCTensor.h:369] NewIPCTensor: input_keys_neg_4 [1000000]0x1001227f9000 7.629 MB
W20240211 03:41:47.566545 38721 IPCTensor.h:369] NewIPCTensor: backward_grads_4 [1000000, 32]0x100122f9c000 122.1 MB
W20240211 03:41:47.566603 38721 IPCTensor.h:369] NewIPCTensor: backward_grads_neg_4 [1000000, 32]0x10012a9b0000 122.1 MB
W20240211 03:41:47.566643 38721 IPCTensor.h:409] NewIPCGPUTensor: backward_grads_4_gpu [1000000, 32]; dev=4; size=122.1 MB
W20240211 03:41:47.567080 38721 IPCTensor.h:409] NewIPCGPUTensor: backward_grads_neg_4_gpu [1000000, 32]; dev=4; size=122.1 MB
W20240211 03:41:47.577203 38720 IPCTensor.h:369] NewIPCTensor: input_keys_3 [1000000]0x1001323ca000 7.629 MB
W20240211 03:41:47.577368 38720 IPCTensor.h:369] NewIPCTensor: input_keys_neg_3 [1000000]0x100132b6d000 7.629 MB
W20240211 03:41:47.577435 38720 IPCTensor.h:369] NewIPCTensor: backward_grads_3 [1000000, 32]0x100133310000 122.1 MB
W20240211 03:41:47.577481 38720 IPCTensor.h:369] NewIPCTensor: backward_grads_neg_3 [1000000, 32]0x10013ad24000 122.1 MB
W20240211 03:41:47.577514 38720 IPCTensor.h:409] NewIPCGPUTensor: backward_grads_3_gpu [1000000, 32]; dev=3; size=122.1 MB
W20240211 03:41:47.578505 38720 IPCTensor.h:409] NewIPCGPUTensor: backward_grads_neg_3_gpu [1000000, 32]; dev=3; size=122.1 MB
W20240211 03:41:47.627332 38722 IPCTensor.h:369] NewIPCTensor: input_keys_5 [1000000]0x10014273e000 7.629 MB
W20240211 03:41:47.627552 38722 IPCTensor.h:369] NewIPCTensor: input_keys_neg_5 [1000000]0x100142ee3000 7.629 MB
W20240211 03:41:47.627640 38722 IPCTensor.h:369] NewIPCTensor: backward_grads_5 [1000000, 32]0x100143686000 122.1 MB
W20240211 03:41:47.627673 38718 IPCTensor.h:369] NewIPCTensor: input_keys_1 [1000000]0x10014b09a000 7.629 MB
W20240211 03:41:47.627708 38722 IPCTensor.h:369] NewIPCTensor: backward_grads_neg_5 [1000000, 32]0x10014b83d000 122.1 MB
W20240211 03:41:47.627770 38722 IPCTensor.h:409] NewIPCGPUTensor: backward_grads_5_gpu [1000000, 32]; dev=5; size=122.1 MB
W20240211 03:41:47.627841 38718 IPCTensor.h:369] NewIPCTensor: input_keys_neg_1 [1000000]0x100153251000 7.629 MB
W20240211 03:41:47.627926 38718 IPCTensor.h:369] NewIPCTensor: backward_grads_1 [1000000, 32]0x1001539f4000 122.1 MB
W20240211 03:41:47.627971 38718 IPCTensor.h:369] NewIPCTensor: backward_grads_neg_1 [1000000, 32]0x10015b408000 122.1 MB
W20240211 03:41:47.628003 38718 IPCTensor.h:409] NewIPCGPUTensor: backward_grads_1_gpu [1000000, 32]; dev=1; size=122.1 MB
W20240211 03:41:47.628289 38722 IPCTensor.h:409] NewIPCGPUTensor: backward_grads_neg_5_gpu [1000000, 32]; dev=5; size=122.1 MB
W20240211 03:41:47.628427 38718 IPCTensor.h:409] NewIPCGPUTensor: backward_grads_neg_1_gpu [1000000, 32]; dev=1; size=122.1 MB
W20240211 03:41:47.640684 35280 IPCTensor.h:369] NewIPCTensor: input_keys_0 [1000000]0x100162e26000 7.629 MB
W20240211 03:41:47.641264 35280 IPCTensor.h:369] NewIPCTensor: input_keys_neg_0 [1000000]0x1001635c9000 7.629 MB
W20240211 03:41:47.641433 35280 IPCTensor.h:369] NewIPCTensor: backward_grads_0 [1000000, 32]0x100163d6c000 122.1 MB
W20240211 03:41:47.641477 35280 IPCTensor.h:369] NewIPCTensor: backward_grads_neg_0 [1000000, 32]0x10016b780000 122.1 MB
W20240211 03:41:47.641557 35280 IPCTensor.h:409] NewIPCGPUTensor: backward_grads_0_gpu [1000000, 32]; dev=0; size=122.1 MB
W20240211 03:41:47.641957 35280 IPCTensor.h:409] NewIPCGPUTensor: backward_grads_neg_0_gpu [1000000, 32]; dev=0; size=122.1 MB
W20240211 03:41:47.648335 38724 IPCTensor.h:369] NewIPCTensor: input_keys_7 [1000000]0x10017319a000 7.629 MB
W20240211 03:41:47.648481 38724 IPCTensor.h:369] NewIPCTensor: input_keys_neg_7 [1000000]0x10017393d000 7.629 MB
W20240211 03:41:47.648562 38724 IPCTensor.h:369] NewIPCTensor: backward_grads_7 [1000000, 32]0x1001740e0000 122.1 MB
W20240211 03:41:47.648613 38724 IPCTensor.h:369] NewIPCTensor: backward_grads_neg_7 [1000000, 32]0x10017baf4000 122.1 MB
W20240211 03:41:47.648659 38724 IPCTensor.h:409] NewIPCGPUTensor: backward_grads_7_gpu [1000000, 32]; dev=7; size=122.1 MB
W20240211 03:41:47.649036 38724 IPCTensor.h:409] NewIPCGPUTensor: backward_grads_neg_7_gpu [1000000, 32]; dev=7; size=122.1 MB
Worker 7 pid=38724
New CachedEmbedding, name=full_emb, shape=(33762578, 32), cache_type=KnownLocalCachedEmbedding
fixed cache_range is [(0, 1688128), (1688128, 3376256), (3376256, 5064384), (5064384, 6752512), (6752512, 8440640), (8440640, 10128768), (10128768, 11816896), (11816896, 13505024)]
cudaHostRegister 0x100000002000
0: KnownLocalCachedEmbedding init done
cudaHostRegister 0x100000002000
5: KnownLocalCachedEmbedding init done
cudaHostRegister 0x100000002000
6: KnownLocalCachedEmbedding init done
cudaHostRegister 0x100000002000
1: KnownLocalCachedEmbedding init done
cudaHostRegister 0x100000002000
4: KnownLocalCachedEmbedding init done
cudaHostRegister 0x100000002000
7: KnownLocalCachedEmbedding init done
cudaHostRegister 0x100000002000
2: KnownLocalCachedEmbedding init done
cudaHostRegister 0x100000002000
3: KnownLocalCachedEmbedding init done
W20240211 03:41:55.399215 35280 IPCTensor.h:369] NewIPCTensor: cached_sampler_r0_0 [1000000]0x10018350c000 7.629 MB
W20240211 03:41:55.399444 35280 IPCTensor.h:369] NewIPCTensor: cached_sampler_r0_1 [1000000]0x100183caf000 7.629 MB
W20240211 03:41:55.399502 35280 IPCTensor.h:369] NewIPCTensor: cached_sampler_r0_2 [1000000]0x100184452000 7.629 MB
W20240211 03:41:55.399549 35280 IPCTensor.h:369] NewIPCTensor: cached_sampler_r0_3 [1000000]0x100184bf5000 7.629 MB
W20240211 03:41:55.399592 35280 IPCTensor.h:369] NewIPCTensor: cached_sampler_r0_4 [1000000]0x100185398000 7.629 MB
W20240211 03:41:55.399628 35280 IPCTensor.h:369] NewIPCTensor: cached_sampler_r0_5 [1000000]0x100185b3b000 7.629 MB
W20240211 03:41:55.399667 35280 IPCTensor.h:369] NewIPCTensor: cached_sampler_r0_6 [1000000]0x1001862de000 7.629 MB
W20240211 03:41:55.399726 35280 IPCTensor.h:369] NewIPCTensor: cached_sampler_r0_7 [1000000]0x100186a81000 7.629 MB
W20240211 03:41:55.399773 35280 IPCTensor.h:369] NewIPCTensor: cached_sampler_r0_8 [1000000]0x100187224000 7.629 MB
W20240211 03:41:55.399812 35280 IPCTensor.h:369] NewIPCTensor: cached_sampler_r0_9 [1000000]0x1001879c7000 7.629 MB
W20240211 03:41:55.399859 35280 IPCTensor.h:369] NewIPCTensor: step_r0 [10]0x10018816a000 80 B 
W20240211 03:41:55.399890 35280 IPCTensor.h:369] NewIPCTensor: circle_buffer_end_r0 [1]0x10018816c000 8 B 
W20240211 03:41:55.399937 35280 IPCTensor.h:369] NewIPCTensor: circle_buffer_end_cppseen_r0 [1]0x10018816e000 8 B 
Dataset:  /home/xieminhui/RecStoreDataset/criteo_binary
Dataset loaded
np.max =  33762577
np.min=  1
Construct RecModelSampler done
I20240211 03:41:55.400357 35280 IPC_barrier.h:118] CreateBarrier: new barrier, name: kgcachecontroller, count: 8
W20240211 03:41:55.487027 38718 IPCTensor.h:369] NewIPCTensor: cached_sampler_r1_0 [1000000]0x100188170000 7.629 MB
W20240211 03:41:55.487233 38718 IPCTensor.h:369] NewIPCTensor: cached_sampler_r1_1 [1000000]0x100188913000 7.629 MB
W20240211 03:41:55.487275 38718 IPCTensor.h:369] NewIPCTensor: cached_sampler_r1_2 [1000000]0x1001890b6000 7.629 MB
W20240211 03:41:55.487320 38718 IPCTensor.h:369] NewIPCTensor: cached_sampler_r1_3 [1000000]0x100189859000 7.629 MB
W20240211 03:41:55.487365 38718 IPCTensor.h:369] NewIPCTensor: cached_sampler_r1_4 [1000000]0x100189ffc000 7.629 MB
W20240211 03:41:55.487412 38718 IPCTensor.h:369] NewIPCTensor: cached_sampler_r1_5 [1000000]0x10018a79f000 7.629 MB
W20240211 03:41:55.487457 38718 IPCTensor.h:369] NewIPCTensor: cached_sampler_r1_6 [1000000]0x10018af42000 7.629 MB
W20240211 03:41:55.487498 38718 IPCTensor.h:369] NewIPCTensor: cached_sampler_r1_7 [1000000]0x10018b6e5000 7.629 MB
W20240211 03:41:55.487541 38718 IPCTensor.h:369] NewIPCTensor: cached_sampler_r1_8 [1000000]0x10018be88000 7.629 MB
W20240211 03:41:55.487588 38718 IPCTensor.h:369] NewIPCTensor: cached_sampler_r1_9 [1000000]0x10018c62b000 7.629 MB
W20240211 03:41:55.487643 38718 IPCTensor.h:369] NewIPCTensor: step_r1 [10]0x10018cdce000 80 B 
W20240211 03:41:55.487677 38718 IPCTensor.h:369] NewIPCTensor: circle_buffer_end_r1 [1]0x10018cdd0000 8 B 
W20240211 03:41:55.487712 38718 IPCTensor.h:369] NewIPCTensor: circle_buffer_end_cppseen_r1 [1]0x10018cdd2000 8 B 
Dataset:  /home/xieminhui/RecStoreDataset/criteo_binary
Dataset loaded
np.max =  33762577
np.min=  1
Construct RecModelSampler done
I20240211 03:41:55.488140 38718 IPC_barrier.h:112] CreateBarrier: find existing barrier, name: kgcachecontroller, count: 8
W20240211 03:41:55.950513 38720 IPCTensor.h:369] NewIPCTensor: cached_sampler_r3_0 [1000000]0x10018cdd4000 7.629 MB
W20240211 03:41:55.950750 38720 IPCTensor.h:369] NewIPCTensor: cached_sampler_r3_1 [1000000]0x10018d577000 7.629 MB
W20240211 03:41:55.950824 38720 IPCTensor.h:369] NewIPCTensor: cached_sampler_r3_2 [1000000]0x10018dd1a000 7.629 MB
W20240211 03:41:55.950889 38720 IPCTensor.h:369] NewIPCTensor: cached_sampler_r3_3 [1000000]0x10018e4bd000 7.629 MB
W20240211 03:41:55.950955 38720 IPCTensor.h:369] NewIPCTensor: cached_sampler_r3_4 [1000000]0x10018ec60000 7.629 MB
W20240211 03:41:55.950999 38720 IPCTensor.h:369] NewIPCTensor: cached_sampler_r3_5 [1000000]0x10018f403000 7.629 MB
W20240211 03:41:55.951061 38720 IPCTensor.h:369] NewIPCTensor: cached_sampler_r3_6 [1000000]0x10018fba6000 7.629 MB
W20240211 03:41:55.951104 38720 IPCTensor.h:369] NewIPCTensor: cached_sampler_r3_7 [1000000]0x100190349000 7.629 MB
W20240211 03:41:55.951174 38720 IPCTensor.h:369] NewIPCTensor: cached_sampler_r3_8 [1000000]0x100190aec000 7.629 MB
W20240211 03:41:55.951246 38720 IPCTensor.h:369] NewIPCTensor: cached_sampler_r3_9 [1000000]0x10019128f000 7.629 MB
W20240211 03:41:55.951306 38720 IPCTensor.h:369] NewIPCTensor: step_r3 [10]0x100191a32000 80 B 
W20240211 03:41:55.951341 38720 IPCTensor.h:369] NewIPCTensor: circle_buffer_end_r3 [1]0x100191a34000 8 B 
W20240211 03:41:55.951376 38720 IPCTensor.h:369] NewIPCTensor: circle_buffer_end_cppseen_r3 [1]0x100191a36000 8 B 
Dataset:  /home/xieminhui/RecStoreDataset/criteo_binary
Dataset loaded
np.max =  33762577
np.min=  1
Construct RecModelSampler done
I20240211 03:41:55.951844 38720 IPC_barrier.h:112] CreateBarrier: find existing barrier, name: kgcachecontroller, count: 8
W20240211 03:41:56.046617 38723 IPCTensor.h:369] NewIPCTensor: cached_sampler_r6_0 [1000000]0x100191a38000 7.629 MB
W20240211 03:41:56.046783 38723 IPCTensor.h:369] NewIPCTensor: cached_sampler_r6_1 [1000000]0x1001921db000 7.629 MB
W20240211 03:41:56.046833 38723 IPCTensor.h:369] NewIPCTensor: cached_sampler_r6_2 [1000000]0x10019297e000 7.629 MB
W20240211 03:41:56.046873 38723 IPCTensor.h:369] NewIPCTensor: cached_sampler_r6_3 [1000000]0x100193121000 7.629 MB
W20240211 03:41:56.046916 38723 IPCTensor.h:369] NewIPCTensor: cached_sampler_r6_4 [1000000]0x1001938c4000 7.629 MB
W20240211 03:41:56.046959 38723 IPCTensor.h:369] NewIPCTensor: cached_sampler_r6_5 [1000000]0x100194067000 7.629 MB
W20240211 03:41:56.047006 38723 IPCTensor.h:369] NewIPCTensor: cached_sampler_r6_6 [1000000]0x10019480a000 7.629 MB
W20240211 03:41:56.047047 38723 IPCTensor.h:369] NewIPCTensor: cached_sampler_r6_7 [1000000]0x100194fad000 7.629 MB
W20240211 03:41:56.047089 38723 IPCTensor.h:369] NewIPCTensor: cached_sampler_r6_8 [1000000]0x100195750000 7.629 MB
W20240211 03:41:56.047128 38723 IPCTensor.h:369] NewIPCTensor: cached_sampler_r6_9 [1000000]0x100195ef3000 7.629 MB
W20240211 03:41:56.047173 38723 IPCTensor.h:369] NewIPCTensor: step_r6 [10]0x100196696000 80 B 
W20240211 03:41:56.047209 38723 IPCTensor.h:369] NewIPCTensor: circle_buffer_end_r6 [1]0x100196698000 8 B 
W20240211 03:41:56.047241 38723 IPCTensor.h:369] NewIPCTensor: circle_buffer_end_cppseen_r6 [1]0x10019669a000 8 B 
Dataset:  /home/xieminhui/RecStoreDataset/criteo_binary
Dataset loaded
np.max =  33762577
np.min=  1
Construct RecModelSampler done
I20240211 03:41:56.047566 38723 IPC_barrier.h:112] CreateBarrier: find existing barrier, name: kgcachecontroller, count: 8
W20240211 03:41:56.052701 38722 IPCTensor.h:369] NewIPCTensor: cached_sampler_r5_0 [1000000]0x10019669c000 7.629 MB
W20240211 03:41:56.052839 38722 IPCTensor.h:369] NewIPCTensor: cached_sampler_r5_1 [1000000]0x100196e3f000 7.629 MB
W20240211 03:41:56.052896 38722 IPCTensor.h:369] NewIPCTensor: cached_sampler_r5_2 [1000000]0x1001975e2000 7.629 MB
W20240211 03:41:56.052948 38722 IPCTensor.h:369] NewIPCTensor: cached_sampler_r5_3 [1000000]0x100197d85000 7.629 MB
W20240211 03:41:56.052984 38722 IPCTensor.h:369] NewIPCTensor: cached_sampler_r5_4 [1000000]0x100198528000 7.629 MB
W20240211 03:41:56.053027 38722 IPCTensor.h:369] NewIPCTensor: cached_sampler_r5_5 [1000000]0x100198ccb000 7.629 MB
W20240211 03:41:56.053061 38722 IPCTensor.h:369] NewIPCTensor: cached_sampler_r5_6 [1000000]0x10019946e000 7.629 MB
W20240211 03:41:56.053110 38722 IPCTensor.h:369] NewIPCTensor: cached_sampler_r5_7 [1000000]0x100199c11000 7.629 MB
W20240211 03:41:56.053156 38722 IPCTensor.h:369] NewIPCTensor: cached_sampler_r5_8 [1000000]0x10019a3b4000 7.629 MB
W20240211 03:41:56.053208 38722 IPCTensor.h:369] NewIPCTensor: cached_sampler_r5_9 [1000000]0x10019ab57000 7.629 MB
W20240211 03:41:56.053268 38722 IPCTensor.h:369] NewIPCTensor: step_r5 [10]0x10019b2fa000 80 B 
W20240211 03:41:56.053313 38722 IPCTensor.h:369] NewIPCTensor: circle_buffer_end_r5 [1]0x10019b2fc000 8 B 
W20240211 03:41:56.053344 38722 IPCTensor.h:369] NewIPCTensor: circle_buffer_end_cppseen_r5 [1]0x10019b2fe000 8 B 
Dataset:  /home/xieminhui/RecStoreDataset/criteo_binary
Dataset loaded
np.max =  33762577
np.min=  1
Construct RecModelSampler done
I20240211 03:41:56.053661 38722 IPC_barrier.h:112] CreateBarrier: find existing barrier, name: kgcachecontroller, count: 8
W20240211 03:41:56.098057 38724 IPCTensor.h:369] NewIPCTensor: cached_sampler_r7_0 [1000000]0x10019b300000 7.629 MB
W20240211 03:41:56.098186 38724 IPCTensor.h:369] NewIPCTensor: cached_sampler_r7_1 [1000000]0x10019baa3000 7.629 MB
W20240211 03:41:56.098227 38724 IPCTensor.h:369] NewIPCTensor: cached_sampler_r7_2 [1000000]0x10019c246000 7.629 MB
W20240211 03:41:56.098269 38724 IPCTensor.h:369] NewIPCTensor: cached_sampler_r7_3 [1000000]0x10019c9e9000 7.629 MB
W20240211 03:41:56.098311 38724 IPCTensor.h:369] NewIPCTensor: cached_sampler_r7_4 [1000000]0x10019d18c000 7.629 MB
W20240211 03:41:56.098351 38724 IPCTensor.h:369] NewIPCTensor: cached_sampler_r7_5 [1000000]0x10019d92f000 7.629 MB
W20240211 03:41:56.098392 38724 IPCTensor.h:369] NewIPCTensor: cached_sampler_r7_6 [1000000]0x10019e0d2000 7.629 MB
W20240211 03:41:56.098434 38724 IPCTensor.h:369] NewIPCTensor: cached_sampler_r7_7 [1000000]0x10019e875000 7.629 MB
W20240211 03:41:56.098475 38724 IPCTensor.h:369] NewIPCTensor: cached_sampler_r7_8 [1000000]0x10019f018000 7.629 MB
W20240211 03:41:56.098513 38724 IPCTensor.h:369] NewIPCTensor: cached_sampler_r7_9 [1000000]0x10019f7bb000 7.629 MB
W20240211 03:41:56.098592 38724 IPCTensor.h:369] NewIPCTensor: step_r7 [10]0x10019ff5e000 80 B 
W20240211 03:41:56.098627 38724 IPCTensor.h:369] NewIPCTensor: circle_buffer_end_r7 [1]0x10019ff60000 8 B 
W20240211 03:41:56.098664 38724 IPCTensor.h:369] NewIPCTensor: circle_buffer_end_cppseen_r7 [1]0x10019ff62000 8 B 
Dataset:  /home/xieminhui/RecStoreDataset/criteo_binary
Dataset loaded
np.max =  33762577
np.min=  1
Construct RecModelSampler done
I20240211 03:41:56.098943 38724 IPC_barrier.h:112] CreateBarrier: find existing barrier, name: kgcachecontroller, count: 8
W20240211 03:41:56.105425 38719 IPCTensor.h:369] NewIPCTensor: cached_sampler_r2_0 [1000000]0x10019ff64000 7.629 MB
W20240211 03:41:56.105558 38719 IPCTensor.h:369] NewIPCTensor: cached_sampler_r2_1 [1000000]0x1001a0707000 7.629 MB
W20240211 03:41:56.105592 38719 IPCTensor.h:369] NewIPCTensor: cached_sampler_r2_2 [1000000]0x1001a0eaa000 7.629 MB
W20240211 03:41:56.105621 38719 IPCTensor.h:369] NewIPCTensor: cached_sampler_r2_3 [1000000]0x1001a164d000 7.629 MB
W20240211 03:41:56.105652 38719 IPCTensor.h:369] NewIPCTensor: cached_sampler_r2_4 [1000000]0x1001a1df0000 7.629 MB
W20240211 03:41:56.105680 38719 IPCTensor.h:369] NewIPCTensor: cached_sampler_r2_5 [1000000]0x1001a2593000 7.629 MB
W20240211 03:41:56.105715 38719 IPCTensor.h:369] NewIPCTensor: cached_sampler_r2_6 [1000000]0x1001a2d36000 7.629 MB
W20240211 03:41:56.105746 38719 IPCTensor.h:369] NewIPCTensor: cached_sampler_r2_7 [1000000]0x1001a34d9000 7.629 MB
W20240211 03:41:56.105775 38719 IPCTensor.h:369] NewIPCTensor: cached_sampler_r2_8 [1000000]0x1001a3c7c000 7.629 MB
W20240211 03:41:56.105810 38719 IPCTensor.h:369] NewIPCTensor: cached_sampler_r2_9 [1000000]0x1001a441f000 7.629 MB
W20240211 03:41:56.105849 38719 IPCTensor.h:369] NewIPCTensor: step_r2 [10]0x1001a4bc2000 80 B 
W20240211 03:41:56.105873 38719 IPCTensor.h:369] NewIPCTensor: circle_buffer_end_r2 [1]0x1001a4bc4000 8 B 
W20240211 03:41:56.105897 38719 IPCTensor.h:369] NewIPCTensor: circle_buffer_end_cppseen_r2 [1]0x1001a4bc6000 8 B 
Dataset:  /home/xieminhui/RecStoreDataset/criteo_binary
Dataset loaded
np.max =  33762577
np.min=  1
Construct RecModelSampler done
I20240211 03:41:56.106160 38719 IPC_barrier.h:112] CreateBarrier: find existing barrier, name: kgcachecontroller, count: 8
W20240211 03:41:56.869223 38721 IPCTensor.h:369] NewIPCTensor: cached_sampler_r4_0 [1000000]0x1001a4bc8000 7.629 MB
W20240211 03:41:56.869498 38721 IPCTensor.h:369] NewIPCTensor: cached_sampler_r4_1 [1000000]0x1001a536b000 7.629 MB
W20240211 03:41:56.869550 38721 IPCTensor.h:369] NewIPCTensor: cached_sampler_r4_2 [1000000]0x1001a5b0e000 7.629 MB
W20240211 03:41:56.869598 38721 IPCTensor.h:369] NewIPCTensor: cached_sampler_r4_3 [1000000]0x1001a62b1000 7.629 MB
W20240211 03:41:56.869645 38721 IPCTensor.h:369] NewIPCTensor: cached_sampler_r4_4 [1000000]0x1001a6a54000 7.629 MB
W20240211 03:41:56.869709 38721 IPCTensor.h:369] NewIPCTensor: cached_sampler_r4_5 [1000000]0x1001a71f7000 7.629 MB
W20240211 03:41:56.869771 38721 IPCTensor.h:369] NewIPCTensor: cached_sampler_r4_6 [1000000]0x1001a799a000 7.629 MB
W20240211 03:41:56.869817 38721 IPCTensor.h:369] NewIPCTensor: cached_sampler_r4_7 [1000000]0x1001a813d000 7.629 MB
W20240211 03:41:56.869887 38721 IPCTensor.h:369] NewIPCTensor: cached_sampler_r4_8 [1000000]0x1001a88e0000 7.629 MB
W20240211 03:41:56.869933 38721 IPCTensor.h:369] NewIPCTensor: cached_sampler_r4_9 [1000000]0x1001a9083000 7.629 MB
W20240211 03:41:56.869995 38721 IPCTensor.h:369] NewIPCTensor: step_r4 [10]0x1001a9826000 80 B 
W20240211 03:41:56.870038 38721 IPCTensor.h:369] NewIPCTensor: circle_buffer_end_r4 [1]0x1001a9828000 8 B 
W20240211 03:41:56.870077 38721 IPCTensor.h:369] NewIPCTensor: circle_buffer_end_cppseen_r4 [1]0x1001a982a000 8 B 
Dataset:  /home/xieminhui/RecStoreDataset/criteo_binary
Dataset loaded
np.max =  33762577
np.min=  1
Construct RecModelSampler done
I20240211 03:41:56.870525 38721 IPC_barrier.h:112] CreateBarrier: find existing barrier, name: kgcachecontroller, count: 8
W20240211 03:41:56.875084 35280 grad_base.h:55] KGCacheController, config={
        "num_gpus": 8,
        "L": 10,
        "kForwardItersPerStep": 1,
        "clr": 0.01,
        "backwardMode": "CppAsyncV2",
        "nr_background_threads": 16, 
        "cache_ratio": 0.05,
        "backgrad_init": "both",
        "update_pq_use_omp": 2,
        "kUpdatePqWorkerNum": 8
    }
W20240211 03:41:56.875486 35280 grad_base.h:184] Init GradProcessingBase done
I20240211 03:42:00.979481 35280 grad_async_v2.h:42] Use main thread to update emb.
W20240211 03:42:00.979861 35280 kg_controller.h:78] after init GradAsyncProcessingV2
I20240211 03:42:00.979890 35280 kg_controller.h:84] Construct KGCacheController done
E20240211 03:42:02.740962 38721 recstore.cc:66] init folly done
E20240211 03:42:02.740981 38720 recstore.cc:66] init folly done
E20240211 03:42:02.740975 38724 recstore.cc:66] init folly done
E20240211 03:42:02.741003 38723 recstore.cc:66] init folly done
Construct KGCacheControllerWrapper done
E20240211 03:42:02.741070 38718 recstore.cc:66] init folly done
Construct KGCacheControllerWrapper done
Construct KGCacheControllerWrapper done
Construct KGCacheControllerWrapper done
Construct KGCacheControllerWrapper done
E20240211 03:42:02.741823 38719 recstore.cc:66] init folly done
E20240211 03:42:02.741860 38722 recstore.cc:66] init folly done
E20240211 03:42:02.741869 35280 recstore.cc:66] init folly done
Construct KGCacheControllerWrapper done
Construct KGCacheControllerWrapper done
Construct KGCacheControllerWrapper done
I20240211 03:42:02.743048 35280 grad_base.h:60] GraphEnv RegTensorsPerProcess
W20240211 03:42:03.967980 43295 grad_async_v2.h:137] Detect new sample comes, old_end0, new_end1
E20240211 03:42:03.968624 43295 parallel_pq_v2.h:79] insert failed, size(hashtable)=0
E20240211 03:42:04.968011 43295 parallel_pq_v2.h:79] insert failed, size(hashtable)=0
W20240211 03:42:04.980430 43295 grad_async_v2.h:137] Detect new sample comes, old_end7, new_end8
Before Training
Before Training
I20240211 03:42:06.452713 38721 IPC_barrier.h:118] CreateBarrier: new barrier, name: start_barrier, count: 8
I20240211 03:42:06.452761 38719 IPC_barrier.h:112] CreateBarrier: find existing barrier, name: start_barrier, count: 8
Before Training
Before Training
Before Training
I20240211 03:42:06.453083 38722 IPC_barrier.h:112] CreateBarrier: find existing barrier, name: start_barrier, count: 8
Before Training
I20240211 03:42:06.453222 38723 IPC_barrier.h:112] CreateBarrier: find existing barrier, name: start_barrier, count: 8
I20240211 03:42:06.453294 38724 IPC_barrier.h:112] CreateBarrier: find existing barrier, name: start_barrier, count: 8
I20240211 03:42:06.453358 38720 IPC_barrier.h:112] CreateBarrier: find existing barrier, name: start_barrier, count: 8
Before Training
I20240211 03:42:06.453756 38718 IPC_barrier.h:112] CreateBarrier: find existing barrier, name: start_barrier, count: 8
Before Training
I20240211 03:42:06.454057 35280 IPC_barrier.h:112] CreateBarrier: find existing barrier, name: start_barrier, count: 8
W20240211 03:42:06.456703 43295 grad_async_v2.h:137] Detect new sample comes, old_end0, new_end1
E20240211 03:42:06.457096 43295 parallel_pq_v2.h:79] insert failed, size(hashtable)=0
========== Step 0 ========== 
+---------------------------+---------------------------+---------------------------+
| Name                      | P50                       | P99                       |
+---------------------------+---------------------------+---------------------------+
| GenInput:CircleBuffer     | 174.093 us                | 174.093 us                |
| GenInput                  | 380.564 us                | 380.564 us                |
| NN                        | 255.584 ms                | 255.584 ms                |
| Forward                   | 260.158 ms                | 260.158 ms                |
| Backward                  | 93.700 ms                 | 93.700 ms                 |
| Optimize                  | 7.266 ms                  | 7.266 ms                  |
| BarrierTimeBeforeRank0    | 16.879 ms                 | 16.879 ms                 |
+---------------------------+---------------------------+---------------------------+
+---------------------------+---------------------------+---------------------------+
| Name                      | P50                       | P99                       |
+---------------------------+---------------------------+---------------------------+
| clean                     | 143.301 us                | 434.428 us                |
| ProcessBack:Shuffle       | 312.409 ms                | 312.409 ms                |
+---------------------------+---------------------------+---------------------------+
E20240211 03:42:08.012320 43898 parallel_pq_v2.h:79] insert failed, size(hashtable)=0
W20240211 03:42:08.058049 35280 grad_async_v2.h:270] Sleep in <BlockToStepN>, step_no=1, pq.top=0
W20240211 03:42:08.115898 43295 grad_async_v2.h:137] Detect new sample comes, old_end1, new_end2
========== Step 1 ========== 
INFO [38720 distributed.py:1140] Reducer buckets have been rebuilt in this iteration.
INFO [38723 distributed.py:1140] Reducer buckets have been rebuilt in this iteration.
INFO [38724 distributed.py:1140] Reducer buckets have been rebuilt in this iteration.
INFO [38721 distributed.py:1140] Reducer buckets have been rebuilt in this iteration.
INFO [38719 distributed.py:1140] Reducer buckets have been rebuilt in this iteration.
INFO [38722 distributed.py:1140] Reducer buckets have been rebuilt in this iteration.
INFO [38718 distributed.py:1140] Reducer buckets have been rebuilt in this iteration.
INFO [35280 distributed.py:1140] Reducer buckets have been rebuilt in this iteration.
========== Step 2 ========== 
========== Step 3 ========== 
========== Step 4 ========== 
========== Step 5 ========== 
========== Step 6 ========== 
========== Step 7 ========== 
========== Step 8 ========== 
========== Step 9 ========== 
========== Step 10 ========== 
========== Step 11 ========== 
E20240211 03:42:08.324460 35280 grad_async_v2.h:404] Stalled in ProcessBackward: rank=4, step_no=11, sample_step_cpp_seen_[rank]=10
========== Step 12 ========== 
========== Step 13 ========== 
========== Step 14 ========== 
========== Step 15 ========== 
========== Step 16 ========== 
========== Step 17 ========== 
========== Step 18 ========== 
========== Step 19 ========== 
========== Step 20 ========== 
========== Step 21 ========== 
========== Step 22 ========== 
========== Step 23 ========== 
E20240211 03:42:09.012080 43295 parallel_pq_v2.h:79] insert failed, size(hashtable)=1
W20240211 03:42:09.115890 43295 grad_async_v2.h:137] Detect new sample comes, old_end3, new_end4
========== Step 24 ========== 
========== Step 25 ========== 
========== Step 26 ========== 
========== Step 27 ========== 
========== Step 28 ========== 
========== Step 29 ========== 
========== Step 30 ========== 
========== Step 31 ========== 
========== Step 32 ========== 
========== Step 33 ========== 
========== Step 34 ========== 
========== Step 35 ========== 
========== Step 36 ========== 
E20240211 03:42:10.015362 43295 parallel_pq_v2.h:79] insert failed, size(hashtable)=27
W20240211 03:42:10.146788 43295 grad_async_v2.h:137] Detect new sample comes, old_end6, new_end7
========== Step 37 ========== 
========== Step 38 ========== 
========== Step 39 ========== 
========== Step 40 ========== 
========== Step 41 ========== 
========== Step 42 ========== 
W20240211 03:42:10.470858 35280 grad_async_v2.h:257] pq is empty
========== Step 43 ========== 
========== Step 44 ========== 
========== Step 45 ========== 
W20240211 03:42:10.563896 35280 grad_async_v2.h:257] pq is empty
========== Step 46 ========== 
========== Step 47 ========== 
========== Step 48 ========== 
E20240211 03:42:11.015012 43295 parallel_pq_v2.h:79] insert failed, size(hashtable)=3
========== Step 49 ========== 
W20240211 03:42:11.159629 43295 grad_async_v2.h:137] Detect new sample comes, old_end9, new_end0
========== Step 50 ========== 
========== Step 51 ========== 
========== Step 52 ========== 
========== Step 53 ========== 
========== Step 54 ========== 
========== Step 55 ========== 
========== Step 56 ========== 
========== Step 57 ========== 
========== Step 58 ========== 
========== Step 59 ========== 
========== Step 60 ========== 
+---------------------------+---------------------------+---------------------------+
| Name                      | P50                       | P99                       |
+---------------------------+---------------------------+---------------------------+
| GenInput:CircleBuffer     | 124.838 us                | 411.851 us                |
| GenInput                  | 465.478 us                | 7.765 ms                  |
| NN                        | 1.255 ms                  | 9.547 ms                  |
| Forward                   | 1.569 ms                  | 9.746 ms                  |
| Backward                  | 2.435 ms                  | 14.665 ms                 |
| Optimize                  | 298.531 us                | 3.124 ms                  |
| BarrierTimeBeforeRank0    | 244.384 us                | 14.446 ms                 |
| AfterBackward             | 18.578 ms                 | 412.862 ms                |
| BlockToStepN              | 164.400 us                | 426.718 us                |
| OneStep                   | 24.255 ms                 | 419.144 ms                |
+---------------------------+---------------------------+---------------------------+
E20240211 03:42:12.015877 43295 parallel_pq_v2.h:79] insert failed, size(hashtable)=7
========== Step 61 ========== 
========== Step 62 ========== 
========== Step 63 ========== 
W20240211 03:42:12.169816 35280 grad_async_v2.h:257] pq is empty
========== Step 64 ========== 
W20240211 03:42:12.180542 43295 grad_async_v2.h:137] Detect new sample comes, old_end1, new_end5
========== Step 65 ========== 
========== Step 66 ========== 
W20240211 03:42:12.237808 35280 grad_async_v2.h:257] pq is empty
========== Step 67 ========== 
W20240211 03:42:12.252985 35280 grad_async_v2.h:257] pq is empty
========== Step 68 ========== 
========== Step 69 ========== 
W20240211 03:42:12.284062 35280 grad_async_v2.h:257] pq is empty
========== Step 70 ========== 
========== Step 71 ========== 
+---------------------------+---------------------------+---------------------------+
| Name                      | P50                       | P99                       |
+---------------------------+---------------------------+---------------------------+
| clean                     | 91.750 us                 | 235.004 us                |
| ProcessBack:Shuffle       | 9.233 ms                  | 18.515 ms                 |
| ProcessBack:UpdateCache   | 2.782 ms                  | 19.878 ms                 |
| ProcessBack:UpsertPq      | 43.358 us                 | 141.103 us                |
| ProcessOneStep            | 13.666 ms                 | 531.582 ms                |
| BlockToStepN              | 117.337 us                | 325.997 us                |
+---------------------------+---------------------------+---------------------------+
E20240211 03:42:13.015024 43295 parallel_pq_v2.h:79] insert failed, size(hashtable)=0
========== Step 72 ========== 
========== Step 73 ========== 
========== Step 74 ========== 
W20240211 03:42:13.105113 35280 grad_async_v2.h:257] pq is empty
========== Step 75 ========== 
========== Step 76 ========== 
========== Step 77 ========== 
========== Step 78 ========== 
========== Step 79 ========== 
========== Step 80 ========== 
========== Step 81 ========== 
========== Step 82 ========== 
W20240211 03:42:13.234143 43295 grad_async_v2.h:137] Detect new sample comes, old_end2, new_end3
========== Step 83 ========== 
========== Step 84 ========== 
========== Step 85 ========== 
E20240211 03:42:13.358975 35280 grad_async_v2.h:404] Stalled in ProcessBackward: rank=1, step_no=85, sample_step_cpp_seen_[rank]=84
========== Step 86 ========== 
========== Step 87 ========== 
========== Step 88 ========== 
========== Step 89 ========== 
========== Step 90 ========== 
========== Step 91 ========== 
========== Step 92 ========== 
========== Step 93 ========== 
========== Step 94 ========== 
========== Step 95 ========== 
========== Step 96 ========== 
========== Step 97 ========== 
========== Step 98 ========== 
========== Step 99 ========== 
Step99:rank0, time: 24.615, per_step: 0.246146
Step99:rank7, time: 24.615, per_step: 0.246148
Step99:rank4, time: 24.615, per_step: 0.246148
Step99:rank1, time: 24.615, per_step: 0.246147
Step99:rank6, time: 24.615, per_step: 0.246148
Step99:rank5, time: 24.615, per_step: 0.246148
Step99:rank3, time: 24.615, per_step: 0.246148
Step99:rank2, time: 24.615, per_step: 0.246152
+---------------------------+---------------------------+---------------------------+
| Name                      | P50                       | P99                       |
+---------------------------+---------------------------+---------------------------+
| GenInput:CircleBuffer     | 103.658 us                | 1.168 ms                  |
| GenInput                  | 494.779 us                | 10.086 ms                 |
| NN                        | 883.446 us                | 9.547 ms                  |
| Forward                   | 1.115 ms                  | 9.746 ms                  |
| Backward                  | 2.429 ms                  | 19.654 ms                 |
| Optimize                  | 258.311 us                | 3.124 ms                  |
| BarrierTimeBeforeRank0    | 423.202 us                | 14.446 ms                 |
| AfterBackward             | 12.400 ms                 | 739.448 ms                |
| BlockToStepN              | 232.219 us                | 865.635 us                |
| OneStep                   | 19.095 ms                 | 744.368 ms                |
+---------------------------+---------------------------+---------------------------+
========== Step 100 ========== 
========== Step 101 ========== 
========== Step 102 ========== 
========== Step 103 ========== 
========== Step 104 ========== 
E20240211 03:42:14.015296 43295 parallel_pq_v2.h:79] insert failed, size(hashtable)=1
W20240211 03:42:14.243453 43295 grad_async_v2.h:137] Detect new sample comes, old_end4, new_end5
========== Step 105 ========== 
========== Step 106 ========== 
========== Step 107 ========== 
========== Step 108 ========== 
========== Step 109 ========== 
========== Step 110 ========== 
========== Step 111 ========== 
========== Step 112 ========== 
========== Step 113 ========== 
W20240211 03:42:14.522467 35280 grad_async_v2.h:257] pq is empty
========== Step 114 ========== 
W20240211 03:42:14.544122 35280 grad_async_v2.h:257] pq is empty
========== Step 115 ========== 
========== Step 116 ========== 
E20240211 03:42:15.015017 43295 parallel_pq_v2.h:79] insert failed, size(hashtable)=1
========== Step 117 ========== 
========== Step 118 ========== 
========== Step 119 ========== 
========== Step 120 ========== 
W20240211 03:42:15.116487 35280 grad_async_v2.h:257] pq is empty
========== Step 121 ========== 
========== Step 122 ========== 
========== Step 123 ========== 
========== Step 124 ========== 
========== Step 125 ========== 
========== Step 126 ========== 
========== Step 127 ========== 
W20240211 03:42:15.250070 43295 grad_async_v2.h:137] Detect new sample comes, old_end7, new_end8
========== Step 128 ========== 
========== Step 129 ========== 
========== Step 130 ========== 
========== Step 131 ========== 
========== Step 132 ========== 
========== Step 133 ========== 
========== Step 134 ========== 
========== Step 135 ========== 
========== Step 136 ========== 
========== Step 137 ========== 
========== Step 138 ========== 
========== Step 139 ========== 
========== Step 140 ========== 
E20240211 03:42:16.015007 43295 parallel_pq_v2.h:79] insert failed, size(hashtable)=7
W20240211 03:42:16.266743 43295 grad_async_v2.h:137] Detect new sample comes, old_end6, new_end1
========== Step 141 ========== 
========== Step 142 ========== 
========== Step 143 ========== 
========== Step 144 ========== 
========== Step 145 ========== 
W20240211 03:42:16.531224 35280 grad_async_v2.h:257] pq is empty
========== Step 146 ========== 
W20240211 03:42:16.547725 35280 grad_async_v2.h:257] pq is empty
========== Step 147 ========== 
========== Step 148 ========== 
========== Step 149 ========== 
========== Step 150 ========== 
========== Step 151 ========== 
========== Step 152 ========== 
+---------------------------+---------------------------+---------------------------+
| Name                      | P50                       | P99                       |
+---------------------------+---------------------------+---------------------------+
| GenInput:CircleBuffer     | 103.658 us                | 1.030 ms                  |
| GenInput                  | 505.066 us                | 10.785 ms                 |
| NN                        | 852.161 us                | 6.875 ms                  |
| Forward                   | 1.068 ms                  | 8.506 ms                  |
| Backward                  | 2.467 ms                  | 15.079 ms                 |
| Optimize                  | 242.684 us                | 1.005 ms                  |
| BarrierTimeBeforeRank0    | 470.093 us                | 14.227 ms                 |
| AfterBackward             | 12.080 ms                 | 531.635 ms                |
| BlockToStepN              | 295.560 us                | 3.827 ms                  |
| OneStep                   | 18.135 ms                 | 538.934 ms                |
+---------------------------+---------------------------+---------------------------+
E20240211 03:42:17.015014 43295 parallel_pq_v2.h:79] insert failed, size(hashtable)=7
========== Step 153 ========== 
W20240211 03:42:17.151660 35280 grad_async_v2.h:257] pq is empty
========== Step 154 ========== 
========== Step 155 ========== 
========== Step 156 ========== 
========== Step 157 ========== 
========== Step 158 ========== 
========== Step 159 ========== 
========== Step 160 ========== 
W20240211 03:42:17.299901 43295 grad_async_v2.h:137] Detect new sample comes, old_end3, new_end1
========== Step 161 ========== 
========== Step 162 ========== 
========== Step 163 ========== 
========== Step 164 ========== 
+---------------------------+---------------------------+---------------------------+
| Name                      | P50                       | P99                       |
+---------------------------+---------------------------+---------------------------+
| clean                     | 105.823 us                | 238.286 us                |
| ProcessBack:Shuffle       | 8.383 ms                  | 18.334 ms                 |
| ProcessBack:UpdateCache   | 2.679 ms                  | 19.878 ms                 |
| ProcessBack:UpsertPq      | 41.974 us                 | 141.103 us                |
| ProcessOneStep            | 12.310 ms                 | 531.582 ms                |
| BlockToStepN              | 224.895 us                | 1.244 ms                  |
+---------------------------+---------------------------+---------------------------+
========== Step 165 ========== 
========== Step 166 ========== 
========== Step 167 ========== 
E20240211 03:42:18.015029 43295 parallel_pq_v2.h:79] insert failed, size(hashtable)=1
========== Step 168 ========== 
========== Step 169 ========== 
========== Step 170 ========== 
========== Step 171 ========== 
W20240211 03:42:18.103700 35280 grad_async_v2.h:257] pq is empty
========== Step 172 ========== 
W20240211 03:42:18.120183 35280 grad_async_v2.h:257] pq is empty
========== Step 173 ========== 
========== Step 174 ========== 
========== Step 175 ========== 
E20240211 03:42:18.358008 35280 grad_async_v2.h:404] Stalled in ProcessBackward: rank=0, step_no=175, sample_step_cpp_seen_[rank]=174
W20240211 03:42:18.413669 43295 grad_async_v2.h:137] Detect new sample comes, old_end8, new_end6
========== Step 176 ========== 
========== Step 177 ========== 
========== Step 178 ========== 
========== Step 179 ========== 
========== Step 180 ========== 
========== Step 181 ========== 
========== Step 182 ========== 
W20240211 03:42:18.809563 35280 grad_async_v2.h:257] pq is empty
========== Step 183 ========== 
========== Step 184 ========== 
========== Step 185 ========== 
========== Step 186 ========== 
W20240211 03:42:18.981496 35280 grad_async_v2.h:257] pq is empty
========== Step 187 ========== 
E20240211 03:42:19.015012 43295 parallel_pq_v2.h:79] insert failed, size(hashtable)=3
========== Step 188 ========== 
========== Step 189 ========== 
========== Step 190 ========== 
W20240211 03:42:19.422461 43295 grad_async_v2.h:137] Detect new sample comes, old_end8, new_end1
========== Step 191 ========== 
========== Step 192 ========== 
========== Step 193 ========== 
========== Step 194 ========== 
========== Step 195 ========== 
========== Step 196 ========== 
========== Step 197 ========== 
========== Step 198 ========== 
========== Step 199 ========== 
E20240211 03:42:20.015024 43295 parallel_pq_v2.h:79] insert failed, size(hashtable)=9
Step199:rank4, time: 6.346, per_step: 0.062829
Step199:rank7, time: 6.346, per_step: 0.062830
Step199:rank5, time: 6.345, per_step: 0.062826
Step199:rank6, time: 6.345, per_step: 0.062826
Step199:rank0, time: 6.346, per_step: 0.062830
Step199:rank2, time: 6.345, per_step: 0.062826
Step199:rank1, time: 6.346, per_step: 0.062827
Step199:rank3, time: 6.346, per_step: 0.062827
+---------------------------+---------------------------+---------------------------+
| Name                      | P50                       | P99                       |
+---------------------------+---------------------------+---------------------------+
| GenInput:CircleBuffer     | 102.875 us                | 1.030 ms                  |
| GenInput                  | 510.487 us                | 11.421 ms                 |
| NN                        | 831.860 us                | 6.875 ms                  |
| Forward                   | 1.036 ms                  | 8.506 ms                  |
| Backward                  | 2.514 ms                  | 15.352 ms                 |
| Optimize                  | 240.652 us                | 1.474 ms                  |
| BarrierTimeBeforeRank0    | 489.071 us                | 14.227 ms                 |
| AfterBackward             | 12.169 ms                 | 531.635 ms                |
| BlockToStepN              | 324.493 us                | 3.827 ms                  |
| OneStep                   | 18.275 ms                 | 538.934 ms                |
+---------------------------+---------------------------+---------------------------+
========== Step 200 ========== 
========== Step 201 ========== 
========== Step 202 ========== 
========== Step 203 ========== 
========== Step 204 ========== 
========== Step 205 ========== 
========== Step 206 ========== 
========== Step 207 ========== 
========== Step 208 ========== 
========== Step 209 ========== 
========== Step 210 ========== 
W20240211 03:42:20.497395 43295 grad_async_v2.h:137] Detect new sample comes, old_end0, new_end1
========== Step 211 ========== 
E20240211 03:42:21.015026 43295 parallel_pq_v2.h:79] insert failed, size(hashtable)=3
========== Step 212 ========== 
========== Step 213 ========== 
W20240211 03:42:21.068348 35280 grad_async_v2.h:257] pq is empty
========== Step 214 ========== 
========== Step 215 ========== 
========== Step 216 ========== 
========== Step 217 ========== 
========== Step 218 ========== 
========== Step 219 ========== 
========== Step 220 ========== 
========== Step 221 ========== 
========== Step 222 ========== 
========== Step 223 ========== 
W20240211 03:42:21.561056 43295 grad_async_v2.h:137] Detect new sample comes, old_end9, new_end4
========== Step 224 ========== 
========== Step 225 ========== 
========== Step 226 ========== 
========== Step 227 ========== 
========== Step 228 ========== 
========== Step 229 ========== 
========== Step 230 ========== 
========== Step 231 ========== 
+---------------------------+---------------------------+---------------------------+
| Name                      | P50                       | P99                       |
+---------------------------+---------------------------+---------------------------+
| GenInput:CircleBuffer     | 102.875 us                | 1.030 ms                  |
| GenInput                  | 515.618 us                | 11.421 ms                 |
| NN                        | 833.560 us                | 6.875 ms                  |
| Forward                   | 1.040 ms                  | 8.506 ms                  |
| Backward                  | 2.514 ms                  | 15.352 ms                 |
| Optimize                  | 242.332 us                | 1.474 ms                  |
| BarrierTimeBeforeRank0    | 499.316 us                | 14.227 ms                 |
| AfterBackward             | 12.266 ms                 | 531.635 ms                |
| BlockToStepN              | 346.116 us                | 3.827 ms                  |
| OneStep                   | 18.593 ms                 | 538.934 ms                |
+---------------------------+---------------------------+---------------------------+
========== Step 232 ========== 
