WARNING: Logging before InitGoogleLogging() is written to STDERR
I20240201 00:46:59.846954 3342145 IPC_barrier.h:128] MultiProcessBarrierFactory->ClearIPCMemory()
/home/xieminhui/RecStore/src/framework_adapters/torch/kg/dgl-0.9.1/python/dgl/_deprecate/graph.py:1023: DGLWarning: multigraph will be deprecated.DGL will treat all graphs as multigraph in the future.
  dgl_warning("multigraph will be deprecated." \
/home/xieminhui/RecStore/src/framework_adapters/torch/kg/dgl-0.9.1/python/dgl/heterograph.py:72: DGLWarning: Recommend creating graphs by `dgl.graph(data)` instead of `dgl.DGLGraph(data)`.
  dgl_warning('Recommend creating graphs by `dgl.graph(data)`'
Reading train triples....
Finished. Read 483142 train triples.
Reading valid triples....
Finished. Read 50000 valid triples.
Reading test triples....
Finished. Read 59071 test triples.
ARGS:  Namespace(model_name='TransE', data_path='/home/xieminhui/dgl-data', dataset='FB15k', format='built_in', data_files=None, delimiter='\t', save_path='/tmp/ckpts/TransE_FB15k_246', no_save_emb=True, max_step=500, batch_size=1800, batch_size_eval=16, neg_sample_size=200, neg_deg_sample=False, neg_deg_sample_eval=False, neg_sample_size_eval=14951, eval_percent=1, no_eval_filter=False, log_interval=100, eval_interval=10000, test=False, num_proc=4, num_thread=1, force_sync_interval=1, hidden_dim=400, lr=0.01, gamma=16.0, double_ent=False, double_rel=False, neg_adversarial_sampling=False, adversarial_temperature=1.0, regularization_coef=0.0, regularization_norm=3, pairwise=False, loss_genre='Logsigmoid', margin=1.0, nr_gpus=4, gpu=[0, 1, 2, 3], mix_cpu_gpu=True, valid=False, rel_part=False, async_update=None, has_edge_importance=False, cached_emb_type='KnownLocalCachedEmbedding', use_my_emb=True, cache_ratio=0.1, shuffle=False, backwardMode='CppAsync', L=10, update_cache_use_omp=0, update_pq_use_omp=0, kForwardItersPerStep=2, backgrad_init='both', eval_filter=True, soft_rel_part=False)
|Train|: 483142
original graph:  DGLGraph(num_nodes=14951, num_edges=592213,
         ndata_schemes={}
         edata_schemes={'tid': Scheme(shape=(), dtype=torch.int64)})
Loading cached metis
WARNING [3342145 sampler.py:454] Start PreSampling
WARNING [3342145 sampler.py:532] Before construct renumbering_dict
WARNING [3342145 sampler.py:555] PreSampling done
W20240201 00:47:02.168973 3342145 IPCTensor.h:369] NewIPCTensor: cached_sampler_r0_0 [1000000]0x100000002000 7.629 MB
W20240201 00:47:02.169217 3342145 IPCTensor.h:369] NewIPCTensor: cached_sampler_r0_1 [1000000]0x1000007a5000 7.629 MB
W20240201 00:47:02.169250 3342145 IPCTensor.h:369] NewIPCTensor: cached_sampler_r0_2 [1000000]0x100000f48000 7.629 MB
W20240201 00:47:02.169281 3342145 IPCTensor.h:369] NewIPCTensor: cached_sampler_r0_3 [1000000]0x1000016eb000 7.629 MB
W20240201 00:47:02.169325 3342145 IPCTensor.h:369] NewIPCTensor: cached_sampler_r0_4 [1000000]0x100001e8e000 7.629 MB
W20240201 00:47:02.169366 3342145 IPCTensor.h:369] NewIPCTensor: cached_sampler_r0_5 [1000000]0x100002631000 7.629 MB
W20240201 00:47:02.169391 3342145 IPCTensor.h:369] NewIPCTensor: cached_sampler_r0_6 [1000000]0x100002dd4000 7.629 MB
W20240201 00:47:02.169420 3342145 IPCTensor.h:369] NewIPCTensor: cached_sampler_r0_7 [1000000]0x100003577000 7.629 MB
W20240201 00:47:02.169461 3342145 IPCTensor.h:369] NewIPCTensor: cached_sampler_r0_8 [1000000]0x100003d1a000 7.629 MB
W20240201 00:47:02.169519 3342145 IPCTensor.h:369] NewIPCTensor: cached_sampler_r0_9 [1000000]0x1000044bd000 7.629 MB
W20240201 00:47:02.169556 3342145 IPCTensor.h:369] NewIPCTensor: step_r0 [10]0x100004c60000 80 B 
W20240201 00:47:02.169584 3342145 IPCTensor.h:369] NewIPCTensor: circle_buffer_end_r0 [1]0x100004c62000 8 B 
W20240201 00:47:02.169605 3342145 IPCTensor.h:369] NewIPCTensor: circle_buffer_end_cppseen_r0 [1]0x100004c64000 8 B 
W20240201 00:47:02.169721 3342145 IPCTensor.h:369] NewIPCTensor: cached_sampler_r1_0 [1000000]0x100004c66000 7.629 MB
W20240201 00:47:02.169749 3342145 IPCTensor.h:369] NewIPCTensor: cached_sampler_r1_1 [1000000]0x100005409000 7.629 MB
W20240201 00:47:02.169785 3342145 IPCTensor.h:369] NewIPCTensor: cached_sampler_r1_2 [1000000]0x100005bac000 7.629 MB
W20240201 00:47:02.169826 3342145 IPCTensor.h:369] NewIPCTensor: cached_sampler_r1_3 [1000000]0x10000634f000 7.629 MB
W20240201 00:47:02.169858 3342145 IPCTensor.h:369] NewIPCTensor: cached_sampler_r1_4 [1000000]0x100006af2000 7.629 MB
W20240201 00:47:02.169881 3342145 IPCTensor.h:369] NewIPCTensor: cached_sampler_r1_5 [1000000]0x100007295000 7.629 MB
W20240201 00:47:02.169903 3342145 IPCTensor.h:369] NewIPCTensor: cached_sampler_r1_6 [1000000]0x100007a38000 7.629 MB
W20240201 00:47:02.169943 3342145 IPCTensor.h:369] NewIPCTensor: cached_sampler_r1_7 [1000000]0x1000081db000 7.629 MB
W20240201 00:47:02.169965 3342145 IPCTensor.h:369] NewIPCTensor: cached_sampler_r1_8 [1000000]0x10000897e000 7.629 MB
W20240201 00:47:02.170009 3342145 IPCTensor.h:369] NewIPCTensor: cached_sampler_r1_9 [1000000]0x100009121000 7.629 MB
W20240201 00:47:02.170034 3342145 IPCTensor.h:369] NewIPCTensor: step_r1 [10]0x1000098c4000 80 B 
W20240201 00:47:02.170053 3342145 IPCTensor.h:369] NewIPCTensor: circle_buffer_end_r1 [1]0x1000098c6000 8 B 
W20240201 00:47:02.170073 3342145 IPCTensor.h:369] NewIPCTensor: circle_buffer_end_cppseen_r1 [1]0x1000098c8000 8 B 
W20240201 00:47:02.170131 3342145 IPCTensor.h:369] NewIPCTensor: cached_sampler_r2_0 [1000000]0x1000098ca000 7.629 MB
W20240201 00:47:02.170179 3342145 IPCTensor.h:369] NewIPCTensor: cached_sampler_r2_1 [1000000]0x10000a06d000 7.629 MB
W20240201 00:47:02.170203 3342145 IPCTensor.h:369] NewIPCTensor: cached_sampler_r2_2 [1000000]0x10000a810000 7.629 MB
W20240201 00:47:02.170224 3342145 IPCTensor.h:369] NewIPCTensor: cached_sampler_r2_3 [1000000]0x10000afb3000 7.629 MB
W20240201 00:47:02.170258 3342145 IPCTensor.h:369] NewIPCTensor: cached_sampler_r2_4 [1000000]0x10000b756000 7.629 MB
W20240201 00:47:02.170297 3342145 IPCTensor.h:369] NewIPCTensor: cached_sampler_r2_5 [1000000]0x10000bef9000 7.629 MB
W20240201 00:47:02.170338 3342145 IPCTensor.h:369] NewIPCTensor: cached_sampler_r2_6 [1000000]0x10000c69c000 7.629 MB
W20240201 00:47:02.170363 3342145 IPCTensor.h:369] NewIPCTensor: cached_sampler_r2_7 [1000000]0x10000ce3f000 7.629 MB
W20240201 00:47:02.170399 3342145 IPCTensor.h:369] NewIPCTensor: cached_sampler_r2_8 [1000000]0x10000d5e2000 7.629 MB
W20240201 00:47:02.170439 3342145 IPCTensor.h:369] NewIPCTensor: cached_sampler_r2_9 [1000000]0x10000dd85000 7.629 MB
W20240201 00:47:02.170462 3342145 IPCTensor.h:369] NewIPCTensor: step_r2 [10]0x10000e528000 80 B 
W20240201 00:47:02.170480 3342145 IPCTensor.h:369] NewIPCTensor: circle_buffer_end_r2 [1]0x10000e52a000 8 B 
W20240201 00:47:02.170511 3342145 IPCTensor.h:369] NewIPCTensor: circle_buffer_end_cppseen_r2 [1]0x10000e52c000 8 B 
W20240201 00:47:02.170557 3342145 IPCTensor.h:369] NewIPCTensor: cached_sampler_r3_0 [1000000]0x10000e52e000 7.629 MB
W20240201 00:47:02.170591 3342145 IPCTensor.h:369] NewIPCTensor: cached_sampler_r3_1 [1000000]0x10000ecd1000 7.629 MB
W20240201 00:47:02.170615 3342145 IPCTensor.h:369] NewIPCTensor: cached_sampler_r3_2 [1000000]0x10000f474000 7.629 MB
W20240201 00:47:02.170636 3342145 IPCTensor.h:369] NewIPCTensor: cached_sampler_r3_3 [1000000]0x10000fc17000 7.629 MB
W20240201 00:47:02.170660 3342145 IPCTensor.h:369] NewIPCTensor: cached_sampler_r3_4 [1000000]0x1000103ba000 7.629 MB
W20240201 00:47:02.170691 3342145 IPCTensor.h:369] NewIPCTensor: cached_sampler_r3_5 [1000000]0x100010b5d000 7.629 MB
W20240201 00:47:02.170712 3342145 IPCTensor.h:369] NewIPCTensor: cached_sampler_r3_6 [1000000]0x100011300000 7.629 MB
W20240201 00:47:02.170750 3342145 IPCTensor.h:369] NewIPCTensor: cached_sampler_r3_7 [1000000]0x100011aa3000 7.629 MB
W20240201 00:47:02.170784 3342145 IPCTensor.h:369] NewIPCTensor: cached_sampler_r3_8 [1000000]0x100012246000 7.629 MB
W20240201 00:47:02.170823 3342145 IPCTensor.h:369] NewIPCTensor: cached_sampler_r3_9 [1000000]0x1000129e9000 7.629 MB
W20240201 00:47:02.170846 3342145 IPCTensor.h:369] NewIPCTensor: step_r3 [10]0x10001318c000 80 B 
W20240201 00:47:02.170864 3342145 IPCTensor.h:369] NewIPCTensor: circle_buffer_end_r3 [1]0x10001318e000 8 B 
W20240201 00:47:02.170892 3342145 IPCTensor.h:369] NewIPCTensor: circle_buffer_end_cppseen_r3 [1]0x100013190000 8 B 
W20240201 00:47:02.339062 3342145 IPCTensor.h:369] NewIPCTensor: full_emb [14951, 400]0x100013192000 22.81 MB
W20240201 00:47:02.366120 3342145 IPCTensor.h:369] NewIPCTensor: full_emb_SparseRowWiseAdaGrad_sum [14951]0x100014864000 58.4 kB
{0: Graph(num_nodes=10523, num_edges=182012,
      ndata_schemes={'_ID': Scheme(shape=(), dtype=torch.int64), 'inner_node': Scheme(shape=(), dtype=torch.int32), 'part_id': Scheme(shape=(), dtype=torch.int64)}
      edata_schemes={'_ID': Scheme(shape=(), dtype=torch.int64), 'inner_edge': Scheme(shape=(), dtype=torch.int8)}), 1: Graph(num_nodes=10996, num_edges=244360,
      ndata_schemes={'_ID': Scheme(shape=(), dtype=torch.int64), 'inner_node': Scheme(shape=(), dtype=torch.int32), 'part_id': Scheme(shape=(), dtype=torch.int64)}
      edata_schemes={'_ID': Scheme(shape=(), dtype=torch.int64), 'inner_edge': Scheme(shape=(), dtype=torch.int8)}), 2: Graph(num_nodes=9404, num_edges=143355,
      ndata_schemes={'_ID': Scheme(shape=(), dtype=torch.int64), 'inner_node': Scheme(shape=(), dtype=torch.int32), 'part_id': Scheme(shape=(), dtype=torch.int64)}
      edata_schemes={'_ID': Scheme(shape=(), dtype=torch.int64), 'inner_edge': Scheme(shape=(), dtype=torch.int8)}), 3: Graph(num_nodes=10954, num_edges=175447,
      ndata_schemes={'_ID': Scheme(shape=(), dtype=torch.int64), 'inner_node': Scheme(shape=(), dtype=torch.int32), 'part_id': Scheme(shape=(), dtype=torch.int64)}
      edata_schemes={'_ID': Scheme(shape=(), dtype=torch.int64), 'inner_edge': Scheme(shape=(), dtype=torch.int8)})}
MertisPartition: part 0 has 10523 N 182012 E
MertisPartition: part 1 has 10996 N 244360 E
MertisPartition: part 2 has 9404 N 143355 E
MertisPartition: part 3 has 10954 N 175447 E
Rank0: cached key size 373
Rank1: cached key size 373
Rank2: cached key size 373
Rank3: cached key size 373
Before renumbering graph:  {'_ID': tensor([    5,    14,    17,  ..., 11245,  2040,  3009]), 'inner_node': tensor([1, 1, 1,  ..., 0, 0, 0], dtype=torch.int32), 'part_id': tensor([0, 0, 0,  ..., 2, 3, 3])}
After renumbering graph:  {'_ID': tensor([1576, 1797, 1856,  ..., 2296, 5488, 6378]), 'inner_node': tensor([1, 1, 1,  ..., 0, 0, 0], dtype=torch.int32), 'part_id': tensor([0, 0, 0,  ..., 2, 3, 3])}
part_g: DGLGraph(num_nodes=10523, num_edges=182012,
         ndata_schemes={'_ID': Scheme(shape=(), dtype=torch.int64)}
         edata_schemes={'tid': Scheme(shape=(), dtype=torch.int64)})
part_g: DGLGraph(num_nodes=10523, num_edges=182012,
         ndata_schemes={'_ID': Scheme(shape=(), dtype=torch.int64)}
         edata_schemes={'tid': Scheme(shape=(), dtype=torch.int64)})
Total initialize time 2.550 seconds
[Rank1] pid = 3342357
[Rank2] pid = 3342422
INFO [3342145 distributed_c10d.py:442] Added key: store_based_barrier_key:1 to store for rank: 0
INFO [3342357 distributed_c10d.py:442] Added key: store_based_barrier_key:1 to store for rank: 1
INFO [3342486 distributed_c10d.py:442] Added key: store_based_barrier_key:1 to store for rank: 3
INFO [3342422 distributed_c10d.py:442] Added key: store_based_barrier_key:1 to store for rank: 2
INFO [3342422 distributed_c10d.py:476] Rank 2: Completed store-based barrier for key:store_based_barrier_key:1 with 4 nodes.
W20240201 00:47:04.728824 3342423 IPCTensor.h:409] NewIPCGPUTensor: embedding_cache_2 [1495, 400]; dev=2; size=2.281 MB
W20240201 00:47:04.729468 3342423 IPCTensor.h:369] NewIPCTensor: input_keys_2 [1000000]0x100014876000 7.629 MB
W20240201 00:47:04.729704 3342423 IPCTensor.h:369] NewIPCTensor: input_keys_neg_2 [1000000]0x100015019000 7.629 MB
W20240201 00:47:04.729792 3342423 IPCTensor.h:369] NewIPCTensor: backward_grads_2 [1000000, 400]0x1000157bc000 1.49 GB
W20240201 00:47:04.729840 3342423 IPCTensor.h:369] NewIPCTensor: backward_grads_neg_2 [1000000, 400]0x100074d9f000 1.49 GB
W20240201 00:47:04.729923 3342423 IPCTensor.h:409] NewIPCGPUTensor: backward_grads_2_gpu [1000000, 400]; dev=2; size=1.49 GB
INFO [3342357 distributed_c10d.py:476] Rank 1: Completed store-based barrier for key:store_based_barrier_key:1 with 4 nodes.
INFO [3342145 distributed_c10d.py:476] Rank 0: Completed store-based barrier for key:store_based_barrier_key:1 with 4 nodes.
INFO [3342486 distributed_c10d.py:476] Rank 3: Completed store-based barrier for key:store_based_barrier_key:1 with 4 nodes.
W20240201 00:47:04.733057 3342423 IPCTensor.h:409] NewIPCGPUTensor: backward_grads_neg_2_gpu [1000000, 400]; dev=2; size=1.49 GB
W20240201 00:47:04.733039 3342487 IPCTensor.h:409] NewIPCGPUTensor: embedding_cache_0 [1495, 400]; dev=0; size=2.281 MB
W20240201 00:47:04.733528 3342358 IPCTensor.h:409] NewIPCGPUTensor: embedding_cache_1 [1495, 400]; dev=1; size=2.281 MB
W20240201 00:47:04.733574 3342488 IPCTensor.h:409] NewIPCGPUTensor: embedding_cache_3 [1495, 400]; dev=3; size=2.281 MB
W20240201 00:47:04.736377 3342487 IPCTensor.h:369] NewIPCTensor: input_keys_0 [1000000]0x1000d438a000 7.629 MB
W20240201 00:47:04.736404 3342358 IPCTensor.h:369] NewIPCTensor: input_keys_1 [1000000]0x1000d4b2f000 7.629 MB
W20240201 00:47:04.736539 3342487 IPCTensor.h:369] NewIPCTensor: input_keys_neg_0 [1000000]0x1000d52d2000 7.629 MB
W20240201 00:47:04.736567 3342358 IPCTensor.h:369] NewIPCTensor: input_keys_neg_1 [1000000]0x1000d6218000 7.629 MB
W20240201 00:47:04.736563 3342488 IPCTensor.h:369] NewIPCTensor: input_keys_3 [1000000]0x1000d5a75000 7.629 MB
W20240201 00:47:04.736631 3342358 IPCTensor.h:369] NewIPCTensor: backward_grads_1 [1000000, 400]0x1000d69bb000 1.49 GB
W20240201 00:47:04.736634 3342487 IPCTensor.h:369] NewIPCTensor: backward_grads_0 [1000000, 400]0x100135f9e000 1.49 GB
W20240201 00:47:04.736680 3342487 IPCTensor.h:369] NewIPCTensor: backward_grads_neg_0 [1000000, 400]0x100195581000 1.49 GB
W20240201 00:47:04.736686 3342358 IPCTensor.h:369] NewIPCTensor: backward_grads_neg_1 [1000000, 400]0x1001f4b64000 1.49 GB
W20240201 00:47:04.736735 3342358 IPCTensor.h:409] NewIPCGPUTensor: backward_grads_1_gpu [1000000, 400]; dev=1; size=1.49 GB
W20240201 00:47:04.736737 3342487 IPCTensor.h:409] NewIPCGPUTensor: backward_grads_0_gpu [1000000, 400]; dev=0; size=1.49 GB
W20240201 00:47:04.736775 3342488 IPCTensor.h:369] NewIPCTensor: input_keys_neg_3 [1000000]0x100254147000 7.629 MB
W20240201 00:47:04.736852 3342488 IPCTensor.h:369] NewIPCTensor: backward_grads_3 [1000000, 400]0x1002548ea000 1.49 GB
W20240201 00:47:04.736908 3342488 IPCTensor.h:369] NewIPCTensor: backward_grads_neg_3 [1000000, 400]0x1002b3ecd000 1.49 GB
W20240201 00:47:04.736966 3342488 IPCTensor.h:409] NewIPCGPUTensor: backward_grads_3_gpu [1000000, 400]; dev=3; size=1.49 GB
W20240201 00:47:04.745101 3342487 IPCTensor.h:409] NewIPCGPUTensor: backward_grads_neg_0_gpu [1000000, 400]; dev=0; size=1.49 GB
W20240201 00:47:04.745105 3342358 IPCTensor.h:409] NewIPCGPUTensor: backward_grads_neg_1_gpu [1000000, 400]; dev=1; size=1.49 GB
W20240201 00:47:04.745126 3342488 IPCTensor.h:409] NewIPCGPUTensor: backward_grads_neg_3_gpu [1000000, 400]; dev=3; size=1.49 GB
[Rank3] pid = 3342486
New CachedEmbedding, name=full_emb, shape=(14951, 400), cache_type=KnownLocalCachedEmbedding
fixed cache_range is [(0, 1495), (1495, 2990), (2990, 4485), (4485, 5980)]
cudaHostRegister 0x100013192000
0: KnownLocalCachedEmbedding init done
WARNING [3342145 DistTensor.py:59] The tensor name already exists in the kvstore
cudaHostRegister 0x100013192000
2: KnownLocalCachedEmbedding init done
WARNING [3342422 DistTensor.py:59] The tensor name already exists in the kvstore
cudaHostRegister 0x100013192000
1: KnownLocalCachedEmbedding init done
WARNING [3342357 DistTensor.py:59] The tensor name already exists in the kvstore
cudaHostRegister 0x100013192000
3: KnownLocalCachedEmbedding init done
WARNING [3342486 DistTensor.py:59] The tensor name already exists in the kvstore
I20240201 00:47:05.850095 3342488 IPC_barrier.h:118] CreateBarrier: new barrier, name: kgcachecontroller, count: 4
I20240201 00:47:05.850171 3342358 IPC_barrier.h:112] CreateBarrier: find existing barrier, name: kgcachecontroller, count: 4
I20240201 00:47:05.850289 3342423 IPC_barrier.h:112] CreateBarrier: find existing barrier, name: kgcachecontroller, count: 4
I20240201 00:47:05.850363 3342487 IPC_barrier.h:112] CreateBarrier: find existing barrier, name: kgcachecontroller, count: 4
W20240201 00:47:05.851662 3342487 grad_base.h:55] KGCacheController, config={
        "num_gpus": 4,
        "L": 10,
        "backgrad_init": "both", 
        "kForwardItersPerStep": 2,
        "clr": 0.01,
        "nr_background_threads": 32,
        "backwardMode": "CppAsync",
        "cache_ratio": 0.1,
        "update_cache_use_omp":  0,
        "update_pq_use_omp":  0
        }
W20240201 00:47:05.851751 3342487 grad_base.h:184] Init GradProcessingBase done
I20240201 00:47:05.853402 3342487 grad_async_v1.h:203] Use main thread to update emb.
W20240201 00:47:05.853432 3342487 kg_controller.h:75] after init GradAsyncProcessing
I20240201 00:47:05.853437 3342487 kg_controller.h:84] Construct KGCacheController done
E20240201 00:47:06.255836 3342488 recstore.cc:66] init folly done
E20240201 00:47:06.255919 3342358 recstore.cc:66] init folly done
E20240201 00:47:06.255981 3342423 recstore.cc:66] init folly done
E20240201 00:47:06.255990 3342487 recstore.cc:66] init folly done
I20240201 00:47:06.256769 3342487 grad_base.h:60] GraphEnv RegTensorsPerProcess
I20240201 00:47:06.977490 3342423 IPC_barrier.h:118] CreateBarrier: new barrier, name: start_barrier, count: 4
I20240201 00:47:06.978385 3342487 IPC_barrier.h:112] CreateBarrier: find existing barrier, name: start_barrier, count: 4
I20240201 00:47:07.014201 3342488 IPC_barrier.h:112] CreateBarrier: find existing barrier, name: start_barrier, count: 4
I20240201 00:47:07.019349 3342358 IPC_barrier.h:112] CreateBarrier: find existing barrier, name: start_barrier, count: 4
W20240201 00:47:09.475065 3342487 grad_async_v1.h:429] Sleep in <BlockToStepN>, step_no=1, pq.top=1
E20240201 00:47:09.552929 3342487 grad_async_v1.h:533] Stalled in ProcessBackward: rank=1, step_no=1, sample_step_cpp_seen_[rank]=0
W20240201 00:47:10.475016 3342487 grad_async_v1.h:429] Sleep in <BlockToStepN>, step_no=25, pq.top=25
+---------------------------+---------------------------+---------------------------+
| Name                      | P50                       | P99                       |
+---------------------------+---------------------------+---------------------------+
| GenInput                  | 977.695 us                | 15.759 ms                 |
| Forward                   | 3.401 ms                  | 944.696 ms                |
| Backward                  | 5.535 ms                  | 232.307 ms                |
| Optimize                  | 1.350 ms                  | 2.952 ms                  |
| BarrierTimeBeforeRank0    | 23.659 us                 | 40.247 ms                 |
| AfterBackward             | 10.957 ms                 | 1.234 s                   |
| BlockToStepN              | 16.761 ms                 | 58.110 ms                 |
| OneStep                   | 39.377 ms                 | 2.514 s                   |
+---------------------------+---------------------------+---------------------------+
+---------------------------+---------------------------+---------------------------+
| Name                      | P50                       | P99                       |
+---------------------------+---------------------------+---------------------------+
| ProcessBack:Shuffle       | 1.920 ms                  | 183.307 ms                |
| ProcessBack:UpdateCache   | 1.468 ms                  | 268.251 ms                |
| ProcessBack:UpsertPq      | 6.188 ms                  | 13.241 ms                 |
| ProcessOneStep            | 10.403 ms                 | 1.233 s                   |
| BlockToStepN              | 19.248 ms                 | 57.466 ms                 |
+---------------------------+---------------------------+---------------------------+
W20240201 00:47:11.481863 3342487 grad_async_v1.h:429] Sleep in <BlockToStepN>, step_no=45, pq.top=45
W20240201 00:47:12.487267 3342487 grad_async_v1.h:429] Sleep in <BlockToStepN>, step_no=62, pq.top=62
W20240201 00:47:13.487007 3342487 grad_async_v1.h:429] Sleep in <BlockToStepN>, step_no=77, pq.top=77
W20240201 00:47:14.508461 3342487 grad_async_v1.h:429] Sleep in <BlockToStepN>, step_no=91, pq.top=91
train_sampler.Prefill()
before start barrier
start train
[proc 3] 100 steps, total: 8.270, sample: 0.177, forward: 1.208, backward: 0.803, update: 0.111
train_sampler.Prefill()
before start barrier
start train
[proc 1] 100 steps, total: 8.265, sample: 0.176, forward: 1.197, backward: 0.792, update: 0.130
train_sampler.Prefill()
before start barrier
start train
[proc 2] 100 steps, total: 8.307, sample: 0.161, forward: 1.184, backward: 0.779, update: 0.123
train_sampler.Prefill()
-------Step 0-------
tensor([ 7755,   333,  9148,  7424,  8995,  4489,  1160,  5169, 12781,    18]) tensor([ 1856,  8483,  9232,  1469,  6604,  7400, 12239,  7651,  6901,  1221])
-------Step 1-------
tensor([ 7755,   333,  9148,  7424,  8995,  4489,  1160,  5169, 12781,    18]) tensor([10503, 10706,  1755,  4057,  2294,   688,  7025,  3225,  2833, 13987])
-------Step 2-------
tensor([11191,  9974,  6654,  6902,  2052,  6944,  7469,  3474, 12374,   142]) tensor([ 6632,  6280,  3736, 11513,  7108,  1349,  4248, 11517, 13905,  3632])
-------Step 3-------
tensor([11191,  9974,  6654,  6902,  2052,  6944,  7469,  3474, 12374,   142]) tensor([ 9901,  5327,  4537,   247, 11858,  9205, 13735,   346, 14663,  6090])
-------Step 4-------
tensor([10970,   660,  7686,   223, 12385, 12154, 14850, 10787,  8431,  6233]) tensor([ 3357, 10815,  8668, 13176,  8299, 12804,  1907,  2938, 12808,  1487])
-------Step 5-------
tensor([10970,   660,  7686,   223, 12385, 12154, 14850, 10787,  8431,  6233]) tensor([10206, 10236, 10241,  1291,  2053,  9919,  8925, 14247, 13037, 13244])
-------Step 6-------
tensor([   58,   119,  3307, 12869, 12110,   170,   324,    14,  4060,   323]) tensor([ 6592, 13029,  8634, 13175,  6778,  2127,   251, 11780, 11262, 11730])
-------Step 7-------
tensor([   58,   119,  3307, 12869, 12110,   170,   324,    14,  4060,   323]) tensor([10348, 14297,  7827, 12624,   611, 13314,   597, 13069, 13771,  8293])
-------Step 8-------
tensor([ 5476,   601, 14248, 10036,  3699, 12591,  7767,  9286,  4883,  9974]) tensor([13454, 11983, 11081,   788, 11326,  9459,  5986,  2524,  6452,  8949])
-------Step 9-------
tensor([ 5476,   601, 14248, 10036,  3699, 12591,  7767,  9286,  4883,  9974]) tensor([ 7873, 11979,  7566,  7980,  4601,  7568, 12451,  8508,  7411, 12399])
before start barrier
start train
[proc 0] 100 steps, total: 8.306, sample: 0.247, forward: 1.283, backward: 0.764, update: 0.138
W20240201 00:47:15.508011 3342487 grad_async_v1.h:429] Sleep in <BlockToStepN>, step_no=103, pq.top=103
+---------------------------+---------------------------+---------------------------+
| Name                      | P50                       | P99                       |
+---------------------------+---------------------------+---------------------------+
| GenInput                  | 1.060 ms                  | 14.532 ms                 |
| Forward                   | 3.444 ms                  | 7.213 ms                  |
| Backward                  | 5.505 ms                  | 8.659 ms                  |
| Optimize                  | 1.218 ms                  | 2.925 ms                  |
| BarrierTimeBeforeRank0    | 19.172 us                 | 3.876 ms                  |
| AfterBackward             | 9.823 ms                  | 22.354 ms                 |
| BlockToStepN              | 36.517 ms                 | 63.219 ms                 |
| OneStep                   | 60.977 ms                 | 85.922 ms                 |
+---------------------------+---------------------------+---------------------------+
+---------------------------+---------------------------+---------------------------+
| Name                      | P50                       | P99                       |
+---------------------------+---------------------------+---------------------------+
| ProcessBack:Shuffle       | 1.906 ms                  | 3.187 ms                  |
| ProcessBack:UpdateCache   | 1.355 ms                  | 3.742 ms                  |
| ProcessBack:UpsertPq      | 5.934 ms                  | 11.217 ms                 |
| ProcessOneStep            | 9.759 ms                  | 22.332 ms                 |
| BlockToStepN              | 37.459 ms                 | 63.189 ms                 |
+---------------------------+---------------------------+---------------------------+
W20240201 00:47:16.508005 3342487 grad_async_v1.h:429] Sleep in <BlockToStepN>, step_no=116, pq.top=116
W20240201 00:47:17.508011 3342487 grad_async_v1.h:429] Sleep in <BlockToStepN>, step_no=128, pq.top=128
W20240201 00:47:18.508011 3342487 grad_async_v1.h:429] Sleep in <BlockToStepN>, step_no=139, pq.top=139
W20240201 00:47:19.523799 3342487 grad_async_v1.h:429] Sleep in <BlockToStepN>, step_no=151, pq.top=151
W20240201 00:47:20.523010 3342487 grad_async_v1.h:429] Sleep in <BlockToStepN>, step_no=162, pq.top=162
+---------------------------+---------------------------+---------------------------+
| Name                      | P50                       | P99                       |
+---------------------------+---------------------------+---------------------------+
| GenInput                  | 1.056 ms                  | 13.678 ms                 |
| Forward                   | 3.422 ms                  | 5.425 ms                  |
| Backward                  | 5.498 ms                  | 6.507 ms                  |
| Optimize                  | 1.194 ms                  | 2.643 ms                  |
| BarrierTimeBeforeRank0    | 19.104 us                 | 8.684 ms                  |
| AfterBackward             | 9.606 ms                  | 17.757 ms                 |
| BlockToStepN              | 48.455 ms                 | 75.393 ms                 |
| OneStep                   | 70.744 ms                 | 96.817 ms                 |
+---------------------------+---------------------------+---------------------------+
+---------------------------+---------------------------+---------------------------+
| Name                      | P50                       | P99                       |
+---------------------------+---------------------------+---------------------------+
| ProcessBack:Shuffle       | 1.817 ms                  | 3.066 ms                  |
| ProcessBack:UpdateCache   | 1.341 ms                  | 3.697 ms                  |
| ProcessBack:UpsertPq      | 5.893 ms                  | 12.103 ms                 |
| ProcessOneStep            | 9.585 ms                  | 17.731 ms                 |
| BlockToStepN              | 48.762 ms                 | 75.322 ms                 |
+---------------------------+---------------------------+---------------------------+
W20240201 00:47:21.523013 3342487 grad_async_v1.h:429] Sleep in <BlockToStepN>, step_no=172, pq.top=172
W20240201 00:47:22.523006 3342487 grad_async_v1.h:429] Sleep in <BlockToStepN>, step_no=183, pq.top=183
W20240201 00:47:23.527712 3342487 grad_async_v1.h:429] Sleep in <BlockToStepN>, step_no=194, pq.top=194
[proc 1] 200 steps, total: 8.914, sample: 0.191, forward: 0.275, backward: 0.531, update: 0.124
[proc 0] 200 steps, total: 8.914, sample: 0.257, forward: 0.320, backward: 0.542, update: 0.112
[proc 2] 200 steps, total: 8.914, sample: 0.194, forward: 0.256, backward: 0.514, update: 0.130
[proc 3] 200 steps, total: 8.914, sample: 0.185, forward: 0.298, backward: 0.526, update: 0.104
W20240201 00:47:24.527011 3342487 grad_async_v1.h:429] Sleep in <BlockToStepN>, step_no=204, pq.top=204
W20240201 00:47:25.527007 3342487 grad_async_v1.h:429] Sleep in <BlockToStepN>, step_no=214, pq.top=214
+---------------------------+---------------------------+---------------------------+
| Name                      | P50                       | P99                       |
+---------------------------+---------------------------+---------------------------+
| GenInput                  | 1.078 ms                  | 14.323 ms                 |
| Forward                   | 3.375 ms                  | 5.425 ms                  |
| Backward                  | 5.495 ms                  | 6.507 ms                  |
| Optimize                  | 1.175 ms                  | 2.643 ms                  |
| BarrierTimeBeforeRank0    | 19.532 us                 | 8.684 ms                  |
| AfterBackward             | 9.401 ms                  | 17.757 ms                 |
| BlockToStepN              | 58.110 ms                 | 81.655 ms                 |
| OneStep                   | 81.773 ms                 | 107.643 ms                |
+---------------------------+---------------------------+---------------------------+
+---------------------------+---------------------------+---------------------------+
| Name                      | P50                       | P99                       |
+---------------------------+---------------------------+---------------------------+
| ProcessBack:Shuffle       | 1.782 ms                  | 2.337 ms                  |
| ProcessBack:UpdateCache   | 1.330 ms                  | 2.608 ms                  |
| ProcessBack:UpsertPq      | 5.840 ms                  | 11.555 ms                 |
| ProcessOneStep            | 9.379 ms                  | 17.731 ms                 |
| BlockToStepN              | 58.379 ms                 | 81.735 ms                 |
+---------------------------+---------------------------+---------------------------+
W20240201 00:47:26.529345 3342487 grad_async_v1.h:429] Sleep in <BlockToStepN>, step_no=224, pq.top=224
W20240201 00:47:27.539376 3342487 grad_async_v1.h:429] Sleep in <BlockToStepN>, step_no=234, pq.top=234
W20240201 00:47:28.539006 3342487 grad_async_v1.h:429] Sleep in <BlockToStepN>, step_no=244, pq.top=244
W20240201 00:47:29.539011 3342487 grad_async_v1.h:429] Sleep in <BlockToStepN>, step_no=254, pq.top=254
W20240201 00:47:30.544376 3342487 grad_async_v1.h:429] Sleep in <BlockToStepN>, step_no=264, pq.top=264
+---------------------------+---------------------------+---------------------------+
| Name                      | P50                       | P99                       |
+---------------------------+---------------------------+---------------------------+
| GenInput                  | 1.102 ms                  | 13.851 ms                 |
| Forward                   | 3.339 ms                  | 5.251 ms                  |
| Backward                  | 5.498 ms                  | 6.162 ms                  |
| Optimize                  | 1.146 ms                  | 2.534 ms                  |
| BarrierTimeBeforeRank0    | 19.561 us                 | 8.740 ms                  |
| AfterBackward             | 9.286 ms                  | 17.731 ms                 |
| BlockToStepN              | 62.049 ms                 | 87.660 ms                 |
| OneStep                   | 85.176 ms                 | 111.639 ms                |
+---------------------------+---------------------------+---------------------------+
+---------------------------+---------------------------+---------------------------+
| Name                      | P50                       | P99                       |
+---------------------------+---------------------------+---------------------------+
| ProcessBack:Shuffle       | 1.775 ms                  | 2.337 ms                  |
| ProcessBack:UpdateCache   | 1.332 ms                  | 2.328 ms                  |
| ProcessBack:UpsertPq      | 5.794 ms                  | 11.217 ms                 |
| ProcessOneStep            | 9.269 ms                  | 17.692 ms                 |
| BlockToStepN              | 62.165 ms                 | 87.620 ms                 |
+---------------------------+---------------------------+---------------------------+
W20240201 00:47:31.544010 3342487 grad_async_v1.h:429] Sleep in <BlockToStepN>, step_no=274, pq.top=274
W20240201 00:47:32.544013 3342487 grad_async_v1.h:429] Sleep in <BlockToStepN>, step_no=283, pq.top=283
W20240201 00:47:33.544006 3342487 grad_async_v1.h:429] Sleep in <BlockToStepN>, step_no=293, pq.top=293
[proc 3] 300 steps, total: 10.175, sample: 0.193, forward: 0.296, backward: 0.523, update: 0.109
[proc 0] 300 steps, total: 10.175, sample: 0.253, forward: 0.312, backward: 0.545, update: 0.109
[proc 1] 300 steps, total: 10.175, sample: 0.172, forward: 0.271, backward: 0.524, update: 0.123
[proc 2] 300 steps, total: 10.175, sample: 0.162, forward: 0.248, backward: 0.512, update: 0.124
W20240201 00:47:34.544011 3342487 grad_async_v1.h:429] Sleep in <BlockToStepN>, step_no=302, pq.top=302
W20240201 00:47:35.544009 3342487 grad_async_v1.h:429] Sleep in <BlockToStepN>, step_no=311, pq.top=311
+---------------------------+---------------------------+---------------------------+
| Name                      | P50                       | P99                       |
+---------------------------+---------------------------+---------------------------+
| GenInput                  | 1.116 ms                  | 13.851 ms                 |
| Forward                   | 3.320 ms                  | 5.251 ms                  |
| Backward                  | 5.498 ms                  | 6.162 ms                  |
| Optimize                  | 1.121 ms                  | 2.534 ms                  |
| BarrierTimeBeforeRank0    | 19.671 us                 | 9.216 ms                  |
| AfterBackward             | 9.268 ms                  | 17.731 ms                 |
| BlockToStepN              | 64.865 ms                 | 93.753 ms                 |
| OneStep                   | 88.433 ms                 | 122.374 ms                |
+---------------------------+---------------------------+---------------------------+
+---------------------------+---------------------------+---------------------------+
| Name                      | P50                       | P99                       |
+---------------------------+---------------------------+---------------------------+
| ProcessBack:Shuffle       | 1.772 ms                  | 2.329 ms                  |
| ProcessBack:UpdateCache   | 1.330 ms                  | 2.237 ms                  |
| ProcessBack:UpsertPq      | 5.794 ms                  | 11.182 ms                 |
| ProcessOneStep            | 9.247 ms                  | 17.692 ms                 |
| BlockToStepN              | 65.000 ms                 | 94.202 ms                 |
+---------------------------+---------------------------+---------------------------+
W20240201 00:47:36.557785 3342487 grad_async_v1.h:429] Sleep in <BlockToStepN>, step_no=321, pq.top=321
W20240201 00:47:37.581849 3342487 grad_async_v1.h:429] Sleep in <BlockToStepN>, step_no=330, pq.top=330
W20240201 00:47:38.592674 3342487 grad_async_v1.h:429] Sleep in <BlockToStepN>, step_no=339, pq.top=339
W20240201 00:47:39.592006 3342487 grad_async_v1.h:429] Sleep in <BlockToStepN>, step_no=348, pq.top=348
W20240201 00:47:40.592011 3342487 grad_async_v1.h:429] Sleep in <BlockToStepN>, step_no=357, pq.top=357
+---------------------------+---------------------------+---------------------------+
| Name                      | P50                       | P99                       |
+---------------------------+---------------------------+---------------------------+
| GenInput                  | 1.127 ms                  | 13.678 ms                 |
| Forward                   | 3.305 ms                  | 4.989 ms                  |
| Backward                  | 5.502 ms                  | 6.162 ms                  |
| Optimize                  | 1.118 ms                  | 2.530 ms                  |
| BarrierTimeBeforeRank0    | 19.573 us                 | 9.216 ms                  |
| AfterBackward             | 9.268 ms                  | 16.269 ms                 |
| BlockToStepN              | 68.439 ms                 | 98.345 ms                 |
| OneStep                   | 91.615 ms                 | 129.331 ms                |
+---------------------------+---------------------------+---------------------------+
+---------------------------+---------------------------+---------------------------+
| Name                      | P50                       | P99                       |
+---------------------------+---------------------------+---------------------------+
| ProcessBack:Shuffle       | 1.771 ms                  | 2.385 ms                  |
| ProcessBack:UpdateCache   | 1.328 ms                  | 2.224 ms                  |
| ProcessBack:UpsertPq      | 5.791 ms                  | 10.260 ms                 |
| ProcessOneStep            | 9.247 ms                  | 16.237 ms                 |
| BlockToStepN              | 68.668 ms                 | 98.311 ms                 |
+---------------------------+---------------------------+---------------------------+
W20240201 00:47:41.592010 3342487 grad_async_v1.h:429] Sleep in <BlockToStepN>, step_no=366, pq.top=366
W20240201 00:47:42.592006 3342487 grad_async_v1.h:429] Sleep in <BlockToStepN>, step_no=375, pq.top=375
W20240201 00:47:43.592011 3342487 grad_async_v1.h:429] Sleep in <BlockToStepN>, step_no=384, pq.top=384
W20240201 00:47:44.592005 3342487 grad_async_v1.h:429] Sleep in <BlockToStepN>, step_no=393, pq.top=393
[proc 0] 400 steps, total: 11.084, sample: 0.272, forward: 0.305, backward: 0.546, update: 0.119
[proc 3] 400 steps, total: 11.084, sample: 0.181, forward: 0.289, backward: 0.525, update: 0.097
[proc 1] 400 steps, total: 11.084, sample: 0.168, forward: 0.270, backward: 0.522, update: 0.119
[proc 2] 400 steps, total: 11.084, sample: 0.166, forward: 0.252, backward: 0.514, update: 0.112
W20240201 00:47:45.604368 3342487 grad_async_v1.h:429] Sleep in <BlockToStepN>, step_no=402, pq.top=402
+---------------------------+---------------------------+---------------------------+
| Name                      | P50                       | P99                       |
+---------------------------+---------------------------+---------------------------+
| GenInput                  | 1.131 ms                  | 13.778 ms                 |
| Forward                   | 3.281 ms                  | 4.989 ms                  |
| Backward                  | 5.501 ms                  | 6.375 ms                  |
| Optimize                  | 1.118 ms                  | 2.530 ms                  |
| BarrierTimeBeforeRank0    | 19.671 us                 | 9.216 ms                  |
| AfterBackward             | 9.266 ms                  | 16.269 ms                 |
| BlockToStepN              | 70.854 ms                 | 101.929 ms                |
| OneStep                   | 95.326 ms                 | 131.995 ms                |
+---------------------------+---------------------------+---------------------------+
+---------------------------+---------------------------+---------------------------+
| Name                      | P50                       | P99                       |
+---------------------------+---------------------------+---------------------------+
| ProcessBack:Shuffle       | 1.772 ms                  | 2.494 ms                  |
| ProcessBack:UpdateCache   | 1.326 ms                  | 2.217 ms                  |
| ProcessBack:UpsertPq      | 5.794 ms                  | 9.501 ms                  |
| ProcessOneStep            | 9.247 ms                  | 16.237 ms                 |
| BlockToStepN              | 71.522 ms                 | 101.890 ms                |
+---------------------------+---------------------------+---------------------------+
W20240201 00:47:46.604012 3342487 grad_async_v1.h:429] Sleep in <BlockToStepN>, step_no=411, pq.top=411
W20240201 00:47:47.604008 3342487 grad_async_v1.h:429] Sleep in <BlockToStepN>, step_no=420, pq.top=420
W20240201 00:47:48.604012 3342487 grad_async_v1.h:429] Sleep in <BlockToStepN>, step_no=430, pq.top=430
W20240201 00:47:49.620232 3342487 grad_async_v1.h:429] Sleep in <BlockToStepN>, step_no=439, pq.top=439
W20240201 00:47:50.620007 3342487 grad_async_v1.h:429] Sleep in <BlockToStepN>, step_no=447, pq.top=447
+---------------------------+---------------------------+---------------------------+
| Name                      | P50                       | P99                       |
+---------------------------+---------------------------+---------------------------+
| GenInput                  | 1.147 ms                  | 13.778 ms                 |
| Forward                   | 3.289 ms                  | 4.989 ms                  |
| Backward                  | 5.498 ms                  | 6.375 ms                  |
| Optimize                  | 1.118 ms                  | 2.534 ms                  |
| BarrierTimeBeforeRank0    | 19.549 us                 | 9.496 ms                  |
| AfterBackward             | 9.266 ms                  | 16.269 ms                 |
| BlockToStepN              | 73.735 ms                 | 106.031 ms                |
| OneStep                   | 97.800 ms                 | 132.254 ms                |
+---------------------------+---------------------------+---------------------------+
+---------------------------+---------------------------+---------------------------+
| Name                      | P50                       | P99                       |
+---------------------------+---------------------------+---------------------------+
| ProcessBack:Shuffle       | 1.768 ms                  | 2.385 ms                  |
| ProcessBack:UpdateCache   | 1.326 ms                  | 2.004 ms                  |
| ProcessBack:UpsertPq      | 5.792 ms                  | 9.501 ms                  |
| ProcessOneStep            | 9.246 ms                  | 15.547 ms                 |
| BlockToStepN              | 73.981 ms                 | 102.470 ms                |
+---------------------------+---------------------------+---------------------------+
W20240201 00:47:51.620012 3342487 grad_async_v1.h:429] Sleep in <BlockToStepN>, step_no=456, pq.top=456
W20240201 00:47:52.620010 3342487 grad_async_v1.h:429] Sleep in <BlockToStepN>, step_no=465, pq.top=465
W20240201 00:47:53.620007 3342487 grad_async_v1.h:429] Sleep in <BlockToStepN>, step_no=473, pq.top=473
W20240201 00:47:54.626405 3342487 grad_async_v1.h:429] Sleep in <BlockToStepN>, step_no=482, pq.top=482
W20240201 00:47:55.626009 3342487 grad_async_v1.h:429] Sleep in <BlockToStepN>, step_no=490, pq.top=490
+---------------------------+---------------------------+---------------------------+
| Name                      | P50                       | P99                       |
+---------------------------+---------------------------+---------------------------+
| GenInput                  | 1.158 ms                  | 13.678 ms                 |
| Forward                   | 3.287 ms                  | 4.836 ms                  |
| Backward                  | 5.498 ms                  | 6.162 ms                  |
| Optimize                  | 1.122 ms                  | 2.530 ms                  |
| BarrierTimeBeforeRank0    | 19.485 us                 | 9.496 ms                  |
| AfterBackward             | 9.255 ms                  | 15.567 ms                 |
| BlockToStepN              | 75.321 ms                 | 109.539 ms                |
| OneStep                   | 99.816 ms                 | 138.719 ms                |
+---------------------------+---------------------------+---------------------------+
+---------------------------+---------------------------+---------------------------+
| Name                      | P50                       | P99                       |
+---------------------------+---------------------------+---------------------------+
| ProcessBack:Shuffle       | 1.768 ms                  | 2.337 ms                  |
| ProcessBack:UpdateCache   | 1.323 ms                  | 1.968 ms                  |
| ProcessBack:UpsertPq      | 5.791 ms                  | 10.260 ms                 |
| ProcessOneStep            | 9.242 ms                  | 15.547 ms                 |
| BlockToStepN              | 75.318 ms                 | 109.497 ms                |
+---------------------------+---------------------------+---------------------------+
W20240201 00:47:56.626005 3342487 grad_async_v1.h:429] Sleep in <BlockToStepN>, step_no=499, pq.top=499
[proc 0] 500 steps, total: 11.340, sample: 0.255, forward: 0.319, backward: 0.542, update: 0.134
[proc 3] 500 steps, total: 11.340, sample: 0.175, forward: 0.291, backward: 0.524, update: 0.101
[proc 2] 500 steps, total: 11.340, sample: 0.185, forward: 0.252, backward: 0.515, update: 0.126
[proc 1] 500 steps, total: 11.340, sample: 0.171, forward: 0.271, backward: 0.527, update: 0.133
Successfully xmh. training takes 49.81996250152588 seconds
before call kg_cache_controller.StopThreads()
W20240201 00:47:56.798405 3342487 grad_async_v1.h:243] call StopThreads. PID = 3342145
W20240201 00:47:56.798430 3342487 grad_base.h:212] before processOneStepNegThread_.join();
[W tensorpipe_agent.cpp:725] RPC agent for worker0 encountered error when reading incoming request from worker2: eof (this error originated at tensorpipe/transport/shm/connection_impl.cc:259)
[W tensorpipe_agent.cpp:725] RPC agent for worker0 encountered error when reading incoming request from worker3: eof (this error originated at tensorpipe/transport/shm/connection_impl.cc:259)
W20240201 00:47:56.804114 3342487 grad_base.h:214] after processOneStepNegThread_.join();
W20240201 00:47:56.804139 3342487 grad_async_v1.h:245] call GradProcessingBase::StopThreads.
[W tensorpipe_agent.cpp:725] RPC agent for worker0 encountered error when reading incoming request from worker1: eof (this error originated at tensorpipe/transport/shm/connection_impl.cc:259)
W20240201 00:47:56.824121 3342487 grad_async_v1.h:264] StopThreads done.
On rank0, prepare to call self.controller.StopThreads(), self=<python.controller_process.KGCacheControllerWrapper object at 0x7f4b5df519d0>
