WARNING: Logging before InitGoogleLogging() is written to STDERR
I20240203 11:14:22.423977 45960 IPC_barrier.h:128] MultiProcessBarrierFactory->ClearIPCMemory()
/data/home/xieminhui/RecStore/src/framework_adapters/torch/kg/dgl-0.9.1/python/dgl/_deprecate/graph.py:1023: DGLWarning: multigraph will be deprecated.DGL will treat all graphs as multigraph in the future.
  dgl_warning("multigraph will be deprecated." \
/data/home/xieminhui/RecStore/src/framework_adapters/torch/kg/dgl-0.9.1/python/dgl/heterograph.py:72: DGLWarning: Recommend creating graphs by `dgl.graph(data)` instead of `dgl.DGLGraph(data)`.
  dgl_warning('Recommend creating graphs by `dgl.graph(data)`'
Reading train triples....
Finished. Read 304727650 train triples.
Reading valid triples....
Finished. Read 16929318 valid triples.
Reading test triples....
Finished. Read 16929308 test triples.
ARGS:  Namespace(model_name='TransE', data_path='/home/xieminhui/dgl-data', dataset='Freebase', format='built_in', data_files=None, delimiter='\t', save_path='/tmp/ckpts/TransE_Freebase_61', no_save_emb=True, max_step=500, batch_size=2000, batch_size_eval=16, neg_sample_size=200, neg_deg_sample=False, neg_deg_sample_eval=False, neg_sample_size_eval=86054151, eval_percent=1, no_eval_filter=False, log_interval=100, eval_interval=10000, test=False, num_proc=8, num_thread=1, force_sync_interval=1, hidden_dim=400, lr=0.01, gamma=16.0, double_ent=False, double_rel=False, neg_adversarial_sampling=False, adversarial_temperature=1.0, regularization_coef=0.0, regularization_norm=3, pairwise=False, loss_genre='Logsigmoid', margin=1.0, nr_gpus=8, gpu=[0, 1, 2, 3, 4, 5, 6, 7], mix_cpu_gpu=True, valid=False, rel_part=False, async_update=None, has_edge_importance=False, cached_emb_type='KnownLocalCachedEmbedding', use_my_emb=True, cache_ratio=0.1, shuffle=False, backwardMode='PySync', L=10, update_cache_use_omp=0, update_pq_use_omp=0, kForwardItersPerStep=2, backgrad_init='both', eval_filter=True, soft_rel_part=False)
|Train|: 304727650
original graph:  DGLGraph(num_nodes=86054151, num_edges=338586276,
         ndata_schemes={}
         edata_schemes={'tid': Scheme(shape=(), dtype=torch.int64)})
Loading cached metis
WARNING [45960 sampler.py:454] Start PreSampling
WARNING [45960 sampler.py:532] Before construct renumbering_dict
WARNING [45960 sampler.py:555] PreSampling done
W20240203 11:35:18.615355 45960 IPCTensor.h:369] NewIPCTensor: cached_sampler_r0_0 [1000000]0x100000002000 7.629 MB
W20240203 11:35:18.615574 45960 IPCTensor.h:369] NewIPCTensor: cached_sampler_r0_1 [1000000]0x1000007a5000 7.629 MB
W20240203 11:35:18.615609 45960 IPCTensor.h:369] NewIPCTensor: cached_sampler_r0_2 [1000000]0x100000f48000 7.629 MB
W20240203 11:35:18.615641 45960 IPCTensor.h:369] NewIPCTensor: cached_sampler_r0_3 [1000000]0x1000016eb000 7.629 MB
W20240203 11:35:18.615677 45960 IPCTensor.h:369] NewIPCTensor: cached_sampler_r0_4 [1000000]0x100001e8e000 7.629 MB
W20240203 11:35:18.615715 45960 IPCTensor.h:369] NewIPCTensor: cached_sampler_r0_5 [1000000]0x100002631000 7.629 MB
W20240203 11:35:18.615758 45960 IPCTensor.h:369] NewIPCTensor: cached_sampler_r0_6 [1000000]0x100002dd4000 7.629 MB
W20240203 11:35:18.615823 45960 IPCTensor.h:369] NewIPCTensor: cached_sampler_r0_7 [1000000]0x100003577000 7.629 MB
W20240203 11:35:18.615864 45960 IPCTensor.h:369] NewIPCTensor: cached_sampler_r0_8 [1000000]0x100003d1a000 7.629 MB
W20240203 11:35:18.615892 45960 IPCTensor.h:369] NewIPCTensor: cached_sampler_r0_9 [1000000]0x1000044bd000 7.629 MB
W20240203 11:35:18.615936 45960 IPCTensor.h:369] NewIPCTensor: step_r0 [10]0x100004c60000 80 B 
W20240203 11:35:18.615969 45960 IPCTensor.h:369] NewIPCTensor: circle_buffer_end_r0 [1]0x100004c62000 8 B 
W20240203 11:35:18.615994 45960 IPCTensor.h:369] NewIPCTensor: circle_buffer_end_cppseen_r0 [1]0x100004c64000 8 B 
W20240203 11:35:18.616183 45960 IPCTensor.h:369] NewIPCTensor: cached_sampler_r1_0 [1000000]0x100004c66000 7.629 MB
W20240203 11:35:18.616232 45960 IPCTensor.h:369] NewIPCTensor: cached_sampler_r1_1 [1000000]0x100005409000 7.629 MB
W20240203 11:35:18.616263 45960 IPCTensor.h:369] NewIPCTensor: cached_sampler_r1_2 [1000000]0x100005bac000 7.629 MB
W20240203 11:35:18.616314 45960 IPCTensor.h:369] NewIPCTensor: cached_sampler_r1_3 [1000000]0x10000634f000 7.629 MB
W20240203 11:35:18.616353 45960 IPCTensor.h:369] NewIPCTensor: cached_sampler_r1_4 [1000000]0x100006af2000 7.629 MB
W20240203 11:35:18.616390 45960 IPCTensor.h:369] NewIPCTensor: cached_sampler_r1_5 [1000000]0x100007295000 7.629 MB
W20240203 11:35:18.616421 45960 IPCTensor.h:369] NewIPCTensor: cached_sampler_r1_6 [1000000]0x100007a38000 7.629 MB
W20240203 11:35:18.616465 45960 IPCTensor.h:369] NewIPCTensor: cached_sampler_r1_7 [1000000]0x1000081db000 7.629 MB
W20240203 11:35:18.616501 45960 IPCTensor.h:369] NewIPCTensor: cached_sampler_r1_8 [1000000]0x10000897e000 7.629 MB
W20240203 11:35:18.616535 45960 IPCTensor.h:369] NewIPCTensor: cached_sampler_r1_9 [1000000]0x100009121000 7.629 MB
W20240203 11:35:18.616566 45960 IPCTensor.h:369] NewIPCTensor: step_r1 [10]0x1000098c4000 80 B 
W20240203 11:35:18.616593 45960 IPCTensor.h:369] NewIPCTensor: circle_buffer_end_r1 [1]0x1000098c6000 8 B 
W20240203 11:35:18.616621 45960 IPCTensor.h:369] NewIPCTensor: circle_buffer_end_cppseen_r1 [1]0x1000098c8000 8 B 
W20240203 11:35:18.616683 45960 IPCTensor.h:369] NewIPCTensor: cached_sampler_r2_0 [1000000]0x1000098ca000 7.629 MB
W20240203 11:35:18.616725 45960 IPCTensor.h:369] NewIPCTensor: cached_sampler_r2_1 [1000000]0x10000a06d000 7.629 MB
W20240203 11:35:18.616761 45960 IPCTensor.h:369] NewIPCTensor: cached_sampler_r2_2 [1000000]0x10000a810000 7.629 MB
W20240203 11:35:18.616796 45960 IPCTensor.h:369] NewIPCTensor: cached_sampler_r2_3 [1000000]0x10000afb3000 7.629 MB
W20240203 11:35:18.616830 45960 IPCTensor.h:369] NewIPCTensor: cached_sampler_r2_4 [1000000]0x10000b756000 7.629 MB
W20240203 11:35:18.616869 45960 IPCTensor.h:369] NewIPCTensor: cached_sampler_r2_5 [1000000]0x10000bef9000 7.629 MB
W20240203 11:35:18.616899 45960 IPCTensor.h:369] NewIPCTensor: cached_sampler_r2_6 [1000000]0x10000c69c000 7.629 MB
W20240203 11:35:18.616928 45960 IPCTensor.h:369] NewIPCTensor: cached_sampler_r2_7 [1000000]0x10000ce3f000 7.629 MB
W20240203 11:35:18.616963 45960 IPCTensor.h:369] NewIPCTensor: cached_sampler_r2_8 [1000000]0x10000d5e2000 7.629 MB
W20240203 11:35:18.617002 45960 IPCTensor.h:369] NewIPCTensor: cached_sampler_r2_9 [1000000]0x10000dd85000 7.629 MB
W20240203 11:35:18.617033 45960 IPCTensor.h:369] NewIPCTensor: step_r2 [10]0x10000e528000 80 B 
W20240203 11:35:18.617058 45960 IPCTensor.h:369] NewIPCTensor: circle_buffer_end_r2 [1]0x10000e52a000 8 B 
W20240203 11:35:18.617082 45960 IPCTensor.h:369] NewIPCTensor: circle_buffer_end_cppseen_r2 [1]0x10000e52c000 8 B 
W20240203 11:35:18.617141 45960 IPCTensor.h:369] NewIPCTensor: cached_sampler_r3_0 [1000000]0x10000e52e000 7.629 MB
W20240203 11:35:18.617177 45960 IPCTensor.h:369] NewIPCTensor: cached_sampler_r3_1 [1000000]0x10000ecd1000 7.629 MB
W20240203 11:35:18.617213 45960 IPCTensor.h:369] NewIPCTensor: cached_sampler_r3_2 [1000000]0x10000f474000 7.629 MB
W20240203 11:35:18.617245 45960 IPCTensor.h:369] NewIPCTensor: cached_sampler_r3_3 [1000000]0x10000fc17000 7.629 MB
W20240203 11:35:18.617274 45960 IPCTensor.h:369] NewIPCTensor: cached_sampler_r3_4 [1000000]0x1000103ba000 7.629 MB
W20240203 11:35:18.617309 45960 IPCTensor.h:369] NewIPCTensor: cached_sampler_r3_5 [1000000]0x100010b5d000 7.629 MB
W20240203 11:35:18.617357 45960 IPCTensor.h:369] NewIPCTensor: cached_sampler_r3_6 [1000000]0x100011300000 7.629 MB
W20240203 11:35:18.617388 45960 IPCTensor.h:369] NewIPCTensor: cached_sampler_r3_7 [1000000]0x100011aa3000 7.629 MB
W20240203 11:35:18.617420 45960 IPCTensor.h:369] NewIPCTensor: cached_sampler_r3_8 [1000000]0x100012246000 7.629 MB
W20240203 11:35:18.617452 45960 IPCTensor.h:369] NewIPCTensor: cached_sampler_r3_9 [1000000]0x1000129e9000 7.629 MB
W20240203 11:35:18.617486 45960 IPCTensor.h:369] NewIPCTensor: step_r3 [10]0x10001318c000 80 B 
W20240203 11:35:18.617512 45960 IPCTensor.h:369] NewIPCTensor: circle_buffer_end_r3 [1]0x10001318e000 8 B 
W20240203 11:35:18.617540 45960 IPCTensor.h:369] NewIPCTensor: circle_buffer_end_cppseen_r3 [1]0x100013190000 8 B 
W20240203 11:35:18.617607 45960 IPCTensor.h:369] NewIPCTensor: cached_sampler_r4_0 [1000000]0x100013192000 7.629 MB
W20240203 11:35:18.617648 45960 IPCTensor.h:369] NewIPCTensor: cached_sampler_r4_1 [1000000]0x100013935000 7.629 MB
W20240203 11:35:18.617695 45960 IPCTensor.h:369] NewIPCTensor: cached_sampler_r4_2 [1000000]0x1000140d8000 7.629 MB
W20240203 11:35:18.617729 45960 IPCTensor.h:369] NewIPCTensor: cached_sampler_r4_3 [1000000]0x10001487b000 7.629 MB
W20240203 11:35:18.617761 45960 IPCTensor.h:369] NewIPCTensor: cached_sampler_r4_4 [1000000]0x10001501e000 7.629 MB
W20240203 11:35:18.617792 45960 IPCTensor.h:369] NewIPCTensor: cached_sampler_r4_5 [1000000]0x1000157c1000 7.629 MB
W20240203 11:35:18.617832 45960 IPCTensor.h:369] NewIPCTensor: cached_sampler_r4_6 [1000000]0x100015f64000 7.629 MB
W20240203 11:35:18.617871 45960 IPCTensor.h:369] NewIPCTensor: cached_sampler_r4_7 [1000000]0x100016707000 7.629 MB
W20240203 11:35:18.617905 45960 IPCTensor.h:369] NewIPCTensor: cached_sampler_r4_8 [1000000]0x100016eaa000 7.629 MB
W20240203 11:35:18.617942 45960 IPCTensor.h:369] NewIPCTensor: cached_sampler_r4_9 [1000000]0x10001764d000 7.629 MB
W20240203 11:35:18.617981 45960 IPCTensor.h:369] NewIPCTensor: step_r4 [10]0x100017df0000 80 B 
W20240203 11:35:18.618008 45960 IPCTensor.h:369] NewIPCTensor: circle_buffer_end_r4 [1]0x100017df2000 8 B 
W20240203 11:35:18.618034 45960 IPCTensor.h:369] NewIPCTensor: circle_buffer_end_cppseen_r4 [1]0x100017df4000 8 B 
W20240203 11:35:18.618098 45960 IPCTensor.h:369] NewIPCTensor: cached_sampler_r5_0 [1000000]0x100017df6000 7.629 MB
W20240203 11:35:18.618155 45960 IPCTensor.h:369] NewIPCTensor: cached_sampler_r5_1 [1000000]0x100018599000 7.629 MB
W20240203 11:35:18.618189 45960 IPCTensor.h:369] NewIPCTensor: cached_sampler_r5_2 [1000000]0x100018d3c000 7.629 MB
W20240203 11:35:18.618221 45960 IPCTensor.h:369] NewIPCTensor: cached_sampler_r5_3 [1000000]0x1000194df000 7.629 MB
W20240203 11:35:18.618260 45960 IPCTensor.h:369] NewIPCTensor: cached_sampler_r5_4 [1000000]0x100019c82000 7.629 MB
W20240203 11:35:18.618296 45960 IPCTensor.h:369] NewIPCTensor: cached_sampler_r5_5 [1000000]0x10001a425000 7.629 MB
W20240203 11:35:18.618330 45960 IPCTensor.h:369] NewIPCTensor: cached_sampler_r5_6 [1000000]0x10001abc8000 7.629 MB
W20240203 11:35:18.618366 45960 IPCTensor.h:369] NewIPCTensor: cached_sampler_r5_7 [1000000]0x10001b36b000 7.629 MB
W20240203 11:35:18.618403 45960 IPCTensor.h:369] NewIPCTensor: cached_sampler_r5_8 [1000000]0x10001bb0e000 7.629 MB
W20240203 11:35:18.618465 45960 IPCTensor.h:369] NewIPCTensor: cached_sampler_r5_9 [1000000]0x10001c2b1000 7.629 MB
W20240203 11:35:18.618511 45960 IPCTensor.h:369] NewIPCTensor: step_r5 [10]0x10001ca54000 80 B 
W20240203 11:35:18.618541 45960 IPCTensor.h:369] NewIPCTensor: circle_buffer_end_r5 [1]0x10001ca56000 8 B 
W20240203 11:35:18.618577 45960 IPCTensor.h:369] NewIPCTensor: circle_buffer_end_cppseen_r5 [1]0x10001ca58000 8 B 
W20240203 11:35:18.618642 45960 IPCTensor.h:369] NewIPCTensor: cached_sampler_r6_0 [1000000]0x10001ca5a000 7.629 MB
W20240203 11:35:18.618693 45960 IPCTensor.h:369] NewIPCTensor: cached_sampler_r6_1 [1000000]0x10001d1fd000 7.629 MB
W20240203 11:35:18.618733 45960 IPCTensor.h:369] NewIPCTensor: cached_sampler_r6_2 [1000000]0x10001d9a0000 7.629 MB
W20240203 11:35:18.618785 45960 IPCTensor.h:369] NewIPCTensor: cached_sampler_r6_3 [1000000]0x10001e143000 7.629 MB
W20240203 11:35:18.618839 45960 IPCTensor.h:369] NewIPCTensor: cached_sampler_r6_4 [1000000]0x10001e8e6000 7.629 MB
W20240203 11:35:18.618876 45960 IPCTensor.h:369] NewIPCTensor: cached_sampler_r6_5 [1000000]0x10001f089000 7.629 MB
W20240203 11:35:18.618916 45960 IPCTensor.h:369] NewIPCTensor: cached_sampler_r6_6 [1000000]0x10001f82c000 7.629 MB
W20240203 11:35:18.618958 45960 IPCTensor.h:369] NewIPCTensor: cached_sampler_r6_7 [1000000]0x10001ffcf000 7.629 MB
W20240203 11:35:18.618995 45960 IPCTensor.h:369] NewIPCTensor: cached_sampler_r6_8 [1000000]0x100020772000 7.629 MB
W20240203 11:35:18.619046 45960 IPCTensor.h:369] NewIPCTensor: cached_sampler_r6_9 [1000000]0x100020f15000 7.629 MB
W20240203 11:35:18.619087 45960 IPCTensor.h:369] NewIPCTensor: step_r6 [10]0x1000216b8000 80 B 
W20240203 11:35:18.619118 45960 IPCTensor.h:369] NewIPCTensor: circle_buffer_end_r6 [1]0x1000216ba000 8 B 
W20240203 11:35:18.619159 45960 IPCTensor.h:369] NewIPCTensor: circle_buffer_end_cppseen_r6 [1]0x1000216bc000 8 B 
W20240203 11:35:18.619230 45960 IPCTensor.h:369] NewIPCTensor: cached_sampler_r7_0 [1000000]0x1000216be000 7.629 MB
W20240203 11:35:18.619273 45960 IPCTensor.h:369] NewIPCTensor: cached_sampler_r7_1 [1000000]0x100021e61000 7.629 MB
W20240203 11:35:18.619323 45960 IPCTensor.h:369] NewIPCTensor: cached_sampler_r7_2 [1000000]0x100022604000 7.629 MB
W20240203 11:35:18.619374 45960 IPCTensor.h:369] NewIPCTensor: cached_sampler_r7_3 [1000000]0x100022da7000 7.629 MB
W20240203 11:35:18.619418 45960 IPCTensor.h:369] NewIPCTensor: cached_sampler_r7_4 [1000000]0x10002354a000 7.629 MB
W20240203 11:35:18.619472 45960 IPCTensor.h:369] NewIPCTensor: cached_sampler_r7_5 [1000000]0x100023ced000 7.629 MB
W20240203 11:35:18.619518 45960 IPCTensor.h:369] NewIPCTensor: cached_sampler_r7_6 [1000000]0x100024490000 7.629 MB
W20240203 11:35:18.619561 45960 IPCTensor.h:369] NewIPCTensor: cached_sampler_r7_7 [1000000]0x100024c33000 7.629 MB
W20240203 11:35:18.619604 45960 IPCTensor.h:369] NewIPCTensor: cached_sampler_r7_8 [1000000]0x1000253d6000 7.629 MB
W20240203 11:35:18.619648 45960 IPCTensor.h:369] NewIPCTensor: cached_sampler_r7_9 [1000000]0x100025b79000 7.629 MB
W20240203 11:35:18.619688 45960 IPCTensor.h:369] NewIPCTensor: step_r7 [10]0x10002631c000 80 B 
W20240203 11:35:18.619719 45960 IPCTensor.h:369] NewIPCTensor: circle_buffer_end_r7 [1]0x10002631e000 8 B 
W20240203 11:35:18.619755 45960 IPCTensor.h:369] NewIPCTensor: circle_buffer_end_cppseen_r7 [1]0x100026320000 8 B 
W20240203 11:35:19.196429 45960 IPCTensor.h:369] NewIPCTensor: full_emb [86054151, 400]0x100026322000 128.2 GB
W20240203 11:44:05.009932 45960 IPCTensor.h:369] NewIPCTensor: full_emb_SparseRowWiseAdaGrad_sum [86054151]0x102034f5a000 328.3 MB
{0: Graph(num_nodes=18863774, num_edges=55186826,
      ndata_schemes={'_ID': Scheme(shape=(), dtype=torch.int64), 'inner_node': Scheme(shape=(), dtype=torch.int32), 'part_id': Scheme(shape=(), dtype=torch.int64)}
      edata_schemes={'_ID': Scheme(shape=(), dtype=torch.int64), 'inner_edge': Scheme(shape=(), dtype=torch.int8)}), 1: Graph(num_nodes=13493829, num_edges=51786811,
      ndata_schemes={'_ID': Scheme(shape=(), dtype=torch.int64), 'inner_node': Scheme(shape=(), dtype=torch.int32), 'part_id': Scheme(shape=(), dtype=torch.int64)}
      edata_schemes={'_ID': Scheme(shape=(), dtype=torch.int64), 'inner_edge': Scheme(shape=(), dtype=torch.int8)}), 2: Graph(num_nodes=12506959, num_edges=45797296,
      ndata_schemes={'_ID': Scheme(shape=(), dtype=torch.int64), 'inner_node': Scheme(shape=(), dtype=torch.int32), 'part_id': Scheme(shape=(), dtype=torch.int64)}
      edata_schemes={'_ID': Scheme(shape=(), dtype=torch.int64), 'inner_edge': Scheme(shape=(), dtype=torch.int8)}), 3: Graph(num_nodes=12605014, num_edges=52067933,
      ndata_schemes={'_ID': Scheme(shape=(), dtype=torch.int64), 'inner_node': Scheme(shape=(), dtype=torch.int32), 'part_id': Scheme(shape=(), dtype=torch.int64)}
      edata_schemes={'_ID': Scheme(shape=(), dtype=torch.int64), 'inner_edge': Scheme(shape=(), dtype=torch.int8)}), 4: Graph(num_nodes=14435508, num_edges=39101576,
      ndata_schemes={'_ID': Scheme(shape=(), dtype=torch.int64), 'inner_node': Scheme(shape=(), dtype=torch.int32), 'part_id': Scheme(shape=(), dtype=torch.int64)}
      edata_schemes={'_ID': Scheme(shape=(), dtype=torch.int64), 'inner_edge': Scheme(shape=(), dtype=torch.int8)}), 5: Graph(num_nodes=13252778, num_edges=37365728,
      ndata_schemes={'_ID': Scheme(shape=(), dtype=torch.int64), 'inner_node': Scheme(shape=(), dtype=torch.int32), 'part_id': Scheme(shape=(), dtype=torch.int64)}
      edata_schemes={'_ID': Scheme(shape=(), dtype=torch.int64), 'inner_edge': Scheme(shape=(), dtype=torch.int8)}), 6: Graph(num_nodes=14444909, num_edges=60122064,
      ndata_schemes={'_ID': Scheme(shape=(), dtype=torch.int64), 'inner_node': Scheme(shape=(), dtype=torch.int32), 'part_id': Scheme(shape=(), dtype=torch.int64)}
      edata_schemes={'_ID': Scheme(shape=(), dtype=torch.int64), 'inner_edge': Scheme(shape=(), dtype=torch.int8)}), 7: Graph(num_nodes=14493336, num_edges=37760331,
      ndata_schemes={'_ID': Scheme(shape=(), dtype=torch.int64), 'inner_node': Scheme(shape=(), dtype=torch.int32), 'part_id': Scheme(shape=(), dtype=torch.int64)}
      edata_schemes={'_ID': Scheme(shape=(), dtype=torch.int64), 'inner_edge': Scheme(shape=(), dtype=torch.int8)})}
MertisPartition: part 0 has 18863774 N 55186826 E
MertisPartition: part 1 has 13493829 N 51786811 E
MertisPartition: part 2 has 12506959 N 45797296 E
MertisPartition: part 3 has 12605014 N 52067933 E
MertisPartition: part 4 has 14435508 N 39101576 E
MertisPartition: part 5 has 13252778 N 37365728 E
MertisPartition: part 6 has 14444909 N 60122064 E
MertisPartition: part 7 has 14493336 N 37760331 E
Rank0: cached key size 1075676
Rank1: cached key size 1075676
Rank2: cached key size 1075676
Rank3: cached key size 1075676
Rank4: cached key size 1075676
Rank5: cached key size 1075676
Rank6: cached key size 1075676
Rank7: cached key size 1075676
Before renumbering graph:  {'_ID': tensor([       0,        1,        2,  ..., 39512110,  9797409, 32293938]), 'inner_node': tensor([1, 1, 1,  ..., 0, 0, 0], dtype=torch.int32), 'part_id': tensor([0, 0, 0,  ..., 6, 6, 6])}
After renumbering graph:  {'_ID': tensor([ 8605412,  8605441,    65009,  ..., 67935108, 62425136,  9384619]), 'inner_node': tensor([1, 1, 1,  ..., 0, 0, 0], dtype=torch.int32), 'part_id': tensor([0, 0, 0,  ..., 6, 6, 6])}
part_g: DGLGraph(num_nodes=18863774, num_edges=55186826,
         ndata_schemes={'_ID': Scheme(shape=(), dtype=torch.int64)}
         edata_schemes={'tid': Scheme(shape=(), dtype=torch.int64)})
part_g: DGLGraph(num_nodes=18863774, num_edges=55186826,
         ndata_schemes={'_ID': Scheme(shape=(), dtype=torch.int64)}
         edata_schemes={'tid': Scheme(shape=(), dtype=torch.int64)})
Total initialize time 2296.445 seconds
[Rank1] pid = 8004
[Rank2] pid = 8099
[Rank3] pid = 8167
[Rank4] pid = 8297
[Rank5] pid = 8462
[Rank6] pid = 8650
INFO [45960 distributed_c10d.py:442] Added key: store_based_barrier_key:1 to store for rank: 0
INFO [8004 distributed_c10d.py:442] Added key: store_based_barrier_key:1 to store for rank: 1
INFO [8099 distributed_c10d.py:442] Added key: store_based_barrier_key:1 to store for rank: 2
INFO [8167 distributed_c10d.py:442] Added key: store_based_barrier_key:1 to store for rank: 3
INFO [8297 distributed_c10d.py:442] Added key: store_based_barrier_key:1 to store for rank: 4
INFO [8462 distributed_c10d.py:442] Added key: store_based_barrier_key:1 to store for rank: 5
INFO [8650 distributed_c10d.py:442] Added key: store_based_barrier_key:1 to store for rank: 6
INFO [8814 distributed_c10d.py:442] Added key: store_based_barrier_key:1 to store for rank: 7
INFO [8650 distributed_c10d.py:476] Rank 6: Completed store-based barrier for key:store_based_barrier_key:1 with 8 nodes.
INFO [8297 distributed_c10d.py:476] Rank 4: Completed store-based barrier for key:store_based_barrier_key:1 with 8 nodes.
INFO [8814 distributed_c10d.py:476] Rank 7: Completed store-based barrier for key:store_based_barrier_key:1 with 8 nodes.
INFO [8462 distributed_c10d.py:476] Rank 5: Completed store-based barrier for key:store_based_barrier_key:1 with 8 nodes.
W20240203 11:52:51.037840  8651 IPCTensor.h:409] NewIPCGPUTensor: embedding_cache_6 [8605415, 400]; dev=6; size=12.82 GB
W20240203 11:52:51.037936  8465 IPCTensor.h:409] NewIPCGPUTensor: embedding_cache_5 [8605415, 400]; dev=5; size=12.82 GB
W20240203 11:52:51.038692  8298 IPCTensor.h:409] NewIPCGPUTensor: embedding_cache_4 [8605415, 400]; dev=4; size=12.82 GB
W20240203 11:52:51.038693  8817 IPCTensor.h:409] NewIPCGPUTensor: embedding_cache_7 [8605415, 400]; dev=7; size=12.82 GB
INFO [8099 distributed_c10d.py:476] Rank 2: Completed store-based barrier for key:store_based_barrier_key:1 with 8 nodes.
INFO [45960 distributed_c10d.py:476] Rank 0: Completed store-based barrier for key:store_based_barrier_key:1 with 8 nodes.
INFO [8004 distributed_c10d.py:476] Rank 1: Completed store-based barrier for key:store_based_barrier_key:1 with 8 nodes.
INFO [8167 distributed_c10d.py:476] Rank 3: Completed store-based barrier for key:store_based_barrier_key:1 with 8 nodes.
W20240203 11:52:51.042840  8100 IPCTensor.h:409] NewIPCGPUTensor: embedding_cache_2 [8605415, 400]; dev=2; size=12.82 GB
W20240203 11:52:51.042990  8904 IPCTensor.h:409] NewIPCGPUTensor: embedding_cache_0 [8605415, 400]; dev=0; size=12.82 GB
W20240203 11:52:51.044602  8168 IPCTensor.h:409] NewIPCGPUTensor: embedding_cache_3 [8605415, 400]; dev=3; size=12.82 GB
W20240203 11:52:51.045087  8005 IPCTensor.h:409] NewIPCGPUTensor: embedding_cache_1 [8605415, 400]; dev=1; size=12.82 GB
W20240203 11:52:51.185235  8904 IPCTensor.h:369] NewIPCTensor: input_keys_0 [1000000]0x1020497af000 7.629 MB
W20240203 11:52:51.185403  8904 IPCTensor.h:369] NewIPCTensor: input_keys_neg_0 [1000000]0x102049f52000 7.629 MB
W20240203 11:52:51.185493  8904 IPCTensor.h:369] NewIPCTensor: backward_grads_0 [1000000, 400]0x10204c583000 1.49 GB
W20240203 11:52:51.185488  8100 IPCTensor.h:369] NewIPCTensor: input_keys_2 [1000000]0x10204b63d000 7.629 MB
W20240203 11:52:51.185482  8651 IPCTensor.h:369] NewIPCTensor: input_keys_6 [1000000]0x10204a6f7000 7.629 MB
W20240203 11:52:51.185493  8465 IPCTensor.h:369] NewIPCTensor: input_keys_5 [1000000]0x10204bde0000 7.629 MB
W20240203 11:52:51.185487  8168 IPCTensor.h:369] NewIPCTensor: input_keys_3 [1000000]0x10204ae9a000 7.629 MB
W20240203 11:52:51.185530  8904 IPCTensor.h:369] NewIPCTensor: backward_grads_neg_0 [1000000, 400]0x1020acaac000 1.49 GB
W20240203 11:52:51.185525  8298 IPCTensor.h:369] NewIPCTensor: input_keys_4 [1000000]0x1020ac309000 7.629 MB
W20240203 11:52:51.185523  8817 IPCTensor.h:369] NewIPCTensor: input_keys_7 [1000000]0x1020abb66000 7.629 MB
W20240203 11:52:51.185609  8904 IPCTensor.h:409] NewIPCGPUTensor: backward_grads_0_gpu [1000000, 400]; dev=0; size=1.49 GB
W20240203 11:52:51.185664  8005 IPCTensor.h:369] NewIPCTensor: input_keys_1 [1000000]0x10210c08f000 7.629 MB
W20240203 11:52:51.185698  8100 IPCTensor.h:369] NewIPCTensor: input_keys_neg_2 [1000000]0x10210c832000 7.629 MB
W20240203 11:52:51.185781  8100 IPCTensor.h:369] NewIPCTensor: backward_grads_2 [1000000, 400]0x10210cfd5000 1.49 GB
W20240203 11:52:51.185825  8100 IPCTensor.h:369] NewIPCTensor: backward_grads_neg_2 [1000000, 400]0x10216c5b8000 1.49 GB
W20240203 11:52:51.185853  8005 IPCTensor.h:369] NewIPCTensor: input_keys_neg_1 [1000000]0x1021cbb9b000 7.629 MB
W20240203 11:52:51.185881  8100 IPCTensor.h:409] NewIPCGPUTensor: backward_grads_2_gpu [1000000, 400]; dev=2; size=1.49 GB
W20240203 11:52:51.185920  8005 IPCTensor.h:369] NewIPCTensor: backward_grads_1 [1000000, 400]0x1021cc33e000 1.49 GB
W20240203 11:52:51.185943  8298 IPCTensor.h:369] NewIPCTensor: input_keys_neg_4 [1000000]0x10222b921000 7.629 MB
W20240203 11:52:51.185976  8005 IPCTensor.h:369] NewIPCTensor: backward_grads_neg_1 [1000000, 400]0x10222c0c4000 1.49 GB
W20240203 11:52:51.186017  8298 IPCTensor.h:369] NewIPCTensor: backward_grads_4 [1000000, 400]0x10228b6a7000 1.49 GB
W20240203 11:52:51.186039  8005 IPCTensor.h:409] NewIPCGPUTensor: backward_grads_1_gpu [1000000, 400]; dev=1; size=1.49 GB
W20240203 11:52:51.186074  8298 IPCTensor.h:369] NewIPCTensor: backward_grads_neg_4 [1000000, 400]0x1022eac8a000 1.49 GB
W20240203 11:52:51.186127  8298 IPCTensor.h:409] NewIPCGPUTensor: backward_grads_4_gpu [1000000, 400]; dev=4; size=1.49 GB
W20240203 11:52:51.187390  8465 IPCTensor.h:369] NewIPCTensor: input_keys_neg_5 [1000000]0x10234a26d000 7.629 MB
W20240203 11:52:51.187402  8651 IPCTensor.h:369] NewIPCTensor: input_keys_neg_6 [1000000]0x10234aa10000 7.629 MB
W20240203 11:52:51.187428  8168 IPCTensor.h:369] NewIPCTensor: input_keys_neg_3 [1000000]0x10234b1b3000 7.629 MB
W20240203 11:52:51.187460  8465 IPCTensor.h:369] NewIPCTensor: backward_grads_5 [1000000, 400]0x10234b956000 1.49 GB
W20240203 11:52:51.187474  8651 IPCTensor.h:369] NewIPCTensor: backward_grads_6 [1000000, 400]0x1023aaf39000 1.49 GB
W20240203 11:52:51.187516  8168 IPCTensor.h:369] NewIPCTensor: backward_grads_3 [1000000, 400]0x10240a51c000 1.49 GB
W20240203 11:52:51.187522  8651 IPCTensor.h:369] NewIPCTensor: backward_grads_neg_6 [1000000, 400]0x102469aff000 1.49 GB
W20240203 11:52:51.187534  8465 IPCTensor.h:369] NewIPCTensor: backward_grads_neg_5 [1000000, 400]0x1024c90e2000 1.49 GB
W20240203 11:52:51.187592  8168 IPCTensor.h:369] NewIPCTensor: backward_grads_neg_3 [1000000, 400]0x1025286c5000 1.49 GB
W20240203 11:52:51.187654  8168 IPCTensor.h:409] NewIPCGPUTensor: backward_grads_3_gpu [1000000, 400]; dev=3; size=1.49 GB
W20240203 11:52:51.188619  8465 IPCTensor.h:409] NewIPCGPUTensor: backward_grads_5_gpu [1000000, 400]; dev=5; size=1.49 GB
W20240203 11:52:51.188624  8651 IPCTensor.h:409] NewIPCGPUTensor: backward_grads_6_gpu [1000000, 400]; dev=6; size=1.49 GB
W20240203 11:52:51.188764  8817 IPCTensor.h:369] NewIPCTensor: input_keys_neg_7 [1000000]0x102587ca8000 7.629 MB
W20240203 11:52:51.188833  8817 IPCTensor.h:369] NewIPCTensor: backward_grads_7 [1000000, 400]0x10258844b000 1.49 GB
W20240203 11:52:51.188879  8817 IPCTensor.h:369] NewIPCTensor: backward_grads_neg_7 [1000000, 400]0x1025e7a2e000 1.49 GB
W20240203 11:52:51.188925  8817 IPCTensor.h:409] NewIPCGPUTensor: backward_grads_7_gpu [1000000, 400]; dev=7; size=1.49 GB
W20240203 11:52:51.198338  8904 IPCTensor.h:409] NewIPCGPUTensor: backward_grads_neg_0_gpu [1000000, 400]; dev=0; size=1.49 GB
W20240203 11:52:51.199899  8100 IPCTensor.h:409] NewIPCGPUTensor: backward_grads_neg_2_gpu [1000000, 400]; dev=2; size=1.49 GB
W20240203 11:52:51.200033  8005 IPCTensor.h:409] NewIPCGPUTensor: backward_grads_neg_1_gpu [1000000, 400]; dev=1; size=1.49 GB
W20240203 11:52:51.200035  8298 IPCTensor.h:409] NewIPCGPUTensor: backward_grads_neg_4_gpu [1000000, 400]; dev=4; size=1.49 GB
W20240203 11:52:51.201471  8168 IPCTensor.h:409] NewIPCGPUTensor: backward_grads_neg_3_gpu [1000000, 400]; dev=3; size=1.49 GB
W20240203 11:52:51.201473  8651 IPCTensor.h:409] NewIPCGPUTensor: backward_grads_neg_6_gpu [1000000, 400]; dev=6; size=1.49 GB
W20240203 11:52:51.201493  8817 IPCTensor.h:409] NewIPCGPUTensor: backward_grads_neg_7_gpu [1000000, 400]; dev=7; size=1.49 GB
W20240203 11:52:51.211177  8465 IPCTensor.h:409] NewIPCGPUTensor: backward_grads_neg_5_gpu [1000000, 400]; dev=5; size=1.49 GB
cudaHostRegister 0x100026322000
3: KnownLocalCachedEmbedding init done
WARNING [8167 DistTensor.py:59] The tensor name already exists in the kvstore
cudaHostRegister 0x100026322000
2: KnownLocalCachedEmbedding init done
WARNING [8099 DistTensor.py:59] The tensor name already exists in the kvstore
cudaHostRegister 0x100026322000
7: KnownLocalCachedEmbedding init done
WARNING [8814 DistTensor.py:59] The tensor name already exists in the kvstore
cudaHostRegister 0x100026322000
6: KnownLocalCachedEmbedding init done
WARNING [8650 DistTensor.py:59] The tensor name already exists in the kvstore
cudaHostRegister 0x100026322000
1: KnownLocalCachedEmbedding init done
WARNING [8004 DistTensor.py:59] The tensor name already exists in the kvstore
cudaHostRegister 0x100026322000
4: KnownLocalCachedEmbedding init done
WARNING [8297 DistTensor.py:59] The tensor name already exists in the kvstore
cudaHostRegister 0x100026322000
5: KnownLocalCachedEmbedding init done
WARNING [8462 DistTensor.py:59] The tensor name already exists in the kvstore
[Rank7] pid = 8814
New CachedEmbedding, name=full_emb, shape=(86054151, 400), cache_type=KnownLocalCachedEmbedding
fixed cache_range is [(0, 8605415), (8605415, 17210830), (17210830, 25816245), (25816245, 34421660), (34421660, 43027075), (43027075, 51632490), (51632490, 60237905), (60237905, 68843320)]
cudaHostRegister 0x100026322000
0: KnownLocalCachedEmbedding init done
WARNING [45960 DistTensor.py:59] The tensor name already exists in the kvstore
I20240203 11:53:44.632202  8904 IPC_barrier.h:118] CreateBarrier: new barrier, name: kgcachecontroller, count: 8
I20240203 11:53:44.633219  8005 IPC_barrier.h:112] CreateBarrier: find existing barrier, name: kgcachecontroller, count: 8
I20240203 11:53:44.633373  8465 IPC_barrier.h:112] CreateBarrier: find existing barrier, name: kgcachecontroller, count: 8
I20240203 11:53:44.633455  8168 IPC_barrier.h:112] CreateBarrier: find existing barrier, name: kgcachecontroller, count: 8
I20240203 11:53:44.633529  8100 IPC_barrier.h:112] CreateBarrier: find existing barrier, name: kgcachecontroller, count: 8
I20240203 11:53:44.633594  8298 IPC_barrier.h:112] CreateBarrier: find existing barrier, name: kgcachecontroller, count: 8
I20240203 11:53:44.633656  8817 IPC_barrier.h:112] CreateBarrier: find existing barrier, name: kgcachecontroller, count: 8
I20240203 11:53:44.633726  8651 IPC_barrier.h:112] CreateBarrier: find existing barrier, name: kgcachecontroller, count: 8
E20240203 11:53:45.445122  8465 recstore.cc:66] init folly done
E20240203 11:53:45.445190  8100 recstore.cc:66] init folly done
E20240203 11:53:45.445207  8651 recstore.cc:66] init folly done
E20240203 11:53:45.445642  8005 recstore.cc:66] init folly done
E20240203 11:53:45.445948  8817 recstore.cc:66] init folly done
E20240203 11:53:45.445957  8168 recstore.cc:66] init folly done
E20240203 11:53:45.446110  8904 recstore.cc:66] init folly done
E20240203 11:53:45.446182  8298 recstore.cc:66] init folly done
I20240203 11:53:51.027984  8817 IPC_barrier.h:118] CreateBarrier: new barrier, name: start_barrier, count: 8
I20240203 11:53:51.369750  8298 IPC_barrier.h:112] CreateBarrier: find existing barrier, name: start_barrier, count: 8
I20240203 11:53:51.836160  8465 IPC_barrier.h:112] CreateBarrier: find existing barrier, name: start_barrier, count: 8
I20240203 11:53:52.737819  8100 IPC_barrier.h:112] CreateBarrier: find existing barrier, name: start_barrier, count: 8
I20240203 11:53:53.245419  8168 IPC_barrier.h:112] CreateBarrier: find existing barrier, name: start_barrier, count: 8
I20240203 11:53:54.076653  8904 IPC_barrier.h:112] CreateBarrier: find existing barrier, name: start_barrier, count: 8
I20240203 11:53:54.101996  8005 IPC_barrier.h:112] CreateBarrier: find existing barrier, name: start_barrier, count: 8
I20240203 11:53:55.211181  8651 IPC_barrier.h:112] CreateBarrier: find existing barrier, name: start_barrier, count: 8
+---------------------------+---------------------------+---------------------------+
| Name                      | P50                       | P99                       |
+---------------------------+---------------------------+---------------------------+
| GenInput                  | 3.782 ms                  | 13.666 ms                 |
| Forward                   | 5.390 ms                  | 587.249 ms                |
| Backward                  | 476.162 ms                | 3.088 s                   |
| Optimize                  | 106.937 ms                | 136.382 ms                |
| BarrierTimeBeforeRank0    | 55.019 us                 | 67.994 us                 |
| BlockToStepN              | 64.340 us                 | 81.252 us                 |
| OneStep                   | 592.876 ms                | 3.826 s                   |
+---------------------------+---------------------------+---------------------------+
+---------------------------+---------------------------+---------------------------+
| Name                      | P50                       | P99                       |
+---------------------------+---------------------------+---------------------------+
| GenInput                  | 10.010 ms                 | 252.797 ms                |
| Forward                   | 5.024 ms                  | 587.249 ms                |
| Backward                  | 417.047 ms                | 3.088 s                   |
| Optimize                  | 119.804 ms                | 138.700 ms                |
| BarrierTimeBeforeRank0    | 53.816 us                 | 67.994 us                 |
| BlockToStepN              | 61.279 us                 | 81.252 us                 |
| OneStep                   | 574.167 ms                | 3.826 s                   |
+---------------------------+---------------------------+---------------------------+
+---------------------------+---------------------------+---------------------------+
| Name                      | P50                       | P99                       |
+---------------------------+---------------------------+---------------------------+
| GenInput                  | 8.324 ms                  | 252.797 ms                |
| Forward                   | 4.947 ms                  | 587.249 ms                |
| Backward                  | 369.837 ms                | 3.088 s                   |
| Optimize                  | 120.122 ms                | 147.704 ms                |
| BarrierTimeBeforeRank0    | 49.259 us                 | 71.187 us                 |
| BlockToStepN              | 61.279 us                 | 6.347 ms                  |
| OneStep                   | 503.197 ms                | 3.826 s                   |
+---------------------------+---------------------------+---------------------------+
+---------------------------+---------------------------+---------------------------+
| Name                      | P50                       | P99                       |
+---------------------------+---------------------------+---------------------------+
| GenInput                  | 9.059 ms                  | 253.855 ms                |
| Forward                   | 4.987 ms                  | 587.249 ms                |
| Backward                  | 368.246 ms                | 3.088 s                   |
| Optimize                  | 119.470 ms                | 147.704 ms                |
| BarrierTimeBeforeRank0    | 48.534 us                 | 83.473 us                 |
| BlockToStepN              | 61.155 us                 | 6.347 ms                  |
| OneStep                   | 488.973 ms                | 3.826 s                   |
+---------------------------+---------------------------+---------------------------+
+---------------------------+---------------------------+---------------------------+
| Name                      | P50                       | P99                       |
+---------------------------+---------------------------+---------------------------+
| GenInput                  | 8.670 ms                  | 253.855 ms                |
| Forward                   | 5.020 ms                  | 587.249 ms                |
| Backward                  | 368.246 ms                | 3.088 s                   |
| Optimize                  | 117.449 ms                | 147.704 ms                |
| BarrierTimeBeforeRank0    | 47.880 us                 | 83.473 us                 |
| BlockToStepN              | 61.155 us                 | 6.856 ms                  |
| OneStep                   | 488.973 ms                | 3.826 s                   |
+---------------------------+---------------------------+---------------------------+
+---------------------------+---------------------------+---------------------------+
| Name                      | P50                       | P99                       |
+---------------------------+---------------------------+---------------------------+
| GenInput                  | 8.179 ms                  | 253.855 ms                |
| Forward                   | 5.119 ms                  | 587.249 ms                |
| Backward                  | 370.382 ms                | 3.088 s                   |
| Optimize                  | 118.890 ms                | 147.704 ms                |
| BarrierTimeBeforeRank0    | 46.516 us                 | 83.473 us                 |
| BlockToStepN              | 62.585 us                 | 12.924 ms                 |
| OneStep                   | 499.151 ms                | 3.826 s                   |
+---------------------------+---------------------------+---------------------------+
+---------------------------+---------------------------+---------------------------+
| Name                      | P50                       | P99                       |
+---------------------------+---------------------------+---------------------------+
| GenInput                  | 7.836 ms                  | 252.797 ms                |
| Forward                   | 5.161 ms                  | 8.623 ms                  |
| Backward                  | 374.511 ms                | 584.426 ms                |
| Optimize                  | 119.253 ms                | 147.704 ms                |
| BarrierTimeBeforeRank0    | 46.636 us                 | 71.187 us                 |
| BlockToStepN              | 63.717 us                 | 10.747 ms                 |
| OneStep                   | 503.197 ms                | 857.589 ms                |
+---------------------------+---------------------------+---------------------------+
+---------------------------+---------------------------+---------------------------+
| Name                      | P50                       | P99                       |
+---------------------------+---------------------------+---------------------------+
| GenInput                  | 8.179 ms                  | 252.797 ms                |
| Forward                   | 5.144 ms                  | 8.623 ms                  |
| Backward                  | 374.392 ms                | 584.426 ms                |
| Optimize                  | 119.470 ms                | 147.704 ms                |
| BarrierTimeBeforeRank0    | 44.636 us                 | 88.091 us                 |
| BlockToStepN              | 63.691 us                 | 10.747 ms                 |
| OneStep                   | 503.197 ms                | 857.589 ms                |
+---------------------------+---------------------------+---------------------------+
+---------------------------+---------------------------+---------------------------+
| Name                      | P50                       | P99                       |
+---------------------------+---------------------------+---------------------------+
| GenInput                  | 8.210 ms                  | 252.797 ms                |
| Forward                   | 5.119 ms                  | 8.623 ms                  |
| Backward                  | 370.382 ms                | 584.426 ms                |
| Optimize                  | 119.077 ms                | 147.704 ms                |
| BarrierTimeBeforeRank0    | 44.574 us                 | 88.091 us                 |
| BlockToStepN              | 62.868 us                 | 10.747 ms                 |
| OneStep                   | 499.417 ms                | 857.589 ms                |
+---------------------------+---------------------------+---------------------------+
+---------------------------+---------------------------+---------------------------+
| Name                      | P50                       | P99                       |
+---------------------------+---------------------------+---------------------------+
| GenInput                  | 8.210 ms                  | 252.797 ms                |
| Forward                   | 5.119 ms                  | 22.103 ms                 |
| Backward                  | 374.392 ms                | 584.426 ms                |
| Optimize                  | 118.935 ms                | 147.704 ms                |
| BarrierTimeBeforeRank0    | 43.815 us                 | 95.938 us                 |
| BlockToStepN              | 63.465 us                 | 10.747 ms                 |
| OneStep                   | 503.197 ms                | 857.589 ms                |
+---------------------------+---------------------------+---------------------------+
+---------------------------+---------------------------+---------------------------+
| Name                      | P50                       | P99                       |
+---------------------------+---------------------------+---------------------------+
| GenInput                  | 8.324 ms                  | 252.797 ms                |
| Forward                   | 5.144 ms                  | 22.103 ms                 |
| Backward                  | 376.397 ms                | 584.426 ms                |
| Optimize                  | 118.378 ms                | 147.704 ms                |
| BarrierTimeBeforeRank0    | 42.160 us                 | 95.938 us                 |
| BlockToStepN              | 63.646 us                 | 12.568 ms                 |
| OneStep                   | 508.541 ms                | 857.589 ms                |
+---------------------------+---------------------------+---------------------------+
train_sampler.Prefill()
-------Step 0-------
tensor([  273578,   273619,   273665,   273705, 10248066,  1017205, 60460716,
        20034917, 23237807,   273746]) tensor([ 9573603, 18011011, 66838861, 80976284, 22220982, 36512476, 36488996,
        83145189, 65156474, 30063297])
-------Step 1-------
tensor([  273578,   273619,   273665,   273705, 10248066,  1017205, 60460716,
        20034917, 23237807,   273746]) tensor([ 3638304, 29048829, 14159421, 74335495, 84646642, 48324022, 68100273,
        54141540, 43056863, 16087869])
-------Step 2-------
tensor([  374699,   374743,   374775,   313929,   374816,   374861, 85471083,
        30107393,   374912,   374957]) tensor([71688029, 28842307, 84213259, 55201132, 40951067, 29369808, 63524562,
        40018325, 17209068, 47435640])
-------Step 3-------
tensor([  374699,   374743,   374775,   313929,   374816,   374861, 85471083,
        30107393,   374912,   374957]) tensor([55129696, 78650896, 40146030, 43333017, 60702139, 70712570, 42011629,
        18880329, 27615814,  1812265])
-------Step 4-------
tensor([  477476, 50553091,   477530,  1029234,   477581,  1029250,   477625,
        44942289,   477669,   477721]) tensor([75260592, 13315506, 78884490, 20314310, 77713457, 41564888, 60842883,
        42600236, 77171464, 54256930])
-------Step 5-------
tensor([  477476, 50553091,   477530,  1029234,   477581,  1029250,   477625,
        44942289,   477669,   477721]) tensor([34534058,  1342254,   554798, 85103364, 54446161, 52000249, 17770025,
        14029975, 78475733, 39629979])
-------Step 6-------
tensor([  580243,   347694, 33463346,   580283, 31619757, 69147395,   580319,
          580356, 58296252, 41468242]) tensor([16178582, 43606502, 41368747, 83636581, 33022439, 36530709, 29277775,
        10826854, 68439671, 75425286])
-------Step 7-------
tensor([  580243,   347694, 33463346,   580283, 31619757, 69147395,   580319,
          580356, 58296252, 41468242]) tensor([29755814, 58336944, 77979063, 55624613, 84194952, 49296658, 50759919,
        62508051, 40982821,   850726])
-------Step 8-------
tensor([  680051, 29616432,   680083,  1041138,   680131,   363752,   680169,
          680215,   680253,   680289]) tensor([42431782, 29981155, 39753750,  3634704, 55391940,   118374, 17940466,
          486984,  3127165, 69469684])
-------Step 9-------
tensor([  680051, 29616432,   680083,  1041138,   680131,   363752,   680169,
          680215,   680253,   680289]) tensor([49858452,  1810982, 18420255, 62016061, 13465364, 46818067,   827617,
        37052765, 77088094, 63054810])
before start barrier
start train
[proc 0] 100 steps, total: 57.161, sample: 1.934, forward: 1.117, backward: 41.255, update: 11.529
train_sampler.Prefill()
before start barrier
start train
[proc 3] 100 steps, total: 57.992, sample: 1.344, forward: 1.128, backward: 21.197, update: 0.374
train_sampler.Prefill()
before start barrier
start train
[proc 5] 100 steps, total: 59.402, sample: 2.437, forward: 1.121, backward: 19.959, update: 0.320
train_sampler.Prefill()
before start barrier
start train
[proc 4] 100 steps, total: 59.868, sample: 2.491, forward: 1.106, backward: 19.835, update: 0.323
train_sampler.Prefill()
before start barrier
start train
[proc 1] 100 steps, total: 57.135, sample: 2.233, forward: 1.107, backward: 20.767, update: 0.309
train_sampler.Prefill()
before start barrier
start train
[proc 6] 100 steps, total: 56.026, sample: 1.908, forward: 1.089, backward: 20.416, update: 0.317
train_sampler.Prefill()
before start barrier
start train
[proc 2] 100 steps, total: 58.500, sample: 1.905, forward: 1.083, backward: 20.776, update: 0.314
train_sampler.Prefill()
before start barrier
start train
[proc 7] 100 steps, total: 60.210, sample: 1.648, forward: 1.161, backward: 20.927, update: 0.357
+---------------------------+---------------------------+---------------------------+
| Name                      | P50                       | P99                       |
+---------------------------+---------------------------+---------------------------+
| GenInput                  | 8.670 ms                  | 252.797 ms                |
| Forward                   | 5.144 ms                  | 22.103 ms                 |
| Backward                  | 374.511 ms                | 584.426 ms                |
| Optimize                  | 118.324 ms                | 147.704 ms                |
| BarrierTimeBeforeRank0    | 42.034 us                 | 99.190 us                 |
| BlockToStepN              | 63.691 us                 | 12.568 ms                 |
| OneStep                   | 503.524 ms                | 857.589 ms                |
+---------------------------+---------------------------+---------------------------+
+---------------------------+---------------------------+---------------------------+
| Name                      | P50                       | P99                       |
+---------------------------+---------------------------+---------------------------+
| GenInput                  | 8.670 ms                  | 252.797 ms                |
| Forward                   | 5.145 ms                  | 22.103 ms                 |
| Backward                  | 372.604 ms                | 584.426 ms                |
| Optimize                  | 117.127 ms                | 147.704 ms                |
| BarrierTimeBeforeRank0    | 41.380 us                 | 99.190 us                 |
| BlockToStepN              | 63.465 us                 | 12.568 ms                 |
| OneStep                   | 500.550 ms                | 857.589 ms                |
+---------------------------+---------------------------+---------------------------+
+---------------------------+---------------------------+---------------------------+
| Name                      | P50                       | P99                       |
+---------------------------+---------------------------+---------------------------+
| GenInput                  | 8.670 ms                  | 252.797 ms                |
| Forward                   | 5.144 ms                  | 22.103 ms                 |
| Backward                  | 370.382 ms                | 584.426 ms                |
| Optimize                  | 117.397 ms                | 147.704 ms                |
| BarrierTimeBeforeRank0    | 41.380 us                 | 99.190 us                 |
| BlockToStepN              | 63.514 us                 | 17.354 ms                 |
| OneStep                   | 500.550 ms                | 857.589 ms                |
+---------------------------+---------------------------+---------------------------+
+---------------------------+---------------------------+---------------------------+
| Name                      | P50                       | P99                       |
+---------------------------+---------------------------+---------------------------+
| GenInput                  | 8.759 ms                  | 252.797 ms                |
| Forward                   | 5.145 ms                  | 22.103 ms                 |
| Backward                  | 369.837 ms                | 584.426 ms                |
| Optimize                  | 117.397 ms                | 152.448 ms                |
| BarrierTimeBeforeRank0    | 41.321 us                 | 99.190 us                 |
| BlockToStepN              | 63.514 us                 | 25.366 ms                 |
| OneStep                   | 500.633 ms                | 857.589 ms                |
+---------------------------+---------------------------+---------------------------+
+---------------------------+---------------------------+---------------------------+
| Name                      | P50                       | P99                       |
+---------------------------+---------------------------+---------------------------+
| GenInput                  | 8.809 ms                  | 252.797 ms                |
| Forward                   | 5.131 ms                  | 22.103 ms                 |
| Backward                  | 371.480 ms                | 584.426 ms                |
| Optimize                  | 117.449 ms                | 152.448 ms                |
| BarrierTimeBeforeRank0    | 41.298 us                 | 99.190 us                 |
| BlockToStepN              | 63.691 us                 | 25.366 ms                 |
| OneStep                   | 501.170 ms                | 857.589 ms                |
+---------------------------+---------------------------+---------------------------+
