WARNING: Logging before InitGoogleLogging() is written to STDERR
I20240131 23:30:04.599131 3214322 IPC_barrier.h:128] MultiProcessBarrierFactory->ClearIPCMemory()
/home/xieminhui/RecStore/src/framework_adapters/torch/kg/dgl-0.9.1/python/dgl/_deprecate/graph.py:1023: DGLWarning: multigraph will be deprecated.DGL will treat all graphs as multigraph in the future.
  dgl_warning("multigraph will be deprecated." \
/home/xieminhui/RecStore/src/framework_adapters/torch/kg/dgl-0.9.1/python/dgl/heterograph.py:72: DGLWarning: Recommend creating graphs by `dgl.graph(data)` instead of `dgl.DGLGraph(data)`.
  dgl_warning('Recommend creating graphs by `dgl.graph(data)`'
Reading train triples....
Finished. Read 483142 train triples.
Reading valid triples....
Finished. Read 50000 valid triples.
Reading test triples....
Finished. Read 59071 test triples.
ARGS:  Namespace(model_name='TransE', data_path='/home/xieminhui/dgl-data', dataset='FB15k', format='built_in', data_files=None, delimiter='\t', save_path='/tmp/ckpts/TransE_FB15k_190', no_save_emb=True, max_step=500, batch_size=1200, batch_size_eval=16, neg_sample_size=200, neg_deg_sample=False, neg_deg_sample_eval=False, neg_sample_size_eval=14951, eval_percent=1, no_eval_filter=False, log_interval=100, eval_interval=10000, test=False, num_proc=4, num_thread=1, force_sync_interval=1, hidden_dim=400, lr=0.01, gamma=16.0, double_ent=False, double_rel=False, neg_adversarial_sampling=False, adversarial_temperature=1.0, regularization_coef=0.0, regularization_norm=3, pairwise=False, loss_genre='Logsigmoid', margin=1.0, nr_gpus=4, gpu=[0, 1, 2, 3], mix_cpu_gpu=True, valid=False, rel_part=False, async_update=None, has_edge_importance=False, cached_emb_type='KnownLocalCachedEmbedding', use_my_emb=True, cache_ratio=0.05, shuffle=False, backwardMode='CppAsync', L=10, update_cache_use_omp=0, update_pq_use_omp=0, kForwardItersPerStep=2, backgrad_init='both', eval_filter=True, soft_rel_part=False)
|Train|: 483142
original graph:  DGLGraph(num_nodes=14951, num_edges=592213,
         ndata_schemes={}
         edata_schemes={'tid': Scheme(shape=(), dtype=torch.int64)})
Loading cached metis
WARNING [3214322 sampler.py:454] Start PreSampling
WARNING [3214322 sampler.py:532] Before construct renumbering_dict
WARNING [3214322 sampler.py:555] PreSampling done
W20240131 23:30:07.046300 3214322 IPCTensor.h:369] NewIPCTensor: cached_sampler_r0_0 [1000000]0x100000002000 7.629 MB
W20240131 23:30:07.046483 3214322 IPCTensor.h:369] NewIPCTensor: cached_sampler_r0_1 [1000000]0x1000007a5000 7.629 MB
W20240131 23:30:07.046509 3214322 IPCTensor.h:369] NewIPCTensor: cached_sampler_r0_2 [1000000]0x100000f48000 7.629 MB
W20240131 23:30:07.046535 3214322 IPCTensor.h:369] NewIPCTensor: cached_sampler_r0_3 [1000000]0x1000016eb000 7.629 MB
W20240131 23:30:07.046561 3214322 IPCTensor.h:369] NewIPCTensor: cached_sampler_r0_4 [1000000]0x100001e8e000 7.629 MB
W20240131 23:30:07.046584 3214322 IPCTensor.h:369] NewIPCTensor: cached_sampler_r0_5 [1000000]0x100002631000 7.629 MB
W20240131 23:30:07.046612 3214322 IPCTensor.h:369] NewIPCTensor: cached_sampler_r0_6 [1000000]0x100002dd4000 7.629 MB
W20240131 23:30:07.046636 3214322 IPCTensor.h:369] NewIPCTensor: cached_sampler_r0_7 [1000000]0x100003577000 7.629 MB
W20240131 23:30:07.046658 3214322 IPCTensor.h:369] NewIPCTensor: cached_sampler_r0_8 [1000000]0x100003d1a000 7.629 MB
W20240131 23:30:07.046679 3214322 IPCTensor.h:369] NewIPCTensor: cached_sampler_r0_9 [1000000]0x1000044bd000 7.629 MB
W20240131 23:30:07.046712 3214322 IPCTensor.h:369] NewIPCTensor: step_r0 [10]0x100004c60000 80 B 
W20240131 23:30:07.046739 3214322 IPCTensor.h:369] NewIPCTensor: circle_buffer_end_r0 [1]0x100004c62000 8 B 
W20240131 23:30:07.046757 3214322 IPCTensor.h:369] NewIPCTensor: circle_buffer_end_cppseen_r0 [1]0x100004c64000 8 B 
W20240131 23:30:07.046857 3214322 IPCTensor.h:369] NewIPCTensor: cached_sampler_r1_0 [1000000]0x100004c66000 7.629 MB
W20240131 23:30:07.046886 3214322 IPCTensor.h:369] NewIPCTensor: cached_sampler_r1_1 [1000000]0x100005409000 7.629 MB
W20240131 23:30:07.046905 3214322 IPCTensor.h:369] NewIPCTensor: cached_sampler_r1_2 [1000000]0x100005bac000 7.629 MB
W20240131 23:30:07.046950 3214322 IPCTensor.h:369] NewIPCTensor: cached_sampler_r1_3 [1000000]0x10000634f000 7.629 MB
W20240131 23:30:07.046981 3214322 IPCTensor.h:369] NewIPCTensor: cached_sampler_r1_4 [1000000]0x100006af2000 7.629 MB
W20240131 23:30:07.047013 3214322 IPCTensor.h:369] NewIPCTensor: cached_sampler_r1_5 [1000000]0x100007295000 7.629 MB
W20240131 23:30:07.047037 3214322 IPCTensor.h:369] NewIPCTensor: cached_sampler_r1_6 [1000000]0x100007a38000 7.629 MB
W20240131 23:30:07.047060 3214322 IPCTensor.h:369] NewIPCTensor: cached_sampler_r1_7 [1000000]0x1000081db000 7.629 MB
W20240131 23:30:07.047077 3214322 IPCTensor.h:369] NewIPCTensor: cached_sampler_r1_8 [1000000]0x10000897e000 7.629 MB
W20240131 23:30:07.047104 3214322 IPCTensor.h:369] NewIPCTensor: cached_sampler_r1_9 [1000000]0x100009121000 7.629 MB
W20240131 23:30:07.047127 3214322 IPCTensor.h:369] NewIPCTensor: step_r1 [10]0x1000098c4000 80 B 
W20240131 23:30:07.047142 3214322 IPCTensor.h:369] NewIPCTensor: circle_buffer_end_r1 [1]0x1000098c6000 8 B 
W20240131 23:30:07.047159 3214322 IPCTensor.h:369] NewIPCTensor: circle_buffer_end_cppseen_r1 [1]0x1000098c8000 8 B 
W20240131 23:30:07.047201 3214322 IPCTensor.h:369] NewIPCTensor: cached_sampler_r2_0 [1000000]0x1000098ca000 7.629 MB
W20240131 23:30:07.047225 3214322 IPCTensor.h:369] NewIPCTensor: cached_sampler_r2_1 [1000000]0x10000a06d000 7.629 MB
W20240131 23:30:07.047248 3214322 IPCTensor.h:369] NewIPCTensor: cached_sampler_r2_2 [1000000]0x10000a810000 7.629 MB
W20240131 23:30:07.047266 3214322 IPCTensor.h:369] NewIPCTensor: cached_sampler_r2_3 [1000000]0x10000afb3000 7.629 MB
W20240131 23:30:07.047282 3214322 IPCTensor.h:369] NewIPCTensor: cached_sampler_r2_4 [1000000]0x10000b756000 7.629 MB
W20240131 23:30:07.047310 3214322 IPCTensor.h:369] NewIPCTensor: cached_sampler_r2_5 [1000000]0x10000bef9000 7.629 MB
W20240131 23:30:07.047328 3214322 IPCTensor.h:369] NewIPCTensor: cached_sampler_r2_6 [1000000]0x10000c69c000 7.629 MB
W20240131 23:30:07.047348 3214322 IPCTensor.h:369] NewIPCTensor: cached_sampler_r2_7 [1000000]0x10000ce3f000 7.629 MB
W20240131 23:30:07.047369 3214322 IPCTensor.h:369] NewIPCTensor: cached_sampler_r2_8 [1000000]0x10000d5e2000 7.629 MB
W20240131 23:30:07.047385 3214322 IPCTensor.h:369] NewIPCTensor: cached_sampler_r2_9 [1000000]0x10000dd85000 7.629 MB
W20240131 23:30:07.047403 3214322 IPCTensor.h:369] NewIPCTensor: step_r2 [10]0x10000e528000 80 B 
W20240131 23:30:07.047418 3214322 IPCTensor.h:369] NewIPCTensor: circle_buffer_end_r2 [1]0x10000e52a000 8 B 
W20240131 23:30:07.047436 3214322 IPCTensor.h:369] NewIPCTensor: circle_buffer_end_cppseen_r2 [1]0x10000e52c000 8 B 
W20240131 23:30:07.047484 3214322 IPCTensor.h:369] NewIPCTensor: cached_sampler_r3_0 [1000000]0x10000e52e000 7.629 MB
W20240131 23:30:07.047506 3214322 IPCTensor.h:369] NewIPCTensor: cached_sampler_r3_1 [1000000]0x10000ecd1000 7.629 MB
W20240131 23:30:07.047524 3214322 IPCTensor.h:369] NewIPCTensor: cached_sampler_r3_2 [1000000]0x10000f474000 7.629 MB
W20240131 23:30:07.047545 3214322 IPCTensor.h:369] NewIPCTensor: cached_sampler_r3_3 [1000000]0x10000fc17000 7.629 MB
W20240131 23:30:07.047564 3214322 IPCTensor.h:369] NewIPCTensor: cached_sampler_r3_4 [1000000]0x1000103ba000 7.629 MB
W20240131 23:30:07.047588 3214322 IPCTensor.h:369] NewIPCTensor: cached_sampler_r3_5 [1000000]0x100010b5d000 7.629 MB
W20240131 23:30:07.047612 3214322 IPCTensor.h:369] NewIPCTensor: cached_sampler_r3_6 [1000000]0x100011300000 7.629 MB
W20240131 23:30:07.047634 3214322 IPCTensor.h:369] NewIPCTensor: cached_sampler_r3_7 [1000000]0x100011aa3000 7.629 MB
W20240131 23:30:07.047654 3214322 IPCTensor.h:369] NewIPCTensor: cached_sampler_r3_8 [1000000]0x100012246000 7.629 MB
W20240131 23:30:07.047690 3214322 IPCTensor.h:369] NewIPCTensor: cached_sampler_r3_9 [1000000]0x1000129e9000 7.629 MB
W20240131 23:30:07.047711 3214322 IPCTensor.h:369] NewIPCTensor: step_r3 [10]0x10001318c000 80 B 
W20240131 23:30:07.047726 3214322 IPCTensor.h:369] NewIPCTensor: circle_buffer_end_r3 [1]0x10001318e000 8 B 
W20240131 23:30:07.047748 3214322 IPCTensor.h:369] NewIPCTensor: circle_buffer_end_cppseen_r3 [1]0x100013190000 8 B 
W20240131 23:30:07.200322 3214322 IPCTensor.h:369] NewIPCTensor: full_emb [14951, 400]0x100013192000 22.81 MB
W20240131 23:30:07.227203 3214322 IPCTensor.h:369] NewIPCTensor: full_emb_SparseRowWiseAdaGrad_sum [14951]0x100014864000 58.4 kB
{0: Graph(num_nodes=10523, num_edges=182012,
      ndata_schemes={'_ID': Scheme(shape=(), dtype=torch.int64), 'inner_node': Scheme(shape=(), dtype=torch.int32), 'part_id': Scheme(shape=(), dtype=torch.int64)}
      edata_schemes={'_ID': Scheme(shape=(), dtype=torch.int64), 'inner_edge': Scheme(shape=(), dtype=torch.int8)}), 1: Graph(num_nodes=10996, num_edges=244360,
      ndata_schemes={'_ID': Scheme(shape=(), dtype=torch.int64), 'inner_node': Scheme(shape=(), dtype=torch.int32), 'part_id': Scheme(shape=(), dtype=torch.int64)}
      edata_schemes={'_ID': Scheme(shape=(), dtype=torch.int64), 'inner_edge': Scheme(shape=(), dtype=torch.int8)}), 2: Graph(num_nodes=9404, num_edges=143355,
      ndata_schemes={'_ID': Scheme(shape=(), dtype=torch.int64), 'inner_node': Scheme(shape=(), dtype=torch.int32), 'part_id': Scheme(shape=(), dtype=torch.int64)}
      edata_schemes={'_ID': Scheme(shape=(), dtype=torch.int64), 'inner_edge': Scheme(shape=(), dtype=torch.int8)}), 3: Graph(num_nodes=10954, num_edges=175447,
      ndata_schemes={'_ID': Scheme(shape=(), dtype=torch.int64), 'inner_node': Scheme(shape=(), dtype=torch.int32), 'part_id': Scheme(shape=(), dtype=torch.int64)}
      edata_schemes={'_ID': Scheme(shape=(), dtype=torch.int64), 'inner_edge': Scheme(shape=(), dtype=torch.int8)})}
MertisPartition: part 0 has 10523 N 182012 E
MertisPartition: part 1 has 10996 N 244360 E
MertisPartition: part 2 has 9404 N 143355 E
MertisPartition: part 3 has 10954 N 175447 E
Rank0: cached key size 186
Rank1: cached key size 186
Rank2: cached key size 186
Rank3: cached key size 186
Before renumbering graph:  {'_ID': tensor([    5,    14,    17,  ..., 11245,  2040,  3009]), 'inner_node': tensor([1, 1, 1,  ..., 0, 0, 0], dtype=torch.int32), 'part_id': tensor([0, 0, 0,  ..., 2, 3, 3])}
After renumbering graph:  {'_ID': tensor([ 840, 1046, 1127,  ..., 1459, 5018, 6484]), 'inner_node': tensor([1, 1, 1,  ..., 0, 0, 0], dtype=torch.int32), 'part_id': tensor([0, 0, 0,  ..., 2, 3, 3])}
part_g: DGLGraph(num_nodes=10523, num_edges=182012,
         ndata_schemes={'_ID': Scheme(shape=(), dtype=torch.int64)}
         edata_schemes={'tid': Scheme(shape=(), dtype=torch.int64)})
part_g: DGLGraph(num_nodes=10523, num_edges=182012,
         ndata_schemes={'_ID': Scheme(shape=(), dtype=torch.int64)}
         edata_schemes={'tid': Scheme(shape=(), dtype=torch.int64)})
Total initialize time 2.659 seconds
[Rank1] pid = 3214554
[Rank2] pid = 3214619
INFO [3214322 distributed_c10d.py:442] Added key: store_based_barrier_key:1 to store for rank: 0
INFO [3214619 distributed_c10d.py:442] Added key: store_based_barrier_key:1 to store for rank: 2
INFO [3214322 distributed_c10d.py:476] Rank 0: Completed store-based barrier for key:store_based_barrier_key:1 with 4 nodes.
INFO [3214554 distributed_c10d.py:442] Added key: store_based_barrier_key:1 to store for rank: 1
INFO [3214619 distributed_c10d.py:476] Rank 2: Completed store-based barrier for key:store_based_barrier_key:1 with 4 nodes.
INFO [3214683 distributed_c10d.py:442] Added key: store_based_barrier_key:1 to store for rank: 3
INFO [3214554 distributed_c10d.py:476] Rank 1: Completed store-based barrier for key:store_based_barrier_key:1 with 4 nodes.
INFO [3214683 distributed_c10d.py:476] Rank 3: Completed store-based barrier for key:store_based_barrier_key:1 with 4 nodes.
W20240131 23:30:10.745642 3214684 IPCTensor.h:409] NewIPCGPUTensor: embedding_cache_0 [747, 400]; dev=0; size=1.14 MB
W20240131 23:30:10.746347 3214684 IPCTensor.h:369] NewIPCTensor: input_keys_0 [1000000]0x100014876000 7.629 MB
W20240131 23:30:10.746452 3214620 IPCTensor.h:409] NewIPCGPUTensor: embedding_cache_2 [747, 400]; dev=2; size=1.14 MB
W20240131 23:30:10.746551 3214684 IPCTensor.h:369] NewIPCTensor: input_keys_neg_0 [1000000]0x100015019000 7.629 MB
W20240131 23:30:10.746683 3214684 IPCTensor.h:369] NewIPCTensor: backward_grads_0 [1000000, 400]0x1000157bc000 1.49 GB
W20240131 23:30:10.746757 3214684 IPCTensor.h:369] NewIPCTensor: backward_grads_neg_0 [1000000, 400]0x100074d9f000 1.49 GB
W20240131 23:30:10.746764 3214685 IPCTensor.h:409] NewIPCGPUTensor: embedding_cache_3 [747, 400]; dev=3; size=1.14 MB
W20240131 23:30:10.746773 3214555 IPCTensor.h:409] NewIPCGPUTensor: embedding_cache_1 [747, 400]; dev=1; size=1.14 MB
W20240131 23:30:10.746850 3214684 IPCTensor.h:409] NewIPCGPUTensor: backward_grads_0_gpu [1000000, 400]; dev=0; size=1.49 GB
W20240131 23:30:10.747169 3214620 IPCTensor.h:369] NewIPCTensor: input_keys_2 [1000000]0x1000d4384000 7.629 MB
W20240131 23:30:10.747372 3214620 IPCTensor.h:369] NewIPCTensor: input_keys_neg_2 [1000000]0x1000d4b27000 7.629 MB
W20240131 23:30:10.747454 3214620 IPCTensor.h:369] NewIPCTensor: backward_grads_2 [1000000, 400]0x1000d52ca000 1.49 GB
W20240131 23:30:10.747519 3214620 IPCTensor.h:369] NewIPCTensor: backward_grads_neg_2 [1000000, 400]0x1001348ad000 1.49 GB
W20240131 23:30:10.747596 3214620 IPCTensor.h:409] NewIPCGPUTensor: backward_grads_2_gpu [1000000, 400]; dev=2; size=1.49 GB
W20240131 23:30:10.755666 3214684 IPCTensor.h:409] NewIPCGPUTensor: backward_grads_neg_0_gpu [1000000, 400]; dev=0; size=1.49 GB
W20240131 23:30:10.755729 3214620 IPCTensor.h:409] NewIPCGPUTensor: backward_grads_neg_2_gpu [1000000, 400]; dev=2; size=1.49 GB
W20240131 23:30:10.755744 3214555 IPCTensor.h:369] NewIPCTensor: input_keys_1 [1000000]0x100193e98000 7.629 MB
W20240131 23:30:10.755872 3214685 IPCTensor.h:369] NewIPCTensor: input_keys_3 [1000000]0x10019463b000 7.629 MB
W20240131 23:30:10.756006 3214555 IPCTensor.h:369] NewIPCTensor: input_keys_neg_1 [1000000]0x100194dde000 7.629 MB
W20240131 23:30:10.756108 3214685 IPCTensor.h:369] NewIPCTensor: input_keys_neg_3 [1000000]0x100195581000 7.629 MB
W20240131 23:30:10.756116 3214555 IPCTensor.h:369] NewIPCTensor: backward_grads_1 [1000000, 400]0x100195d24000 1.49 GB
W20240131 23:30:10.756227 3214555 IPCTensor.h:369] NewIPCTensor: backward_grads_neg_1 [1000000, 400]0x1001f5307000 1.49 GB
W20240131 23:30:10.756235 3214685 IPCTensor.h:369] NewIPCTensor: backward_grads_3 [1000000, 400]0x1002548ea000 1.49 GB
W20240131 23:30:10.756320 3214555 IPCTensor.h:409] NewIPCGPUTensor: backward_grads_1_gpu [1000000, 400]; dev=1; size=1.49 GB
W20240131 23:30:10.756330 3214685 IPCTensor.h:369] NewIPCTensor: backward_grads_neg_3 [1000000, 400]0x1002b3ecd000 1.49 GB
W20240131 23:30:10.756424 3214685 IPCTensor.h:409] NewIPCGPUTensor: backward_grads_3_gpu [1000000, 400]; dev=3; size=1.49 GB
W20240131 23:30:10.772986 3214555 IPCTensor.h:409] NewIPCGPUTensor: backward_grads_neg_1_gpu [1000000, 400]; dev=1; size=1.49 GB
W20240131 23:30:10.773005 3214685 IPCTensor.h:409] NewIPCGPUTensor: backward_grads_neg_3_gpu [1000000, 400]; dev=3; size=1.49 GB
cudaHostRegister 0x100013192000
2: KnownLocalCachedEmbedding init done
WARNING [3214619 DistTensor.py:59] The tensor name already exists in the kvstore
cudaHostRegister 0x100013192000
3: KnownLocalCachedEmbedding init done
WARNING [3214683 DistTensor.py:59] The tensor name already exists in the kvstore
[Rank3] pid = 3214683
New CachedEmbedding, name=full_emb, shape=(14951, 400), cache_type=KnownLocalCachedEmbedding
fixed cache_range is [(0, 747), (747, 1494), (1494, 2241), (2241, 2988)]
cudaHostRegister 0x100013192000
0: KnownLocalCachedEmbedding init done
WARNING [3214322 DistTensor.py:59] The tensor name already exists in the kvstore
cudaHostRegister 0x100013192000
1: KnownLocalCachedEmbedding init done
WARNING [3214554 DistTensor.py:59] The tensor name already exists in the kvstore
I20240131 23:30:12.107836 3214555 IPC_barrier.h:118] CreateBarrier: new barrier, name: kgcachecontroller, count: 4
I20240131 23:30:12.108074 3214684 IPC_barrier.h:112] CreateBarrier: find existing barrier, name: kgcachecontroller, count: 4
I20240131 23:30:12.108112 3214620 IPC_barrier.h:112] CreateBarrier: find existing barrier, name: kgcachecontroller, count: 4
I20240131 23:30:12.108167 3214685 IPC_barrier.h:112] CreateBarrier: find existing barrier, name: kgcachecontroller, count: 4
W20240131 23:30:12.109614 3214684 grad_base.h:55] KGCacheController, config={
        "num_gpus": 4,
        "L": 10,
        "backgrad_init": "both", 
        "kForwardItersPerStep": 2,
        "clr": 0.01,
        "nr_background_threads": 32,
        "backwardMode": "CppAsync",
        "cache_ratio": 0.05,
        "update_cache_use_omp":  0,
        "update_pq_use_omp":  0
        }
W20240131 23:30:12.109802 3214684 grad_base.h:184] Init GradProcessingBase done
I20240131 23:30:12.112025 3214684 grad_async_v1.h:203] Use main thread to update emb.
W20240131 23:30:12.112066 3214684 kg_controller.h:75] after init GradAsyncProcessing
I20240131 23:30:12.112072 3214684 kg_controller.h:84] Construct KGCacheController done
E20240131 23:30:13.495131 3214685 recstore.cc:66] init folly done
E20240131 23:30:13.495164 3214684 recstore.cc:66] init folly done
E20240131 23:30:13.495260 3214555 recstore.cc:66] init folly done
E20240131 23:30:13.495385 3214620 recstore.cc:66] init folly done
I20240131 23:30:13.496060 3214684 grad_base.h:60] GraphEnv RegTensorsPerProcess
I20240131 23:30:14.232373 3214555 IPC_barrier.h:118] CreateBarrier: new barrier, name: start_barrier, count: 4
I20240131 23:30:14.234954 3214684 IPC_barrier.h:112] CreateBarrier: find existing barrier, name: start_barrier, count: 4
I20240131 23:30:14.269255 3214620 IPC_barrier.h:112] CreateBarrier: find existing barrier, name: start_barrier, count: 4
I20240131 23:30:14.270686 3214685 IPC_barrier.h:112] CreateBarrier: find existing barrier, name: start_barrier, count: 4
W20240131 23:30:16.570597 3214684 grad_async_v1.h:429] Sleep in <BlockToStepN>, step_no=1, pq.top=1
+---------------------------+---------------------------+---------------------------+
| Name                      | P50                       | P99                       |
+---------------------------+---------------------------+---------------------------+
| GenInput                  | 814.839 us                | 9.915 ms                  |
| Forward                   | 2.998 ms                  | 924.103 ms                |
| Backward                  | 5.124 ms                  | 203.309 ms                |
| Optimize                  | 1.150 ms                  | 2.553 ms                  |
| BarrierTimeBeforeRank0    | 33.190 us                 | 137.146 ms                |
| AfterBackward             | 6.845 ms                  | 1.032 s                   |
| BlockToStepN              | 14.673 ms                 | 26.387 ms                 |
| OneStep                   | 33.517 ms                 | 2.327 s                   |
+---------------------------+---------------------------+---------------------------+
W20240131 23:30:17.570009 3214684 grad_async_v1.h:429] Sleep in <BlockToStepN>, step_no=27, pq.top=27
+---------------------------+---------------------------+---------------------------+
| Name                      | P50                       | P99                       |
+---------------------------+---------------------------+---------------------------+
| ProcessBack:Shuffle       | 1.731 ms                  | 126.843 ms                |
| ProcessBack:UpdateCache   | 1.226 ms                  | 254.078 ms                |
| ProcessBack:UpsertPq      | 3.659 ms                  | 7.804 ms                  |
| ProcessOneStep            | 6.940 ms                  | 1.031 s                   |
| BlockToStepN              | 25.928 ms                 | 42.411 ms                 |
+---------------------------+---------------------------+---------------------------+
W20240131 23:30:18.573406 3214684 grad_async_v1.h:429] Sleep in <BlockToStepN>, step_no=45, pq.top=45
W20240131 23:30:19.573011 3214684 grad_async_v1.h:429] Sleep in <BlockToStepN>, step_no=60, pq.top=60
W20240131 23:30:20.573006 3214684 grad_async_v1.h:429] Sleep in <BlockToStepN>, step_no=74, pq.top=74
W20240131 23:30:21.573014 3214684 grad_async_v1.h:429] Sleep in <BlockToStepN>, step_no=87, pq.top=87
+---------------------------+---------------------------+---------------------------+
| Name                      | P50                       | P99                       |
+---------------------------+---------------------------+---------------------------+
| GenInput                  | 1.117 ms                  | 10.069 ms                 |
| Forward                   | 2.992 ms                  | 6.959 ms                  |
| Backward                  | 5.221 ms                  | 6.427 ms                  |
| Optimize                  | 976.205 us                | 2.153 ms                  |
| BarrierTimeBeforeRank0    | 19.289 us                 | 456.696 us                |
| AfterBackward             | 7.763 ms                  | 12.241 ms                 |
| BlockToStepN              | 43.259 ms                 | 61.724 ms                 |
| OneStep                   | 62.651 ms                 | 84.392 ms                 |
+---------------------------+---------------------------+---------------------------+
W20240131 23:30:22.573010 3214684 grad_async_v1.h:429] Sleep in <BlockToStepN>, step_no=100, pq.top=100
train_sampler.Prefill()
before start barrier
start train
[proc 2] 100 steps, total: 8.324, sample: 0.139, forward: 1.173, backward: 0.786, update: 0.100
train_sampler.Prefill()
before start barrier
start train
[proc 1] 100 steps, total: 8.360, sample: 0.141, forward: 1.181, backward: 0.723, update: 0.094
train_sampler.Prefill()
before start barrier
start train
[proc 3] 100 steps, total: 8.322, sample: 0.144, forward: 0.965, backward: 0.702, update: 0.102
train_sampler.Prefill()
-------Step 0-------
tensor([ 7667,  4932,  6972,  5612, 11221,  4012,   725,  5499, 13150, 11982]) tensor([ 1127, 10169,  7037,   629,  6362,  7260,  9052,  7553,  7002,  6857])
-------Step 1-------
tensor([ 7667,  4932,  6972,  5612, 11221,  4012,   725,  5499, 13150, 11982]) tensor([ 8152, 13497, 10008, 10423,  4918,  7821,  6632,  1461,  2652, 11136])
-------Step 2-------
tensor([10895,  2842,  3051,   139, 10811,  5968,  4005, 13419,  8293,  7470]) tensor([ 8869,  4749,  2881, 13585,  1338,  1689, 10577,  4913, 13723,  6316])
-------Step 3-------
tensor([10895,  2842,  3051,   139, 10811,  5968,  4005, 13419,  8293,  7470]) tensor([ 4365, 13932,  4474, 10930,  2779, 12596,  2243,  8511,  6304,    61])
-------Step 4-------
tensor([  150, 14808,  9979,  7275,  6299,  3974, 14085,  8648,  4483,  1246]) tensor([14151,  7216,  8549,  9068,  4269, 11977,  7435,   549, 12728, 14530])
-------Step 5-------
tensor([  150, 14808,  9979,  7275,  6299,  3974, 14085,  8648,  4483,  1246]) tensor([ 8365,  5429,  7259, 14331, 12056, 12868,  3227,  9267,  6409,  7496])
-------Step 6-------
tensor([ 8917,  5328,   417,    33,  7665, 12662, 11341,  9979,  8471,  4763]) tensor([ 2230, 10889,  8632, 12795,  8310,  9395,  1115,  2726, 12980, 14507])
-------Step 7-------
tensor([ 8917,  5328,   417,    33,  7665, 12662, 11341,  9979,  8471,  4763]) tensor([ 3487, 14294, 12410,  6385,  6263,   444,  8947,  9213,  9028,  8911])
-------Step 8-------
tensor([12829,  7822, 13244, 11667,  4055,  4881,   946,  6914,  3237, 10941]) tensor([  417, 12721, 14642,   959, 13326,  9540,  1951, 12429,  5969,  6690])
-------Step 9-------
tensor([12829,  7822, 13244, 11667,  4055,  4881,   946,  6914,  3237, 10941]) tensor([12841,  8445,  1080,  2368,  1584, 12787,  8035,  2989,  2652, 14890])
before start barrier
start train
[proc 0] 100 steps, total: 8.358, sample: 0.211, forward: 1.216, backward: 0.699, update: 0.103
+---------------------------+---------------------------+---------------------------+
| Name                      | P50                       | P99                       |
+---------------------------+---------------------------+---------------------------+
| ProcessBack:Shuffle       | 1.733 ms                  | 2.465 ms                  |
| ProcessBack:UpdateCache   | 1.236 ms                  | 4.535 ms                  |
| ProcessBack:UpsertPq      | 3.733 ms                  | 6.683 ms                  |
| ProcessOneStep            | 7.691 ms                  | 12.200 ms                 |
| BlockToStepN              | 46.916 ms                 | 67.351 ms                 |
+---------------------------+---------------------------+---------------------------+
W20240131 23:30:23.573005 3214684 grad_async_v1.h:429] Sleep in <BlockToStepN>, step_no=113, pq.top=113
W20240131 23:30:24.573011 3214684 grad_async_v1.h:429] Sleep in <BlockToStepN>, step_no=125, pq.top=125
W20240131 23:30:25.573006 3214684 grad_async_v1.h:429] Sleep in <BlockToStepN>, step_no=137, pq.top=137
W20240131 23:30:26.573010 3214684 grad_async_v1.h:429] Sleep in <BlockToStepN>, step_no=149, pq.top=149
+---------------------------+---------------------------+---------------------------+
| Name                      | P50                       | P99                       |
+---------------------------+---------------------------+---------------------------+
| GenInput                  | 1.095 ms                  | 10.033 ms                 |
| Forward                   | 2.931 ms                  | 4.257 ms                  |
| Backward                  | 5.205 ms                  | 6.021 ms                  |
| Optimize                  | 963.883 us                | 2.020 ms                  |
| BarrierTimeBeforeRank0    | 19.469 us                 | 1.357 ms                  |
| AfterBackward             | 7.533 ms                  | 10.251 ms                 |
| BlockToStepN              | 53.525 ms                 | 71.263 ms                 |
| OneStep                   | 73.143 ms                 | 91.170 ms                 |
+---------------------------+---------------------------+---------------------------+
W20240131 23:30:27.579010 3214684 grad_async_v1.h:429] Sleep in <BlockToStepN>, step_no=161, pq.top=161
+---------------------------+---------------------------+---------------------------+
| Name                      | P50                       | P99                       |
+---------------------------+---------------------------+---------------------------+
| ProcessBack:Shuffle       | 1.693 ms                  | 2.171 ms                  |
| ProcessBack:UpdateCache   | 1.226 ms                  | 4.481 ms                  |
| ProcessBack:UpsertPq      | 3.787 ms                  | 6.346 ms                  |
| ProcessOneStep            | 7.413 ms                  | 10.231 ms                 |
| BlockToStepN              | 54.807 ms                 | 73.856 ms                 |
+---------------------------+---------------------------+---------------------------+
W20240131 23:30:28.578006 3214684 grad_async_v1.h:429] Sleep in <BlockToStepN>, step_no=172, pq.top=172
W20240131 23:30:29.580405 3214684 grad_async_v1.h:429] Sleep in <BlockToStepN>, step_no=184, pq.top=184
W20240131 23:30:30.580010 3214684 grad_async_v1.h:429] Sleep in <BlockToStepN>, step_no=195, pq.top=195
[proc 1] 200 steps, total: 8.483, sample: 0.160, forward: 0.266, backward: 0.497, update: 0.092
[proc 0] 200 steps, total: 8.483, sample: 0.210, forward: 0.264, backward: 0.511, update: 0.085
[proc 2] 200 steps, total: 8.483, sample: 0.150, forward: 0.226, backward: 0.497, update: 0.105
[proc 3] 200 steps, total: 8.483, sample: 0.154, forward: 0.232, backward: 0.518, update: 0.093
W20240131 23:30:31.580005 3214684 grad_async_v1.h:429] Sleep in <BlockToStepN>, step_no=206, pq.top=206
+---------------------------+---------------------------+---------------------------+
| Name                      | P50                       | P99                       |
+---------------------------+---------------------------+---------------------------+
| GenInput                  | 1.096 ms                  | 10.033 ms                 |
| Forward                   | 2.855 ms                  | 4.257 ms                  |
| Backward                  | 5.201 ms                  | 6.021 ms                  |
| Optimize                  | 943.420 us                | 2.020 ms                  |
| BarrierTimeBeforeRank0    | 19.086 us                 | 1.480 ms                  |
| AfterBackward             | 7.319 ms                  | 10.251 ms                 |
| BlockToStepN              | 59.673 ms                 | 78.320 ms                 |
| OneStep                   | 79.122 ms                 | 97.575 ms                 |
+---------------------------+---------------------------+---------------------------+
W20240131 23:30:32.580010 3214684 grad_async_v1.h:429] Sleep in <BlockToStepN>, step_no=218, pq.top=218
+---------------------------+---------------------------+---------------------------+
| Name                      | P50                       | P99                       |
+---------------------------+---------------------------+---------------------------+
| ProcessBack:Shuffle       | 1.633 ms                  | 1.888 ms                  |
| ProcessBack:UpdateCache   | 1.227 ms                  | 2.686 ms                  |
| ProcessBack:UpsertPq      | 3.850 ms                  | 6.166 ms                  |
| ProcessOneStep            | 7.283 ms                  | 10.231 ms                 |
| BlockToStepN              | 61.488 ms                 | 79.157 ms                 |
+---------------------------+---------------------------+---------------------------+
W20240131 23:30:33.580010 3214684 grad_async_v1.h:429] Sleep in <BlockToStepN>, step_no=229, pq.top=229
W20240131 23:30:34.580006 3214684 grad_async_v1.h:429] Sleep in <BlockToStepN>, step_no=240, pq.top=240
W20240131 23:30:35.580011 3214684 grad_async_v1.h:429] Sleep in <BlockToStepN>, step_no=251, pq.top=251
W20240131 23:30:36.580006 3214684 grad_async_v1.h:429] Sleep in <BlockToStepN>, step_no=262, pq.top=262
+---------------------------+---------------------------+---------------------------+
| Name                      | P50                       | P99                       |
+---------------------------+---------------------------+---------------------------+
| GenInput                  | 1.113 ms                  | 10.001 ms                 |
| Forward                   | 2.782 ms                  | 3.577 ms                  |
| Backward                  | 5.194 ms                  | 5.765 ms                  |
| Optimize                  | 920.274 us                | 2.018 ms                  |
| BarrierTimeBeforeRank0    | 18.944 us                 | 5.275 ms                  |
| AfterBackward             | 7.287 ms                  | 10.044 ms                 |
| BlockToStepN              | 63.100 ms                 | 79.195 ms                 |
| OneStep                   | 82.144 ms                 | 99.726 ms                 |
+---------------------------+---------------------------+---------------------------+
W20240131 23:30:37.580013 3214684 grad_async_v1.h:429] Sleep in <BlockToStepN>, step_no=273, pq.top=273
+---------------------------+---------------------------+---------------------------+
| Name                      | P50                       | P99                       |
+---------------------------+---------------------------+---------------------------+
| ProcessBack:Shuffle       | 1.621 ms                  | 1.879 ms                  |
| ProcessBack:UpdateCache   | 1.226 ms                  | 1.761 ms                  |
| ProcessBack:UpsertPq      | 3.901 ms                  | 6.122 ms                  |
| ProcessOneStep            | 7.267 ms                  | 10.021 ms                 |
| BlockToStepN              | 63.646 ms                 | 79.158 ms                 |
+---------------------------+---------------------------+---------------------------+
W20240131 23:30:38.580013 3214684 grad_async_v1.h:429] Sleep in <BlockToStepN>, step_no=284, pq.top=284
W20240131 23:30:39.580008 3214684 grad_async_v1.h:429] Sleep in <BlockToStepN>, step_no=295, pq.top=295
[proc 0] 300 steps, total: 8.980, sample: 0.213, forward: 0.257, backward: 0.513, update: 0.083
[proc 2] 300 steps, total: 8.980, sample: 0.133, forward: 0.217, backward: 0.489, update: 0.095
[proc 3] 300 steps, total: 8.980, sample: 0.143, forward: 0.224, backward: 0.512, update: 0.097
[proc 1] 300 steps, total: 8.980, sample: 0.148, forward: 0.267, backward: 0.495, update: 0.092
W20240131 23:30:40.580011 3214684 grad_async_v1.h:429] Sleep in <BlockToStepN>, step_no=306, pq.top=306
W20240131 23:30:41.580011 3214684 grad_async_v1.h:429] Sleep in <BlockToStepN>, step_no=317, pq.top=317
+---------------------------+---------------------------+---------------------------+
| Name                      | P50                       | P99                       |
+---------------------------+---------------------------+---------------------------+
| GenInput                  | 1.128 ms                  | 10.033 ms                 |
| Forward                   | 2.738 ms                  | 3.849 ms                  |
| Backward                  | 5.198 ms                  | 5.765 ms                  |
| Optimize                  | 909.367 us                | 2.018 ms                  |
| BarrierTimeBeforeRank0    | 19.086 us                 | 6.559 ms                  |
| AfterBackward             | 7.268 ms                  | 10.044 ms                 |
| BlockToStepN              | 65.590 ms                 | 80.471 ms                 |
| OneStep                   | 84.638 ms                 | 101.972 ms                |
+---------------------------+---------------------------+---------------------------+
W20240131 23:30:42.580008 3214684 grad_async_v1.h:429] Sleep in <BlockToStepN>, step_no=328, pq.top=328
+---------------------------+---------------------------+---------------------------+
| Name                      | P50                       | P99                       |
+---------------------------+---------------------------+---------------------------+
| ProcessBack:Shuffle       | 1.614 ms                  | 1.875 ms                  |
| ProcessBack:UpdateCache   | 1.224 ms                  | 1.681 ms                  |
| ProcessBack:UpsertPq      | 3.902 ms                  | 6.122 ms                  |
| ProcessOneStep            | 7.249 ms                  | 10.021 ms                 |
| BlockToStepN              | 65.739 ms                 | 80.436 ms                 |
+---------------------------+---------------------------+---------------------------+
W20240131 23:30:43.580010 3214684 grad_async_v1.h:429] Sleep in <BlockToStepN>, step_no=339, pq.top=339
W20240131 23:30:44.580006 3214684 grad_async_v1.h:429] Sleep in <BlockToStepN>, step_no=350, pq.top=350
W20240131 23:30:45.580010 3214684 grad_async_v1.h:429] Sleep in <BlockToStepN>, step_no=361, pq.top=361
W20240131 23:30:46.580011 3214684 grad_async_v1.h:429] Sleep in <BlockToStepN>, step_no=372, pq.top=372
+---------------------------+---------------------------+---------------------------+
| Name                      | P50                       | P99                       |
+---------------------------+---------------------------+---------------------------+
| GenInput                  | 1.143 ms                  | 10.001 ms                 |
| Forward                   | 2.718 ms                  | 3.577 ms                  |
| Backward                  | 5.198 ms                  | 5.734 ms                  |
| Optimize                  | 906.261 us                | 1.928 ms                  |
| BarrierTimeBeforeRank0    | 19.092 us                 | 6.817 ms                  |
| AfterBackward             | 7.265 ms                  | 9.516 ms                  |
| BlockToStepN              | 66.627 ms                 | 80.698 ms                 |
| OneStep                   | 85.690 ms                 | 100.588 ms                |
+---------------------------+---------------------------+---------------------------+
W20240131 23:30:47.580008 3214684 grad_async_v1.h:429] Sleep in <BlockToStepN>, step_no=383, pq.top=383
+---------------------------+---------------------------+---------------------------+
| Name                      | P50                       | P99                       |
+---------------------------+---------------------------+---------------------------+
| ProcessBack:Shuffle       | 1.611 ms                  | 1.879 ms                  |
| ProcessBack:UpdateCache   | 1.224 ms                  | 1.457 ms                  |
| ProcessBack:UpsertPq      | 3.934 ms                  | 6.122 ms                  |
| ProcessOneStep            | 7.248 ms                  | 9.473 ms                  |
| BlockToStepN              | 66.729 ms                 | 80.660 ms                 |
+---------------------------+---------------------------+---------------------------+
W20240131 23:30:48.580011 3214684 grad_async_v1.h:429] Sleep in <BlockToStepN>, step_no=394, pq.top=394
[proc 0] 400 steps, total: 9.120, sample: 0.208, forward: 0.257, backward: 0.514, update: 0.087
[proc 2] 400 steps, total: 9.120, sample: 0.138, forward: 0.218, backward: 0.489, update: 0.096
[proc 1] 400 steps, total: 9.120, sample: 0.159, forward: 0.265, backward: 0.501, update: 0.104
[proc 3] 400 steps, total: 9.120, sample: 0.137, forward: 0.222, backward: 0.507, update: 0.092
W20240131 23:30:49.580010 3214684 grad_async_v1.h:429] Sleep in <BlockToStepN>, step_no=405, pq.top=405
W20240131 23:30:50.580010 3214684 grad_async_v1.h:429] Sleep in <BlockToStepN>, step_no=416, pq.top=416
W20240131 23:30:51.582125 3214684 grad_async_v1.h:429] Sleep in <BlockToStepN>, step_no=427, pq.top=427
+---------------------------+---------------------------+---------------------------+
| Name                      | P50                       | P99                       |
+---------------------------+---------------------------+---------------------------+
| GenInput                  | 1.164 ms                  | 10.001 ms                 |
| Forward                   | 2.700 ms                  | 3.577 ms                  |
| Backward                  | 5.203 ms                  | 5.734 ms                  |
| Optimize                  | 903.422 us                | 2.018 ms                  |
| BarrierTimeBeforeRank0    | 19.247 us                 | 6.921 ms                  |
| AfterBackward             | 7.267 ms                  | 10.044 ms                 |
| BlockToStepN              | 67.344 ms                 | 81.847 ms                 |
| OneStep                   | 86.532 ms                 | 102.504 ms                |
+---------------------------+---------------------------+---------------------------+
W20240131 23:30:52.603232 3214684 grad_async_v1.h:429] Sleep in <BlockToStepN>, step_no=438, pq.top=438
+---------------------------+---------------------------+---------------------------+
| Name                      | P50                       | P99                       |
+---------------------------+---------------------------+---------------------------+
| ProcessBack:Shuffle       | 1.611 ms                  | 1.875 ms                  |
| ProcessBack:UpdateCache   | 1.226 ms                  | 1.681 ms                  |
| ProcessBack:UpsertPq      | 3.970 ms                  | 6.166 ms                  |
| ProcessOneStep            | 7.254 ms                  | 10.021 ms                 |
| BlockToStepN              | 67.404 ms                 | 82.546 ms                 |
+---------------------------+---------------------------+---------------------------+
W20240131 23:30:53.603014 3214684 grad_async_v1.h:429] Sleep in <BlockToStepN>, step_no=448, pq.top=448
W20240131 23:30:54.603010 3214684 grad_async_v1.h:429] Sleep in <BlockToStepN>, step_no=459, pq.top=459
W20240131 23:30:55.603011 3214684 grad_async_v1.h:429] Sleep in <BlockToStepN>, step_no=470, pq.top=470
W20240131 23:30:56.603041 3214684 grad_async_v1.h:429] Sleep in <BlockToStepN>, step_no=481, pq.top=481
+---------------------------+---------------------------+---------------------------+
| Name                      | P50                       | P99                       |
+---------------------------+---------------------------+---------------------------+
| GenInput                  | 1.173 ms                  | 9.920 ms                  |
| Forward                   | 2.692 ms                  | 3.541 ms                  |
| Backward                  | 5.205 ms                  | 5.734 ms                  |
| Optimize                  | 906.177 us                | 1.928 ms                  |
| BarrierTimeBeforeRank0    | 19.255 us                 | 6.873 ms                  |
| AfterBackward             | 7.268 ms                  | 9.973 ms                  |
| BlockToStepN              | 68.074 ms                 | 82.943 ms                 |
| OneStep                   | 87.421 ms                 | 102.898 ms                |
+---------------------------+---------------------------+---------------------------+
W20240131 23:30:57.603011 3214684 grad_async_v1.h:429] Sleep in <BlockToStepN>, step_no=491, pq.top=491
[proc 2] 500 steps, total: 9.255, sample: 0.153, forward: 0.220, backward: 0.482, update: 0.083
[proc 0] 500 steps, total: 9.255, sample: 0.216, forward: 0.257, backward: 0.516, update: 0.087
[proc 1] 500 steps, total: 9.255, sample: 0.148, forward: 0.264, backward: 0.317, update: 0.088
[proc 3] 500 steps, total: 9.255, sample: 0.137, forward: 0.220, backward: 0.505, update: 0.091
Successfully xmh. training takes 44.19606065750122 seconds
before call kg_cache_controller.StopThreads()
W20240131 23:30:58.431051 3214684 grad_async_v1.h:243] call StopThreads. PID = 3214322
W20240131 23:30:58.431077 3214684 grad_base.h:212] before processOneStepNegThread_.join();
[W tensorpipe_agent.cpp:725] RPC agent for worker0 encountered error when reading incoming request from worker1: eof (this error originated at tensorpipe/transport/shm/connection_impl.cc:259)
[W tensorpipe_agent.cpp:725] RPC agent for worker0 encountered error when reading incoming request from worker3: eof (this error originated at tensorpipe/transport/shm/connection_impl.cc:259)
W20240131 23:30:58.435617 3214684 grad_base.h:214] after processOneStepNegThread_.join();
W20240131 23:30:58.435647 3214684 grad_async_v1.h:245] call GradProcessingBase::StopThreads.
[W tensorpipe_agent.cpp:725] RPC agent for worker0 encountered error when reading incoming request from worker2: eof (this error originated at tensorpipe/transport/shm/connection_impl.cc:259)
W20240131 23:30:58.454506 3214684 grad_async_v1.h:264] StopThreads done.
+---------------------------+---------------------------+---------------------------+
| Name                      | P50                       | P99                       |
+---------------------------+---------------------------+---------------------------+
| ProcessBack:Shuffle       | 1.609 ms                  | 1.874 ms                  |
| ProcessBack:UpdateCache   | 1.224 ms                  | 1.457 ms                  |
| ProcessBack:UpsertPq      | 4.009 ms                  | 6.166 ms                  |
| ProcessOneStep            | 7.251 ms                  | 9.940 ms                  |
| BlockToStepN              | 68.088 ms                 | 82.908 ms                 |
+---------------------------+---------------------------+---------------------------+
On rank0, prepare to call self.controller.StopThreads(), self=<python.controller_process.KGCacheControllerWrapper object at 0x7ff53c884610>
