WARNING: Logging before InitGoogleLogging() is written to STDERR
I20240128 10:41:19.176702 4137251 IPC_barrier.h:128] MultiProcessBarrierFactory->ClearIPCMemory()
/home/xieminhui/RecStore/src/framework_adapters/torch/kg/dgl-0.9.1/python/dgl/_deprecate/graph.py:1023: DGLWarning: multigraph will be deprecated.DGL will treat all graphs as multigraph in the future.
  dgl_warning("multigraph will be deprecated." \
/home/xieminhui/RecStore/src/framework_adapters/torch/kg/dgl-0.9.1/python/dgl/heterograph.py:72: DGLWarning: Recommend creating graphs by `dgl.graph(data)` instead of `dgl.DGLGraph(data)`.
  dgl_warning('Recommend creating graphs by `dgl.graph(data)`'
Reading train triples....
Finished. Read 483142 train triples.
Reading valid triples....
Finished. Read 50000 valid triples.
Reading test triples....
Finished. Read 59071 test triples.
ARGS:  Namespace(model_name='TransE', data_path='/home/xieminhui/dgl-data', dataset='FB15k', format='built_in', data_files=None, delimiter='\t', save_path='/tmp/ckpts/TransE_FB15k_35', no_save_emb=True, max_step=500, batch_size=600, batch_size_eval=16, neg_sample_size=200, neg_deg_sample=False, neg_deg_sample_eval=False, neg_sample_size_eval=14951, eval_percent=1, no_eval_filter=False, log_interval=100, eval_interval=10000, test=False, num_proc=4, num_thread=1, force_sync_interval=1, hidden_dim=400, lr=0.01, gamma=16.0, double_ent=False, double_rel=False, neg_adversarial_sampling=False, adversarial_temperature=1.0, regularization_coef=0.0, regularization_norm=3, pairwise=False, loss_genre='Logsigmoid', margin=1.0, nr_gpus=4, gpu=[0, 1, 2, 3], mix_cpu_gpu=True, valid=False, rel_part=False, async_update=None, has_edge_importance=False, cached_emb_type='KnownLocalCachedEmbedding', use_my_emb=True, cache_ratio=0.01, shuffle=False, backwardMode='CppAsyncV2', L=10, update_cache_use_omp=0, update_pq_use_omp=0, kForwardItersPerStep=2, backgrad_init='both', eval_filter=True, soft_rel_part=False)
|Train|: 483142
original graph:  DGLGraph(num_nodes=14951, num_edges=592213,
         ndata_schemes={}
         edata_schemes={'tid': Scheme(shape=(), dtype=torch.int64)})
Loading cached metis
WARNING [4137251 sampler.py:454] Start PreSampling
WARNING [4137251 sampler.py:532] Before construct renumbering_dict
WARNING [4137251 sampler.py:555] PreSampling done
W20240128 10:41:22.508457 4137251 IPCTensor.h:368] NewIPCTensor: cached_sampler_r0_0 [1000000]0x100000002000 7.629 MB
W20240128 10:41:22.508589 4137251 IPCTensor.h:368] NewIPCTensor: cached_sampler_r0_1 [1000000]0x1000007a5000 7.629 MB
W20240128 10:41:22.508612 4137251 IPCTensor.h:368] NewIPCTensor: cached_sampler_r0_2 [1000000]0x100000f48000 7.629 MB
W20240128 10:41:22.508630 4137251 IPCTensor.h:368] NewIPCTensor: cached_sampler_r0_3 [1000000]0x1000016eb000 7.629 MB
W20240128 10:41:22.508654 4137251 IPCTensor.h:368] NewIPCTensor: cached_sampler_r0_4 [1000000]0x100001e8e000 7.629 MB
W20240128 10:41:22.508679 4137251 IPCTensor.h:368] NewIPCTensor: cached_sampler_r0_5 [1000000]0x100002631000 7.629 MB
W20240128 10:41:22.508699 4137251 IPCTensor.h:368] NewIPCTensor: cached_sampler_r0_6 [1000000]0x100002dd4000 7.629 MB
W20240128 10:41:22.508723 4137251 IPCTensor.h:368] NewIPCTensor: cached_sampler_r0_7 [1000000]0x100003577000 7.629 MB
W20240128 10:41:22.508742 4137251 IPCTensor.h:368] NewIPCTensor: cached_sampler_r0_8 [1000000]0x100003d1a000 7.629 MB
W20240128 10:41:22.508761 4137251 IPCTensor.h:368] NewIPCTensor: cached_sampler_r0_9 [1000000]0x1000044bd000 7.629 MB
W20240128 10:41:22.508785 4137251 IPCTensor.h:368] NewIPCTensor: step_r0 [10]0x100004c60000 80 B 
W20240128 10:41:22.508802 4137251 IPCTensor.h:368] NewIPCTensor: circle_buffer_end_r0 [1]0x100004c62000 8 B 
W20240128 10:41:22.508819 4137251 IPCTensor.h:368] NewIPCTensor: circle_buffer_end_cppseen_r0 [1]0x100004c64000 8 B 
W20240128 10:41:22.508903 4137251 IPCTensor.h:368] NewIPCTensor: cached_sampler_r1_0 [1000000]0x100004c66000 7.629 MB
W20240128 10:41:22.508929 4137251 IPCTensor.h:368] NewIPCTensor: cached_sampler_r1_1 [1000000]0x100005409000 7.629 MB
W20240128 10:41:22.508944 4137251 IPCTensor.h:368] NewIPCTensor: cached_sampler_r1_2 [1000000]0x100005bac000 7.629 MB
W20240128 10:41:22.508971 4137251 IPCTensor.h:368] NewIPCTensor: cached_sampler_r1_3 [1000000]0x10000634f000 7.629 MB
W20240128 10:41:22.508988 4137251 IPCTensor.h:368] NewIPCTensor: cached_sampler_r1_4 [1000000]0x100006af2000 7.629 MB
W20240128 10:41:22.509007 4137251 IPCTensor.h:368] NewIPCTensor: cached_sampler_r1_5 [1000000]0x100007295000 7.629 MB
W20240128 10:41:22.509024 4137251 IPCTensor.h:368] NewIPCTensor: cached_sampler_r1_6 [1000000]0x100007a38000 7.629 MB
W20240128 10:41:22.509047 4137251 IPCTensor.h:368] NewIPCTensor: cached_sampler_r1_7 [1000000]0x1000081db000 7.629 MB
W20240128 10:41:22.509069 4137251 IPCTensor.h:368] NewIPCTensor: cached_sampler_r1_8 [1000000]0x10000897e000 7.629 MB
W20240128 10:41:22.509090 4137251 IPCTensor.h:368] NewIPCTensor: cached_sampler_r1_9 [1000000]0x100009121000 7.629 MB
W20240128 10:41:22.509105 4137251 IPCTensor.h:368] NewIPCTensor: step_r1 [10]0x1000098c4000 80 B 
W20240128 10:41:22.509119 4137251 IPCTensor.h:368] NewIPCTensor: circle_buffer_end_r1 [1]0x1000098c6000 8 B 
W20240128 10:41:22.509130 4137251 IPCTensor.h:368] NewIPCTensor: circle_buffer_end_cppseen_r1 [1]0x1000098c8000 8 B 
W20240128 10:41:22.509168 4137251 IPCTensor.h:368] NewIPCTensor: cached_sampler_r2_0 [1000000]0x1000098ca000 7.629 MB
W20240128 10:41:22.509187 4137251 IPCTensor.h:368] NewIPCTensor: cached_sampler_r2_1 [1000000]0x10000a06d000 7.629 MB
W20240128 10:41:22.509208 4137251 IPCTensor.h:368] NewIPCTensor: cached_sampler_r2_2 [1000000]0x10000a810000 7.629 MB
W20240128 10:41:22.509223 4137251 IPCTensor.h:368] NewIPCTensor: cached_sampler_r2_3 [1000000]0x10000afb3000 7.629 MB
W20240128 10:41:22.509238 4137251 IPCTensor.h:368] NewIPCTensor: cached_sampler_r2_4 [1000000]0x10000b756000 7.629 MB
W20240128 10:41:22.509254 4137251 IPCTensor.h:368] NewIPCTensor: cached_sampler_r2_5 [1000000]0x10000bef9000 7.629 MB
W20240128 10:41:22.509272 4137251 IPCTensor.h:368] NewIPCTensor: cached_sampler_r2_6 [1000000]0x10000c69c000 7.629 MB
W20240128 10:41:22.509295 4137251 IPCTensor.h:368] NewIPCTensor: cached_sampler_r2_7 [1000000]0x10000ce3f000 7.629 MB
W20240128 10:41:22.509315 4137251 IPCTensor.h:368] NewIPCTensor: cached_sampler_r2_8 [1000000]0x10000d5e2000 7.629 MB
W20240128 10:41:22.509335 4137251 IPCTensor.h:368] NewIPCTensor: cached_sampler_r2_9 [1000000]0x10000dd85000 7.629 MB
W20240128 10:41:22.509351 4137251 IPCTensor.h:368] NewIPCTensor: step_r2 [10]0x10000e528000 80 B 
W20240128 10:41:22.509362 4137251 IPCTensor.h:368] NewIPCTensor: circle_buffer_end_r2 [1]0x10000e52a000 8 B 
W20240128 10:41:22.509374 4137251 IPCTensor.h:368] NewIPCTensor: circle_buffer_end_cppseen_r2 [1]0x10000e52c000 8 B 
W20240128 10:41:22.509402 4137251 IPCTensor.h:368] NewIPCTensor: cached_sampler_r3_0 [1000000]0x10000e52e000 7.629 MB
W20240128 10:41:22.509418 4137251 IPCTensor.h:368] NewIPCTensor: cached_sampler_r3_1 [1000000]0x10000ecd1000 7.629 MB
W20240128 10:41:22.509436 4137251 IPCTensor.h:368] NewIPCTensor: cached_sampler_r3_2 [1000000]0x10000f474000 7.629 MB
W20240128 10:41:22.509454 4137251 IPCTensor.h:368] NewIPCTensor: cached_sampler_r3_3 [1000000]0x10000fc17000 7.629 MB
W20240128 10:41:22.509467 4137251 IPCTensor.h:368] NewIPCTensor: cached_sampler_r3_4 [1000000]0x1000103ba000 7.629 MB
W20240128 10:41:22.509487 4137251 IPCTensor.h:368] NewIPCTensor: cached_sampler_r3_5 [1000000]0x100010b5d000 7.629 MB
W20240128 10:41:22.509505 4137251 IPCTensor.h:368] NewIPCTensor: cached_sampler_r3_6 [1000000]0x100011300000 7.629 MB
W20240128 10:41:22.509521 4137251 IPCTensor.h:368] NewIPCTensor: cached_sampler_r3_7 [1000000]0x100011aa3000 7.629 MB
W20240128 10:41:22.509536 4137251 IPCTensor.h:368] NewIPCTensor: cached_sampler_r3_8 [1000000]0x100012246000 7.629 MB
W20240128 10:41:22.509557 4137251 IPCTensor.h:368] NewIPCTensor: cached_sampler_r3_9 [1000000]0x1000129e9000 7.629 MB
W20240128 10:41:22.509572 4137251 IPCTensor.h:368] NewIPCTensor: step_r3 [10]0x10001318c000 80 B 
W20240128 10:41:22.509583 4137251 IPCTensor.h:368] NewIPCTensor: circle_buffer_end_r3 [1]0x10001318e000 8 B 
W20240128 10:41:22.509603 4137251 IPCTensor.h:368] NewIPCTensor: circle_buffer_end_cppseen_r3 [1]0x100013190000 8 B 
W20240128 10:41:22.649502 4137251 IPCTensor.h:368] NewIPCTensor: full_emb [14951, 400]0x100013192000 22.81 MB
W20240128 10:41:22.649621 4137251 IPCTensor.h:368] NewIPCTensor: full_emb_SparseRowWiseAdaGrad_sum [14951]0x100014864000 58.4 kB
{0: Graph(num_nodes=10523, num_edges=182012,
      ndata_schemes={'_ID': Scheme(shape=(), dtype=torch.int64), 'inner_node': Scheme(shape=(), dtype=torch.int32), 'part_id': Scheme(shape=(), dtype=torch.int64)}
      edata_schemes={'_ID': Scheme(shape=(), dtype=torch.int64), 'inner_edge': Scheme(shape=(), dtype=torch.int8)}), 1: Graph(num_nodes=10996, num_edges=244360,
      ndata_schemes={'_ID': Scheme(shape=(), dtype=torch.int64), 'inner_node': Scheme(shape=(), dtype=torch.int32), 'part_id': Scheme(shape=(), dtype=torch.int64)}
      edata_schemes={'_ID': Scheme(shape=(), dtype=torch.int64), 'inner_edge': Scheme(shape=(), dtype=torch.int8)}), 2: Graph(num_nodes=9404, num_edges=143355,
      ndata_schemes={'_ID': Scheme(shape=(), dtype=torch.int64), 'inner_node': Scheme(shape=(), dtype=torch.int32), 'part_id': Scheme(shape=(), dtype=torch.int64)}
      edata_schemes={'_ID': Scheme(shape=(), dtype=torch.int64), 'inner_edge': Scheme(shape=(), dtype=torch.int8)}), 3: Graph(num_nodes=10954, num_edges=175447,
      ndata_schemes={'_ID': Scheme(shape=(), dtype=torch.int64), 'inner_node': Scheme(shape=(), dtype=torch.int32), 'part_id': Scheme(shape=(), dtype=torch.int64)}
      edata_schemes={'_ID': Scheme(shape=(), dtype=torch.int64), 'inner_edge': Scheme(shape=(), dtype=torch.int8)})}
MertisPartition: part 0 has 10523 N 182012 E
MertisPartition: part 1 has 10996 N 244360 E
MertisPartition: part 2 has 9404 N 143355 E
MertisPartition: part 3 has 10954 N 175447 E
Rank0: cached key size 37
Rank1: cached key size 37
Rank2: cached key size 37
Rank3: cached key size 37
Before renumbering graph:  {'_ID': tensor([    5,    14,    17,  ..., 11245,  2040,  3009]), 'inner_node': tensor([1, 1, 1,  ..., 0, 0, 0], dtype=torch.int32), 'part_id': tensor([0, 0, 0,  ..., 2, 3, 3])}
After renumbering graph:  {'_ID': tensor([ 265,  494,  574,  ..., 1095, 5376, 6373]), 'inner_node': tensor([1, 1, 1,  ..., 0, 0, 0], dtype=torch.int32), 'part_id': tensor([0, 0, 0,  ..., 2, 3, 3])}
part_g: DGLGraph(num_nodes=10523, num_edges=182012,
         ndata_schemes={'_ID': Scheme(shape=(), dtype=torch.int64)}
         edata_schemes={'tid': Scheme(shape=(), dtype=torch.int64)})
part_g: DGLGraph(num_nodes=10523, num_edges=182012,
         ndata_schemes={'_ID': Scheme(shape=(), dtype=torch.int64)}
         edata_schemes={'tid': Scheme(shape=(), dtype=torch.int64)})
Total initialize time 3.505 seconds
[Rank1] pid = 4137467
[Rank2] pid = 4137532
INFO [4137251 distributed_c10d.py:442] Added key: store_based_barrier_key:1 to store for rank: 0
INFO [4137467 distributed_c10d.py:442] Added key: store_based_barrier_key:1 to store for rank: 1
INFO [4137532 distributed_c10d.py:442] Added key: store_based_barrier_key:1 to store for rank: 2
INFO [4137596 distributed_c10d.py:442] Added key: store_based_barrier_key:1 to store for rank: 3
INFO [4137596 distributed_c10d.py:476] Rank 3: Completed store-based barrier for key:store_based_barrier_key:1 with 4 nodes.
INFO [4137532 distributed_c10d.py:476] Rank 2: Completed store-based barrier for key:store_based_barrier_key:1 with 4 nodes.
W20240128 10:41:25.991624 4137533 IPCTensor.h:408] NewIPCGPUTensor: embedding_cache_2 [149, 400]; dev=2; size=232.8 kB
W20240128 10:41:25.991909 4137598 IPCTensor.h:408] NewIPCGPUTensor: embedding_cache_3 [149, 400]; dev=3; size=232.8 kB
W20240128 10:41:25.992216 4137533 IPCTensor.h:368] NewIPCTensor: input_keys_2 [1000000]0x100014876000 7.629 MB
W20240128 10:41:25.992386 4137533 IPCTensor.h:368] NewIPCTensor: input_keys_neg_2 [1000000]0x100015019000 7.629 MB
W20240128 10:41:25.992455 4137533 IPCTensor.h:368] NewIPCTensor: backward_grads_2 [1000000, 400]0x1000157be000 1.49 GB
W20240128 10:41:25.992507 4137533 IPCTensor.h:368] NewIPCTensor: backward_grads_neg_2 [1000000, 400]0x100074da1000 1.49 GB
W20240128 10:41:25.992578 4137533 IPCTensor.h:408] NewIPCGPUTensor: backward_grads_2_gpu [1000000, 400]; dev=2; size=1.49 GB
W20240128 10:41:25.992633 4137598 IPCTensor.h:368] NewIPCTensor: input_keys_3 [1000000]0x1000d4384000 7.629 MB
W20240128 10:41:25.992846 4137598 IPCTensor.h:368] NewIPCTensor: input_keys_neg_3 [1000000]0x1000d4b27000 7.629 MB
W20240128 10:41:25.992938 4137598 IPCTensor.h:368] NewIPCTensor: backward_grads_3 [1000000, 400]0x1000d52ca000 1.49 GB
W20240128 10:41:25.993011 4137598 IPCTensor.h:368] NewIPCTensor: backward_grads_neg_3 [1000000, 400]0x1001348ad000 1.49 GB
W20240128 10:41:25.993089 4137598 IPCTensor.h:408] NewIPCGPUTensor: backward_grads_3_gpu [1000000, 400]; dev=3; size=1.49 GB
INFO [4137467 distributed_c10d.py:476] Rank 1: Completed store-based barrier for key:store_based_barrier_key:1 with 4 nodes.
INFO [4137251 distributed_c10d.py:476] Rank 0: Completed store-based barrier for key:store_based_barrier_key:1 with 4 nodes.
W20240128 10:41:25.997402 4137468 IPCTensor.h:408] NewIPCGPUTensor: embedding_cache_1 [149, 400]; dev=1; size=232.8 kB
W20240128 10:41:25.997426 4137597 IPCTensor.h:408] NewIPCGPUTensor: embedding_cache_0 [149, 400]; dev=0; size=232.8 kB
W20240128 10:41:26.000942 4137468 IPCTensor.h:368] NewIPCTensor: input_keys_1 [1000000]0x100193e98000 7.629 MB
W20240128 10:41:26.000950 4137533 IPCTensor.h:408] NewIPCGPUTensor: backward_grads_neg_2_gpu [1000000, 400]; dev=2; size=1.49 GB
W20240128 10:41:26.001016 4137598 IPCTensor.h:408] NewIPCGPUTensor: backward_grads_neg_3_gpu [1000000, 400]; dev=3; size=1.49 GB
W20240128 10:41:26.001055 4137468 IPCTensor.h:368] NewIPCTensor: input_keys_neg_1 [1000000]0x100194dde000 7.629 MB
W20240128 10:41:26.001046 4137597 IPCTensor.h:368] NewIPCTensor: input_keys_0 [1000000]0x10019463b000 7.629 MB
W20240128 10:41:26.001097 4137468 IPCTensor.h:368] NewIPCTensor: backward_grads_1 [1000000, 400]0x100195581000 1.49 GB
W20240128 10:41:26.001132 4137468 IPCTensor.h:368] NewIPCTensor: backward_grads_neg_1 [1000000, 400]0x1001f4b64000 1.49 GB
W20240128 10:41:26.001157 4137468 IPCTensor.h:408] NewIPCGPUTensor: backward_grads_1_gpu [1000000, 400]; dev=1; size=1.49 GB
W20240128 10:41:26.001184 4137597 IPCTensor.h:368] NewIPCTensor: input_keys_neg_0 [1000000]0x100254147000 7.629 MB
W20240128 10:41:26.001274 4137597 IPCTensor.h:368] NewIPCTensor: backward_grads_0 [1000000, 400]0x1002548ea000 1.49 GB
W20240128 10:41:26.001340 4137597 IPCTensor.h:368] NewIPCTensor: backward_grads_neg_0 [1000000, 400]0x1002b3ecd000 1.49 GB
W20240128 10:41:26.001415 4137597 IPCTensor.h:408] NewIPCGPUTensor: backward_grads_0_gpu [1000000, 400]; dev=0; size=1.49 GB
W20240128 10:41:26.015290 4137597 IPCTensor.h:408] NewIPCGPUTensor: backward_grads_neg_0_gpu [1000000, 400]; dev=0; size=1.49 GB
W20240128 10:41:26.021061 4137468 IPCTensor.h:408] NewIPCGPUTensor: backward_grads_neg_1_gpu [1000000, 400]; dev=1; size=1.49 GB
cudaHostRegister 0x100013192000
1: KnownLocalCachedEmbedding init done
WARNING [4137467 DistTensor.py:56] The tensor name already exists in the kvstore
cudaHostRegister 0x100013192000
2: KnownLocalCachedEmbedding init done
WARNING [4137532 DistTensor.py:56] The tensor name already exists in the kvstore
[Rank3] pid = 4137596
New CachedEmbedding, name=full_emb, shape=(14951, 400), cache_type=KnownLocalCachedEmbedding
fixed cache_range is [(0, 149), (149, 298), (298, 447), (447, 596)]
cudaHostRegister 0x100013192000
0: KnownLocalCachedEmbedding init done
WARNING [4137251 DistTensor.py:56] The tensor name already exists in the kvstore
cudaHostRegister 0x100013192000
3: KnownLocalCachedEmbedding init done
WARNING [4137596 DistTensor.py:56] The tensor name already exists in the kvstore
I20240128 10:41:27.312112 4137598 IPC_barrier.h:118] CreateBarrier: new barrier, name: kgcachecontroller, count: 4
I20240128 10:41:27.312177 4137533 IPC_barrier.h:112] CreateBarrier: find existing barrier, name: kgcachecontroller, count: 4
I20240128 10:41:27.312252 4137597 IPC_barrier.h:112] CreateBarrier: find existing barrier, name: kgcachecontroller, count: 4
I20240128 10:41:27.312637 4137468 IPC_barrier.h:112] CreateBarrier: find existing barrier, name: kgcachecontroller, count: 4
W20240128 10:41:27.313835 4137597 grad_base.h:55] KGCacheController, config={
        "num_gpus": 4,
        "L": 10,
        "backgrad_init": "both", 
        "kForwardItersPerStep": 2,
        "clr": 1,
        "nr_background_threads": 32,
        "backwardMode": "CppAsyncV2",
        "cache_ratio": 0.01,
        "update_cache_use_omp":  0,
        "update_pq_use_omp":  0
        }
W20240128 10:41:27.314006 4137597 grad_base.h:184] Init GradProcessingBase done
I20240128 10:41:27.318243 4137597 grad_async_v2.h:32] Use background thread to update emb. nr_background_threads=32
W20240128 10:41:27.318341 4137597 kg_controller.h:78] after init GradAsyncProcessingV2
I20240128 10:41:27.318346 4137597 kg_controller.h:84] Construct KGCacheController done
I20240128 10:41:27.666209 4137597 grad_base.h:60] GraphEnv RegTensorsPerProcess
W20240128 10:41:28.391733 4138304 grad_async_v2.h:120] Detect new sample comes, old_end0, new_end1
E20240128 10:41:28.392048 4138304 parallel_pq_v2.h:76] insert failed, size(hashtable)=1
I20240128 10:41:28.405608 4137533 IPC_barrier.h:118] CreateBarrier: new barrier, name: start_barrier, count: 4
I20240128 10:41:28.430492 4137598 IPC_barrier.h:112] CreateBarrier: find existing barrier, name: start_barrier, count: 4
I20240128 10:41:28.431406 4137597 IPC_barrier.h:112] CreateBarrier: find existing barrier, name: start_barrier, count: 4
I20240128 10:41:28.437333 4137468 IPC_barrier.h:112] CreateBarrier: find existing barrier, name: start_barrier, count: 4
E20240128 10:41:30.964538 4137597 parallel_pq_v2.h:76] insert failed, size(hashtable)=0
W20240128 10:41:30.975926 4138304 grad_async_v2.h:120] Detect new sample comes, old_end1, new_end2
W20240128 10:41:30.998728 4137597 grad_async_v2.h:249] Sleep in <BlockToStepN>, step_no=2, pq.top=0
E20240128 10:41:31.964079 4138304 parallel_pq_v2.h:76] insert failed, size(hashtable)=340
W20240128 10:41:31.980949 4138304 grad_async_v2.h:120] Detect new sample comes, old_end1, new_end2
W20240128 10:41:32.003136 4137597 grad_async_v2.h:249] Sleep in <BlockToStepN>, step_no=42, pq.top=42
+---------------------------+---------------------------+---------------------------+
| Name                      | P50                       | P99                       |
+---------------------------+---------------------------+---------------------------+
| GenInput                  | 860.902 us                | 9.645 ms                  |
| Forward                   | 2.771 ms                  | 5.577 ms                  |
| Backward                  | 2.385 ms                  | 2.718 ms                  |
| Optimize                  | 939.951 us                | 1.570 ms                  |
| BarrierTimeBeforeRank0    | 23.360 us                 | 2.899 ms                  |
| AfterBackward             | 16.237 ms                 | 20.996 ms                 |
| BlockToStepN              | 568.915 us                | 4.843 ms                  |
| OneStep                   | 24.931 ms                 | 36.969 ms                 |
+---------------------------+---------------------------+---------------------------+
+---------------------------+---------------------------+---------------------------+
| Name                      | P50                       | P99                       |
+---------------------------+---------------------------+---------------------------+
| ProcessBack:Shuffle       | 2.106 ms                  | 119.577 ms                |
| ProcessBack:UpdateCache   | 2.386 ms                  | 206.687 ms                |
| ProcessBack:UpsertPq      | 8.150 ms                  | 12.986 ms                 |
| ProcessOneStep            | 15.904 ms                 | 20.974 ms                 |
| BlockToStepN              | 579.163 us                | 6.585 ms                  |
+---------------------------+---------------------------+---------------------------+
E20240128 10:41:32.964047 4138303 parallel_pq_v2.h:76] insert failed, size(hashtable)=7702
W20240128 10:41:32.982177 4138304 grad_async_v2.h:120] Detect new sample comes, old_end7, new_end8
W20240128 10:41:33.020061 4137597 grad_async_v2.h:249] Sleep in <BlockToStepN>, step_no=79, pq.top=79
train_sampler.Prefill()
before start barrier
start train
[proc 3] 100 steps, total: 5.192, sample: 0.171, forward: 1.510, backward: 0.564, update: 0.071
train_sampler.Prefill()
before start barrier
start train
[proc 2] 100 steps, total: 5.217, sample: 0.168, forward: 1.256, backward: 0.539, update: 0.070
train_sampler.Prefill()
before start barrier
start train
[proc 1] 100 steps, total: 5.185, sample: 0.142, forward: 1.162, backward: 0.683, update: 0.073
train_sampler.Prefill()
-------Step 0-------
tensor([   27,  3715, 11917,  8814,  7576,  4053,  8701,    33, 11764,  8844]) tensor([  574,  7545, 12044,  3011,  7004,  8043, 13321,  8447,  6996,  7003])
-------Step 1-------
tensor([   27,  3715, 11917,  8814,  7576,  4053,  8701,    33, 11764,  8844]) tensor([ 6351, 10048, 13973,   427,  9982,  9862,  1016,  8603,  7176,  7691])
-------Step 2-------
tensor([ 5717, 13083,  6576,  4520,  4406,  8645, 10085, 12626, 11213,  2614]) tensor([ 9235,  2430,  1040,  7954,  4218, 11979,  6096,  4200,  7901,  5524])
-------Step 3-------
tensor([ 5717, 13083,  6576,  4520,  4406,  8645, 10085, 12626, 11213,  2614]) tensor([ 5133, 13974,  8598, 10691,  7171,   881,  8786, 12274, 14369, 11517])
-------Step 4-------
tensor([ 8220,  1606,  2860,  2298,  8893, 10008,  3908, 10686, 10731,  7766]) tensor([ 9735,  3351,  2672, 12458,  1029,  1981, 11011,  5256, 11525,  6869])
-------Step 5-------
tensor([ 8220,  1606,  2860,  2298,  8893, 10008,  3908, 10686, 10731,  7766]) tensor([ 6146, 11252,  4903,  9855, 10823,  6321,  6160,  2853,  7363, 14085])
-------Step 6-------
tensor([11684,  8333,  6128,  7365,   846,  5498,  7295,  1781, 13474,  7559]) tensor([ 7035,  3923,  2525, 10184,  6389,   127,  3772, 12266, 10573,  2860])
-------Step 7-------
tensor([11684,  8333,  6128,  7365,   846,  5498,  7295,  1781, 13474,  7559]) tensor([ 5802,  7473, 10851, 10239,  9236,  4149, 14389,  9931,  3804, 13095])
-------Step 8-------
tensor([ 2318, 14787, 10725,    34,  4539,  6128, 14036,  5260,  2585,   795]) tensor([12328,  4326, 10024, 10023,  2651,  8931,  5336,  5559,  9489, 12318])
-------Step 9-------
tensor([ 2318, 14787, 10725,    34,  4539,  6128, 14036,  5260,  2585,   795]) tensor([11886,  9615, 12983,  6230, 12487, 12131,  6066,  1250,  6144,  8936])
before start barrier
start train
[proc 0] 100 steps, total: 5.191, sample: 0.197, forward: 1.652, backward: 0.518, update: 0.091
E20240128 10:41:33.964012 4138303 parallel_pq_v2.h:76] insert failed, size(hashtable)=7653
W20240128 10:41:33.984797 4138304 grad_async_v2.h:120] Detect new sample comes, old_end2, new_end3
W20240128 10:41:34.020155 4137597 grad_async_v2.h:249] Sleep in <BlockToStepN>, step_no=114, pq.top=114
E20240128 10:41:34.964010 4138303 parallel_pq_v2.h:76] insert failed, size(hashtable)=7956
W20240128 10:41:34.984007 4138304 grad_async_v2.h:120] Detect new sample comes, old_end5, new_end6
W20240128 10:41:35.020058 4137597 grad_async_v2.h:249] Sleep in <BlockToStepN>, step_no=147, pq.top=147
E20240128 10:41:35.964015 4137597 parallel_pq_v2.h:76] insert failed, size(hashtable)=1860
W20240128 10:41:35.984906 4138304 grad_async_v2.h:120] Detect new sample comes, old_end9, new_end0
W20240128 10:41:36.020123 4137597 grad_async_v2.h:249] Sleep in <BlockToStepN>, step_no=181, pq.top=181
[proc 2] 200 steps, total: 2.962, sample: 0.162, forward: 0.246, backward: 0.232, update: 0.072
[proc 0] 200 steps, total: 2.962, sample: 0.223, forward: 0.267, backward: 0.235, update: 0.085
[proc 1] 200 steps, total: 2.962, sample: 0.185, forward: 0.251, backward: 0.207, update: 0.069
[proc 3] 200 steps, total: 2.962, sample: 0.196, forward: 0.263, backward: 0.221, update: 0.077
E20240128 10:41:36.964046 4137891 parallel_pq_v2.h:76] insert failed, size(hashtable)=86
W20240128 10:41:36.986151 4138304 grad_async_v2.h:120] Detect new sample comes, old_end4, new_end5
W20240128 10:41:37.044219 4137597 grad_async_v2.h:249] Sleep in <BlockToStepN>, step_no=216, pq.top=216
+---------------------------+---------------------------+---------------------------+
| Name                      | P50                       | P99                       |
+---------------------------+---------------------------+---------------------------+
| GenInput                  | 1.037 ms                  | 9.978 ms                  |
| Forward                   | 2.759 ms                  | 5.577 ms                  |
| Backward                  | 2.406 ms                  | 3.430 ms                  |
| Optimize                  | 914.900 us                | 1.651 ms                  |
| BarrierTimeBeforeRank0    | 20.732 us                 | 4.143 ms                  |
| AfterBackward             | 15.329 ms                 | 18.659 ms                 |
| BlockToStepN              | 4.530 ms                  | 11.385 ms                 |
| OneStep                   | 27.131 ms                 | 41.666 ms                 |
+---------------------------+---------------------------+---------------------------+
+---------------------------+---------------------------+---------------------------+
| Name                      | P50                       | P99                       |
+---------------------------+---------------------------+---------------------------+
| ProcessBack:Shuffle       | 1.951 ms                  | 2.228 ms                  |
| ProcessBack:UpdateCache   | 1.864 ms                  | 4.421 ms                  |
| ProcessBack:UpsertPq      | 8.055 ms                  | 13.009 ms                 |
| ProcessOneStep            | 15.192 ms                 | 18.602 ms                 |
| BlockToStepN              | 4.676 ms                  | 11.904 ms                 |
+---------------------------+---------------------------+---------------------------+
E20240128 10:41:37.964268 4138304 parallel_pq_v2.h:76] insert failed, size(hashtable)=232
W20240128 10:41:37.992648 4138304 grad_async_v2.h:120] Detect new sample comes, old_end7, new_end8
W20240128 10:41:38.049335 4137597 grad_async_v2.h:249] Sleep in <BlockToStepN>, step_no=249, pq.top=249
E20240128 10:41:38.964017 4138303 parallel_pq_v2.h:76] insert failed, size(hashtable)=9017
W20240128 10:41:39.001061 4138304 grad_async_v2.h:120] Detect new sample comes, old_end7, new_end8
W20240128 10:41:39.063158 4137597 grad_async_v2.h:249] Sleep in <BlockToStepN>, step_no=279, pq.top=279
[proc 0] 300 steps, total: 3.285, sample: 0.211, forward: 0.273, backward: 0.259, update: 0.081
[proc 1] 300 steps, total: 3.285, sample: 0.156, forward: 0.231, backward: 0.209, update: 0.070
[proc 3] 300 steps, total: 3.284, sample: 0.179, forward: 0.259, backward: 0.249, update: 0.072
[proc 2] 300 steps, total: 3.285, sample: 0.142, forward: 0.247, backward: 0.263, update: 0.071
E20240128 10:41:39.964010 4138303 parallel_pq_v2.h:76] insert failed, size(hashtable)=9566
W20240128 10:41:40.002663 4138304 grad_async_v2.h:120] Detect new sample comes, old_end4, new_end5
W20240128 10:41:40.063601 4137597 grad_async_v2.h:249] Sleep in <BlockToStepN>, step_no=306, pq.top=306
E20240128 10:41:40.964015 4137597 parallel_pq_v2.h:76] insert failed, size(hashtable)=356
W20240128 10:41:41.013654 4138304 grad_async_v2.h:120] Detect new sample comes, old_end4, new_end5
W20240128 10:41:41.072712 4137597 grad_async_v2.h:249] Sleep in <BlockToStepN>, step_no=336, pq.top=336
E20240128 10:41:41.964011 4137597 parallel_pq_v2.h:76] insert failed, size(hashtable)=17
W20240128 10:41:42.020804 4138304 grad_async_v2.h:120] Detect new sample comes, old_end3, new_end4
W20240128 10:41:42.077477 4137597 grad_async_v2.h:249] Sleep in <BlockToStepN>, step_no=365, pq.top=365
+---------------------------+---------------------------+---------------------------+
| Name                      | P50                       | P99                       |
+---------------------------+---------------------------+---------------------------+
| GenInput                  | 1.124 ms                  | 9.704 ms                  |
| Forward                   | 2.783 ms                  | 5.127 ms                  |
| Backward                  | 2.399 ms                  | 5.065 ms                  |
| Optimize                  | 896.713 us                | 1.555 ms                  |
| BarrierTimeBeforeRank0    | 21.151 us                 | 3.457 ms                  |
| AfterBackward             | 15.625 ms                 | 18.533 ms                 |
| BlockToStepN              | 5.993 ms                  | 12.788 ms                 |
| OneStep                   | 30.066 ms                 | 43.916 ms                 |
+---------------------------+---------------------------+---------------------------+
+---------------------------+---------------------------+---------------------------+
| Name                      | P50                       | P99                       |
+---------------------------+---------------------------+---------------------------+
| ProcessBack:Shuffle       | 1.982 ms                  | 2.368 ms                  |
| ProcessBack:UpdateCache   | 1.972 ms                  | 4.388 ms                  |
| ProcessBack:UpsertPq      | 9.668 ms                  | 12.986 ms                 |
| ProcessOneStep            | 15.616 ms                 | 18.503 ms                 |
| BlockToStepN              | 6.080 ms                  | 12.721 ms                 |
+---------------------------+---------------------------+---------------------------+
E20240128 10:41:42.964016 4137597 parallel_pq_v2.h:76] insert failed, size(hashtable)=304
W20240128 10:41:43.020480 4138304 grad_async_v2.h:120] Detect new sample comes, old_end2, new_end3
W20240128 10:41:43.077360 4137597 grad_async_v2.h:249] Sleep in <BlockToStepN>, step_no=394, pq.top=394
[proc 1] 400 steps, total: 3.418, sample: 0.161, forward: 0.236, backward: 0.203, update: 0.069
[proc 3] 400 steps, total: 3.418, sample: 0.182, forward: 0.267, backward: 0.224, update: 0.066
[proc 0] 400 steps, total: 3.418, sample: 0.220, forward: 0.282, backward: 0.237, update: 0.077
[proc 2] 400 steps, total: 3.418, sample: 0.131, forward: 0.242, backward: 0.231, update: 0.064
E20240128 10:41:43.964030 4138303 parallel_pq_v2.h:76] insert failed, size(hashtable)=10122
W20240128 10:41:44.026482 4138304 grad_async_v2.h:120] Detect new sample comes, old_end1, new_end2
W20240128 10:41:44.089188 4137597 grad_async_v2.h:249] Sleep in <BlockToStepN>, step_no=423, pq.top=423
E20240128 10:41:44.964011 4138303 parallel_pq_v2.h:76] insert failed, size(hashtable)=8150
W20240128 10:41:45.039642 4138304 grad_async_v2.h:120] Detect new sample comes, old_end0, new_end1
W20240128 10:41:45.101609 4137597 grad_async_v2.h:249] Sleep in <BlockToStepN>, step_no=452, pq.top=452
E20240128 10:41:45.964020 4138303 parallel_pq_v2.h:76] insert failed, size(hashtable)=8104
W20240128 10:41:46.039088 4138304 grad_async_v2.h:120] Detect new sample comes, old_end7, new_end8
W20240128 10:41:46.101346 4137597 grad_async_v2.h:249] Sleep in <BlockToStepN>, step_no=479, pq.top=479
[proc 2] 500 steps, total: 3.561, sample: 0.184, forward: 0.272, backward: 0.226, update: 0.068
[proc 0] 500 steps, total: 3.561, sample: 0.221, forward: 0.277, backward: 0.229, update: 0.075
[proc 3] 500 steps, total: 3.561, sample: 0.166, forward: 0.266, backward: 0.247, update: 0.065
[proc 1] 500 steps, total: 3.561, sample: 0.137, forward: 0.217, backward: 0.202, update: 0.066
Successfully xmh. training takes 18.416555404663086 seconds
before call kg_cache_controller.StopThreads()
W20240128 10:41:46.848011 4137597 grad_async_v2.h:71] call StopThreads. PID = 4137251
W20240128 10:41:46.848037 4137597 grad_base.h:212] before processOneStepNegThread_.join();
W20240128 10:41:46.848327 4137597 grad_base.h:214] after processOneStepNegThread_.join();
W20240128 10:41:46.848337 4137597 grad_async_v2.h:73] call GradProcessingBase::StopThreads.
W20240128 10:41:46.852303 4137597 grad_async_v2.h:91] StopThreads done.
[W tensorpipe_agent.cpp:725] RPC agent for worker0 encountered error when reading incoming request from worker2: eof (this error originated at tensorpipe/transport/shm/connection_impl.cc:259)
[W tensorpipe_agent.cpp:725] RPC agent for worker0 encountered error when reading incoming request from worker1: eof (this error originated at tensorpipe/transport/shm/connection_impl.cc:259)
[W tensorpipe_agent.cpp:725] RPC agent for worker0 encountered error when reading incoming request from worker3: eof (this error originated at tensorpipe/transport/shm/connection_impl.cc:259)
+---------------------------+---------------------------+---------------------------+
| Name                      | P50                       | P99                       |
+---------------------------+---------------------------+---------------------------+
| GenInput                  | 1.173 ms                  | 9.747 ms                  |
| Forward                   | 2.818 ms                  | 3.907 ms                  |
| Backward                  | 2.388 ms                  | 4.882 ms                  |
| Optimize                  | 875.708 us                | 1.542 ms                  |
| BarrierTimeBeforeRank0    | 21.115 us                 | 4.641 ms                  |
| AfterBackward             | 15.877 ms                 | 18.533 ms                 |
| BlockToStepN              | 6.957 ms                  | 14.609 ms                 |
| OneStep                   | 31.387 ms                 | 46.481 ms                 |
+---------------------------+---------------------------+---------------------------+
+---------------------------+---------------------------+---------------------------+
| Name                      | P50                       | P99                       |
+---------------------------+---------------------------+---------------------------+
| ProcessBack:Shuffle       | 1.999 ms                  | 2.318 ms                  |
| ProcessBack:UpdateCache   | 2.337 ms                  | 3.375 ms                  |
| ProcessBack:UpsertPq      | 10.424 ms                 | 12.898 ms                 |
| ProcessOneStep            | 15.848 ms                 | 18.503 ms                 |
| BlockToStepN              | 6.892 ms                  | 14.548 ms                 |
+---------------------------+---------------------------+---------------------------+
On rank0, prepare to call self.controller.StopThreads(), self=<python.controller_process.KGCacheControllerWrapper object at 0x7fdc90645a50>
