WARNING: Logging before InitGoogleLogging() is written to STDERR
I20240202 15:10:39.964113 25821 IPC_barrier.h:128] MultiProcessBarrierFactory->ClearIPCMemory()
/data/home/xieminhui/RecStore/src/framework_adapters/torch/kg/dgl-0.9.1/python/dgl/_deprecate/graph.py:1023: DGLWarning: multigraph will be deprecated.DGL will treat all graphs as multigraph in the future.
  dgl_warning("multigraph will be deprecated." \
/data/home/xieminhui/RecStore/src/framework_adapters/torch/kg/dgl-0.9.1/python/dgl/heterograph.py:72: DGLWarning: Recommend creating graphs by `dgl.graph(data)` instead of `dgl.DGLGraph(data)`.
  dgl_warning('Recommend creating graphs by `dgl.graph(data)`'
Reading train triples....
Finished. Read 483142 train triples.
Reading valid triples....
Finished. Read 50000 valid triples.
Reading test triples....
Finished. Read 59071 test triples.
ARGS:  Namespace(model_name='TransE', data_path='/home/xieminhui/dgl-data', dataset='FB15k', format='built_in', data_files=None, delimiter='\t', save_path='/tmp/ckpts/TransE_FB15k_96', no_save_emb=True, max_step=500, batch_size=2000, batch_size_eval=16, neg_sample_size=200, neg_deg_sample=False, neg_deg_sample_eval=False, neg_sample_size_eval=14951, eval_percent=1, no_eval_filter=False, log_interval=100, eval_interval=10000, test=False, num_proc=8, num_thread=1, force_sync_interval=1, hidden_dim=400, lr=0.01, gamma=16.0, double_ent=False, double_rel=False, neg_adversarial_sampling=False, adversarial_temperature=1.0, regularization_coef=0.0, regularization_norm=3, pairwise=False, loss_genre='Logsigmoid', margin=1.0, nr_gpus=8, gpu=[0, 1, 2, 3, 4, 5, 6, 7], mix_cpu_gpu=True, valid=False, rel_part=False, async_update=None, has_edge_importance=False, cached_emb_type='KnownLocalCachedEmbedding', use_my_emb=True, cache_ratio=0.05, shuffle=False, backwardMode='PySync', L=10, update_cache_use_omp=0, update_pq_use_omp=0, kForwardItersPerStep=2, backgrad_init='both', eval_filter=True, soft_rel_part=False)
|Train|: 483142
original graph:  DGLGraph(num_nodes=14951, num_edges=592213,
         ndata_schemes={}
         edata_schemes={'tid': Scheme(shape=(), dtype=torch.int64)})
Loading cached metis
WARNING [25821 sampler.py:454] Start PreSampling
WARNING [25821 sampler.py:532] Before construct renumbering_dict
WARNING [25821 sampler.py:555] PreSampling done
W20240202 15:10:44.760018 25821 IPCTensor.h:369] NewIPCTensor: cached_sampler_r0_0 [1000000]0x100000002000 7.629 MB
W20240202 15:10:44.760231 25821 IPCTensor.h:369] NewIPCTensor: cached_sampler_r0_1 [1000000]0x1000007a5000 7.629 MB
W20240202 15:10:44.760279 25821 IPCTensor.h:369] NewIPCTensor: cached_sampler_r0_2 [1000000]0x100000f48000 7.629 MB
W20240202 15:10:44.760321 25821 IPCTensor.h:369] NewIPCTensor: cached_sampler_r0_3 [1000000]0x1000016eb000 7.629 MB
W20240202 15:10:44.760360 25821 IPCTensor.h:369] NewIPCTensor: cached_sampler_r0_4 [1000000]0x100001e8e000 7.629 MB
W20240202 15:10:44.760416 25821 IPCTensor.h:369] NewIPCTensor: cached_sampler_r0_5 [1000000]0x100002631000 7.629 MB
W20240202 15:10:44.760469 25821 IPCTensor.h:369] NewIPCTensor: cached_sampler_r0_6 [1000000]0x100002dd4000 7.629 MB
W20240202 15:10:44.760531 25821 IPCTensor.h:369] NewIPCTensor: cached_sampler_r0_7 [1000000]0x100003577000 7.629 MB
W20240202 15:10:44.760583 25821 IPCTensor.h:369] NewIPCTensor: cached_sampler_r0_8 [1000000]0x100003d1a000 7.629 MB
W20240202 15:10:44.760624 25821 IPCTensor.h:369] NewIPCTensor: cached_sampler_r0_9 [1000000]0x1000044bd000 7.629 MB
W20240202 15:10:44.760669 25821 IPCTensor.h:369] NewIPCTensor: step_r0 [10]0x100004c60000 80 B 
W20240202 15:10:44.760710 25821 IPCTensor.h:369] NewIPCTensor: circle_buffer_end_r0 [1]0x100004c62000 8 B 
W20240202 15:10:44.760752 25821 IPCTensor.h:369] NewIPCTensor: circle_buffer_end_cppseen_r0 [1]0x100004c64000 8 B 
W20240202 15:10:44.760900 25821 IPCTensor.h:369] NewIPCTensor: cached_sampler_r1_0 [1000000]0x100004c66000 7.629 MB
W20240202 15:10:44.760954 25821 IPCTensor.h:369] NewIPCTensor: cached_sampler_r1_1 [1000000]0x100005409000 7.629 MB
W20240202 15:10:44.760995 25821 IPCTensor.h:369] NewIPCTensor: cached_sampler_r1_2 [1000000]0x100005bac000 7.629 MB
W20240202 15:10:44.761054 25821 IPCTensor.h:369] NewIPCTensor: cached_sampler_r1_3 [1000000]0x10000634f000 7.629 MB
W20240202 15:10:44.761103 25821 IPCTensor.h:369] NewIPCTensor: cached_sampler_r1_4 [1000000]0x100006af2000 7.629 MB
W20240202 15:10:44.761153 25821 IPCTensor.h:369] NewIPCTensor: cached_sampler_r1_5 [1000000]0x100007295000 7.629 MB
W20240202 15:10:44.761196 25821 IPCTensor.h:369] NewIPCTensor: cached_sampler_r1_6 [1000000]0x100007a38000 7.629 MB
W20240202 15:10:44.761251 25821 IPCTensor.h:369] NewIPCTensor: cached_sampler_r1_7 [1000000]0x1000081db000 7.629 MB
W20240202 15:10:44.761296 25821 IPCTensor.h:369] NewIPCTensor: cached_sampler_r1_8 [1000000]0x10000897e000 7.629 MB
W20240202 15:10:44.761350 25821 IPCTensor.h:369] NewIPCTensor: cached_sampler_r1_9 [1000000]0x100009121000 7.629 MB
W20240202 15:10:44.761389 25821 IPCTensor.h:369] NewIPCTensor: step_r1 [10]0x1000098c4000 80 B 
W20240202 15:10:44.761422 25821 IPCTensor.h:369] NewIPCTensor: circle_buffer_end_r1 [1]0x1000098c6000 8 B 
W20240202 15:10:44.761457 25821 IPCTensor.h:369] NewIPCTensor: circle_buffer_end_cppseen_r1 [1]0x1000098c8000 8 B 
W20240202 15:10:44.761533 25821 IPCTensor.h:369] NewIPCTensor: cached_sampler_r2_0 [1000000]0x1000098ca000 7.629 MB
W20240202 15:10:44.761588 25821 IPCTensor.h:369] NewIPCTensor: cached_sampler_r2_1 [1000000]0x10000a06d000 7.629 MB
W20240202 15:10:44.761631 25821 IPCTensor.h:369] NewIPCTensor: cached_sampler_r2_2 [1000000]0x10000a810000 7.629 MB
W20240202 15:10:44.761682 25821 IPCTensor.h:369] NewIPCTensor: cached_sampler_r2_3 [1000000]0x10000afb3000 7.629 MB
W20240202 15:10:44.761729 25821 IPCTensor.h:369] NewIPCTensor: cached_sampler_r2_4 [1000000]0x10000b756000 7.629 MB
W20240202 15:10:44.761768 25821 IPCTensor.h:369] NewIPCTensor: cached_sampler_r2_5 [1000000]0x10000bef9000 7.629 MB
W20240202 15:10:44.761807 25821 IPCTensor.h:369] NewIPCTensor: cached_sampler_r2_6 [1000000]0x10000c69c000 7.629 MB
W20240202 15:10:44.761855 25821 IPCTensor.h:369] NewIPCTensor: cached_sampler_r2_7 [1000000]0x10000ce3f000 7.629 MB
W20240202 15:10:44.761914 25821 IPCTensor.h:369] NewIPCTensor: cached_sampler_r2_8 [1000000]0x10000d5e2000 7.629 MB
W20240202 15:10:44.761952 25821 IPCTensor.h:369] NewIPCTensor: cached_sampler_r2_9 [1000000]0x10000dd85000 7.629 MB
W20240202 15:10:44.761998 25821 IPCTensor.h:369] NewIPCTensor: step_r2 [10]0x10000e528000 80 B 
W20240202 15:10:44.762032 25821 IPCTensor.h:369] NewIPCTensor: circle_buffer_end_r2 [1]0x10000e52a000 8 B 
W20240202 15:10:44.762074 25821 IPCTensor.h:369] NewIPCTensor: circle_buffer_end_cppseen_r2 [1]0x10000e52c000 8 B 
W20240202 15:10:44.762152 25821 IPCTensor.h:369] NewIPCTensor: cached_sampler_r3_0 [1000000]0x10000e52e000 7.629 MB
W20240202 15:10:44.762194 25821 IPCTensor.h:369] NewIPCTensor: cached_sampler_r3_1 [1000000]0x10000ecd1000 7.629 MB
W20240202 15:10:44.762240 25821 IPCTensor.h:369] NewIPCTensor: cached_sampler_r3_2 [1000000]0x10000f474000 7.629 MB
W20240202 15:10:44.762284 25821 IPCTensor.h:369] NewIPCTensor: cached_sampler_r3_3 [1000000]0x10000fc17000 7.629 MB
W20240202 15:10:44.762323 25821 IPCTensor.h:369] NewIPCTensor: cached_sampler_r3_4 [1000000]0x1000103ba000 7.629 MB
W20240202 15:10:44.762367 25821 IPCTensor.h:369] NewIPCTensor: cached_sampler_r3_5 [1000000]0x100010b5d000 7.629 MB
W20240202 15:10:44.762414 25821 IPCTensor.h:369] NewIPCTensor: cached_sampler_r3_6 [1000000]0x100011300000 7.629 MB
W20240202 15:10:44.762459 25821 IPCTensor.h:369] NewIPCTensor: cached_sampler_r3_7 [1000000]0x100011aa3000 7.629 MB
W20240202 15:10:44.762498 25821 IPCTensor.h:369] NewIPCTensor: cached_sampler_r3_8 [1000000]0x100012246000 7.629 MB
W20240202 15:10:44.762538 25821 IPCTensor.h:369] NewIPCTensor: cached_sampler_r3_9 [1000000]0x1000129e9000 7.629 MB
W20240202 15:10:44.762576 25821 IPCTensor.h:369] NewIPCTensor: step_r3 [10]0x10001318c000 80 B 
W20240202 15:10:44.762609 25821 IPCTensor.h:369] NewIPCTensor: circle_buffer_end_r3 [1]0x10001318e000 8 B 
W20240202 15:10:44.762641 25821 IPCTensor.h:369] NewIPCTensor: circle_buffer_end_cppseen_r3 [1]0x100013190000 8 B 
W20240202 15:10:44.762717 25821 IPCTensor.h:369] NewIPCTensor: cached_sampler_r4_0 [1000000]0x100013192000 7.629 MB
W20240202 15:10:44.762758 25821 IPCTensor.h:369] NewIPCTensor: cached_sampler_r4_1 [1000000]0x100013935000 7.629 MB
W20240202 15:10:44.762799 25821 IPCTensor.h:369] NewIPCTensor: cached_sampler_r4_2 [1000000]0x1000140d8000 7.629 MB
W20240202 15:10:44.762845 25821 IPCTensor.h:369] NewIPCTensor: cached_sampler_r4_3 [1000000]0x10001487b000 7.629 MB
W20240202 15:10:44.762888 25821 IPCTensor.h:369] NewIPCTensor: cached_sampler_r4_4 [1000000]0x10001501e000 7.629 MB
W20240202 15:10:44.762945 25821 IPCTensor.h:369] NewIPCTensor: cached_sampler_r4_5 [1000000]0x1000157c1000 7.629 MB
W20240202 15:10:44.762985 25821 IPCTensor.h:369] NewIPCTensor: cached_sampler_r4_6 [1000000]0x100015f64000 7.629 MB
W20240202 15:10:44.763027 25821 IPCTensor.h:369] NewIPCTensor: cached_sampler_r4_7 [1000000]0x100016707000 7.629 MB
W20240202 15:10:44.763082 25821 IPCTensor.h:369] NewIPCTensor: cached_sampler_r4_8 [1000000]0x100016eaa000 7.629 MB
W20240202 15:10:44.763125 25821 IPCTensor.h:369] NewIPCTensor: cached_sampler_r4_9 [1000000]0x10001764d000 7.629 MB
W20240202 15:10:44.763170 25821 IPCTensor.h:369] NewIPCTensor: step_r4 [10]0x100017df0000 80 B 
W20240202 15:10:44.763206 25821 IPCTensor.h:369] NewIPCTensor: circle_buffer_end_r4 [1]0x100017df2000 8 B 
W20240202 15:10:44.763238 25821 IPCTensor.h:369] NewIPCTensor: circle_buffer_end_cppseen_r4 [1]0x100017df4000 8 B 
W20240202 15:10:44.763307 25821 IPCTensor.h:369] NewIPCTensor: cached_sampler_r5_0 [1000000]0x100017df6000 7.629 MB
W20240202 15:10:44.763356 25821 IPCTensor.h:369] NewIPCTensor: cached_sampler_r5_1 [1000000]0x100018599000 7.629 MB
W20240202 15:10:44.763409 25821 IPCTensor.h:369] NewIPCTensor: cached_sampler_r5_2 [1000000]0x100018d3c000 7.629 MB
W20240202 15:10:44.763450 25821 IPCTensor.h:369] NewIPCTensor: cached_sampler_r5_3 [1000000]0x1000194df000 7.629 MB
W20240202 15:10:44.763492 25821 IPCTensor.h:369] NewIPCTensor: cached_sampler_r5_4 [1000000]0x100019c82000 7.629 MB
W20240202 15:10:44.763533 25821 IPCTensor.h:369] NewIPCTensor: cached_sampler_r5_5 [1000000]0x10001a425000 7.629 MB
W20240202 15:10:44.763590 25821 IPCTensor.h:369] NewIPCTensor: cached_sampler_r5_6 [1000000]0x10001abc8000 7.629 MB
W20240202 15:10:44.763630 25821 IPCTensor.h:369] NewIPCTensor: cached_sampler_r5_7 [1000000]0x10001b36b000 7.629 MB
W20240202 15:10:44.763687 25821 IPCTensor.h:369] NewIPCTensor: cached_sampler_r5_8 [1000000]0x10001bb0e000 7.629 MB
W20240202 15:10:44.763732 25821 IPCTensor.h:369] NewIPCTensor: cached_sampler_r5_9 [1000000]0x10001c2b1000 7.629 MB
W20240202 15:10:44.763779 25821 IPCTensor.h:369] NewIPCTensor: step_r5 [10]0x10001ca54000 80 B 
W20240202 15:10:44.763813 25821 IPCTensor.h:369] NewIPCTensor: circle_buffer_end_r5 [1]0x10001ca56000 8 B 
W20240202 15:10:44.763847 25821 IPCTensor.h:369] NewIPCTensor: circle_buffer_end_cppseen_r5 [1]0x10001ca58000 8 B 
W20240202 15:10:44.763916 25821 IPCTensor.h:369] NewIPCTensor: cached_sampler_r6_0 [1000000]0x10001ca5a000 7.629 MB
W20240202 15:10:44.763964 25821 IPCTensor.h:369] NewIPCTensor: cached_sampler_r6_1 [1000000]0x10001d1fd000 7.629 MB
W20240202 15:10:44.764014 25821 IPCTensor.h:369] NewIPCTensor: cached_sampler_r6_2 [1000000]0x10001d9a0000 7.629 MB
W20240202 15:10:44.764062 25821 IPCTensor.h:369] NewIPCTensor: cached_sampler_r6_3 [1000000]0x10001e143000 7.629 MB
W20240202 15:10:44.764125 25821 IPCTensor.h:369] NewIPCTensor: cached_sampler_r6_4 [1000000]0x10001e8e6000 7.629 MB
W20240202 15:10:44.764166 25821 IPCTensor.h:369] NewIPCTensor: cached_sampler_r6_5 [1000000]0x10001f089000 7.629 MB
W20240202 15:10:44.764207 25821 IPCTensor.h:369] NewIPCTensor: cached_sampler_r6_6 [1000000]0x10001f82c000 7.629 MB
W20240202 15:10:44.764261 25821 IPCTensor.h:369] NewIPCTensor: cached_sampler_r6_7 [1000000]0x10001ffcf000 7.629 MB
W20240202 15:10:44.764312 25821 IPCTensor.h:369] NewIPCTensor: cached_sampler_r6_8 [1000000]0x100020772000 7.629 MB
W20240202 15:10:44.764370 25821 IPCTensor.h:369] NewIPCTensor: cached_sampler_r6_9 [1000000]0x100020f15000 7.629 MB
W20240202 15:10:44.764417 25821 IPCTensor.h:369] NewIPCTensor: step_r6 [10]0x1000216b8000 80 B 
W20240202 15:10:44.764452 25821 IPCTensor.h:369] NewIPCTensor: circle_buffer_end_r6 [1]0x1000216ba000 8 B 
W20240202 15:10:44.764487 25821 IPCTensor.h:369] NewIPCTensor: circle_buffer_end_cppseen_r6 [1]0x1000216bc000 8 B 
W20240202 15:10:44.764566 25821 IPCTensor.h:369] NewIPCTensor: cached_sampler_r7_0 [1000000]0x1000216be000 7.629 MB
W20240202 15:10:44.764619 25821 IPCTensor.h:369] NewIPCTensor: cached_sampler_r7_1 [1000000]0x100021e61000 7.629 MB
W20240202 15:10:44.764665 25821 IPCTensor.h:369] NewIPCTensor: cached_sampler_r7_2 [1000000]0x100022604000 7.629 MB
W20240202 15:10:44.764714 25821 IPCTensor.h:369] NewIPCTensor: cached_sampler_r7_3 [1000000]0x100022da7000 7.629 MB
W20240202 15:10:44.764756 25821 IPCTensor.h:369] NewIPCTensor: cached_sampler_r7_4 [1000000]0x10002354a000 7.629 MB
W20240202 15:10:44.764802 25821 IPCTensor.h:369] NewIPCTensor: cached_sampler_r7_5 [1000000]0x100023ced000 7.629 MB
W20240202 15:10:44.764858 25821 IPCTensor.h:369] NewIPCTensor: cached_sampler_r7_6 [1000000]0x100024490000 7.629 MB
W20240202 15:10:44.764906 25821 IPCTensor.h:369] NewIPCTensor: cached_sampler_r7_7 [1000000]0x100024c33000 7.629 MB
W20240202 15:10:44.764954 25821 IPCTensor.h:369] NewIPCTensor: cached_sampler_r7_8 [1000000]0x1000253d6000 7.629 MB
W20240202 15:10:44.765003 25821 IPCTensor.h:369] NewIPCTensor: cached_sampler_r7_9 [1000000]0x100025b79000 7.629 MB
W20240202 15:10:44.765061 25821 IPCTensor.h:369] NewIPCTensor: step_r7 [10]0x10002631c000 80 B 
W20240202 15:10:44.765095 25821 IPCTensor.h:369] NewIPCTensor: circle_buffer_end_r7 [1]0x10002631e000 8 B 
W20240202 15:10:44.765129 25821 IPCTensor.h:369] NewIPCTensor: circle_buffer_end_cppseen_r7 [1]0x100026320000 8 B 
W20240202 15:10:45.017485 25821 IPCTensor.h:369] NewIPCTensor: full_emb [14951, 400]0x100026322000 22.81 MB
W20240202 15:10:45.112337 25821 IPCTensor.h:369] NewIPCTensor: full_emb_SparseRowWiseAdaGrad_sum [14951]0x1000279f4000 58.4 kB
{0: Graph(num_nodes=8499, num_edges=86694,
      ndata_schemes={'_ID': Scheme(shape=(), dtype=torch.int64), 'inner_node': Scheme(shape=(), dtype=torch.int32), 'part_id': Scheme(shape=(), dtype=torch.int64)}
      edata_schemes={'_ID': Scheme(shape=(), dtype=torch.int64), 'inner_edge': Scheme(shape=(), dtype=torch.int8)}), 1: Graph(num_nodes=6140, num_edges=88951,
      ndata_schemes={'_ID': Scheme(shape=(), dtype=torch.int64), 'inner_node': Scheme(shape=(), dtype=torch.int32), 'part_id': Scheme(shape=(), dtype=torch.int64)}
      edata_schemes={'_ID': Scheme(shape=(), dtype=torch.int64), 'inner_edge': Scheme(shape=(), dtype=torch.int8)}), 2: Graph(num_nodes=8646, num_edges=109741,
      ndata_schemes={'_ID': Scheme(shape=(), dtype=torch.int64), 'inner_node': Scheme(shape=(), dtype=torch.int32), 'part_id': Scheme(shape=(), dtype=torch.int64)}
      edata_schemes={'_ID': Scheme(shape=(), dtype=torch.int64), 'inner_edge': Scheme(shape=(), dtype=torch.int8)}), 3: Graph(num_nodes=8503, num_edges=86907,
      ndata_schemes={'_ID': Scheme(shape=(), dtype=torch.int64), 'inner_node': Scheme(shape=(), dtype=torch.int32), 'part_id': Scheme(shape=(), dtype=torch.int64)}
      edata_schemes={'_ID': Scheme(shape=(), dtype=torch.int64), 'inner_edge': Scheme(shape=(), dtype=torch.int8)}), 4: Graph(num_nodes=10597, num_edges=122217,
      ndata_schemes={'_ID': Scheme(shape=(), dtype=torch.int64), 'inner_node': Scheme(shape=(), dtype=torch.int32), 'part_id': Scheme(shape=(), dtype=torch.int64)}
      edata_schemes={'_ID': Scheme(shape=(), dtype=torch.int64), 'inner_edge': Scheme(shape=(), dtype=torch.int8)}), 5: Graph(num_nodes=8255, num_edges=102550,
      ndata_schemes={'_ID': Scheme(shape=(), dtype=torch.int64), 'inner_node': Scheme(shape=(), dtype=torch.int32), 'part_id': Scheme(shape=(), dtype=torch.int64)}
      edata_schemes={'_ID': Scheme(shape=(), dtype=torch.int64), 'inner_edge': Scheme(shape=(), dtype=torch.int8)}), 6: Graph(num_nodes=7422, num_edges=104094,
      ndata_schemes={'_ID': Scheme(shape=(), dtype=torch.int64), 'inner_node': Scheme(shape=(), dtype=torch.int32), 'part_id': Scheme(shape=(), dtype=torch.int64)}
      edata_schemes={'_ID': Scheme(shape=(), dtype=torch.int64), 'inner_edge': Scheme(shape=(), dtype=torch.int8)}), 7: Graph(num_nodes=7815, num_edges=137832,
      ndata_schemes={'_ID': Scheme(shape=(), dtype=torch.int64), 'inner_node': Scheme(shape=(), dtype=torch.int32), 'part_id': Scheme(shape=(), dtype=torch.int64)}
      edata_schemes={'_ID': Scheme(shape=(), dtype=torch.int64), 'inner_edge': Scheme(shape=(), dtype=torch.int8)})}
MertisPartition: part 0 has 8499 N 86694 E
MertisPartition: part 1 has 6140 N 88951 E
MertisPartition: part 2 has 8646 N 109741 E
MertisPartition: part 3 has 8503 N 86907 E
MertisPartition: part 4 has 10597 N 122217 E
MertisPartition: part 5 has 8255 N 102550 E
MertisPartition: part 6 has 7422 N 104094 E
MertisPartition: part 7 has 7815 N 137832 E
Rank0: cached key size 93
Rank1: cached key size 93
Rank2: cached key size 93
Rank3: cached key size 93
Rank4: cached key size 93
Rank5: cached key size 93
Rank6: cached key size 93
Rank7: cached key size 93
Before renumbering graph:  {'_ID': tensor([    0,    15,    36,  ..., 11946,  9147, 13282]), 'inner_node': tensor([1, 1, 1,  ..., 0, 0, 0], dtype=torch.int32), 'part_id': tensor([0, 0, 0,  ..., 6, 3, 7])}
After renumbering graph:  {'_ID': tensor([ 744, 1096, 1571,  ..., 9099, 9280, 7009]), 'inner_node': tensor([1, 1, 1,  ..., 0, 0, 0], dtype=torch.int32), 'part_id': tensor([0, 0, 0,  ..., 6, 3, 7])}
part_g: DGLGraph(num_nodes=8499, num_edges=86694,
         ndata_schemes={'_ID': Scheme(shape=(), dtype=torch.int64)}
         edata_schemes={'tid': Scheme(shape=(), dtype=torch.int64)})
part_g: DGLGraph(num_nodes=8499, num_edges=86694,
         ndata_schemes={'_ID': Scheme(shape=(), dtype=torch.int64)}
         edata_schemes={'tid': Scheme(shape=(), dtype=torch.int64)})
Total initialize time 5.247 seconds
[Rank1] pid = 26140
[Rank2] pid = 26168
[Rank3] pid = 26268
[Rank4] pid = 26269
[Rank5] pid = 26270
[Rank6] pid = 26408
INFO [25821 distributed_c10d.py:442] Added key: store_based_barrier_key:1 to store for rank: 0
INFO [26140 distributed_c10d.py:442] Added key: store_based_barrier_key:1 to store for rank: 1
INFO [26168 distributed_c10d.py:442] Added key: store_based_barrier_key:1 to store for rank: 2
INFO [26268 distributed_c10d.py:442] Added key: store_based_barrier_key:1 to store for rank: 3
INFO [26269 distributed_c10d.py:442] Added key: store_based_barrier_key:1 to store for rank: 4
INFO [26408 distributed_c10d.py:442] Added key: store_based_barrier_key:1 to store for rank: 6
INFO [26270 distributed_c10d.py:442] Added key: store_based_barrier_key:1 to store for rank: 5
INFO [26471 distributed_c10d.py:442] Added key: store_based_barrier_key:1 to store for rank: 7
INFO [26168 distributed_c10d.py:476] Rank 2: Completed store-based barrier for key:store_based_barrier_key:1 with 8 nodes.
INFO [26471 distributed_c10d.py:476] Rank 7: Completed store-based barrier for key:store_based_barrier_key:1 with 8 nodes.
INFO [26268 distributed_c10d.py:476] Rank 3: Completed store-based barrier for key:store_based_barrier_key:1 with 8 nodes.
INFO [26270 distributed_c10d.py:476] Rank 5: Completed store-based barrier for key:store_based_barrier_key:1 with 8 nodes.
INFO [26408 distributed_c10d.py:476] Rank 6: Completed store-based barrier for key:store_based_barrier_key:1 with 8 nodes.
INFO [26269 distributed_c10d.py:476] Rank 4: Completed store-based barrier for key:store_based_barrier_key:1 with 8 nodes.
INFO [25821 distributed_c10d.py:476] Rank 0: Completed store-based barrier for key:store_based_barrier_key:1 with 8 nodes.
INFO [26140 distributed_c10d.py:476] Rank 1: Completed store-based barrier for key:store_based_barrier_key:1 with 8 nodes.
W20240202 15:10:46.887095 26205 IPCTensor.h:409] NewIPCGPUTensor: embedding_cache_2 [747, 400]; dev=2; size=1.14 MB
W20240202 15:10:46.891198 26472 IPCTensor.h:409] NewIPCGPUTensor: embedding_cache_0 [747, 400]; dev=0; size=1.14 MB
W20240202 15:10:46.891655 26535 IPCTensor.h:409] NewIPCGPUTensor: embedding_cache_7 [747, 400]; dev=7; size=1.14 MB
W20240202 15:10:46.891924 26536 IPCTensor.h:409] NewIPCGPUTensor: embedding_cache_6 [747, 400]; dev=6; size=1.14 MB
W20240202 15:10:46.891968 26273 IPCTensor.h:409] NewIPCGPUTensor: embedding_cache_4 [747, 400]; dev=4; size=1.14 MB
W20240202 15:10:46.891978 26398 IPCTensor.h:409] NewIPCGPUTensor: embedding_cache_5 [747, 400]; dev=5; size=1.14 MB
W20240202 15:10:46.892024 26141 IPCTensor.h:409] NewIPCGPUTensor: embedding_cache_1 [747, 400]; dev=1; size=1.14 MB
W20240202 15:10:46.892113 26271 IPCTensor.h:409] NewIPCGPUTensor: embedding_cache_3 [747, 400]; dev=3; size=1.14 MB
W20240202 15:10:46.934729 26536 IPCTensor.h:369] NewIPCTensor: input_keys_6 [1000000]0x1000281b3000 7.629 MB
W20240202 15:10:46.934727 26535 IPCTensor.h:369] NewIPCTensor: input_keys_7 [1000000]0x100027a10000 7.629 MB
W20240202 15:10:46.934844 26398 IPCTensor.h:369] NewIPCTensor: input_keys_5 [1000000]0x10002895a000 7.629 MB
W20240202 15:10:46.934901 26271 IPCTensor.h:369] NewIPCTensor: input_keys_3 [1000000]0x1000290fd000 7.629 MB
W20240202 15:10:46.934926 26205 IPCTensor.h:369] NewIPCTensor: input_keys_2 [1000000]0x1000298a0000 7.629 MB
W20240202 15:10:46.934931 26472 IPCTensor.h:369] NewIPCTensor: input_keys_0 [1000000]0x10002a043000 7.629 MB
W20240202 15:10:46.934981 26141 IPCTensor.h:369] NewIPCTensor: input_keys_1 [1000000]0x10002a7e6000 7.629 MB
W20240202 15:10:46.934988 26273 IPCTensor.h:369] NewIPCTensor: input_keys_4 [1000000]0x10002af89000 7.629 MB
W20240202 15:10:46.935083 26536 IPCTensor.h:369] NewIPCTensor: input_keys_neg_6 [1000000]0x10002b72c000 7.629 MB
W20240202 15:10:46.935155 26271 IPCTensor.h:369] NewIPCTensor: input_keys_neg_3 [1000000]0x10002becf000 7.629 MB
W20240202 15:10:46.935160 26398 IPCTensor.h:369] NewIPCTensor: input_keys_neg_5 [1000000]0x10002c672000 7.629 MB
W20240202 15:10:46.935194 26472 IPCTensor.h:369] NewIPCTensor: input_keys_neg_0 [1000000]0x10002ce15000 7.629 MB
W20240202 15:10:46.935199 26273 IPCTensor.h:369] NewIPCTensor: input_keys_neg_4 [1000000]0x10002d5b8000 7.629 MB
W20240202 15:10:46.935253 26536 IPCTensor.h:369] NewIPCTensor: backward_grads_6 [1000000, 400]0x10002e4fe000 1.49 GB
W20240202 15:10:46.935248 26205 IPCTensor.h:369] NewIPCTensor: input_keys_neg_2 [1000000]0x10002dd5b000 7.629 MB
W20240202 15:10:46.935312 26141 IPCTensor.h:369] NewIPCTensor: input_keys_neg_1 [1000000]0x10008dae1000 7.629 MB
W20240202 15:10:46.935325 26536 IPCTensor.h:369] NewIPCTensor: backward_grads_neg_6 [1000000, 400]0x10008ea27000 1.49 GB
W20240202 15:10:46.935320 26535 IPCTensor.h:369] NewIPCTensor: input_keys_neg_7 [1000000]0x10008e284000 7.629 MB
W20240202 15:10:46.935329 26472 IPCTensor.h:369] NewIPCTensor: backward_grads_0 [1000000, 400]0x1000ee00a000 1.49 GB
W20240202 15:10:46.935410 26472 IPCTensor.h:369] NewIPCTensor: backward_grads_neg_0 [1000000, 400]0x10014d5ed000 1.49 GB
W20240202 15:10:46.935443 26535 IPCTensor.h:369] NewIPCTensor: backward_grads_7 [1000000, 400]0x1001acbd0000 1.49 GB
W20240202 15:10:46.935453 26141 IPCTensor.h:369] NewIPCTensor: backward_grads_1 [1000000, 400]0x10020c1b3000 1.49 GB
W20240202 15:10:46.935480 26205 IPCTensor.h:369] NewIPCTensor: backward_grads_2 [1000000, 400]0x10026b796000 1.49 GB
W20240202 15:10:46.935498 26398 IPCTensor.h:369] NewIPCTensor: backward_grads_5 [1000000, 400]0x1002cad79000 1.49 GB
W20240202 15:10:46.935508 26273 IPCTensor.h:369] NewIPCTensor: backward_grads_4 [1000000, 400]0x10032a35c000 1.49 GB
W20240202 15:10:46.935516 26536 IPCTensor.h:409] NewIPCGPUTensor: backward_grads_6_gpu [1000000, 400]; dev=6; size=1.49 GB
W20240202 15:10:46.935524 26535 IPCTensor.h:369] NewIPCTensor: backward_grads_neg_7 [1000000, 400]0x10038993f000 1.49 GB
W20240202 15:10:46.935528 26472 IPCTensor.h:409] NewIPCGPUTensor: backward_grads_0_gpu [1000000, 400]; dev=0; size=1.49 GB
W20240202 15:10:46.935535 26271 IPCTensor.h:369] NewIPCTensor: backward_grads_3 [1000000, 400]0x1003e8f22000 1.49 GB
W20240202 15:10:46.935565 26141 IPCTensor.h:369] NewIPCTensor: backward_grads_neg_1 [1000000, 400]0x100448505000 1.49 GB
W20240202 15:10:46.935575 26205 IPCTensor.h:369] NewIPCTensor: backward_grads_neg_2 [1000000, 400]0x1004a7ae8000 1.49 GB
W20240202 15:10:46.935591 26398 IPCTensor.h:369] NewIPCTensor: backward_grads_neg_5 [1000000, 400]0x1005070cb000 1.49 GB
W20240202 15:10:46.935623 26273 IPCTensor.h:369] NewIPCTensor: backward_grads_neg_4 [1000000, 400]0x1005666ae000 1.49 GB
W20240202 15:10:46.935632 26271 IPCTensor.h:369] NewIPCTensor: backward_grads_neg_3 [1000000, 400]0x1005c5c91000 1.49 GB
W20240202 15:10:46.935681 26141 IPCTensor.h:409] NewIPCGPUTensor: backward_grads_1_gpu [1000000, 400]; dev=1; size=1.49 GB
W20240202 15:10:46.937229 26398 IPCTensor.h:409] NewIPCGPUTensor: backward_grads_5_gpu [1000000, 400]; dev=5; size=1.49 GB
W20240202 15:10:46.937238 26205 IPCTensor.h:409] NewIPCGPUTensor: backward_grads_2_gpu [1000000, 400]; dev=2; size=1.49 GB
W20240202 15:10:46.938901 26273 IPCTensor.h:409] NewIPCGPUTensor: backward_grads_4_gpu [1000000, 400]; dev=4; size=1.49 GB
W20240202 15:10:46.938905 26271 IPCTensor.h:409] NewIPCGPUTensor: backward_grads_3_gpu [1000000, 400]; dev=3; size=1.49 GB
W20240202 15:10:46.938931 26535 IPCTensor.h:409] NewIPCGPUTensor: backward_grads_7_gpu [1000000, 400]; dev=7; size=1.49 GB
W20240202 15:10:46.948997 26536 IPCTensor.h:409] NewIPCGPUTensor: backward_grads_neg_6_gpu [1000000, 400]; dev=6; size=1.49 GB
W20240202 15:10:46.949103 26472 IPCTensor.h:409] NewIPCGPUTensor: backward_grads_neg_0_gpu [1000000, 400]; dev=0; size=1.49 GB
W20240202 15:10:46.949301 26398 IPCTensor.h:409] NewIPCGPUTensor: backward_grads_neg_5_gpu [1000000, 400]; dev=5; size=1.49 GB
W20240202 15:10:46.949332 26141 IPCTensor.h:409] NewIPCGPUTensor: backward_grads_neg_1_gpu [1000000, 400]; dev=1; size=1.49 GB
W20240202 15:10:46.949354 26205 IPCTensor.h:409] NewIPCGPUTensor: backward_grads_neg_2_gpu [1000000, 400]; dev=2; size=1.49 GB
W20240202 15:10:46.950922 26273 IPCTensor.h:409] NewIPCGPUTensor: backward_grads_neg_4_gpu [1000000, 400]; dev=4; size=1.49 GB
W20240202 15:10:46.952538 26535 IPCTensor.h:409] NewIPCGPUTensor: backward_grads_neg_7_gpu [1000000, 400]; dev=7; size=1.49 GB
W20240202 15:10:46.952548 26271 IPCTensor.h:409] NewIPCGPUTensor: backward_grads_neg_3_gpu [1000000, 400]; dev=3; size=1.49 GB
cudaHostRegister 0x100026322000
1: KnownLocalCachedEmbedding init done
WARNING [26140 DistTensor.py:59] The tensor name already exists in the kvstore
cudaHostRegister 0x100026322000
7: KnownLocalCachedEmbedding init done
WARNING [26471 DistTensor.py:59] The tensor name already exists in the kvstore
cudaHostRegister 0x100026322000
3: KnownLocalCachedEmbedding init done
WARNING [26268 DistTensor.py:59] The tensor name already exists in the kvstore
cudaHostRegister 0x100026322000
2: KnownLocalCachedEmbedding init done
WARNING [26168 DistTensor.py:59] The tensor name already exists in the kvstore
cudaHostRegister 0x100026322000
5: KnownLocalCachedEmbedding init done
WARNING [26270 DistTensor.py:59] The tensor name already exists in the kvstore
cudaHostRegister 0x100026322000
6: KnownLocalCachedEmbedding init done
WARNING [26408 DistTensor.py:59] The tensor name already exists in the kvstore
[Rank7] pid = 26471
New CachedEmbedding, name=full_emb, shape=(14951, 400), cache_type=KnownLocalCachedEmbedding
fixed cache_range is [(0, 747), (747, 1494), (1494, 2241), (2241, 2988), (2988, 3735), (3735, 4482), (4482, 5229), (5229, 5976)]
cudaHostRegister 0x100026322000
0: KnownLocalCachedEmbedding init done
WARNING [25821 DistTensor.py:59] The tensor name already exists in the kvstore
cudaHostRegister 0x100026322000
4: KnownLocalCachedEmbedding init done
WARNING [26269 DistTensor.py:59] The tensor name already exists in the kvstore
I20240202 15:10:49.642009 26273 IPC_barrier.h:118] CreateBarrier: new barrier, name: kgcachecontroller, count: 8
I20240202 15:10:49.642899 26472 IPC_barrier.h:112] CreateBarrier: find existing barrier, name: kgcachecontroller, count: 8
I20240202 15:10:49.643334 26205 IPC_barrier.h:112] CreateBarrier: find existing barrier, name: kgcachecontroller, count: 8
I20240202 15:10:49.643549 26398 IPC_barrier.h:112] CreateBarrier: find existing barrier, name: kgcachecontroller, count: 8
I20240202 15:10:49.643746 26141 IPC_barrier.h:112] CreateBarrier: find existing barrier, name: kgcachecontroller, count: 8
I20240202 15:10:49.643831 26271 IPC_barrier.h:112] CreateBarrier: find existing barrier, name: kgcachecontroller, count: 8
I20240202 15:10:49.643911 26535 IPC_barrier.h:112] CreateBarrier: find existing barrier, name: kgcachecontroller, count: 8
I20240202 15:10:49.643992 26536 IPC_barrier.h:112] CreateBarrier: find existing barrier, name: kgcachecontroller, count: 8
E20240202 15:10:51.426105 26271 recstore.cc:66] init folly done
E20240202 15:10:51.428572 26536 recstore.cc:66] init folly done
E20240202 15:10:51.428727 26535 recstore.cc:66] init folly done
E20240202 15:10:51.428972 26398 recstore.cc:66] init folly done
E20240202 15:10:51.429086 26273 recstore.cc:66] init folly done
E20240202 15:10:51.429348 26472 recstore.cc:66] init folly done
E20240202 15:10:51.429354 26205 recstore.cc:66] init folly done
E20240202 15:10:51.429363 26141 recstore.cc:66] init folly done
I20240202 15:10:51.525007 26271 IPC_barrier.h:118] CreateBarrier: new barrier, name: start_barrier, count: 8
I20240202 15:10:51.527151 26535 IPC_barrier.h:112] CreateBarrier: find existing barrier, name: start_barrier, count: 8
I20240202 15:10:51.527525 26536 IPC_barrier.h:112] CreateBarrier: find existing barrier, name: start_barrier, count: 8
I20240202 15:10:51.533620 26141 IPC_barrier.h:112] CreateBarrier: find existing barrier, name: start_barrier, count: 8
I20240202 15:10:51.536489 26205 IPC_barrier.h:112] CreateBarrier: find existing barrier, name: start_barrier, count: 8
I20240202 15:10:51.537750 26398 IPC_barrier.h:112] CreateBarrier: find existing barrier, name: start_barrier, count: 8
I20240202 15:10:51.539412 26273 IPC_barrier.h:112] CreateBarrier: find existing barrier, name: start_barrier, count: 8
I20240202 15:10:51.541011 26472 IPC_barrier.h:112] CreateBarrier: find existing barrier, name: start_barrier, count: 8
+---------------------------+---------------------------+---------------------------+
| Name                      | P50                       | P99                       |
+---------------------------+---------------------------+---------------------------+
| GenInput                  | 759.989 us                | 759.989 us                |
| Forward                   | 589.087 ms                | 589.087 ms                |
+---------------------------+---------------------------+---------------------------+
+---------------------------+---------------------------+---------------------------+
| Name                      | P50                       | P99                       |
+---------------------------+---------------------------+---------------------------+
| GenInput                  | 1.955 ms                  | 27.553 ms                 |
| Forward                   | 5.948 ms                  | 589.087 ms                |
| Backward                  | 152.694 ms                | 2.686 s                   |
| Optimize                  | 42.027 ms                 | 58.154 ms                 |
| BarrierTimeBeforeRank0    | 63.386 us                 | 86.783 us                 |
| BlockToStepN              | 58.848 us                 | 526.064 us                |
| OneStep                   | 205.764 ms                | 3.336 s                   |
+---------------------------+---------------------------+---------------------------+
+---------------------------+---------------------------+---------------------------+
| Name                      | P50                       | P99                       |
+---------------------------+---------------------------+---------------------------+
| GenInput                  | 1.883 ms                  | 27.553 ms                 |
| Forward                   | 5.898 ms                  | 589.087 ms                |
| Backward                  | 153.969 ms                | 2.686 s                   |
| Optimize                  | 41.375 ms                 | 58.154 ms                 |
| BarrierTimeBeforeRank0    | 57.523 us                 | 86.783 us                 |
| BlockToStepN              | 56.000 us                 | 526.064 us                |
| OneStep                   | 205.625 ms                | 3.336 s                   |
+---------------------------+---------------------------+---------------------------+
+---------------------------+---------------------------+---------------------------+
| Name                      | P50                       | P99                       |
+---------------------------+---------------------------+---------------------------+
| GenInput                  | 1.671 ms                  | 27.553 ms                 |
| Forward                   | 5.835 ms                  | 11.748 ms                 |
| Backward                  | 155.969 ms                | 196.730 ms                |
| Optimize                  | 41.821 ms                 | 52.694 ms                 |
| BarrierTimeBeforeRank0    | 56.755 us                 | 84.893 us                 |
| BlockToStepN              | 53.595 us                 | 328.582 us                |
| OneStep                   | 206.529 ms                | 250.021 ms                |
+---------------------------+---------------------------+---------------------------+
+---------------------------+---------------------------+---------------------------+
| Name                      | P50                       | P99                       |
+---------------------------+---------------------------+---------------------------+
| GenInput                  | 1.616 ms                  | 31.109 ms                 |
| Forward                   | 5.777 ms                  | 11.748 ms                 |
| Backward                  | 156.422 ms                | 196.730 ms                |
| Optimize                  | 41.866 ms                 | 56.784 ms                 |
| BarrierTimeBeforeRank0    | 53.958 us                 | 84.893 us                 |
| BlockToStepN              | 50.991 us                 | 328.582 us                |
| OneStep                   | 207.081 ms                | 251.932 ms                |
+---------------------------+---------------------------+---------------------------+
train_sampler.Prefill()
before start barrier
start train
[proc 5] 100 steps, total: 24.127, sample: 0.451, forward: 1.086, backward: 14.265, update: 0.455
train_sampler.Prefill()
before start barrier
start train
[proc 2] 100 steps, total: 24.128, sample: 0.434, forward: 1.135, backward: 14.214, update: 0.372
train_sampler.Prefill()
before start barrier
start train
[proc 7] 100 steps, total: 24.137, sample: 0.410, forward: 1.120, backward: 14.238, update: 0.421
train_sampler.Prefill()
before start barrier
start train
[proc 6] 100 steps, total: 24.137, sample: 0.435, forward: 1.154, backward: 14.167, update: 0.480
train_sampler.Prefill()
before start barrier
start train
[proc 3] 100 steps, total: 24.140, sample: 0.446, forward: 1.114, backward: 14.202, update: 0.379
train_sampler.Prefill()
before start barrier
start train
[proc 4] 100 steps, total: 24.125, sample: 0.433, forward: 1.161, backward: 14.176, update: 0.460
train_sampler.Prefill()
-------Step 0-------
tensor([ 1995,    87,  3084,    59, 12421, 13330,  1041,  7945, 13231, 12057]) tensor([ 1571,  8862,  5858, 12586, 10835,  1025,  5676,  4640,   529, 11840])
-------Step 1-------
tensor([ 1995,    87,  3084,    59, 12421, 13330,  1041,  7945, 13231, 12057]) tensor([ 5548, 11553, 10379,  4536,  1690, 10011,  9604,  3615, 12232,  9157])
-------Step 2-------
tensor([ 1595, 13627,  5809, 11045, 14255,  7395, 11963,  8589,  5106, 12692]) tensor([ 7402,  4737,  1686,  5765, 14009,  2911,   125,  4027,   173, 12638])
-------Step 3-------
tensor([ 1595, 13627,  5809, 11045, 14255,  7395, 11963,  8589,  5106, 12692]) tensor([ 8637, 11923,  8493,  8271,  6691, 11674,  9136, 11156,  8583, 12176])
-------Step 4-------
tensor([ 4523,    67, 13129, 12609,  4678, 11948, 13827,  3716,     2,  7735]) tensor([ 6809,  7244,   505, 12162, 12562, 10458, 11632,  3962, 12931,   464])
-------Step 5-------
tensor([ 4523,    67, 13129, 12609,  4678, 11948, 13827,  3716,     2,  7735]) tensor([ 3211,  2641, 11834,  1192,  3864, 14235,  8931, 14385,  4654, 14476])
-------Step 6-------
tensor([ 5953,  9960,  5747,  7760,  8106,   987,  6298,  9756, 14624,  9038]) tensor([10726, 11264, 12114,  1921,  2549,  3716,  6690,  3578,  3372,  4254])
-------Step 7-------
tensor([ 5953,  9960,  5747,  7760,  8106,   987,  6298,  9756, 14624,  9038]) tensor([10637, 10181,  7164,  7085, 12749,  1767, 12160,   269, 11934, 14871])
-------Step 8-------
tensor([10316,  2777, 11956, 10479,  3012, 10529, 12609,  3530,  4194,   826]) tensor([ 2914, 10130,  1529,  5210, 10199, 11291,  8710,  5697, 11378,  5090])
-------Step 9-------
tensor([10316,  2777, 11956, 10479,  3012, 10529, 12609,  3530,  4194,   826]) tensor([ 9134,  9126,  8162,   220,  9741,  5907,  2604,  2921,  2823, 14195])
before start barrier
start train
[proc 0] 100 steps, total: 24.123, sample: 0.483, forward: 1.157, backward: 18.344, update: 4.002
train_sampler.Prefill()
before start barrier
start train
[proc 1] 100 steps, total: 24.131, sample: 0.423, forward: 1.161, backward: 14.190, update: 0.453
+---------------------------+---------------------------+---------------------------+
| Name                      | P50                       | P99                       |
+---------------------------+---------------------------+---------------------------+
| GenInput                  | 1.568 ms                  | 31.109 ms                 |
| Forward                   | 5.835 ms                  | 11.748 ms                 |
| Backward                  | 156.422 ms                | 196.730 ms                |
| Optimize                  | 41.679 ms                 | 56.784 ms                 |
| BarrierTimeBeforeRank0    | 53.181 us                 | 84.893 us                 |
| BlockToStepN              | 47.558 us                 | 328.582 us                |
| OneStep                   | 207.225 ms                | 251.932 ms                |
+---------------------------+---------------------------+---------------------------+
+---------------------------+---------------------------+---------------------------+
| Name                      | P50                       | P99                       |
+---------------------------+---------------------------+---------------------------+
| GenInput                  | 1.548 ms                  | 31.109 ms                 |
| Forward                   | 5.835 ms                  | 11.748 ms                 |
| Backward                  | 156.910 ms                | 196.730 ms                |
| Optimize                  | 40.576 ms                 | 56.784 ms                 |
| BarrierTimeBeforeRank0    | 52.373 us                 | 84.893 us                 |
| BlockToStepN              | 46.176 us                 | 356.969 us                |
| OneStep                   | 207.783 ms                | 251.932 ms                |
+---------------------------+---------------------------+---------------------------+
+---------------------------+---------------------------+---------------------------+
| Name                      | P50                       | P99                       |
+---------------------------+---------------------------+---------------------------+
| GenInput                  | 1.515 ms                  | 30.352 ms                 |
| Forward                   | 5.779 ms                  | 10.076 ms                 |
| Backward                  | 157.135 ms                | 192.497 ms                |
| Optimize                  | 41.684 ms                 | 52.694 ms                 |
| BarrierTimeBeforeRank0    | 52.337 us                 | 84.865 us                 |
| BlockToStepN              | 49.126 us                 | 328.582 us                |
| OneStep                   | 210.322 ms                | 250.021 ms                |
+---------------------------+---------------------------+---------------------------+
+---------------------------+---------------------------+---------------------------+
| Name                      | P50                       | P99                       |
+---------------------------+---------------------------+---------------------------+
| GenInput                  | 1.431 ms                  | 30.352 ms                 |
| Forward                   | 5.767 ms                  | 10.076 ms                 |
| Backward                  | 157.237 ms                | 192.497 ms                |
| Optimize                  | 41.181 ms                 | 52.694 ms                 |
| BarrierTimeBeforeRank0    | 51.325 us                 | 84.865 us                 |
| BlockToStepN              | 46.869 us                 | 328.582 us                |
| OneStep                   | 209.441 ms                | 250.021 ms                |
+---------------------------+---------------------------+---------------------------+
[proc 5] 200 steps, total: 21.100, sample: 0.405, forward: 0.461, backward: 12.111, update: 0.433
[proc 7] 200 steps, total: 21.100, sample: 0.448, forward: 0.512, backward: 12.035, update: 0.423
[proc 6] 200 steps, total: 21.100, sample: 0.439, forward: 0.501, backward: 12.045, update: 0.414
[proc 4] 200 steps, total: 21.100, sample: 0.417, forward: 0.476, backward: 12.106, update: 0.395
[proc 0] 200 steps, total: 21.100, sample: 0.461, forward: 0.561, backward: 16.094, update: 3.857
[proc 1] 200 steps, total: 21.100, sample: 0.413, forward: 0.518, backward: 12.098, update: 0.437
[proc 2] 200 steps, total: 21.100, sample: 0.374, forward: 0.529, backward: 12.069, update: 0.385
[proc 3] 200 steps, total: 21.100, sample: 0.423, forward: 0.530, backward: 12.051, update: 0.453
+---------------------------+---------------------------+---------------------------+
| Name                      | P50                       | P99                       |
+---------------------------+---------------------------+---------------------------+
| GenInput                  | 1.414 ms                  | 30.352 ms                 |
| Forward                   | 5.761 ms                  | 10.076 ms                 |
| Backward                  | 158.970 ms                | 192.497 ms                |
| Optimize                  | 40.848 ms                 | 52.694 ms                 |
| BarrierTimeBeforeRank0    | 51.184 us                 | 84.865 us                 |
| BlockToStepN              | 47.852 us                 | 328.582 us                |
| OneStep                   | 209.452 ms                | 250.021 ms                |
+---------------------------+---------------------------+---------------------------+
+---------------------------+---------------------------+---------------------------+
| Name                      | P50                       | P99                       |
+---------------------------+---------------------------+---------------------------+
| GenInput                  | 1.385 ms                  | 30.352 ms                 |
| Forward                   | 5.731 ms                  | 10.346 ms                 |
| Backward                  | 159.735 ms                | 192.497 ms                |
| Optimize                  | 40.315 ms                 | 53.017 ms                 |
| BarrierTimeBeforeRank0    | 51.176 us                 | 84.893 us                 |
| BlockToStepN              | 46.853 us                 | 328.582 us                |
| OneStep                   | 209.452 ms                | 250.021 ms                |
+---------------------------+---------------------------+---------------------------+
+---------------------------+---------------------------+---------------------------+
| Name                      | P50                       | P99                       |
+---------------------------+---------------------------+---------------------------+
| GenInput                  | 1.384 ms                  | 29.179 ms                 |
| Forward                   | 5.723 ms                  | 10.076 ms                 |
| Backward                  | 160.073 ms                | 192.354 ms                |
| Optimize                  | 40.053 ms                 | 53.017 ms                 |
| BarrierTimeBeforeRank0    | 50.197 us                 | 84.865 us                 |
| BlockToStepN              | 46.176 us                 | 211.943 us                |
| OneStep                   | 209.452 ms                | 249.893 ms                |
+---------------------------+---------------------------+---------------------------+
+---------------------------+---------------------------+---------------------------+
| Name                      | P50                       | P99                       |
+---------------------------+---------------------------+---------------------------+
| GenInput                  | 1.347 ms                  | 29.406 ms                 |
| Forward                   | 5.731 ms                  | 10.076 ms                 |
| Backward                  | 160.097 ms                | 196.730 ms                |
| Optimize                  | 39.819 ms                 | 53.017 ms                 |
| BarrierTimeBeforeRank0    | 49.923 us                 | 84.865 us                 |
| BlockToStepN              | 42.604 us                 | 287.585 us                |
| OneStep                   | 210.322 ms                | 250.021 ms                |
+---------------------------+---------------------------+---------------------------+
[proc 4] 300 steps, total: 21.102, sample: 0.442, forward: 0.498, backward: 12.119, update: 0.417
[proc 6] 300 steps, total: 21.102, sample: 0.385, forward: 0.502, backward: 12.086, update: 0.446
[proc 5] 300 steps, total: 21.102, sample: 0.409, forward: 0.459, backward: 12.117, update: 0.425
[proc 1] 300 steps, total: 21.101, sample: 0.359, forward: 0.514, backward: 12.116, update: 0.401
[proc 3] 300 steps, total: 21.101, sample: 0.435, forward: 0.524, backward: 12.015, update: 0.407
[proc 7] 300 steps, total: 21.102, sample: 0.433, forward: 0.512, backward: 12.053, update: 0.495
[proc 2] 300 steps, total: 21.102, sample: 0.396, forward: 0.520, backward: 12.059, update: 0.422
[proc 0] 300 steps, total: 21.102, sample: 0.460, forward: 0.566, backward: 16.098, update: 3.853
+---------------------------+---------------------------+---------------------------+
| Name                      | P50                       | P99                       |
+---------------------------+---------------------------+---------------------------+
| GenInput                  | 1.385 ms                  | 29.406 ms                 |
| Forward                   | 5.738 ms                  | 10.076 ms                 |
| Backward                  | 159.801 ms                | 196.730 ms                |
| Optimize                  | 39.617 ms                 | 56.784 ms                 |
| BarrierTimeBeforeRank0    | 50.029 us                 | 84.893 us                 |
| BlockToStepN              | 44.521 us                 | 356.969 us                |
| OneStep                   | 209.452 ms                | 250.021 ms                |
+---------------------------+---------------------------+---------------------------+
+---------------------------+---------------------------+---------------------------+
| Name                      | P50                       | P99                       |
+---------------------------+---------------------------+---------------------------+
| GenInput                  | 1.386 ms                  | 29.406 ms                 |
| Forward                   | 5.738 ms                  | 10.076 ms                 |
| Backward                  | 160.097 ms                | 196.730 ms                |
| Optimize                  | 39.012 ms                 | 56.784 ms                 |
| BarrierTimeBeforeRank0    | 50.029 us                 | 84.893 us                 |
| BlockToStepN              | 42.707 us                 | 356.969 us                |
| OneStep                   | 209.882 ms                | 250.021 ms                |
+---------------------------+---------------------------+---------------------------+
+---------------------------+---------------------------+---------------------------+
| Name                      | P50                       | P99                       |
+---------------------------+---------------------------+---------------------------+
| GenInput                  | 1.409 ms                  | 30.352 ms                 |
| Forward                   | 5.766 ms                  | 10.076 ms                 |
| Backward                  | 159.837 ms                | 194.100 ms                |
| Optimize                  | 38.907 ms                 | 53.716 ms                 |
| BarrierTimeBeforeRank0    | 49.923 us                 | 86.783 us                 |
| BlockToStepN              | 42.261 us                 | 356.969 us                |
| OneStep                   | 209.882 ms                | 249.893 ms                |
+---------------------------+---------------------------+---------------------------+
