WARNING: Logging before InitGoogleLogging() is written to STDERR
I20240211 12:03:13.962829 53705 IPC_barrier.h:128] MultiProcessBarrierFactory->ClearIPCMemory()
W20240211 12:03:13.967411 53705 IPCTensor.h:369] NewIPCTensor: full_emb [33762578, 32]0x100000002000 4.025 GB
/data/home/xieminhui/RecStore/src/framework_adapters/torch/python/perf_rec_model.py:152: DeprecationWarning: The 'warn' function is deprecated, use 'warning' instead
  XLOG.warn("After init DistEmbedding")
WARNING [53705 perf_rec_model.py:152] After init DistEmbedding
========== Running Perf with routine <function routine_local_cache_helper at 0x7f81c024d8a0>==========
Worker 1 pid=53857
Worker 2 pid=53858
Worker 3 pid=53859
Worker 4 pid=53860
Worker 5 pid=53861
Worker 6 pid=53862
INFO [53705 distributed_c10d.py:442] Added key: store_based_barrier_key:1 to store for rank: 0
INFO [53857 distributed_c10d.py:442] Added key: store_based_barrier_key:1 to store for rank: 1
INFO [53858 distributed_c10d.py:442] Added key: store_based_barrier_key:1 to store for rank: 2
INFO [53859 distributed_c10d.py:442] Added key: store_based_barrier_key:1 to store for rank: 3
INFO [53860 distributed_c10d.py:442] Added key: store_based_barrier_key:1 to store for rank: 4
INFO [53861 distributed_c10d.py:442] Added key: store_based_barrier_key:1 to store for rank: 5
INFO [53859 distributed_c10d.py:476] Rank 3: Completed store-based barrier for key:store_based_barrier_key:1 with 8 nodes.
INFO [53860 distributed_c10d.py:476] Rank 4: Completed store-based barrier for key:store_based_barrier_key:1 with 8 nodes.
INFO [53858 distributed_c10d.py:476] Rank 2: Completed store-based barrier for key:store_based_barrier_key:1 with 8 nodes.
INFO [53863 distributed_c10d.py:442] Added key: store_based_barrier_key:1 to store for rank: 7
INFO [53862 distributed_c10d.py:442] Added key: store_based_barrier_key:1 to store for rank: 6
INFO [53861 distributed_c10d.py:476] Rank 5: Completed store-based barrier for key:store_based_barrier_key:1 with 8 nodes.
INFO [53863 distributed_c10d.py:476] Rank 7: Completed store-based barrier for key:store_based_barrier_key:1 with 8 nodes.
INFO [53862 distributed_c10d.py:476] Rank 6: Completed store-based barrier for key:store_based_barrier_key:1 with 8 nodes.
INFO [53857 distributed_c10d.py:476] Rank 1: Completed store-based barrier for key:store_based_barrier_key:1 with 8 nodes.
E20240211 12:03:36.054381 53859 IPCTensor.h:348] IPCTensor full_emb already exists
INFO [53705 distributed_c10d.py:476] Rank 0: Completed store-based barrier for key:store_based_barrier_key:1 with 8 nodes.
E20240211 12:03:36.054865 53860 IPCTensor.h:348] IPCTensor full_emb already exists
E20240211 12:03:36.054884 53861 IPCTensor.h:348] IPCTensor full_emb already exists
E20240211 12:03:36.054895 53862 IPCTensor.h:348] IPCTensor full_emb already exists
E20240211 12:03:36.054932 53857 IPCTensor.h:348] IPCTensor full_emb already exists
E20240211 12:03:36.054872 53858 IPCTensor.h:348] IPCTensor full_emb already exists
E20240211 12:03:36.054862 53863 IPCTensor.h:348] IPCTensor full_emb already exists
E20240211 12:03:36.055958 53705 IPCTensor.h:348] IPCTensor full_emb already exists
W20240211 12:03:54.873335 53862 IPCTensor.h:409] NewIPCGPUTensor: embedding_cache_6 [3376257, 32]; dev=6; size=412.1 MB
W20240211 12:03:54.877102 53860 IPCTensor.h:409] NewIPCGPUTensor: embedding_cache_4 [3376257, 32]; dev=4; size=412.1 MB
W20240211 12:03:54.877140 53863 IPCTensor.h:409] NewIPCGPUTensor: embedding_cache_7 [3376257, 32]; dev=7; size=412.1 MB
W20240211 12:03:54.877302 53705 IPCTensor.h:409] NewIPCGPUTensor: embedding_cache_0 [3376257, 32]; dev=0; size=412.1 MB
W20240211 12:03:54.877475 53861 IPCTensor.h:409] NewIPCGPUTensor: embedding_cache_5 [3376257, 32]; dev=5; size=412.1 MB
W20240211 12:03:54.877492 53857 IPCTensor.h:409] NewIPCGPUTensor: embedding_cache_1 [3376257, 32]; dev=1; size=412.1 MB
W20240211 12:03:54.877664 53858 IPCTensor.h:409] NewIPCGPUTensor: embedding_cache_2 [3376257, 32]; dev=2; size=412.1 MB
W20240211 12:03:54.883083 53859 IPCTensor.h:409] NewIPCGPUTensor: embedding_cache_3 [3376257, 32]; dev=3; size=412.1 MB
W20240211 12:03:55.673450 53860 IPCTensor.h:369] NewIPCTensor: input_keys_4 [1000000]0x10010196e000 7.629 MB
W20240211 12:03:55.673640 53860 IPCTensor.h:369] NewIPCTensor: input_keys_neg_4 [1000000]0x100102111000 7.629 MB
W20240211 12:03:55.673697 53860 IPCTensor.h:369] NewIPCTensor: backward_grads_4 [1000000, 32]0x1001028b4000 122.1 MB
W20240211 12:03:55.673746 53860 IPCTensor.h:369] NewIPCTensor: backward_grads_neg_4 [1000000, 32]0x10010a2c8000 122.1 MB
W20240211 12:03:55.673792 53860 IPCTensor.h:409] NewIPCGPUTensor: backward_grads_4_gpu [1000000, 32]; dev=4; size=122.1 MB
W20240211 12:03:55.675215 53860 IPCTensor.h:409] NewIPCGPUTensor: backward_grads_neg_4_gpu [1000000, 32]; dev=4; size=122.1 MB
W20240211 12:03:55.681236 53861 IPCTensor.h:369] NewIPCTensor: input_keys_5 [1000000]0x100111ce2000 7.629 MB
W20240211 12:03:55.681515 53861 IPCTensor.h:369] NewIPCTensor: input_keys_neg_5 [1000000]0x100112485000 7.629 MB
W20240211 12:03:55.681577 53861 IPCTensor.h:369] NewIPCTensor: backward_grads_5 [1000000, 32]0x100112c28000 122.1 MB
W20240211 12:03:55.681623 53861 IPCTensor.h:369] NewIPCTensor: backward_grads_neg_5 [1000000, 32]0x10011a63c000 122.1 MB
W20240211 12:03:55.681685 53861 IPCTensor.h:409] NewIPCGPUTensor: backward_grads_5_gpu [1000000, 32]; dev=5; size=122.1 MB
W20240211 12:03:55.682466 53861 IPCTensor.h:409] NewIPCGPUTensor: backward_grads_neg_5_gpu [1000000, 32]; dev=5; size=122.1 MB
W20240211 12:03:55.696306 53862 IPCTensor.h:369] NewIPCTensor: input_keys_6 [1000000]0x100122056000 7.629 MB
W20240211 12:03:55.696425 53862 IPCTensor.h:369] NewIPCTensor: input_keys_neg_6 [1000000]0x1001227f9000 7.629 MB
W20240211 12:03:55.696481 53862 IPCTensor.h:369] NewIPCTensor: backward_grads_6 [1000000, 32]0x100122f9c000 122.1 MB
W20240211 12:03:55.696527 53862 IPCTensor.h:369] NewIPCTensor: backward_grads_neg_6 [1000000, 32]0x10012a9b0000 122.1 MB
W20240211 12:03:55.696559 53862 IPCTensor.h:409] NewIPCGPUTensor: backward_grads_6_gpu [1000000, 32]; dev=6; size=122.1 MB
W20240211 12:03:55.696913 53862 IPCTensor.h:409] NewIPCGPUTensor: backward_grads_neg_6_gpu [1000000, 32]; dev=6; size=122.1 MB
W20240211 12:03:55.724136 53863 IPCTensor.h:369] NewIPCTensor: input_keys_7 [1000000]0x1001323ca000 7.629 MB
W20240211 12:03:55.724273 53863 IPCTensor.h:369] NewIPCTensor: input_keys_neg_7 [1000000]0x100132b71000 7.629 MB
W20240211 12:03:55.724337 53863 IPCTensor.h:369] NewIPCTensor: backward_grads_7 [1000000, 32]0x100133314000 122.1 MB
W20240211 12:03:55.724385 53863 IPCTensor.h:369] NewIPCTensor: backward_grads_neg_7 [1000000, 32]0x10013ad28000 122.1 MB
W20240211 12:03:55.724428 53863 IPCTensor.h:409] NewIPCGPUTensor: backward_grads_7_gpu [1000000, 32]; dev=7; size=122.1 MB
W20240211 12:03:55.724474 53857 IPCTensor.h:369] NewIPCTensor: input_keys_1 [1000000]0x100142edf000 7.629 MB
W20240211 12:03:55.724469 53858 IPCTensor.h:369] NewIPCTensor: input_keys_2 [1000000]0x10014273c000 7.629 MB
W20240211 12:03:55.725327 53863 IPCTensor.h:409] NewIPCGPUTensor: backward_grads_neg_7_gpu [1000000, 32]; dev=7; size=122.1 MB
W20240211 12:03:55.725626 53857 IPCTensor.h:369] NewIPCTensor: input_keys_neg_1 [1000000]0x100143686000 7.629 MB
W20240211 12:03:55.725713 53857 IPCTensor.h:369] NewIPCTensor: backward_grads_1 [1000000, 32]0x100143e2b000 122.1 MB
W20240211 12:03:55.725724 53858 IPCTensor.h:369] NewIPCTensor: input_keys_neg_2 [1000000]0x10014b83f000 7.629 MB
W20240211 12:03:55.725757 53859 IPCTensor.h:369] NewIPCTensor: input_keys_3 [1000000]0x10014bfe2000 7.629 MB
W20240211 12:03:55.725772 53857 IPCTensor.h:369] NewIPCTensor: backward_grads_neg_1 [1000000, 32]0x10014c785000 122.1 MB
W20240211 12:03:55.725819 53857 IPCTensor.h:409] NewIPCGPUTensor: backward_grads_1_gpu [1000000, 32]; dev=1; size=122.1 MB
W20240211 12:03:55.725899 53859 IPCTensor.h:369] NewIPCTensor: input_keys_neg_3 [1000000]0x100154199000 7.629 MB
W20240211 12:03:55.725921 53858 IPCTensor.h:369] NewIPCTensor: backward_grads_2 [1000000, 32]0x10015493c000 122.1 MB
W20240211 12:03:55.725989 53858 IPCTensor.h:369] NewIPCTensor: backward_grads_neg_2 [1000000, 32]0x10015c350000 122.1 MB
W20240211 12:03:55.726013 53859 IPCTensor.h:369] NewIPCTensor: backward_grads_3 [1000000, 32]0x100163d64000 122.1 MB
W20240211 12:03:55.726053 53858 IPCTensor.h:409] NewIPCGPUTensor: backward_grads_2_gpu [1000000, 32]; dev=2; size=122.1 MB
W20240211 12:03:55.726070 53859 IPCTensor.h:369] NewIPCTensor: backward_grads_neg_3 [1000000, 32]0x10016b778000 122.1 MB
W20240211 12:03:55.726109 53859 IPCTensor.h:409] NewIPCGPUTensor: backward_grads_3_gpu [1000000, 32]; dev=3; size=122.1 MB
W20240211 12:03:55.726367 53857 IPCTensor.h:409] NewIPCGPUTensor: backward_grads_neg_1_gpu [1000000, 32]; dev=1; size=122.1 MB
W20240211 12:03:55.726826 53858 IPCTensor.h:409] NewIPCGPUTensor: backward_grads_neg_2_gpu [1000000, 32]; dev=2; size=122.1 MB
W20240211 12:03:55.726862 53859 IPCTensor.h:409] NewIPCGPUTensor: backward_grads_neg_3_gpu [1000000, 32]; dev=3; size=122.1 MB
W20240211 12:03:55.736882 53705 IPCTensor.h:369] NewIPCTensor: input_keys_0 [1000000]0x10017319a000 7.629 MB
W20240211 12:03:55.737100 53705 IPCTensor.h:369] NewIPCTensor: input_keys_neg_0 [1000000]0x10017393d000 7.629 MB
W20240211 12:03:55.737221 53705 IPCTensor.h:369] NewIPCTensor: backward_grads_0 [1000000, 32]0x1001740e0000 122.1 MB
W20240211 12:03:55.737264 53705 IPCTensor.h:369] NewIPCTensor: backward_grads_neg_0 [1000000, 32]0x10017baf4000 122.1 MB
W20240211 12:03:55.737318 53705 IPCTensor.h:409] NewIPCGPUTensor: backward_grads_0_gpu [1000000, 32]; dev=0; size=122.1 MB
W20240211 12:03:55.737681 53705 IPCTensor.h:409] NewIPCGPUTensor: backward_grads_neg_0_gpu [1000000, 32]; dev=0; size=122.1 MB
cudaHostRegister 0x100000002000
2: KnownLocalCachedEmbedding init done
cudaHostRegister 0x100000002000
3: KnownLocalCachedEmbedding init done
cudaHostRegister 0x100000002000
7: KnownLocalCachedEmbedding init done
cudaHostRegister 0x100000002000
1: KnownLocalCachedEmbedding init done
cudaHostRegister 0x100000002000
4: KnownLocalCachedEmbedding init done
cudaHostRegister 0x100000002000
6: KnownLocalCachedEmbedding init done
cudaHostRegister 0x100000002000
5: KnownLocalCachedEmbedding init done
Worker 7 pid=53863
New CachedEmbedding, name=full_emb, shape=(33762578, 32), cache_type=KnownLocalCachedEmbedding
fixed cache_range is [(0, 3376257), (3376257, 6752514), (6752514, 10128771), (10128771, 13505028), (13505028, 16881285), (16881285, 20257542), (20257542, 23633799), (23633799, 27010056)]
cudaHostRegister 0x100000002000
0: KnownLocalCachedEmbedding init done
W20240211 12:04:03.410092 53858 IPCTensor.h:369] NewIPCTensor: cached_sampler_r2_0 [1000000]0x10018350c000 7.629 MB
W20240211 12:04:03.410301 53858 IPCTensor.h:369] NewIPCTensor: cached_sampler_r2_1 [1000000]0x100183caf000 7.629 MB
W20240211 12:04:03.410362 53858 IPCTensor.h:369] NewIPCTensor: cached_sampler_r2_2 [1000000]0x100184452000 7.629 MB
W20240211 12:04:03.410400 53858 IPCTensor.h:369] NewIPCTensor: cached_sampler_r2_3 [1000000]0x100184bf5000 7.629 MB
W20240211 12:04:03.410444 53858 IPCTensor.h:369] NewIPCTensor: cached_sampler_r2_4 [1000000]0x100185398000 7.629 MB
W20240211 12:04:03.410499 53858 IPCTensor.h:369] NewIPCTensor: cached_sampler_r2_5 [1000000]0x100185b3b000 7.629 MB
W20240211 12:04:03.410553 53858 IPCTensor.h:369] NewIPCTensor: cached_sampler_r2_6 [1000000]0x1001862de000 7.629 MB
W20240211 12:04:03.410609 53858 IPCTensor.h:369] NewIPCTensor: cached_sampler_r2_7 [1000000]0x100186a81000 7.629 MB
W20240211 12:04:03.410655 53858 IPCTensor.h:369] NewIPCTensor: cached_sampler_r2_8 [1000000]0x100187224000 7.629 MB
W20240211 12:04:03.410701 53858 IPCTensor.h:369] NewIPCTensor: cached_sampler_r2_9 [1000000]0x1001879c7000 7.629 MB
W20240211 12:04:03.410751 53858 IPCTensor.h:369] NewIPCTensor: step_r2 [10]0x10018816a000 80 B 
W20240211 12:04:03.410789 53858 IPCTensor.h:369] NewIPCTensor: circle_buffer_end_r2 [1]0x10018816c000 8 B 
W20240211 12:04:03.410820 53858 IPCTensor.h:369] NewIPCTensor: circle_buffer_end_cppseen_r2 [1]0x10018816e000 8 B 
Dataset:  /home/xieminhui/RecStoreDataset/criteo_binary
Dataset loaded
np.max =  33762577
np.min=  1
Construct RecModelSampler done
I20240211 12:04:03.411291 53858 IPC_barrier.h:118] CreateBarrier: new barrier, name: kgcachecontroller, count: 8
W20240211 12:04:03.411290 53859 IPCTensor.h:369] NewIPCTensor: cached_sampler_r3_0 [1000000]0x100188170000 7.629 MB
W20240211 12:04:03.411569 53859 IPCTensor.h:369] NewIPCTensor: cached_sampler_r3_1 [1000000]0x100188913000 7.629 MB
W20240211 12:04:03.411630 53859 IPCTensor.h:369] NewIPCTensor: cached_sampler_r3_2 [1000000]0x1001890b6000 7.629 MB
W20240211 12:04:03.411670 53859 IPCTensor.h:369] NewIPCTensor: cached_sampler_r3_3 [1000000]0x100189859000 7.629 MB
W20240211 12:04:03.411744 53859 IPCTensor.h:369] NewIPCTensor: cached_sampler_r3_4 [1000000]0x100189ffc000 7.629 MB
W20240211 12:04:03.411804 53859 IPCTensor.h:369] NewIPCTensor: cached_sampler_r3_5 [1000000]0x10018a79f000 7.629 MB
W20240211 12:04:03.411859 53859 IPCTensor.h:369] NewIPCTensor: cached_sampler_r3_6 [1000000]0x10018af42000 7.629 MB
W20240211 12:04:03.411917 53859 IPCTensor.h:369] NewIPCTensor: cached_sampler_r3_7 [1000000]0x10018b6e5000 7.629 MB
W20240211 12:04:03.411962 53859 IPCTensor.h:369] NewIPCTensor: cached_sampler_r3_8 [1000000]0x10018be88000 7.629 MB
W20240211 12:04:03.412007 53859 IPCTensor.h:369] NewIPCTensor: cached_sampler_r3_9 [1000000]0x10018c62b000 7.629 MB
W20240211 12:04:03.412071 53859 IPCTensor.h:369] NewIPCTensor: step_r3 [10]0x10018cdce000 80 B 
W20240211 12:04:03.412107 53859 IPCTensor.h:369] NewIPCTensor: circle_buffer_end_r3 [1]0x10018cdd0000 8 B 
W20240211 12:04:03.412144 53859 IPCTensor.h:369] NewIPCTensor: circle_buffer_end_cppseen_r3 [1]0x10018cdd2000 8 B 
Dataset:  /home/xieminhui/RecStoreDataset/criteo_binary
Dataset loaded
np.max =  33762577
np.min=  1
Construct RecModelSampler done
I20240211 12:04:03.412675 53859 IPC_barrier.h:112] CreateBarrier: find existing barrier, name: kgcachecontroller, count: 8
W20240211 12:04:03.730253 53863 IPCTensor.h:369] NewIPCTensor: cached_sampler_r7_0 [1000000]0x10018cdd4000 7.629 MB
W20240211 12:04:03.730432 53863 IPCTensor.h:369] NewIPCTensor: cached_sampler_r7_1 [1000000]0x10018d577000 7.629 MB
W20240211 12:04:03.730494 53863 IPCTensor.h:369] NewIPCTensor: cached_sampler_r7_2 [1000000]0x10018dd1a000 7.629 MB
W20240211 12:04:03.730533 53863 IPCTensor.h:369] NewIPCTensor: cached_sampler_r7_3 [1000000]0x10018e4bd000 7.629 MB
W20240211 12:04:03.730572 53863 IPCTensor.h:369] NewIPCTensor: cached_sampler_r7_4 [1000000]0x10018ec60000 7.629 MB
W20240211 12:04:03.730633 53863 IPCTensor.h:369] NewIPCTensor: cached_sampler_r7_5 [1000000]0x10018f403000 7.629 MB
W20240211 12:04:03.730687 53863 IPCTensor.h:369] NewIPCTensor: cached_sampler_r7_6 [1000000]0x10018fba6000 7.629 MB
W20240211 12:04:03.730741 53863 IPCTensor.h:369] NewIPCTensor: cached_sampler_r7_7 [1000000]0x100190349000 7.629 MB
W20240211 12:04:03.730795 53863 IPCTensor.h:369] NewIPCTensor: cached_sampler_r7_8 [1000000]0x100190aec000 7.629 MB
W20240211 12:04:03.730841 53863 IPCTensor.h:369] NewIPCTensor: cached_sampler_r7_9 [1000000]0x10019128f000 7.629 MB
W20240211 12:04:03.730899 53863 IPCTensor.h:369] NewIPCTensor: step_r7 [10]0x100191a32000 80 B 
W20240211 12:04:03.730937 53863 IPCTensor.h:369] NewIPCTensor: circle_buffer_end_r7 [1]0x100191a34000 8 B 
W20240211 12:04:03.730967 53863 IPCTensor.h:369] NewIPCTensor: circle_buffer_end_cppseen_r7 [1]0x100191a36000 8 B 
Dataset:  /home/xieminhui/RecStoreDataset/criteo_binary
Dataset loaded
np.max =  33762577
np.min=  1
Construct RecModelSampler done
I20240211 12:04:03.731345 53863 IPC_barrier.h:112] CreateBarrier: find existing barrier, name: kgcachecontroller, count: 8
W20240211 12:04:03.854604 53862 IPCTensor.h:369] NewIPCTensor: cached_sampler_r6_0 [1000000]0x100191a38000 7.629 MB
W20240211 12:04:03.854764 53862 IPCTensor.h:369] NewIPCTensor: cached_sampler_r6_1 [1000000]0x1001921db000 7.629 MB
W20240211 12:04:03.854825 53862 IPCTensor.h:369] NewIPCTensor: cached_sampler_r6_2 [1000000]0x10019297e000 7.629 MB
W20240211 12:04:03.854866 53862 IPCTensor.h:369] NewIPCTensor: cached_sampler_r6_3 [1000000]0x100193121000 7.629 MB
W20240211 12:04:03.854911 53862 IPCTensor.h:369] NewIPCTensor: cached_sampler_r6_4 [1000000]0x1001938c4000 7.629 MB
W20240211 12:04:03.854979 53862 IPCTensor.h:369] NewIPCTensor: cached_sampler_r6_5 [1000000]0x100194067000 7.629 MB
W20240211 12:04:03.855042 53862 IPCTensor.h:369] NewIPCTensor: cached_sampler_r6_6 [1000000]0x10019480a000 7.629 MB
W20240211 12:04:03.855093 53862 IPCTensor.h:369] NewIPCTensor: cached_sampler_r6_7 [1000000]0x100194fad000 7.629 MB
W20240211 12:04:03.855142 53862 IPCTensor.h:369] NewIPCTensor: cached_sampler_r6_8 [1000000]0x100195750000 7.629 MB
W20240211 12:04:03.855195 53862 IPCTensor.h:369] NewIPCTensor: cached_sampler_r6_9 [1000000]0x100195ef3000 7.629 MB
W20240211 12:04:03.855254 53862 IPCTensor.h:369] NewIPCTensor: step_r6 [10]0x100196696000 80 B 
W20240211 12:04:03.855293 53862 IPCTensor.h:369] NewIPCTensor: circle_buffer_end_r6 [1]0x100196698000 8 B 
W20240211 12:04:03.855324 53862 IPCTensor.h:369] NewIPCTensor: circle_buffer_end_cppseen_r6 [1]0x10019669a000 8 B 
Dataset:  /home/xieminhui/RecStoreDataset/criteo_binary
Dataset loaded
np.max =  33762577
np.min=  1
Construct RecModelSampler done
I20240211 12:04:03.855675 53862 IPC_barrier.h:112] CreateBarrier: find existing barrier, name: kgcachecontroller, count: 8
W20240211 12:04:03.862406 53705 IPCTensor.h:369] NewIPCTensor: cached_sampler_r0_0 [1000000]0x10019669c000 7.629 MB
W20240211 12:04:03.862660 53705 IPCTensor.h:369] NewIPCTensor: cached_sampler_r0_1 [1000000]0x100196e3f000 7.629 MB
W20240211 12:04:03.862705 53705 IPCTensor.h:369] NewIPCTensor: cached_sampler_r0_2 [1000000]0x1001975e2000 7.629 MB
W20240211 12:04:03.862748 53705 IPCTensor.h:369] NewIPCTensor: cached_sampler_r0_3 [1000000]0x100197d85000 7.629 MB
W20240211 12:04:03.862799 53705 IPCTensor.h:369] NewIPCTensor: cached_sampler_r0_4 [1000000]0x100198528000 7.629 MB
W20240211 12:04:03.862854 53705 IPCTensor.h:369] NewIPCTensor: cached_sampler_r0_5 [1000000]0x100198ccb000 7.629 MB
W20240211 12:04:03.862893 53705 IPCTensor.h:369] NewIPCTensor: cached_sampler_r0_6 [1000000]0x10019946e000 7.629 MB
W20240211 12:04:03.862953 53705 IPCTensor.h:369] NewIPCTensor: cached_sampler_r0_7 [1000000]0x100199c11000 7.629 MB
W20240211 12:04:03.863000 53705 IPCTensor.h:369] NewIPCTensor: cached_sampler_r0_8 [1000000]0x10019a3b4000 7.629 MB
W20240211 12:04:03.863035 53705 IPCTensor.h:369] NewIPCTensor: cached_sampler_r0_9 [1000000]0x10019ab57000 7.629 MB
W20240211 12:04:03.863090 53705 IPCTensor.h:369] NewIPCTensor: step_r0 [10]0x10019b2fa000 80 B 
W20240211 12:04:03.863128 53705 IPCTensor.h:369] NewIPCTensor: circle_buffer_end_r0 [1]0x10019b2fc000 8 B 
W20240211 12:04:03.863168 53705 IPCTensor.h:369] NewIPCTensor: circle_buffer_end_cppseen_r0 [1]0x10019b2fe000 8 B 
Dataset:  /home/xieminhui/RecStoreDataset/criteo_binary
Dataset loaded
np.max =  33762577
np.min=  1
Construct RecModelSampler done
I20240211 12:04:03.863862 53705 IPC_barrier.h:112] CreateBarrier: find existing barrier, name: kgcachecontroller, count: 8
W20240211 12:04:04.264731 53857 IPCTensor.h:369] NewIPCTensor: cached_sampler_r1_0 [1000000]0x10019b300000 7.629 MB
W20240211 12:04:04.264915 53857 IPCTensor.h:369] NewIPCTensor: cached_sampler_r1_1 [1000000]0x10019baa3000 7.629 MB
W20240211 12:04:04.265007 53857 IPCTensor.h:369] NewIPCTensor: cached_sampler_r1_2 [1000000]0x10019c246000 7.629 MB
W20240211 12:04:04.265048 53857 IPCTensor.h:369] NewIPCTensor: cached_sampler_r1_3 [1000000]0x10019c9e9000 7.629 MB
W20240211 12:04:04.265087 53857 IPCTensor.h:369] NewIPCTensor: cached_sampler_r1_4 [1000000]0x10019d18c000 7.629 MB
W20240211 12:04:04.265161 53857 IPCTensor.h:369] NewIPCTensor: cached_sampler_r1_5 [1000000]0x10019d92f000 7.629 MB
W20240211 12:04:04.265245 53857 IPCTensor.h:369] NewIPCTensor: cached_sampler_r1_6 [1000000]0x10019e0d2000 7.629 MB
W20240211 12:04:04.265301 53857 IPCTensor.h:369] NewIPCTensor: cached_sampler_r1_7 [1000000]0x10019e875000 7.629 MB
W20240211 12:04:04.265378 53857 IPCTensor.h:369] NewIPCTensor: cached_sampler_r1_8 [1000000]0x10019f018000 7.629 MB
W20240211 12:04:04.265444 53857 IPCTensor.h:369] NewIPCTensor: cached_sampler_r1_9 [1000000]0x10019f7bb000 7.629 MB
W20240211 12:04:04.265514 53857 IPCTensor.h:369] NewIPCTensor: step_r1 [10]0x10019ff5e000 80 B 
W20240211 12:04:04.265551 53857 IPCTensor.h:369] NewIPCTensor: circle_buffer_end_r1 [1]0x10019ff60000 8 B 
W20240211 12:04:04.265588 53857 IPCTensor.h:369] NewIPCTensor: circle_buffer_end_cppseen_r1 [1]0x10019ff62000 8 B 
Dataset:  /home/xieminhui/RecStoreDataset/criteo_binary
Dataset loaded
np.max =  33762577
np.min=  1
Construct RecModelSampler done
I20240211 12:04:04.265874 53857 IPC_barrier.h:112] CreateBarrier: find existing barrier, name: kgcachecontroller, count: 8
W20240211 12:04:04.378106 53860 IPCTensor.h:369] NewIPCTensor: cached_sampler_r4_0 [1000000]0x10019ff64000 7.629 MB
W20240211 12:04:04.378232 53860 IPCTensor.h:369] NewIPCTensor: cached_sampler_r4_1 [1000000]0x1001a0707000 7.629 MB
W20240211 12:04:04.378286 53860 IPCTensor.h:369] NewIPCTensor: cached_sampler_r4_2 [1000000]0x1001a0eaa000 7.629 MB
W20240211 12:04:04.378329 53860 IPCTensor.h:369] NewIPCTensor: cached_sampler_r4_3 [1000000]0x1001a164d000 7.629 MB
W20240211 12:04:04.378372 53860 IPCTensor.h:369] NewIPCTensor: cached_sampler_r4_4 [1000000]0x1001a1df0000 7.629 MB
W20240211 12:04:04.378422 53860 IPCTensor.h:369] NewIPCTensor: cached_sampler_r4_5 [1000000]0x1001a2593000 7.629 MB
W20240211 12:04:04.378470 53860 IPCTensor.h:369] NewIPCTensor: cached_sampler_r4_6 [1000000]0x1001a2d36000 7.629 MB
W20240211 12:04:04.378520 53860 IPCTensor.h:369] NewIPCTensor: cached_sampler_r4_7 [1000000]0x1001a34d9000 7.629 MB
W20240211 12:04:04.378564 53860 IPCTensor.h:369] NewIPCTensor: cached_sampler_r4_8 [1000000]0x1001a3c7c000 7.629 MB
W20240211 12:04:04.378607 53860 IPCTensor.h:369] NewIPCTensor: cached_sampler_r4_9 [1000000]0x1001a441f000 7.629 MB
W20240211 12:04:04.378655 53860 IPCTensor.h:369] NewIPCTensor: step_r4 [10]0x1001a4bc2000 80 B 
W20240211 12:04:04.378692 53860 IPCTensor.h:369] NewIPCTensor: circle_buffer_end_r4 [1]0x1001a4bc4000 8 B 
W20240211 12:04:04.378723 53860 IPCTensor.h:369] NewIPCTensor: circle_buffer_end_cppseen_r4 [1]0x1001a4bc6000 8 B 
Dataset:  /home/xieminhui/RecStoreDataset/criteo_binary
Dataset loaded
np.max =  33762577
np.min=  1
Construct RecModelSampler done
I20240211 12:04:04.379005 53860 IPC_barrier.h:112] CreateBarrier: find existing barrier, name: kgcachecontroller, count: 8
W20240211 12:04:04.515590 53861 IPCTensor.h:369] NewIPCTensor: cached_sampler_r5_0 [1000000]0x1001a4bc8000 7.629 MB
W20240211 12:04:04.515872 53861 IPCTensor.h:369] NewIPCTensor: cached_sampler_r5_1 [1000000]0x1001a536b000 7.629 MB
W20240211 12:04:04.516029 53861 IPCTensor.h:369] NewIPCTensor: cached_sampler_r5_2 [1000000]0x1001a5b0e000 7.629 MB
W20240211 12:04:04.516182 53861 IPCTensor.h:369] NewIPCTensor: cached_sampler_r5_3 [1000000]0x1001a62b1000 7.629 MB
W20240211 12:04:04.516310 53861 IPCTensor.h:369] NewIPCTensor: cached_sampler_r5_4 [1000000]0x1001a6a54000 7.629 MB
W20240211 12:04:04.516451 53861 IPCTensor.h:369] NewIPCTensor: cached_sampler_r5_5 [1000000]0x1001a71f7000 7.629 MB
W20240211 12:04:04.516592 53861 IPCTensor.h:369] NewIPCTensor: cached_sampler_r5_6 [1000000]0x1001a799a000 7.629 MB
W20240211 12:04:04.516743 53861 IPCTensor.h:369] NewIPCTensor: cached_sampler_r5_7 [1000000]0x1001a813d000 7.629 MB
W20240211 12:04:04.516870 53861 IPCTensor.h:369] NewIPCTensor: cached_sampler_r5_8 [1000000]0x1001a88e0000 7.629 MB
W20240211 12:04:04.517006 53861 IPCTensor.h:369] NewIPCTensor: cached_sampler_r5_9 [1000000]0x1001a9083000 7.629 MB
W20240211 12:04:04.517156 53861 IPCTensor.h:369] NewIPCTensor: step_r5 [10]0x1001a9826000 80 B 
W20240211 12:04:04.517261 53861 IPCTensor.h:369] NewIPCTensor: circle_buffer_end_r5 [1]0x1001a9828000 8 B 
W20240211 12:04:04.517354 53861 IPCTensor.h:369] NewIPCTensor: circle_buffer_end_cppseen_r5 [1]0x1001a982a000 8 B 
Dataset:  /home/xieminhui/RecStoreDataset/criteo_binary
Dataset loaded
np.max =  33762577
np.min=  1
Construct RecModelSampler done
I20240211 12:04:04.517976 53861 IPC_barrier.h:112] CreateBarrier: find existing barrier, name: kgcachecontroller, count: 8
E20240211 12:04:06.326069 53705 recstore.cc:66] init folly done
E20240211 12:04:06.326076 53860 recstore.cc:66] init folly done
E20240211 12:04:06.326084 53863 recstore.cc:66] init folly done
E20240211 12:04:06.326098 53862 recstore.cc:66] init folly done
E20240211 12:04:06.326148 53857 recstore.cc:66] init folly done
Construct KGCacheControllerWrapper done
E20240211 12:04:06.326206 53858 recstore.cc:66] init folly done
E20240211 12:04:06.326205 53859 recstore.cc:66] init folly done
Construct KGCacheControllerWrapper done
Construct KGCacheControllerWrapper done
Construct KGCacheControllerWrapper done
Construct KGCacheControllerWrapper done
Construct KGCacheControllerWrapper done
Construct KGCacheControllerWrapper done
E20240211 12:04:06.326462 53861 recstore.cc:66] init folly done
Construct KGCacheControllerWrapper done
Before Training
I20240211 12:04:07.594375 53862 IPC_barrier.h:118] CreateBarrier: new barrier, name: start_barrier, count: 8
Before Training
I20240211 12:04:07.594861 53860 IPC_barrier.h:112] CreateBarrier: find existing barrier, name: start_barrier, count: 8
Before Training
I20240211 12:04:07.595682 53863 IPC_barrier.h:112] CreateBarrier: find existing barrier, name: start_barrier, count: 8
Before Training
Before Training
Before Training
Before Training
I20240211 12:04:07.595748 53861 IPC_barrier.h:112] CreateBarrier: find existing barrier, name: start_barrier, count: 8
I20240211 12:04:07.595774 53857 IPC_barrier.h:112] CreateBarrier: find existing barrier, name: start_barrier, count: 8
I20240211 12:04:07.595796 53859 IPC_barrier.h:112] CreateBarrier: find existing barrier, name: start_barrier, count: 8
I20240211 12:04:07.595824 53705 IPC_barrier.h:112] CreateBarrier: find existing barrier, name: start_barrier, count: 8
Before Training
I20240211 12:04:07.597546 53858 IPC_barrier.h:112] CreateBarrier: find existing barrier, name: start_barrier, count: 8
========== Step 0 ========== 
+---------------------------+---------------------------+---------------------------+
| Name                      | P50                       | P99                       |
+---------------------------+---------------------------+---------------------------+
| GenInput:CircleBuffer     | 172.636 us                | 172.636 us                |
| GenInput                  | 607.536 us                | 607.536 us                |
| NN                        | 247.533 ms                | 247.533 ms                |
| Forward                   | 250.813 ms                | 250.813 ms                |
| back: bucket keys         | 29.812 ms                 | 29.812 ms                 |
+---------------------------+---------------------------+---------------------------+
+---------------------------+---------------------------+---------------------------+
| Name                      | P50                       | P99                       |
+---------------------------+---------------------------+---------------------------+
| GenInput:CircleBuffer     | 172.636 us                | 172.636 us                |
| GenInput                  | 607.536 us                | 607.536 us                |
| NN                        | 247.533 ms                | 247.533 ms                |
| Forward                   | 250.813 ms                | 250.813 ms                |
| back: bucket keys         | 29.812 ms                 | 29.812 ms                 |
+---------------------------+---------------------------+---------------------------+
+---------------------------+---------------------------+---------------------------+
| Name                      | P50                       | P99                       |
+---------------------------+---------------------------+---------------------------+
| GenInput:CircleBuffer     | 172.636 us                | 172.636 us                |
| GenInput                  | 607.536 us                | 607.536 us                |
| NN                        | 247.533 ms                | 247.533 ms                |
| Forward                   | 250.813 ms                | 250.813 ms                |
| back: bucket keys         | 29.812 ms                 | 29.812 ms                 |
+---------------------------+---------------------------+---------------------------+
+---------------------------+---------------------------+---------------------------+
| Name                      | P50                       | P99                       |
+---------------------------+---------------------------+---------------------------+
| GenInput:CircleBuffer     | 172.636 us                | 172.636 us                |
| GenInput                  | 607.536 us                | 607.536 us                |
| NN                        | 247.533 ms                | 247.533 ms                |
| Forward                   | 250.813 ms                | 250.813 ms                |
| back: bucket keys         | 29.812 ms                 | 29.812 ms                 |
+---------------------------+---------------------------+---------------------------+
+---------------------------+---------------------------+---------------------------+
| Name                      | P50                       | P99                       |
+---------------------------+---------------------------+---------------------------+
| GenInput:CircleBuffer     | 172.636 us                | 172.636 us                |
| GenInput                  | 607.536 us                | 607.536 us                |
| NN                        | 247.533 ms                | 247.533 ms                |
| Forward                   | 250.813 ms                | 250.813 ms                |
| back: bucket keys         | 29.812 ms                 | 29.812 ms                 |
+---------------------------+---------------------------+---------------------------+
+---------------------------+---------------------------+---------------------------+
| Name                      | P50                       | P99                       |
+---------------------------+---------------------------+---------------------------+
| GenInput:CircleBuffer     | 172.636 us                | 172.636 us                |
| GenInput                  | 607.536 us                | 607.536 us                |
| NN                        | 247.533 ms                | 247.533 ms                |
| Forward                   | 250.813 ms                | 250.813 ms                |
| back: bucket keys         | 29.812 ms                 | 29.812 ms                 |
+---------------------------+---------------------------+---------------------------+
+---------------------------+---------------------------+---------------------------+
| Name                      | P50                       | P99                       |
+---------------------------+---------------------------+---------------------------+
| GenInput:CircleBuffer     | 172.636 us                | 172.636 us                |
| GenInput                  | 607.536 us                | 607.536 us                |
| NN                        | 247.533 ms                | 247.533 ms                |
| Forward                   | 250.813 ms                | 250.813 ms                |
| back: bucket keys         | 29.812 ms                 | 29.812 ms                 |
+---------------------------+---------------------------+---------------------------+
+---------------------------+---------------------------+---------------------------+
| Name                      | P50                       | P99                       |
+---------------------------+---------------------------+---------------------------+
| GenInput:CircleBuffer     | 172.636 us                | 172.636 us                |
| GenInput                  | 607.536 us                | 607.536 us                |
| NN                        | 247.533 ms                | 247.533 ms                |
| Forward                   | 250.813 ms                | 250.813 ms                |
| back: bucket keys         | 29.812 ms                 | 29.812 ms                 |
+---------------------------+---------------------------+---------------------------+
+---------------------------+---------------------------+---------------------------+
| Name                      | P50                       | P99                       |
+---------------------------+---------------------------+---------------------------+
| GenInput:CircleBuffer     | 172.636 us                | 172.636 us                |
| GenInput                  | 607.536 us                | 607.536 us                |
| NN                        | 247.533 ms                | 247.533 ms                |
| Forward                   | 250.813 ms                | 250.813 ms                |
| back: bucket keys         | 29.812 ms                 | 29.812 ms                 |
+---------------------------+---------------------------+---------------------------+
+---------------------------+---------------------------+---------------------------+
| Name                      | P50                       | P99                       |
+---------------------------+---------------------------+---------------------------+
| GenInput:CircleBuffer     | 172.636 us                | 172.636 us                |
| GenInput                  | 607.536 us                | 607.536 us                |
| NN                        | 247.533 ms                | 247.533 ms                |
| Forward                   | 250.813 ms                | 250.813 ms                |
| back: bucket keys         | 29.812 ms                 | 29.812 ms                 |
+---------------------------+---------------------------+---------------------------+
+---------------------------+---------------------------+---------------------------+
| Name                      | P50                       | P99                       |
+---------------------------+---------------------------+---------------------------+
| GenInput:CircleBuffer     | 172.636 us                | 172.636 us                |
| GenInput                  | 607.536 us                | 607.536 us                |
| NN                        | 247.533 ms                | 247.533 ms                |
| Forward                   | 250.813 ms                | 250.813 ms                |
| back: bucket keys         | 29.812 ms                 | 29.812 ms                 |
| back: a2a                 | 50.788 s                  | 50.788 s                  |
| back: cache               | 37.229 ms                 | 37.229 ms                 |
+---------------------------+---------------------------+---------------------------+
========== Step 1 ========== 
INFO [53705 distributed.py:1140] Reducer buckets have been rebuilt in this iteration.
INFO [53857 distributed.py:1140] Reducer buckets have been rebuilt in this iteration.
INFO [53862 distributed.py:1140] Reducer buckets have been rebuilt in this iteration.
INFO [53861 distributed.py:1140] Reducer buckets have been rebuilt in this iteration.
INFO [53863 distributed.py:1140] Reducer buckets have been rebuilt in this iteration.
INFO [53858 distributed.py:1140] Reducer buckets have been rebuilt in this iteration.
INFO [53860 distributed.py:1140] Reducer buckets have been rebuilt in this iteration.
INFO [53859 distributed.py:1140] Reducer buckets have been rebuilt in this iteration.
========== Step 2 ========== 
========== Step 3 ========== 
========== Step 4 ========== 
========== Step 5 ========== 
========== Step 6 ========== 
========== Step 7 ========== 
========== Step 8 ========== 
========== Step 9 ========== 
========== Step 10 ========== 
========== Step 11 ========== 
========== Step 12 ========== 
========== Step 13 ========== 
========== Step 14 ========== 
========== Step 15 ========== 
========== Step 16 ========== 
========== Step 17 ========== 
========== Step 18 ========== 
========== Step 19 ========== 
========== Step 20 ========== 
========== Step 21 ========== 
========== Step 22 ========== 
========== Step 23 ========== 
========== Step 24 ========== 
========== Step 25 ========== 
========== Step 26 ========== 
========== Step 27 ========== 
========== Step 28 ========== 
========== Step 29 ========== 
========== Step 30 ========== 
========== Step 31 ========== 
========== Step 32 ========== 
========== Step 33 ========== 
========== Step 34 ========== 
========== Step 35 ========== 
========== Step 36 ========== 
========== Step 37 ========== 
========== Step 38 ========== 
========== Step 39 ========== 
+---------------------------+---------------------------+---------------------------+
| Name                      | P50                       | P99                       |
+---------------------------+---------------------------+---------------------------+
| GenInput:CircleBuffer     | 102.475 us                | 545.583 us                |
| GenInput                  | 497.059 us                | 3.115 ms                  |
| NN                        | 920.989 us                | 247.533 ms                |
| Forward                   | 1.122 ms                  | 250.813 ms                |
| back: bucket keys         | 458.949 us                | 29.812 ms                 |
| back: a2a                 | 7.675 ms                  | 50.788 s                  |
| back: cache               | 1.782 ms                  | 37.229 ms                 |
| back: aggr dram keys      | 84.100 ms                 | 976.186 ms                |
| back: set dram grad       | 360.768 us                | 1.068 ms                  |
| Backward                  | 99.264 ms                 | 51.912 s                  |
| Optimize                  | 19.119 ms                 | 169.707 ms                |
| BarrierTimeBeforeRank0    | 29.196 us                 | 280.054 us                |
| BlockToStepN              | 60.824 us                 | 1.354 ms                  |
| OneStep                   | 121.639 ms                | 52.339 s                  |
+---------------------------+---------------------------+---------------------------+
========== Step 40 ========== 
========== Step 41 ========== 
========== Step 42 ========== 
========== Step 43 ========== 
========== Step 44 ========== 
========== Step 45 ========== 
========== Step 46 ========== 
========== Step 47 ========== 
========== Step 48 ========== 
========== Step 49 ========== 
========== Step 50 ========== 
========== Step 51 ========== 
========== Step 52 ========== 
========== Step 53 ========== 
========== Step 54 ========== 
========== Step 55 ========== 
========== Step 56 ========== 
========== Step 57 ========== 
========== Step 58 ========== 
========== Step 59 ========== 
========== Step 60 ========== 
========== Step 61 ========== 
========== Step 62 ========== 
========== Step 63 ========== 
========== Step 64 ========== 
========== Step 65 ========== 
========== Step 66 ========== 
========== Step 67 ========== 
========== Step 68 ========== 
========== Step 69 ========== 
Successfully xmh
INFO [53705 controller_process.py:421] call rank0 to StopThreads
INFO [53705 controller_process.py:421] call rank0 to StopThreads
INFO [53705 controller_process.py:421] call rank0 to StopThreads
INFO [53705 controller_process.py:421] call rank0 to StopThreads
INFO [53705 controller_process.py:421] call rank0 to StopThreads
INFO [53705 controller_process.py:421] call rank0 to StopThreads
INFO [53705 controller_process.py:421] call rank0 to StopThreads
INFO [53705 controller_process.py:421] call rank0 to StopThreads
INFO [53705 controller_process.py:421] call rank0 to StopThreads
INFO [53705 controller_process.py:421] call rank0 to StopThreads
INFO [53705 controller_process.py:421] call rank0 to StopThreads
INFO [53705 controller_process.py:421] call rank0 to StopThreads
INFO [53705 controller_process.py:421] call rank0 to StopThreads
INFO [53705 controller_process.py:421] call rank0 to StopThreads
INFO [53705 controller_process.py:421] call rank0 to StopThreads
INFO [53705 controller_process.py:421] call rank0 to StopThreads
INFO [53705 controller_process.py:421] call rank0 to StopThreads
+---------------------------+---------------------------+---------------------------+
| Name                      | P50                       | P99                       |
+---------------------------+---------------------------+---------------------------+
| GenInput:CircleBuffer     | 102.475 us                | 456.926 us                |
| GenInput                  | 429.917 us                | 3.115 ms                  |
| NN                        | 912.220 us                | 6.373 ms                  |
| Forward                   | 1.122 ms                  | 7.444 ms                  |
| back: bucket keys         | 449.125 us                | 1.230 ms                  |
| back: a2a                 | 7.675 ms                  | 18.118 ms                 |
| back: cache               | 1.754 ms                  | 33.212 ms                 |
| back: aggr dram keys      | 83.617 ms                 | 100.600 ms                |
| back: set dram grad       | 353.013 us                | 665.150 us                |
| Backward                  | 98.733 ms                 | 113.244 ms                |
| Optimize                  | 19.214 ms                 | 31.680 ms                 |
| BarrierTimeBeforeRank0    | 29.931 us                 | 207.886 us                |
| BlockToStepN              | 58.852 us                 | 1.726 ms                  |
| OneStep                   | 120.988 ms                | 136.788 ms                |
+---------------------------+---------------------------+---------------------------+
