WARNING: Logging before InitGoogleLogging() is written to STDERR
I20240211 10:23:06.616786  6991 IPC_barrier.h:128] MultiProcessBarrierFactory->ClearIPCMemory()
W20240211 10:23:06.624357  6991 IPCTensor.h:369] NewIPCTensor: full_emb [33762578, 32]0x100000002000 4.025 GB
/data/home/xieminhui/RecStore/src/framework_adapters/torch/python/perf_rec_model.py:152: DeprecationWarning: The 'warn' function is deprecated, use 'warning' instead
  XLOG.warn("After init DistEmbedding")
WARNING [6991 perf_rec_model.py:152] After init DistEmbedding
========== Running Perf with routine <function routine_local_cache_helper at 0x7f23cadb98a0>==========
Worker 1 pid=9848
Worker 2 pid=9849
Worker 3 pid=9850
Worker 4 pid=9851
Worker 5 pid=9852
Worker 6 pid=9853
INFO [6991 distributed_c10d.py:442] Added key: store_based_barrier_key:1 to store for rank: 0
INFO [9848 distributed_c10d.py:442] Added key: store_based_barrier_key:1 to store for rank: 1
INFO [9849 distributed_c10d.py:442] Added key: store_based_barrier_key:1 to store for rank: 2
INFO [9850 distributed_c10d.py:442] Added key: store_based_barrier_key:1 to store for rank: 3
INFO [9851 distributed_c10d.py:442] Added key: store_based_barrier_key:1 to store for rank: 4
INFO [9852 distributed_c10d.py:442] Added key: store_based_barrier_key:1 to store for rank: 5
INFO [9854 distributed_c10d.py:442] Added key: store_based_barrier_key:1 to store for rank: 7
INFO [9854 distributed_c10d.py:476] Rank 7: Completed store-based barrier for key:store_based_barrier_key:1 with 8 nodes.
INFO [9853 distributed_c10d.py:442] Added key: store_based_barrier_key:1 to store for rank: 6
INFO [9853 distributed_c10d.py:476] Rank 6: Completed store-based barrier for key:store_based_barrier_key:1 with 8 nodes.
E20240211 10:23:24.984570  9854 IPCTensor.h:348] IPCTensor full_emb already exists
E20240211 10:23:24.985673  9853 IPCTensor.h:348] IPCTensor full_emb already exists
INFO [9849 distributed_c10d.py:476] Rank 2: Completed store-based barrier for key:store_based_barrier_key:1 with 8 nodes.
INFO [9851 distributed_c10d.py:476] Rank 4: Completed store-based barrier for key:store_based_barrier_key:1 with 8 nodes.
INFO [6991 distributed_c10d.py:476] Rank 0: Completed store-based barrier for key:store_based_barrier_key:1 with 8 nodes.
INFO [9850 distributed_c10d.py:476] Rank 3: Completed store-based barrier for key:store_based_barrier_key:1 with 8 nodes.
INFO [9848 distributed_c10d.py:476] Rank 1: Completed store-based barrier for key:store_based_barrier_key:1 with 8 nodes.
INFO [9852 distributed_c10d.py:476] Rank 5: Completed store-based barrier for key:store_based_barrier_key:1 with 8 nodes.
E20240211 10:23:24.994015  6991 IPCTensor.h:348] IPCTensor full_emb already exists
E20240211 10:23:24.994024  9849 IPCTensor.h:348] IPCTensor full_emb already exists
E20240211 10:23:24.994294  9850 IPCTensor.h:348] IPCTensor full_emb already exists
E20240211 10:23:24.994418  9851 IPCTensor.h:348] IPCTensor full_emb already exists
E20240211 10:23:24.994417  9852 IPCTensor.h:348] IPCTensor full_emb already exists
E20240211 10:23:24.994426  9848 IPCTensor.h:348] IPCTensor full_emb already exists
W20240211 10:23:43.750635  9852 IPCTensor.h:409] NewIPCGPUTensor: embedding_cache_5 [337625, 32]; dev=5; size=41.21 MB
W20240211 10:23:43.751643  9849 IPCTensor.h:409] NewIPCGPUTensor: embedding_cache_2 [337625, 32]; dev=2; size=41.21 MB
W20240211 10:23:43.751655  9853 IPCTensor.h:409] NewIPCGPUTensor: embedding_cache_6 [337625, 32]; dev=6; size=41.21 MB
W20240211 10:23:43.751930  9850 IPCTensor.h:409] NewIPCGPUTensor: embedding_cache_3 [337625, 32]; dev=3; size=41.21 MB
W20240211 10:23:43.753597  9854 IPCTensor.h:409] NewIPCGPUTensor: embedding_cache_7 [337625, 32]; dev=7; size=41.21 MB
W20240211 10:23:43.753718  9851 IPCTensor.h:409] NewIPCGPUTensor: embedding_cache_4 [337625, 32]; dev=4; size=41.21 MB
W20240211 10:23:43.756248  9848 IPCTensor.h:409] NewIPCGPUTensor: embedding_cache_1 [337625, 32]; dev=1; size=41.21 MB
W20240211 10:23:43.762153  6991 IPCTensor.h:409] NewIPCGPUTensor: embedding_cache_0 [337625, 32]; dev=0; size=41.21 MB
W20240211 10:23:44.563431  9853 IPCTensor.h:369] NewIPCTensor: input_keys_6 [1000000]0x10010196e000 7.629 MB
W20240211 10:23:44.563643  9853 IPCTensor.h:369] NewIPCTensor: input_keys_neg_6 [1000000]0x100102111000 7.629 MB
W20240211 10:23:44.563733  9853 IPCTensor.h:369] NewIPCTensor: backward_grads_6 [1000000, 32]0x1001028b4000 122.1 MB
W20240211 10:23:44.563796  9853 IPCTensor.h:369] NewIPCTensor: backward_grads_neg_6 [1000000, 32]0x10010a2c8000 122.1 MB
W20240211 10:23:44.563848  9853 IPCTensor.h:409] NewIPCGPUTensor: backward_grads_6_gpu [1000000, 32]; dev=6; size=122.1 MB
W20240211 10:23:44.564585  9853 IPCTensor.h:409] NewIPCGPUTensor: backward_grads_neg_6_gpu [1000000, 32]; dev=6; size=122.1 MB
W20240211 10:23:44.590691  6991 IPCTensor.h:369] NewIPCTensor: input_keys_0 [1000000]0x100111ce2000 7.629 MB
W20240211 10:23:44.590940  6991 IPCTensor.h:369] NewIPCTensor: input_keys_neg_0 [1000000]0x100112485000 7.629 MB
W20240211 10:23:44.591060  6991 IPCTensor.h:369] NewIPCTensor: backward_grads_0 [1000000, 32]0x100112c28000 122.1 MB
W20240211 10:23:44.591120  6991 IPCTensor.h:369] NewIPCTensor: backward_grads_neg_0 [1000000, 32]0x10011a63c000 122.1 MB
W20240211 10:23:44.591188  6991 IPCTensor.h:409] NewIPCGPUTensor: backward_grads_0_gpu [1000000, 32]; dev=0; size=122.1 MB
W20240211 10:23:44.591378  9852 IPCTensor.h:369] NewIPCTensor: input_keys_5 [1000000]0x100122052000 7.629 MB
W20240211 10:23:44.591568  9852 IPCTensor.h:369] NewIPCTensor: input_keys_neg_5 [1000000]0x1001227f7000 7.629 MB
W20240211 10:23:44.591603  6991 IPCTensor.h:409] NewIPCGPUTensor: backward_grads_neg_0_gpu [1000000, 32]; dev=0; size=122.1 MB
W20240211 10:23:44.591632  9852 IPCTensor.h:369] NewIPCTensor: backward_grads_5 [1000000, 32]0x100122f9a000 122.1 MB
W20240211 10:23:44.591694  9852 IPCTensor.h:369] NewIPCTensor: backward_grads_neg_5 [1000000, 32]0x10012a9ae000 122.1 MB
W20240211 10:23:44.591735  9852 IPCTensor.h:409] NewIPCGPUTensor: backward_grads_5_gpu [1000000, 32]; dev=5; size=122.1 MB
W20240211 10:23:44.592567  9852 IPCTensor.h:409] NewIPCGPUTensor: backward_grads_neg_5_gpu [1000000, 32]; dev=5; size=122.1 MB
W20240211 10:23:44.603755  9850 IPCTensor.h:369] NewIPCTensor: input_keys_3 [1000000]0x1001323ca000 7.629 MB
W20240211 10:23:44.603941  9850 IPCTensor.h:369] NewIPCTensor: input_keys_neg_3 [1000000]0x100132b6d000 7.629 MB
W20240211 10:23:44.604002  9850 IPCTensor.h:369] NewIPCTensor: backward_grads_3 [1000000, 32]0x100133310000 122.1 MB
W20240211 10:23:44.604085  9850 IPCTensor.h:369] NewIPCTensor: backward_grads_neg_3 [1000000, 32]0x10013ad24000 122.1 MB
W20240211 10:23:44.604142  9850 IPCTensor.h:409] NewIPCGPUTensor: backward_grads_3_gpu [1000000, 32]; dev=3; size=122.1 MB
W20240211 10:23:44.615934  9850 IPCTensor.h:409] NewIPCGPUTensor: backward_grads_neg_3_gpu [1000000, 32]; dev=3; size=122.1 MB
W20240211 10:23:44.622390  9848 IPCTensor.h:369] NewIPCTensor: input_keys_1 [1000000]0x10014273e000 7.629 MB
W20240211 10:23:44.622550  9848 IPCTensor.h:369] NewIPCTensor: input_keys_neg_1 [1000000]0x100142ee1000 7.629 MB
W20240211 10:23:44.622632  9848 IPCTensor.h:369] NewIPCTensor: backward_grads_1 [1000000, 32]0x100143684000 122.1 MB
W20240211 10:23:44.622705  9848 IPCTensor.h:369] NewIPCTensor: backward_grads_neg_1 [1000000, 32]0x10014b098000 122.1 MB
W20240211 10:23:44.622776  9848 IPCTensor.h:409] NewIPCGPUTensor: backward_grads_1_gpu [1000000, 32]; dev=1; size=122.1 MB
W20240211 10:23:44.623632  9848 IPCTensor.h:409] NewIPCGPUTensor: backward_grads_neg_1_gpu [1000000, 32]; dev=1; size=122.1 MB
W20240211 10:23:44.646116  9849 IPCTensor.h:369] NewIPCTensor: input_keys_2 [1000000]0x100152ab6000 7.629 MB
W20240211 10:23:44.646131  9851 IPCTensor.h:369] NewIPCTensor: input_keys_4 [1000000]0x100153259000 7.629 MB
W20240211 10:23:44.646198  9854 IPCTensor.h:369] NewIPCTensor: input_keys_7 [1000000]0x1001539fc000 7.629 MB
W20240211 10:23:44.646286  9851 IPCTensor.h:369] NewIPCTensor: input_keys_neg_4 [1000000]0x10015419f000 7.629 MB
W20240211 10:23:44.646291  9849 IPCTensor.h:369] NewIPCTensor: input_keys_neg_2 [1000000]0x100154942000 7.629 MB
W20240211 10:23:44.646350  9854 IPCTensor.h:369] NewIPCTensor: input_keys_neg_7 [1000000]0x1001550e5000 7.629 MB
W20240211 10:23:44.646354  9851 IPCTensor.h:369] NewIPCTensor: backward_grads_4 [1000000, 32]0x100155888000 122.1 MB
W20240211 10:23:44.646374  9849 IPCTensor.h:369] NewIPCTensor: backward_grads_2 [1000000, 32]0x10015d29c000 122.1 MB
W20240211 10:23:44.646422  9851 IPCTensor.h:369] NewIPCTensor: backward_grads_neg_4 [1000000, 32]0x100164cb0000 122.1 MB
W20240211 10:23:44.646427  9849 IPCTensor.h:369] NewIPCTensor: backward_grads_neg_2 [1000000, 32]0x10016c6c4000 122.1 MB
W20240211 10:23:44.646432  9854 IPCTensor.h:369] NewIPCTensor: backward_grads_7 [1000000, 32]0x1001740d8000 122.1 MB
W20240211 10:23:44.646478  9851 IPCTensor.h:409] NewIPCGPUTensor: backward_grads_4_gpu [1000000, 32]; dev=4; size=122.1 MB
W20240211 10:23:44.646481  9849 IPCTensor.h:409] NewIPCGPUTensor: backward_grads_2_gpu [1000000, 32]; dev=2; size=122.1 MB
W20240211 10:23:44.646495  9854 IPCTensor.h:369] NewIPCTensor: backward_grads_neg_7 [1000000, 32]0x10017baec000 122.1 MB
W20240211 10:23:44.646545  9854 IPCTensor.h:409] NewIPCGPUTensor: backward_grads_7_gpu [1000000, 32]; dev=7; size=122.1 MB
W20240211 10:23:44.647249  9851 IPCTensor.h:409] NewIPCGPUTensor: backward_grads_neg_4_gpu [1000000, 32]; dev=4; size=122.1 MB
W20240211 10:23:44.647260  9849 IPCTensor.h:409] NewIPCGPUTensor: backward_grads_neg_2_gpu [1000000, 32]; dev=2; size=122.1 MB
W20240211 10:23:44.647281  9854 IPCTensor.h:409] NewIPCGPUTensor: backward_grads_neg_7_gpu [1000000, 32]; dev=7; size=122.1 MB
cudaHostRegister 0x100000002000
7: KnownLocalCachedEmbedding init done
cudaHostRegister 0x100000002000
1: KnownLocalCachedEmbedding init done
cudaHostRegister 0x100000002000
6: KnownLocalCachedEmbedding init done
cudaHostRegister 0x100000002000
3: KnownLocalCachedEmbedding init done
cudaHostRegister 0x100000002000
2: KnownLocalCachedEmbedding init done
Worker 7 pid=9854
New CachedEmbedding, name=full_emb, shape=(33762578, 32), cache_type=KnownLocalCachedEmbedding
fixed cache_range is [(0, 337625), (337625, 675250), (675250, 1012875), (1012875, 1350500), (1350500, 1688125), (1688125, 2025750), (2025750, 2363375), (2363375, 2701000)]
cudaHostRegister 0x100000002000
0: KnownLocalCachedEmbedding init done
cudaHostRegister 0x100000002000
4: KnownLocalCachedEmbedding init done
cudaHostRegister 0x100000002000
5: KnownLocalCachedEmbedding init done
W20240211 10:23:52.236891  9854 IPCTensor.h:369] NewIPCTensor: cached_sampler_r7_0 [1000000]0x10018350c000 7.629 MB
W20240211 10:23:52.237165  9854 IPCTensor.h:369] NewIPCTensor: cached_sampler_r7_1 [1000000]0x100183caf000 7.629 MB
W20240211 10:23:52.237247  9854 IPCTensor.h:369] NewIPCTensor: cached_sampler_r7_2 [1000000]0x100184452000 7.629 MB
W20240211 10:23:52.237291  9854 IPCTensor.h:369] NewIPCTensor: cached_sampler_r7_3 [1000000]0x100184bf5000 7.629 MB
W20240211 10:23:52.237325  9854 IPCTensor.h:369] NewIPCTensor: cached_sampler_r7_4 [1000000]0x100185398000 7.629 MB
W20240211 10:23:52.237390  9854 IPCTensor.h:369] NewIPCTensor: cached_sampler_r7_5 [1000000]0x100185b3b000 7.629 MB
W20240211 10:23:52.237444  9854 IPCTensor.h:369] NewIPCTensor: cached_sampler_r7_6 [1000000]0x1001862de000 7.629 MB
W20240211 10:23:52.237532  9854 IPCTensor.h:369] NewIPCTensor: cached_sampler_r7_7 [1000000]0x100186a81000 7.629 MB
W20240211 10:23:52.237574  9854 IPCTensor.h:369] NewIPCTensor: cached_sampler_r7_8 [1000000]0x100187224000 7.629 MB
W20240211 10:23:52.237614  9854 IPCTensor.h:369] NewIPCTensor: cached_sampler_r7_9 [1000000]0x1001879c7000 7.629 MB
W20240211 10:23:52.237654  9854 IPCTensor.h:369] NewIPCTensor: step_r7 [10]0x10018816a000 80 B 
W20240211 10:23:52.237689  9854 IPCTensor.h:369] NewIPCTensor: circle_buffer_end_r7 [1]0x10018816c000 8 B 
W20240211 10:23:52.237717  9854 IPCTensor.h:369] NewIPCTensor: circle_buffer_end_cppseen_r7 [1]0x10018816e000 8 B 
Dataset:  /home/xieminhui/RecStoreDataset/criteo_binary
Dataset loaded
np.max =  33762577
np.min=  1
Construct RecModelSampler done
I20240211 10:23:52.238204  9854 IPC_barrier.h:118] CreateBarrier: new barrier, name: kgcachecontroller, count: 8
W20240211 10:23:52.241425  9848 IPCTensor.h:369] NewIPCTensor: cached_sampler_r1_0 [1000000]0x100188170000 7.629 MB
W20240211 10:23:52.241561  9848 IPCTensor.h:369] NewIPCTensor: cached_sampler_r1_1 [1000000]0x100188913000 7.629 MB
W20240211 10:23:52.241642  9848 IPCTensor.h:369] NewIPCTensor: cached_sampler_r1_2 [1000000]0x1001890b6000 7.629 MB
W20240211 10:23:52.241678  9848 IPCTensor.h:369] NewIPCTensor: cached_sampler_r1_3 [1000000]0x100189859000 7.629 MB
W20240211 10:23:52.241712  9848 IPCTensor.h:369] NewIPCTensor: cached_sampler_r1_4 [1000000]0x100189ffc000 7.629 MB
W20240211 10:23:52.241813  9848 IPCTensor.h:369] NewIPCTensor: cached_sampler_r1_5 [1000000]0x10018a79f000 7.629 MB
W20240211 10:23:52.241938  9848 IPCTensor.h:369] NewIPCTensor: cached_sampler_r1_6 [1000000]0x10018af42000 7.629 MB
W20240211 10:23:52.242024  9848 IPCTensor.h:369] NewIPCTensor: cached_sampler_r1_7 [1000000]0x10018b6e5000 7.629 MB
W20240211 10:23:52.242081  9848 IPCTensor.h:369] NewIPCTensor: cached_sampler_r1_8 [1000000]0x10018be88000 7.629 MB
W20240211 10:23:52.242136  9848 IPCTensor.h:369] NewIPCTensor: cached_sampler_r1_9 [1000000]0x10018c62b000 7.629 MB
W20240211 10:23:52.242177  9848 IPCTensor.h:369] NewIPCTensor: step_r1 [10]0x10018cdce000 80 B 
W20240211 10:23:52.242211  9848 IPCTensor.h:369] NewIPCTensor: circle_buffer_end_r1 [1]0x10018cdd0000 8 B 
W20240211 10:23:52.242244  9848 IPCTensor.h:369] NewIPCTensor: circle_buffer_end_cppseen_r1 [1]0x10018cdd2000 8 B 
Dataset:  /home/xieminhui/RecStoreDataset/criteo_binary
Dataset loaded
np.max =  33762577
np.min=  1
Construct RecModelSampler done
I20240211 10:23:52.242611  9848 IPC_barrier.h:112] CreateBarrier: find existing barrier, name: kgcachecontroller, count: 8
W20240211 10:23:52.262558  6991 IPCTensor.h:369] NewIPCTensor: cached_sampler_r0_0 [1000000]0x10018cdd4000 7.629 MB
W20240211 10:23:52.262840  6991 IPCTensor.h:369] NewIPCTensor: cached_sampler_r0_1 [1000000]0x10018d577000 7.629 MB
W20240211 10:23:52.262883  6991 IPCTensor.h:369] NewIPCTensor: cached_sampler_r0_2 [1000000]0x10018dd1a000 7.629 MB
W20240211 10:23:52.262917  6991 IPCTensor.h:369] NewIPCTensor: cached_sampler_r0_3 [1000000]0x10018e4bd000 7.629 MB
W20240211 10:23:52.262948  6991 IPCTensor.h:369] NewIPCTensor: cached_sampler_r0_4 [1000000]0x10018ec60000 7.629 MB
W20240211 10:23:52.262979  6991 IPCTensor.h:369] NewIPCTensor: cached_sampler_r0_5 [1000000]0x10018f403000 7.629 MB
W20240211 10:23:52.263024  6991 IPCTensor.h:369] NewIPCTensor: cached_sampler_r0_6 [1000000]0x10018fba6000 7.629 MB
W20240211 10:23:52.263096  6991 IPCTensor.h:369] NewIPCTensor: cached_sampler_r0_7 [1000000]0x100190349000 7.629 MB
W20240211 10:23:52.263149  6991 IPCTensor.h:369] NewIPCTensor: cached_sampler_r0_8 [1000000]0x100190aec000 7.629 MB
W20240211 10:23:52.263211  6991 IPCTensor.h:369] NewIPCTensor: cached_sampler_r0_9 [1000000]0x10019128f000 7.629 MB
W20240211 10:23:52.263274  6991 IPCTensor.h:369] NewIPCTensor: step_r0 [10]0x100191a32000 80 B 
W20240211 10:23:52.263311  6991 IPCTensor.h:369] NewIPCTensor: circle_buffer_end_r0 [1]0x100191a34000 8 B 
W20240211 10:23:52.263346  6991 IPCTensor.h:369] NewIPCTensor: circle_buffer_end_cppseen_r0 [1]0x100191a36000 8 B 
Dataset:  /home/xieminhui/RecStoreDataset/criteo_binary
Dataset loaded
np.max =  33762577
np.min=  1
Construct RecModelSampler done
I20240211 10:23:52.263653  6991 IPC_barrier.h:112] CreateBarrier: find existing barrier, name: kgcachecontroller, count: 8
W20240211 10:23:52.977156  9853 IPCTensor.h:369] NewIPCTensor: cached_sampler_r6_0 [1000000]0x100191a38000 7.629 MB
W20240211 10:23:52.977336  9853 IPCTensor.h:369] NewIPCTensor: cached_sampler_r6_1 [1000000]0x1001921db000 7.629 MB
W20240211 10:23:52.977401  9853 IPCTensor.h:369] NewIPCTensor: cached_sampler_r6_2 [1000000]0x10019297e000 7.629 MB
W20240211 10:23:52.977442  9853 IPCTensor.h:369] NewIPCTensor: cached_sampler_r6_3 [1000000]0x100193121000 7.629 MB
W20240211 10:23:52.977485  9853 IPCTensor.h:369] NewIPCTensor: cached_sampler_r6_4 [1000000]0x1001938c4000 7.629 MB
W20240211 10:23:52.977548  9853 IPCTensor.h:369] NewIPCTensor: cached_sampler_r6_5 [1000000]0x100194067000 7.629 MB
W20240211 10:23:52.977598  9853 IPCTensor.h:369] NewIPCTensor: cached_sampler_r6_6 [1000000]0x10019480a000 7.629 MB
W20240211 10:23:52.977659  9853 IPCTensor.h:369] NewIPCTensor: cached_sampler_r6_7 [1000000]0x100194fad000 7.629 MB
W20240211 10:23:52.977700  9853 IPCTensor.h:369] NewIPCTensor: cached_sampler_r6_8 [1000000]0x100195750000 7.629 MB
W20240211 10:23:52.977748  9853 IPCTensor.h:369] NewIPCTensor: cached_sampler_r6_9 [1000000]0x100195ef3000 7.629 MB
W20240211 10:23:52.977794  9853 IPCTensor.h:369] NewIPCTensor: step_r6 [10]0x100196696000 80 B 
W20240211 10:23:52.977834  9853 IPCTensor.h:369] NewIPCTensor: circle_buffer_end_r6 [1]0x100196698000 8 B 
W20240211 10:23:52.977866  9853 IPCTensor.h:369] NewIPCTensor: circle_buffer_end_cppseen_r6 [1]0x10019669a000 8 B 
Dataset:  /home/xieminhui/RecStoreDataset/criteo_binary
Dataset loaded
np.max =  33762577
np.min=  1
Construct RecModelSampler done
I20240211 10:23:52.978250  9853 IPC_barrier.h:112] CreateBarrier: find existing barrier, name: kgcachecontroller, count: 8
W20240211 10:23:53.135799  9851 IPCTensor.h:369] NewIPCTensor: cached_sampler_r4_0 [1000000]0x10019669c000 7.629 MB
W20240211 10:23:53.135954  9851 IPCTensor.h:369] NewIPCTensor: cached_sampler_r4_1 [1000000]0x100196e3f000 7.629 MB
W20240211 10:23:53.136029  9851 IPCTensor.h:369] NewIPCTensor: cached_sampler_r4_2 [1000000]0x1001975e2000 7.629 MB
W20240211 10:23:53.136080  9851 IPCTensor.h:369] NewIPCTensor: cached_sampler_r4_3 [1000000]0x100197d85000 7.629 MB
W20240211 10:23:53.136118  9851 IPCTensor.h:369] NewIPCTensor: cached_sampler_r4_4 [1000000]0x100198528000 7.629 MB
W20240211 10:23:53.136168  9851 IPCTensor.h:369] NewIPCTensor: cached_sampler_r4_5 [1000000]0x100198ccb000 7.629 MB
W20240211 10:23:53.136224  9851 IPCTensor.h:369] NewIPCTensor: cached_sampler_r4_6 [1000000]0x10019946e000 7.629 MB
W20240211 10:23:53.136289  9851 IPCTensor.h:369] NewIPCTensor: cached_sampler_r4_7 [1000000]0x100199c11000 7.629 MB
W20240211 10:23:53.136332  9851 IPCTensor.h:369] NewIPCTensor: cached_sampler_r4_8 [1000000]0x10019a3b4000 7.629 MB
W20240211 10:23:53.136379  9851 IPCTensor.h:369] NewIPCTensor: cached_sampler_r4_9 [1000000]0x10019ab57000 7.629 MB
W20240211 10:23:53.136423  9851 IPCTensor.h:369] NewIPCTensor: step_r4 [10]0x10019b2fa000 80 B 
W20240211 10:23:53.136461  9851 IPCTensor.h:369] NewIPCTensor: circle_buffer_end_r4 [1]0x10019b2fc000 8 B 
W20240211 10:23:53.136493  9851 IPCTensor.h:369] NewIPCTensor: circle_buffer_end_cppseen_r4 [1]0x10019b2fe000 8 B 
Dataset:  /home/xieminhui/RecStoreDataset/criteo_binary
Dataset loaded
np.max =  33762577
np.min=  1
Construct RecModelSampler done
I20240211 10:23:53.136847  9851 IPC_barrier.h:112] CreateBarrier: find existing barrier, name: kgcachecontroller, count: 8
W20240211 10:23:53.137030  9852 IPCTensor.h:369] NewIPCTensor: cached_sampler_r5_0 [1000000]0x10019b300000 7.629 MB
W20240211 10:23:53.137172  9852 IPCTensor.h:369] NewIPCTensor: cached_sampler_r5_1 [1000000]0x10019baa3000 7.629 MB
W20240211 10:23:53.137238  9852 IPCTensor.h:369] NewIPCTensor: cached_sampler_r5_2 [1000000]0x10019c246000 7.629 MB
W20240211 10:23:53.137291  9852 IPCTensor.h:369] NewIPCTensor: cached_sampler_r5_3 [1000000]0x10019c9e9000 7.629 MB
W20240211 10:23:53.137331  9852 IPCTensor.h:369] NewIPCTensor: cached_sampler_r5_4 [1000000]0x10019d18c000 7.629 MB
W20240211 10:23:53.137389  9852 IPCTensor.h:369] NewIPCTensor: cached_sampler_r5_5 [1000000]0x10019d92f000 7.629 MB
W20240211 10:23:53.137439  9852 IPCTensor.h:369] NewIPCTensor: cached_sampler_r5_6 [1000000]0x10019e0d2000 7.629 MB
W20240211 10:23:53.137511  9852 IPCTensor.h:369] NewIPCTensor: cached_sampler_r5_7 [1000000]0x10019e875000 7.629 MB
W20240211 10:23:53.137557  9852 IPCTensor.h:369] NewIPCTensor: cached_sampler_r5_8 [1000000]0x10019f018000 7.629 MB
W20240211 10:23:53.137602  9852 IPCTensor.h:369] NewIPCTensor: cached_sampler_r5_9 [1000000]0x10019f7bb000 7.629 MB
W20240211 10:23:53.137646  9852 IPCTensor.h:369] NewIPCTensor: step_r5 [10]0x10019ff5e000 80 B 
W20240211 10:23:53.137696  9852 IPCTensor.h:369] NewIPCTensor: circle_buffer_end_r5 [1]0x10019ff60000 8 B 
W20240211 10:23:53.137727  9852 IPCTensor.h:369] NewIPCTensor: circle_buffer_end_cppseen_r5 [1]0x10019ff62000 8 B 
Dataset:  /home/xieminhui/RecStoreDataset/criteo_binary
Dataset loaded
np.max =  33762577
np.min=  1
Construct RecModelSampler done
I20240211 10:23:53.138046  9852 IPC_barrier.h:112] CreateBarrier: find existing barrier, name: kgcachecontroller, count: 8
W20240211 10:23:53.153262  9850 IPCTensor.h:369] NewIPCTensor: cached_sampler_r3_0 [1000000]0x10019ff64000 7.629 MB
W20240211 10:23:53.153435  9850 IPCTensor.h:369] NewIPCTensor: cached_sampler_r3_1 [1000000]0x1001a0707000 7.629 MB
W20240211 10:23:53.153494  9850 IPCTensor.h:369] NewIPCTensor: cached_sampler_r3_2 [1000000]0x1001a0eaa000 7.629 MB
W20240211 10:23:53.153539  9850 IPCTensor.h:369] NewIPCTensor: cached_sampler_r3_3 [1000000]0x1001a164d000 7.629 MB
W20240211 10:23:53.153575  9850 IPCTensor.h:369] NewIPCTensor: cached_sampler_r3_4 [1000000]0x1001a1df0000 7.629 MB
W20240211 10:23:53.153622  9850 IPCTensor.h:369] NewIPCTensor: cached_sampler_r3_5 [1000000]0x1001a2593000 7.629 MB
W20240211 10:23:53.153684  9850 IPCTensor.h:369] NewIPCTensor: cached_sampler_r3_6 [1000000]0x1001a2d36000 7.629 MB
W20240211 10:23:53.153743  9850 IPCTensor.h:369] NewIPCTensor: cached_sampler_r3_7 [1000000]0x1001a34d9000 7.629 MB
W20240211 10:23:53.153795  9850 IPCTensor.h:369] NewIPCTensor: cached_sampler_r3_8 [1000000]0x1001a3c7c000 7.629 MB
W20240211 10:23:53.153836  9850 IPCTensor.h:369] NewIPCTensor: cached_sampler_r3_9 [1000000]0x1001a441f000 7.629 MB
W20240211 10:23:53.153875  9850 IPCTensor.h:369] NewIPCTensor: step_r3 [10]0x1001a4bc2000 80 B 
W20240211 10:23:53.153909  9850 IPCTensor.h:369] NewIPCTensor: circle_buffer_end_r3 [1]0x1001a4bc4000 8 B 
W20240211 10:23:53.153939  9850 IPCTensor.h:369] NewIPCTensor: circle_buffer_end_cppseen_r3 [1]0x1001a4bc6000 8 B 
Dataset:  /home/xieminhui/RecStoreDataset/criteo_binary
Dataset loaded
np.max =  33762577
np.min=  1
Construct RecModelSampler done
I20240211 10:23:53.154310  9850 IPC_barrier.h:112] CreateBarrier: find existing barrier, name: kgcachecontroller, count: 8
W20240211 10:23:53.234517  9849 IPCTensor.h:369] NewIPCTensor: cached_sampler_r2_0 [1000000]0x1001a4bc8000 7.629 MB
W20240211 10:23:53.234829  9849 IPCTensor.h:369] NewIPCTensor: cached_sampler_r2_1 [1000000]0x1001a536b000 7.629 MB
W20240211 10:23:53.235000  9849 IPCTensor.h:369] NewIPCTensor: cached_sampler_r2_2 [1000000]0x1001a5b0e000 7.629 MB
W20240211 10:23:53.235143  9849 IPCTensor.h:369] NewIPCTensor: cached_sampler_r2_3 [1000000]0x1001a62b1000 7.629 MB
W20240211 10:23:53.235271  9849 IPCTensor.h:369] NewIPCTensor: cached_sampler_r2_4 [1000000]0x1001a6a54000 7.629 MB
W20240211 10:23:53.235433  9849 IPCTensor.h:369] NewIPCTensor: cached_sampler_r2_5 [1000000]0x1001a71f7000 7.629 MB
W20240211 10:23:53.235594  9849 IPCTensor.h:369] NewIPCTensor: cached_sampler_r2_6 [1000000]0x1001a799a000 7.629 MB
W20240211 10:23:53.235762  9849 IPCTensor.h:369] NewIPCTensor: cached_sampler_r2_7 [1000000]0x1001a813d000 7.629 MB
W20240211 10:23:53.235913  9849 IPCTensor.h:369] NewIPCTensor: cached_sampler_r2_8 [1000000]0x1001a88e0000 7.629 MB
W20240211 10:23:53.236083  9849 IPCTensor.h:369] NewIPCTensor: cached_sampler_r2_9 [1000000]0x1001a9083000 7.629 MB
W20240211 10:23:53.236233  9849 IPCTensor.h:369] NewIPCTensor: step_r2 [10]0x1001a9826000 80 B 
W20240211 10:23:53.236352  9849 IPCTensor.h:369] NewIPCTensor: circle_buffer_end_r2 [1]0x1001a9828000 8 B 
W20240211 10:23:53.236460  9849 IPCTensor.h:369] NewIPCTensor: circle_buffer_end_cppseen_r2 [1]0x1001a982a000 8 B 
Dataset:  /home/xieminhui/RecStoreDataset/criteo_binary
Dataset loaded
np.max =  33762577
np.min=  1
Construct RecModelSampler done
I20240211 10:23:53.237102  9849 IPC_barrier.h:112] CreateBarrier: find existing barrier, name: kgcachecontroller, count: 8
E20240211 10:23:55.005313  9852 recstore.cc:66] init folly done
Construct KGCacheControllerWrapper done
E20240211 10:23:55.005975  9851 recstore.cc:66] init folly done
Construct KGCacheControllerWrapper done
E20240211 10:23:55.006280  9850 recstore.cc:66] init folly done
E20240211 10:23:55.006281  9853 recstore.cc:66] init folly done
Construct KGCacheControllerWrapper done
Construct KGCacheControllerWrapper done
E20240211 10:23:55.007229  9854 recstore.cc:66] init folly done
Construct KGCacheControllerWrapper done
E20240211 10:23:55.007580  9848 recstore.cc:66] init folly done
Construct KGCacheControllerWrapper done
E20240211 10:23:55.008086  9849 recstore.cc:66] init folly done
E20240211 10:23:55.008093  6991 recstore.cc:66] init folly done
Construct KGCacheControllerWrapper done
Construct KGCacheControllerWrapper done
Before Training
Before Training
Before Training
Before Training
Before Training
I20240211 10:23:56.204026  9852 IPC_barrier.h:118] CreateBarrier: new barrier, name: start_barrier, count: 8
I20240211 10:23:56.204072  9853 IPC_barrier.h:112] CreateBarrier: find existing barrier, name: start_barrier, count: 8
I20240211 10:23:56.204128  9851 IPC_barrier.h:112] CreateBarrier: find existing barrier, name: start_barrier, count: 8
I20240211 10:23:56.204154  9850 IPC_barrier.h:112] CreateBarrier: find existing barrier, name: start_barrier, count: 8
I20240211 10:23:56.204180  6991 IPC_barrier.h:112] CreateBarrier: find existing barrier, name: start_barrier, count: 8
Before Training
I20240211 10:23:56.204372  9848 IPC_barrier.h:112] CreateBarrier: find existing barrier, name: start_barrier, count: 8
Before Training
Before Training
I20240211 10:23:56.204944  9849 IPC_barrier.h:112] CreateBarrier: find existing barrier, name: start_barrier, count: 8
I20240211 10:23:56.204979  9854 IPC_barrier.h:112] CreateBarrier: find existing barrier, name: start_barrier, count: 8
========== Step 0 ========== 
+---------------------------+---------------------------+---------------------------+
| Name                      | P50                       | P99                       |
+---------------------------+---------------------------+---------------------------+
| GenInput:CircleBuffer     | 306.462 us                | 306.462 us                |
| GenInput                  | 776.483 us                | 776.483 us                |
| NN                        | 276.728 ms                | 276.728 ms                |
| Forward                   | 280.072 ms                | 280.072 ms                |
| back: bucket keys         | 30.348 ms                 | 30.348 ms                 |
+---------------------------+---------------------------+---------------------------+
+---------------------------+---------------------------+---------------------------+
| Name                      | P50                       | P99                       |
+---------------------------+---------------------------+---------------------------+
| GenInput:CircleBuffer     | 306.462 us                | 306.462 us                |
| GenInput                  | 776.483 us                | 776.483 us                |
| NN                        | 276.728 ms                | 276.728 ms                |
| Forward                   | 280.072 ms                | 280.072 ms                |
| back: bucket keys         | 30.348 ms                 | 30.348 ms                 |
+---------------------------+---------------------------+---------------------------+
+---------------------------+---------------------------+---------------------------+
| Name                      | P50                       | P99                       |
+---------------------------+---------------------------+---------------------------+
| GenInput:CircleBuffer     | 306.462 us                | 306.462 us                |
| GenInput                  | 776.483 us                | 776.483 us                |
| NN                        | 276.728 ms                | 276.728 ms                |
| Forward                   | 280.072 ms                | 280.072 ms                |
| back: bucket keys         | 30.348 ms                 | 30.348 ms                 |
+---------------------------+---------------------------+---------------------------+
+---------------------------+---------------------------+---------------------------+
| Name                      | P50                       | P99                       |
+---------------------------+---------------------------+---------------------------+
| GenInput:CircleBuffer     | 306.462 us                | 306.462 us                |
| GenInput                  | 776.483 us                | 776.483 us                |
| NN                        | 276.728 ms                | 276.728 ms                |
| Forward                   | 280.072 ms                | 280.072 ms                |
| back: bucket keys         | 30.348 ms                 | 30.348 ms                 |
+---------------------------+---------------------------+---------------------------+
+---------------------------+---------------------------+---------------------------+
| Name                      | P50                       | P99                       |
+---------------------------+---------------------------+---------------------------+
| GenInput:CircleBuffer     | 306.462 us                | 306.462 us                |
| GenInput                  | 776.483 us                | 776.483 us                |
| NN                        | 276.728 ms                | 276.728 ms                |
| Forward                   | 280.072 ms                | 280.072 ms                |
| back: bucket keys         | 30.348 ms                 | 30.348 ms                 |
+---------------------------+---------------------------+---------------------------+
+---------------------------+---------------------------+---------------------------+
| Name                      | P50                       | P99                       |
+---------------------------+---------------------------+---------------------------+
| GenInput:CircleBuffer     | 306.462 us                | 306.462 us                |
| GenInput                  | 776.483 us                | 776.483 us                |
| NN                        | 276.728 ms                | 276.728 ms                |
| Forward                   | 280.072 ms                | 280.072 ms                |
| back: bucket keys         | 30.348 ms                 | 30.348 ms                 |
+---------------------------+---------------------------+---------------------------+
+---------------------------+---------------------------+---------------------------+
| Name                      | P50                       | P99                       |
+---------------------------+---------------------------+---------------------------+
| GenInput:CircleBuffer     | 306.462 us                | 306.462 us                |
| GenInput                  | 776.483 us                | 776.483 us                |
| NN                        | 276.728 ms                | 276.728 ms                |
| Forward                   | 280.072 ms                | 280.072 ms                |
| back: bucket keys         | 30.348 ms                 | 30.348 ms                 |
+---------------------------+---------------------------+---------------------------+
+---------------------------+---------------------------+---------------------------+
| Name                      | P50                       | P99                       |
+---------------------------+---------------------------+---------------------------+
| GenInput:CircleBuffer     | 306.462 us                | 306.462 us                |
| GenInput                  | 776.483 us                | 776.483 us                |
| NN                        | 276.728 ms                | 276.728 ms                |
| Forward                   | 280.072 ms                | 280.072 ms                |
| back: bucket keys         | 30.348 ms                 | 30.348 ms                 |
+---------------------------+---------------------------+---------------------------+
+---------------------------+---------------------------+---------------------------+
| Name                      | P50                       | P99                       |
+---------------------------+---------------------------+---------------------------+
| GenInput:CircleBuffer     | 306.462 us                | 306.462 us                |
| GenInput                  | 776.483 us                | 776.483 us                |
| NN                        | 276.728 ms                | 276.728 ms                |
| Forward                   | 280.072 ms                | 280.072 ms                |
| back: bucket keys         | 30.348 ms                 | 30.348 ms                 |
+---------------------------+---------------------------+---------------------------+
+---------------------------+---------------------------+---------------------------+
| Name                      | P50                       | P99                       |
+---------------------------+---------------------------+---------------------------+
| GenInput:CircleBuffer     | 306.462 us                | 306.462 us                |
| GenInput                  | 776.483 us                | 776.483 us                |
| NN                        | 276.728 ms                | 276.728 ms                |
| Forward                   | 280.072 ms                | 280.072 ms                |
| back: bucket keys         | 30.348 ms                 | 30.348 ms                 |
+---------------------------+---------------------------+---------------------------+
+---------------------------+---------------------------+---------------------------+
| Name                      | P50                       | P99                       |
+---------------------------+---------------------------+---------------------------+
| GenInput:CircleBuffer     | 306.462 us                | 306.462 us                |
| GenInput                  | 776.483 us                | 776.483 us                |
| NN                        | 276.728 ms                | 276.728 ms                |
| Forward                   | 280.072 ms                | 280.072 ms                |
| back: bucket keys         | 30.348 ms                 | 30.348 ms                 |
| back: a2a                 | 50.985 s                  | 50.985 s                  |
| back: cache               | 39.003 ms                 | 39.003 ms                 |
+---------------------------+---------------------------+---------------------------+
========== Step 1 ========== 
INFO [9850 distributed.py:1140] Reducer buckets have been rebuilt in this iteration.
INFO [6991 distributed.py:1140] Reducer buckets have been rebuilt in this iteration.
INFO [9853 distributed.py:1140] Reducer buckets have been rebuilt in this iteration.
INFO [9849 distributed.py:1140] Reducer buckets have been rebuilt in this iteration.
INFO [9848 distributed.py:1140] Reducer buckets have been rebuilt in this iteration.
INFO [9852 distributed.py:1140] Reducer buckets have been rebuilt in this iteration.
INFO [9854 distributed.py:1140] Reducer buckets have been rebuilt in this iteration.
INFO [9851 distributed.py:1140] Reducer buckets have been rebuilt in this iteration.
========== Step 2 ========== 
========== Step 3 ========== 
========== Step 4 ========== 
========== Step 5 ========== 
========== Step 6 ========== 
========== Step 7 ========== 
========== Step 8 ========== 
========== Step 9 ========== 
========== Step 10 ========== 
========== Step 11 ========== 
========== Step 12 ========== 
========== Step 13 ========== 
========== Step 14 ========== 
========== Step 15 ========== 
========== Step 16 ========== 
========== Step 17 ========== 
========== Step 18 ========== 
========== Step 19 ========== 
========== Step 20 ========== 
========== Step 21 ========== 
========== Step 22 ========== 
========== Step 23 ========== 
========== Step 24 ========== 
========== Step 25 ========== 
========== Step 26 ========== 
========== Step 27 ========== 
========== Step 28 ========== 
========== Step 29 ========== 
========== Step 30 ========== 
========== Step 31 ========== 
========== Step 32 ========== 
========== Step 33 ========== 
========== Step 34 ========== 
========== Step 35 ========== 
========== Step 36 ========== 
========== Step 37 ========== 
========== Step 38 ========== 
========== Step 39 ========== 
========== Step 40 ========== 
========== Step 41 ========== 
========== Step 42 ========== 
========== Step 43 ========== 
========== Step 44 ========== 
========== Step 45 ========== 
========== Step 46 ========== 
========== Step 47 ========== 
========== Step 48 ========== 
========== Step 49 ========== 
========== Step 50 ========== 
========== Step 51 ========== 
========== Step 52 ========== 
========== Step 53 ========== 
========== Step 54 ========== 
========== Step 55 ========== 
========== Step 56 ========== 
========== Step 57 ========== 
========== Step 58 ========== 
========== Step 59 ========== 
========== Step 60 ========== 
========== Step 61 ========== 
========== Step 62 ========== 
========== Step 63 ========== 
========== Step 64 ========== 
========== Step 65 ========== 
========== Step 66 ========== 
========== Step 67 ========== 
+---------------------------+---------------------------+---------------------------+
| Name                      | P50                       | P99                       |
+---------------------------+---------------------------+---------------------------+
| GenInput:CircleBuffer     | 113.969 us                | 837.846 us                |
| GenInput                  | 365.940 us                | 5.149 ms                  |
| NN                        | 988.515 us                | 7.926 ms                  |
| Forward                   | 1.209 ms                  | 8.151 ms                  |
| back: bucket keys         | 587.215 us                | 2.456 ms                  |
| back: a2a                 | 7.224 ms                  | 19.082 ms                 |
| back: cache               | 8.138 ms                  | 12.834 ms                 |
| back: aggr dram keys      | 22.498 ms                 | 39.207 ms                 |
| back: set dram grad       | 1.133 ms                  | 2.320 ms                  |
| Backward                  | 43.370 ms                 | 63.562 ms                 |
| Optimize                  | 19.337 ms                 | 29.276 ms                 |
| BarrierTimeBeforeRank0    | 36.492 us                 | 179.495 us                |
| BlockToStepN              | 41.800 us                 | 2.201 ms                  |
| OneStep                   | 64.732 ms                 | 90.702 ms                 |
+---------------------------+---------------------------+---------------------------+
========== Step 68 ========== 
========== Step 69 ========== 
========== Step 70 ========== 
========== Step 71 ========== 
========== Step 72 ========== 
========== Step 73 ========== 
========== Step 74 ========== 
========== Step 75 ========== 
========== Step 76 ========== 
========== Step 77 ========== 
========== Step 78 ========== 
========== Step 79 ========== 
========== Step 80 ========== 
========== Step 81 ========== 
========== Step 82 ========== 
========== Step 83 ========== 
========== Step 84 ========== 
========== Step 85 ========== 
========== Step 86 ========== 
========== Step 87 ========== 
========== Step 88 ========== 
========== Step 89 ========== 
========== Step 90 ========== 
========== Step 91 ========== 
========== Step 92 ========== 
========== Step 93 ========== 
========== Step 94 ========== 
========== Step 95 ========== 
========== Step 96 ========== 
========== Step 97 ========== 
========== Step 98 ========== 
========== Step 99 ========== 
Step99:rank0, time: 69.179, per_step: 0.691794
Step99:rank5, time: 69.180, per_step: 0.691801
Step99:rank4, time: 69.180, per_step: 0.691800
Step99:rank2, time: 69.180, per_step: 0.691796
Step99:rank7, time: 69.180, per_step: 0.691800
Step99:rank1, time: 69.180, per_step: 0.691796
Step99:rank3, time: 69.180, per_step: 0.691799
Step99:rank6, time: 69.180, per_step: 0.691800
+---------------------------+---------------------------+---------------------------+
| Name                      | P50                       | P99                       |
+---------------------------+---------------------------+---------------------------+
| GenInput:CircleBuffer     | 112.137 us                | 837.846 us                |
| GenInput                  | 351.685 us                | 5.226 ms                  |
| NN                        | 974.462 us                | 7.926 ms                  |
| Forward                   | 1.202 ms                  | 8.151 ms                  |
| back: bucket keys         | 588.932 us                | 2.456 ms                  |
| back: a2a                 | 7.224 ms                  | 20.394 ms                 |
| back: cache               | 8.035 ms                  | 12.834 ms                 |
| back: aggr dram keys      | 22.914 ms                 | 39.207 ms                 |
| back: set dram grad       | 1.133 ms                  | 2.320 ms                  |
| Backward                  | 42.577 ms                 | 63.562 ms                 |
| Optimize                  | 18.897 ms                 | 29.276 ms                 |
| BarrierTimeBeforeRank0    | 35.646 us                 | 179.495 us                |
| BlockToStepN              | 40.995 us                 | 2.989 ms                  |
| OneStep                   | 64.155 ms                 | 90.702 ms                 |
+---------------------------+---------------------------+---------------------------+
========== Step 100 ========== 
========== Step 101 ========== 
========== Step 102 ========== 
========== Step 103 ========== 
========== Step 104 ========== 
========== Step 105 ========== 
========== Step 106 ========== 
========== Step 107 ========== 
========== Step 108 ========== 
========== Step 109 ========== 
========== Step 110 ========== 
========== Step 111 ========== 
========== Step 112 ========== 
========== Step 113 ========== 
========== Step 114 ========== 
========== Step 115 ========== 
========== Step 116 ========== 
========== Step 117 ========== 
========== Step 118 ========== 
========== Step 119 ========== 
Successfully xmh
INFO [6991 controller_process.py:421] call rank0 to StopThreads
INFO [6991 controller_process.py:421] call rank0 to StopThreads
INFO [6991 controller_process.py:421] call rank0 to StopThreads
INFO [6991 controller_process.py:421] call rank0 to StopThreads
INFO [6991 controller_process.py:421] call rank0 to StopThreads
INFO [6991 controller_process.py:421] call rank0 to StopThreads
INFO [6991 controller_process.py:421] call rank0 to StopThreads
INFO [6991 controller_process.py:421] call rank0 to StopThreads
INFO [6991 controller_process.py:421] call rank0 to StopThreads
INFO [6991 controller_process.py:421] call rank0 to StopThreads
INFO [6991 controller_process.py:421] call rank0 to StopThreads
INFO [6991 controller_process.py:421] call rank0 to StopThreads
INFO [6991 controller_process.py:421] call rank0 to StopThreads
INFO [6991 controller_process.py:421] call rank0 to StopThreads
INFO [6991 controller_process.py:421] call rank0 to StopThreads
INFO [6991 controller_process.py:421] call rank0 to StopThreads
INFO [6991 controller_process.py:421] call rank0 to StopThreads
