WARNING: Logging before InitGoogleLogging() is written to STDERR
I20240211 09:30:26.554698 18769 IPC_barrier.h:128] MultiProcessBarrierFactory->ClearIPCMemory()
W20240211 09:30:26.562831 18769 IPCTensor.h:369] NewIPCTensor: full_emb [9449206, 32]0x100000002000 1.126 GB
/data/home/xieminhui/RecStore/src/framework_adapters/torch/python/perf_rec_model.py:152: DeprecationWarning: The 'warn' function is deprecated, use 'warning' instead
  XLOG.warn("After init DistEmbedding")
WARNING [18769 perf_rec_model.py:152] After init DistEmbedding
========== Running Perf with routine <function routine_local_cache_helper at 0x7f4dae5998a0>==========
Worker 1 pid=18911
Worker 2 pid=18912
Worker 3 pid=18913
Worker 4 pid=18914
Worker 5 pid=18915
Worker 6 pid=18916
INFO [18769 distributed_c10d.py:442] Added key: store_based_barrier_key:1 to store for rank: 0
INFO [18911 distributed_c10d.py:442] Added key: store_based_barrier_key:1 to store for rank: 1
INFO [18916 distributed_c10d.py:442] Added key: store_based_barrier_key:1 to store for rank: 6
INFO [18914 distributed_c10d.py:442] Added key: store_based_barrier_key:1 to store for rank: 4
INFO [18912 distributed_c10d.py:442] Added key: store_based_barrier_key:1 to store for rank: 2
INFO [18913 distributed_c10d.py:442] Added key: store_based_barrier_key:1 to store for rank: 3
INFO [18917 distributed_c10d.py:442] Added key: store_based_barrier_key:1 to store for rank: 7
INFO [18915 distributed_c10d.py:442] Added key: store_based_barrier_key:1 to store for rank: 5
INFO [18914 distributed_c10d.py:476] Rank 4: Completed store-based barrier for key:store_based_barrier_key:1 with 8 nodes.
INFO [18913 distributed_c10d.py:476] Rank 3: Completed store-based barrier for key:store_based_barrier_key:1 with 8 nodes.
INFO [18917 distributed_c10d.py:476] Rank 7: Completed store-based barrier for key:store_based_barrier_key:1 with 8 nodes.
INFO [18915 distributed_c10d.py:476] Rank 5: Completed store-based barrier for key:store_based_barrier_key:1 with 8 nodes.
INFO [18911 distributed_c10d.py:476] Rank 1: Completed store-based barrier for key:store_based_barrier_key:1 with 8 nodes.
INFO [18916 distributed_c10d.py:476] Rank 6: Completed store-based barrier for key:store_based_barrier_key:1 with 8 nodes.
INFO [18912 distributed_c10d.py:476] Rank 2: Completed store-based barrier for key:store_based_barrier_key:1 with 8 nodes.
E20240211 09:30:32.814661 18911 IPCTensor.h:348] IPCTensor full_emb already exists
E20240211 09:30:32.814667 18916 IPCTensor.h:348] IPCTensor full_emb already exists
E20240211 09:30:32.814672 18913 IPCTensor.h:348] IPCTensor full_emb already exists
E20240211 09:30:32.814668 18914 IPCTensor.h:348] IPCTensor full_emb already exists
E20240211 09:30:32.814677 18912 IPCTensor.h:348] IPCTensor full_emb already exists
E20240211 09:30:32.814673 18915 IPCTensor.h:348] IPCTensor full_emb already exists
E20240211 09:30:32.814662 18917 IPCTensor.h:348] IPCTensor full_emb already exists
INFO [18769 distributed_c10d.py:476] Rank 0: Completed store-based barrier for key:store_based_barrier_key:1 with 8 nodes.
E20240211 09:30:32.819283 18769 IPCTensor.h:348] IPCTensor full_emb already exists
W20240211 09:30:38.168452 18916 IPCTensor.h:409] NewIPCGPUTensor: embedding_cache_6 [472460, 32]; dev=6; size=57.67 MB
W20240211 09:30:38.168452 18917 IPCTensor.h:409] NewIPCGPUTensor: embedding_cache_7 [472460, 32]; dev=7; size=57.67 MB
W20240211 09:30:38.169127 18912 IPCTensor.h:409] NewIPCGPUTensor: embedding_cache_2 [472460, 32]; dev=2; size=57.67 MB
W20240211 09:30:38.169905 18911 IPCTensor.h:409] NewIPCGPUTensor: embedding_cache_1 [472460, 32]; dev=1; size=57.67 MB
W20240211 09:30:38.174592 18915 IPCTensor.h:409] NewIPCGPUTensor: embedding_cache_5 [472460, 32]; dev=5; size=57.67 MB
W20240211 09:30:38.174604 18913 IPCTensor.h:409] NewIPCGPUTensor: embedding_cache_3 [472460, 32]; dev=3; size=57.67 MB
W20240211 09:30:38.175105 18914 IPCTensor.h:409] NewIPCGPUTensor: embedding_cache_4 [472460, 32]; dev=4; size=57.67 MB
W20240211 09:30:38.175112 18769 IPCTensor.h:409] NewIPCGPUTensor: embedding_cache_0 [472460, 32]; dev=0; size=57.67 MB
W20240211 09:30:38.905587 18916 IPCTensor.h:369] NewIPCTensor: input_keys_6 [1000000]0x10004817d000 7.629 MB
W20240211 09:30:38.905781 18916 IPCTensor.h:369] NewIPCTensor: input_keys_neg_6 [1000000]0x100048920000 7.629 MB
W20240211 09:30:38.905843 18916 IPCTensor.h:369] NewIPCTensor: backward_grads_6 [1000000, 32]0x1000490c3000 122.1 MB
W20240211 09:30:38.905884 18916 IPCTensor.h:369] NewIPCTensor: backward_grads_neg_6 [1000000, 32]0x100050ad7000 122.1 MB
W20240211 09:30:38.905941 18916 IPCTensor.h:409] NewIPCGPUTensor: backward_grads_6_gpu [1000000, 32]; dev=6; size=122.1 MB
W20240211 09:30:38.908869 18916 IPCTensor.h:409] NewIPCGPUTensor: backward_grads_neg_6_gpu [1000000, 32]; dev=6; size=122.1 MB
W20240211 09:30:39.036248 18915 IPCTensor.h:369] NewIPCTensor: input_keys_5 [1000000]0x1000584f5000 7.629 MB
W20240211 09:30:39.036506 18915 IPCTensor.h:369] NewIPCTensor: input_keys_neg_5 [1000000]0x10005943b000 7.629 MB
W20240211 09:30:39.036496 18911 IPCTensor.h:369] NewIPCTensor: input_keys_1 [1000000]0x100058c98000 7.629 MB
W20240211 09:30:39.036531 18914 IPCTensor.h:369] NewIPCTensor: input_keys_4 [1000000]0x100059bde000 7.629 MB
W20240211 09:30:39.036574 18915 IPCTensor.h:369] NewIPCTensor: backward_grads_5 [1000000, 32]0x10005a381000 122.1 MB
W20240211 09:30:39.036617 18915 IPCTensor.h:369] NewIPCTensor: backward_grads_neg_5 [1000000, 32]0x100061d95000 122.1 MB
W20240211 09:30:39.036653 18915 IPCTensor.h:409] NewIPCGPUTensor: backward_grads_5_gpu [1000000, 32]; dev=5; size=122.1 MB
W20240211 09:30:39.036665 18911 IPCTensor.h:369] NewIPCTensor: input_keys_neg_1 [1000000]0x1000697a9000 7.629 MB
W20240211 09:30:39.036712 18914 IPCTensor.h:369] NewIPCTensor: input_keys_neg_4 [1000000]0x100069f4c000 7.629 MB
W20240211 09:30:39.036726 18911 IPCTensor.h:369] NewIPCTensor: backward_grads_1 [1000000, 32]0x10006a6ef000 122.1 MB
W20240211 09:30:39.036782 18911 IPCTensor.h:369] NewIPCTensor: backward_grads_neg_1 [1000000, 32]0x100072103000 122.1 MB
W20240211 09:30:39.036787 18914 IPCTensor.h:369] NewIPCTensor: backward_grads_4 [1000000, 32]0x100079b17000 122.1 MB
W20240211 09:30:39.036818 18911 IPCTensor.h:409] NewIPCGPUTensor: backward_grads_1_gpu [1000000, 32]; dev=1; size=122.1 MB
W20240211 09:30:39.036842 18914 IPCTensor.h:369] NewIPCTensor: backward_grads_neg_4 [1000000, 32]0x10008152b000 122.1 MB
W20240211 09:30:39.036876 18914 IPCTensor.h:409] NewIPCGPUTensor: backward_grads_4_gpu [1000000, 32]; dev=4; size=122.1 MB
W20240211 09:30:39.038651 18917 IPCTensor.h:369] NewIPCTensor: input_keys_7 [1000000]0x100088f41000 7.629 MB
W20240211 09:30:39.039003 18917 IPCTensor.h:369] NewIPCTensor: input_keys_neg_7 [1000000]0x1000896e4000 7.629 MB
W20240211 09:30:39.039175 18914 IPCTensor.h:409] NewIPCGPUTensor: backward_grads_neg_4_gpu [1000000, 32]; dev=4; size=122.1 MB
W20240211 09:30:39.039175 18917 IPCTensor.h:369] NewIPCTensor: backward_grads_7 [1000000, 32]0x100089e8d000 122.1 MB
W20240211 09:30:39.039191 18911 IPCTensor.h:409] NewIPCGPUTensor: backward_grads_neg_1_gpu [1000000, 32]; dev=1; size=122.1 MB
W20240211 09:30:39.039192 18915 IPCTensor.h:409] NewIPCGPUTensor: backward_grads_neg_5_gpu [1000000, 32]; dev=5; size=122.1 MB
W20240211 09:30:39.039310 18917 IPCTensor.h:369] NewIPCTensor: backward_grads_neg_7 [1000000, 32]0x1000918a1000 122.1 MB
W20240211 09:30:39.039412 18917 IPCTensor.h:409] NewIPCGPUTensor: backward_grads_7_gpu [1000000, 32]; dev=7; size=122.1 MB
W20240211 09:30:39.041983 18917 IPCTensor.h:409] NewIPCGPUTensor: backward_grads_neg_7_gpu [1000000, 32]; dev=7; size=122.1 MB
W20240211 09:30:39.043568 18913 IPCTensor.h:369] NewIPCTensor: input_keys_3 [1000000]0x1000992bf000 7.629 MB
W20240211 09:30:39.043911 18913 IPCTensor.h:369] NewIPCTensor: input_keys_neg_3 [1000000]0x100099a62000 7.629 MB
W20240211 09:30:39.044095 18913 IPCTensor.h:369] NewIPCTensor: backward_grads_3 [1000000, 32]0x10009a205000 122.1 MB
W20240211 09:30:39.044225 18913 IPCTensor.h:369] NewIPCTensor: backward_grads_neg_3 [1000000, 32]0x1000a1c19000 122.1 MB
W20240211 09:30:39.044329 18913 IPCTensor.h:409] NewIPCGPUTensor: backward_grads_3_gpu [1000000, 32]; dev=3; size=122.1 MB
W20240211 09:30:39.057806 18913 IPCTensor.h:409] NewIPCGPUTensor: backward_grads_neg_3_gpu [1000000, 32]; dev=3; size=122.1 MB
W20240211 09:30:39.073055 18769 IPCTensor.h:369] NewIPCTensor: input_keys_0 [1000000]0x1000a9635000 7.629 MB
W20240211 09:30:39.073422 18769 IPCTensor.h:369] NewIPCTensor: input_keys_neg_0 [1000000]0x1000a9dd8000 7.629 MB
W20240211 09:30:39.073510 18769 IPCTensor.h:369] NewIPCTensor: backward_grads_0 [1000000, 32]0x1000aa57b000 122.1 MB
W20240211 09:30:39.073571 18769 IPCTensor.h:369] NewIPCTensor: backward_grads_neg_0 [1000000, 32]0x1000b1f8f000 122.1 MB
W20240211 09:30:39.073659 18769 IPCTensor.h:409] NewIPCGPUTensor: backward_grads_0_gpu [1000000, 32]; dev=0; size=122.1 MB
W20240211 09:30:39.074033 18769 IPCTensor.h:409] NewIPCGPUTensor: backward_grads_neg_0_gpu [1000000, 32]; dev=0; size=122.1 MB
W20240211 09:30:39.076462 18912 IPCTensor.h:369] NewIPCTensor: input_keys_2 [1000000]0x1000b99a9000 7.629 MB
W20240211 09:30:39.076632 18912 IPCTensor.h:369] NewIPCTensor: input_keys_neg_2 [1000000]0x1000ba14c000 7.629 MB
W20240211 09:30:39.076692 18912 IPCTensor.h:369] NewIPCTensor: backward_grads_2 [1000000, 32]0x1000ba8ef000 122.1 MB
W20240211 09:30:39.076743 18912 IPCTensor.h:369] NewIPCTensor: backward_grads_neg_2 [1000000, 32]0x1000c2303000 122.1 MB
W20240211 09:30:39.076781 18912 IPCTensor.h:409] NewIPCGPUTensor: backward_grads_2_gpu [1000000, 32]; dev=2; size=122.1 MB
W20240211 09:30:39.077150 18912 IPCTensor.h:409] NewIPCGPUTensor: backward_grads_neg_2_gpu [1000000, 32]; dev=2; size=122.1 MB
cudaHostRegister 0x100000002000
4: KnownLocalCachedEmbedding init done
cudaHostRegister 0x100000002000
5: KnownLocalCachedEmbedding init done
cudaHostRegister 0x100000002000
2: KnownLocalCachedEmbedding init done
cudaHostRegister 0x100000002000
3: KnownLocalCachedEmbedding init done
Worker 7 pid=18917
New CachedEmbedding, name=full_emb, shape=(9449206, 32), cache_type=KnownLocalCachedEmbedding
fixed cache_range is [(0, 472460), (472460, 944920), (944920, 1417380), (1417380, 1889840), (1889840, 2362300), (2362300, 2834760), (2834760, 3307220), (3307220, 3779680)]
cudaHostRegister 0x100000002000
0: KnownLocalCachedEmbedding init done
cudaHostRegister 0x100000002000
6: KnownLocalCachedEmbedding init done
cudaHostRegister 0x100000002000
1: KnownLocalCachedEmbedding init done
cudaHostRegister 0x100000002000
7: KnownLocalCachedEmbedding init done
W20240211 09:30:43.843763 18769 IPCTensor.h:369] NewIPCTensor: cached_sampler_r0_0 [1000000]0x1000c9d1b000 7.629 MB
W20240211 09:30:43.844096 18769 IPCTensor.h:369] NewIPCTensor: cached_sampler_r0_1 [1000000]0x1000ca4be000 7.629 MB
W20240211 09:30:43.844141 18769 IPCTensor.h:369] NewIPCTensor: cached_sampler_r0_2 [1000000]0x1000cac61000 7.629 MB
W20240211 09:30:43.844187 18769 IPCTensor.h:369] NewIPCTensor: cached_sampler_r0_3 [1000000]0x1000cb404000 7.629 MB
W20240211 09:30:43.844225 18769 IPCTensor.h:369] NewIPCTensor: cached_sampler_r0_4 [1000000]0x1000cbba7000 7.629 MB
W20240211 09:30:43.844300 18769 IPCTensor.h:369] NewIPCTensor: cached_sampler_r0_5 [1000000]0x1000cc34a000 7.629 MB
W20240211 09:30:43.844352 18769 IPCTensor.h:369] NewIPCTensor: cached_sampler_r0_6 [1000000]0x1000ccaed000 7.629 MB
W20240211 09:30:43.844431 18769 IPCTensor.h:369] NewIPCTensor: cached_sampler_r0_7 [1000000]0x1000cd290000 7.629 MB
W20240211 09:30:43.844481 18769 IPCTensor.h:369] NewIPCTensor: cached_sampler_r0_8 [1000000]0x1000cda33000 7.629 MB
W20240211 09:30:43.844583 18769 IPCTensor.h:369] NewIPCTensor: cached_sampler_r0_9 [1000000]0x1000ce1d6000 7.629 MB
W20240211 09:30:43.844626 18769 IPCTensor.h:369] NewIPCTensor: step_r0 [10]0x1000ce979000 80 B 
W20240211 09:30:43.844668 18769 IPCTensor.h:369] NewIPCTensor: circle_buffer_end_r0 [1]0x1000ce97b000 8 B 
W20240211 09:30:43.844735 18769 IPCTensor.h:369] NewIPCTensor: circle_buffer_end_cppseen_r0 [1]0x1000ce97d000 8 B 
Dataset:  /home/xieminhui/RecStoreDataset/avazu_binary
Dataset loaded
np.max =  9449205
np.min=  1
Construct RecModelSampler done
I20240211 09:30:43.845521 18769 IPC_barrier.h:118] CreateBarrier: new barrier, name: kgcachecontroller, count: 8
W20240211 09:30:43.905257 18916 IPCTensor.h:369] NewIPCTensor: cached_sampler_r6_0 [1000000]0x1000ce97f000 7.629 MB
W20240211 09:30:43.905447 18916 IPCTensor.h:369] NewIPCTensor: cached_sampler_r6_1 [1000000]0x1000cf122000 7.629 MB
W20240211 09:30:43.905510 18916 IPCTensor.h:369] NewIPCTensor: cached_sampler_r6_2 [1000000]0x1000cf8c5000 7.629 MB
W20240211 09:30:43.905548 18916 IPCTensor.h:369] NewIPCTensor: cached_sampler_r6_3 [1000000]0x1000d0068000 7.629 MB
W20240211 09:30:43.905586 18916 IPCTensor.h:369] NewIPCTensor: cached_sampler_r6_4 [1000000]0x1000d080b000 7.629 MB
W20240211 09:30:43.905623 18916 IPCTensor.h:369] NewIPCTensor: cached_sampler_r6_5 [1000000]0x1000d0fae000 7.629 MB
W20240211 09:30:43.905676 18916 IPCTensor.h:369] NewIPCTensor: cached_sampler_r6_6 [1000000]0x1000d1751000 7.629 MB
W20240211 09:30:43.905742 18916 IPCTensor.h:369] NewIPCTensor: cached_sampler_r6_7 [1000000]0x1000d1ef4000 7.629 MB
W20240211 09:30:43.905797 18916 IPCTensor.h:369] NewIPCTensor: cached_sampler_r6_8 [1000000]0x1000d2697000 7.629 MB
W20240211 09:30:43.905844 18916 IPCTensor.h:369] NewIPCTensor: cached_sampler_r6_9 [1000000]0x1000d2e3a000 7.629 MB
W20240211 09:30:43.905882 18916 IPCTensor.h:369] NewIPCTensor: step_r6 [10]0x1000d35dd000 80 B 
W20240211 09:30:43.905918 18916 IPCTensor.h:369] NewIPCTensor: circle_buffer_end_r6 [1]0x1000d35df000 8 B 
W20240211 09:30:43.905947 18916 IPCTensor.h:369] NewIPCTensor: circle_buffer_end_cppseen_r6 [1]0x1000d35e1000 8 B 
Dataset:  /home/xieminhui/RecStoreDataset/avazu_binary
Dataset loaded
np.max =  9449205
np.min=  1
Construct RecModelSampler done
I20240211 09:30:43.906301 18916 IPC_barrier.h:112] CreateBarrier: find existing barrier, name: kgcachecontroller, count: 8
W20240211 09:30:44.074389 18912 IPCTensor.h:369] NewIPCTensor: cached_sampler_r2_0 [1000000]0x1000d35e3000 7.629 MB
W20240211 09:30:44.074535 18912 IPCTensor.h:369] NewIPCTensor: cached_sampler_r2_1 [1000000]0x1000d3d86000 7.629 MB
W20240211 09:30:44.074600 18912 IPCTensor.h:369] NewIPCTensor: cached_sampler_r2_2 [1000000]0x1000d4529000 7.629 MB
W20240211 09:30:44.074649 18912 IPCTensor.h:369] NewIPCTensor: cached_sampler_r2_3 [1000000]0x1000d4ccc000 7.629 MB
W20240211 09:30:44.074694 18912 IPCTensor.h:369] NewIPCTensor: cached_sampler_r2_4 [1000000]0x1000d546f000 7.629 MB
W20240211 09:30:44.074733 18912 IPCTensor.h:369] NewIPCTensor: cached_sampler_r2_5 [1000000]0x1000d5c12000 7.629 MB
W20240211 09:30:44.074784 18912 IPCTensor.h:369] NewIPCTensor: cached_sampler_r2_6 [1000000]0x1000d63b5000 7.629 MB
W20240211 09:30:44.074847 18912 IPCTensor.h:369] NewIPCTensor: cached_sampler_r2_7 [1000000]0x1000d6b58000 7.629 MB
W20240211 09:30:44.074901 18912 IPCTensor.h:369] NewIPCTensor: cached_sampler_r2_8 [1000000]0x1000d72fb000 7.629 MB
W20240211 09:30:44.074947 18912 IPCTensor.h:369] NewIPCTensor: cached_sampler_r2_9 [1000000]0x1000d7a9e000 7.629 MB
W20240211 09:30:44.074985 18912 IPCTensor.h:369] NewIPCTensor: step_r2 [10]0x1000d8241000 80 B 
W20240211 09:30:44.075021 18912 IPCTensor.h:369] NewIPCTensor: circle_buffer_end_r2 [1]0x1000d8243000 8 B 
W20240211 09:30:44.075052 18912 IPCTensor.h:369] NewIPCTensor: circle_buffer_end_cppseen_r2 [1]0x1000d8245000 8 B 
Dataset:  /home/xieminhui/RecStoreDataset/avazu_binary
Dataset loaded
np.max =  9449205
np.min=  1
Construct RecModelSampler done
I20240211 09:30:44.075340 18912 IPC_barrier.h:112] CreateBarrier: find existing barrier, name: kgcachecontroller, count: 8
W20240211 09:30:44.185158 18911 IPCTensor.h:369] NewIPCTensor: cached_sampler_r1_0 [1000000]0x1000d8247000 7.629 MB
W20240211 09:30:44.185371 18911 IPCTensor.h:369] NewIPCTensor: cached_sampler_r1_1 [1000000]0x1000d89ea000 7.629 MB
W20240211 09:30:44.185441 18911 IPCTensor.h:369] NewIPCTensor: cached_sampler_r1_2 [1000000]0x1000d918d000 7.629 MB
W20240211 09:30:44.185480 18911 IPCTensor.h:369] NewIPCTensor: cached_sampler_r1_3 [1000000]0x1000d9930000 7.629 MB
W20240211 09:30:44.185524 18911 IPCTensor.h:369] NewIPCTensor: cached_sampler_r1_4 [1000000]0x1000da0d3000 7.629 MB
W20240211 09:30:44.185572 18911 IPCTensor.h:369] NewIPCTensor: cached_sampler_r1_5 [1000000]0x1000da876000 7.629 MB
W20240211 09:30:44.185624 18911 IPCTensor.h:369] NewIPCTensor: cached_sampler_r1_6 [1000000]0x1000db019000 7.629 MB
W20240211 09:30:44.185706 18911 IPCTensor.h:369] NewIPCTensor: cached_sampler_r1_7 [1000000]0x1000db7bc000 7.629 MB
W20240211 09:30:44.185773 18911 IPCTensor.h:369] NewIPCTensor: cached_sampler_r1_8 [1000000]0x1000dbf5f000 7.629 MB
W20240211 09:30:44.185815 18911 IPCTensor.h:369] NewIPCTensor: cached_sampler_r1_9 [1000000]0x1000dc702000 7.629 MB
W20240211 09:30:44.185851 18911 IPCTensor.h:369] NewIPCTensor: step_r1 [10]0x1000dcea5000 80 B 
W20240211 09:30:44.185887 18911 IPCTensor.h:369] NewIPCTensor: circle_buffer_end_r1 [1]0x1000dcea7000 8 B 
W20240211 09:30:44.185915 18911 IPCTensor.h:369] NewIPCTensor: circle_buffer_end_cppseen_r1 [1]0x1000dcea9000 8 B 
Dataset:  /home/xieminhui/RecStoreDataset/avazu_binary
Dataset loaded
np.max =  9449205
np.min=  1
Construct RecModelSampler done
I20240211 09:30:44.186321 18911 IPC_barrier.h:112] CreateBarrier: find existing barrier, name: kgcachecontroller, count: 8
W20240211 09:30:44.277217 18914 IPCTensor.h:369] NewIPCTensor: cached_sampler_r4_0 [1000000]0x1000dceab000 7.629 MB
W20240211 09:30:44.277357 18914 IPCTensor.h:369] NewIPCTensor: cached_sampler_r4_1 [1000000]0x1000dd64e000 7.629 MB
W20240211 09:30:44.277415 18914 IPCTensor.h:369] NewIPCTensor: cached_sampler_r4_2 [1000000]0x1000dddf1000 7.629 MB
W20240211 09:30:44.277453 18914 IPCTensor.h:369] NewIPCTensor: cached_sampler_r4_3 [1000000]0x1000de594000 7.629 MB
W20240211 09:30:44.277489 18914 IPCTensor.h:369] NewIPCTensor: cached_sampler_r4_4 [1000000]0x1000ded37000 7.629 MB
W20240211 09:30:44.277529 18914 IPCTensor.h:369] NewIPCTensor: cached_sampler_r4_5 [1000000]0x1000df4da000 7.629 MB
W20240211 09:30:44.277585 18914 IPCTensor.h:369] NewIPCTensor: cached_sampler_r4_6 [1000000]0x1000dfc7d000 7.629 MB
W20240211 09:30:44.277644 18914 IPCTensor.h:369] NewIPCTensor: cached_sampler_r4_7 [1000000]0x1000e0420000 7.629 MB
W20240211 09:30:44.277694 18914 IPCTensor.h:369] NewIPCTensor: cached_sampler_r4_8 [1000000]0x1000e0bc3000 7.629 MB
W20240211 09:30:44.277740 18914 IPCTensor.h:369] NewIPCTensor: cached_sampler_r4_9 [1000000]0x1000e1366000 7.629 MB
W20240211 09:30:44.277776 18914 IPCTensor.h:369] NewIPCTensor: step_r4 [10]0x1000e1b09000 80 B 
W20240211 09:30:44.277808 18914 IPCTensor.h:369] NewIPCTensor: circle_buffer_end_r4 [1]0x1000e1b0b000 8 B 
W20240211 09:30:44.277853 18914 IPCTensor.h:369] NewIPCTensor: circle_buffer_end_cppseen_r4 [1]0x1000e1b0d000 8 B 
Dataset:  /home/xieminhui/RecStoreDataset/avazu_binary
Dataset loaded
np.max =  9449205
np.min=  1
Construct RecModelSampler done
I20240211 09:30:44.278164 18914 IPC_barrier.h:112] CreateBarrier: find existing barrier, name: kgcachecontroller, count: 8
W20240211 09:30:44.301455 18917 IPCTensor.h:369] NewIPCTensor: cached_sampler_r7_0 [1000000]0x1000e1b0f000 7.629 MB
W20240211 09:30:44.301620 18917 IPCTensor.h:369] NewIPCTensor: cached_sampler_r7_1 [1000000]0x1000e22b2000 7.629 MB
W20240211 09:30:44.301689 18917 IPCTensor.h:369] NewIPCTensor: cached_sampler_r7_2 [1000000]0x1000e2a55000 7.629 MB
W20240211 09:30:44.301733 18917 IPCTensor.h:369] NewIPCTensor: cached_sampler_r7_3 [1000000]0x1000e31f8000 7.629 MB
W20240211 09:30:44.301779 18917 IPCTensor.h:369] NewIPCTensor: cached_sampler_r7_4 [1000000]0x1000e399b000 7.629 MB
W20240211 09:30:44.301826 18917 IPCTensor.h:369] NewIPCTensor: cached_sampler_r7_5 [1000000]0x1000e413e000 7.629 MB
W20240211 09:30:44.301885 18917 IPCTensor.h:369] NewIPCTensor: cached_sampler_r7_6 [1000000]0x1000e48e1000 7.629 MB
W20240211 09:30:44.301954 18917 IPCTensor.h:369] NewIPCTensor: cached_sampler_r7_7 [1000000]0x1000e5084000 7.629 MB
W20240211 09:30:44.302009 18917 IPCTensor.h:369] NewIPCTensor: cached_sampler_r7_8 [1000000]0x1000e5827000 7.629 MB
W20240211 09:30:44.302057 18917 IPCTensor.h:369] NewIPCTensor: cached_sampler_r7_9 [1000000]0x1000e5fca000 7.629 MB
W20240211 09:30:44.302095 18917 IPCTensor.h:369] NewIPCTensor: step_r7 [10]0x1000e676d000 80 B 
W20240211 09:30:44.302141 18917 IPCTensor.h:369] NewIPCTensor: circle_buffer_end_r7 [1]0x1000e676f000 8 B 
W20240211 09:30:44.302172 18917 IPCTensor.h:369] NewIPCTensor: circle_buffer_end_cppseen_r7 [1]0x1000e6771000 8 B 
Dataset:  /home/xieminhui/RecStoreDataset/avazu_binary
Dataset loaded
np.max =  9449205
np.min=  1
Construct RecModelSampler done
I20240211 09:30:44.302487 18917 IPC_barrier.h:112] CreateBarrier: find existing barrier, name: kgcachecontroller, count: 8
W20240211 09:30:44.418866 18915 IPCTensor.h:369] NewIPCTensor: cached_sampler_r5_0 [1000000]0x1000e6773000 7.629 MB
W20240211 09:30:44.419008 18915 IPCTensor.h:369] NewIPCTensor: cached_sampler_r5_1 [1000000]0x1000e6f16000 7.629 MB
W20240211 09:30:44.419071 18915 IPCTensor.h:369] NewIPCTensor: cached_sampler_r5_2 [1000000]0x1000e76b9000 7.629 MB
W20240211 09:30:44.419112 18915 IPCTensor.h:369] NewIPCTensor: cached_sampler_r5_3 [1000000]0x1000e7e5c000 7.629 MB
W20240211 09:30:44.419158 18915 IPCTensor.h:369] NewIPCTensor: cached_sampler_r5_4 [1000000]0x1000e85ff000 7.629 MB
W20240211 09:30:44.419202 18915 IPCTensor.h:369] NewIPCTensor: cached_sampler_r5_5 [1000000]0x1000e8da2000 7.629 MB
W20240211 09:30:44.419255 18915 IPCTensor.h:369] NewIPCTensor: cached_sampler_r5_6 [1000000]0x1000e9545000 7.629 MB
W20240211 09:30:44.419317 18915 IPCTensor.h:369] NewIPCTensor: cached_sampler_r5_7 [1000000]0x1000e9ce8000 7.629 MB
W20240211 09:30:44.419373 18915 IPCTensor.h:369] NewIPCTensor: cached_sampler_r5_8 [1000000]0x1000ea48b000 7.629 MB
W20240211 09:30:44.419420 18915 IPCTensor.h:369] NewIPCTensor: cached_sampler_r5_9 [1000000]0x1000eac2e000 7.629 MB
W20240211 09:30:44.419463 18915 IPCTensor.h:369] NewIPCTensor: step_r5 [10]0x1000eb3d1000 80 B 
W20240211 09:30:44.419499 18915 IPCTensor.h:369] NewIPCTensor: circle_buffer_end_r5 [1]0x1000eb3d3000 8 B 
W20240211 09:30:44.419531 18915 IPCTensor.h:369] NewIPCTensor: circle_buffer_end_cppseen_r5 [1]0x1000eb3d5000 8 B 
Dataset:  /home/xieminhui/RecStoreDataset/avazu_binary
Dataset loaded
np.max =  9449205
np.min=  1
Construct RecModelSampler done
I20240211 09:30:44.419831 18915 IPC_barrier.h:112] CreateBarrier: find existing barrier, name: kgcachecontroller, count: 8
W20240211 09:30:44.788717 18913 IPCTensor.h:369] NewIPCTensor: cached_sampler_r3_0 [1000000]0x1000eb3d7000 7.629 MB
W20240211 09:30:44.788866 18913 IPCTensor.h:369] NewIPCTensor: cached_sampler_r3_1 [1000000]0x1000ebb7a000 7.629 MB
W20240211 09:30:44.788929 18913 IPCTensor.h:369] NewIPCTensor: cached_sampler_r3_2 [1000000]0x1000ec31d000 7.629 MB
W20240211 09:30:44.788972 18913 IPCTensor.h:369] NewIPCTensor: cached_sampler_r3_3 [1000000]0x1000ecac0000 7.629 MB
W20240211 09:30:44.789013 18913 IPCTensor.h:369] NewIPCTensor: cached_sampler_r3_4 [1000000]0x1000ed263000 7.629 MB
W20240211 09:30:44.789053 18913 IPCTensor.h:369] NewIPCTensor: cached_sampler_r3_5 [1000000]0x1000eda06000 7.629 MB
W20240211 09:30:44.789105 18913 IPCTensor.h:369] NewIPCTensor: cached_sampler_r3_6 [1000000]0x1000ee1a9000 7.629 MB
W20240211 09:30:44.789166 18913 IPCTensor.h:369] NewIPCTensor: cached_sampler_r3_7 [1000000]0x1000ee94c000 7.629 MB
W20240211 09:30:44.789650 18913 IPCTensor.h:369] NewIPCTensor: cached_sampler_r3_8 [1000000]0x1000ef0ef000 7.629 MB
W20240211 09:30:44.789709 18913 IPCTensor.h:369] NewIPCTensor: cached_sampler_r3_9 [1000000]0x1000ef892000 7.629 MB
W20240211 09:30:44.789752 18913 IPCTensor.h:369] NewIPCTensor: step_r3 [10]0x1000f0035000 80 B 
W20240211 09:30:44.789790 18913 IPCTensor.h:369] NewIPCTensor: circle_buffer_end_r3 [1]0x1000f0037000 8 B 
W20240211 09:30:44.789822 18913 IPCTensor.h:369] NewIPCTensor: circle_buffer_end_cppseen_r3 [1]0x1000f0039000 8 B 
Dataset:  /home/xieminhui/RecStoreDataset/avazu_binary
Dataset loaded
np.max =  9449205
np.min=  1
Construct RecModelSampler done
I20240211 09:30:44.790129 18913 IPC_barrier.h:112] CreateBarrier: find existing barrier, name: kgcachecontroller, count: 8
W20240211 09:30:44.793658 18769 grad_base.h:55] KGCacheController, config={
        "num_gpus": 8,
        "L": 10,
        "kForwardItersPerStep": 1,
        "clr": 0.01,
        "backwardMode": "CppAsyncV2",
        "nr_background_threads": 16, 
        "cache_ratio": 0.05,
        "backgrad_init": "both",
        "update_pq_use_omp": 2,
        "kUpdatePqWorkerNum": 8
    }
W20240211 09:30:44.794394 18769 grad_base.h:184] Init GradProcessingBase done
I20240211 09:30:45.917894 18769 grad_async_v2.h:42] Use main thread to update emb.
W20240211 09:30:45.918190 18769 kg_controller.h:78] after init GradAsyncProcessingV2
I20240211 09:30:45.918203 18769 kg_controller.h:84] Construct KGCacheController done
E20240211 09:30:46.708834 18913 recstore.cc:66] init folly done
Construct KGCacheControllerWrapper done
E20240211 09:30:46.708920 18916 recstore.cc:66] init folly done
Construct KGCacheControllerWrapper done
E20240211 09:30:46.709316 18914 recstore.cc:66] init folly done
E20240211 09:30:46.709312 18917 recstore.cc:66] init folly done
Construct KGCacheControllerWrapper done
Construct KGCacheControllerWrapper done
E20240211 09:30:46.709833 18912 recstore.cc:66] init folly done
E20240211 09:30:46.709870 18915 recstore.cc:66] init folly done
Construct KGCacheControllerWrapper done
Construct KGCacheControllerWrapper done
E20240211 09:30:46.710644 18769 recstore.cc:66] init folly done
E20240211 09:30:46.710706 18911 recstore.cc:66] init folly done
Construct KGCacheControllerWrapper done
Construct KGCacheControllerWrapper done
I20240211 09:30:46.711621 18769 grad_base.h:60] GraphEnv RegTensorsPerProcess
W20240211 09:30:47.565402 19638 grad_async_v2.h:137] Detect new sample comes, old_end0, new_end1
E20240211 09:30:47.565961 19638 parallel_pq_v2.h:79] insert failed, size(hashtable)=0
E20240211 09:30:48.565021 19638 parallel_pq_v2.h:79] insert failed, size(hashtable)=1
W20240211 09:30:48.574182 19638 grad_async_v2.h:137] Detect new sample comes, old_end4, new_end5
E20240211 09:30:49.565014 19638 parallel_pq_v2.h:79] insert failed, size(hashtable)=68
W20240211 09:30:49.598738 19638 grad_async_v2.h:137] Detect new sample comes, old_end9, new_end0
Before Training
Before Training
Before Training
I20240211 09:30:50.814343 18914 IPC_barrier.h:118] CreateBarrier: new barrier, name: start_barrier, count: 8
Before Training
I20240211 09:30:50.814420 18912 IPC_barrier.h:112] CreateBarrier: find existing barrier, name: start_barrier, count: 8
I20240211 09:30:50.814556 18915 IPC_barrier.h:112] CreateBarrier: find existing barrier, name: start_barrier, count: 8
I20240211 09:30:50.814656 18769 IPC_barrier.h:112] CreateBarrier: find existing barrier, name: start_barrier, count: 8
Before Training
Before Training
Before Training
Before Training
I20240211 09:30:50.814780 18913 IPC_barrier.h:112] CreateBarrier: find existing barrier, name: start_barrier, count: 8
I20240211 09:30:50.814814 18911 IPC_barrier.h:112] CreateBarrier: find existing barrier, name: start_barrier, count: 8
I20240211 09:30:50.814848 18917 IPC_barrier.h:112] CreateBarrier: find existing barrier, name: start_barrier, count: 8
I20240211 09:30:50.814882 18916 IPC_barrier.h:112] CreateBarrier: find existing barrier, name: start_barrier, count: 8
W20240211 09:30:50.817379 19638 grad_async_v2.h:137] Detect new sample comes, old_end0, new_end1
E20240211 09:30:50.817662 19638 parallel_pq_v2.h:79] insert failed, size(hashtable)=1
========== Step 0 ========== 
+---------------------------+---------------------------+---------------------------+
| Name                      | P50                       | P99                       |
+---------------------------+---------------------------+---------------------------+
| clean                     | 159.078 us                | 280.946 us                |
| ProcessBack:Shuffle       | 279.880 ms                | 279.880 ms                |
+---------------------------+---------------------------+---------------------------+
E20240211 09:30:52.349748 19760 parallel_pq_v2.h:79] insert failed, size(hashtable)=0
W20240211 09:30:52.424158 18769 grad_async_v2.h:270] Sleep in <BlockToStepN>, step_no=1, pq.top=1
W20240211 09:30:52.573856 19638 grad_async_v2.h:137] Detect new sample comes, old_end1, new_end2
========== Step 1 ========== 
INFO [18912 distributed.py:1140] Reducer buckets have been rebuilt in this iteration.
INFO [18913 distributed.py:1140] Reducer buckets have been rebuilt in this iteration.
INFO [18914 distributed.py:1140] Reducer buckets have been rebuilt in this iteration.
INFO [18917 distributed.py:1140] Reducer buckets have been rebuilt in this iteration.
INFO [18915 distributed.py:1140] Reducer buckets have been rebuilt in this iteration.
INFO [18916 distributed.py:1140] Reducer buckets have been rebuilt in this iteration.
INFO [18911 distributed.py:1140] Reducer buckets have been rebuilt in this iteration.
INFO [18769 distributed.py:1140] Reducer buckets have been rebuilt in this iteration.
W20240211 09:30:52.604491 18769 grad_async_v2.h:257] pq is empty
========== Step 2 ========== 
========== Step 3 ========== 
========== Step 4 ========== 
========== Step 5 ========== 
========== Step 6 ========== 
========== Step 7 ========== 
========== Step 8 ========== 
========== Step 9 ========== 
========== Step 10 ========== 
========== Step 11 ========== 
E20240211 09:30:52.751614 18769 grad_async_v2.h:404] Stalled in ProcessBackward: rank=0, step_no=11, sample_step_cpp_seen_[rank]=10
========== Step 12 ========== 
========== Step 13 ========== 
========== Step 14 ========== 
========== Step 15 ========== 
========== Step 16 ========== 
========== Step 17 ========== 
E20240211 09:30:53.349267 19638 parallel_pq_v2.h:79] insert failed, size(hashtable)=1
========== Step 18 ========== 
========== Step 19 ========== 
========== Step 20 ========== 
========== Step 21 ========== 
========== Step 22 ========== 
========== Step 23 ========== 
========== Step 24 ========== 
W20240211 09:30:53.708364 19638 grad_async_v2.h:137] Detect new sample comes, old_end7, new_end5
========== Step 25 ========== 
========== Step 26 ========== 
========== Step 27 ========== 
========== Step 28 ========== 
========== Step 29 ========== 
========== Step 30 ========== 
========== Step 31 ========== 
========== Step 32 ========== 
========== Step 33 ========== 
========== Step 34 ========== 
========== Step 35 ========== 
========== Step 36 ========== 
E20240211 09:30:54.349082 19638 parallel_pq_v2.h:79] insert failed, size(hashtable)=2
========== Step 37 ========== 
========== Step 38 ========== 
W20240211 09:30:54.710446 19638 grad_async_v2.h:137] Detect new sample comes, old_end7, new_end9
========== Step 39 ========== 
========== Step 40 ========== 
========== Step 41 ========== 
========== Step 42 ========== 
========== Step 43 ========== 
+---------------------------+---------------------------+---------------------------+
| Name                      | P50                       | P99                       |
+---------------------------+---------------------------+---------------------------+
| GenInput:CircleBuffer     | 101.915 us                | 2.726 ms                  |
| GenInput                  | 462.028 us                | 3.986 ms                  |
| NN                        | 821.638 us                | 243.493 ms                |
| Forward                   | 1.017 ms                  | 245.498 ms                |
| Backward                  | 2.218 ms                  | 111.603 ms                |
| Optimize                  | 208.468 us                | 6.917 ms                  |
| BarrierTimeBeforeRank0    | 476.152 us                | 13.143 ms                 |
| AfterBackward             | 10.142 ms                 | 1.224 s                   |
| BlockToStepN              | 127.353 us                | 149.300 ms                |
| OneStep                   | 15.529 ms                 | 1.758 s                   |
+---------------------------+---------------------------+---------------------------+
========== Step 44 ========== 
========== Step 45 ========== 
========== Step 46 ========== 
========== Step 47 ========== 
========== Step 48 ========== 
E20240211 09:30:55.349261 19638 parallel_pq_v2.h:79] insert failed, size(hashtable)=1
========== Step 49 ========== 
========== Step 50 ========== 
========== Step 51 ========== 
W20240211 09:30:55.441005 18769 grad_async_v2.h:257] pq is empty
========== Step 52 ========== 
========== Step 53 ========== 
W20240211 09:30:55.476920 18769 grad_async_v2.h:257] pq is empty
========== Step 54 ========== 
========== Step 55 ========== 
========== Step 56 ========== 
========== Step 57 ========== 
========== Step 58 ========== 
========== Step 59 ========== 
========== Step 60 ========== 
W20240211 09:30:55.799925 19638 grad_async_v2.h:137] Detect new sample comes, old_end3, new_end1
========== Step 61 ========== 
========== Step 62 ========== 
========== Step 63 ========== 
========== Step 64 ========== 
W20240211 09:30:56.139849 18769 grad_async_v2.h:257] pq is empty
========== Step 65 ========== 
========== Step 66 ========== 
========== Step 67 ========== 
========== Step 68 ========== 
========== Step 69 ========== 
========== Step 70 ========== 
========== Step 71 ========== 
E20240211 09:30:56.349165 19638 parallel_pq_v2.h:79] insert failed, size(hashtable)=1
========== Step 72 ========== 
+---------------------------+---------------------------+---------------------------+
| Name                      | P50                       | P99                       |
+---------------------------+---------------------------+---------------------------+
| clean                     | 99.721 us                 | 255.778 us                |
| ProcessBack:Shuffle       | 7.911 ms                  | 13.055 ms                 |
| ProcessBack:UpdateCache   | 2.051 ms                  | 16.165 ms                 |
| ProcessBack:UpsertPq      | 34.215 us                 | 403.667 us                |
| ProcessOneStep            | 10.664 ms                 | 429.169 ms                |
| BlockToStepN              | 104.470 us                | 182.375 us                |
+---------------------------+---------------------------+---------------------------+
========== Step 73 ========== 
========== Step 74 ========== 
========== Step 75 ========== 
========== Step 76 ========== 
W20240211 09:30:56.816179 19638 grad_async_v2.h:137] Detect new sample comes, old_end3, new_end7
========== Step 77 ========== 
========== Step 78 ========== 
========== Step 79 ========== 
========== Step 80 ========== 
========== Step 81 ========== 
========== Step 82 ========== 
========== Step 83 ========== 
========== Step 84 ========== 
E20240211 09:30:57.349200 19638 parallel_pq_v2.h:79] insert failed, size(hashtable)=1
========== Step 85 ========== 
========== Step 86 ========== 
========== Step 87 ========== 
========== Step 88 ========== 
========== Step 89 ========== 
========== Step 90 ========== 
========== Step 91 ========== 
W20240211 09:30:57.575853 18769 grad_async_v2.h:257] pq is empty
========== Step 92 ========== 
========== Step 93 ========== 
========== Step 94 ========== 
========== Step 95 ========== 
========== Step 96 ========== 
E20240211 09:30:57.754151 18769 grad_async_v2.h:404] Stalled in ProcessBackward: rank=2, step_no=96, sample_step_cpp_seen_[rank]=95
W20240211 09:30:57.873172 19638 grad_async_v2.h:137] Detect new sample comes, old_end9, new_end7
========== Step 97 ========== 
========== Step 98 ========== 
========== Step 99 ========== 
Step99:rank2, time: 18.599, per_step: 0.185989
Step99:rank4, time: 18.599, per_step: 0.185992
Step99:rank1, time: 18.599, per_step: 0.185991
Step99:rank5, time: 18.599, per_step: 0.185989
Step99:rank7, time: 18.599, per_step: 0.185992
Step99:rank3, time: 18.599, per_step: 0.185992
Step99:rank0, time: 18.600, per_step: 0.185997
Step99:rank6, time: 18.600, per_step: 0.185997
+---------------------------+---------------------------+---------------------------+
| Name                      | P50                       | P99                       |
+---------------------------+---------------------------+---------------------------+
| GenInput:CircleBuffer     | 102.220 us                | 1.175 ms                  |
| GenInput                  | 485.036 us                | 4.347 ms                  |
| NN                        | 791.756 us                | 5.126 ms                  |
| Forward                   | 1.007 ms                  | 6.342 ms                  |
| Backward                  | 2.408 ms                  | 5.966 ms                  |
| Optimize                  | 210.316 us                | 1.376 ms                  |
| BarrierTimeBeforeRank0    | 507.367 us                | 4.674 ms                  |
| AfterBackward             | 10.315 ms                 | 429.217 ms                |
| BlockToStepN              | 193.556 us                | 708.897 us                |
| OneStep                   | 15.689 ms                 | 434.619 ms                |
+---------------------------+---------------------------+---------------------------+
========== Step 100 ========== 
========== Step 101 ========== 
========== Step 102 ========== 
========== Step 103 ========== 
========== Step 104 ========== 
========== Step 105 ========== 
========== Step 106 ========== 
========== Step 107 ========== 
E20240211 09:30:58.349038 19638 parallel_pq_v2.h:79] insert failed, size(hashtable)=7
========== Step 108 ========== 
========== Step 109 ========== 
========== Step 110 ========== 
========== Step 111 ========== 
W20240211 09:30:58.900205 19638 grad_async_v2.h:137] Detect new sample comes, old_end9, new_end2
========== Step 112 ========== 
========== Step 113 ========== 
========== Step 114 ========== 
========== Step 115 ========== 
========== Step 116 ========== 
========== Step 117 ========== 
========== Step 118 ========== 
========== Step 119 ========== 
========== Step 120 ========== 
E20240211 09:30:59.349076 19638 parallel_pq_v2.h:79] insert failed, size(hashtable)=5
========== Step 121 ========== 
========== Step 122 ========== 
========== Step 123 ========== 
========== Step 124 ========== 
========== Step 125 ========== 
========== Step 126 ========== 
========== Step 127 ========== 
========== Step 128 ========== 
W20240211 09:30:59.677675 18769 grad_async_v2.h:257] pq is empty
========== Step 129 ========== 
========== Step 130 ========== 
========== Step 131 ========== 
+---------------------------+---------------------------+---------------------------+
| Name                      | P50                       | P99                       |
+---------------------------+---------------------------+---------------------------+
| GenInput:CircleBuffer     | 100.550 us                | 1.175 ms                  |
| GenInput                  | 492.774 us                | 5.582 ms                  |
| NN                        | 769.436 us                | 5.126 ms                  |
| Forward                   | 960.433 us                | 6.342 ms                  |
| Backward                  | 2.536 ms                  | 17.410 ms                 |
| Optimize                  | 205.915 us                | 1.376 ms                  |
| BarrierTimeBeforeRank0    | 513.430 us                | 4.674 ms                  |
| AfterBackward             | 10.142 ms                 | 436.898 ms                |
| BlockToStepN              | 221.259 us                | 708.897 us                |
| OneStep                   | 15.725 ms                 | 444.181 ms                |
+---------------------------+---------------------------+---------------------------+
========== Step 132 ========== 
W20240211 09:30:59.961623 19638 grad_async_v2.h:137] Detect new sample comes, old_end5, new_end3
========== Step 133 ========== 
========== Step 134 ========== 
========== Step 135 ========== 
========== Step 136 ========== 
========== Step 137 ========== 
========== Step 138 ========== 
========== Step 139 ========== 
========== Step 140 ========== 
========== Step 141 ========== 
E20240211 09:31:00.349090 19638 parallel_pq_v2.h:79] insert failed, size(hashtable)=3
========== Step 142 ========== 
========== Step 143 ========== 
========== Step 144 ========== 
========== Step 145 ========== 
========== Step 146 ========== 
========== Step 147 ========== 
========== Step 148 ========== 
W20240211 09:31:00.961810 19638 grad_async_v2.h:137] Detect new sample comes, old_end5, new_end9
========== Step 149 ========== 
========== Step 150 ========== 
========== Step 151 ========== 
========== Step 152 ========== 
========== Step 153 ========== 
========== Step 154 ========== 
========== Step 155 ========== 
========== Step 156 ========== 
E20240211 09:31:01.349166 19638 parallel_pq_v2.h:79] insert failed, size(hashtable)=1
========== Step 157 ========== 
========== Step 158 ========== 
========== Step 159 ========== 
========== Step 160 ========== 
========== Step 161 ========== 
========== Step 162 ========== 
========== Step 163 ========== 
+---------------------------+---------------------------+---------------------------+
| Name                      | P50                       | P99                       |
+---------------------------+---------------------------+---------------------------+
| clean                     | 101.308 us                | 245.013 us                |
| ProcessBack:Shuffle       | 7.522 ms                  | 12.571 ms                 |
| ProcessBack:UpdateCache   | 2.046 ms                  | 16.334 ms                 |
| ProcessBack:UpsertPq      | 32.561 us                 | 194.197 us                |
| ProcessOneStep            | 10.106 ms                 | 429.169 ms                |
| BlockToStepN              | 182.375 us                | 1.111 ms                  |
+---------------------------+---------------------------+---------------------------+
========== Step 164 ========== 
========== Step 165 ========== 
========== Step 166 ========== 
========== Step 167 ========== 
W20240211 09:31:01.883008 18769 grad_async_v2.h:257] pq is empty
========== Step 168 ========== 
W20240211 09:31:02.021167 19638 grad_async_v2.h:137] Detect new sample comes, old_end1, new_end9
========== Step 169 ========== 
========== Step 170 ========== 
========== Step 171 ========== 
========== Step 172 ========== 
========== Step 173 ========== 
E20240211 09:31:02.349067 19638 parallel_pq_v2.h:79] insert failed, size(hashtable)=4
========== Step 174 ========== 
========== Step 175 ========== 
========== Step 176 ========== 
W20240211 09:31:02.437202 18769 grad_async_v2.h:257] pq is empty
========== Step 177 ========== 
========== Step 178 ========== 
========== Step 179 ========== 
E20240211 09:31:02.754025 18769 grad_async_v2.h:404] Stalled in ProcessBackward: rank=0, step_no=179, sample_step_cpp_seen_[rank]=178
========== Step 180 ========== 
========== Step 181 ========== 
========== Step 182 ========== 
========== Step 183 ========== 
W20240211 09:31:03.043318 19638 grad_async_v2.h:137] Detect new sample comes, old_end0, new_end4
========== Step 184 ========== 
========== Step 185 ========== 
========== Step 186 ========== 
W20240211 09:31:03.095075 18769 grad_async_v2.h:257] pq is empty
========== Step 187 ========== 
========== Step 188 ========== 
========== Step 189 ========== 
========== Step 190 ========== 
========== Step 191 ========== 
E20240211 09:31:03.349041 19638 parallel_pq_v2.h:79] insert failed, size(hashtable)=5
========== Step 192 ========== 
========== Step 193 ========== 
========== Step 194 ========== 
========== Step 195 ========== 
========== Step 196 ========== 
========== Step 197 ========== 
========== Step 198 ========== 
========== Step 199 ========== 
W20240211 09:31:03.812279 18769 grad_async_v2.h:257] pq is empty
Step199:rank0, time: 5.614, per_step: 0.055581
Step199:rank1, time: 5.614, per_step: 0.055584
Step199:rank6, time: 5.614, per_step: 0.055580
Step199:rank7, time: 5.614, per_step: 0.055582
Step199:rank3, time: 5.614, per_step: 0.055581
Step199:rank5, time: 5.614, per_step: 0.055582
Step199:rank4, time: 5.614, per_step: 0.055586
Step199:rank2, time: 5.614, per_step: 0.055587
+---------------------------+---------------------------+---------------------------+
| Name                      | P50                       | P99                       |
+---------------------------+---------------------------+---------------------------+
| GenInput:CircleBuffer     | 100.102 us                | 999.588 us                |
| GenInput                  | 502.504 us                | 5.582 ms                  |
| NN                        | 738.838 us                | 4.260 ms                  |
| Forward                   | 922.942 us                | 4.491 ms                  |
| Backward                  | 2.504 ms                  | 5.966 ms                  |
| Optimize                  | 203.547 us                | 629.648 us                |
| BarrierTimeBeforeRank0    | 524.209 us                | 1.671 ms                  |
| AfterBackward             | 10.142 ms                 | 436.898 ms                |
| BlockToStepN              | 281.289 us                | 1.224 ms                  |
| OneStep                   | 15.804 ms                 | 444.181 ms                |
+---------------------------+---------------------------+---------------------------+
========== Step 200 ========== 
W20240211 09:31:03.828305 18769 grad_async_v2.h:257] pq is empty
========== Step 201 ========== 
========== Step 202 ========== 
========== Step 203 ========== 
W20240211 09:31:04.086165 19638 grad_async_v2.h:137] Detect new sample comes, old_end6, new_end4
E20240211 09:31:04.349071 19638 parallel_pq_v2.h:79] insert failed, size(hashtable)=1
========== Step 204 ========== 
========== Step 205 ========== 
========== Step 206 ========== 
========== Step 207 ========== 
========== Step 208 ========== 
========== Step 209 ========== 
========== Step 210 ========== 
========== Step 211 ========== 
========== Step 212 ========== 
========== Step 213 ========== 
========== Step 214 ========== 
========== Step 215 ========== 
+---------------------------+---------------------------+---------------------------+
| Name                      | P50                       | P99                       |
+---------------------------+---------------------------+---------------------------+
| GenInput:CircleBuffer     | 100.656 us                | 999.588 us                |
| GenInput                  | 499.761 us                | 5.582 ms                  |
| NN                        | 750.375 us                | 4.260 ms                  |
| Forward                   | 935.888 us                | 4.491 ms                  |
| Backward                  | 2.468 ms                  | 5.966 ms                  |
| Optimize                  | 206.108 us                | 629.648 us                |
| BarrierTimeBeforeRank0    | 524.209 us                | 1.919 ms                  |
| AfterBackward             | 10.277 ms                 | 436.898 ms                |
| BlockToStepN              | 293.680 us                | 1.224 ms                  |
| OneStep                   | 15.940 ms                 | 444.181 ms                |
+---------------------------+---------------------------+---------------------------+
W20240211 09:31:05.133958 19638 grad_async_v2.h:137] Detect new sample comes, old_end5, new_end6
========== Step 216 ========== 
========== Step 217 ========== 
========== Step 218 ========== 
========== Step 219 ========== 
========== Step 220 ========== 
========== Step 221 ========== 
========== Step 222 ========== 
========== Step 223 ========== 
E20240211 09:31:05.349061 19638 parallel_pq_v2.h:79] insert failed, size(hashtable)=2
========== Step 224 ========== 
========== Step 225 ========== 
========== Step 226 ========== 
W20240211 09:31:05.519068 18769 grad_async_v2.h:257] pq is empty
========== Step 227 ========== 
========== Step 228 ========== 
========== Step 229 ========== 
========== Step 230 ========== 
========== Step 231 ========== 
========== Step 232 ========== 
========== Step 233 ========== 
========== Step 234 ========== 
========== Step 235 ========== 
W20240211 09:31:06.158298 19638 grad_async_v2.h:137] Detect new sample comes, old_end8, new_end6
========== Step 236 ========== 
========== Step 237 ========== 
========== Step 238 ========== 
========== Step 239 ========== 
E20240211 09:31:06.349025 19638 parallel_pq_v2.h:79] insert failed, size(hashtable)=2
+---------------------------+---------------------------+---------------------------+
| Name                      | P50                       | P99                       |
+---------------------------+---------------------------+---------------------------+
| clean                     | 104.963 us                | 242.245 us                |
| ProcessBack:Shuffle       | 7.550 ms                  | 16.386 ms                 |
| ProcessBack:UpdateCache   | 2.111 ms                  | 16.334 ms                 |
| ProcessBack:UpsertPq      | 35.396 us                 | 194.197 us                |
| ProcessOneStep            | 10.316 ms                 | 495.970 ms                |
| BlockToStepN              | 264.384 us                | 1.111 ms                  |
+---------------------------+---------------------------+---------------------------+
========== Step 240 ========== 
