WARNING: Logging before InitGoogleLogging() is written to STDERR
I20240205 22:18:13.645186 60439 IPC_barrier.h:128] MultiProcessBarrierFactory->ClearIPCMemory()
/data/home/xieminhui/RecStore/src/framework_adapters/torch/kg/dgl-0.9.1/python/dgl/_deprecate/graph.py:1023: DGLWarning: multigraph will be deprecated.DGL will treat all graphs as multigraph in the future.
  dgl_warning("multigraph will be deprecated." \
/data/home/xieminhui/RecStore/src/framework_adapters/torch/kg/dgl-0.9.1/python/dgl/heterograph.py:72: DGLWarning: Recommend creating graphs by `dgl.graph(data)` instead of `dgl.DGLGraph(data)`.
  dgl_warning('Recommend creating graphs by `dgl.graph(data)`'
Reading train triples....
Finished. Read 483142 train triples.
Reading valid triples....
Finished. Read 50000 valid triples.
Reading test triples....
Finished. Read 59071 test triples.
ARGS:  Namespace(model_name='SimplE', data_path='/home/xieminhui/dgl-data', dataset='FB15k', format='built_in', data_files=None, delimiter='\t', save_path='/tmp/ckpts/SimplE_FB15k_61', no_save_emb=True, max_step=500, batch_size=2000, batch_size_eval=16, neg_sample_size=200, neg_deg_sample=False, neg_deg_sample_eval=False, neg_sample_size_eval=14951, eval_percent=1, no_eval_filter=False, log_interval=100, eval_interval=10000, test=False, num_proc=8, num_thread=1, force_sync_interval=1, hidden_dim=400, lr=0.01, gamma=16.0, double_ent=False, double_rel=False, neg_adversarial_sampling=False, adversarial_temperature=1.0, regularization_coef=0.0, regularization_norm=3, pairwise=False, loss_genre='Logsigmoid', margin=1.0, nr_gpus=8, gpu=[0, 1, 2, 3, 4, 5, 6, 7], mix_cpu_gpu=True, valid=False, rel_part=False, async_update=None, has_edge_importance=False, cached_emb_type='KnownLocalCachedEmbedding', use_my_emb=True, cache_ratio=0.05, shuffle=False, backwardMode='PySync', L=10, nr_background_threads=32, update_cache_use_omp=0, update_pq_use_omp=0, kForwardItersPerStep=2, backgrad_init='both', eval_filter=True, soft_rel_part=False)
|Train|: 483142
original graph:  DGLGraph(num_nodes=14951, num_edges=592213,
         ndata_schemes={}
         edata_schemes={'tid': Scheme(shape=(), dtype=torch.int64)})
Loading cached metis
WARNING [60439 sampler.py:454] Start PreSampling
WARNING [60439 sampler.py:532] Before construct renumbering_dict
WARNING [60439 sampler.py:555] PreSampling done
W20240205 22:18:18.452641 60439 IPCTensor.h:369] NewIPCTensor: cached_sampler_r0_0 [1000000]0x100000002000 7.629 MB
W20240205 22:18:18.452857 60439 IPCTensor.h:369] NewIPCTensor: cached_sampler_r0_1 [1000000]0x1000007a5000 7.629 MB
W20240205 22:18:18.452896 60439 IPCTensor.h:369] NewIPCTensor: cached_sampler_r0_2 [1000000]0x100000f48000 7.629 MB
W20240205 22:18:18.452945 60439 IPCTensor.h:369] NewIPCTensor: cached_sampler_r0_3 [1000000]0x1000016eb000 7.629 MB
W20240205 22:18:18.452977 60439 IPCTensor.h:369] NewIPCTensor: cached_sampler_r0_4 [1000000]0x100001e8e000 7.629 MB
W20240205 22:18:18.453016 60439 IPCTensor.h:369] NewIPCTensor: cached_sampler_r0_5 [1000000]0x100002631000 7.629 MB
W20240205 22:18:18.453055 60439 IPCTensor.h:369] NewIPCTensor: cached_sampler_r0_6 [1000000]0x100002dd4000 7.629 MB
W20240205 22:18:18.453161 60439 IPCTensor.h:369] NewIPCTensor: cached_sampler_r0_7 [1000000]0x100003577000 7.629 MB
W20240205 22:18:18.453202 60439 IPCTensor.h:369] NewIPCTensor: cached_sampler_r0_8 [1000000]0x100003d1a000 7.629 MB
W20240205 22:18:18.453233 60439 IPCTensor.h:369] NewIPCTensor: cached_sampler_r0_9 [1000000]0x1000044bd000 7.629 MB
W20240205 22:18:18.453284 60439 IPCTensor.h:369] NewIPCTensor: step_r0 [10]0x100004c60000 80 B 
W20240205 22:18:18.453316 60439 IPCTensor.h:369] NewIPCTensor: circle_buffer_end_r0 [1]0x100004c62000 8 B 
W20240205 22:18:18.453348 60439 IPCTensor.h:369] NewIPCTensor: circle_buffer_end_cppseen_r0 [1]0x100004c64000 8 B 
W20240205 22:18:18.453536 60439 IPCTensor.h:369] NewIPCTensor: cached_sampler_r1_0 [1000000]0x100004c66000 7.629 MB
W20240205 22:18:18.453599 60439 IPCTensor.h:369] NewIPCTensor: cached_sampler_r1_1 [1000000]0x100005409000 7.629 MB
W20240205 22:18:18.453631 60439 IPCTensor.h:369] NewIPCTensor: cached_sampler_r1_2 [1000000]0x100005bac000 7.629 MB
W20240205 22:18:18.453682 60439 IPCTensor.h:369] NewIPCTensor: cached_sampler_r1_3 [1000000]0x10000634f000 7.629 MB
W20240205 22:18:18.453722 60439 IPCTensor.h:369] NewIPCTensor: cached_sampler_r1_4 [1000000]0x100006af2000 7.629 MB
W20240205 22:18:18.453770 60439 IPCTensor.h:369] NewIPCTensor: cached_sampler_r1_5 [1000000]0x100007295000 7.629 MB
W20240205 22:18:18.453819 60439 IPCTensor.h:369] NewIPCTensor: cached_sampler_r1_6 [1000000]0x100007a38000 7.629 MB
W20240205 22:18:18.453860 60439 IPCTensor.h:369] NewIPCTensor: cached_sampler_r1_7 [1000000]0x1000081db000 7.629 MB
W20240205 22:18:18.453904 60439 IPCTensor.h:369] NewIPCTensor: cached_sampler_r1_8 [1000000]0x10000897e000 7.629 MB
W20240205 22:18:18.453935 60439 IPCTensor.h:369] NewIPCTensor: cached_sampler_r1_9 [1000000]0x100009121000 7.629 MB
W20240205 22:18:18.453976 60439 IPCTensor.h:369] NewIPCTensor: step_r1 [10]0x1000098c4000 80 B 
W20240205 22:18:18.454003 60439 IPCTensor.h:369] NewIPCTensor: circle_buffer_end_r1 [1]0x1000098c6000 8 B 
W20240205 22:18:18.454032 60439 IPCTensor.h:369] NewIPCTensor: circle_buffer_end_cppseen_r1 [1]0x1000098c8000 8 B 
W20240205 22:18:18.454102 60439 IPCTensor.h:369] NewIPCTensor: cached_sampler_r2_0 [1000000]0x1000098ca000 7.629 MB
W20240205 22:18:18.454140 60439 IPCTensor.h:369] NewIPCTensor: cached_sampler_r2_1 [1000000]0x10000a06d000 7.629 MB
W20240205 22:18:18.454171 60439 IPCTensor.h:369] NewIPCTensor: cached_sampler_r2_2 [1000000]0x10000a810000 7.629 MB
W20240205 22:18:18.454209 60439 IPCTensor.h:369] NewIPCTensor: cached_sampler_r2_3 [1000000]0x10000afb3000 7.629 MB
W20240205 22:18:18.454241 60439 IPCTensor.h:369] NewIPCTensor: cached_sampler_r2_4 [1000000]0x10000b756000 7.629 MB
W20240205 22:18:18.454277 60439 IPCTensor.h:369] NewIPCTensor: cached_sampler_r2_5 [1000000]0x10000bef9000 7.629 MB
W20240205 22:18:18.454308 60439 IPCTensor.h:369] NewIPCTensor: cached_sampler_r2_6 [1000000]0x10000c69c000 7.629 MB
W20240205 22:18:18.454342 60439 IPCTensor.h:369] NewIPCTensor: cached_sampler_r2_7 [1000000]0x10000ce3f000 7.629 MB
W20240205 22:18:18.454380 60439 IPCTensor.h:369] NewIPCTensor: cached_sampler_r2_8 [1000000]0x10000d5e2000 7.629 MB
W20240205 22:18:18.454419 60439 IPCTensor.h:369] NewIPCTensor: cached_sampler_r2_9 [1000000]0x10000dd85000 7.629 MB
W20240205 22:18:18.454459 60439 IPCTensor.h:369] NewIPCTensor: step_r2 [10]0x10000e528000 80 B 
W20240205 22:18:18.454486 60439 IPCTensor.h:369] NewIPCTensor: circle_buffer_end_r2 [1]0x10000e52a000 8 B 
W20240205 22:18:18.454519 60439 IPCTensor.h:369] NewIPCTensor: circle_buffer_end_cppseen_r2 [1]0x10000e52c000 8 B 
W20240205 22:18:18.454584 60439 IPCTensor.h:369] NewIPCTensor: cached_sampler_r3_0 [1000000]0x10000e52e000 7.629 MB
W20240205 22:18:18.454628 60439 IPCTensor.h:369] NewIPCTensor: cached_sampler_r3_1 [1000000]0x10000ecd1000 7.629 MB
W20240205 22:18:18.454671 60439 IPCTensor.h:369] NewIPCTensor: cached_sampler_r3_2 [1000000]0x10000f474000 7.629 MB
W20240205 22:18:18.454708 60439 IPCTensor.h:369] NewIPCTensor: cached_sampler_r3_3 [1000000]0x10000fc17000 7.629 MB
W20240205 22:18:18.454741 60439 IPCTensor.h:369] NewIPCTensor: cached_sampler_r3_4 [1000000]0x1000103ba000 7.629 MB
W20240205 22:18:18.454778 60439 IPCTensor.h:369] NewIPCTensor: cached_sampler_r3_5 [1000000]0x100010b5d000 7.629 MB
W20240205 22:18:18.454816 60439 IPCTensor.h:369] NewIPCTensor: cached_sampler_r3_6 [1000000]0x100011300000 7.629 MB
W20240205 22:18:18.454857 60439 IPCTensor.h:369] NewIPCTensor: cached_sampler_r3_7 [1000000]0x100011aa3000 7.629 MB
W20240205 22:18:18.454888 60439 IPCTensor.h:369] NewIPCTensor: cached_sampler_r3_8 [1000000]0x100012246000 7.629 MB
W20240205 22:18:18.454926 60439 IPCTensor.h:369] NewIPCTensor: cached_sampler_r3_9 [1000000]0x1000129e9000 7.629 MB
W20240205 22:18:18.454969 60439 IPCTensor.h:369] NewIPCTensor: step_r3 [10]0x10001318c000 80 B 
W20240205 22:18:18.454996 60439 IPCTensor.h:369] NewIPCTensor: circle_buffer_end_r3 [1]0x10001318e000 8 B 
W20240205 22:18:18.455031 60439 IPCTensor.h:369] NewIPCTensor: circle_buffer_end_cppseen_r3 [1]0x100013190000 8 B 
W20240205 22:18:18.455096 60439 IPCTensor.h:369] NewIPCTensor: cached_sampler_r4_0 [1000000]0x100013192000 7.629 MB
W20240205 22:18:18.455138 60439 IPCTensor.h:369] NewIPCTensor: cached_sampler_r4_1 [1000000]0x100013935000 7.629 MB
W20240205 22:18:18.455178 60439 IPCTensor.h:369] NewIPCTensor: cached_sampler_r4_2 [1000000]0x1000140d8000 7.629 MB
W20240205 22:18:18.455214 60439 IPCTensor.h:369] NewIPCTensor: cached_sampler_r4_3 [1000000]0x10001487b000 7.629 MB
W20240205 22:18:18.455248 60439 IPCTensor.h:369] NewIPCTensor: cached_sampler_r4_4 [1000000]0x10001501e000 7.629 MB
W20240205 22:18:18.455279 60439 IPCTensor.h:369] NewIPCTensor: cached_sampler_r4_5 [1000000]0x1000157c1000 7.629 MB
W20240205 22:18:18.455310 60439 IPCTensor.h:369] NewIPCTensor: cached_sampler_r4_6 [1000000]0x100015f64000 7.629 MB
W20240205 22:18:18.455348 60439 IPCTensor.h:369] NewIPCTensor: cached_sampler_r4_7 [1000000]0x100016707000 7.629 MB
W20240205 22:18:18.455389 60439 IPCTensor.h:369] NewIPCTensor: cached_sampler_r4_8 [1000000]0x100016eaa000 7.629 MB
W20240205 22:18:18.455426 60439 IPCTensor.h:369] NewIPCTensor: cached_sampler_r4_9 [1000000]0x10001764d000 7.629 MB
W20240205 22:18:18.455461 60439 IPCTensor.h:369] NewIPCTensor: step_r4 [10]0x100017df0000 80 B 
W20240205 22:18:18.455487 60439 IPCTensor.h:369] NewIPCTensor: circle_buffer_end_r4 [1]0x100017df2000 8 B 
W20240205 22:18:18.455514 60439 IPCTensor.h:369] NewIPCTensor: circle_buffer_end_cppseen_r4 [1]0x100017df4000 8 B 
W20240205 22:18:18.455571 60439 IPCTensor.h:369] NewIPCTensor: cached_sampler_r5_0 [1000000]0x100017df6000 7.629 MB
W20240205 22:18:18.455611 60439 IPCTensor.h:369] NewIPCTensor: cached_sampler_r5_1 [1000000]0x100018599000 7.629 MB
W20240205 22:18:18.455643 60439 IPCTensor.h:369] NewIPCTensor: cached_sampler_r5_2 [1000000]0x100018d3c000 7.629 MB
W20240205 22:18:18.455674 60439 IPCTensor.h:369] NewIPCTensor: cached_sampler_r5_3 [1000000]0x1000194df000 7.629 MB
W20240205 22:18:18.455718 60439 IPCTensor.h:369] NewIPCTensor: cached_sampler_r5_4 [1000000]0x100019c82000 7.629 MB
W20240205 22:18:18.455749 60439 IPCTensor.h:369] NewIPCTensor: cached_sampler_r5_5 [1000000]0x10001a425000 7.629 MB
W20240205 22:18:18.455788 60439 IPCTensor.h:369] NewIPCTensor: cached_sampler_r5_6 [1000000]0x10001abc8000 7.629 MB
W20240205 22:18:18.455830 60439 IPCTensor.h:369] NewIPCTensor: cached_sampler_r5_7 [1000000]0x10001b36b000 7.629 MB
W20240205 22:18:18.455870 60439 IPCTensor.h:369] NewIPCTensor: cached_sampler_r5_8 [1000000]0x10001bb0e000 7.629 MB
W20240205 22:18:18.455909 60439 IPCTensor.h:369] NewIPCTensor: cached_sampler_r5_9 [1000000]0x10001c2b1000 7.629 MB
W20240205 22:18:18.455942 60439 IPCTensor.h:369] NewIPCTensor: step_r5 [10]0x10001ca54000 80 B 
W20240205 22:18:18.455968 60439 IPCTensor.h:369] NewIPCTensor: circle_buffer_end_r5 [1]0x10001ca56000 8 B 
W20240205 22:18:18.455996 60439 IPCTensor.h:369] NewIPCTensor: circle_buffer_end_cppseen_r5 [1]0x10001ca58000 8 B 
W20240205 22:18:18.456061 60439 IPCTensor.h:369] NewIPCTensor: cached_sampler_r6_0 [1000000]0x10001ca5a000 7.629 MB
W20240205 22:18:18.456100 60439 IPCTensor.h:369] NewIPCTensor: cached_sampler_r6_1 [1000000]0x10001d1fd000 7.629 MB
W20240205 22:18:18.456141 60439 IPCTensor.h:369] NewIPCTensor: cached_sampler_r6_2 [1000000]0x10001d9a0000 7.629 MB
W20240205 22:18:18.456185 60439 IPCTensor.h:369] NewIPCTensor: cached_sampler_r6_3 [1000000]0x10001e143000 7.629 MB
W20240205 22:18:18.456230 60439 IPCTensor.h:369] NewIPCTensor: cached_sampler_r6_4 [1000000]0x10001e8e6000 7.629 MB
W20240205 22:18:18.456269 60439 IPCTensor.h:369] NewIPCTensor: cached_sampler_r6_5 [1000000]0x10001f089000 7.629 MB
W20240205 22:18:18.456306 60439 IPCTensor.h:369] NewIPCTensor: cached_sampler_r6_6 [1000000]0x10001f82c000 7.629 MB
W20240205 22:18:18.456337 60439 IPCTensor.h:369] NewIPCTensor: cached_sampler_r6_7 [1000000]0x10001ffcf000 7.629 MB
W20240205 22:18:18.456387 60439 IPCTensor.h:369] NewIPCTensor: cached_sampler_r6_8 [1000000]0x100020772000 7.629 MB
W20240205 22:18:18.456434 60439 IPCTensor.h:369] NewIPCTensor: cached_sampler_r6_9 [1000000]0x100020f15000 7.629 MB
W20240205 22:18:18.456470 60439 IPCTensor.h:369] NewIPCTensor: step_r6 [10]0x1000216b8000 80 B 
W20240205 22:18:18.456498 60439 IPCTensor.h:369] NewIPCTensor: circle_buffer_end_r6 [1]0x1000216ba000 8 B 
W20240205 22:18:18.456526 60439 IPCTensor.h:369] NewIPCTensor: circle_buffer_end_cppseen_r6 [1]0x1000216bc000 8 B 
W20240205 22:18:18.456590 60439 IPCTensor.h:369] NewIPCTensor: cached_sampler_r7_0 [1000000]0x1000216be000 7.629 MB
W20240205 22:18:18.456636 60439 IPCTensor.h:369] NewIPCTensor: cached_sampler_r7_1 [1000000]0x100021e61000 7.629 MB
W20240205 22:18:18.456676 60439 IPCTensor.h:369] NewIPCTensor: cached_sampler_r7_2 [1000000]0x100022604000 7.629 MB
W20240205 22:18:18.456717 60439 IPCTensor.h:369] NewIPCTensor: cached_sampler_r7_3 [1000000]0x100022da7000 7.629 MB
W20240205 22:18:18.456758 60439 IPCTensor.h:369] NewIPCTensor: cached_sampler_r7_4 [1000000]0x10002354a000 7.629 MB
W20240205 22:18:18.456807 60439 IPCTensor.h:369] NewIPCTensor: cached_sampler_r7_5 [1000000]0x100023ced000 7.629 MB
W20240205 22:18:18.456840 60439 IPCTensor.h:369] NewIPCTensor: cached_sampler_r7_6 [1000000]0x100024490000 7.629 MB
W20240205 22:18:18.456880 60439 IPCTensor.h:369] NewIPCTensor: cached_sampler_r7_7 [1000000]0x100024c33000 7.629 MB
W20240205 22:18:18.456920 60439 IPCTensor.h:369] NewIPCTensor: cached_sampler_r7_8 [1000000]0x1000253d6000 7.629 MB
W20240205 22:18:18.456966 60439 IPCTensor.h:369] NewIPCTensor: cached_sampler_r7_9 [1000000]0x100025b79000 7.629 MB
W20240205 22:18:18.457001 60439 IPCTensor.h:369] NewIPCTensor: step_r7 [10]0x10002631c000 80 B 
W20240205 22:18:18.457029 60439 IPCTensor.h:369] NewIPCTensor: circle_buffer_end_r7 [1]0x10002631e000 8 B 
W20240205 22:18:18.457063 60439 IPCTensor.h:369] NewIPCTensor: circle_buffer_end_cppseen_r7 [1]0x100026320000 8 B 
W20240205 22:18:18.685278 60439 IPCTensor.h:369] NewIPCTensor: full_emb [14951, 400]0x100026322000 22.81 MB
W20240205 22:18:18.717830 60439 IPCTensor.h:369] NewIPCTensor: full_emb_SparseRowWiseAdaGrad_sum [14951]0x1000279f4000 58.4 kB
{0: Graph(num_nodes=8499, num_edges=86694,
      ndata_schemes={'_ID': Scheme(shape=(), dtype=torch.int64), 'inner_node': Scheme(shape=(), dtype=torch.int32), 'part_id': Scheme(shape=(), dtype=torch.int64)}
      edata_schemes={'_ID': Scheme(shape=(), dtype=torch.int64), 'inner_edge': Scheme(shape=(), dtype=torch.int8)}), 1: Graph(num_nodes=6140, num_edges=88951,
      ndata_schemes={'_ID': Scheme(shape=(), dtype=torch.int64), 'inner_node': Scheme(shape=(), dtype=torch.int32), 'part_id': Scheme(shape=(), dtype=torch.int64)}
      edata_schemes={'_ID': Scheme(shape=(), dtype=torch.int64), 'inner_edge': Scheme(shape=(), dtype=torch.int8)}), 2: Graph(num_nodes=8646, num_edges=109741,
      ndata_schemes={'_ID': Scheme(shape=(), dtype=torch.int64), 'inner_node': Scheme(shape=(), dtype=torch.int32), 'part_id': Scheme(shape=(), dtype=torch.int64)}
      edata_schemes={'_ID': Scheme(shape=(), dtype=torch.int64), 'inner_edge': Scheme(shape=(), dtype=torch.int8)}), 3: Graph(num_nodes=8503, num_edges=86907,
      ndata_schemes={'_ID': Scheme(shape=(), dtype=torch.int64), 'inner_node': Scheme(shape=(), dtype=torch.int32), 'part_id': Scheme(shape=(), dtype=torch.int64)}
      edata_schemes={'_ID': Scheme(shape=(), dtype=torch.int64), 'inner_edge': Scheme(shape=(), dtype=torch.int8)}), 4: Graph(num_nodes=10597, num_edges=122217,
      ndata_schemes={'_ID': Scheme(shape=(), dtype=torch.int64), 'inner_node': Scheme(shape=(), dtype=torch.int32), 'part_id': Scheme(shape=(), dtype=torch.int64)}
      edata_schemes={'_ID': Scheme(shape=(), dtype=torch.int64), 'inner_edge': Scheme(shape=(), dtype=torch.int8)}), 5: Graph(num_nodes=8255, num_edges=102550,
      ndata_schemes={'_ID': Scheme(shape=(), dtype=torch.int64), 'inner_node': Scheme(shape=(), dtype=torch.int32), 'part_id': Scheme(shape=(), dtype=torch.int64)}
      edata_schemes={'_ID': Scheme(shape=(), dtype=torch.int64), 'inner_edge': Scheme(shape=(), dtype=torch.int8)}), 6: Graph(num_nodes=7422, num_edges=104094,
      ndata_schemes={'_ID': Scheme(shape=(), dtype=torch.int64), 'inner_node': Scheme(shape=(), dtype=torch.int32), 'part_id': Scheme(shape=(), dtype=torch.int64)}
      edata_schemes={'_ID': Scheme(shape=(), dtype=torch.int64), 'inner_edge': Scheme(shape=(), dtype=torch.int8)}), 7: Graph(num_nodes=7815, num_edges=137832,
      ndata_schemes={'_ID': Scheme(shape=(), dtype=torch.int64), 'inner_node': Scheme(shape=(), dtype=torch.int32), 'part_id': Scheme(shape=(), dtype=torch.int64)}
      edata_schemes={'_ID': Scheme(shape=(), dtype=torch.int64), 'inner_edge': Scheme(shape=(), dtype=torch.int8)})}
MertisPartition: part 0 has 8499 N 86694 E
MertisPartition: part 1 has 6140 N 88951 E
MertisPartition: part 2 has 8646 N 109741 E
MertisPartition: part 3 has 8503 N 86907 E
MertisPartition: part 4 has 10597 N 122217 E
MertisPartition: part 5 has 8255 N 102550 E
MertisPartition: part 6 has 7422 N 104094 E
MertisPartition: part 7 has 7815 N 137832 E
Rank0: cached key size 93
Rank1: cached key size 93
Rank2: cached key size 93
Rank3: cached key size 93
Rank4: cached key size 93
Rank5: cached key size 93
Rank6: cached key size 93
Rank7: cached key size 93
Before renumbering graph:  {'_ID': tensor([    0,    15,    36,  ..., 11946,  9147, 13282]), 'inner_node': tensor([1, 1, 1,  ..., 0, 0, 0], dtype=torch.int32), 'part_id': tensor([0, 0, 0,  ..., 6, 3, 7])}
After renumbering graph:  {'_ID': tensor([  763,  1254,  1923,  ...,  8007, 10431,  5894]), 'inner_node': tensor([1, 1, 1,  ..., 0, 0, 0], dtype=torch.int32), 'part_id': tensor([0, 0, 0,  ..., 6, 3, 7])}
part_g: DGLGraph(num_nodes=8499, num_edges=86694,
         ndata_schemes={'_ID': Scheme(shape=(), dtype=torch.int64)}
         edata_schemes={'tid': Scheme(shape=(), dtype=torch.int64)})
part_g: DGLGraph(num_nodes=8499, num_edges=86694,
         ndata_schemes={'_ID': Scheme(shape=(), dtype=torch.int64)}
         edata_schemes={'tid': Scheme(shape=(), dtype=torch.int64)})
Total initialize time 5.106 seconds
[Rank1] pid = 60642
[Rank2] pid = 60705
[Rank3] pid = 60770
[Rank4] pid = 60834
[Rank5] pid = 60898
[Rank6] pid = 60899
INFO [60439 distributed_c10d.py:442] Added key: store_based_barrier_key:1 to store for rank: 0
INFO [60642 distributed_c10d.py:442] Added key: store_based_barrier_key:1 to store for rank: 1
INFO [60705 distributed_c10d.py:442] Added key: store_based_barrier_key:1 to store for rank: 2
INFO [60770 distributed_c10d.py:442] Added key: store_based_barrier_key:1 to store for rank: 3
INFO [60834 distributed_c10d.py:442] Added key: store_based_barrier_key:1 to store for rank: 4
INFO [60899 distributed_c10d.py:442] Added key: store_based_barrier_key:1 to store for rank: 6
INFO [61028 distributed_c10d.py:442] Added key: store_based_barrier_key:1 to store for rank: 7
INFO [60898 distributed_c10d.py:442] Added key: store_based_barrier_key:1 to store for rank: 5
INFO [60899 distributed_c10d.py:476] Rank 6: Completed store-based barrier for key:store_based_barrier_key:1 with 8 nodes.
INFO [60834 distributed_c10d.py:476] Rank 4: Completed store-based barrier for key:store_based_barrier_key:1 with 8 nodes.
INFO [60770 distributed_c10d.py:476] Rank 3: Completed store-based barrier for key:store_based_barrier_key:1 with 8 nodes.
INFO [60898 distributed_c10d.py:476] Rank 5: Completed store-based barrier for key:store_based_barrier_key:1 with 8 nodes.
INFO [61028 distributed_c10d.py:476] Rank 7: Completed store-based barrier for key:store_based_barrier_key:1 with 8 nodes.
INFO [60705 distributed_c10d.py:476] Rank 2: Completed store-based barrier for key:store_based_barrier_key:1 with 8 nodes.
INFO [60642 distributed_c10d.py:476] Rank 1: Completed store-based barrier for key:store_based_barrier_key:1 with 8 nodes.
INFO [60439 distributed_c10d.py:476] Rank 0: Completed store-based barrier for key:store_based_barrier_key:1 with 8 nodes.
W20240205 22:18:21.304905 60927 IPCTensor.h:409] NewIPCGPUTensor: embedding_cache_6 [747, 400]; dev=6; size=1.14 MB
W20240205 22:18:21.305213 60835 IPCTensor.h:409] NewIPCGPUTensor: embedding_cache_4 [747, 400]; dev=4; size=1.14 MB
W20240205 22:18:21.305210 60771 IPCTensor.h:409] NewIPCGPUTensor: embedding_cache_3 [747, 400]; dev=3; size=1.14 MB
W20240205 22:18:21.306350 60643 IPCTensor.h:409] NewIPCGPUTensor: embedding_cache_1 [747, 400]; dev=1; size=1.14 MB
W20240205 22:18:21.306489 60900 IPCTensor.h:409] NewIPCGPUTensor: embedding_cache_5 [747, 400]; dev=5; size=1.14 MB
W20240205 22:18:21.306844 61034 IPCTensor.h:409] NewIPCGPUTensor: embedding_cache_7 [747, 400]; dev=7; size=1.14 MB
W20240205 22:18:21.306874 60707 IPCTensor.h:409] NewIPCGPUTensor: embedding_cache_2 [747, 400]; dev=2; size=1.14 MB
W20240205 22:18:21.307607 61030 IPCTensor.h:409] NewIPCGPUTensor: embedding_cache_0 [747, 400]; dev=0; size=1.14 MB
W20240205 22:18:21.336525 60927 IPCTensor.h:369] NewIPCTensor: input_keys_6 [1000000]0x100027a06000 7.629 MB
W20240205 22:18:21.336715 60927 IPCTensor.h:369] NewIPCTensor: input_keys_neg_6 [1000000]0x1000281a9000 7.629 MB
W20240205 22:18:21.336786 60927 IPCTensor.h:369] NewIPCTensor: backward_grads_6 [1000000, 400]0x10002894c000 1.49 GB
W20240205 22:18:21.336839 60927 IPCTensor.h:369] NewIPCTensor: backward_grads_neg_6 [1000000, 400]0x100087f2f000 1.49 GB
W20240205 22:18:21.336884 60927 IPCTensor.h:409] NewIPCGPUTensor: backward_grads_6_gpu [1000000, 400]; dev=6; size=1.49 GB
W20240205 22:18:21.338667 60927 IPCTensor.h:409] NewIPCGPUTensor: backward_grads_neg_6_gpu [1000000, 400]; dev=6; size=1.49 GB
W20240205 22:18:21.350558 60643 IPCTensor.h:369] NewIPCTensor: input_keys_1 [1000000]0x1000e751e000 7.629 MB
W20240205 22:18:21.350646 61034 IPCTensor.h:369] NewIPCTensor: input_keys_7 [1000000]0x1000e7cc7000 7.629 MB
W20240205 22:18:21.350710 60900 IPCTensor.h:369] NewIPCTensor: input_keys_5 [1000000]0x1000e846a000 7.629 MB
W20240205 22:18:21.350791 60707 IPCTensor.h:369] NewIPCTensor: input_keys_2 [1000000]0x1000e8c0d000 7.629 MB
W20240205 22:18:21.350850 61034 IPCTensor.h:369] NewIPCTensor: input_keys_neg_7 [1000000]0x1000e93b0000 7.629 MB
W20240205 22:18:21.350874 60771 IPCTensor.h:369] NewIPCTensor: input_keys_3 [1000000]0x1000e9b53000 7.629 MB
W20240205 22:18:21.350929 61034 IPCTensor.h:369] NewIPCTensor: backward_grads_7 [1000000, 400]0x1000ea2f6000 1.49 GB
W20240205 22:18:21.350983 61034 IPCTensor.h:369] NewIPCTensor: backward_grads_neg_7 [1000000, 400]0x1001498d9000 1.49 GB
W20240205 22:18:21.350993 60707 IPCTensor.h:369] NewIPCTensor: input_keys_neg_2 [1000000]0x1001a8ebc000 7.629 MB
W20240205 22:18:21.351001 60643 IPCTensor.h:369] NewIPCTensor: input_keys_neg_1 [1000000]0x1001a965f000 7.629 MB
W20240205 22:18:21.351020 60900 IPCTensor.h:369] NewIPCTensor: input_keys_neg_5 [1000000]0x1001a9e02000 7.629 MB
W20240205 22:18:21.351065 61034 IPCTensor.h:409] NewIPCGPUTensor: backward_grads_7_gpu [1000000, 400]; dev=7; size=1.49 GB
W20240205 22:18:21.351044 60835 IPCTensor.h:369] NewIPCTensor: input_keys_4 [1000000]0x1001aa5a5000 7.629 MB
W20240205 22:18:21.351119 60707 IPCTensor.h:369] NewIPCTensor: backward_grads_2 [1000000, 400]0x1001aad48000 1.49 GB
W20240205 22:18:21.351137 60643 IPCTensor.h:369] NewIPCTensor: backward_grads_1 [1000000, 400]0x10020a32b000 1.49 GB
W20240205 22:18:21.351214 60707 IPCTensor.h:369] NewIPCTensor: backward_grads_neg_2 [1000000, 400]0x10026990e000 1.49 GB
W20240205 22:18:21.352632 60643 IPCTensor.h:369] NewIPCTensor: backward_grads_neg_1 [1000000, 400]0x1002c8ef1000 1.49 GB
W20240205 22:18:21.352672 60900 IPCTensor.h:369] NewIPCTensor: backward_grads_5 [1000000, 400]0x1003284d4000 1.49 GB
W20240205 22:18:21.352716 60643 IPCTensor.h:409] NewIPCGPUTensor: backward_grads_1_gpu [1000000, 400]; dev=1; size=1.49 GB
W20240205 22:18:21.352723 60771 IPCTensor.h:369] NewIPCTensor: input_keys_neg_3 [1000000]0x100387ab7000 7.629 MB
W20240205 22:18:21.352749 60707 IPCTensor.h:409] NewIPCGPUTensor: backward_grads_2_gpu [1000000, 400]; dev=2; size=1.49 GB
W20240205 22:18:21.352756 60900 IPCTensor.h:369] NewIPCTensor: backward_grads_neg_5 [1000000, 400]0x10038825a000 1.49 GB
W20240205 22:18:21.352784 60835 IPCTensor.h:369] NewIPCTensor: input_keys_neg_4 [1000000]0x1003e783d000 7.629 MB
W20240205 22:18:21.352838 60900 IPCTensor.h:409] NewIPCGPUTensor: backward_grads_5_gpu [1000000, 400]; dev=5; size=1.49 GB
W20240205 22:18:21.352849 60771 IPCTensor.h:369] NewIPCTensor: backward_grads_3 [1000000, 400]0x1003e8783000 1.49 GB
W20240205 22:18:21.352844 61030 IPCTensor.h:369] NewIPCTensor: input_keys_0 [1000000]0x1003e7fe0000 7.629 MB
W20240205 22:18:21.352895 60835 IPCTensor.h:369] NewIPCTensor: backward_grads_4 [1000000, 400]0x100447d66000 1.49 GB
W20240205 22:18:21.352941 60771 IPCTensor.h:369] NewIPCTensor: backward_grads_neg_3 [1000000, 400]0x1004a7349000 1.49 GB
W20240205 22:18:21.352970 60835 IPCTensor.h:369] NewIPCTensor: backward_grads_neg_4 [1000000, 400]0x10050692c000 1.49 GB
W20240205 22:18:21.353014 60771 IPCTensor.h:409] NewIPCGPUTensor: backward_grads_3_gpu [1000000, 400]; dev=3; size=1.49 GB
W20240205 22:18:21.353032 60835 IPCTensor.h:409] NewIPCGPUTensor: backward_grads_4_gpu [1000000, 400]; dev=4; size=1.49 GB
W20240205 22:18:21.354274 61030 IPCTensor.h:369] NewIPCTensor: input_keys_neg_0 [1000000]0x100565f11000 7.629 MB
W20240205 22:18:21.354364 61030 IPCTensor.h:369] NewIPCTensor: backward_grads_0 [1000000, 400]0x1005666b4000 1.49 GB
W20240205 22:18:21.354377 61034 IPCTensor.h:409] NewIPCGPUTensor: backward_grads_neg_7_gpu [1000000, 400]; dev=7; size=1.49 GB
W20240205 22:18:21.355938 61030 IPCTensor.h:369] NewIPCTensor: backward_grads_neg_0 [1000000, 400]0x1005c5c97000 1.49 GB
W20240205 22:18:21.357395 61030 IPCTensor.h:409] NewIPCGPUTensor: backward_grads_0_gpu [1000000, 400]; dev=0; size=1.49 GB
W20240205 22:18:21.364928 60643 IPCTensor.h:409] NewIPCGPUTensor: backward_grads_neg_1_gpu [1000000, 400]; dev=1; size=1.49 GB
W20240205 22:18:21.364970 60900 IPCTensor.h:409] NewIPCGPUTensor: backward_grads_neg_5_gpu [1000000, 400]; dev=5; size=1.49 GB
W20240205 22:18:21.364986 60707 IPCTensor.h:409] NewIPCGPUTensor: backward_grads_neg_2_gpu [1000000, 400]; dev=2; size=1.49 GB
W20240205 22:18:21.365010 60771 IPCTensor.h:409] NewIPCGPUTensor: backward_grads_neg_3_gpu [1000000, 400]; dev=3; size=1.49 GB
W20240205 22:18:21.365024 60835 IPCTensor.h:409] NewIPCGPUTensor: backward_grads_neg_4_gpu [1000000, 400]; dev=4; size=1.49 GB
W20240205 22:18:21.365027 61030 IPCTensor.h:409] NewIPCGPUTensor: backward_grads_neg_0_gpu [1000000, 400]; dev=0; size=1.49 GB
cudaHostRegister 0x100026322000
3: KnownLocalCachedEmbedding init done
cudaHostRegister 0x100026322000
1: KnownLocalCachedEmbedding init done
WARNING [60770 DistTensor.py:59] The tensor name already exists in the kvstore
WARNING [60642 DistTensor.py:59] The tensor name already exists in the kvstore
cudaHostRegister 0x100026322000
2: KnownLocalCachedEmbedding init done
WARNING [60705 DistTensor.py:59] The tensor name already exists in the kvstore
cudaHostRegister 0x100026322000
4: KnownLocalCachedEmbedding init done
WARNING [60834 DistTensor.py:59] The tensor name already exists in the kvstore
cudaHostRegister 0x100026322000
6: KnownLocalCachedEmbedding init done
WARNING [60899 DistTensor.py:59] The tensor name already exists in the kvstore
cudaHostRegister 0x100026322000
7: KnownLocalCachedEmbedding init done
cudaHostRegister 0x100026322000
5: KnownLocalCachedEmbedding init done
WARNING [61028 DistTensor.py:59] The tensor name already exists in the kvstore
WARNING [60898 DistTensor.py:59] The tensor name already exists in the kvstore
[Rank7] pid = 61028
New CachedEmbedding, name=full_emb, shape=(14951, 400), cache_type=KnownLocalCachedEmbedding
fixed cache_range is [(0, 747), (747, 1494), (1494, 2241), (2241, 2988), (2988, 3735), (3735, 4482), (4482, 5229), (5229, 5976)]
cudaHostRegister 0x100026322000
0: KnownLocalCachedEmbedding init done
WARNING [60439 DistTensor.py:59] The tensor name already exists in the kvstore
I20240205 22:18:23.379520 61030 IPC_barrier.h:118] CreateBarrier: new barrier, name: kgcachecontroller, count: 8
I20240205 22:18:23.380017 60771 IPC_barrier.h:112] CreateBarrier: find existing barrier, name: kgcachecontroller, count: 8
I20240205 22:18:23.380172 60643 IPC_barrier.h:112] CreateBarrier: find existing barrier, name: kgcachecontroller, count: 8
I20240205 22:18:23.380683 60835 IPC_barrier.h:112] CreateBarrier: find existing barrier, name: kgcachecontroller, count: 8
I20240205 22:18:23.380821 60707 IPC_barrier.h:112] CreateBarrier: find existing barrier, name: kgcachecontroller, count: 8
I20240205 22:18:23.381135 60927 IPC_barrier.h:112] CreateBarrier: find existing barrier, name: kgcachecontroller, count: 8
I20240205 22:18:23.381271 60900 IPC_barrier.h:112] CreateBarrier: find existing barrier, name: kgcachecontroller, count: 8
I20240205 22:18:23.381398 61034 IPC_barrier.h:112] CreateBarrier: find existing barrier, name: kgcachecontroller, count: 8
E20240205 22:18:24.145576 60900 recstore.cc:66] init folly done
E20240205 22:18:24.145731 60927 recstore.cc:66] init folly done
E20240205 22:18:24.146207 60643 recstore.cc:66] init folly done
E20240205 22:18:24.146317 61030 recstore.cc:66] init folly done
E20240205 22:18:24.146368 60771 recstore.cc:66] init folly done
E20240205 22:18:24.146471 60707 recstore.cc:66] init folly done
E20240205 22:18:24.146489 60835 recstore.cc:66] init folly done
E20240205 22:18:24.146740 61034 recstore.cc:66] init folly done
I20240205 22:18:24.223273 60927 IPC_barrier.h:118] CreateBarrier: new barrier, name: start_barrier, count: 8
I20240205 22:18:24.233449 60643 IPC_barrier.h:112] CreateBarrier: find existing barrier, name: start_barrier, count: 8
I20240205 22:18:24.236030 60900 IPC_barrier.h:112] CreateBarrier: find existing barrier, name: start_barrier, count: 8
I20240205 22:18:24.236588 60771 IPC_barrier.h:112] CreateBarrier: find existing barrier, name: start_barrier, count: 8
I20240205 22:18:24.239940 60835 IPC_barrier.h:112] CreateBarrier: find existing barrier, name: start_barrier, count: 8
I20240205 22:18:24.244274 61034 IPC_barrier.h:112] CreateBarrier: find existing barrier, name: start_barrier, count: 8
I20240205 22:18:24.244892 61030 IPC_barrier.h:112] CreateBarrier: find existing barrier, name: start_barrier, count: 8
I20240205 22:18:24.254004 60707 IPC_barrier.h:112] CreateBarrier: find existing barrier, name: start_barrier, count: 8
+---------------------------+---------------------------+---------------------------+
| Name                      | P50                       | P99                       |
+---------------------------+---------------------------+---------------------------+
| GenInput                  | 1.827 ms                  | 3.610 ms                  |
| Forward                   | 6.359 ms                  | 442.065 ms                |
| back: bucket keys         | 774.402 us                | 21.387 ms                 |
| back: a2a                 | 12.382 ms                 | 1.341 s                   |
| back: cache               | 6.812 ms                  | 11.000 ms                 |
| back: aggr dram keys      | 55.518 ms                 | 1.098 s                   |
| back: set dram grad       | 3.316 ms                  | 8.999 ms                  |
| Backward                  | 174.948 ms                | 2.798 s                   |
| Optimize                  | 37.874 ms                 | 81.220 ms                 |
| BarrierTimeBeforeRank0    | 68.698 us                 | 106.112 us                |
| BlockToStepN              | 40.963 us                 | 241.913 us                |
| OneStep                   | 217.779 ms                | 3.324 s                   |
+---------------------------+---------------------------+---------------------------+
+---------------------------+---------------------------+---------------------------+
| Name                      | P50                       | P99                       |
+---------------------------+---------------------------+---------------------------+
| GenInput                  | 2.073 ms                  | 28.540 ms                 |
| Forward                   | 5.867 ms                  | 442.065 ms                |
| back: bucket keys         | 773.549 us                | 1.964 ms                  |
| back: a2a                 | 12.382 ms                 | 17.482 ms                 |
| back: cache               | 6.666 ms                  | 10.534 ms                 |
| back: aggr dram keys      | 57.207 ms                 | 85.202 ms                 |
| back: set dram grad       | 3.106 ms                  | 8.999 ms                  |
| Backward                  | 174.948 ms                | 2.798 s                   |
| Optimize                  | 41.438 ms                 | 81.220 ms                 |
| BarrierTimeBeforeRank0    | 58.396 us                 | 106.112 us                |
| BlockToStepN              | 40.963 us                 | 367.678 us                |
| OneStep                   | 228.237 ms                | 3.324 s                   |
+---------------------------+---------------------------+---------------------------+
+---------------------------+---------------------------+---------------------------+
| Name                      | P50                       | P99                       |
+---------------------------+---------------------------+---------------------------+
| GenInput                  | 1.942 ms                  | 28.540 ms                 |
| Forward                   | 6.102 ms                  | 442.065 ms                |
| back: bucket keys         | 774.402 us                | 1.964 ms                  |
| back: a2a                 | 12.382 ms                 | 18.599 ms                 |
| back: cache               | 6.526 ms                  | 10.974 ms                 |
| back: aggr dram keys      | 57.207 ms                 | 85.202 ms                 |
| back: set dram grad       | 3.151 ms                  | 9.912 ms                  |
| Backward                  | 172.495 ms                | 2.798 s                   |
| Optimize                  | 42.490 ms                 | 81.220 ms                 |
| BarrierTimeBeforeRank0    | 58.432 us                 | 106.112 us                |
| BlockToStepN              | 42.015 us                 | 367.678 us                |
| OneStep                   | 225.357 ms                | 3.324 s                   |
+---------------------------+---------------------------+---------------------------+
+---------------------------+---------------------------+---------------------------+
| Name                      | P50                       | P99                       |
+---------------------------+---------------------------+---------------------------+
| GenInput                  | 1.811 ms                  | 27.114 ms                 |
| Forward                   | 6.039 ms                  | 9.833 ms                  |
| back: bucket keys         | 763.388 us                | 2.024 ms                  |
| back: a2a                 | 12.126 ms                 | 20.063 ms                 |
| back: cache               | 6.592 ms                  | 10.974 ms                 |
| back: aggr dram keys      | 57.940 ms                 | 88.562 ms                 |
| back: set dram grad       | 3.186 ms                  | 9.912 ms                  |
| Backward                  | 174.874 ms                | 212.572 ms                |
| Optimize                  | 42.490 ms                 | 61.332 ms                 |
| BarrierTimeBeforeRank0    | 58.396 us                 | 100.011 us                |
| BlockToStepN              | 40.963 us                 | 260.781 us                |
| OneStep                   | 226.150 ms                | 274.561 ms                |
+---------------------------+---------------------------+---------------------------+
+---------------------------+---------------------------+---------------------------+
| Name                      | P50                       | P99                       |
+---------------------------+---------------------------+---------------------------+
| GenInput                  | 1.863 ms                  | 30.004 ms                 |
| Forward                   | 6.039 ms                  | 9.833 ms                  |
| back: bucket keys         | 763.346 us                | 1.964 ms                  |
| back: a2a                 | 12.382 ms                 | 39.364 ms                 |
| back: cache               | 6.525 ms                  | 10.852 ms                 |
| back: aggr dram keys      | 57.781 ms                 | 87.939 ms                 |
| back: set dram grad       | 3.200 ms                  | 9.834 ms                  |
| Backward                  | 175.082 ms                | 212.572 ms                |
| Optimize                  | 39.589 ms                 | 61.332 ms                 |
| BarrierTimeBeforeRank0    | 57.127 us                 | 100.011 us                |
| BlockToStepN              | 39.858 us                 | 295.282 us                |
| OneStep                   | 226.091 ms                | 274.561 ms                |
+---------------------------+---------------------------+---------------------------+
train_sampler.Prefill()
before start barrier
start train
[proc 5] 100 steps, total: 25.761, sample: 0.446, forward: 0.992, backward: 15.049, update: 0.505
train_sampler.Prefill()
before start barrier
start train
[proc 4] 100 steps, total: 25.757, sample: 0.415, forward: 0.932, backward: 15.159, update: 0.438
train_sampler.Prefill()
before start barrier
start train
[proc 3] 100 steps, total: 25.761, sample: 0.455, forward: 0.982, backward: 15.075, update: 0.426
train_sampler.Prefill()
-------Step 0-------
tensor([ 1807,    31,  3894,    60, 10350, 10904,  1127,  9282, 13738, 13145]) tensor([ 1923, 11429,  5150,  9270, 13258,  1065,  5425,  4297,   546, 13993])
-------Step 1-------
tensor([ 1807,    31,  3894,    60, 10350, 10904,  1127,  9282, 13738, 13145]) tensor([ 4576, 12785, 13111,  5864,  1627, 11466,  8691,  3471, 13388,  8760])
-------Step 2-------
tensor([ 1960, 13908,  5580, 10366, 14598,  8401, 11583,  9926,  4620, 13605]) tensor([ 6499,  4941,  1862,  5195, 14119,  2744,   170,  4197,   173, 11439])
-------Step 3-------
tensor([ 1960, 13908,  5580, 10366, 14598,  8401, 11583,  9926,  4620, 13605]) tensor([ 8683,  9457,  9408,  7603,  7440,  9317, 10158, 13599,  9578, 10022])
-------Step 4-------
tensor([ 5884,    86, 12060, 10493,  6344, 13902, 11051,  4379,     6,  9970]) tensor([ 8828,  8596,   501, 13351, 10034, 13096, 10501,  4623, 13845,   446])
-------Step 5-------
tensor([ 5884,    86, 12060, 10493,  6344, 13902, 11051,  4379,     6,  9970]) tensor([ 3204,  2250, 12949,  1066,  3565, 13254, 11251, 11906,  5562, 10949])
-------Step 6-------
tensor([ 7687,  8861,  4911,  8812,  9440,   945,  8160, 10399, 14447,  7276]) tensor([ 8789, 13662, 12671,  1830,  2573,  4379,  8655,  3720,  4538,  4994])
-------Step 7-------
tensor([ 7687,  8861,  4911,  8812,  9440,   945,  8160, 10399, 14447,  7276]) tensor([10326, 13493,  6020,  7940, 14388,  1666,  8980,   274, 13280, 12683])
-------Step 8-------
tensor([13576,  2580, 10895, 13091,  2680,  8622, 10493,  2946,  4907,   830]) tensor([ 3445, 11097,  1489,  5505, 11517, 13575, 12077,  5137, 10984,  5398])
-------Step 9-------
tensor([13576,  2580, 10895, 13091,  2680,  8622, 10493,  2946,  4907,   830]) tensor([10719,  8727, 10510,   246, 11167,  6687,  3269,  2714,  2360, 14393])
before start barrier
start train
[proc 0] 100 steps, total: 25.752, sample: 0.487, forward: 1.039, backward: 20.107, update: 3.982
train_sampler.Prefill()
before start barrier
start train
[proc 6] 100 steps, total: 25.774, sample: 0.447, forward: 0.936, backward: 15.096, update: 0.490
train_sampler.Prefill()
before start barrier
start train
[proc 2] 100 steps, total: 25.743, sample: 0.443, forward: 0.962, backward: 15.142, update: 0.460
train_sampler.Prefill()
before start barrier
start train
[proc 7] 100 steps, total: 25.754, sample: 0.389, forward: 0.976, backward: 14.974, update: 0.493
train_sampler.Prefill()
before start barrier
start train
[proc 1] 100 steps, total: 25.764, sample: 0.447, forward: 0.949, backward: 15.132, update: 0.498
+---------------------------+---------------------------+---------------------------+
| Name                      | P50                       | P99                       |
+---------------------------+---------------------------+---------------------------+
| GenInput                  | 1.822 ms                  | 30.004 ms                 |
| Forward                   | 6.082 ms                  | 9.833 ms                  |
| back: bucket keys         | 739.510 us                | 2.024 ms                  |
| back: a2a                 | 12.121 ms                 | 40.846 ms                 |
| back: cache               | 6.393 ms                  | 10.974 ms                 |
| back: aggr dram keys      | 56.989 ms                 | 87.939 ms                 |
| back: set dram grad       | 3.186 ms                  | 9.834 ms                  |
| Backward                  | 174.270 ms                | 212.572 ms                |
| Optimize                  | 37.670 ms                 | 61.332 ms                 |
| BarrierTimeBeforeRank0    | 57.127 us                 | 100.011 us                |
| BlockToStepN              | 38.973 us                 | 295.282 us                |
| OneStep                   | 224.497 ms                | 274.561 ms                |
+---------------------------+---------------------------+---------------------------+
+---------------------------+---------------------------+---------------------------+
| Name                      | P50                       | P99                       |
+---------------------------+---------------------------+---------------------------+
| GenInput                  | 1.730 ms                  | 30.004 ms                 |
| Forward                   | 6.105 ms                  | 12.073 ms                 |
| back: bucket keys         | 739.510 us                | 1.964 ms                  |
| back: a2a                 | 12.121 ms                 | 40.345 ms                 |
| back: cache               | 6.346 ms                  | 10.852 ms                 |
| back: aggr dram keys      | 56.646 ms                 | 87.939 ms                 |
| back: set dram grad       | 3.186 ms                  | 8.999 ms                  |
| Backward                  | 173.443 ms                | 219.249 ms                |
| Optimize                  | 36.329 ms                 | 61.332 ms                 |
| BarrierTimeBeforeRank0    | 55.960 us                 | 106.112 us                |
| BlockToStepN              | 39.340 us                 | 295.282 us                |
| OneStep                   | 223.502 ms                | 274.561 ms                |
+---------------------------+---------------------------+---------------------------+
+---------------------------+---------------------------+---------------------------+
| Name                      | P50                       | P99                       |
+---------------------------+---------------------------+---------------------------+
| GenInput                  | 1.624 ms                  | 28.832 ms                 |
| Forward                   | 6.064 ms                  | 10.930 ms                 |
| back: bucket keys         | 740.159 us                | 1.964 ms                  |
| back: a2a                 | 12.126 ms                 | 40.345 ms                 |
| back: cache               | 6.331 ms                  | 10.974 ms                 |
| back: aggr dram keys      | 56.615 ms                 | 88.090 ms                 |
| back: set dram grad       | 3.193 ms                  | 8.999 ms                  |
| Backward                  | 174.270 ms                | 215.302 ms                |
| Optimize                  | 36.276 ms                 | 59.139 ms                 |
| BarrierTimeBeforeRank0    | 55.847 us                 | 100.011 us                |
| BlockToStepN              | 40.412 us                 | 295.282 us                |
| OneStep                   | 224.402 ms                | 274.561 ms                |
+---------------------------+---------------------------+---------------------------+
+---------------------------+---------------------------+---------------------------+
| Name                      | P50                       | P99                       |
+---------------------------+---------------------------+---------------------------+
| GenInput                  | 1.622 ms                  | 31.564 ms                 |
| Forward                   | 6.015 ms                  | 10.930 ms                 |
| back: bucket keys         | 740.159 us                | 1.932 ms                  |
| back: a2a                 | 12.126 ms                 | 41.101 ms                 |
| back: cache               | 6.315 ms                  | 10.852 ms                 |
| back: aggr dram keys      | 56.384 ms                 | 87.939 ms                 |
| back: set dram grad       | 3.180 ms                  | 8.883 ms                  |
| Backward                  | 174.874 ms                | 215.441 ms                |
| Optimize                  | 36.125 ms                 | 59.139 ms                 |
| BarrierTimeBeforeRank0    | 55.528 us                 | 100.011 us                |
| BlockToStepN              | 40.802 us                 | 295.282 us                |
| OneStep                   | 225.357 ms                | 274.561 ms                |
+---------------------------+---------------------------+---------------------------+
[proc 7] 200 steps, total: 22.418, sample: 0.402, forward: 0.490, backward: 12.929, update: 0.427
[proc 6] 200 steps, total: 22.418, sample: 0.429, forward: 0.513, backward: 12.900, update: 0.389
[proc 4] 200 steps, total: 22.418, sample: 0.417, forward: 0.497, backward: 12.939, update: 0.444
[proc 1] 200 steps, total: 22.418, sample: 0.407, forward: 0.501, backward: 12.953, update: 0.393
[proc 2] 200 steps, total: 22.418, sample: 0.405, forward: 0.509, backward: 13.020, update: 0.357
[proc 3] 200 steps, total: 22.418, sample: 0.443, forward: 0.522, backward: 12.934, update: 0.393
[proc 5] 200 steps, total: 22.418, sample: 0.455, forward: 0.526, backward: 12.932, update: 0.445
[proc 0] 200 steps, total: 22.418, sample: 0.448, forward: 0.599, backward: 17.657, update: 3.587
+---------------------------+---------------------------+---------------------------+
| Name                      | P50                       | P99                       |
+---------------------------+---------------------------+---------------------------+
| GenInput                  | 1.609 ms                  | 31.564 ms                 |
| Forward                   | 5.970 ms                  | 10.930 ms                 |
| back: bucket keys         | 738.066 us                | 1.964 ms                  |
| back: a2a                 | 11.968 ms                 | 42.013 ms                 |
| back: cache               | 6.292 ms                  | 10.974 ms                 |
| back: aggr dram keys      | 56.293 ms                 | 87.939 ms                 |
| back: set dram grad       | 3.186 ms                  | 8.999 ms                  |
| Backward                  | 174.874 ms                | 219.249 ms                |
| Optimize                  | 36.125 ms                 | 59.139 ms                 |
| BarrierTimeBeforeRank0    | 54.055 us                 | 100.011 us                |
| BlockToStepN              | 41.525 us                 | 662.788 us                |
| OneStep                   | 224.497 ms                | 282.774 ms                |
+---------------------------+---------------------------+---------------------------+
+---------------------------+---------------------------+---------------------------+
| Name                      | P50                       | P99                       |
+---------------------------+---------------------------+---------------------------+
| GenInput                  | 1.600 ms                  | 31.564 ms                 |
| Forward                   | 5.950 ms                  | 10.930 ms                 |
| back: bucket keys         | 737.423 us                | 1.932 ms                  |
| back: a2a                 | 11.734 ms                 | 41.101 ms                 |
| back: cache               | 6.288 ms                  | 10.852 ms                 |
| back: aggr dram keys      | 56.476 ms                 | 86.538 ms                 |
| back: set dram grad       | 3.189 ms                  | 8.883 ms                  |
| Backward                  | 174.874 ms                | 219.249 ms                |
| Optimize                  | 36.171 ms                 | 59.139 ms                 |
| BarrierTimeBeforeRank0    | 53.824 us                 | 100.011 us                |
| BlockToStepN              | 40.802 us                 | 662.788 us                |
| OneStep                   | 224.497 ms                | 282.774 ms                |
+---------------------------+---------------------------+---------------------------+
+---------------------------+---------------------------+---------------------------+
| Name                      | P50                       | P99                       |
+---------------------------+---------------------------+---------------------------+
