WARNING: Logging before InitGoogleLogging() is written to STDERR
I20240119 22:46:10.684937  1984 IPC_barrier.h:128] MultiProcessBarrierFactory->ClearIPCMemory()
W20240119 22:46:10.691359  1984 IPCTensor.h:367] NewIPCTensor: full_emb [100000000, 32]0x100000002000
/home/xieminhui/RecStore/src/framework_adapters/torch/python/perf_emb.py:148: DeprecationWarning: The 'warn' function is deprecated, use 'warning' instead
  XLOG.warn("After init DistEmbedding")
WARNING [1984 perf_emb.py:148] After init DistEmbedding
========== Running Perf with routine <function routine_local_cache_helper at 0x7f271c0a9bc0>==========
Worker 1 pid=2592
Worker 2 pid=2593
Worker 3 pid=2594
Worker 4 pid=2595
Worker 5 pid=2596
Worker 6 pid=2597
INFO [1984 distributed_c10d.py:442] Added key: store_based_barrier_key:1 to store for rank: 0
INFO [2592 distributed_c10d.py:442] Added key: store_based_barrier_key:1 to store for rank: 1
INFO [2593 distributed_c10d.py:442] Added key: store_based_barrier_key:1 to store for rank: 2
INFO [2595 distributed_c10d.py:442] Added key: store_based_barrier_key:1 to store for rank: 4
INFO [2594 distributed_c10d.py:442] Added key: store_based_barrier_key:1 to store for rank: 3
INFO [2596 distributed_c10d.py:442] Added key: store_based_barrier_key:1 to store for rank: 5
INFO [2597 distributed_c10d.py:442] Added key: store_based_barrier_key:1 to store for rank: 6
INFO [2598 distributed_c10d.py:442] Added key: store_based_barrier_key:1 to store for rank: 7
INFO [2596 distributed_c10d.py:476] Rank 5: Completed store-based barrier for key:store_based_barrier_key:1 with 8 nodes.
INFO [1984 distributed_c10d.py:476] Rank 0: Completed store-based barrier for key:store_based_barrier_key:1 with 8 nodes.
INFO [2593 distributed_c10d.py:476] Rank 2: Completed store-based barrier for key:store_based_barrier_key:1 with 8 nodes.
INFO [2595 distributed_c10d.py:476] Rank 4: Completed store-based barrier for key:store_based_barrier_key:1 with 8 nodes.
INFO [2598 distributed_c10d.py:476] Rank 7: Completed store-based barrier for key:store_based_barrier_key:1 with 8 nodes.
INFO [2597 distributed_c10d.py:476] Rank 6: Completed store-based barrier for key:store_based_barrier_key:1 with 8 nodes.
INFO [2592 distributed_c10d.py:476] Rank 1: Completed store-based barrier for key:store_based_barrier_key:1 with 8 nodes.
INFO [2594 distributed_c10d.py:476] Rank 3: Completed store-based barrier for key:store_based_barrier_key:1 with 8 nodes.
E20240119 22:46:13.070822  2596 IPCTensor.h:346] IPCTensor full_emb already exists
E20240119 22:46:13.070923  1984 IPCTensor.h:346] IPCTensor full_emb already exists
E20240119 22:46:13.070936  2595 IPCTensor.h:346] IPCTensor full_emb already exists
E20240119 22:46:13.070938  2593 IPCTensor.h:346] IPCTensor full_emb already exists
E20240119 22:46:13.071063  2598 IPCTensor.h:346] IPCTensor full_emb already exists
E20240119 22:46:13.071081  2597 IPCTensor.h:346] IPCTensor full_emb already exists
E20240119 22:46:13.071166  2592 IPCTensor.h:346] IPCTensor full_emb already exists
E20240119 22:46:13.071169  2594 IPCTensor.h:346] IPCTensor full_emb already exists
W20240119 22:46:13.098249  1984 IPCTensor.h:406] NewIPCGPUTensor: embedding_cache_0 [10000000, 32]; dev=0; size=1.192 GB
W20240119 22:46:13.098268  2593 IPCTensor.h:406] NewIPCGPUTensor: embedding_cache_2 [10000000, 32]; dev=2; size=1.192 GB
W20240119 22:46:13.098287  2594 IPCTensor.h:406] NewIPCGPUTensor: embedding_cache_3 [10000000, 32]; dev=3; size=1.192 GB
W20240119 22:46:13.098294  2595 IPCTensor.h:406] NewIPCGPUTensor: embedding_cache_4 [10000000, 32]; dev=4; size=1.192 GB
W20240119 22:46:13.098309  2597 IPCTensor.h:406] NewIPCGPUTensor: embedding_cache_6 [10000000, 32]; dev=6; size=1.192 GB
W20240119 22:46:13.098325  2592 IPCTensor.h:406] NewIPCGPUTensor: embedding_cache_1 [10000000, 32]; dev=1; size=1.192 GB
W20240119 22:46:13.098340  2596 IPCTensor.h:406] NewIPCGPUTensor: embedding_cache_5 [10000000, 32]; dev=5; size=1.192 GB
W20240119 22:46:13.098373  2598 IPCTensor.h:406] NewIPCGPUTensor: embedding_cache_7 [10000000, 32]; dev=7; size=1.192 GB
W20240119 22:46:14.185271  1984 IPCTensor.h:367] NewIPCTensor: input_keys_0 [100000]0x1002faf0e000
W20240119 22:46:14.185415  1984 IPCTensor.h:367] NewIPCTensor: input_keys_neg_0 [100000]0x1002fafd3000
W20240119 22:46:14.185468  1984 IPCTensor.h:367] NewIPCTensor: backward_grads_0 [100000, 32]0x1002fb098000
W20240119 22:46:14.185508  1984 IPCTensor.h:367] NewIPCTensor: backward_grads_neg_0 [100000, 32]0x1002fbccf000
W20240119 22:46:14.185540  1984 IPCTensor.h:406] NewIPCGPUTensor: backward_grads_0_gpu [100000, 32]; dev=0; size=12.21 MB
W20240119 22:46:14.188910  1984 IPCTensor.h:406] NewIPCGPUTensor: backward_grads_neg_0_gpu [100000, 32]; dev=0; size=12.21 MB
W20240119 22:46:14.190105  2594 IPCTensor.h:367] NewIPCTensor: input_keys_3 [100000]0x1002fc90a000
W20240119 22:46:14.190201  2594 IPCTensor.h:367] NewIPCTensor: input_keys_neg_3 [100000]0x1002fc9cf000
W20240119 22:46:14.190230  2594 IPCTensor.h:367] NewIPCTensor: backward_grads_3 [100000, 32]0x1002fca94000
W20240119 22:46:14.190256  2594 IPCTensor.h:367] NewIPCTensor: backward_grads_neg_3 [100000, 32]0x1002fd6cb000
W20240119 22:46:14.190279  2594 IPCTensor.h:406] NewIPCGPUTensor: backward_grads_3_gpu [100000, 32]; dev=3; size=12.21 MB
W20240119 22:46:14.193344  2594 IPCTensor.h:406] NewIPCGPUTensor: backward_grads_neg_3_gpu [100000, 32]; dev=3; size=12.21 MB
W20240119 22:46:14.228106  2593 IPCTensor.h:367] NewIPCTensor: input_keys_2 [100000]0x1002fe30a000
W20240119 22:46:14.228327  2593 IPCTensor.h:367] NewIPCTensor: input_keys_neg_2 [100000]0x1002fe3cf000
W20240119 22:46:14.228397  2593 IPCTensor.h:367] NewIPCTensor: backward_grads_2 [100000, 32]0x1002fe494000
W20240119 22:46:14.228457  2593 IPCTensor.h:367] NewIPCTensor: backward_grads_neg_2 [100000, 32]0x1002ff0cb000
W20240119 22:46:14.228507  2593 IPCTensor.h:406] NewIPCGPUTensor: backward_grads_2_gpu [100000, 32]; dev=2; size=12.21 MB
W20240119 22:46:14.229543  2593 IPCTensor.h:406] NewIPCGPUTensor: backward_grads_neg_2_gpu [100000, 32]; dev=2; size=12.21 MB
W20240119 22:46:14.254030  2597 IPCTensor.h:367] NewIPCTensor: input_keys_6 [100000]0x1002ffd08000
W20240119 22:46:14.254222  2597 IPCTensor.h:367] NewIPCTensor: input_keys_neg_6 [100000]0x1002ffdcf000
W20240119 22:46:14.254290  2597 IPCTensor.h:367] NewIPCTensor: backward_grads_6 [100000, 32]0x1002fff59000
W20240119 22:46:14.254285  2595 IPCTensor.h:367] NewIPCTensor: input_keys_4 [100000]0x1002ffe94000
W20240119 22:46:14.254334  2597 IPCTensor.h:367] NewIPCTensor: backward_grads_neg_6 [100000, 32]0x100300b90000
W20240119 22:46:14.254375  2597 IPCTensor.h:406] NewIPCGPUTensor: backward_grads_6_gpu [100000, 32]; dev=6; size=12.21 MB
W20240119 22:46:14.254453  2595 IPCTensor.h:367] NewIPCTensor: input_keys_neg_4 [100000]0x1003017c9000
W20240119 22:46:14.254501  2595 IPCTensor.h:367] NewIPCTensor: backward_grads_4 [100000, 32]0x10030188e000
W20240119 22:46:14.254557  2595 IPCTensor.h:367] NewIPCTensor: backward_grads_neg_4 [100000, 32]0x1003024c5000
W20240119 22:46:14.254588  2596 IPCTensor.h:367] NewIPCTensor: input_keys_5 [100000]0x1003030fc000
W20240119 22:46:14.254606  2595 IPCTensor.h:406] NewIPCGPUTensor: backward_grads_4_gpu [100000, 32]; dev=4; size=12.21 MB
W20240119 22:46:14.254700  2596 IPCTensor.h:367] NewIPCTensor: input_keys_neg_5 [100000]0x1003031c1000
W20240119 22:46:14.254750  2596 IPCTensor.h:367] NewIPCTensor: backward_grads_5 [100000, 32]0x100303286000
W20240119 22:46:14.254791  2596 IPCTensor.h:367] NewIPCTensor: backward_grads_neg_5 [100000, 32]0x100303ebd000
W20240119 22:46:14.254823  2596 IPCTensor.h:406] NewIPCGPUTensor: backward_grads_5_gpu [100000, 32]; dev=5; size=12.21 MB
W20240119 22:46:14.257181  2597 IPCTensor.h:406] NewIPCGPUTensor: backward_grads_neg_6_gpu [100000, 32]; dev=6; size=12.21 MB
W20240119 22:46:14.257825  2596 IPCTensor.h:406] NewIPCGPUTensor: backward_grads_neg_5_gpu [100000, 32]; dev=5; size=12.21 MB
W20240119 22:46:14.257848  2595 IPCTensor.h:406] NewIPCGPUTensor: backward_grads_neg_4_gpu [100000, 32]; dev=4; size=12.21 MB
W20240119 22:46:14.264014  2592 IPCTensor.h:367] NewIPCTensor: input_keys_1 [100000]0x100304b02000
W20240119 22:46:14.264151  2592 IPCTensor.h:367] NewIPCTensor: input_keys_neg_1 [100000]0x100304bc7000
W20240119 22:46:14.264204  2592 IPCTensor.h:367] NewIPCTensor: backward_grads_1 [100000, 32]0x100304c8c000
W20240119 22:46:14.264238  2592 IPCTensor.h:367] NewIPCTensor: backward_grads_neg_1 [100000, 32]0x1003058c3000
W20240119 22:46:14.264266  2592 IPCTensor.h:406] NewIPCGPUTensor: backward_grads_1_gpu [100000, 32]; dev=1; size=12.21 MB
W20240119 22:46:14.266578  2592 IPCTensor.h:406] NewIPCGPUTensor: backward_grads_neg_1_gpu [100000, 32]; dev=1; size=12.21 MB
W20240119 22:46:14.282451  2598 IPCTensor.h:367] NewIPCTensor: input_keys_7 [100000]0x100306500000
W20240119 22:46:14.282616  2598 IPCTensor.h:367] NewIPCTensor: input_keys_neg_7 [100000]0x1003065c5000
W20240119 22:46:14.282649  2598 IPCTensor.h:367] NewIPCTensor: backward_grads_7 [100000, 32]0x10030668a000
W20240119 22:46:14.282675  2598 IPCTensor.h:367] NewIPCTensor: backward_grads_neg_7 [100000, 32]0x1003072c1000
W20240119 22:46:14.282697  2598 IPCTensor.h:406] NewIPCGPUTensor: backward_grads_7_gpu [100000, 32]; dev=7; size=12.21 MB
W20240119 22:46:14.283440  2598 IPCTensor.h:406] NewIPCGPUTensor: backward_grads_neg_7_gpu [100000, 32]; dev=7; size=12.21 MB
cudaHostRegister 0x100000002000
4: KnownLocalCachedEmbedding init done
cudaHostRegister 0x100000002000
2: KnownLocalCachedEmbedding init done
Worker 7 pid=2598
New CachedEmbedding, name=full_emb, shape=(100000000, 32), cache_type=KnownLocalCachedEmbedding
fixed cache_range is [(0, 10000000), (10000000, 20000000), (20000000, 30000000), (30000000, 40000000), (40000000, 50000000), (50000000, 60000000), (60000000, 70000000), (70000000, 80000000)]
cudaHostRegister 0x100000002000
0: KnownLocalCachedEmbedding init done
cudaHostRegister 0x100000002000
1: KnownLocalCachedEmbedding init done
cudaHostRegister 0x100000002000
7: KnownLocalCachedEmbedding init done
cudaHostRegister 0x100000002000
3: KnownLocalCachedEmbedding init done
cudaHostRegister 0x100000002000
6: KnownLocalCachedEmbedding init done
cudaHostRegister 0x100000002000
5: KnownLocalCachedEmbedding init done
W20240119 22:46:19.055066  2593 IPCTensor.h:367] NewIPCTensor: cached_sampler_r2_0 [100000]0x100307efc000
W20240119 22:46:19.055300  2593 IPCTensor.h:367] NewIPCTensor: cached_sampler_r2_1 [100000]0x100307fc1000
W20240119 22:46:19.055732  2593 IPCTensor.h:367] NewIPCTensor: cached_sampler_r2_2 [100000]0x100308086000
W20240119 22:46:19.055852  1984 IPCTensor.h:367] NewIPCTensor: cached_sampler_r0_0 [100000]0x10030814b000
W20240119 22:46:19.055940  2592 IPCTensor.h:367] NewIPCTensor: cached_sampler_r1_0 [100000]0x1003082d5000
W20240119 22:46:19.055923  2594 IPCTensor.h:367] NewIPCTensor: cached_sampler_r3_0 [100000]0x100308210000
W20240119 22:46:19.056110  2597 IPCTensor.h:367] NewIPCTensor: cached_sampler_r6_0 [100000]0x10030839a000
W20240119 22:46:19.056258  1984 IPCTensor.h:367] NewIPCTensor: cached_sampler_r0_1 [100000]0x100308524000
W20240119 22:46:19.056242  2598 IPCTensor.h:367] NewIPCTensor: cached_sampler_r7_0 [100000]0x10030845f000
W20240119 22:46:19.056288  2594 IPCTensor.h:367] NewIPCTensor: cached_sampler_r3_1 [100000]0x1003085e9000
W20240119 22:46:19.056318  1984 IPCTensor.h:367] NewIPCTensor: cached_sampler_r0_2 [100000]0x1003086ae000
W20240119 22:46:19.056330  2597 IPCTensor.h:367] NewIPCTensor: cached_sampler_r6_1 [100000]0x100308773000
W20240119 22:46:19.056377  2594 IPCTensor.h:367] NewIPCTensor: cached_sampler_r3_2 [100000]0x100308838000
W20240119 22:46:19.056389  1984 IPCTensor.h:367] NewIPCTensor: cached_sampler_r0_3 [100000]0x1003088fd000
W20240119 22:46:19.056397  2597 IPCTensor.h:367] NewIPCTensor: cached_sampler_r6_2 [100000]0x1003089c2000
W20240119 22:46:19.056414  1984 IPCTensor.h:367] NewIPCTensor: cached_sampler_r0_4 [100000]0x100308a87000
W20240119 22:46:19.056452  1984 IPCTensor.h:367] NewIPCTensor: cached_sampler_r0_5 [100000]0x100308b4c000
W20240119 22:46:19.056459  2597 IPCTensor.h:367] NewIPCTensor: cached_sampler_r6_3 [100000]0x100308c11000
W20240119 22:46:19.056471  2594 IPCTensor.h:367] NewIPCTensor: cached_sampler_r3_3 [100000]0x100308cd6000
W20240119 22:46:19.056489  1984 IPCTensor.h:367] NewIPCTensor: cached_sampler_r0_6 [100000]0x100308d9b000
W20240119 22:46:19.056514  2598 IPCTensor.h:367] NewIPCTensor: cached_sampler_r7_1 [100000]0x100308e60000
W20240119 22:46:19.056519  2594 IPCTensor.h:367] NewIPCTensor: cached_sampler_r3_4 [100000]0x100308f25000
W20240119 22:46:19.056536  2597 IPCTensor.h:367] NewIPCTensor: cached_sampler_r6_4 [100000]0x100308fea000
W20240119 22:46:19.056547  1984 IPCTensor.h:367] NewIPCTensor: cached_sampler_r0_7 [100000]0x1003090af000
W20240119 22:46:19.056569  2597 IPCTensor.h:367] NewIPCTensor: cached_sampler_r6_5 [100000]0x100309174000
W20240119 22:46:19.056582  1984 IPCTensor.h:367] NewIPCTensor: cached_sampler_r0_8 [100000]0x100309239000
W20240119 22:46:19.056593  2598 IPCTensor.h:367] NewIPCTensor: cached_sampler_r7_2 [100000]0x1003092fe000
W20240119 22:46:19.056600  2594 IPCTensor.h:367] NewIPCTensor: cached_sampler_r3_5 [100000]0x1003093c3000
W20240119 22:46:19.056618  2597 IPCTensor.h:367] NewIPCTensor: cached_sampler_r6_6 [100000]0x100309488000
W20240119 22:46:19.056620  1984 IPCTensor.h:367] NewIPCTensor: cached_sampler_r0_9 [100000]0x10030954d000
W20240119 22:46:19.056658  2594 IPCTensor.h:367] NewIPCTensor: cached_sampler_r3_6 [100000]0x100309612000
W20240119 22:46:19.056669  1984 IPCTensor.h:367] NewIPCTensor: step_r0 [10]0x1003096d7000
W20240119 22:46:19.056697  1984 IPCTensor.h:367] NewIPCTensor: circle_buffer_end_r0 [1]0x1003096d9000
W20240119 22:46:19.056715  2597 IPCTensor.h:367] NewIPCTensor: cached_sampler_r6_7 [100000]0x1003096db000
W20240119 22:46:19.056727  1984 IPCTensor.h:367] NewIPCTensor: circle_buffer_end_cppseen_r0 [1]0x1003097a0000
W20240119 22:46:19.056737  2598 IPCTensor.h:367] NewIPCTensor: cached_sampler_r7_3 [100000]0x1003097a2000
W20240119 22:46:19.056751  2597 IPCTensor.h:367] NewIPCTensor: cached_sampler_r6_8 [100000]0x100309867000
W20240119 22:46:19.056779  2598 IPCTensor.h:367] NewIPCTensor: cached_sampler_r7_4 [100000]0x10030992c000
W20240119 22:46:19.056790  2594 IPCTensor.h:367] NewIPCTensor: cached_sampler_r3_7 [100000]0x1003099f1000
W20240119 22:46:19.056843  2597 IPCTensor.h:367] NewIPCTensor: cached_sampler_r6_9 [100000]0x100309ab6000
W20240119 22:46:19.056847  2598 IPCTensor.h:367] NewIPCTensor: cached_sampler_r7_5 [100000]0x100309b7b000
W20240119 22:46:19.056910  2594 IPCTensor.h:367] NewIPCTensor: cached_sampler_r3_8 [100000]0x100309c40000
W20240119 22:46:19.056914  2598 IPCTensor.h:367] NewIPCTensor: cached_sampler_r7_6 [100000]0x100309d05000
W20240119 22:46:19.056923  2597 IPCTensor.h:367] NewIPCTensor: step_r6 [10]0x100309dca000
W20240119 22:46:19.056951  2597 IPCTensor.h:367] NewIPCTensor: circle_buffer_end_r6 [1]0x100309dcc000
W20240119 22:46:19.056993  2597 IPCTensor.h:367] NewIPCTensor: circle_buffer_end_cppseen_r6 [1]0x100309dce000
W20240119 22:46:19.057000  2594 IPCTensor.h:367] NewIPCTensor: cached_sampler_r3_9 [100000]0x100309dd0000
W20240119 22:46:19.057051  2594 IPCTensor.h:367] NewIPCTensor: step_r3 [10]0x100309e95000
W20240119 22:46:19.057083  2594 IPCTensor.h:367] NewIPCTensor: circle_buffer_end_r3 [1]0x100309f5c000
W20240119 22:46:19.057086  2598 IPCTensor.h:367] NewIPCTensor: cached_sampler_r7_7 [100000]0x100309f5e000
W20240119 22:46:19.057083  2595 IPCTensor.h:367] NewIPCTensor: cached_sampler_r4_0 [100000]0x100309e97000
W20240119 22:46:19.057117  2598 IPCTensor.h:367] NewIPCTensor: cached_sampler_r7_8 [100000]0x10030a023000
W20240119 22:46:19.057137  2594 IPCTensor.h:367] NewIPCTensor: circle_buffer_end_cppseen_r3 [1]0x10030a0e8000
W20240119 22:46:19.057241  2595 IPCTensor.h:367] NewIPCTensor: cached_sampler_r4_1 [100000]0x10030a0ea000
W20240119 22:46:19.057271  2598 IPCTensor.h:367] NewIPCTensor: cached_sampler_r7_9 [100000]0x10030a1af000
W20240119 22:46:19.057296  2595 IPCTensor.h:367] NewIPCTensor: cached_sampler_r4_2 [100000]0x10030a274000
W20240119 22:46:19.057336  2595 IPCTensor.h:367] NewIPCTensor: cached_sampler_r4_3 [100000]0x10030a339000
W20240119 22:46:19.057370  2595 IPCTensor.h:367] NewIPCTensor: cached_sampler_r4_4 [100000]0x10030a3fe000
W20240119 22:46:19.057380  2598 IPCTensor.h:367] NewIPCTensor: step_r7 [10]0x10030a4c3000
W20240119 22:46:19.057408  2598 IPCTensor.h:367] NewIPCTensor: circle_buffer_end_r7 [1]0x10030a4c5000
W20240119 22:46:19.057418  2595 IPCTensor.h:367] NewIPCTensor: cached_sampler_r4_5 [100000]0x10030a4c7000
Construct PerfSampler done
W20240119 22:46:19.057457  2595 IPCTensor.h:367] NewIPCTensor: cached_sampler_r4_6 [100000]0x10030a58c000
W20240119 22:46:19.057507  2598 IPCTensor.h:367] NewIPCTensor: circle_buffer_end_cppseen_r7 [1]0x10030a651000
W20240119 22:46:19.057519  2595 IPCTensor.h:367] NewIPCTensor: cached_sampler_r4_7 [100000]0x10030a653000
W20240119 22:46:19.057548  2595 IPCTensor.h:367] NewIPCTensor: cached_sampler_r4_8 [100000]0x10030a718000
I20240119 22:46:19.057552  2597 IPC_barrier.h:118] CreateBarrier: new barrier, name: kgcachecontroller, count: 8
W20240119 22:46:19.057595  2595 IPCTensor.h:367] NewIPCTensor: cached_sampler_r4_9 [100000]0x10030a7dd000
Construct PerfSampler done
W20240119 22:46:19.057646  2595 IPCTensor.h:367] NewIPCTensor: step_r4 [10]0x10030a8a2000
W20240119 22:46:19.057669  2595 IPCTensor.h:367] NewIPCTensor: circle_buffer_end_r4 [1]0x10030a8a4000
W20240119 22:46:19.057701  2595 IPCTensor.h:367] NewIPCTensor: circle_buffer_end_cppseen_r4 [1]0x10030a8a6000
I20240119 22:46:19.057778  2594 IPC_barrier.h:112] CreateBarrier: find existing barrier, name: kgcachecontroller, count: 8
W20240119 22:46:19.057873  2592 IPCTensor.h:367] NewIPCTensor: cached_sampler_r1_1 [100000]0x10030a8a8000
W20240119 22:46:19.057951  2592 IPCTensor.h:367] NewIPCTensor: cached_sampler_r1_2 [100000]0x10030a96d000
W20240119 22:46:19.057996  2592 IPCTensor.h:367] NewIPCTensor: cached_sampler_r1_3 [100000]0x10030aa32000
W20240119 22:46:19.058027  2592 IPCTensor.h:367] NewIPCTensor: cached_sampler_r1_4 [100000]0x10030aaf7000
W20240119 22:46:19.058063  2592 IPCTensor.h:367] NewIPCTensor: cached_sampler_r1_5 [100000]0x10030abbc000
W20240119 22:46:19.058102  2592 IPCTensor.h:367] NewIPCTensor: cached_sampler_r1_6 [100000]0x10030ac81000
W20240119 22:46:19.058178  2592 IPCTensor.h:367] NewIPCTensor: cached_sampler_r1_7 [100000]0x10030ad46000
W20240119 22:46:19.058209  2592 IPCTensor.h:367] NewIPCTensor: cached_sampler_r1_8 [100000]0x10030ae0b000
W20240119 22:46:19.058255  2592 IPCTensor.h:367] NewIPCTensor: cached_sampler_r1_9 [100000]0x10030aed0000
W20240119 22:46:19.058303  2592 IPCTensor.h:367] NewIPCTensor: step_r1 [10]0x10030af95000
W20240119 22:46:19.058327  2592 IPCTensor.h:367] NewIPCTensor: circle_buffer_end_r1 [1]0x10030af97000
W20240119 22:46:19.058362  2592 IPCTensor.h:367] NewIPCTensor: circle_buffer_end_cppseen_r1 [1]0x10030af99000
Construct PerfSampler done
I20240119 22:46:19.058866  1984 IPC_barrier.h:112] CreateBarrier: find existing barrier, name: kgcachecontroller, count: 8
W20240119 22:46:19.058892  2593 IPCTensor.h:367] NewIPCTensor: cached_sampler_r2_3 [100000]0x10030af9b000
W20240119 22:46:19.058939  2593 IPCTensor.h:367] NewIPCTensor: cached_sampler_r2_4 [100000]0x10030b060000
W20240119 22:46:19.058969  2593 IPCTensor.h:367] NewIPCTensor: cached_sampler_r2_5 [100000]0x10030b125000
W20240119 22:46:19.059007  2593 IPCTensor.h:367] NewIPCTensor: cached_sampler_r2_6 [100000]0x10030b1ea000
W20240119 22:46:19.059072  2593 IPCTensor.h:367] NewIPCTensor: cached_sampler_r2_7 [100000]0x10030b2af000
W20240119 22:46:19.059105  2593 IPCTensor.h:367] NewIPCTensor: cached_sampler_r2_8 [100000]0x10030b374000
W20240119 22:46:19.059157  2593 IPCTensor.h:367] NewIPCTensor: cached_sampler_r2_9 [100000]0x10030b439000
Construct PerfSampler done
W20240119 22:46:19.059202  2593 IPCTensor.h:367] NewIPCTensor: step_r2 [10]0x10030b4fe000
W20240119 22:46:19.059230  2593 IPCTensor.h:367] NewIPCTensor: circle_buffer_end_r2 [1]0x10030b500000
W20240119 22:46:19.059266  2593 IPCTensor.h:367] NewIPCTensor: circle_buffer_end_cppseen_r2 [1]0x10030b502000
I20240119 22:46:19.059353  2598 IPC_barrier.h:112] CreateBarrier: find existing barrier, name: kgcachecontroller, count: 8
Construct PerfSampler done
Construct PerfSampler done
Construct PerfSampler done
I20240119 22:46:19.060007  2593 IPC_barrier.h:112] CreateBarrier: find existing barrier, name: kgcachecontroller, count: 8
I20240119 22:46:19.060021  2592 IPC_barrier.h:112] CreateBarrier: find existing barrier, name: kgcachecontroller, count: 8
I20240119 22:46:19.060129  2595 IPC_barrier.h:112] CreateBarrier: find existing barrier, name: kgcachecontroller, count: 8
W20240119 22:46:19.064213  2596 IPCTensor.h:367] NewIPCTensor: cached_sampler_r5_0 [100000]0x10030b504000
W20240119 22:46:19.064446  2596 IPCTensor.h:367] NewIPCTensor: cached_sampler_r5_1 [100000]0x10030b5c9000
W20240119 22:46:19.064522  2596 IPCTensor.h:367] NewIPCTensor: cached_sampler_r5_2 [100000]0x10030b68e000
W20240119 22:46:19.064558  2596 IPCTensor.h:367] NewIPCTensor: cached_sampler_r5_3 [100000]0x10030b753000
W20240119 22:46:19.064600  2596 IPCTensor.h:367] NewIPCTensor: cached_sampler_r5_4 [100000]0x10030b818000
W20240119 22:46:19.064637  2596 IPCTensor.h:367] NewIPCTensor: cached_sampler_r5_5 [100000]0x10030b8dd000
W20240119 22:46:19.064692  2596 IPCTensor.h:367] NewIPCTensor: cached_sampler_r5_6 [100000]0x10030b9a2000
W20240119 22:46:19.064754  2596 IPCTensor.h:367] NewIPCTensor: cached_sampler_r5_7 [100000]0x10030ba67000
W20240119 22:46:19.064802  2596 IPCTensor.h:367] NewIPCTensor: cached_sampler_r5_8 [100000]0x10030bb2c000
W20240119 22:46:19.064874  2596 IPCTensor.h:367] NewIPCTensor: cached_sampler_r5_9 [100000]0x10030bbf1000
W20240119 22:46:19.064916  2596 IPCTensor.h:367] NewIPCTensor: step_r5 [10]0x10030bcb6000
W20240119 22:46:19.064940  2596 IPCTensor.h:367] NewIPCTensor: circle_buffer_end_r5 [1]0x10030bcb8000
W20240119 22:46:19.064986  2596 IPCTensor.h:367] NewIPCTensor: circle_buffer_end_cppseen_r5 [1]0x10030bcba000
Construct PerfSampler done
I20240119 22:46:19.065469  2596 IPC_barrier.h:112] CreateBarrier: find existing barrier, name: kgcachecontroller, count: 8
W20240119 22:46:19.067505  1984 grad_base.h:55] KGCacheController, config={
        "num_gpus": 8,
        "L": 10,
        "kForwardItersPerStep": 1,
        "clr": 1,
        "backwardMode": "CppAsyncV2",
        "nr_background_threads": 16, 
        "cache_ratio": 0.1,
        "backgrad_init": "both"
    }
W20240119 22:46:19.067605  1984 grad_base.h:172] Init GradProcessingBase done
I20240119 22:46:28.244436  1984 grad_async_v2.h:32] Use background thread to update emb. nr_background_threads=16
W20240119 22:46:28.244709  1984 kg_controller.h:78] after init GradAsyncProcessingV2
I20240119 22:46:28.244716  1984 kg_controller.h:84] Construct KGCacheController done
Construct KGCacheControllerWrapper done
Construct KGCacheControllerWrapper done
Construct KGCacheControllerWrapper done
Construct KGCacheControllerWrapper done
Construct KGCacheControllerWrapper done
Construct KGCacheControllerWrapper done
Construct KGCacheControllerWrapper done
Construct KGCacheControllerWrapper done
I20240119 22:46:29.024511  1984 grad_base.h:60] GraphEnv RegTensorsPerProcess
W20240119 22:46:31.457885  4922 grad_async_v2.h:120] Detect new sample comes, old_end0, new_end1
E20240119 22:46:31.458083  4922 parallel_pq_v2.h:76] insert failed, size(hashtable)=1
E20240119 22:46:32.458009  4922 parallel_pq_v2.h:76] insert failed, size(hashtable)=7
W20240119 22:46:32.472482  4922 grad_async_v2.h:120] Detect new sample comes, old_end5, new_end6
Before Training
I20240119 22:46:32.956807  2592 IPC_barrier.h:118] CreateBarrier: new barrier, name: start_barrier, count: 8
Before Training
I20240119 22:46:32.975225  2593 IPC_barrier.h:112] CreateBarrier: find existing barrier, name: start_barrier, count: 8
Before Training
I20240119 22:46:32.993129  2594 IPC_barrier.h:112] CreateBarrier: find existing barrier, name: start_barrier, count: 8
Before Training
I20240119 22:46:33.011065  2595 IPC_barrier.h:112] CreateBarrier: find existing barrier, name: start_barrier, count: 8
Before Training
I20240119 22:46:33.028973  2596 IPC_barrier.h:112] CreateBarrier: find existing barrier, name: start_barrier, count: 8
Before Training
I20240119 22:46:33.048177  2597 IPC_barrier.h:112] CreateBarrier: find existing barrier, name: start_barrier, count: 8
Before Training
I20240119 22:46:33.066021  2598 IPC_barrier.h:112] CreateBarrier: find existing barrier, name: start_barrier, count: 8
Before Training
I20240119 22:46:33.083575  1984 IPC_barrier.h:112] CreateBarrier: find existing barrier, name: start_barrier, count: 8
========== Step 0 ========== 
========== Step 0 ========== 
========== Step 0 ========== 
========== Step 0 ========== 
========== Step 0 ========== 
========== Step 0 ========== 
========== Step 0 ========== 
========== Step 0 ========== 
W20240119 22:46:33.180768  4920 HazptrDomain.h:767] 10 request backlog for hazptr asynchronous reclamation executor
+---------------------------+---------------------------+---------------------------+
| Name                      | P50                       | P99                       |
+---------------------------+---------------------------+---------------------------+
| ProcessBack:Shuffle       | 397.130 ms                | 397.130 ms                |
+---------------------------+---------------------------+---------------------------+
+---------------------------+---------------------------+---------------------------+
| Name                      | P50                       | P99                       |
+---------------------------+---------------------------+---------------------------+
| GenInput:CircleBuffer     | 131.148 us                | 131.148 us                |
| GenInput                  | 582.705 us                | 582.705 us                |
| Forward                   | 61.721 ms                 | 61.721 ms                 |
| Backward                  | 24.326 ms                 | 24.326 ms                 |
| Optimize                  | 295.795 us                | 295.795 us                |
| BarrierTimeBeforeRank0    | 42.013 us                 | 42.013 us                 |
+---------------------------+---------------------------+---------------------------+
E20240119 22:46:34.934829  1984 parallel_pq_v2.h:76] insert failed, size(hashtable)=0
W20240119 22:46:35.002746  1984 grad_async_v2.h:249] Sleep in <BlockToStepN>, step_no=1, pq.top=1
========== Step 1 ========== 
========== Step 1 ========== 
W20240119 22:46:35.097575  4922 grad_async_v2.h:120] Detect new sample comes, old_end1, new_end2
========== Step 1 ========== 
========== Step 1 ========== 
========== Step 1 ========== 
========== Step 1 ========== 
========== Step 1 ========== 
========== Step 1 ========== 
========== Step 2 ========== 
========== Step 2 ========== 
========== Step 2 ========== 
========== Step 2 ========== 
========== Step 2 ========== 
========== Step 2 ========== 
========== Step 2 ========== 
========== Step 2 ========== 
========== Step 3 ========== 
========== Step 3 ========== 
========== Step 3 ========== 
========== Step 3 ========== 
========== Step 3 ========== 
========== Step 3 ========== 
========== Step 3 ========== 
========== Step 3 ========== 
E20240119 22:46:35.934011  4922 parallel_pq_v2.h:76] insert failed, size(hashtable)=1715
W20240119 22:46:36.002008  1984 grad_async_v2.h:249] Sleep in <BlockToStepN>, step_no=4, pq.top=4
========== Step 4 ========== 
========== Step 4 ========== 
========== Step 4 ========== 
========== Step 4 ========== 
========== Step 4 ========== 
========== Step 4 ========== 
========== Step 4 ========== 
========== Step 4 ========== 
W20240119 22:46:36.104703  4922 grad_async_v2.h:120] Detect new sample comes, old_end4, new_end5
========== Step 5 ========== 
========== Step 5 ========== 
========== Step 5 ========== 
========== Step 5 ========== 
========== Step 5 ========== 
========== Step 5 ========== 
========== Step 5 ========== 
========== Step 5 ========== 
========== Step 6 ========== 
========== Step 6 ========== 
========== Step 6 ========== 
========== Step 6 ========== 
========== Step 6 ========== 
========== Step 6 ========== 
========== Step 6 ========== 
========== Step 6 ========== 
E20240119 22:46:36.934011  4920 parallel_pq_v2.h:76] insert failed, size(hashtable)=10988
========== Step 7 ========== 
========== Step 7 ========== 
========== Step 7 ========== 
========== Step 7 ========== 
========== Step 7 ========== 
========== Step 7 ========== 
========== Step 7 ========== 
========== Step 7 ========== 
W20240119 22:46:37.119411  4922 grad_async_v2.h:120] Detect new sample comes, old_end7, new_end8
W20240119 22:46:37.216746  1984 grad_async_v2.h:249] Sleep in <BlockToStepN>, step_no=8, pq.top=8
========== Step 8 ========== 
========== Step 8 ========== 
========== Step 8 ========== 
========== Step 8 ========== 
========== Step 8 ========== 
========== Step 8 ========== 
========== Step 8 ========== 
========== Step 8 ========== 
========== Step 9 ========== 
========== Step 9 ========== 
========== Step 9 ========== 
========== Step 9 ========== 
========== Step 9 ========== 
========== Step 9 ========== 
========== Step 9 ========== 
========== Step 9 ========== 
E20240119 22:46:37.934012  1984 parallel_pq_v2.h:76] insert failed, size(hashtable)=50
========== Step 10 ========== 
========== Step 10 ========== 
========== Step 10 ========== 
========== Step 10 ========== 
========== Step 10 ========== 
========== Step 10 ========== 
========== Step 10 ========== 
========== Step 10 ========== 
W20240119 22:46:38.121161  4922 grad_async_v2.h:120] Detect new sample comes, old_end0, new_end1
W20240119 22:46:38.273386  1984 grad_async_v2.h:249] Sleep in <BlockToStepN>, step_no=11, pq.top=11
========== Step 11 ========== 
========== Step 11 ========== 
========== Step 11 ========== 
========== Step 11 ========== 
========== Step 11 ========== 
========== Step 11 ========== 
========== Step 11 ========== 
========== Step 11 ========== 
========== Step 12 ========== 
========== Step 12 ========== 
========== Step 12 ========== 
========== Step 12 ========== 
========== Step 12 ========== 
========== Step 12 ========== 
========== Step 12 ========== 
========== Step 12 ========== 
========== Step 13 ========== 
========== Step 13 ========== 
========== Step 13 ========== 
========== Step 13 ========== 
========== Step 13 ========== 
========== Step 13 ========== 
========== Step 13 ========== 
========== Step 13 ========== 
E20240119 22:46:38.934023  4920 parallel_pq_v2.h:76] insert failed, size(hashtable)=16673
+---------------------------+---------------------------+---------------------------+
| Name                      | P50                       | P99                       |
+---------------------------+---------------------------+---------------------------+
| ProcessBack:Shuffle       | 145.295 ms                | 397.130 ms                |
| ProcessBack:UpdateCache   | 23.685 ms                 | 1.360 s                   |
| ProcessBack:UpsertPq      | 69.899 ms                 | 105.224 ms                |
| ProcessOneStep            | 238.225 ms                | 1.829 s                   |
| BlockToStepN              | 75.526 ms                 | 93.447 ms                 |
+---------------------------+---------------------------+---------------------------+
+---------------------------+---------------------------+---------------------------+
| Name                      | P50                       | P99                       |
+---------------------------+---------------------------+---------------------------+
| GenInput:CircleBuffer     | 120.030 us                | 340.754 us                |
| GenInput                  | 726.555 us                | 2.582 ms                  |
| Forward                   | 380.419 us                | 61.721 ms                 |
| Backward                  | 951.619 us                | 24.326 ms                 |
| Optimize                  | 120.275 us                | 295.795 us                |
| BarrierTimeBeforeRank0    | 245.589 us                | 2.285 ms                  |
| AfterBackward             | 238.263 ms                | 1.829 s                   |
| BlockToStepN              | 75.627 ms                 | 94.233 ms                 |
| OneStep                   | 317.112 ms                | 2.013 s                   |
+---------------------------+---------------------------+---------------------------+
========== Step 14 ========== 
========== Step 14 ========== 
========== Step 14 ========== 
========== Step 14 ========== 
========== Step 14 ========== 
========== Step 14 ========== 
========== Step 14 ========== 
========== Step 14 ========== 
W20240119 22:46:39.249191  4922 grad_async_v2.h:120] Detect new sample comes, old_end4, new_end5
W20240119 22:46:39.571744  1984 grad_async_v2.h:249] Sleep in <BlockToStepN>, step_no=15, pq.top=15
========== Step 15 ========== 
========== Step 15 ========== 
========== Step 15 ========== 
========== Step 15 ========== 
========== Step 15 ========== 
========== Step 15 ========== 
========== Step 15 ========== 
========== Step 15 ========== 
E20240119 22:46:39.934008  1984 parallel_pq_v2.h:76] insert failed, size(hashtable)=705
========== Step 16 ========== 
========== Step 16 ========== 
========== Step 16 ========== 
========== Step 16 ========== 
========== Step 16 ========== 
========== Step 16 ========== 
========== Step 16 ========== 
========== Step 16 ========== 
W20240119 22:46:40.261668  4922 grad_async_v2.h:120] Detect new sample comes, old_end6, new_end7
========== Step 17 ========== 
========== Step 17 ========== 
========== Step 17 ========== 
========== Step 17 ========== 
========== Step 17 ========== 
========== Step 17 ========== 
========== Step 17 ========== 
========== Step 17 ========== 
W20240119 22:46:40.739617  1984 grad_async_v2.h:249] Sleep in <BlockToStepN>, step_no=18, pq.top=18
========== Step 18 ========== 
========== Step 18 ========== 
========== Step 18 ========== 
========== Step 18 ========== 
========== Step 18 ========== 
========== Step 18 ========== 
========== Step 18 ========== 
========== Step 18 ========== 
E20240119 22:46:40.934010  4922 parallel_pq_v2.h:76] insert failed, size(hashtable)=625
========== Step 19 ========== 
========== Step 19 ========== 
========== Step 19 ========== 
========== Step 19 ========== 
========== Step 19 ========== 
========== Step 19 ========== 
========== Step 19 ========== 
========== Step 19 ========== 
W20240119 22:46:41.269259  4922 grad_async_v2.h:120] Detect new sample comes, old_end9, new_end0
========== Step 20 ========== 
========== Step 20 ========== 
========== Step 20 ========== 
========== Step 20 ========== 
========== Step 20 ========== 
========== Step 20 ========== 
========== Step 20 ========== 
========== Step 20 ========== 
W20240119 22:46:41.811651  1984 grad_async_v2.h:249] Sleep in <BlockToStepN>, step_no=21, pq.top=21
========== Step 21 ========== 
========== Step 21 ========== 
========== Step 21 ========== 
========== Step 21 ========== 
========== Step 21 ========== 
========== Step 21 ========== 
========== Step 21 ========== 
========== Step 21 ========== 
E20240119 22:46:41.934013  4922 parallel_pq_v2.h:76] insert failed, size(hashtable)=8064
========== Step 22 ========== 
========== Step 22 ========== 
========== Step 22 ========== 
========== Step 22 ========== 
========== Step 22 ========== 
========== Step 22 ========== 
========== Step 22 ========== 
========== Step 22 ========== 
W20240119 22:46:42.277379  4922 grad_async_v2.h:120] Detect new sample comes, old_end2, new_end3
========== Step 23 ========== 
========== Step 23 ========== 
========== Step 23 ========== 
========== Step 23 ========== 
========== Step 23 ========== 
========== Step 23 ========== 
========== Step 23 ========== 
========== Step 23 ========== 
W20240119 22:46:42.836843  1984 grad_async_v2.h:249] Sleep in <BlockToStepN>, step_no=24, pq.top=24
========== Step 24 ========== 
========== Step 24 ========== 
========== Step 24 ========== 
========== Step 24 ========== 
E20240119 22:46:42.934142  4920 parallel_pq_v2.h:76] insert failed, size(hashtable)=3811
========== Step 24 ========== 
========== Step 24 ========== 
========== Step 24 ========== 
========== Step 24 ========== 
========== Step 25 ========== 
========== Step 25 ========== 
========== Step 25 ========== 
========== Step 25 ========== 
========== Step 25 ========== 
========== Step 25 ========== 
========== Step 25 ========== 
========== Step 25 ========== 
W20240119 22:46:43.285279  4922 grad_async_v2.h:120] Detect new sample comes, old_end5, new_end6
========== Step 26 ========== 
========== Step 26 ========== 
========== Step 26 ========== 
========== Step 26 ========== 
========== Step 26 ========== 
========== Step 26 ========== 
========== Step 26 ========== 
========== Step 26 ========== 
W20240119 22:46:43.846907  1984 grad_async_v2.h:249] Sleep in <BlockToStepN>, step_no=27, pq.top=27
E20240119 22:46:43.935400  4920 parallel_pq_v2.h:76] insert failed, size(hashtable)=3727
========== Step 27 ========== 
========== Step 27 ========== 
========== Step 27 ========== 
========== Step 27 ========== 
========== Step 27 ========== 
========== Step 27 ========== 
========== Step 27 ========== 
========== Step 27 ========== 
+---------------------------+---------------------------+---------------------------+
| Name                      | P50                       | P99                       |
+---------------------------+---------------------------+---------------------------+
| ProcessBack:Shuffle       | 148.675 ms                | 397.130 ms                |
| ProcessBack:UpdateCache   | 23.685 ms                 | 1.360 s                   |
| ProcessBack:UpsertPq      | 77.128 ms                 | 139.356 ms                |
| ProcessOneStep            | 269.904 ms                | 1.829 s                   |
| BlockToStepN              | 80.607 ms                 | 111.621 ms                |
+---------------------------+---------------------------+---------------------------+
+---------------------------+---------------------------+---------------------------+
| Name                      | P50                       | P99                       |
+---------------------------+---------------------------+---------------------------+
| GenInput:CircleBuffer     | 120.030 us                | 340.754 us                |
| GenInput                  | 1.316 ms                  | 2.582 ms                  |
| Forward                   | 374.920 us                | 61.721 ms                 |
| Backward                  | 940.794 us                | 24.326 ms                 |
| Optimize                  | 113.777 us                | 295.795 us                |
| BarrierTimeBeforeRank0    | 435.170 us                | 2.285 ms                  |
| AfterBackward             | 269.947 ms                | 1.829 s                   |
| BlockToStepN              | 80.693 ms                 | 111.712 ms                |
| OneStep                   | 358.054 ms                | 2.013 s                   |
+---------------------------+---------------------------+---------------------------+
========== Step 28 ========== 
========== Step 28 ========== 
========== Step 28 ========== 
========== Step 28 ========== 
========== Step 28 ========== 
========== Step 28 ========== 
========== Step 28 ========== 
========== Step 28 ========== 
W20240119 22:46:44.348748  4922 grad_async_v2.h:120] Detect new sample comes, old_end8, new_end9
========== Step 29 ========== 
========== Step 29 ========== 
========== Step 29 ========== 
========== Step 29 ========== 
========== Step 29 ========== 
========== Step 29 ========== 
========== Step 29 ========== 
========== Step 29 ========== 
E20240119 22:46:44.935020  4922 parallel_pq_v2.h:76] insert failed, size(hashtable)=6
W20240119 22:46:45.068991  1984 grad_async_v2.h:249] Sleep in <BlockToStepN>, step_no=30, pq.top=30
========== Step 30 ========== 
========== Step 30 ========== 
========== Step 30 ========== 
========== Step 30 ========== 
========== Step 30 ========== 
========== Step 30 ========== 
========== Step 30 ========== 
========== Step 30 ========== 
W20240119 22:46:45.372654  4922 grad_async_v2.h:120] Detect new sample comes, old_end0, new_end1
========== Step 31 ========== 
========== Step 31 ========== 
========== Step 31 ========== 
========== Step 31 ========== 
========== Step 31 ========== 
========== Step 31 ========== 
========== Step 31 ========== 
========== Step 31 ========== 
E20240119 22:46:45.936908  4920 parallel_pq_v2.h:76] insert failed, size(hashtable)=249
========== Step 32 ========== 
========== Step 32 ========== 
========== Step 32 ========== 
========== Step 32 ========== 
========== Step 32 ========== 
========== Step 32 ========== 
========== Step 32 ========== 
========== Step 32 ========== 
W20240119 22:46:46.201871  1984 grad_async_v2.h:249] Sleep in <BlockToStepN>, step_no=33, pq.top=33
========== Step 33 ========== 
========== Step 33 ========== 
========== Step 33 ========== 
========== Step 33 ========== 
========== Step 33 ========== 
========== Step 33 ========== 
========== Step 33 ========== 
========== Step 33 ========== 
W20240119 22:46:46.383487  4922 grad_async_v2.h:120] Detect new sample comes, old_end3, new_end4
========== Step 34 ========== 
========== Step 34 ========== 
========== Step 34 ========== 
========== Step 34 ========== 
========== Step 34 ========== 
========== Step 34 ========== 
========== Step 34 ========== 
========== Step 34 ========== 
E20240119 22:46:46.937920  4920 parallel_pq_v2.h:76] insert failed, size(hashtable)=4268
========== Step 35 ========== 
========== Step 35 ========== 
========== Step 35 ========== 
========== Step 35 ========== 
========== Step 35 ========== 
========== Step 35 ========== 
========== Step 35 ========== 
========== Step 35 ========== 
W20240119 22:46:47.219863  1984 grad_async_v2.h:249] Sleep in <BlockToStepN>, step_no=36, pq.top=36
========== Step 36 ========== 
========== Step 36 ========== 
========== Step 36 ========== 
========== Step 36 ========== 
========== Step 36 ========== 
========== Step 36 ========== 
========== Step 36 ========== 
========== Step 36 ========== 
W20240119 22:46:47.409909  4922 grad_async_v2.h:120] Detect new sample comes, old_end6, new_end7
========== Step 37 ========== 
========== Step 37 ========== 
========== Step 37 ========== 
========== Step 37 ========== 
========== Step 37 ========== 
========== Step 37 ========== 
========== Step 37 ========== 
========== Step 37 ========== 
E20240119 22:46:47.960373  4920 parallel_pq_v2.h:76] insert failed, size(hashtable)=3657
========== Step 38 ========== 
========== Step 38 ========== 
========== Step 38 ========== 
========== Step 38 ========== 
========== Step 38 ========== 
========== Step 38 ========== 
========== Step 38 ========== 
========== Step 38 ========== 
W20240119 22:46:48.278563  1984 grad_async_v2.h:249] Sleep in <BlockToStepN>, step_no=39, pq.top=39
========== Step 39 ========== 
========== Step 39 ========== 
========== Step 39 ========== 
========== Step 39 ========== 
========== Step 39 ========== 
========== Step 39 ========== 
========== Step 39 ========== 
========== Step 39 ========== 
W20240119 22:46:48.433326  4922 grad_async_v2.h:120] Detect new sample comes, old_end9, new_end0
========== Step 40 ========== 
========== Step 40 ========== 
========== Step 40 ========== 
========== Step 40 ========== 
========== Step 40 ========== 
========== Step 40 ========== 
========== Step 40 ========== 
========== Step 40 ========== 
E20240119 22:46:48.960012  4922 parallel_pq_v2.h:76] insert failed, size(hashtable)=6225
+---------------------------+---------------------------+---------------------------+
| Name                      | P50                       | P99                       |
+---------------------------+---------------------------+---------------------------+
| ProcessBack:Shuffle       | 168.919 ms                | 397.130 ms                |
| ProcessBack:UpdateCache   | 23.685 ms                 | 1.360 s                   |
| ProcessBack:UpsertPq      | 78.549 ms                 | 142.982 ms                |
| ProcessOneStep            | 272.330 ms                | 1.829 s                   |
| BlockToStepN              | 80.715 ms                 | 111.621 ms                |
+---------------------------+---------------------------+---------------------------+
+---------------------------+---------------------------+---------------------------+
| Name                      | P50                       | P99                       |
+---------------------------+---------------------------+---------------------------+
| GenInput:CircleBuffer     | 119.504 us                | 340.754 us                |
| GenInput                  | 1.316 ms                  | 2.582 ms                  |
| Forward                   | 377.011 us                | 61.721 ms                 |
| Backward                  | 934.584 us                | 24.326 ms                 |
| Optimize                  | 115.634 us                | 295.795 us                |
| BarrierTimeBeforeRank0    | 725.974 us                | 2.285 ms                  |
| AfterBackward             | 272.379 ms                | 1.829 s                   |
| BlockToStepN              | 80.854 ms                 | 111.712 ms                |
| OneStep                   | 365.333 ms                | 2.013 s                   |
+---------------------------+---------------------------+---------------------------+
========== Step 41 ========== 
========== Step 41 ========== 
========== Step 41 ========== 
========== Step 41 ========== 
========== Step 41 ========== 
========== Step 41 ========== 
========== Step 41 ========== 
========== Step 41 ========== 
W20240119 22:46:49.430491  1984 grad_async_v2.h:249] Sleep in <BlockToStepN>, step_no=42, pq.top=42
========== Step 42 ========== 
========== Step 42 ========== 
========== Step 42 ========== 
========== Step 42 ========== 
========== Step 42 ========== 
========== Step 42 ========== 
========== Step 42 ========== 
========== Step 42 ========== 
W20240119 22:46:49.515136  4922 grad_async_v2.h:120] Detect new sample comes, old_end2, new_end3
========== Step 43 ========== 
========== Step 43 ========== 
========== Step 43 ========== 
========== Step 43 ========== 
========== Step 43 ========== 
========== Step 43 ========== 
========== Step 43 ========== 
========== Step 43 ========== 
E20240119 22:46:49.960014  4922 parallel_pq_v2.h:76] insert failed, size(hashtable)=9941
========== Step 44 ========== 
========== Step 44 ========== 
========== Step 44 ========== 
========== Step 44 ========== 
========== Step 44 ========== 
========== Step 44 ========== 
========== Step 44 ========== 
========== Step 44 ========== 
W20240119 22:46:50.458689  1984 grad_async_v2.h:249] Sleep in <BlockToStepN>, step_no=45, pq.top=45
========== Step 45 ========== 
========== Step 45 ========== 
========== Step 45 ========== 
========== Step 45 ========== 
========== Step 45 ========== 
========== Step 45 ========== 
========== Step 45 ========== 
========== Step 45 ========== 
W20240119 22:46:50.540874  4922 grad_async_v2.h:120] Detect new sample comes, old_end5, new_end6
========== Step 46 ========== 
========== Step 46 ========== 
========== Step 46 ========== 
========== Step 46 ========== 
========== Step 46 ========== 
========== Step 46 ========== 
========== Step 46 ========== 
========== Step 46 ========== 
E20240119 22:46:50.960008  4922 parallel_pq_v2.h:76] insert failed, size(hashtable)=62054
========== Step 47 ========== 
========== Step 47 ========== 
========== Step 47 ========== 
========== Step 47 ========== 
========== Step 47 ========== 
========== Step 47 ========== 
========== Step 47 ========== 
========== Step 47 ========== 
W20240119 22:46:51.502580  1984 grad_async_v2.h:249] Sleep in <BlockToStepN>, step_no=48, pq.top=48
========== Step 48 ========== 
========== Step 48 ========== 
========== Step 48 ========== 
========== Step 48 ========== 
========== Step 48 ========== 
========== Step 48 ========== 
========== Step 48 ========== 
W20240119 22:46:51.594017  4922 grad_async_v2.h:120] Detect new sample comes, old_end8, new_end9
========== Step 48 ========== 
E20240119 22:46:51.963403  4920 parallel_pq_v2.h:76] insert failed, size(hashtable)=460
========== Step 49 ========== 
========== Step 49 ========== 
========== Step 49 ========== 
========== Step 49 ========== 
========== Step 49 ========== 
========== Step 49 ========== 
========== Step 49 ========== 
========== Step 49 ========== 
========== Step 50 ========== 
========== Step 50 ========== 
========== Step 50 ========== 
========== Step 50 ========== 
========== Step 50 ========== 
========== Step 50 ========== 
========== Step 50 ========== 
========== Step 50 ========== 
W20240119 22:46:52.705818  1984 grad_async_v2.h:249] Sleep in <BlockToStepN>, step_no=51, pq.top=51
========== Step 51 ========== 
========== Step 51 ========== 
========== Step 51 ========== 
========== Step 51 ========== 
========== Step 51 ========== 
========== Step 51 ========== 
========== Step 51 ========== 
========== Step 51 ========== 
W20240119 22:46:52.784670  4922 grad_async_v2.h:120] Detect new sample comes, old_end1, new_end2
E20240119 22:46:52.963008  4922 parallel_pq_v2.h:76] insert failed, size(hashtable)=1406
========== Step 52 ========== 
========== Step 52 ========== 
