WARNING: Logging before InitGoogleLogging() is written to STDERR
I20240131 16:31:42.343092 49357 IPC_barrier.h:128] MultiProcessBarrierFactory->ClearIPCMemory()
W20240131 16:31:42.347270 49357 IPCTensor.h:369] NewIPCTensor: full_emb [33762578, 32]0x100000002000 4.025 GB
/data/home/xieminhui/RecStore/src/framework_adapters/torch/python/perf_rec_model.py:152: DeprecationWarning: The 'warn' function is deprecated, use 'warning' instead
  XLOG.warn("After init DistEmbedding")
WARNING [49357 perf_rec_model.py:152] After init DistEmbedding
========== Running Perf with routine <function routine_local_cache_helper at 0x7f63ba6919e0>==========
Worker 1 pid=49507
Worker 2 pid=49508
Worker 3 pid=49509
Worker 4 pid=49510
Worker 5 pid=49511
Worker 6 pid=49512
INFO [49357 distributed_c10d.py:442] Added key: store_based_barrier_key:1 to store for rank: 0
INFO [49507 distributed_c10d.py:442] Added key: store_based_barrier_key:1 to store for rank: 1
INFO [49508 distributed_c10d.py:442] Added key: store_based_barrier_key:1 to store for rank: 2
INFO [49509 distributed_c10d.py:442] Added key: store_based_barrier_key:1 to store for rank: 3
INFO [49510 distributed_c10d.py:442] Added key: store_based_barrier_key:1 to store for rank: 4
INFO [49511 distributed_c10d.py:442] Added key: store_based_barrier_key:1 to store for rank: 5
INFO [49513 distributed_c10d.py:442] Added key: store_based_barrier_key:1 to store for rank: 7
INFO [49512 distributed_c10d.py:442] Added key: store_based_barrier_key:1 to store for rank: 6
INFO [49510 distributed_c10d.py:476] Rank 4: Completed store-based barrier for key:store_based_barrier_key:1 with 8 nodes.
INFO [49513 distributed_c10d.py:476] Rank 7: Completed store-based barrier for key:store_based_barrier_key:1 with 8 nodes.
INFO [49511 distributed_c10d.py:476] Rank 5: Completed store-based barrier for key:store_based_barrier_key:1 with 8 nodes.
INFO [49512 distributed_c10d.py:476] Rank 6: Completed store-based barrier for key:store_based_barrier_key:1 with 8 nodes.
INFO [49508 distributed_c10d.py:476] Rank 2: Completed store-based barrier for key:store_based_barrier_key:1 with 8 nodes.
E20240131 16:31:59.432813 49513 IPCTensor.h:348] IPCTensor full_emb already exists
E20240131 16:31:59.432840 49511 IPCTensor.h:348] IPCTensor full_emb already exists
INFO [49509 distributed_c10d.py:476] Rank 3: Completed store-based barrier for key:store_based_barrier_key:1 with 8 nodes.
E20240131 16:31:59.432838 49510 IPCTensor.h:348] IPCTensor full_emb already exists
E20240131 16:31:59.432842 49508 IPCTensor.h:348] IPCTensor full_emb already exists
E20240131 16:31:59.432826 49512 IPCTensor.h:348] IPCTensor full_emb already exists
E20240131 16:31:59.433782 49509 IPCTensor.h:348] IPCTensor full_emb already exists
INFO [49357 distributed_c10d.py:476] Rank 0: Completed store-based barrier for key:store_based_barrier_key:1 with 8 nodes.
INFO [49507 distributed_c10d.py:476] Rank 1: Completed store-based barrier for key:store_based_barrier_key:1 with 8 nodes.
E20240131 16:31:59.435403 49357 IPCTensor.h:348] IPCTensor full_emb already exists
E20240131 16:31:59.435604 49507 IPCTensor.h:348] IPCTensor full_emb already exists
W20240131 16:32:18.123230 49513 IPCTensor.h:409] NewIPCGPUTensor: embedding_cache_7 [1688128, 32]; dev=7; size=206.1 MB
W20240131 16:32:18.124629 49507 IPCTensor.h:409] NewIPCGPUTensor: embedding_cache_1 [1688128, 32]; dev=1; size=206.1 MB
W20240131 16:32:18.124936 49511 IPCTensor.h:409] NewIPCGPUTensor: embedding_cache_5 [1688128, 32]; dev=5; size=206.1 MB
W20240131 16:32:18.125149 49510 IPCTensor.h:409] NewIPCGPUTensor: embedding_cache_4 [1688128, 32]; dev=4; size=206.1 MB
W20240131 16:32:18.125293 49512 IPCTensor.h:409] NewIPCGPUTensor: embedding_cache_6 [1688128, 32]; dev=6; size=206.1 MB
W20240131 16:32:18.125475 49508 IPCTensor.h:409] NewIPCGPUTensor: embedding_cache_2 [1688128, 32]; dev=2; size=206.1 MB
W20240131 16:32:18.127846 49357 IPCTensor.h:409] NewIPCGPUTensor: embedding_cache_0 [1688128, 32]; dev=0; size=206.1 MB
W20240131 16:32:18.131984 49509 IPCTensor.h:409] NewIPCGPUTensor: embedding_cache_3 [1688128, 32]; dev=3; size=206.1 MB
W20240131 16:32:18.844249 49507 IPCTensor.h:369] NewIPCTensor: input_keys_1 [1000000]0x10010196e000 7.629 MB
W20240131 16:32:18.844448 49507 IPCTensor.h:369] NewIPCTensor: input_keys_neg_1 [1000000]0x100102111000 7.629 MB
W20240131 16:32:18.844501 49507 IPCTensor.h:369] NewIPCTensor: backward_grads_1 [1000000, 32]0x1001028b4000 122.1 MB
W20240131 16:32:18.844548 49507 IPCTensor.h:369] NewIPCTensor: backward_grads_neg_1 [1000000, 32]0x10010a2c8000 122.1 MB
W20240131 16:32:18.844597 49507 IPCTensor.h:409] NewIPCGPUTensor: backward_grads_1_gpu [1000000, 32]; dev=1; size=122.1 MB
W20240131 16:32:18.847151 49507 IPCTensor.h:409] NewIPCGPUTensor: backward_grads_neg_1_gpu [1000000, 32]; dev=1; size=122.1 MB
W20240131 16:32:18.870237 49513 IPCTensor.h:369] NewIPCTensor: input_keys_7 [1000000]0x100111ce0000 7.629 MB
W20240131 16:32:18.870424 49513 IPCTensor.h:369] NewIPCTensor: input_keys_neg_7 [1000000]0x100112483000 7.629 MB
W20240131 16:32:18.870473 49513 IPCTensor.h:369] NewIPCTensor: backward_grads_7 [1000000, 32]0x100112c26000 122.1 MB
W20240131 16:32:18.870517 49513 IPCTensor.h:369] NewIPCTensor: backward_grads_neg_7 [1000000, 32]0x10011a63a000 122.1 MB
W20240131 16:32:18.870561 49513 IPCTensor.h:409] NewIPCGPUTensor: backward_grads_7_gpu [1000000, 32]; dev=7; size=122.1 MB
W20240131 16:32:18.870836 49510 IPCTensor.h:369] NewIPCTensor: input_keys_4 [1000000]0x100122050000 7.629 MB
W20240131 16:32:18.870987 49510 IPCTensor.h:369] NewIPCTensor: input_keys_neg_4 [1000000]0x1001227f5000 7.629 MB
W20240131 16:32:18.871110 49510 IPCTensor.h:369] NewIPCTensor: backward_grads_4 [1000000, 32]0x100122f9a000 122.1 MB
W20240131 16:32:18.871160 49510 IPCTensor.h:369] NewIPCTensor: backward_grads_neg_4 [1000000, 32]0x10012a9ae000 122.1 MB
W20240131 16:32:18.871209 49510 IPCTensor.h:409] NewIPCGPUTensor: backward_grads_4_gpu [1000000, 32]; dev=4; size=122.1 MB
W20240131 16:32:18.871259 49513 IPCTensor.h:409] NewIPCGPUTensor: backward_grads_neg_7_gpu [1000000, 32]; dev=7; size=122.1 MB
W20240131 16:32:18.871361 49512 IPCTensor.h:369] NewIPCTensor: input_keys_6 [1000000]0x1001323c4000 7.629 MB
W20240131 16:32:18.871526 49512 IPCTensor.h:369] NewIPCTensor: input_keys_neg_6 [1000000]0x100132b67000 7.629 MB
W20240131 16:32:18.871572 49512 IPCTensor.h:369] NewIPCTensor: backward_grads_6 [1000000, 32]0x10013330a000 122.1 MB
W20240131 16:32:18.871680 49512 IPCTensor.h:369] NewIPCTensor: backward_grads_neg_6 [1000000, 32]0x10013ad1e000 122.1 MB
W20240131 16:32:18.871759 49512 IPCTensor.h:409] NewIPCGPUTensor: backward_grads_6_gpu [1000000, 32]; dev=6; size=122.1 MB
W20240131 16:32:18.891219 49512 IPCTensor.h:409] NewIPCGPUTensor: backward_grads_neg_6_gpu [1000000, 32]; dev=6; size=122.1 MB
W20240131 16:32:18.891314 49510 IPCTensor.h:409] NewIPCGPUTensor: backward_grads_neg_4_gpu [1000000, 32]; dev=4; size=122.1 MB
W20240131 16:32:18.891623 49511 IPCTensor.h:369] NewIPCTensor: input_keys_5 [1000000]0x10014273a000 7.629 MB
W20240131 16:32:18.891794 49511 IPCTensor.h:369] NewIPCTensor: input_keys_neg_5 [1000000]0x100142edd000 7.629 MB
W20240131 16:32:18.891862 49511 IPCTensor.h:369] NewIPCTensor: backward_grads_5 [1000000, 32]0x100143680000 122.1 MB
W20240131 16:32:18.891919 49511 IPCTensor.h:369] NewIPCTensor: backward_grads_neg_5 [1000000, 32]0x10014b094000 122.1 MB
W20240131 16:32:18.891963 49511 IPCTensor.h:409] NewIPCGPUTensor: backward_grads_5_gpu [1000000, 32]; dev=5; size=122.1 MB
W20240131 16:32:18.892493 49508 IPCTensor.h:369] NewIPCTensor: input_keys_2 [1000000]0x100152aae000 7.629 MB
W20240131 16:32:18.892581 49511 IPCTensor.h:409] NewIPCGPUTensor: backward_grads_neg_5_gpu [1000000, 32]; dev=5; size=122.1 MB
W20240131 16:32:18.892643 49508 IPCTensor.h:369] NewIPCTensor: input_keys_neg_2 [1000000]0x100153253000 7.629 MB
W20240131 16:32:18.892701 49508 IPCTensor.h:369] NewIPCTensor: backward_grads_2 [1000000, 32]0x1001539f6000 122.1 MB
W20240131 16:32:18.892746 49508 IPCTensor.h:369] NewIPCTensor: backward_grads_neg_2 [1000000, 32]0x10015b40a000 122.1 MB
W20240131 16:32:18.892791 49508 IPCTensor.h:409] NewIPCGPUTensor: backward_grads_2_gpu [1000000, 32]; dev=2; size=122.1 MB
W20240131 16:32:18.893172 49508 IPCTensor.h:409] NewIPCGPUTensor: backward_grads_neg_2_gpu [1000000, 32]; dev=2; size=122.1 MB
W20240131 16:32:18.894595 49509 IPCTensor.h:369] NewIPCTensor: input_keys_3 [1000000]0x100162e26000 7.629 MB
W20240131 16:32:18.894724 49509 IPCTensor.h:369] NewIPCTensor: input_keys_neg_3 [1000000]0x1001635c9000 7.629 MB
W20240131 16:32:18.894773 49509 IPCTensor.h:369] NewIPCTensor: backward_grads_3 [1000000, 32]0x100163d6c000 122.1 MB
W20240131 16:32:18.894815 49509 IPCTensor.h:369] NewIPCTensor: backward_grads_neg_3 [1000000, 32]0x10016b780000 122.1 MB
W20240131 16:32:18.894863 49509 IPCTensor.h:409] NewIPCGPUTensor: backward_grads_3_gpu [1000000, 32]; dev=3; size=122.1 MB
W20240131 16:32:18.895213 49509 IPCTensor.h:409] NewIPCGPUTensor: backward_grads_neg_3_gpu [1000000, 32]; dev=3; size=122.1 MB
W20240131 16:32:18.904451 49357 IPCTensor.h:369] NewIPCTensor: input_keys_0 [1000000]0x10017319a000 7.629 MB
W20240131 16:32:18.904664 49357 IPCTensor.h:369] NewIPCTensor: input_keys_neg_0 [1000000]0x10017393d000 7.629 MB
W20240131 16:32:18.904736 49357 IPCTensor.h:369] NewIPCTensor: backward_grads_0 [1000000, 32]0x1001740e0000 122.1 MB
W20240131 16:32:18.904811 49357 IPCTensor.h:369] NewIPCTensor: backward_grads_neg_0 [1000000, 32]0x10017baf4000 122.1 MB
W20240131 16:32:18.904901 49357 IPCTensor.h:409] NewIPCGPUTensor: backward_grads_0_gpu [1000000, 32]; dev=0; size=122.1 MB
W20240131 16:32:18.905310 49357 IPCTensor.h:409] NewIPCGPUTensor: backward_grads_neg_0_gpu [1000000, 32]; dev=0; size=122.1 MB
Worker 7 pid=49513
New CachedEmbedding, name=full_emb, shape=(33762578, 32), cache_type=KnownLocalCachedEmbedding
fixed cache_range is [(0, 1688128), (1688128, 3376256), (3376256, 5064384), (5064384, 6752512), (6752512, 8440640), (8440640, 10128768), (10128768, 11816896), (11816896, 13505024)]
cudaHostRegister 0x100000002000
0: KnownLocalCachedEmbedding init done
cudaHostRegister 0x100000002000
7: KnownLocalCachedEmbedding init done
cudaHostRegister 0x100000002000
4: KnownLocalCachedEmbedding init done
cudaHostRegister 0x100000002000
1: KnownLocalCachedEmbedding init done
cudaHostRegister 0x100000002000
3: KnownLocalCachedEmbedding init done
cudaHostRegister 0x100000002000
5: KnownLocalCachedEmbedding init done
cudaHostRegister 0x100000002000
2: KnownLocalCachedEmbedding init done
cudaHostRegister 0x100000002000
6: KnownLocalCachedEmbedding init done
W20240131 16:32:26.413561 49507 IPCTensor.h:369] NewIPCTensor: cached_sampler_r1_0 [1000000]0x10018350c000 7.629 MB
W20240131 16:32:26.413848 49507 IPCTensor.h:369] NewIPCTensor: cached_sampler_r1_1 [1000000]0x100183caf000 7.629 MB
W20240131 16:32:26.413904 49507 IPCTensor.h:369] NewIPCTensor: cached_sampler_r1_2 [1000000]0x100184452000 7.629 MB
W20240131 16:32:26.413949 49507 IPCTensor.h:369] NewIPCTensor: cached_sampler_r1_3 [1000000]0x100184bf5000 7.629 MB
W20240131 16:32:26.413987 49507 IPCTensor.h:369] NewIPCTensor: cached_sampler_r1_4 [1000000]0x100185398000 7.629 MB
W20240131 16:32:26.414052 49507 IPCTensor.h:369] NewIPCTensor: cached_sampler_r1_5 [1000000]0x100185b3b000 7.629 MB
W20240131 16:32:26.414157 49507 IPCTensor.h:369] NewIPCTensor: cached_sampler_r1_6 [1000000]0x1001862de000 7.629 MB
W20240131 16:32:26.414211 49507 IPCTensor.h:369] NewIPCTensor: cached_sampler_r1_7 [1000000]0x100186a81000 7.629 MB
W20240131 16:32:26.414270 49507 IPCTensor.h:369] NewIPCTensor: cached_sampler_r1_8 [1000000]0x100187224000 7.629 MB
W20240131 16:32:26.414377 49507 IPCTensor.h:369] NewIPCTensor: cached_sampler_r1_9 [1000000]0x1001879c7000 7.629 MB
W20240131 16:32:26.414423 49507 IPCTensor.h:369] NewIPCTensor: step_r1 [10]0x10018816a000 80 B 
W20240131 16:32:26.414463 49507 IPCTensor.h:369] NewIPCTensor: circle_buffer_end_r1 [1]0x10018816c000 8 B 
W20240131 16:32:26.414516 49507 IPCTensor.h:369] NewIPCTensor: circle_buffer_end_cppseen_r1 [1]0x10018816e000 8 B 
Dataset:  /home/xieminhui/RecStoreDataset/criteo_binary
Dataset loaded
np.max =  33762577
np.min=  1
Construct RecModelSampler done
I20240131 16:32:26.415026 49507 IPC_barrier.h:118] CreateBarrier: new barrier, name: kgcachecontroller, count: 8
W20240131 16:32:26.437145 49357 IPCTensor.h:369] NewIPCTensor: cached_sampler_r0_0 [1000000]0x100188170000 7.629 MB
W20240131 16:32:26.437544 49357 IPCTensor.h:369] NewIPCTensor: cached_sampler_r0_1 [1000000]0x100188913000 7.629 MB
W20240131 16:32:26.437637 49357 IPCTensor.h:369] NewIPCTensor: cached_sampler_r0_2 [1000000]0x1001890b6000 7.629 MB
W20240131 16:32:26.437671 49357 IPCTensor.h:369] NewIPCTensor: cached_sampler_r0_3 [1000000]0x100189859000 7.629 MB
W20240131 16:32:26.437729 49357 IPCTensor.h:369] NewIPCTensor: cached_sampler_r0_4 [1000000]0x100189ffc000 7.629 MB
W20240131 16:32:26.437824 49357 IPCTensor.h:369] NewIPCTensor: cached_sampler_r0_5 [1000000]0x10018a79f000 7.629 MB
W20240131 16:32:26.437875 49357 IPCTensor.h:369] NewIPCTensor: cached_sampler_r0_6 [1000000]0x10018af42000 7.629 MB
W20240131 16:32:26.437944 49357 IPCTensor.h:369] NewIPCTensor: cached_sampler_r0_7 [1000000]0x10018b6e5000 7.629 MB
W20240131 16:32:26.437991 49357 IPCTensor.h:369] NewIPCTensor: cached_sampler_r0_8 [1000000]0x10018be88000 7.629 MB
W20240131 16:32:26.438026 49357 IPCTensor.h:369] NewIPCTensor: cached_sampler_r0_9 [1000000]0x10018c62b000 7.629 MB
W20240131 16:32:26.438078 49357 IPCTensor.h:369] NewIPCTensor: step_r0 [10]0x10018cdce000 80 B 
W20240131 16:32:26.438117 49357 IPCTensor.h:369] NewIPCTensor: circle_buffer_end_r0 [1]0x10018cdd0000 8 B 
W20240131 16:32:26.438186 49357 IPCTensor.h:369] NewIPCTensor: circle_buffer_end_cppseen_r0 [1]0x10018cdd2000 8 B 
Dataset:  /home/xieminhui/RecStoreDataset/criteo_binary
Dataset loaded
np.max =  33762577
np.min=  1
Construct RecModelSampler done
I20240131 16:32:26.438670 49357 IPC_barrier.h:112] CreateBarrier: find existing barrier, name: kgcachecontroller, count: 8
W20240131 16:32:26.444653 49513 IPCTensor.h:369] NewIPCTensor: cached_sampler_r7_0 [1000000]0x10018cdd4000 7.629 MB
W20240131 16:32:26.444792 49513 IPCTensor.h:369] NewIPCTensor: cached_sampler_r7_1 [1000000]0x10018d577000 7.629 MB
W20240131 16:32:26.444844 49513 IPCTensor.h:369] NewIPCTensor: cached_sampler_r7_2 [1000000]0x10018dd1a000 7.629 MB
W20240131 16:32:26.444887 49513 IPCTensor.h:369] NewIPCTensor: cached_sampler_r7_3 [1000000]0x10018e4bd000 7.629 MB
W20240131 16:32:26.444926 49513 IPCTensor.h:369] NewIPCTensor: cached_sampler_r7_4 [1000000]0x10018ec60000 7.629 MB
W20240131 16:32:26.444972 49513 IPCTensor.h:369] NewIPCTensor: cached_sampler_r7_5 [1000000]0x10018f403000 7.629 MB
W20240131 16:32:26.445016 49513 IPCTensor.h:369] NewIPCTensor: cached_sampler_r7_6 [1000000]0x10018fba6000 7.629 MB
W20240131 16:32:26.445070 49513 IPCTensor.h:369] NewIPCTensor: cached_sampler_r7_7 [1000000]0x100190349000 7.629 MB
W20240131 16:32:26.445111 49513 IPCTensor.h:369] NewIPCTensor: cached_sampler_r7_8 [1000000]0x100190aec000 7.629 MB
W20240131 16:32:26.445179 49513 IPCTensor.h:369] NewIPCTensor: cached_sampler_r7_9 [1000000]0x10019128f000 7.629 MB
W20240131 16:32:26.445230 49513 IPCTensor.h:369] NewIPCTensor: step_r7 [10]0x100191a32000 80 B 
W20240131 16:32:26.445266 49513 IPCTensor.h:369] NewIPCTensor: circle_buffer_end_r7 [1]0x100191a34000 8 B 
W20240131 16:32:26.445297 49513 IPCTensor.h:369] NewIPCTensor: circle_buffer_end_cppseen_r7 [1]0x100191a36000 8 B 
Dataset:  /home/xieminhui/RecStoreDataset/criteo_binary
Dataset loaded
np.max =  33762577
np.min=  1
Construct RecModelSampler done
I20240131 16:32:26.445642 49513 IPC_barrier.h:112] CreateBarrier: find existing barrier, name: kgcachecontroller, count: 8
W20240131 16:32:27.018419 49512 IPCTensor.h:369] NewIPCTensor: cached_sampler_r6_0 [1000000]0x100191a38000 7.629 MB
W20240131 16:32:27.018620 49512 IPCTensor.h:369] NewIPCTensor: cached_sampler_r6_1 [1000000]0x1001921db000 7.629 MB
W20240131 16:32:27.018669 49512 IPCTensor.h:369] NewIPCTensor: cached_sampler_r6_2 [1000000]0x10019297e000 7.629 MB
W20240131 16:32:27.018715 49512 IPCTensor.h:369] NewIPCTensor: cached_sampler_r6_3 [1000000]0x100193121000 7.629 MB
W20240131 16:32:27.018754 49512 IPCTensor.h:369] NewIPCTensor: cached_sampler_r6_4 [1000000]0x1001938c4000 7.629 MB
W20240131 16:32:27.018810 49512 IPCTensor.h:369] NewIPCTensor: cached_sampler_r6_5 [1000000]0x100194067000 7.629 MB
W20240131 16:32:27.018858 49512 IPCTensor.h:369] NewIPCTensor: cached_sampler_r6_6 [1000000]0x10019480a000 7.629 MB
W20240131 16:32:27.018913 49512 IPCTensor.h:369] NewIPCTensor: cached_sampler_r6_7 [1000000]0x100194fad000 7.629 MB
W20240131 16:32:27.018956 49512 IPCTensor.h:369] NewIPCTensor: cached_sampler_r6_8 [1000000]0x100195750000 7.629 MB
W20240131 16:32:27.019001 49512 IPCTensor.h:369] NewIPCTensor: cached_sampler_r6_9 [1000000]0x100195ef3000 7.629 MB
W20240131 16:32:27.019037 49512 IPCTensor.h:369] NewIPCTensor: step_r6 [10]0x100196696000 80 B 
W20240131 16:32:27.019074 49512 IPCTensor.h:369] NewIPCTensor: circle_buffer_end_r6 [1]0x100196698000 8 B 
W20240131 16:32:27.019107 49512 IPCTensor.h:369] NewIPCTensor: circle_buffer_end_cppseen_r6 [1]0x10019669a000 8 B 
Dataset:  /home/xieminhui/RecStoreDataset/criteo_binary
Dataset loaded
np.max =  33762577
np.min=  1
Construct RecModelSampler done
I20240131 16:32:27.019479 49512 IPC_barrier.h:112] CreateBarrier: find existing barrier, name: kgcachecontroller, count: 8
W20240131 16:32:27.550441 49509 IPCTensor.h:369] NewIPCTensor: cached_sampler_r3_0 [1000000]0x10019669c000 7.629 MB
W20240131 16:32:27.550607 49509 IPCTensor.h:369] NewIPCTensor: cached_sampler_r3_1 [1000000]0x100196e3f000 7.629 MB
W20240131 16:32:27.550659 49509 IPCTensor.h:369] NewIPCTensor: cached_sampler_r3_2 [1000000]0x1001975e2000 7.629 MB
W20240131 16:32:27.550706 49509 IPCTensor.h:369] NewIPCTensor: cached_sampler_r3_3 [1000000]0x100197d85000 7.629 MB
W20240131 16:32:27.550745 49509 IPCTensor.h:369] NewIPCTensor: cached_sampler_r3_4 [1000000]0x100198528000 7.629 MB
W20240131 16:32:27.550789 49509 IPCTensor.h:369] NewIPCTensor: cached_sampler_r3_5 [1000000]0x100198ccb000 7.629 MB
W20240131 16:32:27.550833 49509 IPCTensor.h:369] NewIPCTensor: cached_sampler_r3_6 [1000000]0x10019946e000 7.629 MB
W20240131 16:32:27.550880 49509 IPCTensor.h:369] NewIPCTensor: cached_sampler_r3_7 [1000000]0x100199c11000 7.629 MB
W20240131 16:32:27.550940 49509 IPCTensor.h:369] NewIPCTensor: cached_sampler_r3_8 [1000000]0x10019a3b4000 7.629 MB
W20240131 16:32:27.550985 49509 IPCTensor.h:369] NewIPCTensor: cached_sampler_r3_9 [1000000]0x10019ab57000 7.629 MB
W20240131 16:32:27.551023 49509 IPCTensor.h:369] NewIPCTensor: step_r3 [10]0x10019b2fa000 80 B 
W20240131 16:32:27.551059 49509 IPCTensor.h:369] NewIPCTensor: circle_buffer_end_r3 [1]0x10019b2fc000 8 B 
W20240131 16:32:27.551092 49509 IPCTensor.h:369] NewIPCTensor: circle_buffer_end_cppseen_r3 [1]0x10019b2fe000 8 B 
Dataset:  /home/xieminhui/RecStoreDataset/criteo_binary
Dataset loaded
np.max =  33762577
np.min=  1
Construct RecModelSampler done
I20240131 16:32:27.551409 49509 IPC_barrier.h:112] CreateBarrier: find existing barrier, name: kgcachecontroller, count: 8
W20240131 16:32:28.009148 49508 IPCTensor.h:369] NewIPCTensor: cached_sampler_r2_0 [1000000]0x10019b300000 7.629 MB
W20240131 16:32:28.009310 49508 IPCTensor.h:369] NewIPCTensor: cached_sampler_r2_1 [1000000]0x10019baa3000 7.629 MB
W20240131 16:32:28.009356 49508 IPCTensor.h:369] NewIPCTensor: cached_sampler_r2_2 [1000000]0x10019c246000 7.629 MB
W20240131 16:32:28.009394 49508 IPCTensor.h:369] NewIPCTensor: cached_sampler_r2_3 [1000000]0x10019c9e9000 7.629 MB
W20240131 16:32:28.009436 49508 IPCTensor.h:369] NewIPCTensor: cached_sampler_r2_4 [1000000]0x10019d18c000 7.629 MB
W20240131 16:32:28.009476 49508 IPCTensor.h:369] NewIPCTensor: cached_sampler_r2_5 [1000000]0x10019d92f000 7.629 MB
W20240131 16:32:28.009526 49508 IPCTensor.h:369] NewIPCTensor: cached_sampler_r2_6 [1000000]0x10019e0d2000 7.629 MB
W20240131 16:32:28.009573 49508 IPCTensor.h:369] NewIPCTensor: cached_sampler_r2_7 [1000000]0x10019e875000 7.629 MB
W20240131 16:32:28.009619 49508 IPCTensor.h:369] NewIPCTensor: cached_sampler_r2_8 [1000000]0x10019f018000 7.629 MB
W20240131 16:32:28.009666 49508 IPCTensor.h:369] NewIPCTensor: cached_sampler_r2_9 [1000000]0x10019f7bb000 7.629 MB
W20240131 16:32:28.009712 49508 IPCTensor.h:369] NewIPCTensor: step_r2 [10]0x10019ff5e000 80 B 
W20240131 16:32:28.009749 49508 IPCTensor.h:369] NewIPCTensor: circle_buffer_end_r2 [1]0x10019ff60000 8 B 
W20240131 16:32:28.009783 49508 IPCTensor.h:369] NewIPCTensor: circle_buffer_end_cppseen_r2 [1]0x10019ff62000 8 B 
Dataset:  /home/xieminhui/RecStoreDataset/criteo_binary
Dataset loaded
np.max =  33762577
np.min=  1
Construct RecModelSampler done
I20240131 16:32:28.010104 49508 IPC_barrier.h:112] CreateBarrier: find existing barrier, name: kgcachecontroller, count: 8
W20240131 16:32:28.029400 49510 IPCTensor.h:369] NewIPCTensor: cached_sampler_r4_0 [1000000]0x10019ff64000 7.629 MB
W20240131 16:32:28.029551 49510 IPCTensor.h:369] NewIPCTensor: cached_sampler_r4_1 [1000000]0x1001a0707000 7.629 MB
W20240131 16:32:28.029601 49510 IPCTensor.h:369] NewIPCTensor: cached_sampler_r4_2 [1000000]0x1001a0eaa000 7.629 MB
W20240131 16:32:28.029639 49510 IPCTensor.h:369] NewIPCTensor: cached_sampler_r4_3 [1000000]0x1001a164d000 7.629 MB
W20240131 16:32:28.029695 49510 IPCTensor.h:369] NewIPCTensor: cached_sampler_r4_4 [1000000]0x1001a1df0000 7.629 MB
W20240131 16:32:28.029750 49510 IPCTensor.h:369] NewIPCTensor: cached_sampler_r4_5 [1000000]0x1001a2593000 7.629 MB
W20240131 16:32:28.029793 49510 IPCTensor.h:369] NewIPCTensor: cached_sampler_r4_6 [1000000]0x1001a2d36000 7.629 MB
W20240131 16:32:28.029839 49510 IPCTensor.h:369] NewIPCTensor: cached_sampler_r4_7 [1000000]0x1001a34d9000 7.629 MB
W20240131 16:32:28.029886 49510 IPCTensor.h:369] NewIPCTensor: cached_sampler_r4_8 [1000000]0x1001a3c7c000 7.629 MB
W20240131 16:32:28.029929 49510 IPCTensor.h:369] NewIPCTensor: cached_sampler_r4_9 [1000000]0x1001a441f000 7.629 MB
W20240131 16:32:28.029982 49510 IPCTensor.h:369] NewIPCTensor: step_r4 [10]0x1001a4bc2000 80 B 
W20240131 16:32:28.030025 49510 IPCTensor.h:369] NewIPCTensor: circle_buffer_end_r4 [1]0x1001a4bc4000 8 B 
W20240131 16:32:28.030056 49510 IPCTensor.h:369] NewIPCTensor: circle_buffer_end_cppseen_r4 [1]0x1001a4bc6000 8 B 
Dataset:  /home/xieminhui/RecStoreDataset/criteo_binary
Dataset loaded
np.max =  33762577
np.min=  1
Construct RecModelSampler done
I20240131 16:32:28.030385 49510 IPC_barrier.h:112] CreateBarrier: find existing barrier, name: kgcachecontroller, count: 8
W20240131 16:32:28.420315 49511 IPCTensor.h:369] NewIPCTensor: cached_sampler_r5_0 [1000000]0x1001a4bc8000 7.629 MB
W20240131 16:32:28.420697 49511 IPCTensor.h:369] NewIPCTensor: cached_sampler_r5_1 [1000000]0x1001a536b000 7.629 MB
W20240131 16:32:28.420851 49511 IPCTensor.h:369] NewIPCTensor: cached_sampler_r5_2 [1000000]0x1001a5b0e000 7.629 MB
W20240131 16:32:28.420991 49511 IPCTensor.h:369] NewIPCTensor: cached_sampler_r5_3 [1000000]0x1001a62b1000 7.629 MB
W20240131 16:32:28.421137 49511 IPCTensor.h:369] NewIPCTensor: cached_sampler_r5_4 [1000000]0x1001a6a54000 7.629 MB
W20240131 16:32:28.421276 49511 IPCTensor.h:369] NewIPCTensor: cached_sampler_r5_5 [1000000]0x1001a71f7000 7.629 MB
W20240131 16:32:28.421423 49511 IPCTensor.h:369] NewIPCTensor: cached_sampler_r5_6 [1000000]0x1001a799a000 7.629 MB
W20240131 16:32:28.421582 49511 IPCTensor.h:369] NewIPCTensor: cached_sampler_r5_7 [1000000]0x1001a813d000 7.629 MB
W20240131 16:32:28.421731 49511 IPCTensor.h:369] NewIPCTensor: cached_sampler_r5_8 [1000000]0x1001a88e0000 7.629 MB
W20240131 16:32:28.421890 49511 IPCTensor.h:369] NewIPCTensor: cached_sampler_r5_9 [1000000]0x1001a9083000 7.629 MB
W20240131 16:32:28.422032 49511 IPCTensor.h:369] NewIPCTensor: step_r5 [10]0x1001a9826000 80 B 
W20240131 16:32:28.422160 49511 IPCTensor.h:369] NewIPCTensor: circle_buffer_end_r5 [1]0x1001a9828000 8 B 
W20240131 16:32:28.422278 49511 IPCTensor.h:369] NewIPCTensor: circle_buffer_end_cppseen_r5 [1]0x1001a982a000 8 B 
Dataset:  /home/xieminhui/RecStoreDataset/criteo_binary
Dataset loaded
np.max =  33762577
np.min=  1
Construct RecModelSampler done
I20240131 16:32:28.423023 49511 IPC_barrier.h:112] CreateBarrier: find existing barrier, name: kgcachecontroller, count: 8
E20240131 16:32:30.172619 49508 recstore.cc:66] init folly done
E20240131 16:32:30.172619 49509 recstore.cc:66] init folly done
E20240131 16:32:30.172618 49507 recstore.cc:66] init folly done
Construct KGCacheControllerWrapper done
Construct KGCacheControllerWrapper done
Construct KGCacheControllerWrapper done
E20240131 16:32:30.172863 49511 recstore.cc:66] init folly done
E20240131 16:32:30.172880 49513 recstore.cc:66] init folly done
E20240131 16:32:30.172878 49357 recstore.cc:66] init folly done
Construct KGCacheControllerWrapper done
Construct KGCacheControllerWrapper done
Construct KGCacheControllerWrapper done
E20240131 16:32:30.172994 49512 recstore.cc:66] init folly done
E20240131 16:32:30.172999 49510 recstore.cc:66] init folly done
Construct KGCacheControllerWrapper done
Construct KGCacheControllerWrapper done
Before Training
Before Training
Before Training
I20240131 16:32:31.342303 49508 IPC_barrier.h:118] CreateBarrier: new barrier, name: start_barrier, count: 8
I20240131 16:32:31.342334 49513 IPC_barrier.h:112] CreateBarrier: find existing barrier, name: start_barrier, count: 8
Before Training
Before Training
I20240131 16:32:31.342365 49357 IPC_barrier.h:112] CreateBarrier: find existing barrier, name: start_barrier, count: 8
I20240131 16:32:31.342430 49509 IPC_barrier.h:112] CreateBarrier: find existing barrier, name: start_barrier, count: 8
I20240131 16:32:31.342458 49511 IPC_barrier.h:112] CreateBarrier: find existing barrier, name: start_barrier, count: 8
Before Training
I20240131 16:32:31.343240 49507 IPC_barrier.h:112] CreateBarrier: find existing barrier, name: start_barrier, count: 8
Before Training
Before Training
I20240131 16:32:31.343458 49510 IPC_barrier.h:112] CreateBarrier: find existing barrier, name: start_barrier, count: 8
I20240131 16:32:31.343494 49512 IPC_barrier.h:112] CreateBarrier: find existing barrier, name: start_barrier, count: 8
========== Step 0 ========== 
+---------------------------+---------------------------+---------------------------+
| Name                      | P50                       | P99                       |
+---------------------------+---------------------------+---------------------------+
| GenInput:CircleBuffer     | 160.127 us                | 160.127 us                |
| GenInput                  | 438.513 us                | 438.513 us                |
| NN                        | 171.135 ms                | 171.135 ms                |
| Forward                   | 214.650 ms                | 214.650 ms                |
+---------------------------+---------------------------+---------------------------+
========== Step 1 ========== 
INFO [49507 distributed.py:1140] Reducer buckets have been rebuilt in this iteration.
INFO [49508 distributed.py:1140] Reducer buckets have been rebuilt in this iteration.
INFO [49357 distributed.py:1140] Reducer buckets have been rebuilt in this iteration.
INFO [49511 distributed.py:1140] Reducer buckets have been rebuilt in this iteration.
INFO [49513 distributed.py:1140] Reducer buckets have been rebuilt in this iteration.
INFO [49512 distributed.py:1140] Reducer buckets have been rebuilt in this iteration.
INFO [49510 distributed.py:1140] Reducer buckets have been rebuilt in this iteration.
INFO [49509 distributed.py:1140] Reducer buckets have been rebuilt in this iteration.
========== Step 2 ========== 
========== Step 3 ========== 
========== Step 4 ========== 
========== Step 5 ========== 
+---------------------------+---------------------------+---------------------------+
| Name                      | P50                       | P99                       |
+---------------------------+---------------------------+---------------------------+
| GenInput:CircleBuffer     | 214.658 us                | 658.600 us                |
| GenInput                  | 2.424 ms                  | 11.321 ms                 |
| NN                        | 1.950 ms                  | 171.135 ms                |
| Forward                   | 2.633 ms                  | 214.650 ms                |
| Backward                  | 868.119 ms                | 2.411 s                   |
| Optimize                  | 44.055 ms                 | 146.357 ms                |
| BarrierTimeBeforeRank0    | 91.551 us                 | 221.841 us                |
| BlockToStepN              | 838.543 us                | 2.219 ms                  |
| OneStep                   | 917.754 ms                | 2.776 s                   |
+---------------------------+---------------------------+---------------------------+
========== Step 6 ========== 
========== Step 7 ========== 
========== Step 8 ========== 
========== Step 9 ========== 
========== Step 10 ========== 
========== Step 11 ========== 
+---------------------------+---------------------------+---------------------------+
| Name                      | P50                       | P99                       |
+---------------------------+---------------------------+---------------------------+
| GenInput:CircleBuffer     | 231.239 us                | 1.142 ms                  |
| GenInput                  | 2.527 ms                  | 11.321 ms                 |
| NN                        | 1.918 ms                  | 171.135 ms                |
| Forward                   | 2.633 ms                  | 214.650 ms                |
| Backward                  | 868.119 ms                | 2.411 s                   |
| Optimize                  | 41.514 ms                 | 146.357 ms                |
| BarrierTimeBeforeRank0    | 91.551 us                 | 887.947 us                |
| BlockToStepN              | 577.932 us                | 2.219 ms                  |
| OneStep                   | 917.754 ms                | 2.776 s                   |
+---------------------------+---------------------------+---------------------------+
========== Step 12 ========== 
========== Step 13 ========== 
========== Step 14 ========== 
========== Step 15 ========== 
========== Step 16 ========== 
========== Step 17 ========== 
+---------------------------+---------------------------+---------------------------+
| Name                      | P50                       | P99                       |
+---------------------------+---------------------------+---------------------------+
| GenInput:CircleBuffer     | 214.658 us                | 1.142 ms                  |
| GenInput                  | 2.413 ms                  | 11.321 ms                 |
| NN                        | 1.877 ms                  | 171.135 ms                |
| Forward                   | 2.533 ms                  | 214.650 ms                |
| Backward                  | 736.348 ms                | 2.411 s                   |
| Optimize                  | 36.412 ms                 | 146.357 ms                |
| BarrierTimeBeforeRank0    | 83.481 us                 | 887.947 us                |
| BlockToStepN              | 577.932 us                | 4.786 ms                  |
| OneStep                   | 790.100 ms                | 2.776 s                   |
+---------------------------+---------------------------+---------------------------+
========== Step 18 ========== 
========== Step 19 ========== 
========== Step 20 ========== 
========== Step 21 ========== 
========== Step 22 ========== 
========== Step 23 ========== 
========== Step 24 ========== 
+---------------------------+---------------------------+---------------------------+
| Name                      | P50                       | P99                       |
+---------------------------+---------------------------+---------------------------+
| GenInput:CircleBuffer     | 214.658 us                | 1.142 ms                  |
| GenInput                  | 1.883 ms                  | 11.321 ms                 |
| NN                        | 1.788 ms                  | 171.135 ms                |
| Forward                   | 2.461 ms                  | 214.650 ms                |
| Backward                  | 736.348 ms                | 2.411 s                   |
| Optimize                  | 35.940 ms                 | 146.357 ms                |
| BarrierTimeBeforeRank0    | 79.877 us                 | 887.947 us                |
| BlockToStepN              | 532.639 us                | 4.786 ms                  |
| OneStep                   | 775.894 ms                | 2.776 s                   |
+---------------------------+---------------------------+---------------------------+
========== Step 25 ========== 
========== Step 26 ========== 
========== Step 27 ========== 
========== Step 28 ========== 
========== Step 29 ========== 
========== Step 30 ========== 
+---------------------------+---------------------------+---------------------------+
| Name                      | P50                       | P99                       |
+---------------------------+---------------------------+---------------------------+
| GenInput:CircleBuffer     | 192.801 us                | 1.142 ms                  |
| GenInput                  | 1.844 ms                  | 11.321 ms                 |
| NN                        | 1.729 ms                  | 171.135 ms                |
| Forward                   | 2.320 ms                  | 214.650 ms                |
| Backward                  | 729.611 ms                | 2.411 s                   |
| Optimize                  | 35.940 ms                 | 146.357 ms                |
| BarrierTimeBeforeRank0    | 68.475 us                 | 887.947 us                |
| BlockToStepN              | 495.023 us                | 4.786 ms                  |
| OneStep                   | 775.093 ms                | 2.776 s                   |
+---------------------------+---------------------------+---------------------------+
========== Step 31 ========== 
========== Step 32 ========== 
========== Step 33 ========== 
========== Step 34 ========== 
========== Step 35 ========== 
========== Step 36 ========== 
+---------------------------+---------------------------+---------------------------+
| Name                      | P50                       | P99                       |
+---------------------------+---------------------------+---------------------------+
| GenInput:CircleBuffer     | 185.349 us                | 1.142 ms                  |
| GenInput                  | 1.655 ms                  | 11.321 ms                 |
| NN                        | 1.724 ms                  | 171.135 ms                |
| Forward                   | 2.268 ms                  | 214.650 ms                |
| Backward                  | 729.611 ms                | 2.411 s                   |
| Optimize                  | 35.940 ms                 | 240.486 ms                |
| BarrierTimeBeforeRank0    | 63.594 us                 | 887.947 us                |
| BlockToStepN              | 439.182 us                | 4.786 ms                  |
| OneStep                   | 775.093 ms                | 2.776 s                   |
+---------------------------+---------------------------+---------------------------+
========== Step 37 ========== 
========== Step 38 ========== 
========== Step 39 ========== 
========== Step 40 ========== 
========== Step 41 ========== 
+---------------------------+---------------------------+---------------------------+
| Name                      | P50                       | P99                       |
+---------------------------+---------------------------+---------------------------+
| GenInput:CircleBuffer     | 182.345 us                | 1.142 ms                  |
| GenInput                  | 1.584 ms                  | 11.321 ms                 |
| NN                        | 1.628 ms                  | 171.135 ms                |
| Forward                   | 2.253 ms                  | 214.650 ms                |
| Backward                  | 736.467 ms                | 2.411 s                   |
| Optimize                  | 36.389 ms                 | 240.486 ms                |
| BarrierTimeBeforeRank0    | 63.594 us                 | 887.947 us                |
| BlockToStepN              | 439.182 us                | 4.786 ms                  |
| OneStep                   | 775.894 ms                | 2.776 s                   |
+---------------------------+---------------------------+---------------------------+
========== Step 42 ========== 
========== Step 43 ========== 
========== Step 44 ========== 
========== Step 45 ========== 
========== Step 46 ========== 
========== Step 47 ========== 
+---------------------------+---------------------------+---------------------------+
| Name                      | P50                       | P99                       |
+---------------------------+---------------------------+---------------------------+
| GenInput:CircleBuffer     | 182.345 us                | 1.142 ms                  |
| GenInput                  | 1.487 ms                  | 11.321 ms                 |
| NN                        | 1.716 ms                  | 171.135 ms                |
| Forward                   | 2.268 ms                  | 214.650 ms                |
| Backward                  | 736.467 ms                | 2.411 s                   |
| Optimize                  | 36.389 ms                 | 240.486 ms                |
| BarrierTimeBeforeRank0    | 68.475 us                 | 887.947 us                |
| BlockToStepN              | 347.028 us                | 4.786 ms                  |
| OneStep                   | 775.894 ms                | 2.776 s                   |
+---------------------------+---------------------------+---------------------------+
========== Step 48 ========== 
========== Step 49 ========== 
========== Step 50 ========== 
========== Step 51 ========== 
========== Step 52 ========== 
+---------------------------+---------------------------+---------------------------+
| Name                      | P50                       | P99                       |
+---------------------------+---------------------------+---------------------------+
| GenInput:CircleBuffer     | 179.342 us                | 1.108 ms                  |
| GenInput                  | 1.487 ms                  | 7.336 ms                  |
| NN                        | 1.628 ms                  | 13.474 ms                 |
| Forward                   | 2.268 ms                  | 15.027 ms                 |
| Backward                  | 861.398 ms                | 1.020 s                   |
| Optimize                  | 36.412 ms                 | 229.613 ms                |
| BarrierTimeBeforeRank0    | 68.475 us                 | 284.445 us                |
| BlockToStepN              | 351.586 us                | 2.219 ms                  |
| OneStep                   | 902.235 ms                | 1.249 s                   |
+---------------------------+---------------------------+---------------------------+
========== Step 53 ========== 
========== Step 54 ========== 
========== Step 55 ========== 
========== Step 56 ========== 
========== Step 57 ========== 
========== Step 58 ========== 
+---------------------------+---------------------------+---------------------------+
| Name                      | P50                       | P99                       |
+---------------------------+---------------------------+---------------------------+
| GenInput:CircleBuffer     | 176.070 us                | 1.108 ms                  |
| GenInput                  | 1.487 ms                  | 7.336 ms                  |
| NN                        | 1.716 ms                  | 13.474 ms                 |
| Forward                   | 2.320 ms                  | 15.027 ms                 |
| Backward                  | 738.683 ms                | 1.020 s                   |
| Optimize                  | 36.412 ms                 | 229.613 ms                |
| BarrierTimeBeforeRank0    | 68.475 us                 | 520.111 us                |
| BlockToStepN              | 347.028 us                | 5.066 ms                  |
| OneStep                   | 790.100 ms                | 1.249 s                   |
+---------------------------+---------------------------+---------------------------+
========== Step 59 ========== 
========== Step 60 ========== 
========== Step 61 ========== 
========== Step 62 ========== 
========== Step 63 ========== 
========== Step 64 ========== 
========== Step 65 ========== 
+---------------------------+---------------------------+---------------------------+
| Name                      | P50                       | P99                       |
+---------------------------+---------------------------+---------------------------+
| GenInput:CircleBuffer     | 173.532 us                | 1.108 ms                  |
| GenInput                  | 1.487 ms                  | 7.336 ms                  |
| NN                        | 1.617 ms                  | 13.474 ms                 |
| Forward                   | 2.253 ms                  | 15.027 ms                 |
| Backward                  | 736.348 ms                | 1.020 s                   |
| Optimize                  | 36.412 ms                 | 229.613 ms                |
| BarrierTimeBeforeRank0    | 68.475 us                 | 520.111 us                |
| BlockToStepN              | 347.028 us                | 5.066 ms                  |
| OneStep                   | 775.093 ms                | 1.249 s                   |
+---------------------------+---------------------------+---------------------------+
========== Step 66 ========== 
========== Step 67 ========== 
========== Step 68 ========== 
========== Step 69 ========== 
========== Step 70 ========== 
+---------------------------+---------------------------+---------------------------+
| Name                      | P50                       | P99                       |
+---------------------------+---------------------------+---------------------------+
| GenInput:CircleBuffer     | 173.532 us                | 1.108 ms                  |
| GenInput                  | 1.455 ms                  | 7.336 ms                  |
| NN                        | 1.628 ms                  | 13.474 ms                 |
| Forward                   | 2.268 ms                  | 15.027 ms                 |
| Backward                  | 738.683 ms                | 1.026 s                   |
| Optimize                  | 36.754 ms                 | 240.486 ms                |
| BarrierTimeBeforeRank0    | 63.594 us                 | 520.111 us                |
| BlockToStepN              | 351.586 us                | 12.549 ms                 |
| OneStep                   | 790.100 ms                | 1.285 s                   |
+---------------------------+---------------------------+---------------------------+
========== Step 71 ========== 
========== Step 72 ========== 
========== Step 73 ========== 
========== Step 74 ========== 
========== Step 75 ========== 
========== Step 76 ========== 
+---------------------------+---------------------------+---------------------------+
| Name                      | P50                       | P99                       |
+---------------------------+---------------------------+---------------------------+
| GenInput:CircleBuffer     | 168.328 us                | 1.108 ms                  |
| GenInput                  | 1.455 ms                  | 7.336 ms                  |
| NN                        | 1.594 ms                  | 13.474 ms                 |
| Forward                   | 2.173 ms                  | 15.027 ms                 |
| Backward                  | 736.467 ms                | 1.026 s                   |
| Optimize                  | 36.754 ms                 | 240.486 ms                |
| BarrierTimeBeforeRank0    | 61.507 us                 | 520.111 us                |
| BlockToStepN              | 338.805 us                | 12.549 ms                 |
| OneStep                   | 775.894 ms                | 1.285 s                   |
+---------------------------+---------------------------+---------------------------+
========== Step 77 ========== 
========== Step 78 ========== 
========== Step 79 ========== 
========== Step 80 ========== 
========== Step 81 ========== 
+---------------------------+---------------------------+---------------------------+
| Name                      | P50                       | P99                       |
+---------------------------+---------------------------+---------------------------+
| GenInput:CircleBuffer     | 169.311 us                | 1.142 ms                  |
| GenInput                  | 1.396 ms                  | 7.567 ms                  |
| NN                        | 1.616 ms                  | 13.474 ms                 |
| Forward                   | 2.188 ms                  | 15.027 ms                 |
| Backward                  | 736.467 ms                | 1.026 s                   |
| Optimize                  | 36.754 ms                 | 240.486 ms                |
| BarrierTimeBeforeRank0    | 63.445 us                 | 520.111 us                |
| BlockToStepN              | 326.472 us                | 12.549 ms                 |
| OneStep                   | 775.894 ms                | 1.285 s                   |
+---------------------------+---------------------------+---------------------------+
========== Step 82 ========== 
========== Step 83 ========== 
========== Step 84 ========== 
========== Step 85 ========== 
========== Step 86 ========== 
========== Step 87 ========== 
+---------------------------+---------------------------+---------------------------+
| Name                      | P50                       | P99                       |
+---------------------------+---------------------------+---------------------------+
| GenInput:CircleBuffer     | 173.532 us                | 1.142 ms                  |
| GenInput                  | 1.341 ms                  | 7.567 ms                  |
| NN                        | 1.616 ms                  | 13.474 ms                 |
| Forward                   | 2.188 ms                  | 15.027 ms                 |
| Backward                  | 806.479 ms                | 1.026 s                   |
| Optimize                  | 37.374 ms                 | 240.486 ms                |
| BarrierTimeBeforeRank0    | 63.594 us                 | 520.111 us                |
| BlockToStepN              | 311.990 us                | 12.549 ms                 |
| OneStep                   | 843.800 ms                | 1.285 s                   |
+---------------------------+---------------------------+---------------------------+
========== Step 88 ========== 
========== Step 89 ========== 
========== Step 90 ========== 
========== Step 91 ========== 
========== Step 92 ========== 
+---------------------------+---------------------------+---------------------------+
| Name                      | P50                       | P99                       |
+---------------------------+---------------------------+---------------------------+
| GenInput:CircleBuffer     | 174.695 us                | 1.142 ms                  |
| GenInput                  | 1.396 ms                  | 7.567 ms                  |
| NN                        | 1.616 ms                  | 13.474 ms                 |
| Forward                   | 2.188 ms                  | 15.027 ms                 |
| Backward                  | 806.479 ms                | 1.026 s                   |
| Optimize                  | 36.754 ms                 | 240.486 ms                |
| BarrierTimeBeforeRank0    | 62.826 us                 | 520.111 us                |
| BlockToStepN              | 326.472 us                | 12.549 ms                 |
| OneStep                   | 843.800 ms                | 1.285 s                   |
+---------------------------+---------------------------+---------------------------+
========== Step 93 ========== 
========== Step 94 ========== 
========== Step 95 ========== 
========== Step 96 ========== 
========== Step 97 ========== 
+---------------------------+---------------------------+---------------------------+
| Name                      | P50                       | P99                       |
+---------------------------+---------------------------+---------------------------+
| GenInput:CircleBuffer     | 176.070 us                | 1.142 ms                  |
| GenInput                  | 1.419 ms                  | 11.321 ms                 |
| NN                        | 1.616 ms                  | 13.474 ms                 |
| Forward                   | 2.188 ms                  | 15.027 ms                 |
| Backward                  | 824.718 ms                | 1.026 s                   |
| Optimize                  | 37.330 ms                 | 240.486 ms                |
| BarrierTimeBeforeRank0    | 62.826 us                 | 520.111 us                |
| BlockToStepN              | 338.805 us                | 12.549 ms                 |
| OneStep                   | 864.207 ms                | 1.285 s                   |
+---------------------------+---------------------------+---------------------------+
========== Step 98 ========== 
========== Step 99 ========== 
Step99:rank4, time: 99.423, per_step: 0.994226
Step99:rank6, time: 99.423, per_step: 0.994227
