WARNING: Logging before InitGoogleLogging() is written to STDERR
I20240131 23:38:41.935451 3226387 IPC_barrier.h:128] MultiProcessBarrierFactory->ClearIPCMemory()
/home/xieminhui/RecStore/src/framework_adapters/torch/kg/dgl-0.9.1/python/dgl/_deprecate/graph.py:1023: DGLWarning: multigraph will be deprecated.DGL will treat all graphs as multigraph in the future.
  dgl_warning("multigraph will be deprecated." \
/home/xieminhui/RecStore/src/framework_adapters/torch/kg/dgl-0.9.1/python/dgl/heterograph.py:72: DGLWarning: Recommend creating graphs by `dgl.graph(data)` instead of `dgl.DGLGraph(data)`.
  dgl_warning('Recommend creating graphs by `dgl.graph(data)`'
Reading train triples....
Finished. Read 483142 train triples.
Reading valid triples....
Finished. Read 50000 valid triples.
Reading test triples....
Finished. Read 59071 test triples.
ARGS:  Namespace(model_name='TransE', data_path='/home/xieminhui/dgl-data', dataset='FB15k', format='built_in', data_files=None, delimiter='\t', save_path='/tmp/ckpts/TransE_FB15k_197', no_save_emb=True, max_step=500, batch_size=1200, batch_size_eval=16, neg_sample_size=200, neg_deg_sample=False, neg_deg_sample_eval=False, neg_sample_size_eval=14951, eval_percent=1, no_eval_filter=False, log_interval=100, eval_interval=10000, test=False, num_proc=4, num_thread=1, force_sync_interval=1, hidden_dim=400, lr=0.01, gamma=16.0, double_ent=False, double_rel=False, neg_adversarial_sampling=False, adversarial_temperature=1.0, regularization_coef=0.0, regularization_norm=3, pairwise=False, loss_genre='Logsigmoid', margin=1.0, nr_gpus=4, gpu=[0, 1, 2, 3], mix_cpu_gpu=True, valid=False, rel_part=False, async_update=None, has_edge_importance=False, cached_emb_type='KnownLocalCachedEmbedding', use_my_emb=True, cache_ratio=0.1, shuffle=False, backwardMode='CppAsync', L=10, update_cache_use_omp=0, update_pq_use_omp=0, kForwardItersPerStep=2, backgrad_init='both', eval_filter=True, soft_rel_part=False)
|Train|: 483142
original graph:  DGLGraph(num_nodes=14951, num_edges=592213,
         ndata_schemes={}
         edata_schemes={'tid': Scheme(shape=(), dtype=torch.int64)})
Loading cached metis
WARNING [3226387 sampler.py:454] Start PreSampling
WARNING [3226387 sampler.py:532] Before construct renumbering_dict
WARNING [3226387 sampler.py:555] PreSampling done
W20240131 23:38:44.168814 3226387 IPCTensor.h:369] NewIPCTensor: cached_sampler_r0_0 [1000000]0x100000002000 7.629 MB
W20240131 23:38:44.168968 3226387 IPCTensor.h:369] NewIPCTensor: cached_sampler_r0_1 [1000000]0x1000007a5000 7.629 MB
W20240131 23:38:44.168993 3226387 IPCTensor.h:369] NewIPCTensor: cached_sampler_r0_2 [1000000]0x100000f48000 7.629 MB
W20240131 23:38:44.169016 3226387 IPCTensor.h:369] NewIPCTensor: cached_sampler_r0_3 [1000000]0x1000016eb000 7.629 MB
W20240131 23:38:44.169039 3226387 IPCTensor.h:369] NewIPCTensor: cached_sampler_r0_4 [1000000]0x100001e8e000 7.629 MB
W20240131 23:38:44.169063 3226387 IPCTensor.h:369] NewIPCTensor: cached_sampler_r0_5 [1000000]0x100002631000 7.629 MB
W20240131 23:38:44.169083 3226387 IPCTensor.h:369] NewIPCTensor: cached_sampler_r0_6 [1000000]0x100002dd4000 7.629 MB
W20240131 23:38:44.169111 3226387 IPCTensor.h:369] NewIPCTensor: cached_sampler_r0_7 [1000000]0x100003577000 7.629 MB
W20240131 23:38:44.169133 3226387 IPCTensor.h:369] NewIPCTensor: cached_sampler_r0_8 [1000000]0x100003d1a000 7.629 MB
W20240131 23:38:44.169152 3226387 IPCTensor.h:369] NewIPCTensor: cached_sampler_r0_9 [1000000]0x1000044bd000 7.629 MB
W20240131 23:38:44.169174 3226387 IPCTensor.h:369] NewIPCTensor: step_r0 [10]0x100004c60000 80 B 
W20240131 23:38:44.169193 3226387 IPCTensor.h:369] NewIPCTensor: circle_buffer_end_r0 [1]0x100004c62000 8 B 
W20240131 23:38:44.169211 3226387 IPCTensor.h:369] NewIPCTensor: circle_buffer_end_cppseen_r0 [1]0x100004c64000 8 B 
W20240131 23:38:44.169339 3226387 IPCTensor.h:369] NewIPCTensor: cached_sampler_r1_0 [1000000]0x100004c66000 7.629 MB
W20240131 23:38:44.169368 3226387 IPCTensor.h:369] NewIPCTensor: cached_sampler_r1_1 [1000000]0x100005409000 7.629 MB
W20240131 23:38:44.169387 3226387 IPCTensor.h:369] NewIPCTensor: cached_sampler_r1_2 [1000000]0x100005bac000 7.629 MB
W20240131 23:38:44.169421 3226387 IPCTensor.h:369] NewIPCTensor: cached_sampler_r1_3 [1000000]0x10000634f000 7.629 MB
W20240131 23:38:44.169438 3226387 IPCTensor.h:369] NewIPCTensor: cached_sampler_r1_4 [1000000]0x100006af2000 7.629 MB
W20240131 23:38:44.169461 3226387 IPCTensor.h:369] NewIPCTensor: cached_sampler_r1_5 [1000000]0x100007295000 7.629 MB
W20240131 23:38:44.169478 3226387 IPCTensor.h:369] NewIPCTensor: cached_sampler_r1_6 [1000000]0x100007a38000 7.629 MB
W20240131 23:38:44.169500 3226387 IPCTensor.h:369] NewIPCTensor: cached_sampler_r1_7 [1000000]0x1000081db000 7.629 MB
W20240131 23:38:44.169523 3226387 IPCTensor.h:369] NewIPCTensor: cached_sampler_r1_8 [1000000]0x10000897e000 7.629 MB
W20240131 23:38:44.169548 3226387 IPCTensor.h:369] NewIPCTensor: cached_sampler_r1_9 [1000000]0x100009121000 7.629 MB
W20240131 23:38:44.169567 3226387 IPCTensor.h:369] NewIPCTensor: step_r1 [10]0x1000098c4000 80 B 
W20240131 23:38:44.169582 3226387 IPCTensor.h:369] NewIPCTensor: circle_buffer_end_r1 [1]0x1000098c6000 8 B 
W20240131 23:38:44.169598 3226387 IPCTensor.h:369] NewIPCTensor: circle_buffer_end_cppseen_r1 [1]0x1000098c8000 8 B 
W20240131 23:38:44.169633 3226387 IPCTensor.h:369] NewIPCTensor: cached_sampler_r2_0 [1000000]0x1000098ca000 7.629 MB
W20240131 23:38:44.169656 3226387 IPCTensor.h:369] NewIPCTensor: cached_sampler_r2_1 [1000000]0x10000a06d000 7.629 MB
W20240131 23:38:44.169674 3226387 IPCTensor.h:369] NewIPCTensor: cached_sampler_r2_2 [1000000]0x10000a810000 7.629 MB
W20240131 23:38:44.169694 3226387 IPCTensor.h:369] NewIPCTensor: cached_sampler_r2_3 [1000000]0x10000afb3000 7.629 MB
W20240131 23:38:44.169713 3226387 IPCTensor.h:369] NewIPCTensor: cached_sampler_r2_4 [1000000]0x10000b756000 7.629 MB
W20240131 23:38:44.169731 3226387 IPCTensor.h:369] NewIPCTensor: cached_sampler_r2_5 [1000000]0x10000bef9000 7.629 MB
W20240131 23:38:44.169749 3226387 IPCTensor.h:369] NewIPCTensor: cached_sampler_r2_6 [1000000]0x10000c69c000 7.629 MB
W20240131 23:38:44.169768 3226387 IPCTensor.h:369] NewIPCTensor: cached_sampler_r2_7 [1000000]0x10000ce3f000 7.629 MB
W20240131 23:38:44.169792 3226387 IPCTensor.h:369] NewIPCTensor: cached_sampler_r2_8 [1000000]0x10000d5e2000 7.629 MB
W20240131 23:38:44.169812 3226387 IPCTensor.h:369] NewIPCTensor: cached_sampler_r2_9 [1000000]0x10000dd85000 7.629 MB
W20240131 23:38:44.169831 3226387 IPCTensor.h:369] NewIPCTensor: step_r2 [10]0x10000e528000 80 B 
W20240131 23:38:44.169847 3226387 IPCTensor.h:369] NewIPCTensor: circle_buffer_end_r2 [1]0x10000e52a000 8 B 
W20240131 23:38:44.169863 3226387 IPCTensor.h:369] NewIPCTensor: circle_buffer_end_cppseen_r2 [1]0x10000e52c000 8 B 
W20240131 23:38:44.169900 3226387 IPCTensor.h:369] NewIPCTensor: cached_sampler_r3_0 [1000000]0x10000e52e000 7.629 MB
W20240131 23:38:44.169929 3226387 IPCTensor.h:369] NewIPCTensor: cached_sampler_r3_1 [1000000]0x10000ecd1000 7.629 MB
W20240131 23:38:44.169946 3226387 IPCTensor.h:369] NewIPCTensor: cached_sampler_r3_2 [1000000]0x10000f474000 7.629 MB
W20240131 23:38:44.169970 3226387 IPCTensor.h:369] NewIPCTensor: cached_sampler_r3_3 [1000000]0x10000fc17000 7.629 MB
W20240131 23:38:44.169987 3226387 IPCTensor.h:369] NewIPCTensor: cached_sampler_r3_4 [1000000]0x1000103ba000 7.629 MB
W20240131 23:38:44.170006 3226387 IPCTensor.h:369] NewIPCTensor: cached_sampler_r3_5 [1000000]0x100010b5d000 7.629 MB
W20240131 23:38:44.170024 3226387 IPCTensor.h:369] NewIPCTensor: cached_sampler_r3_6 [1000000]0x100011300000 7.629 MB
W20240131 23:38:44.170045 3226387 IPCTensor.h:369] NewIPCTensor: cached_sampler_r3_7 [1000000]0x100011aa3000 7.629 MB
W20240131 23:38:44.170063 3226387 IPCTensor.h:369] NewIPCTensor: cached_sampler_r3_8 [1000000]0x100012246000 7.629 MB
W20240131 23:38:44.170080 3226387 IPCTensor.h:369] NewIPCTensor: cached_sampler_r3_9 [1000000]0x1000129e9000 7.629 MB
W20240131 23:38:44.170104 3226387 IPCTensor.h:369] NewIPCTensor: step_r3 [10]0x10001318c000 80 B 
W20240131 23:38:44.170117 3226387 IPCTensor.h:369] NewIPCTensor: circle_buffer_end_r3 [1]0x10001318e000 8 B 
W20240131 23:38:44.170142 3226387 IPCTensor.h:369] NewIPCTensor: circle_buffer_end_cppseen_r3 [1]0x100013190000 8 B 
W20240131 23:38:44.294728 3226387 IPCTensor.h:369] NewIPCTensor: full_emb [14951, 400]0x100013192000 22.81 MB
W20240131 23:38:44.321491 3226387 IPCTensor.h:369] NewIPCTensor: full_emb_SparseRowWiseAdaGrad_sum [14951]0x100014864000 58.4 kB
{0: Graph(num_nodes=10523, num_edges=182012,
      ndata_schemes={'_ID': Scheme(shape=(), dtype=torch.int64), 'inner_node': Scheme(shape=(), dtype=torch.int32), 'part_id': Scheme(shape=(), dtype=torch.int64)}
      edata_schemes={'_ID': Scheme(shape=(), dtype=torch.int64), 'inner_edge': Scheme(shape=(), dtype=torch.int8)}), 1: Graph(num_nodes=10996, num_edges=244360,
      ndata_schemes={'_ID': Scheme(shape=(), dtype=torch.int64), 'inner_node': Scheme(shape=(), dtype=torch.int32), 'part_id': Scheme(shape=(), dtype=torch.int64)}
      edata_schemes={'_ID': Scheme(shape=(), dtype=torch.int64), 'inner_edge': Scheme(shape=(), dtype=torch.int8)}), 2: Graph(num_nodes=9404, num_edges=143355,
      ndata_schemes={'_ID': Scheme(shape=(), dtype=torch.int64), 'inner_node': Scheme(shape=(), dtype=torch.int32), 'part_id': Scheme(shape=(), dtype=torch.int64)}
      edata_schemes={'_ID': Scheme(shape=(), dtype=torch.int64), 'inner_edge': Scheme(shape=(), dtype=torch.int8)}), 3: Graph(num_nodes=10954, num_edges=175447,
      ndata_schemes={'_ID': Scheme(shape=(), dtype=torch.int64), 'inner_node': Scheme(shape=(), dtype=torch.int32), 'part_id': Scheme(shape=(), dtype=torch.int64)}
      edata_schemes={'_ID': Scheme(shape=(), dtype=torch.int64), 'inner_edge': Scheme(shape=(), dtype=torch.int8)})}
MertisPartition: part 0 has 10523 N 182012 E
MertisPartition: part 1 has 10996 N 244360 E
MertisPartition: part 2 has 9404 N 143355 E
MertisPartition: part 3 has 10954 N 175447 E
Rank0: cached key size 373
Rank1: cached key size 373
Rank2: cached key size 373
Rank3: cached key size 373
Before renumbering graph:  {'_ID': tensor([    5,    14,    17,  ..., 11245,  2040,  3009]), 'inner_node': tensor([1, 1, 1,  ..., 0, 0, 0], dtype=torch.int32), 'part_id': tensor([0, 0, 0,  ..., 2, 3, 3])}
After renumbering graph:  {'_ID': tensor([1600, 1811, 1876,  ..., 2393, 6372, 7715]), 'inner_node': tensor([1, 1, 1,  ..., 0, 0, 0], dtype=torch.int32), 'part_id': tensor([0, 0, 0,  ..., 2, 3, 3])}
part_g: DGLGraph(num_nodes=10523, num_edges=182012,
         ndata_schemes={'_ID': Scheme(shape=(), dtype=torch.int64)}
         edata_schemes={'tid': Scheme(shape=(), dtype=torch.int64)})
part_g: DGLGraph(num_nodes=10523, num_edges=182012,
         ndata_schemes={'_ID': Scheme(shape=(), dtype=torch.int64)}
         edata_schemes={'tid': Scheme(shape=(), dtype=torch.int64)})
Total initialize time 2.404 seconds
[Rank1] pid = 3226597
[Rank2] pid = 3226661
INFO [3226387 distributed_c10d.py:442] Added key: store_based_barrier_key:1 to store for rank: 0
INFO [3226597 distributed_c10d.py:442] Added key: store_based_barrier_key:1 to store for rank: 1
INFO [3226661 distributed_c10d.py:442] Added key: store_based_barrier_key:1 to store for rank: 2
INFO [3226662 distributed_c10d.py:442] Added key: store_based_barrier_key:1 to store for rank: 3
INFO [3226662 distributed_c10d.py:476] Rank 3: Completed store-based barrier for key:store_based_barrier_key:1 with 4 nodes.
INFO [3226661 distributed_c10d.py:476] Rank 2: Completed store-based barrier for key:store_based_barrier_key:1 with 4 nodes.
INFO [3226387 distributed_c10d.py:476] Rank 0: Completed store-based barrier for key:store_based_barrier_key:1 with 4 nodes.
W20240131 23:38:47.704126 3226663 IPCTensor.h:409] NewIPCGPUTensor: embedding_cache_0 [1495, 400]; dev=0; size=2.281 MB
W20240131 23:38:47.704093 3226790 IPCTensor.h:409] NewIPCGPUTensor: embedding_cache_3 [1495, 400]; dev=3; size=2.281 MB
W20240131 23:38:47.704334 3226664 IPCTensor.h:409] NewIPCGPUTensor: embedding_cache_2 [1495, 400]; dev=2; size=2.281 MB
W20240131 23:38:47.705109 3226663 IPCTensor.h:369] NewIPCTensor: input_keys_0 [1000000]0x10001487a000 7.629 MB
W20240131 23:38:47.705127 3226790 IPCTensor.h:369] NewIPCTensor: input_keys_3 [1000000]0x10001501d000 7.629 MB
W20240131 23:38:47.705268 3226664 IPCTensor.h:369] NewIPCTensor: input_keys_2 [1000000]0x1000157c0000 7.629 MB
W20240131 23:38:47.705320 3226663 IPCTensor.h:369] NewIPCTensor: input_keys_neg_0 [1000000]0x100015f63000 7.629 MB
W20240131 23:38:47.705372 3226790 IPCTensor.h:369] NewIPCTensor: input_keys_neg_3 [1000000]0x100016706000 7.629 MB
W20240131 23:38:47.705410 3226663 IPCTensor.h:369] NewIPCTensor: backward_grads_0 [1000000, 400]0x100016ea9000 1.49 GB
W20240131 23:38:47.705456 3226790 IPCTensor.h:369] NewIPCTensor: backward_grads_3 [1000000, 400]0x10007648c000 1.49 GB
W20240131 23:38:47.705492 3226663 IPCTensor.h:369] NewIPCTensor: backward_grads_neg_0 [1000000, 400]0x1000d5a6f000 1.49 GB
W20240131 23:38:47.705520 3226790 IPCTensor.h:369] NewIPCTensor: backward_grads_neg_3 [1000000, 400]0x100135052000 1.49 GB
W20240131 23:38:47.705566 3226664 IPCTensor.h:369] NewIPCTensor: input_keys_neg_2 [1000000]0x100194635000 7.629 MB
W20240131 23:38:47.705587 3226790 IPCTensor.h:409] NewIPCGPUTensor: backward_grads_3_gpu [1000000, 400]; dev=3; size=1.49 GB
W20240131 23:38:47.705607 3226663 IPCTensor.h:409] NewIPCGPUTensor: backward_grads_0_gpu [1000000, 400]; dev=0; size=1.49 GB
W20240131 23:38:47.705677 3226664 IPCTensor.h:369] NewIPCTensor: backward_grads_2 [1000000, 400]0x100194dd8000 1.49 GB
W20240131 23:38:47.705749 3226664 IPCTensor.h:369] NewIPCTensor: backward_grads_neg_2 [1000000, 400]0x1001f43bb000 1.49 GB
W20240131 23:38:47.705847 3226664 IPCTensor.h:409] NewIPCGPUTensor: backward_grads_2_gpu [1000000, 400]; dev=2; size=1.49 GB
INFO [3226597 distributed_c10d.py:476] Rank 1: Completed store-based barrier for key:store_based_barrier_key:1 with 4 nodes.
W20240131 23:38:47.718600 3226790 IPCTensor.h:409] NewIPCGPUTensor: backward_grads_neg_3_gpu [1000000, 400]; dev=3; size=1.49 GB
W20240131 23:38:47.718632 3226663 IPCTensor.h:409] NewIPCGPUTensor: backward_grads_neg_0_gpu [1000000, 400]; dev=0; size=1.49 GB
W20240131 23:38:47.718669 3226664 IPCTensor.h:409] NewIPCGPUTensor: backward_grads_neg_2_gpu [1000000, 400]; dev=2; size=1.49 GB
W20240131 23:38:47.719302 3226598 IPCTensor.h:409] NewIPCGPUTensor: embedding_cache_1 [1495, 400]; dev=1; size=2.281 MB
W20240131 23:38:47.731662 3226598 IPCTensor.h:369] NewIPCTensor: input_keys_1 [1000000]0x1002539ac000 7.629 MB
W20240131 23:38:47.732008 3226598 IPCTensor.h:369] NewIPCTensor: input_keys_neg_1 [1000000]0x10025414f000 7.629 MB
W20240131 23:38:47.732105 3226598 IPCTensor.h:369] NewIPCTensor: backward_grads_1 [1000000, 400]0x1002548f2000 1.49 GB
W20240131 23:38:47.732189 3226598 IPCTensor.h:369] NewIPCTensor: backward_grads_neg_1 [1000000, 400]0x1002b3ed5000 1.49 GB
W20240131 23:38:47.732291 3226598 IPCTensor.h:409] NewIPCGPUTensor: backward_grads_1_gpu [1000000, 400]; dev=1; size=1.49 GB
W20240131 23:38:47.742241 3226598 IPCTensor.h:409] NewIPCGPUTensor: backward_grads_neg_1_gpu [1000000, 400]; dev=1; size=1.49 GB
cudaHostRegister 0x100013192000
3: KnownLocalCachedEmbedding init done
WARNING [3226662 DistTensor.py:59] The tensor name already exists in the kvstore
cudaHostRegister 0x100013192000
1: KnownLocalCachedEmbedding init done
WARNING [3226597 DistTensor.py:59] The tensor name already exists in the kvstore
cudaHostRegister 0x100013192000
2: KnownLocalCachedEmbedding init done
WARNING [3226661 DistTensor.py:59] The tensor name already exists in the kvstore
[Rank3] pid = 3226662
New CachedEmbedding, name=full_emb, shape=(14951, 400), cache_type=KnownLocalCachedEmbedding
fixed cache_range is [(0, 1495), (1495, 2990), (2990, 4485), (4485, 5980)]
cudaHostRegister 0x100013192000
0: KnownLocalCachedEmbedding init done
WARNING [3226387 DistTensor.py:59] The tensor name already exists in the kvstore
I20240131 23:38:49.201488 3226663 IPC_barrier.h:118] CreateBarrier: new barrier, name: kgcachecontroller, count: 4
I20240131 23:38:49.201797 3226598 IPC_barrier.h:112] CreateBarrier: find existing barrier, name: kgcachecontroller, count: 4
I20240131 23:38:49.201880 3226790 IPC_barrier.h:112] CreateBarrier: find existing barrier, name: kgcachecontroller, count: 4
I20240131 23:38:49.202101 3226664 IPC_barrier.h:112] CreateBarrier: find existing barrier, name: kgcachecontroller, count: 4
W20240131 23:38:49.203866 3226663 grad_base.h:55] KGCacheController, config={
        "num_gpus": 4,
        "L": 10,
        "backgrad_init": "both", 
        "kForwardItersPerStep": 2,
        "clr": 0.01,
        "nr_background_threads": 32,
        "backwardMode": "CppAsync",
        "cache_ratio": 0.1,
        "update_cache_use_omp":  0,
        "update_pq_use_omp":  0
        }
W20240131 23:38:49.204007 3226663 grad_base.h:184] Init GradProcessingBase done
I20240131 23:38:49.206357 3226663 grad_async_v1.h:203] Use main thread to update emb.
W20240131 23:38:49.206401 3226663 kg_controller.h:75] after init GradAsyncProcessing
I20240131 23:38:49.206408 3226663 kg_controller.h:84] Construct KGCacheController done
E20240131 23:38:49.608976 3226663 recstore.cc:66] init folly done
E20240131 23:38:49.608975 3226598 recstore.cc:66] init folly done
E20240131 23:38:49.609014 3226790 recstore.cc:66] init folly done
E20240131 23:38:49.609104 3226664 recstore.cc:66] init folly done
I20240131 23:38:49.610524 3226663 grad_base.h:60] GraphEnv RegTensorsPerProcess
I20240131 23:38:50.350184 3226663 IPC_barrier.h:118] CreateBarrier: new barrier, name: start_barrier, count: 4
I20240131 23:38:50.394129 3226790 IPC_barrier.h:112] CreateBarrier: find existing barrier, name: start_barrier, count: 4
I20240131 23:38:50.394621 3226664 IPC_barrier.h:112] CreateBarrier: find existing barrier, name: start_barrier, count: 4
I20240131 23:38:50.400216 3226598 IPC_barrier.h:112] CreateBarrier: find existing barrier, name: start_barrier, count: 4
W20240131 23:38:52.789132 3226663 grad_async_v1.h:429] Sleep in <BlockToStepN>, step_no=1, pq.top=1
W20240131 23:38:53.789009 3226663 grad_async_v1.h:429] Sleep in <BlockToStepN>, step_no=36, pq.top=36
+---------------------------+---------------------------+---------------------------+
| Name                      | P50                       | P99                       |
+---------------------------+---------------------------+---------------------------+
| GenInput                  | 784.676 us                | 15.470 ms                 |
| Forward                   | 2.907 ms                  | 725.285 ms                |
| Backward                  | 5.047 ms                  | 203.220 ms                |
| Optimize                  | 977.942 us                | 4.321 ms                  |
| BarrierTimeBeforeRank0    | 21.180 us                 | 304.281 ms                |
| AfterBackward             | 7.085 ms                  | 1.152 s                   |
| BlockToStepN              | 9.266 ms                  | 36.078 ms                 |
| OneStep                   | 32.944 ms                 | 2.393 s                   |
+---------------------------+---------------------------+---------------------------+
+---------------------------+---------------------------+---------------------------+
| Name                      | P50                       | P99                       |
+---------------------------+---------------------------+---------------------------+
| ProcessBack:Shuffle       | 1.729 ms                  | 148.095 ms                |
| ProcessBack:UpdateCache   | 1.231 ms                  | 222.185 ms                |
| ProcessBack:UpsertPq      | 3.698 ms                  | 6.805 ms                  |
| ProcessOneStep            | 7.183 ms                  | 12.762 ms                 |
| BlockToStepN              | 15.344 ms                 | 36.027 ms                 |
+---------------------------+---------------------------+---------------------------+
W20240131 23:38:54.789012 3226663 grad_async_v1.h:429] Sleep in <BlockToStepN>, step_no=56, pq.top=56
W20240131 23:38:55.792496 3226663 grad_async_v1.h:429] Sleep in <BlockToStepN>, step_no=73, pq.top=73
W20240131 23:38:56.797120 3226663 grad_async_v1.h:429] Sleep in <BlockToStepN>, step_no=88, pq.top=88
train_sampler.Prefill()
before start barrier
start train
[proc 3] 100 steps, total: 7.282, sample: 0.147, forward: 1.166, backward: 0.787, update: 0.086
train_sampler.Prefill()
before start barrier
start train
[proc 1] 100 steps, total: 7.276, sample: 0.147, forward: 1.166, backward: 0.671, update: 0.093
train_sampler.Prefill()
before start barrier
start train
[proc 2] 100 steps, total: 7.281, sample: 0.158, forward: 1.169, backward: 0.679, update: 0.095
train_sampler.Prefill()
-------Step 0-------
tensor([ 7633,   297, 10492,  7653,  8390,  4430, 10809,  5063, 12867,   151]) tensor([ 1876,  8793, 10566,  1438,  7859,  7297, 12879,  7552,  8324,  8467])
-------Step 1-------
tensor([ 7633,   297, 10492,  7653,  8390,  4430, 10809,  5063, 12867,   151]) tensor([ 7914, 11529, 12108, 14582,  7058,  9575,  6686,  2308,  2613,  9033])
-------Step 2-------
tensor([ 9446,  2781,  4107,    23,   601,   370,   235, 10214, 13071,  8786]) tensor([ 9962,  4186,  3708, 13551,  2373,  2884, 12544,  6164, 11904,  6467])
-------Step 3-------
tensor([ 9446,  2781,  4107,    23,   601,   370,   235, 10214, 13071,  8786]) tensor([  545, 12264,  6795, 12078,   333,   554,  2339, 12320,  5644,   238])
-------Step 4-------
tensor([ 3177, 14142, 11576, 10426,  5810,  6094, 12657,  7560,  4415,  2095]) tensor([14367,  1022, 10903, 10208,  4183,   697,  6965,  1108,  9289, 12071])
-------Step 5-------
tensor([ 3177, 14142, 11576, 10426,  5810,  6094, 12657,  7560,  4415,  2095]) tensor([ 7376,  7228,  8918, 14701,  1277, 12266,  2681, 13568,  7265,  6643])
-------Step 6-------
tensor([11803,   624,  7204,   102, 11416, 11915, 13118, 11576,  8327,  7142]) tensor([ 3394, 10597,  8444, 12167, 10087, 11099,  1966,  2736, 12454,  1359])
-------Step 7-------
tensor([11803,   624,  7204,   102, 11416, 11915, 13118, 11576,  8327,  7142]) tensor([ 4933, 14627,  8895,  7583,  5615,   903,  5203,   979, 10146, 13062])
-------Step 8-------
tensor([ 9424, 10150, 14014, 10301,  5147,  7315,  1801,  7007,  4961, 10632]) tensor([ 7204, 13473, 14489,  1757, 11382, 11011,  2614,  8924,  7306,  8797])
-------Step 9-------
tensor([ 9424, 10150, 14014, 10301,  5147,  7315,  1801,  7007,  4961, 10632]) tensor([ 9443, 11115,  1706,  3776,  2443,   623,  6877,  3260,  2613, 13224])
before start barrier
start train
[proc 0] 100 steps, total: 7.326, sample: 0.215, forward: 1.023, backward: 0.693, update: 0.107
W20240131 23:38:57.797012 3226663 grad_async_v1.h:429] Sleep in <BlockToStepN>, step_no=102, pq.top=102
W20240131 23:38:58.797006 3226663 grad_async_v1.h:429] Sleep in <BlockToStepN>, step_no=116, pq.top=116
+---------------------------+---------------------------+---------------------------+
| Name                      | P50                       | P99                       |
+---------------------------+---------------------------+---------------------------+
| GenInput                  | 1.010 ms                  | 13.926 ms                 |
| Forward                   | 2.879 ms                  | 9.981 ms                  |
| Backward                  | 5.118 ms                  | 6.008 ms                  |
| Optimize                  | 953.717 us                | 4.002 ms                  |
| BarrierTimeBeforeRank0    | 19.069 us                 | 494.155 us                |
| AfterBackward             | 7.706 ms                  | 12.811 ms                 |
| BlockToStepN              | 37.948 ms                 | 60.919 ms                 |
| OneStep                   | 57.145 ms                 | 83.399 ms                 |
+---------------------------+---------------------------+---------------------------+
+---------------------------+---------------------------+---------------------------+
| Name                      | P50                       | P99                       |
+---------------------------+---------------------------+---------------------------+
| ProcessBack:Shuffle       | 1.737 ms                  | 3.287 ms                  |
| ProcessBack:UpdateCache   | 1.219 ms                  | 2.394 ms                  |
| ProcessBack:UpsertPq      | 3.863 ms                  | 6.378 ms                  |
| ProcessOneStep            | 7.682 ms                  | 12.762 ms                 |
| BlockToStepN              | 39.438 ms                 | 62.984 ms                 |
+---------------------------+---------------------------+---------------------------+
W20240131 23:38:59.797009 3226663 grad_async_v1.h:429] Sleep in <BlockToStepN>, step_no=129, pq.top=129
W20240131 23:39:00.797010 3226663 grad_async_v1.h:429] Sleep in <BlockToStepN>, step_no=141, pq.top=141
W20240131 23:39:01.797008 3226663 grad_async_v1.h:429] Sleep in <BlockToStepN>, step_no=153, pq.top=153
W20240131 23:39:02.797011 3226663 grad_async_v1.h:429] Sleep in <BlockToStepN>, step_no=165, pq.top=165
W20240131 23:39:03.797011 3226663 grad_async_v1.h:429] Sleep in <BlockToStepN>, step_no=177, pq.top=177
+---------------------------+---------------------------+---------------------------+
| Name                      | P50                       | P99                       |
+---------------------------+---------------------------+---------------------------+
| GenInput                  | 1.017 ms                  | 11.707 ms                 |
| Forward                   | 2.806 ms                  | 5.854 ms                  |
| Backward                  | 5.132 ms                  | 5.981 ms                  |
| Optimize                  | 937.383 us                | 2.257 ms                  |
| BarrierTimeBeforeRank0    | 18.733 us                 | 547.522 us                |
| AfterBackward             | 7.658 ms                  | 12.640 ms                 |
| BlockToStepN              | 49.493 ms                 | 70.838 ms                 |
| OneStep                   | 69.201 ms                 | 92.355 ms                 |
+---------------------------+---------------------------+---------------------------+
+---------------------------+---------------------------+---------------------------+
| Name                      | P50                       | P99                       |
+---------------------------+---------------------------+---------------------------+
| ProcessBack:Shuffle       | 1.721 ms                  | 2.693 ms                  |
| ProcessBack:UpdateCache   | 1.210 ms                  | 2.210 ms                  |
| ProcessBack:UpsertPq      | 3.977 ms                  | 6.358 ms                  |
| ProcessOneStep            | 7.636 ms                  | 12.539 ms                 |
| BlockToStepN              | 49.890 ms                 | 70.808 ms                 |
+---------------------------+---------------------------+---------------------------+
W20240131 23:39:04.803239 3226663 grad_async_v1.h:429] Sleep in <BlockToStepN>, step_no=189, pq.top=189
W20240131 23:39:05.803011 3226663 grad_async_v1.h:429] Sleep in <BlockToStepN>, step_no=200, pq.top=200
[proc 3] 200 steps, total: 8.155, sample: 0.159, forward: 0.248, backward: 0.498, update: 0.079
[proc 0] 200 steps, total: 8.155, sample: 0.211, forward: 0.257, backward: 0.507, update: 0.084
[proc 2] 200 steps, total: 8.155, sample: 0.161, forward: 0.223, backward: 0.480, update: 0.090
[proc 1] 200 steps, total: 8.155, sample: 0.149, forward: 0.220, backward: 0.484, update: 0.087
W20240131 23:39:06.803012 3226663 grad_async_v1.h:429] Sleep in <BlockToStepN>, step_no=212, pq.top=212
W20240131 23:39:07.807746 3226663 grad_async_v1.h:429] Sleep in <BlockToStepN>, step_no=224, pq.top=224
W20240131 23:39:08.807011 3226663 grad_async_v1.h:429] Sleep in <BlockToStepN>, step_no=235, pq.top=235
+---------------------------+---------------------------+---------------------------+
| Name                      | P50                       | P99                       |
+---------------------------+---------------------------+---------------------------+
| GenInput                  | 1.034 ms                  | 11.707 ms                 |
| Forward                   | 2.754 ms                  | 5.854 ms                  |
| Backward                  | 5.133 ms                  | 5.981 ms                  |
| Optimize                  | 907.524 us                | 2.257 ms                  |
| BarrierTimeBeforeRank0    | 18.573 us                 | 6.206 ms                  |
| AfterBackward             | 7.503 ms                  | 12.640 ms                 |
| BlockToStepN              | 56.178 ms                 | 79.398 ms                 |
| OneStep                   | 75.993 ms                 | 98.742 ms                 |
+---------------------------+---------------------------+---------------------------+
+---------------------------+---------------------------+---------------------------+
| Name                      | P50                       | P99                       |
+---------------------------+---------------------------+---------------------------+
| ProcessBack:Shuffle       | 1.681 ms                  | 2.407 ms                  |
| ProcessBack:UpdateCache   | 1.210 ms                  | 2.003 ms                  |
| ProcessBack:UpsertPq      | 4.013 ms                  | 6.336 ms                  |
| ProcessOneStep            | 7.439 ms                  | 12.539 ms                 |
| BlockToStepN              | 56.381 ms                 | 79.351 ms                 |
+---------------------------+---------------------------+---------------------------+
W20240131 23:39:09.826182 3226663 grad_async_v1.h:429] Sleep in <BlockToStepN>, step_no=247, pq.top=247
W20240131 23:39:10.826006 3226663 grad_async_v1.h:429] Sleep in <BlockToStepN>, step_no=258, pq.top=258
W20240131 23:39:11.826011 3226663 grad_async_v1.h:429] Sleep in <BlockToStepN>, step_no=269, pq.top=269
W20240131 23:39:12.826011 3226663 grad_async_v1.h:429] Sleep in <BlockToStepN>, step_no=280, pq.top=280
W20240131 23:39:13.838313 3226663 grad_async_v1.h:429] Sleep in <BlockToStepN>, step_no=292, pq.top=292
+---------------------------+---------------------------+---------------------------+
| Name                      | P50                       | P99                       |
+---------------------------+---------------------------+---------------------------+
| GenInput                  | 1.049 ms                  | 10.311 ms                 |
| Forward                   | 2.705 ms                  | 5.853 ms                  |
| Backward                  | 5.133 ms                  | 5.981 ms                  |
| Optimize                  | 894.483 us                | 2.185 ms                  |
| BarrierTimeBeforeRank0    | 18.494 us                 | 6.531 ms                  |
| AfterBackward             | 7.350 ms                  | 10.464 ms                 |
| BlockToStepN              | 60.761 ms                 | 83.748 ms                 |
| OneStep                   | 79.380 ms                 | 101.984 ms                |
+---------------------------+---------------------------+---------------------------+
+---------------------------+---------------------------+---------------------------+
| Name                      | P50                       | P99                       |
+---------------------------+---------------------------+---------------------------+
| ProcessBack:Shuffle       | 1.652 ms                  | 2.229 ms                  |
| ProcessBack:UpdateCache   | 1.212 ms                  | 1.669 ms                  |
| ProcessBack:UpsertPq      | 4.035 ms                  | 6.295 ms                  |
| ProcessOneStep            | 7.332 ms                  | 10.408 ms                 |
| BlockToStepN              | 61.307 ms                 | 83.684 ms                 |
+---------------------------+---------------------------+---------------------------+
[proc 3] 300 steps, total: 8.815, sample: 0.151, forward: 0.243, backward: 0.498, update: 0.076
[proc 0] 300 steps, total: 8.815, sample: 0.198, forward: 0.248, backward: 0.507, update: 0.082
[proc 1] 300 steps, total: 8.815, sample: 0.138, forward: 0.221, backward: 0.484, update: 0.088
[proc 2] 300 steps, total: 8.815, sample: 0.137, forward: 0.216, backward: 0.449, update: 0.091
W20240131 23:39:14.838618 3226663 grad_async_v1.h:429] Sleep in <BlockToStepN>, step_no=303, pq.top=303
W20240131 23:39:15.838011 3226663 grad_async_v1.h:429] Sleep in <BlockToStepN>, step_no=314, pq.top=314
W20240131 23:39:16.838011 3226663 grad_async_v1.h:429] Sleep in <BlockToStepN>, step_no=325, pq.top=325
W20240131 23:39:17.838006 3226663 grad_async_v1.h:429] Sleep in <BlockToStepN>, step_no=336, pq.top=336
W20240131 23:39:18.838011 3226663 grad_async_v1.h:429] Sleep in <BlockToStepN>, step_no=347, pq.top=347
+---------------------------+---------------------------+---------------------------+
| Name                      | P50                       | P99                       |
+---------------------------+---------------------------+---------------------------+
| GenInput                  | 1.068 ms                  | 10.114 ms                 |
| Forward                   | 2.666 ms                  | 4.788 ms                  |
| Backward                  | 5.134 ms                  | 5.981 ms                  |
| Optimize                  | 890.480 us                | 2.043 ms                  |
| BarrierTimeBeforeRank0    | 18.453 us                 | 6.488 ms                  |
| AfterBackward             | 7.322 ms                  | 9.775 ms                  |
| BlockToStepN              | 63.012 ms                 | 83.748 ms                 |
| OneStep                   | 81.576 ms                 | 102.123 ms                |
+---------------------------+---------------------------+---------------------------+
+---------------------------+---------------------------+---------------------------+
| Name                      | P50                       | P99                       |
+---------------------------+---------------------------+---------------------------+
| ProcessBack:Shuffle       | 1.642 ms                  | 2.229 ms                  |
| ProcessBack:UpdateCache   | 1.211 ms                  | 1.568 ms                  |
| ProcessBack:UpsertPq      | 4.038 ms                  | 6.295 ms                  |
| ProcessOneStep            | 7.301 ms                  | 9.756 ms                  |
| BlockToStepN              | 63.081 ms                 | 83.320 ms                 |
+---------------------------+---------------------------+---------------------------+
W20240131 23:39:19.841756 3226663 grad_async_v1.h:429] Sleep in <BlockToStepN>, step_no=359, pq.top=359
W20240131 23:39:20.841006 3226663 grad_async_v1.h:429] Sleep in <BlockToStepN>, step_no=370, pq.top=370
W20240131 23:39:21.841009 3226663 grad_async_v1.h:429] Sleep in <BlockToStepN>, step_no=381, pq.top=381
W20240131 23:39:22.841012 3226663 grad_async_v1.h:429] Sleep in <BlockToStepN>, step_no=392, pq.top=392
[proc 0] 400 steps, total: 8.987, sample: 0.202, forward: 0.247, backward: 0.510, update: 0.084
[proc 3] 400 steps, total: 8.987, sample: 0.142, forward: 0.240, backward: 0.499, update: 0.077
[proc 2] 400 steps, total: 8.987, sample: 0.133, forward: 0.212, backward: 0.481, update: 0.086
[proc 1] 400 steps, total: 8.987, sample: 0.147, forward: 0.223, backward: 0.484, update: 0.096
W20240131 23:39:23.841006 3226663 grad_async_v1.h:429] Sleep in <BlockToStepN>, step_no=403, pq.top=403
+---------------------------+---------------------------+---------------------------+
| Name                      | P50                       | P99                       |
+---------------------------+---------------------------+---------------------------+
| GenInput                  | 1.082 ms                  | 10.114 ms                 |
| Forward                   | 2.627 ms                  | 4.788 ms                  |
| Backward                  | 5.136 ms                  | 6.008 ms                  |
| Optimize                  | 883.107 us                | 2.043 ms                  |
| BarrierTimeBeforeRank0    | 18.444 us                 | 6.535 ms                  |
| AfterBackward             | 7.308 ms                  | 12.320 ms                 |
| BlockToStepN              | 64.495 ms                 | 84.230 ms                 |
| OneStep                   | 83.466 ms                 | 102.410 ms                |
+---------------------------+---------------------------+---------------------------+
+---------------------------+---------------------------+---------------------------+
| Name                      | P50                       | P99                       |
+---------------------------+---------------------------+---------------------------+
| ProcessBack:Shuffle       | 1.635 ms                  | 2.229 ms                  |
| ProcessBack:UpdateCache   | 1.211 ms                  | 1.465 ms                  |
| ProcessBack:UpsertPq      | 4.032 ms                  | 6.358 ms                  |
| ProcessOneStep            | 7.284 ms                  | 12.281 ms                 |
| BlockToStepN              | 64.537 ms                 | 84.159 ms                 |
+---------------------------+---------------------------+---------------------------+
W20240131 23:39:24.841012 3226663 grad_async_v1.h:429] Sleep in <BlockToStepN>, step_no=414, pq.top=414
W20240131 23:39:25.841010 3226663 grad_async_v1.h:429] Sleep in <BlockToStepN>, step_no=425, pq.top=425
W20240131 23:39:26.841006 3226663 grad_async_v1.h:429] Sleep in <BlockToStepN>, step_no=436, pq.top=436
W20240131 23:39:27.853497 3226663 grad_async_v1.h:429] Sleep in <BlockToStepN>, step_no=447, pq.top=447
W20240131 23:39:28.853011 3226663 grad_async_v1.h:429] Sleep in <BlockToStepN>, step_no=458, pq.top=458
+---------------------------+---------------------------+---------------------------+
| Name                      | P50                       | P99                       |
+---------------------------+---------------------------+---------------------------+
| GenInput                  | 1.096 ms                  | 10.031 ms                 |
| Forward                   | 2.602 ms                  | 4.438 ms                  |
| Backward                  | 5.136 ms                  | 5.981 ms                  |
| Optimize                  | 883.107 us                | 2.040 ms                  |
| BarrierTimeBeforeRank0    | 18.494 us                 | 6.531 ms                  |
| AfterBackward             | 7.299 ms                  | 10.997 ms                 |
| BlockToStepN              | 65.645 ms                 | 83.954 ms                 |
| OneStep                   | 84.837 ms                 | 102.410 ms                |
+---------------------------+---------------------------+---------------------------+
+---------------------------+---------------------------+---------------------------+
| Name                      | P50                       | P99                       |
+---------------------------+---------------------------+---------------------------+
| ProcessBack:Shuffle       | 1.632 ms                  | 2.229 ms                  |
| ProcessBack:UpdateCache   | 1.211 ms                  | 1.418 ms                  |
| ProcessBack:UpsertPq      | 4.035 ms                  | 6.358 ms                  |
| ProcessOneStep            | 7.282 ms                  | 10.962 ms                 |
| BlockToStepN              | 65.612 ms                 | 83.923 ms                 |
+---------------------------+---------------------------+---------------------------+
W20240131 23:39:29.853008 3226663 grad_async_v1.h:429] Sleep in <BlockToStepN>, step_no=469, pq.top=469
W20240131 23:39:30.853006 3226663 grad_async_v1.h:429] Sleep in <BlockToStepN>, step_no=480, pq.top=480
W20240131 23:39:31.853010 3226663 grad_async_v1.h:429] Sleep in <BlockToStepN>, step_no=491, pq.top=491
[proc 0] 500 steps, total: 9.090, sample: 0.206, forward: 0.243, backward: 0.508, update: 0.083
[proc 3] 500 steps, total: 9.090, sample: 0.143, forward: 0.241, backward: 0.497, update: 0.080
[proc 2] 500 steps, total: 9.090, sample: 0.150, forward: 0.215, backward: 0.482, update: 0.088
[proc 1] 500 steps, total: 9.090, sample: 0.138, forward: 0.224, backward: 0.486, update: 0.094
Successfully xmh. training takes 42.372722864151 seconds
before call kg_cache_controller.StopThreads()
W20240131 23:39:32.722961 3226663 grad_async_v1.h:243] call StopThreads. PID = 3226387
W20240131 23:39:32.722985 3226663 grad_base.h:212] before processOneStepNegThread_.join();
[W tensorpipe_agent.cpp:725] RPC agent for worker0 encountered error when reading incoming request from worker2: eof (this error originated at tensorpipe/transport/shm/connection_impl.cc:259)
W20240131 23:39:32.727686 3226663 grad_base.h:214] after processOneStepNegThread_.join();
W20240131 23:39:32.727710 3226663 grad_async_v1.h:245] call GradProcessingBase::StopThreads.
[W tensorpipe_agent.cpp:725] RPC agent for worker0 encountered error when reading incoming request from worker1: eof (this error originated at tensorpipe/transport/shm/connection_impl.cc:259)
[W tensorpipe_agent.cpp:725] RPC agent for worker0 encountered error when reading incoming request from worker3: eof (this error originated at tensorpipe/transport/shm/connection_impl.cc:259)
W20240131 23:39:32.747475 3226663 grad_async_v1.h:264] StopThreads done.
