WARNING: Logging before InitGoogleLogging() is written to STDERR
I20240203 23:24:19.170993 43368 IPC_barrier.h:128] MultiProcessBarrierFactory->ClearIPCMemory()
/data/home/xieminhui/RecStore/src/framework_adapters/torch/kg/dgl-0.9.1/python/dgl/_deprecate/graph.py:1023: DGLWarning: multigraph will be deprecated.DGL will treat all graphs as multigraph in the future.
  dgl_warning("multigraph will be deprecated." \
/data/home/xieminhui/RecStore/src/framework_adapters/torch/kg/dgl-0.9.1/python/dgl/heterograph.py:72: DGLWarning: Recommend creating graphs by `dgl.graph(data)` instead of `dgl.DGLGraph(data)`.
  dgl_warning('Recommend creating graphs by `dgl.graph(data)`'
Reading train triples....
Finished. Read 304727650 train triples.
Reading valid triples....
Finished. Read 16929318 valid triples.
Reading test triples....
Finished. Read 16929308 test triples.
ARGS:  Namespace(model_name='TransE', data_path='/home/xieminhui/dgl-data', dataset='Freebase', format='built_in', data_files=None, delimiter='\t', save_path='/tmp/ckpts/TransE_Freebase_80', no_save_emb=True, max_step=500, batch_size=2000, batch_size_eval=16, neg_sample_size=200, neg_deg_sample=False, neg_deg_sample_eval=False, neg_sample_size_eval=86054151, eval_percent=1, no_eval_filter=False, log_interval=100, eval_interval=10000, test=False, num_proc=6, num_thread=1, force_sync_interval=1, hidden_dim=400, lr=0.01, gamma=16.0, double_ent=False, double_rel=False, neg_adversarial_sampling=False, adversarial_temperature=1.0, regularization_coef=0.0, regularization_norm=3, pairwise=False, loss_genre='Logsigmoid', margin=1.0, nr_gpus=6, gpu=[0, 1, 2, 3, 4, 5], mix_cpu_gpu=True, valid=False, rel_part=False, async_update=None, has_edge_importance=False, cached_emb_type='KnownLocalCachedEmbedding', use_my_emb=True, cache_ratio=0.05, shuffle=False, backwardMode='CppAsync', L=10, update_cache_use_omp=0, update_pq_use_omp=0, kForwardItersPerStep=2, backgrad_init='both', eval_filter=True, soft_rel_part=False)
|Train|: 304727650
original graph:  DGLGraph(num_nodes=86054151, num_edges=338586276,
         ndata_schemes={}
         edata_schemes={'tid': Scheme(shape=(), dtype=torch.int64)})
Loading cached metis
WARNING [43368 sampler.py:454] Start PreSampling
WARNING [43368 sampler.py:532] Before construct renumbering_dict
WARNING [43368 sampler.py:555] PreSampling done
W20240203 23:44:22.543707 43368 IPCTensor.h:369] NewIPCTensor: cached_sampler_r0_0 [1000000]0x100000002000 7.629 MB
W20240203 23:44:22.543912 43368 IPCTensor.h:369] NewIPCTensor: cached_sampler_r0_1 [1000000]0x1000007a5000 7.629 MB
W20240203 23:44:22.543943 43368 IPCTensor.h:369] NewIPCTensor: cached_sampler_r0_2 [1000000]0x100000f48000 7.629 MB
W20240203 23:44:22.543973 43368 IPCTensor.h:369] NewIPCTensor: cached_sampler_r0_3 [1000000]0x1000016eb000 7.629 MB
W20240203 23:44:22.544008 43368 IPCTensor.h:369] NewIPCTensor: cached_sampler_r0_4 [1000000]0x100001e8e000 7.629 MB
W20240203 23:44:22.544041 43368 IPCTensor.h:369] NewIPCTensor: cached_sampler_r0_5 [1000000]0x100002631000 7.629 MB
W20240203 23:44:22.544085 43368 IPCTensor.h:369] NewIPCTensor: cached_sampler_r0_6 [1000000]0x100002dd4000 7.629 MB
W20240203 23:44:22.544127 43368 IPCTensor.h:369] NewIPCTensor: cached_sampler_r0_7 [1000000]0x100003577000 7.629 MB
W20240203 23:44:22.544157 43368 IPCTensor.h:369] NewIPCTensor: cached_sampler_r0_8 [1000000]0x100003d1a000 7.629 MB
W20240203 23:44:22.544185 43368 IPCTensor.h:369] NewIPCTensor: cached_sampler_r0_9 [1000000]0x1000044bd000 7.629 MB
W20240203 23:44:22.544224 43368 IPCTensor.h:369] NewIPCTensor: step_r0 [10]0x100004c60000 80 B 
W20240203 23:44:22.544251 43368 IPCTensor.h:369] NewIPCTensor: circle_buffer_end_r0 [1]0x100004c62000 8 B 
W20240203 23:44:22.544282 43368 IPCTensor.h:369] NewIPCTensor: circle_buffer_end_cppseen_r0 [1]0x100004c64000 8 B 
W20240203 23:44:22.544448 43368 IPCTensor.h:369] NewIPCTensor: cached_sampler_r1_0 [1000000]0x100004c66000 7.629 MB
W20240203 23:44:22.544489 43368 IPCTensor.h:369] NewIPCTensor: cached_sampler_r1_1 [1000000]0x100005409000 7.629 MB
W20240203 23:44:22.544520 43368 IPCTensor.h:369] NewIPCTensor: cached_sampler_r1_2 [1000000]0x100005bac000 7.629 MB
W20240203 23:44:22.544567 43368 IPCTensor.h:369] NewIPCTensor: cached_sampler_r1_3 [1000000]0x10000634f000 7.629 MB
W20240203 23:44:22.544605 43368 IPCTensor.h:369] NewIPCTensor: cached_sampler_r1_4 [1000000]0x100006af2000 7.629 MB
W20240203 23:44:22.544633 43368 IPCTensor.h:369] NewIPCTensor: cached_sampler_r1_5 [1000000]0x100007295000 7.629 MB
W20240203 23:44:22.544667 43368 IPCTensor.h:369] NewIPCTensor: cached_sampler_r1_6 [1000000]0x100007a38000 7.629 MB
W20240203 23:44:22.544695 43368 IPCTensor.h:369] NewIPCTensor: cached_sampler_r1_7 [1000000]0x1000081db000 7.629 MB
W20240203 23:44:22.544723 43368 IPCTensor.h:369] NewIPCTensor: cached_sampler_r1_8 [1000000]0x10000897e000 7.629 MB
W20240203 23:44:22.544751 43368 IPCTensor.h:369] NewIPCTensor: cached_sampler_r1_9 [1000000]0x100009121000 7.629 MB
W20240203 23:44:22.544780 43368 IPCTensor.h:369] NewIPCTensor: step_r1 [10]0x1000098c4000 80 B 
W20240203 23:44:22.544801 43368 IPCTensor.h:369] NewIPCTensor: circle_buffer_end_r1 [1]0x1000098c6000 8 B 
W20240203 23:44:22.544826 43368 IPCTensor.h:369] NewIPCTensor: circle_buffer_end_cppseen_r1 [1]0x1000098c8000 8 B 
W20240203 23:44:22.544883 43368 IPCTensor.h:369] NewIPCTensor: cached_sampler_r2_0 [1000000]0x1000098ca000 7.629 MB
W20240203 23:44:22.544924 43368 IPCTensor.h:369] NewIPCTensor: cached_sampler_r2_1 [1000000]0x10000a06d000 7.629 MB
W20240203 23:44:22.544956 43368 IPCTensor.h:369] NewIPCTensor: cached_sampler_r2_2 [1000000]0x10000a810000 7.629 MB
W20240203 23:44:22.544984 43368 IPCTensor.h:369] NewIPCTensor: cached_sampler_r2_3 [1000000]0x10000afb3000 7.629 MB
W20240203 23:44:22.545017 43368 IPCTensor.h:369] NewIPCTensor: cached_sampler_r2_4 [1000000]0x10000b756000 7.629 MB
W20240203 23:44:22.545045 43368 IPCTensor.h:369] NewIPCTensor: cached_sampler_r2_5 [1000000]0x10000bef9000 7.629 MB
W20240203 23:44:22.545086 43368 IPCTensor.h:369] NewIPCTensor: cached_sampler_r2_6 [1000000]0x10000c69c000 7.629 MB
W20240203 23:44:22.545116 43368 IPCTensor.h:369] NewIPCTensor: cached_sampler_r2_7 [1000000]0x10000ce3f000 7.629 MB
W20240203 23:44:22.545145 43368 IPCTensor.h:369] NewIPCTensor: cached_sampler_r2_8 [1000000]0x10000d5e2000 7.629 MB
W20240203 23:44:22.545173 43368 IPCTensor.h:369] NewIPCTensor: cached_sampler_r2_9 [1000000]0x10000dd85000 7.629 MB
W20240203 23:44:22.545200 43368 IPCTensor.h:369] NewIPCTensor: step_r2 [10]0x10000e528000 80 B 
W20240203 23:44:22.545222 43368 IPCTensor.h:369] NewIPCTensor: circle_buffer_end_r2 [1]0x10000e52a000 8 B 
W20240203 23:44:22.545250 43368 IPCTensor.h:369] NewIPCTensor: circle_buffer_end_cppseen_r2 [1]0x10000e52c000 8 B 
W20240203 23:44:22.545311 43368 IPCTensor.h:369] NewIPCTensor: cached_sampler_r3_0 [1000000]0x10000e52e000 7.629 MB
W20240203 23:44:22.545341 43368 IPCTensor.h:369] NewIPCTensor: cached_sampler_r3_1 [1000000]0x10000ecd1000 7.629 MB
W20240203 23:44:22.545368 43368 IPCTensor.h:369] NewIPCTensor: cached_sampler_r3_2 [1000000]0x10000f474000 7.629 MB
W20240203 23:44:22.545401 43368 IPCTensor.h:369] NewIPCTensor: cached_sampler_r3_3 [1000000]0x10000fc17000 7.629 MB
W20240203 23:44:22.545437 43368 IPCTensor.h:369] NewIPCTensor: cached_sampler_r3_4 [1000000]0x1000103ba000 7.629 MB
W20240203 23:44:22.545473 43368 IPCTensor.h:369] NewIPCTensor: cached_sampler_r3_5 [1000000]0x100010b5d000 7.629 MB
W20240203 23:44:22.545506 43368 IPCTensor.h:369] NewIPCTensor: cached_sampler_r3_6 [1000000]0x100011300000 7.629 MB
W20240203 23:44:22.545533 43368 IPCTensor.h:369] NewIPCTensor: cached_sampler_r3_7 [1000000]0x100011aa3000 7.629 MB
W20240203 23:44:22.545567 43368 IPCTensor.h:369] NewIPCTensor: cached_sampler_r3_8 [1000000]0x100012246000 7.629 MB
W20240203 23:44:22.545599 43368 IPCTensor.h:369] NewIPCTensor: cached_sampler_r3_9 [1000000]0x1000129e9000 7.629 MB
W20240203 23:44:22.545627 43368 IPCTensor.h:369] NewIPCTensor: step_r3 [10]0x10001318c000 80 B 
W20240203 23:44:22.545650 43368 IPCTensor.h:369] NewIPCTensor: circle_buffer_end_r3 [1]0x10001318e000 8 B 
W20240203 23:44:22.545678 43368 IPCTensor.h:369] NewIPCTensor: circle_buffer_end_cppseen_r3 [1]0x100013190000 8 B 
W20240203 23:44:22.545737 43368 IPCTensor.h:369] NewIPCTensor: cached_sampler_r4_0 [1000000]0x100013192000 7.629 MB
W20240203 23:44:22.545768 43368 IPCTensor.h:369] NewIPCTensor: cached_sampler_r4_1 [1000000]0x100013935000 7.629 MB
W20240203 23:44:22.545801 43368 IPCTensor.h:369] NewIPCTensor: cached_sampler_r4_2 [1000000]0x1000140d8000 7.629 MB
W20240203 23:44:22.545830 43368 IPCTensor.h:369] NewIPCTensor: cached_sampler_r4_3 [1000000]0x10001487b000 7.629 MB
W20240203 23:44:22.545862 43368 IPCTensor.h:369] NewIPCTensor: cached_sampler_r4_4 [1000000]0x10001501e000 7.629 MB
W20240203 23:44:22.545889 43368 IPCTensor.h:369] NewIPCTensor: cached_sampler_r4_5 [1000000]0x1000157c1000 7.629 MB
W20240203 23:44:22.545923 43368 IPCTensor.h:369] NewIPCTensor: cached_sampler_r4_6 [1000000]0x100015f64000 7.629 MB
W20240203 23:44:22.545954 43368 IPCTensor.h:369] NewIPCTensor: cached_sampler_r4_7 [1000000]0x100016707000 7.629 MB
W20240203 23:44:22.545985 43368 IPCTensor.h:369] NewIPCTensor: cached_sampler_r4_8 [1000000]0x100016eaa000 7.629 MB
W20240203 23:44:22.546012 43368 IPCTensor.h:369] NewIPCTensor: cached_sampler_r4_9 [1000000]0x10001764d000 7.629 MB
W20240203 23:44:22.546041 43368 IPCTensor.h:369] NewIPCTensor: step_r4 [10]0x100017df0000 80 B 
W20240203 23:44:22.546063 43368 IPCTensor.h:369] NewIPCTensor: circle_buffer_end_r4 [1]0x100017df2000 8 B 
W20240203 23:44:22.546094 43368 IPCTensor.h:369] NewIPCTensor: circle_buffer_end_cppseen_r4 [1]0x100017df4000 8 B 
W20240203 23:44:22.546150 43368 IPCTensor.h:369] NewIPCTensor: cached_sampler_r5_0 [1000000]0x100017df6000 7.629 MB
W20240203 23:44:22.546182 43368 IPCTensor.h:369] NewIPCTensor: cached_sampler_r5_1 [1000000]0x100018599000 7.629 MB
W20240203 23:44:22.546212 43368 IPCTensor.h:369] NewIPCTensor: cached_sampler_r5_2 [1000000]0x100018d3c000 7.629 MB
W20240203 23:44:22.546240 43368 IPCTensor.h:369] NewIPCTensor: cached_sampler_r5_3 [1000000]0x1000194df000 7.629 MB
W20240203 23:44:22.546275 43368 IPCTensor.h:369] NewIPCTensor: cached_sampler_r5_4 [1000000]0x100019c82000 7.629 MB
W20240203 23:44:22.546304 43368 IPCTensor.h:369] NewIPCTensor: cached_sampler_r5_5 [1000000]0x10001a425000 7.629 MB
W20240203 23:44:22.546332 43368 IPCTensor.h:369] NewIPCTensor: cached_sampler_r5_6 [1000000]0x10001abc8000 7.629 MB
W20240203 23:44:22.546365 43368 IPCTensor.h:369] NewIPCTensor: cached_sampler_r5_7 [1000000]0x10001b36b000 7.629 MB
W20240203 23:44:22.546396 43368 IPCTensor.h:369] NewIPCTensor: cached_sampler_r5_8 [1000000]0x10001bb0e000 7.629 MB
W20240203 23:44:22.546428 43368 IPCTensor.h:369] NewIPCTensor: cached_sampler_r5_9 [1000000]0x10001c2b1000 7.629 MB
W20240203 23:44:22.546454 43368 IPCTensor.h:369] NewIPCTensor: step_r5 [10]0x10001ca54000 80 B 
W20240203 23:44:22.546476 43368 IPCTensor.h:369] NewIPCTensor: circle_buffer_end_r5 [1]0x10001ca56000 8 B 
W20240203 23:44:22.546499 43368 IPCTensor.h:369] NewIPCTensor: circle_buffer_end_cppseen_r5 [1]0x10001ca58000 8 B 
W20240203 23:44:22.969024 43368 IPCTensor.h:369] NewIPCTensor: full_emb [86054151, 400]0x10001ca5a000 128.2 GB
W20240203 23:53:00.366691 43368 IPCTensor.h:369] NewIPCTensor: full_emb_SparseRowWiseAdaGrad_sum [86054151]0x10202b692000 328.3 MB
{0: Graph(num_nodes=16391033, num_edges=60554486,
      ndata_schemes={'_ID': Scheme(shape=(), dtype=torch.int64), 'inner_node': Scheme(shape=(), dtype=torch.int32), 'part_id': Scheme(shape=(), dtype=torch.int64)}
      edata_schemes={'_ID': Scheme(shape=(), dtype=torch.int64), 'inner_edge': Scheme(shape=(), dtype=torch.int8)}), 1: Graph(num_nodes=22850318, num_edges=74912573,
      ndata_schemes={'_ID': Scheme(shape=(), dtype=torch.int64), 'inner_node': Scheme(shape=(), dtype=torch.int32), 'part_id': Scheme(shape=(), dtype=torch.int64)}
      edata_schemes={'_ID': Scheme(shape=(), dtype=torch.int64), 'inner_edge': Scheme(shape=(), dtype=torch.int8)}), 2: Graph(num_nodes=16459669, num_edges=67428404,
      ndata_schemes={'_ID': Scheme(shape=(), dtype=torch.int64), 'inner_node': Scheme(shape=(), dtype=torch.int32), 'part_id': Scheme(shape=(), dtype=torch.int64)}
      edata_schemes={'_ID': Scheme(shape=(), dtype=torch.int64), 'inner_edge': Scheme(shape=(), dtype=torch.int8)}), 3: Graph(num_nodes=17554345, num_edges=53272616,
      ndata_schemes={'_ID': Scheme(shape=(), dtype=torch.int64), 'inner_node': Scheme(shape=(), dtype=torch.int32), 'part_id': Scheme(shape=(), dtype=torch.int64)}
      edata_schemes={'_ID': Scheme(shape=(), dtype=torch.int64), 'inner_edge': Scheme(shape=(), dtype=torch.int8)}), 4: Graph(num_nodes=17824082, num_edges=71836124,
      ndata_schemes={'_ID': Scheme(shape=(), dtype=torch.int64), 'inner_node': Scheme(shape=(), dtype=torch.int32), 'part_id': Scheme(shape=(), dtype=torch.int64)}
      edata_schemes={'_ID': Scheme(shape=(), dtype=torch.int64), 'inner_edge': Scheme(shape=(), dtype=torch.int8)}), 5: Graph(num_nodes=18730250, num_edges=46391216,
      ndata_schemes={'_ID': Scheme(shape=(), dtype=torch.int64), 'inner_node': Scheme(shape=(), dtype=torch.int32), 'part_id': Scheme(shape=(), dtype=torch.int64)}
      edata_schemes={'_ID': Scheme(shape=(), dtype=torch.int64), 'inner_edge': Scheme(shape=(), dtype=torch.int8)})}
MertisPartition: part 0 has 16391033 N 60554486 E
MertisPartition: part 1 has 22850318 N 74912573 E
MertisPartition: part 2 has 16459669 N 67428404 E
MertisPartition: part 3 has 17554345 N 53272616 E
MertisPartition: part 4 has 17824082 N 71836124 E
MertisPartition: part 5 has 18730250 N 46391216 E
Rank0: cached key size 717117
Rank1: cached key size 717117
Rank2: cached key size 717117
Rank3: cached key size 717117
Rank4: cached key size 717117
Rank5: cached key size 717117
Before renumbering graph:  {'_ID': tensor([       4,        5,       14,  ..., 12367661, 70093925, 61280605]), 'inner_node': tensor([1, 1, 1,  ..., 0, 0, 0], dtype=torch.int32), 'part_id': tensor([0, 0, 0,  ..., 1, 1, 2])}
After renumbering graph:  {'_ID': tensor([ 4302837,  4302869,   378093,  ..., 61290904, 11296563, 60069201]), 'inner_node': tensor([1, 1, 1,  ..., 0, 0, 0], dtype=torch.int32), 'part_id': tensor([0, 0, 0,  ..., 1, 1, 2])}
part_g: DGLGraph(num_nodes=16391033, num_edges=60554486,
         ndata_schemes={'_ID': Scheme(shape=(), dtype=torch.int64)}
         edata_schemes={'tid': Scheme(shape=(), dtype=torch.int64)})
part_g: DGLGraph(num_nodes=16391033, num_edges=60554486,
         ndata_schemes={'_ID': Scheme(shape=(), dtype=torch.int64)}
         edata_schemes={'tid': Scheme(shape=(), dtype=torch.int64)})
Total initialize time 2224.979 seconds
[Rank1] pid = 4394
[Rank2] pid = 4489
[Rank3] pid = 4558
[Rank4] pid = 4626
INFO [43368 distributed_c10d.py:442] Added key: store_based_barrier_key:1 to store for rank: 0
INFO [4394 distributed_c10d.py:442] Added key: store_based_barrier_key:1 to store for rank: 1
INFO [4626 distributed_c10d.py:442] Added key: store_based_barrier_key:1 to store for rank: 4
INFO [4489 distributed_c10d.py:442] Added key: store_based_barrier_key:1 to store for rank: 2
INFO [4693 distributed_c10d.py:442] Added key: store_based_barrier_key:1 to store for rank: 5
INFO [4558 distributed_c10d.py:442] Added key: store_based_barrier_key:1 to store for rank: 3
INFO [4693 distributed_c10d.py:476] Rank 5: Completed store-based barrier for key:store_based_barrier_key:1 with 6 nodes.
INFO [43368 distributed_c10d.py:476] Rank 0: Completed store-based barrier for key:store_based_barrier_key:1 with 6 nodes.
INFO [4394 distributed_c10d.py:476] Rank 1: Completed store-based barrier for key:store_based_barrier_key:1 with 6 nodes.
INFO [4558 distributed_c10d.py:476] Rank 3: Completed store-based barrier for key:store_based_barrier_key:1 with 6 nodes.
INFO [4626 distributed_c10d.py:476] Rank 4: Completed store-based barrier for key:store_based_barrier_key:1 with 6 nodes.
INFO [4489 distributed_c10d.py:476] Rank 2: Completed store-based barrier for key:store_based_barrier_key:1 with 6 nodes.
W20240204 00:01:32.551301  4757 IPCTensor.h:409] NewIPCGPUTensor: embedding_cache_5 [4302707, 400]; dev=5; size=6.412 GB
W20240204 00:01:32.554646  4694 IPCTensor.h:409] NewIPCGPUTensor: embedding_cache_0 [4302707, 400]; dev=0; size=6.412 GB
W20240204 00:01:32.555239  4627 IPCTensor.h:409] NewIPCGPUTensor: embedding_cache_4 [4302707, 400]; dev=4; size=6.412 GB
W20240204 00:01:32.555315  4490 IPCTensor.h:409] NewIPCGPUTensor: embedding_cache_2 [4302707, 400]; dev=2; size=6.412 GB
W20240204 00:01:32.555326  4559 IPCTensor.h:409] NewIPCGPUTensor: embedding_cache_3 [4302707, 400]; dev=3; size=6.412 GB
W20240204 00:01:32.555357  4395 IPCTensor.h:409] NewIPCGPUTensor: embedding_cache_1 [4302707, 400]; dev=1; size=6.412 GB
W20240204 00:01:32.630846  4627 IPCTensor.h:369] NewIPCTensor: input_keys_4 [1000000]0x10203fee1000 7.629 MB
W20240204 00:01:32.631026  4627 IPCTensor.h:369] NewIPCTensor: input_keys_neg_4 [1000000]0x102040684000 7.629 MB
W20240204 00:01:32.631094  4627 IPCTensor.h:369] NewIPCTensor: backward_grads_4 [1000000, 400]0x102040e27000 1.49 GB
W20240204 00:01:32.631134  4627 IPCTensor.h:369] NewIPCTensor: backward_grads_neg_4 [1000000, 400]0x1020a040a000 1.49 GB
W20240204 00:01:32.631191  4627 IPCTensor.h:409] NewIPCGPUTensor: backward_grads_4_gpu [1000000, 400]; dev=4; size=1.49 GB
W20240204 00:01:32.645637  4757 IPCTensor.h:369] NewIPCTensor: input_keys_5 [1000000]0x1020ff9ed000 7.629 MB
W20240204 00:01:32.645684  4559 IPCTensor.h:369] NewIPCTensor: input_keys_3 [1000000]0x102100190000 7.629 MB
W20240204 00:01:32.645723  4395 IPCTensor.h:369] NewIPCTensor: input_keys_1 [1000000]0x102100933000 7.629 MB
W20240204 00:01:32.647424  4490 IPCTensor.h:369] NewIPCTensor: input_keys_2 [1000000]0x1021010da000 7.629 MB
W20240204 00:01:32.647470  4627 IPCTensor.h:409] NewIPCGPUTensor: backward_grads_neg_4_gpu [1000000, 400]; dev=4; size=1.49 GB
W20240204 00:01:32.647545  4490 IPCTensor.h:369] NewIPCTensor: input_keys_neg_2 [1000000]0x10210187d000 7.629 MB
W20240204 00:01:32.647562  4757 IPCTensor.h:369] NewIPCTensor: input_keys_neg_5 [1000000]0x102102020000 7.629 MB
W20240204 00:01:32.647567  4559 IPCTensor.h:369] NewIPCTensor: input_keys_neg_3 [1000000]0x1021027c3000 7.629 MB
W20240204 00:01:32.647583  4395 IPCTensor.h:369] NewIPCTensor: input_keys_neg_1 [1000000]0x102102f66000 7.629 MB
W20240204 00:01:32.647709  4757 IPCTensor.h:369] NewIPCTensor: backward_grads_5 [1000000, 400]0x102103709000 1.49 GB
W20240204 00:01:32.647716  4559 IPCTensor.h:369] NewIPCTensor: backward_grads_3 [1000000, 400]0x102162cec000 1.49 GB
W20240204 00:01:32.647724  4395 IPCTensor.h:369] NewIPCTensor: backward_grads_1 [1000000, 400]0x1021c22cf000 1.49 GB
W20240204 00:01:32.647743  4490 IPCTensor.h:369] NewIPCTensor: backward_grads_2 [1000000, 400]0x1022218b2000 1.49 GB
W20240204 00:01:32.647768  4757 IPCTensor.h:369] NewIPCTensor: backward_grads_neg_5 [1000000, 400]0x102280e95000 1.49 GB
W20240204 00:01:32.647784  4559 IPCTensor.h:369] NewIPCTensor: backward_grads_neg_3 [1000000, 400]0x1022e0478000 1.49 GB
W20240204 00:01:32.647810  4490 IPCTensor.h:369] NewIPCTensor: backward_grads_neg_2 [1000000, 400]0x10233fa5b000 1.49 GB
W20240204 00:01:32.647817  4395 IPCTensor.h:369] NewIPCTensor: backward_grads_neg_1 [1000000, 400]0x10239f03e000 1.49 GB
W20240204 00:01:32.649374  4395 IPCTensor.h:409] NewIPCGPUTensor: backward_grads_1_gpu [1000000, 400]; dev=1; size=1.49 GB
W20240204 00:01:32.649447  4559 IPCTensor.h:409] NewIPCGPUTensor: backward_grads_3_gpu [1000000, 400]; dev=3; size=1.49 GB
W20240204 00:01:32.649456  4490 IPCTensor.h:409] NewIPCGPUTensor: backward_grads_2_gpu [1000000, 400]; dev=2; size=1.49 GB
W20240204 00:01:32.649461  4757 IPCTensor.h:409] NewIPCGPUTensor: backward_grads_5_gpu [1000000, 400]; dev=5; size=1.49 GB
W20240204 00:01:32.649490  4694 IPCTensor.h:369] NewIPCTensor: input_keys_0 [1000000]0x1023fe623000 7.629 MB
W20240204 00:01:32.649686  4694 IPCTensor.h:369] NewIPCTensor: input_keys_neg_0 [1000000]0x1023fedc6000 7.629 MB
W20240204 00:01:32.649781  4694 IPCTensor.h:369] NewIPCTensor: backward_grads_0 [1000000, 400]0x1023ff569000 1.49 GB
W20240204 00:01:32.649845  4694 IPCTensor.h:369] NewIPCTensor: backward_grads_neg_0 [1000000, 400]0x10245eb4c000 1.49 GB
W20240204 00:01:32.649922  4694 IPCTensor.h:409] NewIPCGPUTensor: backward_grads_0_gpu [1000000, 400]; dev=0; size=1.49 GB
W20240204 00:01:32.658246  4490 IPCTensor.h:409] NewIPCGPUTensor: backward_grads_neg_2_gpu [1000000, 400]; dev=2; size=1.49 GB
W20240204 00:01:32.658252  4559 IPCTensor.h:409] NewIPCGPUTensor: backward_grads_neg_3_gpu [1000000, 400]; dev=3; size=1.49 GB
W20240204 00:01:32.658267  4757 IPCTensor.h:409] NewIPCGPUTensor: backward_grads_neg_5_gpu [1000000, 400]; dev=5; size=1.49 GB
W20240204 00:01:32.658291  4694 IPCTensor.h:409] NewIPCGPUTensor: backward_grads_neg_0_gpu [1000000, 400]; dev=0; size=1.49 GB
W20240204 00:01:32.658306  4395 IPCTensor.h:409] NewIPCGPUTensor: backward_grads_neg_1_gpu [1000000, 400]; dev=1; size=1.49 GB
cudaHostRegister 0x10001ca5a000
5: KnownLocalCachedEmbedding init done
WARNING [4693 DistTensor.py:59] The tensor name already exists in the kvstore
cudaHostRegister 0x10001ca5a000
4: KnownLocalCachedEmbedding init done
WARNING [4626 DistTensor.py:59] The tensor name already exists in the kvstore
cudaHostRegister 0x10001ca5a000
2: KnownLocalCachedEmbedding init done
WARNING [4489 DistTensor.py:59] The tensor name already exists in the kvstore
cudaHostRegister 0x10001ca5a000
1: KnownLocalCachedEmbedding init done
WARNING [4394 DistTensor.py:59] The tensor name already exists in the kvstore
cudaHostRegister 0x10001ca5a000
3: KnownLocalCachedEmbedding init done
WARNING [4558 DistTensor.py:59] The tensor name already exists in the kvstore
[Rank5] pid = 4693
New CachedEmbedding, name=full_emb, shape=(86054151, 400), cache_type=KnownLocalCachedEmbedding
fixed cache_range is [(0, 4302707), (4302707, 8605414), (8605414, 12908121), (12908121, 17210828), (17210828, 21513535), (21513535, 25816242)]
cudaHostRegister 0x10001ca5a000
0: KnownLocalCachedEmbedding init done
WARNING [43368 DistTensor.py:59] The tensor name already exists in the kvstore
I20240204 00:02:13.771381  4694 IPC_barrier.h:118] CreateBarrier: new barrier, name: kgcachecontroller, count: 6
I20240204 00:02:13.771499  4559 IPC_barrier.h:112] CreateBarrier: find existing barrier, name: kgcachecontroller, count: 6
I20240204 00:02:13.771572  4395 IPC_barrier.h:112] CreateBarrier: find existing barrier, name: kgcachecontroller, count: 6
I20240204 00:02:13.771648  4490 IPC_barrier.h:112] CreateBarrier: find existing barrier, name: kgcachecontroller, count: 6
I20240204 00:02:13.771720  4757 IPC_barrier.h:112] CreateBarrier: find existing barrier, name: kgcachecontroller, count: 6
I20240204 00:02:13.771786  4627 IPC_barrier.h:112] CreateBarrier: find existing barrier, name: kgcachecontroller, count: 6
W20240204 00:02:13.773176  4694 grad_base.h:55] KGCacheController, config={
        "num_gpus": 6,
        "L": 10,
        "backgrad_init": "both", 
        "kForwardItersPerStep": 2,
        "clr": 0.01,
        "nr_background_threads": 32,
        "backwardMode": "CppAsync",
        "cache_ratio": 0.05,
        "update_cache_use_omp":  0,
        "update_pq_use_omp":  0
        }
W20240204 00:02:13.773317  4694 grad_base.h:184] Init GradProcessingBase done
I20240204 00:02:27.013942  4694 grad_async_v1.h:203] Use main thread to update emb.
W20240204 00:02:27.014298  4694 kg_controller.h:75] after init GradAsyncProcessing
I20240204 00:02:27.014309  4694 kg_controller.h:84] Construct KGCacheController done
E20240204 00:02:28.655038  4627 recstore.cc:66] init folly done
E20240204 00:02:28.655546  4490 recstore.cc:66] init folly done
E20240204 00:02:28.656157  4757 recstore.cc:66] init folly done
E20240204 00:02:28.656250  4559 recstore.cc:66] init folly done
E20240204 00:02:28.656365  4395 recstore.cc:66] init folly done
E20240204 00:02:28.656383  4694 recstore.cc:66] init folly done
I20240204 00:02:28.657485  4694 grad_base.h:60] GraphEnv RegTensorsPerProcess
I20240204 00:02:47.175153  4757 IPC_barrier.h:118] CreateBarrier: new barrier, name: start_barrier, count: 6
I20240204 00:02:48.171999  4559 IPC_barrier.h:112] CreateBarrier: find existing barrier, name: start_barrier, count: 6
I20240204 00:02:49.524969  4694 IPC_barrier.h:112] CreateBarrier: find existing barrier, name: start_barrier, count: 6
I20240204 00:02:49.612916  4490 IPC_barrier.h:112] CreateBarrier: find existing barrier, name: start_barrier, count: 6
I20240204 00:02:50.991024  4627 IPC_barrier.h:112] CreateBarrier: find existing barrier, name: start_barrier, count: 6
I20240204 00:02:51.645074  4395 IPC_barrier.h:112] CreateBarrier: find existing barrier, name: start_barrier, count: 6
W20240204 00:02:53.536199  4694 grad_async_v1.h:429] Sleep in <BlockToStepN>, step_no=1, pq.top=1
+---------------------------+---------------------------+---------------------------+
| Name                      | P50                       | P99                       |
+---------------------------+---------------------------+---------------------------+
| ProcessBack:Shuffle       | 239.704 ms                | 280.831 ms                |
| ProcessBack:UpdateCache   | 469.804 ms                | 470.435 ms                |
| ProcessBack:UpsertPq      | 29.118 ms                 | 31.142 ms                 |
| ProcessOneStep            | 972.381 ms                | 972.381 ms                |
+---------------------------+---------------------------+---------------------------+
+---------------------------+---------------------------+---------------------------+
| Name                      | P50                       | P99                       |
+---------------------------+---------------------------+---------------------------+
| GenInput                  | 27.733 ms                 | 27.733 ms                 |
| Forward                   | 651.112 ms                | 651.112 ms                |
| Backward                  | 195.270 ms                | 195.270 ms                |
| Optimize                  | 3.043 ms                  | 3.043 ms                  |
| BarrierTimeBeforeRank0    | 40.314 ms                 | 40.314 ms                 |
| AfterBackward             | 972.646 ms                | 972.646 ms                |
+---------------------------+---------------------------+---------------------------+
W20240204 00:02:54.536007  4694 grad_async_v1.h:429] Sleep in <BlockToStepN>, step_no=3, pq.top=3
W20240204 00:02:55.536010  4694 grad_async_v1.h:429] Sleep in <BlockToStepN>, step_no=5, pq.top=5
W20240204 00:02:56.641057  4694 grad_async_v1.h:429] Sleep in <BlockToStepN>, step_no=8, pq.top=8
W20240204 00:02:57.641010  4694 grad_async_v1.h:429] Sleep in <BlockToStepN>, step_no=11, pq.top=11
W20240204 00:02:58.641016  4694 grad_async_v1.h:429] Sleep in <BlockToStepN>, step_no=13, pq.top=13
+---------------------------+---------------------------+---------------------------+
| Name                      | P50                       | P99                       |
+---------------------------+---------------------------+---------------------------+
| ProcessBack:Shuffle       | 4.931 ms                  | 280.831 ms                |
| ProcessBack:UpdateCache   | 5.555 ms                  | 470.435 ms                |
| ProcessBack:UpsertPq      | 34.141 ms                 | 68.865 ms                 |
| ProcessOneStep            | 51.724 ms                 | 972.381 ms                |
| BlockToStepN              | 2.252 ms                  | 602.241 ms                |
+---------------------------+---------------------------+---------------------------+
+---------------------------+---------------------------+---------------------------+
| Name                      | P50                       | P99                       |
+---------------------------+---------------------------+---------------------------+
| GenInput                  | 16.343 ms                 | 102.607 ms                |
| Forward                   | 5.508 ms                  | 651.112 ms                |
| Backward                  | 11.567 ms                 | 195.270 ms                |
| Optimize                  | 2.487 ms                  | 5.016 ms                  |
| BarrierTimeBeforeRank0    | 6.712 ms                  | 74.823 ms                 |
| AfterBackward             | 51.770 ms                 | 972.646 ms                |
| BlockToStepN              | 2.293 ms                  | 602.345 ms                |
| OneStep                   | 185.807 ms                | 2.469 s                   |
+---------------------------+---------------------------+---------------------------+
W20240204 00:02:59.641013  4694 grad_async_v1.h:429] Sleep in <BlockToStepN>, step_no=15, pq.top=15
W20240204 00:03:00.641008  4694 grad_async_v1.h:429] Sleep in <BlockToStepN>, step_no=19, pq.top=19
W20240204 00:03:01.641008  4694 grad_async_v1.h:429] Sleep in <BlockToStepN>, step_no=21, pq.top=21
W20240204 00:03:02.641008  4694 grad_async_v1.h:429] Sleep in <BlockToStepN>, step_no=23, pq.top=23
+---------------------------+---------------------------+---------------------------+
| Name                      | P50                       | P99                       |
+---------------------------+---------------------------+---------------------------+
| ProcessBack:Shuffle       | 4.833 ms                  | 239.704 ms                |
| ProcessBack:UpdateCache   | 5.885 ms                  | 469.804 ms                |
| ProcessBack:UpsertPq      | 30.866 ms                 | 68.865 ms                 |
| ProcessOneStep            | 44.720 ms                 | 972.381 ms                |
| BlockToStepN              | 529.458 ms                | 628.500 ms                |
+---------------------------+---------------------------+---------------------------+
W20240204 00:03:03.666649  4694 grad_async_v1.h:429] Sleep in <BlockToStepN>, step_no=26, pq.top=26
+---------------------------+---------------------------+---------------------------+
| Name                      | P50                       | P99                       |
+---------------------------+---------------------------+---------------------------+
| GenInput                  | 7.798 ms                  | 102.607 ms                |
| Forward                   | 5.508 ms                  | 651.112 ms                |
| Backward                  | 10.388 ms                 | 195.270 ms                |
| Optimize                  | 2.651 ms                  | 5.016 ms                  |
| BarrierTimeBeforeRank0    | 3.661 ms                  | 74.823 ms                 |
| AfterBackward             | 44.178 ms                 | 972.646 ms                |
| BlockToStepN              | 6.949 ms                  | 628.604 ms                |
| OneStep                   | 185.807 ms                | 2.469 s                   |
+---------------------------+---------------------------+---------------------------+
W20240204 00:03:04.666007  4694 grad_async_v1.h:429] Sleep in <BlockToStepN>, step_no=29, pq.top=29
W20240204 00:03:05.666009  4694 grad_async_v1.h:429] Sleep in <BlockToStepN>, step_no=31, pq.top=31
W20240204 00:03:06.711766  4694 grad_async_v1.h:429] Sleep in <BlockToStepN>, step_no=35, pq.top=35
W20240204 00:03:07.711007  4694 grad_async_v1.h:429] Sleep in <BlockToStepN>, step_no=37, pq.top=37
+---------------------------+---------------------------+---------------------------+
| Name                      | P50                       | P99                       |
+---------------------------+---------------------------+---------------------------+
| ProcessBack:Shuffle       | 4.833 ms                  | 239.704 ms                |
| ProcessBack:UpdateCache   | 5.555 ms                  | 469.804 ms                |
| ProcessBack:UpsertPq      | 28.570 ms                 | 52.138 ms                 |
| ProcessOneStep            | 41.774 ms                 | 972.381 ms                |
| BlockToStepN              | 6.896 ms                  | 628.500 ms                |
+---------------------------+---------------------------+---------------------------+
W20240204 00:03:08.711004  4694 grad_async_v1.h:429] Sleep in <BlockToStepN>, step_no=39, pq.top=39
+---------------------------+---------------------------+---------------------------+
| Name                      | P50                       | P99                       |
+---------------------------+---------------------------+---------------------------+
| GenInput                  | 5.511 ms                  | 102.607 ms                |
| Forward                   | 5.323 ms                  | 651.112 ms                |
| Backward                  | 10.550 ms                 | 195.270 ms                |
| Optimize                  | 2.698 ms                  | 5.016 ms                  |
| BarrierTimeBeforeRank0    | 2.832 ms                  | 74.823 ms                 |
| AfterBackward             | 41.807 ms                 | 972.646 ms                |
| BlockToStepN              | 6.949 ms                  | 628.604 ms                |
| OneStep                   | 185.807 ms                | 2.469 s                   |
+---------------------------+---------------------------+---------------------------+
W20240204 00:03:09.767822  4694 grad_async_v1.h:429] Sleep in <BlockToStepN>, step_no=42, pq.top=42
W20240204 00:03:10.767009  4694 grad_async_v1.h:429] Sleep in <BlockToStepN>, step_no=45, pq.top=45
W20240204 00:03:11.767007  4694 grad_async_v1.h:429] Sleep in <BlockToStepN>, step_no=47, pq.top=47
W20240204 00:03:12.828393  4694 grad_async_v1.h:429] Sleep in <BlockToStepN>, step_no=51, pq.top=51
+---------------------------+---------------------------+---------------------------+
| Name                      | P50                       | P99                       |
+---------------------------+---------------------------+---------------------------+
| ProcessBack:Shuffle       | 4.830 ms                  | 239.704 ms                |
| ProcessBack:UpdateCache   | 5.602 ms                  | 469.804 ms                |
| ProcessBack:UpsertPq      | 27.131 ms                 | 52.138 ms                 |
| ProcessOneStep            | 40.722 ms                 | 79.234 ms                 |
| BlockToStepN              | 8.037 ms                  | 624.927 ms                |
+---------------------------+---------------------------+---------------------------+
+---------------------------+---------------------------+---------------------------+
| Name                      | P50                       | P99                       |
+---------------------------+---------------------------+---------------------------+
| GenInput                  | 5.207 ms                  | 91.367 ms                 |
| Forward                   | 5.323 ms                  | 8.291 ms                  |
| Backward                  | 10.570 ms                 | 13.783 ms                 |
| Optimize                  | 2.651 ms                  | 5.016 ms                  |
| BarrierTimeBeforeRank0    | 2.224 ms                  | 40.314 ms                 |
| AfterBackward             | 40.753 ms                 | 79.286 ms                 |
| BlockToStepN              | 8.099 ms                  | 625.153 ms                |
| OneStep                   | 185.807 ms                | 791.630 ms                |
+---------------------------+---------------------------+---------------------------+
W20240204 00:03:13.828004  4694 grad_async_v1.h:429] Sleep in <BlockToStepN>, step_no=53, pq.top=53
W20240204 00:03:14.828009  4694 grad_async_v1.h:429] Sleep in <BlockToStepN>, step_no=55, pq.top=55
W20240204 00:03:15.828008  4694 grad_async_v1.h:429] Sleep in <BlockToStepN>, step_no=57, pq.top=57
W20240204 00:03:16.828007  4694 grad_async_v1.h:429] Sleep in <BlockToStepN>, step_no=61, pq.top=61
W20240204 00:03:17.828008  4694 grad_async_v1.h:429] Sleep in <BlockToStepN>, step_no=63, pq.top=63
+---------------------------+---------------------------+---------------------------+
| Name                      | P50                       | P99                       |
+---------------------------+---------------------------+---------------------------+
| ProcessBack:Shuffle       | 4.792 ms                  | 239.704 ms                |
| ProcessBack:UpdateCache   | 5.690 ms                  | 469.804 ms                |
| ProcessBack:UpsertPq      | 25.422 ms                 | 52.138 ms                 |
| ProcessOneStep            | 40.244 ms                 | 79.234 ms                 |
| BlockToStepN              | 8.882 ms                  | 624.927 ms                |
+---------------------------+---------------------------+---------------------------+
+---------------------------+---------------------------+---------------------------+
| Name                      | P50                       | P99                       |
+---------------------------+---------------------------+---------------------------+
| GenInput                  | 5.001 ms                  | 91.367 ms                 |
| Forward                   | 5.323 ms                  | 8.291 ms                  |
| Backward                  | 10.600 ms                 | 14.853 ms                 |
| Optimize                  | 2.728 ms                  | 5.404 ms                  |
| BarrierTimeBeforeRank0    | 4.572 ms                  | 57.794 ms                 |
| AfterBackward             | 40.283 ms                 | 79.286 ms                 |
| BlockToStepN              | 8.951 ms                  | 625.153 ms                |
| OneStep                   | 185.807 ms                | 791.630 ms                |
+---------------------------+---------------------------+---------------------------+
W20240204 00:03:18.828006  4694 grad_async_v1.h:429] Sleep in <BlockToStepN>, step_no=65, pq.top=65
W20240204 00:03:19.918094  4694 grad_async_v1.h:429] Sleep in <BlockToStepN>, step_no=69, pq.top=69
W20240204 00:03:20.918007  4694 grad_async_v1.h:429] Sleep in <BlockToStepN>, step_no=71, pq.top=71
W20240204 00:03:21.918008  4694 grad_async_v1.h:429] Sleep in <BlockToStepN>, step_no=73, pq.top=73
W20240204 00:03:22.979009  4694 grad_async_v1.h:429] Sleep in <BlockToStepN>, step_no=76, pq.top=76
+---------------------------+---------------------------+---------------------------+
| Name                      | P50                       | P99                       |
+---------------------------+---------------------------+---------------------------+
| ProcessBack:Shuffle       | 4.792 ms                  | 33.155 ms                 |
| ProcessBack:UpdateCache   | 5.700 ms                  | 11.936 ms                 |
| ProcessBack:UpsertPq      | 25.166 ms                 | 50.938 ms                 |
| ProcessOneStep            | 40.244 ms                 | 79.234 ms                 |
| BlockToStepN              | 8.882 ms                  | 624.927 ms                |
+---------------------------+---------------------------+---------------------------+
+---------------------------+---------------------------+---------------------------+
| Name                      | P50                       | P99                       |
+---------------------------+---------------------------+---------------------------+
| GenInput                  | 4.867 ms                  | 91.367 ms                 |
| Forward                   | 5.323 ms                  | 8.291 ms                  |
| Backward                  | 10.625 ms                 | 14.853 ms                 |
| Optimize                  | 2.735 ms                  | 5.858 ms                  |
| BarrierTimeBeforeRank0    | 5.174 ms                  | 57.794 ms                 |
| AfterBackward             | 40.283 ms                 | 79.286 ms                 |
| BlockToStepN              | 8.951 ms                  | 625.153 ms                |
| OneStep                   | 185.807 ms                | 791.630 ms                |
+---------------------------+---------------------------+---------------------------+
W20240204 00:03:23.979007  4694 grad_async_v1.h:429] Sleep in <BlockToStepN>, step_no=79, pq.top=79
W20240204 00:03:24.979008  4694 grad_async_v1.h:429] Sleep in <BlockToStepN>, step_no=81, pq.top=81
W20240204 00:03:26.085115  4694 grad_async_v1.h:429] Sleep in <BlockToStepN>, step_no=85, pq.top=85
W20240204 00:03:27.085007  4694 grad_async_v1.h:429] Sleep in <BlockToStepN>, step_no=87, pq.top=87
W20240204 00:03:28.085007  4694 grad_async_v1.h:429] Sleep in <BlockToStepN>, step_no=89, pq.top=89
+---------------------------+---------------------------+---------------------------+
| Name                      | P50                       | P99                       |
+---------------------------+---------------------------+---------------------------+
| ProcessBack:Shuffle       | 4.814 ms                  | 33.155 ms                 |
| ProcessBack:UpdateCache   | 5.690 ms                  | 11.936 ms                 |
| ProcessBack:UpsertPq      | 27.131 ms                 | 53.633 ms                 |
| ProcessOneStep            | 41.201 ms                 | 80.055 ms                 |
| BlockToStepN              | 8.882 ms                  | 624.927 ms                |
+---------------------------+---------------------------+---------------------------+
+---------------------------+---------------------------+---------------------------+
| Name                      | P50                       | P99                       |
+---------------------------+---------------------------+---------------------------+
| GenInput                  | 4.905 ms                  | 101.183 ms                |
| Forward                   | 5.308 ms                  | 8.291 ms                  |
| Backward                  | 10.648 ms                 | 14.853 ms                 |
| Optimize                  | 2.751 ms                  | 5.858 ms                  |
| BarrierTimeBeforeRank0    | 4.210 ms                  | 57.794 ms                 |
| AfterBackward             | 41.237 ms                 | 80.091 ms                 |
| BlockToStepN              | 8.951 ms                  | 625.153 ms                |
| OneStep                   | 185.807 ms                | 791.630 ms                |
+---------------------------+---------------------------+---------------------------+
W20240204 00:03:29.085005  4694 grad_async_v1.h:429] Sleep in <BlockToStepN>, step_no=91, pq.top=91
W20240204 00:03:30.097641  4694 grad_async_v1.h:429] Sleep in <BlockToStepN>, step_no=95, pq.top=95
W20240204 00:03:31.097043  4694 grad_async_v1.h:429] Sleep in <BlockToStepN>, step_no=97, pq.top=97
W20240204 00:03:32.097008  4694 grad_async_v1.h:429] Sleep in <BlockToStepN>, step_no=99, pq.top=99
train_sampler.Prefill()
before start barrier
start train
[proc 3] 100 steps, total: 44.244, sample: 1.628, forward: 1.135, backward: 0.909, update: 0.222
train_sampler.Prefill()
before start barrier
start train
[proc 4] 100 steps, total: 41.425, sample: 1.338, forward: 1.133, backward: 1.191, update: 0.251
train_sampler.Prefill()
before start barrier
start train
[proc 1] 100 steps, total: 40.771, sample: 1.585, forward: 1.213, backward: 1.252, update: 0.264
train_sampler.Prefill()
before start barrier
start train
[proc 5] 100 steps, total: 45.241, sample: 1.278, forward: 1.095, backward: 1.221, update: 0.252
train_sampler.Prefill()
before start barrier
start train
[proc 2] 100 steps, total: 42.803, sample: 1.498, forward: 1.178, backward: 1.193, update: 0.272
train_sampler.Prefill()
-------Step 0-------
tensor([22861082,   534706,   439942,   534732,   534759,   534788,  5114803,
          534805,   534830,   345505]) tensor([  168904, 40527613, 36495656,  5204840, 77266888, 26505907, 51464742,
        14058408, 60680943,  3741508])
-------Step 1-------
tensor([22861082,   534706,   439942,   534732,   534759,   534788,  5114803,
          534805,   534830,   345505]) tensor([80778373, 84802313,  4717585,  1359420, 51396699, 48347910, 31772512,
        72805069, 52718905, 28386012])
-------Step 2-------
tensor([   15183,    15218,    15242,    25577, 32603916,    15263, 35732074,
           15290, 22861082, 83457448]) tensor([10333318, 44389463, 18597305, 58665149, 51869439, 40174976, 47582800,
        44777762,  6524369, 24749570])
-------Step 3-------
tensor([   15183,    15218,    15242,    25577, 32603916,    15263, 35732074,
           15290, 22861082, 83457448]) tensor([30877340, 22241465, 11614710, 69339154, 12252282, 11442331, 10221713,
        73757072, 84271047, 69371014])
-------Step 4-------
tensor([  633931,    25518,    78608, 10100370,    78642,   351155,    78675,
         4454625,    78705,   633951]) tensor([48510735, 85358991, 17789512, 32834472, 49924600, 57384791, 63892372,
        32265046, 33340442, 82211138])
-------Step 5-------
tensor([  633931,    25518,    78608, 10100370,    78642,   351155,    78675,
         4454625,    78705,   633951]) tensor([ 4227335,   145406,  8792014, 84541822, 67932431, 48411325, 75385857,
        56152693, 68168770, 27338656])
-------Step 6-------
tensor([  140278,   140305, 22861082,   140328,    31038,   140353,   447294,
          447341, 46163565,  4446433]) tensor([40751744, 32978861, 40242764, 85211583, 66327085,  1152304, 14336332,
         5011336, 44211352, 17499218])
-------Step 7-------
tensor([  140278,   140305, 22861082,   140328,    31038,   140353,   447294,
          447341, 46163565,  4446433]) tensor([23809626, 28809161, 40142788, 67442173, 76335853, 15491352,  2119114,
        62226606, 55220150, 20145221])
-------Step 8-------
tensor([  226995,   201031,   201067,  5423545,  4309960,    74215,    46670,
           46699,   201095, 36117766]) tensor([69158589, 28841565, 61566744, 75299563,  6210545, 15088800, 22774311,
        35109733, 84070690, 30535985])
-------Step 9-------
tensor([  226995,   201031,   201067,  5423545,  4309960,    74215,    46670,
           46699,   201095, 36117766]) tensor([  428851, 45319735, 84456166, 29785585, 73953053, 64076307, 44838820,
        36334692, 60528489, 10355206])
before start barrier
start train
[proc 0] 100 steps, total: 42.891, sample: 1.509, forward: 1.190, backward: 1.232, update: 0.343
W20240204 00:03:33.097008  4694 grad_async_v1.h:429] Sleep in <BlockToStepN>, step_no=101, pq.top=101
+---------------------------+---------------------------+---------------------------+
| Name                      | P50                       | P99                       |
+---------------------------+---------------------------+---------------------------+
| ProcessBack:Shuffle       | 4.826 ms                  | 33.155 ms                 |
| ProcessBack:UpdateCache   | 5.690 ms                  | 14.819 ms                 |
| ProcessBack:UpsertPq      | 27.511 ms                 | 54.386 ms                 |
| ProcessOneStep            | 41.267 ms                 | 80.055 ms                 |
| BlockToStepN              | 8.882 ms                  | 624.978 ms                |
+---------------------------+---------------------------+---------------------------+
+---------------------------+---------------------------+---------------------------+
| Name                      | P50                       | P99                       |
+---------------------------+---------------------------+---------------------------+
| GenInput                  | 5.010 ms                  | 102.607 ms                |
| Forward                   | 5.308 ms                  | 13.278 ms                 |
| Backward                  | 10.677 ms                 | 15.117 ms                 |
| Optimize                  | 2.735 ms                  | 5.858 ms                  |
| BarrierTimeBeforeRank0    | 2.224 ms                  | 57.794 ms                 |
| AfterBackward             | 41.295 ms                 | 80.091 ms                 |
| BlockToStepN              | 8.951 ms                  | 625.153 ms                |
| OneStep                   | 185.807 ms                | 791.630 ms                |
+---------------------------+---------------------------+---------------------------+
W20240204 00:03:34.097004  4694 grad_async_v1.h:429] Sleep in <BlockToStepN>, step_no=103, pq.top=103
W20240204 00:03:35.300092  4694 grad_async_v1.h:429] Sleep in <BlockToStepN>, step_no=107, pq.top=107
W20240204 00:03:36.300005  4694 grad_async_v1.h:429] Sleep in <BlockToStepN>, step_no=109, pq.top=109
W20240204 00:03:37.300006  4694 grad_async_v1.h:429] Sleep in <BlockToStepN>, step_no=111, pq.top=111
W20240204 00:03:38.377601  4694 grad_async_v1.h:429] Sleep in <BlockToStepN>, step_no=115, pq.top=115
+---------------------------+---------------------------+---------------------------+
| Name                      | P50                       | P99                       |
+---------------------------+---------------------------+---------------------------+
| ProcessBack:Shuffle       | 4.838 ms                  | 33.155 ms                 |
| ProcessBack:UpdateCache   | 5.736 ms                  | 14.819 ms                 |
| ProcessBack:UpsertPq      | 28.108 ms                 | 63.868 ms                 |
| ProcessOneStep            | 41.774 ms                 | 80.055 ms                 |
| BlockToStepN              | 8.882 ms                  | 624.978 ms                |
+---------------------------+---------------------------+---------------------------+
+---------------------------+---------------------------+---------------------------+
| Name                      | P50                       | P99                       |
+---------------------------+---------------------------+---------------------------+
