WARNING: Logging before InitGoogleLogging() is written to STDERR
I20240128 15:50:30.880611 432519 IPC_barrier.h:128] MultiProcessBarrierFactory->ClearIPCMemory()
/home/xieminhui/RecStore/src/framework_adapters/torch/kg/dgl-0.9.1/python/dgl/_deprecate/graph.py:1023: DGLWarning: multigraph will be deprecated.DGL will treat all graphs as multigraph in the future.
  dgl_warning("multigraph will be deprecated." \
/home/xieminhui/RecStore/src/framework_adapters/torch/kg/dgl-0.9.1/python/dgl/heterograph.py:72: DGLWarning: Recommend creating graphs by `dgl.graph(data)` instead of `dgl.DGLGraph(data)`.
  dgl_warning('Recommend creating graphs by `dgl.graph(data)`'
Reading train triples....
Finished. Read 483142 train triples.
Reading valid triples....
Finished. Read 50000 valid triples.
Reading test triples....
Finished. Read 59071 test triples.
ARGS:  Namespace(model_name='ComplEx', data_path='/home/xieminhui/dgl-data', dataset='FB15k', format='built_in', data_files=None, delimiter='\t', save_path='/tmp/ckpts/ComplEx_FB15k_15', no_save_emb=True, max_step=500, batch_size=2400, batch_size_eval=16, neg_sample_size=200, neg_deg_sample=False, neg_deg_sample_eval=False, neg_sample_size_eval=14951, eval_percent=1, no_eval_filter=False, log_interval=100, eval_interval=10000, test=False, num_proc=4, num_thread=1, force_sync_interval=1, hidden_dim=400, lr=0.01, gamma=16.0, double_ent=False, double_rel=False, neg_adversarial_sampling=False, adversarial_temperature=1.0, regularization_coef=0.0, regularization_norm=3, pairwise=False, loss_genre='Logsigmoid', margin=1.0, nr_gpus=4, gpu=[0, 1, 2, 3], mix_cpu_gpu=True, valid=False, rel_part=False, async_update=None, has_edge_importance=False, cached_emb_type='KnownLocalCachedEmbedding', use_my_emb=True, cache_ratio=0.01, shuffle=False, backwardMode='CppAsyncV2', L=10, update_cache_use_omp=0, update_pq_use_omp=0, kForwardItersPerStep=2, backgrad_init='both', eval_filter=True, soft_rel_part=False)
|Train|: 483142
original graph:  DGLGraph(num_nodes=14951, num_edges=592213,
         ndata_schemes={}
         edata_schemes={'tid': Scheme(shape=(), dtype=torch.int64)})
Loading cached metis
WARNING [432519 sampler.py:454] Start PreSampling
WARNING [432519 sampler.py:532] Before construct renumbering_dict
WARNING [432519 sampler.py:555] PreSampling done
W20240128 15:50:32.995729 432519 IPCTensor.h:368] NewIPCTensor: cached_sampler_r0_0 [1000000]0x100000002000 7.629 MB
W20240128 15:50:32.995877 432519 IPCTensor.h:368] NewIPCTensor: cached_sampler_r0_1 [1000000]0x1000007a5000 7.629 MB
W20240128 15:50:32.995913 432519 IPCTensor.h:368] NewIPCTensor: cached_sampler_r0_2 [1000000]0x100000f48000 7.629 MB
W20240128 15:50:32.995941 432519 IPCTensor.h:368] NewIPCTensor: cached_sampler_r0_3 [1000000]0x1000016eb000 7.629 MB
W20240128 15:50:32.995962 432519 IPCTensor.h:368] NewIPCTensor: cached_sampler_r0_4 [1000000]0x100001e8e000 7.629 MB
W20240128 15:50:32.995982 432519 IPCTensor.h:368] NewIPCTensor: cached_sampler_r0_5 [1000000]0x100002631000 7.629 MB
W20240128 15:50:32.996001 432519 IPCTensor.h:368] NewIPCTensor: cached_sampler_r0_6 [1000000]0x100002dd4000 7.629 MB
W20240128 15:50:32.996026 432519 IPCTensor.h:368] NewIPCTensor: cached_sampler_r0_7 [1000000]0x100003577000 7.629 MB
W20240128 15:50:32.996050 432519 IPCTensor.h:368] NewIPCTensor: cached_sampler_r0_8 [1000000]0x100003d1a000 7.629 MB
W20240128 15:50:32.996066 432519 IPCTensor.h:368] NewIPCTensor: cached_sampler_r0_9 [1000000]0x1000044bd000 7.629 MB
W20240128 15:50:32.996099 432519 IPCTensor.h:368] NewIPCTensor: step_r0 [10]0x100004c60000 80 B 
W20240128 15:50:32.996117 432519 IPCTensor.h:368] NewIPCTensor: circle_buffer_end_r0 [1]0x100004c62000 8 B 
W20240128 15:50:32.996134 432519 IPCTensor.h:368] NewIPCTensor: circle_buffer_end_cppseen_r0 [1]0x100004c64000 8 B 
W20240128 15:50:32.996217 432519 IPCTensor.h:368] NewIPCTensor: cached_sampler_r1_0 [1000000]0x100004c66000 7.629 MB
W20240128 15:50:32.996237 432519 IPCTensor.h:368] NewIPCTensor: cached_sampler_r1_1 [1000000]0x100005409000 7.629 MB
W20240128 15:50:32.996251 432519 IPCTensor.h:368] NewIPCTensor: cached_sampler_r1_2 [1000000]0x100005bac000 7.629 MB
W20240128 15:50:32.996284 432519 IPCTensor.h:368] NewIPCTensor: cached_sampler_r1_3 [1000000]0x10000634f000 7.629 MB
W20240128 15:50:32.996300 432519 IPCTensor.h:368] NewIPCTensor: cached_sampler_r1_4 [1000000]0x100006af2000 7.629 MB
W20240128 15:50:32.996315 432519 IPCTensor.h:368] NewIPCTensor: cached_sampler_r1_5 [1000000]0x100007295000 7.629 MB
W20240128 15:50:32.996330 432519 IPCTensor.h:368] NewIPCTensor: cached_sampler_r1_6 [1000000]0x100007a38000 7.629 MB
W20240128 15:50:32.996351 432519 IPCTensor.h:368] NewIPCTensor: cached_sampler_r1_7 [1000000]0x1000081db000 7.629 MB
W20240128 15:50:32.996377 432519 IPCTensor.h:368] NewIPCTensor: cached_sampler_r1_8 [1000000]0x10000897e000 7.629 MB
W20240128 15:50:32.996397 432519 IPCTensor.h:368] NewIPCTensor: cached_sampler_r1_9 [1000000]0x100009121000 7.629 MB
W20240128 15:50:32.996412 432519 IPCTensor.h:368] NewIPCTensor: step_r1 [10]0x1000098c4000 80 B 
W20240128 15:50:32.996423 432519 IPCTensor.h:368] NewIPCTensor: circle_buffer_end_r1 [1]0x1000098c6000 8 B 
W20240128 15:50:32.996438 432519 IPCTensor.h:368] NewIPCTensor: circle_buffer_end_cppseen_r1 [1]0x1000098c8000 8 B 
W20240128 15:50:32.996477 432519 IPCTensor.h:368] NewIPCTensor: cached_sampler_r2_0 [1000000]0x1000098ca000 7.629 MB
W20240128 15:50:32.996501 432519 IPCTensor.h:368] NewIPCTensor: cached_sampler_r2_1 [1000000]0x10000a06d000 7.629 MB
W20240128 15:50:32.996523 432519 IPCTensor.h:368] NewIPCTensor: cached_sampler_r2_2 [1000000]0x10000a810000 7.629 MB
W20240128 15:50:32.996544 432519 IPCTensor.h:368] NewIPCTensor: cached_sampler_r2_3 [1000000]0x10000afb3000 7.629 MB
W20240128 15:50:32.996567 432519 IPCTensor.h:368] NewIPCTensor: cached_sampler_r2_4 [1000000]0x10000b756000 7.629 MB
W20240128 15:50:32.996587 432519 IPCTensor.h:368] NewIPCTensor: cached_sampler_r2_5 [1000000]0x10000bef9000 7.629 MB
W20240128 15:50:32.996603 432519 IPCTensor.h:368] NewIPCTensor: cached_sampler_r2_6 [1000000]0x10000c69c000 7.629 MB
W20240128 15:50:32.996619 432519 IPCTensor.h:368] NewIPCTensor: cached_sampler_r2_7 [1000000]0x10000ce3f000 7.629 MB
W20240128 15:50:32.996634 432519 IPCTensor.h:368] NewIPCTensor: cached_sampler_r2_8 [1000000]0x10000d5e2000 7.629 MB
W20240128 15:50:32.996654 432519 IPCTensor.h:368] NewIPCTensor: cached_sampler_r2_9 [1000000]0x10000dd85000 7.629 MB
W20240128 15:50:32.996668 432519 IPCTensor.h:368] NewIPCTensor: step_r2 [10]0x10000e528000 80 B 
W20240128 15:50:32.996681 432519 IPCTensor.h:368] NewIPCTensor: circle_buffer_end_r2 [1]0x10000e52a000 8 B 
W20240128 15:50:32.996696 432519 IPCTensor.h:368] NewIPCTensor: circle_buffer_end_cppseen_r2 [1]0x10000e52c000 8 B 
W20240128 15:50:32.996731 432519 IPCTensor.h:368] NewIPCTensor: cached_sampler_r3_0 [1000000]0x10000e52e000 7.629 MB
W20240128 15:50:32.996754 432519 IPCTensor.h:368] NewIPCTensor: cached_sampler_r3_1 [1000000]0x10000ecd1000 7.629 MB
W20240128 15:50:32.996769 432519 IPCTensor.h:368] NewIPCTensor: cached_sampler_r3_2 [1000000]0x10000f474000 7.629 MB
W20240128 15:50:32.996790 432519 IPCTensor.h:368] NewIPCTensor: cached_sampler_r3_3 [1000000]0x10000fc17000 7.629 MB
W20240128 15:50:32.996805 432519 IPCTensor.h:368] NewIPCTensor: cached_sampler_r3_4 [1000000]0x1000103ba000 7.629 MB
W20240128 15:50:32.996825 432519 IPCTensor.h:368] NewIPCTensor: cached_sampler_r3_5 [1000000]0x100010b5d000 7.629 MB
W20240128 15:50:32.996840 432519 IPCTensor.h:368] NewIPCTensor: cached_sampler_r3_6 [1000000]0x100011300000 7.629 MB
W20240128 15:50:32.996855 432519 IPCTensor.h:368] NewIPCTensor: cached_sampler_r3_7 [1000000]0x100011aa3000 7.629 MB
W20240128 15:50:32.996874 432519 IPCTensor.h:368] NewIPCTensor: cached_sampler_r3_8 [1000000]0x100012246000 7.629 MB
W20240128 15:50:32.996896 432519 IPCTensor.h:368] NewIPCTensor: cached_sampler_r3_9 [1000000]0x1000129e9000 7.629 MB
W20240128 15:50:32.996912 432519 IPCTensor.h:368] NewIPCTensor: step_r3 [10]0x10001318c000 80 B 
W20240128 15:50:32.996924 432519 IPCTensor.h:368] NewIPCTensor: circle_buffer_end_r3 [1]0x10001318e000 8 B 
W20240128 15:50:32.996937 432519 IPCTensor.h:368] NewIPCTensor: circle_buffer_end_cppseen_r3 [1]0x100013190000 8 B 
W20240128 15:50:33.147099 432519 IPCTensor.h:368] NewIPCTensor: full_emb [14951, 400]0x100013192000 22.81 MB
W20240128 15:50:33.147245 432519 IPCTensor.h:368] NewIPCTensor: full_emb_SparseRowWiseAdaGrad_sum [14951]0x100014864000 58.4 kB
{0: Graph(num_nodes=10523, num_edges=182012,
      ndata_schemes={'_ID': Scheme(shape=(), dtype=torch.int64), 'inner_node': Scheme(shape=(), dtype=torch.int32), 'part_id': Scheme(shape=(), dtype=torch.int64)}
      edata_schemes={'_ID': Scheme(shape=(), dtype=torch.int64), 'inner_edge': Scheme(shape=(), dtype=torch.int8)}), 1: Graph(num_nodes=10996, num_edges=244360,
      ndata_schemes={'_ID': Scheme(shape=(), dtype=torch.int64), 'inner_node': Scheme(shape=(), dtype=torch.int32), 'part_id': Scheme(shape=(), dtype=torch.int64)}
      edata_schemes={'_ID': Scheme(shape=(), dtype=torch.int64), 'inner_edge': Scheme(shape=(), dtype=torch.int8)}), 2: Graph(num_nodes=9404, num_edges=143355,
      ndata_schemes={'_ID': Scheme(shape=(), dtype=torch.int64), 'inner_node': Scheme(shape=(), dtype=torch.int32), 'part_id': Scheme(shape=(), dtype=torch.int64)}
      edata_schemes={'_ID': Scheme(shape=(), dtype=torch.int64), 'inner_edge': Scheme(shape=(), dtype=torch.int8)}), 3: Graph(num_nodes=10954, num_edges=175447,
      ndata_schemes={'_ID': Scheme(shape=(), dtype=torch.int64), 'inner_node': Scheme(shape=(), dtype=torch.int32), 'part_id': Scheme(shape=(), dtype=torch.int64)}
      edata_schemes={'_ID': Scheme(shape=(), dtype=torch.int64), 'inner_edge': Scheme(shape=(), dtype=torch.int8)})}
MertisPartition: part 0 has 10523 N 182012 E
MertisPartition: part 1 has 10996 N 244360 E
MertisPartition: part 2 has 9404 N 143355 E
MertisPartition: part 3 has 10954 N 175447 E
Rank0: cached key size 37
Rank1: cached key size 37
Rank2: cached key size 37
Rank3: cached key size 37
Before renumbering graph:  {'_ID': tensor([    5,    14,    17,  ..., 11245,  2040,  3009]), 'inner_node': tensor([1, 1, 1,  ..., 0, 0, 0], dtype=torch.int32), 'part_id': tensor([0, 0, 0,  ..., 2, 3, 3])}
After renumbering graph:  {'_ID': tensor([ 313,  551,  638,  ..., 1123, 5128, 5929]), 'inner_node': tensor([1, 1, 1,  ..., 0, 0, 0], dtype=torch.int32), 'part_id': tensor([0, 0, 0,  ..., 2, 3, 3])}
part_g: DGLGraph(num_nodes=10523, num_edges=182012,
         ndata_schemes={'_ID': Scheme(shape=(), dtype=torch.int64)}
         edata_schemes={'tid': Scheme(shape=(), dtype=torch.int64)})
part_g: DGLGraph(num_nodes=10523, num_edges=182012,
         ndata_schemes={'_ID': Scheme(shape=(), dtype=torch.int64)}
         edata_schemes={'tid': Scheme(shape=(), dtype=torch.int64)})
Total initialize time 2.299 seconds
[Rank1] pid = 432729
[Rank2] pid = 432793
INFO [432519 distributed_c10d.py:442] Added key: store_based_barrier_key:1 to store for rank: 0
INFO [432793 distributed_c10d.py:442] Added key: store_based_barrier_key:1 to store for rank: 2
INFO [432729 distributed_c10d.py:442] Added key: store_based_barrier_key:1 to store for rank: 1
INFO [432858 distributed_c10d.py:442] Added key: store_based_barrier_key:1 to store for rank: 3
INFO [432793 distributed_c10d.py:476] Rank 2: Completed store-based barrier for key:store_based_barrier_key:1 with 4 nodes.
INFO [432729 distributed_c10d.py:476] Rank 1: Completed store-based barrier for key:store_based_barrier_key:1 with 4 nodes.
INFO [432858 distributed_c10d.py:476] Rank 3: Completed store-based barrier for key:store_based_barrier_key:1 with 4 nodes.
W20240128 15:50:36.141140 432794 IPCTensor.h:408] NewIPCGPUTensor: embedding_cache_2 [149, 400]; dev=2; size=232.8 kB
INFO [432519 distributed_c10d.py:476] Rank 0: Completed store-based barrier for key:store_based_barrier_key:1 with 4 nodes.
W20240128 15:50:36.141604 432794 IPCTensor.h:368] NewIPCTensor: input_keys_2 [1000000]0x100014876000 7.629 MB
W20240128 15:50:36.141600 432730 IPCTensor.h:408] NewIPCGPUTensor: embedding_cache_1 [149, 400]; dev=1; size=232.8 kB
W20240128 15:50:36.141727 432794 IPCTensor.h:368] NewIPCTensor: input_keys_neg_2 [1000000]0x100015019000 7.629 MB
W20240128 15:50:36.141782 432794 IPCTensor.h:368] NewIPCTensor: backward_grads_2 [1000000, 400]0x1000157bc000 1.49 GB
W20240128 15:50:36.141824 432794 IPCTensor.h:368] NewIPCTensor: backward_grads_neg_2 [1000000, 400]0x100074d9f000 1.49 GB
W20240128 15:50:36.141858 432794 IPCTensor.h:408] NewIPCGPUTensor: backward_grads_2_gpu [1000000, 400]; dev=2; size=1.49 GB
W20240128 15:50:36.141882 432859 IPCTensor.h:408] NewIPCGPUTensor: embedding_cache_0 [149, 400]; dev=0; size=232.8 kB
W20240128 15:50:36.142248 432860 IPCTensor.h:408] NewIPCGPUTensor: embedding_cache_3 [149, 400]; dev=3; size=232.8 kB
W20240128 15:50:36.143958 432730 IPCTensor.h:368] NewIPCTensor: input_keys_1 [1000000]0x1000d4384000 7.629 MB
W20240128 15:50:36.144127 432794 IPCTensor.h:408] NewIPCGPUTensor: backward_grads_neg_2_gpu [1000000, 400]; dev=2; size=1.49 GB
W20240128 15:50:36.144138 432859 IPCTensor.h:368] NewIPCTensor: input_keys_0 [1000000]0x1000d4b2d000 7.629 MB
W20240128 15:50:36.144150 432730 IPCTensor.h:368] NewIPCTensor: input_keys_neg_1 [1000000]0x1000d52d0000 7.629 MB
W20240128 15:50:36.144227 432859 IPCTensor.h:368] NewIPCTensor: input_keys_neg_0 [1000000]0x100135056000 7.629 MB
W20240128 15:50:36.144227 432730 IPCTensor.h:368] NewIPCTensor: backward_grads_1 [1000000, 400]0x1000d5a73000 1.49 GB
W20240128 15:50:36.144264 432859 IPCTensor.h:368] NewIPCTensor: backward_grads_0 [1000000, 400]0x1001357f9000 1.49 GB
W20240128 15:50:36.144289 432859 IPCTensor.h:368] NewIPCTensor: backward_grads_neg_0 [1000000, 400]0x100194ddc000 1.49 GB
W20240128 15:50:36.144318 432859 IPCTensor.h:408] NewIPCGPUTensor: backward_grads_0_gpu [1000000, 400]; dev=0; size=1.49 GB
W20240128 15:50:36.144315 432730 IPCTensor.h:368] NewIPCTensor: backward_grads_neg_1 [1000000, 400]0x1001f43bf000 1.49 GB
W20240128 15:50:36.144382 432730 IPCTensor.h:408] NewIPCGPUTensor: backward_grads_1_gpu [1000000, 400]; dev=1; size=1.49 GB
W20240128 15:50:36.144402 432860 IPCTensor.h:368] NewIPCTensor: input_keys_3 [1000000]0x1002539a2000 7.629 MB
W20240128 15:50:36.144632 432860 IPCTensor.h:368] NewIPCTensor: input_keys_neg_3 [1000000]0x100254145000 7.629 MB
W20240128 15:50:36.144723 432860 IPCTensor.h:368] NewIPCTensor: backward_grads_3 [1000000, 400]0x1002548e8000 1.49 GB
W20240128 15:50:36.144806 432860 IPCTensor.h:368] NewIPCTensor: backward_grads_neg_3 [1000000, 400]0x1002b3ecb000 1.49 GB
W20240128 15:50:36.144882 432860 IPCTensor.h:408] NewIPCGPUTensor: backward_grads_3_gpu [1000000, 400]; dev=3; size=1.49 GB
W20240128 15:50:36.154618 432859 IPCTensor.h:408] NewIPCGPUTensor: backward_grads_neg_0_gpu [1000000, 400]; dev=0; size=1.49 GB
W20240128 15:50:36.154707 432730 IPCTensor.h:408] NewIPCGPUTensor: backward_grads_neg_1_gpu [1000000, 400]; dev=1; size=1.49 GB
W20240128 15:50:36.154743 432860 IPCTensor.h:408] NewIPCGPUTensor: backward_grads_neg_3_gpu [1000000, 400]; dev=3; size=1.49 GB
cudaHostRegister 0x100013192000
3: KnownLocalCachedEmbedding init done
WARNING [432858 DistTensor.py:56] The tensor name already exists in the kvstore
[Rank3] pid = 432858
New CachedEmbedding, name=full_emb, shape=(14951, 400), cache_type=KnownLocalCachedEmbedding
fixed cache_range is [(0, 149), (149, 298), (298, 447), (447, 596)]
cudaHostRegister 0x100013192000
0: KnownLocalCachedEmbedding init done
WARNING [432519 DistTensor.py:56] The tensor name already exists in the kvstore
cudaHostRegister 0x100013192000
2: KnownLocalCachedEmbedding init done
WARNING [432793 DistTensor.py:56] The tensor name already exists in the kvstore
cudaHostRegister 0x100013192000
1: KnownLocalCachedEmbedding init done
WARNING [432729 DistTensor.py:56] The tensor name already exists in the kvstore
I20240128 15:50:37.423245 432730 IPC_barrier.h:118] CreateBarrier: new barrier, name: kgcachecontroller, count: 4
I20240128 15:50:37.423485 432794 IPC_barrier.h:112] CreateBarrier: find existing barrier, name: kgcachecontroller, count: 4
I20240128 15:50:37.423514 432859 IPC_barrier.h:112] CreateBarrier: find existing barrier, name: kgcachecontroller, count: 4
I20240128 15:50:37.423565 432860 IPC_barrier.h:112] CreateBarrier: find existing barrier, name: kgcachecontroller, count: 4
W20240128 15:50:37.424434 432859 grad_base.h:55] KGCacheController, config={
        "num_gpus": 4,
        "L": 10,
        "backgrad_init": "both", 
        "kForwardItersPerStep": 2,
        "clr": 1,
        "nr_background_threads": 32,
        "backwardMode": "CppAsyncV2",
        "cache_ratio": 0.01,
        "update_cache_use_omp":  0,
        "update_pq_use_omp":  0
        }
W20240128 15:50:37.424523 432859 grad_base.h:184] Init GradProcessingBase done
I20240128 15:50:37.427906 432859 grad_async_v2.h:32] Use background thread to update emb. nr_background_threads=32
W20240128 15:50:37.427995 432859 kg_controller.h:78] after init GradAsyncProcessingV2
I20240128 15:50:37.428000 432859 kg_controller.h:84] Construct KGCacheController done
E20240128 15:50:37.798763 432859 recstore.cc:66] init folly done
E20240128 15:50:37.798816 432860 recstore.cc:66] init folly done
E20240128 15:50:37.798861 432730 recstore.cc:66] init folly done
E20240128 15:50:37.798888 432794 recstore.cc:66] init folly done
I20240128 15:50:37.799774 432859 grad_base.h:60] GraphEnv RegTensorsPerProcess
W20240128 15:50:38.447811 433380 grad_async_v2.h:121] Detect new sample comes, old_end0, new_end1
E20240128 15:50:38.448114 433380 parallel_pq_v2.h:76] insert failed, size(hashtable)=1
I20240128 15:50:38.480646 432859 IPC_barrier.h:118] CreateBarrier: new barrier, name: start_barrier, count: 4
I20240128 15:50:38.481827 432794 IPC_barrier.h:112] CreateBarrier: find existing barrier, name: start_barrier, count: 4
I20240128 15:50:38.487227 432860 IPC_barrier.h:112] CreateBarrier: find existing barrier, name: start_barrier, count: 4
I20240128 15:50:38.494293 432730 IPC_barrier.h:112] CreateBarrier: find existing barrier, name: start_barrier, count: 4
E20240128 15:50:40.748478 432859 parallel_pq_v2.h:76] insert failed, size(hashtable)=4
W20240128 15:50:40.764137 432859 grad_async_v2.h:250] Sleep in <BlockToStepN>, step_no=1, pq.top=0
W20240128 15:50:40.778892 433380 grad_async_v2.h:121] Detect new sample comes, old_end1, new_end2
E20240128 15:50:41.748414 433379 parallel_pq_v2.h:76] insert failed, size(hashtable)=4310
W20240128 15:50:41.774282 432859 grad_async_v2.h:250] Sleep in <BlockToStepN>, step_no=20, pq.top=20
W20240128 15:50:41.782238 433380 grad_async_v2.h:121] Detect new sample comes, old_end0, new_end1
+---------------------------+---------------------------+---------------------------+
| Name                      | P50                       | P99                       |
+---------------------------+---------------------------+---------------------------+
| GenInput                  | 1.200 ms                  | 22.325 ms                 |
| Forward                   | 5.371 ms                  | 1.425 s                   |
| Backward                  | 3.543 ms                  | 232.332 ms                |
| Optimize                  | 2.075 ms                  | 59.548 ms                 |
| BarrierTimeBeforeRank0    | 39.498 us                 | 2.374 ms                  |
| AfterBackward             | 19.984 ms                 | 550.968 ms                |
| BlockToStepN              | 6.890 ms                  | 63.369 ms                 |
| OneStep                   | 46.102 ms                 | 2.283 s                   |
+---------------------------+---------------------------+---------------------------+
E20240128 15:50:42.748028 433379 parallel_pq_v2.h:76] insert failed, size(hashtable)=3612
W20240128 15:50:42.774019 432859 grad_async_v2.h:250] Sleep in <BlockToStepN>, step_no=41, pq.top=41
W20240128 15:50:42.799053 433380 grad_async_v2.h:121] Detect new sample comes, old_end1, new_end2
+---------------------------+---------------------------+---------------------------+
| Name                      | P50                       | P99                       |
+---------------------------+---------------------------+---------------------------+
| ProcessBack:Shuffle       | 2.226 ms                  | 65.148 ms                 |
| ProcessBack:UpdateCache   | 1.884 ms                  | 198.452 ms                |
| ProcessBack:UpsertPq      | 15.309 ms                 | 21.186 ms                 |
| ProcessOneStep            | 20.031 ms                 | 550.640 ms                |
| BlockToStepN              | 7.593 ms                  | 63.289 ms                 |
+---------------------------+---------------------------+---------------------------+
E20240128 15:50:43.748080 433380 parallel_pq_v2.h:76] insert failed, size(hashtable)=52
W20240128 15:50:43.774048 432859 grad_async_v2.h:250] Sleep in <BlockToStepN>, step_no=58, pq.top=58
W20240128 15:50:43.810784 433380 grad_async_v2.h:121] Detect new sample comes, old_end8, new_end9
E20240128 15:50:44.748034 433155 parallel_pq_v2.h:76] insert failed, size(hashtable)=2194
W20240128 15:50:44.774070 432859 grad_async_v2.h:250] Sleep in <BlockToStepN>, step_no=73, pq.top=73
W20240128 15:50:44.819475 433380 grad_async_v2.h:121] Detect new sample comes, old_end3, new_end4
E20240128 15:50:45.748011 433379 parallel_pq_v2.h:76] insert failed, size(hashtable)=3261
W20240128 15:50:45.798025 432859 grad_async_v2.h:250] Sleep in <BlockToStepN>, step_no=88, pq.top=88
W20240128 15:50:45.820323 433380 grad_async_v2.h:121] Detect new sample comes, old_end8, new_end9
train_sampler.Prefill()
before start barrier
start train
[proc 2] 100 steps, total: 8.227, sample: 0.323, forward: 1.131, backward: 0.634, update: 0.316
train_sampler.Prefill()
before start barrier
start train
[proc 1] 100 steps, total: 8.215, sample: 0.269, forward: 1.237, backward: 0.652, update: 0.271
train_sampler.Prefill()
before start barrier
start train
[proc 3] 100 steps, total: 8.222, sample: 0.321, forward: 1.254, backward: 0.644, update: 0.255
train_sampler.Prefill()
-------Step 0-------
tensor([10218,  2972,  8278,  6252,  9457,  4806,  9932,  4413, 11499,  8501]) tensor([  638,  7401,  8361,  2848,  6663,  9545, 14201, 10061,  6544,  8578])
-------Step 1-------
tensor([10218,  2972,  8278,  6252,  9457,  4806,  9932,  4413, 11499,  8501]) tensor([ 1951,   266,  6071,  4584, 11994,    11, 14564,  4480,  4885,  8238])
-------Step 2-------
tensor([ 2716, 13505, 12442,    18,  4513,  4768, 11297,  5609,  2779,   948]) tensor([13897,  5513,  9893, 12522,  2984,  8531,  7104,    99,  8702, 14587])
-------Step 3-------
tensor([ 2716, 13505, 12442,    18,  4513,  4768, 11297,  5609,  2779,   948]) tensor([ 9880, 14509,  5150,  7740,  4126,  6975,    24,  8512,  5598, 11698])
-------Step 4-------
tensor([ 8850,  9034, 12675,  8807,  3736,  5724,   421,  4487,  4753, 14182]) tensor([ 7866,  9738, 13219,   538, 12595,  9409,  1001, 11544,  6562,  7633])
-------Step 5-------
tensor([ 8850,  9034, 12675,  8807,  3736,  5724,   421,  4487,  4753, 14182]) tensor([ 3324, 13541,  2784, 11272,  5945,  8643,  2947,   289, 12689,   771])
-------Step 6-------
tensor([ 4438,  9756, 11509,  9256,     6, 10325,  6716,  8721,  4174,  8326]) tensor([11832, 10980, 12481,   110, 11393,  8675,  7231,  1013,  7566,  8806])
-------Step 7-------
tensor([ 4438,  9756, 11509,  9256,     6, 10325,  6716,  8721,  4174,  8326]) tensor([ 4474,  4756, 11522, 14452,  4920,  6968,  5741, 14014, 14718,  5435])
-------Step 8-------
tensor([ 7781, 14361,    23,  6543,  1165,  5895,  2622,  1914,  2323,  5784]) tensor([ 6217, 10735, 11238, 13588,  8014,  9920,  5047,   928,  1861,  7459])
-------Step 9-------
tensor([ 7781, 14361,    23,  6543,  1165,  5895,  2622,  1914,  2323,  5784]) tensor([ 1132, 12451,    62, 14209,  1383,  5468,  2313,   506, 14015, 14515])
before start barrier
start train
[proc 0] 100 steps, total: 8.228, sample: 0.388, forward: 1.962, backward: 0.619, update: 0.297
E20240128 15:50:46.748023 433379 parallel_pq_v2.h:76] insert failed, size(hashtable)=1629
W20240128 15:50:46.815910 432859 grad_async_v2.h:250] Sleep in <BlockToStepN>, step_no=102, pq.top=102
W20240128 15:50:46.844774 433380 grad_async_v2.h:121] Detect new sample comes, old_end2, new_end3
+---------------------------+---------------------------+---------------------------+
| Name                      | P50                       | P99                       |
+---------------------------+---------------------------+---------------------------+
| GenInput                  | 1.251 ms                  | 23.850 ms                 |
| Forward                   | 5.502 ms                  | 8.059 ms                  |
| Backward                  | 3.367 ms                  | 9.959 ms                  |
| Optimize                  | 2.257 ms                  | 4.858 ms                  |
| BarrierTimeBeforeRank0    | 39.357 us                 | 15.389 ms                 |
| AfterBackward             | 19.701 ms                 | 75.460 ms                 |
| BlockToStepN              | 24.155 ms                 | 57.765 ms                 |
| OneStep                   | 59.916 ms                 | 97.598 ms                 |
+---------------------------+---------------------------+---------------------------+
E20240128 15:50:47.748039 433379 parallel_pq_v2.h:76] insert failed, size(hashtable)=2710
+---------------------------+---------------------------+---------------------------+
| Name                      | P50                       | P99                       |
+---------------------------+---------------------------+---------------------------+
| ProcessBack:Shuffle       | 2.189 ms                  | 3.247 ms                  |
| ProcessBack:UpdateCache   | 1.845 ms                  | 4.084 ms                  |
| ProcessBack:UpsertPq      | 15.142 ms                 | 20.915 ms                 |
| ProcessOneStep            | 19.803 ms                 | 75.421 ms                 |
| BlockToStepN              | 25.450 ms                 | 57.706 ms                 |
+---------------------------+---------------------------+---------------------------+
W20240128 15:50:47.815052 432859 grad_async_v2.h:250] Sleep in <BlockToStepN>, step_no=117, pq.top=117
W20240128 15:50:47.849438 433380 grad_async_v2.h:121] Detect new sample comes, old_end7, new_end8
E20240128 15:50:48.748015 432859 parallel_pq_v2.h:76] insert failed, size(hashtable)=36
W20240128 15:50:48.840605 432859 grad_async_v2.h:250] Sleep in <BlockToStepN>, step_no=132, pq.top=132
W20240128 15:50:48.850265 433380 grad_async_v2.h:121] Detect new sample comes, old_end1, new_end2
E20240128 15:50:49.748062 433380 parallel_pq_v2.h:76] insert failed, size(hashtable)=213
W20240128 15:50:49.840220 432859 grad_async_v2.h:250] Sleep in <BlockToStepN>, step_no=146, pq.top=146
W20240128 15:50:49.856806 433380 grad_async_v2.h:121] Detect new sample comes, old_end6, new_end7
E20240128 15:50:50.749248 433379 parallel_pq_v2.h:76] insert failed, size(hashtable)=2401
W20240128 15:50:50.840023 432859 grad_async_v2.h:250] Sleep in <BlockToStepN>, step_no=161, pq.top=161
W20240128 15:50:50.858834 433380 grad_async_v2.h:121] Detect new sample comes, old_end0, new_end2
E20240128 15:50:51.749013 433380 parallel_pq_v2.h:76] insert failed, size(hashtable)=2081
W20240128 15:50:51.840042 432859 grad_async_v2.h:250] Sleep in <BlockToStepN>, step_no=179, pq.top=179
W20240128 15:50:51.894939 433380 grad_async_v2.h:121] Detect new sample comes, old_end5, new_end0
+---------------------------+---------------------------+---------------------------+
| Name                      | P50                       | P99                       |
+---------------------------+---------------------------+---------------------------+
| GenInput                  | 1.302 ms                  | 25.299 ms                 |
| Forward                   | 5.506 ms                  | 7.284 ms                  |
| Backward                  | 3.378 ms                  | 9.503 ms                  |
| Optimize                  | 2.206 ms                  | 4.652 ms                  |
| BarrierTimeBeforeRank0    | 46.234 us                 | 21.937 ms                 |
| AfterBackward             | 20.169 ms                 | 26.726 ms                 |
| BlockToStepN              | 26.490 ms                 | 55.735 ms                 |
| OneStep                   | 63.228 ms                 | 92.126 ms                 |
+---------------------------+---------------------------+---------------------------+
E20240128 15:50:52.749022 433379 parallel_pq_v2.h:76] insert failed, size(hashtable)=2800
+---------------------------+---------------------------+---------------------------+
| Name                      | P50                       | P99                       |
+---------------------------+---------------------------+---------------------------+
| ProcessBack:Shuffle       | 2.234 ms                  | 3.169 ms                  |
| ProcessBack:UpdateCache   | 1.875 ms                  | 2.289 ms                  |
| ProcessBack:UpsertPq      | 15.573 ms                 | 19.206 ms                 |
| ProcessOneStep            | 20.143 ms                 | 26.702 ms                 |
| BlockToStepN              | 26.418 ms                 | 57.706 ms                 |
+---------------------------+---------------------------+---------------------------+
W20240128 15:50:52.840059 432859 grad_async_v2.h:250] Sleep in <BlockToStepN>, step_no=191, pq.top=191
W20240128 15:50:52.923300 433380 grad_async_v2.h:121] Detect new sample comes, old_end2, new_end3
[proc 0] 200 steps, total: 6.837, sample: 0.445, forward: 0.536, backward: 0.339, update: 0.227
[proc 1] 200 steps, total: 6.837, sample: 0.372, forward: 0.502, backward: 0.340, update: 0.216
[proc 3] 200 steps, total: 6.837, sample: 0.360, forward: 0.505, backward: 0.337, update: 0.215
[proc 2] 200 steps, total: 6.837, sample: 0.359, forward: 0.506, backward: 0.320, update: 0.232
E20240128 15:50:53.749197 433379 parallel_pq_v2.h:76] insert failed, size(hashtable)=2106
W20240128 15:50:53.890755 432859 grad_async_v2.h:250] Sleep in <BlockToStepN>, step_no=205, pq.top=205
W20240128 15:50:53.930065 433380 grad_async_v2.h:121] Detect new sample comes, old_end5, new_end6
E20240128 15:50:54.749035 433379 parallel_pq_v2.h:76] insert failed, size(hashtable)=4478
W20240128 15:50:54.890255 432859 grad_async_v2.h:250] Sleep in <BlockToStepN>, step_no=218, pq.top=218
W20240128 15:50:54.937651 433380 grad_async_v2.h:121] Detect new sample comes, old_end8, new_end9
E20240128 15:50:55.749019 433380 parallel_pq_v2.h:76] insert failed, size(hashtable)=87
W20240128 15:50:55.890344 432859 grad_async_v2.h:250] Sleep in <BlockToStepN>, step_no=232, pq.top=232
W20240128 15:50:55.938326 433380 grad_async_v2.h:121] Detect new sample comes, old_end2, new_end3
E20240128 15:50:56.749009 432859 parallel_pq_v2.h:76] insert failed, size(hashtable)=2603
W20240128 15:50:56.894332 432859 grad_async_v2.h:250] Sleep in <BlockToStepN>, step_no=246, pq.top=246
W20240128 15:50:56.942780 433380 grad_async_v2.h:121] Detect new sample comes, old_end6, new_end7
+---------------------------+---------------------------+---------------------------+
| Name                      | P50                       | P99                       |
+---------------------------+---------------------------+---------------------------+
| GenInput                  | 1.324 ms                  | 25.590 ms                 |
| Forward                   | 5.472 ms                  | 6.874 ms                  |
| Backward                  | 3.357 ms                  | 8.862 ms                  |
| Optimize                  | 2.210 ms                  | 4.652 ms                  |
| BarrierTimeBeforeRank0    | 93.746 us                 | 21.937 ms                 |
| AfterBackward             | 20.257 ms                 | 25.377 ms                 |
| BlockToStepN              | 28.041 ms                 | 60.180 ms                 |
| OneStep                   | 67.197 ms                 | 99.283 ms                 |
+---------------------------+---------------------------+---------------------------+
E20240128 15:50:57.749058 433379 parallel_pq_v2.h:76] insert failed, size(hashtable)=4903
+---------------------------+---------------------------+---------------------------+
| Name                      | P50                       | P99                       |
+---------------------------+---------------------------+---------------------------+
| ProcessBack:Shuffle       | 2.223 ms                  | 3.169 ms                  |
| ProcessBack:UpdateCache   | 1.859 ms                  | 2.429 ms                  |
| ProcessBack:UpsertPq      | 15.599 ms                 | 19.206 ms                 |
| ProcessOneStep            | 20.236 ms                 | 25.353 ms                 |
| BlockToStepN              | 28.051 ms                 | 60.087 ms                 |
+---------------------------+---------------------------+---------------------------+
W20240128 15:50:57.920392 432859 grad_async_v2.h:250] Sleep in <BlockToStepN>, step_no=259, pq.top=259
W20240128 15:50:57.955435 433380 grad_async_v2.h:121] Detect new sample comes, old_end9, new_end0
E20240128 15:50:58.749009 433379 parallel_pq_v2.h:76] insert failed, size(hashtable)=1938
W20240128 15:50:58.953565 432859 grad_async_v2.h:250] Sleep in <BlockToStepN>, step_no=272, pq.top=272
W20240128 15:50:58.963696 433380 grad_async_v2.h:121] Detect new sample comes, old_end1, new_end2
E20240128 15:50:59.749013 433379 parallel_pq_v2.h:76] insert failed, size(hashtable)=1651
W20240128 15:50:59.970453 433380 grad_async_v2.h:121] Detect new sample comes, old_end4, new_end5
W20240128 15:50:59.979337 432859 grad_async_v2.h:250] Sleep in <BlockToStepN>, step_no=285, pq.top=285
E20240128 15:51:00.749032 433379 parallel_pq_v2.h:76] insert failed, size(hashtable)=1364
W20240128 15:51:00.979207 432859 grad_async_v2.h:250] Sleep in <BlockToStepN>, step_no=298, pq.top=298
W20240128 15:51:01.011866 433380 grad_async_v2.h:121] Detect new sample comes, old_end8, new_end9
[proc 0] 300 steps, total: 7.640, sample: 0.366, forward: 0.473, backward: 0.340, update: 0.206
[proc 1] 300 steps, total: 7.640, sample: 0.348, forward: 0.484, backward: 0.357, update: 0.204
[proc 2] 300 steps, total: 7.640, sample: 0.304, forward: 0.463, backward: 0.304, update: 0.220
[proc 3] 300 steps, total: 7.640, sample: 0.383, forward: 0.476, backward: 0.331, update: 0.215
E20240128 15:51:01.749352 433380 parallel_pq_v2.h:76] insert failed, size(hashtable)=28
W20240128 15:51:01.989734 432859 grad_async_v2.h:250] Sleep in <BlockToStepN>, step_no=311, pq.top=311
W20240128 15:51:02.026413 433380 grad_async_v2.h:121] Detect new sample comes, old_end1, new_end2
+---------------------------+---------------------------+---------------------------+
| Name                      | P50                       | P99                       |
+---------------------------+---------------------------+---------------------------+
| GenInput                  | 1.365 ms                  | 25.590 ms                 |
| Forward                   | 5.334 ms                  | 6.874 ms                  |
| Backward                  | 3.353 ms                  | 8.862 ms                  |
| Optimize                  | 2.143 ms                  | 4.685 ms                  |
| BarrierTimeBeforeRank0    | 167.591 us                | 21.988 ms                 |
| AfterBackward             | 20.515 ms                 | 26.630 ms                 |
| BlockToStepN              | 30.757 ms                 | 60.180 ms                 |
| OneStep                   | 69.850 ms                 | 104.141 ms                |
+---------------------------+---------------------------+---------------------------+
E20240128 15:51:02.749032 433379 parallel_pq_v2.h:76] insert failed, size(hashtable)=5433
+---------------------------+---------------------------+---------------------------+
| Name                      | P50                       | P99                       |
+---------------------------+---------------------------+---------------------------+
| ProcessBack:Shuffle       | 2.220 ms                  | 3.176 ms                  |
| ProcessBack:UpdateCache   | 1.837 ms                  | 2.429 ms                  |
| ProcessBack:UpsertPq      | 15.664 ms                 | 21.186 ms                 |
| ProcessOneStep            | 20.513 ms                 | 26.603 ms                 |
| BlockToStepN              | 30.757 ms                 | 60.087 ms                 |
+---------------------------+---------------------------+---------------------------+
W20240128 15:51:02.989378 432859 grad_async_v2.h:250] Sleep in <BlockToStepN>, step_no=324, pq.top=324
W20240128 15:51:03.032069 433380 grad_async_v2.h:121] Detect new sample comes, old_end4, new_end5
E20240128 15:51:03.753553 433379 parallel_pq_v2.h:76] insert failed, size(hashtable)=1695
W20240128 15:51:03.993824 432859 grad_async_v2.h:250] Sleep in <BlockToStepN>, step_no=339, pq.top=339
W20240128 15:51:04.084753 433380 grad_async_v2.h:121] Detect new sample comes, old_end0, new_end1
E20240128 15:51:04.753010 433379 parallel_pq_v2.h:76] insert failed, size(hashtable)=1732
W20240128 15:51:05.044312 432859 grad_async_v2.h:250] Sleep in <BlockToStepN>, step_no=353, pq.top=353
W20240128 15:51:05.084496 433380 grad_async_v2.h:121] Detect new sample comes, old_end3, new_end4
E20240128 15:51:05.753018 433379 parallel_pq_v2.h:76] insert failed, size(hashtable)=1202
W20240128 15:51:06.044303 432859 grad_async_v2.h:250] Sleep in <BlockToStepN>, step_no=366, pq.top=366
W20240128 15:51:06.090502 433380 grad_async_v2.h:121] Detect new sample comes, old_end6, new_end7
E20240128 15:51:06.753011 433379 parallel_pq_v2.h:76] insert failed, size(hashtable)=3356
W20240128 15:51:07.103614 432859 grad_async_v2.h:250] Sleep in <BlockToStepN>, step_no=380, pq.top=380
W20240128 15:51:07.131183 433380 grad_async_v2.h:121] Detect new sample comes, old_end0, new_end1
+---------------------------+---------------------------+---------------------------+
| Name                      | P50                       | P99                       |
+---------------------------+---------------------------+---------------------------+
| GenInput                  | 1.395 ms                  | 26.083 ms                 |
| Forward                   | 5.202 ms                  | 6.999 ms                  |
| Backward                  | 3.363 ms                  | 8.861 ms                  |
| Optimize                  | 2.105 ms                  | 4.652 ms                  |
| BarrierTimeBeforeRank0    | 155.777 us                | 21.937 ms                 |
| AfterBackward             | 20.810 ms                 | 32.534 ms                 |
| BlockToStepN              | 28.749 ms                 | 63.369 ms                 |
| OneStep                   | 70.211 ms                 | 104.660 ms                |
+---------------------------+---------------------------+---------------------------+
E20240128 15:51:07.753013 433379 parallel_pq_v2.h:76] insert failed, size(hashtable)=3875
+---------------------------+---------------------------+---------------------------+
| Name                      | P50                       | P99                       |
+---------------------------+---------------------------+---------------------------+
| ProcessBack:Shuffle       | 2.229 ms                  | 3.176 ms                  |
| ProcessBack:UpdateCache   | 1.857 ms                  | 2.670 ms                  |
| ProcessBack:UpsertPq      | 15.991 ms                 | 26.936 ms                 |
| ProcessOneStep            | 20.792 ms                 | 32.511 ms                 |
| BlockToStepN              | 28.669 ms                 | 63.289 ms                 |
+---------------------------+---------------------------+---------------------------+
W20240128 15:51:08.123787 432859 grad_async_v2.h:250] Sleep in <BlockToStepN>, step_no=393, pq.top=393
W20240128 15:51:08.145203 433380 grad_async_v2.h:121] Detect new sample comes, old_end3, new_end4
[proc 3] 400 steps, total: 7.470, sample: 0.298, forward: 0.449, backward: 0.299, update: 0.211
[proc 1] 400 steps, total: 7.470, sample: 0.376, forward: 0.464, backward: 0.333, update: 0.194
[proc 2] 400 steps, total: 7.470, sample: 0.348, forward: 0.457, backward: 0.300, update: 0.199
[proc 0] 400 steps, total: 7.470, sample: 0.417, forward: 0.467, backward: 0.344, update: 0.218
E20240128 15:51:08.753010 432859 parallel_pq_v2.h:76] insert failed, size(hashtable)=2675
W20240128 15:51:09.131078 432859 grad_async_v2.h:250] Sleep in <BlockToStepN>, step_no=407, pq.top=407
W20240128 15:51:09.161391 433380 grad_async_v2.h:121] Detect new sample comes, old_end7, new_end8
E20240128 15:51:09.753062 433379 parallel_pq_v2.h:76] insert failed, size(hashtable)=1808
W20240128 15:51:10.154453 432859 grad_async_v2.h:250] Sleep in <BlockToStepN>, step_no=420, pq.top=420
W20240128 15:51:10.170082 433380 grad_async_v2.h:121] Detect new sample comes, old_end0, new_end1
E20240128 15:51:10.753365 433379 parallel_pq_v2.h:76] insert failed, size(hashtable)=1927
W20240128 15:51:11.166903 432859 grad_async_v2.h:250] Sleep in <BlockToStepN>, step_no=433, pq.top=433
W20240128 15:51:11.206705 433380 grad_async_v2.h:121] Detect new sample comes, old_end3, new_end4
E20240128 15:51:11.753008 433379 parallel_pq_v2.h:76] insert failed, size(hashtable)=3765
W20240128 15:51:12.210640 432859 grad_async_v2.h:250] Sleep in <BlockToStepN>, step_no=446, pq.top=446
W20240128 15:51:12.215934 433380 grad_async_v2.h:121] Detect new sample comes, old_end6, new_end7
+---------------------------+---------------------------+---------------------------+
| Name                      | P50                       | P99                       |
+---------------------------+---------------------------+---------------------------+
| GenInput                  | 1.404 ms                  | 26.488 ms                 |
| Forward                   | 5.137 ms                  | 6.999 ms                  |
| Backward                  | 3.367 ms                  | 8.861 ms                  |
| Optimize                  | 2.083 ms                  | 4.652 ms                  |
| BarrierTimeBeforeRank0    | 171.089 us                | 22.374 ms                 |
| AfterBackward             | 21.183 ms                 | 32.737 ms                 |
| BlockToStepN              | 28.657 ms                 | 63.369 ms                 |
| OneStep                   | 71.205 ms                 | 104.660 ms                |
+---------------------------+---------------------------+---------------------------+
E20240128 15:51:12.753010 433379 parallel_pq_v2.h:76] insert failed, size(hashtable)=2986
+---------------------------+---------------------------+---------------------------+
| Name                      | P50                       | P99                       |
+---------------------------+---------------------------+---------------------------+
| ProcessBack:Shuffle       | 2.235 ms                  | 3.176 ms                  |
| ProcessBack:UpdateCache   | 1.871 ms                  | 2.666 ms                  |
| ProcessBack:UpsertPq      | 16.298 ms                 | 27.051 ms                 |
| ProcessOneStep            | 21.178 ms                 | 32.511 ms                 |
| BlockToStepN              | 28.762 ms                 | 60.087 ms                 |
+---------------------------+---------------------------+---------------------------+
W20240128 15:51:13.242125 432859 grad_async_v2.h:250] Sleep in <BlockToStepN>, step_no=460, pq.top=460
W20240128 15:51:13.271093 433380 grad_async_v2.h:121] Detect new sample comes, old_end0, new_end1
E20240128 15:51:13.753015 433155 parallel_pq_v2.h:76] insert failed, size(hashtable)=2516
W20240128 15:51:14.305567 432859 grad_async_v2.h:250] Sleep in <BlockToStepN>, step_no=474, pq.top=474
W20240128 15:51:14.324966 433380 grad_async_v2.h:121] Detect new sample comes, old_end4, new_end5
E20240128 15:51:14.753008 433155 parallel_pq_v2.h:76] insert failed, size(hashtable)=524
W20240128 15:51:15.305260 432859 grad_async_v2.h:250] Sleep in <BlockToStepN>, step_no=487, pq.top=487
W20240128 15:51:15.357549 433380 grad_async_v2.h:121] Detect new sample comes, old_end7, new_end8
E20240128 15:51:15.753015 433379 parallel_pq_v2.h:76] insert failed, size(hashtable)=2446
W20240128 15:51:16.338563 432859 grad_async_v2.h:250] Sleep in <BlockToStepN>, step_no=499, pq.top=499
W20240128 15:51:16.358397 433380 grad_async_v2.h:121] Detect new sample comes, old_end9, new_end0
[proc 3] 500 steps, total: 7.775, sample: 0.336, forward: 0.445, backward: 0.309, update: 0.216
[proc 1] 500 steps, total: 7.775, sample: 0.298, forward: 0.442, backward: 0.337, update: 0.200
[proc 2] 500 steps, total: 7.775, sample: 0.346, forward: 0.431, backward: 0.297, update: 0.206
[proc 0] 500 steps, total: 7.775, sample: 0.465, forward: 0.435, backward: 0.336, update: 0.210
Successfully xmh. training takes 37.95080041885376 seconds
before call kg_cache_controller.StopThreads()
W20240128 15:51:16.431416 432859 grad_async_v2.h:71] call StopThreads. PID = 432519
W20240128 15:51:16.431443 432859 grad_base.h:212] before processOneStepNegThread_.join();
W20240128 15:51:16.431658 432859 grad_base.h:214] after processOneStepNegThread_.join();
W20240128 15:51:16.431665 432859 grad_async_v2.h:73] call GradProcessingBase::StopThreads.
[W tensorpipe_agent.cpp:725] RPC agent for worker0 encountered error when reading incoming request from worker2: eof (this error originated at tensorpipe/transport/shm/connection_impl.cc:259)
[W tensorpipe_agent.cpp:725] RPC agent for worker0 encountered error when reading incoming request from worker3: eof (this error originated at tensorpipe/transport/shm/connection_impl.cc:259)
W20240128 15:51:16.439816 432859 grad_async_v2.h:92] StopThreads done.
[W tensorpipe_agent.cpp:725] RPC agent for worker0 encountered error when reading incoming request from worker1: eof (this error originated at tensorpipe/transport/shm/connection_impl.cc:259)
