WARNING: Logging before InitGoogleLogging() is written to STDERR
I20240129 03:29:36.952790 1216658 IPC_barrier.h:128] MultiProcessBarrierFactory->ClearIPCMemory()
/home/xieminhui/RecStore/src/framework_adapters/torch/kg/dgl-0.9.1/python/dgl/_deprecate/graph.py:1023: DGLWarning: multigraph will be deprecated.DGL will treat all graphs as multigraph in the future.
  dgl_warning("multigraph will be deprecated." \
/home/xieminhui/RecStore/src/framework_adapters/torch/kg/dgl-0.9.1/python/dgl/heterograph.py:72: DGLWarning: Recommend creating graphs by `dgl.graph(data)` instead of `dgl.DGLGraph(data)`.
  dgl_warning('Recommend creating graphs by `dgl.graph(data)`'
Reading train triples....
Finished. Read 483142 train triples.
Reading valid triples....
Finished. Read 50000 valid triples.
Reading test triples....
Finished. Read 59071 test triples.
ARGS:  Namespace(model_name='TransE', data_path='/home/xieminhui/dgl-data', dataset='FB15k', format='built_in', data_files=None, delimiter='\t', save_path='/tmp/ckpts/TransE_FB15k_117', no_save_emb=True, max_step=500, batch_size=1200, batch_size_eval=16, neg_sample_size=200, neg_deg_sample=False, neg_deg_sample_eval=False, neg_sample_size_eval=14951, eval_percent=1, no_eval_filter=False, log_interval=100, eval_interval=10000, test=False, num_proc=4, num_thread=1, force_sync_interval=1, hidden_dim=400, lr=0.01, gamma=16.0, double_ent=False, double_rel=False, neg_adversarial_sampling=False, adversarial_temperature=1.0, regularization_coef=0.0, regularization_norm=3, pairwise=False, loss_genre='Logsigmoid', margin=1.0, nr_gpus=4, gpu=[0, 1, 2, 3], mix_cpu_gpu=True, valid=False, rel_part=False, async_update=None, has_edge_importance=False, cached_emb_type='KnownLocalCachedEmbedding', use_my_emb=True, cache_ratio=0.1, shuffle=False, backwardMode='CppAsync', L=10, update_cache_use_omp=0, update_pq_use_omp=0, kForwardItersPerStep=2, backgrad_init='both', eval_filter=True, soft_rel_part=False)
|Train|: 483142
original graph:  DGLGraph(num_nodes=14951, num_edges=592213,
         ndata_schemes={}
         edata_schemes={'tid': Scheme(shape=(), dtype=torch.int64)})
Loading cached metis
WARNING [1216658 sampler.py:454] Start PreSampling
WARNING [1216658 sampler.py:532] Before construct renumbering_dict
WARNING [1216658 sampler.py:555] PreSampling done
W20240129 03:29:39.680321 1216658 IPCTensor.h:368] NewIPCTensor: cached_sampler_r0_0 [1000000]0x100000002000 7.629 MB
W20240129 03:29:39.680498 1216658 IPCTensor.h:368] NewIPCTensor: cached_sampler_r0_1 [1000000]0x1000007a5000 7.629 MB
W20240129 03:29:39.680528 1216658 IPCTensor.h:368] NewIPCTensor: cached_sampler_r0_2 [1000000]0x100000f48000 7.629 MB
W20240129 03:29:39.680546 1216658 IPCTensor.h:368] NewIPCTensor: cached_sampler_r0_3 [1000000]0x1000016eb000 7.629 MB
W20240129 03:29:39.680568 1216658 IPCTensor.h:368] NewIPCTensor: cached_sampler_r0_4 [1000000]0x100001e8e000 7.629 MB
W20240129 03:29:39.680593 1216658 IPCTensor.h:368] NewIPCTensor: cached_sampler_r0_5 [1000000]0x100002631000 7.629 MB
W20240129 03:29:39.680613 1216658 IPCTensor.h:368] NewIPCTensor: cached_sampler_r0_6 [1000000]0x100002dd4000 7.629 MB
W20240129 03:29:39.680635 1216658 IPCTensor.h:368] NewIPCTensor: cached_sampler_r0_7 [1000000]0x100003577000 7.629 MB
W20240129 03:29:39.680657 1216658 IPCTensor.h:368] NewIPCTensor: cached_sampler_r0_8 [1000000]0x100003d1a000 7.629 MB
W20240129 03:29:39.680680 1216658 IPCTensor.h:368] NewIPCTensor: cached_sampler_r0_9 [1000000]0x1000044bd000 7.629 MB
W20240129 03:29:39.680706 1216658 IPCTensor.h:368] NewIPCTensor: step_r0 [10]0x100004c60000 80 B 
W20240129 03:29:39.680725 1216658 IPCTensor.h:368] NewIPCTensor: circle_buffer_end_r0 [1]0x100004c62000 8 B 
W20240129 03:29:39.680745 1216658 IPCTensor.h:368] NewIPCTensor: circle_buffer_end_cppseen_r0 [1]0x100004c64000 8 B 
W20240129 03:29:39.680840 1216658 IPCTensor.h:368] NewIPCTensor: cached_sampler_r1_0 [1000000]0x100004c66000 7.629 MB
W20240129 03:29:39.680862 1216658 IPCTensor.h:368] NewIPCTensor: cached_sampler_r1_1 [1000000]0x100005409000 7.629 MB
W20240129 03:29:39.680887 1216658 IPCTensor.h:368] NewIPCTensor: cached_sampler_r1_2 [1000000]0x100005bac000 7.629 MB
W20240129 03:29:39.680929 1216658 IPCTensor.h:368] NewIPCTensor: cached_sampler_r1_3 [1000000]0x10000634f000 7.629 MB
W20240129 03:29:39.680953 1216658 IPCTensor.h:368] NewIPCTensor: cached_sampler_r1_4 [1000000]0x100006af2000 7.629 MB
W20240129 03:29:39.680976 1216658 IPCTensor.h:368] NewIPCTensor: cached_sampler_r1_5 [1000000]0x100007295000 7.629 MB
W20240129 03:29:39.680999 1216658 IPCTensor.h:368] NewIPCTensor: cached_sampler_r1_6 [1000000]0x100007a38000 7.629 MB
W20240129 03:29:39.681015 1216658 IPCTensor.h:368] NewIPCTensor: cached_sampler_r1_7 [1000000]0x1000081db000 7.629 MB
W20240129 03:29:39.681036 1216658 IPCTensor.h:368] NewIPCTensor: cached_sampler_r1_8 [1000000]0x10000897e000 7.629 MB
W20240129 03:29:39.681052 1216658 IPCTensor.h:368] NewIPCTensor: cached_sampler_r1_9 [1000000]0x100009121000 7.629 MB
W20240129 03:29:39.681069 1216658 IPCTensor.h:368] NewIPCTensor: step_r1 [10]0x1000098c4000 80 B 
W20240129 03:29:39.681084 1216658 IPCTensor.h:368] NewIPCTensor: circle_buffer_end_r1 [1]0x1000098c6000 8 B 
W20240129 03:29:39.681099 1216658 IPCTensor.h:368] NewIPCTensor: circle_buffer_end_cppseen_r1 [1]0x1000098c8000 8 B 
W20240129 03:29:39.681141 1216658 IPCTensor.h:368] NewIPCTensor: cached_sampler_r2_0 [1000000]0x1000098ca000 7.629 MB
W20240129 03:29:39.681166 1216658 IPCTensor.h:368] NewIPCTensor: cached_sampler_r2_1 [1000000]0x10000a06d000 7.629 MB
W20240129 03:29:39.681182 1216658 IPCTensor.h:368] NewIPCTensor: cached_sampler_r2_2 [1000000]0x10000a810000 7.629 MB
W20240129 03:29:39.681200 1216658 IPCTensor.h:368] NewIPCTensor: cached_sampler_r2_3 [1000000]0x10000afb3000 7.629 MB
W20240129 03:29:39.681223 1216658 IPCTensor.h:368] NewIPCTensor: cached_sampler_r2_4 [1000000]0x10000b756000 7.629 MB
W20240129 03:29:39.681245 1216658 IPCTensor.h:368] NewIPCTensor: cached_sampler_r2_5 [1000000]0x10000bef9000 7.629 MB
W20240129 03:29:39.681267 1216658 IPCTensor.h:368] NewIPCTensor: cached_sampler_r2_6 [1000000]0x10000c69c000 7.629 MB
W20240129 03:29:39.681290 1216658 IPCTensor.h:368] NewIPCTensor: cached_sampler_r2_7 [1000000]0x10000ce3f000 7.629 MB
W20240129 03:29:39.681313 1216658 IPCTensor.h:368] NewIPCTensor: cached_sampler_r2_8 [1000000]0x10000d5e2000 7.629 MB
W20240129 03:29:39.681334 1216658 IPCTensor.h:368] NewIPCTensor: cached_sampler_r2_9 [1000000]0x10000dd85000 7.629 MB
W20240129 03:29:39.681356 1216658 IPCTensor.h:368] NewIPCTensor: step_r2 [10]0x10000e528000 80 B 
W20240129 03:29:39.681371 1216658 IPCTensor.h:368] NewIPCTensor: circle_buffer_end_r2 [1]0x10000e52a000 8 B 
W20240129 03:29:39.681385 1216658 IPCTensor.h:368] NewIPCTensor: circle_buffer_end_cppseen_r2 [1]0x10000e52c000 8 B 
W20240129 03:29:39.681425 1216658 IPCTensor.h:368] NewIPCTensor: cached_sampler_r3_0 [1000000]0x10000e52e000 7.629 MB
W20240129 03:29:39.681447 1216658 IPCTensor.h:368] NewIPCTensor: cached_sampler_r3_1 [1000000]0x10000ecd1000 7.629 MB
W20240129 03:29:39.681464 1216658 IPCTensor.h:368] NewIPCTensor: cached_sampler_r3_2 [1000000]0x10000f474000 7.629 MB
W20240129 03:29:39.681481 1216658 IPCTensor.h:368] NewIPCTensor: cached_sampler_r3_3 [1000000]0x10000fc17000 7.629 MB
W20240129 03:29:39.681499 1216658 IPCTensor.h:368] NewIPCTensor: cached_sampler_r3_4 [1000000]0x1000103ba000 7.629 MB
W20240129 03:29:39.681519 1216658 IPCTensor.h:368] NewIPCTensor: cached_sampler_r3_5 [1000000]0x100010b5d000 7.629 MB
W20240129 03:29:39.681541 1216658 IPCTensor.h:368] NewIPCTensor: cached_sampler_r3_6 [1000000]0x100011300000 7.629 MB
W20240129 03:29:39.681562 1216658 IPCTensor.h:368] NewIPCTensor: cached_sampler_r3_7 [1000000]0x100011aa3000 7.629 MB
W20240129 03:29:39.681578 1216658 IPCTensor.h:368] NewIPCTensor: cached_sampler_r3_8 [1000000]0x100012246000 7.629 MB
W20240129 03:29:39.681598 1216658 IPCTensor.h:368] NewIPCTensor: cached_sampler_r3_9 [1000000]0x1000129e9000 7.629 MB
W20240129 03:29:39.681614 1216658 IPCTensor.h:368] NewIPCTensor: step_r3 [10]0x10001318c000 80 B 
W20240129 03:29:39.681628 1216658 IPCTensor.h:368] NewIPCTensor: circle_buffer_end_r3 [1]0x10001318e000 8 B 
W20240129 03:29:39.681648 1216658 IPCTensor.h:368] NewIPCTensor: circle_buffer_end_cppseen_r3 [1]0x100013190000 8 B 
W20240129 03:29:39.838897 1216658 IPCTensor.h:368] NewIPCTensor: full_emb [14951, 400]0x100013192000 22.81 MB
W20240129 03:29:39.839025 1216658 IPCTensor.h:368] NewIPCTensor: full_emb_SparseRowWiseAdaGrad_sum [14951]0x100014864000 58.4 kB
{0: Graph(num_nodes=10523, num_edges=182012,
      ndata_schemes={'_ID': Scheme(shape=(), dtype=torch.int64), 'inner_node': Scheme(shape=(), dtype=torch.int32), 'part_id': Scheme(shape=(), dtype=torch.int64)}
      edata_schemes={'_ID': Scheme(shape=(), dtype=torch.int64), 'inner_edge': Scheme(shape=(), dtype=torch.int8)}), 1: Graph(num_nodes=10996, num_edges=244360,
      ndata_schemes={'_ID': Scheme(shape=(), dtype=torch.int64), 'inner_node': Scheme(shape=(), dtype=torch.int32), 'part_id': Scheme(shape=(), dtype=torch.int64)}
      edata_schemes={'_ID': Scheme(shape=(), dtype=torch.int64), 'inner_edge': Scheme(shape=(), dtype=torch.int8)}), 2: Graph(num_nodes=9404, num_edges=143355,
      ndata_schemes={'_ID': Scheme(shape=(), dtype=torch.int64), 'inner_node': Scheme(shape=(), dtype=torch.int32), 'part_id': Scheme(shape=(), dtype=torch.int64)}
      edata_schemes={'_ID': Scheme(shape=(), dtype=torch.int64), 'inner_edge': Scheme(shape=(), dtype=torch.int8)}), 3: Graph(num_nodes=10954, num_edges=175447,
      ndata_schemes={'_ID': Scheme(shape=(), dtype=torch.int64), 'inner_node': Scheme(shape=(), dtype=torch.int32), 'part_id': Scheme(shape=(), dtype=torch.int64)}
      edata_schemes={'_ID': Scheme(shape=(), dtype=torch.int64), 'inner_edge': Scheme(shape=(), dtype=torch.int8)})}
MertisPartition: part 0 has 10523 N 182012 E
MertisPartition: part 1 has 10996 N 244360 E
MertisPartition: part 2 has 9404 N 143355 E
MertisPartition: part 3 has 10954 N 175447 E
Rank0: cached key size 373
Rank1: cached key size 373
Rank2: cached key size 373
Rank3: cached key size 373
Before renumbering graph:  {'_ID': tensor([    5,    14,    17,  ..., 11245,  2040,  3009]), 'inner_node': tensor([1, 1, 1,  ..., 0, 0, 0], dtype=torch.int32), 'part_id': tensor([0, 0, 0,  ..., 2, 3, 3])}
After renumbering graph:  {'_ID': tensor([1644, 1956, 2071,  ..., 2354, 5957, 7231]), 'inner_node': tensor([1, 1, 1,  ..., 0, 0, 0], dtype=torch.int32), 'part_id': tensor([0, 0, 0,  ..., 2, 3, 3])}
part_g: DGLGraph(num_nodes=10523, num_edges=182012,
         ndata_schemes={'_ID': Scheme(shape=(), dtype=torch.int64)}
         edata_schemes={'tid': Scheme(shape=(), dtype=torch.int64)})
part_g: DGLGraph(num_nodes=10523, num_edges=182012,
         ndata_schemes={'_ID': Scheme(shape=(), dtype=torch.int64)}
         edata_schemes={'tid': Scheme(shape=(), dtype=torch.int64)})
Total initialize time 2.919 seconds
[Rank1] pid = 1216870
[Rank2] pid = 1216935
INFO [1216658 distributed_c10d.py:442] Added key: store_based_barrier_key:1 to store for rank: 0
INFO [1216870 distributed_c10d.py:442] Added key: store_based_barrier_key:1 to store for rank: 1
INFO [1216999 distributed_c10d.py:442] Added key: store_based_barrier_key:1 to store for rank: 3
INFO [1216999 distributed_c10d.py:476] Rank 3: Completed store-based barrier for key:store_based_barrier_key:1 with 4 nodes.
INFO [1216870 distributed_c10d.py:476] Rank 1: Completed store-based barrier for key:store_based_barrier_key:1 with 4 nodes.
INFO [1216935 distributed_c10d.py:442] Added key: store_based_barrier_key:1 to store for rank: 2
INFO [1216935 distributed_c10d.py:476] Rank 2: Completed store-based barrier for key:store_based_barrier_key:1 with 4 nodes.
W20240129 03:29:42.021951 1217001 IPCTensor.h:408] NewIPCGPUTensor: embedding_cache_3 [1495, 400]; dev=3; size=2.281 MB
W20240129 03:29:42.022224 1216871 IPCTensor.h:408] NewIPCGPUTensor: embedding_cache_1 [1495, 400]; dev=1; size=2.281 MB
INFO [1216658 distributed_c10d.py:476] Rank 0: Completed store-based barrier for key:store_based_barrier_key:1 with 4 nodes.
W20240129 03:29:42.022568 1217001 IPCTensor.h:368] NewIPCTensor: input_keys_3 [1000000]0x100014876000 7.629 MB
W20240129 03:29:42.022722 1217001 IPCTensor.h:368] NewIPCTensor: input_keys_neg_3 [1000000]0x1000157be000 7.629 MB
W20240129 03:29:42.022717 1216871 IPCTensor.h:368] NewIPCTensor: input_keys_1 [1000000]0x10001501b000 7.629 MB
W20240129 03:29:42.022786 1217001 IPCTensor.h:368] NewIPCTensor: backward_grads_3 [1000000, 400]0x100015f61000 1.49 GB
W20240129 03:29:42.022826 1217001 IPCTensor.h:368] NewIPCTensor: backward_grads_neg_3 [1000000, 400]0x100075544000 1.49 GB
W20240129 03:29:42.022855 1217001 IPCTensor.h:408] NewIPCGPUTensor: backward_grads_3_gpu [1000000, 400]; dev=3; size=1.49 GB
W20240129 03:29:42.022855 1217000 IPCTensor.h:408] NewIPCGPUTensor: embedding_cache_0 [1495, 400]; dev=0; size=2.281 MB
W20240129 03:29:42.022897 1216871 IPCTensor.h:368] NewIPCTensor: input_keys_neg_1 [1000000]0x1000d4b27000 7.629 MB
W20240129 03:29:42.022955 1216871 IPCTensor.h:368] NewIPCTensor: backward_grads_1 [1000000, 400]0x1000d52ca000 1.49 GB
W20240129 03:29:42.022995 1216871 IPCTensor.h:368] NewIPCTensor: backward_grads_neg_1 [1000000, 400]0x1001348ad000 1.49 GB
W20240129 03:29:42.023038 1216871 IPCTensor.h:408] NewIPCGPUTensor: backward_grads_1_gpu [1000000, 400]; dev=1; size=1.49 GB
W20240129 03:29:42.026983 1217001 IPCTensor.h:408] NewIPCGPUTensor: backward_grads_neg_3_gpu [1000000, 400]; dev=3; size=1.49 GB
W20240129 03:29:42.027029 1216871 IPCTensor.h:408] NewIPCGPUTensor: backward_grads_neg_1_gpu [1000000, 400]; dev=1; size=1.49 GB
W20240129 03:29:42.027069 1217000 IPCTensor.h:368] NewIPCTensor: input_keys_0 [1000000]0x100193e96000 7.629 MB
W20240129 03:29:42.027163 1217000 IPCTensor.h:368] NewIPCTensor: input_keys_neg_0 [1000000]0x100194639000 7.629 MB
W20240129 03:29:42.027208 1217000 IPCTensor.h:368] NewIPCTensor: backward_grads_0 [1000000, 400]0x100194ddc000 1.49 GB
W20240129 03:29:42.027252 1217000 IPCTensor.h:368] NewIPCTensor: backward_grads_neg_0 [1000000, 400]0x1001f43bf000 1.49 GB
W20240129 03:29:42.027289 1217000 IPCTensor.h:408] NewIPCGPUTensor: backward_grads_0_gpu [1000000, 400]; dev=0; size=1.49 GB
W20240129 03:29:42.027455 1216936 IPCTensor.h:408] NewIPCGPUTensor: embedding_cache_2 [1495, 400]; dev=2; size=2.281 MB
W20240129 03:29:42.034094 1217000 IPCTensor.h:408] NewIPCGPUTensor: backward_grads_neg_0_gpu [1000000, 400]; dev=0; size=1.49 GB
W20240129 03:29:42.034212 1216936 IPCTensor.h:368] NewIPCTensor: input_keys_2 [1000000]0x1002539a8000 7.629 MB
W20240129 03:29:42.040503 1216936 IPCTensor.h:368] NewIPCTensor: input_keys_neg_2 [1000000]0x10025414f000 7.629 MB
W20240129 03:29:42.040621 1216936 IPCTensor.h:368] NewIPCTensor: backward_grads_2 [1000000, 400]0x1002548f2000 1.49 GB
W20240129 03:29:42.040674 1216936 IPCTensor.h:368] NewIPCTensor: backward_grads_neg_2 [1000000, 400]0x1002b3ed5000 1.49 GB
W20240129 03:29:42.040711 1216936 IPCTensor.h:408] NewIPCGPUTensor: backward_grads_2_gpu [1000000, 400]; dev=2; size=1.49 GB
W20240129 03:29:42.043946 1216936 IPCTensor.h:408] NewIPCGPUTensor: backward_grads_neg_2_gpu [1000000, 400]; dev=2; size=1.49 GB
cudaHostRegister 0x100013192000
3: KnownLocalCachedEmbedding init done
WARNING [1216999 DistTensor.py:56] The tensor name already exists in the kvstore
[Rank3] pid = 1216999
New CachedEmbedding, name=full_emb, shape=(14951, 400), cache_type=KnownLocalCachedEmbedding
fixed cache_range is [(0, 1495), (1495, 2990), (2990, 4485), (4485, 5980)]
cudaHostRegister 0x100013192000
0: KnownLocalCachedEmbedding init done
WARNING [1216658 DistTensor.py:56] The tensor name already exists in the kvstore
cudaHostRegister 0x100013192000
1: KnownLocalCachedEmbedding init done
WARNING [1216870 DistTensor.py:56] The tensor name already exists in the kvstore
cudaHostRegister 0x100013192000
2: KnownLocalCachedEmbedding init done
WARNING [1216935 DistTensor.py:56] The tensor name already exists in the kvstore
I20240129 03:29:43.096721 1216936 IPC_barrier.h:118] CreateBarrier: new barrier, name: kgcachecontroller, count: 4
I20240129 03:29:43.096794 1216871 IPC_barrier.h:112] CreateBarrier: find existing barrier, name: kgcachecontroller, count: 4
I20240129 03:29:43.096886 1217001 IPC_barrier.h:112] CreateBarrier: find existing barrier, name: kgcachecontroller, count: 4
I20240129 03:29:43.097014 1217000 IPC_barrier.h:112] CreateBarrier: find existing barrier, name: kgcachecontroller, count: 4
W20240129 03:29:43.098466 1217000 grad_base.h:55] KGCacheController, config={
        "num_gpus": 4,
        "L": 10,
        "backgrad_init": "both", 
        "kForwardItersPerStep": 2,
        "clr": 1,
        "nr_background_threads": 32,
        "backwardMode": "CppAsync",
        "cache_ratio": 0.1,
        "update_cache_use_omp":  0,
        "update_pq_use_omp":  0
        }
W20240129 03:29:43.098690 1217000 grad_base.h:184] Init GradProcessingBase done
I20240129 03:29:43.101639 1217000 grad_async_v1.h:199] Use main thread to update emb.
W20240129 03:29:43.101668 1217000 kg_controller.h:75] after init GradAsyncProcessing
I20240129 03:29:43.101673 1217000 kg_controller.h:84] Construct KGCacheController done
E20240129 03:29:43.439138 1217001 recstore.cc:66] init folly done
E20240129 03:29:43.439157 1216871 recstore.cc:66] init folly done
E20240129 03:29:43.439236 1216936 recstore.cc:66] init folly done
E20240129 03:29:43.439275 1217000 recstore.cc:66] init folly done
I20240129 03:29:43.439967 1217000 grad_base.h:60] GraphEnv RegTensorsPerProcess
W20240129 03:29:44.173441 1217375 grad_async_v1.h:280] Detect new sample comes, old_end0, new_end1
I20240129 03:29:44.194741 1217000 IPC_barrier.h:118] CreateBarrier: new barrier, name: start_barrier, count: 4
I20240129 03:29:44.226150 1216936 IPC_barrier.h:112] CreateBarrier: find existing barrier, name: start_barrier, count: 4
I20240129 03:29:44.229678 1217001 IPC_barrier.h:112] CreateBarrier: find existing barrier, name: start_barrier, count: 4
I20240129 03:29:44.232745 1216871 IPC_barrier.h:112] CreateBarrier: find existing barrier, name: start_barrier, count: 4
W20240129 03:29:46.798388 1217000 grad_async_v1.h:406] Sleep in <BlockToStepN>, step_no=1, pq.top=1
W20240129 03:29:46.815838 1217375 grad_async_v1.h:280] Detect new sample comes, old_end1, new_end2
W20240129 03:29:47.798010 1217000 grad_async_v1.h:406] Sleep in <BlockToStepN>, step_no=29, pq.top=29
W20240129 03:29:47.817637 1217375 grad_async_v1.h:280] Detect new sample comes, old_end9, new_end0
+---------------------------+---------------------------+---------------------------+
| Name                      | P50                       | P99                       |
+---------------------------+---------------------------+---------------------------+
| GenInput                  | 874.186 us                | 9.671 ms                  |
| Forward                   | 2.905 ms                  | 955.590 ms                |
| Backward                  | 2.074 ms                  | 370.113 ms                |
| Optimize                  | 1.006 ms                  | 7.111 ms                  |
| BarrierTimeBeforeRank0    | 1.752 ms                  | 3.415 ms                  |
| AfterBackward             | 8.159 ms                  | 1.231 s                   |
| BlockToStepN              | 14.106 ms                 | 48.880 ms                 |
| OneStep                   | 33.318 ms                 | 2.582 s                   |
+---------------------------+---------------------------+---------------------------+
+---------------------------+---------------------------+---------------------------+
| Name                      | P50                       | P99                       |
+---------------------------+---------------------------+---------------------------+
| ProcessBack:Shuffle       | 1.867 ms                  | 155.547 ms                |
| ProcessBack:UpdateCache   | 1.355 ms                  | 210.357 ms                |
| ProcessBack:UpsertPq      | 3.926 ms                  | 8.067 ms                  |
| ProcessOneStep            | 8.753 ms                  | 1.231 s                   |
| BlockToStepN              | 24.526 ms                 | 48.846 ms                 |
+---------------------------+---------------------------+---------------------------+
W20240129 03:29:48.798015 1217000 grad_async_v1.h:406] Sleep in <BlockToStepN>, step_no=45, pq.top=45
W20240129 03:29:48.820735 1217375 grad_async_v1.h:280] Detect new sample comes, old_end5, new_end6
W20240129 03:29:49.798007 1217000 grad_async_v1.h:406] Sleep in <BlockToStepN>, step_no=60, pq.top=60
W20240129 03:29:49.822954 1217375 grad_async_v1.h:280] Detect new sample comes, old_end0, new_end1
W20240129 03:29:50.798012 1217000 grad_async_v1.h:406] Sleep in <BlockToStepN>, step_no=73, pq.top=73
W20240129 03:29:50.825270 1217375 grad_async_v1.h:280] Detect new sample comes, old_end3, new_end4
W20240129 03:29:51.798012 1217000 grad_async_v1.h:406] Sleep in <BlockToStepN>, step_no=86, pq.top=86
W20240129 03:29:51.895603 1217375 grad_async_v1.h:280] Detect new sample comes, old_end7, new_end8
W20240129 03:29:52.798009 1217000 grad_async_v1.h:406] Sleep in <BlockToStepN>, step_no=99, pq.top=99
train_sampler.Prefill()
before start barrier
start train
[proc 2] 100 steps, total: 8.684, sample: 0.124, forward: 1.132, backward: 0.827, update: 0.083
train_sampler.Prefill()
before start barrier
start train
[proc 1] 100 steps, total: 8.677, sample: 0.159, forward: 1.184, backward: 0.878, update: 0.089
train_sampler.Prefill()
before start barrier
start train
[proc 3] 100 steps, total: 8.680, sample: 0.150, forward: 1.165, backward: 0.893, update: 0.094
train_sampler.Prefill()
-------Step 0-------
tensor([11145,    84, 12185,  9208,  7563,  6053,  9341,  4789, 12016,   145]) tensor([ 2071,  8176, 12288,  1394,  7311, 10626, 13442, 11016,  7798, 10029])
-------Step 1-------
tensor([11145,    84, 12185,  9208,  7563,  6053,  9341,  4789, 12016,   145]) tensor([ 7166, 12114, 11344, 14306,  7417, 11271,  6042,  2276,  2778,  7959])
-------Step 2-------
tensor([ 8443,  2648,  4757,    38,   671,   320,   191, 11175, 13339,  8429]) tensor([10769,  3834,  3892, 11702,  2286,  3211, 14390,  5966, 10739,  9363])
-------Step 3-------
tensor([ 8443,  2648,  4757,    38,   671,   320,   191, 11175, 13339,  8429]) tensor([  567, 11483,  6807, 13244,   162,   529,  2469, 12226,  5309,   280])
-------Step 4-------
tensor([ 4088, 14400, 11204, 10825,  5448,  6094, 11471,  6564,  3950,  2133]) tensor([12731,   989, 11986, 11054,  3770,   662,  5772,  1062, 10124, 13807])
-------Step 5-------
tensor([ 4088, 14400, 11204, 10825,  5448,  6094, 11471,  6564,  3950,  2133]) tensor([ 6677,  7698, 10522, 13184,  1233, 10683,  3027, 13628,  7882,  6032])
-------Step 6-------
tensor([11791,   603,  6524,    80, 11389, 10308, 14737, 11204, 12199,  6911]) tensor([ 3859,  7813,  6269, 10497, 11884, 14252,  2069,  2595, 10854,  1369])
-------Step 7-------
tensor([11791,   603,  6524,    80, 11389, 10308, 14737, 11204, 12199,  6911]) tensor([ 5849, 13842, 10104,  7125,  5283,   877,  6469,   947, 10987, 13167])
-------Step 8-------
tensor([10268, 11081, 13005,  9183,  5030,  7094,  1850,  5258,  5193, 14517]) tensor([ 6524, 10045, 12849,  1774, 10621, 10432,  2248, 10139,  9357,  9368])
-------Step 9-------
tensor([10268, 11081, 13005,  9183,  5030,  7094,  1850,  5258,  5193, 14517]) tensor([10750, 13462,  1667,  3790,  2404,   598,  6440,  3026,  2778, 14257])
before start barrier
start train
[proc 0] 100 steps, total: 8.715, sample: 0.216, forward: 1.239, backward: 0.760, update: 0.119
W20240129 03:29:52.910183 1217375 grad_async_v1.h:280] Detect new sample comes, old_end0, new_end1
+---------------------------+---------------------------+---------------------------+
| Name                      | P50                       | P99                       |
+---------------------------+---------------------------+---------------------------+
| GenInput                  | 1.086 ms                  | 10.484 ms                 |
| Forward                   | 2.856 ms                  | 5.511 ms                  |
| Backward                  | 5.060 ms                  | 5.484 ms                  |
| Optimize                  | 956.590 us                | 5.666 ms                  |
| BarrierTimeBeforeRank0    | 23.192 us                 | 2.962 ms                  |
| AfterBackward             | 8.133 ms                  | 24.305 ms                 |
| BlockToStepN              | 47.351 ms                 | 64.788 ms                 |
| OneStep                   | 67.050 ms                 | 89.487 ms                 |
+---------------------------+---------------------------+---------------------------+
+---------------------------+---------------------------+---------------------------+
| Name                      | P50                       | P99                       |
+---------------------------+---------------------------+---------------------------+
| ProcessBack:Shuffle       | 1.839 ms                  | 3.414 ms                  |
| ProcessBack:UpdateCache   | 1.331 ms                  | 2.669 ms                  |
| ProcessBack:UpsertPq      | 4.162 ms                  | 8.067 ms                  |
| ProcessOneStep            | 8.110 ms                  | 24.283 ms                 |
| BlockToStepN              | 47.732 ms                 | 66.172 ms                 |
+---------------------------+---------------------------+---------------------------+
W20240129 03:29:53.811282 1217000 grad_async_v1.h:406] Sleep in <BlockToStepN>, step_no=112, pq.top=112
W20240129 03:29:53.957515 1217375 grad_async_v1.h:280] Detect new sample comes, old_end3, new_end4
W20240129 03:29:54.811013 1217000 grad_async_v1.h:406] Sleep in <BlockToStepN>, step_no=123, pq.top=123
W20240129 03:29:54.992866 1217375 grad_async_v1.h:280] Detect new sample comes, old_end5, new_end6
W20240129 03:29:55.812620 1217000 grad_async_v1.h:406] Sleep in <BlockToStepN>, step_no=135, pq.top=135
W20240129 03:29:56.059504 1217375 grad_async_v1.h:280] Detect new sample comes, old_end7, new_end8
W20240129 03:29:56.812011 1217000 grad_async_v1.h:406] Sleep in <BlockToStepN>, step_no=146, pq.top=146
W20240129 03:29:57.063380 1217375 grad_async_v1.h:280] Detect new sample comes, old_end8, new_end9
W20240129 03:29:57.812009 1217000 grad_async_v1.h:406] Sleep in <BlockToStepN>, step_no=157, pq.top=157
+---------------------------+---------------------------+---------------------------+
| Name                      | P50                       | P99                       |
+---------------------------+---------------------------+---------------------------+
| GenInput                  | 1.122 ms                  | 10.430 ms                 |
| Forward                   | 2.818 ms                  | 5.479 ms                  |
| Backward                  | 5.081 ms                  | 5.484 ms                  |
| Optimize                  | 938.791 us                | 5.465 ms                  |
| BarrierTimeBeforeRank0    | 19.473 us                 | 2.948 ms                  |
| AfterBackward             | 7.994 ms                  | 11.967 ms                 |
| BlockToStepN              | 56.086 ms                 | 81.415 ms                 |
| OneStep                   | 75.566 ms                 | 100.751 ms                |
+---------------------------+---------------------------+---------------------------+
W20240129 03:29:58.120426 1217375 grad_async_v1.h:280] Detect new sample comes, old_end0, new_end1
+---------------------------+---------------------------+---------------------------+
| Name                      | P50                       | P99                       |
+---------------------------+---------------------------+---------------------------+
| ProcessBack:Shuffle       | 1.819 ms                  | 3.220 ms                  |
| ProcessBack:UpdateCache   | 1.316 ms                  | 2.610 ms                  |
| ProcessBack:UpsertPq      | 4.162 ms                  | 7.663 ms                  |
| ProcessOneStep            | 7.968 ms                  | 11.923 ms                 |
| BlockToStepN              | 56.493 ms                 | 81.340 ms                 |
+---------------------------+---------------------------+---------------------------+
W20240129 03:29:58.812006 1217000 grad_async_v1.h:406] Sleep in <BlockToStepN>, step_no=168, pq.top=168
W20240129 03:29:59.121752 1217375 grad_async_v1.h:280] Detect new sample comes, old_end1, new_end2
W20240129 03:29:59.812011 1217000 grad_async_v1.h:406] Sleep in <BlockToStepN>, step_no=179, pq.top=179
W20240129 03:30:00.194972 1217375 grad_async_v1.h:280] Detect new sample comes, old_end3, new_end4
W20240129 03:30:00.812005 1217000 grad_async_v1.h:406] Sleep in <BlockToStepN>, step_no=190, pq.top=190
W20240129 03:30:01.215266 1217375 grad_async_v1.h:280] Detect new sample comes, old_end4, new_end5
[proc 0] 200 steps, total: 8.877, sample: 0.220, forward: 0.257, backward: 0.505, update: 0.085
[proc 2] 200 steps, total: 8.877, sample: 0.137, forward: 0.201, backward: 0.480, update: 0.086
[proc 1] 200 steps, total: 8.877, sample: 0.169, forward: 0.266, backward: 0.504, update: 0.090
[proc 3] 200 steps, total: 8.877, sample: 0.143, forward: 0.212, backward: 0.520, update: 0.082
W20240129 03:30:01.812006 1217000 grad_async_v1.h:406] Sleep in <BlockToStepN>, step_no=201, pq.top=201
W20240129 03:30:02.246881 1217375 grad_async_v1.h:280] Detect new sample comes, old_end5, new_end6
W20240129 03:30:02.812008 1217000 grad_async_v1.h:406] Sleep in <BlockToStepN>, step_no=212, pq.top=212
+---------------------------+---------------------------+---------------------------+
| Name                      | P50                       | P99                       |
+---------------------------+---------------------------+---------------------------+
| GenInput                  | 1.145 ms                  | 10.430 ms                 |
| Forward                   | 2.771 ms                  | 5.479 ms                  |
| Backward                  | 5.091 ms                  | 5.666 ms                  |
| Optimize                  | 907.779 us                | 5.465 ms                  |
| BarrierTimeBeforeRank0    | 19.184 us                 | 2.948 ms                  |
| AfterBackward             | 7.812 ms                  | 11.967 ms                 |
| BlockToStepN              | 62.266 ms                 | 83.106 ms                 |
| OneStep                   | 81.633 ms                 | 103.659 ms                |
+---------------------------+---------------------------+---------------------------+
W20240129 03:30:03.250479 1217375 grad_async_v1.h:280] Detect new sample comes, old_end6, new_end7
+---------------------------+---------------------------+---------------------------+
| Name                      | P50                       | P99                       |
+---------------------------+---------------------------+---------------------------+
| ProcessBack:Shuffle       | 1.764 ms                  | 3.216 ms                  |
| ProcessBack:UpdateCache   | 1.315 ms                  | 2.220 ms                  |
| ProcessBack:UpsertPq      | 4.164 ms                  | 7.626 ms                  |
| ProcessOneStep            | 7.790 ms                  | 11.923 ms                 |
| BlockToStepN              | 62.352 ms                 | 83.025 ms                 |
+---------------------------+---------------------------+---------------------------+
W20240129 03:30:03.829500 1217000 grad_async_v1.h:406] Sleep in <BlockToStepN>, step_no=223, pq.top=223
W20240129 03:30:04.285482 1217375 grad_async_v1.h:280] Detect new sample comes, old_end7, new_end8
W20240129 03:30:04.829008 1217000 grad_async_v1.h:406] Sleep in <BlockToStepN>, step_no=233, pq.top=233
W20240129 03:30:05.351126 1217375 grad_async_v1.h:280] Detect new sample comes, old_end8, new_end9
W20240129 03:30:05.829008 1217000 grad_async_v1.h:406] Sleep in <BlockToStepN>, step_no=244, pq.top=244
W20240129 03:30:06.405390 1217375 grad_async_v1.h:280] Detect new sample comes, old_end9, new_end0
W20240129 03:30:06.829005 1217000 grad_async_v1.h:406] Sleep in <BlockToStepN>, step_no=254, pq.top=254
W20240129 03:30:07.423970 1217375 grad_async_v1.h:280] Detect new sample comes, old_end0, new_end1
W20240129 03:30:07.829006 1217000 grad_async_v1.h:406] Sleep in <BlockToStepN>, step_no=265, pq.top=265
+---------------------------+---------------------------+---------------------------+
| Name                      | P50                       | P99                       |
+---------------------------+---------------------------+---------------------------+
| GenInput                  | 1.171 ms                  | 10.225 ms                 |
| Forward                   | 2.689 ms                  | 4.051 ms                  |
| Backward                  | 5.087 ms                  | 5.484 ms                  |
| Optimize                  | 888.443 us                | 4.779 ms                  |
| BarrierTimeBeforeRank0    | 18.710 us                 | 5.087 ms                  |
| AfterBackward             | 7.725 ms                  | 11.572 ms                 |
| BlockToStepN              | 66.444 ms                 | 86.347 ms                 |
| OneStep                   | 84.992 ms                 | 107.720 ms                |
+---------------------------+---------------------------+---------------------------+
+---------------------------+---------------------------+---------------------------+
| Name                      | P50                       | P99                       |
+---------------------------+---------------------------+---------------------------+
| ProcessBack:Shuffle       | 1.728 ms                  | 2.437 ms                  |
| ProcessBack:UpdateCache   | 1.314 ms                  | 1.834 ms                  |
| ProcessBack:UpsertPq      | 4.164 ms                  | 7.158 ms                  |
| ProcessOneStep            | 7.707 ms                  | 11.552 ms                 |
| BlockToStepN              | 66.460 ms                 | 86.881 ms                 |
+---------------------------+---------------------------+---------------------------+
W20240129 03:30:08.456663 1217375 grad_async_v1.h:280] Detect new sample comes, old_end1, new_end2
W20240129 03:30:08.829010 1217000 grad_async_v1.h:406] Sleep in <BlockToStepN>, step_no=275, pq.top=275
W20240129 03:30:09.515012 1217375 grad_async_v1.h:280] Detect new sample comes, old_end2, new_end3
W20240129 03:30:09.829005 1217000 grad_async_v1.h:406] Sleep in <BlockToStepN>, step_no=286, pq.top=286
W20240129 03:30:10.563225 1217375 grad_async_v1.h:280] Detect new sample comes, old_end3, new_end4
W20240129 03:30:10.829008 1217000 grad_async_v1.h:406] Sleep in <BlockToStepN>, step_no=296, pq.top=296
[proc 1] 300 steps, total: 9.460, sample: 0.152, forward: 0.260, backward: 0.502, update: 0.082
[proc 0] 300 steps, total: 9.460, sample: 0.216, forward: 0.251, backward: 0.501, update: 0.083
[proc 3] 300 steps, total: 9.460, sample: 0.136, forward: 0.206, backward: 0.529, update: 0.083
[proc 2] 300 steps, total: 9.460, sample: 0.127, forward: 0.198, backward: 0.477, update: 0.081
W20240129 03:30:11.612524 1217375 grad_async_v1.h:280] Detect new sample comes, old_end4, new_end5
W20240129 03:30:11.829008 1217000 grad_async_v1.h:406] Sleep in <BlockToStepN>, step_no=307, pq.top=307
W20240129 03:30:12.680225 1217375 grad_async_v1.h:280] Detect new sample comes, old_end5, new_end6
W20240129 03:30:12.829005 1217000 grad_async_v1.h:406] Sleep in <BlockToStepN>, step_no=317, pq.top=317
+---------------------------+---------------------------+---------------------------+
| Name                      | P50                       | P99                       |
+---------------------------+---------------------------+---------------------------+
| GenInput                  | 1.194 ms                  | 10.430 ms                 |
| Forward                   | 2.668 ms                  | 4.317 ms                  |
| Backward                  | 5.091 ms                  | 5.501 ms                  |
| Optimize                  | 884.928 us                | 4.779 ms                  |
| BarrierTimeBeforeRank0    | 18.568 us                 | 5.978 ms                  |
| AfterBackward             | 7.676 ms                  | 11.572 ms                 |
| BlockToStepN              | 68.954 ms                 | 87.905 ms                 |
| OneStep                   | 87.908 ms                 | 108.994 ms                |
+---------------------------+---------------------------+---------------------------+
+---------------------------+---------------------------+---------------------------+
| Name                      | P50                       | P99                       |
+---------------------------+---------------------------+---------------------------+
| ProcessBack:Shuffle       | 1.722 ms                  | 2.392 ms                  |
| ProcessBack:UpdateCache   | 1.315 ms                  | 2.220 ms                  |
| ProcessBack:UpsertPq      | 4.175 ms                  | 6.948 ms                  |
| ProcessOneStep            | 7.658 ms                  | 11.552 ms                 |
| BlockToStepN              | 68.925 ms                 | 87.941 ms                 |
+---------------------------+---------------------------+---------------------------+
W20240129 03:30:13.739300 1217375 grad_async_v1.h:280] Detect new sample comes, old_end6, new_end7
W20240129 03:30:13.829008 1217000 grad_async_v1.h:406] Sleep in <BlockToStepN>, step_no=327, pq.top=327
W20240129 03:30:14.759084 1217375 grad_async_v1.h:280] Detect new sample comes, old_end7, new_end8
W20240129 03:30:14.829005 1217000 grad_async_v1.h:406] Sleep in <BlockToStepN>, step_no=338, pq.top=338
W20240129 03:30:15.829011 1217000 grad_async_v1.h:406] Sleep in <BlockToStepN>, step_no=348, pq.top=348
W20240129 03:30:15.845752 1217375 grad_async_v1.h:280] Detect new sample comes, old_end8, new_end9
W20240129 03:30:16.829672 1217000 grad_async_v1.h:406] Sleep in <BlockToStepN>, step_no=359, pq.top=359
W20240129 03:30:16.906371 1217375 grad_async_v1.h:280] Detect new sample comes, old_end9, new_end0
W20240129 03:30:17.829005 1217000 grad_async_v1.h:406] Sleep in <BlockToStepN>, step_no=369, pq.top=369
W20240129 03:30:17.956949 1217375 grad_async_v1.h:280] Detect new sample comes, old_end0, new_end1
+---------------------------+---------------------------+---------------------------+
| Name                      | P50                       | P99                       |
+---------------------------+---------------------------+---------------------------+
| GenInput                  | 1.216 ms                  | 10.225 ms                 |
| Forward                   | 2.633 ms                  | 4.051 ms                  |
| Backward                  | 5.097 ms                  | 5.501 ms                  |
| Optimize                  | 879.515 us                | 2.025 ms                  |
| BarrierTimeBeforeRank0    | 18.520 us                 | 6.162 ms                  |
| AfterBackward             | 7.669 ms                  | 11.542 ms                 |
| BlockToStepN              | 70.003 ms                 | 88.675 ms                 |
| OneStep                   | 89.081 ms                 | 109.267 ms                |
+---------------------------+---------------------------+---------------------------+
+---------------------------+---------------------------+---------------------------+
| Name                      | P50                       | P99                       |
+---------------------------+---------------------------+---------------------------+
| ProcessBack:Shuffle       | 1.716 ms                  | 2.341 ms                  |
| ProcessBack:UpdateCache   | 1.315 ms                  | 2.610 ms                  |
| ProcessBack:UpsertPq      | 4.192 ms                  | 6.942 ms                  |
| ProcessOneStep            | 7.652 ms                  | 11.499 ms                 |
| BlockToStepN              | 69.973 ms                 | 88.640 ms                 |
+---------------------------+---------------------------+---------------------------+
W20240129 03:30:18.829008 1217000 grad_async_v1.h:406] Sleep in <BlockToStepN>, step_no=379, pq.top=379
W20240129 03:30:19.027999 1217375 grad_async_v1.h:280] Detect new sample comes, old_end1, new_end2
W20240129 03:30:19.829010 1217000 grad_async_v1.h:406] Sleep in <BlockToStepN>, step_no=390, pq.top=390
W20240129 03:30:20.069502 1217375 grad_async_v1.h:280] Detect new sample comes, old_end2, new_end3
W20240129 03:30:20.829006 1217000 grad_async_v1.h:406] Sleep in <BlockToStepN>, step_no=400, pq.top=400
[proc 3] 400 steps, total: 9.605, sample: 0.127, forward: 0.205, backward: 0.514, update: 0.086
[proc 0] 400 steps, total: 9.605, sample: 0.217, forward: 0.253, backward: 0.510, update: 0.083
[proc 2] 400 steps, total: 9.605, sample: 0.123, forward: 0.203, backward: 0.477, update: 0.085
[proc 1] 400 steps, total: 9.605, sample: 0.164, forward: 0.257, backward: 0.501, update: 0.080
W20240129 03:30:21.112380 1217375 grad_async_v1.h:280] Detect new sample comes, old_end3, new_end4
W20240129 03:30:21.829008 1217000 grad_async_v1.h:406] Sleep in <BlockToStepN>, step_no=411, pq.top=411
W20240129 03:30:22.169728 1217375 grad_async_v1.h:280] Detect new sample comes, old_end4, new_end5
W20240129 03:30:22.829010 1217000 grad_async_v1.h:406] Sleep in <BlockToStepN>, step_no=421, pq.top=421
+---------------------------+---------------------------+---------------------------+
| Name                      | P50                       | P99                       |
+---------------------------+---------------------------+---------------------------+
| GenInput                  | 1.229 ms                  | 10.225 ms                 |
| Forward                   | 2.615 ms                  | 4.051 ms                  |
| Backward                  | 5.105 ms                  | 5.746 ms                  |
| Optimize                  | 873.842 us                | 2.025 ms                  |
| BarrierTimeBeforeRank0    | 18.520 us                 | 6.798 ms                  |
| AfterBackward             | 7.655 ms                  | 11.542 ms                 |
| BlockToStepN              | 70.873 ms                 | 88.756 ms                 |
| OneStep                   | 90.333 ms                 | 109.308 ms                |
+---------------------------+---------------------------+---------------------------+
W20240129 03:30:23.251701 1217375 grad_async_v1.h:280] Detect new sample comes, old_end5, new_end6
+---------------------------+---------------------------+---------------------------+
| Name                      | P50                       | P99                       |
+---------------------------+---------------------------+---------------------------+
| ProcessBack:Shuffle       | 1.714 ms                  | 2.325 ms                  |
| ProcessBack:UpdateCache   | 1.314 ms                  | 1.834 ms                  |
| ProcessBack:UpsertPq      | 4.207 ms                  | 6.834 ms                  |
| ProcessOneStep            | 7.637 ms                  | 11.499 ms                 |
| BlockToStepN              | 70.854 ms                 | 88.894 ms                 |
+---------------------------+---------------------------+---------------------------+
W20240129 03:30:23.829006 1217000 grad_async_v1.h:406] Sleep in <BlockToStepN>, step_no=431, pq.top=431
W20240129 03:30:24.312708 1217375 grad_async_v1.h:280] Detect new sample comes, old_end6, new_end7
W20240129 03:30:24.829007 1217000 grad_async_v1.h:406] Sleep in <BlockToStepN>, step_no=442, pq.top=442
W20240129 03:30:25.315245 1217375 grad_async_v1.h:280] Detect new sample comes, old_end6, new_end7
W20240129 03:30:25.829011 1217000 grad_async_v1.h:406] Sleep in <BlockToStepN>, step_no=452, pq.top=452
W20240129 03:30:26.340819 1217375 grad_async_v1.h:280] Detect new sample comes, old_end7, new_end8
W20240129 03:30:26.829005 1217000 grad_async_v1.h:406] Sleep in <BlockToStepN>, step_no=462, pq.top=462
W20240129 03:30:27.345451 1217375 grad_async_v1.h:280] Detect new sample comes, old_end7, new_end8
W20240129 03:30:27.829008 1217000 grad_async_v1.h:406] Sleep in <BlockToStepN>, step_no=472, pq.top=472
+---------------------------+---------------------------+---------------------------+
| Name                      | P50                       | P99                       |
+---------------------------+---------------------------+---------------------------+
| GenInput                  | 1.240 ms                  | 10.073 ms                 |
| Forward                   | 2.606 ms                  | 3.705 ms                  |
| Backward                  | 5.109 ms                  | 5.746 ms                  |
| Optimize                  | 870.513 us                | 2.020 ms                  |
| BarrierTimeBeforeRank0    | 18.537 us                 | 6.798 ms                  |
| AfterBackward             | 7.660 ms                  | 11.542 ms                 |
| BlockToStepN              | 71.740 ms                 | 88.934 ms                 |
| OneStep                   | 91.392 ms                 | 109.308 ms                |
+---------------------------+---------------------------+---------------------------+
W20240129 03:30:28.405367 1217375 grad_async_v1.h:280] Detect new sample comes, old_end8, new_end9
+---------------------------+---------------------------+---------------------------+
| Name                      | P50                       | P99                       |
+---------------------------+---------------------------+---------------------------+
| ProcessBack:Shuffle       | 1.712 ms                  | 2.314 ms                  |
| ProcessBack:UpdateCache   | 1.314 ms                  | 1.797 ms                  |
| ProcessBack:UpsertPq      | 4.203 ms                  | 6.948 ms                  |
| ProcessOneStep            | 7.637 ms                  | 11.499 ms                 |
| BlockToStepN              | 71.705 ms                 | 88.894 ms                 |
+---------------------------+---------------------------+---------------------------+
W20240129 03:30:28.829010 1217000 grad_async_v1.h:406] Sleep in <BlockToStepN>, step_no=482, pq.top=482
W20240129 03:30:29.410712 1217375 grad_async_v1.h:280] Detect new sample comes, old_end8, new_end9
W20240129 03:30:29.829005 1217000 grad_async_v1.h:406] Sleep in <BlockToStepN>, step_no=493, pq.top=493
W20240129 03:30:30.452122 1217375 grad_async_v1.h:280] Detect new sample comes, old_end9, new_end0
[proc 1] 500 steps, total: 9.689, sample: 0.153, forward: 0.258, backward: 0.498, update: 0.079
[proc 2] 500 steps, total: 9.689, sample: 0.139, forward: 0.205, backward: 0.477, update: 0.098
[proc 0] 500 steps, total: 9.689, sample: 0.219, forward: 0.250, backward: 0.509, update: 0.082
[proc 3] 500 steps, total: 9.689, sample: 0.128, forward: 0.205, backward: 0.525, update: 0.085
Successfully xmh. training takes 46.346407651901245 seconds
before call kg_cache_controller.StopThreads()
W20240129 03:30:30.541139 1217000 grad_async_v1.h:230] call StopThreads. PID = 1216658
W20240129 03:30:30.541162 1217000 grad_base.h:212] before processOneStepNegThread_.join();
[W tensorpipe_agent.cpp:725] RPC agent for worker0 encountered error when reading incoming request from worker2: eof (this error originated at tensorpipe/transport/shm/connection_impl.cc:259)
W20240129 03:30:30.546336 1217000 grad_base.h:214] after processOneStepNegThread_.join();
W20240129 03:30:30.546348 1217000 grad_async_v1.h:232] call GradProcessingBase::StopThreads.
[W tensorpipe_agent.cpp:725] RPC agent for worker0 encountered error when reading incoming request from worker1: eof (this error originated at tensorpipe/transport/shm/connection_impl.cc:259)
[W tensorpipe_agent.cpp:725] RPC agent for worker0 encountered error when reading incoming request from worker3: eof (this error originated at tensorpipe/transport/shm/connection_impl.cc:259)
W20240129 03:30:30.569224 1217000 grad_async_v1.h:251] StopThreads done.
On rank0, prepare to call self.controller.StopThreads(), self=<python.controller_process.KGCacheControllerWrapper object at 0x7fc482046f90>
