WARNING: Logging before InitGoogleLogging() is written to STDERR
I20240201 00:53:37.688537 3353973 IPC_barrier.h:128] MultiProcessBarrierFactory->ClearIPCMemory()
/home/xieminhui/RecStore/src/framework_adapters/torch/kg/dgl-0.9.1/python/dgl/_deprecate/graph.py:1023: DGLWarning: multigraph will be deprecated.DGL will treat all graphs as multigraph in the future.
  dgl_warning("multigraph will be deprecated." \
/home/xieminhui/RecStore/src/framework_adapters/torch/kg/dgl-0.9.1/python/dgl/heterograph.py:72: DGLWarning: Recommend creating graphs by `dgl.graph(data)` instead of `dgl.DGLGraph(data)`.
  dgl_warning('Recommend creating graphs by `dgl.graph(data)`'
Reading train triples....
Finished. Read 483142 train triples.
Reading valid triples....
Finished. Read 50000 valid triples.
Reading test triples....
Finished. Read 59071 test triples.
ARGS:  Namespace(model_name='TransE', data_path='/home/xieminhui/dgl-data', dataset='FB15k', format='built_in', data_files=None, delimiter='\t', save_path='/tmp/ckpts/TransE_FB15k_252', no_save_emb=True, max_step=500, batch_size=2400, batch_size_eval=16, neg_sample_size=200, neg_deg_sample=False, neg_deg_sample_eval=False, neg_sample_size_eval=14951, eval_percent=1, no_eval_filter=False, log_interval=100, eval_interval=10000, test=False, num_proc=4, num_thread=1, force_sync_interval=1, hidden_dim=400, lr=0.01, gamma=16.0, double_ent=False, double_rel=False, neg_adversarial_sampling=False, adversarial_temperature=1.0, regularization_coef=0.0, regularization_norm=3, pairwise=False, loss_genre='Logsigmoid', margin=1.0, nr_gpus=4, gpu=[0, 1, 2, 3], mix_cpu_gpu=True, valid=False, rel_part=False, async_update=None, has_edge_importance=False, cached_emb_type='KnownLocalCachedEmbedding', use_my_emb=True, cache_ratio=0.1, shuffle=False, backwardMode='CppAsync', L=10, update_cache_use_omp=0, update_pq_use_omp=0, kForwardItersPerStep=2, backgrad_init='both', eval_filter=True, soft_rel_part=False)
|Train|: 483142
original graph:  DGLGraph(num_nodes=14951, num_edges=592213,
         ndata_schemes={}
         edata_schemes={'tid': Scheme(shape=(), dtype=torch.int64)})
Loading cached metis
WARNING [3353973 sampler.py:454] Start PreSampling
WARNING [3353973 sampler.py:532] Before construct renumbering_dict
WARNING [3353973 sampler.py:555] PreSampling done
W20240201 00:53:39.756770 3353973 IPCTensor.h:369] NewIPCTensor: cached_sampler_r0_0 [1000000]0x100000002000 7.629 MB
W20240201 00:53:39.756896 3353973 IPCTensor.h:369] NewIPCTensor: cached_sampler_r0_1 [1000000]0x1000007a5000 7.629 MB
W20240201 00:53:39.756918 3353973 IPCTensor.h:369] NewIPCTensor: cached_sampler_r0_2 [1000000]0x100000f48000 7.629 MB
W20240201 00:53:39.756942 3353973 IPCTensor.h:369] NewIPCTensor: cached_sampler_r0_3 [1000000]0x1000016eb000 7.629 MB
W20240201 00:53:39.756963 3353973 IPCTensor.h:369] NewIPCTensor: cached_sampler_r0_4 [1000000]0x100001e8e000 7.629 MB
W20240201 00:53:39.756978 3353973 IPCTensor.h:369] NewIPCTensor: cached_sampler_r0_5 [1000000]0x100002631000 7.629 MB
W20240201 00:53:39.756994 3353973 IPCTensor.h:369] NewIPCTensor: cached_sampler_r0_6 [1000000]0x100002dd4000 7.629 MB
W20240201 00:53:39.757017 3353973 IPCTensor.h:369] NewIPCTensor: cached_sampler_r0_7 [1000000]0x100003577000 7.629 MB
W20240201 00:53:39.757033 3353973 IPCTensor.h:369] NewIPCTensor: cached_sampler_r0_8 [1000000]0x100003d1a000 7.629 MB
W20240201 00:53:39.757050 3353973 IPCTensor.h:369] NewIPCTensor: cached_sampler_r0_9 [1000000]0x1000044bd000 7.629 MB
W20240201 00:53:39.757076 3353973 IPCTensor.h:369] NewIPCTensor: step_r0 [10]0x100004c60000 80 B 
W20240201 00:53:39.757093 3353973 IPCTensor.h:369] NewIPCTensor: circle_buffer_end_r0 [1]0x100004c62000 8 B 
W20240201 00:53:39.757113 3353973 IPCTensor.h:369] NewIPCTensor: circle_buffer_end_cppseen_r0 [1]0x100004c64000 8 B 
W20240201 00:53:39.757203 3353973 IPCTensor.h:369] NewIPCTensor: cached_sampler_r1_0 [1000000]0x100004c66000 7.629 MB
W20240201 00:53:39.757225 3353973 IPCTensor.h:369] NewIPCTensor: cached_sampler_r1_1 [1000000]0x100005409000 7.629 MB
W20240201 00:53:39.757242 3353973 IPCTensor.h:369] NewIPCTensor: cached_sampler_r1_2 [1000000]0x100005bac000 7.629 MB
W20240201 00:53:39.757277 3353973 IPCTensor.h:369] NewIPCTensor: cached_sampler_r1_3 [1000000]0x10000634f000 7.629 MB
W20240201 00:53:39.757297 3353973 IPCTensor.h:369] NewIPCTensor: cached_sampler_r1_4 [1000000]0x100006af2000 7.629 MB
W20240201 00:53:39.757316 3353973 IPCTensor.h:369] NewIPCTensor: cached_sampler_r1_5 [1000000]0x100007295000 7.629 MB
W20240201 00:53:39.757334 3353973 IPCTensor.h:369] NewIPCTensor: cached_sampler_r1_6 [1000000]0x100007a38000 7.629 MB
W20240201 00:53:39.757349 3353973 IPCTensor.h:369] NewIPCTensor: cached_sampler_r1_7 [1000000]0x1000081db000 7.629 MB
W20240201 00:53:39.757367 3353973 IPCTensor.h:369] NewIPCTensor: cached_sampler_r1_8 [1000000]0x10000897e000 7.629 MB
W20240201 00:53:39.757382 3353973 IPCTensor.h:369] NewIPCTensor: cached_sampler_r1_9 [1000000]0x100009121000 7.629 MB
W20240201 00:53:39.757398 3353973 IPCTensor.h:369] NewIPCTensor: step_r1 [10]0x1000098c4000 80 B 
W20240201 00:53:39.757411 3353973 IPCTensor.h:369] NewIPCTensor: circle_buffer_end_r1 [1]0x1000098c6000 8 B 
W20240201 00:53:39.757424 3353973 IPCTensor.h:369] NewIPCTensor: circle_buffer_end_cppseen_r1 [1]0x1000098c8000 8 B 
W20240201 00:53:39.757457 3353973 IPCTensor.h:369] NewIPCTensor: cached_sampler_r2_0 [1000000]0x1000098ca000 7.629 MB
W20240201 00:53:39.757475 3353973 IPCTensor.h:369] NewIPCTensor: cached_sampler_r2_1 [1000000]0x10000a06d000 7.629 MB
W20240201 00:53:39.757489 3353973 IPCTensor.h:369] NewIPCTensor: cached_sampler_r2_2 [1000000]0x10000a810000 7.629 MB
W20240201 00:53:39.757504 3353973 IPCTensor.h:369] NewIPCTensor: cached_sampler_r2_3 [1000000]0x10000afb3000 7.629 MB
W20240201 00:53:39.757519 3353973 IPCTensor.h:369] NewIPCTensor: cached_sampler_r2_4 [1000000]0x10000b756000 7.629 MB
W20240201 00:53:39.757534 3353973 IPCTensor.h:369] NewIPCTensor: cached_sampler_r2_5 [1000000]0x10000bef9000 7.629 MB
W20240201 00:53:39.757551 3353973 IPCTensor.h:369] NewIPCTensor: cached_sampler_r2_6 [1000000]0x10000c69c000 7.629 MB
W20240201 00:53:39.757570 3353973 IPCTensor.h:369] NewIPCTensor: cached_sampler_r2_7 [1000000]0x10000ce3f000 7.629 MB
W20240201 00:53:39.757588 3353973 IPCTensor.h:369] NewIPCTensor: cached_sampler_r2_8 [1000000]0x10000d5e2000 7.629 MB
W20240201 00:53:39.757606 3353973 IPCTensor.h:369] NewIPCTensor: cached_sampler_r2_9 [1000000]0x10000dd85000 7.629 MB
W20240201 00:53:39.757624 3353973 IPCTensor.h:369] NewIPCTensor: step_r2 [10]0x10000e528000 80 B 
W20240201 00:53:39.757638 3353973 IPCTensor.h:369] NewIPCTensor: circle_buffer_end_r2 [1]0x10000e52a000 8 B 
W20240201 00:53:39.757653 3353973 IPCTensor.h:369] NewIPCTensor: circle_buffer_end_cppseen_r2 [1]0x10000e52c000 8 B 
W20240201 00:53:39.757685 3353973 IPCTensor.h:369] NewIPCTensor: cached_sampler_r3_0 [1000000]0x10000e52e000 7.629 MB
W20240201 00:53:39.757707 3353973 IPCTensor.h:369] NewIPCTensor: cached_sampler_r3_1 [1000000]0x10000ecd1000 7.629 MB
W20240201 00:53:39.757731 3353973 IPCTensor.h:369] NewIPCTensor: cached_sampler_r3_2 [1000000]0x10000f474000 7.629 MB
W20240201 00:53:39.757746 3353973 IPCTensor.h:369] NewIPCTensor: cached_sampler_r3_3 [1000000]0x10000fc17000 7.629 MB
W20240201 00:53:39.757766 3353973 IPCTensor.h:369] NewIPCTensor: cached_sampler_r3_4 [1000000]0x1000103ba000 7.629 MB
W20240201 00:53:39.757783 3353973 IPCTensor.h:369] NewIPCTensor: cached_sampler_r3_5 [1000000]0x100010b5d000 7.629 MB
W20240201 00:53:39.757802 3353973 IPCTensor.h:369] NewIPCTensor: cached_sampler_r3_6 [1000000]0x100011300000 7.629 MB
W20240201 00:53:39.757822 3353973 IPCTensor.h:369] NewIPCTensor: cached_sampler_r3_7 [1000000]0x100011aa3000 7.629 MB
W20240201 00:53:39.757839 3353973 IPCTensor.h:369] NewIPCTensor: cached_sampler_r3_8 [1000000]0x100012246000 7.629 MB
W20240201 00:53:39.757855 3353973 IPCTensor.h:369] NewIPCTensor: cached_sampler_r3_9 [1000000]0x1000129e9000 7.629 MB
W20240201 00:53:39.757874 3353973 IPCTensor.h:369] NewIPCTensor: step_r3 [10]0x10001318c000 80 B 
W20240201 00:53:39.757887 3353973 IPCTensor.h:369] NewIPCTensor: circle_buffer_end_r3 [1]0x10001318e000 8 B 
W20240201 00:53:39.757905 3353973 IPCTensor.h:369] NewIPCTensor: circle_buffer_end_cppseen_r3 [1]0x100013190000 8 B 
W20240201 00:53:39.879926 3353973 IPCTensor.h:369] NewIPCTensor: full_emb [14951, 400]0x100013192000 22.81 MB
W20240201 00:53:39.906741 3353973 IPCTensor.h:369] NewIPCTensor: full_emb_SparseRowWiseAdaGrad_sum [14951]0x100014864000 58.4 kB
{0: Graph(num_nodes=10523, num_edges=182012,
      ndata_schemes={'_ID': Scheme(shape=(), dtype=torch.int64), 'inner_node': Scheme(shape=(), dtype=torch.int32), 'part_id': Scheme(shape=(), dtype=torch.int64)}
      edata_schemes={'_ID': Scheme(shape=(), dtype=torch.int64), 'inner_edge': Scheme(shape=(), dtype=torch.int8)}), 1: Graph(num_nodes=10996, num_edges=244360,
      ndata_schemes={'_ID': Scheme(shape=(), dtype=torch.int64), 'inner_node': Scheme(shape=(), dtype=torch.int32), 'part_id': Scheme(shape=(), dtype=torch.int64)}
      edata_schemes={'_ID': Scheme(shape=(), dtype=torch.int64), 'inner_edge': Scheme(shape=(), dtype=torch.int8)}), 2: Graph(num_nodes=9404, num_edges=143355,
      ndata_schemes={'_ID': Scheme(shape=(), dtype=torch.int64), 'inner_node': Scheme(shape=(), dtype=torch.int32), 'part_id': Scheme(shape=(), dtype=torch.int64)}
      edata_schemes={'_ID': Scheme(shape=(), dtype=torch.int64), 'inner_edge': Scheme(shape=(), dtype=torch.int8)}), 3: Graph(num_nodes=10954, num_edges=175447,
      ndata_schemes={'_ID': Scheme(shape=(), dtype=torch.int64), 'inner_node': Scheme(shape=(), dtype=torch.int32), 'part_id': Scheme(shape=(), dtype=torch.int64)}
      edata_schemes={'_ID': Scheme(shape=(), dtype=torch.int64), 'inner_edge': Scheme(shape=(), dtype=torch.int8)})}
MertisPartition: part 0 has 10523 N 182012 E
MertisPartition: part 1 has 10996 N 244360 E
MertisPartition: part 2 has 9404 N 143355 E
MertisPartition: part 3 has 10954 N 175447 E
Rank0: cached key size 373
Rank1: cached key size 373
Rank2: cached key size 373
Rank3: cached key size 373
Before renumbering graph:  {'_ID': tensor([    5,    14,    17,  ..., 11245,  2040,  3009]), 'inner_node': tensor([1, 1, 1,  ..., 0, 0, 0], dtype=torch.int32), 'part_id': tensor([0, 0, 0,  ..., 2, 3, 3])}
After renumbering graph:  {'_ID': tensor([1649, 1923, 2013,  ..., 2419, 6448, 7340]), 'inner_node': tensor([1, 1, 1,  ..., 0, 0, 0], dtype=torch.int32), 'part_id': tensor([0, 0, 0,  ..., 2, 3, 3])}
part_g: DGLGraph(num_nodes=10523, num_edges=182012,
         ndata_schemes={'_ID': Scheme(shape=(), dtype=torch.int64)}
         edata_schemes={'tid': Scheme(shape=(), dtype=torch.int64)})
part_g: DGLGraph(num_nodes=10523, num_edges=182012,
         ndata_schemes={'_ID': Scheme(shape=(), dtype=torch.int64)}
         edata_schemes={'tid': Scheme(shape=(), dtype=torch.int64)})
Total initialize time 2.239 seconds
[Rank1] pid = 3354185
[Rank2] pid = 3354250
INFO [3353973 distributed_c10d.py:442] Added key: store_based_barrier_key:1 to store for rank: 0
INFO [3354250 distributed_c10d.py:442] Added key: store_based_barrier_key:1 to store for rank: 2
INFO [3354250 distributed_c10d.py:476] Rank 2: Completed store-based barrier for key:store_based_barrier_key:1 with 4 nodes.
INFO [3354314 distributed_c10d.py:442] Added key: store_based_barrier_key:1 to store for rank: 3
INFO [3354314 distributed_c10d.py:476] Rank 3: Completed store-based barrier for key:store_based_barrier_key:1 with 4 nodes.
INFO [3354185 distributed_c10d.py:442] Added key: store_based_barrier_key:1 to store for rank: 1
INFO [3354185 distributed_c10d.py:476] Rank 1: Completed store-based barrier for key:store_based_barrier_key:1 with 4 nodes.
W20240201 00:53:42.100769 3354251 IPCTensor.h:409] NewIPCGPUTensor: embedding_cache_2 [1495, 400]; dev=2; size=2.281 MB
W20240201 00:53:42.100850 3354316 IPCTensor.h:409] NewIPCGPUTensor: embedding_cache_3 [1495, 400]; dev=3; size=2.281 MB
W20240201 00:53:42.101162 3354251 IPCTensor.h:369] NewIPCTensor: input_keys_2 [1000000]0x100014878000 7.629 MB
W20240201 00:53:42.101171 3354316 IPCTensor.h:369] NewIPCTensor: input_keys_3 [1000000]0x10001501b000 7.629 MB
W20240201 00:53:42.101274 3354316 IPCTensor.h:369] NewIPCTensor: input_keys_neg_3 [1000000]0x1000157be000 7.629 MB
W20240201 00:53:42.101235 3354186 IPCTensor.h:409] NewIPCGPUTensor: embedding_cache_1 [1495, 400]; dev=1; size=2.281 MB
W20240201 00:53:42.101277 3354251 IPCTensor.h:369] NewIPCTensor: input_keys_neg_2 [1000000]0x100015f61000 7.629 MB
W20240201 00:53:42.101336 3354316 IPCTensor.h:369] NewIPCTensor: backward_grads_3 [1000000, 400]0x100016704000 1.49 GB
W20240201 00:53:42.101339 3354251 IPCTensor.h:369] NewIPCTensor: backward_grads_2 [1000000, 400]0x100075ce7000 1.49 GB
W20240201 00:53:42.101368 3354251 IPCTensor.h:369] NewIPCTensor: backward_grads_neg_2 [1000000, 400]0x1000d52ca000 1.49 GB
W20240201 00:53:42.101382 3354316 IPCTensor.h:369] NewIPCTensor: backward_grads_neg_3 [1000000, 400]0x1001348ad000 1.49 GB
W20240201 00:53:42.101398 3354251 IPCTensor.h:409] NewIPCGPUTensor: backward_grads_2_gpu [1000000, 400]; dev=2; size=1.49 GB
W20240201 00:53:42.101413 3354316 IPCTensor.h:409] NewIPCGPUTensor: backward_grads_3_gpu [1000000, 400]; dev=3; size=1.49 GB
W20240201 00:53:42.104197 3354251 IPCTensor.h:409] NewIPCGPUTensor: backward_grads_neg_2_gpu [1000000, 400]; dev=2; size=1.49 GB
W20240201 00:53:42.104228 3354186 IPCTensor.h:369] NewIPCTensor: input_keys_1 [1000000]0x100193e96000 7.629 MB
W20240201 00:53:42.104235 3354316 IPCTensor.h:409] NewIPCGPUTensor: backward_grads_neg_3_gpu [1000000, 400]; dev=3; size=1.49 GB
W20240201 00:53:42.104354 3354186 IPCTensor.h:369] NewIPCTensor: input_keys_neg_1 [1000000]0x100194639000 7.629 MB
W20240201 00:53:42.104406 3354186 IPCTensor.h:369] NewIPCTensor: backward_grads_1 [1000000, 400]0x100194ddc000 1.49 GB
W20240201 00:53:42.104449 3354186 IPCTensor.h:369] NewIPCTensor: backward_grads_neg_1 [1000000, 400]0x1001f43bf000 1.49 GB
W20240201 00:53:42.104490 3354186 IPCTensor.h:409] NewIPCGPUTensor: backward_grads_1_gpu [1000000, 400]; dev=1; size=1.49 GB
INFO [3353973 distributed_c10d.py:476] Rank 0: Completed store-based barrier for key:store_based_barrier_key:1 with 4 nodes.
W20240201 00:53:42.108249 3354315 IPCTensor.h:409] NewIPCGPUTensor: embedding_cache_0 [1495, 400]; dev=0; size=2.281 MB
W20240201 00:53:42.109375 3354186 IPCTensor.h:409] NewIPCGPUTensor: backward_grads_neg_1_gpu [1000000, 400]; dev=1; size=1.49 GB
W20240201 00:53:42.109484 3354315 IPCTensor.h:369] NewIPCTensor: input_keys_0 [1000000]0x1002539aa000 7.629 MB
W20240201 00:53:42.109654 3354315 IPCTensor.h:369] NewIPCTensor: input_keys_neg_0 [1000000]0x10025414d000 7.629 MB
W20240201 00:53:42.109738 3354315 IPCTensor.h:369] NewIPCTensor: backward_grads_0 [1000000, 400]0x1002548f0000 1.49 GB
W20240201 00:53:42.109812 3354315 IPCTensor.h:369] NewIPCTensor: backward_grads_neg_0 [1000000, 400]0x1002b3ed3000 1.49 GB
W20240201 00:53:42.109895 3354315 IPCTensor.h:409] NewIPCGPUTensor: backward_grads_0_gpu [1000000, 400]; dev=0; size=1.49 GB
W20240201 00:53:42.117873 3354315 IPCTensor.h:409] NewIPCGPUTensor: backward_grads_neg_0_gpu [1000000, 400]; dev=0; size=1.49 GB
cudaHostRegister 0x100013192000
2: KnownLocalCachedEmbedding init done
WARNING [3354250 DistTensor.py:59] The tensor name already exists in the kvstore
[Rank3] pid = 3354314
New CachedEmbedding, name=full_emb, shape=(14951, 400), cache_type=KnownLocalCachedEmbedding
fixed cache_range is [(0, 1495), (1495, 2990), (2990, 4485), (4485, 5980)]
cudaHostRegister 0x100013192000
0: KnownLocalCachedEmbedding init done
WARNING [3353973 DistTensor.py:59] The tensor name already exists in the kvstore
cudaHostRegister 0x100013192000
3: KnownLocalCachedEmbedding init done
WARNING [3354314 DistTensor.py:59] The tensor name already exists in the kvstore
cudaHostRegister 0x100013192000
1: KnownLocalCachedEmbedding init done
WARNING [3354185 DistTensor.py:59] The tensor name already exists in the kvstore
I20240201 00:53:43.213740 3354186 IPC_barrier.h:118] CreateBarrier: new barrier, name: kgcachecontroller, count: 4
I20240201 00:53:43.213798 3354251 IPC_barrier.h:112] CreateBarrier: find existing barrier, name: kgcachecontroller, count: 4
I20240201 00:53:43.213889 3354316 IPC_barrier.h:112] CreateBarrier: find existing barrier, name: kgcachecontroller, count: 4
I20240201 00:53:43.213968 3354315 IPC_barrier.h:112] CreateBarrier: find existing barrier, name: kgcachecontroller, count: 4
W20240201 00:53:43.215062 3354315 grad_base.h:55] KGCacheController, config={
        "num_gpus": 4,
        "L": 10,
        "backgrad_init": "both", 
        "kForwardItersPerStep": 2,
        "clr": 0.01,
        "nr_background_threads": 32,
        "backwardMode": "CppAsync",
        "cache_ratio": 0.1,
        "update_cache_use_omp":  0,
        "update_pq_use_omp":  0
        }
W20240201 00:53:43.215211 3354315 grad_base.h:184] Init GradProcessingBase done
I20240201 00:53:43.216879 3354315 grad_async_v1.h:203] Use main thread to update emb.
W20240201 00:53:43.216903 3354315 kg_controller.h:75] after init GradAsyncProcessing
I20240201 00:53:43.216907 3354315 kg_controller.h:84] Construct KGCacheController done
E20240201 00:53:43.622558 3354251 recstore.cc:66] init folly done
E20240201 00:53:43.622663 3354315 recstore.cc:66] init folly done
E20240201 00:53:43.622674 3354186 recstore.cc:66] init folly done
E20240201 00:53:43.622678 3354316 recstore.cc:66] init folly done
I20240201 00:53:43.623383 3354315 grad_base.h:60] GraphEnv RegTensorsPerProcess
I20240201 00:53:44.361830 3354251 IPC_barrier.h:118] CreateBarrier: new barrier, name: start_barrier, count: 4
I20240201 00:53:44.369961 3354315 IPC_barrier.h:112] CreateBarrier: find existing barrier, name: start_barrier, count: 4
I20240201 00:53:44.395375 3354316 IPC_barrier.h:112] CreateBarrier: find existing barrier, name: start_barrier, count: 4
I20240201 00:53:44.398581 3354186 IPC_barrier.h:112] CreateBarrier: find existing barrier, name: start_barrier, count: 4
W20240201 00:53:46.679147 3354315 grad_async_v1.h:429] Sleep in <BlockToStepN>, step_no=1, pq.top=1
E20240201 00:53:46.767505 3354496 grad_async_v1.h:533] Stalled in ProcessBackward: rank=3, step_no=1, sample_step_cpp_seen_[rank]=0
W20240201 00:53:47.710937 3354315 grad_async_v1.h:429] Sleep in <BlockToStepN>, step_no=23, pq.top=23
+---------------------------+---------------------------+---------------------------+
| Name                      | P50                       | P99                       |
+---------------------------+---------------------------+---------------------------+
| GenInput                  | 1.094 ms                  | 17.498 ms                 |
| Forward                   | 3.742 ms                  | 820.467 ms                |
| Backward                  | 5.871 ms                  | 188.391 ms                |
| Optimize                  | 1.632 ms                  | 4.465 ms                  |
| BarrierTimeBeforeRank0    | 25.222 us                 | 169.803 ms                |
| AfterBackward             | 15.675 ms                 | 1.096 s                   |
| BlockToStepN              | 15.205 ms                 | 70.776 ms                 |
| OneStep                   | 45.188 ms                 | 2.352 s                   |
+---------------------------+---------------------------+---------------------------+
+---------------------------+---------------------------+---------------------------+
| Name                      | P50                       | P99                       |
+---------------------------+---------------------------+---------------------------+
| ProcessBack:Shuffle       | 2.079 ms                  | 211.763 ms                |
| ProcessBack:UpdateCache   | 1.653 ms                  | 253.290 ms                |
| ProcessBack:UpsertPq      | 10.500 ms                 | 15.985 ms                 |
| ProcessOneStep            | 15.756 ms                 | 1.096 s                   |
| BlockToStepN              | 17.001 ms                 | 70.253 ms                 |
+---------------------------+---------------------------+---------------------------+
W20240201 00:53:48.731650 3354315 grad_async_v1.h:429] Sleep in <BlockToStepN>, step_no=42, pq.top=42
W20240201 00:53:49.737002 3354315 grad_async_v1.h:429] Sleep in <BlockToStepN>, step_no=59, pq.top=59
W20240201 00:53:50.747947 3354315 grad_async_v1.h:429] Sleep in <BlockToStepN>, step_no=74, pq.top=74
W20240201 00:53:51.747009 3354315 grad_async_v1.h:429] Sleep in <BlockToStepN>, step_no=88, pq.top=88
train_sampler.Prefill()
before start barrier
start train
[proc 1] 100 steps, total: 8.234, sample: 0.198, forward: 1.257, backward: 0.834, update: 0.162
train_sampler.Prefill()
before start barrier
start train
[proc 3] 100 steps, total: 8.238, sample: 0.193, forward: 1.231, backward: 0.826, update: 0.150
train_sampler.Prefill()
before start barrier
start train
[proc 2] 100 steps, total: 8.271, sample: 0.184, forward: 1.035, backward: 0.744, update: 0.174
train_sampler.Prefill()
-------Step 0-------
tensor([10653,   225,  9598,  7390,  8310,  5797, 10446,  4873, 12577,   312]) tensor([ 2013,  8545,  9665,  1128,  7974, 10108, 13612, 10493,  7912,  1158])
-------Step 1-------
tensor([10653,   225,  9598,  7390,  8310,  5797, 10446,  4873, 12577,   312]) tensor([ 2737,   750,  5832,  4757, 13359,    30,   745,  5772,  5886,  7880])
-------Step 2-------
tensor([ 3959, 14484, 10696, 10779,  5674,  5908, 12378,  6873,  4137,  2124]) tensor([14272,  1047, 10792, 10980,  4101,   723,  6319,   878,  9976, 13175])
-------Step 3-------
tensor([ 3959, 14484, 10696, 10779,  5674,  5908, 12378,  6873,  4137,  2124]) tensor([ 8983, 13901,  6440,  7453,  4572,  6537, 14116,  7332,  6936, 12735])
-------Step 4-------
tensor([10133,  9982, 13631, 10196,  5132,  6920,  1776,  5984,  5110, 14902]) tensor([  772, 11533, 14610,  1761, 10655, 10632,  2372,  9657,  7917,  8657])
-------Step 5-------
tensor([10133,  9982, 13631, 10196,  5132,  6920,  1776,  5984,  5110, 14902]) tensor([ 4576, 11948,  3999,  9836,  6966,  9931,  1041,  1591, 13638,  2082])
-------Step 6-------
tensor([ 5453,   493, 12969, 10425,  3900, 11323,  8027,   204,  5533,  9543]) tensor([13016, 11383, 13816,   895, 12433,  9510,  7993,  2378,  7186,  9803])
-------Step 7-------
tensor([ 5453,   493, 12969, 10425,  3900, 11323,  8027,   204,  5533,  9543]) tensor([ 5838,  6285,  9417, 12788,  6071,  8238,  7151,   628, 13291,  7031])
-------Step 8-------
tensor([ 9146, 13420,  5796,  6530,  2452,  6925,  3952,  3247,   615,  6953]) tensor([ 7495, 11522, 12575, 14463,  7383,  9021,  6326,  2296,  2676,  8805])
-------Step 9-------
tensor([ 9146, 13420,  5796,  6530,  2452,  6925,  3952,  3247,   615,  6953]) tensor([ 2427, 12789,  3780, 13641,  2698,   556,  3490,  1763, 14483, 13391])
before start barrier
start train
[proc 0] 100 steps, total: 8.263, sample: 0.305, forward: 1.185, backward: 0.761, update: 0.182
W20240201 00:53:52.747004 3354315 grad_async_v1.h:429] Sleep in <BlockToStepN>, step_no=102, pq.top=102
+---------------------------+---------------------------+---------------------------+
| Name                      | P50                       | P99                       |
+---------------------------+---------------------------+---------------------------+
| GenInput                  | 1.261 ms                  | 17.469 ms                 |
| Forward                   | 3.561 ms                  | 6.781 ms                  |
| Backward                  | 6.032 ms                  | 7.544 ms                  |
| Optimize                  | 1.562 ms                  | 4.244 ms                  |
| BarrierTimeBeforeRank0    | 21.360 us                 | 2.053 ms                  |
| AfterBackward             | 17.705 ms                 | 40.669 ms                 |
| BlockToStepN              | 28.529 ms                 | 52.631 ms                 |
| OneStep                   | 61.684 ms                 | 97.763 ms                 |
+---------------------------+---------------------------+---------------------------+
+---------------------------+---------------------------+---------------------------+
| Name                      | P50                       | P99                       |
+---------------------------+---------------------------+---------------------------+
| ProcessBack:Shuffle       | 2.060 ms                  | 3.278 ms                  |
| ProcessBack:UpdateCache   | 1.702 ms                  | 2.559 ms                  |
| ProcessBack:UpsertPq      | 11.258 ms                 | 19.453 ms                 |
| ProcessOneStep            | 17.727 ms                 | 40.639 ms                 |
| BlockToStepN              | 28.611 ms                 | 52.596 ms                 |
+---------------------------+---------------------------+---------------------------+
W20240201 00:53:53.773013 3354315 grad_async_v1.h:429] Sleep in <BlockToStepN>, step_no=115, pq.top=115
W20240201 00:53:54.773008 3354315 grad_async_v1.h:429] Sleep in <BlockToStepN>, step_no=127, pq.top=127
W20240201 00:53:55.793445 3354315 grad_async_v1.h:429] Sleep in <BlockToStepN>, step_no=139, pq.top=139
W20240201 00:53:56.817466 3354315 grad_async_v1.h:429] Sleep in <BlockToStepN>, step_no=151, pq.top=151
W20240201 00:53:57.817005 3354315 grad_async_v1.h:429] Sleep in <BlockToStepN>, step_no=162, pq.top=162
+---------------------------+---------------------------+---------------------------+
| Name                      | P50                       | P99                       |
+---------------------------+---------------------------+---------------------------+
| GenInput                  | 1.284 ms                  | 17.498 ms                 |
| Forward                   | 3.569 ms                  | 6.770 ms                  |
| Backward                  | 6.016 ms                  | 7.022 ms                  |
| Optimize                  | 1.552 ms                  | 3.936 ms                  |
| BarrierTimeBeforeRank0    | 20.877 us                 | 10.931 ms                 |
| AfterBackward             | 17.681 ms                 | 26.485 ms                 |
| BlockToStepN              | 38.054 ms                 | 58.408 ms                 |
| OneStep                   | 71.205 ms                 | 101.791 ms                |
+---------------------------+---------------------------+---------------------------+
+---------------------------+---------------------------+---------------------------+
| Name                      | P50                       | P99                       |
+---------------------------+---------------------------+---------------------------+
| ProcessBack:Shuffle       | 2.013 ms                  | 3.052 ms                  |
| ProcessBack:UpdateCache   | 1.720 ms                  | 2.189 ms                  |
| ProcessBack:UpsertPq      | 11.538 ms                 | 19.512 ms                 |
| ProcessOneStep            | 17.662 ms                 | 26.442 ms                 |
| BlockToStepN              | 38.170 ms                 | 58.375 ms                 |
+---------------------------+---------------------------+---------------------------+
W20240201 00:53:58.851199 3354315 grad_async_v1.h:429] Sleep in <BlockToStepN>, step_no=174, pq.top=174
W20240201 00:53:59.851004 3354315 grad_async_v1.h:429] Sleep in <BlockToStepN>, step_no=185, pq.top=185
W20240201 00:54:00.851011 3354315 grad_async_v1.h:429] Sleep in <BlockToStepN>, step_no=196, pq.top=196
[proc 1] 200 steps, total: 8.584, sample: 0.219, forward: 0.358, backward: 0.580, update: 0.163
[proc 2] 200 steps, total: 8.584, sample: 0.203, forward: 0.308, backward: 0.562, update: 0.165
[proc 0] 200 steps, total: 8.583, sample: 0.337, forward: 0.351, backward: 0.587, update: 0.173
[proc 3] 200 steps, total: 8.584, sample: 0.204, forward: 0.337, backward: 0.562, update: 0.144
W20240201 00:54:01.851006 3354315 grad_async_v1.h:429] Sleep in <BlockToStepN>, step_no=207, pq.top=207
W20240201 00:54:02.877812 3354315 grad_async_v1.h:429] Sleep in <BlockToStepN>, step_no=218, pq.top=218
+---------------------------+---------------------------+---------------------------+
| Name                      | P50                       | P99                       |
+---------------------------+---------------------------+---------------------------+
| GenInput                  | 1.298 ms                  | 17.498 ms                 |
| Forward                   | 3.569 ms                  | 6.770 ms                  |
| Backward                  | 5.998 ms                  | 7.022 ms                  |
| Optimize                  | 1.539 ms                  | 3.936 ms                  |
| BarrierTimeBeforeRank0    | 20.850 us                 | 12.665 ms                 |
| AfterBackward             | 17.560 ms                 | 26.485 ms                 |
| BlockToStepN              | 44.384 ms                 | 70.776 ms                 |
| OneStep                   | 77.488 ms                 | 107.037 ms                |
+---------------------------+---------------------------+---------------------------+
+---------------------------+---------------------------+---------------------------+
| Name                      | P50                       | P99                       |
+---------------------------+---------------------------+---------------------------+
| ProcessBack:Shuffle       | 1.971 ms                  | 2.988 ms                  |
| ProcessBack:UpdateCache   | 1.733 ms                  | 2.175 ms                  |
| ProcessBack:UpsertPq      | 11.749 ms                 | 19.453 ms                 |
| ProcessOneStep            | 17.542 ms                 | 26.442 ms                 |
| BlockToStepN              | 44.515 ms                 | 71.514 ms                 |
+---------------------------+---------------------------+---------------------------+
W20240201 00:54:03.903401 3354315 grad_async_v1.h:429] Sleep in <BlockToStepN>, step_no=228, pq.top=228
W20240201 00:54:04.903004 3354315 grad_async_v1.h:429] Sleep in <BlockToStepN>, step_no=238, pq.top=238
W20240201 00:54:05.936465 3354315 grad_async_v1.h:429] Sleep in <BlockToStepN>, step_no=249, pq.top=249
W20240201 00:54:06.954016 3354315 grad_async_v1.h:429] Sleep in <BlockToStepN>, step_no=259, pq.top=259
W20240201 00:54:07.954005 3354315 grad_async_v1.h:429] Sleep in <BlockToStepN>, step_no=269, pq.top=269
+---------------------------+---------------------------+---------------------------+
| Name                      | P50                       | P99                       |
+---------------------------+---------------------------+---------------------------+
| GenInput                  | 1.298 ms                  | 17.469 ms                 |
| Forward                   | 3.523 ms                  | 5.446 ms                  |
| Backward                  | 5.993 ms                  | 6.936 ms                  |
| Optimize                  | 1.526 ms                  | 3.654 ms                  |
| BarrierTimeBeforeRank0    | 20.877 us                 | 12.665 ms                 |
| AfterBackward             | 17.521 ms                 | 24.409 ms                 |
| BlockToStepN              | 48.200 ms                 | 77.132 ms                 |
| OneStep                   | 81.967 ms                 | 114.740 ms                |
+---------------------------+---------------------------+---------------------------+
+---------------------------+---------------------------+---------------------------+
| Name                      | P50                       | P99                       |
+---------------------------+---------------------------+---------------------------+
| ProcessBack:Shuffle       | 1.955 ms                  | 2.951 ms                  |
| ProcessBack:UpdateCache   | 1.730 ms                  | 2.118 ms                  |
| ProcessBack:UpsertPq      | 11.830 ms                 | 19.453 ms                 |
| ProcessOneStep            | 17.503 ms                 | 24.391 ms                 |
| BlockToStepN              | 48.329 ms                 | 77.342 ms                 |
+---------------------------+---------------------------+---------------------------+
W20240201 00:54:08.954022 3354315 grad_async_v1.h:429] Sleep in <BlockToStepN>, step_no=278, pq.top=278
W20240201 00:54:09.954005 3354315 grad_async_v1.h:429] Sleep in <BlockToStepN>, step_no=288, pq.top=288
W20240201 00:54:10.954005 3354315 grad_async_v1.h:429] Sleep in <BlockToStepN>, step_no=297, pq.top=297
[proc 1] 300 steps, total: 10.096, sample: 0.199, forward: 0.348, backward: 0.581, update: 0.157
[proc 0] 300 steps, total: 10.096, sample: 0.332, forward: 0.350, backward: 0.585, update: 0.153
[proc 2] 300 steps, total: 10.096, sample: 0.203, forward: 0.307, backward: 0.565, update: 0.175
[proc 3] 300 steps, total: 10.096, sample: 0.223, forward: 0.328, backward: 0.554, update: 0.145
W20240201 00:54:11.998414 3354315 grad_async_v1.h:429] Sleep in <BlockToStepN>, step_no=307, pq.top=307
W20240201 00:54:12.998008 3354315 grad_async_v1.h:429] Sleep in <BlockToStepN>, step_no=316, pq.top=316
+---------------------------+---------------------------+---------------------------+
| Name                      | P50                       | P99                       |
+---------------------------+---------------------------+---------------------------+
| GenInput                  | 1.320 ms                  | 17.524 ms                 |
| Forward                   | 3.538 ms                  | 5.446 ms                  |
| Backward                  | 5.988 ms                  | 6.936 ms                  |
| Optimize                  | 1.526 ms                  | 3.654 ms                  |
| BarrierTimeBeforeRank0    | 20.818 us                 | 12.665 ms                 |
| AfterBackward             | 17.485 ms                 | 26.485 ms                 |
| BlockToStepN              | 50.473 ms                 | 89.659 ms                 |
| OneStep                   | 85.432 ms                 | 131.468 ms                |
+---------------------------+---------------------------+---------------------------+
+---------------------------+---------------------------+---------------------------+
| Name                      | P50                       | P99                       |
+---------------------------+---------------------------+---------------------------+
| ProcessBack:Shuffle       | 1.944 ms                  | 2.569 ms                  |
| ProcessBack:UpdateCache   | 1.733 ms                  | 2.090 ms                  |
| ProcessBack:UpsertPq      | 11.996 ms                 | 19.453 ms                 |
| ProcessOneStep            | 17.468 ms                 | 26.442 ms                 |
| BlockToStepN              | 50.542 ms                 | 89.630 ms                 |
+---------------------------+---------------------------+---------------------------+
W20240201 00:54:13.998005 3354315 grad_async_v1.h:429] Sleep in <BlockToStepN>, step_no=325, pq.top=325
W20240201 00:54:14.998006 3354315 grad_async_v1.h:429] Sleep in <BlockToStepN>, step_no=335, pq.top=335
W20240201 00:54:15.998009 3354315 grad_async_v1.h:429] Sleep in <BlockToStepN>, step_no=344, pq.top=344
W20240201 00:54:16.999717 3354315 grad_async_v1.h:429] Sleep in <BlockToStepN>, step_no=353, pq.top=353
W20240201 00:54:17.999006 3354315 grad_async_v1.h:429] Sleep in <BlockToStepN>, step_no=362, pq.top=362
+---------------------------+---------------------------+---------------------------+
| Name                      | P50                       | P99                       |
+---------------------------+---------------------------+---------------------------+
| GenInput                  | 1.334 ms                  | 17.498 ms                 |
| Forward                   | 3.538 ms                  | 5.316 ms                  |
| Backward                  | 5.988 ms                  | 6.934 ms                  |
| Optimize                  | 1.526 ms                  | 3.654 ms                  |
| BarrierTimeBeforeRank0    | 21.337 us                 | 12.055 ms                 |
| AfterBackward             | 17.451 ms                 | 26.003 ms                 |
| BlockToStepN              | 52.631 ms                 | 89.856 ms                 |
| OneStep                   | 89.131 ms                 | 130.993 ms                |
+---------------------------+---------------------------+---------------------------+
+---------------------------+---------------------------+---------------------------+
| Name                      | P50                       | P99                       |
+---------------------------+---------------------------+---------------------------+
| ProcessBack:Shuffle       | 1.936 ms                  | 2.499 ms                  |
| ProcessBack:UpdateCache   | 1.735 ms                  | 2.066 ms                  |
| ProcessBack:UpsertPq      | 12.031 ms                 | 19.591 ms                 |
| ProcessOneStep            | 17.430 ms                 | 25.982 ms                 |
| BlockToStepN              | 52.875 ms                 | 89.765 ms                 |
+---------------------------+---------------------------+---------------------------+
W20240201 00:54:18.999006 3354315 grad_async_v1.h:429] Sleep in <BlockToStepN>, step_no=370, pq.top=370
W20240201 00:54:19.999009 3354315 grad_async_v1.h:429] Sleep in <BlockToStepN>, step_no=379, pq.top=379
W20240201 00:54:20.999004 3354315 grad_async_v1.h:429] Sleep in <BlockToStepN>, step_no=388, pq.top=388
W20240201 00:54:21.999006 3354315 grad_async_v1.h:429] Sleep in <BlockToStepN>, step_no=397, pq.top=397
[proc 0] 400 steps, total: 11.042, sample: 0.329, forward: 0.357, backward: 0.585, update: 0.179
[proc 3] 400 steps, total: 11.042, sample: 0.203, forward: 0.331, backward: 0.558, update: 0.141
[proc 2] 400 steps, total: 11.042, sample: 0.201, forward: 0.305, backward: 0.560, update: 0.167
[proc 1] 400 steps, total: 11.042, sample: 0.220, forward: 0.359, backward: 0.578, update: 0.154
W20240201 00:54:22.999011 3354315 grad_async_v1.h:429] Sleep in <BlockToStepN>, step_no=406, pq.top=406
+---------------------------+---------------------------+---------------------------+
| Name                      | P50                       | P99                       |
+---------------------------+---------------------------+---------------------------+
| GenInput                  | 1.353 ms                  | 17.524 ms                 |
| Forward                   | 3.523 ms                  | 5.316 ms                  |
| Backward                  | 5.985 ms                  | 6.934 ms                  |
| Optimize                  | 1.521 ms                  | 3.654 ms                  |
| BarrierTimeBeforeRank0    | 20.877 us                 | 12.665 ms                 |
| AfterBackward             | 17.451 ms                 | 26.003 ms                 |
| BlockToStepN              | 56.288 ms                 | 93.638 ms                 |
| OneStep                   | 93.096 ms                 | 133.298 ms                |
+---------------------------+---------------------------+---------------------------+
+---------------------------+---------------------------+---------------------------+
| Name                      | P50                       | P99                       |
+---------------------------+---------------------------+---------------------------+
| ProcessBack:Shuffle       | 1.931 ms                  | 2.499 ms                  |
| ProcessBack:UpdateCache   | 1.736 ms                  | 2.056 ms                  |
| ProcessBack:UpsertPq      | 12.213 ms                 | 19.972 ms                 |
| ProcessOneStep            | 17.430 ms                 | 25.982 ms                 |
| BlockToStepN              | 56.765 ms                 | 93.608 ms                 |
+---------------------------+---------------------------+---------------------------+
W20240201 00:54:23.999006 3354315 grad_async_v1.h:429] Sleep in <BlockToStepN>, step_no=415, pq.top=415
W20240201 00:54:25.024740 3354315 grad_async_v1.h:429] Sleep in <BlockToStepN>, step_no=425, pq.top=425
W20240201 00:54:26.024004 3354315 grad_async_v1.h:429] Sleep in <BlockToStepN>, step_no=433, pq.top=433
W20240201 00:54:27.024004 3354315 grad_async_v1.h:429] Sleep in <BlockToStepN>, step_no=441, pq.top=441
W20240201 00:54:28.047734 3354315 grad_async_v1.h:429] Sleep in <BlockToStepN>, step_no=450, pq.top=450
+---------------------------+---------------------------+---------------------------+
| Name                      | P50                       | P99                       |
+---------------------------+---------------------------+---------------------------+
| GenInput                  | 1.369 ms                  | 17.813 ms                 |
| Forward                   | 3.518 ms                  | 5.446 ms                  |
| Backward                  | 5.985 ms                  | 6.877 ms                  |
| Optimize                  | 1.509 ms                  | 3.626 ms                  |
| BarrierTimeBeforeRank0    | 20.850 us                 | 12.055 ms                 |
| AfterBackward             | 17.466 ms                 | 24.494 ms                 |
| BlockToStepN              | 59.808 ms                 | 99.799 ms                 |
| OneStep                   | 95.953 ms                 | 141.310 ms                |
+---------------------------+---------------------------+---------------------------+
+---------------------------+---------------------------+---------------------------+
| Name                      | P50                       | P99                       |
+---------------------------+---------------------------+---------------------------+
| ProcessBack:Shuffle       | 1.928 ms                  | 2.569 ms                  |
| ProcessBack:UpdateCache   | 1.738 ms                  | 2.049 ms                  |
| ProcessBack:UpsertPq      | 12.299 ms                 | 19.986 ms                 |
| ProcessOneStep            | 17.430 ms                 | 24.476 ms                 |
| BlockToStepN              | 60.502 ms                 | 99.116 ms                 |
+---------------------------+---------------------------+---------------------------+
W20240201 00:54:29.047003 3354315 grad_async_v1.h:429] Sleep in <BlockToStepN>, step_no=458, pq.top=458
W20240201 00:54:30.047010 3354315 grad_async_v1.h:429] Sleep in <BlockToStepN>, step_no=466, pq.top=466
W20240201 00:54:31.062644 3354315 grad_async_v1.h:429] Sleep in <BlockToStepN>, step_no=475, pq.top=475
W20240201 00:54:32.062005 3354315 grad_async_v1.h:429] Sleep in <BlockToStepN>, step_no=483, pq.top=483
W20240201 00:54:33.062009 3354315 grad_async_v1.h:429] Sleep in <BlockToStepN>, step_no=491, pq.top=491
+---------------------------+---------------------------+---------------------------+
| Name                      | P50                       | P99                       |
+---------------------------+---------------------------+---------------------------+
| GenInput                  | 1.385 ms                  | 18.230 ms                 |
| Forward                   | 3.526 ms                  | 5.531 ms                  |
| Backward                  | 5.981 ms                  | 6.877 ms                  |
| Optimize                  | 1.502 ms                  | 3.626 ms                  |
| BarrierTimeBeforeRank0    | 20.818 us                 | 12.353 ms                 |
| AfterBackward             | 17.472 ms                 | 26.003 ms                 |
| BlockToStepN              | 62.544 ms                 | 103.168 ms                |
| OneStep                   | 97.856 ms                 | 148.528 ms                |
+---------------------------+---------------------------+---------------------------+
+---------------------------+---------------------------+---------------------------+
| Name                      | P50                       | P99                       |
+---------------------------+---------------------------+---------------------------+
| ProcessBack:Shuffle       | 1.926 ms                  | 2.576 ms                  |
| ProcessBack:UpdateCache   | 1.737 ms                  | 2.056 ms                  |
| ProcessBack:UpsertPq      | 12.471 ms                 | 20.390 ms                 |
| ProcessOneStep            | 17.459 ms                 | 26.372 ms                 |
| BlockToStepN              | 62.635 ms                 | 105.585 ms                |
+---------------------------+---------------------------+---------------------------+
W20240201 00:54:34.062004 3354315 grad_async_v1.h:429] Sleep in <BlockToStepN>, step_no=500, pq.top=500
[proc 0] 500 steps, total: 11.784, sample: 0.364, forward: 0.354, backward: 0.580, update: 0.156
[proc 1] 500 steps, total: 11.784, sample: 0.202, forward: 0.359, backward: 0.576, update: 0.156
[proc 3] 500 steps, total: 11.784, sample: 0.208, forward: 0.334, backward: 0.558, update: 0.135
Successfully xmh. training takes 49.76902651786804 seconds
[proc 2] 500 steps, total: 11.784, sample: 0.207, forward: 0.304, backward: 0.560, update: 0.159
before call kg_cache_controller.StopThreads()
W20240201 00:54:34.139009 3354315 grad_async_v1.h:243] call StopThreads. PID = 3353973
W20240201 00:54:34.139020 3354315 grad_base.h:212] before processOneStepNegThread_.join();
[W tensorpipe_agent.cpp:725] RPC agent for worker0 encountered error when reading incoming request from worker2: eof (this error originated at tensorpipe/transport/shm/connection_impl.cc:259)
[W tensorpipe_agent.cpp:725] RPC agent for worker0 encountered error when reading incoming request from worker3: eof (this error originated at tensorpipe/transport/shm/connection_impl.cc:259)
[W tensorpipe_agent.cpp:725] RPC agent for worker0 encountered error when reading incoming request from worker1: eof (this error originated at tensorpipe/transport/shm/connection_impl.cc:259)
W20240201 00:54:34.148499 3354315 grad_base.h:214] after processOneStepNegThread_.join();
W20240201 00:54:34.148522 3354315 grad_async_v1.h:245] call GradProcessingBase::StopThreads.
W20240201 00:54:34.174582 3354315 grad_async_v1.h:264] StopThreads done.
On rank0, prepare to call self.controller.StopThreads(), self=<python.controller_process.KGCacheControllerWrapper object at 0x7ff4e6acb1d0>
