WARNING: Logging before InitGoogleLogging() is written to STDERR
I20240119 22:08:15.623521 22183 IPC_barrier.h:128] MultiProcessBarrierFactory->ClearIPCMemory()
W20240119 22:08:15.630517 22183 IPCTensor.h:367] NewIPCTensor: full_emb [100000000, 32]0x100000002000
/home/xieminhui/RecStore/src/framework_adapters/torch/python/perf_emb.py:148: DeprecationWarning: The 'warn' function is deprecated, use 'warning' instead
  XLOG.warn("After init DistEmbedding")
WARNING [22183 perf_emb.py:148] After init DistEmbedding
========== Running Perf with routine <function routine_local_cache_helper at 0x7f733d53dbc0>==========
Worker 1 pid=22579
Worker 2 pid=22580
Worker 3 pid=22581
Worker 4 pid=22582
Worker 5 pid=22583
Worker 6 pid=22584
INFO [22183 distributed_c10d.py:442] Added key: store_based_barrier_key:1 to store for rank: 0
INFO [22579 distributed_c10d.py:442] Added key: store_based_barrier_key:1 to store for rank: 1
INFO [22580 distributed_c10d.py:442] Added key: store_based_barrier_key:1 to store for rank: 2
INFO [22581 distributed_c10d.py:442] Added key: store_based_barrier_key:1 to store for rank: 3
INFO [22582 distributed_c10d.py:442] Added key: store_based_barrier_key:1 to store for rank: 4
INFO [22584 distributed_c10d.py:442] Added key: store_based_barrier_key:1 to store for rank: 6
INFO [22580 distributed_c10d.py:476] Rank 2: Completed store-based barrier for key:store_based_barrier_key:1 with 8 nodes.
INFO [22585 distributed_c10d.py:442] Added key: store_based_barrier_key:1 to store for rank: 7
INFO [22583 distributed_c10d.py:442] Added key: store_based_barrier_key:1 to store for rank: 5
INFO [22584 distributed_c10d.py:476] Rank 6: Completed store-based barrier for key:store_based_barrier_key:1 with 8 nodes.
INFO [22581 distributed_c10d.py:476] Rank 3: Completed store-based barrier for key:store_based_barrier_key:1 with 8 nodes.
INFO [22585 distributed_c10d.py:476] Rank 7: Completed store-based barrier for key:store_based_barrier_key:1 with 8 nodes.
INFO [22583 distributed_c10d.py:476] Rank 5: Completed store-based barrier for key:store_based_barrier_key:1 with 8 nodes.
INFO [22183 distributed_c10d.py:476] Rank 0: Completed store-based barrier for key:store_based_barrier_key:1 with 8 nodes.
INFO [22582 distributed_c10d.py:476] Rank 4: Completed store-based barrier for key:store_based_barrier_key:1 with 8 nodes.
E20240119 22:08:17.071883 22580 IPCTensor.h:346] IPCTensor full_emb already exists
E20240119 22:08:17.071952 22584 IPCTensor.h:346] IPCTensor full_emb already exists
INFO [22579 distributed_c10d.py:476] Rank 1: Completed store-based barrier for key:store_based_barrier_key:1 with 8 nodes.
E20240119 22:08:17.072206 22183 IPCTensor.h:346] IPCTensor full_emb already exists
E20240119 22:08:17.072224 22585 IPCTensor.h:346] IPCTensor full_emb already exists
E20240119 22:08:17.072360 22581 IPCTensor.h:346] IPCTensor full_emb already exists
E20240119 22:08:17.072407 22583 IPCTensor.h:346] IPCTensor full_emb already exists
E20240119 22:08:17.072436 22582 IPCTensor.h:346] IPCTensor full_emb already exists
E20240119 22:08:17.072536 22579 IPCTensor.h:346] IPCTensor full_emb already exists
W20240119 22:08:17.102777 22183 IPCTensor.h:406] NewIPCGPUTensor: embedding_cache_0 [5000000, 32]; dev=0; size=610.4 MB
W20240119 22:08:17.102792 22584 IPCTensor.h:406] NewIPCGPUTensor: embedding_cache_6 [5000000, 32]; dev=6; size=610.4 MB
W20240119 22:08:17.102797 22585 IPCTensor.h:406] NewIPCGPUTensor: embedding_cache_7 [5000000, 32]; dev=7; size=610.4 MB
W20240119 22:08:17.102797 22580 IPCTensor.h:406] NewIPCGPUTensor: embedding_cache_2 [5000000, 32]; dev=2; size=610.4 MB
W20240119 22:08:17.102876 22581 IPCTensor.h:406] NewIPCGPUTensor: embedding_cache_3 [5000000, 32]; dev=3; size=610.4 MB
W20240119 22:08:17.102876 22582 IPCTensor.h:406] NewIPCGPUTensor: embedding_cache_4 [5000000, 32]; dev=4; size=610.4 MB
W20240119 22:08:17.102901 22583 IPCTensor.h:406] NewIPCGPUTensor: embedding_cache_5 [5000000, 32]; dev=5; size=610.4 MB
W20240119 22:08:17.102901 22579 IPCTensor.h:406] NewIPCGPUTensor: embedding_cache_1 [5000000, 32]; dev=1; size=610.4 MB
W20240119 22:08:18.116199 22183 IPCTensor.h:367] NewIPCTensor: input_keys_0 [100000]0x1002faf0e000
W20240119 22:08:18.116328 22183 IPCTensor.h:367] NewIPCTensor: input_keys_neg_0 [100000]0x1002fafd3000
W20240119 22:08:18.116372 22183 IPCTensor.h:367] NewIPCTensor: backward_grads_0 [100000, 32]0x1002fb098000
W20240119 22:08:18.116406 22183 IPCTensor.h:367] NewIPCTensor: backward_grads_neg_0 [100000, 32]0x1002fbccf000
W20240119 22:08:18.116434 22183 IPCTensor.h:406] NewIPCGPUTensor: backward_grads_0_gpu [100000, 32]; dev=0; size=12.21 MB
W20240119 22:08:18.129541 22183 IPCTensor.h:406] NewIPCGPUTensor: backward_grads_neg_0_gpu [100000, 32]; dev=0; size=12.21 MB
W20240119 22:08:18.132231 22580 IPCTensor.h:367] NewIPCTensor: input_keys_2 [100000]0x1002fc90a000
W20240119 22:08:18.132333 22580 IPCTensor.h:367] NewIPCTensor: input_keys_neg_2 [100000]0x1002fc9cf000
W20240119 22:08:18.132365 22580 IPCTensor.h:367] NewIPCTensor: backward_grads_2 [100000, 32]0x1002fca94000
W20240119 22:08:18.132388 22580 IPCTensor.h:367] NewIPCTensor: backward_grads_neg_2 [100000, 32]0x1002fd6cb000
W20240119 22:08:18.132411 22580 IPCTensor.h:406] NewIPCGPUTensor: backward_grads_2_gpu [100000, 32]; dev=2; size=12.21 MB
W20240119 22:08:18.151352 22580 IPCTensor.h:406] NewIPCGPUTensor: backward_grads_neg_2_gpu [100000, 32]; dev=2; size=12.21 MB
W20240119 22:08:18.152827 22585 IPCTensor.h:367] NewIPCTensor: input_keys_7 [100000]0x1002fe308000
W20240119 22:08:18.152957 22585 IPCTensor.h:367] NewIPCTensor: input_keys_neg_7 [100000]0x1002fe3cd000
W20240119 22:08:18.153000 22585 IPCTensor.h:367] NewIPCTensor: backward_grads_7 [100000, 32]0x1002fe492000
W20240119 22:08:18.153028 22585 IPCTensor.h:367] NewIPCTensor: backward_grads_neg_7 [100000, 32]0x1002ff0c9000
W20240119 22:08:18.153055 22585 IPCTensor.h:406] NewIPCGPUTensor: backward_grads_7_gpu [100000, 32]; dev=7; size=12.21 MB
W20240119 22:08:18.183117 22585 IPCTensor.h:406] NewIPCGPUTensor: backward_grads_neg_7_gpu [100000, 32]; dev=7; size=12.21 MB
W20240119 22:08:18.183874 22581 IPCTensor.h:367] NewIPCTensor: input_keys_3 [100000]0x1002ffd06000
W20240119 22:08:18.184077 22581 IPCTensor.h:367] NewIPCTensor: input_keys_neg_3 [100000]0x1002ffdcb000
W20240119 22:08:18.184140 22581 IPCTensor.h:367] NewIPCTensor: backward_grads_3 [100000, 32]0x1002ffe90000
W20240119 22:08:18.184185 22581 IPCTensor.h:367] NewIPCTensor: backward_grads_neg_3 [100000, 32]0x100300ac7000
W20240119 22:08:18.184235 22581 IPCTensor.h:406] NewIPCGPUTensor: backward_grads_3_gpu [100000, 32]; dev=3; size=12.21 MB
W20240119 22:08:18.184810 22584 IPCTensor.h:367] NewIPCTensor: input_keys_6 [100000]0x100301700000
W20240119 22:08:18.184979 22584 IPCTensor.h:367] NewIPCTensor: input_keys_neg_6 [100000]0x1003017c7000
W20240119 22:08:18.185030 22584 IPCTensor.h:367] NewIPCTensor: backward_grads_6 [100000, 32]0x10030188c000
W20240119 22:08:18.185053 22579 IPCTensor.h:367] NewIPCTensor: input_keys_1 [100000]0x1003024c3000
W20240119 22:08:18.185079 22584 IPCTensor.h:367] NewIPCTensor: backward_grads_neg_6 [100000, 32]0x100302588000
W20240119 22:08:18.185119 22584 IPCTensor.h:406] NewIPCGPUTensor: backward_grads_6_gpu [100000, 32]; dev=6; size=12.21 MB
W20240119 22:08:18.185156 22579 IPCTensor.h:367] NewIPCTensor: input_keys_neg_1 [100000]0x1003031bf000
W20240119 22:08:18.185191 22579 IPCTensor.h:367] NewIPCTensor: backward_grads_1 [100000, 32]0x100303284000
W20240119 22:08:18.185221 22579 IPCTensor.h:367] NewIPCTensor: backward_grads_neg_1 [100000, 32]0x100303ebb000
W20240119 22:08:18.185246 22579 IPCTensor.h:406] NewIPCGPUTensor: backward_grads_1_gpu [100000, 32]; dev=1; size=12.21 MB
W20240119 22:08:18.187335 22581 IPCTensor.h:406] NewIPCGPUTensor: backward_grads_neg_3_gpu [100000, 32]; dev=3; size=12.21 MB
W20240119 22:08:18.193922 22584 IPCTensor.h:406] NewIPCGPUTensor: backward_grads_neg_6_gpu [100000, 32]; dev=6; size=12.21 MB
W20240119 22:08:18.193956 22579 IPCTensor.h:406] NewIPCGPUTensor: backward_grads_neg_1_gpu [100000, 32]; dev=1; size=12.21 MB
W20240119 22:08:18.219507 22583 IPCTensor.h:367] NewIPCTensor: input_keys_5 [100000]0x100304b04000
W20240119 22:08:18.219673 22583 IPCTensor.h:367] NewIPCTensor: input_keys_neg_5 [100000]0x100304bc9000
W20240119 22:08:18.219705 22583 IPCTensor.h:367] NewIPCTensor: backward_grads_5 [100000, 32]0x100304c8e000
W20240119 22:08:18.219730 22583 IPCTensor.h:367] NewIPCTensor: backward_grads_neg_5 [100000, 32]0x10030598a000
W20240119 22:08:18.219732 22582 IPCTensor.h:367] NewIPCTensor: input_keys_4 [100000]0x1003058c5000
W20240119 22:08:18.219756 22583 IPCTensor.h:406] NewIPCGPUTensor: backward_grads_5_gpu [100000, 32]; dev=5; size=12.21 MB
W20240119 22:08:18.219866 22582 IPCTensor.h:367] NewIPCTensor: input_keys_neg_4 [100000]0x1003065c1000
W20240119 22:08:18.219914 22582 IPCTensor.h:367] NewIPCTensor: backward_grads_4 [100000, 32]0x100306686000
W20240119 22:08:18.219952 22582 IPCTensor.h:367] NewIPCTensor: backward_grads_neg_4 [100000, 32]0x1003072bd000
W20240119 22:08:18.219988 22582 IPCTensor.h:406] NewIPCGPUTensor: backward_grads_4_gpu [100000, 32]; dev=4; size=12.21 MB
W20240119 22:08:18.221841 22583 IPCTensor.h:406] NewIPCGPUTensor: backward_grads_neg_5_gpu [100000, 32]; dev=5; size=12.21 MB
W20240119 22:08:18.221858 22582 IPCTensor.h:406] NewIPCGPUTensor: backward_grads_neg_4_gpu [100000, 32]; dev=4; size=12.21 MB
cudaHostRegister 0x100000002000
3: KnownLocalCachedEmbedding init done
cudaHostRegister 0x100000002000
2: KnownLocalCachedEmbedding init done
cudaHostRegister 0x100000002000
1: KnownLocalCachedEmbedding init done
cudaHostRegister 0x100000002000
4: KnownLocalCachedEmbedding init done
cudaHostRegister 0x100000002000
7: KnownLocalCachedEmbedding init done
cudaHostRegister 0x100000002000
5: KnownLocalCachedEmbedding init done
cudaHostRegister 0x100000002000
6: KnownLocalCachedEmbedding init done
Worker 7 pid=22585
New CachedEmbedding, name=full_emb, shape=(100000000, 32), cache_type=KnownLocalCachedEmbedding
fixed cache_range is [(0, 5000000), (5000000, 10000000), (10000000, 15000000), (15000000, 20000000), (20000000, 25000000), (25000000, 30000000), (30000000, 35000000), (35000000, 40000000)]
cudaHostRegister 0x100000002000
0: KnownLocalCachedEmbedding init done
W20240119 22:08:22.826197 22582 IPCTensor.h:367] NewIPCTensor: cached_sampler_r4_0 [100000]0x100307efc000
W20240119 22:08:22.826339 22582 IPCTensor.h:367] NewIPCTensor: cached_sampler_r4_1 [100000]0x100307fc1000
W20240119 22:08:22.826376 22582 IPCTensor.h:367] NewIPCTensor: cached_sampler_r4_2 [100000]0x100308086000
W20240119 22:08:22.826507 22582 IPCTensor.h:367] NewIPCTensor: cached_sampler_r4_3 [100000]0x10030814b000
W20240119 22:08:22.826560 22582 IPCTensor.h:367] NewIPCTensor: cached_sampler_r4_4 [100000]0x100308210000
W20240119 22:08:22.826601 22582 IPCTensor.h:367] NewIPCTensor: cached_sampler_r4_5 [100000]0x1003082d5000
W20240119 22:08:22.826634 22582 IPCTensor.h:367] NewIPCTensor: cached_sampler_r4_6 [100000]0x10030839a000
W20240119 22:08:22.826833 22582 IPCTensor.h:367] NewIPCTensor: cached_sampler_r4_7 [100000]0x10030845f000
W20240119 22:08:22.826881 22582 IPCTensor.h:367] NewIPCTensor: cached_sampler_r4_8 [100000]0x1003085e9000
W20240119 22:08:22.826896 22585 IPCTensor.h:367] NewIPCTensor: cached_sampler_r7_0 [100000]0x100308524000
W20240119 22:08:22.827026 22579 IPCTensor.h:367] NewIPCTensor: cached_sampler_r1_0 [100000]0x1003086ae000
W20240119 22:08:22.827234 22585 IPCTensor.h:367] NewIPCTensor: cached_sampler_r7_1 [100000]0x100308773000
W20240119 22:08:22.827283 22582 IPCTensor.h:367] NewIPCTensor: cached_sampler_r4_9 [100000]0x100308838000
W20240119 22:08:22.827342 22579 IPCTensor.h:367] NewIPCTensor: cached_sampler_r1_1 [100000]0x1003088fd000
W20240119 22:08:22.827353 22585 IPCTensor.h:367] NewIPCTensor: cached_sampler_r7_2 [100000]0x1003089c2000
W20240119 22:08:22.827368 22582 IPCTensor.h:367] NewIPCTensor: step_r4 [10]0x100308a87000
W20240119 22:08:22.827409 22582 IPCTensor.h:367] NewIPCTensor: circle_buffer_end_r4 [1]0x100308a89000
W20240119 22:08:22.827411 22579 IPCTensor.h:367] NewIPCTensor: cached_sampler_r1_2 [100000]0x100308a8b000
W20240119 22:08:22.827440 22582 IPCTensor.h:367] NewIPCTensor: circle_buffer_end_cppseen_r4 [1]0x100308b50000
W20240119 22:08:22.827468 22579 IPCTensor.h:367] NewIPCTensor: cached_sampler_r1_3 [100000]0x100308b52000
W20240119 22:08:22.827478 22585 IPCTensor.h:367] NewIPCTensor: cached_sampler_r7_3 [100000]0x100308c17000
W20240119 22:08:22.827526 22579 IPCTensor.h:367] NewIPCTensor: cached_sampler_r1_4 [100000]0x100308cdc000
W20240119 22:08:22.827567 22585 IPCTensor.h:367] NewIPCTensor: cached_sampler_r7_4 [100000]0x100308e66000
W20240119 22:08:22.827591 22579 IPCTensor.h:367] NewIPCTensor: cached_sampler_r1_5 [100000]0x100308f2b000
W20240119 22:08:22.827633 22585 IPCTensor.h:367] NewIPCTensor: cached_sampler_r7_5 [100000]0x100308ff0000
W20240119 22:08:22.827646 22579 IPCTensor.h:367] NewIPCTensor: cached_sampler_r1_6 [100000]0x1003090b5000
W20240119 22:08:22.827595 22581 IPCTensor.h:367] NewIPCTensor: cached_sampler_r3_0 [100000]0x100308da1000
W20240119 22:08:22.827723 22579 IPCTensor.h:367] NewIPCTensor: cached_sampler_r1_7 [100000]0x10030917a000
W20240119 22:08:22.827726 22585 IPCTensor.h:367] NewIPCTensor: cached_sampler_r7_6 [100000]0x10030923f000
Construct PerfSampler done
W20240119 22:08:22.828102 22183 IPCTensor.h:367] NewIPCTensor: cached_sampler_r0_0 [100000]0x100309304000
I20240119 22:08:22.828738 22582 IPC_barrier.h:118] CreateBarrier: new barrier, name: kgcachecontroller, count: 8
W20240119 22:08:22.828819 22579 IPCTensor.h:367] NewIPCTensor: cached_sampler_r1_8 [100000]0x1003093c9000
W20240119 22:08:22.828871 22183 IPCTensor.h:367] NewIPCTensor: cached_sampler_r0_1 [100000]0x10030948e000
W20240119 22:08:22.829349 22183 IPCTensor.h:367] NewIPCTensor: cached_sampler_r0_2 [100000]0x100309618000
W20240119 22:08:22.829355 22579 IPCTensor.h:367] NewIPCTensor: cached_sampler_r1_9 [100000]0x1003096dd000
W20240119 22:08:22.829509 22584 IPCTensor.h:367] NewIPCTensor: cached_sampler_r6_0 [100000]0x100309867000
W20240119 22:08:22.829411 22583 IPCTensor.h:367] NewIPCTensor: cached_sampler_r5_0 [100000]0x100309553000
W20240119 22:08:22.829440 22580 IPCTensor.h:367] NewIPCTensor: cached_sampler_r2_0 [100000]0x1003097a2000
W20240119 22:08:22.829591 22579 IPCTensor.h:367] NewIPCTensor: step_r1 [10]0x10030992c000
W20240119 22:08:22.829928 22579 IPCTensor.h:367] NewIPCTensor: circle_buffer_end_r1 [1]0x10030992e000
W20240119 22:08:22.829967 22579 IPCTensor.h:367] NewIPCTensor: circle_buffer_end_cppseen_r1 [1]0x100309930000
W20240119 22:08:22.830035 22585 IPCTensor.h:367] NewIPCTensor: cached_sampler_r7_7 [100000]0x100309932000
W20240119 22:08:22.830317 22583 IPCTensor.h:367] NewIPCTensor: cached_sampler_r5_1 [100000]0x1003099f7000
W20240119 22:08:22.830322 22183 IPCTensor.h:367] NewIPCTensor: cached_sampler_r0_3 [100000]0x100309abc000
Construct PerfSampler done
W20240119 22:08:22.830358 22183 IPCTensor.h:367] NewIPCTensor: cached_sampler_r0_4 [100000]0x100309b81000
W20240119 22:08:22.830379 22583 IPCTensor.h:367] NewIPCTensor: cached_sampler_r5_2 [100000]0x100309c46000
W20240119 22:08:22.830403 22183 IPCTensor.h:367] NewIPCTensor: cached_sampler_r0_5 [100000]0x100309d0b000
W20240119 22:08:22.830448 22583 IPCTensor.h:367] NewIPCTensor: cached_sampler_r5_3 [100000]0x100309dd0000
W20240119 22:08:22.830459 22183 IPCTensor.h:367] NewIPCTensor: cached_sampler_r0_6 [100000]0x100309e95000
I20240119 22:08:22.830457 22579 IPC_barrier.h:112] CreateBarrier: find existing barrier, name: kgcachecontroller, count: 8
W20240119 22:08:22.830546 22584 IPCTensor.h:367] NewIPCTensor: cached_sampler_r6_1 [100000]0x100309f5a000
W20240119 22:08:22.830552 22183 IPCTensor.h:367] NewIPCTensor: cached_sampler_r0_7 [100000]0x10030a0e4000
W20240119 22:08:22.830550 22580 IPCTensor.h:367] NewIPCTensor: cached_sampler_r2_1 [100000]0x10030a01f000
W20240119 22:08:22.830583 22583 IPCTensor.h:367] NewIPCTensor: cached_sampler_r5_4 [100000]0x10030a1a9000
W20240119 22:08:22.830623 22183 IPCTensor.h:367] NewIPCTensor: cached_sampler_r0_8 [100000]0x10030a26e000
W20240119 22:08:22.830627 22580 IPCTensor.h:367] NewIPCTensor: cached_sampler_r2_2 [100000]0x10030a333000
W20240119 22:08:22.830648 22584 IPCTensor.h:367] NewIPCTensor: cached_sampler_r6_2 [100000]0x10030a3f8000
W20240119 22:08:22.830672 22583 IPCTensor.h:367] NewIPCTensor: cached_sampler_r5_5 [100000]0x10030a4bd000
W20240119 22:08:22.830682 22183 IPCTensor.h:367] NewIPCTensor: cached_sampler_r0_9 [100000]0x10030a582000
W20240119 22:08:22.830727 22584 IPCTensor.h:367] NewIPCTensor: cached_sampler_r6_3 [100000]0x10030a647000
W20240119 22:08:22.830744 22183 IPCTensor.h:367] NewIPCTensor: step_r0 [10]0x10030a70c000
W20240119 22:08:22.830754 22580 IPCTensor.h:367] NewIPCTensor: cached_sampler_r2_3 [100000]0x10030a70e000
W20240119 22:08:22.830771 22583 IPCTensor.h:367] NewIPCTensor: cached_sampler_r5_6 [100000]0x10030a7d3000
W20240119 22:08:22.830773 22183 IPCTensor.h:367] NewIPCTensor: circle_buffer_end_r0 [1]0x10030a898000
W20240119 22:08:22.830793 22584 IPCTensor.h:367] NewIPCTensor: cached_sampler_r6_4 [100000]0x10030a89a000
W20240119 22:08:22.830812 22183 IPCTensor.h:367] NewIPCTensor: circle_buffer_end_cppseen_r0 [1]0x10030a95f000
W20240119 22:08:22.830816 22580 IPCTensor.h:367] NewIPCTensor: cached_sampler_r2_4 [100000]0x10030a961000
W20240119 22:08:22.830842 22584 IPCTensor.h:367] NewIPCTensor: cached_sampler_r6_5 [100000]0x10030aa26000
W20240119 22:08:22.830868 22580 IPCTensor.h:367] NewIPCTensor: cached_sampler_r2_5 [100000]0x10030aaeb000
W20240119 22:08:22.830899 22583 IPCTensor.h:367] NewIPCTensor: cached_sampler_r5_7 [100000]0x10030abb0000
W20240119 22:08:22.830904 22584 IPCTensor.h:367] NewIPCTensor: cached_sampler_r6_6 [100000]0x10030ac75000
W20240119 22:08:22.830909 22580 IPCTensor.h:367] NewIPCTensor: cached_sampler_r2_6 [100000]0x10030ad3a000
W20240119 22:08:22.830960 22583 IPCTensor.h:367] NewIPCTensor: cached_sampler_r5_8 [100000]0x10030adff000
W20240119 22:08:22.830974 22580 IPCTensor.h:367] NewIPCTensor: cached_sampler_r2_7 [100000]0x10030aec4000
W20240119 22:08:22.830986 22584 IPCTensor.h:367] NewIPCTensor: cached_sampler_r6_7 [100000]0x10030af89000
W20240119 22:08:22.831029 22583 IPCTensor.h:367] NewIPCTensor: cached_sampler_r5_9 [100000]0x10030b04e000
W20240119 22:08:22.831055 22580 IPCTensor.h:367] NewIPCTensor: cached_sampler_r2_8 [100000]0x10030b113000
W20240119 22:08:22.831069 22584 IPCTensor.h:367] NewIPCTensor: cached_sampler_r6_8 [100000]0x10030b1d8000
W20240119 22:08:22.831094 22580 IPCTensor.h:367] NewIPCTensor: cached_sampler_r2_9 [100000]0x10030b29d000
W20240119 22:08:22.831105 22583 IPCTensor.h:367] NewIPCTensor: step_r5 [10]0x10030b362000
W20240119 22:08:22.831143 22584 IPCTensor.h:367] NewIPCTensor: cached_sampler_r6_9 [100000]0x10030b364000
Construct PerfSampler done
W20240119 22:08:22.831152 22583 IPCTensor.h:367] NewIPCTensor: circle_buffer_end_r5 [1]0x10030b429000
W20240119 22:08:22.831188 22580 IPCTensor.h:367] NewIPCTensor: step_r2 [10]0x10030b42b000
W20240119 22:08:22.831194 22583 IPCTensor.h:367] NewIPCTensor: circle_buffer_end_cppseen_r5 [1]0x10030b42d000
W20240119 22:08:22.831202 22584 IPCTensor.h:367] NewIPCTensor: step_r6 [10]0x10030b42f000
W20240119 22:08:22.831241 22580 IPCTensor.h:367] NewIPCTensor: circle_buffer_end_r2 [1]0x10030b431000
W20240119 22:08:22.831272 22580 IPCTensor.h:367] NewIPCTensor: circle_buffer_end_cppseen_r2 [1]0x10030b433000
I20240119 22:08:22.831270 22183 IPC_barrier.h:112] CreateBarrier: find existing barrier, name: kgcachecontroller, count: 8
W20240119 22:08:22.831274 22584 IPCTensor.h:367] NewIPCTensor: circle_buffer_end_r6 [1]0x10030b435000
W20240119 22:08:22.831310 22584 IPCTensor.h:367] NewIPCTensor: circle_buffer_end_cppseen_r6 [1]0x10030b437000
Construct PerfSampler done
Construct PerfSampler done
Construct PerfSampler done
W20240119 22:08:22.832120 22585 IPCTensor.h:367] NewIPCTensor: cached_sampler_r7_8 [100000]0x10030b439000
I20240119 22:08:22.832124 22583 IPC_barrier.h:112] CreateBarrier: find existing barrier, name: kgcachecontroller, count: 8
I20240119 22:08:22.832141 22580 IPC_barrier.h:112] CreateBarrier: find existing barrier, name: kgcachecontroller, count: 8
W20240119 22:08:22.832171 22585 IPCTensor.h:367] NewIPCTensor: cached_sampler_r7_9 [100000]0x10030b4fe000
W20240119 22:08:22.832248 22585 IPCTensor.h:367] NewIPCTensor: step_r7 [10]0x10030b5c3000
I20240119 22:08:22.832281 22584 IPC_barrier.h:112] CreateBarrier: find existing barrier, name: kgcachecontroller, count: 8
W20240119 22:08:22.832288 22585 IPCTensor.h:367] NewIPCTensor: circle_buffer_end_r7 [1]0x10030b5c5000
W20240119 22:08:22.832317 22585 IPCTensor.h:367] NewIPCTensor: circle_buffer_end_cppseen_r7 [1]0x10030b5c7000
Construct PerfSampler done
W20240119 22:08:22.832826 22581 IPCTensor.h:367] NewIPCTensor: cached_sampler_r3_1 [100000]0x10030b5c9000
W20240119 22:08:22.832916 22581 IPCTensor.h:367] NewIPCTensor: cached_sampler_r3_2 [100000]0x10030b68e000
I20240119 22:08:22.832919 22585 IPC_barrier.h:112] CreateBarrier: find existing barrier, name: kgcachecontroller, count: 8
W20240119 22:08:22.832959 22581 IPCTensor.h:367] NewIPCTensor: cached_sampler_r3_3 [100000]0x10030b753000
W20240119 22:08:22.832999 22581 IPCTensor.h:367] NewIPCTensor: cached_sampler_r3_4 [100000]0x10030b818000
W20240119 22:08:22.833034 22581 IPCTensor.h:367] NewIPCTensor: cached_sampler_r3_5 [100000]0x10030b8dd000
W20240119 22:08:22.833076 22581 IPCTensor.h:367] NewIPCTensor: cached_sampler_r3_6 [100000]0x10030b9a2000
W20240119 22:08:22.833119 22581 IPCTensor.h:367] NewIPCTensor: cached_sampler_r3_7 [100000]0x10030ba67000
W20240119 22:08:22.833165 22581 IPCTensor.h:367] NewIPCTensor: cached_sampler_r3_8 [100000]0x10030bb2c000
W20240119 22:08:22.833196 22581 IPCTensor.h:367] NewIPCTensor: cached_sampler_r3_9 [100000]0x10030bbf1000
W20240119 22:08:22.833235 22581 IPCTensor.h:367] NewIPCTensor: step_r3 [10]0x10030bcb6000
W20240119 22:08:22.833277 22581 IPCTensor.h:367] NewIPCTensor: circle_buffer_end_r3 [1]0x10030bcb8000
W20240119 22:08:22.833303 22581 IPCTensor.h:367] NewIPCTensor: circle_buffer_end_cppseen_r3 [1]0x10030bcba000
Construct PerfSampler done
I20240119 22:08:22.833667 22581 IPC_barrier.h:112] CreateBarrier: find existing barrier, name: kgcachecontroller, count: 8
W20240119 22:08:22.834741 22183 grad_base.h:55] KGCacheController, config={
        "num_gpus": 8,
        "L": 10,
        "kForwardItersPerStep": 1,
        "clr": 1,
        "backwardMode": "CppAsyncV2",
        "nr_background_threads": 16, 
        "cache_ratio": 0.05,
        "backgrad_init": "both"
    }
W20240119 22:08:22.834862 22183 grad_base.h:172] Init GradProcessingBase done
I20240119 22:08:32.255285 22183 grad_async_v2.h:32] Use background thread to update emb. nr_background_threads=16
W20240119 22:08:32.255618 22183 kg_controller.h:78] after init GradAsyncProcessingV2
I20240119 22:08:32.255643 22183 kg_controller.h:84] Construct KGCacheController done
[W socket.cpp:601] [c10d] The client socket has failed to connect to [localhost]:29500 (errno: 101 - Network is unreachable).
[W socket.cpp:601] [c10d] The client socket has failed to connect to [localhost]:29500 (errno: 101 - Network is unreachable).
[W socket.cpp:601] [c10d] The client socket has failed to connect to [localhost]:29500 (errno: 101 - Network is unreachable).
Construct KGCacheControllerWrapper done
Construct KGCacheControllerWrapper done
Construct KGCacheControllerWrapper done
Construct KGCacheControllerWrapper done
Construct KGCacheControllerWrapper done
Construct KGCacheControllerWrapper done
Construct KGCacheControllerWrapper done
Construct KGCacheControllerWrapper done
I20240119 22:08:33.992890 22183 grad_base.h:60] GraphEnv RegTensorsPerProcess
W20240119 22:08:36.379768 24696 grad_async_v2.h:120] Detect new sample comes, old_end0, new_end1
E20240119 22:08:36.379963 24696 parallel_pq_v2.h:76] insert failed, size(hashtable)=1
E20240119 22:08:37.379045 24696 parallel_pq_v2.h:76] insert failed, size(hashtable)=4
W20240119 22:08:37.455682 24696 grad_async_v2.h:120] Detect new sample comes, old_end1, new_end2
E20240119 22:08:38.379016 24696 parallel_pq_v2.h:76] insert failed, size(hashtable)=0
W20240119 22:08:38.471307 24696 grad_async_v2.h:120] Detect new sample comes, old_end3, new_end4
E20240119 22:08:39.379019 24696 parallel_pq_v2.h:76] insert failed, size(hashtable)=5
W20240119 22:08:39.477473 24696 grad_async_v2.h:120] Detect new sample comes, old_end4, new_end5
W20240119 22:08:39.987020 24695 HazptrDomain.h:767] 10 request backlog for hazptr asynchronous reclamation executor
E20240119 22:08:40.379019 24696 parallel_pq_v2.h:76] insert failed, size(hashtable)=0
W20240119 22:08:40.515103 24696 grad_async_v2.h:120] Detect new sample comes, old_end7, new_end8
Before Training
I20240119 22:08:41.102985 22183 IPC_barrier.h:118] CreateBarrier: new barrier, name: start_barrier, count: 8
Before Training
I20240119 22:08:41.192992 22580 IPC_barrier.h:112] CreateBarrier: find existing barrier, name: start_barrier, count: 8
Before Training
I20240119 22:08:41.236564 22581 IPC_barrier.h:112] CreateBarrier: find existing barrier, name: start_barrier, count: 8
Before Training
I20240119 22:08:41.283823 22582 IPC_barrier.h:112] CreateBarrier: find existing barrier, name: start_barrier, count: 8
Before Training
I20240119 22:08:41.327108 22583 IPC_barrier.h:112] CreateBarrier: find existing barrier, name: start_barrier, count: 8
Before Training
I20240119 22:08:41.373559 22584 IPC_barrier.h:112] CreateBarrier: find existing barrier, name: start_barrier, count: 8
E20240119 22:08:41.379011 24696 parallel_pq_v2.h:76] insert failed, size(hashtable)=10
Before Training
I20240119 22:08:41.417398 22585 IPC_barrier.h:112] CreateBarrier: find existing barrier, name: start_barrier, count: 8
Before Training
I20240119 22:08:41.460808 22579 IPC_barrier.h:112] CreateBarrier: find existing barrier, name: start_barrier, count: 8
========== Step 0 ========== 
========== Step 0 ========== 
========== Step 0 ========== 
========== Step 0 ========== 
========== Step 0 ========== 
========== Step 0 ========== 
========== Step 0 ========== 
========== Step 0 ========== 
W20240119 22:08:41.541307 24696 grad_async_v2.h:120] Detect new sample comes, old_end0, new_end1
+---------------------------+---------------------------+---------------------------+
| Name                      | P50                       | P99                       |
+---------------------------+---------------------------+---------------------------+
| GenInput:CircleBuffer     | 417.014 us                | 417.014 us                |
| GenInput                  | 3.944 ms                  | 3.944 ms                  |
| Forward                   | 44.093 ms                 | 44.093 ms                 |
| Backward                  | 23.611 ms                 | 23.611 ms                 |
| Optimize                  | 634.075 us                | 634.075 us                |
| BarrierTimeBeforeRank0    | 15.014 ms                 | 15.014 ms                 |
+---------------------------+---------------------------+---------------------------+
E20240119 22:08:43.579386 22183 parallel_pq_v2.h:76] insert failed, size(hashtable)=1
W20240119 22:08:43.778839 22183 grad_async_v2.h:249] Sleep in <BlockToStepN>, step_no=1, pq.top=1
========== Step 1 ========== 
========== Step 1 ========== 
========== Step 1 ========== 
W20240119 22:08:43.794000 24696 grad_async_v2.h:120] Detect new sample comes, old_end1, new_end2
========== Step 1 ========== 
========== Step 1 ========== 
========== Step 1 ========== 
========== Step 1 ========== 
========== Step 1 ========== 
+---------------------------+---------------------------+---------------------------+
| Name                      | P50                       | P99                       |
+---------------------------+---------------------------+---------------------------+
| ProcessBack:Shuffle       | 23.309 ms                 | 459.062 ms                |
| ProcessBack:UpdateCache   | 24.492 ms                 | 1.507 s                   |
| ProcessBack:UpsertPq      | 119.484 ms                | 199.260 ms                |
| ProcessOneStep            | 167.842 ms                | 2.226 s                   |
| BlockToStepN              | 13.845 ms                 | 13.845 ms                 |
+---------------------------+---------------------------+---------------------------+
========== Step 2 ========== 
========== Step 2 ========== 
========== Step 2 ========== 
========== Step 2 ========== 
========== Step 2 ========== 
========== Step 2 ========== 
========== Step 2 ========== 
========== Step 2 ========== 
========== Step 3 ========== 
========== Step 3 ========== 
========== Step 3 ========== 
========== Step 3 ========== 
========== Step 3 ========== 
========== Step 3 ========== 
========== Step 3 ========== 
========== Step 3 ========== 
E20240119 22:08:44.579013 22183 parallel_pq_v2.h:76] insert failed, size(hashtable)=8
========== Step 4 ========== 
========== Step 4 ========== 
========== Step 4 ========== 
========== Step 4 ========== 
========== Step 4 ========== 
========== Step 4 ========== 
========== Step 4 ========== 
========== Step 4 ========== 
W20240119 22:08:44.824358 24696 grad_async_v2.h:120] Detect new sample comes, old_end4, new_end5
W20240119 22:08:45.012985 22183 grad_async_v2.h:249] Sleep in <BlockToStepN>, step_no=5, pq.top=5
========== Step 5 ========== 
========== Step 5 ========== 
========== Step 5 ========== 
========== Step 5 ========== 
========== Step 5 ========== 
========== Step 5 ========== 
========== Step 5 ========== 
========== Step 5 ========== 
========== Step 6 ========== 
========== Step 6 ========== 
========== Step 6 ========== 
========== Step 6 ========== 
========== Step 6 ========== 
========== Step 6 ========== 
========== Step 6 ========== 
========== Step 6 ========== 
========== Step 7 ========== 
========== Step 7 ========== 
========== Step 7 ========== 
========== Step 7 ========== 
========== Step 7 ========== 
========== Step 7 ========== 
========== Step 7 ========== 
========== Step 7 ========== 
E20240119 22:08:45.579020 24696 parallel_pq_v2.h:76] insert failed, size(hashtable)=13
========== Step 8 ========== 
========== Step 8 ========== 
========== Step 8 ========== 
========== Step 8 ========== 
========== Step 8 ========== 
========== Step 8 ========== 
========== Step 8 ========== 
========== Step 8 ========== 
W20240119 22:08:45.917892 24696 grad_async_v2.h:120] Detect new sample comes, old_end6, new_end9
W20240119 22:08:46.234601 22183 grad_async_v2.h:249] Sleep in <BlockToStepN>, step_no=9, pq.top=9
========== Step 9 ========== 
========== Step 9 ========== 
========== Step 9 ========== 
========== Step 9 ========== 
========== Step 9 ========== 
========== Step 9 ========== 
========== Step 9 ========== 
========== Step 9 ========== 
========== Step 10 ========== 
========== Step 10 ========== 
========== Step 10 ========== 
========== Step 10 ========== 
========== Step 10 ========== 
========== Step 10 ========== 
========== Step 10 ========== 
========== Step 10 ========== 
E20240119 22:08:46.579015 24696 parallel_pq_v2.h:76] insert failed, size(hashtable)=68
========== Step 11 ========== 
========== Step 11 ========== 
========== Step 11 ========== 
========== Step 11 ========== 
========== Step 11 ========== 
========== Step 11 ========== 
========== Step 11 ========== 
========== Step 11 ========== 
W20240119 22:08:46.964592 24696 grad_async_v2.h:120] Detect new sample comes, old_end8, new_end2
========== Step 12 ========== 
========== Step 12 ========== 
========== Step 12 ========== 
========== Step 12 ========== 
========== Step 12 ========== 
========== Step 12 ========== 
========== Step 12 ========== 
========== Step 12 ========== 
W20240119 22:08:47.419894 22183 grad_async_v2.h:249] Sleep in <BlockToStepN>, step_no=13, pq.top=13
========== Step 13 ========== 
========== Step 13 ========== 
========== Step 13 ========== 
========== Step 13 ========== 
========== Step 13 ========== 
========== Step 13 ========== 
========== Step 13 ========== 
========== Step 13 ========== 
E20240119 22:08:47.579032 24696 parallel_pq_v2.h:76] insert failed, size(hashtable)=94
+---------------------------+---------------------------+---------------------------+
| Name                      | P50                       | P99                       |
+---------------------------+---------------------------+---------------------------+
| GenInput:CircleBuffer     | 157.364 us                | 515.186 us                |
| GenInput                  | 1.681 ms                  | 4.414 ms                  |
| Forward                   | 456.275 us                | 44.093 ms                 |
| Backward                  | 1.006 ms                  | 23.611 ms                 |
| Optimize                  | 161.833 us                | 634.075 us                |
| BarrierTimeBeforeRank0    | 700.150 us                | 15.014 ms                 |
| AfterBackward             | 277.618 ms                | 2.226 s                   |
| BlockToStepN              | 25.764 ms                 | 33.581 ms                 |
| OneStep                   | 306.551 ms                | 2.332 s                   |
+---------------------------+---------------------------+---------------------------+
========== Step 14 ========== 
========== Step 14 ========== 
========== Step 14 ========== 
========== Step 14 ========== 
========== Step 14 ========== 
========== Step 14 ========== 
========== Step 14 ========== 
========== Step 14 ========== 
W20240119 22:08:48.013932 24696 grad_async_v2.h:120] Detect new sample comes, old_end0, new_end5
========== Step 15 ========== 
========== Step 15 ========== 
========== Step 15 ========== 
========== Step 15 ========== 
========== Step 15 ========== 
========== Step 15 ========== 
========== Step 15 ========== 
========== Step 15 ========== 
W20240119 22:08:48.422124 22183 grad_async_v2.h:249] Sleep in <BlockToStepN>, step_no=16, pq.top=16
========== Step 16 ========== 
========== Step 16 ========== 
========== Step 16 ========== 
========== Step 16 ========== 
========== Step 16 ========== 
========== Step 16 ========== 
========== Step 16 ========== 
========== Step 16 ========== 
E20240119 22:08:48.579012 24696 parallel_pq_v2.h:76] insert failed, size(hashtable)=60
========== Step 17 ========== 
========== Step 17 ========== 
========== Step 17 ========== 
========== Step 17 ========== 
========== Step 17 ========== 
========== Step 17 ========== 
========== Step 17 ========== 
========== Step 17 ========== 
+---------------------------+---------------------------+---------------------------+
| Name                      | P50                       | P99                       |
+---------------------------+---------------------------+---------------------------+
| ProcessBack:Shuffle       | 136.538 ms                | 459.062 ms                |
| ProcessBack:UpdateCache   | 24.232 ms                 | 1.507 s                   |
| ProcessBack:UpsertPq      | 129.150 ms                | 199.260 ms                |
| ProcessOneStep            | 277.072 ms                | 2.226 s                   |
| BlockToStepN              | 26.915 ms                 | 37.258 ms                 |
+---------------------------+---------------------------+---------------------------+
W20240119 22:08:49.013581 24696 grad_async_v2.h:120] Detect new sample comes, old_end3, new_end8
========== Step 18 ========== 
========== Step 18 ========== 
========== Step 18 ========== 
========== Step 18 ========== 
========== Step 18 ========== 
========== Step 18 ========== 
========== Step 18 ========== 
========== Step 18 ========== 
========== Step 19 ========== 
========== Step 19 ========== 
========== Step 19 ========== 
========== Step 19 ========== 
========== Step 19 ========== 
========== Step 19 ========== 
========== Step 19 ========== 
========== Step 19 ========== 
W20240119 22:08:49.447640 22183 grad_async_v2.h:249] Sleep in <BlockToStepN>, step_no=20, pq.top=19
========== Step 20 ========== 
========== Step 20 ========== 
========== Step 20 ========== 
========== Step 20 ========== 
========== Step 20 ========== 
========== Step 20 ========== 
========== Step 20 ========== 
========== Step 20 ========== 
E20240119 22:08:49.579077 24696 parallel_pq_v2.h:76] insert failed, size(hashtable)=81
========== Step 21 ========== 
========== Step 21 ========== 
========== Step 21 ========== 
========== Step 21 ========== 
========== Step 21 ========== 
========== Step 21 ========== 
========== Step 21 ========== 
========== Step 21 ========== 
========== Step 22 ========== 
========== Step 22 ========== 
========== Step 22 ========== 
========== Step 22 ========== 
========== Step 22 ========== 
========== Step 22 ========== 
========== Step 22 ========== 
========== Step 22 ========== 
W20240119 22:08:50.184846 24696 grad_async_v2.h:120] Detect new sample comes, old_end5, new_end3
========== Step 23 ========== 
========== Step 23 ========== 
========== Step 23 ========== 
========== Step 23 ========== 
========== Step 23 ========== 
========== Step 23 ========== 
========== Step 23 ========== 
========== Step 23 ========== 
W20240119 22:08:50.543715 22183 grad_async_v2.h:249] Sleep in <BlockToStepN>, step_no=24, pq.top=24
E20240119 22:08:50.579006 24695 parallel_pq_v2.h:76] insert failed, size(hashtable)=8245
========== Step 24 ========== 
========== Step 24 ========== 
========== Step 24 ========== 
========== Step 24 ========== 
========== Step 24 ========== 
========== Step 24 ========== 
========== Step 24 ========== 
========== Step 24 ========== 
========== Step 25 ========== 
========== Step 25 ========== 
========== Step 25 ========== 
========== Step 25 ========== 
========== Step 25 ========== 
========== Step 25 ========== 
========== Step 25 ========== 
========== Step 25 ========== 
========== Step 26 ========== 
========== Step 26 ========== 
========== Step 26 ========== 
========== Step 26 ========== 
========== Step 26 ========== 
========== Step 26 ========== 
========== Step 26 ========== 
========== Step 26 ========== 
W20240119 22:08:51.241115 24696 grad_async_v2.h:120] Detect new sample comes, old_end6, new_end7
========== Step 27 ========== 
========== Step 27 ========== 
========== Step 27 ========== 
========== Step 27 ========== 
========== Step 27 ========== 
========== Step 27 ========== 
========== Step 27 ========== 
========== Step 27 ========== 
E20240119 22:08:51.579015 24696 parallel_pq_v2.h:76] insert failed, size(hashtable)=0
W20240119 22:08:52.370487 24696 grad_async_v2.h:120] Detect new sample comes, old_end1, new_end8
E20240119 22:08:52.579028 24696 parallel_pq_v2.h:76] insert failed, size(hashtable)=4232
+---------------------------+---------------------------+---------------------------+
| Name                      | P50                       | P99                       |
+---------------------------+---------------------------+---------------------------+
| GenInput:CircleBuffer     | 124.870 us                | 515.186 us                |
| GenInput                  | 1.540 ms                  | 4.414 ms                  |
| Forward                   | 382.319 us                | 44.093 ms                 |
| Backward                  | 999.483 us                | 23.611 ms                 |
| Optimize                  | 119.909 us                | 634.075 us                |
| BarrierTimeBeforeRank0    | 728.139 us                | 15.014 ms                 |
| AfterBackward             | 261.409 ms                | 2.226 s                   |
| BlockToStepN              | 29.741 ms                 | 41.625 ms                 |
| OneStep                   | 297.528 ms                | 2.332 s                   |
+---------------------------+---------------------------+---------------------------+
W20240119 22:08:53.038904 22183 grad_async_v2.h:249] Sleep in <BlockToStepN>, step_no=28, pq.top=28
========== Step 28 ========== 
========== Step 28 ========== 
========== Step 28 ========== 
========== Step 28 ========== 
========== Step 28 ========== 
========== Step 28 ========== 
========== Step 28 ========== 
========== Step 28 ========== 
W20240119 22:08:53.375125 24696 grad_async_v2.h:120] Detect new sample comes, old_end8, new_end9
========== Step 29 ========== 
========== Step 29 ========== 
========== Step 29 ========== 
========== Step 29 ========== 
========== Step 29 ========== 
========== Step 29 ========== 
========== Step 29 ========== 
========== Step 29 ========== 
E20240119 22:08:53.579012 24696 parallel_pq_v2.h:76] insert failed, size(hashtable)=48207
========== Step 30 ========== 
========== Step 30 ========== 
========== Step 30 ========== 
========== Step 30 ========== 
========== Step 30 ========== 
========== Step 30 ========== 
========== Step 30 ========== 
========== Step 30 ========== 
========== Step 31 ========== 
========== Step 31 ========== 
========== Step 31 ========== 
========== Step 31 ========== 
========== Step 31 ========== 
========== Step 31 ========== 
========== Step 31 ========== 
========== Step 31 ========== 
+---------------------------+---------------------------+---------------------------+
| Name                      | P50                       | P99                       |
+---------------------------+---------------------------+---------------------------+
| ProcessBack:Shuffle       | 142.022 ms                | 459.062 ms                |
| ProcessBack:UpdateCache   | 24.163 ms                 | 1.507 s                   |
| ProcessBack:UpsertPq      | 114.344 ms                | 216.397 ms                |
| ProcessOneStep            | 266.150 ms                | 2.226 s                   |
| BlockToStepN              | 28.827 ms                 | 41.532 ms                 |
+---------------------------+---------------------------+---------------------------+
W20240119 22:08:54.241750 22183 grad_async_v2.h:249] Sleep in <BlockToStepN>, step_no=32, pq.top=32
========== Step 32 ========== 
========== Step 32 ========== 
========== Step 32 ========== 
========== Step 32 ========== 
========== Step 32 ========== 
========== Step 32 ========== 
========== Step 32 ========== 
========== Step 32 ========== 
W20240119 22:08:54.382228 24696 grad_async_v2.h:120] Detect new sample comes, old_end1, new_end3
E20240119 22:08:54.579020 24696 parallel_pq_v2.h:76] insert failed, size(hashtable)=34866
========== Step 33 ========== 
========== Step 33 ========== 
========== Step 33 ========== 
========== Step 33 ========== 
========== Step 33 ========== 
========== Step 33 ========== 
========== Step 33 ========== 
========== Step 33 ========== 
========== Step 34 ========== 
========== Step 34 ========== 
========== Step 34 ========== 
========== Step 34 ========== 
========== Step 34 ========== 
========== Step 34 ========== 
========== Step 34 ========== 
========== Step 34 ========== 
========== Step 35 ========== 
========== Step 35 ========== 
========== Step 35 ========== 
========== Step 35 ========== 
========== Step 35 ========== 
========== Step 35 ========== 
========== Step 35 ========== 
========== Step 35 ========== 
========== Step 36 ========== 
========== Step 36 ========== 
========== Step 36 ========== 
========== Step 36 ========== 
========== Step 36 ========== 
========== Step 36 ========== 
========== Step 36 ========== 
========== Step 36 ========== 
========== Step 37 ========== 
========== Step 37 ========== 
========== Step 37 ========== 
========== Step 37 ========== 
========== Step 37 ========== 
========== Step 37 ========== 
========== Step 37 ========== 
========== Step 37 ========== 
W20240119 22:08:55.566422 24696 grad_async_v2.h:120] Detect new sample comes, old_end4, new_end8
E20240119 22:08:55.579017 24695 parallel_pq_v2.h:76] insert failed, size(hashtable)=19517
W20240119 22:08:55.864315 22183 grad_async_v2.h:249] Sleep in <BlockToStepN>, step_no=38, pq.top=38
========== Step 38 ========== 
========== Step 38 ========== 
========== Step 38 ========== 
========== Step 38 ========== 
========== Step 38 ========== 
========== Step 38 ========== 
========== Step 38 ========== 
========== Step 38 ========== 
========== Step 39 ========== 
========== Step 39 ========== 
========== Step 39 ========== 
========== Step 39 ========== 
========== Step 39 ========== 
========== Step 39 ========== 
========== Step 39 ========== 
========== Step 39 ========== 
========== Step 40 ========== 
========== Step 40 ========== 
========== Step 40 ========== 
========== Step 40 ========== 
========== Step 40 ========== 
========== Step 40 ========== 
========== Step 40 ========== 
========== Step 40 ========== 
E20240119 22:08:56.579012 24695 parallel_pq_v2.h:76] insert failed, size(hashtable)=11468
========== Step 41 ========== 
========== Step 41 ========== 
========== Step 41 ========== 
========== Step 41 ========== 
========== Step 41 ========== 
========== Step 41 ========== 
========== Step 41 ========== 
========== Step 41 ========== 
========== Step 42 ========== 
========== Step 42 ========== 
========== Step 42 ========== 
========== Step 42 ========== 
========== Step 42 ========== 
========== Step 42 ========== 
========== Step 42 ========== 
========== Step 42 ========== 
W20240119 22:08:56.837174 24696 grad_async_v2.h:120] Detect new sample comes, old_end5, new_end3
W20240119 22:08:56.902101 22183 grad_async_v2.h:249] Sleep in <BlockToStepN>, step_no=43, pq.top=43
========== Step 43 ========== 
========== Step 43 ========== 
========== Step 43 ========== 
========== Step 43 ========== 
========== Step 43 ========== 
========== Step 43 ========== 
========== Step 43 ========== 
========== Step 43 ========== 
========== Step 44 ========== 
========== Step 44 ========== 
========== Step 44 ========== 
========== Step 44 ========== 
========== Step 44 ========== 
========== Step 44 ========== 
========== Step 44 ========== 
========== Step 44 ========== 
========== Step 45 ========== 
========== Step 45 ========== 
========== Step 45 ========== 
========== Step 45 ========== 
========== Step 45 ========== 
========== Step 45 ========== 
========== Step 45 ========== 
========== Step 45 ========== 
E20240119 22:08:57.579021 24696 parallel_pq_v2.h:76] insert failed, size(hashtable)=197
========== Step 46 ========== 
========== Step 46 ========== 
========== Step 46 ========== 
========== Step 46 ========== 
========== Step 46 ========== 
========== Step 46 ========== 
========== Step 46 ========== 
========== Step 46 ========== 
+---------------------------+---------------------------+---------------------------+
| Name                      | P50                       | P99                       |
+---------------------------+---------------------------+---------------------------+
| GenInput:CircleBuffer     | 124.188 us                | 515.186 us                |
| GenInput                  | 1.473 ms                  | 4.414 ms                  |
| Forward                   | 379.454 us                | 44.093 ms                 |
| Backward                  | 982.659 us                | 23.611 ms                 |
| Optimize                  | 116.683 us                | 634.075 us                |
| BarrierTimeBeforeRank0    | 721.405 us                | 15.014 ms                 |
| AfterBackward             | 261.409 ms                | 2.226 s                   |
| BlockToStepN              | 22.555 ms                 | 41.625 ms                 |
| OneStep                   | 290.541 ms                | 2.332 s                   |
+---------------------------+---------------------------+---------------------------+
W20240119 22:08:58.322386 24696 grad_async_v2.h:120] Detect new sample comes, old_end8, new_end7
E20240119 22:08:58.579021 24696 parallel_pq_v2.h:76] insert failed, size(hashtable)=2238
+---------------------------+---------------------------+---------------------------+
| Name                      | P50                       | P99                       |
+---------------------------+---------------------------+---------------------------+
| ProcessBack:Shuffle       | 126.742 ms                | 459.062 ms                |
| ProcessBack:UpdateCache   | 23.683 ms                 | 1.507 s                   |
| ProcessBack:UpsertPq      | 102.295 ms                | 216.397 ms                |
| ProcessOneStep            | 261.370 ms                | 2.226 s                   |
| BlockToStepN              | 22.448 ms                 | 41.532 ms                 |
+---------------------------+---------------------------+---------------------------+
W20240119 22:08:59.388754 24696 grad_async_v2.h:120] Detect new sample comes, old_end0, new_end7
E20240119 22:08:59.579020 24696 parallel_pq_v2.h:76] insert failed, size(hashtable)=15698
========== Step 47 ========== 
========== Step 47 ========== 
========== Step 47 ========== 
========== Step 47 ========== 
========== Step 47 ========== 
========== Step 47 ========== 
========== Step 47 ========== 
========== Step 47 ========== 
========== Step 48 ========== 
========== Step 48 ========== 
========== Step 48 ========== 
========== Step 48 ========== 
========== Step 48 ========== 
========== Step 48 ========== 
========== Step 48 ========== 
========== Step 48 ========== 
W20240119 22:09:00.470041 24696 grad_async_v2.h:120] Detect new sample comes, old_end8, new_end9
W20240119 22:09:00.549088 22183 grad_async_v2.h:249] Sleep in <BlockToStepN>, step_no=49, pq.top=49
========== Step 49 ========== 
========== Step 49 ========== 
========== Step 49 ========== 
========== Step 49 ========== 
========== Step 49 ========== 
========== Step 49 ========== 
========== Step 49 ========== 
