WARNING: Logging before InitGoogleLogging() is written to STDERR
I20240211 11:27:25.417654 62392 IPC_barrier.h:128] MultiProcessBarrierFactory->ClearIPCMemory()
W20240211 11:27:25.427561 62392 IPCTensor.h:369] NewIPCTensor: full_emb [9449206, 32]0x100000002000 1.126 GB
/data/home/xieminhui/RecStore/src/framework_adapters/torch/python/perf_rec_model.py:152: DeprecationWarning: The 'warn' function is deprecated, use 'warning' instead
  XLOG.warn("After init DistEmbedding")
WARNING [62392 perf_rec_model.py:152] After init DistEmbedding
========== Running Perf with routine <function routine_local_cache_helper at 0x7f677fd4d8a0>==========
Worker 1 pid=64513
Worker 2 pid=64514
Worker 3 pid=64515
Worker 4 pid=64516
Worker 5 pid=64517
Worker 6 pid=64518
INFO [62392 distributed_c10d.py:442] Added key: store_based_barrier_key:1 to store for rank: 0
INFO [64513 distributed_c10d.py:442] Added key: store_based_barrier_key:1 to store for rank: 1
INFO [64514 distributed_c10d.py:442] Added key: store_based_barrier_key:1 to store for rank: 2
INFO [64516 distributed_c10d.py:442] Added key: store_based_barrier_key:1 to store for rank: 4
INFO [64515 distributed_c10d.py:442] Added key: store_based_barrier_key:1 to store for rank: 3
INFO [64517 distributed_c10d.py:442] Added key: store_based_barrier_key:1 to store for rank: 5
INFO [64516 distributed_c10d.py:476] Rank 4: Completed store-based barrier for key:store_based_barrier_key:1 with 8 nodes.
INFO [64515 distributed_c10d.py:476] Rank 3: Completed store-based barrier for key:store_based_barrier_key:1 with 8 nodes.
INFO [64517 distributed_c10d.py:476] Rank 5: Completed store-based barrier for key:store_based_barrier_key:1 with 8 nodes.
INFO [64514 distributed_c10d.py:476] Rank 2: Completed store-based barrier for key:store_based_barrier_key:1 with 8 nodes.
INFO [64519 distributed_c10d.py:442] Added key: store_based_barrier_key:1 to store for rank: 7
INFO [64518 distributed_c10d.py:442] Added key: store_based_barrier_key:1 to store for rank: 6
INFO [64513 distributed_c10d.py:476] Rank 1: Completed store-based barrier for key:store_based_barrier_key:1 with 8 nodes.
E20240211 11:27:31.730152 64516 IPCTensor.h:348] IPCTensor full_emb already exists
E20240211 11:27:31.730320 64515 IPCTensor.h:348] IPCTensor full_emb already exists
INFO [64519 distributed_c10d.py:476] Rank 7: Completed store-based barrier for key:store_based_barrier_key:1 with 8 nodes.
INFO [64518 distributed_c10d.py:476] Rank 6: Completed store-based barrier for key:store_based_barrier_key:1 with 8 nodes.
E20240211 11:27:31.730371 64517 IPCTensor.h:348] IPCTensor full_emb already exists
E20240211 11:27:31.730669 64514 IPCTensor.h:348] IPCTensor full_emb already exists
E20240211 11:27:31.731017 64513 IPCTensor.h:348] IPCTensor full_emb already exists
E20240211 11:27:31.731384 64518 IPCTensor.h:348] IPCTensor full_emb already exists
E20240211 11:27:31.731384 64519 IPCTensor.h:348] IPCTensor full_emb already exists
INFO [62392 distributed_c10d.py:476] Rank 0: Completed store-based barrier for key:store_based_barrier_key:1 with 8 nodes.
E20240211 11:27:31.733325 62392 IPCTensor.h:348] IPCTensor full_emb already exists
W20240211 11:27:37.069978 64516 IPCTensor.h:409] NewIPCGPUTensor: embedding_cache_4 [944920, 32]; dev=4; size=115.3 MB
W20240211 11:27:37.070295 64518 IPCTensor.h:409] NewIPCGPUTensor: embedding_cache_6 [944920, 32]; dev=6; size=115.3 MB
W20240211 11:27:37.071537 64514 IPCTensor.h:409] NewIPCGPUTensor: embedding_cache_2 [944920, 32]; dev=2; size=115.3 MB
W20240211 11:27:37.072163 64519 IPCTensor.h:409] NewIPCGPUTensor: embedding_cache_7 [944920, 32]; dev=7; size=115.3 MB
W20240211 11:27:37.072479 62392 IPCTensor.h:409] NewIPCGPUTensor: embedding_cache_0 [944920, 32]; dev=0; size=115.3 MB
W20240211 11:27:37.072851 64515 IPCTensor.h:409] NewIPCGPUTensor: embedding_cache_3 [944920, 32]; dev=3; size=115.3 MB
W20240211 11:27:37.073834 64513 IPCTensor.h:409] NewIPCGPUTensor: embedding_cache_1 [944920, 32]; dev=1; size=115.3 MB
W20240211 11:27:37.083228 64517 IPCTensor.h:409] NewIPCGPUTensor: embedding_cache_5 [944920, 32]; dev=5; size=115.3 MB
W20240211 11:27:37.820418 62392 IPCTensor.h:369] NewIPCTensor: input_keys_0 [1000000]0x10004817d000 7.629 MB
W20240211 11:27:37.820643 62392 IPCTensor.h:369] NewIPCTensor: input_keys_neg_0 [1000000]0x100048920000 7.629 MB
W20240211 11:27:37.820712 62392 IPCTensor.h:369] NewIPCTensor: backward_grads_0 [1000000, 32]0x1000490c3000 122.1 MB
W20240211 11:27:37.820760 62392 IPCTensor.h:369] NewIPCTensor: backward_grads_neg_0 [1000000, 32]0x100050ad7000 122.1 MB
W20240211 11:27:37.820798 62392 IPCTensor.h:409] NewIPCGPUTensor: backward_grads_0_gpu [1000000, 32]; dev=0; size=122.1 MB
W20240211 11:27:37.821458 62392 IPCTensor.h:409] NewIPCGPUTensor: backward_grads_neg_0_gpu [1000000, 32]; dev=0; size=122.1 MB
W20240211 11:27:37.853566 64518 IPCTensor.h:369] NewIPCTensor: input_keys_6 [1000000]0x1000584f1000 7.629 MB
W20240211 11:27:37.853749 64518 IPCTensor.h:369] NewIPCTensor: input_keys_neg_6 [1000000]0x100058c94000 7.629 MB
W20240211 11:27:37.853794 64518 IPCTensor.h:369] NewIPCTensor: backward_grads_6 [1000000, 32]0x100059437000 122.1 MB
W20240211 11:27:37.853842 64518 IPCTensor.h:369] NewIPCTensor: backward_grads_neg_6 [1000000, 32]0x100060e4b000 122.1 MB
W20240211 11:27:37.853878 64518 IPCTensor.h:409] NewIPCGPUTensor: backward_grads_6_gpu [1000000, 32]; dev=6; size=122.1 MB
W20240211 11:27:37.872396 64518 IPCTensor.h:409] NewIPCGPUTensor: backward_grads_neg_6_gpu [1000000, 32]; dev=6; size=122.1 MB
W20240211 11:27:37.873643 64519 IPCTensor.h:369] NewIPCTensor: input_keys_7 [1000000]0x100068865000 7.629 MB
W20240211 11:27:37.874066 64519 IPCTensor.h:369] NewIPCTensor: input_keys_neg_7 [1000000]0x100069008000 7.629 MB
W20240211 11:27:37.874147 64519 IPCTensor.h:369] NewIPCTensor: backward_grads_7 [1000000, 32]0x1000697ad000 122.1 MB
W20240211 11:27:37.874202 64519 IPCTensor.h:369] NewIPCTensor: backward_grads_neg_7 [1000000, 32]0x1000711c3000 122.1 MB
W20240211 11:27:37.874243 64519 IPCTensor.h:409] NewIPCGPUTensor: backward_grads_7_gpu [1000000, 32]; dev=7; size=122.1 MB
W20240211 11:27:37.874311 64517 IPCTensor.h:369] NewIPCTensor: input_keys_5 [1000000]0x100078bd7000 7.629 MB
W20240211 11:27:37.874378 64516 IPCTensor.h:369] NewIPCTensor: input_keys_4 [1000000]0x10007937a000 7.629 MB
W20240211 11:27:37.874470 64517 IPCTensor.h:369] NewIPCTensor: input_keys_neg_5 [1000000]0x100079b1d000 7.629 MB
W20240211 11:27:37.874517 64517 IPCTensor.h:369] NewIPCTensor: backward_grads_5 [1000000, 32]0x10007a2c0000 122.1 MB
W20240211 11:27:37.874560 64517 IPCTensor.h:369] NewIPCTensor: backward_grads_neg_5 [1000000, 32]0x100081cd4000 122.1 MB
W20240211 11:27:37.874593 64516 IPCTensor.h:369] NewIPCTensor: input_keys_neg_4 [1000000]0x1000896e8000 7.629 MB
W20240211 11:27:37.874600 64517 IPCTensor.h:409] NewIPCGPUTensor: backward_grads_5_gpu [1000000, 32]; dev=5; size=122.1 MB
W20240211 11:27:37.874648 64516 IPCTensor.h:369] NewIPCTensor: backward_grads_4 [1000000, 32]0x100089e8b000 122.1 MB
W20240211 11:27:37.874706 64516 IPCTensor.h:369] NewIPCTensor: backward_grads_neg_4 [1000000, 32]0x10009189f000 122.1 MB
W20240211 11:27:37.874747 64516 IPCTensor.h:409] NewIPCGPUTensor: backward_grads_4_gpu [1000000, 32]; dev=4; size=122.1 MB
W20240211 11:27:37.875015 64519 IPCTensor.h:409] NewIPCGPUTensor: backward_grads_neg_7_gpu [1000000, 32]; dev=7; size=122.1 MB
W20240211 11:27:37.875582 64517 IPCTensor.h:409] NewIPCGPUTensor: backward_grads_neg_5_gpu [1000000, 32]; dev=5; size=122.1 MB
W20240211 11:27:37.875667 64516 IPCTensor.h:409] NewIPCGPUTensor: backward_grads_neg_4_gpu [1000000, 32]; dev=4; size=122.1 MB
W20240211 11:27:37.901440 64513 IPCTensor.h:369] NewIPCTensor: input_keys_1 [1000000]0x1000992c3000 7.629 MB
W20240211 11:27:37.901657 64515 IPCTensor.h:369] NewIPCTensor: input_keys_3 [1000000]0x100099a66000 7.629 MB
W20240211 11:27:37.901682 64513 IPCTensor.h:369] NewIPCTensor: input_keys_neg_1 [1000000]0x10009a209000 7.629 MB
W20240211 11:27:37.901762 64513 IPCTensor.h:369] NewIPCTensor: backward_grads_1 [1000000, 32]0x10009a9ac000 122.1 MB
W20240211 11:27:37.901804 64513 IPCTensor.h:369] NewIPCTensor: backward_grads_neg_1 [1000000, 32]0x1000a23c0000 122.1 MB
W20240211 11:27:37.901854 64513 IPCTensor.h:409] NewIPCGPUTensor: backward_grads_1_gpu [1000000, 32]; dev=1; size=122.1 MB
W20240211 11:27:37.901868 64515 IPCTensor.h:369] NewIPCTensor: input_keys_neg_3 [1000000]0x1000a9dd4000 7.629 MB
W20240211 11:27:37.901932 64515 IPCTensor.h:369] NewIPCTensor: backward_grads_3 [1000000, 32]0x1000aa577000 122.1 MB
W20240211 11:27:37.901979 64515 IPCTensor.h:369] NewIPCTensor: backward_grads_neg_3 [1000000, 32]0x1000b1f8b000 122.1 MB
W20240211 11:27:37.902014 64515 IPCTensor.h:409] NewIPCGPUTensor: backward_grads_3_gpu [1000000, 32]; dev=3; size=122.1 MB
W20240211 11:27:37.903132 64513 IPCTensor.h:409] NewIPCGPUTensor: backward_grads_neg_1_gpu [1000000, 32]; dev=1; size=122.1 MB
W20240211 11:27:37.903457 64515 IPCTensor.h:409] NewIPCGPUTensor: backward_grads_neg_3_gpu [1000000, 32]; dev=3; size=122.1 MB
W20240211 11:27:38.030264 64514 IPCTensor.h:369] NewIPCTensor: input_keys_2 [1000000]0x1000b99a9000 7.629 MB
W20240211 11:27:38.030452 64514 IPCTensor.h:369] NewIPCTensor: input_keys_neg_2 [1000000]0x1000ba14c000 7.629 MB
W20240211 11:27:38.030495 64514 IPCTensor.h:369] NewIPCTensor: backward_grads_2 [1000000, 32]0x1000ba8ef000 122.1 MB
W20240211 11:27:38.030534 64514 IPCTensor.h:369] NewIPCTensor: backward_grads_neg_2 [1000000, 32]0x1000c2303000 122.1 MB
W20240211 11:27:38.030566 64514 IPCTensor.h:409] NewIPCGPUTensor: backward_grads_2_gpu [1000000, 32]; dev=2; size=122.1 MB
W20240211 11:27:38.043591 64514 IPCTensor.h:409] NewIPCGPUTensor: backward_grads_neg_2_gpu [1000000, 32]; dev=2; size=122.1 MB
Worker 7 pid=64519
New CachedEmbedding, name=full_emb, shape=(9449206, 32), cache_type=KnownLocalCachedEmbedding
fixed cache_range is [(0, 944920), (944920, 1889840), (1889840, 2834760), (2834760, 3779680), (3779680, 4724600), (4724600, 5669520), (5669520, 6614440), (6614440, 7559360)]
cudaHostRegister 0x100000002000
0: KnownLocalCachedEmbedding init done
cudaHostRegister 0x100000002000
2: KnownLocalCachedEmbedding init done
cudaHostRegister 0x100000002000
3: KnownLocalCachedEmbedding init done
cudaHostRegister 0x100000002000
7: KnownLocalCachedEmbedding init done
cudaHostRegister 0x100000002000
5: KnownLocalCachedEmbedding init done
cudaHostRegister 0x100000002000
1: KnownLocalCachedEmbedding init done
cudaHostRegister 0x100000002000
6: KnownLocalCachedEmbedding init done
cudaHostRegister 0x100000002000
4: KnownLocalCachedEmbedding init done
W20240211 11:27:42.790211 64517 IPCTensor.h:369] NewIPCTensor: cached_sampler_r5_0 [1000000]0x1000c9d1b000 7.629 MB
W20240211 11:27:42.790434 64517 IPCTensor.h:369] NewIPCTensor: cached_sampler_r5_1 [1000000]0x1000ca4be000 7.629 MB
W20240211 11:27:42.790494 64517 IPCTensor.h:369] NewIPCTensor: cached_sampler_r5_2 [1000000]0x1000cac61000 7.629 MB
W20240211 11:27:42.790572 64517 IPCTensor.h:369] NewIPCTensor: cached_sampler_r5_3 [1000000]0x1000cb404000 7.629 MB
W20240211 11:27:42.790604 64517 IPCTensor.h:369] NewIPCTensor: cached_sampler_r5_4 [1000000]0x1000cbba7000 7.629 MB
W20240211 11:27:42.790656 64517 IPCTensor.h:369] NewIPCTensor: cached_sampler_r5_5 [1000000]0x1000cc34a000 7.629 MB
W20240211 11:27:42.790704 64517 IPCTensor.h:369] NewIPCTensor: cached_sampler_r5_6 [1000000]0x1000ccaed000 7.629 MB
W20240211 11:27:42.790757 64517 IPCTensor.h:369] NewIPCTensor: cached_sampler_r5_7 [1000000]0x1000cd290000 7.629 MB
W20240211 11:27:42.790819 64517 IPCTensor.h:369] NewIPCTensor: cached_sampler_r5_8 [1000000]0x1000cda33000 7.629 MB
W20240211 11:27:42.790851 64517 IPCTensor.h:369] NewIPCTensor: cached_sampler_r5_9 [1000000]0x1000ce1d6000 7.629 MB
W20240211 11:27:42.790884 64517 IPCTensor.h:369] NewIPCTensor: step_r5 [10]0x1000ce979000 80 B 
W20240211 11:27:42.790916 64517 IPCTensor.h:369] NewIPCTensor: circle_buffer_end_r5 [1]0x1000ce97b000 8 B 
W20240211 11:27:42.790942 64517 IPCTensor.h:369] NewIPCTensor: circle_buffer_end_cppseen_r5 [1]0x1000ce97d000 8 B 
Dataset:  /home/xieminhui/RecStoreDataset/avazu_binary
Dataset loaded
np.max =  9449205
np.min=  1
Construct RecModelSampler done
I20240211 11:27:42.791373 64517 IPC_barrier.h:118] CreateBarrier: new barrier, name: kgcachecontroller, count: 8
W20240211 11:27:42.881754 64515 IPCTensor.h:369] NewIPCTensor: cached_sampler_r3_0 [1000000]0x1000ce97f000 7.629 MB
W20240211 11:27:42.881937 64515 IPCTensor.h:369] NewIPCTensor: cached_sampler_r3_1 [1000000]0x1000cf122000 7.629 MB
W20240211 11:27:42.881973 64515 IPCTensor.h:369] NewIPCTensor: cached_sampler_r3_2 [1000000]0x1000cf8c5000 7.629 MB
W20240211 11:27:42.882005 64515 IPCTensor.h:369] NewIPCTensor: cached_sampler_r3_3 [1000000]0x1000d0068000 7.629 MB
W20240211 11:27:42.882033 64515 IPCTensor.h:369] NewIPCTensor: cached_sampler_r3_4 [1000000]0x1000d080b000 7.629 MB
W20240211 11:27:42.882063 64515 IPCTensor.h:369] NewIPCTensor: cached_sampler_r3_5 [1000000]0x1000d0fae000 7.629 MB
W20240211 11:27:42.882091 64515 IPCTensor.h:369] NewIPCTensor: cached_sampler_r3_6 [1000000]0x1000d1751000 7.629 MB
W20240211 11:27:42.882138 64515 IPCTensor.h:369] NewIPCTensor: cached_sampler_r3_7 [1000000]0x1000d1ef4000 7.629 MB
W20240211 11:27:42.882169 64515 IPCTensor.h:369] NewIPCTensor: cached_sampler_r3_8 [1000000]0x1000d2697000 7.629 MB
W20240211 11:27:42.882198 64515 IPCTensor.h:369] NewIPCTensor: cached_sampler_r3_9 [1000000]0x1000d2e3a000 7.629 MB
W20240211 11:27:42.882225 64515 IPCTensor.h:369] NewIPCTensor: step_r3 [10]0x1000d35dd000 80 B 
W20240211 11:27:42.882253 64515 IPCTensor.h:369] NewIPCTensor: circle_buffer_end_r3 [1]0x1000d35df000 8 B 
W20240211 11:27:42.882274 64515 IPCTensor.h:369] NewIPCTensor: circle_buffer_end_cppseen_r3 [1]0x1000d35e1000 8 B 
Dataset:  /home/xieminhui/RecStoreDataset/avazu_binary
Dataset loaded
np.max =  9449205
np.min=  1
Construct RecModelSampler done
I20240211 11:27:42.882643 64515 IPC_barrier.h:112] CreateBarrier: find existing barrier, name: kgcachecontroller, count: 8
W20240211 11:27:42.883402 64513 IPCTensor.h:369] NewIPCTensor: cached_sampler_r1_0 [1000000]0x1000d35e3000 7.629 MB
W20240211 11:27:42.883551 64513 IPCTensor.h:369] NewIPCTensor: cached_sampler_r1_1 [1000000]0x1000d3d86000 7.629 MB
W20240211 11:27:42.883600 64513 IPCTensor.h:369] NewIPCTensor: cached_sampler_r1_2 [1000000]0x1000d4529000 7.629 MB
W20240211 11:27:42.883646 64513 IPCTensor.h:369] NewIPCTensor: cached_sampler_r1_3 [1000000]0x1000d4ccc000 7.629 MB
W20240211 11:27:42.883692 64513 IPCTensor.h:369] NewIPCTensor: cached_sampler_r1_4 [1000000]0x1000d546f000 7.629 MB
W20240211 11:27:42.883744 64513 IPCTensor.h:369] NewIPCTensor: cached_sampler_r1_5 [1000000]0x1000d5c12000 7.629 MB
W20240211 11:27:42.883805 64513 IPCTensor.h:369] NewIPCTensor: cached_sampler_r1_6 [1000000]0x1000d63b5000 7.629 MB
W20240211 11:27:42.883857 64513 IPCTensor.h:369] NewIPCTensor: cached_sampler_r1_7 [1000000]0x1000d6b58000 7.629 MB
W20240211 11:27:42.883913 64513 IPCTensor.h:369] NewIPCTensor: cached_sampler_r1_8 [1000000]0x1000d72fb000 7.629 MB
W20240211 11:27:42.883957 64513 IPCTensor.h:369] NewIPCTensor: cached_sampler_r1_9 [1000000]0x1000d7a9e000 7.629 MB
W20240211 11:27:42.884002 64513 IPCTensor.h:369] NewIPCTensor: step_r1 [10]0x1000d8241000 80 B 
W20240211 11:27:42.884042 64513 IPCTensor.h:369] NewIPCTensor: circle_buffer_end_r1 [1]0x1000d8243000 8 B 
W20240211 11:27:42.884080 64513 IPCTensor.h:369] NewIPCTensor: circle_buffer_end_cppseen_r1 [1]0x1000d8245000 8 B 
Dataset:  /home/xieminhui/RecStoreDataset/avazu_binary
Dataset loaded
np.max =  9449205
np.min=  1
Construct RecModelSampler done
I20240211 11:27:42.884485 64513 IPC_barrier.h:112] CreateBarrier: find existing barrier, name: kgcachecontroller, count: 8
W20240211 11:27:42.889200 62392 IPCTensor.h:369] NewIPCTensor: cached_sampler_r0_0 [1000000]0x1000d8247000 7.629 MB
W20240211 11:27:42.889358 62392 IPCTensor.h:369] NewIPCTensor: cached_sampler_r0_1 [1000000]0x1000d89ea000 7.629 MB
W20240211 11:27:42.889413 62392 IPCTensor.h:369] NewIPCTensor: cached_sampler_r0_2 [1000000]0x1000d918d000 7.629 MB
W20240211 11:27:42.889458 62392 IPCTensor.h:369] NewIPCTensor: cached_sampler_r0_3 [1000000]0x1000d9930000 7.629 MB
W20240211 11:27:42.889497 62392 IPCTensor.h:369] NewIPCTensor: cached_sampler_r0_4 [1000000]0x1000da0d3000 7.629 MB
W20240211 11:27:42.889556 62392 IPCTensor.h:369] NewIPCTensor: cached_sampler_r0_5 [1000000]0x1000da876000 7.629 MB
W20240211 11:27:42.889607 62392 IPCTensor.h:369] NewIPCTensor: cached_sampler_r0_6 [1000000]0x1000db019000 7.629 MB
W20240211 11:27:42.889657 62392 IPCTensor.h:369] NewIPCTensor: cached_sampler_r0_7 [1000000]0x1000db7bc000 7.629 MB
W20240211 11:27:42.889710 62392 IPCTensor.h:369] NewIPCTensor: cached_sampler_r0_8 [1000000]0x1000dbf5f000 7.629 MB
W20240211 11:27:42.889744 62392 IPCTensor.h:369] NewIPCTensor: cached_sampler_r0_9 [1000000]0x1000dc702000 7.629 MB
W20240211 11:27:42.889778 62392 IPCTensor.h:369] NewIPCTensor: step_r0 [10]0x1000dcea5000 80 B 
W20240211 11:27:42.889811 62392 IPCTensor.h:369] NewIPCTensor: circle_buffer_end_r0 [1]0x1000dcea7000 8 B 
W20240211 11:27:42.889847 62392 IPCTensor.h:369] NewIPCTensor: circle_buffer_end_cppseen_r0 [1]0x1000dcea9000 8 B 
Dataset:  /home/xieminhui/RecStoreDataset/avazu_binary
Dataset loaded
np.max =  9449205
np.min=  1
Construct RecModelSampler done
I20240211 11:27:42.890205 62392 IPC_barrier.h:112] CreateBarrier: find existing barrier, name: kgcachecontroller, count: 8
W20240211 11:27:43.078460 64518 IPCTensor.h:369] NewIPCTensor: cached_sampler_r6_0 [1000000]0x1000dceab000 7.629 MB
W20240211 11:27:43.078584 64518 IPCTensor.h:369] NewIPCTensor: cached_sampler_r6_1 [1000000]0x1000dd64e000 7.629 MB
W20240211 11:27:43.078630 64518 IPCTensor.h:369] NewIPCTensor: cached_sampler_r6_2 [1000000]0x1000dddf1000 7.629 MB
W20240211 11:27:43.078678 64518 IPCTensor.h:369] NewIPCTensor: cached_sampler_r6_3 [1000000]0x1000de594000 7.629 MB
W20240211 11:27:43.078713 64518 IPCTensor.h:369] NewIPCTensor: cached_sampler_r6_4 [1000000]0x1000ded37000 7.629 MB
W20240211 11:27:43.078752 64518 IPCTensor.h:369] NewIPCTensor: cached_sampler_r6_5 [1000000]0x1000df4da000 7.629 MB
W20240211 11:27:43.078789 64518 IPCTensor.h:369] NewIPCTensor: cached_sampler_r6_6 [1000000]0x1000dfc7d000 7.629 MB
W20240211 11:27:43.078842 64518 IPCTensor.h:369] NewIPCTensor: cached_sampler_r6_7 [1000000]0x1000e0420000 7.629 MB
W20240211 11:27:43.078886 64518 IPCTensor.h:369] NewIPCTensor: cached_sampler_r6_8 [1000000]0x1000e0bc3000 7.629 MB
W20240211 11:27:43.078919 64518 IPCTensor.h:369] NewIPCTensor: cached_sampler_r6_9 [1000000]0x1000e1366000 7.629 MB
W20240211 11:27:43.078959 64518 IPCTensor.h:369] NewIPCTensor: step_r6 [10]0x1000e1b09000 80 B 
W20240211 11:27:43.078991 64518 IPCTensor.h:369] NewIPCTensor: circle_buffer_end_r6 [1]0x1000e1b0b000 8 B 
W20240211 11:27:43.079020 64518 IPCTensor.h:369] NewIPCTensor: circle_buffer_end_cppseen_r6 [1]0x1000e1b0d000 8 B 
Dataset:  /home/xieminhui/RecStoreDataset/avazu_binary
Dataset loaded
np.max =  9449205
np.min=  1
Construct RecModelSampler done
I20240211 11:27:43.079267 64518 IPC_barrier.h:112] CreateBarrier: find existing barrier, name: kgcachecontroller, count: 8
W20240211 11:27:43.410995 64519 IPCTensor.h:369] NewIPCTensor: cached_sampler_r7_0 [1000000]0x1000e1b0f000 7.629 MB
W20240211 11:27:43.411090 64519 IPCTensor.h:369] NewIPCTensor: cached_sampler_r7_1 [1000000]0x1000e22b2000 7.629 MB
W20240211 11:27:43.411139 64519 IPCTensor.h:369] NewIPCTensor: cached_sampler_r7_2 [1000000]0x1000e2a55000 7.629 MB
W20240211 11:27:43.411192 64519 IPCTensor.h:369] NewIPCTensor: cached_sampler_r7_3 [1000000]0x1000e31f8000 7.629 MB
W20240211 11:27:43.411227 64519 IPCTensor.h:369] NewIPCTensor: cached_sampler_r7_4 [1000000]0x1000e399b000 7.629 MB
W20240211 11:27:43.411273 64519 IPCTensor.h:369] NewIPCTensor: cached_sampler_r7_5 [1000000]0x1000e413e000 7.629 MB
W20240211 11:27:43.411311 64519 IPCTensor.h:369] NewIPCTensor: cached_sampler_r7_6 [1000000]0x1000e48e1000 7.629 MB
W20240211 11:27:43.411357 64519 IPCTensor.h:369] NewIPCTensor: cached_sampler_r7_7 [1000000]0x1000e5084000 7.629 MB
W20240211 11:27:43.411398 64519 IPCTensor.h:369] NewIPCTensor: cached_sampler_r7_8 [1000000]0x1000e5827000 7.629 MB
W20240211 11:27:43.411433 64519 IPCTensor.h:369] NewIPCTensor: cached_sampler_r7_9 [1000000]0x1000e5fca000 7.629 MB
W20240211 11:27:43.411480 64519 IPCTensor.h:369] NewIPCTensor: step_r7 [10]0x1000e676d000 80 B 
W20240211 11:27:43.411517 64519 IPCTensor.h:369] NewIPCTensor: circle_buffer_end_r7 [1]0x1000e676f000 8 B 
W20240211 11:27:43.411546 64519 IPCTensor.h:369] NewIPCTensor: circle_buffer_end_cppseen_r7 [1]0x1000e6771000 8 B 
Dataset:  /home/xieminhui/RecStoreDataset/avazu_binary
Dataset loaded
np.max =  9449205
np.min=  1
Construct RecModelSampler done
I20240211 11:27:43.411763 64519 IPC_barrier.h:112] CreateBarrier: find existing barrier, name: kgcachecontroller, count: 8
W20240211 11:27:43.413570 64516 IPCTensor.h:369] NewIPCTensor: cached_sampler_r4_0 [1000000]0x1000e6773000 7.629 MB
W20240211 11:27:43.413686 64516 IPCTensor.h:369] NewIPCTensor: cached_sampler_r4_1 [1000000]0x1000e6f16000 7.629 MB
W20240211 11:27:43.413733 64516 IPCTensor.h:369] NewIPCTensor: cached_sampler_r4_2 [1000000]0x1000e76b9000 7.629 MB
W20240211 11:27:43.413775 64516 IPCTensor.h:369] NewIPCTensor: cached_sampler_r4_3 [1000000]0x1000e7e5c000 7.629 MB
W20240211 11:27:43.413817 64516 IPCTensor.h:369] NewIPCTensor: cached_sampler_r4_4 [1000000]0x1000e85ff000 7.629 MB
W20240211 11:27:43.413858 64516 IPCTensor.h:369] NewIPCTensor: cached_sampler_r4_5 [1000000]0x1000e8da2000 7.629 MB
W20240211 11:27:43.413897 64516 IPCTensor.h:369] NewIPCTensor: cached_sampler_r4_6 [1000000]0x1000e9545000 7.629 MB
W20240211 11:27:43.413947 64516 IPCTensor.h:369] NewIPCTensor: cached_sampler_r4_7 [1000000]0x1000e9ce8000 7.629 MB
W20240211 11:27:43.413991 64516 IPCTensor.h:369] NewIPCTensor: cached_sampler_r4_8 [1000000]0x1000ea48b000 7.629 MB
W20240211 11:27:43.414032 64516 IPCTensor.h:369] NewIPCTensor: cached_sampler_r4_9 [1000000]0x1000eac2e000 7.629 MB
W20240211 11:27:43.414068 64516 IPCTensor.h:369] NewIPCTensor: step_r4 [10]0x1000eb3d1000 80 B 
W20240211 11:27:43.414101 64516 IPCTensor.h:369] NewIPCTensor: circle_buffer_end_r4 [1]0x1000eb3d3000 8 B 
W20240211 11:27:43.414129 64516 IPCTensor.h:369] NewIPCTensor: circle_buffer_end_cppseen_r4 [1]0x1000eb3d5000 8 B 
Dataset:  /home/xieminhui/RecStoreDataset/avazu_binary
Dataset loaded
np.max =  9449205
np.min=  1
Construct RecModelSampler done
I20240211 11:27:43.414372 64516 IPC_barrier.h:112] CreateBarrier: find existing barrier, name: kgcachecontroller, count: 8
W20240211 11:27:43.479368 64514 IPCTensor.h:369] NewIPCTensor: cached_sampler_r2_0 [1000000]0x1000eb3d7000 7.629 MB
W20240211 11:27:43.479678 64514 IPCTensor.h:369] NewIPCTensor: cached_sampler_r2_1 [1000000]0x1000ebb7a000 7.629 MB
W20240211 11:27:43.479830 64514 IPCTensor.h:369] NewIPCTensor: cached_sampler_r2_2 [1000000]0x1000ec31d000 7.629 MB
W20240211 11:27:43.479983 64514 IPCTensor.h:369] NewIPCTensor: cached_sampler_r2_3 [1000000]0x1000ecac0000 7.629 MB
W20240211 11:27:43.480129 64514 IPCTensor.h:369] NewIPCTensor: cached_sampler_r2_4 [1000000]0x1000ed263000 7.629 MB
W20240211 11:27:43.480257 64514 IPCTensor.h:369] NewIPCTensor: cached_sampler_r2_5 [1000000]0x1000eda06000 7.629 MB
W20240211 11:27:43.480381 64514 IPCTensor.h:369] NewIPCTensor: cached_sampler_r2_6 [1000000]0x1000ee1a9000 7.629 MB
W20240211 11:27:43.480525 64514 IPCTensor.h:369] NewIPCTensor: cached_sampler_r2_7 [1000000]0x1000ee94c000 7.629 MB
W20240211 11:27:43.480652 64514 IPCTensor.h:369] NewIPCTensor: cached_sampler_r2_8 [1000000]0x1000ef0ef000 7.629 MB
W20240211 11:27:43.480772 64514 IPCTensor.h:369] NewIPCTensor: cached_sampler_r2_9 [1000000]0x1000ef892000 7.629 MB
W20240211 11:27:43.480901 64514 IPCTensor.h:369] NewIPCTensor: step_r2 [10]0x1000f0035000 80 B 
W20240211 11:27:43.481007 64514 IPCTensor.h:369] NewIPCTensor: circle_buffer_end_r2 [1]0x1000f0037000 8 B 
W20240211 11:27:43.481101 64514 IPCTensor.h:369] NewIPCTensor: circle_buffer_end_cppseen_r2 [1]0x1000f0039000 8 B 
Dataset:  /home/xieminhui/RecStoreDataset/avazu_binary
Dataset loaded
np.max =  9449205
np.min=  1
Construct RecModelSampler done
I20240211 11:27:43.481703 64514 IPC_barrier.h:112] CreateBarrier: find existing barrier, name: kgcachecontroller, count: 8
E20240211 11:27:45.288846 64513 recstore.cc:66] init folly done
E20240211 11:27:45.288849 64517 recstore.cc:66] init folly done
E20240211 11:27:45.288911 62392 recstore.cc:66] init folly done
E20240211 11:27:45.288928 64515 recstore.cc:66] init folly done
E20240211 11:27:45.288941 64519 recstore.cc:66] init folly done
E20240211 11:27:45.288946 64518 recstore.cc:66] init folly done
Construct KGCacheControllerWrapper done
E20240211 11:27:45.288951 64516 recstore.cc:66] init folly done
E20240211 11:27:45.288965 64514 recstore.cc:66] init folly done
Construct KGCacheControllerWrapper done
Construct KGCacheControllerWrapper done
Construct KGCacheControllerWrapper done
Construct KGCacheControllerWrapper done
Construct KGCacheControllerWrapper done
Construct KGCacheControllerWrapper done
Construct KGCacheControllerWrapper done
Before Training
I20240211 11:27:46.542682 62392 IPC_barrier.h:118] CreateBarrier: new barrier, name: start_barrier, count: 8
Before Training
Before Training
Before Training
Before Training
Before Training
Before Training
I20240211 11:27:46.543116 64518 IPC_barrier.h:112] CreateBarrier: find existing barrier, name: start_barrier, count: 8
I20240211 11:27:46.543148 64514 IPC_barrier.h:112] CreateBarrier: find existing barrier, name: start_barrier, count: 8
Before Training
I20240211 11:27:46.543174 64519 IPC_barrier.h:112] CreateBarrier: find existing barrier, name: start_barrier, count: 8
I20240211 11:27:46.543195 64515 IPC_barrier.h:112] CreateBarrier: find existing barrier, name: start_barrier, count: 8
I20240211 11:27:46.543217 64513 IPC_barrier.h:112] CreateBarrier: find existing barrier, name: start_barrier, count: 8
I20240211 11:27:46.543239 64517 IPC_barrier.h:112] CreateBarrier: find existing barrier, name: start_barrier, count: 8
I20240211 11:27:46.543262 64516 IPC_barrier.h:112] CreateBarrier: find existing barrier, name: start_barrier, count: 8
========== Step 0 ========== 
+---------------------------+---------------------------+---------------------------+
| Name                      | P50                       | P99                       |
+---------------------------+---------------------------+---------------------------+
| GenInput:CircleBuffer     | 129.431 us                | 129.431 us                |
| GenInput                  | 297.430 us                | 297.430 us                |
| NN                        | 237.290 ms                | 237.290 ms                |
| Forward                   | 239.113 ms                | 239.113 ms                |
| back: bucket keys         | 77.511 ms                 | 77.511 ms                 |
+---------------------------+---------------------------+---------------------------+
+---------------------------+---------------------------+---------------------------+
| Name                      | P50                       | P99                       |
+---------------------------+---------------------------+---------------------------+
| GenInput:CircleBuffer     | 129.431 us                | 129.431 us                |
| GenInput                  | 297.430 us                | 297.430 us                |
| NN                        | 237.290 ms                | 237.290 ms                |
| Forward                   | 239.113 ms                | 239.113 ms                |
| back: bucket keys         | 77.511 ms                 | 77.511 ms                 |
+---------------------------+---------------------------+---------------------------+
+---------------------------+---------------------------+---------------------------+
| Name                      | P50                       | P99                       |
+---------------------------+---------------------------+---------------------------+
| GenInput:CircleBuffer     | 129.431 us                | 129.431 us                |
| GenInput                  | 297.430 us                | 297.430 us                |
| NN                        | 237.290 ms                | 237.290 ms                |
| Forward                   | 239.113 ms                | 239.113 ms                |
| back: bucket keys         | 77.511 ms                 | 77.511 ms                 |
+---------------------------+---------------------------+---------------------------+
+---------------------------+---------------------------+---------------------------+
| Name                      | P50                       | P99                       |
+---------------------------+---------------------------+---------------------------+
| GenInput:CircleBuffer     | 129.431 us                | 129.431 us                |
| GenInput                  | 297.430 us                | 297.430 us                |
| NN                        | 237.290 ms                | 237.290 ms                |
| Forward                   | 239.113 ms                | 239.113 ms                |
| back: bucket keys         | 77.511 ms                 | 77.511 ms                 |
+---------------------------+---------------------------+---------------------------+
+---------------------------+---------------------------+---------------------------+
| Name                      | P50                       | P99                       |
+---------------------------+---------------------------+---------------------------+
| GenInput:CircleBuffer     | 129.431 us                | 129.431 us                |
| GenInput                  | 297.430 us                | 297.430 us                |
| NN                        | 237.290 ms                | 237.290 ms                |
| Forward                   | 239.113 ms                | 239.113 ms                |
| back: bucket keys         | 77.511 ms                 | 77.511 ms                 |
+---------------------------+---------------------------+---------------------------+
+---------------------------+---------------------------+---------------------------+
| Name                      | P50                       | P99                       |
+---------------------------+---------------------------+---------------------------+
| GenInput:CircleBuffer     | 129.431 us                | 129.431 us                |
| GenInput                  | 297.430 us                | 297.430 us                |
| NN                        | 237.290 ms                | 237.290 ms                |
| Forward                   | 239.113 ms                | 239.113 ms                |
| back: bucket keys         | 77.511 ms                 | 77.511 ms                 |
+---------------------------+---------------------------+---------------------------+
+---------------------------+---------------------------+---------------------------+
| Name                      | P50                       | P99                       |
+---------------------------+---------------------------+---------------------------+
| GenInput:CircleBuffer     | 129.431 us                | 129.431 us                |
| GenInput                  | 297.430 us                | 297.430 us                |
| NN                        | 237.290 ms                | 237.290 ms                |
| Forward                   | 239.113 ms                | 239.113 ms                |
| back: bucket keys         | 77.511 ms                 | 77.511 ms                 |
+---------------------------+---------------------------+---------------------------+
+---------------------------+---------------------------+---------------------------+
| Name                      | P50                       | P99                       |
+---------------------------+---------------------------+---------------------------+
| GenInput:CircleBuffer     | 129.431 us                | 129.431 us                |
| GenInput                  | 297.430 us                | 297.430 us                |
| NN                        | 237.290 ms                | 237.290 ms                |
| Forward                   | 239.113 ms                | 239.113 ms                |
| back: bucket keys         | 77.511 ms                 | 77.511 ms                 |
+---------------------------+---------------------------+---------------------------+
+---------------------------+---------------------------+---------------------------+
| Name                      | P50                       | P99                       |
+---------------------------+---------------------------+---------------------------+
| GenInput:CircleBuffer     | 129.431 us                | 129.431 us                |
| GenInput                  | 297.430 us                | 297.430 us                |
| NN                        | 237.290 ms                | 237.290 ms                |
| Forward                   | 239.113 ms                | 239.113 ms                |
| back: bucket keys         | 77.511 ms                 | 77.511 ms                 |
+---------------------------+---------------------------+---------------------------+
+---------------------------+---------------------------+---------------------------+
| Name                      | P50                       | P99                       |
+---------------------------+---------------------------+---------------------------+
| GenInput:CircleBuffer     | 129.431 us                | 129.431 us                |
| GenInput                  | 297.430 us                | 297.430 us                |
| NN                        | 237.290 ms                | 237.290 ms                |
| Forward                   | 239.113 ms                | 239.113 ms                |
| back: bucket keys         | 77.511 ms                 | 77.511 ms                 |
+---------------------------+---------------------------+---------------------------+
+---------------------------+---------------------------+---------------------------+
| Name                      | P50                       | P99                       |
+---------------------------+---------------------------+---------------------------+
| GenInput:CircleBuffer     | 129.431 us                | 129.431 us                |
| GenInput                  | 297.430 us                | 297.430 us                |
| NN                        | 237.290 ms                | 237.290 ms                |
| Forward                   | 239.113 ms                | 239.113 ms                |
| back: bucket keys         | 77.511 ms                 | 77.511 ms                 |
+---------------------------+---------------------------+---------------------------+
========== Step 1 ========== 
INFO [62392 distributed.py:1140] Reducer buckets have been rebuilt in this iteration.
INFO [64514 distributed.py:1140] Reducer buckets have been rebuilt in this iteration.
INFO [64515 distributed.py:1140] Reducer buckets have been rebuilt in this iteration.
INFO [64513 distributed.py:1140] Reducer buckets have been rebuilt in this iteration.
INFO [64516 distributed.py:1140] Reducer buckets have been rebuilt in this iteration.
INFO [64519 distributed.py:1140] Reducer buckets have been rebuilt in this iteration.
INFO [64518 distributed.py:1140] Reducer buckets have been rebuilt in this iteration.
INFO [64517 distributed.py:1140] Reducer buckets have been rebuilt in this iteration.
========== Step 2 ========== 
========== Step 3 ========== 
========== Step 4 ========== 
========== Step 5 ========== 
========== Step 6 ========== 
========== Step 7 ========== 
========== Step 8 ========== 
========== Step 9 ========== 
========== Step 10 ========== 
========== Step 11 ========== 
========== Step 12 ========== 
========== Step 13 ========== 
========== Step 14 ========== 
========== Step 15 ========== 
========== Step 16 ========== 
========== Step 17 ========== 
========== Step 18 ========== 
========== Step 19 ========== 
+---------------------------+---------------------------+---------------------------+
| Name                      | P50                       | P99                       |
+---------------------------+---------------------------+---------------------------+
| GenInput:CircleBuffer     | 104.608 us                | 221.961 us                |
| GenInput                  | 300.760 us                | 2.841 ms                  |
| NN                        | 931.984 us                | 237.290 ms                |
| Forward                   | 1.154 ms                  | 239.113 ms                |
| back: bucket keys         | 589.631 us                | 77.511 ms                 |
| back: a2a                 | 7.731 ms                  | 54.313 s                  |
| back: cache               | 7.947 ms                  | 37.372 ms                 |
| back: aggr dram keys      | 22.743 ms                 | 853.401 ms                |
| back: set dram grad       | 256.841 us                | 581.884 us                |
| Backward                  | 41.157 ms                 | 55.369 s                  |
| Optimize                  | 20.431 ms                 | 124.875 ms                |
| BarrierTimeBeforeRank0    | 29.628 us                 | 127.437 us                |
| BlockToStepN              | 38.408 us                 | 4.895 ms                  |
| OneStep                   | 62.923 ms                 | 55.738 s                  |
+---------------------------+---------------------------+---------------------------+
========== Step 20 ========== 
========== Step 21 ========== 
========== Step 22 ========== 
========== Step 23 ========== 
========== Step 24 ========== 
========== Step 25 ========== 
========== Step 26 ========== 
========== Step 27 ========== 
========== Step 28 ========== 
========== Step 29 ========== 
========== Step 30 ========== 
========== Step 31 ========== 
========== Step 32 ========== 
========== Step 33 ========== 
========== Step 34 ========== 
========== Step 35 ========== 
========== Step 36 ========== 
========== Step 37 ========== 
========== Step 38 ========== 
========== Step 39 ========== 
========== Step 40 ========== 
========== Step 41 ========== 
========== Step 42 ========== 
========== Step 43 ========== 
========== Step 44 ========== 
========== Step 45 ========== 
========== Step 46 ========== 
========== Step 47 ========== 
========== Step 48 ========== 
========== Step 49 ========== 
========== Step 50 ========== 
========== Step 51 ========== 
========== Step 52 ========== 
========== Step 53 ========== 
========== Step 54 ========== 
========== Step 55 ========== 
========== Step 56 ========== 
========== Step 57 ========== 
========== Step 58 ========== 
========== Step 59 ========== 
========== Step 60 ========== 
========== Step 61 ========== 
========== Step 62 ========== 
========== Step 63 ========== 
========== Step 64 ========== 
========== Step 65 ========== 
========== Step 66 ========== 
========== Step 67 ========== 
========== Step 68 ========== 
========== Step 69 ========== 
========== Step 70 ========== 
========== Step 71 ========== 
========== Step 72 ========== 
========== Step 73 ========== 
========== Step 74 ========== 
========== Step 75 ========== 
========== Step 76 ========== 
========== Step 77 ========== 
========== Step 78 ========== 
========== Step 79 ========== 
Successfully xmh
INFO [62392 controller_process.py:421] call rank0 to StopThreads
INFO [62392 controller_process.py:421] call rank0 to StopThreads
INFO [62392 controller_process.py:421] call rank0 to StopThreads
INFO [62392 controller_process.py:421] call rank0 to StopThreads
INFO [62392 controller_process.py:421] call rank0 to StopThreads
INFO [62392 controller_process.py:421] call rank0 to StopThreads
INFO [62392 controller_process.py:421] call rank0 to StopThreads
INFO [62392 controller_process.py:421] call rank0 to StopThreads
INFO [62392 controller_process.py:421] call rank0 to StopThreads
INFO [62392 controller_process.py:421] call rank0 to StopThreads
INFO [62392 controller_process.py:421] call rank0 to StopThreads
INFO [62392 controller_process.py:421] call rank0 to StopThreads
INFO [62392 controller_process.py:421] call rank0 to StopThreads
INFO [62392 controller_process.py:421] call rank0 to StopThreads
INFO [62392 controller_process.py:421] call rank0 to StopThreads
INFO [62392 controller_process.py:421] call rank0 to StopThreads
INFO [62392 controller_process.py:421] call rank0 to StopThreads
+---------------------------+---------------------------+---------------------------+
| Name                      | P50                       | P99                       |
+---------------------------+---------------------------+---------------------------+
| GenInput:CircleBuffer     | 102.380 us                | 333.617 us                |
| GenInput                  | 294.402 us                | 2.841 ms                  |
| NN                        | 878.376 us                | 3.515 ms                  |
| Forward                   | 1.092 ms                  | 4.543 ms                  |
| back: bucket keys         | 452.107 us                | 849.055 us                |
| back: a2a                 | 6.978 ms                  | 15.045 ms                 |
| back: cache               | 8.523 ms                  | 12.836 ms                 |
| back: aggr dram keys      | 18.109 ms                 | 36.484 ms                 |
| back: set dram grad       | 252.513 us                | 515.072 us                |
| Backward                  | 36.362 ms                 | 58.337 ms                 |
| Optimize                  | 19.033 ms                 | 31.935 ms                 |
| BarrierTimeBeforeRank0    | 28.811 us                 | 114.713 us                |
| BlockToStepN              | 38.408 us                 | 7.519 ms                  |
| OneStep                   | 57.591 ms                 | 87.907 ms                 |
+---------------------------+---------------------------+---------------------------+
