WARNING: Logging before InitGoogleLogging() is written to STDERR
I20240210 15:12:06.307231 27932 IPC_barrier.h:128] MultiProcessBarrierFactory->ClearIPCMemory()
W20240210 15:12:06.317142 27932 IPCTensor.h:369] NewIPCTensor: full_emb [9449206, 32]0x100000002000 1.126 GB
/data/home/xieminhui/RecStore/src/framework_adapters/torch/python/perf_rec_model.py:152: DeprecationWarning: The 'warn' function is deprecated, use 'warning' instead
  XLOG.warn("After init DistEmbedding")
WARNING [27932 perf_rec_model.py:152] After init DistEmbedding
========== Running Perf with routine <function routine_local_cache_helper at 0x7fded5c95b20>==========
Worker 1 pid=28183
Worker 2 pid=28184
Worker 3 pid=28185
Worker 4 pid=28186
Worker 5 pid=28187
Worker 6 pid=28188
INFO [27932 distributed_c10d.py:442] Added key: store_based_barrier_key:1 to store for rank: 0
INFO [28183 distributed_c10d.py:442] Added key: store_based_barrier_key:1 to store for rank: 1
INFO [28184 distributed_c10d.py:442] Added key: store_based_barrier_key:1 to store for rank: 2
INFO [28185 distributed_c10d.py:442] Added key: store_based_barrier_key:1 to store for rank: 3
INFO [28186 distributed_c10d.py:442] Added key: store_based_barrier_key:1 to store for rank: 4
INFO [28187 distributed_c10d.py:442] Added key: store_based_barrier_key:1 to store for rank: 5
INFO [27932 distributed_c10d.py:476] Rank 0: Completed store-based barrier for key:store_based_barrier_key:1 with 8 nodes.
INFO [28188 distributed_c10d.py:442] Added key: store_based_barrier_key:1 to store for rank: 6
INFO [28189 distributed_c10d.py:442] Added key: store_based_barrier_key:1 to store for rank: 7
E20240210 15:12:12.547842 27932 IPCTensor.h:348] IPCTensor full_emb already exists
INFO [28184 distributed_c10d.py:476] Rank 2: Completed store-based barrier for key:store_based_barrier_key:1 with 8 nodes.
INFO [28188 distributed_c10d.py:476] Rank 6: Completed store-based barrier for key:store_based_barrier_key:1 with 8 nodes.
INFO [28187 distributed_c10d.py:476] Rank 5: Completed store-based barrier for key:store_based_barrier_key:1 with 8 nodes.
INFO [28189 distributed_c10d.py:476] Rank 7: Completed store-based barrier for key:store_based_barrier_key:1 with 8 nodes.
INFO [28183 distributed_c10d.py:476] Rank 1: Completed store-based barrier for key:store_based_barrier_key:1 with 8 nodes.
INFO [28186 distributed_c10d.py:476] Rank 4: Completed store-based barrier for key:store_based_barrier_key:1 with 8 nodes.
INFO [28185 distributed_c10d.py:476] Rank 3: Completed store-based barrier for key:store_based_barrier_key:1 with 8 nodes.
E20240210 15:12:12.548782 28184 IPCTensor.h:348] IPCTensor full_emb already exists
E20240210 15:12:12.548836 28189 IPCTensor.h:348] IPCTensor full_emb already exists
E20240210 15:12:12.548851 28187 IPCTensor.h:348] IPCTensor full_emb already exists
E20240210 15:12:12.549005 28188 IPCTensor.h:348] IPCTensor full_emb already exists
E20240210 15:12:12.549052 28186 IPCTensor.h:348] IPCTensor full_emb already exists
E20240210 15:12:12.549069 28185 IPCTensor.h:348] IPCTensor full_emb already exists
E20240210 15:12:12.549108 28183 IPCTensor.h:348] IPCTensor full_emb already exists
W20240210 15:12:17.883224 28184 IPCTensor.h:409] NewIPCGPUTensor: embedding_cache_2 [472460, 32]; dev=2; size=57.67 MB
W20240210 15:12:17.883531 28183 IPCTensor.h:409] NewIPCGPUTensor: embedding_cache_1 [472460, 32]; dev=1; size=57.67 MB
W20240210 15:12:17.884195 28185 IPCTensor.h:409] NewIPCGPUTensor: embedding_cache_3 [472460, 32]; dev=3; size=57.67 MB
W20240210 15:12:17.885263 28188 IPCTensor.h:409] NewIPCGPUTensor: embedding_cache_6 [472460, 32]; dev=6; size=57.67 MB
W20240210 15:12:17.885258 28186 IPCTensor.h:409] NewIPCGPUTensor: embedding_cache_4 [472460, 32]; dev=4; size=57.67 MB
W20240210 15:12:17.885438 28187 IPCTensor.h:409] NewIPCGPUTensor: embedding_cache_5 [472460, 32]; dev=5; size=57.67 MB
W20240210 15:12:17.885938 28189 IPCTensor.h:409] NewIPCGPUTensor: embedding_cache_7 [472460, 32]; dev=7; size=57.67 MB
W20240210 15:12:17.887188 27932 IPCTensor.h:409] NewIPCGPUTensor: embedding_cache_0 [472460, 32]; dev=0; size=57.67 MB
W20240210 15:12:18.665266 28188 IPCTensor.h:369] NewIPCTensor: input_keys_6 [1000000]0x10004817d000 7.629 MB
W20240210 15:12:18.665426 28188 IPCTensor.h:369] NewIPCTensor: input_keys_neg_6 [1000000]0x100048920000 7.629 MB
W20240210 15:12:18.665500 28188 IPCTensor.h:369] NewIPCTensor: backward_grads_6 [1000000, 32]0x1000490c3000 122.1 MB
W20240210 15:12:18.665557 28188 IPCTensor.h:369] NewIPCTensor: backward_grads_neg_6 [1000000, 32]0x100050ad7000 122.1 MB
W20240210 15:12:18.665594 28188 IPCTensor.h:409] NewIPCGPUTensor: backward_grads_6_gpu [1000000, 32]; dev=6; size=122.1 MB
W20240210 15:12:18.667388 28188 IPCTensor.h:409] NewIPCGPUTensor: backward_grads_neg_6_gpu [1000000, 32]; dev=6; size=122.1 MB
W20240210 15:12:18.668803 28185 IPCTensor.h:369] NewIPCTensor: input_keys_3 [1000000]0x1000584f1000 7.629 MB
W20240210 15:12:18.668944 28185 IPCTensor.h:369] NewIPCTensor: input_keys_neg_3 [1000000]0x100058c94000 7.629 MB
W20240210 15:12:18.669008 28185 IPCTensor.h:369] NewIPCTensor: backward_grads_3 [1000000, 32]0x100059437000 122.1 MB
W20240210 15:12:18.669095 28185 IPCTensor.h:369] NewIPCTensor: backward_grads_neg_3 [1000000, 32]0x100060e4b000 122.1 MB
W20240210 15:12:18.669137 28185 IPCTensor.h:409] NewIPCGPUTensor: backward_grads_3_gpu [1000000, 32]; dev=3; size=122.1 MB
W20240210 15:12:18.670406 28185 IPCTensor.h:409] NewIPCGPUTensor: backward_grads_neg_3_gpu [1000000, 32]; dev=3; size=122.1 MB
W20240210 15:12:18.681867 28186 IPCTensor.h:369] NewIPCTensor: input_keys_4 [1000000]0x100068867000 7.629 MB
W20240210 15:12:18.681916 28184 IPCTensor.h:369] NewIPCTensor: input_keys_2 [1000000]0x10006900a000 7.629 MB
W20240210 15:12:18.682061 28184 IPCTensor.h:369] NewIPCTensor: input_keys_neg_2 [1000000]0x1000697ad000 7.629 MB
W20240210 15:12:18.682072 28186 IPCTensor.h:369] NewIPCTensor: input_keys_neg_4 [1000000]0x100069f50000 7.629 MB
W20240210 15:12:18.682139 28184 IPCTensor.h:369] NewIPCTensor: backward_grads_2 [1000000, 32]0x10006a6f3000 122.1 MB
W20240210 15:12:18.682144 28186 IPCTensor.h:369] NewIPCTensor: backward_grads_4 [1000000, 32]0x100072107000 122.1 MB
W20240210 15:12:18.682212 28184 IPCTensor.h:369] NewIPCTensor: backward_grads_neg_2 [1000000, 32]0x100079b1b000 122.1 MB
W20240210 15:12:18.682219 28186 IPCTensor.h:369] NewIPCTensor: backward_grads_neg_4 [1000000, 32]0x10008152f000 122.1 MB
W20240210 15:12:18.682269 28184 IPCTensor.h:409] NewIPCGPUTensor: backward_grads_2_gpu [1000000, 32]; dev=2; size=122.1 MB
W20240210 15:12:18.682274 28186 IPCTensor.h:409] NewIPCGPUTensor: backward_grads_4_gpu [1000000, 32]; dev=4; size=122.1 MB
W20240210 15:12:18.683236 28184 IPCTensor.h:409] NewIPCGPUTensor: backward_grads_neg_2_gpu [1000000, 32]; dev=2; size=122.1 MB
W20240210 15:12:18.683235 28186 IPCTensor.h:409] NewIPCGPUTensor: backward_grads_neg_4_gpu [1000000, 32]; dev=4; size=122.1 MB
W20240210 15:12:18.699273 28187 IPCTensor.h:369] NewIPCTensor: input_keys_5 [1000000]0x100088f4f000 7.629 MB
W20240210 15:12:18.699281 28183 IPCTensor.h:369] NewIPCTensor: input_keys_1 [1000000]0x1000896f2000 7.629 MB
W20240210 15:12:18.699447 28187 IPCTensor.h:369] NewIPCTensor: input_keys_neg_5 [1000000]0x100089e95000 7.629 MB
W20240210 15:12:18.699453 28183 IPCTensor.h:369] NewIPCTensor: input_keys_neg_1 [1000000]0x10008a638000 7.629 MB
W20240210 15:12:18.699507 28183 IPCTensor.h:369] NewIPCTensor: backward_grads_1 [1000000, 32]0x10008addb000 122.1 MB
W20240210 15:12:18.699532 28187 IPCTensor.h:369] NewIPCTensor: backward_grads_5 [1000000, 32]0x1000927ef000 122.1 MB
W20240210 15:12:18.699565 28183 IPCTensor.h:369] NewIPCTensor: backward_grads_neg_1 [1000000, 32]0x10009a203000 122.1 MB
W20240210 15:12:18.699597 28187 IPCTensor.h:369] NewIPCTensor: backward_grads_neg_5 [1000000, 32]0x1000a1c17000 122.1 MB
W20240210 15:12:18.699626 28183 IPCTensor.h:409] NewIPCGPUTensor: backward_grads_1_gpu [1000000, 32]; dev=1; size=122.1 MB
W20240210 15:12:18.699663 28187 IPCTensor.h:409] NewIPCGPUTensor: backward_grads_5_gpu [1000000, 32]; dev=5; size=122.1 MB
W20240210 15:12:18.700212 28183 IPCTensor.h:409] NewIPCGPUTensor: backward_grads_neg_1_gpu [1000000, 32]; dev=1; size=122.1 MB
W20240210 15:12:18.700249 28187 IPCTensor.h:409] NewIPCGPUTensor: backward_grads_neg_5_gpu [1000000, 32]; dev=5; size=122.1 MB
W20240210 15:12:18.713363 27932 IPCTensor.h:369] NewIPCTensor: input_keys_0 [1000000]0x1000a9635000 7.629 MB
W20240210 15:12:18.713812 27932 IPCTensor.h:369] NewIPCTensor: input_keys_neg_0 [1000000]0x1000a9dd8000 7.629 MB
W20240210 15:12:18.713945 27932 IPCTensor.h:369] NewIPCTensor: backward_grads_0 [1000000, 32]0x1000aa57b000 122.1 MB
W20240210 15:12:18.714011 27932 IPCTensor.h:369] NewIPCTensor: backward_grads_neg_0 [1000000, 32]0x1000b1f8f000 122.1 MB
W20240210 15:12:18.714051 27932 IPCTensor.h:409] NewIPCGPUTensor: backward_grads_0_gpu [1000000, 32]; dev=0; size=122.1 MB
W20240210 15:12:18.714411 27932 IPCTensor.h:409] NewIPCGPUTensor: backward_grads_neg_0_gpu [1000000, 32]; dev=0; size=122.1 MB
W20240210 15:12:18.962864 28189 IPCTensor.h:369] NewIPCTensor: input_keys_7 [1000000]0x1000b99a9000 7.629 MB
W20240210 15:12:18.963227 28189 IPCTensor.h:369] NewIPCTensor: input_keys_neg_7 [1000000]0x1000ba14c000 7.629 MB
W20240210 15:12:18.963383 28189 IPCTensor.h:369] NewIPCTensor: backward_grads_7 [1000000, 32]0x1000ba8ef000 122.1 MB
W20240210 15:12:18.963567 28189 IPCTensor.h:369] NewIPCTensor: backward_grads_neg_7 [1000000, 32]0x1000c2303000 122.1 MB
W20240210 15:12:18.963696 28189 IPCTensor.h:409] NewIPCGPUTensor: backward_grads_7_gpu [1000000, 32]; dev=7; size=122.1 MB
W20240210 15:12:18.969883 28189 IPCTensor.h:409] NewIPCGPUTensor: backward_grads_neg_7_gpu [1000000, 32]; dev=7; size=122.1 MB
cudaHostRegister 0x100000002000
2: KnownLocalCachedEmbedding init done
cudaHostRegister 0x100000002000
1: KnownLocalCachedEmbedding init done
cudaHostRegister 0x100000002000
3: KnownLocalCachedEmbedding init done
cudaHostRegister 0x100000002000
6: KnownLocalCachedEmbedding init done
cudaHostRegister 0x100000002000
5: KnownLocalCachedEmbedding init done
cudaHostRegister 0x100000002000
4: KnownLocalCachedEmbedding init done
cudaHostRegister 0x100000002000
7: KnownLocalCachedEmbedding init done
Worker 7 pid=28189
New CachedEmbedding, name=full_emb, shape=(9449206, 32), cache_type=KnownLocalCachedEmbedding
fixed cache_range is [(0, 472460), (472460, 944920), (944920, 1417380), (1417380, 1889840), (1889840, 2362300), (2362300, 2834760), (2834760, 3307220), (3307220, 3779680)]
cudaHostRegister 0x100000002000
0: KnownLocalCachedEmbedding init done
W20240210 15:12:23.598773 27932 IPCTensor.h:369] NewIPCTensor: cached_sampler_r0_0 [1000000]0x1000c9d1b000 7.629 MB
W20240210 15:12:23.599150 27932 IPCTensor.h:369] NewIPCTensor: cached_sampler_r0_1 [1000000]0x1000ca4be000 7.629 MB
W20240210 15:12:23.599206 27932 IPCTensor.h:369] NewIPCTensor: cached_sampler_r0_2 [1000000]0x1000cac61000 7.629 MB
W20240210 15:12:23.599241 27932 IPCTensor.h:369] NewIPCTensor: cached_sampler_r0_3 [1000000]0x1000cb404000 7.629 MB
W20240210 15:12:23.599273 27932 IPCTensor.h:369] NewIPCTensor: cached_sampler_r0_4 [1000000]0x1000cbba7000 7.629 MB
W20240210 15:12:23.599377 27932 IPCTensor.h:369] NewIPCTensor: cached_sampler_r0_5 [1000000]0x1000cc34a000 7.629 MB
W20240210 15:12:23.599462 27932 IPCTensor.h:369] NewIPCTensor: cached_sampler_r0_6 [1000000]0x1000ccaed000 7.629 MB
W20240210 15:12:23.599577 27932 IPCTensor.h:369] NewIPCTensor: cached_sampler_r0_7 [1000000]0x1000cd290000 7.629 MB
W20240210 15:12:23.599640 27932 IPCTensor.h:369] NewIPCTensor: cached_sampler_r0_8 [1000000]0x1000cda33000 7.629 MB
W20240210 15:12:23.599699 27932 IPCTensor.h:369] NewIPCTensor: cached_sampler_r0_9 [1000000]0x1000ce1d6000 7.629 MB
W20240210 15:12:23.599731 27932 IPCTensor.h:369] NewIPCTensor: step_r0 [10]0x1000ce979000 80 B 
W20240210 15:12:23.599769 27932 IPCTensor.h:369] NewIPCTensor: circle_buffer_end_r0 [1]0x1000ce97b000 8 B 
W20240210 15:12:23.599795 27932 IPCTensor.h:369] NewIPCTensor: circle_buffer_end_cppseen_r0 [1]0x1000ce97d000 8 B 
Dataset:  /home/xieminhui/RecStoreDataset/avazu_binary
Dataset loaded
np.max =  9449205
np.min=  1
Construct RecModelSampler done
I20240210 15:12:23.600893 27932 IPC_barrier.h:118] CreateBarrier: new barrier, name: kgcachecontroller, count: 8
W20240210 15:12:23.649310 28186 IPCTensor.h:369] NewIPCTensor: cached_sampler_r4_0 [1000000]0x1000ce97f000 7.629 MB
W20240210 15:12:23.649484 28186 IPCTensor.h:369] NewIPCTensor: cached_sampler_r4_1 [1000000]0x1000cf122000 7.629 MB
W20240210 15:12:23.649544 28186 IPCTensor.h:369] NewIPCTensor: cached_sampler_r4_2 [1000000]0x1000cf8c5000 7.629 MB
W20240210 15:12:23.649586 28186 IPCTensor.h:369] NewIPCTensor: cached_sampler_r4_3 [1000000]0x1000d0068000 7.629 MB
W20240210 15:12:23.649634 28186 IPCTensor.h:369] NewIPCTensor: cached_sampler_r4_4 [1000000]0x1000d080b000 7.629 MB
W20240210 15:12:23.649672 28186 IPCTensor.h:369] NewIPCTensor: cached_sampler_r4_5 [1000000]0x1000d0fae000 7.629 MB
W20240210 15:12:23.649719 28186 IPCTensor.h:369] NewIPCTensor: cached_sampler_r4_6 [1000000]0x1000d1751000 7.629 MB
W20240210 15:12:23.649766 28186 IPCTensor.h:369] NewIPCTensor: cached_sampler_r4_7 [1000000]0x1000d1ef4000 7.629 MB
W20240210 15:12:23.649818 28186 IPCTensor.h:369] NewIPCTensor: cached_sampler_r4_8 [1000000]0x1000d2697000 7.629 MB
W20240210 15:12:23.649857 28186 IPCTensor.h:369] NewIPCTensor: cached_sampler_r4_9 [1000000]0x1000d2e3a000 7.629 MB
W20240210 15:12:23.649897 28186 IPCTensor.h:369] NewIPCTensor: step_r4 [10]0x1000d35dd000 80 B 
W20240210 15:12:23.649935 28186 IPCTensor.h:369] NewIPCTensor: circle_buffer_end_r4 [1]0x1000d35df000 8 B 
W20240210 15:12:23.649968 28186 IPCTensor.h:369] NewIPCTensor: circle_buffer_end_cppseen_r4 [1]0x1000d35e1000 8 B 
Dataset:  /home/xieminhui/RecStoreDataset/avazu_binary
Dataset loaded
np.max =  9449205
np.min=  1
Construct RecModelSampler done
I20240210 15:12:23.650327 28186 IPC_barrier.h:112] CreateBarrier: find existing barrier, name: kgcachecontroller, count: 8
W20240210 15:12:23.666942 28188 IPCTensor.h:369] NewIPCTensor: cached_sampler_r6_0 [1000000]0x1000d35e3000 7.629 MB
W20240210 15:12:23.667115 28188 IPCTensor.h:369] NewIPCTensor: cached_sampler_r6_1 [1000000]0x1000d3d86000 7.629 MB
W20240210 15:12:23.667174 28188 IPCTensor.h:369] NewIPCTensor: cached_sampler_r6_2 [1000000]0x1000d4529000 7.629 MB
W20240210 15:12:23.667217 28188 IPCTensor.h:369] NewIPCTensor: cached_sampler_r6_3 [1000000]0x1000d4ccc000 7.629 MB
W20240210 15:12:23.667263 28188 IPCTensor.h:369] NewIPCTensor: cached_sampler_r6_4 [1000000]0x1000d546f000 7.629 MB
W20240210 15:12:23.667301 28188 IPCTensor.h:369] NewIPCTensor: cached_sampler_r6_5 [1000000]0x1000d5c12000 7.629 MB
W20240210 15:12:23.667347 28188 IPCTensor.h:369] NewIPCTensor: cached_sampler_r6_6 [1000000]0x1000d63b5000 7.629 MB
W20240210 15:12:23.667397 28188 IPCTensor.h:369] NewIPCTensor: cached_sampler_r6_7 [1000000]0x1000d6b58000 7.629 MB
W20240210 15:12:23.667444 28188 IPCTensor.h:369] NewIPCTensor: cached_sampler_r6_8 [1000000]0x1000d72fb000 7.629 MB
W20240210 15:12:23.667480 28188 IPCTensor.h:369] NewIPCTensor: cached_sampler_r6_9 [1000000]0x1000d7a9e000 7.629 MB
W20240210 15:12:23.667520 28188 IPCTensor.h:369] NewIPCTensor: step_r6 [10]0x1000d8241000 80 B 
W20240210 15:12:23.667557 28188 IPCTensor.h:369] NewIPCTensor: circle_buffer_end_r6 [1]0x1000d8243000 8 B 
W20240210 15:12:23.667590 28188 IPCTensor.h:369] NewIPCTensor: circle_buffer_end_cppseen_r6 [1]0x1000d8245000 8 B 
Dataset:  /home/xieminhui/RecStoreDataset/avazu_binary
Dataset loaded
np.max =  9449205
np.min=  1
Construct RecModelSampler done
I20240210 15:12:23.667904 28188 IPC_barrier.h:112] CreateBarrier: find existing barrier, name: kgcachecontroller, count: 8
W20240210 15:12:23.686199 28185 IPCTensor.h:369] NewIPCTensor: cached_sampler_r3_0 [1000000]0x1000d8247000 7.629 MB
W20240210 15:12:23.686337 28185 IPCTensor.h:369] NewIPCTensor: cached_sampler_r3_1 [1000000]0x1000d89ea000 7.629 MB
W20240210 15:12:23.686396 28185 IPCTensor.h:369] NewIPCTensor: cached_sampler_r3_2 [1000000]0x1000d918d000 7.629 MB
W20240210 15:12:23.686439 28185 IPCTensor.h:369] NewIPCTensor: cached_sampler_r3_3 [1000000]0x1000d9930000 7.629 MB
W20240210 15:12:23.686484 28185 IPCTensor.h:369] NewIPCTensor: cached_sampler_r3_4 [1000000]0x1000da0d3000 7.629 MB
W20240210 15:12:23.686532 28185 IPCTensor.h:369] NewIPCTensor: cached_sampler_r3_5 [1000000]0x1000da876000 7.629 MB
W20240210 15:12:23.686576 28185 IPCTensor.h:369] NewIPCTensor: cached_sampler_r3_6 [1000000]0x1000db019000 7.629 MB
W20240210 15:12:23.686622 28185 IPCTensor.h:369] NewIPCTensor: cached_sampler_r3_7 [1000000]0x1000db7bc000 7.629 MB
W20240210 15:12:23.686671 28185 IPCTensor.h:369] NewIPCTensor: cached_sampler_r3_8 [1000000]0x1000dbf5f000 7.629 MB
W20240210 15:12:23.686708 28185 IPCTensor.h:369] NewIPCTensor: cached_sampler_r3_9 [1000000]0x1000dc702000 7.629 MB
W20240210 15:12:23.686753 28185 IPCTensor.h:369] NewIPCTensor: step_r3 [10]0x1000dcea5000 80 B 
W20240210 15:12:23.686789 28185 IPCTensor.h:369] NewIPCTensor: circle_buffer_end_r3 [1]0x1000dcea7000 8 B 
W20240210 15:12:23.686821 28185 IPCTensor.h:369] NewIPCTensor: circle_buffer_end_cppseen_r3 [1]0x1000dcea9000 8 B 
Dataset:  /home/xieminhui/RecStoreDataset/avazu_binary
Dataset loaded
np.max =  9449205
np.min=  1
Construct RecModelSampler done
I20240210 15:12:23.687121 28185 IPC_barrier.h:112] CreateBarrier: find existing barrier, name: kgcachecontroller, count: 8
W20240210 15:12:23.919906 28184 IPCTensor.h:369] NewIPCTensor: cached_sampler_r2_0 [1000000]0x1000dceab000 7.629 MB
W20240210 15:12:23.920042 28184 IPCTensor.h:369] NewIPCTensor: cached_sampler_r2_1 [1000000]0x1000dd64e000 7.629 MB
W20240210 15:12:23.920107 28184 IPCTensor.h:369] NewIPCTensor: cached_sampler_r2_2 [1000000]0x1000dddf1000 7.629 MB
W20240210 15:12:23.920157 28184 IPCTensor.h:369] NewIPCTensor: cached_sampler_r2_3 [1000000]0x1000de594000 7.629 MB
W20240210 15:12:23.920205 28184 IPCTensor.h:369] NewIPCTensor: cached_sampler_r2_4 [1000000]0x1000ded37000 7.629 MB
W20240210 15:12:23.920244 28184 IPCTensor.h:369] NewIPCTensor: cached_sampler_r2_5 [1000000]0x1000df4da000 7.629 MB
W20240210 15:12:23.920289 28184 IPCTensor.h:369] NewIPCTensor: cached_sampler_r2_6 [1000000]0x1000dfc7d000 7.629 MB
W20240210 15:12:23.920336 28184 IPCTensor.h:369] NewIPCTensor: cached_sampler_r2_7 [1000000]0x1000e0420000 7.629 MB
W20240210 15:12:23.920384 28184 IPCTensor.h:369] NewIPCTensor: cached_sampler_r2_8 [1000000]0x1000e0bc3000 7.629 MB
W20240210 15:12:23.920423 28184 IPCTensor.h:369] NewIPCTensor: cached_sampler_r2_9 [1000000]0x1000e1366000 7.629 MB
W20240210 15:12:23.920466 28184 IPCTensor.h:369] NewIPCTensor: step_r2 [10]0x1000e1b09000 80 B 
W20240210 15:12:23.920502 28184 IPCTensor.h:369] NewIPCTensor: circle_buffer_end_r2 [1]0x1000e1b0b000 8 B 
W20240210 15:12:23.920537 28184 IPCTensor.h:369] NewIPCTensor: circle_buffer_end_cppseen_r2 [1]0x1000e1b0d000 8 B 
Dataset:  /home/xieminhui/RecStoreDataset/avazu_binary
Dataset loaded
np.max =  9449205
np.min=  1
Construct RecModelSampler done
I20240210 15:12:23.920833 28184 IPC_barrier.h:112] CreateBarrier: find existing barrier, name: kgcachecontroller, count: 8
W20240210 15:12:24.154865 28187 IPCTensor.h:369] NewIPCTensor: cached_sampler_r5_0 [1000000]0x1000e1b0f000 7.629 MB
W20240210 15:12:24.155077 28187 IPCTensor.h:369] NewIPCTensor: cached_sampler_r5_1 [1000000]0x1000e22b2000 7.629 MB
W20240210 15:12:24.155148 28187 IPCTensor.h:369] NewIPCTensor: cached_sampler_r5_2 [1000000]0x1000e2a55000 7.629 MB
W20240210 15:12:24.155198 28187 IPCTensor.h:369] NewIPCTensor: cached_sampler_r5_3 [1000000]0x1000e31f8000 7.629 MB
W20240210 15:12:24.155256 28187 IPCTensor.h:369] NewIPCTensor: cached_sampler_r5_4 [1000000]0x1000e399b000 7.629 MB
W20240210 15:12:24.155308 28187 IPCTensor.h:369] NewIPCTensor: cached_sampler_r5_5 [1000000]0x1000e413e000 7.629 MB
W20240210 15:12:24.155359 28187 IPCTensor.h:369] NewIPCTensor: cached_sampler_r5_6 [1000000]0x1000e48e1000 7.629 MB
W20240210 15:12:24.155414 28187 IPCTensor.h:369] NewIPCTensor: cached_sampler_r5_7 [1000000]0x1000e5084000 7.629 MB
W20240210 15:12:24.155478 28187 IPCTensor.h:369] NewIPCTensor: cached_sampler_r5_8 [1000000]0x1000e5827000 7.629 MB
W20240210 15:12:24.155520 28187 IPCTensor.h:369] NewIPCTensor: cached_sampler_r5_9 [1000000]0x1000e5fca000 7.629 MB
W20240210 15:12:24.155567 28187 IPCTensor.h:369] NewIPCTensor: step_r5 [10]0x1000e676d000 80 B 
W20240210 15:12:24.155619 28187 IPCTensor.h:369] NewIPCTensor: circle_buffer_end_r5 [1]0x1000e676f000 8 B 
W20240210 15:12:24.155659 28187 IPCTensor.h:369] NewIPCTensor: circle_buffer_end_cppseen_r5 [1]0x1000e6771000 8 B 
Dataset:  /home/xieminhui/RecStoreDataset/avazu_binary
Dataset loaded
np.max =  9449205
np.min=  1
Construct RecModelSampler done
I20240210 15:12:24.156061 28187 IPC_barrier.h:112] CreateBarrier: find existing barrier, name: kgcachecontroller, count: 8
W20240210 15:12:24.203107 28189 IPCTensor.h:369] NewIPCTensor: cached_sampler_r7_0 [1000000]0x1000e6773000 7.629 MB
W20240210 15:12:24.203243 28189 IPCTensor.h:369] NewIPCTensor: cached_sampler_r7_1 [1000000]0x1000e6f16000 7.629 MB
W20240210 15:12:24.203299 28189 IPCTensor.h:369] NewIPCTensor: cached_sampler_r7_2 [1000000]0x1000e76b9000 7.629 MB
W20240210 15:12:24.203341 28189 IPCTensor.h:369] NewIPCTensor: cached_sampler_r7_3 [1000000]0x1000e7e5c000 7.629 MB
W20240210 15:12:24.203387 28189 IPCTensor.h:369] NewIPCTensor: cached_sampler_r7_4 [1000000]0x1000e85ff000 7.629 MB
W20240210 15:12:24.203425 28189 IPCTensor.h:369] NewIPCTensor: cached_sampler_r7_5 [1000000]0x1000e8da2000 7.629 MB
W20240210 15:12:24.203469 28189 IPCTensor.h:369] NewIPCTensor: cached_sampler_r7_6 [1000000]0x1000e9545000 7.629 MB
W20240210 15:12:24.203514 28189 IPCTensor.h:369] NewIPCTensor: cached_sampler_r7_7 [1000000]0x1000e9ce8000 7.629 MB
W20240210 15:12:24.203564 28189 IPCTensor.h:369] NewIPCTensor: cached_sampler_r7_8 [1000000]0x1000ea48b000 7.629 MB
W20240210 15:12:24.203600 28189 IPCTensor.h:369] NewIPCTensor: cached_sampler_r7_9 [1000000]0x1000eac2e000 7.629 MB
W20240210 15:12:24.203639 28189 IPCTensor.h:369] NewIPCTensor: step_r7 [10]0x1000eb3d1000 80 B 
W20240210 15:12:24.203673 28189 IPCTensor.h:369] NewIPCTensor: circle_buffer_end_r7 [1]0x1000eb3d3000 8 B 
W20240210 15:12:24.203706 28189 IPCTensor.h:369] NewIPCTensor: circle_buffer_end_cppseen_r7 [1]0x1000eb3d5000 8 B 
Dataset:  /home/xieminhui/RecStoreDataset/avazu_binary
Dataset loaded
np.max =  9449205
np.min=  1
Construct RecModelSampler done
I20240210 15:12:24.204005 28189 IPC_barrier.h:112] CreateBarrier: find existing barrier, name: kgcachecontroller, count: 8
W20240210 15:12:24.381214 28183 IPCTensor.h:369] NewIPCTensor: cached_sampler_r1_0 [1000000]0x1000eb3d7000 7.629 MB
W20240210 15:12:24.381372 28183 IPCTensor.h:369] NewIPCTensor: cached_sampler_r1_1 [1000000]0x1000ebb7a000 7.629 MB
W20240210 15:12:24.381429 28183 IPCTensor.h:369] NewIPCTensor: cached_sampler_r1_2 [1000000]0x1000ec31d000 7.629 MB
W20240210 15:12:24.381491 28183 IPCTensor.h:369] NewIPCTensor: cached_sampler_r1_3 [1000000]0x1000ecac0000 7.629 MB
W20240210 15:12:24.381543 28183 IPCTensor.h:369] NewIPCTensor: cached_sampler_r1_4 [1000000]0x1000ed263000 7.629 MB
W20240210 15:12:24.381584 28183 IPCTensor.h:369] NewIPCTensor: cached_sampler_r1_5 [1000000]0x1000eda06000 7.629 MB
W20240210 15:12:24.381640 28183 IPCTensor.h:369] NewIPCTensor: cached_sampler_r1_6 [1000000]0x1000ee1a9000 7.629 MB
W20240210 15:12:24.381686 28183 IPCTensor.h:369] NewIPCTensor: cached_sampler_r1_7 [1000000]0x1000ee94c000 7.629 MB
W20240210 15:12:24.381742 28183 IPCTensor.h:369] NewIPCTensor: cached_sampler_r1_8 [1000000]0x1000ef0ef000 7.629 MB
W20240210 15:12:24.381784 28183 IPCTensor.h:369] NewIPCTensor: cached_sampler_r1_9 [1000000]0x1000ef892000 7.629 MB
W20240210 15:12:24.381824 28183 IPCTensor.h:369] NewIPCTensor: step_r1 [10]0x1000f0035000 80 B 
W20240210 15:12:24.381862 28183 IPCTensor.h:369] NewIPCTensor: circle_buffer_end_r1 [1]0x1000f0037000 8 B 
W20240210 15:12:24.381902 28183 IPCTensor.h:369] NewIPCTensor: circle_buffer_end_cppseen_r1 [1]0x1000f0039000 8 B 
Dataset:  /home/xieminhui/RecStoreDataset/avazu_binary
Dataset loaded
np.max =  9449205
np.min=  1
Construct RecModelSampler done
I20240210 15:12:24.382232 28183 IPC_barrier.h:112] CreateBarrier: find existing barrier, name: kgcachecontroller, count: 8
E20240210 15:12:26.224973 28189 recstore.cc:66] init folly done
Construct KGCacheControllerWrapper done
E20240210 15:12:26.225184 28184 recstore.cc:66] init folly done
Construct KGCacheControllerWrapper done
E20240210 15:12:26.225484 28185 recstore.cc:66] init folly done
E20240210 15:12:26.225479 28183 recstore.cc:66] init folly done
E20240210 15:12:26.225479 28188 recstore.cc:66] init folly done
E20240210 15:12:26.225486 28186 recstore.cc:66] init folly done
E20240210 15:12:26.225486 28187 recstore.cc:66] init folly done
E20240210 15:12:26.225499 27932 recstore.cc:66] init folly done
Construct KGCacheControllerWrapper done
Construct KGCacheControllerWrapper done
Construct KGCacheControllerWrapper done
Construct KGCacheControllerWrapper done
Construct KGCacheControllerWrapper done
Construct KGCacheControllerWrapper done
Before Training
Before Training
Before Training
I20240210 15:12:27.382545 28184 IPC_barrier.h:118] CreateBarrier: new barrier, name: start_barrier, count: 8
Before Training
I20240210 15:12:27.382591 28185 IPC_barrier.h:112] CreateBarrier: find existing barrier, name: start_barrier, count: 8
I20240210 15:12:27.382647 28183 IPC_barrier.h:112] CreateBarrier: find existing barrier, name: start_barrier, count: 8
I20240210 15:12:27.382717 27932 IPC_barrier.h:112] CreateBarrier: find existing barrier, name: start_barrier, count: 8
Before Training
Before Training
I20240210 15:12:27.384406 28186 IPC_barrier.h:112] CreateBarrier: find existing barrier, name: start_barrier, count: 8
Before Training
I20240210 15:12:27.384457 28188 IPC_barrier.h:112] CreateBarrier: find existing barrier, name: start_barrier, count: 8
I20240210 15:12:27.384478 28187 IPC_barrier.h:112] CreateBarrier: find existing barrier, name: start_barrier, count: 8
Before Training
I20240210 15:12:27.384866 28189 IPC_barrier.h:112] CreateBarrier: find existing barrier, name: start_barrier, count: 8
========== Step 0 ========== 
+---------------------------+---------------------------+---------------------------+
| Name                      | P50                       | P99                       |
+---------------------------+---------------------------+---------------------------+
| GenInput:CircleBuffer     | 192.297 us                | 192.297 us                |
| GenInput                  | 390.258 us                | 390.258 us                |
| NN                        | 220.563 ms                | 220.563 ms                |
| Forward                   | 222.307 ms                | 222.307 ms                |
| back: bucket keys         | 65.322 ms                 | 65.322 ms                 |
+---------------------------+---------------------------+---------------------------+
+---------------------------+---------------------------+---------------------------+
| Name                      | P50                       | P99                       |
+---------------------------+---------------------------+---------------------------+
| GenInput:CircleBuffer     | 192.297 us                | 192.297 us                |
| GenInput                  | 390.258 us                | 390.258 us                |
| NN                        | 220.563 ms                | 220.563 ms                |
| Forward                   | 222.307 ms                | 222.307 ms                |
| back: bucket keys         | 65.322 ms                 | 65.322 ms                 |
+---------------------------+---------------------------+---------------------------+
+---------------------------+---------------------------+---------------------------+
| Name                      | P50                       | P99                       |
+---------------------------+---------------------------+---------------------------+
| GenInput:CircleBuffer     | 192.297 us                | 192.297 us                |
| GenInput                  | 390.258 us                | 390.258 us                |
| NN                        | 220.563 ms                | 220.563 ms                |
| Forward                   | 222.307 ms                | 222.307 ms                |
| back: bucket keys         | 65.322 ms                 | 65.322 ms                 |
+---------------------------+---------------------------+---------------------------+
+---------------------------+---------------------------+---------------------------+
| Name                      | P50                       | P99                       |
+---------------------------+---------------------------+---------------------------+
| GenInput:CircleBuffer     | 192.297 us                | 192.297 us                |
| GenInput                  | 390.258 us                | 390.258 us                |
| NN                        | 220.563 ms                | 220.563 ms                |
| Forward                   | 222.307 ms                | 222.307 ms                |
| back: bucket keys         | 65.322 ms                 | 65.322 ms                 |
+---------------------------+---------------------------+---------------------------+
+---------------------------+---------------------------+---------------------------+
| Name                      | P50                       | P99                       |
+---------------------------+---------------------------+---------------------------+
| GenInput:CircleBuffer     | 192.297 us                | 192.297 us                |
| GenInput                  | 390.258 us                | 390.258 us                |
| NN                        | 220.563 ms                | 220.563 ms                |
| Forward                   | 222.307 ms                | 222.307 ms                |
| back: bucket keys         | 65.322 ms                 | 65.322 ms                 |
+---------------------------+---------------------------+---------------------------+
+---------------------------+---------------------------+---------------------------+
| Name                      | P50                       | P99                       |
+---------------------------+---------------------------+---------------------------+
| GenInput:CircleBuffer     | 192.297 us                | 192.297 us                |
| GenInput                  | 390.258 us                | 390.258 us                |
| NN                        | 220.563 ms                | 220.563 ms                |
| Forward                   | 222.307 ms                | 222.307 ms                |
| back: bucket keys         | 65.322 ms                 | 65.322 ms                 |
+---------------------------+---------------------------+---------------------------+
+---------------------------+---------------------------+---------------------------+
| Name                      | P50                       | P99                       |
+---------------------------+---------------------------+---------------------------+
| GenInput:CircleBuffer     | 192.297 us                | 192.297 us                |
| GenInput                  | 390.258 us                | 390.258 us                |
| NN                        | 220.563 ms                | 220.563 ms                |
| Forward                   | 222.307 ms                | 222.307 ms                |
| back: bucket keys         | 65.322 ms                 | 65.322 ms                 |
+---------------------------+---------------------------+---------------------------+
+---------------------------+---------------------------+---------------------------+
| Name                      | P50                       | P99                       |
+---------------------------+---------------------------+---------------------------+
| GenInput:CircleBuffer     | 192.297 us                | 192.297 us                |
| GenInput                  | 390.258 us                | 390.258 us                |
| NN                        | 220.563 ms                | 220.563 ms                |
| Forward                   | 222.307 ms                | 222.307 ms                |
| back: bucket keys         | 65.322 ms                 | 65.322 ms                 |
+---------------------------+---------------------------+---------------------------+
+---------------------------+---------------------------+---------------------------+
| Name                      | P50                       | P99                       |
+---------------------------+---------------------------+---------------------------+
| GenInput:CircleBuffer     | 192.297 us                | 192.297 us                |
| GenInput                  | 390.258 us                | 390.258 us                |
| NN                        | 220.563 ms                | 220.563 ms                |
| Forward                   | 222.307 ms                | 222.307 ms                |
| back: bucket keys         | 65.322 ms                 | 65.322 ms                 |
+---------------------------+---------------------------+---------------------------+
+---------------------------+---------------------------+---------------------------+
| Name                      | P50                       | P99                       |
+---------------------------+---------------------------+---------------------------+
| GenInput:CircleBuffer     | 192.297 us                | 192.297 us                |
| GenInput                  | 390.258 us                | 390.258 us                |
| NN                        | 220.563 ms                | 220.563 ms                |
| Forward                   | 222.307 ms                | 222.307 ms                |
| back: bucket keys         | 65.322 ms                 | 65.322 ms                 |
+---------------------------+---------------------------+---------------------------+
+---------------------------+---------------------------+---------------------------+
| Name                      | P50                       | P99                       |
+---------------------------+---------------------------+---------------------------+
| GenInput:CircleBuffer     | 192.297 us                | 192.297 us                |
| GenInput                  | 390.258 us                | 390.258 us                |
| NN                        | 220.563 ms                | 220.563 ms                |
| Forward                   | 222.307 ms                | 222.307 ms                |
| back: bucket keys         | 65.322 ms                 | 65.322 ms                 |
+---------------------------+---------------------------+---------------------------+
========== Step 1 ========== 
INFO [28189 distributed.py:1140] Reducer buckets have been rebuilt in this iteration.
INFO [28184 distributed.py:1140] Reducer buckets have been rebuilt in this iteration.
INFO [28186 distributed.py:1140] Reducer buckets have been rebuilt in this iteration.
INFO [28187 distributed.py:1140] Reducer buckets have been rebuilt in this iteration.
INFO [28183 distributed.py:1140] Reducer buckets have been rebuilt in this iteration.
INFO [27932 distributed.py:1140] Reducer buckets have been rebuilt in this iteration.
INFO [28188 distributed.py:1140] Reducer buckets have been rebuilt in this iteration.
INFO [28185 distributed.py:1140] Reducer buckets have been rebuilt in this iteration.
========== Step 2 ========== 
========== Step 3 ========== 
========== Step 4 ========== 
========== Step 5 ========== 
========== Step 6 ========== 
========== Step 7 ========== 
========== Step 8 ========== 
========== Step 9 ========== 
========== Step 10 ========== 
========== Step 11 ========== 
========== Step 12 ========== 
========== Step 13 ========== 
========== Step 14 ========== 
========== Step 15 ========== 
========== Step 16 ========== 
========== Step 17 ========== 
========== Step 18 ========== 
========== Step 19 ========== 
========== Step 20 ========== 
========== Step 21 ========== 
========== Step 22 ========== 
========== Step 23 ========== 
========== Step 24 ========== 
========== Step 25 ========== 
========== Step 26 ========== 
========== Step 27 ========== 
========== Step 28 ========== 
========== Step 29 ========== 
+---------------------------+---------------------------+---------------------------+
| Name                      | P50                       | P99                       |
+---------------------------+---------------------------+---------------------------+
| GenInput:CircleBuffer     | 121.750 us                | 305.286 us                |
| GenInput                  | 472.120 us                | 1.998 ms                  |
| NN                        | 1.180 ms                  | 220.563 ms                |
| Forward                   | 1.431 ms                  | 222.307 ms                |
| back: bucket keys         | 921.011 us                | 65.322 ms                 |
| back: a2a                 | 7.887 ms                  | 52.934 s                  |
| back: cache               | 45.542 ms                 | 66.671 ms                 |
| back: aggr dram keys      | 7.188 ms                  | 924.208 ms                |
| back: set dram grad       | 454.187 us                | 1.250 ms                  |
| Backward                  | 66.688 ms                 | 54.064 s                  |
| Optimize                  | 18.335 ms                 | 162.444 ms                |
| BarrierTimeBeforeRank0    | 45.139 us                 | 2.646 ms                  |
| BlockToStepN              | 46.544 us                 | 458.656 us                |
| OneStep                   | 88.446 ms                 | 54.456 s                  |
+---------------------------+---------------------------+---------------------------+
========== Step 30 ========== 
========== Step 31 ========== 
========== Step 32 ========== 
========== Step 33 ========== 
========== Step 34 ========== 
========== Step 35 ========== 
========== Step 36 ========== 
========== Step 37 ========== 
========== Step 38 ========== 
========== Step 39 ========== 
========== Step 40 ========== 
========== Step 41 ========== 
========== Step 42 ========== 
========== Step 43 ========== 
========== Step 44 ========== 
========== Step 45 ========== 
========== Step 46 ========== 
========== Step 47 ========== 
========== Step 48 ========== 
========== Step 49 ========== 
========== Step 50 ========== 
========== Step 51 ========== 
========== Step 52 ========== 
========== Step 53 ========== 
========== Step 54 ========== 
========== Step 55 ========== 
========== Step 56 ========== 
========== Step 57 ========== 
========== Step 58 ========== 
========== Step 59 ========== 
========== Step 60 ========== 
========== Step 61 ========== 
========== Step 62 ========== 
========== Step 63 ========== 
========== Step 64 ========== 
========== Step 65 ========== 
========== Step 66 ========== 
========== Step 67 ========== 
========== Step 68 ========== 
========== Step 69 ========== 
Successfully xmh
INFO [27932 controller_process.py:421] call rank0 to StopThreads
INFO [27932 controller_process.py:421] call rank0 to StopThreads
INFO [27932 controller_process.py:421] call rank0 to StopThreads
INFO [27932 controller_process.py:421] call rank0 to StopThreads
INFO [27932 controller_process.py:421] call rank0 to StopThreads
INFO [27932 controller_process.py:421] call rank0 to StopThreads
INFO [27932 controller_process.py:421] call rank0 to StopThreads
INFO [27932 controller_process.py:421] call rank0 to StopThreads
INFO [27932 controller_process.py:421] call rank0 to StopThreads
INFO [27932 controller_process.py:421] call rank0 to StopThreads
INFO [27932 controller_process.py:421] call rank0 to StopThreads
INFO [27932 controller_process.py:421] call rank0 to StopThreads
INFO [27932 controller_process.py:421] call rank0 to StopThreads
INFO [27932 controller_process.py:421] call rank0 to StopThreads
INFO [27932 controller_process.py:421] call rank0 to StopThreads
INFO [27932 controller_process.py:421] call rank0 to StopThreads
INFO [27932 controller_process.py:421] call rank0 to StopThreads
+---------------------------+---------------------------+---------------------------+
| Name                      | P50                       | P99                       |
+---------------------------+---------------------------+---------------------------+
| GenInput:CircleBuffer     | 121.030 us                | 302.312 us                |
| GenInput                  | 390.258 us                | 1.923 ms                  |
| NN                        | 1.026 ms                  | 6.958 ms                  |
| Forward                   | 1.258 ms                  | 8.013 ms                  |
| back: bucket keys         | 918.150 us                | 5.054 ms                  |
| back: a2a                 | 7.727 ms                  | 14.606 ms                 |
| back: cache               | 44.447 ms                 | 64.006 ms                 |
| back: aggr dram keys      | 5.887 ms                  | 35.209 ms                 |
| back: set dram grad       | 428.200 us                | 1.069 ms                  |
| Backward                  | 61.867 ms                 | 91.022 ms                 |
| Optimize                  | 18.262 ms                 | 38.291 ms                 |
| BarrierTimeBeforeRank0    | 41.438 us                 | 116.007 us                |
| BlockToStepN              | 40.258 us                 | 458.656 us                |
| OneStep                   | 82.704 ms                 | 123.803 ms                |
+---------------------------+---------------------------+---------------------------+
