WARNING: Logging before InitGoogleLogging() is written to STDERR
I20240211 09:43:54.966512 55457 IPC_barrier.h:128] MultiProcessBarrierFactory->ClearIPCMemory()
W20240211 09:43:54.974740 55457 IPCTensor.h:369] NewIPCTensor: full_emb [33762578, 32]0x100000002000 4.025 GB
/data/home/xieminhui/RecStore/src/framework_adapters/torch/python/perf_rec_model.py:152: DeprecationWarning: The 'warn' function is deprecated, use 'warning' instead
  XLOG.warn("After init DistEmbedding")
WARNING [55457 perf_rec_model.py:152] After init DistEmbedding
========== Running Perf with routine <function routine_local_cache_helper at 0x7f71ed8158a0>==========
Worker 1 pid=55608
Worker 2 pid=55609
Worker 3 pid=55610
Worker 4 pid=55611
Worker 5 pid=55612
Worker 6 pid=55613
INFO [55457 distributed_c10d.py:442] Added key: store_based_barrier_key:1 to store for rank: 0
INFO [55608 distributed_c10d.py:442] Added key: store_based_barrier_key:1 to store for rank: 1
INFO [55609 distributed_c10d.py:442] Added key: store_based_barrier_key:1 to store for rank: 2
INFO [55611 distributed_c10d.py:442] Added key: store_based_barrier_key:1 to store for rank: 4
INFO [55610 distributed_c10d.py:442] Added key: store_based_barrier_key:1 to store for rank: 3
INFO [55612 distributed_c10d.py:442] Added key: store_based_barrier_key:1 to store for rank: 5
INFO [55457 distributed_c10d.py:476] Rank 0: Completed store-based barrier for key:store_based_barrier_key:1 with 8 nodes.
INFO [55613 distributed_c10d.py:442] Added key: store_based_barrier_key:1 to store for rank: 6
INFO [55614 distributed_c10d.py:442] Added key: store_based_barrier_key:1 to store for rank: 7
INFO [55609 distributed_c10d.py:476] Rank 2: Completed store-based barrier for key:store_based_barrier_key:1 with 8 nodes.
INFO [55611 distributed_c10d.py:476] Rank 4: Completed store-based barrier for key:store_based_barrier_key:1 with 8 nodes.
INFO [55608 distributed_c10d.py:476] Rank 1: Completed store-based barrier for key:store_based_barrier_key:1 with 8 nodes.
INFO [55612 distributed_c10d.py:476] Rank 5: Completed store-based barrier for key:store_based_barrier_key:1 with 8 nodes.
INFO [55614 distributed_c10d.py:476] Rank 7: Completed store-based barrier for key:store_based_barrier_key:1 with 8 nodes.
INFO [55613 distributed_c10d.py:476] Rank 6: Completed store-based barrier for key:store_based_barrier_key:1 with 8 nodes.
INFO [55610 distributed_c10d.py:476] Rank 3: Completed store-based barrier for key:store_based_barrier_key:1 with 8 nodes.
E20240211 09:44:11.921942 55457 IPCTensor.h:348] IPCTensor full_emb already exists
E20240211 09:44:11.922241 55609 IPCTensor.h:348] IPCTensor full_emb already exists
E20240211 09:44:11.922272 55611 IPCTensor.h:348] IPCTensor full_emb already exists
E20240211 09:44:11.922299 55614 IPCTensor.h:348] IPCTensor full_emb already exists
E20240211 09:44:11.922297 55612 IPCTensor.h:348] IPCTensor full_emb already exists
E20240211 09:44:11.922315 55608 IPCTensor.h:348] IPCTensor full_emb already exists
E20240211 09:44:11.922322 55613 IPCTensor.h:348] IPCTensor full_emb already exists
E20240211 09:44:11.922448 55610 IPCTensor.h:348] IPCTensor full_emb already exists
W20240211 09:44:30.721534 55613 IPCTensor.h:409] NewIPCGPUTensor: embedding_cache_6 [337625, 32]; dev=6; size=41.21 MB
W20240211 09:44:30.721957 55611 IPCTensor.h:409] NewIPCGPUTensor: embedding_cache_4 [337625, 32]; dev=4; size=41.21 MB
W20240211 09:44:30.721962 55608 IPCTensor.h:409] NewIPCGPUTensor: embedding_cache_1 [337625, 32]; dev=1; size=41.21 MB
W20240211 09:44:30.724871 55457 IPCTensor.h:409] NewIPCGPUTensor: embedding_cache_0 [337625, 32]; dev=0; size=41.21 MB
W20240211 09:44:30.725199 55612 IPCTensor.h:409] NewIPCGPUTensor: embedding_cache_5 [337625, 32]; dev=5; size=41.21 MB
W20240211 09:44:30.725364 55614 IPCTensor.h:409] NewIPCGPUTensor: embedding_cache_7 [337625, 32]; dev=7; size=41.21 MB
W20240211 09:44:30.725431 55609 IPCTensor.h:409] NewIPCGPUTensor: embedding_cache_2 [337625, 32]; dev=2; size=41.21 MB
W20240211 09:44:30.725440 55610 IPCTensor.h:409] NewIPCGPUTensor: embedding_cache_3 [337625, 32]; dev=3; size=41.21 MB
W20240211 09:44:31.454736 55611 IPCTensor.h:369] NewIPCTensor: input_keys_4 [1000000]0x10010196e000 7.629 MB
W20240211 09:44:31.454952 55611 IPCTensor.h:369] NewIPCTensor: input_keys_neg_4 [1000000]0x100102111000 7.629 MB
W20240211 09:44:31.455031 55611 IPCTensor.h:369] NewIPCTensor: backward_grads_4 [1000000, 32]0x1001028b4000 122.1 MB
W20240211 09:44:31.455112 55611 IPCTensor.h:369] NewIPCTensor: backward_grads_neg_4 [1000000, 32]0x10010a2c8000 122.1 MB
W20240211 09:44:31.455180 55611 IPCTensor.h:409] NewIPCGPUTensor: backward_grads_4_gpu [1000000, 32]; dev=4; size=122.1 MB
W20240211 09:44:31.472196 55611 IPCTensor.h:409] NewIPCGPUTensor: backward_grads_neg_4_gpu [1000000, 32]; dev=4; size=122.1 MB
W20240211 09:44:31.498663 55608 IPCTensor.h:369] NewIPCTensor: input_keys_1 [1000000]0x100111ce2000 7.629 MB
W20240211 09:44:31.498891 55608 IPCTensor.h:369] NewIPCTensor: input_keys_neg_1 [1000000]0x100112487000 7.629 MB
W20240211 09:44:31.498986 55608 IPCTensor.h:369] NewIPCTensor: backward_grads_1 [1000000, 32]0x100112c2a000 122.1 MB
W20240211 09:44:31.499097 55608 IPCTensor.h:369] NewIPCTensor: backward_grads_neg_1 [1000000, 32]0x10011a63e000 122.1 MB
W20240211 09:44:31.499114 55610 IPCTensor.h:369] NewIPCTensor: input_keys_3 [1000000]0x100122052000 7.629 MB
W20240211 09:44:31.499161 55608 IPCTensor.h:409] NewIPCGPUTensor: backward_grads_1_gpu [1000000, 32]; dev=1; size=122.1 MB
W20240211 09:44:31.499336 55610 IPCTensor.h:369] NewIPCTensor: input_keys_neg_3 [1000000]0x1001227f5000 7.629 MB
W20240211 09:44:31.499403 55610 IPCTensor.h:369] NewIPCTensor: backward_grads_3 [1000000, 32]0x100122f98000 122.1 MB
W20240211 09:44:31.499469 55610 IPCTensor.h:369] NewIPCTensor: backward_grads_neg_3 [1000000, 32]0x10012a9ac000 122.1 MB
W20240211 09:44:31.499523 55610 IPCTensor.h:409] NewIPCGPUTensor: backward_grads_3_gpu [1000000, 32]; dev=3; size=122.1 MB
W20240211 09:44:31.500809 55608 IPCTensor.h:409] NewIPCGPUTensor: backward_grads_neg_1_gpu [1000000, 32]; dev=1; size=122.1 MB
W20240211 09:44:31.500900 55610 IPCTensor.h:409] NewIPCGPUTensor: backward_grads_neg_3_gpu [1000000, 32]; dev=3; size=122.1 MB
W20240211 09:44:31.558707 55612 IPCTensor.h:369] NewIPCTensor: input_keys_5 [1000000]0x1001323ca000 7.629 MB
W20240211 09:44:31.558929 55612 IPCTensor.h:369] NewIPCTensor: input_keys_neg_5 [1000000]0x100132b6d000 7.629 MB
W20240211 09:44:31.558984 55612 IPCTensor.h:369] NewIPCTensor: backward_grads_5 [1000000, 32]0x100133310000 122.1 MB
W20240211 09:44:31.559052 55612 IPCTensor.h:369] NewIPCTensor: backward_grads_neg_5 [1000000, 32]0x10013ad24000 122.1 MB
W20240211 09:44:31.559110 55612 IPCTensor.h:409] NewIPCGPUTensor: backward_grads_5_gpu [1000000, 32]; dev=5; size=122.1 MB
W20240211 09:44:31.560624 55612 IPCTensor.h:409] NewIPCGPUTensor: backward_grads_neg_5_gpu [1000000, 32]; dev=5; size=122.1 MB
W20240211 09:44:31.561754 55613 IPCTensor.h:369] NewIPCTensor: input_keys_6 [1000000]0x10014273c000 7.629 MB
W20240211 09:44:31.561883 55613 IPCTensor.h:369] NewIPCTensor: input_keys_neg_6 [1000000]0x100142edf000 7.629 MB
W20240211 09:44:31.561926 55613 IPCTensor.h:369] NewIPCTensor: backward_grads_6 [1000000, 32]0x100143682000 122.1 MB
W20240211 09:44:31.561965 55613 IPCTensor.h:369] NewIPCTensor: backward_grads_neg_6 [1000000, 32]0x10014b096000 122.1 MB
W20240211 09:44:31.562026 55613 IPCTensor.h:409] NewIPCGPUTensor: backward_grads_6_gpu [1000000, 32]; dev=6; size=122.1 MB
W20240211 09:44:31.563856 55613 IPCTensor.h:409] NewIPCGPUTensor: backward_grads_neg_6_gpu [1000000, 32]; dev=6; size=122.1 MB
W20240211 09:44:31.580224 55609 IPCTensor.h:369] NewIPCTensor: input_keys_2 [1000000]0x100152ab2000 7.629 MB
W20240211 09:44:31.580385 55609 IPCTensor.h:369] NewIPCTensor: input_keys_neg_2 [1000000]0x100153255000 7.629 MB
W20240211 09:44:31.580435 55609 IPCTensor.h:369] NewIPCTensor: backward_grads_2 [1000000, 32]0x1001539f8000 122.1 MB
W20240211 09:44:31.580479 55609 IPCTensor.h:369] NewIPCTensor: backward_grads_neg_2 [1000000, 32]0x10015b40c000 122.1 MB
W20240211 09:44:31.580518 55609 IPCTensor.h:409] NewIPCGPUTensor: backward_grads_2_gpu [1000000, 32]; dev=2; size=122.1 MB
W20240211 09:44:31.581422 55609 IPCTensor.h:409] NewIPCGPUTensor: backward_grads_neg_2_gpu [1000000, 32]; dev=2; size=122.1 MB
W20240211 09:44:31.594054 55614 IPCTensor.h:369] NewIPCTensor: input_keys_7 [1000000]0x100162e26000 7.629 MB
W20240211 09:44:31.594211 55614 IPCTensor.h:369] NewIPCTensor: input_keys_neg_7 [1000000]0x1001635c9000 7.629 MB
W20240211 09:44:31.594259 55614 IPCTensor.h:369] NewIPCTensor: backward_grads_7 [1000000, 32]0x100163d6c000 122.1 MB
W20240211 09:44:31.594305 55614 IPCTensor.h:369] NewIPCTensor: backward_grads_neg_7 [1000000, 32]0x10016b780000 122.1 MB
W20240211 09:44:31.594339 55614 IPCTensor.h:409] NewIPCGPUTensor: backward_grads_7_gpu [1000000, 32]; dev=7; size=122.1 MB
W20240211 09:44:31.594689 55614 IPCTensor.h:409] NewIPCGPUTensor: backward_grads_neg_7_gpu [1000000, 32]; dev=7; size=122.1 MB
W20240211 09:44:31.604717 55457 IPCTensor.h:369] NewIPCTensor: input_keys_0 [1000000]0x10017319a000 7.629 MB
W20240211 09:44:31.604919 55457 IPCTensor.h:369] NewIPCTensor: input_keys_neg_0 [1000000]0x10017393d000 7.629 MB
W20240211 09:44:31.605020 55457 IPCTensor.h:369] NewIPCTensor: backward_grads_0 [1000000, 32]0x1001740e0000 122.1 MB
W20240211 09:44:31.605095 55457 IPCTensor.h:369] NewIPCTensor: backward_grads_neg_0 [1000000, 32]0x10017baf4000 122.1 MB
W20240211 09:44:31.605146 55457 IPCTensor.h:409] NewIPCGPUTensor: backward_grads_0_gpu [1000000, 32]; dev=0; size=122.1 MB
W20240211 09:44:31.605502 55457 IPCTensor.h:409] NewIPCGPUTensor: backward_grads_neg_0_gpu [1000000, 32]; dev=0; size=122.1 MB
cudaHostRegister 0x100000002000
5: KnownLocalCachedEmbedding init done
cudaHostRegister 0x100000002000
2: KnownLocalCachedEmbedding init done
Worker 7 pid=55614
New CachedEmbedding, name=full_emb, shape=(33762578, 32), cache_type=KnownLocalCachedEmbedding
fixed cache_range is [(0, 337625), (337625, 675250), (675250, 1012875), (1012875, 1350500), (1350500, 1688125), (1688125, 2025750), (2025750, 2363375), (2363375, 2701000)]
cudaHostRegister 0x100000002000
0: KnownLocalCachedEmbedding init done
cudaHostRegister 0x100000002000
6: KnownLocalCachedEmbedding init done
cudaHostRegister 0x100000002000
7: KnownLocalCachedEmbedding init done
cudaHostRegister 0x100000002000
4: KnownLocalCachedEmbedding init done
cudaHostRegister 0x100000002000
3: KnownLocalCachedEmbedding init done
cudaHostRegister 0x100000002000
1: KnownLocalCachedEmbedding init done
W20240211 09:44:39.164474 55608 IPCTensor.h:369] NewIPCTensor: cached_sampler_r1_0 [1000000]0x10018350c000 7.629 MB
W20240211 09:44:39.164662 55608 IPCTensor.h:369] NewIPCTensor: cached_sampler_r1_1 [1000000]0x100183caf000 7.629 MB
W20240211 09:44:39.164713 55608 IPCTensor.h:369] NewIPCTensor: cached_sampler_r1_2 [1000000]0x100184452000 7.629 MB
W20240211 09:44:39.164762 55608 IPCTensor.h:369] NewIPCTensor: cached_sampler_r1_3 [1000000]0x100184bf5000 7.629 MB
W20240211 09:44:39.164819 55608 IPCTensor.h:369] NewIPCTensor: cached_sampler_r1_4 [1000000]0x100185398000 7.629 MB
W20240211 09:44:39.164865 55608 IPCTensor.h:369] NewIPCTensor: cached_sampler_r1_5 [1000000]0x100185b3b000 7.629 MB
W20240211 09:44:39.164907 55608 IPCTensor.h:369] NewIPCTensor: cached_sampler_r1_6 [1000000]0x1001862de000 7.629 MB
W20240211 09:44:39.164965 55608 IPCTensor.h:369] NewIPCTensor: cached_sampler_r1_7 [1000000]0x100186a81000 7.629 MB
W20240211 09:44:39.165014 55608 IPCTensor.h:369] NewIPCTensor: cached_sampler_r1_8 [1000000]0x100187224000 7.629 MB
W20240211 09:44:39.165077 55608 IPCTensor.h:369] NewIPCTensor: cached_sampler_r1_9 [1000000]0x1001879c7000 7.629 MB
W20240211 09:44:39.165128 55608 IPCTensor.h:369] NewIPCTensor: step_r1 [10]0x10018816a000 80 B 
W20240211 09:44:39.165166 55608 IPCTensor.h:369] NewIPCTensor: circle_buffer_end_r1 [1]0x10018816c000 8 B 
W20240211 09:44:39.165205 55608 IPCTensor.h:369] NewIPCTensor: circle_buffer_end_cppseen_r1 [1]0x10018816e000 8 B 
Dataset:  /home/xieminhui/RecStoreDataset/criteo_binary
Dataset loaded
np.max =  33762577
np.min=  1
Construct RecModelSampler done
I20240211 09:44:39.165709 55608 IPC_barrier.h:118] CreateBarrier: new barrier, name: kgcachecontroller, count: 8
W20240211 09:44:40.035372 55613 IPCTensor.h:369] NewIPCTensor: cached_sampler_r6_0 [1000000]0x100188170000 7.629 MB
W20240211 09:44:40.035589 55613 IPCTensor.h:369] NewIPCTensor: cached_sampler_r6_1 [1000000]0x100188913000 7.629 MB
W20240211 09:44:40.035635 55613 IPCTensor.h:369] NewIPCTensor: cached_sampler_r6_2 [1000000]0x1001890b6000 7.629 MB
W20240211 09:44:40.035677 55613 IPCTensor.h:369] NewIPCTensor: cached_sampler_r6_3 [1000000]0x100189859000 7.629 MB
W20240211 09:44:40.035727 55613 IPCTensor.h:369] NewIPCTensor: cached_sampler_r6_4 [1000000]0x100189ffc000 7.629 MB
W20240211 09:44:40.035773 55613 IPCTensor.h:369] NewIPCTensor: cached_sampler_r6_5 [1000000]0x10018a79f000 7.629 MB
W20240211 09:44:40.035816 55613 IPCTensor.h:369] NewIPCTensor: cached_sampler_r6_6 [1000000]0x10018af42000 7.629 MB
W20240211 09:44:40.035867 55613 IPCTensor.h:369] NewIPCTensor: cached_sampler_r6_7 [1000000]0x10018b6e5000 7.629 MB
W20240211 09:44:40.035918 55613 IPCTensor.h:369] NewIPCTensor: cached_sampler_r6_8 [1000000]0x10018be88000 7.629 MB
W20240211 09:44:40.035969 55613 IPCTensor.h:369] NewIPCTensor: cached_sampler_r6_9 [1000000]0x10018c62b000 7.629 MB
W20240211 09:44:40.036021 55613 IPCTensor.h:369] NewIPCTensor: step_r6 [10]0x10018cdce000 80 B 
W20240211 09:44:40.036064 55613 IPCTensor.h:369] NewIPCTensor: circle_buffer_end_r6 [1]0x10018cdd0000 8 B 
W20240211 09:44:40.036116 55613 IPCTensor.h:369] NewIPCTensor: circle_buffer_end_cppseen_r6 [1]0x10018cdd2000 8 B 
Dataset:  /home/xieminhui/RecStoreDataset/criteo_binary
Dataset loaded
np.max =  33762577
np.min=  1
Construct RecModelSampler done
I20240211 09:44:40.036523 55613 IPC_barrier.h:112] CreateBarrier: find existing barrier, name: kgcachecontroller, count: 8
W20240211 09:44:40.073803 55609 IPCTensor.h:369] NewIPCTensor: cached_sampler_r2_0 [1000000]0x10018cdd4000 7.629 MB
W20240211 09:44:40.073980 55609 IPCTensor.h:369] NewIPCTensor: cached_sampler_r2_1 [1000000]0x10018d577000 7.629 MB
W20240211 09:44:40.074028 55609 IPCTensor.h:369] NewIPCTensor: cached_sampler_r2_2 [1000000]0x10018dd1a000 7.629 MB
W20240211 09:44:40.074075 55609 IPCTensor.h:369] NewIPCTensor: cached_sampler_r2_3 [1000000]0x10018e4bd000 7.629 MB
W20240211 09:44:40.074124 55609 IPCTensor.h:369] NewIPCTensor: cached_sampler_r2_4 [1000000]0x10018ec60000 7.629 MB
W20240211 09:44:40.074177 55609 IPCTensor.h:369] NewIPCTensor: cached_sampler_r2_5 [1000000]0x10018f403000 7.629 MB
W20240211 09:44:40.074223 55609 IPCTensor.h:369] NewIPCTensor: cached_sampler_r2_6 [1000000]0x10018fba6000 7.629 MB
W20240211 09:44:40.074280 55609 IPCTensor.h:369] NewIPCTensor: cached_sampler_r2_7 [1000000]0x100190349000 7.629 MB
W20240211 09:44:40.074331 55609 IPCTensor.h:369] NewIPCTensor: cached_sampler_r2_8 [1000000]0x100190aec000 7.629 MB
W20240211 09:44:40.074383 55609 IPCTensor.h:369] NewIPCTensor: cached_sampler_r2_9 [1000000]0x10019128f000 7.629 MB
W20240211 09:44:40.074450 55609 IPCTensor.h:369] NewIPCTensor: step_r2 [10]0x100191a32000 80 B 
W20240211 09:44:40.074488 55609 IPCTensor.h:369] NewIPCTensor: circle_buffer_end_r2 [1]0x100191a34000 8 B 
W20240211 09:44:40.074527 55609 IPCTensor.h:369] NewIPCTensor: circle_buffer_end_cppseen_r2 [1]0x100191a36000 8 B 
Dataset:  /home/xieminhui/RecStoreDataset/criteo_binary
Dataset loaded
np.max =  33762577
np.min=  1
Construct RecModelSampler done
I20240211 09:44:40.074911 55609 IPC_barrier.h:112] CreateBarrier: find existing barrier, name: kgcachecontroller, count: 8
W20240211 09:44:40.252360 55457 IPCTensor.h:369] NewIPCTensor: cached_sampler_r0_0 [1000000]0x100191a38000 7.629 MB
W20240211 09:44:40.252564 55457 IPCTensor.h:369] NewIPCTensor: cached_sampler_r0_1 [1000000]0x1001921db000 7.629 MB
W20240211 09:44:40.252622 55457 IPCTensor.h:369] NewIPCTensor: cached_sampler_r0_2 [1000000]0x10019297e000 7.629 MB
W20240211 09:44:40.252674 55457 IPCTensor.h:369] NewIPCTensor: cached_sampler_r0_3 [1000000]0x100193121000 7.629 MB
W20240211 09:44:40.252732 55457 IPCTensor.h:369] NewIPCTensor: cached_sampler_r0_4 [1000000]0x1001938c4000 7.629 MB
W20240211 09:44:40.252792 55457 IPCTensor.h:369] NewIPCTensor: cached_sampler_r0_5 [1000000]0x100194067000 7.629 MB
W20240211 09:44:40.252837 55457 IPCTensor.h:369] NewIPCTensor: cached_sampler_r0_6 [1000000]0x10019480a000 7.629 MB
W20240211 09:44:40.252882 55457 IPCTensor.h:369] NewIPCTensor: cached_sampler_r0_7 [1000000]0x100194fad000 7.629 MB
W20240211 09:44:40.252920 55457 IPCTensor.h:369] NewIPCTensor: cached_sampler_r0_8 [1000000]0x100195750000 7.629 MB
W20240211 09:44:40.252959 55457 IPCTensor.h:369] NewIPCTensor: cached_sampler_r0_9 [1000000]0x100195ef3000 7.629 MB
W20240211 09:44:40.253003 55457 IPCTensor.h:369] NewIPCTensor: step_r0 [10]0x100196696000 80 B 
W20240211 09:44:40.253048 55457 IPCTensor.h:369] NewIPCTensor: circle_buffer_end_r0 [1]0x100196698000 8 B 
W20240211 09:44:40.253082 55457 IPCTensor.h:369] NewIPCTensor: circle_buffer_end_cppseen_r0 [1]0x10019669a000 8 B 
Dataset:  /home/xieminhui/RecStoreDataset/criteo_binary
Dataset loaded
np.max =  33762577
np.min=  1
Construct RecModelSampler done
I20240211 09:44:40.253538 55457 IPC_barrier.h:112] CreateBarrier: find existing barrier, name: kgcachecontroller, count: 8
W20240211 09:44:40.653909 55610 IPCTensor.h:369] NewIPCTensor: cached_sampler_r3_0 [1000000]0x10019669c000 7.629 MB
W20240211 09:44:40.654088 55610 IPCTensor.h:369] NewIPCTensor: cached_sampler_r3_1 [1000000]0x100196e3f000 7.629 MB
W20240211 09:44:40.654137 55610 IPCTensor.h:369] NewIPCTensor: cached_sampler_r3_2 [1000000]0x1001975e2000 7.629 MB
W20240211 09:44:40.654184 55610 IPCTensor.h:369] NewIPCTensor: cached_sampler_r3_3 [1000000]0x100197d85000 7.629 MB
W20240211 09:44:40.654239 55610 IPCTensor.h:369] NewIPCTensor: cached_sampler_r3_4 [1000000]0x100198528000 7.629 MB
W20240211 09:44:40.654289 55610 IPCTensor.h:369] NewIPCTensor: cached_sampler_r3_5 [1000000]0x100198ccb000 7.629 MB
W20240211 09:44:40.654335 55610 IPCTensor.h:369] NewIPCTensor: cached_sampler_r3_6 [1000000]0x10019946e000 7.629 MB
W20240211 09:44:40.654385 55610 IPCTensor.h:369] NewIPCTensor: cached_sampler_r3_7 [1000000]0x100199c11000 7.629 MB
W20240211 09:44:40.654431 55610 IPCTensor.h:369] NewIPCTensor: cached_sampler_r3_8 [1000000]0x10019a3b4000 7.629 MB
W20240211 09:44:40.654484 55610 IPCTensor.h:369] NewIPCTensor: cached_sampler_r3_9 [1000000]0x10019ab57000 7.629 MB
W20240211 09:44:40.654533 55610 IPCTensor.h:369] NewIPCTensor: step_r3 [10]0x10019b2fa000 80 B 
W20240211 09:44:40.654567 55610 IPCTensor.h:369] NewIPCTensor: circle_buffer_end_r3 [1]0x10019b2fc000 8 B 
W20240211 09:44:40.654616 55610 IPCTensor.h:369] NewIPCTensor: circle_buffer_end_cppseen_r3 [1]0x10019b2fe000 8 B 
Dataset:  /home/xieminhui/RecStoreDataset/criteo_binary
Dataset loaded
np.max =  33762577
np.min=  1
Construct RecModelSampler done
I20240211 09:44:40.654946 55610 IPC_barrier.h:112] CreateBarrier: find existing barrier, name: kgcachecontroller, count: 8
W20240211 09:44:40.754129 55614 IPCTensor.h:369] NewIPCTensor: cached_sampler_r7_0 [1000000]0x10019b300000 7.629 MB
W20240211 09:44:40.754268 55614 IPCTensor.h:369] NewIPCTensor: cached_sampler_r7_1 [1000000]0x10019baa3000 7.629 MB
W20240211 09:44:40.754314 55614 IPCTensor.h:369] NewIPCTensor: cached_sampler_r7_2 [1000000]0x10019c246000 7.629 MB
W20240211 09:44:40.754352 55614 IPCTensor.h:369] NewIPCTensor: cached_sampler_r7_3 [1000000]0x10019c9e9000 7.629 MB
W20240211 09:44:40.754396 55614 IPCTensor.h:369] NewIPCTensor: cached_sampler_r7_4 [1000000]0x10019d18c000 7.629 MB
W20240211 09:44:40.754443 55614 IPCTensor.h:369] NewIPCTensor: cached_sampler_r7_5 [1000000]0x10019d92f000 7.629 MB
W20240211 09:44:40.754482 55614 IPCTensor.h:369] NewIPCTensor: cached_sampler_r7_6 [1000000]0x10019e0d2000 7.629 MB
W20240211 09:44:40.754530 55614 IPCTensor.h:369] NewIPCTensor: cached_sampler_r7_7 [1000000]0x10019e875000 7.629 MB
W20240211 09:44:40.754571 55614 IPCTensor.h:369] NewIPCTensor: cached_sampler_r7_8 [1000000]0x10019f018000 7.629 MB
W20240211 09:44:40.754624 55614 IPCTensor.h:369] NewIPCTensor: cached_sampler_r7_9 [1000000]0x10019f7bb000 7.629 MB
W20240211 09:44:40.754671 55614 IPCTensor.h:369] NewIPCTensor: step_r7 [10]0x10019ff5e000 80 B 
W20240211 09:44:40.754712 55614 IPCTensor.h:369] NewIPCTensor: circle_buffer_end_r7 [1]0x10019ff60000 8 B 
W20240211 09:44:40.754745 55614 IPCTensor.h:369] NewIPCTensor: circle_buffer_end_cppseen_r7 [1]0x10019ff62000 8 B 
Dataset:  /home/xieminhui/RecStoreDataset/criteo_binary
Dataset loaded
np.max =  33762577
np.min=  1
Construct RecModelSampler done
I20240211 09:44:40.755053 55614 IPC_barrier.h:112] CreateBarrier: find existing barrier, name: kgcachecontroller, count: 8
W20240211 09:44:40.868440 55611 IPCTensor.h:369] NewIPCTensor: cached_sampler_r4_0 [1000000]0x10019ff64000 7.629 MB
W20240211 09:44:40.868571 55611 IPCTensor.h:369] NewIPCTensor: cached_sampler_r4_1 [1000000]0x1001a0707000 7.629 MB
W20240211 09:44:40.868628 55611 IPCTensor.h:369] NewIPCTensor: cached_sampler_r4_2 [1000000]0x1001a0eaa000 7.629 MB
W20240211 09:44:40.868674 55611 IPCTensor.h:369] NewIPCTensor: cached_sampler_r4_3 [1000000]0x1001a164d000 7.629 MB
W20240211 09:44:40.868723 55611 IPCTensor.h:369] NewIPCTensor: cached_sampler_r4_4 [1000000]0x1001a1df0000 7.629 MB
W20240211 09:44:40.868770 55611 IPCTensor.h:369] NewIPCTensor: cached_sampler_r4_5 [1000000]0x1001a2593000 7.629 MB
W20240211 09:44:40.868815 55611 IPCTensor.h:369] NewIPCTensor: cached_sampler_r4_6 [1000000]0x1001a2d36000 7.629 MB
W20240211 09:44:40.868870 55611 IPCTensor.h:369] NewIPCTensor: cached_sampler_r4_7 [1000000]0x1001a34d9000 7.629 MB
W20240211 09:44:40.868925 55611 IPCTensor.h:369] NewIPCTensor: cached_sampler_r4_8 [1000000]0x1001a3c7c000 7.629 MB
W20240211 09:44:40.868983 55611 IPCTensor.h:369] NewIPCTensor: cached_sampler_r4_9 [1000000]0x1001a441f000 7.629 MB
W20240211 09:44:40.869037 55611 IPCTensor.h:369] NewIPCTensor: step_r4 [10]0x1001a4bc2000 80 B 
W20240211 09:44:40.869074 55611 IPCTensor.h:369] NewIPCTensor: circle_buffer_end_r4 [1]0x1001a4bc4000 8 B 
W20240211 09:44:40.869122 55611 IPCTensor.h:369] NewIPCTensor: circle_buffer_end_cppseen_r4 [1]0x1001a4bc6000 8 B 
Dataset:  /home/xieminhui/RecStoreDataset/criteo_binary
Dataset loaded
np.max =  33762577
np.min=  1
Construct RecModelSampler done
I20240211 09:44:40.869398 55611 IPC_barrier.h:112] CreateBarrier: find existing barrier, name: kgcachecontroller, count: 8
W20240211 09:44:40.924512 55612 IPCTensor.h:369] NewIPCTensor: cached_sampler_r5_0 [1000000]0x1001a4bc8000 7.629 MB
W20240211 09:44:40.924645 55612 IPCTensor.h:369] NewIPCTensor: cached_sampler_r5_1 [1000000]0x1001a536b000 7.629 MB
W20240211 09:44:40.924715 55612 IPCTensor.h:369] NewIPCTensor: cached_sampler_r5_2 [1000000]0x1001a5b0e000 7.629 MB
W20240211 09:44:40.924764 55612 IPCTensor.h:369] NewIPCTensor: cached_sampler_r5_3 [1000000]0x1001a62b1000 7.629 MB
W20240211 09:44:40.924822 55612 IPCTensor.h:369] NewIPCTensor: cached_sampler_r5_4 [1000000]0x1001a6a54000 7.629 MB
W20240211 09:44:40.924867 55612 IPCTensor.h:369] NewIPCTensor: cached_sampler_r5_5 [1000000]0x1001a71f7000 7.629 MB
W20240211 09:44:40.924913 55612 IPCTensor.h:369] NewIPCTensor: cached_sampler_r5_6 [1000000]0x1001a799a000 7.629 MB
W20240211 09:44:40.924964 55612 IPCTensor.h:369] NewIPCTensor: cached_sampler_r5_7 [1000000]0x1001a813d000 7.629 MB
W20240211 09:44:40.925020 55612 IPCTensor.h:369] NewIPCTensor: cached_sampler_r5_8 [1000000]0x1001a88e0000 7.629 MB
W20240211 09:44:40.925087 55612 IPCTensor.h:369] NewIPCTensor: cached_sampler_r5_9 [1000000]0x1001a9083000 7.629 MB
W20240211 09:44:40.925151 55612 IPCTensor.h:369] NewIPCTensor: step_r5 [10]0x1001a9826000 80 B 
W20240211 09:44:40.925187 55612 IPCTensor.h:369] NewIPCTensor: circle_buffer_end_r5 [1]0x1001a9828000 8 B 
W20240211 09:44:40.925230 55612 IPCTensor.h:369] NewIPCTensor: circle_buffer_end_cppseen_r5 [1]0x1001a982a000 8 B 
Dataset:  /home/xieminhui/RecStoreDataset/criteo_binary
Dataset loaded
np.max =  33762577
np.min=  1
Construct RecModelSampler done
I20240211 09:44:40.925493 55612 IPC_barrier.h:112] CreateBarrier: find existing barrier, name: kgcachecontroller, count: 8
W20240211 09:44:40.927863 55457 grad_base.h:55] KGCacheController, config={
        "num_gpus": 8,
        "L": 10,
        "kForwardItersPerStep": 1,
        "clr": 0.01,
        "backwardMode": "CppAsyncV2",
        "nr_background_threads": 16, 
        "cache_ratio": 0.01,
        "backgrad_init": "both",
        "update_pq_use_omp": 2,
        "kUpdatePqWorkerNum": 8
    }
W20240211 09:44:40.928203 55457 grad_base.h:184] Init GradProcessingBase done
I20240211 09:44:44.813066 55457 grad_async_v2.h:42] Use main thread to update emb.
W20240211 09:44:44.813403 55457 kg_controller.h:78] after init GradAsyncProcessingV2
I20240211 09:44:44.813416 55457 kg_controller.h:84] Construct KGCacheController done
E20240211 09:44:45.633119 55612 recstore.cc:66] init folly done
E20240211 09:44:45.633211 55611 recstore.cc:66] init folly done
Construct KGCacheControllerWrapper done
Construct KGCacheControllerWrapper done
E20240211 09:44:45.633644 55610 recstore.cc:66] init folly done
E20240211 09:44:45.633659 55613 recstore.cc:66] init folly done
E20240211 09:44:45.633666 55609 recstore.cc:66] init folly done
E20240211 09:44:45.633675 55614 recstore.cc:66] init folly done
Construct KGCacheControllerWrapper done
Construct KGCacheControllerWrapper done
Construct KGCacheControllerWrapper done
Construct KGCacheControllerWrapper done
E20240211 09:44:45.633927 55608 recstore.cc:66] init folly done
Construct KGCacheControllerWrapper done
E20240211 09:44:45.634032 55457 recstore.cc:66] init folly done
Construct KGCacheControllerWrapper done
I20240211 09:44:45.635072 55457 grad_base.h:60] GraphEnv RegTensorsPerProcess
W20240211 09:44:46.814450 56348 grad_async_v2.h:137] Detect new sample comes, old_end0, new_end1
E20240211 09:44:46.815088 56348 parallel_pq_v2.h:79] insert failed, size(hashtable)=1
Before Training
Before Training
Before Training
I20240211 09:44:48.462519 55614 IPC_barrier.h:118] CreateBarrier: new barrier, name: start_barrier, count: 8
I20240211 09:44:48.462559 55612 IPC_barrier.h:112] CreateBarrier: find existing barrier, name: start_barrier, count: 8
Before Training
I20240211 09:44:48.462582 55457 IPC_barrier.h:112] CreateBarrier: find existing barrier, name: start_barrier, count: 8
Before Training
I20240211 09:44:48.462668 55610 IPC_barrier.h:112] CreateBarrier: find existing barrier, name: start_barrier, count: 8
Before Training
I20240211 09:44:48.462733 55611 IPC_barrier.h:112] CreateBarrier: find existing barrier, name: start_barrier, count: 8
I20240211 09:44:48.462767 55608 IPC_barrier.h:112] CreateBarrier: find existing barrier, name: start_barrier, count: 8
Before Training
I20240211 09:44:48.463011 55609 IPC_barrier.h:112] CreateBarrier: find existing barrier, name: start_barrier, count: 8
Before Training
I20240211 09:44:48.463338 55613 IPC_barrier.h:112] CreateBarrier: find existing barrier, name: start_barrier, count: 8
W20240211 09:44:48.466138 56348 grad_async_v2.h:137] Detect new sample comes, old_end0, new_end1
E20240211 09:44:48.466251 56348 parallel_pq_v2.h:79] insert failed, size(hashtable)=1
========== Step 0 ========== 
E20240211 09:44:49.983675 56471 parallel_pq_v2.h:79] insert failed, size(hashtable)=0
W20240211 09:44:49.994813 55457 grad_async_v2.h:270] Sleep in <BlockToStepN>, step_no=1, pq.top=0
W20240211 09:44:50.012776 56348 grad_async_v2.h:137] Detect new sample comes, old_end1, new_end2
========== Step 1 ========== 
INFO [55457 distributed.py:1140] Reducer buckets have been rebuilt in this iteration.
INFO [55609 distributed.py:1140] Reducer buckets have been rebuilt in this iteration.
INFO [55614 distributed.py:1140] Reducer buckets have been rebuilt in this iteration.
INFO [55612 distributed.py:1140] Reducer buckets have been rebuilt in this iteration.
INFO [55613 distributed.py:1140] Reducer buckets have been rebuilt in this iteration.
INFO [55611 distributed.py:1140] Reducer buckets have been rebuilt in this iteration.
INFO [55610 distributed.py:1140] Reducer buckets have been rebuilt in this iteration.
INFO [55608 distributed.py:1140] Reducer buckets have been rebuilt in this iteration.
W20240211 09:44:50.111061 55457 grad_async_v2.h:257] pq is empty
========== Step 2 ========== 
========== Step 3 ========== 
========== Step 4 ========== 
========== Step 5 ========== 
========== Step 6 ========== 
========== Step 7 ========== 
========== Step 8 ========== 
========== Step 9 ========== 
========== Step 10 ========== 
========== Step 11 ========== 
========== Step 12 ========== 
========== Step 13 ========== 
========== Step 14 ========== 
========== Step 15 ========== 
========== Step 16 ========== 
========== Step 17 ========== 
========== Step 18 ========== 
========== Step 19 ========== 
E20240211 09:44:50.350600 55457 grad_async_v2.h:404] Stalled in ProcessBackward: rank=5, step_no=19, sample_step_cpp_seen_[rank]=18
========== Step 20 ========== 
========== Step 21 ========== 
========== Step 22 ========== 
========== Step 23 ========== 
========== Step 24 ========== 
========== Step 25 ========== 
========== Step 26 ========== 
========== Step 27 ========== 
========== Step 28 ========== 
========== Step 29 ========== 
========== Step 30 ========== 
========== Step 31 ========== 
========== Step 32 ========== 
+---------------------------+---------------------------+---------------------------+
| Name                      | P50                       | P99                       |
+---------------------------+---------------------------+---------------------------+
| clean                     | 102.966 us                | 251.961 us                |
| ProcessBack:Shuffle       | 4.772 ms                  | 269.278 ms                |
| ProcessBack:UpdateCache   | 1.441 ms                  | 895.349 ms                |
| ProcessBack:UpsertPq      | 34.500 us                 | 10.506 ms                 |
| ProcessOneStep            | 6.491 ms                  | 1.190 s                   |
| BlockToStepN              | 72.925 us                 | 16.699 ms                 |
+---------------------------+---------------------------+---------------------------+
========== Step 33 ========== 
========== Step 34 ========== 
========== Step 35 ========== 
========== Step 36 ========== 
========== Step 37 ========== 
========== Step 38 ========== 
========== Step 39 ========== 
========== Step 40 ========== 
========== Step 41 ========== 
========== Step 42 ========== 
========== Step 43 ========== 
========== Step 44 ========== 
========== Step 45 ========== 
========== Step 46 ========== 
+---------------------------+---------------------------+---------------------------+
| Name                      | P50                       | P99                       |
+---------------------------+---------------------------+---------------------------+
| GenInput:CircleBuffer     | 99.021 us                 | 338.367 us                |
| GenInput                  | 431.718 us                | 15.126 ms                 |
| NN                        | 843.195 us                | 212.537 ms                |
| Forward                   | 1.051 ms                  | 214.668 ms                |
| Backward                  | 2.213 ms                  | 100.639 ms                |
| Optimize                  | 231.597 us                | 3.205 ms                  |
| BarrierTimeBeforeRank0    | 320.040 us                | 17.977 ms                 |
| AfterBackward             | 6.345 ms                  | 1.191 s                   |
| BlockToStepN              | 136.878 us                | 17.465 ms                 |
| OneStep                   | 11.393 ms                 | 1.549 s                   |
+---------------------------+---------------------------+---------------------------+
E20240211 09:44:50.983018 56348 parallel_pq_v2.h:79] insert failed, size(hashtable)=2
========== Step 47 ========== 
========== Step 48 ========== 
========== Step 49 ========== 
W20240211 09:44:51.014784 56348 grad_async_v2.h:137] Detect new sample comes, old_end7, new_end0
========== Step 50 ========== 
========== Step 51 ========== 
========== Step 52 ========== 
========== Step 53 ========== 
========== Step 54 ========== 
========== Step 55 ========== 
========== Step 56 ========== 
========== Step 57 ========== 
========== Step 58 ========== 
========== Step 59 ========== 
========== Step 60 ========== 
========== Step 61 ========== 
========== Step 62 ========== 
========== Step 63 ========== 
W20240211 09:44:51.265000 55457 grad_async_v2.h:257] pq is empty
========== Step 64 ========== 
========== Step 65 ========== 
========== Step 66 ========== 
========== Step 67 ========== 
========== Step 68 ========== 
========== Step 69 ========== 
========== Step 70 ========== 
========== Step 71 ========== 
========== Step 72 ========== 
========== Step 73 ========== 
========== Step 74 ========== 
========== Step 75 ========== 
========== Step 76 ========== 
========== Step 77 ========== 
========== Step 78 ========== 
========== Step 79 ========== 
========== Step 80 ========== 
========== Step 81 ========== 
========== Step 82 ========== 
========== Step 83 ========== 
========== Step 84 ========== 
========== Step 85 ========== 
========== Step 86 ========== 
========== Step 87 ========== 
========== Step 88 ========== 
========== Step 89 ========== 
========== Step 90 ========== 
========== Step 91 ========== 
========== Step 92 ========== 
========== Step 93 ========== 
========== Step 94 ========== 
W20240211 09:44:51.821312 55457 grad_async_v2.h:257] pq is empty
========== Step 95 ========== 
========== Step 96 ========== 
========== Step 97 ========== 
========== Step 98 ========== 
========== Step 99 ========== 
Step99:rank0, time: 18.661, per_step: 0.186610
Step99:rank6, time: 18.661, per_step: 0.186611
Step99:rank1, time: 18.661, per_step: 0.186612
Step99:rank2, time: 18.661, per_step: 0.186611
Step99:rank3, time: 18.661, per_step: 0.186612
Step99:rank7, time: 18.661, per_step: 0.186612
Step99:rank4, time: 18.661, per_step: 0.186610
Step99:rank5, time: 18.661, per_step: 0.186612
+---------------------------+---------------------------+---------------------------+
| Name                      | P50                       | P99                       |
+---------------------------+---------------------------+---------------------------+
| GenInput:CircleBuffer     | 85.594 us                 | 201.157 us                |
| GenInput                  | 402.084 us                | 6.116 ms                  |
| NN                        | 741.889 us                | 3.639 ms                  |
| Forward                   | 912.884 us                | 4.273 ms                  |
| Backward                  | 2.211 ms                  | 11.040 ms                 |
| Optimize                  | 214.996 us                | 563.479 us                |
| BarrierTimeBeforeRank0    | 312.214 us                | 3.413 ms                  |
| AfterBackward             | 6.013 ms                  | 120.750 ms                |
| BlockToStepN              | 177.385 us                | 5.246 ms                  |
| OneStep                   | 10.706 ms                 | 125.032 ms                |
+---------------------------+---------------------------+---------------------------+
========== Step 100 ========== 
========== Step 101 ========== 
========== Step 102 ========== 
========== Step 103 ========== 
========== Step 104 ========== 
E20240211 09:44:51.983069 56348 parallel_pq_v2.h:79] insert failed, size(hashtable)=3
W20240211 09:44:52.015976 56348 grad_async_v2.h:137] Detect new sample comes, old_end4, new_end5
========== Step 105 ========== 
========== Step 106 ========== 
W20240211 09:44:52.039645 55457 grad_async_v2.h:257] pq is empty
========== Step 107 ========== 
========== Step 108 ========== 
========== Step 109 ========== 
========== Step 110 ========== 
========== Step 111 ========== 
========== Step 112 ========== 
========== Step 113 ========== 
========== Step 114 ========== 
========== Step 115 ========== 
========== Step 116 ========== 
========== Step 117 ========== 
========== Step 118 ========== 
========== Step 119 ========== 
========== Step 120 ========== 
W20240211 09:44:52.284854 55457 grad_async_v2.h:257] pq is empty
========== Step 121 ========== 
========== Step 122 ========== 
========== Step 123 ========== 
========== Step 124 ========== 
========== Step 125 ========== 
========== Step 126 ========== 
========== Step 127 ========== 
========== Step 128 ========== 
========== Step 129 ========== 
========== Step 130 ========== 
========== Step 131 ========== 
========== Step 132 ========== 
========== Step 133 ========== 
========== Step 134 ========== 
========== Step 135 ========== 
W20240211 09:44:52.633817 55457 grad_async_v2.h:257] pq is empty
========== Step 136 ========== 
========== Step 137 ========== 
========== Step 138 ========== 
========== Step 139 ========== 
========== Step 140 ========== 
========== Step 141 ========== 
========== Step 142 ========== 
========== Step 143 ========== 
========== Step 144 ========== 
========== Step 145 ========== 
========== Step 146 ========== 
========== Step 147 ========== 
========== Step 148 ========== 
E20240211 09:44:52.983012 56348 parallel_pq_v2.h:79] insert failed, size(hashtable)=5
W20240211 09:44:52.984856 55457 grad_async_v2.h:257] pq is empty
========== Step 149 ========== 
========== Step 150 ========== 
W20240211 09:44:53.021605 56348 grad_async_v2.h:137] Detect new sample comes, old_end9, new_end1
========== Step 151 ========== 
========== Step 152 ========== 
========== Step 153 ========== 
========== Step 154 ========== 
========== Step 155 ========== 
========== Step 156 ========== 
========== Step 157 ========== 
========== Step 158 ========== 
========== Step 159 ========== 
========== Step 160 ========== 
========== Step 161 ========== 
========== Step 162 ========== 
========== Step 163 ========== 
========== Step 164 ========== 
W20240211 09:44:53.335614 55457 grad_async_v2.h:257] pq is empty
========== Step 165 ========== 
========== Step 166 ========== 
========== Step 167 ========== 
========== Step 168 ========== 
========== Step 169 ========== 
========== Step 170 ========== 
========== Step 171 ========== 
W20240211 09:44:53.421751 55457 grad_async_v2.h:257] pq is empty
========== Step 172 ========== 
========== Step 173 ========== 
========== Step 174 ========== 
========== Step 175 ========== 
========== Step 176 ========== 
========== Step 177 ========== 
W20240211 09:44:53.654498 55457 grad_async_v2.h:257] pq is empty
========== Step 178 ========== 
========== Step 179 ========== 
========== Step 180 ========== 
========== Step 181 ========== 
========== Step 182 ========== 
========== Step 183 ========== 
========== Step 184 ========== 
========== Step 185 ========== 
========== Step 186 ========== 
========== Step 187 ========== 
========== Step 188 ========== 
========== Step 189 ========== 
W20240211 09:44:53.899927 55457 grad_async_v2.h:257] pq is empty
========== Step 190 ========== 
========== Step 191 ========== 
========== Step 192 ========== 
========== Step 193 ========== 
========== Step 194 ========== 
========== Step 195 ========== 
========== Step 196 ========== 
E20240211 09:44:53.983034 56348 parallel_pq_v2.h:79] insert failed, size(hashtable)=3
========== Step 197 ========== 
W20240211 09:44:54.041338 56348 grad_async_v2.h:137] Detect new sample comes, old_end1, new_end8
W20240211 09:44:54.097962 55457 grad_async_v2.h:257] pq is empty
========== Step 198 ========== 
========== Step 199 ========== 
Step199:rank0, time: 2.254, per_step: 0.022316
Step199:rank4, time: 2.254, per_step: 0.022315
Step199:rank2, time: 2.254, per_step: 0.022315
Step199:rank1, time: 2.254, per_step: 0.022315
Step199:rank5, time: 2.254, per_step: 0.022315
Step199:rank3, time: 2.254, per_step: 0.022315
Step199:rank6, time: 2.254, per_step: 0.022316
Step199:rank7, time: 2.254, per_step: 0.022315
+---------------------------+---------------------------+---------------------------+
| Name                      | P50                       | P99                       |
+---------------------------+---------------------------+---------------------------+
| GenInput:CircleBuffer     | 85.364 us                 | 338.367 us                |
| GenInput                  | 431.718 us                | 6.305 ms                  |
| NN                        | 708.054 us                | 2.122 ms                  |
| Forward                   | 875.431 us                | 2.939 ms                  |
| Backward                  | 2.371 ms                  | 6.542 ms                  |
| Optimize                  | 207.721 us                | 563.479 us                |
| BarrierTimeBeforeRank0    | 359.247 us                | 2.880 ms                  |
| AfterBackward             | 5.996 ms                  | 167.967 ms                |
| BlockToStepN              | 251.162 us                | 721.526 us                |
| OneStep                   | 11.072 ms                 | 173.733 ms                |
+---------------------------+---------------------------+---------------------------+
========== Step 200 ========== 
========== Step 201 ========== 
W20240211 09:44:54.148797 55457 grad_async_v2.h:257] pq is empty
========== Step 202 ========== 
========== Step 203 ========== 
========== Step 204 ========== 
========== Step 205 ========== 
========== Step 206 ========== 
========== Step 207 ========== 
========== Step 208 ========== 
========== Step 209 ========== 
========== Step 210 ========== 
========== Step 211 ========== 
========== Step 212 ========== 
========== Step 213 ========== 
========== Step 214 ========== 
========== Step 215 ========== 
========== Step 216 ========== 
========== Step 217 ========== 
========== Step 218 ========== 
========== Step 219 ========== 
========== Step 220 ========== 
========== Step 221 ========== 
========== Step 222 ========== 
========== Step 223 ========== 
========== Step 224 ========== 
========== Step 225 ========== 
========== Step 226 ========== 
========== Step 227 ========== 
========== Step 228 ========== 
========== Step 229 ========== 
========== Step 230 ========== 
========== Step 231 ========== 
========== Step 232 ========== 
========== Step 233 ========== 
========== Step 234 ========== 
========== Step 235 ========== 
========== Step 236 ========== 
========== Step 237 ========== 
========== Step 238 ========== 
E20240211 09:44:54.983013 56348 parallel_pq_v2.h:79] insert failed, size(hashtable)=0
========== Step 239 ========== 
========== Step 240 ========== 
========== Step 241 ========== 
========== Step 242 ========== 
========== Step 243 ========== 
========== Step 244 ========== 
W20240211 09:44:55.046168 56348 grad_async_v2.h:137] Detect new sample comes, old_end8, new_end5
========== Step 245 ========== 
W20240211 09:44:55.055958 55457 grad_async_v2.h:257] pq is empty
========== Step 246 ========== 
========== Step 247 ========== 
========== Step 248 ========== 
========== Step 249 ========== 
========== Step 250 ========== 
W20240211 09:44:55.210290 55457 grad_async_v2.h:257] pq is empty
========== Step 251 ========== 
========== Step 252 ========== 
========== Step 253 ========== 
========== Step 254 ========== 
========== Step 255 ========== 
========== Step 256 ========== 
========== Step 257 ========== 
========== Step 258 ========== 
========== Step 259 ========== 
========== Step 260 ========== 
========== Step 261 ========== 
========== Step 262 ========== 
========== Step 263 ========== 
========== Step 264 ========== 
E20240211 09:44:55.374889 55457 grad_async_v2.h:404] Stalled in ProcessBackward: rank=3, step_no=264, sample_step_cpp_seen_[rank]=263
========== Step 265 ========== 
========== Step 266 ========== 
========== Step 267 ========== 
========== Step 268 ========== 
========== Step 269 ========== 
========== Step 270 ========== 
========== Step 271 ========== 
========== Step 272 ========== 
========== Step 273 ========== 
========== Step 274 ========== 
========== Step 275 ========== 
========== Step 276 ========== 
========== Step 277 ========== 
========== Step 278 ========== 
========== Step 279 ========== 
========== Step 280 ========== 
+---------------------------+---------------------------+---------------------------+
| Name                      | P50                       | P99                       |
+---------------------------+---------------------------+---------------------------+
| clean                     | 123.603 us                | 293.976 us                |
| ProcessBack:Shuffle       | 4.398 ms                  | 9.575 ms                  |
| ProcessBack:UpdateCache   | 1.303 ms                  | 5.311 ms                  |
| ProcessBack:UpsertPq      | 31.573 us                 | 109.107 us                |
| ProcessOneStep            | 6.121 ms                  | 167.938 ms                |
| BlockToStepN              | 247.651 us                | 539.075 us                |
+---------------------------+---------------------------+---------------------------+
========== Step 281 ========== 
W20240211 09:44:55.742142 55457 grad_async_v2.h:257] pq is empty
========== Step 282 ========== 
========== Step 283 ========== 
========== Step 284 ========== 
========== Step 285 ========== 
========== Step 286 ========== 
========== Step 287 ========== 
========== Step 288 ========== 
========== Step 289 ========== 
W20240211 09:44:55.834637 55457 grad_async_v2.h:257] pq is empty
========== Step 290 ========== 
========== Step 291 ========== 
========== Step 292 ========== 
W20240211 09:44:55.867686 55457 grad_async_v2.h:257] pq is empty
========== Step 293 ========== 
W20240211 09:44:55.886515 55457 grad_async_v2.h:257] pq is empty
========== Step 294 ========== 
========== Step 295 ========== 
+---------------------------+---------------------------+---------------------------+
| Name                      | P50                       | P99                       |
+---------------------------+---------------------------+---------------------------+
| GenInput:CircleBuffer     | 85.471 us                 | 279.600 us                |
| GenInput                  | 427.966 us                | 7.049 ms                  |
| NN                        | 712.566 us                | 2.122 ms                  |
| Forward                   | 880.796 us                | 2.939 ms                  |
| Backward                  | 2.312 ms                  | 6.542 ms                  |
| Optimize                  | 207.721 us                | 596.821 us                |
| BarrierTimeBeforeRank0    | 335.172 us                | 2.880 ms                  |
| AfterBackward             | 6.159 ms                  | 167.967 ms                |
| BlockToStepN              | 300.514 us                | 686.276 us                |
| OneStep                   | 11.066 ms                 | 173.733 ms                |
+---------------------------+---------------------------+---------------------------+
E20240211 09:44:55.983028 56348 parallel_pq_v2.h:79] insert failed, size(hashtable)=3
========== Step 296 ========== 
========== Step 297 ========== 
========== Step 298 ========== 
========== Step 299 ========== 
W20240211 09:44:56.046682 56348 grad_async_v2.h:137] Detect new sample comes, old_end7, new_end0
Step299:rank0, time: 1.930, per_step: 0.019112
Step299:rank1, time: 1.930, per_step: 0.019111
Step299:rank2, time: 1.930, per_step: 0.019111
Step299:rank7, time: 1.930, per_step: 0.019111
Step299:rank3, time: 1.930, per_step: 0.019111
Step299:rank4, time: 1.930, per_step: 0.019112
Step299:rank6, time: 1.930, per_step: 0.019111
Step299:rank5, time: 1.930, per_step: 0.019111
+---------------------------+---------------------------+---------------------------+
| Name                      | P50                       | P99                       |
+---------------------------+---------------------------+---------------------------+
| GenInput:CircleBuffer     | 85.518 us                 | 279.600 us                |
| GenInput                  | 427.626 us                | 7.049 ms                  |
| NN                        | 712.658 us                | 2.122 ms                  |
| Forward                   | 882.006 us                | 2.939 ms                  |
| Backward                  | 2.298 ms                  | 6.542 ms                  |
| Optimize                  | 207.880 us                | 596.821 us                |
| BarrierTimeBeforeRank0    | 333.588 us                | 2.880 ms                  |
| AfterBackward             | 6.165 ms                  | 167.967 ms                |
| BlockToStepN              | 302.659 us                | 686.276 us                |
| OneStep                   | 11.072 ms                 | 173.733 ms                |
+---------------------------+---------------------------+---------------------------+
Successfully xmh
W20240211 09:44:56.058010 55457 grad_async_v2.h:84] call StopThreads. PID = 55457
W20240211 09:44:56.058032 55457 grad_base.h:212] before processOneStepNegThread_.join();
W20240211 09:44:56.058120 55457 grad_base.h:214] after processOneStepNegThread_.join();
W20240211 09:44:56.058130 55457 grad_async_v2.h:86] call GradProcessingBase::StopThreads.
W20240211 09:44:56.087427 55457 grad_async_v2.h:105] StopThreads done.
