WARNING: Logging before InitGoogleLogging() is written to STDERR
I20240128 03:05:06.058614 4038104 IPC_barrier.h:128] MultiProcessBarrierFactory->ClearIPCMemory()
/home/xieminhui/RecStore/src/framework_adapters/torch/kg/dgl-0.9.1/python/dgl/_deprecate/graph.py:1023: DGLWarning: multigraph will be deprecated.DGL will treat all graphs as multigraph in the future.
  dgl_warning("multigraph will be deprecated." \
/home/xieminhui/RecStore/src/framework_adapters/torch/kg/dgl-0.9.1/python/dgl/heterograph.py:72: DGLWarning: Recommend creating graphs by `dgl.graph(data)` instead of `dgl.DGLGraph(data)`.
  dgl_warning('Recommend creating graphs by `dgl.graph(data)`'
Reading train triples....
Finished. Read 483142 train triples.
Reading valid triples....
Finished. Read 50000 valid triples.
Reading test triples....
Finished. Read 59071 test triples.
ARGS:  Namespace(model_name='TransE', data_path='/home/xieminhui/dgl-data', dataset='FB15k', format='built_in', data_files=None, delimiter='\t', save_path='/tmp/ckpts/TransE_FB15k_29', no_save_emb=True, max_step=500, batch_size=2400, batch_size_eval=16, neg_sample_size=200, neg_deg_sample=False, neg_deg_sample_eval=False, neg_sample_size_eval=14951, eval_percent=1, no_eval_filter=False, log_interval=100, eval_interval=10000, test=False, num_proc=4, num_thread=1, force_sync_interval=1, hidden_dim=400, lr=0.01, gamma=16.0, double_ent=False, double_rel=False, neg_adversarial_sampling=False, adversarial_temperature=1.0, regularization_coef=0.0, regularization_norm=3, pairwise=False, loss_genre='Logsigmoid', margin=1.0, nr_gpus=4, gpu=[0, 1, 2, 3], mix_cpu_gpu=True, valid=False, rel_part=False, async_update=None, has_edge_importance=False, cached_emb_type='KnownLocalCachedEmbedding', use_my_emb=True, cache_ratio=0.1, shuffle=False, backwardMode='CppAsyncV2', L=10, update_cache_use_omp=1, update_pq_use_omp=1, kForwardItersPerStep=2, backgrad_init='both', eval_filter=True, soft_rel_part=False)
|Train|: 483142
original graph:  DGLGraph(num_nodes=14951, num_edges=592213,
         ndata_schemes={}
         edata_schemes={'tid': Scheme(shape=(), dtype=torch.int64)})
Loading cached metis
WARNING [4038104 sampler.py:454] Start PreSampling
WARNING [4038104 sampler.py:532] Before construct renumbering_dict
WARNING [4038104 sampler.py:555] PreSampling done
W20240128 03:05:08.984230 4038104 IPCTensor.h:368] NewIPCTensor: cached_sampler_r0_0 [1000000]0x100000002000 7.629 MB
W20240128 03:05:08.984392 4038104 IPCTensor.h:368] NewIPCTensor: cached_sampler_r0_1 [1000000]0x1000007a5000 7.629 MB
W20240128 03:05:08.984421 4038104 IPCTensor.h:368] NewIPCTensor: cached_sampler_r0_2 [1000000]0x100000f48000 7.629 MB
W20240128 03:05:08.984447 4038104 IPCTensor.h:368] NewIPCTensor: cached_sampler_r0_3 [1000000]0x1000016eb000 7.629 MB
W20240128 03:05:08.984473 4038104 IPCTensor.h:368] NewIPCTensor: cached_sampler_r0_4 [1000000]0x100001e8e000 7.629 MB
W20240128 03:05:08.984495 4038104 IPCTensor.h:368] NewIPCTensor: cached_sampler_r0_5 [1000000]0x100002631000 7.629 MB
W20240128 03:05:08.984517 4038104 IPCTensor.h:368] NewIPCTensor: cached_sampler_r0_6 [1000000]0x100002dd4000 7.629 MB
W20240128 03:05:08.984541 4038104 IPCTensor.h:368] NewIPCTensor: cached_sampler_r0_7 [1000000]0x100003577000 7.629 MB
W20240128 03:05:08.984565 4038104 IPCTensor.h:368] NewIPCTensor: cached_sampler_r0_8 [1000000]0x100003d1a000 7.629 MB
W20240128 03:05:08.984589 4038104 IPCTensor.h:368] NewIPCTensor: cached_sampler_r0_9 [1000000]0x1000044bd000 7.629 MB
W20240128 03:05:08.984617 4038104 IPCTensor.h:368] NewIPCTensor: step_r0 [10]0x100004c60000 80 B 
W20240128 03:05:08.984637 4038104 IPCTensor.h:368] NewIPCTensor: circle_buffer_end_r0 [1]0x100004c62000 8 B 
W20240128 03:05:08.984654 4038104 IPCTensor.h:368] NewIPCTensor: circle_buffer_end_cppseen_r0 [1]0x100004c64000 8 B 
W20240128 03:05:08.984740 4038104 IPCTensor.h:368] NewIPCTensor: cached_sampler_r1_0 [1000000]0x100004c66000 7.629 MB
W20240128 03:05:08.984768 4038104 IPCTensor.h:368] NewIPCTensor: cached_sampler_r1_1 [1000000]0x100005409000 7.629 MB
W20240128 03:05:08.984791 4038104 IPCTensor.h:368] NewIPCTensor: cached_sampler_r1_2 [1000000]0x100005bac000 7.629 MB
W20240128 03:05:08.984834 4038104 IPCTensor.h:368] NewIPCTensor: cached_sampler_r1_3 [1000000]0x10000634f000 7.629 MB
W20240128 03:05:08.984853 4038104 IPCTensor.h:368] NewIPCTensor: cached_sampler_r1_4 [1000000]0x100006af2000 7.629 MB
W20240128 03:05:08.984872 4038104 IPCTensor.h:368] NewIPCTensor: cached_sampler_r1_5 [1000000]0x100007295000 7.629 MB
W20240128 03:05:08.984894 4038104 IPCTensor.h:368] NewIPCTensor: cached_sampler_r1_6 [1000000]0x100007a38000 7.629 MB
W20240128 03:05:08.984912 4038104 IPCTensor.h:368] NewIPCTensor: cached_sampler_r1_7 [1000000]0x1000081db000 7.629 MB
W20240128 03:05:08.984934 4038104 IPCTensor.h:368] NewIPCTensor: cached_sampler_r1_8 [1000000]0x10000897e000 7.629 MB
W20240128 03:05:08.984959 4038104 IPCTensor.h:368] NewIPCTensor: cached_sampler_r1_9 [1000000]0x100009121000 7.629 MB
W20240128 03:05:08.984977 4038104 IPCTensor.h:368] NewIPCTensor: step_r1 [10]0x1000098c4000 80 B 
W20240128 03:05:08.984993 4038104 IPCTensor.h:368] NewIPCTensor: circle_buffer_end_r1 [1]0x1000098c6000 8 B 
W20240128 03:05:08.985013 4038104 IPCTensor.h:368] NewIPCTensor: circle_buffer_end_cppseen_r1 [1]0x1000098c8000 8 B 
W20240128 03:05:08.985051 4038104 IPCTensor.h:368] NewIPCTensor: cached_sampler_r2_0 [1000000]0x1000098ca000 7.629 MB
W20240128 03:05:08.985073 4038104 IPCTensor.h:368] NewIPCTensor: cached_sampler_r2_1 [1000000]0x10000a06d000 7.629 MB
W20240128 03:05:08.985091 4038104 IPCTensor.h:368] NewIPCTensor: cached_sampler_r2_2 [1000000]0x10000a810000 7.629 MB
W20240128 03:05:08.985109 4038104 IPCTensor.h:368] NewIPCTensor: cached_sampler_r2_3 [1000000]0x10000afb3000 7.629 MB
W20240128 03:05:08.985131 4038104 IPCTensor.h:368] NewIPCTensor: cached_sampler_r2_4 [1000000]0x10000b756000 7.629 MB
W20240128 03:05:08.985152 4038104 IPCTensor.h:368] NewIPCTensor: cached_sampler_r2_5 [1000000]0x10000bef9000 7.629 MB
W20240128 03:05:08.985173 4038104 IPCTensor.h:368] NewIPCTensor: cached_sampler_r2_6 [1000000]0x10000c69c000 7.629 MB
W20240128 03:05:08.985191 4038104 IPCTensor.h:368] NewIPCTensor: cached_sampler_r2_7 [1000000]0x10000ce3f000 7.629 MB
W20240128 03:05:08.985210 4038104 IPCTensor.h:368] NewIPCTensor: cached_sampler_r2_8 [1000000]0x10000d5e2000 7.629 MB
W20240128 03:05:08.985229 4038104 IPCTensor.h:368] NewIPCTensor: cached_sampler_r2_9 [1000000]0x10000dd85000 7.629 MB
W20240128 03:05:08.985246 4038104 IPCTensor.h:368] NewIPCTensor: step_r2 [10]0x10000e528000 80 B 
W20240128 03:05:08.985262 4038104 IPCTensor.h:368] NewIPCTensor: circle_buffer_end_r2 [1]0x10000e52a000 8 B 
W20240128 03:05:08.985278 4038104 IPCTensor.h:368] NewIPCTensor: circle_buffer_end_cppseen_r2 [1]0x10000e52c000 8 B 
W20240128 03:05:08.985316 4038104 IPCTensor.h:368] NewIPCTensor: cached_sampler_r3_0 [1000000]0x10000e52e000 7.629 MB
W20240128 03:05:08.985334 4038104 IPCTensor.h:368] NewIPCTensor: cached_sampler_r3_1 [1000000]0x10000ecd1000 7.629 MB
W20240128 03:05:08.985352 4038104 IPCTensor.h:368] NewIPCTensor: cached_sampler_r3_2 [1000000]0x10000f474000 7.629 MB
W20240128 03:05:08.985369 4038104 IPCTensor.h:368] NewIPCTensor: cached_sampler_r3_3 [1000000]0x10000fc17000 7.629 MB
W20240128 03:05:08.985390 4038104 IPCTensor.h:368] NewIPCTensor: cached_sampler_r3_4 [1000000]0x1000103ba000 7.629 MB
W20240128 03:05:08.985414 4038104 IPCTensor.h:368] NewIPCTensor: cached_sampler_r3_5 [1000000]0x100010b5d000 7.629 MB
W20240128 03:05:08.985438 4038104 IPCTensor.h:368] NewIPCTensor: cached_sampler_r3_6 [1000000]0x100011300000 7.629 MB
W20240128 03:05:08.985456 4038104 IPCTensor.h:368] NewIPCTensor: cached_sampler_r3_7 [1000000]0x100011aa3000 7.629 MB
W20240128 03:05:08.985474 4038104 IPCTensor.h:368] NewIPCTensor: cached_sampler_r3_8 [1000000]0x100012246000 7.629 MB
W20240128 03:05:08.985496 4038104 IPCTensor.h:368] NewIPCTensor: cached_sampler_r3_9 [1000000]0x1000129e9000 7.629 MB
W20240128 03:05:08.985513 4038104 IPCTensor.h:368] NewIPCTensor: step_r3 [10]0x10001318c000 80 B 
W20240128 03:05:08.985529 4038104 IPCTensor.h:368] NewIPCTensor: circle_buffer_end_r3 [1]0x10001318e000 8 B 
W20240128 03:05:08.985550 4038104 IPCTensor.h:368] NewIPCTensor: circle_buffer_end_cppseen_r3 [1]0x100013190000 8 B 
W20240128 03:05:09.119874 4038104 IPCTensor.h:368] NewIPCTensor: full_emb [14951, 400]0x100013192000 22.81 MB
W20240128 03:05:09.120007 4038104 IPCTensor.h:368] NewIPCTensor: full_emb_SparseRowWiseAdaGrad_sum [14951]0x100014864000 58.4 kB
{0: Graph(num_nodes=10523, num_edges=182012,
      ndata_schemes={'_ID': Scheme(shape=(), dtype=torch.int64), 'inner_node': Scheme(shape=(), dtype=torch.int32), 'part_id': Scheme(shape=(), dtype=torch.int64)}
      edata_schemes={'_ID': Scheme(shape=(), dtype=torch.int64), 'inner_edge': Scheme(shape=(), dtype=torch.int8)}), 1: Graph(num_nodes=10996, num_edges=244360,
      ndata_schemes={'_ID': Scheme(shape=(), dtype=torch.int64), 'inner_node': Scheme(shape=(), dtype=torch.int32), 'part_id': Scheme(shape=(), dtype=torch.int64)}
      edata_schemes={'_ID': Scheme(shape=(), dtype=torch.int64), 'inner_edge': Scheme(shape=(), dtype=torch.int8)}), 2: Graph(num_nodes=9404, num_edges=143355,
      ndata_schemes={'_ID': Scheme(shape=(), dtype=torch.int64), 'inner_node': Scheme(shape=(), dtype=torch.int32), 'part_id': Scheme(shape=(), dtype=torch.int64)}
      edata_schemes={'_ID': Scheme(shape=(), dtype=torch.int64), 'inner_edge': Scheme(shape=(), dtype=torch.int8)}), 3: Graph(num_nodes=10954, num_edges=175447,
      ndata_schemes={'_ID': Scheme(shape=(), dtype=torch.int64), 'inner_node': Scheme(shape=(), dtype=torch.int32), 'part_id': Scheme(shape=(), dtype=torch.int64)}
      edata_schemes={'_ID': Scheme(shape=(), dtype=torch.int64), 'inner_edge': Scheme(shape=(), dtype=torch.int8)})}
MertisPartition: part 0 has 10523 N 182012 E
MertisPartition: part 1 has 10996 N 244360 E
MertisPartition: part 2 has 9404 N 143355 E
MertisPartition: part 3 has 10954 N 175447 E
Rank0: cached key size 373
Rank1: cached key size 373
Rank2: cached key size 373
Rank3: cached key size 373
Before renumbering graph:  {'_ID': tensor([    5,    14,    17,  ..., 11245,  2040,  3009]), 'inner_node': tensor([1, 1, 1,  ..., 0, 0, 0], dtype=torch.int32), 'part_id': tensor([0, 0, 0,  ..., 2, 3, 3])}
After renumbering graph:  {'_ID': tensor([1738, 2100, 2243,  ..., 2729, 3772, 8996]), 'inner_node': tensor([1, 1, 1,  ..., 0, 0, 0], dtype=torch.int32), 'part_id': tensor([0, 0, 0,  ..., 2, 3, 3])}
part_g: DGLGraph(num_nodes=10523, num_edges=182012,
         ndata_schemes={'_ID': Scheme(shape=(), dtype=torch.int64)}
         edata_schemes={'tid': Scheme(shape=(), dtype=torch.int64)})
part_g: DGLGraph(num_nodes=10523, num_edges=182012,
         ndata_schemes={'_ID': Scheme(shape=(), dtype=torch.int64)}
         edata_schemes={'tid': Scheme(shape=(), dtype=torch.int64)})
Total initialize time 3.091 seconds
[Rank1] pid = 4038318
[Rank2] pid = 4038383
INFO [4038104 distributed_c10d.py:442] Added key: store_based_barrier_key:1 to store for rank: 0
INFO [4038383 distributed_c10d.py:442] Added key: store_based_barrier_key:1 to store for rank: 2
INFO [4038383 distributed_c10d.py:476] Rank 2: Completed store-based barrier for key:store_based_barrier_key:1 with 4 nodes.
INFO [4038318 distributed_c10d.py:442] Added key: store_based_barrier_key:1 to store for rank: 1
INFO [4038447 distributed_c10d.py:442] Added key: store_based_barrier_key:1 to store for rank: 3
INFO [4038318 distributed_c10d.py:476] Rank 1: Completed store-based barrier for key:store_based_barrier_key:1 with 4 nodes.
INFO [4038447 distributed_c10d.py:476] Rank 3: Completed store-based barrier for key:store_based_barrier_key:1 with 4 nodes.
INFO [4038104 distributed_c10d.py:476] Rank 0: Completed store-based barrier for key:store_based_barrier_key:1 with 4 nodes.
W20240128 03:05:11.289516 4038384 IPCTensor.h:408] NewIPCGPUTensor: embedding_cache_2 [1495, 400]; dev=2; size=2.281 MB
W20240128 03:05:11.289719 4038448 IPCTensor.h:408] NewIPCGPUTensor: embedding_cache_0 [1495, 400]; dev=0; size=2.281 MB
W20240128 03:05:11.289947 4038384 IPCTensor.h:368] NewIPCTensor: input_keys_2 [1000000]0x100014876000 7.629 MB
W20240128 03:05:11.290010 4038448 IPCTensor.h:368] NewIPCTensor: input_keys_0 [1000000]0x10001501b000 7.629 MB
W20240128 03:05:11.290058 4038384 IPCTensor.h:368] NewIPCTensor: input_keys_neg_2 [1000000]0x1000157be000 7.629 MB
W20240128 03:05:11.290105 4038448 IPCTensor.h:368] NewIPCTensor: input_keys_neg_0 [1000000]0x100015f61000 7.629 MB
W20240128 03:05:11.290114 4038384 IPCTensor.h:368] NewIPCTensor: backward_grads_2 [1000000, 400]0x100016704000 1.49 GB
W20240128 03:05:11.290139 4038448 IPCTensor.h:368] NewIPCTensor: backward_grads_0 [1000000, 400]0x100075ce7000 1.49 GB
W20240128 03:05:11.290149 4038384 IPCTensor.h:368] NewIPCTensor: backward_grads_neg_2 [1000000, 400]0x1000d52ca000 1.49 GB
W20240128 03:05:11.290163 4038448 IPCTensor.h:368] NewIPCTensor: backward_grads_neg_0 [1000000, 400]0x1001348ad000 1.49 GB
W20240128 03:05:11.290179 4038384 IPCTensor.h:408] NewIPCGPUTensor: backward_grads_2_gpu [1000000, 400]; dev=2; size=1.49 GB
W20240128 03:05:11.290189 4038448 IPCTensor.h:408] NewIPCGPUTensor: backward_grads_0_gpu [1000000, 400]; dev=0; size=1.49 GB
W20240128 03:05:11.290319 4038319 IPCTensor.h:408] NewIPCGPUTensor: embedding_cache_1 [1495, 400]; dev=1; size=2.281 MB
W20240128 03:05:11.290741 4038449 IPCTensor.h:408] NewIPCGPUTensor: embedding_cache_3 [1495, 400]; dev=3; size=2.281 MB
W20240128 03:05:11.293717 4038384 IPCTensor.h:408] NewIPCGPUTensor: backward_grads_neg_2_gpu [1000000, 400]; dev=2; size=1.49 GB
W20240128 03:05:11.293856 4038319 IPCTensor.h:368] NewIPCTensor: input_keys_1 [1000000]0x100193e96000 7.629 MB
W20240128 03:05:11.293951 4038449 IPCTensor.h:368] NewIPCTensor: input_keys_3 [1000000]0x100194639000 7.629 MB
W20240128 03:05:11.294037 4038319 IPCTensor.h:368] NewIPCTensor: input_keys_neg_1 [1000000]0x100194ddc000 7.629 MB
W20240128 03:05:11.294127 4038319 IPCTensor.h:368] NewIPCTensor: backward_grads_1 [1000000, 400]0x10019557f000 1.49 GB
W20240128 03:05:11.294189 4038319 IPCTensor.h:368] NewIPCTensor: backward_grads_neg_1 [1000000, 400]0x1001f4b62000 1.49 GB
W20240128 03:05:11.294200 4038449 IPCTensor.h:368] NewIPCTensor: input_keys_neg_3 [1000000]0x100254145000 7.629 MB
W20240128 03:05:11.294248 4038319 IPCTensor.h:408] NewIPCGPUTensor: backward_grads_1_gpu [1000000, 400]; dev=1; size=1.49 GB
W20240128 03:05:11.294330 4038449 IPCTensor.h:368] NewIPCTensor: backward_grads_3 [1000000, 400]0x1002548e8000 1.49 GB
W20240128 03:05:11.294418 4038449 IPCTensor.h:368] NewIPCTensor: backward_grads_neg_3 [1000000, 400]0x1002b3ecb000 1.49 GB
W20240128 03:05:11.294482 4038449 IPCTensor.h:408] NewIPCGPUTensor: backward_grads_3_gpu [1000000, 400]; dev=3; size=1.49 GB
W20240128 03:05:11.303510 4038319 IPCTensor.h:408] NewIPCGPUTensor: backward_grads_neg_1_gpu [1000000, 400]; dev=1; size=1.49 GB
W20240128 03:05:11.303545 4038448 IPCTensor.h:408] NewIPCGPUTensor: backward_grads_neg_0_gpu [1000000, 400]; dev=0; size=1.49 GB
W20240128 03:05:11.303582 4038449 IPCTensor.h:408] NewIPCGPUTensor: backward_grads_neg_3_gpu [1000000, 400]; dev=3; size=1.49 GB
cudaHostRegister 0x100013192000
2: KnownLocalCachedEmbedding init done
WARNING [4038383 DistTensor.py:56] The tensor name already exists in the kvstore
cudaHostRegister 0x100013192000
3: KnownLocalCachedEmbedding init done
WARNING [4038447 DistTensor.py:56] The tensor name already exists in the kvstore
cudaHostRegister 0x100013192000
1: KnownLocalCachedEmbedding init done
WARNING [4038318 DistTensor.py:56] The tensor name already exists in the kvstore
[Rank3] pid = 4038447
New CachedEmbedding, name=full_emb, shape=(14951, 400), cache_type=KnownLocalCachedEmbedding
fixed cache_range is [(0, 1495), (1495, 2990), (2990, 4485), (4485, 5980)]
cudaHostRegister 0x100013192000
0: KnownLocalCachedEmbedding init done
WARNING [4038104 DistTensor.py:56] The tensor name already exists in the kvstore
I20240128 03:05:12.374864 4038448 IPC_barrier.h:118] CreateBarrier: new barrier, name: kgcachecontroller, count: 4
I20240128 03:05:12.374912 4038449 IPC_barrier.h:112] CreateBarrier: find existing barrier, name: kgcachecontroller, count: 4
I20240128 03:05:12.374941 4038319 IPC_barrier.h:112] CreateBarrier: find existing barrier, name: kgcachecontroller, count: 4
I20240128 03:05:12.375070 4038384 IPC_barrier.h:112] CreateBarrier: find existing barrier, name: kgcachecontroller, count: 4
W20240128 03:05:12.375913 4038448 grad_base.h:55] KGCacheController, config={
        "num_gpus": 4,
        "L": 10,
        "backgrad_init": "both", 
        "kForwardItersPerStep": 2,
        "clr": 1,
        "nr_background_threads": 32,
        "backwardMode": "CppAsyncV2",
        "cache_ratio": 0.1,
        "update_cache_use_omp":  1,
        "update_pq_use_omp":  1
        }
W20240128 03:05:12.376010 4038448 grad_base.h:184] Init GradProcessingBase done
I20240128 03:05:12.379361 4038448 grad_async_v2.h:32] Use background thread to update emb. nr_background_threads=32
W20240128 03:05:12.379443 4038448 kg_controller.h:78] after init GradAsyncProcessingV2
I20240128 03:05:12.379449 4038448 kg_controller.h:84] Construct KGCacheController done
I20240128 03:05:13.727743 4038448 grad_base.h:60] GraphEnv RegTensorsPerProcess
W20240128 03:05:14.403538 4038859 grad_async_v2.h:120] Detect new sample comes, old_end0, new_end1
E20240128 03:05:14.403894 4038859 parallel_pq_v2.h:76] insert failed, size(hashtable)=1
I20240128 03:05:14.432104 4038448 IPC_barrier.h:118] CreateBarrier: new barrier, name: start_barrier, count: 4
I20240128 03:05:14.437615 4038384 IPC_barrier.h:112] CreateBarrier: find existing barrier, name: start_barrier, count: 4
I20240128 03:05:14.466987 4038449 IPC_barrier.h:112] CreateBarrier: find existing barrier, name: start_barrier, count: 4
I20240128 03:05:14.478950 4038319 IPC_barrier.h:112] CreateBarrier: find existing barrier, name: start_barrier, count: 4
E20240128 03:05:17.040516 4038888 parallel_pq_v2.h:76] insert failed, size(hashtable)=22
W20240128 03:05:17.050457 4038448 grad_async_v2.h:249] Sleep in <BlockToStepN>, step_no=1, pq.top=0
W20240128 03:05:17.065269 4038859 grad_async_v2.h:120] Detect new sample comes, old_end1, new_end2
+---------------------------+---------------------------+---------------------------+
| Name                      | P50                       | P99                       |
+---------------------------+---------------------------+---------------------------+
| GenInput                  | 1.231 ms                  | 23.963 ms                 |
| Forward                   | 4.369 ms                  | 804.196 ms                |
| Backward                  | 3.625 ms                  | 234.887 ms                |
| Optimize                  | 1.880 ms                  | 4.969 ms                  |
| BarrierTimeBeforeRank0    | 25.431 us                 | 651.435 ms                |
| AfterBackward             | 9.203 ms                  | 874.260 ms                |
| BlockToStepN              | 9.808 ms                  | 42.759 ms                 |
| OneStep                   | 38.836 ms                 | 2.585 s                   |
+---------------------------+---------------------------+---------------------------+
E20240128 03:05:18.040010 4038859 parallel_pq_v2.h:76] insert failed, size(hashtable)=162
W20240128 03:05:18.086341 4038448 grad_async_v2.h:249] Sleep in <BlockToStepN>, step_no=23, pq.top=23
W20240128 03:05:18.098487 4038859 grad_async_v2.h:120] Detect new sample comes, old_end9, new_end3
+---------------------------+---------------------------+---------------------------+
| Name                      | P50                       | P99                       |
+---------------------------+---------------------------+---------------------------+
| ProcessBack:Shuffle       | 2.458 ms                  | 136.047 ms                |
| ProcessBack:UpdateCache   | 1.527 ms                  | 320.954 ms                |
| ProcessBack:UpsertPq      | 10.208 ms                 | 14.306 ms                 |
| ProcessOneStep            | 14.715 ms                 | 873.950 ms                |
| BlockToStepN              | 18.448 ms                 | 51.467 ms                 |
+---------------------------+---------------------------+---------------------------+
E20240128 03:05:19.040071 4038858 parallel_pq_v2.h:76] insert failed, size(hashtable)=1714
W20240128 03:05:19.087169 4038448 grad_async_v2.h:249] Sleep in <BlockToStepN>, step_no=43, pq.top=43
W20240128 03:05:19.113323 4038859 grad_async_v2.h:120] Detect new sample comes, old_end3, new_end4
E20240128 03:05:20.040019 4038858 parallel_pq_v2.h:76] insert failed, size(hashtable)=4055
W20240128 03:05:20.105237 4038448 grad_async_v2.h:249] Sleep in <BlockToStepN>, step_no=63, pq.top=63
W20240128 03:05:20.127858 4038859 grad_async_v2.h:120] Detect new sample comes, old_end3, new_end4
E20240128 03:05:21.040030 4038858 parallel_pq_v2.h:76] insert failed, size(hashtable)=2110
W20240128 03:05:21.105100 4038448 grad_async_v2.h:249] Sleep in <BlockToStepN>, step_no=81, pq.top=81
W20240128 03:05:21.131870 4038859 grad_async_v2.h:120] Detect new sample comes, old_end1, new_end2
E20240128 03:05:22.040035 4038858 parallel_pq_v2.h:76] insert failed, size(hashtable)=3384
W20240128 03:05:22.126786 4038448 grad_async_v2.h:249] Sleep in <BlockToStepN>, step_no=99, pq.top=99
W20240128 03:05:22.141889 4038859 grad_async_v2.h:120] Detect new sample comes, old_end8, new_end9
train_sampler.Prefill()
before start barrier
start train
[proc 1] 100 steps, total: 7.743, sample: 0.337, forward: 1.768, backward: 0.690, update: 0.206
train_sampler.Prefill()
before start barrier
start train
[proc 3] 100 steps, total: 7.755, sample: 0.309, forward: 1.311, backward: 0.614, update: 0.187
train_sampler.Prefill()
before start barrier
start train
[proc 2] 100 steps, total: 7.784, sample: 0.248, forward: 1.199, backward: 0.517, update: 0.201
train_sampler.Prefill()
-------Step 0-------
tensor([12642,   311,  9811,  9220,  9946,  8028, 11786,  6226, 11637,    74]) tensor([ 2243,  8864,  9869,  1128,  4454, 12131, 11929, 12508,  9482,  1177])
-------Step 1-------
tensor([12642,   311,  9811,  9220,  9946,  8028, 11786,  6226, 11637,    74]) tensor([ 2035,   758,  3840,  6319, 12456,    44,   693,  7338,  7797,  9310])
-------Step 2-------
tensor([ 5364, 14836,  6116, 10161,  6489,  7952, 13597,  8464,  5221,  1772]) tensor([14582,   943, 11963,  5544,  5321,   631,  6995,   941,  4890,  6382])
-------Step 3-------
tensor([ 5364, 14836,  6116, 10161,  6489,  7952, 13597,  8464,  5221,  1772]) tensor([10429,  6714,  8123,  8907,  6124,  8589, 14069,  7814,  8388, 13689])
-------Step 4-------
tensor([ 4959, 11304, 14231,  5640,  5630,  9111,  1819,  7697,  5552, 14950]) tensor([  779, 12315, 12725,  1615, 12337, 11811,  2733,  4880,  9210, 10129])
-------Step 5-------
tensor([ 4959, 11304, 14231,  5640,  5630,  9111,  1819,  7697,  5552, 14950]) tensor([ 5771, 12819,  5368,  9483,  8689,  4865,  1097,  1622, 14275,  2395])
-------Step 6-------
tensor([ 7281,   469, 13516, 11900,  5080, 12653,  9773,   356,  7471, 10864]) tensor([13608, 12618,  7074,   940, 13819, 11066, 10102,  2898,  8874, 11140])
-------Step 7-------
tensor([ 7281,   469, 13516, 11900,  5080, 12653,  9773,   356,  7471, 10864]) tensor([ 7112,  7948,  9068,  6217,  8200,  4161,  8806,   650, 11661,  8548])
-------Step 8-------
tensor([9177, 6533, 7733, 8104, 2972, 8946, 4402, 2323,  677, 8807]) tensor([ 9296, 12994,  6528, 14900,  7893, 10457,  8252,  2378,  2009,  8905])
-------Step 9-------
tensor([9177, 6533, 7733, 8104, 2972, 8946, 4402, 2323,  677, 8807]) tensor([ 2911, 13649,  5063, 11947,  1981,   580,  4429,  1619, 14931, 14274])
before start barrier
start train
[proc 0] 100 steps, total: 7.790, sample: 0.372, forward: 1.239, backward: 0.610, update: 0.207
+---------------------------+---------------------------+---------------------------+
| Name                      | P50                       | P99                       |
+---------------------------+---------------------------+---------------------------+
| GenInput                  | 1.195 ms                  | 22.773 ms                 |
| Forward                   | 4.348 ms                  | 8.101 ms                  |
| Backward                  | 3.637 ms                  | 8.519 ms                  |
| Optimize                  | 1.807 ms                  | 4.397 ms                  |
| BarrierTimeBeforeRank0    | 24.700 us                 | 4.243 ms                  |
| AfterBackward             | 14.134 ms                 | 49.422 ms                 |
| BlockToStepN              | 24.013 ms                 | 50.082 ms                 |
| OneStep                   | 52.804 ms                 | 86.480 ms                 |
+---------------------------+---------------------------+---------------------------+
E20240128 03:05:23.040047 4038858 parallel_pq_v2.h:76] insert failed, size(hashtable)=4915
W20240128 03:05:23.134229 4038448 grad_async_v2.h:249] Sleep in <BlockToStepN>, step_no=114, pq.top=114
W20240128 03:05:23.153369 4038859 grad_async_v2.h:120] Detect new sample comes, old_end3, new_end4
+---------------------------+---------------------------+---------------------------+
| Name                      | P50                       | P99                       |
+---------------------------+---------------------------+---------------------------+
| ProcessBack:Shuffle       | 2.523 ms                  | 4.922 ms                  |
| ProcessBack:UpdateCache   | 1.489 ms                  | 1.844 ms                  |
| ProcessBack:UpsertPq      | 8.541 ms                  | 13.377 ms                 |
| ProcessOneStep            | 13.067 ms                 | 49.392 ms                 |
| BlockToStepN              | 25.574 ms                 | 56.840 ms                 |
+---------------------------+---------------------------+---------------------------+
E20240128 03:05:24.040035 4038892 parallel_pq_v2.h:76] insert failed, size(hashtable)=849
W20240128 03:05:24.134135 4038448 grad_async_v2.h:249] Sleep in <BlockToStepN>, step_no=128, pq.top=128
W20240128 03:05:24.173753 4038859 grad_async_v2.h:120] Detect new sample comes, old_end8, new_end9
E20240128 03:05:25.040788 4038858 parallel_pq_v2.h:76] insert failed, size(hashtable)=2608
W20240128 03:05:25.157439 4038448 grad_async_v2.h:249] Sleep in <BlockToStepN>, step_no=142, pq.top=142
W20240128 03:05:25.190636 4038859 grad_async_v2.h:120] Detect new sample comes, old_end2, new_end3
E20240128 03:05:26.040009 4038858 parallel_pq_v2.h:76] insert failed, size(hashtable)=5716
W20240128 03:05:26.157143 4038448 grad_async_v2.h:249] Sleep in <BlockToStepN>, step_no=155, pq.top=155
W20240128 03:05:26.203280 4038859 grad_async_v2.h:120] Detect new sample comes, old_end5, new_end6
E20240128 03:05:27.040058 4038859 parallel_pq_v2.h:76] insert failed, size(hashtable)=28
W20240128 03:05:27.157029 4038448 grad_async_v2.h:249] Sleep in <BlockToStepN>, step_no=168, pq.top=168
W20240128 03:05:27.212322 4038859 grad_async_v2.h:120] Detect new sample comes, old_end8, new_end9
+---------------------------+---------------------------+---------------------------+
| Name                      | P50                       | P99                       |
+---------------------------+---------------------------+---------------------------+
| GenInput                  | 1.180 ms                  | 22.525 ms                 |
| Forward                   | 4.322 ms                  | 7.371 ms                  |
| Backward                  | 3.595 ms                  | 7.861 ms                  |
| Optimize                  | 1.792 ms                  | 4.277 ms                  |
| BarrierTimeBeforeRank0    | 40.712 us                 | 21.534 ms                 |
| AfterBackward             | 12.378 ms                 | 37.074 ms                 |
| BlockToStepN              | 30.430 ms                 | 61.703 ms                 |
| OneStep                   | 59.847 ms                 | 86.480 ms                 |
+---------------------------+---------------------------+---------------------------+
E20240128 03:05:28.040014 4038858 parallel_pq_v2.h:76] insert failed, size(hashtable)=4339
W20240128 03:05:28.157223 4038448 grad_async_v2.h:249] Sleep in <BlockToStepN>, step_no=181, pq.top=181
W20240128 03:05:28.219712 4038859 grad_async_v2.h:120] Detect new sample comes, old_end1, new_end2
+---------------------------+---------------------------+---------------------------+
| Name                      | P50                       | P99                       |
+---------------------------+---------------------------+---------------------------+
| ProcessBack:Shuffle       | 2.478 ms                  | 3.928 ms                  |
| ProcessBack:UpdateCache   | 1.461 ms                  | 1.844 ms                  |
| ProcessBack:UpsertPq      | 8.095 ms                  | 12.290 ms                 |
| ProcessOneStep            | 12.639 ms                 | 37.051 ms                 |
| BlockToStepN              | 32.712 ms                 | 67.144 ms                 |
+---------------------------+---------------------------+---------------------------+
E20240128 03:05:29.040019 4038858 parallel_pq_v2.h:76] insert failed, size(hashtable)=1725
W20240128 03:05:29.193281 4038448 grad_async_v2.h:249] Sleep in <BlockToStepN>, step_no=194, pq.top=194
W20240128 03:05:29.230196 4038859 grad_async_v2.h:120] Detect new sample comes, old_end4, new_end5
[proc 1] 200 steps, total: 7.481, sample: 0.395, forward: 0.453, backward: 0.341, update: 0.190
[proc 0] 200 steps, total: 7.481, sample: 0.318, forward: 0.409, backward: 0.362, update: 0.178
[proc 2] 200 steps, total: 7.481, sample: 0.307, forward: 0.356, backward: 0.282, update: 0.191
[proc 3] 200 steps, total: 7.481, sample: 0.340, forward: 0.373, backward: 0.337, update: 0.206
E20240128 03:05:30.040005 4038448 parallel_pq_v2.h:76] insert failed, size(hashtable)=196
W20240128 03:05:30.202412 4038448 grad_async_v2.h:249] Sleep in <BlockToStepN>, step_no=207, pq.top=207
W20240128 03:05:30.265377 4038859 grad_async_v2.h:120] Detect new sample comes, old_end7, new_end8
E20240128 03:05:31.040007 4038858 parallel_pq_v2.h:76] insert failed, size(hashtable)=5779
W20240128 03:05:31.202066 4038448 grad_async_v2.h:249] Sleep in <BlockToStepN>, step_no=219, pq.top=219
W20240128 03:05:31.281284 4038859 grad_async_v2.h:120] Detect new sample comes, old_end9, new_end0
E20240128 03:05:32.040015 4038858 parallel_pq_v2.h:76] insert failed, size(hashtable)=5680
W20240128 03:05:32.217105 4038448 grad_async_v2.h:249] Sleep in <BlockToStepN>, step_no=232, pq.top=232
W20240128 03:05:32.285751 4038859 grad_async_v2.h:120] Detect new sample comes, old_end2, new_end3
+---------------------------+---------------------------+---------------------------+
| Name                      | P50                       | P99                       |
+---------------------------+---------------------------+---------------------------+
| GenInput                  | 1.146 ms                  | 22.525 ms                 |
| Forward                   | 4.233 ms                  | 7.371 ms                  |
| Backward                  | 3.484 ms                  | 7.861 ms                  |
| Optimize                  | 1.774 ms                  | 4.277 ms                  |
| BarrierTimeBeforeRank0    | 471.044 us                | 24.273 ms                 |
| AfterBackward             | 13.202 ms                 | 37.074 ms                 |
| BlockToStepN              | 35.051 ms                 | 72.886 ms                 |
| OneStep                   | 67.724 ms                 | 100.801 ms                |
+---------------------------+---------------------------+---------------------------+
E20240128 03:05:33.040021 4038858 parallel_pq_v2.h:76] insert failed, size(hashtable)=1746
W20240128 03:05:33.217245 4038448 grad_async_v2.h:249] Sleep in <BlockToStepN>, step_no=244, pq.top=244
W20240128 03:05:33.292066 4038859 grad_async_v2.h:120] Detect new sample comes, old_end4, new_end5
+---------------------------+---------------------------+---------------------------+
| Name                      | P50                       | P99                       |
+---------------------------+---------------------------+---------------------------+
| ProcessBack:Shuffle       | 2.208 ms                  | 3.925 ms                  |
| ProcessBack:UpdateCache   | 1.480 ms                  | 1.844 ms                  |
| ProcessBack:UpsertPq      | 9.054 ms                  | 11.768 ms                 |
| ProcessOneStep            | 13.307 ms                 | 37.051 ms                 |
| BlockToStepN              | 35.826 ms                 | 72.831 ms                 |
+---------------------------+---------------------------+---------------------------+
E20240128 03:05:34.041313 4038859 parallel_pq_v2.h:76] insert failed, size(hashtable)=2305
W20240128 03:05:34.217181 4038448 grad_async_v2.h:249] Sleep in <BlockToStepN>, step_no=257, pq.top=257
W20240128 03:05:34.292021 4038859 grad_async_v2.h:120] Detect new sample comes, old_end8, new_end9
E20240128 03:05:35.041041 4038889 parallel_pq_v2.h:76] insert failed, size(hashtable)=2190
W20240128 03:05:35.220067 4038448 grad_async_v2.h:249] Sleep in <BlockToStepN>, step_no=270, pq.top=270
W20240128 03:05:35.306008 4038859 grad_async_v2.h:120] Detect new sample comes, old_end0, new_end1
E20240128 03:05:36.041013 4038858 parallel_pq_v2.h:76] insert failed, size(hashtable)=2207
W20240128 03:05:36.220249 4038448 grad_async_v2.h:249] Sleep in <BlockToStepN>, step_no=282, pq.top=282
W20240128 03:05:36.337040 4038859 grad_async_v2.h:120] Detect new sample comes, old_end3, new_end4
E20240128 03:05:37.041013 4038858 parallel_pq_v2.h:76] insert failed, size(hashtable)=2901
W20240128 03:05:37.244511 4038448 grad_async_v2.h:249] Sleep in <BlockToStepN>, step_no=295, pq.top=295
W20240128 03:05:37.349269 4038859 grad_async_v2.h:120] Detect new sample comes, old_end5, new_end6
+---------------------------+---------------------------+---------------------------+
| Name                      | P50                       | P99                       |
+---------------------------+---------------------------+---------------------------+
| GenInput                  | 1.107 ms                  | 22.425 ms                 |
| Forward                   | 4.137 ms                  | 6.467 ms                  |
| Backward                  | 3.557 ms                  | 7.722 ms                  |
| Optimize                  | 1.759 ms                  | 4.202 ms                  |
| BarrierTimeBeforeRank0    | 717.435 us                | 24.245 ms                 |
| AfterBackward             | 13.660 ms                 | 19.644 ms                 |
| BlockToStepN              | 37.914 ms                 | 72.886 ms                 |
| OneStep                   | 71.368 ms                 | 100.801 ms                |
+---------------------------+---------------------------+---------------------------+
[proc 3] 300 steps, total: 8.036, sample: 0.376, forward: 0.379, backward: 0.348, update: 0.210
[proc 2] 300 steps, total: 8.036, sample: 0.342, forward: 0.379, backward: 0.293, update: 0.195
[proc 1] 300 steps, total: 8.036, sample: 0.347, forward: 0.440, backward: 0.346, update: 0.201
[proc 0] 300 steps, total: 8.036, sample: 0.281, forward: 0.381, backward: 0.365, update: 0.164
E20240128 03:05:38.041023 4038858 parallel_pq_v2.h:76] insert failed, size(hashtable)=2151
W20240128 03:05:38.244304 4038448 grad_async_v2.h:249] Sleep in <BlockToStepN>, step_no=306, pq.top=306
W20240128 03:05:38.357710 4038859 grad_async_v2.h:120] Detect new sample comes, old_end7, new_end8
+---------------------------+---------------------------+---------------------------+
| Name                      | P50                       | P99                       |
+---------------------------+---------------------------+---------------------------+
| ProcessBack:Shuffle       | 2.119 ms                  | 2.736 ms                  |
| ProcessBack:UpdateCache   | 1.504 ms                  | 1.865 ms                  |
| ProcessBack:UpsertPq      | 9.712 ms                  | 12.129 ms                 |
| ProcessOneStep            | 13.722 ms                 | 19.622 ms                 |
| BlockToStepN              | 38.965 ms                 | 72.831 ms                 |
+---------------------------+---------------------------+---------------------------+
E20240128 03:05:39.041008 4038448 parallel_pq_v2.h:76] insert failed, size(hashtable)=2670
W20240128 03:05:39.256181 4038448 grad_async_v2.h:249] Sleep in <BlockToStepN>, step_no=320, pq.top=320
W20240128 03:05:39.367596 4038859 grad_async_v2.h:120] Detect new sample comes, old_end1, new_end2
E20240128 03:05:40.041013 4038858 parallel_pq_v2.h:76] insert failed, size(hashtable)=2750
W20240128 03:05:40.256022 4038448 grad_async_v2.h:249] Sleep in <BlockToStepN>, step_no=333, pq.top=333
W20240128 03:05:40.400657 4038859 grad_async_v2.h:120] Detect new sample comes, old_end4, new_end5
E20240128 03:05:41.044415 4038858 parallel_pq_v2.h:76] insert failed, size(hashtable)=2990
W20240128 03:05:41.257951 4038448 grad_async_v2.h:249] Sleep in <BlockToStepN>, step_no=344, pq.top=344
W20240128 03:05:41.413892 4038859 grad_async_v2.h:120] Detect new sample comes, old_end5, new_end6
E20240128 03:05:42.044014 4038858 parallel_pq_v2.h:76] insert failed, size(hashtable)=6247
W20240128 03:05:42.257688 4038448 grad_async_v2.h:249] Sleep in <BlockToStepN>, step_no=355, pq.top=355
+---------------------------+---------------------------+---------------------------+
| Name                      | P50                       | P99                       |
+---------------------------+---------------------------+---------------------------+
| GenInput                  | 1.123 ms                  | 22.568 ms                 |
| Forward                   | 4.147 ms                  | 6.402 ms                  |
| Backward                  | 3.571 ms                  | 7.861 ms                  |
| Optimize                  | 1.759 ms                  | 4.168 ms                  |
| BarrierTimeBeforeRank0    | 816.156 us                | 23.744 ms                 |
| AfterBackward             | 14.077 ms                 | 18.194 ms                 |
| BlockToStepN              | 39.683 ms                 | 76.532 ms                 |
| OneStep                   | 72.954 ms                 | 109.894 ms                |
+---------------------------+---------------------------+---------------------------+
W20240128 03:05:42.417973 4038859 grad_async_v2.h:120] Detect new sample comes, old_end6, new_end7
E20240128 03:05:43.044009 4038858 parallel_pq_v2.h:76] insert failed, size(hashtable)=2550
W20240128 03:05:43.279366 4038448 grad_async_v2.h:249] Sleep in <BlockToStepN>, step_no=366, pq.top=366
W20240128 03:05:43.444937 4038859 grad_async_v2.h:120] Detect new sample comes, old_end7, new_end8
+---------------------------+---------------------------+---------------------------+
| Name                      | P50                       | P99                       |
+---------------------------+---------------------------+---------------------------+
| ProcessBack:Shuffle       | 2.118 ms                  | 2.735 ms                  |
| ProcessBack:UpdateCache   | 1.522 ms                  | 1.921 ms                  |
| ProcessBack:UpsertPq      | 9.989 ms                  | 12.235 ms                 |
| ProcessOneStep            | 14.111 ms                 | 18.171 ms                 |
| BlockToStepN              | 40.477 ms                 | 81.195 ms                 |
+---------------------------+---------------------------+---------------------------+
E20240128 03:05:44.044008 4038858 parallel_pq_v2.h:76] insert failed, size(hashtable)=6038
W20240128 03:05:44.279536 4038448 grad_async_v2.h:249] Sleep in <BlockToStepN>, step_no=377, pq.top=377
W20240128 03:05:44.446523 4038859 grad_async_v2.h:120] Detect new sample comes, old_end8, new_end9
E20240128 03:05:45.044358 4038858 parallel_pq_v2.h:76] insert failed, size(hashtable)=1954
W20240128 03:05:45.308696 4038448 grad_async_v2.h:249] Sleep in <BlockToStepN>, step_no=388, pq.top=388
W20240128 03:05:45.454803 4038859 grad_async_v2.h:120] Detect new sample comes, old_end9, new_end0
E20240128 03:05:46.044021 4038858 parallel_pq_v2.h:76] insert failed, size(hashtable)=1586
W20240128 03:05:46.329252 4038448 grad_async_v2.h:249] Sleep in <BlockToStepN>, step_no=400, pq.top=400
[proc 2] 400 steps, total: 8.652, sample: 0.338, forward: 0.376, backward: 0.289, update: 0.175
[proc 0] 400 steps, total: 8.652, sample: 0.344, forward: 0.418, backward: 0.369, update: 0.179
[proc 1] 400 steps, total: 8.652, sample: 0.380, forward: 0.443, backward: 0.381, update: 0.202
[proc 3] 400 steps, total: 8.652, sample: 0.298, forward: 0.366, backward: 0.338, update: 0.199
W20240128 03:05:46.491377 4038859 grad_async_v2.h:120] Detect new sample comes, old_end1, new_end2
E20240128 03:05:47.044011 4038892 parallel_pq_v2.h:76] insert failed, size(hashtable)=816
W20240128 03:05:47.329613 4038448 grad_async_v2.h:249] Sleep in <BlockToStepN>, step_no=411, pq.top=411
+---------------------------+---------------------------+---------------------------+
| Name                      | P50                       | P99                       |
+---------------------------+---------------------------+---------------------------+
| GenInput                  | 1.164 ms                  | 22.783 ms                 |
| Forward                   | 4.220 ms                  | 6.402 ms                  |
| Backward                  | 3.538 ms                  | 7.861 ms                  |
| Optimize                  | 1.774 ms                  | 4.168 ms                  |
| BarrierTimeBeforeRank0    | 816.156 us                | 24.245 ms                 |
| AfterBackward             | 14.265 ms                 | 18.194 ms                 |
| BlockToStepN              | 41.628 ms                 | 83.147 ms                 |
| OneStep                   | 75.511 ms                 | 117.869 ms                |
+---------------------------+---------------------------+---------------------------+
W20240128 03:05:47.503486 4038859 grad_async_v2.h:120] Detect new sample comes, old_end2, new_end3
E20240128 03:05:48.044453 4038859 parallel_pq_v2.h:76] insert failed, size(hashtable)=24
W20240128 03:05:48.347005 4038448 grad_async_v2.h:249] Sleep in <BlockToStepN>, step_no=422, pq.top=422
W20240128 03:05:48.507251 4038859 grad_async_v2.h:120] Detect new sample comes, old_end3, new_end4
+---------------------------+---------------------------+---------------------------+
| Name                      | P50                       | P99                       |
+---------------------------+---------------------------+---------------------------+
| ProcessBack:Shuffle       | 2.137 ms                  | 2.856 ms                  |
| ProcessBack:UpdateCache   | 1.538 ms                  | 1.865 ms                  |
| ProcessBack:UpsertPq      | 10.175 ms                 | 12.290 ms                 |
| ProcessOneStep            | 14.285 ms                 | 18.171 ms                 |
| BlockToStepN              | 41.943 ms                 | 83.048 ms                 |
+---------------------------+---------------------------+---------------------------+
E20240128 03:05:49.045585 4038859 parallel_pq_v2.h:76] insert failed, size(hashtable)=103
W20240128 03:05:49.346704 4038448 grad_async_v2.h:249] Sleep in <BlockToStepN>, step_no=432, pq.top=432
W20240128 03:05:49.509976 4038859 grad_async_v2.h:120] Detect new sample comes, old_end3, new_end4
E20240128 03:05:50.045033 4038858 parallel_pq_v2.h:76] insert failed, size(hashtable)=2520
W20240128 03:05:50.348233 4038448 grad_async_v2.h:249] Sleep in <BlockToStepN>, step_no=444, pq.top=444
W20240128 03:05:50.519017 4038859 grad_async_v2.h:120] Detect new sample comes, old_end5, new_end6
E20240128 03:05:51.045017 4038858 parallel_pq_v2.h:76] insert failed, size(hashtable)=3758
W20240128 03:05:51.360524 4038448 grad_async_v2.h:249] Sleep in <BlockToStepN>, step_no=455, pq.top=455
W20240128 03:05:51.525370 4038859 grad_async_v2.h:120] Detect new sample comes, old_end6, new_end7
E20240128 03:05:52.045017 4038858 parallel_pq_v2.h:76] insert failed, size(hashtable)=4711
W20240128 03:05:52.360836 4038448 grad_async_v2.h:249] Sleep in <BlockToStepN>, step_no=466, pq.top=466
+---------------------------+---------------------------+---------------------------+
| Name                      | P50                       | P99                       |
+---------------------------+---------------------------+---------------------------+
| GenInput                  | 1.189 ms                  | 23.353 ms                 |
| Forward                   | 4.269 ms                  | 6.132 ms                  |
| Backward                  | 3.523 ms                  | 7.856 ms                  |
| Optimize                  | 1.783 ms                  | 4.310 ms                  |
| BarrierTimeBeforeRank0    | 717.435 us                | 23.744 ms                 |
| AfterBackward             | 14.417 ms                 | 18.096 ms                 |
| BlockToStepN              | 43.069 ms                 | 84.870 ms                 |
| OneStep                   | 76.746 ms                 | 115.193 ms                |
+---------------------------+---------------------------+---------------------------+
W20240128 03:05:52.532755 4038859 grad_async_v2.h:120] Detect new sample comes, old_end7, new_end8
E20240128 03:05:53.049961 4038889 parallel_pq_v2.h:76] insert failed, size(hashtable)=4
W20240128 03:05:53.384313 4038448 grad_async_v2.h:249] Sleep in <BlockToStepN>, step_no=478, pq.top=478
W20240128 03:05:53.542568 4038859 grad_async_v2.h:120] Detect new sample comes, old_end9, new_end0
+---------------------------+---------------------------+---------------------------+
| Name                      | P50                       | P99                       |
+---------------------------+---------------------------+---------------------------+
| ProcessBack:Shuffle       | 2.183 ms                  | 2.872 ms                  |
| ProcessBack:UpdateCache   | 1.554 ms                  | 1.859 ms                  |
| ProcessBack:UpsertPq      | 10.352 ms                 | 12.235 ms                 |
| ProcessOneStep            | 14.439 ms                 | 18.060 ms                 |
| BlockToStepN              | 43.585 ms                 | 84.773 ms                 |
+---------------------------+---------------------------+---------------------------+
E20240128 03:05:54.050024 4038858 parallel_pq_v2.h:76] insert failed, size(hashtable)=2946
W20240128 03:05:54.417698 4038448 grad_async_v2.h:249] Sleep in <BlockToStepN>, step_no=489, pq.top=489
W20240128 03:05:54.562590 4038859 grad_async_v2.h:120] Detect new sample comes, old_end0, new_end1
E20240128 03:05:55.050158 4038858 parallel_pq_v2.h:76] insert failed, size(hashtable)=4644
[proc 0] 500 steps, total: 8.991, sample: 0.417, forward: 0.437, backward: 0.341, update: 0.216
[proc 2] 500 steps, total: 8.991, sample: 0.324, forward: 0.348, backward: 0.283, update: 0.174
[proc 1] 500 steps, total: 8.991, sample: 0.353, forward: 0.465, backward: 0.344, update: 0.196
[proc 3] 500 steps, total: 8.991, sample: 0.244, forward: 0.345, backward: 0.332, update: 0.173
Successfully xmh. training takes 40.95005536079407 seconds
before call kg_cache_controller.StopThreads()
W20240128 03:05:55.382241 4038448 grad_async_v2.h:71] call StopThreads. PID = 4038104
W20240128 03:05:55.382265 4038448 grad_base.h:212] before processOneStepNegThread_.join();
W20240128 03:05:55.382567 4038448 grad_base.h:214] after processOneStepNegThread_.join();
W20240128 03:05:55.382573 4038448 grad_async_v2.h:73] call GradProcessingBase::StopThreads.
[W tensorpipe_agent.cpp:725] RPC agent for worker0 encountered error when reading incoming request from worker2: eof (this error originated at tensorpipe/transport/shm/connection_impl.cc:259)
[W tensorpipe_agent.cpp:725] RPC agent for worker0 encountered error when reading incoming request from worker1: eof (this error originated at tensorpipe/transport/shm/connection_impl.cc:259)
[W tensorpipe_agent.cpp:725] RPC agent for worker0 encountered error when reading incoming request from worker3: eof (this error originated at tensorpipe/transport/shm/connection_impl.cc:259)
W20240128 03:05:55.392907 4038448 grad_async_v2.h:91] StopThreads done.
On rank0, prepare to call self.controller.StopThreads(), self=<python.controller_process.KGCacheControllerWrapper object at 0x7f823582b150>
