WARNING: Logging before InitGoogleLogging() is written to STDERR
I20240125 16:16:00.231420 10117 IPC_barrier.h:128] MultiProcessBarrierFactory->ClearIPCMemory()
/home/xieminhui/RecStore/src/framework_adapters/torch/kg/dgl-0.9.1/python/dgl/_deprecate/graph.py:1023: DGLWarning: multigraph will be deprecated.DGL will treat all graphs as multigraph in the future.
  dgl_warning("multigraph will be deprecated." \
/home/xieminhui/RecStore/src/framework_adapters/torch/kg/dgl-0.9.1/python/dgl/heterograph.py:72: DGLWarning: Recommend creating graphs by `dgl.graph(data)` instead of `dgl.DGLGraph(data)`.
  dgl_warning('Recommend creating graphs by `dgl.graph(data)`'
Reading train triples....
Finished. Read 483142 train triples.
Reading valid triples....
Finished. Read 50000 valid triples.
Reading test triples....
Finished. Read 59071 test triples.
ARGS:  Namespace(model_name='TransE', data_path='/home/xieminhui/dgl-data', dataset='FB15k', format='built_in', data_files=None, delimiter='\t', save_path='/tmp/ckpts/TransE_FB15k_103', no_save_emb=True, max_step=500, batch_size=400, batch_size_eval=16, neg_sample_size=200, neg_deg_sample=False, neg_deg_sample_eval=False, neg_sample_size_eval=14951, eval_percent=1, no_eval_filter=False, log_interval=100, eval_interval=10000, test=False, num_proc=4, num_thread=1, force_sync_interval=1, hidden_dim=400, lr=0.01, gamma=16.0, double_ent=False, double_rel=False, neg_adversarial_sampling=False, adversarial_temperature=1.0, regularization_coef=0.0, regularization_norm=3, pairwise=False, loss_genre='Logsigmoid', margin=1.0, nr_gpus=4, gpu=[0, 1, 2, 3], mix_cpu_gpu=True, valid=False, rel_part=False, async_update=None, has_edge_importance=False, cached_emb_type='KnownLocalCachedEmbedding', use_my_emb=True, cache_ratio=0.05, shuffle=False, backwardMode='CppAsyncV2', L=10, kForwardItersPerStep=2, backgrad_init='both', eval_filter=True, soft_rel_part=False)
|Train|: 483142
original graph:  DGLGraph(num_nodes=14951, num_edges=592213,
         ndata_schemes={}
         edata_schemes={'tid': Scheme(shape=(), dtype=torch.int64)})
Loading cached metis
WARNING [10117 sampler.py:454] Start PreSampling
WARNING [10117 sampler.py:532] Before construct renumbering_dict
WARNING [10117 sampler.py:555] PreSampling done
W20240125 16:16:14.681960 10117 IPCTensor.h:365] NewIPCTensor: cached_sampler_r0_0 [100000]0x100000002000 781.2 kB
W20240125 16:16:14.682708 10117 IPCTensor.h:365] NewIPCTensor: cached_sampler_r0_1 [100000]0x1000000c7000 781.2 kB
W20240125 16:16:14.682832 10117 IPCTensor.h:365] NewIPCTensor: cached_sampler_r0_2 [100000]0x10000018c000 781.2 kB
W20240125 16:16:14.682869 10117 IPCTensor.h:365] NewIPCTensor: cached_sampler_r0_3 [100000]0x100000251000 781.2 kB
W20240125 16:16:14.682981 10117 IPCTensor.h:365] NewIPCTensor: cached_sampler_r0_4 [100000]0x100000316000 781.2 kB
W20240125 16:16:14.683140 10117 IPCTensor.h:365] NewIPCTensor: cached_sampler_r0_5 [100000]0x1000003db000 781.2 kB
W20240125 16:16:14.683178 10117 IPCTensor.h:365] NewIPCTensor: cached_sampler_r0_6 [100000]0x1000004a0000 781.2 kB
W20240125 16:16:14.683272 10117 IPCTensor.h:365] NewIPCTensor: cached_sampler_r0_7 [100000]0x100000565000 781.2 kB
W20240125 16:16:14.683331 10117 IPCTensor.h:365] NewIPCTensor: cached_sampler_r0_8 [100000]0x10000062a000 781.2 kB
W20240125 16:16:14.683437 10117 IPCTensor.h:365] NewIPCTensor: cached_sampler_r0_9 [100000]0x1000006ef000 781.2 kB
W20240125 16:16:14.683533 10117 IPCTensor.h:365] NewIPCTensor: step_r0 [10]0x1000007b4000 80 B 
W20240125 16:16:14.683576 10117 IPCTensor.h:365] NewIPCTensor: circle_buffer_end_r0 [1]0x1000007b6000 8 B 
W20240125 16:16:14.683656 10117 IPCTensor.h:365] NewIPCTensor: circle_buffer_end_cppseen_r0 [1]0x1000007b8000 8 B 
W20240125 16:16:14.684068 10117 IPCTensor.h:365] NewIPCTensor: cached_sampler_r1_0 [100000]0x1000007ba000 781.2 kB
W20240125 16:16:14.684129 10117 IPCTensor.h:365] NewIPCTensor: cached_sampler_r1_1 [100000]0x10000087f000 781.2 kB
W20240125 16:16:14.684181 10117 IPCTensor.h:365] NewIPCTensor: cached_sampler_r1_2 [100000]0x100000944000 781.2 kB
W20240125 16:16:14.684229 10117 IPCTensor.h:365] NewIPCTensor: cached_sampler_r1_3 [100000]0x100000a09000 781.2 kB
W20240125 16:16:14.684334 10117 IPCTensor.h:365] NewIPCTensor: cached_sampler_r1_4 [100000]0x100000ace000 781.2 kB
W20240125 16:16:14.684486 10117 IPCTensor.h:365] NewIPCTensor: cached_sampler_r1_5 [100000]0x100000b93000 781.2 kB
W20240125 16:16:14.684583 10117 IPCTensor.h:365] NewIPCTensor: cached_sampler_r1_6 [100000]0x100000c58000 781.2 kB
W20240125 16:16:14.684621 10117 IPCTensor.h:365] NewIPCTensor: cached_sampler_r1_7 [100000]0x100000d1d000 781.2 kB
W20240125 16:16:14.684788 10117 IPCTensor.h:365] NewIPCTensor: cached_sampler_r1_8 [100000]0x100000de2000 781.2 kB
W20240125 16:16:14.684906 10117 IPCTensor.h:365] NewIPCTensor: cached_sampler_r1_9 [100000]0x100000ea7000 781.2 kB
W20240125 16:16:14.685001 10117 IPCTensor.h:365] NewIPCTensor: step_r1 [10]0x100000f6c000 80 B 
W20240125 16:16:14.685031 10117 IPCTensor.h:365] NewIPCTensor: circle_buffer_end_r1 [1]0x100000f6e000 8 B 
W20240125 16:16:14.685074 10117 IPCTensor.h:365] NewIPCTensor: circle_buffer_end_cppseen_r1 [1]0x100000f70000 8 B 
W20240125 16:16:14.685253 10117 IPCTensor.h:365] NewIPCTensor: cached_sampler_r2_0 [100000]0x100000f72000 781.2 kB
W20240125 16:16:14.685351 10117 IPCTensor.h:365] NewIPCTensor: cached_sampler_r2_1 [100000]0x100001037000 781.2 kB
W20240125 16:16:14.685405 10117 IPCTensor.h:365] NewIPCTensor: cached_sampler_r2_2 [100000]0x1000010fc000 781.2 kB
W20240125 16:16:14.685459 10117 IPCTensor.h:365] NewIPCTensor: cached_sampler_r2_3 [100000]0x1000011c1000 781.2 kB
W20240125 16:16:14.685518 10117 IPCTensor.h:365] NewIPCTensor: cached_sampler_r2_4 [100000]0x100001286000 781.2 kB
W20240125 16:16:14.685567 10117 IPCTensor.h:365] NewIPCTensor: cached_sampler_r2_5 [100000]0x10000134b000 781.2 kB
W20240125 16:16:14.685621 10117 IPCTensor.h:365] NewIPCTensor: cached_sampler_r2_6 [100000]0x100001410000 781.2 kB
W20240125 16:16:14.685729 10117 IPCTensor.h:365] NewIPCTensor: cached_sampler_r2_7 [100000]0x1000014d5000 781.2 kB
W20240125 16:16:14.685811 10117 IPCTensor.h:365] NewIPCTensor: cached_sampler_r2_8 [100000]0x10000159a000 781.2 kB
W20240125 16:16:14.685842 10117 IPCTensor.h:365] NewIPCTensor: cached_sampler_r2_9 [100000]0x10000165f000 781.2 kB
W20240125 16:16:14.685880 10117 IPCTensor.h:365] NewIPCTensor: step_r2 [10]0x100001724000 80 B 
W20240125 16:16:14.685923 10117 IPCTensor.h:365] NewIPCTensor: circle_buffer_end_r2 [1]0x100001726000 8 B 
W20240125 16:16:14.685964 10117 IPCTensor.h:365] NewIPCTensor: circle_buffer_end_cppseen_r2 [1]0x100001728000 8 B 
W20240125 16:16:14.686100 10117 IPCTensor.h:365] NewIPCTensor: cached_sampler_r3_0 [100000]0x10000172a000 781.2 kB
W20240125 16:16:14.686249 10117 IPCTensor.h:365] NewIPCTensor: cached_sampler_r3_1 [100000]0x1000017ef000 781.2 kB
W20240125 16:16:14.686326 10117 IPCTensor.h:365] NewIPCTensor: cached_sampler_r3_2 [100000]0x1000018b4000 781.2 kB
W20240125 16:16:14.686379 10117 IPCTensor.h:365] NewIPCTensor: cached_sampler_r3_3 [100000]0x100001979000 781.2 kB
W20240125 16:16:14.686445 10117 IPCTensor.h:365] NewIPCTensor: cached_sampler_r3_4 [100000]0x100001a3e000 781.2 kB
W20240125 16:16:14.686494 10117 IPCTensor.h:365] NewIPCTensor: cached_sampler_r3_5 [100000]0x100001b03000 781.2 kB
W20240125 16:16:14.686540 10117 IPCTensor.h:365] NewIPCTensor: cached_sampler_r3_6 [100000]0x100001bc8000 781.2 kB
W20240125 16:16:14.686611 10117 IPCTensor.h:365] NewIPCTensor: cached_sampler_r3_7 [100000]0x100001c8d000 781.2 kB
W20240125 16:16:14.686705 10117 IPCTensor.h:365] NewIPCTensor: cached_sampler_r3_8 [100000]0x100001d52000 781.2 kB
W20240125 16:16:14.686806 10117 IPCTensor.h:365] NewIPCTensor: cached_sampler_r3_9 [100000]0x100001e17000 781.2 kB
W20240125 16:16:14.686844 10117 IPCTensor.h:365] NewIPCTensor: step_r3 [10]0x100001edc000 80 B 
W20240125 16:16:14.686895 10117 IPCTensor.h:365] NewIPCTensor: circle_buffer_end_r3 [1]0x100001ede000 8 B 
W20240125 16:16:14.686919 10117 IPCTensor.h:365] NewIPCTensor: circle_buffer_end_cppseen_r3 [1]0x100001ee0000 8 B 
W20240125 16:16:15.169472 10117 IPCTensor.h:365] NewIPCTensor: full_emb [14951, 400]0x100001ee2000 22.81 MB
W20240125 16:16:15.169840 10117 IPCTensor.h:365] NewIPCTensor: full_emb_SparseRowWiseAdaGrad_sum [14951]0x1000035b4000 58.4 kB
{0: Graph(num_nodes=9703, num_edges=161860,
      ndata_schemes={'_ID': Scheme(shape=(), dtype=torch.int64), 'inner_node': Scheme(shape=(), dtype=torch.int32), 'part_id': Scheme(shape=(), dtype=torch.int64)}
      edata_schemes={'_ID': Scheme(shape=(), dtype=torch.int64), 'inner_edge': Scheme(shape=(), dtype=torch.int8)}), 1: Graph(num_nodes=11374, num_edges=168961,
      ndata_schemes={'_ID': Scheme(shape=(), dtype=torch.int64), 'inner_node': Scheme(shape=(), dtype=torch.int32), 'part_id': Scheme(shape=(), dtype=torch.int64)}
      edata_schemes={'_ID': Scheme(shape=(), dtype=torch.int64), 'inner_edge': Scheme(shape=(), dtype=torch.int8)}), 2: Graph(num_nodes=10715, num_edges=190828,
      ndata_schemes={'_ID': Scheme(shape=(), dtype=torch.int64), 'inner_node': Scheme(shape=(), dtype=torch.int32), 'part_id': Scheme(shape=(), dtype=torch.int64)}
      edata_schemes={'_ID': Scheme(shape=(), dtype=torch.int64), 'inner_edge': Scheme(shape=(), dtype=torch.int8)}), 3: Graph(num_nodes=11184, num_edges=240046,
      ndata_schemes={'_ID': Scheme(shape=(), dtype=torch.int64), 'inner_node': Scheme(shape=(), dtype=torch.int32), 'part_id': Scheme(shape=(), dtype=torch.int64)}
      edata_schemes={'_ID': Scheme(shape=(), dtype=torch.int64), 'inner_edge': Scheme(shape=(), dtype=torch.int8)})}
MertisPartition: part 0 has 9703 N 161860 E
MertisPartition: part 1 has 11374 N 168961 E
MertisPartition: part 2 has 10715 N 190828 E
MertisPartition: part 3 has 11184 N 240046 E
Rank0: cached key size 186
Rank1: cached key size 186
Rank2: cached key size 186
Rank3: cached key size 186
Before renumbering graph:  {'_ID': tensor([   6,   10,   11,  ..., 5824, 6189, 2559]), 'inner_node': tensor([1, 1, 1,  ..., 0, 0, 0], dtype=torch.int32), 'part_id': tensor([0, 0, 0,  ..., 1, 1, 2])}
After renumbering graph:  {'_ID': tensor([11064, 11126, 11144,  ..., 12674, 11861,  5093]), 'inner_node': tensor([1, 1, 1,  ..., 0, 0, 0], dtype=torch.int32), 'part_id': tensor([0, 0, 0,  ..., 1, 1, 2])}
part_g: DGLGraph(num_nodes=9703, num_edges=161860,
         ndata_schemes={'_ID': Scheme(shape=(), dtype=torch.int64)}
         edata_schemes={'tid': Scheme(shape=(), dtype=torch.int64)})
part_g: DGLGraph(num_nodes=9703, num_edges=161860,
         ndata_schemes={'_ID': Scheme(shape=(), dtype=torch.int64)}
         edata_schemes={'tid': Scheme(shape=(), dtype=torch.int64)})
Total initialize time 15.103 seconds
[Rank1] pid = 11358
[Rank2] pid = 11422
INFO [10117 distributed_c10d.py:442] Added key: store_based_barrier_key:1 to store for rank: 0
INFO [11358 distributed_c10d.py:442] Added key: store_based_barrier_key:1 to store for rank: 1
INFO [10117 distributed_c10d.py:476] Rank 0: Completed store-based barrier for key:store_based_barrier_key:1 with 4 nodes.
INFO [11487 distributed_c10d.py:442] Added key: store_based_barrier_key:1 to store for rank: 3
INFO [11422 distributed_c10d.py:442] Added key: store_based_barrier_key:1 to store for rank: 2
INFO [11358 distributed_c10d.py:476] Rank 1: Completed store-based barrier for key:store_based_barrier_key:1 with 4 nodes.
INFO [11422 distributed_c10d.py:476] Rank 2: Completed store-based barrier for key:store_based_barrier_key:1 with 4 nodes.
INFO [11487 distributed_c10d.py:476] Rank 3: Completed store-based barrier for key:store_based_barrier_key:1 with 4 nodes.
W20240125 16:16:17.687999 11490 IPCTensor.h:405] NewIPCGPUTensor: embedding_cache_0 [747, 400]; dev=0; size=1.14 MB
W20240125 16:16:17.689116 11359 IPCTensor.h:405] NewIPCGPUTensor: embedding_cache_1 [747, 400]; dev=1; size=1.14 MB
W20240125 16:16:17.689114 11423 IPCTensor.h:405] NewIPCGPUTensor: embedding_cache_2 [747, 400]; dev=2; size=1.14 MB
W20240125 16:16:17.689117 11557 IPCTensor.h:405] NewIPCGPUTensor: embedding_cache_3 [747, 400]; dev=3; size=1.14 MB
W20240125 16:16:17.718322 11490 IPCTensor.h:365] NewIPCTensor: input_keys_0 [100000]0x1000035cc000 781.2 kB
W20240125 16:16:17.718330 11423 IPCTensor.h:365] NewIPCTensor: input_keys_2 [100000]0x100003691000 781.2 kB
W20240125 16:16:17.718341 11359 IPCTensor.h:365] NewIPCTensor: input_keys_1 [100000]0x10000381b000 781.2 kB
W20240125 16:16:17.718335 11557 IPCTensor.h:365] NewIPCTensor: input_keys_3 [100000]0x100003756000 781.2 kB
W20240125 16:16:17.718528 11490 IPCTensor.h:365] NewIPCTensor: input_keys_neg_0 [100000]0x1000038e0000 781.2 kB
W20240125 16:16:17.718583 11423 IPCTensor.h:365] NewIPCTensor: input_keys_neg_2 [100000]0x1000039a5000 781.2 kB
W20240125 16:16:17.718588 11557 IPCTensor.h:365] NewIPCTensor: input_keys_neg_3 [100000]0x100003a6a000 781.2 kB
W20240125 16:16:17.718597 11490 IPCTensor.h:365] NewIPCTensor: backward_grads_0 [100000, 400]0x100003b2f000 152.6 MB
W20240125 16:16:17.718611 11359 IPCTensor.h:365] NewIPCTensor: input_keys_neg_1 [100000]0x10000d3c7000 781.2 kB
W20240125 16:16:17.718640 11490 IPCTensor.h:365] NewIPCTensor: backward_grads_neg_0 [100000, 400]0x10000d48c000 152.6 MB
W20240125 16:16:17.718673 11557 IPCTensor.h:365] NewIPCTensor: backward_grads_3 [100000, 400]0x100016d24000 152.6 MB
W20240125 16:16:17.718675 11490 IPCTensor.h:405] NewIPCGPUTensor: backward_grads_0_gpu [100000, 400]; dev=0; size=152.6 MB
W20240125 16:16:17.718679 11423 IPCTensor.h:365] NewIPCTensor: backward_grads_2 [100000, 400]0x1000205bc000 152.6 MB
W20240125 16:16:17.718705 11359 IPCTensor.h:365] NewIPCTensor: backward_grads_1 [100000, 400]0x100029e54000 152.6 MB
W20240125 16:16:17.718739 11557 IPCTensor.h:365] NewIPCTensor: backward_grads_neg_3 [100000, 400]0x1000336ec000 152.6 MB
W20240125 16:16:17.718756 11359 IPCTensor.h:365] NewIPCTensor: backward_grads_neg_1 [100000, 400]0x10003cf84000 152.6 MB
W20240125 16:16:17.718775 11423 IPCTensor.h:365] NewIPCTensor: backward_grads_neg_2 [100000, 400]0x10004681c000 152.6 MB
W20240125 16:16:17.718816 11557 IPCTensor.h:405] NewIPCGPUTensor: backward_grads_3_gpu [100000, 400]; dev=3; size=152.6 MB
W20240125 16:16:17.718819 11359 IPCTensor.h:405] NewIPCGPUTensor: backward_grads_1_gpu [100000, 400]; dev=1; size=152.6 MB
W20240125 16:16:17.718837 11423 IPCTensor.h:405] NewIPCGPUTensor: backward_grads_2_gpu [100000, 400]; dev=2; size=152.6 MB
W20240125 16:16:17.720873 11557 IPCTensor.h:405] NewIPCGPUTensor: backward_grads_neg_3_gpu [100000, 400]; dev=3; size=152.6 MB
W20240125 16:16:17.720876 11423 IPCTensor.h:405] NewIPCGPUTensor: backward_grads_neg_2_gpu [100000, 400]; dev=2; size=152.6 MB
W20240125 16:16:17.720873 11490 IPCTensor.h:405] NewIPCGPUTensor: backward_grads_neg_0_gpu [100000, 400]; dev=0; size=152.6 MB
W20240125 16:16:17.720873 11359 IPCTensor.h:405] NewIPCGPUTensor: backward_grads_neg_1_gpu [100000, 400]; dev=1; size=152.6 MB
cudaHostRegister 0x100001ee2000
1: KnownLocalCachedEmbedding init done
WARNING [11358 DistTensor.py:56] The tensor name already exists in the kvstore
[Rank3] pid = 11487
New CachedEmbedding, name=full_emb, shape=(14951, 400), cache_type=KnownLocalCachedEmbedding
fixed cache_range is [(0, 747), (747, 1494), (1494, 2241), (2241, 2988)]
cudaHostRegister 0x100001ee2000
0: KnownLocalCachedEmbedding init done
cudaHostRegister 0x100001ee2000
2: KnownLocalCachedEmbedding init done
cudaHostRegister 0x100001ee2000
3: KnownLocalCachedEmbedding init done
WARNING [10117 DistTensor.py:56] The tensor name already exists in the kvstore
WARNING [11422 DistTensor.py:56] The tensor name already exists in the kvstore
WARNING [11487 DistTensor.py:56] The tensor name already exists in the kvstore
I20240125 16:16:17.970539 11490 IPC_barrier.h:118] CreateBarrier: new barrier, name: kgcachecontroller, count: 4
I20240125 16:16:17.970594 11423 IPC_barrier.h:112] CreateBarrier: find existing barrier, name: kgcachecontroller, count: 4
I20240125 16:16:17.970629 11557 IPC_barrier.h:112] CreateBarrier: find existing barrier, name: kgcachecontroller, count: 4
I20240125 16:16:17.970659 11359 IPC_barrier.h:112] CreateBarrier: find existing barrier, name: kgcachecontroller, count: 4
W20240125 16:16:17.971800 11490 grad_base.h:55] KGCacheController, config={
        "num_gpus": 4,
        "L": 10,
        "backgrad_init": "both", 
        "kForwardItersPerStep": 2,
        "clr": 1,
        "nr_background_threads": 32,
        "backwardMode": "CppAsyncV2",
        "cache_ratio": 0.05
        }
W20240125 16:16:17.971987 11490 grad_base.h:172] Init GradProcessingBase done
I20240125 16:16:17.977728 11490 grad_async_v2.h:32] Use background thread to update emb. nr_background_threads=32
W20240125 16:16:17.977954 11490 kg_controller.h:78] after init GradAsyncProcessingV2
I20240125 16:16:17.977968 11490 kg_controller.h:84] Construct KGCacheController done
I20240125 16:16:18.632661 11490 grad_base.h:60] GraphEnv RegTensorsPerProcess
W20240125 16:16:19.400993 12062 grad_async_v2.h:120] Detect new sample comes, old_end0, new_end1
E20240125 16:16:19.401436 12062 parallel_pq_v2.h:76] insert failed, size(hashtable)=1
I20240125 16:16:19.447789 11359 IPC_barrier.h:118] CreateBarrier: new barrier, name: start_barrier, count: 4
I20240125 16:16:19.470094 11423 IPC_barrier.h:112] CreateBarrier: find existing barrier, name: start_barrier, count: 4
I20240125 16:16:19.506733 11557 IPC_barrier.h:112] CreateBarrier: find existing barrier, name: start_barrier, count: 4
I20240125 16:16:19.567487 11490 IPC_barrier.h:112] CreateBarrier: find existing barrier, name: start_barrier, count: 4
+---------------------------+---------------------------+---------------------------+
| Name                      | P50                       | P99                       |
+---------------------------+---------------------------+---------------------------+
| GenInput                  | 1.031 ms                  | 1.031 ms                  |
| Forward                   | 2.119 s                   | 2.119 s                   |
| Backward                  | 652.202 ms                | 652.202 ms                |
| Optimize                  | 2.841 ms                  | 2.841 ms                  |
| BarrierTimeBeforeRank0    | 103.088 us                | 103.088 us                |
+---------------------------+---------------------------+---------------------------+
+---------------------------+---------------------------+---------------------------+
| Name                      | P50                       | P99                       |
+---------------------------+---------------------------+---------------------------+
| ProcessBack:Shuffle       | 441.385 ms                | 455.192 ms                |
+---------------------------+---------------------------+---------------------------+
E20240125 16:16:24.314899 12366 parallel_pq_v2.h:76] insert failed, size(hashtable)=6
W20240125 16:16:24.375290 11490 grad_async_v2.h:249] Sleep in <BlockToStepN>, step_no=1, pq.top=1
W20240125 16:16:24.394619 12062 grad_async_v2.h:120] Detect new sample comes, old_end1, new_end2
E20240125 16:16:25.314126 12061 parallel_pq_v2.h:76] insert failed, size(hashtable)=2496
W20240125 16:16:25.408473 11490 grad_async_v2.h:249] Sleep in <BlockToStepN>, step_no=13, pq.top=13
W20240125 16:16:25.409129 12062 grad_async_v2.h:120] Detect new sample comes, old_end2, new_end3
E20240125 16:16:26.316924 12062 parallel_pq_v2.h:76] insert failed, size(hashtable)=0
W20240125 16:16:26.418828 12062 grad_async_v2.h:120] Detect new sample comes, old_end3, new_end4
W20240125 16:16:26.462285 11490 grad_async_v2.h:249] Sleep in <BlockToStepN>, step_no=24, pq.top=24
E20240125 16:16:27.316336 12062 parallel_pq_v2.h:76] insert failed, size(hashtable)=153
W20240125 16:16:27.458024 12062 grad_async_v2.h:120] Detect new sample comes, old_end3, new_end4
W20240125 16:16:27.504953 11490 grad_async_v2.h:249] Sleep in <BlockToStepN>, step_no=34, pq.top=34
+---------------------------+---------------------------+---------------------------+
| Name                      | P50                       | P99                       |
+---------------------------+---------------------------+---------------------------+
| GenInput                  | 1.612 ms                  | 63.532 ms                 |
| Forward                   | 5.362 ms                  | 2.119 s                   |
| Backward                  | 5.075 ms                  | 652.202 ms                |
| Optimize                  | 1.651 ms                  | 22.605 ms                 |
| BarrierTimeBeforeRank0    | 3.920 ms                  | 34.861 ms                 |
| AfterBackward             | 33.942 ms                 | 2.031 s                   |
| BlockToStepN              | 12.067 ms                 | 55.728 ms                 |
| OneStep                   | 90.983 ms                 | 4.815 s                   |
+---------------------------+---------------------------+---------------------------+
E20240125 16:16:28.316020 12061 parallel_pq_v2.h:76] insert failed, size(hashtable)=3234
W20240125 16:16:28.460599 12062 grad_async_v2.h:120] Detect new sample comes, old_end3, new_end4
W20240125 16:16:28.525429 11490 grad_async_v2.h:249] Sleep in <BlockToStepN>, step_no=44, pq.top=44
+---------------------------+---------------------------+---------------------------+
| Name                      | P50                       | P99                       |
+---------------------------+---------------------------+---------------------------+
| ProcessBack:Shuffle       | 2.469 ms                  | 441.385 ms                |
| ProcessBack:UpdateCache   | 2.355 ms                  | 1.468 s                   |
| ProcessBack:UpsertPq      | 5.696 ms                  | 57.923 ms                 |
| ProcessOneStep            | 29.930 ms                 | 2.030 s                   |
| BlockToStepN              | 9.907 ms                  | 55.470 ms                 |
+---------------------------+---------------------------+---------------------------+
E20240125 16:16:29.316848 12061 parallel_pq_v2.h:76] insert failed, size(hashtable)=2982
W20240125 16:16:29.466518 12062 grad_async_v2.h:120] Detect new sample comes, old_end2, new_end3
W20240125 16:16:29.545439 11490 grad_async_v2.h:249] Sleep in <BlockToStepN>, step_no=53, pq.top=53
E20240125 16:16:30.316016 12061 parallel_pq_v2.h:76] insert failed, size(hashtable)=3860
W20240125 16:16:30.494253 12062 grad_async_v2.h:120] Detect new sample comes, old_end2, new_end3
W20240125 16:16:30.577040 11490 grad_async_v2.h:249] Sleep in <BlockToStepN>, step_no=63, pq.top=63
E20240125 16:16:31.318467 12368 parallel_pq_v2.h:76] insert failed, size(hashtable)=23
W20240125 16:16:31.579949 11490 grad_async_v2.h:249] Sleep in <BlockToStepN>, step_no=73, pq.top=73
W20240125 16:16:31.592846 12062 grad_async_v2.h:120] Detect new sample comes, old_end3, new_end4
E20240125 16:16:32.324038 12062 parallel_pq_v2.h:76] insert failed, size(hashtable)=1
W20240125 16:16:32.611318 12062 grad_async_v2.h:120] Detect new sample comes, old_end2, new_end3
W20240125 16:16:32.649824 11490 grad_async_v2.h:249] Sleep in <BlockToStepN>, step_no=83, pq.top=83
+---------------------------+---------------------------+---------------------------+
| Name                      | P50                       | P99                       |
+---------------------------+---------------------------+---------------------------+
| GenInput                  | 1.621 ms                  | 27.669 ms                 |
| Forward                   | 5.422 ms                  | 39.350 ms                 |
| Backward                  | 5.239 ms                  | 24.105 ms                 |
| Optimize                  | 1.702 ms                  | 19.836 ms                 |
| BarrierTimeBeforeRank0    | 1.102 ms                  | 38.827 ms                 |
| AfterBackward             | 35.437 ms                 | 95.673 ms                 |
| BlockToStepN              | 12.578 ms                 | 55.728 ms                 |
| OneStep                   | 94.616 ms                 | 171.629 ms                |
+---------------------------+---------------------------+---------------------------+
E20240125 16:16:33.332854 12061 parallel_pq_v2.h:76] insert failed, size(hashtable)=2974
W20240125 16:16:33.618992 12062 grad_async_v2.h:120] Detect new sample comes, old_end1, new_end2
+---------------------------+---------------------------+---------------------------+
| Name                      | P50                       | P99                       |
+---------------------------+---------------------------+---------------------------+
| ProcessBack:Shuffle       | 2.632 ms                  | 35.614 ms                 |
| ProcessBack:UpdateCache   | 2.404 ms                  | 26.664 ms                 |
| ProcessBack:UpsertPq      | 13.273 ms                 | 57.732 ms                 |
| ProcessOneStep            | 35.350 ms                 | 95.589 ms                 |
| BlockToStepN              | 14.596 ms                 | 57.861 ms                 |
+---------------------------+---------------------------+---------------------------+
W20240125 16:16:33.823752 11490 grad_async_v2.h:249] Sleep in <BlockToStepN>, step_no=94, pq.top=94
E20240125 16:16:34.336722 12061 parallel_pq_v2.h:76] insert failed, size(hashtable)=6413
train_sampler.Prefill()
before start barrier
start train
[proc 2] 100 steps, total: 14.947, sample: 0.309, forward: 2.572, backward: 1.330, update: 0.158
train_sampler.Prefill()
before start barrier
start train
[proc 1] 100 steps, total: 14.969, sample: 0.335, forward: 2.406, backward: 1.177, update: 0.155
train_sampler.Prefill()
before start barrier
start train
[proc 3] 100 steps, total: 14.910, sample: 0.320, forward: 2.563, backward: 1.541, update: 0.153
train_sampler.Prefill()
-------Step 0-------
tensor([ 9568, 12766, 10874,  3518,    53,  3634,  7459,   158,    73,  6917]) tensor([11144, 13236,  2018,  8435,  1942, 14778, 11716,  4113,  2951, 14486])
-------Step 1-------
tensor([ 9568, 12766, 10874,  3518,    53,  3634,  7459,   158,    73,  6917]) tensor([  850,  8571, 13350,  2629,  2489,   271,  9376,  7758,  8977,  3603])
-------Step 2-------
tensor([   52, 14608,  4664,   852,  3323,  7841, 10076,    29,   813,    81]) tensor([ 5358,    31,  5601, 11505,  8580, 10962,  3334, 12758,  6482,   300])
-------Step 3-------
tensor([   52, 14608,  4664,   852,  3323,  7841, 10076,    29,   813,    81]) tensor([12250,  8967,  7993,  3055,  7178, 14924,  1793,  4311, 14681,  5534])
-------Step 4-------
tensor([ 1644,  2160,  1830, 12016,  5362,    71,  9520,  1203, 13234,  1272]) tensor([ 5091,  4155,  1599,  3617,  9834,  2722, 14921, 12746,   464,  4595])
-------Step 5-------
tensor([ 1644,  2160,  1830, 12016,  5362,    71,  9520,  1203, 13234,  1272]) tensor([ 5802,   981, 11197,  1098,  4717, 10866,   793,  1195,  3923,  4464])
-------Step 6-------
tensor([ 8033, 13385,  5442, 13154,   139,  2058,    30,  5328,  2999,  2430]) tensor([ 6814,  1226,  5530,  5094,  5787,    27,  8458,   430,  6357, 10277])
-------Step 7-------
tensor([ 8033, 13385,  5442, 13154,   139,  2058,    30,  5328,  2999,  2430]) tensor([ 9101,  8505,  3210,  3327, 10768, 11344, 12848, 13088,  1268,  3630])
-------Step 8-------
tensor([ 2227,    42,  8330,  3819, 14325, 11680, 12844,  9345,  2033, 10046]) tensor([12259,  5826,  8057,  8933,  6376, 13877,  1182,  8198,  1217,  2305])
-------Step 9-------
tensor([ 2227,    42,  8330,  3819, 14325, 11680, 12844,  9345,  2033, 10046]) tensor([12654,  2304,  1161,  5339,  5634, 14576,  1353, 12675,  9547,  7969])
before start barrier
start train
[proc 0] 100 steps, total: 14.850, sample: 0.430, forward: 3.033, backward: 1.358, update: 0.275
W20240125 16:16:34.618213 12062 grad_async_v2.h:120] Detect new sample comes, old_end2, new_end3
W20240125 16:16:34.831046 11490 grad_async_v2.h:249] Sleep in <BlockToStepN>, step_no=104, pq.top=104
E20240125 16:16:35.336047 12366 parallel_pq_v2.h:76] insert failed, size(hashtable)=362
W20240125 16:16:35.670261 12062 grad_async_v2.h:120] Detect new sample comes, old_end2, new_end3
W20240125 16:16:35.843142 11490 grad_async_v2.h:249] Sleep in <BlockToStepN>, step_no=114, pq.top=114
E20240125 16:16:36.336128 12367 parallel_pq_v2.h:76] insert failed, size(hashtable)=826
W20240125 16:16:36.677134 12062 grad_async_v2.h:120] Detect new sample comes, old_end1, new_end2
W20240125 16:16:36.947830 11490 grad_async_v2.h:249] Sleep in <BlockToStepN>, step_no=124, pq.top=124
E20240125 16:16:37.336022 12062 parallel_pq_v2.h:76] insert failed, size(hashtable)=79
W20240125 16:16:37.715863 12062 grad_async_v2.h:120] Detect new sample comes, old_end1, new_end2
W20240125 16:16:37.979234 11490 grad_async_v2.h:249] Sleep in <BlockToStepN>, step_no=134, pq.top=134
+---------------------------+---------------------------+---------------------------+
| Name                      | P50                       | P99                       |
+---------------------------+---------------------------+---------------------------+
| GenInput                  | 1.617 ms                  | 31.477 ms                 |
| Forward                   | 5.477 ms                  | 42.824 ms                 |
| Backward                  | 5.112 ms                  | 29.581 ms                 |
| Optimize                  | 1.680 ms                  | 19.836 ms                 |
| BarrierTimeBeforeRank0    | 626.099 us                | 38.827 ms                 |
| AfterBackward             | 36.413 ms                 | 95.673 ms                 |
| BlockToStepN              | 18.777 ms                 | 58.062 ms                 |
| OneStep                   | 99.471 ms                 | 171.629 ms                |
+---------------------------+---------------------------+---------------------------+
E20240125 16:16:38.337306 12061 parallel_pq_v2.h:76] insert failed, size(hashtable)=2946
+---------------------------+---------------------------+---------------------------+
| Name                      | P50                       | P99                       |
+---------------------------+---------------------------+---------------------------+
| ProcessBack:Shuffle       | 2.651 ms                  | 35.614 ms                 |
| ProcessBack:UpdateCache   | 2.391 ms                  | 26.664 ms                 |
| ProcessBack:UpsertPq      | 14.524 ms                 | 57.634 ms                 |
| ProcessOneStep            | 37.071 ms                 | 95.589 ms                 |
| BlockToStepN              | 18.212 ms                 | 57.861 ms                 |
+---------------------------+---------------------------+---------------------------+
W20240125 16:16:38.715514 12062 grad_async_v2.h:120] Detect new sample comes, old_end0, new_end1
W20240125 16:16:38.988664 11490 grad_async_v2.h:249] Sleep in <BlockToStepN>, step_no=143, pq.top=143
E20240125 16:16:39.337013 12061 parallel_pq_v2.h:76] insert failed, size(hashtable)=870
W20240125 16:16:39.771374 12062 grad_async_v2.h:120] Detect new sample comes, old_end0, new_end1
W20240125 16:16:40.068006 11490 grad_async_v2.h:249] Sleep in <BlockToStepN>, step_no=153, pq.top=152
E20240125 16:16:40.340867 11490 parallel_pq_v2.h:76] insert failed, size(hashtable)=218
W20240125 16:16:40.792368 12062 grad_async_v2.h:120] Detect new sample comes, old_end8, new_end9
W20240125 16:16:41.090649 11490 grad_async_v2.h:249] Sleep in <BlockToStepN>, step_no=161, pq.top=161
E20240125 16:16:41.340025 12061 parallel_pq_v2.h:76] insert failed, size(hashtable)=6722
W20240125 16:16:41.880779 12062 grad_async_v2.h:120] Detect new sample comes, old_end7, new_end8
W20240125 16:16:42.132658 11490 grad_async_v2.h:249] Sleep in <BlockToStepN>, step_no=170, pq.top=170
E20240125 16:16:42.340930 12061 parallel_pq_v2.h:76] insert failed, size(hashtable)=1125
W20240125 16:16:42.930167 12062 grad_async_v2.h:120] Detect new sample comes, old_end7, new_end8
+---------------------------+---------------------------+---------------------------+
| Name                      | P50                       | P99                       |
+---------------------------+---------------------------+---------------------------+
| GenInput                  | 1.624 ms                  | 27.669 ms                 |
| Forward                   | 5.490 ms                  | 39.350 ms                 |
| Backward                  | 5.246 ms                  | 31.598 ms                 |
| Optimize                  | 1.680 ms                  | 15.907 ms                 |
| BarrierTimeBeforeRank0    | 803.977 us                | 43.733 ms                 |
| AfterBackward             | 37.484 ms                 | 95.673 ms                 |
| BlockToStepN              | 20.859 ms                 | 58.310 ms                 |
| OneStep                   | 101.980 ms                | 170.854 ms                |
+---------------------------+---------------------------+---------------------------+
W20240125 16:16:43.132511 11490 grad_async_v2.h:249] Sleep in <BlockToStepN>, step_no=179, pq.top=179
E20240125 16:16:43.341523 12061 parallel_pq_v2.h:76] insert failed, size(hashtable)=322
+---------------------------+---------------------------+---------------------------+
| Name                      | P50                       | P99                       |
+---------------------------+---------------------------+---------------------------+
| ProcessBack:Shuffle       | 2.585 ms                  | 34.412 ms                 |
| ProcessBack:UpdateCache   | 2.373 ms                  | 41.810 ms                 |
| ProcessBack:UpsertPq      | 14.508 ms                 | 55.479 ms                 |
| ProcessOneStep            | 36.830 ms                 | 95.589 ms                 |
| BlockToStepN              | 20.131 ms                 | 70.762 ms                 |
+---------------------------+---------------------------+---------------------------+
W20240125 16:16:43.987478 12062 grad_async_v2.h:120] Detect new sample comes, old_end5, new_end6
W20240125 16:16:44.174839 11490 grad_async_v2.h:249] Sleep in <BlockToStepN>, step_no=187, pq.top=187
E20240125 16:16:44.346649 12367 parallel_pq_v2.h:76] insert failed, size(hashtable)=115
W20240125 16:16:45.042295 12062 grad_async_v2.h:120] Detect new sample comes, old_end4, new_end5
W20240125 16:16:45.217583 11490 grad_async_v2.h:249] Sleep in <BlockToStepN>, step_no=196, pq.top=196
E20240125 16:16:45.348022 12062 parallel_pq_v2.h:76] insert failed, size(hashtable)=1
[proc 3] 200 steps, total: 11.294, sample: 0.328, forward: 0.682, backward: 0.874, update: 0.150
[proc 2] 200 steps, total: 11.294, sample: 0.361, forward: 0.648, backward: 0.812, update: 0.150
[proc 1] 200 steps, total: 11.294, sample: 0.337, forward: 0.642, backward: 0.941, update: 0.164
[proc 0] 200 steps, total: 11.298, sample: 0.442, forward: 0.848, backward: 0.814, update: 0.173
W20240125 16:16:46.067975 12062 grad_async_v2.h:120] Detect new sample comes, old_end3, new_end4
W20240125 16:16:46.305471 11490 grad_async_v2.h:249] Sleep in <BlockToStepN>, step_no=206, pq.top=206
E20240125 16:16:46.348017 12062 parallel_pq_v2.h:76] insert failed, size(hashtable)=327
W20240125 16:16:47.068562 12062 grad_async_v2.h:120] Detect new sample comes, old_end3, new_end4
W20240125 16:16:47.314672 11490 grad_async_v2.h:249] Sleep in <BlockToStepN>, step_no=215, pq.top=215
E20240125 16:16:47.348654 12061 parallel_pq_v2.h:76] insert failed, size(hashtable)=3218
+---------------------------+---------------------------+---------------------------+
| Name                      | P50                       | P99                       |
+---------------------------+---------------------------+---------------------------+
| GenInput                  | 1.624 ms                  | 31.477 ms                 |
| Forward                   | 5.462 ms                  | 39.350 ms                 |
| Backward                  | 5.246 ms                  | 31.598 ms                 |
| Optimize                  | 1.675 ms                  | 15.907 ms                 |
| BarrierTimeBeforeRank0    | 1.617 ms                  | 43.733 ms                 |
| AfterBackward             | 37.484 ms                 | 95.673 ms                 |
| BlockToStepN              | 21.089 ms                 | 71.664 ms                 |
| OneStep                   | 102.770 ms                | 171.629 ms                |
+---------------------------+---------------------------+---------------------------+
W20240125 16:16:48.123570 12062 grad_async_v2.h:120] Detect new sample comes, old_end2, new_end3
W20240125 16:16:48.317277 11490 grad_async_v2.h:249] Sleep in <BlockToStepN>, step_no=224, pq.top=224
E20240125 16:16:48.348019 12062 parallel_pq_v2.h:76] insert failed, size(hashtable)=234
+---------------------------+---------------------------+---------------------------+
| Name                      | P50                       | P99                       |
+---------------------------+---------------------------+---------------------------+
| ProcessBack:Shuffle       | 2.570 ms                  | 32.861 ms                 |
| ProcessBack:UpdateCache   | 2.355 ms                  | 38.788 ms                 |
| ProcessBack:UpsertPq      | 14.148 ms                 | 55.474 ms                 |
| ProcessOneStep            | 36.351 ms                 | 95.589 ms                 |
| BlockToStepN              | 20.709 ms                 | 71.445 ms                 |
+---------------------------+---------------------------+---------------------------+
W20240125 16:16:49.129959 12062 grad_async_v2.h:120] Detect new sample comes, old_end1, new_end2
E20240125 16:16:49.348119 12062 parallel_pq_v2.h:76] insert failed, size(hashtable)=5
W20240125 16:16:49.368304 11490 grad_async_v2.h:249] Sleep in <BlockToStepN>, step_no=234, pq.top=233
W20240125 16:16:50.179149 12062 grad_async_v2.h:120] Detect new sample comes, old_end2, new_end3
E20240125 16:16:50.350968 12061 parallel_pq_v2.h:76] insert failed, size(hashtable)=8044
W20240125 16:16:50.448444 11490 grad_async_v2.h:249] Sleep in <BlockToStepN>, step_no=245, pq.top=244
W20240125 16:16:51.180850 12062 grad_async_v2.h:120] Detect new sample comes, old_end0, new_end1
E20240125 16:16:51.350014 12061 parallel_pq_v2.h:76] insert failed, size(hashtable)=10820
W20240125 16:16:51.460178 11490 grad_async_v2.h:249] Sleep in <BlockToStepN>, step_no=253, pq.top=253
W20240125 16:16:52.182194 12062 grad_async_v2.h:120] Detect new sample comes, old_end0, new_end1
E20240125 16:16:52.360841 12061 parallel_pq_v2.h:76] insert failed, size(hashtable)=11033
W20240125 16:16:52.473160 11490 grad_async_v2.h:249] Sleep in <BlockToStepN>, step_no=263, pq.top=263
+---------------------------+---------------------------+---------------------------+
| Name                      | P50                       | P99                       |
+---------------------------+---------------------------+---------------------------+
| GenInput                  | 1.604 ms                  | 27.669 ms                 |
| Forward                   | 5.363 ms                  | 34.681 ms                 |
| Backward                  | 5.290 ms                  | 29.997 ms                 |
| Optimize                  | 1.670 ms                  | 15.869 ms                 |
| BarrierTimeBeforeRank0    | 2.096 ms                  | 41.123 ms                 |
| AfterBackward             | 36.019 ms                 | 89.592 ms                 |
| BlockToStepN              | 22.591 ms                 | 71.030 ms                 |
| OneStep                   | 104.018 ms                | 170.854 ms                |
+---------------------------+---------------------------+---------------------------+
W20240125 16:16:53.242377 12062 grad_async_v2.h:120] Detect new sample comes, old_end9, new_end0
E20240125 16:16:53.360023 12061 parallel_pq_v2.h:76] insert failed, size(hashtable)=12296
W20240125 16:16:53.515770 11490 grad_async_v2.h:249] Sleep in <BlockToStepN>, step_no=272, pq.top=272
+---------------------------+---------------------------+---------------------------+
| Name                      | P50                       | P99                       |
+---------------------------+---------------------------+---------------------------+
| ProcessBack:Shuffle       | 2.525 ms                  | 32.861 ms                 |
| ProcessBack:UpdateCache   | 2.345 ms                  | 38.788 ms                 |
| ProcessBack:UpsertPq      | 13.634 ms                 | 55.474 ms                 |
| ProcessOneStep            | 35.929 ms                 | 89.519 ms                 |
| BlockToStepN              | 22.447 ms                 | 70.762 ms                 |
+---------------------------+---------------------------+---------------------------+
W20240125 16:16:54.289816 12062 grad_async_v2.h:120] Detect new sample comes, old_end9, new_end0
E20240125 16:16:54.364455 11811 parallel_pq_v2.h:76] insert failed, size(hashtable)=443
W20240125 16:16:54.515961 11490 grad_async_v2.h:249] Sleep in <BlockToStepN>, step_no=281, pq.top=281
E20240125 16:16:55.364041 12061 parallel_pq_v2.h:76] insert failed, size(hashtable)=10655
W20240125 16:16:55.394412 12062 grad_async_v2.h:120] Detect new sample comes, old_end9, new_end0
W20240125 16:16:55.570051 11490 grad_async_v2.h:249] Sleep in <BlockToStepN>, step_no=291, pq.top=291
E20240125 16:16:56.364019 12061 parallel_pq_v2.h:76] insert failed, size(hashtable)=745
W20240125 16:16:56.424839 12062 grad_async_v2.h:120] Detect new sample comes, old_end8, new_end9
W20240125 16:16:56.617197 11490 grad_async_v2.h:249] Sleep in <BlockToStepN>, step_no=300, pq.top=300
[proc 1] 300 steps, total: 10.915, sample: 0.281, forward: 0.647, backward: 0.797, update: 0.149
[proc 2] 300 steps, total: 10.915, sample: 0.294, forward: 0.619, backward: 0.831, update: 0.155
[proc 3] 300 steps, total: 10.922, sample: 0.340, forward: 0.543, backward: 0.859, update: 0.150
[proc 0] 300 steps, total: 10.916, sample: 0.369, forward: 0.803, backward: 0.790, update: 0.161
E20240125 16:16:57.364854 12061 parallel_pq_v2.h:76] insert failed, size(hashtable)=4550
W20240125 16:16:57.447001 12062 grad_async_v2.h:120] Detect new sample comes, old_end6, new_end7
W20240125 16:16:57.639504 11490 grad_async_v2.h:249] Sleep in <BlockToStepN>, step_no=308, pq.top=308
+---------------------------+---------------------------+---------------------------+
| Name                      | P50                       | P99                       |
+---------------------------+---------------------------+---------------------------+
| GenInput                  | 1.605 ms                  | 34.572 ms                 |
| Forward                   | 5.322 ms                  | 39.350 ms                 |
| Backward                  | 5.315 ms                  | 31.598 ms                 |
| Optimize                  | 1.673 ms                  | 15.869 ms                 |
| BarrierTimeBeforeRank0    | 1.617 ms                  | 42.774 ms                 |
| AfterBackward             | 35.806 ms                 | 89.592 ms                 |
| BlockToStepN              | 22.840 ms                 | 71.664 ms                 |
| OneStep                   | 104.993 ms                | 171.629 ms                |
+---------------------------+---------------------------+---------------------------+
E20240125 16:16:58.368120 11490 parallel_pq_v2.h:76] insert failed, size(hashtable)=731
W20240125 16:16:58.522302 12062 grad_async_v2.h:120] Detect new sample comes, old_end5, new_end6
+---------------------------+---------------------------+---------------------------+
| Name                      | P50                       | P99                       |
+---------------------------+---------------------------+---------------------------+
| ProcessBack:Shuffle       | 2.525 ms                  | 30.275 ms                 |
| ProcessBack:UpdateCache   | 2.344 ms                  | 35.725 ms                 |
| ProcessBack:UpsertPq      | 13.585 ms                 | 54.675 ms                 |
| ProcessOneStep            | 35.452 ms                 | 89.519 ms                 |
| BlockToStepN              | 22.638 ms                 | 71.445 ms                 |
+---------------------------+---------------------------+---------------------------+
W20240125 16:16:58.679234 11490 grad_async_v2.h:249] Sleep in <BlockToStepN>, step_no=317, pq.top=317
E20240125 16:16:59.370350 12061 parallel_pq_v2.h:76] insert failed, size(hashtable)=9557
W20240125 16:16:59.539644 12062 grad_async_v2.h:120] Detect new sample comes, old_end5, new_end6
W20240125 16:16:59.758678 11490 grad_async_v2.h:249] Sleep in <BlockToStepN>, step_no=327, pq.top=327
E20240125 16:17:00.370016 12061 parallel_pq_v2.h:76] insert failed, size(hashtable)=7919
W20240125 16:17:00.542178 12062 grad_async_v2.h:120] Detect new sample comes, old_end4, new_end5
W20240125 16:17:00.828739 11490 grad_async_v2.h:249] Sleep in <BlockToStepN>, step_no=337, pq.top=337
E20240125 16:17:01.372874 12061 parallel_pq_v2.h:76] insert failed, size(hashtable)=11215
W20240125 16:17:01.624857 12062 grad_async_v2.h:120] Detect new sample comes, old_end3, new_end4
W20240125 16:17:01.894026 11490 grad_async_v2.h:249] Sleep in <BlockToStepN>, step_no=346, pq.top=346
E20240125 16:17:02.372242 12062 parallel_pq_v2.h:76] insert failed, size(hashtable)=21
W20240125 16:17:02.628700 12062 grad_async_v2.h:120] Detect new sample comes, old_end2, new_end3
+---------------------------+---------------------------+---------------------------+
| Name                      | P50                       | P99                       |
+---------------------------+---------------------------+---------------------------+
| GenInput                  | 1.612 ms                  | 31.477 ms                 |
| Forward                   | 5.305 ms                  | 34.681 ms                 |
| Backward                  | 5.424 ms                  | 31.598 ms                 |
| Optimize                  | 1.673 ms                  | 14.943 ms                 |
| BarrierTimeBeforeRank0    | 1.873 ms                  | 41.123 ms                 |
| AfterBackward             | 35.954 ms                 | 84.019 ms                 |
| BlockToStepN              | 24.312 ms                 | 71.664 ms                 |
| OneStep                   | 105.482 ms                | 171.629 ms                |
+---------------------------+---------------------------+---------------------------+
W20240125 16:17:03.111738 11490 grad_async_v2.h:249] Sleep in <BlockToStepN>, step_no=357, pq.top=357
E20240125 16:17:03.373589 12061 parallel_pq_v2.h:76] insert failed, size(hashtable)=2974
+---------------------------+---------------------------+---------------------------+
| Name                      | P50                       | P99                       |
+---------------------------+---------------------------+---------------------------+
| ProcessBack:Shuffle       | 2.520 ms                  | 32.711 ms                 |
| ProcessBack:UpdateCache   | 2.339 ms                  | 35.725 ms                 |
| ProcessBack:UpsertPq      | 13.282 ms                 | 54.560 ms                 |
| ProcessOneStep            | 35.271 ms                 | 83.880 ms                 |
| BlockToStepN              | 23.972 ms                 | 71.445 ms                 |
+---------------------------+---------------------------+---------------------------+
W20240125 16:17:03.642349 12062 grad_async_v2.h:120] Detect new sample comes, old_end2, new_end3
W20240125 16:17:04.130339 11490 grad_async_v2.h:249] Sleep in <BlockToStepN>, step_no=367, pq.top=367
E20240125 16:17:04.376834 11490 parallel_pq_v2.h:76] insert failed, size(hashtable)=1720
W20240125 16:17:04.726207 12062 grad_async_v2.h:120] Detect new sample comes, old_end2, new_end3
W20240125 16:17:05.277530 11490 grad_async_v2.h:249] Sleep in <BlockToStepN>, step_no=376, pq.top=376
E20240125 16:17:05.380272 12061 parallel_pq_v2.h:76] insert failed, size(hashtable)=7745
W20240125 16:17:05.746326 12062 grad_async_v2.h:120] Detect new sample comes, old_end0, new_end1
W20240125 16:17:06.291378 11490 grad_async_v2.h:249] Sleep in <BlockToStepN>, step_no=385, pq.top=385
E20240125 16:17:06.406420 11490 parallel_pq_v2.h:76] insert failed, size(hashtable)=922
W20240125 16:17:06.764890 12062 grad_async_v2.h:120] Detect new sample comes, old_end9, new_end0
E20240125 16:17:07.407063 12061 parallel_pq_v2.h:76] insert failed, size(hashtable)=10173
W20240125 16:17:07.455484 11490 grad_async_v2.h:249] Sleep in <BlockToStepN>, step_no=395, pq.top=395
W20240125 16:17:07.867784 12062 grad_async_v2.h:120] Detect new sample comes, old_end8, new_end9
+---------------------------+---------------------------+---------------------------+
| Name                      | P50                       | P99                       |
+---------------------------+---------------------------+---------------------------+
| GenInput                  | 1.611 ms                  | 34.572 ms                 |
| Forward                   | 5.291 ms                  | 34.681 ms                 |
| Backward                  | 5.458 ms                  | 31.598 ms                 |
| Optimize                  | 1.671 ms                  | 14.943 ms                 |
| BarrierTimeBeforeRank0    | 2.136 ms                  | 41.123 ms                 |
| AfterBackward             | 35.593 ms                 | 84.019 ms                 |
| BlockToStepN              | 25.136 ms                 | 71.664 ms                 |
| OneStep                   | 106.700 ms                | 179.719 ms                |
+---------------------------+---------------------------+---------------------------+
[proc 3] 400 steps, total: 11.457, sample: 0.327, forward: 0.666, backward: 0.751, update: 0.165
