WARNING: Logging before InitGoogleLogging() is written to STDERR
I20240124 10:33:45.072744 36926 IPC_barrier.h:128] MultiProcessBarrierFactory->ClearIPCMemory()
/home/xieminhui/RecStore/src/framework_adapters/torch/kg/dgl-0.9.1/python/dgl/_deprecate/graph.py:1023: DGLWarning: multigraph will be deprecated.DGL will treat all graphs as multigraph in the future.
  dgl_warning("multigraph will be deprecated." \
/home/xieminhui/RecStore/src/framework_adapters/torch/kg/dgl-0.9.1/python/dgl/heterograph.py:72: DGLWarning: Recommend creating graphs by `dgl.graph(data)` instead of `dgl.DGLGraph(data)`.
  dgl_warning('Recommend creating graphs by `dgl.graph(data)`'
Reading train triples....
Finished. Read 483142 train triples.
Reading valid triples....
Finished. Read 50000 valid triples.
Reading test triples....
Finished. Read 59071 test triples.
ARGS:  Namespace(model_name='TransE', data_path='/home/xieminhui/dgl-data', dataset='FB15k', format='built_in', data_files=None, delimiter='\t', save_path='/tmp/ckpts/TransE_FB15k_75', no_save_emb=True, max_step=500, batch_size=400, batch_size_eval=16, neg_sample_size=200, neg_deg_sample=False, neg_deg_sample_eval=False, neg_sample_size_eval=14951, eval_percent=1, no_eval_filter=False, log_interval=100, eval_interval=10000, test=False, num_proc=8, num_thread=1, force_sync_interval=1, hidden_dim=400, lr=0.01, gamma=16.0, double_ent=False, double_rel=False, neg_adversarial_sampling=False, adversarial_temperature=1.0, regularization_coef=0.0, regularization_norm=3, pairwise=False, loss_genre='Logsigmoid', margin=1.0, nr_gpus=8, gpu=[0, 1, 2, 3, 4, 5, 6, 7], mix_cpu_gpu=True, valid=False, rel_part=False, async_update=None, has_edge_importance=False, cached_emb_type='KnownLocalCachedEmbedding', use_my_emb=True, cache_ratio=0.1, shuffle=False, backwardMode='CppAsyncV2', L=10, kForwardItersPerStep=2, backgrad_init='both', eval_filter=True, soft_rel_part=False)
|Train|: 483142
original graph:  DGLGraph(num_nodes=14951, num_edges=592213,
         ndata_schemes={}
         edata_schemes={'tid': Scheme(shape=(), dtype=torch.int64)})
Loading cached metis
WARNING [36926 sampler.py:454] Start PreSampling
WARNING [36926 sampler.py:532] Before construct renumbering_dict
WARNING [36926 sampler.py:555] PreSampling done
W20240124 10:33:49.982626 36926 IPCTensor.h:365] NewIPCTensor: cached_sampler_r0_0 [100000]0x100000002000 781.2 kB
W20240124 10:33:49.982817 36926 IPCTensor.h:365] NewIPCTensor: cached_sampler_r0_1 [100000]0x1000000c7000 781.2 kB
W20240124 10:33:49.982848 36926 IPCTensor.h:365] NewIPCTensor: cached_sampler_r0_2 [100000]0x10000018c000 781.2 kB
W20240124 10:33:49.982877 36926 IPCTensor.h:365] NewIPCTensor: cached_sampler_r0_3 [100000]0x100000251000 781.2 kB
W20240124 10:33:49.982913 36926 IPCTensor.h:365] NewIPCTensor: cached_sampler_r0_4 [100000]0x100000316000 781.2 kB
W20240124 10:33:49.982944 36926 IPCTensor.h:365] NewIPCTensor: cached_sampler_r0_5 [100000]0x1000003db000 781.2 kB
W20240124 10:33:49.982976 36926 IPCTensor.h:365] NewIPCTensor: cached_sampler_r0_6 [100000]0x1000004a0000 781.2 kB
W20240124 10:33:49.983006 36926 IPCTensor.h:365] NewIPCTensor: cached_sampler_r0_7 [100000]0x100000565000 781.2 kB
W20240124 10:33:49.983042 36926 IPCTensor.h:365] NewIPCTensor: cached_sampler_r0_8 [100000]0x10000062a000 781.2 kB
W20240124 10:33:49.983071 36926 IPCTensor.h:365] NewIPCTensor: cached_sampler_r0_9 [100000]0x1000006ef000 781.2 kB
W20240124 10:33:49.983109 36926 IPCTensor.h:365] NewIPCTensor: step_r0 [10]0x1000007b4000 80 B 
W20240124 10:33:49.983134 36926 IPCTensor.h:365] NewIPCTensor: circle_buffer_end_r0 [1]0x1000007b6000 8 B 
W20240124 10:33:49.983160 36926 IPCTensor.h:365] NewIPCTensor: circle_buffer_end_cppseen_r0 [1]0x1000007b8000 8 B 
W20240124 10:33:49.983281 36926 IPCTensor.h:365] NewIPCTensor: cached_sampler_r1_0 [100000]0x1000007ba000 781.2 kB
W20240124 10:33:49.983319 36926 IPCTensor.h:365] NewIPCTensor: cached_sampler_r1_1 [100000]0x10000087f000 781.2 kB
W20240124 10:33:49.983343 36926 IPCTensor.h:365] NewIPCTensor: cached_sampler_r1_2 [100000]0x100000944000 781.2 kB
W20240124 10:33:49.983373 36926 IPCTensor.h:365] NewIPCTensor: cached_sampler_r1_3 [100000]0x100000a09000 781.2 kB
W20240124 10:33:49.983418 36926 IPCTensor.h:365] NewIPCTensor: cached_sampler_r1_4 [100000]0x100000ace000 781.2 kB
W20240124 10:33:49.983453 36926 IPCTensor.h:365] NewIPCTensor: cached_sampler_r1_5 [100000]0x100000b93000 781.2 kB
W20240124 10:33:49.983486 36926 IPCTensor.h:365] NewIPCTensor: cached_sampler_r1_6 [100000]0x100000c58000 781.2 kB
W20240124 10:33:49.983520 36926 IPCTensor.h:365] NewIPCTensor: cached_sampler_r1_7 [100000]0x100000d1d000 781.2 kB
W20240124 10:33:49.983556 36926 IPCTensor.h:365] NewIPCTensor: cached_sampler_r1_8 [100000]0x100000de2000 781.2 kB
W20240124 10:33:49.983578 36926 IPCTensor.h:365] NewIPCTensor: cached_sampler_r1_9 [100000]0x100000ea7000 781.2 kB
W20240124 10:33:49.983603 36926 IPCTensor.h:365] NewIPCTensor: step_r1 [10]0x100000f6c000 80 B 
W20240124 10:33:49.983625 36926 IPCTensor.h:365] NewIPCTensor: circle_buffer_end_r1 [1]0x100000f6e000 8 B 
W20240124 10:33:49.983645 36926 IPCTensor.h:365] NewIPCTensor: circle_buffer_end_cppseen_r1 [1]0x100000f70000 8 B 
W20240124 10:33:49.983700 36926 IPCTensor.h:365] NewIPCTensor: cached_sampler_r2_0 [100000]0x100000f72000 781.2 kB
W20240124 10:33:49.983739 36926 IPCTensor.h:365] NewIPCTensor: cached_sampler_r2_1 [100000]0x100001037000 781.2 kB
W20240124 10:33:49.983765 36926 IPCTensor.h:365] NewIPCTensor: cached_sampler_r2_2 [100000]0x1000010fc000 781.2 kB
W20240124 10:33:49.983791 36926 IPCTensor.h:365] NewIPCTensor: cached_sampler_r2_3 [100000]0x1000011c1000 781.2 kB
W20240124 10:33:49.983814 36926 IPCTensor.h:365] NewIPCTensor: cached_sampler_r2_4 [100000]0x100001286000 781.2 kB
W20240124 10:33:49.983836 36926 IPCTensor.h:365] NewIPCTensor: cached_sampler_r2_5 [100000]0x10000134b000 781.2 kB
W20240124 10:33:49.983862 36926 IPCTensor.h:365] NewIPCTensor: cached_sampler_r2_6 [100000]0x100001410000 781.2 kB
W20240124 10:33:49.983891 36926 IPCTensor.h:365] NewIPCTensor: cached_sampler_r2_7 [100000]0x1000014d5000 781.2 kB
W20240124 10:33:49.983922 36926 IPCTensor.h:365] NewIPCTensor: cached_sampler_r2_8 [100000]0x10000159a000 781.2 kB
W20240124 10:33:49.983944 36926 IPCTensor.h:365] NewIPCTensor: cached_sampler_r2_9 [100000]0x10000165f000 781.2 kB
W20240124 10:33:49.983968 36926 IPCTensor.h:365] NewIPCTensor: step_r2 [10]0x100001724000 80 B 
W20240124 10:33:49.983989 36926 IPCTensor.h:365] NewIPCTensor: circle_buffer_end_r2 [1]0x100001726000 8 B 
W20240124 10:33:49.984016 36926 IPCTensor.h:365] NewIPCTensor: circle_buffer_end_cppseen_r2 [1]0x100001728000 8 B 
W20240124 10:33:49.984066 36926 IPCTensor.h:365] NewIPCTensor: cached_sampler_r3_0 [100000]0x10000172a000 781.2 kB
W20240124 10:33:49.984102 36926 IPCTensor.h:365] NewIPCTensor: cached_sampler_r3_1 [100000]0x1000017ef000 781.2 kB
W20240124 10:33:49.984127 36926 IPCTensor.h:365] NewIPCTensor: cached_sampler_r3_2 [100000]0x1000018b4000 781.2 kB
W20240124 10:33:49.984151 36926 IPCTensor.h:365] NewIPCTensor: cached_sampler_r3_3 [100000]0x100001979000 781.2 kB
W20240124 10:33:49.984179 36926 IPCTensor.h:365] NewIPCTensor: cached_sampler_r3_4 [100000]0x100001a3e000 781.2 kB
W20240124 10:33:49.984207 36926 IPCTensor.h:365] NewIPCTensor: cached_sampler_r3_5 [100000]0x100001b03000 781.2 kB
W20240124 10:33:49.984236 36926 IPCTensor.h:365] NewIPCTensor: cached_sampler_r3_6 [100000]0x100001bc8000 781.2 kB
W20240124 10:33:49.984272 36926 IPCTensor.h:365] NewIPCTensor: cached_sampler_r3_7 [100000]0x100001c8d000 781.2 kB
W20240124 10:33:49.984309 36926 IPCTensor.h:365] NewIPCTensor: cached_sampler_r3_8 [100000]0x100001d52000 781.2 kB
W20240124 10:33:49.984340 36926 IPCTensor.h:365] NewIPCTensor: cached_sampler_r3_9 [100000]0x100001e17000 781.2 kB
W20240124 10:33:49.984369 36926 IPCTensor.h:365] NewIPCTensor: step_r3 [10]0x100001edc000 80 B 
W20240124 10:33:49.984395 36926 IPCTensor.h:365] NewIPCTensor: circle_buffer_end_r3 [1]0x100001ede000 8 B 
W20240124 10:33:49.984414 36926 IPCTensor.h:365] NewIPCTensor: circle_buffer_end_cppseen_r3 [1]0x100001ee0000 8 B 
W20240124 10:33:49.984464 36926 IPCTensor.h:365] NewIPCTensor: cached_sampler_r4_0 [100000]0x100001ee2000 781.2 kB
W20240124 10:33:49.984496 36926 IPCTensor.h:365] NewIPCTensor: cached_sampler_r4_1 [100000]0x100001fa7000 781.2 kB
W20240124 10:33:49.984527 36926 IPCTensor.h:365] NewIPCTensor: cached_sampler_r4_2 [100000]0x10000206c000 781.2 kB
W20240124 10:33:49.984550 36926 IPCTensor.h:365] NewIPCTensor: cached_sampler_r4_3 [100000]0x100002131000 781.2 kB
W20240124 10:33:49.984576 36926 IPCTensor.h:365] NewIPCTensor: cached_sampler_r4_4 [100000]0x1000021f6000 781.2 kB
W20240124 10:33:49.984602 36926 IPCTensor.h:365] NewIPCTensor: cached_sampler_r4_5 [100000]0x1000022bb000 781.2 kB
W20240124 10:33:49.984633 36926 IPCTensor.h:365] NewIPCTensor: cached_sampler_r4_6 [100000]0x100002380000 781.2 kB
W20240124 10:33:49.984663 36926 IPCTensor.h:365] NewIPCTensor: cached_sampler_r4_7 [100000]0x100002445000 781.2 kB
W20240124 10:33:49.984688 36926 IPCTensor.h:365] NewIPCTensor: cached_sampler_r4_8 [100000]0x10000250a000 781.2 kB
W20240124 10:33:49.984711 36926 IPCTensor.h:365] NewIPCTensor: cached_sampler_r4_9 [100000]0x1000025cf000 781.2 kB
W20240124 10:33:49.984743 36926 IPCTensor.h:365] NewIPCTensor: step_r4 [10]0x100002694000 80 B 
W20240124 10:33:49.984762 36926 IPCTensor.h:365] NewIPCTensor: circle_buffer_end_r4 [1]0x100002696000 8 B 
W20240124 10:33:49.984791 36926 IPCTensor.h:365] NewIPCTensor: circle_buffer_end_cppseen_r4 [1]0x100002698000 8 B 
W20240124 10:33:49.984869 36926 IPCTensor.h:365] NewIPCTensor: cached_sampler_r5_0 [100000]0x10000269a000 781.2 kB
W20240124 10:33:49.984922 36926 IPCTensor.h:365] NewIPCTensor: cached_sampler_r5_1 [100000]0x10000275f000 781.2 kB
W20240124 10:33:49.984948 36926 IPCTensor.h:365] NewIPCTensor: cached_sampler_r5_2 [100000]0x100002824000 781.2 kB
W20240124 10:33:49.984987 36926 IPCTensor.h:365] NewIPCTensor: cached_sampler_r5_3 [100000]0x1000028e9000 781.2 kB
W20240124 10:33:49.985015 36926 IPCTensor.h:365] NewIPCTensor: cached_sampler_r5_4 [100000]0x1000029ae000 781.2 kB
W20240124 10:33:49.985045 36926 IPCTensor.h:365] NewIPCTensor: cached_sampler_r5_5 [100000]0x100002a73000 781.2 kB
W20240124 10:33:49.985071 36926 IPCTensor.h:365] NewIPCTensor: cached_sampler_r5_6 [100000]0x100002b38000 781.2 kB
W20240124 10:33:49.985105 36926 IPCTensor.h:365] NewIPCTensor: cached_sampler_r5_7 [100000]0x100002bfd000 781.2 kB
W20240124 10:33:49.985139 36926 IPCTensor.h:365] NewIPCTensor: cached_sampler_r5_8 [100000]0x100002cc2000 781.2 kB
W20240124 10:33:49.985162 36926 IPCTensor.h:365] NewIPCTensor: cached_sampler_r5_9 [100000]0x100002d87000 781.2 kB
W20240124 10:33:49.985185 36926 IPCTensor.h:365] NewIPCTensor: step_r5 [10]0x100002e4c000 80 B 
W20240124 10:33:49.985209 36926 IPCTensor.h:365] NewIPCTensor: circle_buffer_end_r5 [1]0x100002e4e000 8 B 
W20240124 10:33:49.985234 36926 IPCTensor.h:365] NewIPCTensor: circle_buffer_end_cppseen_r5 [1]0x100002e50000 8 B 
W20240124 10:33:49.985368 36926 IPCTensor.h:365] NewIPCTensor: cached_sampler_r6_0 [100000]0x100002e52000 781.2 kB
W20240124 10:33:49.985401 36926 IPCTensor.h:365] NewIPCTensor: cached_sampler_r6_1 [100000]0x100002f17000 781.2 kB
W20240124 10:33:49.985442 36926 IPCTensor.h:365] NewIPCTensor: cached_sampler_r6_2 [100000]0x100002fdc000 781.2 kB
W20240124 10:33:49.985471 36926 IPCTensor.h:365] NewIPCTensor: cached_sampler_r6_3 [100000]0x1000030a1000 781.2 kB
W20240124 10:33:49.985535 36926 IPCTensor.h:365] NewIPCTensor: cached_sampler_r6_4 [100000]0x100003166000 781.2 kB
W20240124 10:33:49.985610 36926 IPCTensor.h:365] NewIPCTensor: cached_sampler_r6_5 [100000]0x10000322b000 781.2 kB
W20240124 10:33:49.985677 36926 IPCTensor.h:365] NewIPCTensor: cached_sampler_r6_6 [100000]0x1000032f0000 781.2 kB
W20240124 10:33:49.985709 36926 IPCTensor.h:365] NewIPCTensor: cached_sampler_r6_7 [100000]0x1000033b5000 781.2 kB
W20240124 10:33:49.985749 36926 IPCTensor.h:365] NewIPCTensor: cached_sampler_r6_8 [100000]0x10000347a000 781.2 kB
W20240124 10:33:49.985774 36926 IPCTensor.h:365] NewIPCTensor: cached_sampler_r6_9 [100000]0x10000353f000 781.2 kB
W20240124 10:33:49.985814 36926 IPCTensor.h:365] NewIPCTensor: step_r6 [10]0x100003604000 80 B 
W20240124 10:33:49.985844 36926 IPCTensor.h:365] NewIPCTensor: circle_buffer_end_r6 [1]0x100003606000 8 B 
W20240124 10:33:49.985865 36926 IPCTensor.h:365] NewIPCTensor: circle_buffer_end_cppseen_r6 [1]0x100003608000 8 B 
W20240124 10:33:49.985924 36926 IPCTensor.h:365] NewIPCTensor: cached_sampler_r7_0 [100000]0x10000360a000 781.2 kB
W20240124 10:33:49.985966 36926 IPCTensor.h:365] NewIPCTensor: cached_sampler_r7_1 [100000]0x1000036cf000 781.2 kB
W20240124 10:33:49.985998 36926 IPCTensor.h:365] NewIPCTensor: cached_sampler_r7_2 [100000]0x100003794000 781.2 kB
W20240124 10:33:49.986024 36926 IPCTensor.h:365] NewIPCTensor: cached_sampler_r7_3 [100000]0x100003859000 781.2 kB
W20240124 10:33:49.986048 36926 IPCTensor.h:365] NewIPCTensor: cached_sampler_r7_4 [100000]0x10000391e000 781.2 kB
W20240124 10:33:49.986076 36926 IPCTensor.h:365] NewIPCTensor: cached_sampler_r7_5 [100000]0x1000039e3000 781.2 kB
W20240124 10:33:49.986106 36926 IPCTensor.h:365] NewIPCTensor: cached_sampler_r7_6 [100000]0x100003aa8000 781.2 kB
W20240124 10:33:49.986129 36926 IPCTensor.h:365] NewIPCTensor: cached_sampler_r7_7 [100000]0x100003b6d000 781.2 kB
W20240124 10:33:49.986164 36926 IPCTensor.h:365] NewIPCTensor: cached_sampler_r7_8 [100000]0x100003c32000 781.2 kB
W20240124 10:33:49.986192 36926 IPCTensor.h:365] NewIPCTensor: cached_sampler_r7_9 [100000]0x100003cf7000 781.2 kB
W20240124 10:33:49.986223 36926 IPCTensor.h:365] NewIPCTensor: step_r7 [10]0x100003dbc000 80 B 
W20240124 10:33:49.986243 36926 IPCTensor.h:365] NewIPCTensor: circle_buffer_end_r7 [1]0x100003dbe000 8 B 
W20240124 10:33:49.986263 36926 IPCTensor.h:365] NewIPCTensor: circle_buffer_end_cppseen_r7 [1]0x100003dc0000 8 B 
W20240124 10:33:50.201154 36926 IPCTensor.h:365] NewIPCTensor: full_emb [14951, 400]0x100003dc2000 22.81 MB
W20240124 10:33:50.201325 36926 IPCTensor.h:365] NewIPCTensor: full_emb_SparseRowWiseAdaGrad_sum [14951]0x100005494000 58.4 kB
{0: Graph(num_nodes=8499, num_edges=86694,
      ndata_schemes={'_ID': Scheme(shape=(), dtype=torch.int64), 'inner_node': Scheme(shape=(), dtype=torch.int32), 'part_id': Scheme(shape=(), dtype=torch.int64)}
      edata_schemes={'_ID': Scheme(shape=(), dtype=torch.int64), 'inner_edge': Scheme(shape=(), dtype=torch.int8)}), 1: Graph(num_nodes=6140, num_edges=88951,
      ndata_schemes={'_ID': Scheme(shape=(), dtype=torch.int64), 'inner_node': Scheme(shape=(), dtype=torch.int32), 'part_id': Scheme(shape=(), dtype=torch.int64)}
      edata_schemes={'_ID': Scheme(shape=(), dtype=torch.int64), 'inner_edge': Scheme(shape=(), dtype=torch.int8)}), 2: Graph(num_nodes=8646, num_edges=109741,
      ndata_schemes={'_ID': Scheme(shape=(), dtype=torch.int64), 'inner_node': Scheme(shape=(), dtype=torch.int32), 'part_id': Scheme(shape=(), dtype=torch.int64)}
      edata_schemes={'_ID': Scheme(shape=(), dtype=torch.int64), 'inner_edge': Scheme(shape=(), dtype=torch.int8)}), 3: Graph(num_nodes=8503, num_edges=86907,
      ndata_schemes={'_ID': Scheme(shape=(), dtype=torch.int64), 'inner_node': Scheme(shape=(), dtype=torch.int32), 'part_id': Scheme(shape=(), dtype=torch.int64)}
      edata_schemes={'_ID': Scheme(shape=(), dtype=torch.int64), 'inner_edge': Scheme(shape=(), dtype=torch.int8)}), 4: Graph(num_nodes=10597, num_edges=122217,
      ndata_schemes={'_ID': Scheme(shape=(), dtype=torch.int64), 'inner_node': Scheme(shape=(), dtype=torch.int32), 'part_id': Scheme(shape=(), dtype=torch.int64)}
      edata_schemes={'_ID': Scheme(shape=(), dtype=torch.int64), 'inner_edge': Scheme(shape=(), dtype=torch.int8)}), 5: Graph(num_nodes=8255, num_edges=102550,
      ndata_schemes={'_ID': Scheme(shape=(), dtype=torch.int64), 'inner_node': Scheme(shape=(), dtype=torch.int32), 'part_id': Scheme(shape=(), dtype=torch.int64)}
      edata_schemes={'_ID': Scheme(shape=(), dtype=torch.int64), 'inner_edge': Scheme(shape=(), dtype=torch.int8)}), 6: Graph(num_nodes=7422, num_edges=104094,
      ndata_schemes={'_ID': Scheme(shape=(), dtype=torch.int64), 'inner_node': Scheme(shape=(), dtype=torch.int32), 'part_id': Scheme(shape=(), dtype=torch.int64)}
      edata_schemes={'_ID': Scheme(shape=(), dtype=torch.int64), 'inner_edge': Scheme(shape=(), dtype=torch.int8)}), 7: Graph(num_nodes=7815, num_edges=137832,
      ndata_schemes={'_ID': Scheme(shape=(), dtype=torch.int64), 'inner_node': Scheme(shape=(), dtype=torch.int32), 'part_id': Scheme(shape=(), dtype=torch.int64)}
      edata_schemes={'_ID': Scheme(shape=(), dtype=torch.int64), 'inner_edge': Scheme(shape=(), dtype=torch.int8)})}
MertisPartition: part 0 has 8499 N 86694 E
MertisPartition: part 1 has 6140 N 88951 E
MertisPartition: part 2 has 8646 N 109741 E
MertisPartition: part 3 has 8503 N 86907 E
MertisPartition: part 4 has 10597 N 122217 E
MertisPartition: part 5 has 8255 N 102550 E
MertisPartition: part 6 has 7422 N 104094 E
MertisPartition: part 7 has 7815 N 137832 E
Rank0: cached key size 186
Rank1: cached key size 186
Rank2: cached key size 186
Rank3: cached key size 186
Rank4: cached key size 186
Rank5: cached key size 186
Rank6: cached key size 186
Rank7: cached key size 186
Before renumbering graph:  {'_ID': tensor([    0,    15,    36,  ..., 11946,  9147, 13282]), 'inner_node': tensor([1, 1, 1,  ..., 0, 0, 0], dtype=torch.int32), 'part_id': tensor([0, 0, 0,  ..., 6, 3, 7])}
After renumbering graph:  {'_ID': tensor([ 1504,  1911,  2433,  ...,  9693, 10791,  7707]), 'inner_node': tensor([1, 1, 1,  ..., 0, 0, 0], dtype=torch.int32), 'part_id': tensor([0, 0, 0,  ..., 6, 3, 7])}
part_g: DGLGraph(num_nodes=8499, num_edges=86694,
         ndata_schemes={'_ID': Scheme(shape=(), dtype=torch.int64)}
         edata_schemes={'tid': Scheme(shape=(), dtype=torch.int64)})
part_g: DGLGraph(num_nodes=8499, num_edges=86694,
         ndata_schemes={'_ID': Scheme(shape=(), dtype=torch.int64)}
         edata_schemes={'tid': Scheme(shape=(), dtype=torch.int64)})
Total initialize time 5.164 seconds
[Rank1] pid = 37973
[Rank2] pid = 38029
[Rank3] pid = 38102
[Rank4] pid = 38166
[Rank5] pid = 38167
[Rank6] pid = 38307
INFO [36926 distributed_c10d.py:442] Added key: store_based_barrier_key:1 to store for rank: 0
INFO [37973 distributed_c10d.py:442] Added key: store_based_barrier_key:1 to store for rank: 1
INFO [38029 distributed_c10d.py:442] Added key: store_based_barrier_key:1 to store for rank: 2
INFO [38102 distributed_c10d.py:442] Added key: store_based_barrier_key:1 to store for rank: 3
INFO [38166 distributed_c10d.py:442] Added key: store_based_barrier_key:1 to store for rank: 4
INFO [38307 distributed_c10d.py:442] Added key: store_based_barrier_key:1 to store for rank: 6
INFO [38167 distributed_c10d.py:442] Added key: store_based_barrier_key:1 to store for rank: 5
INFO [38309 distributed_c10d.py:442] Added key: store_based_barrier_key:1 to store for rank: 7
INFO [38307 distributed_c10d.py:476] Rank 6: Completed store-based barrier for key:store_based_barrier_key:1 with 8 nodes.
INFO [38167 distributed_c10d.py:476] Rank 5: Completed store-based barrier for key:store_based_barrier_key:1 with 8 nodes.
INFO [38309 distributed_c10d.py:476] Rank 7: Completed store-based barrier for key:store_based_barrier_key:1 with 8 nodes.
W20240124 10:33:53.827412 38308 IPCTensor.h:405] NewIPCGPUTensor: embedding_cache_6 [1495, 400]; dev=6; size=2.281 MB
W20240124 10:33:53.827659 38169 IPCTensor.h:405] NewIPCGPUTensor: embedding_cache_5 [1495, 400]; dev=5; size=2.281 MB
W20240124 10:33:53.827659 38373 IPCTensor.h:405] NewIPCGPUTensor: embedding_cache_7 [1495, 400]; dev=7; size=2.281 MB
INFO [36926 distributed_c10d.py:476] Rank 0: Completed store-based barrier for key:store_based_barrier_key:1 with 8 nodes.
INFO [37973 distributed_c10d.py:476] Rank 1: Completed store-based barrier for key:store_based_barrier_key:1 with 8 nodes.
INFO [38102 distributed_c10d.py:476] Rank 3: Completed store-based barrier for key:store_based_barrier_key:1 with 8 nodes.
INFO [38029 distributed_c10d.py:476] Rank 2: Completed store-based barrier for key:store_based_barrier_key:1 with 8 nodes.
INFO [38166 distributed_c10d.py:476] Rank 4: Completed store-based barrier for key:store_based_barrier_key:1 with 8 nodes.
W20240124 10:33:53.830865 38310 IPCTensor.h:405] NewIPCGPUTensor: embedding_cache_0 [1495, 400]; dev=0; size=2.281 MB
W20240124 10:33:53.832063 37974 IPCTensor.h:405] NewIPCGPUTensor: embedding_cache_1 [1495, 400]; dev=1; size=2.281 MB
W20240124 10:33:53.832177 38103 IPCTensor.h:405] NewIPCGPUTensor: embedding_cache_3 [1495, 400]; dev=3; size=2.281 MB
W20240124 10:33:53.832216 38039 IPCTensor.h:405] NewIPCGPUTensor: embedding_cache_2 [1495, 400]; dev=2; size=2.281 MB
W20240124 10:33:53.832237 38168 IPCTensor.h:405] NewIPCGPUTensor: embedding_cache_4 [1495, 400]; dev=4; size=2.281 MB
W20240124 10:33:53.864712 38373 IPCTensor.h:365] NewIPCTensor: input_keys_7 [100000]0x1000054a8000 781.2 kB
W20240124 10:33:53.864820 38308 IPCTensor.h:365] NewIPCTensor: input_keys_6 [100000]0x10000556d000 781.2 kB
W20240124 10:33:53.864945 38373 IPCTensor.h:365] NewIPCTensor: input_keys_neg_7 [100000]0x100005634000 781.2 kB
W20240124 10:33:53.865007 38373 IPCTensor.h:365] NewIPCTensor: backward_grads_7 [100000, 400]0x1000056fb000 152.6 MB
W20240124 10:33:53.865022 38308 IPCTensor.h:365] NewIPCTensor: input_keys_neg_6 [100000]0x10000ef93000 781.2 kB
W20240124 10:33:53.865048 38373 IPCTensor.h:365] NewIPCTensor: backward_grads_neg_7 [100000, 400]0x10000f058000 152.6 MB
W20240124 10:33:53.865083 38373 IPCTensor.h:405] NewIPCGPUTensor: backward_grads_7_gpu [100000, 400]; dev=7; size=152.6 MB
W20240124 10:33:53.865123 38308 IPCTensor.h:365] NewIPCTensor: backward_grads_6 [100000, 400]0x1000189b9000 152.6 MB
W20240124 10:33:53.865100 38169 IPCTensor.h:365] NewIPCTensor: input_keys_5 [100000]0x1000188f2000 781.2 kB
W20240124 10:33:53.865170 38308 IPCTensor.h:365] NewIPCTensor: backward_grads_neg_6 [100000, 400]0x100022255000 152.6 MB
W20240124 10:33:53.865207 38308 IPCTensor.h:405] NewIPCGPUTensor: backward_grads_6_gpu [100000, 400]; dev=6; size=152.6 MB
W20240124 10:33:53.865191 38168 IPCTensor.h:365] NewIPCTensor: input_keys_4 [100000]0x10002baed000 781.2 kB
W20240124 10:33:53.865280 38169 IPCTensor.h:365] NewIPCTensor: input_keys_neg_5 [100000]0x10002bbb2000 781.2 kB
W20240124 10:33:53.865298 38310 IPCTensor.h:365] NewIPCTensor: input_keys_0 [100000]0x10002bc77000 781.2 kB
W20240124 10:33:53.865324 38103 IPCTensor.h:365] NewIPCTensor: input_keys_3 [100000]0x10002bd3c000 781.2 kB
W20240124 10:33:53.865365 38169 IPCTensor.h:365] NewIPCTensor: backward_grads_5 [100000, 400]0x10002be01000 152.6 MB
W20240124 10:33:53.865396 38168 IPCTensor.h:365] NewIPCTensor: input_keys_neg_4 [100000]0x100035823000 781.2 kB
W20240124 10:33:53.865376 37974 IPCTensor.h:365] NewIPCTensor: input_keys_1 [100000]0x100035699000 781.2 kB
W20240124 10:33:53.865394 38039 IPCTensor.h:365] NewIPCTensor: input_keys_2 [100000]0x10003575e000 781.2 kB
W20240124 10:33:53.865423 38169 IPCTensor.h:365] NewIPCTensor: backward_grads_neg_5 [100000, 400]0x1000358e8000 152.6 MB
W20240124 10:33:53.865440 38310 IPCTensor.h:365] NewIPCTensor: input_keys_neg_0 [100000]0x10003f180000 781.2 kB
W20240124 10:33:53.865469 38169 IPCTensor.h:405] NewIPCGPUTensor: backward_grads_5_gpu [100000, 400]; dev=5; size=152.6 MB
W20240124 10:33:53.865487 38168 IPCTensor.h:365] NewIPCTensor: backward_grads_4 [100000, 400]0x10003f245000 152.6 MB
W20240124 10:33:53.865504 38310 IPCTensor.h:365] NewIPCTensor: backward_grads_0 [100000, 400]0x100048add000 152.6 MB
W20240124 10:33:53.865545 38168 IPCTensor.h:365] NewIPCTensor: backward_grads_neg_4 [100000, 400]0x100052375000 152.6 MB
W20240124 10:33:53.865551 38103 IPCTensor.h:365] NewIPCTensor: input_keys_neg_3 [100000]0x10005bc0d000 781.2 kB
W20240124 10:33:53.865557 38310 IPCTensor.h:365] NewIPCTensor: backward_grads_neg_0 [100000, 400]0x10005bcd2000 152.6 MB
W20240124 10:33:53.865593 38168 IPCTensor.h:405] NewIPCGPUTensor: backward_grads_4_gpu [100000, 400]; dev=4; size=152.6 MB
W20240124 10:33:53.865604 37974 IPCTensor.h:365] NewIPCTensor: input_keys_neg_1 [100000]0x10006556a000 781.2 kB
W20240124 10:33:53.865609 38310 IPCTensor.h:405] NewIPCGPUTensor: backward_grads_0_gpu [100000, 400]; dev=0; size=152.6 MB
W20240124 10:33:53.865610 38039 IPCTensor.h:365] NewIPCTensor: input_keys_neg_2 [100000]0x10006562f000 781.2 kB
W20240124 10:33:53.865654 38103 IPCTensor.h:365] NewIPCTensor: backward_grads_3 [100000, 400]0x1000656f4000 152.6 MB
W20240124 10:33:53.865695 37974 IPCTensor.h:365] NewIPCTensor: backward_grads_1 [100000, 400]0x10006ef8c000 152.6 MB
W20240124 10:33:53.865726 38039 IPCTensor.h:365] NewIPCTensor: backward_grads_2 [100000, 400]0x100078824000 152.6 MB
W20240124 10:33:53.865743 38103 IPCTensor.h:365] NewIPCTensor: backward_grads_neg_3 [100000, 400]0x1000820bc000 152.6 MB
W20240124 10:33:53.865759 37974 IPCTensor.h:365] NewIPCTensor: backward_grads_neg_1 [100000, 400]0x10008b954000 152.6 MB
W20240124 10:33:53.865789 38039 IPCTensor.h:365] NewIPCTensor: backward_grads_neg_2 [100000, 400]0x1000951ec000 152.6 MB
W20240124 10:33:53.865803 38103 IPCTensor.h:405] NewIPCGPUTensor: backward_grads_3_gpu [100000, 400]; dev=3; size=152.6 MB
W20240124 10:33:53.865816 37974 IPCTensor.h:405] NewIPCGPUTensor: backward_grads_1_gpu [100000, 400]; dev=1; size=152.6 MB
W20240124 10:33:53.865829 38039 IPCTensor.h:405] NewIPCGPUTensor: backward_grads_2_gpu [100000, 400]; dev=2; size=152.6 MB
W20240124 10:33:53.868775 38373 IPCTensor.h:405] NewIPCGPUTensor: backward_grads_neg_7_gpu [100000, 400]; dev=7; size=152.6 MB
W20240124 10:33:53.868940 38308 IPCTensor.h:405] NewIPCGPUTensor: backward_grads_neg_6_gpu [100000, 400]; dev=6; size=152.6 MB
W20240124 10:33:53.869037 38103 IPCTensor.h:405] NewIPCGPUTensor: backward_grads_neg_3_gpu [100000, 400]; dev=3; size=152.6 MB
W20240124 10:33:53.869053 38310 IPCTensor.h:405] NewIPCGPUTensor: backward_grads_neg_0_gpu [100000, 400]; dev=0; size=152.6 MB
W20240124 10:33:53.869066 38169 IPCTensor.h:405] NewIPCGPUTensor: backward_grads_neg_5_gpu [100000, 400]; dev=5; size=152.6 MB
W20240124 10:33:53.869079 37974 IPCTensor.h:405] NewIPCGPUTensor: backward_grads_neg_1_gpu [100000, 400]; dev=1; size=152.6 MB
W20240124 10:33:53.869086 38168 IPCTensor.h:405] NewIPCGPUTensor: backward_grads_neg_4_gpu [100000, 400]; dev=4; size=152.6 MB
W20240124 10:33:53.869271 38039 IPCTensor.h:405] NewIPCGPUTensor: backward_grads_neg_2_gpu [100000, 400]; dev=2; size=152.6 MB
cudaHostRegister 0x100003dc2000
7: KnownLocalCachedEmbedding init done
WARNING [38309 DistTensor.py:56] The tensor name already exists in the kvstore
cudaHostRegister 0x100003dc2000
6: KnownLocalCachedEmbedding init done
cudaHostRegister 0x100003dc2000
4: KnownLocalCachedEmbedding init done
cudaHostRegister 0x100003dc2000
5: KnownLocalCachedEmbedding init done
WARNING [38307 DistTensor.py:56] The tensor name already exists in the kvstore
WARNING [38166 DistTensor.py:56] The tensor name already exists in the kvstore
WARNING [38167 DistTensor.py:56] The tensor name already exists in the kvstore
cudaHostRegister 0x100003dc2000
2: KnownLocalCachedEmbedding init done
cudaHostRegister 0x100003dc2000
3: KnownLocalCachedEmbedding init done
cudaHostRegister 0x100003dc2000
1: KnownLocalCachedEmbedding init done
WARNING [38029 DistTensor.py:56] The tensor name already exists in the kvstore
[Rank7] pid = 38309
New CachedEmbedding, name=full_emb, shape=(14951, 400), cache_type=KnownLocalCachedEmbedding
fixed cache_range is [(0, 1495), (1495, 2990), (2990, 4485), (4485, 5980), (5980, 7475), (7475, 8970), (8970, 10465), (10465, 11960)]
cudaHostRegister 0x100003dc2000
0: KnownLocalCachedEmbedding init done
WARNING [38102 DistTensor.py:56] The tensor name already exists in the kvstore
WARNING [37973 DistTensor.py:56] The tensor name already exists in the kvstore
WARNING [36926 DistTensor.py:56] The tensor name already exists in the kvstore
I20240124 10:33:54.055169 38310 IPC_barrier.h:118] CreateBarrier: new barrier, name: kgcachecontroller, count: 8
I20240124 10:33:54.055204 38169 IPC_barrier.h:112] CreateBarrier: find existing barrier, name: kgcachecontroller, count: 8
I20240124 10:33:54.055229 38168 IPC_barrier.h:112] CreateBarrier: find existing barrier, name: kgcachecontroller, count: 8
I20240124 10:33:54.055249 37974 IPC_barrier.h:112] CreateBarrier: find existing barrier, name: kgcachecontroller, count: 8
I20240124 10:33:54.055270 38103 IPC_barrier.h:112] CreateBarrier: find existing barrier, name: kgcachecontroller, count: 8
I20240124 10:33:54.055301 38039 IPC_barrier.h:112] CreateBarrier: find existing barrier, name: kgcachecontroller, count: 8
I20240124 10:33:54.055322 38373 IPC_barrier.h:112] CreateBarrier: find existing barrier, name: kgcachecontroller, count: 8
I20240124 10:33:54.055347 38308 IPC_barrier.h:112] CreateBarrier: find existing barrier, name: kgcachecontroller, count: 8
W20240124 10:33:54.056543 38310 grad_base.h:55] KGCacheController, config={
        "num_gpus": 8,
        "L": 10,
        "backgrad_init": "both", 
        "kForwardItersPerStep": 2,
        "clr": 1,
        "nr_background_threads": 32,
        "backwardMode": "CppAsyncV2",
        "cache_ratio": 0.1
        }
W20240124 10:33:54.056632 38310 grad_base.h:172] Init GradProcessingBase done
I20240124 10:33:54.060037 38310 grad_async_v2.h:32] Use background thread to update emb. nr_background_threads=32
W20240124 10:33:54.060124 38310 kg_controller.h:78] after init GradAsyncProcessingV2
I20240124 10:33:54.060129 38310 kg_controller.h:84] Construct KGCacheController done
I20240124 10:33:54.831125 38310 grad_base.h:60] GraphEnv RegTensorsPerProcess
W20240124 10:33:55.919205 39504 grad_async_v2.h:120] Detect new sample comes, old_end0, new_end1
E20240124 10:33:55.919739 39504 parallel_pq_v2.h:76] insert failed, size(hashtable)=1
I20240124 10:33:55.937531 38103 IPC_barrier.h:118] CreateBarrier: new barrier, name: start_barrier, count: 8
I20240124 10:33:55.941392 38373 IPC_barrier.h:112] CreateBarrier: find existing barrier, name: start_barrier, count: 8
I20240124 10:33:55.943795 37974 IPC_barrier.h:112] CreateBarrier: find existing barrier, name: start_barrier, count: 8
I20240124 10:33:55.947625 38039 IPC_barrier.h:112] CreateBarrier: find existing barrier, name: start_barrier, count: 8
I20240124 10:33:55.947854 38308 IPC_barrier.h:112] CreateBarrier: find existing barrier, name: start_barrier, count: 8
I20240124 10:33:55.948145 38168 IPC_barrier.h:112] CreateBarrier: find existing barrier, name: start_barrier, count: 8
I20240124 10:33:55.949204 38169 IPC_barrier.h:112] CreateBarrier: find existing barrier, name: start_barrier, count: 8
I20240124 10:33:55.951644 38310 IPC_barrier.h:112] CreateBarrier: find existing barrier, name: start_barrier, count: 8
E20240124 10:33:58.411604 38310 parallel_pq_v2.h:76] insert failed, size(hashtable)=1
W20240124 10:33:58.432571 39504 grad_async_v2.h:120] Detect new sample comes, old_end1, new_end2
W20240124 10:33:58.570685 38310 grad_async_v2.h:249] Sleep in <BlockToStepN>, step_no=4, pq.top=0
+---------------------------+---------------------------+---------------------------+
| Name                      | P50                       | P99                       |
+---------------------------+---------------------------+---------------------------+
| GenInput                  | 1.122 ms                  | 10.957 ms                 |
| Forward                   | 3.881 ms                  | 789.500 ms                |
| Backward                  | 3.576 ms                  | 252.474 ms                |
| Optimize                  | 1.024 ms                  | 2.056 ms                  |
| BarrierTimeBeforeRank0    | 1.620 ms                  | 118.816 ms                |
| AfterBackward             | 26.245 ms                 | 1.312 s                   |
| BlockToStepN              | 102.178 us                | 2.546 ms                  |
| OneStep                   | 39.858 ms                 | 2.479 s                   |
+---------------------------+---------------------------+---------------------------+
E20240124 10:33:59.411106 38854 parallel_pq_v2.h:76] insert failed, size(hashtable)=388
W20240124 10:33:59.432145 39504 grad_async_v2.h:120] Detect new sample comes, old_end4, new_end5
W20240124 10:33:59.574676 38310 grad_async_v2.h:249] Sleep in <BlockToStepN>, step_no=27, pq.top=26
+---------------------------+---------------------------+---------------------------+
| Name                      | P50                       | P99                       |
+---------------------------+---------------------------+---------------------------+
| ProcessBack:Shuffle       | 6.995 ms                  | 430.989 ms                |
| ProcessBack:UpdateCache   | 8.733 ms                  | 855.655 ms                |
| ProcessBack:UpsertPq      | 8.805 ms                  | 15.362 ms                 |
| ProcessOneStep            | 26.836 ms                 | 1.311 s                   |
| BlockToStepN              | 181.815 us                | 17.787 ms                 |
+---------------------------+---------------------------+---------------------------+
E20240124 10:34:00.411065 39503 parallel_pq_v2.h:76] insert failed, size(hashtable)=10186
W20240124 10:34:00.434386 39504 grad_async_v2.h:120] Detect new sample comes, old_end4, new_end5
W20240124 10:34:00.574069 38310 grad_async_v2.h:249] Sleep in <BlockToStepN>, step_no=47, pq.top=46
E20240124 10:34:01.411011 39503 parallel_pq_v2.h:76] insert failed, size(hashtable)=6509
W20240124 10:34:01.446311 39504 grad_async_v2.h:120] Detect new sample comes, old_end4, new_end5
W20240124 10:34:01.585209 38310 grad_async_v2.h:249] Sleep in <BlockToStepN>, step_no=67, pq.top=66
E20240124 10:34:02.411016 39503 parallel_pq_v2.h:76] insert failed, size(hashtable)=3772
W20240124 10:34:02.462829 39504 grad_async_v2.h:120] Detect new sample comes, old_end4, new_end5
W20240124 10:34:02.629274 38310 grad_async_v2.h:249] Sleep in <BlockToStepN>, step_no=87, pq.top=86
train_sampler.Prefill()
before start barrier
start train
[proc 6] 100 steps, total: 7.294, sample: 0.240, forward: 1.145, backward: 0.688, update: 0.094
train_sampler.Prefill()
before start barrier
start train
[proc 3] 100 steps, total: 7.305, sample: 0.244, forward: 0.962, backward: 0.684, update: 0.102
train_sampler.Prefill()
before start barrier
start train
[proc 5] 100 steps, total: 7.293, sample: 0.243, forward: 1.211, backward: 0.714, update: 0.100
train_sampler.Prefill()
before start barrier
start train
[proc 7] 100 steps, total: 7.301, sample: 0.239, forward: 1.038, backward: 0.607, update: 0.094
train_sampler.Prefill()
before start barrier
start train
[proc 4] 100 steps, total: 7.294, sample: 0.237, forward: 1.107, backward: 0.650, update: 0.096
train_sampler.Prefill()
before start barrier
start train
[proc 2] 100 steps, total: 7.295, sample: 0.222, forward: 1.198, backward: 0.613, update: 0.094
train_sampler.Prefill()
before start barrier
start train
[proc 1] 100 steps, total: 7.299, sample: 0.223, forward: 1.122, backward: 0.735, update: 0.100
train_sampler.Prefill()
-------Step 0-------
tensor([   72,    83,  3127,  5225, 12892, 13139,  1830,  7485, 13253, 11037]) tensor([ 2433, 13029,  6385, 11880,   171,  1676,  1245,  4107,  1108, 14495])
-------Step 1-------
tensor([   72,    83,  3127,  5225, 12892, 13139,  1830,  7485, 13253, 11037]) tensor([ 5744, 10616,  2644,  9729, 11616, 14087, 12102,  2735, 14413,  9184])
-------Step 2-------
tensor([8304, 3725,   96, 2251, 4335,  118, 7893,   19,   94, 6374]) tensor([ 8544,  4418, 12767, 10776,   399,  6729,  9571,  2424,  5404,  6352])
-------Step 3-------
tensor([8304, 3725,   96, 2251, 4335,  118, 7893,   19,   94, 6374]) tensor([10597,  3673,  7446,  6675,  9949,  9284,  4608,  8330, 13508, 12570])
-------Step 4-------
tensor([ 5263, 12948,    67,    48,    16,   182,  1560,  8505,  9280,  8073]) tensor([12022,  6413,  3470, 10454,  5779,  1085, 13055,   839, 12319, 11866])
-------Step 5-------
tensor([ 5263, 12948,    67,    48,    16,   182,  1560,  8505,  9280,  8073]) tensor([ 8258,  7801,  1023, 14380,  9149,   843, 13949,  6450, 11468,   918])
-------Step 6-------
tensor([ 8549, 10597,  4334,  4621,   137,  9360, 13353,  5056, 11545,  1776]) tensor([ 4536,  6176,  4811,  8496,  6599,  6422, 11893, 10455,  9628, 13456])
-------Step 7-------
tensor([ 8549, 10597,  4334,  4621,   137,  9360, 13353,  5056, 11545,  1776]) tensor([ 9328, 14365,  1097,  4018, 12943,  8431, 11452,  3000, 14860,  8448])
-------Step 8-------
tensor([ 8535,  7851,  9007,  8505,    35,  4759, 12747,   182,  6029,    76]) tensor([10597,  8236, 12169,  1870,  6585,  2028,  1901,  1847,  1127,  2513])
-------Step 9-------
tensor([ 8535,  7851,  9007,  8505,    35,  4759, 12747,   182,  6029,    76]) tensor([ 6031,  6767,  4778,  7760,  3319, 14102,  9486,  1886, 10901,  4348])
before start barrier
start train
[proc 0] 100 steps, total: 7.291, sample: 0.270, forward: 1.200, backward: 0.650, update: 0.112
E20240124 10:34:03.411008 39503 parallel_pq_v2.h:76] insert failed, size(hashtable)=9543
W20240124 10:34:03.469578 39504 grad_async_v2.h:120] Detect new sample comes, old_end4, new_end5
W20240124 10:34:03.629715 38310 grad_async_v2.h:249] Sleep in <BlockToStepN>, step_no=108, pq.top=108
+---------------------------+---------------------------+---------------------------+
| Name                      | P50                       | P99                       |
+---------------------------+---------------------------+---------------------------+
| GenInput                  | 1.315 ms                  | 12.592 ms                 |
| Forward                   | 3.945 ms                  | 12.534 ms                 |
| Backward                  | 3.816 ms                  | 9.817 ms                  |
| Optimize                  | 1.101 ms                  | 2.313 ms                  |
| BarrierTimeBeforeRank0    | 1.220 ms                  | 19.691 ms                 |
| AfterBackward             | 29.873 ms                 | 41.036 ms                 |
| BlockToStepN              | 3.324 ms                  | 20.665 ms                 |
| OneStep                   | 47.762 ms                 | 76.427 ms                 |
+---------------------------+---------------------------+---------------------------+
E20240124 10:34:04.411020 39503 parallel_pq_v2.h:76] insert failed, size(hashtable)=4821
W20240124 10:34:04.472018 39504 grad_async_v2.h:120] Detect new sample comes, old_end4, new_end5
W20240124 10:34:04.656478 38310 grad_async_v2.h:249] Sleep in <BlockToStepN>, step_no=128, pq.top=127
+---------------------------+---------------------------+---------------------------+
| Name                      | P50                       | P99                       |
+---------------------------+---------------------------+---------------------------+
| ProcessBack:Shuffle       | 7.306 ms                  | 11.310 ms                 |
| ProcessBack:UpdateCache   | 9.932 ms                  | 16.217 ms                 |
| ProcessBack:UpsertPq      | 10.139 ms                 | 15.925 ms                 |
| ProcessOneStep            | 29.634 ms                 | 40.921 ms                 |
| BlockToStepN              | 4.046 ms                  | 23.753 ms                 |
+---------------------------+---------------------------+---------------------------+
E20240124 10:34:05.412009 39504 parallel_pq_v2.h:76] insert failed, size(hashtable)=1
W20240124 10:34:05.480196 39504 grad_async_v2.h:120] Detect new sample comes, old_end3, new_end4
W20240124 10:34:05.656090 38310 grad_async_v2.h:249] Sleep in <BlockToStepN>, step_no=146, pq.top=146
E20240124 10:34:06.412011 38854 parallel_pq_v2.h:76] insert failed, size(hashtable)=61
W20240124 10:34:06.500089 39504 grad_async_v2.h:120] Detect new sample comes, old_end0, new_end1
W20240124 10:34:06.691609 38310 grad_async_v2.h:249] Sleep in <BlockToStepN>, step_no=163, pq.top=163
E20240124 10:34:07.412007 38854 parallel_pq_v2.h:76] insert failed, size(hashtable)=83
W20240124 10:34:07.500274 39504 grad_async_v2.h:120] Detect new sample comes, old_end5, new_end6
W20240124 10:34:07.727782 38310 grad_async_v2.h:249] Sleep in <BlockToStepN>, step_no=179, pq.top=179
E20240124 10:34:08.412020 39503 parallel_pq_v2.h:76] insert failed, size(hashtable)=8450
W20240124 10:34:08.529368 39504 grad_async_v2.h:120] Detect new sample comes, old_end1, new_end2
W20240124 10:34:08.735013 38310 grad_async_v2.h:249] Sleep in <BlockToStepN>, step_no=195, pq.top=195
[proc 5] 200 steps, total: 5.782, sample: 0.262, forward: 0.377, backward: 0.423, update: 0.096
[proc 0] 200 steps, total: 5.782, sample: 0.278, forward: 0.410, backward: 0.420, update: 0.117
[proc 7] 200 steps, total: 5.782, sample: 0.262, forward: 0.374, backward: 0.368, update: 0.093
[proc 6] 200 steps, total: 5.782, sample: 0.268, forward: 0.385, backward: 0.366, update: 0.098
[proc 4] 200 steps, total: 5.782, sample: 0.268, forward: 0.377, backward: 0.386, update: 0.093
[proc 2] 200 steps, total: 5.782, sample: 0.244, forward: 0.371, backward: 0.419, update: 0.095
[proc 1] 200 steps, total: 5.782, sample: 0.240, forward: 0.376, backward: 0.384, update: 0.100
[proc 3] 200 steps, total: 5.782, sample: 0.278, forward: 0.387, backward: 0.418, update: 0.101
+---------------------------+---------------------------+---------------------------+
| Name                      | P50                       | P99                       |
+---------------------------+---------------------------+---------------------------+
| GenInput                  | 1.448 ms                  | 12.592 ms                 |
| Forward                   | 4.014 ms                  | 9.171 ms                  |
| Backward                  | 3.740 ms                  | 9.817 ms                  |
| Optimize                  | 1.123 ms                  | 2.313 ms                  |
| BarrierTimeBeforeRank0    | 1.157 ms                  | 17.274 ms                 |
| AfterBackward             | 30.927 ms                 | 46.352 ms                 |
| BlockToStepN              | 5.561 ms                  | 23.824 ms                 |
| OneStep                   | 51.839 ms                 | 80.874 ms                 |
+---------------------------+---------------------------+---------------------------+
E20240124 10:34:09.412009 39503 parallel_pq_v2.h:76] insert failed, size(hashtable)=5829
W20240124 10:34:09.532210 39504 grad_async_v2.h:120] Detect new sample comes, old_end9, new_end0
W20240124 10:34:09.767426 38310 grad_async_v2.h:249] Sleep in <BlockToStepN>, step_no=214, pq.top=214
+---------------------------+---------------------------+---------------------------+
| Name                      | P50                       | P99                       |
+---------------------------+---------------------------+---------------------------+
| ProcessBack:Shuffle       | 7.385 ms                  | 13.757 ms                 |
| ProcessBack:UpdateCache   | 10.766 ms                 | 16.186 ms                 |
| ProcessBack:UpsertPq      | 10.847 ms                 | 22.856 ms                 |
| ProcessOneStep            | 30.891 ms                 | 46.315 ms                 |
| BlockToStepN              | 5.763 ms                  | 23.753 ms                 |
+---------------------------+---------------------------+---------------------------+
E20240124 10:34:10.412007 38310 parallel_pq_v2.h:76] insert failed, size(hashtable)=122
W20240124 10:34:10.533115 39504 grad_async_v2.h:120] Detect new sample comes, old_end6, new_end7
W20240124 10:34:10.794874 38310 grad_async_v2.h:249] Sleep in <BlockToStepN>, step_no=231, pq.top=231
E20240124 10:34:11.412009 38854 parallel_pq_v2.h:76] insert failed, size(hashtable)=348
W20240124 10:34:11.554760 39504 grad_async_v2.h:120] Detect new sample comes, old_end4, new_end5
W20240124 10:34:11.819680 38310 grad_async_v2.h:249] Sleep in <BlockToStepN>, step_no=249, pq.top=249
E20240124 10:34:12.412026 39503 parallel_pq_v2.h:76] insert failed, size(hashtable)=4983
W20240124 10:34:12.555094 39504 grad_async_v2.h:120] Detect new sample comes, old_end2, new_end3
W20240124 10:34:12.820811 38310 grad_async_v2.h:249] Sleep in <BlockToStepN>, step_no=267, pq.top=267
E20240124 10:34:13.412011 39503 parallel_pq_v2.h:76] insert failed, size(hashtable)=8332
W20240124 10:34:13.559701 39504 grad_async_v2.h:120] Detect new sample comes, old_end0, new_end1
W20240124 10:34:13.838922 38310 grad_async_v2.h:249] Sleep in <BlockToStepN>, step_no=285, pq.top=285
+---------------------------+---------------------------+---------------------------+
| Name                      | P50                       | P99                       |
+---------------------------+---------------------------+---------------------------+
| GenInput                  | 1.552 ms                  | 12.685 ms                 |
| Forward                   | 4.065 ms                  | 8.549 ms                  |
| Backward                  | 3.725 ms                  | 9.578 ms                  |
| Optimize                  | 1.141 ms                  | 2.056 ms                  |
| BarrierTimeBeforeRank0    | 1.069 ms                  | 17.274 ms                 |
| AfterBackward             | 30.970 ms                 | 46.094 ms                 |
| BlockToStepN              | 6.746 ms                  | 23.824 ms                 |
| OneStep                   | 53.438 ms                 | 79.660 ms                 |
+---------------------------+---------------------------+---------------------------+
E20240124 10:34:14.413062 39504 parallel_pq_v2.h:76] insert failed, size(hashtable)=1
W20240124 10:34:14.562414 39504 grad_async_v2.h:120] Detect new sample comes, old_end8, new_end9
[proc 7] 300 steps, total: 5.622, sample: 0.228, forward: 0.371, backward: 0.351, update: 0.094
[proc 5] 300 steps, total: 5.622, sample: 0.224, forward: 0.381, backward: 0.387, update: 0.100
[proc 0] 300 steps, total: 5.622, sample: 0.286, forward: 0.412, backward: 0.393, update: 0.109
[proc 2] 300 steps, total: 5.622, sample: 0.228, forward: 0.383, backward: 0.408, update: 0.093
[proc 4] 300 steps, total: 5.622, sample: 0.247, forward: 0.382, backward: 0.379, update: 0.097
[proc 3] 300 steps, total: 5.622, sample: 0.268, forward: 0.403, backward: 0.410, update: 0.110
[proc 1] 300 steps, total: 5.622, sample: 0.270, forward: 0.405, backward: 0.390, update: 0.104
[proc 6] 300 steps, total: 5.622, sample: 0.233, forward: 0.376, backward: 0.407, update: 0.093
+---------------------------+---------------------------+---------------------------+
| Name                      | P50                       | P99                       |
+---------------------------+---------------------------+---------------------------+
| ProcessBack:Shuffle       | 7.373 ms                  | 11.783 ms                 |
| ProcessBack:UpdateCache   | 10.485 ms                 | 16.142 ms                 |
| ProcessBack:UpsertPq      | 10.941 ms                 | 22.810 ms                 |
| ProcessOneStep            | 30.898 ms                 | 46.057 ms                 |
| BlockToStepN              | 6.988 ms                  | 23.753 ms                 |
+---------------------------+---------------------------+---------------------------+
W20240124 10:34:14.887142 38310 grad_async_v2.h:249] Sleep in <BlockToStepN>, step_no=304, pq.top=304
E20240124 10:34:15.413017 39503 parallel_pq_v2.h:76] insert failed, size(hashtable)=2055
W20240124 10:34:15.582443 39504 grad_async_v2.h:120] Detect new sample comes, old_end3, new_end4
W20240124 10:34:15.922755 38310 grad_async_v2.h:249] Sleep in <BlockToStepN>, step_no=319, pq.top=319
E20240124 10:34:16.413007 39503 parallel_pq_v2.h:76] insert failed, size(hashtable)=12729
W20240124 10:34:16.602943 39504 grad_async_v2.h:120] Detect new sample comes, old_end9, new_end0
W20240124 10:34:16.922367 38310 grad_async_v2.h:249] Sleep in <BlockToStepN>, step_no=334, pq.top=334
E20240124 10:34:17.413018 39503 parallel_pq_v2.h:76] insert failed, size(hashtable)=4265
W20240124 10:34:17.604265 39504 grad_async_v2.h:120] Detect new sample comes, old_end3, new_end4
W20240124 10:34:17.962042 38310 grad_async_v2.h:249] Sleep in <BlockToStepN>, step_no=350, pq.top=350
E20240124 10:34:18.413009 39503 parallel_pq_v2.h:76] insert failed, size(hashtable)=12307
W20240124 10:34:18.606964 39504 grad_async_v2.h:120] Detect new sample comes, old_end0, new_end1
W20240124 10:34:19.013113 38310 grad_async_v2.h:249] Sleep in <BlockToStepN>, step_no=366, pq.top=366
+---------------------------+---------------------------+---------------------------+
| Name                      | P50                       | P99                       |
+---------------------------+---------------------------+---------------------------+
| GenInput                  | 1.627 ms                  | 13.154 ms                 |
| Forward                   | 4.028 ms                  | 9.279 ms                  |
| Backward                  | 3.732 ms                  | 11.135 ms                 |
| Optimize                  | 1.130 ms                  | 2.056 ms                  |
| BarrierTimeBeforeRank0    | 945.148 us                | 15.685 ms                 |
| AfterBackward             | 31.460 ms                 | 47.519 ms                 |
| BlockToStepN              | 7.993 ms                  | 24.065 ms                 |
| OneStep                   | 54.527 ms                 | 90.439 ms                 |
+---------------------------+---------------------------+---------------------------+
E20240124 10:34:19.413009 38854 parallel_pq_v2.h:76] insert failed, size(hashtable)=504
W20240124 10:34:19.650235 39504 grad_async_v2.h:120] Detect new sample comes, old_end5, new_end6
