WARNING: Logging before InitGoogleLogging() is written to STDERR
I20240202 14:28:02.470471 40832 IPC_barrier.h:128] MultiProcessBarrierFactory->ClearIPCMemory()
/data/home/xieminhui/RecStore/src/framework_adapters/torch/kg/dgl-0.9.1/python/dgl/_deprecate/graph.py:1023: DGLWarning: multigraph will be deprecated.DGL will treat all graphs as multigraph in the future.
  dgl_warning("multigraph will be deprecated." \
/data/home/xieminhui/RecStore/src/framework_adapters/torch/kg/dgl-0.9.1/python/dgl/heterograph.py:72: DGLWarning: Recommend creating graphs by `dgl.graph(data)` instead of `dgl.DGLGraph(data)`.
  dgl_warning('Recommend creating graphs by `dgl.graph(data)`'
Reading train triples....
Finished. Read 483142 train triples.
Reading valid triples....
Finished. Read 50000 valid triples.
Reading test triples....
Finished. Read 59071 test triples.
ARGS:  Namespace(model_name='TransE', data_path='/home/xieminhui/dgl-data', dataset='FB15k', format='built_in', data_files=None, delimiter='\t', save_path='/tmp/ckpts/TransE_FB15k_73', no_save_emb=True, max_step=500, batch_size=1200, batch_size_eval=16, neg_sample_size=200, neg_deg_sample=False, neg_deg_sample_eval=False, neg_sample_size_eval=14951, eval_percent=1, no_eval_filter=False, log_interval=100, eval_interval=10000, test=False, num_proc=8, num_thread=1, force_sync_interval=1, hidden_dim=400, lr=0.01, gamma=16.0, double_ent=False, double_rel=False, neg_adversarial_sampling=False, adversarial_temperature=1.0, regularization_coef=0.0, regularization_norm=3, pairwise=False, loss_genre='Logsigmoid', margin=1.0, nr_gpus=8, gpu=[0, 1, 2, 3, 4, 5, 6, 7], mix_cpu_gpu=True, valid=False, rel_part=False, async_update=None, has_edge_importance=False, cached_emb_type='KnownLocalCachedEmbedding', use_my_emb=True, cache_ratio=0.1, shuffle=False, backwardMode='CppAsync', L=10, update_cache_use_omp=0, update_pq_use_omp=0, kForwardItersPerStep=2, backgrad_init='both', eval_filter=True, soft_rel_part=False)
|Train|: 483142
original graph:  DGLGraph(num_nodes=14951, num_edges=592213,
         ndata_schemes={}
         edata_schemes={'tid': Scheme(shape=(), dtype=torch.int64)})
Loading cached metis
WARNING [40832 sampler.py:454] Start PreSampling
WARNING [40832 sampler.py:532] Before construct renumbering_dict
WARNING [40832 sampler.py:555] PreSampling done
W20240202 14:28:08.149796 40832 IPCTensor.h:369] NewIPCTensor: cached_sampler_r0_0 [1000000]0x100000002000 7.629 MB
W20240202 14:28:08.150024 40832 IPCTensor.h:369] NewIPCTensor: cached_sampler_r0_1 [1000000]0x1000007a5000 7.629 MB
W20240202 14:28:08.150076 40832 IPCTensor.h:369] NewIPCTensor: cached_sampler_r0_2 [1000000]0x100000f48000 7.629 MB
W20240202 14:28:08.150136 40832 IPCTensor.h:369] NewIPCTensor: cached_sampler_r0_3 [1000000]0x1000016eb000 7.629 MB
W20240202 14:28:08.150193 40832 IPCTensor.h:369] NewIPCTensor: cached_sampler_r0_4 [1000000]0x100001e8e000 7.629 MB
W20240202 14:28:08.150233 40832 IPCTensor.h:369] NewIPCTensor: cached_sampler_r0_5 [1000000]0x100002631000 7.629 MB
W20240202 14:28:08.150279 40832 IPCTensor.h:369] NewIPCTensor: cached_sampler_r0_6 [1000000]0x100002dd4000 7.629 MB
W20240202 14:28:08.150359 40832 IPCTensor.h:369] NewIPCTensor: cached_sampler_r0_7 [1000000]0x100003577000 7.629 MB
W20240202 14:28:08.150411 40832 IPCTensor.h:369] NewIPCTensor: cached_sampler_r0_8 [1000000]0x100003d1a000 7.629 MB
W20240202 14:28:08.150452 40832 IPCTensor.h:369] NewIPCTensor: cached_sampler_r0_9 [1000000]0x1000044bd000 7.629 MB
W20240202 14:28:08.150493 40832 IPCTensor.h:369] NewIPCTensor: step_r0 [10]0x100004c60000 80 B 
W20240202 14:28:08.150534 40832 IPCTensor.h:369] NewIPCTensor: circle_buffer_end_r0 [1]0x100004c62000 8 B 
W20240202 14:28:08.150588 40832 IPCTensor.h:369] NewIPCTensor: circle_buffer_end_cppseen_r0 [1]0x100004c64000 8 B 
W20240202 14:28:08.150744 40832 IPCTensor.h:369] NewIPCTensor: cached_sampler_r1_0 [1000000]0x100004c66000 7.629 MB
W20240202 14:28:08.150791 40832 IPCTensor.h:369] NewIPCTensor: cached_sampler_r1_1 [1000000]0x100005409000 7.629 MB
W20240202 14:28:08.150830 40832 IPCTensor.h:369] NewIPCTensor: cached_sampler_r1_2 [1000000]0x100005bac000 7.629 MB
W20240202 14:28:08.150892 40832 IPCTensor.h:369] NewIPCTensor: cached_sampler_r1_3 [1000000]0x10000634f000 7.629 MB
W20240202 14:28:08.150938 40832 IPCTensor.h:369] NewIPCTensor: cached_sampler_r1_4 [1000000]0x100006af2000 7.629 MB
W20240202 14:28:08.150983 40832 IPCTensor.h:369] NewIPCTensor: cached_sampler_r1_5 [1000000]0x100007295000 7.629 MB
W20240202 14:28:08.151031 40832 IPCTensor.h:369] NewIPCTensor: cached_sampler_r1_6 [1000000]0x100007a38000 7.629 MB
W20240202 14:28:08.151085 40832 IPCTensor.h:369] NewIPCTensor: cached_sampler_r1_7 [1000000]0x1000081db000 7.629 MB
W20240202 14:28:08.151132 40832 IPCTensor.h:369] NewIPCTensor: cached_sampler_r1_8 [1000000]0x10000897e000 7.629 MB
W20240202 14:28:08.151186 40832 IPCTensor.h:369] NewIPCTensor: cached_sampler_r1_9 [1000000]0x100009121000 7.629 MB
W20240202 14:28:08.151225 40832 IPCTensor.h:369] NewIPCTensor: step_r1 [10]0x1000098c4000 80 B 
W20240202 14:28:08.151259 40832 IPCTensor.h:369] NewIPCTensor: circle_buffer_end_r1 [1]0x1000098c6000 8 B 
W20240202 14:28:08.151293 40832 IPCTensor.h:369] NewIPCTensor: circle_buffer_end_cppseen_r1 [1]0x1000098c8000 8 B 
W20240202 14:28:08.151366 40832 IPCTensor.h:369] NewIPCTensor: cached_sampler_r2_0 [1000000]0x1000098ca000 7.629 MB
W20240202 14:28:08.151425 40832 IPCTensor.h:369] NewIPCTensor: cached_sampler_r2_1 [1000000]0x10000a06d000 7.629 MB
W20240202 14:28:08.151465 40832 IPCTensor.h:369] NewIPCTensor: cached_sampler_r2_2 [1000000]0x10000a810000 7.629 MB
W20240202 14:28:08.151511 40832 IPCTensor.h:369] NewIPCTensor: cached_sampler_r2_3 [1000000]0x10000afb3000 7.629 MB
W20240202 14:28:08.151549 40832 IPCTensor.h:369] NewIPCTensor: cached_sampler_r2_4 [1000000]0x10000b756000 7.629 MB
W20240202 14:28:08.151599 40832 IPCTensor.h:369] NewIPCTensor: cached_sampler_r2_5 [1000000]0x10000bef9000 7.629 MB
W20240202 14:28:08.151638 40832 IPCTensor.h:369] NewIPCTensor: cached_sampler_r2_6 [1000000]0x10000c69c000 7.629 MB
W20240202 14:28:08.151687 40832 IPCTensor.h:369] NewIPCTensor: cached_sampler_r2_7 [1000000]0x10000ce3f000 7.629 MB
W20240202 14:28:08.151733 40832 IPCTensor.h:369] NewIPCTensor: cached_sampler_r2_8 [1000000]0x10000d5e2000 7.629 MB
W20240202 14:28:08.151775 40832 IPCTensor.h:369] NewIPCTensor: cached_sampler_r2_9 [1000000]0x10000dd85000 7.629 MB
W20240202 14:28:08.151821 40832 IPCTensor.h:369] NewIPCTensor: step_r2 [10]0x10000e528000 80 B 
W20240202 14:28:08.151855 40832 IPCTensor.h:369] NewIPCTensor: circle_buffer_end_r2 [1]0x10000e52a000 8 B 
W20240202 14:28:08.151890 40832 IPCTensor.h:369] NewIPCTensor: circle_buffer_end_cppseen_r2 [1]0x10000e52c000 8 B 
W20240202 14:28:08.151958 40832 IPCTensor.h:369] NewIPCTensor: cached_sampler_r3_0 [1000000]0x10000e52e000 7.629 MB
W20240202 14:28:08.152007 40832 IPCTensor.h:369] NewIPCTensor: cached_sampler_r3_1 [1000000]0x10000ecd1000 7.629 MB
W20240202 14:28:08.152076 40832 IPCTensor.h:369] NewIPCTensor: cached_sampler_r3_2 [1000000]0x10000f474000 7.629 MB
W20240202 14:28:08.152127 40832 IPCTensor.h:369] NewIPCTensor: cached_sampler_r3_3 [1000000]0x10000fc17000 7.629 MB
W20240202 14:28:08.152176 40832 IPCTensor.h:369] NewIPCTensor: cached_sampler_r3_4 [1000000]0x1000103ba000 7.629 MB
W20240202 14:28:08.152230 40832 IPCTensor.h:369] NewIPCTensor: cached_sampler_r3_5 [1000000]0x100010b5d000 7.629 MB
W20240202 14:28:08.152272 40832 IPCTensor.h:369] NewIPCTensor: cached_sampler_r3_6 [1000000]0x100011300000 7.629 MB
W20240202 14:28:08.152312 40832 IPCTensor.h:369] NewIPCTensor: cached_sampler_r3_7 [1000000]0x100011aa3000 7.629 MB
W20240202 14:28:08.152360 40832 IPCTensor.h:369] NewIPCTensor: cached_sampler_r3_8 [1000000]0x100012246000 7.629 MB
W20240202 14:28:08.152415 40832 IPCTensor.h:369] NewIPCTensor: cached_sampler_r3_9 [1000000]0x1000129e9000 7.629 MB
W20240202 14:28:08.152464 40832 IPCTensor.h:369] NewIPCTensor: step_r3 [10]0x10001318c000 80 B 
W20240202 14:28:08.152498 40832 IPCTensor.h:369] NewIPCTensor: circle_buffer_end_r3 [1]0x10001318e000 8 B 
W20240202 14:28:08.152535 40832 IPCTensor.h:369] NewIPCTensor: circle_buffer_end_cppseen_r3 [1]0x100013190000 8 B 
W20240202 14:28:08.152613 40832 IPCTensor.h:369] NewIPCTensor: cached_sampler_r4_0 [1000000]0x100013192000 7.629 MB
W20240202 14:28:08.152662 40832 IPCTensor.h:369] NewIPCTensor: cached_sampler_r4_1 [1000000]0x100013935000 7.629 MB
W20240202 14:28:08.152724 40832 IPCTensor.h:369] NewIPCTensor: cached_sampler_r4_2 [1000000]0x1000140d8000 7.629 MB
W20240202 14:28:08.152765 40832 IPCTensor.h:369] NewIPCTensor: cached_sampler_r4_3 [1000000]0x10001487b000 7.629 MB
W20240202 14:28:08.152804 40832 IPCTensor.h:369] NewIPCTensor: cached_sampler_r4_4 [1000000]0x10001501e000 7.629 MB
W20240202 14:28:08.152856 40832 IPCTensor.h:369] NewIPCTensor: cached_sampler_r4_5 [1000000]0x1000157c1000 7.629 MB
W20240202 14:28:08.152900 40832 IPCTensor.h:369] NewIPCTensor: cached_sampler_r4_6 [1000000]0x100015f64000 7.629 MB
W20240202 14:28:08.152949 40832 IPCTensor.h:369] NewIPCTensor: cached_sampler_r4_7 [1000000]0x100016707000 7.629 MB
W20240202 14:28:08.153002 40832 IPCTensor.h:369] NewIPCTensor: cached_sampler_r4_8 [1000000]0x100016eaa000 7.629 MB
W20240202 14:28:08.153041 40832 IPCTensor.h:369] NewIPCTensor: cached_sampler_r4_9 [1000000]0x10001764d000 7.629 MB
W20240202 14:28:08.153088 40832 IPCTensor.h:369] NewIPCTensor: step_r4 [10]0x100017df0000 80 B 
W20240202 14:28:08.153122 40832 IPCTensor.h:369] NewIPCTensor: circle_buffer_end_r4 [1]0x100017df2000 8 B 
W20240202 14:28:08.153156 40832 IPCTensor.h:369] NewIPCTensor: circle_buffer_end_cppseen_r4 [1]0x100017df4000 8 B 
W20240202 14:28:08.153227 40832 IPCTensor.h:369] NewIPCTensor: cached_sampler_r5_0 [1000000]0x100017df6000 7.629 MB
W20240202 14:28:08.153277 40832 IPCTensor.h:369] NewIPCTensor: cached_sampler_r5_1 [1000000]0x100018599000 7.629 MB
W20240202 14:28:08.153318 40832 IPCTensor.h:369] NewIPCTensor: cached_sampler_r5_2 [1000000]0x100018d3c000 7.629 MB
W20240202 14:28:08.153358 40832 IPCTensor.h:369] NewIPCTensor: cached_sampler_r5_3 [1000000]0x1000194df000 7.629 MB
W20240202 14:28:08.153404 40832 IPCTensor.h:369] NewIPCTensor: cached_sampler_r5_4 [1000000]0x100019c82000 7.629 MB
W20240202 14:28:08.153471 40832 IPCTensor.h:369] NewIPCTensor: cached_sampler_r5_5 [1000000]0x10001a425000 7.629 MB
W20240202 14:28:08.153520 40832 IPCTensor.h:369] NewIPCTensor: cached_sampler_r5_6 [1000000]0x10001abc8000 7.629 MB
W20240202 14:28:08.153573 40832 IPCTensor.h:369] NewIPCTensor: cached_sampler_r5_7 [1000000]0x10001b36b000 7.629 MB
W20240202 14:28:08.153613 40832 IPCTensor.h:369] NewIPCTensor: cached_sampler_r5_8 [1000000]0x10001bb0e000 7.629 MB
W20240202 14:28:08.153659 40832 IPCTensor.h:369] NewIPCTensor: cached_sampler_r5_9 [1000000]0x10001c2b1000 7.629 MB
W20240202 14:28:08.153707 40832 IPCTensor.h:369] NewIPCTensor: step_r5 [10]0x10001ca54000 80 B 
W20240202 14:28:08.153741 40832 IPCTensor.h:369] NewIPCTensor: circle_buffer_end_r5 [1]0x10001ca56000 8 B 
W20240202 14:28:08.153774 40832 IPCTensor.h:369] NewIPCTensor: circle_buffer_end_cppseen_r5 [1]0x10001ca58000 8 B 
W20240202 14:28:08.153854 40832 IPCTensor.h:369] NewIPCTensor: cached_sampler_r6_0 [1000000]0x10001ca5a000 7.629 MB
W20240202 14:28:08.153898 40832 IPCTensor.h:369] NewIPCTensor: cached_sampler_r6_1 [1000000]0x10001d1fd000 7.629 MB
W20240202 14:28:08.153949 40832 IPCTensor.h:369] NewIPCTensor: cached_sampler_r6_2 [1000000]0x10001d9a0000 7.629 MB
W20240202 14:28:08.153995 40832 IPCTensor.h:369] NewIPCTensor: cached_sampler_r6_3 [1000000]0x10001e143000 7.629 MB
W20240202 14:28:08.154042 40832 IPCTensor.h:369] NewIPCTensor: cached_sampler_r6_4 [1000000]0x10001e8e6000 7.629 MB
W20240202 14:28:08.154091 40832 IPCTensor.h:369] NewIPCTensor: cached_sampler_r6_5 [1000000]0x10001f089000 7.629 MB
W20240202 14:28:08.154145 40832 IPCTensor.h:369] NewIPCTensor: cached_sampler_r6_6 [1000000]0x10001f82c000 7.629 MB
W20240202 14:28:08.154193 40832 IPCTensor.h:369] NewIPCTensor: cached_sampler_r6_7 [1000000]0x10001ffcf000 7.629 MB
W20240202 14:28:08.154242 40832 IPCTensor.h:369] NewIPCTensor: cached_sampler_r6_8 [1000000]0x100020772000 7.629 MB
W20240202 14:28:08.154290 40832 IPCTensor.h:369] NewIPCTensor: cached_sampler_r6_9 [1000000]0x100020f15000 7.629 MB
W20240202 14:28:08.154336 40832 IPCTensor.h:369] NewIPCTensor: step_r6 [10]0x1000216b8000 80 B 
W20240202 14:28:08.154371 40832 IPCTensor.h:369] NewIPCTensor: circle_buffer_end_r6 [1]0x1000216ba000 8 B 
W20240202 14:28:08.154405 40832 IPCTensor.h:369] NewIPCTensor: circle_buffer_end_cppseen_r6 [1]0x1000216bc000 8 B 
W20240202 14:28:08.154477 40832 IPCTensor.h:369] NewIPCTensor: cached_sampler_r7_0 [1000000]0x1000216be000 7.629 MB
W20240202 14:28:08.154541 40832 IPCTensor.h:369] NewIPCTensor: cached_sampler_r7_1 [1000000]0x100021e61000 7.629 MB
W20240202 14:28:08.154590 40832 IPCTensor.h:369] NewIPCTensor: cached_sampler_r7_2 [1000000]0x100022604000 7.629 MB
W20240202 14:28:08.154632 40832 IPCTensor.h:369] NewIPCTensor: cached_sampler_r7_3 [1000000]0x100022da7000 7.629 MB
W20240202 14:28:08.154673 40832 IPCTensor.h:369] NewIPCTensor: cached_sampler_r7_4 [1000000]0x10002354a000 7.629 MB
W20240202 14:28:08.154722 40832 IPCTensor.h:369] NewIPCTensor: cached_sampler_r7_5 [1000000]0x100023ced000 7.629 MB
W20240202 14:28:08.154764 40832 IPCTensor.h:369] NewIPCTensor: cached_sampler_r7_6 [1000000]0x100024490000 7.629 MB
W20240202 14:28:08.154808 40832 IPCTensor.h:369] NewIPCTensor: cached_sampler_r7_7 [1000000]0x100024c33000 7.629 MB
W20240202 14:28:08.154850 40832 IPCTensor.h:369] NewIPCTensor: cached_sampler_r7_8 [1000000]0x1000253d6000 7.629 MB
W20240202 14:28:08.154902 40832 IPCTensor.h:369] NewIPCTensor: cached_sampler_r7_9 [1000000]0x100025b79000 7.629 MB
W20240202 14:28:08.154943 40832 IPCTensor.h:369] NewIPCTensor: step_r7 [10]0x10002631c000 80 B 
W20240202 14:28:08.154978 40832 IPCTensor.h:369] NewIPCTensor: circle_buffer_end_r7 [1]0x10002631e000 8 B 
W20240202 14:28:08.155012 40832 IPCTensor.h:369] NewIPCTensor: circle_buffer_end_cppseen_r7 [1]0x100026320000 8 B 
W20240202 14:28:08.391007 40832 IPCTensor.h:369] NewIPCTensor: full_emb [14951, 400]0x100026322000 22.81 MB
W20240202 14:28:08.481310 40832 IPCTensor.h:369] NewIPCTensor: full_emb_SparseRowWiseAdaGrad_sum [14951]0x1000279f4000 58.4 kB
{0: Graph(num_nodes=8499, num_edges=86694,
      ndata_schemes={'_ID': Scheme(shape=(), dtype=torch.int64), 'inner_node': Scheme(shape=(), dtype=torch.int32), 'part_id': Scheme(shape=(), dtype=torch.int64)}
      edata_schemes={'_ID': Scheme(shape=(), dtype=torch.int64), 'inner_edge': Scheme(shape=(), dtype=torch.int8)}), 1: Graph(num_nodes=6140, num_edges=88951,
      ndata_schemes={'_ID': Scheme(shape=(), dtype=torch.int64), 'inner_node': Scheme(shape=(), dtype=torch.int32), 'part_id': Scheme(shape=(), dtype=torch.int64)}
      edata_schemes={'_ID': Scheme(shape=(), dtype=torch.int64), 'inner_edge': Scheme(shape=(), dtype=torch.int8)}), 2: Graph(num_nodes=8646, num_edges=109741,
      ndata_schemes={'_ID': Scheme(shape=(), dtype=torch.int64), 'inner_node': Scheme(shape=(), dtype=torch.int32), 'part_id': Scheme(shape=(), dtype=torch.int64)}
      edata_schemes={'_ID': Scheme(shape=(), dtype=torch.int64), 'inner_edge': Scheme(shape=(), dtype=torch.int8)}), 3: Graph(num_nodes=8503, num_edges=86907,
      ndata_schemes={'_ID': Scheme(shape=(), dtype=torch.int64), 'inner_node': Scheme(shape=(), dtype=torch.int32), 'part_id': Scheme(shape=(), dtype=torch.int64)}
      edata_schemes={'_ID': Scheme(shape=(), dtype=torch.int64), 'inner_edge': Scheme(shape=(), dtype=torch.int8)}), 4: Graph(num_nodes=10597, num_edges=122217,
      ndata_schemes={'_ID': Scheme(shape=(), dtype=torch.int64), 'inner_node': Scheme(shape=(), dtype=torch.int32), 'part_id': Scheme(shape=(), dtype=torch.int64)}
      edata_schemes={'_ID': Scheme(shape=(), dtype=torch.int64), 'inner_edge': Scheme(shape=(), dtype=torch.int8)}), 5: Graph(num_nodes=8255, num_edges=102550,
      ndata_schemes={'_ID': Scheme(shape=(), dtype=torch.int64), 'inner_node': Scheme(shape=(), dtype=torch.int32), 'part_id': Scheme(shape=(), dtype=torch.int64)}
      edata_schemes={'_ID': Scheme(shape=(), dtype=torch.int64), 'inner_edge': Scheme(shape=(), dtype=torch.int8)}), 6: Graph(num_nodes=7422, num_edges=104094,
      ndata_schemes={'_ID': Scheme(shape=(), dtype=torch.int64), 'inner_node': Scheme(shape=(), dtype=torch.int32), 'part_id': Scheme(shape=(), dtype=torch.int64)}
      edata_schemes={'_ID': Scheme(shape=(), dtype=torch.int64), 'inner_edge': Scheme(shape=(), dtype=torch.int8)}), 7: Graph(num_nodes=7815, num_edges=137832,
      ndata_schemes={'_ID': Scheme(shape=(), dtype=torch.int64), 'inner_node': Scheme(shape=(), dtype=torch.int32), 'part_id': Scheme(shape=(), dtype=torch.int64)}
      edata_schemes={'_ID': Scheme(shape=(), dtype=torch.int64), 'inner_edge': Scheme(shape=(), dtype=torch.int8)})}
MertisPartition: part 0 has 8499 N 86694 E
MertisPartition: part 1 has 6140 N 88951 E
MertisPartition: part 2 has 8646 N 109741 E
MertisPartition: part 3 has 8503 N 86907 E
MertisPartition: part 4 has 10597 N 122217 E
MertisPartition: part 5 has 8255 N 102550 E
MertisPartition: part 6 has 7422 N 104094 E
MertisPartition: part 7 has 7815 N 137832 E
Rank0: cached key size 186
Rank1: cached key size 186
Rank2: cached key size 186
Rank3: cached key size 186
Rank4: cached key size 186
Rank5: cached key size 186
Rank6: cached key size 186
Rank7: cached key size 186
Before renumbering graph:  {'_ID': tensor([    0,    15,    36,  ..., 11946,  9147, 13282]), 'inner_node': tensor([1, 1, 1,  ..., 0, 0, 0], dtype=torch.int32), 'part_id': tensor([0, 0, 0,  ..., 6, 3, 7])}
After renumbering graph:  {'_ID': tensor([ 1488,  1818,  2273,  ...,  9140, 10516,  6942]), 'inner_node': tensor([1, 1, 1,  ..., 0, 0, 0], dtype=torch.int32), 'part_id': tensor([0, 0, 0,  ..., 6, 3, 7])}
part_g: DGLGraph(num_nodes=8499, num_edges=86694,
         ndata_schemes={'_ID': Scheme(shape=(), dtype=torch.int64)}
         edata_schemes={'tid': Scheme(shape=(), dtype=torch.int64)})
part_g: DGLGraph(num_nodes=8499, num_edges=86694,
         ndata_schemes={'_ID': Scheme(shape=(), dtype=torch.int64)}
         edata_schemes={'tid': Scheme(shape=(), dtype=torch.int64)})
Total initialize time 6.109 seconds
[Rank1] pid = 41265
[Rank2] pid = 41296
[Rank3] pid = 41332
[Rank4] pid = 41427
[Rank5] pid = 41460
[Rank6] pid = 41588
INFO [40832 distributed_c10d.py:442] Added key: store_based_barrier_key:1 to store for rank: 0
INFO [41265 distributed_c10d.py:442] Added key: store_based_barrier_key:1 to store for rank: 1
INFO [41296 distributed_c10d.py:442] Added key: store_based_barrier_key:1 to store for rank: 2
INFO [41332 distributed_c10d.py:442] Added key: store_based_barrier_key:1 to store for rank: 3
INFO [41460 distributed_c10d.py:442] Added key: store_based_barrier_key:1 to store for rank: 5
INFO [41588 distributed_c10d.py:442] Added key: store_based_barrier_key:1 to store for rank: 6
INFO [41427 distributed_c10d.py:442] Added key: store_based_barrier_key:1 to store for rank: 4
INFO [41652 distributed_c10d.py:442] Added key: store_based_barrier_key:1 to store for rank: 7
INFO [41460 distributed_c10d.py:476] Rank 5: Completed store-based barrier for key:store_based_barrier_key:1 with 8 nodes.
INFO [41588 distributed_c10d.py:476] Rank 6: Completed store-based barrier for key:store_based_barrier_key:1 with 8 nodes.
INFO [41427 distributed_c10d.py:476] Rank 4: Completed store-based barrier for key:store_based_barrier_key:1 with 8 nodes.
INFO [41652 distributed_c10d.py:476] Rank 7: Completed store-based barrier for key:store_based_barrier_key:1 with 8 nodes.
INFO [41296 distributed_c10d.py:476] Rank 2: Completed store-based barrier for key:store_based_barrier_key:1 with 8 nodes.
INFO [41332 distributed_c10d.py:476] Rank 3: Completed store-based barrier for key:store_based_barrier_key:1 with 8 nodes.
INFO [40832 distributed_c10d.py:476] Rank 0: Completed store-based barrier for key:store_based_barrier_key:1 with 8 nodes.
INFO [41265 distributed_c10d.py:476] Rank 1: Completed store-based barrier for key:store_based_barrier_key:1 with 8 nodes.
W20240202 14:28:11.133185 41653 IPCTensor.h:409] NewIPCGPUTensor: embedding_cache_0 [1495, 400]; dev=0; size=2.281 MB
W20240202 14:28:11.133958 41589 IPCTensor.h:409] NewIPCGPUTensor: embedding_cache_6 [1495, 400]; dev=6; size=2.281 MB
W20240202 14:28:11.134030 41524 IPCTensor.h:409] NewIPCGPUTensor: embedding_cache_5 [1495, 400]; dev=5; size=2.281 MB
W20240202 14:28:11.134032 41396 IPCTensor.h:409] NewIPCGPUTensor: embedding_cache_3 [1495, 400]; dev=3; size=2.281 MB
W20240202 14:28:11.134022 41331 IPCTensor.h:409] NewIPCGPUTensor: embedding_cache_2 [1495, 400]; dev=2; size=2.281 MB
W20240202 14:28:11.134038 41461 IPCTensor.h:409] NewIPCGPUTensor: embedding_cache_4 [1495, 400]; dev=4; size=2.281 MB
W20240202 14:28:11.134022 41656 IPCTensor.h:409] NewIPCGPUTensor: embedding_cache_7 [1495, 400]; dev=7; size=2.281 MB
W20240202 14:28:11.135751 41266 IPCTensor.h:409] NewIPCGPUTensor: embedding_cache_1 [1495, 400]; dev=1; size=2.281 MB
W20240202 14:28:11.161890 41589 IPCTensor.h:369] NewIPCTensor: input_keys_6 [1000000]0x100027a08000 7.629 MB
W20240202 14:28:11.161895 41524 IPCTensor.h:369] NewIPCTensor: input_keys_5 [1000000]0x1000281ab000 7.629 MB
W20240202 14:28:11.162106 41524 IPCTensor.h:369] NewIPCTensor: input_keys_neg_5 [1000000]0x10002894e000 7.629 MB
W20240202 14:28:11.162147 41589 IPCTensor.h:369] NewIPCTensor: input_keys_neg_6 [1000000]0x1000290f1000 7.629 MB
W20240202 14:28:11.162231 41524 IPCTensor.h:369] NewIPCTensor: backward_grads_5 [1000000, 400]0x100029894000 1.49 GB
W20240202 14:28:11.162258 41589 IPCTensor.h:369] NewIPCTensor: backward_grads_6 [1000000, 400]0x100088e79000 1.49 GB
W20240202 14:28:11.162297 41524 IPCTensor.h:369] NewIPCTensor: backward_grads_neg_5 [1000000, 400]0x1000e845c000 1.49 GB
W20240202 14:28:11.162339 41589 IPCTensor.h:369] NewIPCTensor: backward_grads_neg_6 [1000000, 400]0x100147a3f000 1.49 GB
W20240202 14:28:11.162379 41524 IPCTensor.h:409] NewIPCGPUTensor: backward_grads_5_gpu [1000000, 400]; dev=5; size=1.49 GB
W20240202 14:28:11.162406 41589 IPCTensor.h:409] NewIPCGPUTensor: backward_grads_6_gpu [1000000, 400]; dev=6; size=1.49 GB
W20240202 14:28:11.162510 41656 IPCTensor.h:369] NewIPCTensor: input_keys_7 [1000000]0x1001a7022000 7.629 MB
W20240202 14:28:11.162719 41656 IPCTensor.h:369] NewIPCTensor: input_keys_neg_7 [1000000]0x1001a77c5000 7.629 MB
W20240202 14:28:11.162804 41656 IPCTensor.h:369] NewIPCTensor: backward_grads_7 [1000000, 400]0x1001a7f68000 1.49 GB
W20240202 14:28:11.162864 41656 IPCTensor.h:369] NewIPCTensor: backward_grads_neg_7 [1000000, 400]0x10020754b000 1.49 GB
W20240202 14:28:11.162925 41656 IPCTensor.h:409] NewIPCGPUTensor: backward_grads_7_gpu [1000000, 400]; dev=7; size=1.49 GB
W20240202 14:28:11.168162 41524 IPCTensor.h:409] NewIPCGPUTensor: backward_grads_neg_5_gpu [1000000, 400]; dev=5; size=1.49 GB
W20240202 14:28:11.168226 41589 IPCTensor.h:409] NewIPCGPUTensor: backward_grads_neg_6_gpu [1000000, 400]; dev=6; size=1.49 GB
W20240202 14:28:11.168241 41656 IPCTensor.h:409] NewIPCGPUTensor: backward_grads_neg_7_gpu [1000000, 400]; dev=7; size=1.49 GB
W20240202 14:28:11.168344 41461 IPCTensor.h:369] NewIPCTensor: input_keys_4 [1000000]0x100266b36000 7.629 MB
W20240202 14:28:11.168491 41461 IPCTensor.h:369] NewIPCTensor: input_keys_neg_4 [1000000]0x1002672d9000 7.629 MB
W20240202 14:28:11.168560 41461 IPCTensor.h:369] NewIPCTensor: backward_grads_4 [1000000, 400]0x100267a7c000 1.49 GB
W20240202 14:28:11.168605 41461 IPCTensor.h:369] NewIPCTensor: backward_grads_neg_4 [1000000, 400]0x1002c705f000 1.49 GB
W20240202 14:28:11.168656 41461 IPCTensor.h:409] NewIPCGPUTensor: backward_grads_4_gpu [1000000, 400]; dev=4; size=1.49 GB
W20240202 14:28:11.174937 41653 IPCTensor.h:369] NewIPCTensor: input_keys_0 [1000000]0x100326646000 7.629 MB
W20240202 14:28:11.175089 41653 IPCTensor.h:369] NewIPCTensor: input_keys_neg_0 [1000000]0x100326df3000 7.629 MB
W20240202 14:28:11.175139 41653 IPCTensor.h:369] NewIPCTensor: backward_grads_0 [1000000, 400]0x100327596000 1.49 GB
W20240202 14:28:11.175165 41461 IPCTensor.h:409] NewIPCGPUTensor: backward_grads_neg_4_gpu [1000000, 400]; dev=4; size=1.49 GB
W20240202 14:28:11.175189 41653 IPCTensor.h:369] NewIPCTensor: backward_grads_neg_0 [1000000, 400]0x10038731c000 1.49 GB
W20240202 14:28:11.175179 41331 IPCTensor.h:369] NewIPCTensor: input_keys_2 [1000000]0x100386b79000 7.629 MB
W20240202 14:28:11.175251 41653 IPCTensor.h:409] NewIPCGPUTensor: backward_grads_0_gpu [1000000, 400]; dev=0; size=1.49 GB
W20240202 14:28:11.175339 41396 IPCTensor.h:369] NewIPCTensor: input_keys_3 [1000000]0x1003e68ff000 7.629 MB
W20240202 14:28:11.175365 41331 IPCTensor.h:369] NewIPCTensor: input_keys_neg_2 [1000000]0x1003e70a2000 7.629 MB
W20240202 14:28:11.175443 41331 IPCTensor.h:369] NewIPCTensor: backward_grads_2 [1000000, 400]0x1003e7845000 1.49 GB
W20240202 14:28:11.175495 41331 IPCTensor.h:369] NewIPCTensor: backward_grads_neg_2 [1000000, 400]0x100446e28000 1.49 GB
W20240202 14:28:11.175519 41396 IPCTensor.h:369] NewIPCTensor: input_keys_neg_3 [1000000]0x1004a640b000 7.629 MB
W20240202 14:28:11.175561 41331 IPCTensor.h:409] NewIPCGPUTensor: backward_grads_2_gpu [1000000, 400]; dev=2; size=1.49 GB
W20240202 14:28:11.175597 41396 IPCTensor.h:369] NewIPCTensor: backward_grads_3 [1000000, 400]0x1004a6bae000 1.49 GB
W20240202 14:28:11.175657 41396 IPCTensor.h:369] NewIPCTensor: backward_grads_neg_3 [1000000, 400]0x100506191000 1.49 GB
W20240202 14:28:11.175721 41396 IPCTensor.h:409] NewIPCGPUTensor: backward_grads_3_gpu [1000000, 400]; dev=3; size=1.49 GB
W20240202 14:28:11.183097 41653 IPCTensor.h:409] NewIPCGPUTensor: backward_grads_neg_0_gpu [1000000, 400]; dev=0; size=1.49 GB
W20240202 14:28:11.183328 41331 IPCTensor.h:409] NewIPCGPUTensor: backward_grads_neg_2_gpu [1000000, 400]; dev=2; size=1.49 GB
W20240202 14:28:11.183328 41396 IPCTensor.h:409] NewIPCGPUTensor: backward_grads_neg_3_gpu [1000000, 400]; dev=3; size=1.49 GB
W20240202 14:28:11.192622 41266 IPCTensor.h:369] NewIPCTensor: input_keys_1 [1000000]0x100565784000 7.629 MB
W20240202 14:28:11.192747 41266 IPCTensor.h:369] NewIPCTensor: input_keys_neg_1 [1000000]0x100565f27000 7.629 MB
W20240202 14:28:11.192806 41266 IPCTensor.h:369] NewIPCTensor: backward_grads_1 [1000000, 400]0x1005666ca000 1.49 GB
W20240202 14:28:11.192855 41266 IPCTensor.h:369] NewIPCTensor: backward_grads_neg_1 [1000000, 400]0x1005c5cad000 1.49 GB
W20240202 14:28:11.192903 41266 IPCTensor.h:409] NewIPCGPUTensor: backward_grads_1_gpu [1000000, 400]; dev=1; size=1.49 GB
W20240202 14:28:11.195914 41266 IPCTensor.h:409] NewIPCGPUTensor: backward_grads_neg_1_gpu [1000000, 400]; dev=1; size=1.49 GB
cudaHostRegister 0x100026322000
1: KnownLocalCachedEmbedding init done
WARNING [41265 DistTensor.py:59] The tensor name already exists in the kvstore
cudaHostRegister 0x100026322000
7: KnownLocalCachedEmbedding init done
WARNING [41652 DistTensor.py:59] The tensor name already exists in the kvstore
cudaHostRegister 0x100026322000
6: KnownLocalCachedEmbedding init done
WARNING [41588 DistTensor.py:59] The tensor name already exists in the kvstore
cudaHostRegister 0x100026322000
2: KnownLocalCachedEmbedding init done
WARNING [41296 DistTensor.py:59] The tensor name already exists in the kvstore
cudaHostRegister 0x100026322000
4: KnownLocalCachedEmbedding init done
WARNING [41427 DistTensor.py:59] The tensor name already exists in the kvstore
cudaHostRegister 0x100026322000
3: KnownLocalCachedEmbedding init done
WARNING [41332 DistTensor.py:59] The tensor name already exists in the kvstore
[Rank7] pid = 41652
New CachedEmbedding, name=full_emb, shape=(14951, 400), cache_type=KnownLocalCachedEmbedding
fixed cache_range is [(0, 1495), (1495, 2990), (2990, 4485), (4485, 5980), (5980, 7475), (7475, 8970), (8970, 10465), (10465, 11960)]
cudaHostRegister 0x100026322000
0: KnownLocalCachedEmbedding init done
WARNING [40832 DistTensor.py:59] The tensor name already exists in the kvstore
cudaHostRegister 0x100026322000
5: KnownLocalCachedEmbedding init done
WARNING [41460 DistTensor.py:59] The tensor name already exists in the kvstore
I20240202 14:28:13.405854 41524 IPC_barrier.h:118] CreateBarrier: new barrier, name: kgcachecontroller, count: 8
I20240202 14:28:13.406081 41266 IPC_barrier.h:112] CreateBarrier: find existing barrier, name: kgcachecontroller, count: 8
I20240202 14:28:13.406548 41396 IPC_barrier.h:112] CreateBarrier: find existing barrier, name: kgcachecontroller, count: 8
I20240202 14:28:13.406648 41653 IPC_barrier.h:112] CreateBarrier: find existing barrier, name: kgcachecontroller, count: 8
I20240202 14:28:13.406936 41656 IPC_barrier.h:112] CreateBarrier: find existing barrier, name: kgcachecontroller, count: 8
I20240202 14:28:13.407052 41461 IPC_barrier.h:112] CreateBarrier: find existing barrier, name: kgcachecontroller, count: 8
I20240202 14:28:13.407155 41589 IPC_barrier.h:112] CreateBarrier: find existing barrier, name: kgcachecontroller, count: 8
I20240202 14:28:13.407541 41331 IPC_barrier.h:112] CreateBarrier: find existing barrier, name: kgcachecontroller, count: 8
W20240202 14:28:13.412509 41653 grad_base.h:55] KGCacheController, config={
        "num_gpus": 8,
        "L": 10,
        "backgrad_init": "both", 
        "kForwardItersPerStep": 2,
        "clr": 0.01,
        "nr_background_threads": 32,
        "backwardMode": "CppAsync",
        "cache_ratio": 0.1,
        "update_cache_use_omp":  0,
        "update_pq_use_omp":  0
        }
W20240202 14:28:13.412838 41653 grad_base.h:184] Init GradProcessingBase done
I20240202 14:28:13.419661 41653 grad_async_v1.h:203] Use main thread to update emb.
W20240202 14:28:13.419806 41653 kg_controller.h:75] after init GradAsyncProcessing
I20240202 14:28:13.419832 41653 kg_controller.h:84] Construct KGCacheController done
E20240202 14:28:15.198495 41524 recstore.cc:66] init folly done
E20240202 14:28:15.199028 41266 recstore.cc:66] init folly done
E20240202 14:28:15.199113 41461 recstore.cc:66] init folly done
E20240202 14:28:15.199194 41653 recstore.cc:66] init folly done
E20240202 14:28:15.199241 41331 recstore.cc:66] init folly done
E20240202 14:28:15.199201 41589 recstore.cc:66] init folly done
E20240202 14:28:15.199203 41396 recstore.cc:66] init folly done
E20240202 14:28:15.199226 41656 recstore.cc:66] init folly done
I20240202 14:28:15.200606 41653 grad_base.h:60] GraphEnv RegTensorsPerProcess
I20240202 14:28:16.015058 41266 IPC_barrier.h:118] CreateBarrier: new barrier, name: start_barrier, count: 8
I20240202 14:28:16.026904 41589 IPC_barrier.h:112] CreateBarrier: find existing barrier, name: start_barrier, count: 8
I20240202 14:28:16.028838 41653 IPC_barrier.h:112] CreateBarrier: find existing barrier, name: start_barrier, count: 8
I20240202 14:28:16.029347 41524 IPC_barrier.h:112] CreateBarrier: find existing barrier, name: start_barrier, count: 8
I20240202 14:28:16.034783 41656 IPC_barrier.h:112] CreateBarrier: find existing barrier, name: start_barrier, count: 8
I20240202 14:28:16.043766 41396 IPC_barrier.h:112] CreateBarrier: find existing barrier, name: start_barrier, count: 8
I20240202 14:28:16.045948 41331 IPC_barrier.h:112] CreateBarrier: find existing barrier, name: start_barrier, count: 8
I20240202 14:28:16.046188 41461 IPC_barrier.h:112] CreateBarrier: find existing barrier, name: start_barrier, count: 8
W20240202 14:28:18.329381 41653 grad_async_v1.h:429] Sleep in <BlockToStepN>, step_no=1, pq.top=1
+---------------------------+---------------------------+---------------------------+
| Name                      | P50                       | P99                       |
+---------------------------+---------------------------+---------------------------+
| GenInput                  | 916.272 us                | 11.529 ms                 |
| Forward                   | 10.060 ms                 | 669.012 ms                |
| Backward                  | 11.755 ms                 | 210.796 ms                |
| Optimize                  | 2.953 ms                  | 5.390 ms                  |
| BarrierTimeBeforeRank0    | 27.443 us                 | 112.280 us                |
| AfterBackward             | 1.395 s                   | 1.395 s                   |
| BlockToStepN              | 21.907 ms                 | 21.907 ms                 |
| OneStep                   | 2.308 s                   | 2.308 s                   |
+---------------------------+---------------------------+---------------------------+
E20240202 14:28:19.099828 42091 grad_async_v1.h:533] Stalled in ProcessBackward: rank=0, step_no=14, sample_step_cpp_seen_[rank]=13
W20240202 14:28:19.646315 41653 grad_async_v1.h:429] Sleep in <BlockToStepN>, step_no=15, pq.top=15
+---------------------------+---------------------------+---------------------------+
| Name                      | P50                       | P99                       |
+---------------------------+---------------------------+---------------------------+
| ProcessBack:Shuffle       | 8.448 ms                  | 365.669 ms                |
| ProcessBack:UpdateCache   | 8.958 ms                  | 750.439 ms                |
| ProcessBack:UpsertPq      | 7.487 ms                  | 24.908 ms                 |
| ProcessOneStep            | 27.337 ms                 | 1.395 s                   |
| BlockToStepN              | 4.574 ms                  | 162.093 ms                |
+---------------------------+---------------------------+---------------------------+
W20240202 14:28:20.646013 41653 grad_async_v1.h:429] Sleep in <BlockToStepN>, step_no=21, pq.top=21
W20240202 14:28:21.646015 41653 grad_async_v1.h:429] Sleep in <BlockToStepN>, step_no=28, pq.top=28
W20240202 14:28:22.661458 41653 grad_async_v1.h:429] Sleep in <BlockToStepN>, step_no=36, pq.top=36
+---------------------------+---------------------------+---------------------------+
| Name                      | P50                       | P99                       |
+---------------------------+---------------------------+---------------------------+
| GenInput                  | 1.369 ms                  | 26.318 ms                 |
| Forward                   | 4.435 ms                  | 669.012 ms                |
| Backward                  | 9.064 ms                  | 210.796 ms                |
| Optimize                  | 1.958 ms                  | 6.678 ms                  |
| BarrierTimeBeforeRank0    | 41.388 us                 | 13.482 ms                 |
| AfterBackward             | 27.687 ms                 | 1.395 s                   |
| BlockToStepN              | 81.883 ms                 | 162.269 ms                |
| OneStep                   | 133.274 ms                | 2.308 s                   |
+---------------------------+---------------------------+---------------------------+
W20240202 14:28:23.661023 41653 grad_async_v1.h:429] Sleep in <BlockToStepN>, step_no=42, pq.top=42
W20240202 14:28:24.661007 41653 grad_async_v1.h:429] Sleep in <BlockToStepN>, step_no=48, pq.top=48
+---------------------------+---------------------------+---------------------------+
| Name                      | P50                       | P99                       |
+---------------------------+---------------------------+---------------------------+
| ProcessBack:Shuffle       | 8.448 ms                  | 325.121 ms                |
| ProcessBack:UpdateCache   | 8.842 ms                  | 749.693 ms                |
| ProcessBack:UpsertPq      | 9.102 ms                  | 24.008 ms                 |
| ProcessOneStep            | 27.932 ms                 | 561.919 ms                |
| BlockToStepN              | 87.670 ms                 | 137.155 ms                |
+---------------------------+---------------------------+---------------------------+
W20240202 14:28:25.688583 41653 grad_async_v1.h:429] Sleep in <BlockToStepN>, step_no=55, pq.top=55
W20240202 14:28:26.688006 41653 grad_async_v1.h:429] Sleep in <BlockToStepN>, step_no=60, pq.top=60
W20240202 14:28:27.755802 41653 grad_async_v1.h:429] Sleep in <BlockToStepN>, step_no=66, pq.top=66
+---------------------------+---------------------------+---------------------------+
| Name                      | P50                       | P99                       |
+---------------------------+---------------------------+---------------------------+
| GenInput                  | 1.452 ms                  | 23.213 ms                 |
| Forward                   | 4.752 ms                  | 14.280 ms                 |
| Backward                  | 9.064 ms                  | 24.221 ms                 |
| Optimize                  | 1.981 ms                  | 6.249 ms                  |
| BarrierTimeBeforeRank0    | 112.280 us                | 13.482 ms                 |
| AfterBackward             | 28.308 ms                 | 562.035 ms                |
| BlockToStepN              | 91.682 ms                 | 161.245 ms                |
| OneStep                   | 149.580 ms                | 596.676 ms                |
+---------------------------+---------------------------+---------------------------+
W20240202 14:28:28.755017 41653 grad_async_v1.h:429] Sleep in <BlockToStepN>, step_no=71, pq.top=71
W20240202 14:28:29.755007 41653 grad_async_v1.h:429] Sleep in <BlockToStepN>, step_no=76, pq.top=76
+---------------------------+---------------------------+---------------------------+
| Name                      | P50                       | P99                       |
+---------------------------+---------------------------+---------------------------+
| ProcessBack:Shuffle       | 8.387 ms                  | 36.008 ms                 |
| ProcessBack:UpdateCache   | 8.963 ms                  | 12.409 ms                 |
| ProcessBack:UpsertPq      | 9.472 ms                  | 19.791 ms                 |
| ProcessOneStep            | 28.281 ms                 | 561.919 ms                |
| BlockToStepN              | 100.576 ms                | 161.171 ms                |
+---------------------------+---------------------------+---------------------------+
W20240202 14:28:30.755018 41653 grad_async_v1.h:429] Sleep in <BlockToStepN>, step_no=81, pq.top=81
W20240202 14:28:31.755009 41653 grad_async_v1.h:429] Sleep in <BlockToStepN>, step_no=86, pq.top=86
W20240202 14:28:32.765491 41653 grad_async_v1.h:429] Sleep in <BlockToStepN>, step_no=91, pq.top=91
+---------------------------+---------------------------+---------------------------+
| Name                      | P50                       | P99                       |
+---------------------------+---------------------------+---------------------------+
| GenInput                  | 1.481 ms                  | 23.213 ms                 |
| Forward                   | 4.773 ms                  | 20.819 ms                 |
| Backward                  | 9.013 ms                  | 24.221 ms                 |
| Optimize                  | 1.928 ms                  | 6.249 ms                  |
| BarrierTimeBeforeRank0    | 151.141 us                | 13.482 ms                 |
| AfterBackward             | 28.342 ms                 | 562.035 ms                |
| BlockToStepN              | 110.838 ms                | 184.130 ms                |
| OneStep                   | 167.357 ms                | 596.676 ms                |
+---------------------------+---------------------------+---------------------------+
W20240202 14:28:33.785257 41653 grad_async_v1.h:429] Sleep in <BlockToStepN>, step_no=96, pq.top=96
train_sampler.Prefill()
before start barrier
start train
[proc 7] 100 steps, total: 18.725, sample: 0.349, forward: 1.040, backward: 1.057, update: 0.175
train_sampler.Prefill()
before start barrier
start train
[proc 1] 100 steps, total: 18.744, sample: 0.344, forward: 1.098, backward: 1.087, update: 0.181
train_sampler.Prefill()
before start barrier
start train
[proc 2] 100 steps, total: 18.714, sample: 0.391, forward: 1.061, backward: 1.065, update: 0.172
train_sampler.Prefill()
before start barrier
start train
[proc 4] 100 steps, total: 18.713, sample: 0.352, forward: 1.034, backward: 0.575, update: 0.167
train_sampler.Prefill()
before start barrier
start train
[proc 6] 100 steps, total: 18.733, sample: 0.344, forward: 1.051, backward: 1.026, update: 0.193
train_sampler.Prefill()
before start barrier
start train
[proc 5] 100 steps, total: 18.730, sample: 0.344, forward: 1.068, backward: 1.042, update: 0.185
train_sampler.Prefill()
before start barrier
start train
[proc 3] 100 steps, total: 18.716, sample: 0.359, forward: 1.081, backward: 1.071, update: 0.205
train_sampler.Prefill()
-------Step 0-------
tensor([  140,   151,  4321,    47, 12223, 11904,  1888,  8870, 13287, 10647]) tensor([ 2273,  9769,  6072, 11309,    33,  1772,  1300,  5529,  1066, 12897])
-------Step 1-------
tensor([  140,   151,  4321,    47, 12223, 11904,  1888,  8870, 13287, 10647]) tensor([  935,   224, 12965,  2138,  1713,  7131, 13279,  9043,  5401, 11703])
-------Step 2-------
tensor([ 7008, 10009,  6301,  4448,    85,  8899, 11918,  4802,  9949,  1632]) tensor([ 3813,  6026,  4063,  7993,   360,  9031, 13420,  9829, 12484, 11242])
-------Step 3-------
tensor([ 7008, 10009,  6301,  4448,    85,  8899, 11918,  4802,  9949,  1632]) tensor([ 8125,  6439,  7198, 10182,  8141,  1397,   588,  2745, 14065,  3055])
-------Step 4-------
tensor([  151, 10817, 10836,  5846,  5548,  3891,    15,  8272,   135,  1764]) tensor([1217, 1881,  575, 4362, 3438, 3032, 8870, 6911, 6623, 2698])
-------Step 5-------
tensor([  151, 10817, 10836,  5846,  5548,  3891,    15,  8272,   135,  1764]) tensor([11452,  5140,   521,  2295,  3769,  1562,  1553,  1983,  6568,  7012])
-------Step 6-------
tensor([ 2519,  8493,    35,   102,  7542,  3600,  9496, 13273, 14142,    89]) tensor([10009,  3601,  7016,  4678,  8567,  8611,  4463,  9701, 10061, 11943])
-------Step 7-------
tensor([ 2519,  8493,    35,   102,  7542,  3600,  9496, 13273, 14142,    89]) tensor([14309,   816,  4559,  6336,  1999,  1472,  8353,  3831,  7648,  1415])
-------Step 8-------
tensor([ 3810,  7034,  5290, 14106,    61,    11,  9053, 11404,    12,  2931]) tensor([ 5783,  6053,  5852,  7161,  3228, 14722,  8816,  2220,  8672,  4233])
-------Step 9-------
tensor([ 3810,  7034,  5290, 14106,    61,    11,  9053, 11404,    12,  2931]) tensor([12364,  4439, 13245,  7469, 14936,   799, 14689,  9043,  1421, 14340])
before start barrier
start train
[proc 0] 100 steps, total: 18.731, sample: 0.427, forward: 1.195, backward: 1.096, update: 0.217
W20240202 14:28:34.804993 41653 grad_async_v1.h:429] Sleep in <BlockToStepN>, step_no=101, pq.top=101
+---------------------------+---------------------------+---------------------------+
| Name                      | P50                       | P99                       |
+---------------------------+---------------------------+---------------------------+
| ProcessBack:Shuffle       | 8.326 ms                  | 36.008 ms                 |
| ProcessBack:UpdateCache   | 8.977 ms                  | 12.409 ms                 |
| ProcessBack:UpsertPq      | 9.600 ms                  | 19.791 ms                 |
| ProcessOneStep            | 28.290 ms                 | 561.919 ms                |
| BlockToStepN              | 116.547 ms                | 185.204 ms                |
+---------------------------+---------------------------+---------------------------+
W20240202 14:28:35.804014 41653 grad_async_v1.h:429] Sleep in <BlockToStepN>, step_no=106, pq.top=106
W20240202 14:28:36.845531 41653 grad_async_v1.h:429] Sleep in <BlockToStepN>, step_no=111, pq.top=111
W20240202 14:28:37.845016 41653 grad_async_v1.h:429] Sleep in <BlockToStepN>, step_no=115, pq.top=115
+---------------------------+---------------------------+---------------------------+
| Name                      | P50                       | P99                       |
+---------------------------+---------------------------+---------------------------+
| GenInput                  | 1.620 ms                  | 23.213 ms                 |
| Forward                   | 4.772 ms                  | 20.819 ms                 |
| Backward                  | 9.025 ms                  | 24.221 ms                 |
| Optimize                  | 1.906 ms                  | 6.249 ms                  |
| BarrierTimeBeforeRank0    | 368.856 us                | 15.479 ms                 |
| AfterBackward             | 28.424 ms                 | 562.035 ms                |
| BlockToStepN              | 124.471 ms                | 187.478 ms                |
| OneStep                   | 182.476 ms                | 596.676 ms                |
+---------------------------+---------------------------+---------------------------+
W20240202 14:28:38.845005 41653 grad_async_v1.h:429] Sleep in <BlockToStepN>, step_no=119, pq.top=119
W20240202 14:28:39.845013 41653 grad_async_v1.h:429] Sleep in <BlockToStepN>, step_no=123, pq.top=123
+---------------------------+---------------------------+---------------------------+
| Name                      | P50                       | P99                       |
+---------------------------+---------------------------+---------------------------+
| ProcessBack:Shuffle       | 8.326 ms                  | 36.008 ms                 |
| ProcessBack:UpdateCache   | 8.977 ms                  | 12.409 ms                 |
| ProcessBack:UpsertPq      | 9.616 ms                  | 19.791 ms                 |
| ProcessOneStep            | 28.480 ms                 | 561.919 ms                |
| BlockToStepN              | 127.374 ms                | 205.479 ms                |
+---------------------------+---------------------------+---------------------------+
W20240202 14:28:40.845006 41653 grad_async_v1.h:429] Sleep in <BlockToStepN>, step_no=127, pq.top=127
W20240202 14:28:41.845006 41653 grad_async_v1.h:429] Sleep in <BlockToStepN>, step_no=131, pq.top=131
W20240202 14:28:42.845005 41653 grad_async_v1.h:429] Sleep in <BlockToStepN>, step_no=135, pq.top=135
+---------------------------+---------------------------+---------------------------+
| Name                      | P50                       | P99                       |
+---------------------------+---------------------------+---------------------------+
| GenInput                  | 1.620 ms                  | 25.177 ms                 |
| Forward                   | 4.679 ms                  | 20.819 ms                 |
| Backward                  | 8.999 ms                  | 24.221 ms                 |
| Optimize                  | 1.906 ms                  | 6.249 ms                  |
| BarrierTimeBeforeRank0    | 151.141 us                | 15.479 ms                 |
| AfterBackward             | 28.619 ms                 | 562.035 ms                |
| BlockToStepN              | 136.264 ms                | 222.483 ms                |
| OneStep                   | 188.057 ms                | 596.676 ms                |
+---------------------------+---------------------------+---------------------------+
W20240202 14:28:43.845019 41653 grad_async_v1.h:429] Sleep in <BlockToStepN>, step_no=139, pq.top=139
W20240202 14:28:44.845006 41653 grad_async_v1.h:429] Sleep in <BlockToStepN>, step_no=143, pq.top=143
+---------------------------+---------------------------+---------------------------+
| Name                      | P50                       | P99                       |
+---------------------------+---------------------------+---------------------------+
| ProcessBack:Shuffle       | 8.271 ms                  | 26.937 ms                 |
| ProcessBack:UpdateCache   | 9.065 ms                  | 12.409 ms                 |
| ProcessBack:UpsertPq      | 9.752 ms                  | 18.553 ms                 |
| ProcessOneStep            | 28.603 ms                 | 561.919 ms                |
| BlockToStepN              | 137.328 ms                | 225.264 ms                |
+---------------------------+---------------------------+---------------------------+
W20240202 14:28:45.855325 41653 grad_async_v1.h:429] Sleep in <BlockToStepN>, step_no=147, pq.top=147
W20240202 14:28:46.855005 41653 grad_async_v1.h:429] Sleep in <BlockToStepN>, step_no=151, pq.top=151
W20240202 14:28:47.855013 41653 grad_async_v1.h:429] Sleep in <BlockToStepN>, step_no=155, pq.top=155
+---------------------------+---------------------------+---------------------------+
| Name                      | P50                       | P99                       |
+---------------------------+---------------------------+---------------------------+
| GenInput                  | 1.711 ms                  | 23.213 ms                 |
| Forward                   | 4.712 ms                  | 14.280 ms                 |
| Backward                  | 8.930 ms                  | 20.851 ms                 |
| Optimize                  | 1.893 ms                  | 5.823 ms                  |
| BarrierTimeBeforeRank0    | 1.080 ms                  | 18.424 ms                 |
| AfterBackward             | 28.723 ms                 | 59.036 ms                 |
| BlockToStepN              | 141.458 ms                | 225.307 ms                |
| OneStep                   | 197.404 ms                | 289.822 ms                |
+---------------------------+---------------------------+---------------------------+
W20240202 14:28:48.913848 41653 grad_async_v1.h:429] Sleep in <BlockToStepN>, step_no=159, pq.top=159
W20240202 14:28:49.913009 41653 grad_async_v1.h:429] Sleep in <BlockToStepN>, step_no=162, pq.top=162
+---------------------------+---------------------------+---------------------------+
| Name                      | P50                       | P99                       |
