WARNING: Logging before InitGoogleLogging() is written to STDERR
I20240220 15:29:07.630031 19419 IPC_barrier.h:128] MultiProcessBarrierFactory->ClearIPCMemory()
W20240220 15:29:07.634400 19419 IPCTensor.h:369] NewIPCTensor: full_emb [9449206, 32]0x100000002000 1.126 GB
/data/home/xieminhui/RecStore/src/framework_adapters/torch/python/perf_rec_model.py:152: DeprecationWarning: The 'warn' function is deprecated, use 'warning' instead
  XLOG.warn("After init DistEmbedding")
WARNING [19419 perf_rec_model.py:152] After init DistEmbedding
========== Running Perf with routine <function routine_local_cache_helper at 0x7fd0bdb55b20>==========
Worker 1 pid=20007
Worker 2 pid=20009
Worker 3 pid=20010
Worker 4 pid=20011
Worker 5 pid=20012
Worker 6 pid=20013
INFO [19419 distributed_c10d.py:442] Added key: store_based_barrier_key:1 to store for rank: 0
INFO [20007 distributed_c10d.py:442] Added key: store_based_barrier_key:1 to store for rank: 1
INFO [20009 distributed_c10d.py:442] Added key: store_based_barrier_key:1 to store for rank: 2
INFO [20012 distributed_c10d.py:442] Added key: store_based_barrier_key:1 to store for rank: 5
INFO [20013 distributed_c10d.py:442] Added key: store_based_barrier_key:1 to store for rank: 6
INFO [20010 distributed_c10d.py:442] Added key: store_based_barrier_key:1 to store for rank: 3
INFO [20012 distributed_c10d.py:476] Rank 5: Completed store-based barrier for key:store_based_barrier_key:1 with 8 nodes.
INFO [20013 distributed_c10d.py:476] Rank 6: Completed store-based barrier for key:store_based_barrier_key:1 with 8 nodes.
INFO [20011 distributed_c10d.py:442] Added key: store_based_barrier_key:1 to store for rank: 4
INFO [20010 distributed_c10d.py:476] Rank 3: Completed store-based barrier for key:store_based_barrier_key:1 with 8 nodes.
INFO [20015 distributed_c10d.py:442] Added key: store_based_barrier_key:1 to store for rank: 7
INFO [20011 distributed_c10d.py:476] Rank 4: Completed store-based barrier for key:store_based_barrier_key:1 with 8 nodes.
INFO [20015 distributed_c10d.py:476] Rank 7: Completed store-based barrier for key:store_based_barrier_key:1 with 8 nodes.
E20240220 15:29:14.465973 20012 IPCTensor.h:348] IPCTensor full_emb already exists
E20240220 15:29:14.466203 20015 IPCTensor.h:348] IPCTensor full_emb already exists
E20240220 15:29:14.466217 20013 IPCTensor.h:348] IPCTensor full_emb already exists
E20240220 15:29:14.466373 20011 IPCTensor.h:348] IPCTensor full_emb already exists
E20240220 15:29:14.466384 20010 IPCTensor.h:348] IPCTensor full_emb already exists
INFO [20009 distributed_c10d.py:476] Rank 2: Completed store-based barrier for key:store_based_barrier_key:1 with 8 nodes.
INFO [20007 distributed_c10d.py:476] Rank 1: Completed store-based barrier for key:store_based_barrier_key:1 with 8 nodes.
E20240220 15:29:14.467172 20009 IPCTensor.h:348] IPCTensor full_emb already exists
E20240220 15:29:14.467548 20007 IPCTensor.h:348] IPCTensor full_emb already exists
INFO [19419 distributed_c10d.py:476] Rank 0: Completed store-based barrier for key:store_based_barrier_key:1 with 8 nodes.
E20240220 15:29:14.470068 19419 IPCTensor.h:348] IPCTensor full_emb already exists
W20240220 15:29:19.983800 20010 IPCTensor.h:409] NewIPCGPUTensor: embedding_cache_3 [94492, 32]; dev=3; size=11.53 MB
W20240220 15:29:19.988662 20013 IPCTensor.h:409] NewIPCGPUTensor: embedding_cache_6 [94492, 32]; dev=6; size=11.53 MB
W20240220 15:29:19.988945 20009 IPCTensor.h:409] NewIPCGPUTensor: embedding_cache_2 [94492, 32]; dev=2; size=11.53 MB
W20240220 15:29:19.989470 20012 IPCTensor.h:409] NewIPCGPUTensor: embedding_cache_5 [94492, 32]; dev=5; size=11.53 MB
W20240220 15:29:19.989454 20011 IPCTensor.h:409] NewIPCGPUTensor: embedding_cache_4 [94492, 32]; dev=4; size=11.53 MB
W20240220 15:29:19.989559 20015 IPCTensor.h:409] NewIPCGPUTensor: embedding_cache_7 [94492, 32]; dev=7; size=11.53 MB
W20240220 15:29:19.989899 19419 IPCTensor.h:409] NewIPCGPUTensor: embedding_cache_0 [94492, 32]; dev=0; size=11.53 MB
W20240220 15:29:19.991802 20007 IPCTensor.h:409] NewIPCGPUTensor: embedding_cache_1 [94492, 32]; dev=1; size=11.53 MB
W20240220 15:29:20.754668 20012 IPCTensor.h:369] NewIPCTensor: input_keys_5 [1000000]0x10004817d000 7.629 MB
W20240220 15:29:20.754904 20012 IPCTensor.h:369] NewIPCTensor: input_keys_neg_5 [1000000]0x100048920000 7.629 MB
W20240220 15:29:20.755013 20012 IPCTensor.h:369] NewIPCTensor: backward_grads_5 [1000000, 32]0x1000490c3000 122.1 MB
W20240220 15:29:20.755105 20012 IPCTensor.h:369] NewIPCTensor: backward_grads_neg_5 [1000000, 32]0x100050ad7000 122.1 MB
W20240220 15:29:20.755172 20012 IPCTensor.h:409] NewIPCGPUTensor: backward_grads_5_gpu [1000000, 32]; dev=5; size=122.1 MB
W20240220 15:29:20.757400 20012 IPCTensor.h:409] NewIPCGPUTensor: backward_grads_neg_5_gpu [1000000, 32]; dev=5; size=122.1 MB
W20240220 15:29:20.759886 20010 IPCTensor.h:369] NewIPCTensor: input_keys_3 [1000000]0x1000584f3000 7.629 MB
W20240220 15:29:20.759970 20013 IPCTensor.h:369] NewIPCTensor: input_keys_6 [1000000]0x100058c96000 7.629 MB
W20240220 15:29:20.760748 20013 IPCTensor.h:369] NewIPCTensor: input_keys_neg_6 [1000000]0x100059439000 7.629 MB
W20240220 15:29:20.760763 20010 IPCTensor.h:369] NewIPCTensor: input_keys_neg_3 [1000000]0x100059bdc000 7.629 MB
W20240220 15:29:20.761030 20010 IPCTensor.h:369] NewIPCTensor: backward_grads_3 [1000000, 32]0x10005a37f000 122.1 MB
W20240220 15:29:20.761035 20013 IPCTensor.h:369] NewIPCTensor: backward_grads_6 [1000000, 32]0x100061d93000 122.1 MB
W20240220 15:29:20.761111 20013 IPCTensor.h:369] NewIPCTensor: backward_grads_neg_6 [1000000, 32]0x1000697a7000 122.1 MB
W20240220 15:29:20.761121 20010 IPCTensor.h:369] NewIPCTensor: backward_grads_neg_3 [1000000, 32]0x1000711bb000 122.1 MB
W20240220 15:29:20.761564 20010 IPCTensor.h:409] NewIPCGPUTensor: backward_grads_3_gpu [1000000, 32]; dev=3; size=122.1 MB
W20240220 15:29:20.761566 20013 IPCTensor.h:409] NewIPCGPUTensor: backward_grads_6_gpu [1000000, 32]; dev=6; size=122.1 MB
W20240220 15:29:20.773705 20013 IPCTensor.h:409] NewIPCGPUTensor: backward_grads_neg_6_gpu [1000000, 32]; dev=6; size=122.1 MB
W20240220 15:29:20.774135 20010 IPCTensor.h:409] NewIPCGPUTensor: backward_grads_neg_3_gpu [1000000, 32]; dev=3; size=122.1 MB
W20240220 15:29:20.791903 20007 IPCTensor.h:369] NewIPCTensor: input_keys_1 [1000000]0x100078bdb000 7.629 MB
W20240220 15:29:20.791936 20011 IPCTensor.h:369] NewIPCTensor: input_keys_4 [1000000]0x10007937e000 7.629 MB
W20240220 15:29:20.792105 20007 IPCTensor.h:369] NewIPCTensor: input_keys_neg_1 [1000000]0x100079b21000 7.629 MB
W20240220 15:29:20.792120 20011 IPCTensor.h:369] NewIPCTensor: input_keys_neg_4 [1000000]0x10007a2c4000 7.629 MB
W20240220 15:29:20.792186 20007 IPCTensor.h:369] NewIPCTensor: backward_grads_1 [1000000, 32]0x10007aa67000 122.1 MB
W20240220 15:29:20.792201 20011 IPCTensor.h:369] NewIPCTensor: backward_grads_4 [1000000, 32]0x10008247b000 122.1 MB
W20240220 15:29:20.792249 20007 IPCTensor.h:369] NewIPCTensor: backward_grads_neg_1 [1000000, 32]0x100089e8f000 122.1 MB
W20240220 15:29:20.792255 20011 IPCTensor.h:369] NewIPCTensor: backward_grads_neg_4 [1000000, 32]0x1000918a3000 122.1 MB
W20240220 15:29:20.792317 20011 IPCTensor.h:409] NewIPCGPUTensor: backward_grads_4_gpu [1000000, 32]; dev=4; size=122.1 MB
W20240220 15:29:20.792328 20007 IPCTensor.h:409] NewIPCGPUTensor: backward_grads_1_gpu [1000000, 32]; dev=1; size=122.1 MB
W20240220 15:29:20.792976 20011 IPCTensor.h:409] NewIPCGPUTensor: backward_grads_neg_4_gpu [1000000, 32]; dev=4; size=122.1 MB
W20240220 15:29:20.793004 20007 IPCTensor.h:409] NewIPCGPUTensor: backward_grads_neg_1_gpu [1000000, 32]; dev=1; size=122.1 MB
W20240220 15:29:20.797521 20009 IPCTensor.h:369] NewIPCTensor: input_keys_2 [1000000]0x1000992c1000 7.629 MB
W20240220 15:29:20.797649 20009 IPCTensor.h:369] NewIPCTensor: input_keys_neg_2 [1000000]0x100099a64000 7.629 MB
W20240220 15:29:20.797699 20009 IPCTensor.h:369] NewIPCTensor: backward_grads_2 [1000000, 32]0x10009a207000 122.1 MB
W20240220 15:29:20.797748 20009 IPCTensor.h:369] NewIPCTensor: backward_grads_neg_2 [1000000, 32]0x1000a1c1b000 122.1 MB
W20240220 15:29:20.797823 20009 IPCTensor.h:409] NewIPCGPUTensor: backward_grads_2_gpu [1000000, 32]; dev=2; size=122.1 MB
W20240220 15:29:20.798194 20009 IPCTensor.h:409] NewIPCGPUTensor: backward_grads_neg_2_gpu [1000000, 32]; dev=2; size=122.1 MB
W20240220 15:29:20.801463 20015 IPCTensor.h:369] NewIPCTensor: input_keys_7 [1000000]0x1000a9635000 7.629 MB
W20240220 15:29:20.801602 20015 IPCTensor.h:369] NewIPCTensor: input_keys_neg_7 [1000000]0x1000a9dd8000 7.629 MB
W20240220 15:29:20.801661 20015 IPCTensor.h:369] NewIPCTensor: backward_grads_7 [1000000, 32]0x1000aa57b000 122.1 MB
W20240220 15:29:20.801733 20015 IPCTensor.h:369] NewIPCTensor: backward_grads_neg_7 [1000000, 32]0x1000b1f8f000 122.1 MB
W20240220 15:29:20.801775 20015 IPCTensor.h:409] NewIPCGPUTensor: backward_grads_7_gpu [1000000, 32]; dev=7; size=122.1 MB
W20240220 15:29:20.802139 20015 IPCTensor.h:409] NewIPCGPUTensor: backward_grads_neg_7_gpu [1000000, 32]; dev=7; size=122.1 MB
W20240220 15:29:20.806064 19419 IPCTensor.h:369] NewIPCTensor: input_keys_0 [1000000]0x1000b99a9000 7.629 MB
W20240220 15:29:20.806269 19419 IPCTensor.h:369] NewIPCTensor: input_keys_neg_0 [1000000]0x1000ba14c000 7.629 MB
W20240220 15:29:20.806366 19419 IPCTensor.h:369] NewIPCTensor: backward_grads_0 [1000000, 32]0x1000ba8ef000 122.1 MB
W20240220 15:29:20.806401 19419 IPCTensor.h:369] NewIPCTensor: backward_grads_neg_0 [1000000, 32]0x1000c2303000 122.1 MB
W20240220 15:29:20.806444 19419 IPCTensor.h:409] NewIPCGPUTensor: backward_grads_0_gpu [1000000, 32]; dev=0; size=122.1 MB
W20240220 15:29:20.899731 19419 IPCTensor.h:409] NewIPCGPUTensor: backward_grads_neg_0_gpu [1000000, 32]; dev=0; size=122.1 MB
cudaHostRegister 0x100000002000
3: KnownLocalCachedEmbedding init done
Worker 7 pid=20015
New CachedEmbedding, name=full_emb, shape=(9449206, 32), cache_type=KnownLocalCachedEmbedding
fixed cache_range is [(0, 94492), (94492, 188984), (188984, 283476), (283476, 377968), (377968, 472460), (472460, 566952), (566952, 661444), (661444, 755936)]
cudaHostRegister 0x100000002000
0: KnownLocalCachedEmbedding init done
cudaHostRegister 0x100000002000
5: KnownLocalCachedEmbedding init done
cudaHostRegister 0x100000002000
7: KnownLocalCachedEmbedding init done
cudaHostRegister 0x100000002000
6: KnownLocalCachedEmbedding init done
cudaHostRegister 0x100000002000
4: KnownLocalCachedEmbedding init done
cudaHostRegister 0x100000002000
1: KnownLocalCachedEmbedding init done
cudaHostRegister 0x100000002000
2: KnownLocalCachedEmbedding init done
W20240220 15:29:25.802004 19419 IPCTensor.h:369] NewIPCTensor: cached_sampler_r0_0 [1000000]0x1000c9d1b000 7.629 MB
W20240220 15:29:25.802407 19419 IPCTensor.h:369] NewIPCTensor: cached_sampler_r0_1 [1000000]0x1000ca4be000 7.629 MB
W20240220 15:29:25.802462 19419 IPCTensor.h:369] NewIPCTensor: cached_sampler_r0_2 [1000000]0x1000cac61000 7.629 MB
W20240220 15:29:25.802500 19419 IPCTensor.h:369] NewIPCTensor: cached_sampler_r0_3 [1000000]0x1000cb404000 7.629 MB
W20240220 15:29:25.802544 19419 IPCTensor.h:369] NewIPCTensor: cached_sampler_r0_4 [1000000]0x1000cbba7000 7.629 MB
W20240220 15:29:25.802584 19419 IPCTensor.h:369] NewIPCTensor: cached_sampler_r0_5 [1000000]0x1000cc34a000 7.629 MB
W20240220 15:29:25.802632 19419 IPCTensor.h:369] NewIPCTensor: cached_sampler_r0_6 [1000000]0x1000ccaed000 7.629 MB
W20240220 15:29:25.802673 19419 IPCTensor.h:369] NewIPCTensor: cached_sampler_r0_7 [1000000]0x1000cd290000 7.629 MB
W20240220 15:29:25.802718 19419 IPCTensor.h:369] NewIPCTensor: cached_sampler_r0_8 [1000000]0x1000cda33000 7.629 MB
W20240220 15:29:25.802768 19419 IPCTensor.h:369] NewIPCTensor: cached_sampler_r0_9 [1000000]0x1000ce1d6000 7.629 MB
W20240220 15:29:25.802853 19419 IPCTensor.h:369] NewIPCTensor: step_r0 [10]0x1000ce979000 80 B 
W20240220 15:29:25.802888 19419 IPCTensor.h:369] NewIPCTensor: circle_buffer_end_r0 [1]0x1000ce97b000 8 B 
W20240220 15:29:25.802913 19419 IPCTensor.h:369] NewIPCTensor: circle_buffer_end_cppseen_r0 [1]0x1000ce97d000 8 B 
Dataset:  /home/xieminhui/RecStoreDataset/avazu_binary
Dataset loaded
np.max =  9449205
np.min=  1
Construct RecModelSampler done
I20240220 15:29:25.803403 19419 IPC_barrier.h:118] CreateBarrier: new barrier, name: kgcachecontroller, count: 8
W20240220 15:29:25.813616 20007 IPCTensor.h:369] NewIPCTensor: cached_sampler_r1_0 [1000000]0x1000ce97f000 7.629 MB
W20240220 15:29:25.813772 20007 IPCTensor.h:369] NewIPCTensor: cached_sampler_r1_1 [1000000]0x1000cf122000 7.629 MB
W20240220 15:29:25.813838 20007 IPCTensor.h:369] NewIPCTensor: cached_sampler_r1_2 [1000000]0x1000cf8c5000 7.629 MB
W20240220 15:29:25.813894 20007 IPCTensor.h:369] NewIPCTensor: cached_sampler_r1_3 [1000000]0x1000d0068000 7.629 MB
W20240220 15:29:25.813948 20007 IPCTensor.h:369] NewIPCTensor: cached_sampler_r1_4 [1000000]0x1000d080b000 7.629 MB
W20240220 15:29:25.813993 20007 IPCTensor.h:369] NewIPCTensor: cached_sampler_r1_5 [1000000]0x1000d0fae000 7.629 MB
W20240220 15:29:25.814044 20007 IPCTensor.h:369] NewIPCTensor: cached_sampler_r1_6 [1000000]0x1000d1751000 7.629 MB
W20240220 15:29:25.814108 20007 IPCTensor.h:369] NewIPCTensor: cached_sampler_r1_7 [1000000]0x1000d1ef4000 7.629 MB
W20240220 15:29:25.814163 20007 IPCTensor.h:369] NewIPCTensor: cached_sampler_r1_8 [1000000]0x1000d2697000 7.629 MB
W20240220 15:29:25.814208 20007 IPCTensor.h:369] NewIPCTensor: cached_sampler_r1_9 [1000000]0x1000d2e3a000 7.629 MB
W20240220 15:29:25.814250 20007 IPCTensor.h:369] NewIPCTensor: step_r1 [10]0x1000d35dd000 80 B 
W20240220 15:29:25.814289 20007 IPCTensor.h:369] NewIPCTensor: circle_buffer_end_r1 [1]0x1000d35df000 8 B 
W20240220 15:29:25.814334 20007 IPCTensor.h:369] NewIPCTensor: circle_buffer_end_cppseen_r1 [1]0x1000d35e1000 8 B 
Dataset:  /home/xieminhui/RecStoreDataset/avazu_binary
Dataset loaded
np.max =  9449205
np.min=  1
Construct RecModelSampler done
I20240220 15:29:25.814808 20007 IPC_barrier.h:112] CreateBarrier: find existing barrier, name: kgcachecontroller, count: 8
W20240220 15:29:25.815807 20009 IPCTensor.h:369] NewIPCTensor: cached_sampler_r2_0 [1000000]0x1000d35e3000 7.629 MB
W20240220 15:29:25.815932 20009 IPCTensor.h:369] NewIPCTensor: cached_sampler_r2_1 [1000000]0x1000d3d86000 7.629 MB
W20240220 15:29:25.815985 20009 IPCTensor.h:369] NewIPCTensor: cached_sampler_r2_2 [1000000]0x1000d4529000 7.629 MB
W20240220 15:29:25.816066 20009 IPCTensor.h:369] NewIPCTensor: cached_sampler_r2_3 [1000000]0x1000d4ccc000 7.629 MB
W20240220 15:29:25.816159 20009 IPCTensor.h:369] NewIPCTensor: cached_sampler_r2_4 [1000000]0x1000d546f000 7.629 MB
W20240220 15:29:25.816219 20009 IPCTensor.h:369] NewIPCTensor: cached_sampler_r2_5 [1000000]0x1000d5c12000 7.629 MB
W20240220 15:29:25.816287 20009 IPCTensor.h:369] NewIPCTensor: cached_sampler_r2_6 [1000000]0x1000d63b5000 7.629 MB
W20240220 15:29:25.816355 20009 IPCTensor.h:369] NewIPCTensor: cached_sampler_r2_7 [1000000]0x1000d6b58000 7.629 MB
W20240220 15:29:25.816416 20009 IPCTensor.h:369] NewIPCTensor: cached_sampler_r2_8 [1000000]0x1000d72fb000 7.629 MB
W20240220 15:29:25.816466 20009 IPCTensor.h:369] NewIPCTensor: cached_sampler_r2_9 [1000000]0x1000d7a9e000 7.629 MB
W20240220 15:29:25.816514 20009 IPCTensor.h:369] NewIPCTensor: step_r2 [10]0x1000d8241000 80 B 
W20240220 15:29:25.816558 20009 IPCTensor.h:369] NewIPCTensor: circle_buffer_end_r2 [1]0x1000d8243000 8 B 
W20240220 15:29:25.816603 20009 IPCTensor.h:369] NewIPCTensor: circle_buffer_end_cppseen_r2 [1]0x1000d8245000 8 B 
Dataset:  /home/xieminhui/RecStoreDataset/avazu_binary
Dataset loaded
np.max =  9449205
np.min=  1
Construct RecModelSampler done
I20240220 15:29:25.816919 20009 IPC_barrier.h:112] CreateBarrier: find existing barrier, name: kgcachecontroller, count: 8
W20240220 15:29:25.998579 20011 IPCTensor.h:369] NewIPCTensor: cached_sampler_r4_0 [1000000]0x1000d8247000 7.629 MB
W20240220 15:29:25.998855 20011 IPCTensor.h:369] NewIPCTensor: cached_sampler_r4_1 [1000000]0x1000d89ea000 7.629 MB
W20240220 15:29:25.998940 20011 IPCTensor.h:369] NewIPCTensor: cached_sampler_r4_2 [1000000]0x1000d918d000 7.629 MB
W20240220 15:29:25.999022 20011 IPCTensor.h:369] NewIPCTensor: cached_sampler_r4_3 [1000000]0x1000d9930000 7.629 MB
W20240220 15:29:25.999135 20011 IPCTensor.h:369] NewIPCTensor: cached_sampler_r4_4 [1000000]0x1000da0d3000 7.629 MB
W20240220 15:29:25.999207 20011 IPCTensor.h:369] NewIPCTensor: cached_sampler_r4_5 [1000000]0x1000da876000 7.629 MB
W20240220 15:29:25.999275 20011 IPCTensor.h:369] NewIPCTensor: cached_sampler_r4_6 [1000000]0x1000db019000 7.629 MB
W20240220 15:29:25.999358 20011 IPCTensor.h:369] NewIPCTensor: cached_sampler_r4_7 [1000000]0x1000db7bc000 7.629 MB
W20240220 15:29:25.999429 20011 IPCTensor.h:369] NewIPCTensor: cached_sampler_r4_8 [1000000]0x1000dbf5f000 7.629 MB
W20240220 15:29:25.999483 20011 IPCTensor.h:369] NewIPCTensor: cached_sampler_r4_9 [1000000]0x1000dc702000 7.629 MB
W20240220 15:29:25.999536 20011 IPCTensor.h:369] NewIPCTensor: step_r4 [10]0x1000dcea5000 80 B 
W20240220 15:29:25.999581 20011 IPCTensor.h:369] NewIPCTensor: circle_buffer_end_r4 [1]0x1000dcea7000 8 B 
W20240220 15:29:25.999629 20011 IPCTensor.h:369] NewIPCTensor: circle_buffer_end_cppseen_r4 [1]0x1000dcea9000 8 B 
Dataset:  /home/xieminhui/RecStoreDataset/avazu_binary
Dataset loaded
np.max =  9449205
np.min=  1
Construct RecModelSampler done
I20240220 15:29:26.000118 20011 IPC_barrier.h:112] CreateBarrier: find existing barrier, name: kgcachecontroller, count: 8
W20240220 15:29:26.007177 20012 IPCTensor.h:369] NewIPCTensor: cached_sampler_r5_0 [1000000]0x1000dceab000 7.629 MB
W20240220 15:29:26.007484 20012 IPCTensor.h:369] NewIPCTensor: cached_sampler_r5_1 [1000000]0x1000dd64e000 7.629 MB
W20240220 15:29:26.007601 20012 IPCTensor.h:369] NewIPCTensor: cached_sampler_r5_2 [1000000]0x1000dddf1000 7.629 MB
W20240220 15:29:26.007697 20012 IPCTensor.h:369] NewIPCTensor: cached_sampler_r5_3 [1000000]0x1000de594000 7.629 MB
W20240220 15:29:26.007792 20012 IPCTensor.h:369] NewIPCTensor: cached_sampler_r5_4 [1000000]0x1000ded37000 7.629 MB
W20240220 15:29:26.007866 20012 IPCTensor.h:369] NewIPCTensor: cached_sampler_r5_5 [1000000]0x1000df4da000 7.629 MB
W20240220 15:29:26.007951 20012 IPCTensor.h:369] NewIPCTensor: cached_sampler_r5_6 [1000000]0x1000dfc7d000 7.629 MB
W20240220 15:29:26.008097 20012 IPCTensor.h:369] NewIPCTensor: cached_sampler_r5_7 [1000000]0x1000e0420000 7.629 MB
W20240220 15:29:26.008196 20012 IPCTensor.h:369] NewIPCTensor: cached_sampler_r5_8 [1000000]0x1000e0bc3000 7.629 MB
W20240220 15:29:26.008247 20012 IPCTensor.h:369] NewIPCTensor: cached_sampler_r5_9 [1000000]0x1000e1366000 7.629 MB
W20240220 15:29:26.008298 20012 IPCTensor.h:369] NewIPCTensor: step_r5 [10]0x1000e1b09000 80 B 
W20240220 15:29:26.008345 20012 IPCTensor.h:369] NewIPCTensor: circle_buffer_end_r5 [1]0x1000e1b0b000 8 B 
W20240220 15:29:26.008400 20012 IPCTensor.h:369] NewIPCTensor: circle_buffer_end_cppseen_r5 [1]0x1000e1b0d000 8 B 
Dataset:  /home/xieminhui/RecStoreDataset/avazu_binary
Dataset loaded
np.max =  9449205
np.min=  1
Construct RecModelSampler done
I20240220 15:29:26.008914 20012 IPC_barrier.h:112] CreateBarrier: find existing barrier, name: kgcachecontroller, count: 8
W20240220 15:29:26.016022 20010 IPCTensor.h:369] NewIPCTensor: cached_sampler_r3_0 [1000000]0x1000e1b0f000 7.629 MB
W20240220 15:29:26.016199 20010 IPCTensor.h:369] NewIPCTensor: cached_sampler_r3_1 [1000000]0x1000e22b2000 7.629 MB
W20240220 15:29:26.016273 20010 IPCTensor.h:369] NewIPCTensor: cached_sampler_r3_2 [1000000]0x1000e2a55000 7.629 MB
W20240220 15:29:26.016335 20010 IPCTensor.h:369] NewIPCTensor: cached_sampler_r3_3 [1000000]0x1000e31f8000 7.629 MB
W20240220 15:29:26.016392 20010 IPCTensor.h:369] NewIPCTensor: cached_sampler_r3_4 [1000000]0x1000e399b000 7.629 MB
W20240220 15:29:26.016449 20010 IPCTensor.h:369] NewIPCTensor: cached_sampler_r3_5 [1000000]0x1000e413e000 7.629 MB
W20240220 15:29:26.016510 20010 IPCTensor.h:369] NewIPCTensor: cached_sampler_r3_6 [1000000]0x1000e48e1000 7.629 MB
W20240220 15:29:26.016572 20010 IPCTensor.h:369] NewIPCTensor: cached_sampler_r3_7 [1000000]0x1000e5084000 7.629 MB
W20240220 15:29:26.016635 20010 IPCTensor.h:369] NewIPCTensor: cached_sampler_r3_8 [1000000]0x1000e5827000 7.629 MB
W20240220 15:29:26.016685 20010 IPCTensor.h:369] NewIPCTensor: cached_sampler_r3_9 [1000000]0x1000e5fca000 7.629 MB
W20240220 15:29:26.016736 20010 IPCTensor.h:369] NewIPCTensor: step_r3 [10]0x1000e676d000 80 B 
W20240220 15:29:26.016794 20010 IPCTensor.h:369] NewIPCTensor: circle_buffer_end_r3 [1]0x1000e676f000 8 B 
W20240220 15:29:26.016839 20010 IPCTensor.h:369] NewIPCTensor: circle_buffer_end_cppseen_r3 [1]0x1000e6771000 8 B 
Dataset:  /home/xieminhui/RecStoreDataset/avazu_binary
Dataset loaded
np.max =  9449205
np.min=  1
Construct RecModelSampler done
I20240220 15:29:26.017197 20010 IPC_barrier.h:112] CreateBarrier: find existing barrier, name: kgcachecontroller, count: 8
W20240220 15:29:26.018267 20013 IPCTensor.h:369] NewIPCTensor: cached_sampler_r6_0 [1000000]0x1000e6773000 7.629 MB
W20240220 15:29:26.018407 20013 IPCTensor.h:369] NewIPCTensor: cached_sampler_r6_1 [1000000]0x1000e6f16000 7.629 MB
W20240220 15:29:26.018471 20013 IPCTensor.h:369] NewIPCTensor: cached_sampler_r6_2 [1000000]0x1000e76b9000 7.629 MB
W20240220 15:29:26.018529 20013 IPCTensor.h:369] NewIPCTensor: cached_sampler_r6_3 [1000000]0x1000e7e5c000 7.629 MB
W20240220 15:29:26.018581 20013 IPCTensor.h:369] NewIPCTensor: cached_sampler_r6_4 [1000000]0x1000e85ff000 7.629 MB
W20240220 15:29:26.018632 20013 IPCTensor.h:369] NewIPCTensor: cached_sampler_r6_5 [1000000]0x1000e8da2000 7.629 MB
W20240220 15:29:26.018687 20013 IPCTensor.h:369] NewIPCTensor: cached_sampler_r6_6 [1000000]0x1000e9545000 7.629 MB
W20240220 15:29:26.018746 20013 IPCTensor.h:369] NewIPCTensor: cached_sampler_r6_7 [1000000]0x1000e9ce8000 7.629 MB
W20240220 15:29:26.018805 20013 IPCTensor.h:369] NewIPCTensor: cached_sampler_r6_8 [1000000]0x1000ea48b000 7.629 MB
W20240220 15:29:26.018860 20013 IPCTensor.h:369] NewIPCTensor: cached_sampler_r6_9 [1000000]0x1000eac2e000 7.629 MB
W20240220 15:29:26.018931 20013 IPCTensor.h:369] NewIPCTensor: step_r6 [10]0x1000eb3d1000 80 B 
W20240220 15:29:26.018970 20013 IPCTensor.h:369] NewIPCTensor: circle_buffer_end_r6 [1]0x1000eb3d3000 8 B 
W20240220 15:29:26.019006 20013 IPCTensor.h:369] NewIPCTensor: circle_buffer_end_cppseen_r6 [1]0x1000eb3d5000 8 B 
Dataset:  /home/xieminhui/RecStoreDataset/avazu_binary
Dataset loaded
np.max =  9449205
np.min=  1
Construct RecModelSampler done
I20240220 15:29:26.019268 20013 IPC_barrier.h:112] CreateBarrier: find existing barrier, name: kgcachecontroller, count: 8
W20240220 15:29:26.023577 20015 IPCTensor.h:369] NewIPCTensor: cached_sampler_r7_0 [1000000]0x1000eb3d7000 7.629 MB
W20240220 15:29:26.023696 20015 IPCTensor.h:369] NewIPCTensor: cached_sampler_r7_1 [1000000]0x1000ebb7a000 7.629 MB
W20240220 15:29:26.023756 20015 IPCTensor.h:369] NewIPCTensor: cached_sampler_r7_2 [1000000]0x1000ec31d000 7.629 MB
W20240220 15:29:26.023805 20015 IPCTensor.h:369] NewIPCTensor: cached_sampler_r7_3 [1000000]0x1000ecac0000 7.629 MB
W20240220 15:29:26.023852 20015 IPCTensor.h:369] NewIPCTensor: cached_sampler_r7_4 [1000000]0x1000ed263000 7.629 MB
W20240220 15:29:26.023902 20015 IPCTensor.h:369] NewIPCTensor: cached_sampler_r7_5 [1000000]0x1000eda06000 7.629 MB
W20240220 15:29:26.023953 20015 IPCTensor.h:369] NewIPCTensor: cached_sampler_r7_6 [1000000]0x1000ee1a9000 7.629 MB
W20240220 15:29:26.024003 20015 IPCTensor.h:369] NewIPCTensor: cached_sampler_r7_7 [1000000]0x1000ee94c000 7.629 MB
W20240220 15:29:26.024056 20015 IPCTensor.h:369] NewIPCTensor: cached_sampler_r7_8 [1000000]0x1000ef0ef000 7.629 MB
W20240220 15:29:26.024101 20015 IPCTensor.h:369] NewIPCTensor: cached_sampler_r7_9 [1000000]0x1000ef892000 7.629 MB
W20240220 15:29:26.024166 20015 IPCTensor.h:369] NewIPCTensor: step_r7 [10]0x1000f0035000 80 B 
W20240220 15:29:26.024214 20015 IPCTensor.h:369] NewIPCTensor: circle_buffer_end_r7 [1]0x1000f0037000 8 B 
W20240220 15:29:26.024260 20015 IPCTensor.h:369] NewIPCTensor: circle_buffer_end_cppseen_r7 [1]0x1000f0039000 8 B 
Dataset:  /home/xieminhui/RecStoreDataset/avazu_binary
Dataset loaded
np.max =  9449205
np.min=  1
Construct RecModelSampler done
I20240220 15:29:26.024546 20015 IPC_barrier.h:112] CreateBarrier: find existing barrier, name: kgcachecontroller, count: 8
W20240220 15:29:26.027506 19419 grad_base.h:55] KGCacheController, config={
        "num_gpus": 8,
        "L": 10,
        "kForwardItersPerStep": 1,
        "clr": 0.01,
        "backwardMode": "CppAsyncV2",
        "nr_background_threads": 16, 
        "cache_ratio": 0.01,
        "backgrad_init": "both",
        "update_pq_use_omp": 2,
        "kUpdatePqWorkerNum": 8
    }
W20240220 15:29:26.027834 19419 grad_base.h:184] Init GradProcessingBase done
I20240220 15:29:27.266611 19419 grad_async_v2.h:42] Use main thread to update emb.
W20240220 15:29:27.266921 19419 kg_controller.h:78] after init GradAsyncProcessingV2
I20240220 15:29:27.266934 19419 kg_controller.h:84] Construct KGCacheController done
E20240220 15:29:28.092401 20011 recstore.cc:67] init folly done
E20240220 15:29:28.092411 20007 recstore.cc:67] init folly done
E20240220 15:29:28.092415 20009 recstore.cc:67] init folly done
E20240220 15:29:28.092419 19419 recstore.cc:67] init folly done
Construct KGCacheControllerWrapper done
Construct KGCacheControllerWrapper done
Construct KGCacheControllerWrapper done
Construct KGCacheControllerWrapper done
E20240220 15:29:28.092581 20012 recstore.cc:67] init folly done
Construct KGCacheControllerWrapper done
E20240220 15:29:28.093663 20013 recstore.cc:67] init folly done
E20240220 15:29:28.093667 20015 recstore.cc:67] init folly done
E20240220 15:29:28.093672 20010 recstore.cc:67] init folly done
Construct KGCacheControllerWrapper done
Construct KGCacheControllerWrapper done
Construct KGCacheControllerWrapper done
I20240220 15:29:28.094846 19419 grad_base.h:60] GraphEnv RegTensorsPerProcess
W20240220 15:29:29.189781 21256 grad_async_v2.h:137] Detect new sample comes, old_end0, new_end1
E20240220 15:29:29.190403 21256 parallel_pq_v2.h:79] insert failed, size(hashtable)=0
E20240220 15:29:30.190032 21256 parallel_pq_v2.h:79] insert failed, size(hashtable)=0
W20240220 15:29:30.195978 21256 grad_async_v2.h:137] Detect new sample comes, old_end2, new_end3
E20240220 15:29:31.190028 21256 parallel_pq_v2.h:79] insert failed, size(hashtable)=1
W20240220 15:29:31.202718 21256 grad_async_v2.h:137] Detect new sample comes, old_end5, new_end6
E20240220 15:29:32.190032 21256 parallel_pq_v2.h:79] insert failed, size(hashtable)=1
W20240220 15:29:32.202706 21256 grad_async_v2.h:137] Detect new sample comes, old_end7, new_end8
+---------------------------+---------------------------+---------------------------+
| Name                      | P50                       | P99                       |
+---------------------------+---------------------------+---------------------------+
| clean                     | 162.917 us                | 7.547 ms                  |
+---------------------------+---------------------------+---------------------------+
E20240220 15:29:33.190018 21256 parallel_pq_v2.h:79] insert failed, size(hashtable)=162
Before Training
I20240220 15:29:34.414453 20015 IPC_barrier.h:118] CreateBarrier: new barrier, name: start_barrier, count: 8
Before Training
Before Training
Before Training
Before Training
I20240220 15:29:34.416325 20012 IPC_barrier.h:112] CreateBarrier: find existing barrier, name: start_barrier, count: 8
I20240220 15:29:34.416391 20013 IPC_barrier.h:112] CreateBarrier: find existing barrier, name: start_barrier, count: 8
Before Training
I20240220 15:29:34.416422 20011 IPC_barrier.h:112] CreateBarrier: find existing barrier, name: start_barrier, count: 8
Before Training
I20240220 15:29:34.416465 20009 IPC_barrier.h:112] CreateBarrier: find existing barrier, name: start_barrier, count: 8
Before Training
I20240220 15:29:34.416532 20010 IPC_barrier.h:112] CreateBarrier: find existing barrier, name: start_barrier, count: 8
I20240220 15:29:34.416621 19419 IPC_barrier.h:112] CreateBarrier: find existing barrier, name: start_barrier, count: 8
I20240220 15:29:34.416836 20007 IPC_barrier.h:112] CreateBarrier: find existing barrier, name: start_barrier, count: 8
W20240220 15:29:34.419726 21256 grad_async_v2.h:137] Detect new sample comes, old_end0, new_end1
========== Step 0 ========== 
E20240220 15:29:34.420087 21256 parallel_pq_v2.h:79] insert failed, size(hashtable)=1
+---------------------------+---------------------------+---------------------------+
| Name                      | P50                       | P99                       |
+---------------------------+---------------------------+---------------------------+
| GenInput:CircleBuffer     | 235.577 us                | 235.577 us                |
| GenInput                  | 5.596 ms                  | 5.596 ms                  |
| NN                        | 261.333 ms                | 261.333 ms                |
| Forward                   | 266.544 ms                | 266.544 ms                |
| Backward                  | 116.327 ms                | 116.327 ms                |
| Optimize                  | 6.910 ms                  | 6.910 ms                  |
| BarrierTimeBeforeRank0    | 15.571 ms                 | 15.571 ms                 |
+---------------------------+---------------------------+---------------------------+
E20240220 15:29:36.068698 22053 parallel_pq_v2.h:79] insert failed, size(hashtable)=0
W20240220 15:29:36.469609 19419 grad_async_v2.h:270] Sleep in <BlockToStepN>, step_no=1, pq.top=1
W20240220 15:29:36.950771 21256 grad_async_v2.h:137] Detect new sample comes, old_end1, new_end2
========== Step 1 ========== 
INFO [20009 distributed.py:1140] Reducer buckets have been rebuilt in this iteration.
INFO [20007 distributed.py:1140] Reducer buckets have been rebuilt in this iteration.
INFO [19419 distributed.py:1140] Reducer buckets have been rebuilt in this iteration.
INFO [20015 distributed.py:1140] Reducer buckets have been rebuilt in this iteration.
INFO [20013 distributed.py:1140] Reducer buckets have been rebuilt in this iteration.
INFO [20012 distributed.py:1140] Reducer buckets have been rebuilt in this iteration.
INFO [20010 distributed.py:1140] Reducer buckets have been rebuilt in this iteration.
INFO [20011 distributed.py:1140] Reducer buckets have been rebuilt in this iteration.
========== Step 2 ========== 
========== Step 3 ========== 
========== Step 4 ========== 
E20240220 15:29:37.068181 21256 parallel_pq_v2.h:79] insert failed, size(hashtable)=1
========== Step 5 ========== 
========== Step 6 ========== 
========== Step 7 ========== 
========== Step 8 ========== 
========== Step 9 ========== 
========== Step 10 ========== 
========== Step 11 ========== 
E20240220 15:29:37.210496 19419 grad_async_v2.h:404] Stalled in ProcessBackward: rank=1, step_no=11, sample_step_cpp_seen_[rank]=10
========== Step 12 ========== 
E20240220 15:29:38.068104 21256 parallel_pq_v2.h:79] insert failed, size(hashtable)=1
+---------------------------+---------------------------+---------------------------+
| Name                      | P50                       | P99                       |
+---------------------------+---------------------------+---------------------------+
| clean                     | 123.144 us                | 250.496 us                |
| ProcessBack:Shuffle       | 3.602 ms                  | 451.637 ms                |
| ProcessBack:UpdateCache   | 3.784 ms                  | 768.672 ms                |
| ProcessBack:UpsertPq      | 52.068 us                 | 401.780 ms                |
| ProcessOneStep            | 8.531 ms                  | 1.637 s                   |
| BlockToStepN              | 51.476 us                 | 478.148 ms                |
+---------------------------+---------------------------+---------------------------+
W20240220 15:29:38.124883 21256 grad_async_v2.h:137] Detect new sample comes, old_end8, new_end3
========== Step 13 ========== 
========== Step 14 ========== 
========== Step 15 ========== 
========== Step 16 ========== 
========== Step 17 ========== 
========== Step 18 ========== 
W20240220 15:29:38.771978 19419 grad_async_v2.h:257] pq is empty
========== Step 19 ========== 
========== Step 20 ========== 
W20240220 15:29:38.800999 19419 grad_async_v2.h:257] pq is empty
========== Step 21 ========== 
========== Step 22 ========== 
W20240220 15:29:38.839555 19419 grad_async_v2.h:257] pq is empty
========== Step 23 ========== 
E20240220 15:29:39.068013 21256 parallel_pq_v2.h:79] insert failed, size(hashtable)=0
W20240220 15:29:39.143170 21256 grad_async_v2.h:137] Detect new sample comes, old_end3, new_end4
========== Step 24 ========== 
========== Step 25 ========== 
========== Step 26 ========== 
========== Step 27 ========== 
========== Step 28 ========== 
========== Step 29 ========== 
========== Step 30 ========== 
========== Step 31 ========== 
========== Step 32 ========== 
========== Step 33 ========== 
========== Step 34 ========== 
========== Step 35 ========== 
========== Step 36 ========== 
========== Step 37 ========== 
========== Step 38 ========== 
E20240220 15:29:40.068130 21256 parallel_pq_v2.h:79] insert failed, size(hashtable)=11
========== Step 39 ========== 
========== Step 40 ========== 
========== Step 41 ========== 
========== Step 42 ========== 
========== Step 43 ========== 
========== Step 44 ========== 
W20240220 15:29:40.396917 19419 grad_async_v2.h:257] pq is empty
========== Step 45 ========== 
W20240220 15:29:40.397565 21256 grad_async_v2.h:137] Detect new sample comes, old_end5, new_end6
W20240220 15:29:40.771258 19419 grad_async_v2.h:257] pq is empty
========== Step 46 ========== 
========== Step 47 ========== 
========== Step 48 ========== 
========== Step 49 ========== 
========== Step 50 ========== 
========== Step 51 ========== 
========== Step 52 ========== 
========== Step 53 ========== 
========== Step 54 ========== 
========== Step 55 ========== 
========== Step 56 ========== 
+---------------------------+---------------------------+---------------------------+
| Name                      | P50                       | P99                       |
+---------------------------+---------------------------+---------------------------+
| GenInput:CircleBuffer     | 141.841 us                | 663.916 us                |
| GenInput                  | 556.909 us                | 6.508 ms                  |
| NN                        | 1.170 ms                  | 9.405 ms                  |
| Forward                   | 1.539 ms                  | 10.694 ms                 |
| Backward                  | 3.055 ms                  | 15.249 ms                 |
| Optimize                  | 288.686 us                | 809.873 us                |
| BarrierTimeBeforeRank0    | 824.766 us                | 4.184 ms                  |
| AfterBackward             | 7.720 ms                  | 944.104 ms                |
| BlockToStepN              | 196.084 us                | 14.041 ms                 |
| OneStep                   | 19.345 ms                 | 954.221 ms                |
+---------------------------+---------------------------+---------------------------+
E20240220 15:29:41.068095 21256 parallel_pq_v2.h:79] insert failed, size(hashtable)=5
========== Step 57 ========== 
W20240220 15:29:41.620661 21256 grad_async_v2.h:137] Detect new sample comes, old_end7, new_end8
========== Step 58 ========== 
========== Step 59 ========== 
========== Step 60 ========== 
========== Step 61 ========== 
E20240220 15:29:42.068109 21256 parallel_pq_v2.h:79] insert failed, size(hashtable)=1
========== Step 62 ========== 
========== Step 63 ========== 
========== Step 64 ========== 
========== Step 65 ========== 
========== Step 66 ========== 
========== Step 67 ========== 
========== Step 68 ========== 
E20240220 15:29:42.225808 19419 grad_async_v2.h:404] Stalled in ProcessBackward: rank=2, step_no=68, sample_step_cpp_seen_[rank]=67
W20240220 15:29:42.628024 21256 grad_async_v2.h:137] Detect new sample comes, old_end8, new_end9
========== Step 69 ========== 
========== Step 70 ========== 
========== Step 71 ========== 
========== Step 72 ========== 
========== Step 73 ========== 
========== Step 74 ========== 
========== Step 75 ========== 
========== Step 76 ========== 
E20240220 15:29:43.068311 21256 parallel_pq_v2.h:79] insert failed, size(hashtable)=1
+---------------------------+---------------------------+---------------------------+
| Name                      | P50                       | P99                       |
+---------------------------+---------------------------+---------------------------+
| clean                     | 136.299 us                | 435.969 us                |
| ProcessBack:Shuffle       | 3.689 ms                  | 20.683 ms                 |
| ProcessBack:UpdateCache   | 2.755 ms                  | 20.317 ms                 |
| ProcessBack:UpsertPq      | 61.893 us                 | 150.284 us                |
| ProcessOneStep            | 7.886 ms                  | 943.918 ms                |
| BlockToStepN              | 152.142 us                | 443.625 us                |
+---------------------------+---------------------------+---------------------------+
========== Step 77 ========== 
========== Step 78 ========== 
========== Step 79 ========== 
W20240220 15:29:43.664674 21256 grad_async_v2.h:137] Detect new sample comes, old_end9, new_end0
========== Step 80 ========== 
========== Step 81 ========== 
========== Step 82 ========== 
========== Step 83 ========== 
========== Step 84 ========== 
========== Step 85 ========== 
========== Step 86 ========== 
========== Step 87 ========== 
========== Step 88 ========== 
========== Step 89 ========== 
E20240220 15:29:44.068034 21256 parallel_pq_v2.h:79] insert failed, size(hashtable)=2
========== Step 90 ========== 
W20240220 15:29:44.694793 21256 grad_async_v2.h:137] Detect new sample comes, old_end8, new_end1
========== Step 91 ========== 
========== Step 92 ========== 
========== Step 93 ========== 
========== Step 94 ========== 
========== Step 95 ========== 
========== Step 96 ========== 
========== Step 97 ========== 
========== Step 98 ========== 
========== Step 99 ========== 
Step99:rank0, time: 23.519, per_step: 0.235188
Step99:rank5, time: 23.519, per_step: 0.235190
Step99:rank6, time: 23.519, per_step: 0.235192
Step99:rank3, time: 23.519, per_step: 0.235190
Step99:rank7, time: 23.519, per_step: 0.235189
Step99:rank4, time: 23.519, per_step: 0.235189
Step99:rank1, time: 23.519, per_step: 0.235191
Step99:rank2, time: 23.519, per_step: 0.235192
+---------------------------+---------------------------+---------------------------+
| Name                      | P50                       | P99                       |
+---------------------------+---------------------------+---------------------------+
| GenInput:CircleBuffer     | 146.302 us                | 663.916 us                |
| GenInput                  | 569.023 us                | 8.867 ms                  |
| NN                        | 1.091 ms                  | 9.405 ms                  |
| Forward                   | 1.408 ms                  | 10.694 ms                 |
| Backward                  | 3.055 ms                  | 15.249 ms                 |
| Optimize                  | 289.821 us                | 1.066 ms                  |
| BarrierTimeBeforeRank0    | 897.162 us                | 14.139 ms                 |
| AfterBackward             | 7.877 ms                  | 944.104 ms                |
| BlockToStepN              | 254.843 us                | 14.041 ms                 |
| OneStep                   | 22.662 ms                 | 954.221 ms                |
+---------------------------+---------------------------+---------------------------+
========== Step 100 ========== 
========== Step 101 ========== 
E20240220 15:29:45.068100 21256 parallel_pq_v2.h:79] insert failed, size(hashtable)=52
========== Step 102 ========== 
========== Step 103 ========== 
========== Step 104 ========== 
========== Step 105 ========== 
========== Step 106 ========== 
========== Step 107 ========== 
========== Step 108 ========== 
========== Step 109 ========== 
W20240220 15:29:45.717792 21256 grad_async_v2.h:137] Detect new sample comes, old_end2, new_end0
========== Step 110 ========== 
========== Step 111 ========== 
========== Step 112 ========== 
+---------------------------+---------------------------+---------------------------+
| Name                      | P50                       | P99                       |
+---------------------------+---------------------------+---------------------------+
| GenInput:CircleBuffer     | 147.264 us                | 747.008 us                |
| GenInput                  | 552.417 us                | 8.867 ms                  |
| NN                        | 1.091 ms                  | 9.405 ms                  |
| Forward                   | 1.408 ms                  | 10.694 ms                 |
| Backward                  | 2.976 ms                  | 15.249 ms                 |
| Optimize                  | 290.851 us                | 1.066 ms                  |
| BarrierTimeBeforeRank0    | 868.668 us                | 14.139 ms                 |
| AfterBackward             | 7.720 ms                  | 944.104 ms                |
| BlockToStepN              | 259.318 us                | 14.041 ms                 |
| OneStep                   | 20.297 ms                 | 954.221 ms                |
+---------------------------+---------------------------+---------------------------+
E20240220 15:29:46.068086 21256 parallel_pq_v2.h:79] insert failed, size(hashtable)=1
========== Step 113 ========== 
========== Step 114 ========== 
========== Step 115 ========== 
========== Step 116 ========== 
========== Step 117 ========== 
========== Step 118 ========== 
========== Step 119 ========== 
========== Step 120 ========== 
W20240220 15:29:46.726567 21256 grad_async_v2.h:137] Detect new sample comes, old_end0, new_end1
========== Step 121 ========== 
========== Step 122 ========== 
========== Step 123 ========== 
E20240220 15:29:47.068225 21256 parallel_pq_v2.h:79] insert failed, size(hashtable)=1
E20240220 15:29:47.225014 19419 grad_async_v2.h:404] Stalled in ProcessBackward: rank=0, step_no=123, sample_step_cpp_seen_[rank]=122
W20240220 15:29:47.758116 21256 grad_async_v2.h:137] Detect new sample comes, old_end3, new_end4
========== Step 124 ========== 
========== Step 125 ========== 
========== Step 126 ========== 
========== Step 127 ========== 
========== Step 128 ========== 
========== Step 129 ========== 
W20240220 15:29:47.929049 19419 grad_async_v2.h:257] pq is empty
========== Step 130 ========== 
========== Step 131 ========== 
========== Step 132 ========== 
E20240220 15:29:48.068075 21256 parallel_pq_v2.h:79] insert failed, size(hashtable)=11
========== Step 133 ========== 
========== Step 134 ========== 
+---------------------------+---------------------------+---------------------------+
| Name                      | P50                       | P99                       |
+---------------------------+---------------------------+---------------------------+
| clean                     | 115.361 us                | 319.036 us                |
| ProcessBack:Shuffle       | 3.637 ms                  | 20.683 ms                 |
| ProcessBack:UpdateCache   | 2.657 ms                  | 20.317 ms                 |
| ProcessBack:UpsertPq      | 63.722 us                 | 152.955 us                |
| ProcessOneStep            | 7.444 ms                  | 961.033 ms                |
| BlockToStepN              | 216.037 us                | 670.218 us                |
+---------------------------+---------------------------+---------------------------+
========== Step 135 ========== 
========== Step 136 ========== 
========== Step 137 ========== 
========== Step 138 ========== 
========== Step 139 ========== 
========== Step 140 ========== 
========== Step 141 ========== 
W20240220 15:29:48.861892 21256 grad_async_v2.h:137] Detect new sample comes, old_end5, new_end2
========== Step 142 ========== 
E20240220 15:29:49.068040 21256 parallel_pq_v2.h:79] insert failed, size(hashtable)=1
W20240220 15:29:49.927428 21256 grad_async_v2.h:137] Detect new sample comes, old_end5, new_end3
E20240220 15:29:50.068127 21256 parallel_pq_v2.h:79] insert failed, size(hashtable)=1
+---------------------------+---------------------------+---------------------------+
| Name                      | P50                       | P99                       |
+---------------------------+---------------------------+---------------------------+
| GenInput:CircleBuffer     | 147.054 us                | 747.008 us                |
| GenInput                  | 549.141 us                | 8.867 ms                  |
| NN                        | 1.091 ms                  | 9.405 ms                  |
| Forward                   | 1.408 ms                  | 10.694 ms                 |
| Backward                  | 2.936 ms                  | 16.295 ms                 |
| Optimize                  | 290.897 us                | 1.066 ms                  |
| BarrierTimeBeforeRank0    | 863.593 us                | 14.139 ms                 |
| AfterBackward             | 7.478 ms                  | 961.163 ms                |
| BlockToStepN              | 313.536 us                | 14.041 ms                 |
| OneStep                   | 17.819 ms                 | 967.426 ms                |
+---------------------------+---------------------------+---------------------------+
E20240220 15:29:51.068446 21256 parallel_pq_v2.h:79] insert failed, size(hashtable)=1
W20240220 15:29:51.154719 21256 grad_async_v2.h:137] Detect new sample comes, old_end5, new_end3
E20240220 15:29:52.068275 21256 parallel_pq_v2.h:79] insert failed, size(hashtable)=1
E20240220 15:29:52.225028 19419 grad_async_v2.h:404] Stalled in ProcessBackward: rank=7, step_no=142, sample_step_cpp_seen_[rank]=141
W20240220 15:29:52.527799 21256 grad_async_v2.h:137] Detect new sample comes, old_end2, new_end3
========== Step 143 ========== 
========== Step 144 ========== 
========== Step 145 ========== 
========== Step 146 ========== 
========== Step 147 ========== 
========== Step 148 ========== 
========== Step 149 ========== 
========== Step 150 ========== 
========== Step 151 ========== 
========== Step 152 ========== 
========== Step 153 ========== 
E20240220 15:29:53.068045 21256 parallel_pq_v2.h:79] insert failed, size(hashtable)=2
+---------------------------+---------------------------+---------------------------+
| Name                      | P50                       | P99                       |
+---------------------------+---------------------------+---------------------------+
| clean                     | 109.212 us                | 909.985 us                |
| ProcessBack:Shuffle       | 3.623 ms                  | 18.208 ms                 |
| ProcessBack:UpdateCache   | 2.643 ms                  | 19.809 ms                 |
| ProcessBack:UpsertPq      | 63.722 us                 | 163.797 us                |
| ProcessOneStep            | 7.278 ms                  | 961.033 ms                |
| BlockToStepN              | 267.881 us                | 967.285 us                |
+---------------------------+---------------------------+---------------------------+
========== Step 154 ========== 
========== Step 155 ========== 
========== Step 156 ========== 
========== Step 157 ========== 
========== Step 158 ========== 
========== Step 159 ========== 
========== Step 160 ========== 
========== Step 161 ========== 
========== Step 162 ========== 
W20240220 15:29:53.999577 21256 grad_async_v2.h:137] Detect new sample comes, old_end2, new_end3
E20240220 15:29:54.068305 21256 parallel_pq_v2.h:79] insert failed, size(hashtable)=1
========== Step 163 ========== 
========== Step 164 ========== 
W20240220 15:29:55.034006 21256 grad_async_v2.h:137] Detect new sample comes, old_end4, new_end5
E20240220 15:29:55.068032 21256 parallel_pq_v2.h:79] insert failed, size(hashtable)=1
========== Step 165 ========== 
========== Step 166 ========== 
========== Step 167 ========== 
========== Step 168 ========== 
========== Step 169 ========== 
========== Step 170 ========== 
========== Step 171 ========== 
========== Step 172 ========== 
========== Step 173 ========== 
========== Step 174 ========== 
========== Step 175 ========== 
+---------------------------+---------------------------+---------------------------+
| Name                      | P50                       | P99                       |
+---------------------------+---------------------------+---------------------------+
| GenInput:CircleBuffer     | 147.105 us                | 747.008 us                |
| GenInput                  | 546.088 us                | 6.873 ms                  |
| NN                        | 1.137 ms                  | 9.405 ms                  |
| Forward                   | 1.446 ms                  | 10.694 ms                 |
| Backward                  | 2.933 ms                  | 15.249 ms                 |
| Optimize                  | 296.533 us                | 809.873 us                |
| BarrierTimeBeforeRank0    | 792.351 us                | 9.169 ms                  |
| AfterBackward             | 7.782 ms                  | 1.035 s                   |
| BlockToStepN              | 364.136 us                | 1.892 ms                  |
| OneStep                   | 20.297 ms                 | 1.044 s                   |
+---------------------------+---------------------------+---------------------------+
