WARNING: Logging before InitGoogleLogging() is written to STDERR
I20240120 00:51:54.852815 64202 IPC_barrier.h:128] MultiProcessBarrierFactory->ClearIPCMemory()
W20240120 00:51:54.858351 64202 IPCTensor.h:367] NewIPCTensor: full_emb [100000000, 32]0x100000002000
/home/xieminhui/RecStore/src/framework_adapters/torch/python/perf_emb.py:148: DeprecationWarning: The 'warn' function is deprecated, use 'warning' instead
  XLOG.warn("After init DistEmbedding")
WARNING [64202 perf_emb.py:148] After init DistEmbedding
========== Running Perf with routine <function routine_local_cache_helper at 0x7f31a66c1bc0>==========
Worker 1 pid=64714
Worker 2 pid=64715
Worker 3 pid=64716
Worker 4 pid=64717
Worker 5 pid=64718
Worker 6 pid=64719
INFO [64202 distributed_c10d.py:442] Added key: store_based_barrier_key:1 to store for rank: 0
INFO [64714 distributed_c10d.py:442] Added key: store_based_barrier_key:1 to store for rank: 1
INFO [64715 distributed_c10d.py:442] Added key: store_based_barrier_key:1 to store for rank: 2
INFO [64718 distributed_c10d.py:442] Added key: store_based_barrier_key:1 to store for rank: 5
INFO [64716 distributed_c10d.py:442] Added key: store_based_barrier_key:1 to store for rank: 3
INFO [64717 distributed_c10d.py:442] Added key: store_based_barrier_key:1 to store for rank: 4
INFO [64715 distributed_c10d.py:476] Rank 2: Completed store-based barrier for key:store_based_barrier_key:1 with 8 nodes.
INFO [64716 distributed_c10d.py:476] Rank 3: Completed store-based barrier for key:store_based_barrier_key:1 with 8 nodes.
INFO [64720 distributed_c10d.py:442] Added key: store_based_barrier_key:1 to store for rank: 7
INFO [64719 distributed_c10d.py:442] Added key: store_based_barrier_key:1 to store for rank: 6
INFO [64202 distributed_c10d.py:476] Rank 0: Completed store-based barrier for key:store_based_barrier_key:1 with 8 nodes.
E20240120 00:51:57.077795 64715 IPCTensor.h:346] IPCTensor full_emb already exists
E20240120 00:51:57.077837 64716 IPCTensor.h:346] IPCTensor full_emb already exists
INFO [64717 distributed_c10d.py:476] Rank 4: Completed store-based barrier for key:store_based_barrier_key:1 with 8 nodes.
INFO [64719 distributed_c10d.py:476] Rank 6: Completed store-based barrier for key:store_based_barrier_key:1 with 8 nodes.
INFO [64720 distributed_c10d.py:476] Rank 7: Completed store-based barrier for key:store_based_barrier_key:1 with 8 nodes.
E20240120 00:51:57.078138 64202 IPCTensor.h:346] IPCTensor full_emb already exists
E20240120 00:51:57.078352 64717 IPCTensor.h:346] IPCTensor full_emb already exists
E20240120 00:51:57.078565 64719 IPCTensor.h:346] IPCTensor full_emb already exists
E20240120 00:51:57.078584 64720 IPCTensor.h:346] IPCTensor full_emb already exists
INFO [64714 distributed_c10d.py:476] Rank 1: Completed store-based barrier for key:store_based_barrier_key:1 with 8 nodes.
E20240120 00:51:57.079353 64714 IPCTensor.h:346] IPCTensor full_emb already exists
INFO [64718 distributed_c10d.py:476] Rank 5: Completed store-based barrier for key:store_based_barrier_key:1 with 8 nodes.
E20240120 00:51:57.087664 64718 IPCTensor.h:346] IPCTensor full_emb already exists
W20240120 00:51:57.114267 64717 IPCTensor.h:406] NewIPCGPUTensor: embedding_cache_4 [5000000, 32]; dev=4; size=610.4 MB
W20240120 00:51:57.114303 64715 IPCTensor.h:406] NewIPCGPUTensor: embedding_cache_2 [5000000, 32]; dev=2; size=610.4 MB
W20240120 00:51:57.114302 64714 IPCTensor.h:406] NewIPCGPUTensor: embedding_cache_1 [5000000, 32]; dev=1; size=610.4 MB
W20240120 00:51:57.114313 64716 IPCTensor.h:406] NewIPCGPUTensor: embedding_cache_3 [5000000, 32]; dev=3; size=610.4 MB
W20240120 00:51:57.114312 64718 IPCTensor.h:406] NewIPCGPUTensor: embedding_cache_5 [5000000, 32]; dev=5; size=610.4 MB
W20240120 00:51:57.114449 64202 IPCTensor.h:406] NewIPCGPUTensor: embedding_cache_0 [5000000, 32]; dev=0; size=610.4 MB
W20240120 00:51:57.114449 64719 IPCTensor.h:406] NewIPCGPUTensor: embedding_cache_6 [5000000, 32]; dev=6; size=610.4 MB
W20240120 00:51:57.114709 64720 IPCTensor.h:406] NewIPCGPUTensor: embedding_cache_7 [5000000, 32]; dev=7; size=610.4 MB
W20240120 00:51:58.224851 64717 IPCTensor.h:367] NewIPCTensor: input_keys_4 [100000]0x1002faf0e000
W20240120 00:51:58.225052 64717 IPCTensor.h:367] NewIPCTensor: input_keys_neg_4 [100000]0x1002fafd3000
W20240120 00:51:58.225116 64717 IPCTensor.h:367] NewIPCTensor: backward_grads_4 [100000, 32]0x1002fb098000
W20240120 00:51:58.225164 64717 IPCTensor.h:367] NewIPCTensor: backward_grads_neg_4 [100000, 32]0x1002fbccf000
W20240120 00:51:58.225212 64717 IPCTensor.h:406] NewIPCGPUTensor: backward_grads_4_gpu [100000, 32]; dev=4; size=12.21 MB
W20240120 00:51:58.228376 64717 IPCTensor.h:406] NewIPCGPUTensor: backward_grads_neg_4_gpu [100000, 32]; dev=4; size=12.21 MB
W20240120 00:51:58.283918 64720 IPCTensor.h:367] NewIPCTensor: input_keys_7 [100000]0x1002fc90c000
W20240120 00:51:58.284188 64720 IPCTensor.h:367] NewIPCTensor: input_keys_neg_7 [100000]0x1002fc9d1000
W20240120 00:51:58.284269 64720 IPCTensor.h:367] NewIPCTensor: backward_grads_7 [100000, 32]0x1002fca96000
W20240120 00:51:58.284330 64720 IPCTensor.h:367] NewIPCTensor: backward_grads_neg_7 [100000, 32]0x1002fd6cd000
W20240120 00:51:58.284407 64720 IPCTensor.h:406] NewIPCGPUTensor: backward_grads_7_gpu [100000, 32]; dev=7; size=12.21 MB
W20240120 00:51:58.284646 64718 IPCTensor.h:367] NewIPCTensor: input_keys_5 [100000]0x1002fe306000
W20240120 00:51:58.284842 64715 IPCTensor.h:367] NewIPCTensor: input_keys_2 [100000]0x1002fe3cd000
W20240120 00:51:58.284868 64718 IPCTensor.h:367] NewIPCTensor: input_keys_neg_5 [100000]0x1002fe492000
W20240120 00:51:58.284930 64718 IPCTensor.h:367] NewIPCTensor: backward_grads_5 [100000, 32]0x1002fe557000
W20240120 00:51:58.284971 64718 IPCTensor.h:367] NewIPCTensor: backward_grads_neg_5 [100000, 32]0x1002ff18e000
W20240120 00:51:58.284977 64715 IPCTensor.h:367] NewIPCTensor: input_keys_neg_2 [100000]0x1002ffdc5000
W20240120 00:51:58.285034 64715 IPCTensor.h:367] NewIPCTensor: backward_grads_2 [100000, 32]0x1002ffe8a000
W20240120 00:51:58.285022 64718 IPCTensor.h:406] NewIPCGPUTensor: backward_grads_5_gpu [100000, 32]; dev=5; size=12.21 MB
W20240120 00:51:58.285068 64715 IPCTensor.h:367] NewIPCTensor: backward_grads_neg_2 [100000, 32]0x100300ac1000
W20240120 00:51:58.285094 64715 IPCTensor.h:406] NewIPCGPUTensor: backward_grads_2_gpu [100000, 32]; dev=2; size=12.21 MB
W20240120 00:51:58.293084 64720 IPCTensor.h:406] NewIPCGPUTensor: backward_grads_neg_7_gpu [100000, 32]; dev=7; size=12.21 MB
W20240120 00:51:58.294606 64718 IPCTensor.h:406] NewIPCGPUTensor: backward_grads_neg_5_gpu [100000, 32]; dev=5; size=12.21 MB
W20240120 00:51:58.294644 64715 IPCTensor.h:406] NewIPCGPUTensor: backward_grads_neg_2_gpu [100000, 32]; dev=2; size=12.21 MB
W20240120 00:51:58.295347 64714 IPCTensor.h:367] NewIPCTensor: input_keys_1 [100000]0x100301700000
W20240120 00:51:58.295460 64714 IPCTensor.h:367] NewIPCTensor: input_keys_neg_1 [100000]0x1003017c5000
W20240120 00:51:58.295501 64714 IPCTensor.h:367] NewIPCTensor: backward_grads_1 [100000, 32]0x10030188a000
W20240120 00:51:58.295533 64714 IPCTensor.h:367] NewIPCTensor: backward_grads_neg_1 [100000, 32]0x1003024c1000
W20240120 00:51:58.295568 64714 IPCTensor.h:406] NewIPCGPUTensor: backward_grads_1_gpu [100000, 32]; dev=1; size=12.21 MB
W20240120 00:51:58.296909 64716 IPCTensor.h:367] NewIPCTensor: input_keys_3 [100000]0x1003030fa000
W20240120 00:51:58.297031 64716 IPCTensor.h:367] NewIPCTensor: input_keys_neg_3 [100000]0x1003031bf000
W20240120 00:51:58.297071 64716 IPCTensor.h:367] NewIPCTensor: backward_grads_3 [100000, 32]0x100303284000
W20240120 00:51:58.297104 64716 IPCTensor.h:367] NewIPCTensor: backward_grads_neg_3 [100000, 32]0x100303ebb000
W20240120 00:51:58.297132 64716 IPCTensor.h:406] NewIPCGPUTensor: backward_grads_3_gpu [100000, 32]; dev=3; size=12.21 MB
W20240120 00:51:58.298064 64714 IPCTensor.h:406] NewIPCGPUTensor: backward_grads_neg_1_gpu [100000, 32]; dev=1; size=12.21 MB
W20240120 00:51:58.299474 64716 IPCTensor.h:406] NewIPCGPUTensor: backward_grads_neg_3_gpu [100000, 32]; dev=3; size=12.21 MB
W20240120 00:51:58.303704 64202 IPCTensor.h:367] NewIPCTensor: input_keys_0 [100000]0x100304b02000
W20240120 00:51:58.303810 64202 IPCTensor.h:367] NewIPCTensor: input_keys_neg_0 [100000]0x100304bc7000
W20240120 00:51:58.303870 64202 IPCTensor.h:367] NewIPCTensor: backward_grads_0 [100000, 32]0x100304c8c000
W20240120 00:51:58.303895 64202 IPCTensor.h:367] NewIPCTensor: backward_grads_neg_0 [100000, 32]0x1003058c3000
W20240120 00:51:58.303921 64202 IPCTensor.h:406] NewIPCGPUTensor: backward_grads_0_gpu [100000, 32]; dev=0; size=12.21 MB
W20240120 00:51:58.306429 64202 IPCTensor.h:406] NewIPCGPUTensor: backward_grads_neg_0_gpu [100000, 32]; dev=0; size=12.21 MB
W20240120 00:51:58.315416 64719 IPCTensor.h:367] NewIPCTensor: input_keys_6 [100000]0x100306500000
W20240120 00:51:58.315515 64719 IPCTensor.h:367] NewIPCTensor: input_keys_neg_6 [100000]0x1003065c5000
W20240120 00:51:58.315557 64719 IPCTensor.h:367] NewIPCTensor: backward_grads_6 [100000, 32]0x10030668a000
W20240120 00:51:58.315585 64719 IPCTensor.h:367] NewIPCTensor: backward_grads_neg_6 [100000, 32]0x1003072c1000
W20240120 00:51:58.315611 64719 IPCTensor.h:406] NewIPCGPUTensor: backward_grads_6_gpu [100000, 32]; dev=6; size=12.21 MB
W20240120 00:51:58.317479 64719 IPCTensor.h:406] NewIPCGPUTensor: backward_grads_neg_6_gpu [100000, 32]; dev=6; size=12.21 MB
cudaHostRegister 0x100000002000
7: KnownLocalCachedEmbedding init done
cudaHostRegister 0x100000002000
6: KnownLocalCachedEmbedding init done
cudaHostRegister 0x100000002000
5: KnownLocalCachedEmbedding init done
cudaHostRegister 0x100000002000
3: KnownLocalCachedEmbedding init done
cudaHostRegister 0x100000002000
2: KnownLocalCachedEmbedding init done
Worker 7 pid=64720
New CachedEmbedding, name=full_emb, shape=(100000000, 32), cache_type=KnownLocalCachedEmbedding
fixed cache_range is [(0, 5000000), (5000000, 10000000), (10000000, 15000000), (15000000, 20000000), (20000000, 25000000), (25000000, 30000000), (30000000, 35000000), (35000000, 40000000)]
cudaHostRegister 0x100000002000
0: KnownLocalCachedEmbedding init done
cudaHostRegister 0x100000002000
4: KnownLocalCachedEmbedding init done
cudaHostRegister 0x100000002000
1: KnownLocalCachedEmbedding init done
W20240120 00:52:02.855693 64720 IPCTensor.h:367] NewIPCTensor: cached_sampler_r7_0 [100000]0x100307efc000
W20240120 00:52:02.855854 64715 IPCTensor.h:367] NewIPCTensor: cached_sampler_r2_0 [100000]0x100307fc1000
W20240120 00:52:02.855906 64720 IPCTensor.h:367] NewIPCTensor: cached_sampler_r7_1 [100000]0x100308086000
W20240120 00:52:02.855947 64720 IPCTensor.h:367] NewIPCTensor: cached_sampler_r7_2 [100000]0x10030814b000
W20240120 00:52:02.855996 64720 IPCTensor.h:367] NewIPCTensor: cached_sampler_r7_3 [100000]0x100308210000
W20240120 00:52:02.856065 64715 IPCTensor.h:367] NewIPCTensor: cached_sampler_r2_1 [100000]0x1003082d5000
W20240120 00:52:02.856112 64715 IPCTensor.h:367] NewIPCTensor: cached_sampler_r2_2 [100000]0x10030839a000
W20240120 00:52:02.856148 64720 IPCTensor.h:367] NewIPCTensor: cached_sampler_r7_4 [100000]0x10030845f000
W20240120 00:52:02.856215 64715 IPCTensor.h:367] NewIPCTensor: cached_sampler_r2_3 [100000]0x100308524000
W20240120 00:52:02.856222 64720 IPCTensor.h:367] NewIPCTensor: cached_sampler_r7_5 [100000]0x1003085e9000
W20240120 00:52:02.856385 64720 IPCTensor.h:367] NewIPCTensor: cached_sampler_r7_6 [100000]0x1003086ae000
W20240120 00:52:02.856479 64720 IPCTensor.h:367] NewIPCTensor: cached_sampler_r7_7 [100000]0x100308773000
W20240120 00:52:02.856527 64720 IPCTensor.h:367] NewIPCTensor: cached_sampler_r7_8 [100000]0x1003088fd000
W20240120 00:52:02.856566 64715 IPCTensor.h:367] NewIPCTensor: cached_sampler_r2_4 [100000]0x100308c11000
W20240120 00:52:02.856595 64720 IPCTensor.h:367] NewIPCTensor: cached_sampler_r7_9 [100000]0x100308d9b000
W20240120 00:52:02.856554 64719 IPCTensor.h:367] NewIPCTensor: cached_sampler_r6_0 [100000]0x1003089c2000
W20240120 00:52:02.856652 64720 IPCTensor.h:367] NewIPCTensor: step_r7 [10]0x100308e60000
W20240120 00:52:02.856601 64717 IPCTensor.h:367] NewIPCTensor: cached_sampler_r4_0 [100000]0x100308a87000
W20240120 00:52:02.856698 64720 IPCTensor.h:367] NewIPCTensor: circle_buffer_end_r7 [1]0x100308fec000
W20240120 00:52:02.856734 64715 IPCTensor.h:367] NewIPCTensor: cached_sampler_r2_5 [100000]0x100308f27000
W20240120 00:52:02.856753 64720 IPCTensor.h:367] NewIPCTensor: circle_buffer_end_cppseen_r7 [1]0x100308fee000
W20240120 00:52:02.856704 64716 IPCTensor.h:367] NewIPCTensor: cached_sampler_r3_0 [100000]0x100308e62000
W20240120 00:52:02.856840 64715 IPCTensor.h:367] NewIPCTensor: cached_sampler_r2_6 [100000]0x100308ff0000
W20240120 00:52:02.856880 64719 IPCTensor.h:367] NewIPCTensor: cached_sampler_r6_1 [100000]0x1003090b5000
W20240120 00:52:02.856887 64717 IPCTensor.h:367] NewIPCTensor: cached_sampler_r4_1 [100000]0x10030917a000
W20240120 00:52:02.856731 64714 IPCTensor.h:367] NewIPCTensor: cached_sampler_r1_0 [100000]0x100308cd6000
W20240120 00:52:02.856767 64202 IPCTensor.h:367] NewIPCTensor: cached_sampler_r0_0 [100000]0x100308b4c000
W20240120 00:52:02.856920 64715 IPCTensor.h:367] NewIPCTensor: cached_sampler_r2_7 [100000]0x10030923f000
W20240120 00:52:02.856899 64718 IPCTensor.h:367] NewIPCTensor: cached_sampler_r5_0 [100000]0x100308838000
W20240120 00:52:02.856948 64715 IPCTensor.h:367] NewIPCTensor: cached_sampler_r2_8 [100000]0x100309304000
W20240120 00:52:02.856992 64715 IPCTensor.h:367] NewIPCTensor: cached_sampler_r2_9 [100000]0x1003093c9000
W20240120 00:52:02.857028 64715 IPCTensor.h:367] NewIPCTensor: step_r2 [10]0x10030948e000
W20240120 00:52:02.857043 64716 IPCTensor.h:367] NewIPCTensor: cached_sampler_r3_1 [100000]0x100309490000
W20240120 00:52:02.857048 64202 IPCTensor.h:367] NewIPCTensor: cached_sampler_r0_1 [100000]0x100309555000
W20240120 00:52:02.857061 64715 IPCTensor.h:367] NewIPCTensor: circle_buffer_end_r2 [1]0x10030961a000
W20240120 00:52:02.857092 64715 IPCTensor.h:367] NewIPCTensor: circle_buffer_end_cppseen_r2 [1]0x10030961c000
W20240120 00:52:02.857100 64202 IPCTensor.h:367] NewIPCTensor: cached_sampler_r0_2 [100000]0x10030961e000
W20240120 00:52:02.857138 64202 IPCTensor.h:367] NewIPCTensor: cached_sampler_r0_3 [100000]0x1003097a8000
W20240120 00:52:02.857136 64718 IPCTensor.h:367] NewIPCTensor: cached_sampler_r5_1 [100000]0x1003096e3000
W20240120 00:52:02.857154 64714 IPCTensor.h:367] NewIPCTensor: cached_sampler_r1_1 [100000]0x10030986d000
Construct PerfSampler done
W20240120 00:52:02.857193 64718 IPCTensor.h:367] NewIPCTensor: cached_sampler_r5_2 [100000]0x100309932000
W20240120 00:52:02.857196 64719 IPCTensor.h:367] NewIPCTensor: cached_sampler_r6_2 [100000]0x1003099f7000
W20240120 00:52:02.857201 64717 IPCTensor.h:367] NewIPCTensor: cached_sampler_r4_2 [100000]0x100309abc000
W20240120 00:52:02.857203 64202 IPCTensor.h:367] NewIPCTensor: cached_sampler_r0_4 [100000]0x100309b81000
W20240120 00:52:02.857216 64716 IPCTensor.h:367] NewIPCTensor: cached_sampler_r3_2 [100000]0x100309c46000
W20240120 00:52:02.857244 64714 IPCTensor.h:367] NewIPCTensor: cached_sampler_r1_2 [100000]0x100309d0b000
W20240120 00:52:02.857254 64719 IPCTensor.h:367] NewIPCTensor: cached_sampler_r6_3 [100000]0x100309dd0000
W20240120 00:52:02.857255 64202 IPCTensor.h:367] NewIPCTensor: cached_sampler_r0_5 [100000]0x100309e95000
I20240120 00:52:02.857255 64720 IPC_barrier.h:118] CreateBarrier: new barrier, name: kgcachecontroller, count: 8
W20240120 00:52:02.857270 64717 IPCTensor.h:367] NewIPCTensor: cached_sampler_r4_3 [100000]0x100309f5a000
W20240120 00:52:02.857280 64718 IPCTensor.h:367] NewIPCTensor: cached_sampler_r5_3 [100000]0x10030a01f000
W20240120 00:52:02.857290 64719 IPCTensor.h:367] NewIPCTensor: cached_sampler_r6_4 [100000]0x10030a0e4000
W20240120 00:52:02.857295 64716 IPCTensor.h:367] NewIPCTensor: cached_sampler_r3_3 [100000]0x10030a1a9000
W20240120 00:52:02.857304 64202 IPCTensor.h:367] NewIPCTensor: cached_sampler_r0_6 [100000]0x10030a26e000
W20240120 00:52:02.857313 64717 IPCTensor.h:367] NewIPCTensor: cached_sampler_r4_4 [100000]0x10030a333000
W20240120 00:52:02.857319 64718 IPCTensor.h:367] NewIPCTensor: cached_sampler_r5_4 [100000]0x10030a3f8000
W20240120 00:52:02.857335 64719 IPCTensor.h:367] NewIPCTensor: cached_sampler_r6_5 [100000]0x10030a4bd000
W20240120 00:52:02.857352 64716 IPCTensor.h:367] NewIPCTensor: cached_sampler_r3_4 [100000]0x10030a582000
W20240120 00:52:02.857352 64202 IPCTensor.h:367] NewIPCTensor: cached_sampler_r0_7 [100000]0x10030a647000
W20240120 00:52:02.857365 64718 IPCTensor.h:367] NewIPCTensor: cached_sampler_r5_5 [100000]0x10030a70c000
W20240120 00:52:02.857368 64717 IPCTensor.h:367] NewIPCTensor: cached_sampler_r4_5 [100000]0x10030a7d1000
W20240120 00:52:02.857376 64719 IPCTensor.h:367] NewIPCTensor: cached_sampler_r6_6 [100000]0x10030a896000
Construct PerfSampler done
W20240120 00:52:02.857405 64716 IPCTensor.h:367] NewIPCTensor: cached_sampler_r3_5 [100000]0x10030a95b000
W20240120 00:52:02.857409 64718 IPCTensor.h:367] NewIPCTensor: cached_sampler_r5_6 [100000]0x10030aa20000
W20240120 00:52:02.857417 64717 IPCTensor.h:367] NewIPCTensor: cached_sampler_r4_6 [100000]0x10030aae5000
W20240120 00:52:02.857426 64714 IPCTensor.h:367] NewIPCTensor: cached_sampler_r1_3 [100000]0x10030abaa000
W20240120 00:52:02.857437 64202 IPCTensor.h:367] NewIPCTensor: cached_sampler_r0_8 [100000]0x10030ac6f000
I20240120 00:52:02.857439 64715 IPC_barrier.h:112] CreateBarrier: find existing barrier, name: kgcachecontroller, count: 8
W20240120 00:52:02.857447 64716 IPCTensor.h:367] NewIPCTensor: cached_sampler_r3_6 [100000]0x10030ad34000
W20240120 00:52:02.857461 64714 IPCTensor.h:367] NewIPCTensor: cached_sampler_r1_4 [100000]0x10030adf9000
W20240120 00:52:02.857467 64719 IPCTensor.h:367] NewIPCTensor: cached_sampler_r6_7 [100000]0x10030aebe000
W20240120 00:52:02.857475 64202 IPCTensor.h:367] NewIPCTensor: cached_sampler_r0_9 [100000]0x10030af83000
W20240120 00:52:02.857486 64717 IPCTensor.h:367] NewIPCTensor: cached_sampler_r4_7 [100000]0x10030b048000
W20240120 00:52:02.857489 64718 IPCTensor.h:367] NewIPCTensor: cached_sampler_r5_7 [100000]0x10030b10d000
W20240120 00:52:02.857501 64716 IPCTensor.h:367] NewIPCTensor: cached_sampler_r3_7 [100000]0x10030b1d2000
W20240120 00:52:02.857515 64719 IPCTensor.h:367] NewIPCTensor: cached_sampler_r6_8 [100000]0x10030b297000
W20240120 00:52:02.857529 64718 IPCTensor.h:367] NewIPCTensor: cached_sampler_r5_8 [100000]0x10030b35c000
W20240120 00:52:02.857534 64714 IPCTensor.h:367] NewIPCTensor: cached_sampler_r1_5 [100000]0x10030b421000
W20240120 00:52:02.857538 64717 IPCTensor.h:367] NewIPCTensor: cached_sampler_r4_8 [100000]0x10030b4e6000
W20240120 00:52:02.857540 64202 IPCTensor.h:367] NewIPCTensor: step_r0 [10]0x10030b5ab000
W20240120 00:52:02.857547 64716 IPCTensor.h:367] NewIPCTensor: cached_sampler_r3_8 [100000]0x10030b5ad000
W20240120 00:52:02.857556 64719 IPCTensor.h:367] NewIPCTensor: cached_sampler_r6_9 [100000]0x10030b672000
W20240120 00:52:02.857566 64202 IPCTensor.h:367] NewIPCTensor: circle_buffer_end_r0 [1]0x10030b737000
W20240120 00:52:02.857580 64718 IPCTensor.h:367] NewIPCTensor: cached_sampler_r5_9 [100000]0x10030b739000
W20240120 00:52:02.857586 64716 IPCTensor.h:367] NewIPCTensor: cached_sampler_r3_9 [100000]0x10030b7fe000
W20240120 00:52:02.857592 64717 IPCTensor.h:367] NewIPCTensor: cached_sampler_r4_9 [100000]0x10030b8c3000
W20240120 00:52:02.857596 64719 IPCTensor.h:367] NewIPCTensor: step_r6 [10]0x10030b988000
W20240120 00:52:02.857599 64202 IPCTensor.h:367] NewIPCTensor: circle_buffer_end_cppseen_r0 [1]0x10030b98a000
W20240120 00:52:02.857622 64714 IPCTensor.h:367] NewIPCTensor: cached_sampler_r1_6 [100000]0x10030b98c000
W20240120 00:52:02.857626 64718 IPCTensor.h:367] NewIPCTensor: step_r5 [10]0x10030ba51000
W20240120 00:52:02.857630 64719 IPCTensor.h:367] NewIPCTensor: circle_buffer_end_r6 [1]0x10030ba53000
W20240120 00:52:02.857635 64716 IPCTensor.h:367] NewIPCTensor: step_r3 [10]0x10030ba55000
W20240120 00:52:02.857635 64717 IPCTensor.h:367] NewIPCTensor: step_r4 [10]0x10030ba57000
W20240120 00:52:02.857656 64719 IPCTensor.h:367] NewIPCTensor: circle_buffer_end_cppseen_r6 [1]0x10030ba59000
W20240120 00:52:02.857657 64717 IPCTensor.h:367] NewIPCTensor: circle_buffer_end_r4 [1]0x10030ba5b000
W20240120 00:52:02.857661 64718 IPCTensor.h:367] NewIPCTensor: circle_buffer_end_r5 [1]0x10030ba5d000
W20240120 00:52:02.857663 64716 IPCTensor.h:367] NewIPCTensor: circle_buffer_end_r3 [1]0x10030ba5f000
W20240120 00:52:02.857671 64714 IPCTensor.h:367] NewIPCTensor: cached_sampler_r1_7 [100000]0x10030ba61000
W20240120 00:52:02.857688 64717 IPCTensor.h:367] NewIPCTensor: circle_buffer_end_cppseen_r4 [1]0x10030bb26000
W20240120 00:52:02.857694 64718 IPCTensor.h:367] NewIPCTensor: circle_buffer_end_cppseen_r5 [1]0x10030bb28000
W20240120 00:52:02.857695 64716 IPCTensor.h:367] NewIPCTensor: circle_buffer_end_cppseen_r3 [1]0x10030bb2a000
W20240120 00:52:02.857698 64714 IPCTensor.h:367] NewIPCTensor: cached_sampler_r1_8 [100000]0x10030bb2c000
W20240120 00:52:02.857758 64714 IPCTensor.h:367] NewIPCTensor: cached_sampler_r1_9 [100000]0x10030bbf1000
W20240120 00:52:02.857795 64714 IPCTensor.h:367] NewIPCTensor: step_r1 [10]0x10030bcb6000
W20240120 00:52:02.857820 64714 IPCTensor.h:367] NewIPCTensor: circle_buffer_end_r1 [1]0x10030bcb8000
W20240120 00:52:02.857853 64714 IPCTensor.h:367] NewIPCTensor: circle_buffer_end_cppseen_r1 [1]0x10030bcba000
Construct PerfSampler done
Construct PerfSampler done
Construct PerfSampler done
Construct PerfSampler done
Construct PerfSampler done
I20240120 00:52:02.857987 64202 IPC_barrier.h:112] CreateBarrier: find existing barrier, name: kgcachecontroller, count: 8
I20240120 00:52:02.858016 64719 IPC_barrier.h:112] CreateBarrier: find existing barrier, name: kgcachecontroller, count: 8
I20240120 00:52:02.858026 64716 IPC_barrier.h:112] CreateBarrier: find existing barrier, name: kgcachecontroller, count: 8
I20240120 00:52:02.858047 64717 IPC_barrier.h:112] CreateBarrier: find existing barrier, name: kgcachecontroller, count: 8
I20240120 00:52:02.858057 64718 IPC_barrier.h:112] CreateBarrier: find existing barrier, name: kgcachecontroller, count: 8
Construct PerfSampler done
I20240120 00:52:02.858438 64714 IPC_barrier.h:112] CreateBarrier: find existing barrier, name: kgcachecontroller, count: 8
W20240120 00:52:02.859093 64202 grad_base.h:55] KGCacheController, config={
        "num_gpus": 8,
        "L": 10,
        "kForwardItersPerStep": 1,
        "clr": 1,
        "backwardMode": "CppAsyncV2",
        "nr_background_threads": 16, 
        "cache_ratio": 0.05,
        "backgrad_init": "both"
    }
W20240120 00:52:02.859203 64202 grad_base.h:172] Init GradProcessingBase done
I20240120 00:52:11.969709 64202 grad_async_v2.h:32] Use background thread to update emb. nr_background_threads=16
W20240120 00:52:11.969861 64202 kg_controller.h:78] after init GradAsyncProcessingV2
I20240120 00:52:11.969866 64202 kg_controller.h:84] Construct KGCacheController done
Construct KGCacheControllerWrapper done
Construct KGCacheControllerWrapper done
Construct KGCacheControllerWrapper done
Construct KGCacheControllerWrapper done
Construct KGCacheControllerWrapper done
Construct KGCacheControllerWrapper done
Construct KGCacheControllerWrapper done
Construct KGCacheControllerWrapper done
I20240120 00:52:12.716432 64202 grad_base.h:60] GraphEnv RegTensorsPerProcess
W20240120 00:52:15.301262  2709 grad_async_v2.h:120] Detect new sample comes, old_end0, new_end1
E20240120 00:52:15.301520  2709 parallel_pq_v2.h:76] insert failed, size(hashtable)=0
E20240120 00:52:16.301019  2709 parallel_pq_v2.h:76] insert failed, size(hashtable)=0
W20240120 00:52:16.312418  2709 grad_async_v2.h:120] Detect new sample comes, old_end2, new_end3
E20240120 00:52:17.301025  2709 parallel_pq_v2.h:76] insert failed, size(hashtable)=0
W20240120 00:52:17.333261  2709 grad_async_v2.h:120] Detect new sample comes, old_end6, new_end7
E20240120 00:52:18.301015  2709 parallel_pq_v2.h:76] insert failed, size(hashtable)=1
Before Training
I20240120 00:52:18.306775 64202 IPC_barrier.h:118] CreateBarrier: new barrier, name: start_barrier, count: 8
W20240120 00:52:18.343190  2709 grad_async_v2.h:120] Detect new sample comes, old_end9, new_end0
Before Training
I20240120 00:52:18.343641 64714 IPC_barrier.h:112] CreateBarrier: find existing barrier, name: start_barrier, count: 8
Before Training
I20240120 00:52:18.380169 64715 IPC_barrier.h:112] CreateBarrier: find existing barrier, name: start_barrier, count: 8
Before Training
I20240120 00:52:18.451773 64717 IPC_barrier.h:112] CreateBarrier: find existing barrier, name: start_barrier, count: 8
Before Training
I20240120 00:52:18.590528 64716 IPC_barrier.h:112] CreateBarrier: find existing barrier, name: start_barrier, count: 8
Before Training
I20240120 00:52:18.624527 64718 IPC_barrier.h:112] CreateBarrier: find existing barrier, name: start_barrier, count: 8
Before Training
I20240120 00:52:18.658254 64719 IPC_barrier.h:112] CreateBarrier: find existing barrier, name: start_barrier, count: 8
Before Training
I20240120 00:52:18.697674 64720 IPC_barrier.h:112] CreateBarrier: find existing barrier, name: start_barrier, count: 8
========== Step 0 ========== 
========== Step 0 ========== 
========== Step 0 ========== 
========== Step 0 ========== 
========== Step 0 ========== 
========== Step 0 ========== 
========== Step 0 ========== 
========== Step 0 ========== 
E20240120 00:52:20.609467 64202 parallel_pq_v2.h:76] insert failed, size(hashtable)=0
W20240120 00:52:20.730217 64202 grad_async_v2.h:249] Sleep in <BlockToStepN>, step_no=1, pq.top=1
========== Step 1 ========== 
========== Step 1 ========== 
========== Step 1 ========== 
W20240120 00:52:20.841462  2709 grad_async_v2.h:120] Detect new sample comes, old_end1, new_end2
========== Step 1 ========== 
========== Step 1 ========== 
========== Step 1 ========== 
========== Step 1 ========== 
========== Step 1 ========== 
========== Step 2 ========== 
========== Step 2 ========== 
========== Step 2 ========== 
========== Step 2 ========== 
========== Step 2 ========== 
========== Step 2 ========== 
========== Step 2 ========== 
========== Step 2 ========== 
========== Step 3 ========== 
========== Step 3 ========== 
========== Step 3 ========== 
========== Step 3 ========== 
========== Step 3 ========== 
========== Step 3 ========== 
========== Step 3 ========== 
========== Step 3 ========== 
E20240120 00:52:21.609014 64202 parallel_pq_v2.h:76] insert failed, size(hashtable)=4
W20240120 00:52:21.730008 64202 grad_async_v2.h:249] Sleep in <BlockToStepN>, step_no=4, pq.top=4
========== Step 4 ========== 
========== Step 4 ========== 
========== Step 4 ========== 
========== Step 4 ========== 
========== Step 4 ========== 
========== Step 4 ========== 
========== Step 4 ========== 
========== Step 4 ========== 
W20240120 00:52:21.868815  2709 grad_async_v2.h:120] Detect new sample comes, old_end4, new_end5
========== Step 5 ========== 
========== Step 5 ========== 
========== Step 5 ========== 
========== Step 5 ========== 
========== Step 5 ========== 
========== Step 5 ========== 
========== Step 5 ========== 
========== Step 5 ========== 
E20240120 00:52:22.622130  2708 parallel_pq_v2.h:76] insert failed, size(hashtable)=9059
========== Step 6 ========== 
========== Step 6 ========== 
========== Step 6 ========== 
========== Step 6 ========== 
========== Step 6 ========== 
========== Step 6 ========== 
========== Step 6 ========== 
========== Step 6 ========== 
+---------------------------+---------------------------+---------------------------+
| Name                      | P50                       | P99                       |
+---------------------------+---------------------------+---------------------------+
| ProcessBack:Shuffle       | 85.268 ms                 | 472.318 ms                |
| ProcessBack:UpdateCache   | 23.578 ms                 | 1.335 s                   |
| ProcessBack:UpsertPq      | 120.538 ms                | 197.663 ms                |
| ProcessOneStep            | 239.180 ms                | 1.946 s                   |
| BlockToStepN              | 107.687 ms                | 117.190 ms                |
+---------------------------+---------------------------+---------------------------+
+---------------------------+---------------------------+---------------------------+
| Name                      | P50                       | P99                       |
+---------------------------+---------------------------+---------------------------+
| GenInput:CircleBuffer     | 145.096 us                | 548.895 us                |
| GenInput                  | 1.637 ms                  | 3.529 ms                  |
| Forward                   | 435.117 us                | 52.197 ms                 |
| Backward                  | 1.189 ms                  | 26.517 ms                 |
| Optimize                  | 141.155 us                | 350.876 us                |
| BarrierTimeBeforeRank0    | 689.046 us                | 3.959 ms                  |
| AfterBackward             | 239.225 ms                | 1.946 s                   |
| BlockToStepN              | 107.756 ms                | 117.280 ms                |
| OneStep                   | 339.123 ms                | 2.142 s                   |
+---------------------------+---------------------------+---------------------------+
W20240120 00:52:22.946918 64202 grad_async_v2.h:249] Sleep in <BlockToStepN>, step_no=7, pq.top=7
========== Step 7 ========== 
========== Step 7 ========== 
========== Step 7 ========== 
========== Step 7 ========== 
========== Step 7 ========== 
========== Step 7 ========== 
W20240120 00:52:23.047920  2709 grad_async_v2.h:120] Detect new sample comes, old_end7, new_end8
========== Step 7 ========== 
========== Step 7 ========== 
========== Step 8 ========== 
========== Step 8 ========== 
========== Step 8 ========== 
========== Step 8 ========== 
========== Step 8 ========== 
========== Step 8 ========== 
========== Step 8 ========== 
========== Step 8 ========== 
E20240120 00:52:23.622013  2709 parallel_pq_v2.h:76] insert failed, size(hashtable)=13394
========== Step 9 ========== 
========== Step 9 ========== 
========== Step 9 ========== 
========== Step 9 ========== 
========== Step 9 ========== 
========== Step 9 ========== 
========== Step 9 ========== 
========== Step 9 ========== 
W20240120 00:52:23.946008 64202 grad_async_v2.h:249] Sleep in <BlockToStepN>, step_no=10, pq.top=10
========== Step 10 ========== 
========== Step 10 ========== 
========== Step 10 ========== 
========== Step 10 ========== 
========== Step 10 ========== 
========== Step 10 ========== 
========== Step 10 ========== 
========== Step 10 ========== 
W20240120 00:52:24.101220  2709 grad_async_v2.h:120] Detect new sample comes, old_end9, new_end1
========== Step 11 ========== 
========== Step 11 ========== 
========== Step 11 ========== 
========== Step 11 ========== 
========== Step 11 ========== 
========== Step 11 ========== 
========== Step 11 ========== 
========== Step 11 ========== 
E20240120 00:52:24.622010  2709 parallel_pq_v2.h:76] insert failed, size(hashtable)=1796
========== Step 12 ========== 
========== Step 12 ========== 
========== Step 12 ========== 
========== Step 12 ========== 
========== Step 12 ========== 
========== Step 12 ========== 
========== Step 12 ========== 
========== Step 12 ========== 
W20240120 00:52:25.029325 64202 grad_async_v2.h:249] Sleep in <BlockToStepN>, step_no=13, pq.top=13
========== Step 13 ========== 
========== Step 13 ========== 
========== Step 13 ========== 
========== Step 13 ========== 
========== Step 13 ========== 
========== Step 13 ========== 
========== Step 13 ========== 
========== Step 13 ========== 
W20240120 00:52:25.141585  2709 grad_async_v2.h:120] Detect new sample comes, old_end3, new_end4
========== Step 14 ========== 
========== Step 14 ========== 
========== Step 14 ========== 
========== Step 14 ========== 
========== Step 14 ========== 
========== Step 14 ========== 
========== Step 14 ========== 
========== Step 14 ========== 
E20240120 00:52:25.622025  2708 parallel_pq_v2.h:76] insert failed, size(hashtable)=2792
========== Step 15 ========== 
========== Step 15 ========== 
========== Step 15 ========== 
========== Step 15 ========== 
========== Step 15 ========== 
========== Step 15 ========== 
========== Step 15 ========== 
========== Step 15 ========== 
W20240120 00:52:26.094547 64202 grad_async_v2.h:249] Sleep in <BlockToStepN>, step_no=16, pq.top=16
========== Step 16 ========== 
========== Step 16 ========== 
========== Step 16 ========== 
========== Step 16 ========== 
========== Step 16 ========== 
========== Step 16 ========== 
========== Step 16 ========== 
W20240120 00:52:26.224248  2709 grad_async_v2.h:120] Detect new sample comes, old_end6, new_end7
========== Step 16 ========== 
========== Step 17 ========== 
========== Step 17 ========== 
========== Step 17 ========== 
========== Step 17 ========== 
========== Step 17 ========== 
========== Step 17 ========== 
========== Step 17 ========== 
========== Step 17 ========== 
E20240120 00:52:26.622014  2709 parallel_pq_v2.h:76] insert failed, size(hashtable)=2110
========== Step 18 ========== 
========== Step 18 ========== 
========== Step 18 ========== 
========== Step 18 ========== 
========== Step 18 ========== 
========== Step 18 ========== 
========== Step 18 ========== 
========== Step 18 ========== 
W20240120 00:52:27.274549 64202 grad_async_v2.h:249] Sleep in <BlockToStepN>, step_no=19, pq.top=19
========== Step 19 ========== 
========== Step 19 ========== 
========== Step 19 ========== 
========== Step 19 ========== 
========== Step 19 ========== 
========== Step 19 ========== 
========== Step 19 ========== 
========== Step 19 ========== 
W20240120 00:52:27.386924  2709 grad_async_v2.h:120] Detect new sample comes, old_end9, new_end0
E20240120 00:52:27.622015  2709 parallel_pq_v2.h:76] insert failed, size(hashtable)=32
+---------------------------+---------------------------+---------------------------+
| Name                      | P50                       | P99                       |
+---------------------------+---------------------------+---------------------------+
| ProcessBack:Shuffle       | 85.268 ms                 | 472.318 ms                |
| ProcessBack:UpdateCache   | 23.578 ms                 | 1.335 s                   |
| ProcessBack:UpsertPq      | 113.670 ms                | 197.663 ms                |
| ProcessOneStep            | 255.360 ms                | 1.946 s                   |
| BlockToStepN              | 111.521 ms                | 135.676 ms                |
+---------------------------+---------------------------+---------------------------+
========== Step 20 ========== 
========== Step 20 ========== 
========== Step 20 ========== 
========== Step 20 ========== 
========== Step 20 ========== 
========== Step 20 ========== 
========== Step 20 ========== 
========== Step 20 ========== 
+---------------------------+---------------------------+---------------------------+
| Name                      | P50                       | P99                       |
+---------------------------+---------------------------+---------------------------+
| GenInput:CircleBuffer     | 136.158 us                | 548.895 us                |
| GenInput                  | 1.876 ms                  | 4.373 ms                  |
| Forward                   | 413.605 us                | 52.197 ms                 |
| Backward                  | 1.173 ms                  | 26.517 ms                 |
| Optimize                  | 135.089 us                | 350.876 us                |
| BarrierTimeBeforeRank0    | 781.832 us                | 3.959 ms                  |
| AfterBackward             | 255.445 ms                | 1.946 s                   |
| BlockToStepN              | 111.689 ms                | 135.751 ms                |
| OneStep                   | 383.992 ms                | 2.142 s                   |
+---------------------------+---------------------------+---------------------------+
========== Step 21 ========== 
========== Step 21 ========== 
========== Step 21 ========== 
========== Step 21 ========== 
========== Step 21 ========== 
========== Step 21 ========== 
========== Step 21 ========== 
========== Step 21 ========== 
W20240120 00:52:28.334759 64202 grad_async_v2.h:249] Sleep in <BlockToStepN>, step_no=22, pq.top=22
========== Step 22 ========== 
========== Step 22 ========== 
========== Step 22 ========== 
========== Step 22 ========== 
========== Step 22 ========== 
========== Step 22 ========== 
========== Step 22 ========== 
========== Step 22 ========== 
W20240120 00:52:28.463229  2709 grad_async_v2.h:120] Detect new sample comes, old_end2, new_end3
E20240120 00:52:28.622009  2709 parallel_pq_v2.h:76] insert failed, size(hashtable)=6239
========== Step 23 ========== 
========== Step 23 ========== 
========== Step 23 ========== 
========== Step 23 ========== 
========== Step 23 ========== 
========== Step 23 ========== 
========== Step 23 ========== 
========== Step 23 ========== 
========== Step 24 ========== 
========== Step 24 ========== 
========== Step 24 ========== 
========== Step 24 ========== 
========== Step 24 ========== 
========== Step 24 ========== 
========== Step 24 ========== 
========== Step 24 ========== 
W20240120 00:52:29.447178 64202 grad_async_v2.h:249] Sleep in <BlockToStepN>, step_no=25, pq.top=25
W20240120 00:52:29.469336  2709 grad_async_v2.h:120] Detect new sample comes, old_end4, new_end5
========== Step 25 ========== 
========== Step 25 ========== 
========== Step 25 ========== 
========== Step 25 ========== 
========== Step 25 ========== 
========== Step 25 ========== 
========== Step 25 ========== 
========== Step 25 ========== 
E20240120 00:52:29.622010 64202 parallel_pq_v2.h:76] insert failed, size(hashtable)=658
========== Step 26 ========== 
========== Step 26 ========== 
========== Step 26 ========== 
========== Step 26 ========== 
========== Step 26 ========== 
========== Step 26 ========== 
========== Step 26 ========== 
========== Step 26 ========== 
========== Step 27 ========== 
========== Step 27 ========== 
========== Step 27 ========== 
========== Step 27 ========== 
========== Step 27 ========== 
========== Step 27 ========== 
========== Step 27 ========== 
========== Step 27 ========== 
W20240120 00:52:30.459352 64202 grad_async_v2.h:249] Sleep in <BlockToStepN>, step_no=28, pq.top=28
========== Step 28 ========== 
========== Step 28 ========== 
========== Step 28 ========== 
========== Step 28 ========== 
========== Step 28 ========== 
========== Step 28 ========== 
========== Step 28 ========== 
========== Step 28 ========== 
W20240120 00:52:30.577689  2709 grad_async_v2.h:120] Detect new sample comes, old_end8, new_end9
E20240120 00:52:30.622013  2709 parallel_pq_v2.h:76] insert failed, size(hashtable)=751
========== Step 29 ========== 
========== Step 29 ========== 
========== Step 29 ========== 
========== Step 29 ========== 
========== Step 29 ========== 
========== Step 29 ========== 
========== Step 29 ========== 
========== Step 29 ========== 
========== Step 30 ========== 
========== Step 30 ========== 
========== Step 30 ========== 
========== Step 30 ========== 
========== Step 30 ========== 
========== Step 30 ========== 
========== Step 30 ========== 
========== Step 30 ========== 
W20240120 00:52:31.588533  2709 grad_async_v2.h:120] Detect new sample comes, old_end0, new_end1
E20240120 00:52:31.622005 64202 parallel_pq_v2.h:76] insert failed, size(hashtable)=164
W20240120 00:52:31.661557 64202 grad_async_v2.h:249] Sleep in <BlockToStepN>, step_no=31, pq.top=30
========== Step 31 ========== 
========== Step 31 ========== 
========== Step 31 ========== 
========== Step 31 ========== 
========== Step 31 ========== 
========== Step 31 ========== 
========== Step 31 ========== 
========== Step 31 ========== 
========== Step 32 ========== 
========== Step 32 ========== 
========== Step 32 ========== 
========== Step 32 ========== 
========== Step 32 ========== 
========== Step 32 ========== 
========== Step 32 ========== 
========== Step 32 ========== 
E20240120 00:52:32.645939  2708 parallel_pq_v2.h:76] insert failed, size(hashtable)=20774
W20240120 00:52:32.661049 64202 grad_async_v2.h:249] Sleep in <BlockToStepN>, step_no=33, pq.top=33
========== Step 33 ========== 
========== Step 33 ========== 
========== Step 33 ========== 
========== Step 33 ========== 
========== Step 33 ========== 
========== Step 33 ========== 
========== Step 33 ========== 
========== Step 33 ========== 
W20240120 00:52:32.697841  2709 grad_async_v2.h:120] Detect new sample comes, old_end3, new_end4
+---------------------------+---------------------------+---------------------------+
| Name                      | P50                       | P99                       |
+---------------------------+---------------------------+---------------------------+
| ProcessBack:Shuffle       | 115.285 ms                | 472.318 ms                |
| ProcessBack:UpdateCache   | 23.682 ms                 | 1.335 s                   |
| ProcessBack:UpsertPq      | 113.670 ms                | 197.663 ms                |
| ProcessOneStep            | 255.360 ms                | 1.946 s                   |
| BlockToStepN              | 113.095 ms                | 135.676 ms                |
+---------------------------+---------------------------+---------------------------+
+---------------------------+---------------------------+---------------------------+
| Name                      | P50                       | P99                       |
+---------------------------+---------------------------+---------------------------+
| GenInput:CircleBuffer     | 128.247 us                | 548.895 us                |
| GenInput                  | 1.755 ms                  | 4.373 ms                  |
| Forward                   | 404.698 us                | 52.197 ms                 |
| Backward                  | 1.173 ms                  | 26.517 ms                 |
| Optimize                  | 125.582 us                | 350.876 us                |
| BarrierTimeBeforeRank0    | 689.046 us                | 3.959 ms                  |
| AfterBackward             | 255.445 ms                | 1.946 s                   |
| BlockToStepN              | 113.280 ms                | 135.751 ms                |
| OneStep                   | 387.830 ms                | 2.142 s                   |
+---------------------------+---------------------------+---------------------------+
========== Step 34 ========== 
========== Step 34 ========== 
========== Step 34 ========== 
========== Step 34 ========== 
========== Step 34 ========== 
========== Step 34 ========== 
========== Step 34 ========== 
========== Step 34 ========== 
E20240120 00:52:33.655341  2708 parallel_pq_v2.h:76] insert failed, size(hashtable)=17163
W20240120 00:52:33.661039 64202 grad_async_v2.h:249] Sleep in <BlockToStepN>, step_no=35, pq.top=35
========== Step 35 ========== 
========== Step 35 ========== 
========== Step 35 ========== 
========== Step 35 ========== 
========== Step 35 ========== 
========== Step 35 ========== 
========== Step 35 ========== 
W20240120 00:52:33.707064  2709 grad_async_v2.h:120] Detect new sample comes, old_end5, new_end6
========== Step 35 ========== 
========== Step 36 ========== 
========== Step 36 ========== 
========== Step 36 ========== 
========== Step 36 ========== 
========== Step 36 ========== 
========== Step 36 ========== 
========== Step 36 ========== 
========== Step 36 ========== 
========== Step 37 ========== 
========== Step 37 ========== 
========== Step 37 ========== 
========== Step 37 ========== 
========== Step 37 ========== 
========== Step 37 ========== 
========== Step 37 ========== 
========== Step 37 ========== 
E20240120 00:52:34.655028  2709 parallel_pq_v2.h:76] insert failed, size(hashtable)=105199
W20240120 00:52:34.661032 64202 grad_async_v2.h:249] Sleep in <BlockToStepN>, step_no=38, pq.top=37
W20240120 00:52:34.707433  2709 grad_async_v2.h:120] Detect new sample comes, old_end7, new_end8
========== Step 38 ========== 
========== Step 38 ========== 
========== Step 38 ========== 
========== Step 38 ========== 
========== Step 38 ========== 
========== Step 38 ========== 
========== Step 38 ========== 
========== Step 38 ========== 
========== Step 39 ========== 
========== Step 39 ========== 
========== Step 39 ========== 
========== Step 39 ========== 
========== Step 39 ========== 
========== Step 39 ========== 
========== Step 39 ========== 
========== Step 39 ========== 
========== Step 40 ========== 
========== Step 40 ========== 
========== Step 40 ========== 
========== Step 40 ========== 
========== Step 40 ========== 
========== Step 40 ========== 
========== Step 40 ========== 
========== Step 40 ========== 
E20240120 00:52:35.655012  2708 parallel_pq_v2.h:76] insert failed, size(hashtable)=28077
W20240120 00:52:35.709511  2709 grad_async_v2.h:120] Detect new sample comes, old_end0, new_end1
W20240120 00:52:35.893051 64202 grad_async_v2.h:249] Sleep in <BlockToStepN>, step_no=41, pq.top=41
========== Step 41 ========== 
========== Step 41 ========== 
========== Step 41 ========== 
========== Step 41 ========== 
========== Step 41 ========== 
========== Step 41 ========== 
========== Step 41 ========== 
========== Step 41 ========== 
========== Step 42 ========== 
========== Step 42 ========== 
========== Step 42 ========== 
========== Step 42 ========== 
========== Step 42 ========== 
========== Step 42 ========== 
========== Step 42 ========== 
========== Step 42 ========== 
E20240120 00:52:36.655010  2709 parallel_pq_v2.h:76] insert failed, size(hashtable)=2
W20240120 00:52:36.718868  2709 grad_async_v2.h:120] Detect new sample comes, old_end2, new_end3
W20240120 00:52:36.893062 64202 grad_async_v2.h:249] Sleep in <BlockToStepN>, step_no=43, pq.top=43
========== Step 43 ========== 
========== Step 43 ========== 
========== Step 43 ========== 
========== Step 43 ========== 
========== Step 43 ========== 
========== Step 43 ========== 
========== Step 43 ========== 
========== Step 43 ========== 
========== Step 44 ========== 
========== Step 44 ========== 
========== Step 44 ========== 
========== Step 44 ========== 
========== Step 44 ========== 
========== Step 44 ========== 
========== Step 44 ========== 
========== Step 44 ========== 
========== Step 45 ========== 
========== Step 45 ========== 
========== Step 45 ========== 
========== Step 45 ========== 
========== Step 45 ========== 
========== Step 45 ========== 
========== Step 45 ========== 
========== Step 45 ========== 
E20240120 00:52:37.655028  2709 parallel_pq_v2.h:76] insert failed, size(hashtable)=74180
+---------------------------+---------------------------+---------------------------+
| Name                      | P50                       | P99                       |
+---------------------------+---------------------------+---------------------------+
| ProcessBack:Shuffle       | 123.766 ms                | 472.318 ms                |
| ProcessBack:UpdateCache   | 23.842 ms                 | 1.335 s                   |
| ProcessBack:UpsertPq      | 113.670 ms                | 197.663 ms                |
| ProcessOneStep            | 269.951 ms                | 1.946 s                   |
| BlockToStepN              | 115.342 ms                | 181.019 ms                |
+---------------------------+---------------------------+---------------------------+
W20240120 00:52:37.740335  2709 grad_async_v2.h:120] Detect new sample comes, old_end5, new_end6
+---------------------------+---------------------------+---------------------------+
| Name                      | P50                       | P99                       |
+---------------------------+---------------------------+---------------------------+
| GenInput:CircleBuffer     | 128.247 us                | 548.895 us                |
| GenInput                  | 1.769 ms                  | 4.373 ms                  |
| Forward                   | 403.529 us                | 52.197 ms                 |
| Backward                  | 1.053 ms                  | 26.517 ms                 |
| Optimize                  | 125.582 us                | 350.876 us                |
| BarrierTimeBeforeRank0    | 734.454 us                | 3.959 ms                  |
| AfterBackward             | 264.495 ms                | 1.946 s                   |
| BlockToStepN              | 115.481 ms                | 181.118 ms                |
| OneStep                   | 391.845 ms                | 2.142 s                   |
+---------------------------+---------------------------+---------------------------+
W20240120 00:52:37.893028 64202 grad_async_v2.h:249] Sleep in <BlockToStepN>, step_no=46, pq.top=46
========== Step 46 ========== 
========== Step 46 ========== 
========== Step 46 ========== 
========== Step 46 ========== 
========== Step 46 ========== 
========== Step 46 ========== 
========== Step 46 ========== 
========== Step 46 ========== 
========== Step 47 ========== 
========== Step 47 ========== 
========== Step 47 ========== 
========== Step 47 ========== 
========== Step 47 ========== 
========== Step 47 ========== 
========== Step 47 ========== 
========== Step 47 ========== 
E20240120 00:52:38.671463  2708 parallel_pq_v2.h:76] insert failed, size(hashtable)=9500
========== Step 48 ========== 
========== Step 48 ========== 
========== Step 48 ========== 
========== Step 48 ========== 
========== Step 48 ========== 
========== Step 48 ========== 
========== Step 48 ========== 
========== Step 48 ========== 
