+ set -e
+ git config --global --add safe.directory '*'
++ whoami
+ USER=root
++ cd ..
++ pwd
+ PROJECT_PATH=/app/RecStore
++ date +%Y%m%d_%H%M%S
+ LOG_TS=20260604_102424
+ LOG_FILE=/app/RecStore/init_env_20260604_102424.log
+ echo 'Init env log: /app/RecStore/init_env_20260604_102424.log'
Init env log: /app/RecStore/init_env_20260604_102424.log
+ exec
++ tee -a /app/RecStore/init_env_20260604_102424.log
+ sudo service ssh start
 * Starting OpenBSD Secure Shell server sshd
   ...done.
+ CMAKE_REQUIRE=-DCMAKE_POLICY_VERSION_MINIMUM=3.5
+ GPU_ARCH=80
+ '[' 0 = 1 ']'
+ MAKE_OPTS='-j20 -O'
+ export 'MAKEFLAGS=-j20 -O'
+ MAKEFLAGS='-j20 -O'
+ TORCH_VERSION=2.7.1
+ CUDA_VERSION=cu118
+ LIBTORCH_VARIANT=cu118
+ MARKER_DIR=/tmp/env_setup_markers
+ '[' root = root ']'
+ target_dir=/root
+ '[' '!' /app/RecStore/dockerfiles/docker_config/.bashrc -ef /root/.bashrc ']'
+ cp /app/RecStore/dockerfiles/docker_config/.bashrc /root/.bashrc
+ source /root/.bashrc
++ case $- in
++ return
+ mkdir -p /tmp/env_setup_markers
+ '[' '' = --clean ']'
+ steps=($(grep -oE '^step_[a-zA-Z0-9_]+\(\)' "$SCRIPT_PATH" | cut -d '(' -f1))
++ grep -oE '^step_[a-zA-Z0-9_]+\(\)' /app/RecStore/dockerfiles/init_env_inside_docker.sh
++ cut -d '(' -f1
+ step_names=()
+ declare -a step_names
+ step_status=()
+ declare -A step_status
+ step_duration_sec=()
+ declare -A step_duration_sec
+ for STEP in "${steps[@]}"
+ step_names+=("$STEP")
++ date +%s
+ step_start_ts=1780539864
++ marker_path step_base
++ echo /tmp/env_setup_markers/step_base.done
+ MARKER=/tmp/env_setup_markers/step_base.done
+ '[' -f /tmp/env_setup_markers/step_base.done ']'
+ echo 'Step step_base: Skipping (already completed)'
Step step_base: Skipping (already completed)
+ step_status["$STEP"]=SKIPPED
++ date +%s
+ step_end_ts=1780539864
+ step_duration_sec["$STEP"]=0
+ for STEP in "${steps[@]}"
+ step_names+=("$STEP")
++ date +%s
+ step_start_ts=1780539864
++ marker_path step_liburing
++ echo /tmp/env_setup_markers/step_liburing.done
+ MARKER=/tmp/env_setup_markers/step_liburing.done
+ '[' -f /tmp/env_setup_markers/step_liburing.done ']'
+ echo 'Step step_liburing: Skipping (already completed)'
Step step_liburing: Skipping (already completed)
+ step_status["$STEP"]=SKIPPED
++ date +%s
+ step_end_ts=1780539864
+ step_duration_sec["$STEP"]=0
+ for STEP in "${steps[@]}"
+ step_names+=("$STEP")
++ date +%s
+ step_start_ts=1780539864
++ marker_path step_glog
++ echo /tmp/env_setup_markers/step_glog.done
+ MARKER=/tmp/env_setup_markers/step_glog.done
+ '[' -f /tmp/env_setup_markers/step_glog.done ']'
+ echo 'Step step_glog: Skipping (already completed)'
Step step_glog: Skipping (already completed)
+ step_status["$STEP"]=SKIPPED
++ date +%s
+ step_end_ts=1780539864
+ step_duration_sec["$STEP"]=0
+ for STEP in "${steps[@]}"
+ step_names+=("$STEP")
++ date +%s
+ step_start_ts=1780539864
++ marker_path step_fmt
++ echo /tmp/env_setup_markers/step_fmt.done
+ MARKER=/tmp/env_setup_markers/step_fmt.done
+ '[' -f /tmp/env_setup_markers/step_fmt.done ']'
+ echo 'Step step_fmt: Skipping (already completed)'
Step step_fmt: Skipping (already completed)
+ step_status["$STEP"]=SKIPPED
++ date +%s
+ step_end_ts=1780539864
+ step_duration_sec["$STEP"]=0
+ for STEP in "${steps[@]}"
+ step_names+=("$STEP")
++ date +%s
+ step_start_ts=1780539864
++ marker_path step_folly
++ echo /tmp/env_setup_markers/step_folly.done
+ MARKER=/tmp/env_setup_markers/step_folly.done
+ '[' -f /tmp/env_setup_markers/step_folly.done ']'
+ echo 'Step step_folly: Skipping (already completed)'
Step step_folly: Skipping (already completed)
+ step_status["$STEP"]=SKIPPED
++ date +%s
+ step_end_ts=1780539864
+ step_duration_sec["$STEP"]=0
+ for STEP in "${steps[@]}"
+ step_names+=("$STEP")
++ date +%s
+ step_start_ts=1780539864
++ marker_path step_gperftools
++ echo /tmp/env_setup_markers/step_gperftools.done
+ MARKER=/tmp/env_setup_markers/step_gperftools.done
+ '[' -f /tmp/env_setup_markers/step_gperftools.done ']'
+ echo 'Step step_gperftools: Skipping (already completed)'
Step step_gperftools: Skipping (already completed)
+ step_status["$STEP"]=SKIPPED
++ date +%s
+ step_end_ts=1780539864
+ step_duration_sec["$STEP"]=0
+ for STEP in "${steps[@]}"
+ step_names+=("$STEP")
++ date +%s
+ step_start_ts=1780539864
++ marker_path step_cityhash
++ echo /tmp/env_setup_markers/step_cityhash.done
+ MARKER=/tmp/env_setup_markers/step_cityhash.done
+ '[' -f /tmp/env_setup_markers/step_cityhash.done ']'
+ echo 'Step step_cityhash: Skipping (already completed)'
Step step_cityhash: Skipping (already completed)
+ step_status["$STEP"]=SKIPPED
++ date +%s
+ step_end_ts=1780539864
+ step_duration_sec["$STEP"]=0
+ for STEP in "${steps[@]}"
+ step_names+=("$STEP")
++ date +%s
+ step_start_ts=1780539864
++ marker_path step_spdk
++ echo /tmp/env_setup_markers/step_spdk.done
+ MARKER=/tmp/env_setup_markers/step_spdk.done
+ '[' -f /tmp/env_setup_markers/step_spdk.done ']'
+ echo 'Step step_spdk: Skipping (already completed)'
Step step_spdk: Skipping (already completed)
+ step_status["$STEP"]=SKIPPED
++ date +%s
+ step_end_ts=1780539864
+ step_duration_sec["$STEP"]=0
+ for STEP in "${steps[@]}"
+ step_names+=("$STEP")
++ date +%s
+ step_start_ts=1780539864
++ marker_path step_torch
++ echo /tmp/env_setup_markers/step_torch.done
+ MARKER=/tmp/env_setup_markers/step_torch.done
+ '[' -f /tmp/env_setup_markers/step_torch.done ']'
+ echo 'Step step_torch: Skipping (already completed)'
Step step_torch: Skipping (already completed)
+ step_status["$STEP"]=SKIPPED
++ date +%s
+ step_end_ts=1780539864
+ step_duration_sec["$STEP"]=0
+ for STEP in "${steps[@]}"
+ step_names+=("$STEP")
++ date +%s
+ step_start_ts=1780539864
++ marker_path step_arrow
++ echo /tmp/env_setup_markers/step_arrow.done
+ MARKER=/tmp/env_setup_markers/step_arrow.done
+ '[' -f /tmp/env_setup_markers/step_arrow.done ']'
+ echo 'Step step_arrow: Skipping (already completed)'
Step step_arrow: Skipping (already completed)
+ step_status["$STEP"]=SKIPPED
++ date +%s
+ step_end_ts=1780539864
+ step_duration_sec["$STEP"]=0
+ for STEP in "${steps[@]}"
+ step_names+=("$STEP")
++ date +%s
+ step_start_ts=1780539864
++ marker_path step_cpptrace
++ echo /tmp/env_setup_markers/step_cpptrace.done
+ MARKER=/tmp/env_setup_markers/step_cpptrace.done
+ '[' -f /tmp/env_setup_markers/step_cpptrace.done ']'
+ echo 'Step step_cpptrace: Skipping (already completed)'
Step step_cpptrace: Skipping (already completed)
+ step_status["$STEP"]=SKIPPED
++ date +%s
+ step_end_ts=1780539864
+ step_duration_sec["$STEP"]=0
+ for STEP in "${steps[@]}"
+ step_names+=("$STEP")
++ date +%s
+ step_start_ts=1780539864
++ marker_path step_libtorch_abi
++ echo /tmp/env_setup_markers/step_libtorch_abi.done
+ MARKER=/tmp/env_setup_markers/step_libtorch_abi.done
+ '[' -f /tmp/env_setup_markers/step_libtorch_abi.done ']'
+ echo 'Step step_libtorch_abi: Skipping (already completed)'
Step step_libtorch_abi: Skipping (already completed)
+ step_status["$STEP"]=SKIPPED
++ date +%s
+ step_end_ts=1780539864
+ step_duration_sec["$STEP"]=0
+ for STEP in "${steps[@]}"
+ step_names+=("$STEP")
++ date +%s
+ step_start_ts=1780539864
++ marker_path step_HugeCTR
++ echo /tmp/env_setup_markers/step_HugeCTR.done
+ MARKER=/tmp/env_setup_markers/step_HugeCTR.done
+ '[' -f /tmp/env_setup_markers/step_HugeCTR.done ']'
+ echo 'Step step_HugeCTR: Skipping (already completed)'
Step step_HugeCTR: Skipping (already completed)
+ step_status["$STEP"]=SKIPPED
++ date +%s
+ step_end_ts=1780539864
+ step_duration_sec["$STEP"]=0
+ for STEP in "${steps[@]}"
+ step_names+=("$STEP")
++ date +%s
+ step_start_ts=1780539864
++ marker_path step_GRPC
++ echo /tmp/env_setup_markers/step_GRPC.done
+ MARKER=/tmp/env_setup_markers/step_GRPC.done
+ '[' -f /tmp/env_setup_markers/step_GRPC.done ']'
+ echo 'Step step_GRPC: Skipping (already completed)'
Step step_GRPC: Skipping (already completed)
+ step_status["$STEP"]=SKIPPED
++ date +%s
+ step_end_ts=1780539864
+ step_duration_sec["$STEP"]=0
+ for STEP in "${steps[@]}"
+ step_names+=("$STEP")
++ date +%s
+ step_start_ts=1780539864
++ marker_path step_ssh
++ echo /tmp/env_setup_markers/step_ssh.done
+ MARKER=/tmp/env_setup_markers/step_ssh.done
+ '[' -f /tmp/env_setup_markers/step_ssh.done ']'
+ echo 'Step step_ssh: Skipping (already completed)'
Step step_ssh: Skipping (already completed)
+ step_status["$STEP"]=SKIPPED
++ date +%s
+ step_end_ts=1780539864
+ step_duration_sec["$STEP"]=0
+ for STEP in "${steps[@]}"
+ step_names+=("$STEP")
++ date +%s
+ step_start_ts=1780539864
++ marker_path step_set_coredump
++ echo /tmp/env_setup_markers/step_set_coredump.done
+ MARKER=/tmp/env_setup_markers/step_set_coredump.done
+ '[' -f /tmp/env_setup_markers/step_set_coredump.done ']'
+ echo 'Step step_set_coredump: Skipping (already completed)'
Step step_set_coredump: Skipping (already completed)
+ step_status["$STEP"]=SKIPPED
++ date +%s
+ step_end_ts=1780539864
+ step_duration_sec["$STEP"]=0
+ for STEP in "${steps[@]}"
+ step_names+=("$STEP")
++ date +%s
+ step_start_ts=1780539864
++ marker_path step_libibverbs
++ echo /tmp/env_setup_markers/step_libibverbs.done
+ MARKER=/tmp/env_setup_markers/step_libibverbs.done
+ '[' -f /tmp/env_setup_markers/step_libibverbs.done ']'
+ echo 'Step step_libibverbs: Skipping (already completed)'
Step step_libibverbs: Skipping (already completed)
+ step_status["$STEP"]=SKIPPED
++ date +%s
+ step_end_ts=1780539864
+ step_duration_sec["$STEP"]=0
+ for STEP in "${steps[@]}"
+ step_names+=("$STEP")
++ date +%s
+ step_start_ts=1780539864
++ marker_path step_brpc
++ echo /tmp/env_setup_markers/step_brpc.done
+ MARKER=/tmp/env_setup_markers/step_brpc.done
+ '[' -f /tmp/env_setup_markers/step_brpc.done ']'
+ echo 'Step step_brpc: Skipping (already completed)'
Step step_brpc: Skipping (already completed)
+ step_status["$STEP"]=SKIPPED
++ date +%s
+ step_end_ts=1780539864
+ step_duration_sec["$STEP"]=0
+ echo 'Environment setup completed successfully.'
Environment setup completed successfully.
+ echo 'Step duration summary:'
Step duration summary:
+ for STEP in "${step_names[@]}"
+ printf '  - %-24s [%7s] %6ss\n' step_base SKIPPED 0
  - step_base                [SKIPPED]      0s
+ for STEP in "${step_names[@]}"
+ printf '  - %-24s [%7s] %6ss\n' step_liburing SKIPPED 0
  - step_liburing            [SKIPPED]      0s
+ for STEP in "${step_names[@]}"
+ printf '  - %-24s [%7s] %6ss\n' step_glog SKIPPED 0
  - step_glog                [SKIPPED]      0s
+ for STEP in "${step_names[@]}"
+ printf '  - %-24s [%7s] %6ss\n' step_fmt SKIPPED 0
  - step_fmt                 [SKIPPED]      0s
+ for STEP in "${step_names[@]}"
+ printf '  - %-24s [%7s] %6ss\n' step_folly SKIPPED 0
  - step_folly               [SKIPPED]      0s
+ for STEP in "${step_names[@]}"
+ printf '  - %-24s [%7s] %6ss\n' step_gperftools SKIPPED 0
  - step_gperftools          [SKIPPED]      0s
+ for STEP in "${step_names[@]}"
+ printf '  - %-24s [%7s] %6ss\n' step_cityhash SKIPPED 0
  - step_cityhash            [SKIPPED]      0s
+ for STEP in "${step_names[@]}"
+ printf '  - %-24s [%7s] %6ss\n' step_spdk SKIPPED 0
  - step_spdk                [SKIPPED]      0s
+ for STEP in "${step_names[@]}"
+ printf '  - %-24s [%7s] %6ss\n' step_torch SKIPPED 0
  - step_torch               [SKIPPED]      0s
+ for STEP in "${step_names[@]}"
+ printf '  - %-24s [%7s] %6ss\n' step_arrow SKIPPED 0
  - step_arrow               [SKIPPED]      0s
+ for STEP in "${step_names[@]}"
+ printf '  - %-24s [%7s] %6ss\n' step_cpptrace SKIPPED 0
  - step_cpptrace            [SKIPPED]      0s
+ for STEP in "${step_names[@]}"
+ printf '  - %-24s [%7s] %6ss\n' step_libtorch_abi SKIPPED 0
  - step_libtorch_abi        [SKIPPED]      0s
+ for STEP in "${step_names[@]}"
+ printf '  - %-24s [%7s] %6ss\n' step_HugeCTR SKIPPED 0
  - step_HugeCTR             [SKIPPED]      0s
+ for STEP in "${step_names[@]}"
+ printf '  - %-24s [%7s] %6ss\n' step_GRPC SKIPPED 0
  - step_GRPC                [SKIPPED]      0s
+ for STEP in "${step_names[@]}"
+ printf '  - %-24s [%7s] %6ss\n' step_ssh SKIPPED 0
  - step_ssh                 [SKIPPED]      0s
+ for STEP in "${step_names[@]}"
+ printf '  - %-24s [%7s] %6ss\n' step_set_coredump SKIPPED 0
  - step_set_coredump        [SKIPPED]      0s
+ for STEP in "${step_names[@]}"
+ printf '  - %-24s [%7s] %6ss\n' step_libibverbs SKIPPED 0
  - step_libibverbs          [SKIPPED]      0s
+ for STEP in "${step_names[@]}"
+ printf '  - %-24s [%7s] %6ss\n' step_brpc SKIPPED 0
  - step_brpc                [SKIPPED]      0s
