WARNING: Logging before InitGoogleLogging() is written to STDERR
I20240119 01:13:19.351707 26569 IPC_barrier.h:128] MultiProcessBarrierFactory->ClearIPCMemory()
/home/xieminhui/RecStore/src/framework_adapters/torch/kg/dgl-0.9.1/python/dgl/_deprecate/graph.py:1023: DGLWarning: multigraph will be deprecated.DGL will treat all graphs as multigraph in the future.
  dgl_warning("multigraph will be deprecated." \
/home/xieminhui/RecStore/src/framework_adapters/torch/kg/dgl-0.9.1/python/dgl/heterograph.py:72: DGLWarning: Recommend creating graphs by `dgl.graph(data)` instead of `dgl.DGLGraph(data)`.
  dgl_warning('Recommend creating graphs by `dgl.graph(data)`'
Reading train triples....
Finished. Read 483142 train triples.
Reading valid triples....
Finished. Read 50000 valid triples.
Reading test triples....
Finished. Read 59071 test triples.
ARGS:  Namespace(model_name='SimplE', data_path='/home/xieminhui/dgl-data', dataset='FB15k', format='built_in', data_files=None, delimiter='\t', save_path='/tmp/ckpts/SimplE_FB15k_0', no_save_emb=True, max_step=500, batch_size=4800, batch_size_eval=16, neg_sample_size=200, neg_deg_sample=False, neg_deg_sample_eval=False, neg_sample_size_eval=14951, eval_percent=1, no_eval_filter=False, log_interval=100, eval_interval=10000, test=False, num_proc=8, num_thread=1, force_sync_interval=1, hidden_dim=400, lr=0.01, gamma=16.0, double_ent=False, double_rel=False, neg_adversarial_sampling=False, adversarial_temperature=1.0, regularization_coef=0.0, regularization_norm=3, pairwise=False, loss_genre='Logsigmoid', margin=1.0, nr_gpus=8, gpu=[0, 1, 2, 3, 4, 5, 6, 7], mix_cpu_gpu=True, valid=False, rel_part=False, async_update=None, has_edge_importance=False, cached_emb_type='KnownLocalCachedEmbedding', use_my_emb=True, cache_ratio=0.1, shuffle=False, backwardMode='CppAsyncV2', L=10, kForwardItersPerStep=2, backgrad_init='both', eval_filter=True, soft_rel_part=False)
|Train|: 483142
original graph:  DGLGraph(num_nodes=14951, num_edges=592213,
         ndata_schemes={}
         edata_schemes={'tid': Scheme(shape=(), dtype=torch.int64)})
Loading cached metis
WARNING [26569 sampler.py:454] Start PreSampling
WARNING [26569 sampler.py:532] Before construct renumbering_dict
WARNING [26569 sampler.py:555] PreSampling done
W20240119 01:13:21.954723 26569 IPCTensor.h:367] NewIPCTensor: cached_sampler_r0_0 [100000]0x100000002000
W20240119 01:13:21.955020 26569 IPCTensor.h:367] NewIPCTensor: cached_sampler_r0_1 [100000]0x1000000c7000
W20240119 01:13:21.955068 26569 IPCTensor.h:367] NewIPCTensor: cached_sampler_r0_2 [100000]0x10000018c000
W20240119 01:13:21.955103 26569 IPCTensor.h:367] NewIPCTensor: cached_sampler_r0_3 [100000]0x100000251000
W20240119 01:13:21.955142 26569 IPCTensor.h:367] NewIPCTensor: cached_sampler_r0_4 [100000]0x100000316000
W20240119 01:13:21.955169 26569 IPCTensor.h:367] NewIPCTensor: cached_sampler_r0_5 [100000]0x1000003db000
W20240119 01:13:21.955211 26569 IPCTensor.h:367] NewIPCTensor: cached_sampler_r0_6 [100000]0x1000004a0000
W20240119 01:13:21.955255 26569 IPCTensor.h:367] NewIPCTensor: cached_sampler_r0_7 [100000]0x100000565000
W20240119 01:13:21.955292 26569 IPCTensor.h:367] NewIPCTensor: cached_sampler_r0_8 [100000]0x10000062a000
W20240119 01:13:21.955335 26569 IPCTensor.h:367] NewIPCTensor: cached_sampler_r0_9 [100000]0x1000006ef000
W20240119 01:13:21.955384 26569 IPCTensor.h:367] NewIPCTensor: step_r0 [10]0x1000007b4000
W20240119 01:13:21.955421 26569 IPCTensor.h:367] NewIPCTensor: circle_buffer_end_r0 [1]0x1000007b6000
W20240119 01:13:21.955446 26569 IPCTensor.h:367] NewIPCTensor: circle_buffer_end_cppseen_r0 [1]0x1000007b8000
W20240119 01:13:21.955583 26569 IPCTensor.h:367] NewIPCTensor: cached_sampler_r1_0 [100000]0x1000007ba000
W20240119 01:13:21.955615 26569 IPCTensor.h:367] NewIPCTensor: cached_sampler_r1_1 [100000]0x10000087f000
W20240119 01:13:21.955646 26569 IPCTensor.h:367] NewIPCTensor: cached_sampler_r1_2 [100000]0x100000944000
W20240119 01:13:21.955677 26569 IPCTensor.h:367] NewIPCTensor: cached_sampler_r1_3 [100000]0x100000a09000
W20240119 01:13:21.955709 26569 IPCTensor.h:367] NewIPCTensor: cached_sampler_r1_4 [100000]0x100000ace000
W20240119 01:13:21.955754 26569 IPCTensor.h:367] NewIPCTensor: cached_sampler_r1_5 [100000]0x100000b93000
W20240119 01:13:21.955798 26569 IPCTensor.h:367] NewIPCTensor: cached_sampler_r1_6 [100000]0x100000c58000
W20240119 01:13:21.955827 26569 IPCTensor.h:367] NewIPCTensor: cached_sampler_r1_7 [100000]0x100000d1d000
W20240119 01:13:21.955857 26569 IPCTensor.h:367] NewIPCTensor: cached_sampler_r1_8 [100000]0x100000de2000
W20240119 01:13:21.955883 26569 IPCTensor.h:367] NewIPCTensor: cached_sampler_r1_9 [100000]0x100000ea7000
W20240119 01:13:21.955910 26569 IPCTensor.h:367] NewIPCTensor: step_r1 [10]0x100000f6c000
W20240119 01:13:21.955933 26569 IPCTensor.h:367] NewIPCTensor: circle_buffer_end_r1 [1]0x100000f6e000
W20240119 01:13:21.955964 26569 IPCTensor.h:367] NewIPCTensor: circle_buffer_end_cppseen_r1 [1]0x100000f70000
W20240119 01:13:21.956029 26569 IPCTensor.h:367] NewIPCTensor: cached_sampler_r2_0 [100000]0x100000f72000
W20240119 01:13:21.956089 26569 IPCTensor.h:367] NewIPCTensor: cached_sampler_r2_1 [100000]0x100001037000
W20240119 01:13:21.956125 26569 IPCTensor.h:367] NewIPCTensor: cached_sampler_r2_2 [100000]0x1000010fc000
W20240119 01:13:21.956153 26569 IPCTensor.h:367] NewIPCTensor: cached_sampler_r2_3 [100000]0x1000011c1000
W20240119 01:13:21.956195 26569 IPCTensor.h:367] NewIPCTensor: cached_sampler_r2_4 [100000]0x100001286000
W20240119 01:13:21.956233 26569 IPCTensor.h:367] NewIPCTensor: cached_sampler_r2_5 [100000]0x10000134b000
W20240119 01:13:21.956266 26569 IPCTensor.h:367] NewIPCTensor: cached_sampler_r2_6 [100000]0x100001410000
W20240119 01:13:21.956307 26569 IPCTensor.h:367] NewIPCTensor: cached_sampler_r2_7 [100000]0x1000014d5000
W20240119 01:13:21.956341 26569 IPCTensor.h:367] NewIPCTensor: cached_sampler_r2_8 [100000]0x10000159a000
W20240119 01:13:21.956368 26569 IPCTensor.h:367] NewIPCTensor: cached_sampler_r2_9 [100000]0x10000165f000
W20240119 01:13:21.956398 26569 IPCTensor.h:367] NewIPCTensor: step_r2 [10]0x100001724000
W20240119 01:13:21.956421 26569 IPCTensor.h:367] NewIPCTensor: circle_buffer_end_r2 [1]0x100001726000
W20240119 01:13:21.956450 26569 IPCTensor.h:367] NewIPCTensor: circle_buffer_end_cppseen_r2 [1]0x100001728000
W20240119 01:13:21.956504 26569 IPCTensor.h:367] NewIPCTensor: cached_sampler_r3_0 [100000]0x10000172a000
W20240119 01:13:21.956537 26569 IPCTensor.h:367] NewIPCTensor: cached_sampler_r3_1 [100000]0x1000017ef000
W20240119 01:13:21.956565 26569 IPCTensor.h:367] NewIPCTensor: cached_sampler_r3_2 [100000]0x1000018b4000
W20240119 01:13:21.956598 26569 IPCTensor.h:367] NewIPCTensor: cached_sampler_r3_3 [100000]0x100001979000
W20240119 01:13:21.956625 26569 IPCTensor.h:367] NewIPCTensor: cached_sampler_r3_4 [100000]0x100001a3e000
W20240119 01:13:21.956660 26569 IPCTensor.h:367] NewIPCTensor: cached_sampler_r3_5 [100000]0x100001b03000
W20240119 01:13:21.956689 26569 IPCTensor.h:367] NewIPCTensor: cached_sampler_r3_6 [100000]0x100001bc8000
W20240119 01:13:21.956724 26569 IPCTensor.h:367] NewIPCTensor: cached_sampler_r3_7 [100000]0x100001c8d000
W20240119 01:13:21.956764 26569 IPCTensor.h:367] NewIPCTensor: cached_sampler_r3_8 [100000]0x100001d52000
W20240119 01:13:21.956791 26569 IPCTensor.h:367] NewIPCTensor: cached_sampler_r3_9 [100000]0x100001e17000
W20240119 01:13:21.956832 26569 IPCTensor.h:367] NewIPCTensor: step_r3 [10]0x100001edc000
W20240119 01:13:21.956856 26569 IPCTensor.h:367] NewIPCTensor: circle_buffer_end_r3 [1]0x100001ede000
W20240119 01:13:21.956878 26569 IPCTensor.h:367] NewIPCTensor: circle_buffer_end_cppseen_r3 [1]0x100001ee0000
W20240119 01:13:21.956959 26569 IPCTensor.h:367] NewIPCTensor: cached_sampler_r4_0 [100000]0x100001ee2000
W20240119 01:13:21.956993 26569 IPCTensor.h:367] NewIPCTensor: cached_sampler_r4_1 [100000]0x100001fa7000
W20240119 01:13:21.957026 26569 IPCTensor.h:367] NewIPCTensor: cached_sampler_r4_2 [100000]0x10000206c000
W20240119 01:13:21.957054 26569 IPCTensor.h:367] NewIPCTensor: cached_sampler_r4_3 [100000]0x100002131000
W20240119 01:13:21.957098 26569 IPCTensor.h:367] NewIPCTensor: cached_sampler_r4_4 [100000]0x1000021f6000
W20240119 01:13:21.957139 26569 IPCTensor.h:367] NewIPCTensor: cached_sampler_r4_5 [100000]0x1000022bb000
W20240119 01:13:21.957172 26569 IPCTensor.h:367] NewIPCTensor: cached_sampler_r4_6 [100000]0x100002380000
W20240119 01:13:21.957203 26569 IPCTensor.h:367] NewIPCTensor: cached_sampler_r4_7 [100000]0x100002445000
W20240119 01:13:21.957230 26569 IPCTensor.h:367] NewIPCTensor: cached_sampler_r4_8 [100000]0x10000250a000
W20240119 01:13:21.957266 26569 IPCTensor.h:367] NewIPCTensor: cached_sampler_r4_9 [100000]0x1000025cf000
W20240119 01:13:21.957293 26569 IPCTensor.h:367] NewIPCTensor: step_r4 [10]0x100002694000
W20240119 01:13:21.957316 26569 IPCTensor.h:367] NewIPCTensor: circle_buffer_end_r4 [1]0x100002696000
W20240119 01:13:21.957340 26569 IPCTensor.h:367] NewIPCTensor: circle_buffer_end_cppseen_r4 [1]0x100002698000
W20240119 01:13:21.957393 26569 IPCTensor.h:367] NewIPCTensor: cached_sampler_r5_0 [100000]0x10000269a000
W20240119 01:13:21.957434 26569 IPCTensor.h:367] NewIPCTensor: cached_sampler_r5_1 [100000]0x10000275f000
W20240119 01:13:21.957468 26569 IPCTensor.h:367] NewIPCTensor: cached_sampler_r5_2 [100000]0x100002824000
W20240119 01:13:21.957494 26569 IPCTensor.h:367] NewIPCTensor: cached_sampler_r5_3 [100000]0x1000028e9000
W20240119 01:13:21.957527 26569 IPCTensor.h:367] NewIPCTensor: cached_sampler_r5_4 [100000]0x1000029ae000
W20240119 01:13:21.957561 26569 IPCTensor.h:367] NewIPCTensor: cached_sampler_r5_5 [100000]0x100002a73000
W20240119 01:13:21.957593 26569 IPCTensor.h:367] NewIPCTensor: cached_sampler_r5_6 [100000]0x100002b38000
W20240119 01:13:21.957624 26569 IPCTensor.h:367] NewIPCTensor: cached_sampler_r5_7 [100000]0x100002bfd000
W20240119 01:13:21.957654 26569 IPCTensor.h:367] NewIPCTensor: cached_sampler_r5_8 [100000]0x100002cc2000
W20240119 01:13:21.957687 26569 IPCTensor.h:367] NewIPCTensor: cached_sampler_r5_9 [100000]0x100002d87000
W20240119 01:13:21.957715 26569 IPCTensor.h:367] NewIPCTensor: step_r5 [10]0x100002e4c000
W20240119 01:13:21.957736 26569 IPCTensor.h:367] NewIPCTensor: circle_buffer_end_r5 [1]0x100002e4e000
W20240119 01:13:21.957765 26569 IPCTensor.h:367] NewIPCTensor: circle_buffer_end_cppseen_r5 [1]0x100002e50000
W20240119 01:13:21.957818 26569 IPCTensor.h:367] NewIPCTensor: cached_sampler_r6_0 [100000]0x100002e52000
W20240119 01:13:21.957846 26569 IPCTensor.h:367] NewIPCTensor: cached_sampler_r6_1 [100000]0x100002f17000
W20240119 01:13:21.957875 26569 IPCTensor.h:367] NewIPCTensor: cached_sampler_r6_2 [100000]0x100002fdc000
W20240119 01:13:21.957902 26569 IPCTensor.h:367] NewIPCTensor: cached_sampler_r6_3 [100000]0x1000030a1000
W20240119 01:13:21.957929 26569 IPCTensor.h:367] NewIPCTensor: cached_sampler_r6_4 [100000]0x100003166000
W20240119 01:13:21.957957 26569 IPCTensor.h:367] NewIPCTensor: cached_sampler_r6_5 [100000]0x10000322b000
W20240119 01:13:21.957991 26569 IPCTensor.h:367] NewIPCTensor: cached_sampler_r6_6 [100000]0x1000032f0000
W20240119 01:13:21.958025 26569 IPCTensor.h:367] NewIPCTensor: cached_sampler_r6_7 [100000]0x1000033b5000
W20240119 01:13:21.958060 26569 IPCTensor.h:367] NewIPCTensor: cached_sampler_r6_8 [100000]0x10000347a000
W20240119 01:13:21.958096 26569 IPCTensor.h:367] NewIPCTensor: cached_sampler_r6_9 [100000]0x10000353f000
W20240119 01:13:21.958124 26569 IPCTensor.h:367] NewIPCTensor: step_r6 [10]0x100003604000
W20240119 01:13:21.958146 26569 IPCTensor.h:367] NewIPCTensor: circle_buffer_end_r6 [1]0x100003606000
W20240119 01:13:21.958168 26569 IPCTensor.h:367] NewIPCTensor: circle_buffer_end_cppseen_r6 [1]0x100003608000
W20240119 01:13:21.958223 26569 IPCTensor.h:367] NewIPCTensor: cached_sampler_r7_0 [100000]0x10000360a000
W20240119 01:13:21.958257 26569 IPCTensor.h:367] NewIPCTensor: cached_sampler_r7_1 [100000]0x1000036cf000
W20240119 01:13:21.958285 26569 IPCTensor.h:367] NewIPCTensor: cached_sampler_r7_2 [100000]0x100003794000
W20240119 01:13:21.958313 26569 IPCTensor.h:367] NewIPCTensor: cached_sampler_r7_3 [100000]0x100003859000
W20240119 01:13:21.958344 26569 IPCTensor.h:367] NewIPCTensor: cached_sampler_r7_4 [100000]0x10000391e000
W20240119 01:13:21.958386 26569 IPCTensor.h:367] NewIPCTensor: cached_sampler_r7_5 [100000]0x1000039e3000
W20240119 01:13:21.958422 26569 IPCTensor.h:367] NewIPCTensor: cached_sampler_r7_6 [100000]0x100003aa8000
W20240119 01:13:21.958453 26569 IPCTensor.h:367] NewIPCTensor: cached_sampler_r7_7 [100000]0x100003b6d000
W20240119 01:13:21.958487 26569 IPCTensor.h:367] NewIPCTensor: cached_sampler_r7_8 [100000]0x100003c32000
W20240119 01:13:21.958515 26569 IPCTensor.h:367] NewIPCTensor: cached_sampler_r7_9 [100000]0x100003cf7000
W20240119 01:13:21.958550 26569 IPCTensor.h:367] NewIPCTensor: step_r7 [10]0x100003dbc000
W20240119 01:13:21.958573 26569 IPCTensor.h:367] NewIPCTensor: circle_buffer_end_r7 [1]0x100003dbe000
W20240119 01:13:21.958595 26569 IPCTensor.h:367] NewIPCTensor: circle_buffer_end_cppseen_r7 [1]0x100003dc0000
W20240119 01:13:22.157366 26569 IPCTensor.h:367] NewIPCTensor: full_emb [14951, 400]0x100003dc2000
W20240119 01:13:22.157524 26569 IPCTensor.h:367] NewIPCTensor: full_emb_SparseRowWiseAdaGrad_sum [14951]0x100005494000
{0: Graph(num_nodes=8499, num_edges=86694,
      ndata_schemes={'_ID': Scheme(shape=(), dtype=torch.int64), 'inner_node': Scheme(shape=(), dtype=torch.int32), 'part_id': Scheme(shape=(), dtype=torch.int64)}
      edata_schemes={'_ID': Scheme(shape=(), dtype=torch.int64), 'inner_edge': Scheme(shape=(), dtype=torch.int8)}), 1: Graph(num_nodes=6140, num_edges=88951,
      ndata_schemes={'_ID': Scheme(shape=(), dtype=torch.int64), 'inner_node': Scheme(shape=(), dtype=torch.int32), 'part_id': Scheme(shape=(), dtype=torch.int64)}
      edata_schemes={'_ID': Scheme(shape=(), dtype=torch.int64), 'inner_edge': Scheme(shape=(), dtype=torch.int8)}), 2: Graph(num_nodes=8646, num_edges=109741,
      ndata_schemes={'_ID': Scheme(shape=(), dtype=torch.int64), 'inner_node': Scheme(shape=(), dtype=torch.int32), 'part_id': Scheme(shape=(), dtype=torch.int64)}
      edata_schemes={'_ID': Scheme(shape=(), dtype=torch.int64), 'inner_edge': Scheme(shape=(), dtype=torch.int8)}), 3: Graph(num_nodes=8503, num_edges=86907,
      ndata_schemes={'_ID': Scheme(shape=(), dtype=torch.int64), 'inner_node': Scheme(shape=(), dtype=torch.int32), 'part_id': Scheme(shape=(), dtype=torch.int64)}
      edata_schemes={'_ID': Scheme(shape=(), dtype=torch.int64), 'inner_edge': Scheme(shape=(), dtype=torch.int8)}), 4: Graph(num_nodes=10597, num_edges=122217,
      ndata_schemes={'_ID': Scheme(shape=(), dtype=torch.int64), 'inner_node': Scheme(shape=(), dtype=torch.int32), 'part_id': Scheme(shape=(), dtype=torch.int64)}
      edata_schemes={'_ID': Scheme(shape=(), dtype=torch.int64), 'inner_edge': Scheme(shape=(), dtype=torch.int8)}), 5: Graph(num_nodes=8255, num_edges=102550,
      ndata_schemes={'_ID': Scheme(shape=(), dtype=torch.int64), 'inner_node': Scheme(shape=(), dtype=torch.int32), 'part_id': Scheme(shape=(), dtype=torch.int64)}
      edata_schemes={'_ID': Scheme(shape=(), dtype=torch.int64), 'inner_edge': Scheme(shape=(), dtype=torch.int8)}), 6: Graph(num_nodes=7422, num_edges=104094,
      ndata_schemes={'_ID': Scheme(shape=(), dtype=torch.int64), 'inner_node': Scheme(shape=(), dtype=torch.int32), 'part_id': Scheme(shape=(), dtype=torch.int64)}
      edata_schemes={'_ID': Scheme(shape=(), dtype=torch.int64), 'inner_edge': Scheme(shape=(), dtype=torch.int8)}), 7: Graph(num_nodes=7815, num_edges=137832,
      ndata_schemes={'_ID': Scheme(shape=(), dtype=torch.int64), 'inner_node': Scheme(shape=(), dtype=torch.int32), 'part_id': Scheme(shape=(), dtype=torch.int64)}
      edata_schemes={'_ID': Scheme(shape=(), dtype=torch.int64), 'inner_edge': Scheme(shape=(), dtype=torch.int8)})}
MertisPartition: part 0 has 8499 N 86694 E
MertisPartition: part 1 has 6140 N 88951 E
MertisPartition: part 2 has 8646 N 109741 E
MertisPartition: part 3 has 8503 N 86907 E
MertisPartition: part 4 has 10597 N 122217 E
MertisPartition: part 5 has 8255 N 102550 E
MertisPartition: part 6 has 7422 N 104094 E
MertisPartition: part 7 has 7815 N 137832 E
Rank0: cached key size 186
Rank1: cached key size 186
Rank2: cached key size 186
Rank3: cached key size 186
Rank4: cached key size 186
Rank5: cached key size 186
Rank6: cached key size 186
Rank7: cached key size 186
Before renumbering graph:  {'_ID': tensor([    0,    15,    36,  ..., 11946,  9147, 13282]), 'inner_node': tensor([1, 1, 1,  ..., 0, 0, 0], dtype=torch.int32), 'part_id': tensor([0, 0, 0,  ..., 6, 3, 7])}
After renumbering graph:  {'_ID': tensor([ 1512,  2044,  2784,  ...,  7928, 11203,  6352]), 'inner_node': tensor([1, 1, 1,  ..., 0, 0, 0], dtype=torch.int32), 'part_id': tensor([0, 0, 0,  ..., 6, 3, 7])}
part_g: DGLGraph(num_nodes=8499, num_edges=86694,
         ndata_schemes={'_ID': Scheme(shape=(), dtype=torch.int64)}
         edata_schemes={'tid': Scheme(shape=(), dtype=torch.int64)})
part_g: DGLGraph(num_nodes=8499, num_edges=86694,
         ndata_schemes={'_ID': Scheme(shape=(), dtype=torch.int64)}
         edata_schemes={'tid': Scheme(shape=(), dtype=torch.int64)})
Total initialize time 2.841 seconds
[Rank1] pid = 26958
[Rank2] pid = 27022
[Rank3] pid = 27089
[Rank4] pid = 27090
[Rank5] pid = 27217
[Rank6] pid = 27218
INFO [26569 distributed_c10d.py:442] Added key: store_based_barrier_key:1 to store for rank: 0
INFO [26958 distributed_c10d.py:442] Added key: store_based_barrier_key:1 to store for rank: 1
INFO [27022 distributed_c10d.py:442] Added key: store_based_barrier_key:1 to store for rank: 2
INFO [27089 distributed_c10d.py:442] Added key: store_based_barrier_key:1 to store for rank: 3
INFO [27090 distributed_c10d.py:442] Added key: store_based_barrier_key:1 to store for rank: 4
INFO [27218 distributed_c10d.py:442] Added key: store_based_barrier_key:1 to store for rank: 6
INFO [27217 distributed_c10d.py:442] Added key: store_based_barrier_key:1 to store for rank: 5
INFO [27220 distributed_c10d.py:442] Added key: store_based_barrier_key:1 to store for rank: 7
INFO [27022 distributed_c10d.py:476] Rank 2: Completed store-based barrier for key:store_based_barrier_key:1 with 8 nodes.
INFO [27090 distributed_c10d.py:476] Rank 4: Completed store-based barrier for key:store_based_barrier_key:1 with 8 nodes.
INFO [27089 distributed_c10d.py:476] Rank 3: Completed store-based barrier for key:store_based_barrier_key:1 with 8 nodes.
INFO [26958 distributed_c10d.py:476] Rank 1: Completed store-based barrier for key:store_based_barrier_key:1 with 8 nodes.
INFO [27217 distributed_c10d.py:476] Rank 5: Completed store-based barrier for key:store_based_barrier_key:1 with 8 nodes.
INFO [26569 distributed_c10d.py:476] Rank 0: Completed store-based barrier for key:store_based_barrier_key:1 with 8 nodes.
INFO [27220 distributed_c10d.py:476] Rank 7: Completed store-based barrier for key:store_based_barrier_key:1 with 8 nodes.
INFO [27218 distributed_c10d.py:476] Rank 6: Completed store-based barrier for key:store_based_barrier_key:1 with 8 nodes.
W20240119 01:13:25.783062 27221 IPCTensor.h:406] NewIPCGPUTensor: embedding_cache_0 [1495, 400]; dev=0; size=2.281 MB
W20240119 01:13:25.783890 27023 IPCTensor.h:406] NewIPCGPUTensor: embedding_cache_2 [1495, 400]; dev=2; size=2.281 MB
W20240119 01:13:25.783911 27092 IPCTensor.h:406] NewIPCGPUTensor: embedding_cache_4 [1495, 400]; dev=4; size=2.281 MB
W20240119 01:13:25.783911 27285 IPCTensor.h:406] NewIPCGPUTensor: embedding_cache_6 [1495, 400]; dev=6; size=2.281 MB
W20240119 01:13:25.783913 27410 IPCTensor.h:406] NewIPCGPUTensor: embedding_cache_7 [1495, 400]; dev=7; size=2.281 MB
W20240119 01:13:25.783921 26959 IPCTensor.h:406] NewIPCGPUTensor: embedding_cache_1 [1495, 400]; dev=1; size=2.281 MB
W20240119 01:13:25.783929 27091 IPCTensor.h:406] NewIPCGPUTensor: embedding_cache_3 [1495, 400]; dev=3; size=2.281 MB
W20240119 01:13:25.783936 27219 IPCTensor.h:406] NewIPCGPUTensor: embedding_cache_5 [1495, 400]; dev=5; size=2.281 MB
W20240119 01:13:25.819356 27410 IPCTensor.h:367] NewIPCTensor: input_keys_7 [100000]0x1000054aa000
W20240119 01:13:25.819416 27285 IPCTensor.h:367] NewIPCTensor: input_keys_6 [100000]0x10000556f000
W20240119 01:13:25.819474 27219 IPCTensor.h:367] NewIPCTensor: input_keys_5 [100000]0x100005638000
W20240119 01:13:25.819514 27410 IPCTensor.h:367] NewIPCTensor: input_keys_neg_7 [100000]0x100005703000
W20240119 01:13:25.819531 27285 IPCTensor.h:367] NewIPCTensor: input_keys_neg_6 [100000]0x1000057c8000
W20240119 01:13:25.819576 27410 IPCTensor.h:367] NewIPCTensor: backward_grads_7 [100000, 400]0x10000588d000
W20240119 01:13:25.819586 27285 IPCTensor.h:367] NewIPCTensor: backward_grads_6 [100000, 400]0x10000f125000
W20240119 01:13:25.819602 27219 IPCTensor.h:367] NewIPCTensor: input_keys_neg_5 [100000]0x1000189bd000
W20240119 01:13:25.819618 27410 IPCTensor.h:367] NewIPCTensor: backward_grads_neg_7 [100000, 400]0x100018a82000
W20240119 01:13:25.819622 27285 IPCTensor.h:367] NewIPCTensor: backward_grads_neg_6 [100000, 400]0x10002231a000
W20240119 01:13:25.819631 27221 IPCTensor.h:367] NewIPCTensor: input_keys_0 [100000]0x10002bbb2000
W20240119 01:13:25.819643 27023 IPCTensor.h:367] NewIPCTensor: input_keys_2 [100000]0x10002bc77000
W20240119 01:13:25.819665 27219 IPCTensor.h:367] NewIPCTensor: backward_grads_5 [100000, 400]0x10002bd3c000
W20240119 01:13:25.819669 27410 IPCTensor.h:406] NewIPCGPUTensor: backward_grads_7_gpu [100000, 400]; dev=7; size=152.6 MB
W20240119 01:13:25.819670 27285 IPCTensor.h:406] NewIPCGPUTensor: backward_grads_6_gpu [100000, 400]; dev=6; size=152.6 MB
W20240119 01:13:25.819680 27092 IPCTensor.h:367] NewIPCTensor: input_keys_4 [100000]0x1000355d4000
W20240119 01:13:25.819695 26959 IPCTensor.h:367] NewIPCTensor: input_keys_1 [100000]0x100035699000
W20240119 01:13:25.819712 27219 IPCTensor.h:367] NewIPCTensor: backward_grads_neg_5 [100000, 400]0x10003575e000
W20240119 01:13:25.819726 27221 IPCTensor.h:367] NewIPCTensor: input_keys_neg_0 [100000]0x10003f0bb000
W20240119 01:13:25.819728 27091 IPCTensor.h:367] NewIPCTensor: input_keys_3 [100000]0x10003eff6000
W20240119 01:13:25.819756 27219 IPCTensor.h:406] NewIPCGPUTensor: backward_grads_5_gpu [100000, 400]; dev=5; size=152.6 MB
W20240119 01:13:25.819788 27023 IPCTensor.h:367] NewIPCTensor: input_keys_neg_2 [100000]0x10003f180000
W20240119 01:13:25.819789 27221 IPCTensor.h:367] NewIPCTensor: backward_grads_0 [100000, 400]0x10003f245000
W20240119 01:13:25.819818 27092 IPCTensor.h:367] NewIPCTensor: input_keys_neg_4 [100000]0x100048add000
W20240119 01:13:25.819826 27221 IPCTensor.h:367] NewIPCTensor: backward_grads_neg_0 [100000, 400]0x100048ba2000
W20240119 01:13:25.819836 26959 IPCTensor.h:367] NewIPCTensor: input_keys_neg_1 [100000]0x10005243a000
W20240119 01:13:25.819852 27091 IPCTensor.h:367] NewIPCTensor: input_keys_neg_3 [100000]0x1000524ff000
W20240119 01:13:25.819855 27023 IPCTensor.h:367] NewIPCTensor: backward_grads_2 [100000, 400]0x1000525c4000
W20240119 01:13:25.819867 27221 IPCTensor.h:406] NewIPCGPUTensor: backward_grads_0_gpu [100000, 400]; dev=0; size=152.6 MB
W20240119 01:13:25.819882 27092 IPCTensor.h:367] NewIPCTensor: backward_grads_4 [100000, 400]0x10005be5c000
W20240119 01:13:25.819897 26959 IPCTensor.h:367] NewIPCTensor: backward_grads_1 [100000, 400]0x1000656f4000
W20240119 01:13:25.819911 27023 IPCTensor.h:367] NewIPCTensor: backward_grads_neg_2 [100000, 400]0x10006ef8c000
W20240119 01:13:25.819916 27091 IPCTensor.h:367] NewIPCTensor: backward_grads_3 [100000, 400]0x100078824000
W20240119 01:13:25.819939 27092 IPCTensor.h:367] NewIPCTensor: backward_grads_neg_4 [100000, 400]0x1000820bc000
W20240119 01:13:25.819948 27023 IPCTensor.h:406] NewIPCGPUTensor: backward_grads_2_gpu [100000, 400]; dev=2; size=152.6 MB
W20240119 01:13:25.819957 26959 IPCTensor.h:367] NewIPCTensor: backward_grads_neg_1 [100000, 400]0x10008b954000
W20240119 01:13:25.819968 27091 IPCTensor.h:367] NewIPCTensor: backward_grads_neg_3 [100000, 400]0x1000951ec000
W20240119 01:13:25.819985 27092 IPCTensor.h:406] NewIPCGPUTensor: backward_grads_4_gpu [100000, 400]; dev=4; size=152.6 MB
W20240119 01:13:25.820001 26959 IPCTensor.h:406] NewIPCGPUTensor: backward_grads_1_gpu [100000, 400]; dev=1; size=152.6 MB
W20240119 01:13:25.820003 27091 IPCTensor.h:406] NewIPCGPUTensor: backward_grads_3_gpu [100000, 400]; dev=3; size=152.6 MB
W20240119 01:13:25.822238 27410 IPCTensor.h:406] NewIPCGPUTensor: backward_grads_neg_7_gpu [100000, 400]; dev=7; size=152.6 MB
W20240119 01:13:25.822422 27092 IPCTensor.h:406] NewIPCGPUTensor: backward_grads_neg_4_gpu [100000, 400]; dev=4; size=152.6 MB
W20240119 01:13:25.822432 27023 IPCTensor.h:406] NewIPCGPUTensor: backward_grads_neg_2_gpu [100000, 400]; dev=2; size=152.6 MB
W20240119 01:13:25.822448 27221 IPCTensor.h:406] NewIPCGPUTensor: backward_grads_neg_0_gpu [100000, 400]; dev=0; size=152.6 MB
W20240119 01:13:25.822458 27285 IPCTensor.h:406] NewIPCGPUTensor: backward_grads_neg_6_gpu [100000, 400]; dev=6; size=152.6 MB
W20240119 01:13:25.822476 27219 IPCTensor.h:406] NewIPCGPUTensor: backward_grads_neg_5_gpu [100000, 400]; dev=5; size=152.6 MB
W20240119 01:13:25.822608 26959 IPCTensor.h:406] NewIPCGPUTensor: backward_grads_neg_1_gpu [100000, 400]; dev=1; size=152.6 MB
W20240119 01:13:25.822619 27091 IPCTensor.h:406] NewIPCGPUTensor: backward_grads_neg_3_gpu [100000, 400]; dev=3; size=152.6 MB
cudaHostRegister 0x100003dc2000
6: KnownLocalCachedEmbedding init done
WARNING [27218 DistTensor.py:56] The tensor name already exists in the kvstore
cudaHostRegister 0x100003dc2000
7: KnownLocalCachedEmbedding init done
WARNING [27220 DistTensor.py:56] The tensor name already exists in the kvstore
cudaHostRegister 0x100003dc2000
4: KnownLocalCachedEmbedding init done
WARNING [27090 DistTensor.py:56] The tensor name already exists in the kvstore
cudaHostRegister 0x100003dc2000
1: KnownLocalCachedEmbedding init done
WARNING [26958 DistTensor.py:56] The tensor name already exists in the kvstore
cudaHostRegister 0x100003dc2000
5: KnownLocalCachedEmbedding init done
cudaHostRegister 0x100003dc2000
3: KnownLocalCachedEmbedding init done
cudaHostRegister 0x100003dc2000
2: KnownLocalCachedEmbedding init done
WARNING [27217 DistTensor.py:56] The tensor name already exists in the kvstore
WARNING [27089 DistTensor.py:56] The tensor name already exists in the kvstore
WARNING [27022 DistTensor.py:56] The tensor name already exists in the kvstore
[Rank7] pid = 27220
New CachedEmbedding, name=full_emb, shape=(14951, 400), cache_type=KnownLocalCachedEmbedding
fixed cache_range is [(0, 1495), (1495, 2990), (2990, 4485), (4485, 5980), (5980, 7475), (7475, 8970), (8970, 10465), (10465, 11960)]
cudaHostRegister 0x100003dc2000
0: KnownLocalCachedEmbedding init done
WARNING [26569 DistTensor.py:56] The tensor name already exists in the kvstore
I20240119 01:13:25.999789 27221 IPC_barrier.h:118] CreateBarrier: new barrier, name: kgcachecontroller, count: 8
I20240119 01:13:25.999828 27092 IPC_barrier.h:112] CreateBarrier: find existing barrier, name: kgcachecontroller, count: 8
I20240119 01:13:25.999855 27410 IPC_barrier.h:112] CreateBarrier: find existing barrier, name: kgcachecontroller, count: 8
I20240119 01:13:25.999879 27219 IPC_barrier.h:112] CreateBarrier: find existing barrier, name: kgcachecontroller, count: 8
I20240119 01:13:25.999904 27091 IPC_barrier.h:112] CreateBarrier: find existing barrier, name: kgcachecontroller, count: 8
I20240119 01:13:25.999928 27023 IPC_barrier.h:112] CreateBarrier: find existing barrier, name: kgcachecontroller, count: 8
I20240119 01:13:25.999953 26959 IPC_barrier.h:112] CreateBarrier: find existing barrier, name: kgcachecontroller, count: 8
I20240119 01:13:26.000000 27285 IPC_barrier.h:112] CreateBarrier: find existing barrier, name: kgcachecontroller, count: 8
W20240119 01:13:26.001049 27221 grad_base.h:55] KGCacheController, config={
        "num_gpus": 8,
        "L": 10,
        "backgrad_init": "both", 
        "kForwardItersPerStep": 2,
        "clr": 1,
        "nr_background_threads": 32,
        "backwardMode": "CppAsyncV2",
        "cache_ratio": 0.1
        }
W20240119 01:13:26.001168 27221 grad_base.h:172] Init GradProcessingBase done
I20240119 01:13:26.004812 27221 grad_async_v2.h:32] Use background thread to update emb. nr_background_threads=32
W20240119 01:13:26.004949 27221 kg_controller.h:78] after init GradAsyncProcessingV2
I20240119 01:13:26.004961 27221 kg_controller.h:84] Construct KGCacheController done
I20240119 01:13:26.710227 27221 grad_base.h:60] GraphEnv RegTensorsPerProcess
W20240119 01:13:27.826771 28153 grad_async_v2.h:120] Detect new sample comes, old_end0, new_end1
E20240119 01:13:27.828665 28153 parallel_pq_v2.h:76] insert failed, size(hashtable)=1
I20240119 01:13:27.880715 26959 IPC_barrier.h:118] CreateBarrier: new barrier, name: start_barrier, count: 8
I20240119 01:13:27.885344 27410 IPC_barrier.h:112] CreateBarrier: find existing barrier, name: start_barrier, count: 8
I20240119 01:13:27.888131 27285 IPC_barrier.h:112] CreateBarrier: find existing barrier, name: start_barrier, count: 8
I20240119 01:13:27.902560 27023 IPC_barrier.h:112] CreateBarrier: find existing barrier, name: start_barrier, count: 8
I20240119 01:13:27.902702 27091 IPC_barrier.h:112] CreateBarrier: find existing barrier, name: start_barrier, count: 8
I20240119 01:13:27.902778 27219 IPC_barrier.h:112] CreateBarrier: find existing barrier, name: start_barrier, count: 8
I20240119 01:13:27.911542 27221 IPC_barrier.h:112] CreateBarrier: find existing barrier, name: start_barrier, count: 8
I20240119 01:13:27.928427 27092 IPC_barrier.h:112] CreateBarrier: find existing barrier, name: start_barrier, count: 8
E20240119 01:13:29.947029 27221 parallel_pq_v2.h:76] insert failed, size(hashtable)=0
W20240119 01:13:29.998301 28153 grad_async_v2.h:120] Detect new sample comes, old_end1, new_end2
E20240119 01:13:30.947008 28153 parallel_pq_v2.h:76] insert failed, size(hashtable)=3376
+---------------------------+---------------------------+---------------------------+
| Name                      | P50                       | P99                       |
+---------------------------+---------------------------+---------------------------+
| GenInput                  | 1.995 ms                  | 67.439 ms                 |
| Forward                   | 8.438 ms                  | 553.626 ms                |
| Backward                  | 7.550 ms                  | 210.341 ms                |
| Optimize                  | 5.332 ms                  | 51.156 ms                 |
| BarrierTimeBeforeRank0    | 2.871 ms                  | 125.301 ms                |
| AfterBackward             | 59.262 ms                 | 1.122 s                   |
| BlockToStepN              | 82.706 us                 | 365.785 us                |
| OneStep                   | 85.045 ms                 | 2.067 s                   |
+---------------------------+---------------------------+---------------------------+
W20240119 01:13:31.024324 27221 grad_async_v2.h:249] Sleep in <BlockToStepN>, step_no=11, pq.top=11
W20240119 01:13:31.081141 28153 grad_async_v2.h:120] Detect new sample comes, old_end4, new_end1
+---------------------------+---------------------------+---------------------------+
| Name                      | P50                       | P99                       |
+---------------------------+---------------------------+---------------------------+
| ProcessBack:Shuffle       | 11.110 ms                 | 298.908 ms                |
| ProcessBack:UpdateCache   | 8.747 ms                  | 766.057 ms                |
| ProcessBack:UpsertPq      | 32.863 ms                 | 52.143 ms                 |
| ProcessOneStep            | 59.218 ms                 | 1.121 s                   |
| BlockToStepN              | 12.465 us                 | 192.897 ms                |
+---------------------------+---------------------------+---------------------------+
E20240119 01:13:31.947162 28152 parallel_pq_v2.h:76] insert failed, size(hashtable)=7095
W20240119 01:13:32.024015 27221 grad_async_v2.h:249] Sleep in <BlockToStepN>, step_no=13, pq.top=13
W20240119 01:13:32.186736 28153 grad_async_v2.h:120] Detect new sample comes, old_end0, new_end4
E20240119 01:13:32.947013 27221 parallel_pq_v2.h:76] insert failed, size(hashtable)=448
W20240119 01:13:33.024016 27221 grad_async_v2.h:249] Sleep in <BlockToStepN>, step_no=21, pq.top=21
W20240119 01:13:33.226864 28153 grad_async_v2.h:120] Detect new sample comes, old_end3, new_end1
E20240119 01:13:33.947041 28152 parallel_pq_v2.h:76] insert failed, size(hashtable)=4193
W20240119 01:13:34.096268 27221 grad_async_v2.h:249] Sleep in <BlockToStepN>, step_no=23, pq.top=23
W20240119 01:13:34.230669 28153 grad_async_v2.h:120] Detect new sample comes, old_end8, new_end3
E20240119 01:13:34.947063 28152 parallel_pq_v2.h:76] insert failed, size(hashtable)=971
W20240119 01:13:35.220067 27221 grad_async_v2.h:249] Sleep in <BlockToStepN>, step_no=27, pq.top=27
W20240119 01:13:35.276810 28153 grad_async_v2.h:120] Detect new sample comes, old_end5, new_end8
E20240119 01:13:35.947039 28152 parallel_pq_v2.h:76] insert failed, size(hashtable)=4154
+---------------------------+---------------------------+---------------------------+
| Name                      | P50                       | P99                       |
+---------------------------+---------------------------+---------------------------+
| GenInput                  | 2.221 ms                  | 67.439 ms                 |
| Forward                   | 8.516 ms                  | 553.626 ms                |
| Backward                  | 7.616 ms                  | 210.341 ms                |
| Optimize                  | 5.070 ms                  | 51.156 ms                 |
| BarrierTimeBeforeRank0    | 4.464 ms                  | 125.301 ms                |
| AfterBackward             | 59.634 ms                 | 1.122 s                   |
| BlockToStepN              | 4.211 ms                  | 556.963 ms                |
| OneStep                   | 100.954 ms                | 2.067 s                   |
+---------------------------+---------------------------+---------------------------+
W20240119 01:13:36.220029 27221 grad_async_v2.h:249] Sleep in <BlockToStepN>, step_no=34, pq.top=34
W20240119 01:13:36.309777 28153 grad_async_v2.h:120] Detect new sample comes, old_end8, new_end4
+---------------------------+---------------------------+---------------------------+
| Name                      | P50                       | P99                       |
+---------------------------+---------------------------+---------------------------+
| ProcessBack:Shuffle       | 11.856 ms                 | 298.049 ms                |
| ProcessBack:UpdateCache   | 9.108 ms                  | 766.053 ms                |
| ProcessBack:UpsertPq      | 32.887 ms                 | 48.583 ms                 |
| ProcessOneStep            | 59.585 ms                 | 1.121 s                   |
| BlockToStepN              | 7.108 ms                  | 556.721 ms                |
+---------------------------+---------------------------+---------------------------+
E20240119 01:13:36.947019 28152 parallel_pq_v2.h:76] insert failed, size(hashtable)=3828
W20240119 01:13:37.304174 27221 grad_async_v2.h:249] Sleep in <BlockToStepN>, step_no=40, pq.top=40
W20240119 01:13:37.379624 28153 grad_async_v2.h:120] Detect new sample comes, old_end4, new_end1
E20240119 01:13:37.947788 28153 parallel_pq_v2.h:76] insert failed, size(hashtable)=6
W20240119 01:13:38.304055 27221 grad_async_v2.h:249] Sleep in <BlockToStepN>, step_no=44, pq.top=44
W20240119 01:13:38.821242 28153 grad_async_v2.h:120] Detect new sample comes, old_end4, new_end5
E20240119 01:13:38.947058 28152 parallel_pq_v2.h:76] insert failed, size(hashtable)=1055
W20240119 01:13:39.408016 27221 grad_async_v2.h:249] Sleep in <BlockToStepN>, step_no=48, pq.top=48
W20240119 01:13:39.865214 28153 grad_async_v2.h:120] Detect new sample comes, old_end9, new_end1
E20240119 01:13:39.947106 28152 parallel_pq_v2.h:76] insert failed, size(hashtable)=4201
W20240119 01:13:40.453931 27221 grad_async_v2.h:249] Sleep in <BlockToStepN>, step_no=55, pq.top=55
W20240119 01:13:40.923454 28153 grad_async_v2.h:120] Detect new sample comes, old_end5, new_end7
E20240119 01:13:40.947002 28152 parallel_pq_v2.h:76] insert failed, size(hashtable)=1707
+---------------------------+---------------------------+---------------------------+
| Name                      | P50                       | P99                       |
+---------------------------+---------------------------+---------------------------+
| GenInput                  | 2.185 ms                  | 50.631 ms                 |
| Forward                   | 8.657 ms                  | 20.470 ms                 |
| Backward                  | 7.362 ms                  | 15.115 ms                 |
| Optimize                  | 5.280 ms                  | 11.155 ms                 |
| BarrierTimeBeforeRank0    | 6.175 ms                  | 60.044 ms                 |
| AfterBackward             | 56.845 ms                 | 114.199 ms                |
| BlockToStepN              | 16.614 ms                 | 556.963 ms                |
| OneStep                   | 149.764 ms                | 813.319 ms                |
+---------------------------+---------------------------+---------------------------+
W20240119 01:13:41.453085 27221 grad_async_v2.h:249] Sleep in <BlockToStepN>, step_no=60, pq.top=60
+---------------------------+---------------------------+---------------------------+
| Name                      | P50                       | P99                       |
+---------------------------+---------------------------+---------------------------+
| ProcessBack:Shuffle       | 10.785 ms                 | 298.049 ms                |
| ProcessBack:UpdateCache   | 9.203 ms                  | 766.053 ms                |
| ProcessBack:UpsertPq      | 32.075 ms                 | 52.143 ms                 |
| ProcessOneStep            | 56.010 ms                 | 114.161 ms                |
| BlockToStepN              | 25.231 ms                 | 556.721 ms                |
+---------------------------+---------------------------+---------------------------+
W20240119 01:13:41.938433 28153 grad_async_v2.h:120] Detect new sample comes, old_end1, new_end2
E20240119 01:13:41.947302 28152 parallel_pq_v2.h:76] insert failed, size(hashtable)=1409
W20240119 01:13:42.486272 27221 grad_async_v2.h:249] Sleep in <BlockToStepN>, step_no=65, pq.top=65
W20240119 01:13:42.947029 28153 grad_async_v2.h:120] Detect new sample comes, old_end6, new_end7
E20240119 01:13:42.947793 28152 parallel_pq_v2.h:76] insert failed, size(hashtable)=786
W20240119 01:13:43.540771 27221 grad_async_v2.h:249] Sleep in <BlockToStepN>, step_no=70, pq.top=70
E20240119 01:13:43.947173 28152 parallel_pq_v2.h:76] insert failed, size(hashtable)=4229
W20240119 01:13:43.958683 28153 grad_async_v2.h:120] Detect new sample comes, old_end1, new_end2
W20240119 01:13:44.540109 27221 grad_async_v2.h:249] Sleep in <BlockToStepN>, step_no=74, pq.top=74
E20240119 01:13:44.949362 28153 parallel_pq_v2.h:76] insert failed, size(hashtable)=4042
W20240119 01:13:44.964452 28153 grad_async_v2.h:120] Detect new sample comes, old_end5, new_end6
W20240119 01:13:45.540064 27221 grad_async_v2.h:249] Sleep in <BlockToStepN>, step_no=78, pq.top=78
E20240119 01:13:45.949021 28152 parallel_pq_v2.h:76] insert failed, size(hashtable)=3431
W20240119 01:13:45.964704 28153 grad_async_v2.h:120] Detect new sample comes, old_end9, new_end0
+---------------------------+---------------------------+---------------------------+
| Name                      | P50                       | P99                       |
+---------------------------+---------------------------+---------------------------+
| GenInput                  | 2.151 ms                  | 55.473 ms                 |
| Forward                   | 8.657 ms                  | 20.470 ms                 |
| Backward                  | 7.190 ms                  | 15.115 ms                 |
| Optimize                  | 5.194 ms                  | 11.328 ms                 |
| BarrierTimeBeforeRank0    | 6.139 ms                  | 60.044 ms                 |
| AfterBackward             | 54.700 ms                 | 114.199 ms                |
| BlockToStepN              | 68.754 ms                 | 556.963 ms                |
| OneStep                   | 188.580 ms                | 813.319 ms                |
+---------------------------+---------------------------+---------------------------+
W20240119 01:13:46.577301 27221 grad_async_v2.h:249] Sleep in <BlockToStepN>, step_no=82, pq.top=82
+---------------------------+---------------------------+---------------------------+
| Name                      | P50                       | P99                       |
+---------------------------+---------------------------+---------------------------+
| ProcessBack:Shuffle       | 10.579 ms                 | 17.852 ms                 |
| ProcessBack:UpdateCache   | 9.051 ms                  | 22.989 ms                 |
| ProcessBack:UpsertPq      | 29.697 ms                 | 48.583 ms                 |
| ProcessOneStep            | 54.021 ms                 | 114.161 ms                |
| BlockToStepN              | 77.526 ms                 | 556.721 ms                |
+---------------------------+---------------------------+---------------------------+
E20240119 01:13:46.949056 28152 parallel_pq_v2.h:76] insert failed, size(hashtable)=1738
W20240119 01:13:46.965667 28153 grad_async_v2.h:120] Detect new sample comes, old_end3, new_end4
W20240119 01:13:47.660415 27221 grad_async_v2.h:249] Sleep in <BlockToStepN>, step_no=86, pq.top=86
E20240119 01:13:47.949038 27668 parallel_pq_v2.h:76] insert failed, size(hashtable)=2632
W20240119 01:13:47.980203 28153 grad_async_v2.h:120] Detect new sample comes, old_end6, new_end7
W20240119 01:13:48.660028 27221 grad_async_v2.h:249] Sleep in <BlockToStepN>, step_no=89, pq.top=89
E20240119 01:13:48.949707 28152 parallel_pq_v2.h:76] insert failed, size(hashtable)=955
W20240119 01:13:49.097827 28153 grad_async_v2.h:120] Detect new sample comes, old_end0, new_end1
W20240119 01:13:49.660116 27221 grad_async_v2.h:249] Sleep in <BlockToStepN>, step_no=92, pq.top=92
E20240119 01:13:49.950415 28152 parallel_pq_v2.h:76] insert failed, size(hashtable)=1564
W20240119 01:13:50.111212 28153 grad_async_v2.h:120] Detect new sample comes, old_end3, new_end4
W20240119 01:13:50.660145 27221 grad_async_v2.h:249] Sleep in <BlockToStepN>, step_no=95, pq.top=95
E20240119 01:13:50.952610 28152 parallel_pq_v2.h:76] insert failed, size(hashtable)=1021
+---------------------------+---------------------------+---------------------------+
| Name                      | P50                       | P99                       |
+---------------------------+---------------------------+---------------------------+
| GenInput                  | 2.221 ms                  | 55.473 ms                 |
| Forward                   | 8.781 ms                  | 20.470 ms                 |
| Backward                  | 7.190 ms                  | 15.115 ms                 |
| Optimize                  | 5.194 ms                  | 11.328 ms                 |
| BarrierTimeBeforeRank0    | 6.395 ms                  | 60.044 ms                 |
| AfterBackward             | 53.331 ms                 | 114.199 ms                |
| BlockToStepN              | 103.019 ms                | 556.963 ms                |
| OneStep                   | 205.953 ms                | 813.319 ms                |
+---------------------------+---------------------------+---------------------------+
W20240119 01:13:51.132738 28153 grad_async_v2.h:120] Detect new sample comes, old_end6, new_end7
W20240119 01:13:51.660207 27221 grad_async_v2.h:249] Sleep in <BlockToStepN>, step_no=98, pq.top=98
+---------------------------+---------------------------+---------------------------+
| Name                      | P50                       | P99                       |
+---------------------------+---------------------------+---------------------------+
| ProcessBack:Shuffle       | 10.580 ms                 | 17.852 ms                 |
| ProcessBack:UpdateCache   | 8.737 ms                  | 22.989 ms                 |
| ProcessBack:UpsertPq      | 28.421 ms                 | 48.583 ms                 |
| ProcessOneStep            | 52.786 ms                 | 114.161 ms                |
| BlockToStepN              | 103.644 ms                | 556.721 ms                |
+---------------------------+---------------------------+---------------------------+
E20240119 01:13:51.952904 28152 parallel_pq_v2.h:76] insert failed, size(hashtable)=605
W20240119 01:13:52.145802 28153 grad_async_v2.h:120] Detect new sample comes, old_end9, new_end0
[proc 7] 100 steps, total: 24.624, sample: 0.731, forward: 1.245, backward: 1.006, update: 0.548
[proc 3] 100 steps, total: 24.607, sample: 0.829, forward: 1.413, backward: 0.935, update: 0.565
[proc 6] 100 steps, total: 24.622, sample: 0.835, forward: 1.414, backward: 0.909, update: 0.593
[proc 2] 100 steps, total: 24.608, sample: 0.786, forward: 1.327, backward: 0.901, update: 0.532
[proc 4] 100 steps, total: 24.581, sample: 0.819, forward: 1.516, backward: 0.993, update: 0.575
[proc 1] 100 steps, total: 24.629, sample: 0.854, forward: 1.429, backward: 0.884, update: 0.592
[proc 5] 100 steps, total: 24.607, sample: 0.801, forward: 1.423, backward: 0.926, update: 0.608
-------Step 0-------
tensor([ 2471,     8,  3504,   102, 10515, 10943,  1961,  6682, 14033, 10014]) tensor([ 2784, 11469,  5480, 13170, 10078,  1822,  6930,  4663,   946,  1314])
-------Step 1-------
tensor([ 2471,     8,  3504,   102, 10515, 10943,  1961,  6682, 14033, 10014]) tensor([12063, 12676, 14230, 13492,  1155,  2700,  8900,  1016,  3111, 12335])
-------Step 2-------
tensor([ 4798,  6379,  6290, 13686,  8537, 13616,  8286,     1,  4492,  3038]) tensor([ 5524,  6884,  4393,  6744,  3043, 14470,   343,  2046, 12918,  4568])
-------Step 3-------
tensor([ 4798,  6379,  6290, 13686,  8537, 13616,  8286,     1,  4492,  3038]) tensor([11320,   395,  7677, 14942,  8407,  9494, 11201,   836,  4751,  4914])
-------Step 4-------
tensor([10721,    50,   138,  3236,  6706, 13674,   101, 13190,  5058,   141]) tensor([ 3887,  8860, 12371,  2417,  1695,  6686,   595,  8660,  6838, 13970])
-------Step 5-------
tensor([10721,    50,   138,  3236,  6706, 13674,   101, 13190,  5058,   141]) tensor([ 7011,  7335,  2727, 14054,  9579, 13104, 13893,  5128,  3008, 11469])
-------Step 6-------
tensor([ 2498,  5702, 14586,  3724,   125,  8032, 10706,  1922, 14804,  1104]) tensor([10648,  5228, 13830,  7014,  1121, 11902, 14648,  8660, 10329, 14176])
-------Step 7-------
tensor([ 2498,  5702, 14586,  3724,   125,  8032, 10706,  1922, 14804,  1104]) tensor([ 5022,  7180,  7517, 12298,  8242,   153,  4782,  1658,  2828,  4784])
-------Step 8-------
tensor([ 2261, 10812, 10541, 14127,  5058,  3120,  7443,  4806,  2956,  4574]) tensor([  270,   347, 11620, 14443,  6226,  6450, 11294,   767,    42,  5679])
-------Step 9-------
tensor([ 2261, 10812, 10541, 14127,  5058,  3120,  7443,  4806,  2956,  4574]) tensor([   34, 11422, 11835,  9432,  5507,  8402,  1206, 11573,  7585,  8678])
[proc 0] 100 steps, total: 24.598, sample: 0.884, forward: 1.427, backward: 0.948, update: 0.591
W20240119 01:13:52.660048 27221 grad_async_v2.h:249] Sleep in <BlockToStepN>, step_no=101, pq.top=101
E20240119 01:13:52.952131 28152 parallel_pq_v2.h:76] insert failed, size(hashtable)=782
W20240119 01:13:53.188439 28153 grad_async_v2.h:120] Detect new sample comes, old_end2, new_end3
W20240119 01:13:53.706162 27221 grad_async_v2.h:249] Sleep in <BlockToStepN>, step_no=104, pq.top=104
E20240119 01:13:53.957574 28152 parallel_pq_v2.h:76] insert failed, size(hashtable)=1917
W20240119 01:13:54.436446 28153 grad_async_v2.h:120] Detect new sample comes, old_end5, new_end6
W20240119 01:13:54.706086 27221 grad_async_v2.h:249] Sleep in <BlockToStepN>, step_no=106, pq.top=106
E20240119 01:13:54.957892 28152 parallel_pq_v2.h:76] insert failed, size(hashtable)=671
W20240119 01:13:55.519696 28153 grad_async_v2.h:120] Detect new sample comes, old_end8, new_end9
W20240119 01:13:55.706202 27221 grad_async_v2.h:249] Sleep in <BlockToStepN>, step_no=109, pq.top=109
E20240119 01:13:55.957144 28152 parallel_pq_v2.h:76] insert failed, size(hashtable)=403
+---------------------------+---------------------------+---------------------------+
| Name                      | P50                       | P99                       |
+---------------------------+---------------------------+---------------------------+
| GenInput                  | 2.287 ms                  | 55.473 ms                 |
| Forward                   | 8.781 ms                  | 20.470 ms                 |
| Backward                  | 7.186 ms                  | 15.115 ms                 |
| Optimize                  | 5.239 ms                  | 11.328 ms                 |
| BarrierTimeBeforeRank0    | 6.175 ms                  | 60.044 ms                 |
| AfterBackward             | 52.441 ms                 | 114.199 ms                |
| BlockToStepN              | 116.792 ms                | 556.963 ms                |
| OneStep                   | 221.643 ms                | 813.319 ms                |
+---------------------------+---------------------------+---------------------------+
W20240119 01:13:56.667009 28153 grad_async_v2.h:120] Detect new sample comes, old_end1, new_end2
+---------------------------+---------------------------+---------------------------+
