WARNING: Logging before InitGoogleLogging() is written to STDERR
I20240211 01:31:48.907645 22832 IPC_barrier.h:128] MultiProcessBarrierFactory->ClearIPCMemory()
W20240211 01:31:48.915237 22832 IPCTensor.h:369] NewIPCTensor: full_emb [9449206, 32]0x100000002000 1.126 GB
/data/home/xieminhui/RecStore/src/framework_adapters/torch/python/perf_rec_model.py:152: DeprecationWarning: The 'warn' function is deprecated, use 'warning' instead
  XLOG.warn("After init DistEmbedding")
WARNING [22832 perf_rec_model.py:152] After init DistEmbedding
========== Running Perf with routine <function routine_local_cache_helper at 0x7f80589f98a0>==========
Worker 1 pid=24954
Worker 2 pid=24955
Worker 3 pid=24956
Worker 4 pid=24957
Worker 5 pid=24958
Worker 6 pid=24959
INFO [22832 distributed_c10d.py:442] Added key: store_based_barrier_key:1 to store for rank: 0
INFO [24954 distributed_c10d.py:442] Added key: store_based_barrier_key:1 to store for rank: 1
INFO [24955 distributed_c10d.py:442] Added key: store_based_barrier_key:1 to store for rank: 2
INFO [24956 distributed_c10d.py:442] Added key: store_based_barrier_key:1 to store for rank: 3
INFO [24957 distributed_c10d.py:442] Added key: store_based_barrier_key:1 to store for rank: 4
INFO [24958 distributed_c10d.py:442] Added key: store_based_barrier_key:1 to store for rank: 5
INFO [22832 distributed_c10d.py:476] Rank 0: Completed store-based barrier for key:store_based_barrier_key:1 with 8 nodes.
INFO [24955 distributed_c10d.py:476] Rank 2: Completed store-based barrier for key:store_based_barrier_key:1 with 8 nodes.
INFO [24954 distributed_c10d.py:476] Rank 1: Completed store-based barrier for key:store_based_barrier_key:1 with 8 nodes.
INFO [24959 distributed_c10d.py:442] Added key: store_based_barrier_key:1 to store for rank: 6
INFO [24960 distributed_c10d.py:442] Added key: store_based_barrier_key:1 to store for rank: 7
INFO [24956 distributed_c10d.py:476] Rank 3: Completed store-based barrier for key:store_based_barrier_key:1 with 8 nodes.
INFO [24960 distributed_c10d.py:476] Rank 7: Completed store-based barrier for key:store_based_barrier_key:1 with 8 nodes.
INFO [24958 distributed_c10d.py:476] Rank 5: Completed store-based barrier for key:store_based_barrier_key:1 with 8 nodes.
INFO [24959 distributed_c10d.py:476] Rank 6: Completed store-based barrier for key:store_based_barrier_key:1 with 8 nodes.
E20240211 01:31:55.263837 22832 IPCTensor.h:348] IPCTensor full_emb already exists
INFO [24957 distributed_c10d.py:476] Rank 4: Completed store-based barrier for key:store_based_barrier_key:1 with 8 nodes.
E20240211 01:31:55.264184 24955 IPCTensor.h:348] IPCTensor full_emb already exists
E20240211 01:31:55.264185 24954 IPCTensor.h:348] IPCTensor full_emb already exists
E20240211 01:31:55.264508 24956 IPCTensor.h:348] IPCTensor full_emb already exists
E20240211 01:31:55.264564 24960 IPCTensor.h:348] IPCTensor full_emb already exists
E20240211 01:31:55.264593 24959 IPCTensor.h:348] IPCTensor full_emb already exists
E20240211 01:31:55.264634 24958 IPCTensor.h:348] IPCTensor full_emb already exists
E20240211 01:31:55.264648 24957 IPCTensor.h:348] IPCTensor full_emb already exists
W20240211 01:32:00.608222 24958 IPCTensor.h:409] NewIPCGPUTensor: embedding_cache_5 [472460, 32]; dev=5; size=57.67 MB
W20240211 01:32:00.608951 24955 IPCTensor.h:409] NewIPCGPUTensor: embedding_cache_2 [472460, 32]; dev=2; size=57.67 MB
W20240211 01:32:00.609036 24959 IPCTensor.h:409] NewIPCGPUTensor: embedding_cache_6 [472460, 32]; dev=6; size=57.67 MB
W20240211 01:32:00.609272 24957 IPCTensor.h:409] NewIPCGPUTensor: embedding_cache_4 [472460, 32]; dev=4; size=57.67 MB
W20240211 01:32:00.609470 24954 IPCTensor.h:409] NewIPCGPUTensor: embedding_cache_1 [472460, 32]; dev=1; size=57.67 MB
W20240211 01:32:00.612253 24960 IPCTensor.h:409] NewIPCGPUTensor: embedding_cache_7 [472460, 32]; dev=7; size=57.67 MB
W20240211 01:32:00.612718 22832 IPCTensor.h:409] NewIPCGPUTensor: embedding_cache_0 [472460, 32]; dev=0; size=57.67 MB
W20240211 01:32:00.612709 24956 IPCTensor.h:409] NewIPCGPUTensor: embedding_cache_3 [472460, 32]; dev=3; size=57.67 MB
W20240211 01:32:01.381640 24954 IPCTensor.h:369] NewIPCTensor: input_keys_1 [1000000]0x10004817d000 7.629 MB
W20240211 01:32:01.381841 24954 IPCTensor.h:369] NewIPCTensor: input_keys_neg_1 [1000000]0x100048920000 7.629 MB
W20240211 01:32:01.381917 24954 IPCTensor.h:369] NewIPCTensor: backward_grads_1 [1000000, 32]0x1000490c3000 122.1 MB
W20240211 01:32:01.381978 24954 IPCTensor.h:369] NewIPCTensor: backward_grads_neg_1 [1000000, 32]0x100050ad7000 122.1 MB
W20240211 01:32:01.382037 24954 IPCTensor.h:409] NewIPCGPUTensor: backward_grads_1_gpu [1000000, 32]; dev=1; size=122.1 MB
W20240211 01:32:01.383847 24954 IPCTensor.h:409] NewIPCGPUTensor: backward_grads_neg_1_gpu [1000000, 32]; dev=1; size=122.1 MB
W20240211 01:32:01.399734 24959 IPCTensor.h:369] NewIPCTensor: input_keys_6 [1000000]0x1000584f1000 7.629 MB
W20240211 01:32:01.399916 24959 IPCTensor.h:369] NewIPCTensor: input_keys_neg_6 [1000000]0x100058c94000 7.629 MB
W20240211 01:32:01.399974 24959 IPCTensor.h:369] NewIPCTensor: backward_grads_6 [1000000, 32]0x100059437000 122.1 MB
W20240211 01:32:01.400029 24959 IPCTensor.h:369] NewIPCTensor: backward_grads_neg_6 [1000000, 32]0x100060e4b000 122.1 MB
W20240211 01:32:01.400101 24959 IPCTensor.h:409] NewIPCGPUTensor: backward_grads_6_gpu [1000000, 32]; dev=6; size=122.1 MB
W20240211 01:32:01.401201 24959 IPCTensor.h:409] NewIPCGPUTensor: backward_grads_neg_6_gpu [1000000, 32]; dev=6; size=122.1 MB
W20240211 01:32:01.428396 24955 IPCTensor.h:369] NewIPCTensor: input_keys_2 [1000000]0x100068867000 7.629 MB
W20240211 01:32:01.428397 24958 IPCTensor.h:369] NewIPCTensor: input_keys_5 [1000000]0x10006900a000 7.629 MB
W20240211 01:32:01.428576 24955 IPCTensor.h:369] NewIPCTensor: input_keys_neg_2 [1000000]0x1000697ad000 7.629 MB
W20240211 01:32:01.428594 24958 IPCTensor.h:369] NewIPCTensor: input_keys_neg_5 [1000000]0x100069f50000 7.629 MB
W20240211 01:32:01.428642 24955 IPCTensor.h:369] NewIPCTensor: backward_grads_2 [1000000, 32]0x10006a6f3000 122.1 MB
W20240211 01:32:01.428680 24958 IPCTensor.h:369] NewIPCTensor: backward_grads_5 [1000000, 32]0x100072107000 122.1 MB
W20240211 01:32:01.428699 24955 IPCTensor.h:369] NewIPCTensor: backward_grads_neg_2 [1000000, 32]0x100079b1b000 122.1 MB
W20240211 01:32:01.428741 24958 IPCTensor.h:369] NewIPCTensor: backward_grads_neg_5 [1000000, 32]0x10008152f000 122.1 MB
W20240211 01:32:01.428758 24955 IPCTensor.h:409] NewIPCGPUTensor: backward_grads_2_gpu [1000000, 32]; dev=2; size=122.1 MB
W20240211 01:32:01.428793 24958 IPCTensor.h:409] NewIPCGPUTensor: backward_grads_5_gpu [1000000, 32]; dev=5; size=122.1 MB
W20240211 01:32:01.430049 24955 IPCTensor.h:409] NewIPCGPUTensor: backward_grads_neg_2_gpu [1000000, 32]; dev=2; size=122.1 MB
W20240211 01:32:01.430055 24958 IPCTensor.h:409] NewIPCGPUTensor: backward_grads_neg_5_gpu [1000000, 32]; dev=5; size=122.1 MB
W20240211 01:32:01.434367 24960 IPCTensor.h:369] NewIPCTensor: input_keys_7 [1000000]0x100088f4d000 7.629 MB
W20240211 01:32:01.434569 24960 IPCTensor.h:369] NewIPCTensor: input_keys_neg_7 [1000000]0x1000896f0000 7.629 MB
W20240211 01:32:01.434665 24960 IPCTensor.h:369] NewIPCTensor: backward_grads_7 [1000000, 32]0x100089e93000 122.1 MB
W20240211 01:32:01.434743 24960 IPCTensor.h:369] NewIPCTensor: backward_grads_neg_7 [1000000, 32]0x1000918a7000 122.1 MB
W20240211 01:32:01.434806 24960 IPCTensor.h:409] NewIPCGPUTensor: backward_grads_7_gpu [1000000, 32]; dev=7; size=122.1 MB
W20240211 01:32:01.435374 24960 IPCTensor.h:409] NewIPCGPUTensor: backward_grads_neg_7_gpu [1000000, 32]; dev=7; size=122.1 MB
W20240211 01:32:01.441186 24957 IPCTensor.h:369] NewIPCTensor: input_keys_4 [1000000]0x1000992c1000 7.629 MB
W20240211 01:32:01.441329 24957 IPCTensor.h:369] NewIPCTensor: input_keys_neg_4 [1000000]0x100099a64000 7.629 MB
W20240211 01:32:01.441388 24957 IPCTensor.h:369] NewIPCTensor: backward_grads_4 [1000000, 32]0x10009a207000 122.1 MB
W20240211 01:32:01.441445 24957 IPCTensor.h:369] NewIPCTensor: backward_grads_neg_4 [1000000, 32]0x1000a1c1b000 122.1 MB
W20240211 01:32:01.441498 24957 IPCTensor.h:409] NewIPCGPUTensor: backward_grads_4_gpu [1000000, 32]; dev=4; size=122.1 MB
W20240211 01:32:01.441898 24957 IPCTensor.h:409] NewIPCGPUTensor: backward_grads_neg_4_gpu [1000000, 32]; dev=4; size=122.1 MB
W20240211 01:32:01.443085 22832 IPCTensor.h:369] NewIPCTensor: input_keys_0 [1000000]0x1000a9635000 7.629 MB
W20240211 01:32:01.443498 22832 IPCTensor.h:369] NewIPCTensor: input_keys_neg_0 [1000000]0x1000a9dd8000 7.629 MB
W20240211 01:32:01.443569 22832 IPCTensor.h:369] NewIPCTensor: backward_grads_0 [1000000, 32]0x1000aa57b000 122.1 MB
W20240211 01:32:01.443624 22832 IPCTensor.h:369] NewIPCTensor: backward_grads_neg_0 [1000000, 32]0x1000b1f8f000 122.1 MB
W20240211 01:32:01.443699 22832 IPCTensor.h:409] NewIPCGPUTensor: backward_grads_0_gpu [1000000, 32]; dev=0; size=122.1 MB
W20240211 01:32:01.566164 24956 IPCTensor.h:369] NewIPCTensor: input_keys_3 [1000000]0x1000b99a7000 7.629 MB
W20240211 01:32:01.566359 24956 IPCTensor.h:369] NewIPCTensor: input_keys_neg_3 [1000000]0x1000ba14a000 7.629 MB
W20240211 01:32:01.566465 24956 IPCTensor.h:369] NewIPCTensor: backward_grads_3 [1000000, 32]0x1000ba8ed000 122.1 MB
W20240211 01:32:01.566541 24956 IPCTensor.h:369] NewIPCTensor: backward_grads_neg_3 [1000000, 32]0x1000c2301000 122.1 MB
W20240211 01:32:01.566602 24956 IPCTensor.h:409] NewIPCGPUTensor: backward_grads_3_gpu [1000000, 32]; dev=3; size=122.1 MB
W20240211 01:32:01.566965 22832 IPCTensor.h:409] NewIPCGPUTensor: backward_grads_neg_0_gpu [1000000, 32]; dev=0; size=122.1 MB
W20240211 01:32:01.572863 24956 IPCTensor.h:409] NewIPCGPUTensor: backward_grads_neg_3_gpu [1000000, 32]; dev=3; size=122.1 MB
cudaHostRegister 0x100000002000
2: KnownLocalCachedEmbedding init done
cudaHostRegister 0x100000002000
3: KnownLocalCachedEmbedding init done
cudaHostRegister 0x100000002000
4: KnownLocalCachedEmbedding init done
cudaHostRegister 0x100000002000
5: KnownLocalCachedEmbedding init done
Worker 7 pid=24960
New CachedEmbedding, name=full_emb, shape=(9449206, 32), cache_type=KnownLocalCachedEmbedding
fixed cache_range is [(0, 472460), (472460, 944920), (944920, 1417380), (1417380, 1889840), (1889840, 2362300), (2362300, 2834760), (2834760, 3307220), (3307220, 3779680)]
cudaHostRegister 0x100000002000
0: KnownLocalCachedEmbedding init done
cudaHostRegister 0x100000002000
6: KnownLocalCachedEmbedding init done
cudaHostRegister 0x100000002000
1: KnownLocalCachedEmbedding init done
cudaHostRegister 0x100000002000
7: KnownLocalCachedEmbedding init done
W20240211 01:32:06.168342 22832 IPCTensor.h:369] NewIPCTensor: cached_sampler_r0_0 [1000000]0x1000c9d1b000 7.629 MB
W20240211 01:32:06.168573 22832 IPCTensor.h:369] NewIPCTensor: cached_sampler_r0_1 [1000000]0x1000ca4be000 7.629 MB
W20240211 01:32:06.168627 22832 IPCTensor.h:369] NewIPCTensor: cached_sampler_r0_2 [1000000]0x1000cac61000 7.629 MB
W20240211 01:32:06.168679 22832 IPCTensor.h:369] NewIPCTensor: cached_sampler_r0_3 [1000000]0x1000cb404000 7.629 MB
W20240211 01:32:06.168748 22832 IPCTensor.h:369] NewIPCTensor: cached_sampler_r0_4 [1000000]0x1000cbba7000 7.629 MB
W20240211 01:32:06.168781 22832 IPCTensor.h:369] NewIPCTensor: cached_sampler_r0_5 [1000000]0x1000cc34a000 7.629 MB
W20240211 01:32:06.168829 22832 IPCTensor.h:369] NewIPCTensor: cached_sampler_r0_6 [1000000]0x1000ccaed000 7.629 MB
W20240211 01:32:06.168897 22832 IPCTensor.h:369] NewIPCTensor: cached_sampler_r0_7 [1000000]0x1000cd290000 7.629 MB
W20240211 01:32:06.168932 22832 IPCTensor.h:369] NewIPCTensor: cached_sampler_r0_8 [1000000]0x1000cda33000 7.629 MB
W20240211 01:32:06.168988 22832 IPCTensor.h:369] NewIPCTensor: cached_sampler_r0_9 [1000000]0x1000ce1d6000 7.629 MB
W20240211 01:32:06.169042 22832 IPCTensor.h:369] NewIPCTensor: step_r0 [10]0x1000ce979000 80 B 
W20240211 01:32:06.169077 22832 IPCTensor.h:369] NewIPCTensor: circle_buffer_end_r0 [1]0x1000ce97b000 8 B 
W20240211 01:32:06.169111 22832 IPCTensor.h:369] NewIPCTensor: circle_buffer_end_cppseen_r0 [1]0x1000ce97d000 8 B 
Dataset:  /home/xieminhui/RecStoreDataset/avazu_binary
Dataset loaded
np.max =  9449205
np.min=  1
Construct RecModelSampler done
I20240211 01:32:06.169853 22832 IPC_barrier.h:118] CreateBarrier: new barrier, name: kgcachecontroller, count: 8
W20240211 01:32:07.026831 24958 IPCTensor.h:369] NewIPCTensor: cached_sampler_r5_0 [1000000]0x1000ce97f000 7.629 MB
W20240211 01:32:07.027047 24958 IPCTensor.h:369] NewIPCTensor: cached_sampler_r5_1 [1000000]0x1000cf122000 7.629 MB
W20240211 01:32:07.027096 24958 IPCTensor.h:369] NewIPCTensor: cached_sampler_r5_2 [1000000]0x1000cf8c5000 7.629 MB
W20240211 01:32:07.027144 24958 IPCTensor.h:369] NewIPCTensor: cached_sampler_r5_3 [1000000]0x1000d0068000 7.629 MB
W20240211 01:32:07.027220 24958 IPCTensor.h:369] NewIPCTensor: cached_sampler_r5_4 [1000000]0x1000d080b000 7.629 MB
W20240211 01:32:07.027267 24958 IPCTensor.h:369] NewIPCTensor: cached_sampler_r5_5 [1000000]0x1000d0fae000 7.629 MB
W20240211 01:32:07.027314 24958 IPCTensor.h:369] NewIPCTensor: cached_sampler_r5_6 [1000000]0x1000d1751000 7.629 MB
W20240211 01:32:07.027364 24958 IPCTensor.h:369] NewIPCTensor: cached_sampler_r5_7 [1000000]0x1000d1ef4000 7.629 MB
W20240211 01:32:07.027410 24958 IPCTensor.h:369] NewIPCTensor: cached_sampler_r5_8 [1000000]0x1000d2697000 7.629 MB
W20240211 01:32:07.027446 24958 IPCTensor.h:369] NewIPCTensor: cached_sampler_r5_9 [1000000]0x1000d2e3a000 7.629 MB
W20240211 01:32:07.027487 24958 IPCTensor.h:369] NewIPCTensor: step_r5 [10]0x1000d35dd000 80 B 
W20240211 01:32:07.027525 24958 IPCTensor.h:369] NewIPCTensor: circle_buffer_end_r5 [1]0x1000d35df000 8 B 
W20240211 01:32:07.027555 24958 IPCTensor.h:369] NewIPCTensor: circle_buffer_end_cppseen_r5 [1]0x1000d35e1000 8 B 
Dataset:  /home/xieminhui/RecStoreDataset/avazu_binary
Dataset loaded
np.max =  9449205
np.min=  1
Construct RecModelSampler done
I20240211 01:32:07.028003 24958 IPC_barrier.h:112] CreateBarrier: find existing barrier, name: kgcachecontroller, count: 8
W20240211 01:32:07.054471 24956 IPCTensor.h:369] NewIPCTensor: cached_sampler_r3_0 [1000000]0x1000d35e3000 7.629 MB
W20240211 01:32:07.054716 24956 IPCTensor.h:369] NewIPCTensor: cached_sampler_r3_1 [1000000]0x1000d3d86000 7.629 MB
W20240211 01:32:07.054773 24956 IPCTensor.h:369] NewIPCTensor: cached_sampler_r3_2 [1000000]0x1000d4529000 7.629 MB
W20240211 01:32:07.054821 24956 IPCTensor.h:369] NewIPCTensor: cached_sampler_r3_3 [1000000]0x1000d4ccc000 7.629 MB
W20240211 01:32:07.054867 24956 IPCTensor.h:369] NewIPCTensor: cached_sampler_r3_4 [1000000]0x1000d546f000 7.629 MB
W20240211 01:32:07.054919 24956 IPCTensor.h:369] NewIPCTensor: cached_sampler_r3_5 [1000000]0x1000d5c12000 7.629 MB
W20240211 01:32:07.054975 24956 IPCTensor.h:369] NewIPCTensor: cached_sampler_r3_6 [1000000]0x1000d63b5000 7.629 MB
W20240211 01:32:07.055024 24956 IPCTensor.h:369] NewIPCTensor: cached_sampler_r3_7 [1000000]0x1000d6b58000 7.629 MB
W20240211 01:32:07.055068 24956 IPCTensor.h:369] NewIPCTensor: cached_sampler_r3_8 [1000000]0x1000d72fb000 7.629 MB
W20240211 01:32:07.055104 24956 IPCTensor.h:369] NewIPCTensor: cached_sampler_r3_9 [1000000]0x1000d7a9e000 7.629 MB
W20240211 01:32:07.055145 24956 IPCTensor.h:369] NewIPCTensor: step_r3 [10]0x1000d8241000 80 B 
W20240211 01:32:07.055179 24956 IPCTensor.h:369] NewIPCTensor: circle_buffer_end_r3 [1]0x1000d8243000 8 B 
W20240211 01:32:07.055209 24956 IPCTensor.h:369] NewIPCTensor: circle_buffer_end_cppseen_r3 [1]0x1000d8245000 8 B 
Dataset:  /home/xieminhui/RecStoreDataset/avazu_binary
Dataset loaded
np.max =  9449205
np.min=  1
Construct RecModelSampler done
I20240211 01:32:07.055531 24956 IPC_barrier.h:112] CreateBarrier: find existing barrier, name: kgcachecontroller, count: 8
W20240211 01:32:07.069518 24959 IPCTensor.h:369] NewIPCTensor: cached_sampler_r6_0 [1000000]0x1000d8247000 7.629 MB
W20240211 01:32:07.069641 24959 IPCTensor.h:369] NewIPCTensor: cached_sampler_r6_1 [1000000]0x1000d89ea000 7.629 MB
W20240211 01:32:07.069690 24959 IPCTensor.h:369] NewIPCTensor: cached_sampler_r6_2 [1000000]0x1000d918d000 7.629 MB
W20240211 01:32:07.069737 24959 IPCTensor.h:369] NewIPCTensor: cached_sampler_r6_3 [1000000]0x1000d9930000 7.629 MB
W20240211 01:32:07.069790 24959 IPCTensor.h:369] NewIPCTensor: cached_sampler_r6_4 [1000000]0x1000da0d3000 7.629 MB
W20240211 01:32:07.069844 24959 IPCTensor.h:369] NewIPCTensor: cached_sampler_r6_5 [1000000]0x1000da876000 7.629 MB
W20240211 01:32:07.069887 24959 IPCTensor.h:369] NewIPCTensor: cached_sampler_r6_6 [1000000]0x1000db019000 7.629 MB
W20240211 01:32:07.069934 24959 IPCTensor.h:369] NewIPCTensor: cached_sampler_r6_7 [1000000]0x1000db7bc000 7.629 MB
W20240211 01:32:07.069972 24959 IPCTensor.h:369] NewIPCTensor: cached_sampler_r6_8 [1000000]0x1000dbf5f000 7.629 MB
W20240211 01:32:07.070011 24959 IPCTensor.h:369] NewIPCTensor: cached_sampler_r6_9 [1000000]0x1000dc702000 7.629 MB
W20240211 01:32:07.070051 24959 IPCTensor.h:369] NewIPCTensor: step_r6 [10]0x1000dcea5000 80 B 
W20240211 01:32:07.070087 24959 IPCTensor.h:369] NewIPCTensor: circle_buffer_end_r6 [1]0x1000dcea7000 8 B 
W20240211 01:32:07.070117 24959 IPCTensor.h:369] NewIPCTensor: circle_buffer_end_cppseen_r6 [1]0x1000dcea9000 8 B 
Dataset:  /home/xieminhui/RecStoreDataset/avazu_binary
Dataset loaded
np.max =  9449205
np.min=  1
Construct RecModelSampler done
I20240211 01:32:07.070390 24959 IPC_barrier.h:112] CreateBarrier: find existing barrier, name: kgcachecontroller, count: 8
W20240211 01:32:07.073426 24957 IPCTensor.h:369] NewIPCTensor: cached_sampler_r4_0 [1000000]0x1000dceab000 7.629 MB
W20240211 01:32:07.073549 24957 IPCTensor.h:369] NewIPCTensor: cached_sampler_r4_1 [1000000]0x1000dd64e000 7.629 MB
W20240211 01:32:07.073599 24957 IPCTensor.h:369] NewIPCTensor: cached_sampler_r4_2 [1000000]0x1000dddf1000 7.629 MB
W20240211 01:32:07.073671 24957 IPCTensor.h:369] NewIPCTensor: cached_sampler_r4_3 [1000000]0x1000de594000 7.629 MB
W20240211 01:32:07.073719 24957 IPCTensor.h:369] NewIPCTensor: cached_sampler_r4_4 [1000000]0x1000ded37000 7.629 MB
W20240211 01:32:07.073765 24957 IPCTensor.h:369] NewIPCTensor: cached_sampler_r4_5 [1000000]0x1000df4da000 7.629 MB
W20240211 01:32:07.073809 24957 IPCTensor.h:369] NewIPCTensor: cached_sampler_r4_6 [1000000]0x1000dfc7d000 7.629 MB
W20240211 01:32:07.073856 24957 IPCTensor.h:369] NewIPCTensor: cached_sampler_r4_7 [1000000]0x1000e0420000 7.629 MB
W20240211 01:32:07.073899 24957 IPCTensor.h:369] NewIPCTensor: cached_sampler_r4_8 [1000000]0x1000e0bc3000 7.629 MB
W20240211 01:32:07.073936 24957 IPCTensor.h:369] NewIPCTensor: cached_sampler_r4_9 [1000000]0x1000e1366000 7.629 MB
W20240211 01:32:07.073982 24957 IPCTensor.h:369] NewIPCTensor: step_r4 [10]0x1000e1b09000 80 B 
W20240211 01:32:07.074018 24957 IPCTensor.h:369] NewIPCTensor: circle_buffer_end_r4 [1]0x1000e1b0b000 8 B 
W20240211 01:32:07.074049 24957 IPCTensor.h:369] NewIPCTensor: circle_buffer_end_cppseen_r4 [1]0x1000e1b0d000 8 B 
Dataset:  /home/xieminhui/RecStoreDataset/avazu_binary
Dataset loaded
np.max =  9449205
np.min=  1
Construct RecModelSampler done
I20240211 01:32:07.074332 24957 IPC_barrier.h:112] CreateBarrier: find existing barrier, name: kgcachecontroller, count: 8
W20240211 01:32:07.081949 24954 IPCTensor.h:369] NewIPCTensor: cached_sampler_r1_0 [1000000]0x1000e1b0f000 7.629 MB
W20240211 01:32:07.082132 24954 IPCTensor.h:369] NewIPCTensor: cached_sampler_r1_1 [1000000]0x1000e22b2000 7.629 MB
W20240211 01:32:07.082195 24954 IPCTensor.h:369] NewIPCTensor: cached_sampler_r1_2 [1000000]0x1000e2a55000 7.629 MB
W20240211 01:32:07.082239 24954 IPCTensor.h:369] NewIPCTensor: cached_sampler_r1_3 [1000000]0x1000e31f8000 7.629 MB
W20240211 01:32:07.082283 24954 IPCTensor.h:369] NewIPCTensor: cached_sampler_r1_4 [1000000]0x1000e399b000 7.629 MB
W20240211 01:32:07.082327 24954 IPCTensor.h:369] NewIPCTensor: cached_sampler_r1_5 [1000000]0x1000e413e000 7.629 MB
W20240211 01:32:07.082368 24954 IPCTensor.h:369] NewIPCTensor: cached_sampler_r1_6 [1000000]0x1000e48e1000 7.629 MB
W20240211 01:32:07.082419 24954 IPCTensor.h:369] NewIPCTensor: cached_sampler_r1_7 [1000000]0x1000e5084000 7.629 MB
W20240211 01:32:07.082454 24954 IPCTensor.h:369] NewIPCTensor: cached_sampler_r1_8 [1000000]0x1000e5827000 7.629 MB
W20240211 01:32:07.082494 24954 IPCTensor.h:369] NewIPCTensor: cached_sampler_r1_9 [1000000]0x1000e5fca000 7.629 MB
W20240211 01:32:07.082532 24954 IPCTensor.h:369] NewIPCTensor: step_r1 [10]0x1000e676d000 80 B 
W20240211 01:32:07.082576 24954 IPCTensor.h:369] NewIPCTensor: circle_buffer_end_r1 [1]0x1000e676f000 8 B 
W20240211 01:32:07.082609 24954 IPCTensor.h:369] NewIPCTensor: circle_buffer_end_cppseen_r1 [1]0x1000e6771000 8 B 
Dataset:  /home/xieminhui/RecStoreDataset/avazu_binary
Dataset loaded
np.max =  9449205
np.min=  1
Construct RecModelSampler done
I20240211 01:32:07.082993 24954 IPC_barrier.h:112] CreateBarrier: find existing barrier, name: kgcachecontroller, count: 8
W20240211 01:32:07.095166 24955 IPCTensor.h:369] NewIPCTensor: cached_sampler_r2_0 [1000000]0x1000e6773000 7.629 MB
W20240211 01:32:07.095301 24955 IPCTensor.h:369] NewIPCTensor: cached_sampler_r2_1 [1000000]0x1000e6f16000 7.629 MB
W20240211 01:32:07.095356 24955 IPCTensor.h:369] NewIPCTensor: cached_sampler_r2_2 [1000000]0x1000e76b9000 7.629 MB
W20240211 01:32:07.095409 24955 IPCTensor.h:369] NewIPCTensor: cached_sampler_r2_3 [1000000]0x1000e7e5c000 7.629 MB
W20240211 01:32:07.095463 24955 IPCTensor.h:369] NewIPCTensor: cached_sampler_r2_4 [1000000]0x1000e85ff000 7.629 MB
W20240211 01:32:07.095515 24955 IPCTensor.h:369] NewIPCTensor: cached_sampler_r2_5 [1000000]0x1000e8da2000 7.629 MB
W20240211 01:32:07.095574 24955 IPCTensor.h:369] NewIPCTensor: cached_sampler_r2_6 [1000000]0x1000e9545000 7.629 MB
W20240211 01:32:07.095631 24955 IPCTensor.h:369] NewIPCTensor: cached_sampler_r2_7 [1000000]0x1000e9ce8000 7.629 MB
W20240211 01:32:07.095674 24955 IPCTensor.h:369] NewIPCTensor: cached_sampler_r2_8 [1000000]0x1000ea48b000 7.629 MB
W20240211 01:32:07.095721 24955 IPCTensor.h:369] NewIPCTensor: cached_sampler_r2_9 [1000000]0x1000eac2e000 7.629 MB
W20240211 01:32:07.095767 24955 IPCTensor.h:369] NewIPCTensor: step_r2 [10]0x1000eb3d1000 80 B 
W20240211 01:32:07.095808 24955 IPCTensor.h:369] NewIPCTensor: circle_buffer_end_r2 [1]0x1000eb3d3000 8 B 
W20240211 01:32:07.095844 24955 IPCTensor.h:369] NewIPCTensor: circle_buffer_end_cppseen_r2 [1]0x1000eb3d5000 8 B 
Dataset:  /home/xieminhui/RecStoreDataset/avazu_binary
Dataset loaded
np.max =  9449205
np.min=  1
Construct RecModelSampler done
I20240211 01:32:07.096149 24955 IPC_barrier.h:112] CreateBarrier: find existing barrier, name: kgcachecontroller, count: 8
W20240211 01:32:07.254149 24960 IPCTensor.h:369] NewIPCTensor: cached_sampler_r7_0 [1000000]0x1000eb3d7000 7.629 MB
W20240211 01:32:07.254273 24960 IPCTensor.h:369] NewIPCTensor: cached_sampler_r7_1 [1000000]0x1000ebb7a000 7.629 MB
W20240211 01:32:07.254323 24960 IPCTensor.h:369] NewIPCTensor: cached_sampler_r7_2 [1000000]0x1000ec31d000 7.629 MB
W20240211 01:32:07.254369 24960 IPCTensor.h:369] NewIPCTensor: cached_sampler_r7_3 [1000000]0x1000ecac0000 7.629 MB
W20240211 01:32:07.254416 24960 IPCTensor.h:369] NewIPCTensor: cached_sampler_r7_4 [1000000]0x1000ed263000 7.629 MB
W20240211 01:32:07.254462 24960 IPCTensor.h:369] NewIPCTensor: cached_sampler_r7_5 [1000000]0x1000eda06000 7.629 MB
W20240211 01:32:07.254509 24960 IPCTensor.h:369] NewIPCTensor: cached_sampler_r7_6 [1000000]0x1000ee1a9000 7.629 MB
W20240211 01:32:07.254562 24960 IPCTensor.h:369] NewIPCTensor: cached_sampler_r7_7 [1000000]0x1000ee94c000 7.629 MB
W20240211 01:32:07.254606 24960 IPCTensor.h:369] NewIPCTensor: cached_sampler_r7_8 [1000000]0x1000ef0ef000 7.629 MB
W20240211 01:32:07.254653 24960 IPCTensor.h:369] NewIPCTensor: cached_sampler_r7_9 [1000000]0x1000ef892000 7.629 MB
W20240211 01:32:07.254693 24960 IPCTensor.h:369] NewIPCTensor: step_r7 [10]0x1000f0035000 80 B 
W20240211 01:32:07.254726 24960 IPCTensor.h:369] NewIPCTensor: circle_buffer_end_r7 [1]0x1000f0037000 8 B 
W20240211 01:32:07.254755 24960 IPCTensor.h:369] NewIPCTensor: circle_buffer_end_cppseen_r7 [1]0x1000f0039000 8 B 
Dataset:  /home/xieminhui/RecStoreDataset/avazu_binary
Dataset loaded
np.max =  9449205
np.min=  1
Construct RecModelSampler done
I20240211 01:32:07.255007 24960 IPC_barrier.h:112] CreateBarrier: find existing barrier, name: kgcachecontroller, count: 8
W20240211 01:32:07.257912 22832 grad_base.h:55] KGCacheController, config={
        "num_gpus": 8,
        "L": 10,
        "kForwardItersPerStep": 1,
        "clr": 0.01,
        "backwardMode": "CppAsyncV2",
        "nr_background_threads": 16, 
        "cache_ratio": 0.05,
        "backgrad_init": "both",
        "update_pq_use_omp": 2,
        "kUpdatePqWorkerNum": 8
    }
W20240211 01:32:07.258563 22832 grad_base.h:184] Init GradProcessingBase done
I20240211 01:32:08.386121 22832 grad_async_v2.h:42] Use main thread to update emb.
W20240211 01:32:08.386422 22832 kg_controller.h:78] after init GradAsyncProcessingV2
I20240211 01:32:08.386436 22832 kg_controller.h:84] Construct KGCacheController done
E20240211 01:32:09.213131 24954 recstore.cc:66] init folly done
Construct KGCacheControllerWrapper done
E20240211 01:32:09.214649 24956 recstore.cc:66] init folly done
Construct KGCacheControllerWrapper done
E20240211 01:32:09.214761 24955 recstore.cc:66] init folly done
E20240211 01:32:09.214766 24957 recstore.cc:66] init folly done
E20240211 01:32:09.214758 24958 recstore.cc:66] init folly done
E20240211 01:32:09.214773 22832 recstore.cc:66] init folly done
E20240211 01:32:09.214773 24959 recstore.cc:66] init folly done
Construct KGCacheControllerWrapper done
Construct KGCacheControllerWrapper done
Construct KGCacheControllerWrapper done
Construct KGCacheControllerWrapper done
Construct KGCacheControllerWrapper done
E20240211 01:32:09.215148 24960 recstore.cc:66] init folly done
Construct KGCacheControllerWrapper done
I20240211 01:32:09.216181 22832 grad_base.h:60] GraphEnv RegTensorsPerProcess
W20240211 01:32:10.095408 27143 grad_async_v2.h:137] Detect new sample comes, old_end0, new_end1
E20240211 01:32:10.095916 27143 parallel_pq_v2.h:79] insert failed, size(hashtable)=0
Before Training
I20240211 01:32:11.681939 24960 IPC_barrier.h:118] CreateBarrier: new barrier, name: start_barrier, count: 8
Before Training
I20240211 01:32:11.682315 22832 IPC_barrier.h:112] CreateBarrier: find existing barrier, name: start_barrier, count: 8
Before Training
Before Training
Before Training
Before Training
Before Training
I20240211 01:32:11.683210 24957 IPC_barrier.h:112] CreateBarrier: find existing barrier, name: start_barrier, count: 8
I20240211 01:32:11.683327 24958 IPC_barrier.h:112] CreateBarrier: find existing barrier, name: start_barrier, count: 8
I20240211 01:32:11.683436 24959 IPC_barrier.h:112] CreateBarrier: find existing barrier, name: start_barrier, count: 8
I20240211 01:32:11.683468 24955 IPC_barrier.h:112] CreateBarrier: find existing barrier, name: start_barrier, count: 8
I20240211 01:32:11.683611 24954 IPC_barrier.h:112] CreateBarrier: find existing barrier, name: start_barrier, count: 8
Before Training
I20240211 01:32:11.683909 24956 IPC_barrier.h:112] CreateBarrier: find existing barrier, name: start_barrier, count: 8
W20240211 01:32:11.686646 27143 grad_async_v2.h:137] Detect new sample comes, old_end0, new_end1
E20240211 01:32:11.687016 27143 parallel_pq_v2.h:79] insert failed, size(hashtable)=1
========== Step 0 ========== 
+---------------------------+---------------------------+---------------------------+
| Name                      | P50                       | P99                       |
+---------------------------+---------------------------+---------------------------+
| GenInput:CircleBuffer     | 194.767 us                | 194.767 us                |
| GenInput                  | 1.347 ms                  | 1.347 ms                  |
| NN                        | 227.010 ms                | 227.010 ms                |
| Forward                   | 229.418 ms                | 229.418 ms                |
| Backward                  | 134.813 ms                | 134.813 ms                |
| Optimize                  | 6.241 ms                  | 6.241 ms                  |
| BarrierTimeBeforeRank0    | 22.766 ms                 | 22.766 ms                 |
+---------------------------+---------------------------+---------------------------+
E20240211 01:32:13.309216 27604 parallel_pq_v2.h:79] insert failed, size(hashtable)=0
W20240211 01:32:13.326474 22832 grad_async_v2.h:270] Sleep in <BlockToStepN>, step_no=1, pq.top=0
W20240211 01:32:13.384373 27143 grad_async_v2.h:137] Detect new sample comes, old_end1, new_end2
========== Step 1 ========== 
INFO [24954 distributed.py:1140] Reducer buckets have been rebuilt in this iteration.
INFO [24955 distributed.py:1140] Reducer buckets have been rebuilt in this iteration.
INFO [24957 distributed.py:1140] Reducer buckets have been rebuilt in this iteration.
INFO [24959 distributed.py:1140] Reducer buckets have been rebuilt in this iteration.
INFO [24960 distributed.py:1140] Reducer buckets have been rebuilt in this iteration.
INFO [24958 distributed.py:1140] Reducer buckets have been rebuilt in this iteration.
INFO [24956 distributed.py:1140] Reducer buckets have been rebuilt in this iteration.
INFO [22832 distributed.py:1140] Reducer buckets have been rebuilt in this iteration.
W20240211 01:32:13.444778 22832 grad_async_v2.h:257] pq is empty
========== Step 2 ========== 
========== Step 3 ========== 
========== Step 4 ========== 
========== Step 5 ========== 
========== Step 6 ========== 
========== Step 7 ========== 
========== Step 8 ========== 
========== Step 9 ========== 
W20240211 01:32:13.555552 22832 grad_async_v2.h:257] pq is empty
========== Step 10 ========== 
========== Step 11 ========== 
========== Step 12 ========== 
========== Step 13 ========== 
========== Step 14 ========== 
E20240211 01:32:13.618233 22832 grad_async_v2.h:404] Stalled in ProcessBackward: rank=1, step_no=14, sample_step_cpp_seen_[rank]=13
========== Step 15 ========== 
========== Step 16 ========== 
========== Step 17 ========== 
========== Step 18 ========== 
========== Step 19 ========== 
========== Step 20 ========== 
========== Step 21 ========== 
========== Step 22 ========== 
========== Step 23 ========== 
========== Step 24 ========== 
========== Step 25 ========== 
========== Step 26 ========== 
========== Step 27 ========== 
========== Step 28 ========== 
========== Step 29 ========== 
========== Step 30 ========== 
========== Step 31 ========== 
+---------------------------+---------------------------+---------------------------+
| Name                      | P50                       | P99                       |
+---------------------------+---------------------------+---------------------------+
| clean                     | 89.848 us                 | 228.941 us                |
| ProcessBack:Shuffle       | 9.986 ms                  | 297.915 ms                |
| ProcessBack:UpdateCache   | 2.153 ms                  | 916.338 ms                |
| ProcessBack:UpsertPq      | 56.239 us                 | 15.966 ms                 |
| ProcessOneStep            | 12.698 ms                 | 1.242 s                   |
| BlockToStepN              | 106.997 us                | 56.590 ms                 |
+---------------------------+---------------------------+---------------------------+
========== Step 32 ========== 
========== Step 33 ========== 
========== Step 34 ========== 
E20240211 01:32:14.309048 27143 parallel_pq_v2.h:79] insert failed, size(hashtable)=6
========== Step 35 ========== 
========== Step 36 ========== 
========== Step 37 ========== 
========== Step 38 ========== 
========== Step 39 ========== 
W20240211 01:32:14.393658 27143 grad_async_v2.h:137] Detect new sample comes, old_end4, new_end0
========== Step 40 ========== 
========== Step 41 ========== 
========== Step 42 ========== 
========== Step 43 ========== 
========== Step 44 ========== 
========== Step 45 ========== 
========== Step 46 ========== 
========== Step 47 ========== 
========== Step 48 ========== 
========== Step 49 ========== 
========== Step 50 ========== 
========== Step 51 ========== 
========== Step 52 ========== 
========== Step 53 ========== 
========== Step 54 ========== 
========== Step 55 ========== 
========== Step 56 ========== 
========== Step 57 ========== 
========== Step 58 ========== 
========== Step 59 ========== 
========== Step 60 ========== 
========== Step 61 ========== 
========== Step 62 ========== 
W20240211 01:32:14.983784 22832 grad_async_v2.h:257] pq is empty
========== Step 63 ========== 
========== Step 64 ========== 
========== Step 65 ========== 
========== Step 66 ========== 
========== Step 67 ========== 
========== Step 68 ========== 
========== Step 69 ========== 
========== Step 70 ========== 
========== Step 71 ========== 
========== Step 72 ========== 
========== Step 73 ========== 
========== Step 74 ========== 
========== Step 75 ========== 
========== Step 76 ========== 
E20240211 01:32:15.309105 27143 parallel_pq_v2.h:79] insert failed, size(hashtable)=3
========== Step 77 ========== 
W20240211 01:32:15.406847 27143 grad_async_v2.h:137] Detect new sample comes, old_end1, new_end8
========== Step 78 ========== 
========== Step 79 ========== 
========== Step 80 ========== 
========== Step 81 ========== 
========== Step 82 ========== 
========== Step 83 ========== 
========== Step 84 ========== 
========== Step 85 ========== 
========== Step 86 ========== 
========== Step 87 ========== 
========== Step 88 ========== 
========== Step 89 ========== 
========== Step 90 ========== 
W20240211 01:32:15.640872 22832 grad_async_v2.h:257] pq is empty
========== Step 91 ========== 
========== Step 92 ========== 
========== Step 93 ========== 
========== Step 94 ========== 
========== Step 95 ========== 
========== Step 96 ========== 
========== Step 97 ========== 
W20240211 01:32:15.865921 22832 grad_async_v2.h:257] pq is empty
========== Step 98 ========== 
========== Step 99 ========== 
Step99:rank0, time: 13.874, per_step: 0.138737
Step99:rank7, time: 13.874, per_step: 0.138737
Step99:rank2, time: 13.873, per_step: 0.138735
Step99:rank6, time: 13.874, per_step: 0.138737
Step99:rank5, time: 13.874, per_step: 0.138736
Step99:rank1, time: 13.874, per_step: 0.138736
Step99:rank4, time: 13.873, per_step: 0.138735
Step99:rank3, time: 13.874, per_step: 0.138737
+---------------------------+---------------------------+---------------------------+
| Name                      | P50                       | P99                       |
+---------------------------+---------------------------+---------------------------+
| GenInput:CircleBuffer     | 143.930 us                | 239.755 us                |
| GenInput                  | 393.240 us                | 2.166 ms                  |
| NN                        | 1.173 ms                  | 5.048 ms                  |
| Forward                   | 1.466 ms                  | 5.552 ms                  |
| Backward                  | 1.903 ms                  | 14.052 ms                 |
| Optimize                  | 336.660 us                | 1.523 ms                  |
| BarrierTimeBeforeRank0    | 103.307 us                | 1.292 ms                  |
| AfterBackward             | 12.679 ms                 | 170.653 ms                |
| BlockToStepN              | 222.752 us                | 392.072 us                |
| OneStep                   | 17.390 ms                 | 176.472 ms                |
+---------------------------+---------------------------+---------------------------+
========== Step 100 ========== 
========== Step 101 ========== 
========== Step 102 ========== 
========== Step 103 ========== 
========== Step 104 ========== 
========== Step 105 ========== 
========== Step 106 ========== 
========== Step 107 ========== 
========== Step 108 ========== 
========== Step 109 ========== 
========== Step 110 ========== 
========== Step 111 ========== 
========== Step 112 ========== 
========== Step 113 ========== 
========== Step 114 ========== 
========== Step 115 ========== 
E20240211 01:32:16.309109 27143 parallel_pq_v2.h:79] insert failed, size(hashtable)=1
========== Step 116 ========== 
========== Step 117 ========== 
========== Step 118 ========== 
========== Step 119 ========== 
W20240211 01:32:16.406575 27143 grad_async_v2.h:137] Detect new sample comes, old_end7, new_end9
W20240211 01:32:16.422977 22832 grad_async_v2.h:257] pq is empty
========== Step 120 ========== 
========== Step 121 ========== 
========== Step 122 ========== 
========== Step 123 ========== 
========== Step 124 ========== 
========== Step 125 ========== 
========== Step 126 ========== 
========== Step 127 ========== 
========== Step 128 ========== 
========== Step 129 ========== 
========== Step 130 ========== 
W20240211 01:32:16.720264 22832 grad_async_v2.h:257] pq is empty
========== Step 131 ========== 
========== Step 132 ========== 
========== Step 133 ========== 
========== Step 134 ========== 
========== Step 135 ========== 
========== Step 136 ========== 
========== Step 137 ========== 
========== Step 138 ========== 
========== Step 139 ========== 
========== Step 140 ========== 
========== Step 141 ========== 
========== Step 142 ========== 
========== Step 143 ========== 
========== Step 144 ========== 
========== Step 145 ========== 
========== Step 146 ========== 
========== Step 147 ========== 
========== Step 148 ========== 
========== Step 149 ========== 
========== Step 150 ========== 
========== Step 151 ========== 
========== Step 152 ========== 
========== Step 153 ========== 
========== Step 154 ========== 
========== Step 155 ========== 
========== Step 156 ========== 
========== Step 157 ========== 
========== Step 158 ========== 
========== Step 159 ========== 
+---------------------------+---------------------------+---------------------------+
| Name                      | P50                       | P99                       |
+---------------------------+---------------------------+---------------------------+
| GenInput:CircleBuffer     | 99.825 us                 | 393.025 us                |
| GenInput                  | 394.055 us                | 2.204 ms                  |
| NN                        | 848.571 us                | 2.523 ms                  |
| Forward                   | 1.050 ms                  | 3.297 ms                  |
| Backward                  | 1.975 ms                  | 14.052 ms                 |
| Optimize                  | 248.484 us                | 703.033 us                |
| BarrierTimeBeforeRank0    | 221.686 us                | 916.805 us                |
| AfterBackward             | 9.368 ms                  | 162.004 ms                |
| BlockToStepN              | 254.701 us                | 636.877 us                |
| OneStep                   | 14.808 ms                 | 166.456 ms                |
+---------------------------+---------------------------+---------------------------+
E20240211 01:32:17.309041 27143 parallel_pq_v2.h:79] insert failed, size(hashtable)=3
========== Step 160 ========== 
W20240211 01:32:17.406985 27143 grad_async_v2.h:137] Detect new sample comes, old_end0, new_end1
========== Step 161 ========== 
========== Step 162 ========== 
========== Step 163 ========== 
========== Step 164 ========== 
========== Step 165 ========== 
========== Step 166 ========== 
========== Step 167 ========== 
========== Step 168 ========== 
========== Step 169 ========== 
========== Step 170 ========== 
========== Step 171 ========== 
========== Step 172 ========== 
========== Step 173 ========== 
========== Step 174 ========== 
========== Step 175 ========== 
========== Step 176 ========== 
========== Step 177 ========== 
========== Step 178 ========== 
========== Step 179 ========== 
========== Step 180 ========== 
========== Step 181 ========== 
========== Step 182 ========== 
========== Step 183 ========== 
========== Step 184 ========== 
========== Step 185 ========== 
========== Step 186 ========== 
========== Step 187 ========== 
========== Step 188 ========== 
========== Step 189 ========== 
========== Step 190 ========== 
========== Step 191 ========== 
========== Step 192 ========== 
========== Step 193 ========== 
========== Step 194 ========== 
========== Step 195 ========== 
========== Step 196 ========== 
========== Step 197 ========== 
========== Step 198 ========== 
========== Step 199 ========== 
E20240211 01:32:18.309056 27143 parallel_pq_v2.h:79] insert failed, size(hashtable)=3
Step199:rank0, time: 2.422, per_step: 0.023980
Step199:rank4, time: 2.421, per_step: 0.023974
Step199:rank2, time: 2.421, per_step: 0.023975
Step199:rank3, time: 2.421, per_step: 0.023974
Step199:rank7, time: 2.422, per_step: 0.023979
Step199:rank1, time: 2.422, per_step: 0.023976
Step199:rank6, time: 2.422, per_step: 0.023978
Step199:rank5, time: 2.422, per_step: 0.023978
+---------------------------+---------------------------+---------------------------+
| Name                      | P50                       | P99                       |
+---------------------------+---------------------------+---------------------------+
| GenInput:CircleBuffer     | 116.287 us                | 393.025 us                |
| GenInput                  | 393.240 us                | 2.352 ms                  |
| NN                        | 970.583 us                | 2.523 ms                  |
| Forward                   | 1.208 ms                  | 3.297 ms                  |
| Backward                  | 1.945 ms                  | 14.052 ms                 |
| Optimize                  | 263.653 us                | 703.033 us                |
| BarrierTimeBeforeRank0    | 209.665 us                | 916.805 us                |
| AfterBackward             | 10.026 ms                 | 170.374 ms                |
| BlockToStepN              | 283.845 us                | 636.877 us                |
| OneStep                   | 14.870 ms                 | 174.226 ms                |
+---------------------------+---------------------------+---------------------------+
========== Step 200 ========== 
========== Step 201 ========== 
========== Step 202 ========== 
========== Step 203 ========== 
========== Step 204 ========== 
W20240211 01:32:18.433974 27143 grad_async_v2.h:137] Detect new sample comes, old_end7, new_end5
========== Step 205 ========== 
========== Step 206 ========== 
========== Step 207 ========== 
========== Step 208 ========== 
========== Step 209 ========== 
========== Step 210 ========== 
========== Step 211 ========== 
========== Step 212 ========== 
W20240211 01:32:18.643676 22832 grad_async_v2.h:257] pq is empty
========== Step 213 ========== 
========== Step 214 ========== 
========== Step 215 ========== 
========== Step 216 ========== 
========== Step 217 ========== 
W20240211 01:32:18.709761 22832 grad_async_v2.h:257] pq is empty
========== Step 218 ========== 
E20240211 01:32:18.723742 22832 grad_async_v2.h:404] Stalled in ProcessBackward: rank=3, step_no=218, sample_step_cpp_seen_[rank]=217
W20240211 01:32:18.856711 22832 grad_async_v2.h:257] pq is empty
========== Step 219 ========== 
========== Step 220 ========== 
========== Step 221 ========== 
========== Step 222 ========== 
========== Step 223 ========== 
========== Step 224 ========== 
========== Step 225 ========== 
========== Step 226 ========== 
========== Step 227 ========== 
========== Step 228 ========== 
========== Step 229 ========== 
========== Step 230 ========== 
========== Step 231 ========== 
========== Step 232 ========== 
========== Step 233 ========== 
========== Step 234 ========== 
========== Step 235 ========== 
========== Step 236 ========== 
W20240211 01:32:19.203876 22832 grad_async_v2.h:257] pq is empty
========== Step 237 ========== 
+---------------------------+---------------------------+---------------------------+
| Name                      | P50                       | P99                       |
+---------------------------+---------------------------+---------------------------+
| clean                     | 102.857 us                | 249.469 us                |
| ProcessBack:Shuffle       | 7.219 ms                  | 11.851 ms                 |
| ProcessBack:UpdateCache   | 1.912 ms                  | 8.819 ms                  |
| ProcessBack:UpsertPq      | 35.871 us                 | 116.483 us                |
| ProcessOneStep            | 9.844 ms                  | 170.327 ms                |
| BlockToStepN              | 237.284 us                | 576.007 us                |
+---------------------------+---------------------------+---------------------------+
========== Step 238 ========== 
W20240211 01:32:19.229135 22832 grad_async_v2.h:257] pq is empty
========== Step 239 ========== 
========== Step 240 ========== 
========== Step 241 ========== 
========== Step 242 ========== 
========== Step 243 ========== 
E20240211 01:32:19.309029 27143 parallel_pq_v2.h:79] insert failed, size(hashtable)=1
========== Step 244 ========== 
W20240211 01:32:19.340507 22832 grad_async_v2.h:257] pq is empty
========== Step 245 ========== 
W20240211 01:32:19.448626 27143 grad_async_v2.h:137] Detect new sample comes, old_end0, new_end6
========== Step 246 ========== 
========== Step 247 ========== 
========== Step 248 ========== 
========== Step 249 ========== 
========== Step 250 ========== 
========== Step 251 ========== 
========== Step 252 ========== 
========== Step 253 ========== 
========== Step 254 ========== 
W20240211 01:32:19.676491 22832 grad_async_v2.h:257] pq is empty
========== Step 255 ========== 
========== Step 256 ========== 
========== Step 257 ========== 
========== Step 258 ========== 
========== Step 259 ========== 
========== Step 260 ========== 
========== Step 261 ========== 
========== Step 262 ========== 
========== Step 263 ========== 
========== Step 264 ========== 
========== Step 265 ========== 
========== Step 266 ========== 
========== Step 267 ========== 
========== Step 268 ========== 
========== Step 269 ========== 
========== Step 270 ========== 
========== Step 271 ========== 
========== Step 272 ========== 
========== Step 273 ========== 
========== Step 274 ========== 
========== Step 275 ========== 
========== Step 276 ========== 
========== Step 277 ========== 
========== Step 278 ========== 
E20240211 01:32:20.309031 27143 parallel_pq_v2.h:79] insert failed, size(hashtable)=4
========== Step 279 ========== 
========== Step 280 ========== 
========== Step 281 ========== 
W20240211 01:32:20.361516 22832 grad_async_v2.h:257] pq is empty
========== Step 282 ========== 
========== Step 283 ========== 
========== Step 284 ========== 
========== Step 285 ========== 
========== Step 286 ========== 
W20240211 01:32:20.455351 27143 grad_async_v2.h:137] Detect new sample comes, old_end0, new_end7
========== Step 287 ========== 
========== Step 288 ========== 
========== Step 289 ========== 
========== Step 290 ========== 
========== Step 291 ========== 
========== Step 292 ========== 
========== Step 293 ========== 
========== Step 294 ========== 
========== Step 295 ========== 
========== Step 296 ========== 
========== Step 297 ========== 
========== Step 298 ========== 
========== Step 299 ========== 
Step299:rank0, time: 2.467, per_step: 0.024426
Step299:rank1, time: 2.467, per_step: 0.024426
Step299:rank2, time: 2.467, per_step: 0.024428
Step299:rank7, time: 2.467, per_step: 0.024429
Step299:rank4, time: 2.467, per_step: 0.024426
Step299:rank6, time: 2.467, per_step: 0.024426
Step299:rank5, time: 2.467, per_step: 0.024426
Step299:rank3, time: 2.467, per_step: 0.024430
+---------------------------+---------------------------+---------------------------+
| Name                      | P50                       | P99                       |
+---------------------------+---------------------------+---------------------------+
| GenInput:CircleBuffer     | 105.397 us                | 239.755 us                |
| GenInput                  | 400.743 us                | 2.204 ms                  |
| NN                        | 936.131 us                | 2.064 ms                  |
| Forward                   | 1.174 ms                  | 2.438 ms                  |
| Backward                  | 2.079 ms                  | 9.677 ms                  |
| Optimize                  | 253.105 us                | 642.383 us                |
| BarrierTimeBeforeRank0    | 213.163 us                | 916.805 us                |
| AfterBackward             | 9.847 ms                  | 162.004 ms                |
| BlockToStepN              | 320.929 us                | 920.876 us                |
| OneStep                   | 14.737 ms                 | 166.456 ms                |
+---------------------------+---------------------------+---------------------------+
Successfully xmh
W20240211 01:32:20.778684 22832 grad_async_v2.h:84] call StopThreads. PID = 22832
W20240211 01:32:20.778715 22832 grad_base.h:212] before processOneStepNegThread_.join();
W20240211 01:32:20.778805 22832 grad_base.h:214] after processOneStepNegThread_.join();
W20240211 01:32:20.778812 22832 grad_async_v2.h:86] call GradProcessingBase::StopThreads.
W20240211 01:32:20.865489 22832 grad_async_v2.h:105] StopThreads done.
[W tensorpipe_agent.cpp:725] RPC agent for worker0 encountered error when reading incoming request from worker7: eof (this error originated at tensorpipe/transport/shm/connection_impl.cc:259)
[W tensorpipe_agent.cpp:725] RPC agent for worker0 encountered error when reading incoming request from worker4: eof (this error originated at tensorpipe/transport/shm/connection_impl.cc:259)
