WARNING: Logging before InitGoogleLogging() is written to STDERR
I20240220 16:11:53.000924 23040 IPC_barrier.h:128] MultiProcessBarrierFactory->ClearIPCMemory()
W20240220 16:11:53.009866 23040 IPCTensor.h:369] NewIPCTensor: full_emb [9449206, 32]0x100000002000 1.126 GB
/data/home/xieminhui/RecStore/src/framework_adapters/torch/python/perf_rec_model.py:152: DeprecationWarning: The 'warn' function is deprecated, use 'warning' instead
  XLOG.warn("After init DistEmbedding")
WARNING [23040 perf_rec_model.py:152] After init DistEmbedding
========== Running Perf with routine <function routine_local_cache_helper at 0x7f8601745b20>==========
Worker 1 pid=23405
Worker 2 pid=23406
Worker 3 pid=23407
Worker 4 pid=23408
Worker 5 pid=23409
Worker 6 pid=23410
INFO [23040 distributed_c10d.py:442] Added key: store_based_barrier_key:1 to store for rank: 0
INFO [23405 distributed_c10d.py:442] Added key: store_based_barrier_key:1 to store for rank: 1
INFO [23406 distributed_c10d.py:442] Added key: store_based_barrier_key:1 to store for rank: 2
INFO [23407 distributed_c10d.py:442] Added key: store_based_barrier_key:1 to store for rank: 3
INFO [23408 distributed_c10d.py:442] Added key: store_based_barrier_key:1 to store for rank: 4
INFO [23040 distributed_c10d.py:476] Rank 0: Completed store-based barrier for key:store_based_barrier_key:1 with 8 nodes.
INFO [23405 distributed_c10d.py:476] Rank 1: Completed store-based barrier for key:store_based_barrier_key:1 with 8 nodes.
INFO [23409 distributed_c10d.py:442] Added key: store_based_barrier_key:1 to store for rank: 5
INFO [23410 distributed_c10d.py:442] Added key: store_based_barrier_key:1 to store for rank: 6
INFO [23406 distributed_c10d.py:476] Rank 2: Completed store-based barrier for key:store_based_barrier_key:1 with 8 nodes.
INFO [23411 distributed_c10d.py:442] Added key: store_based_barrier_key:1 to store for rank: 7
INFO [23408 distributed_c10d.py:476] Rank 4: Completed store-based barrier for key:store_based_barrier_key:1 with 8 nodes.
INFO [23407 distributed_c10d.py:476] Rank 3: Completed store-based barrier for key:store_based_barrier_key:1 with 8 nodes.
INFO [23409 distributed_c10d.py:476] Rank 5: Completed store-based barrier for key:store_based_barrier_key:1 with 8 nodes.
INFO [23411 distributed_c10d.py:476] Rank 7: Completed store-based barrier for key:store_based_barrier_key:1 with 8 nodes.
INFO [23410 distributed_c10d.py:476] Rank 6: Completed store-based barrier for key:store_based_barrier_key:1 with 8 nodes.
E20240220 16:11:59.846289 23040 IPCTensor.h:348] IPCTensor full_emb already exists
E20240220 16:11:59.846482 23405 IPCTensor.h:348] IPCTensor full_emb already exists
E20240220 16:11:59.846581 23406 IPCTensor.h:348] IPCTensor full_emb already exists
E20240220 16:11:59.846592 23408 IPCTensor.h:348] IPCTensor full_emb already exists
E20240220 16:11:59.846617 23407 IPCTensor.h:348] IPCTensor full_emb already exists
E20240220 16:11:59.846827 23409 IPCTensor.h:348] IPCTensor full_emb already exists
E20240220 16:11:59.846889 23411 IPCTensor.h:348] IPCTensor full_emb already exists
E20240220 16:11:59.846906 23410 IPCTensor.h:348] IPCTensor full_emb already exists
W20240220 16:12:05.705440 23405 IPCTensor.h:409] NewIPCGPUTensor: embedding_cache_1 [472460, 32]; dev=1; size=57.67 MB
W20240220 16:12:05.706316 23411 IPCTensor.h:409] NewIPCGPUTensor: embedding_cache_7 [472460, 32]; dev=7; size=57.67 MB
W20240220 16:12:05.706722 23408 IPCTensor.h:409] NewIPCGPUTensor: embedding_cache_4 [472460, 32]; dev=4; size=57.67 MB
W20240220 16:12:05.707829 23406 IPCTensor.h:409] NewIPCGPUTensor: embedding_cache_2 [472460, 32]; dev=2; size=57.67 MB
W20240220 16:12:05.708101 23407 IPCTensor.h:409] NewIPCGPUTensor: embedding_cache_3 [472460, 32]; dev=3; size=57.67 MB
W20240220 16:12:05.708199 23040 IPCTensor.h:409] NewIPCGPUTensor: embedding_cache_0 [472460, 32]; dev=0; size=57.67 MB
W20240220 16:12:05.708242 23409 IPCTensor.h:409] NewIPCGPUTensor: embedding_cache_5 [472460, 32]; dev=5; size=57.67 MB
W20240220 16:12:05.708671 23410 IPCTensor.h:409] NewIPCGPUTensor: embedding_cache_6 [472460, 32]; dev=6; size=57.67 MB
W20240220 16:12:06.500514 23409 IPCTensor.h:369] NewIPCTensor: input_keys_5 [1000000]0x10004817d000 7.629 MB
W20240220 16:12:06.500715 23409 IPCTensor.h:369] NewIPCTensor: input_keys_neg_5 [1000000]0x100048920000 7.629 MB
W20240220 16:12:06.500771 23409 IPCTensor.h:369] NewIPCTensor: backward_grads_5 [1000000, 32]0x1000490c3000 122.1 MB
W20240220 16:12:06.500836 23409 IPCTensor.h:369] NewIPCTensor: backward_grads_neg_5 [1000000, 32]0x100050ad7000 122.1 MB
W20240220 16:12:06.500875 23409 IPCTensor.h:409] NewIPCGPUTensor: backward_grads_5_gpu [1000000, 32]; dev=5; size=122.1 MB
W20240220 16:12:06.502298 23409 IPCTensor.h:409] NewIPCGPUTensor: backward_grads_neg_5_gpu [1000000, 32]; dev=5; size=122.1 MB
W20240220 16:12:06.503696 23040 IPCTensor.h:369] NewIPCTensor: input_keys_0 [1000000]0x1000584f1000 7.629 MB
W20240220 16:12:06.503881 23040 IPCTensor.h:369] NewIPCTensor: input_keys_neg_0 [1000000]0x100058c94000 7.629 MB
W20240220 16:12:06.503955 23040 IPCTensor.h:369] NewIPCTensor: backward_grads_0 [1000000, 32]0x100059437000 122.1 MB
W20240220 16:12:06.504009 23040 IPCTensor.h:369] NewIPCTensor: backward_grads_neg_0 [1000000, 32]0x100060e4b000 122.1 MB
W20240220 16:12:06.504065 23040 IPCTensor.h:409] NewIPCGPUTensor: backward_grads_0_gpu [1000000, 32]; dev=0; size=122.1 MB
W20240220 16:12:06.505780 23040 IPCTensor.h:409] NewIPCGPUTensor: backward_grads_neg_0_gpu [1000000, 32]; dev=0; size=122.1 MB
W20240220 16:12:06.506228 23405 IPCTensor.h:369] NewIPCTensor: input_keys_1 [1000000]0x100068863000 7.629 MB
W20240220 16:12:06.506377 23405 IPCTensor.h:369] NewIPCTensor: input_keys_neg_1 [1000000]0x100069006000 7.629 MB
W20240220 16:12:06.506433 23405 IPCTensor.h:369] NewIPCTensor: backward_grads_1 [1000000, 32]0x1000697a9000 122.1 MB
W20240220 16:12:06.506489 23405 IPCTensor.h:369] NewIPCTensor: backward_grads_neg_1 [1000000, 32]0x1000711bf000 122.1 MB
W20240220 16:12:06.506528 23405 IPCTensor.h:409] NewIPCGPUTensor: backward_grads_1_gpu [1000000, 32]; dev=1; size=122.1 MB
W20240220 16:12:06.507414 23405 IPCTensor.h:409] NewIPCGPUTensor: backward_grads_neg_1_gpu [1000000, 32]; dev=1; size=122.1 MB
W20240220 16:12:06.520906 23408 IPCTensor.h:369] NewIPCTensor: input_keys_4 [1000000]0x100078bd9000 7.629 MB
W20240220 16:12:06.521327 23408 IPCTensor.h:369] NewIPCTensor: input_keys_neg_4 [1000000]0x10007937c000 7.629 MB
W20240220 16:12:06.521484 23408 IPCTensor.h:369] NewIPCTensor: backward_grads_4 [1000000, 32]0x100079b1f000 122.1 MB
W20240220 16:12:06.521656 23408 IPCTensor.h:369] NewIPCTensor: backward_grads_neg_4 [1000000, 32]0x100081533000 122.1 MB
W20240220 16:12:06.521754 23408 IPCTensor.h:409] NewIPCGPUTensor: backward_grads_4_gpu [1000000, 32]; dev=4; size=122.1 MB
W20240220 16:12:06.527544 23408 IPCTensor.h:409] NewIPCGPUTensor: backward_grads_neg_4_gpu [1000000, 32]; dev=4; size=122.1 MB
W20240220 16:12:06.530328 23411 IPCTensor.h:369] NewIPCTensor: input_keys_7 [1000000]0x100088f4d000 7.629 MB
W20240220 16:12:06.530478 23411 IPCTensor.h:369] NewIPCTensor: input_keys_neg_7 [1000000]0x1000896f0000 7.629 MB
W20240220 16:12:06.530531 23411 IPCTensor.h:369] NewIPCTensor: backward_grads_7 [1000000, 32]0x100089e93000 122.1 MB
W20240220 16:12:06.530591 23411 IPCTensor.h:369] NewIPCTensor: backward_grads_neg_7 [1000000, 32]0x1000918a7000 122.1 MB
W20240220 16:12:06.530627 23411 IPCTensor.h:409] NewIPCGPUTensor: backward_grads_7_gpu [1000000, 32]; dev=7; size=122.1 MB
W20240220 16:12:06.531445 23411 IPCTensor.h:409] NewIPCGPUTensor: backward_grads_neg_7_gpu [1000000, 32]; dev=7; size=122.1 MB
W20240220 16:12:06.543488 23410 IPCTensor.h:369] NewIPCTensor: input_keys_6 [1000000]0x1000992c3000 7.629 MB
W20240220 16:12:06.543507 23406 IPCTensor.h:369] NewIPCTensor: input_keys_2 [1000000]0x100099a66000 7.629 MB
W20240220 16:12:06.543705 23410 IPCTensor.h:369] NewIPCTensor: input_keys_neg_6 [1000000]0x10009a209000 7.629 MB
W20240220 16:12:06.543721 23406 IPCTensor.h:369] NewIPCTensor: input_keys_neg_2 [1000000]0x10009a9ac000 7.629 MB
W20240220 16:12:06.543774 23410 IPCTensor.h:369] NewIPCTensor: backward_grads_6 [1000000, 32]0x10009b14f000 122.1 MB
W20240220 16:12:06.543797 23406 IPCTensor.h:369] NewIPCTensor: backward_grads_2 [1000000, 32]0x1000a2b63000 122.1 MB
W20240220 16:12:06.543852 23410 IPCTensor.h:369] NewIPCTensor: backward_grads_neg_6 [1000000, 32]0x1000aa577000 122.1 MB
W20240220 16:12:06.543876 23406 IPCTensor.h:369] NewIPCTensor: backward_grads_neg_2 [1000000, 32]0x1000b1f8b000 122.1 MB
W20240220 16:12:06.543898 23410 IPCTensor.h:409] NewIPCGPUTensor: backward_grads_6_gpu [1000000, 32]; dev=6; size=122.1 MB
W20240220 16:12:06.543915 23406 IPCTensor.h:409] NewIPCGPUTensor: backward_grads_2_gpu [1000000, 32]; dev=2; size=122.1 MB
W20240220 16:12:06.546862 23406 IPCTensor.h:409] NewIPCGPUTensor: backward_grads_neg_2_gpu [1000000, 32]; dev=2; size=122.1 MB
W20240220 16:12:06.546861 23410 IPCTensor.h:409] NewIPCGPUTensor: backward_grads_neg_6_gpu [1000000, 32]; dev=6; size=122.1 MB
W20240220 16:12:06.733268 23407 IPCTensor.h:369] NewIPCTensor: input_keys_3 [1000000]0x1000b99a9000 7.629 MB
W20240220 16:12:06.733672 23407 IPCTensor.h:369] NewIPCTensor: input_keys_neg_3 [1000000]0x1000ba14c000 7.629 MB
W20240220 16:12:06.733827 23407 IPCTensor.h:369] NewIPCTensor: backward_grads_3 [1000000, 32]0x1000ba8ef000 122.1 MB
W20240220 16:12:06.734001 23407 IPCTensor.h:369] NewIPCTensor: backward_grads_neg_3 [1000000, 32]0x1000c2303000 122.1 MB
W20240220 16:12:06.734103 23407 IPCTensor.h:409] NewIPCGPUTensor: backward_grads_3_gpu [1000000, 32]; dev=3; size=122.1 MB
W20240220 16:12:06.777618 23407 IPCTensor.h:409] NewIPCGPUTensor: backward_grads_neg_3_gpu [1000000, 32]; dev=3; size=122.1 MB
Worker 7 pid=23411
New CachedEmbedding, name=full_emb, shape=(9449206, 32), cache_type=KnownLocalCachedEmbeddingSoftware
fixed cache_range is [(0, 472460), (472460, 944920), (944920, 1417380), (1417380, 1889840), (1889840, 2362300), (2362300, 2834760), (2834760, 3307220), (3307220, 3779680)]
cudaHostRegister 0x100000002000
0: KnownLocalCachedEmbedding init done
cudaHostRegister 0x100000002000
4: KnownLocalCachedEmbedding init done
cudaHostRegister 0x100000002000
3: KnownLocalCachedEmbedding init done
cudaHostRegister 0x100000002000
1: KnownLocalCachedEmbedding init done
cudaHostRegister 0x100000002000
5: KnownLocalCachedEmbedding init done
cudaHostRegister 0x100000002000
2: KnownLocalCachedEmbedding init done
cudaHostRegister 0x100000002000
6: KnownLocalCachedEmbedding init done
cudaHostRegister 0x100000002000
7: KnownLocalCachedEmbedding init done
W20240220 16:12:13.670643 23408 IPCTensor.h:369] NewIPCTensor: cached_sampler_r4_0 [1000000]0x1000c9d1b000 7.629 MB
W20240220 16:12:13.670871 23408 IPCTensor.h:369] NewIPCTensor: cached_sampler_r4_1 [1000000]0x1000ca4be000 7.629 MB
W20240220 16:12:13.670930 23408 IPCTensor.h:369] NewIPCTensor: cached_sampler_r4_2 [1000000]0x1000cac61000 7.629 MB
W20240220 16:12:13.671001 23408 IPCTensor.h:369] NewIPCTensor: cached_sampler_r4_3 [1000000]0x1000cb404000 7.629 MB
W20240220 16:12:13.671054 23408 IPCTensor.h:369] NewIPCTensor: cached_sampler_r4_4 [1000000]0x1000cbba7000 7.629 MB
W20240220 16:12:13.671103 23408 IPCTensor.h:369] NewIPCTensor: cached_sampler_r4_5 [1000000]0x1000cc34a000 7.629 MB
W20240220 16:12:13.671154 23408 IPCTensor.h:369] NewIPCTensor: cached_sampler_r4_6 [1000000]0x1000ccaed000 7.629 MB
W20240220 16:12:13.671214 23408 IPCTensor.h:369] NewIPCTensor: cached_sampler_r4_7 [1000000]0x1000cd290000 7.629 MB
W20240220 16:12:13.671283 23408 IPCTensor.h:369] NewIPCTensor: cached_sampler_r4_8 [1000000]0x1000cda33000 7.629 MB
W20240220 16:12:13.671351 23408 IPCTensor.h:369] NewIPCTensor: cached_sampler_r4_9 [1000000]0x1000ce1d6000 7.629 MB
W20240220 16:12:13.671413 23408 IPCTensor.h:369] NewIPCTensor: step_r4 [10]0x1000ce979000 80 B 
W20240220 16:12:13.671463 23408 IPCTensor.h:369] NewIPCTensor: circle_buffer_end_r4 [1]0x1000ce97b000 8 B 
W20240220 16:12:13.671514 23408 IPCTensor.h:369] NewIPCTensor: circle_buffer_end_cppseen_r4 [1]0x1000ce97d000 8 B 
Dataset:  /home/xieminhui/RecStoreDataset/avazu_binary
Dataset loaded
np.max =  9449205
np.min=  1
Construct RecModelSampler done
Construct KGCacheControllerWrapper done
E20240220 16:12:13.672336 23408 recstore.cc:67] init folly done
W20240220 16:12:13.672473 23409 IPCTensor.h:369] NewIPCTensor: cached_sampler_r5_0 [1000000]0x1000ce97f000 7.629 MB
W20240220 16:12:13.672659 23409 IPCTensor.h:369] NewIPCTensor: cached_sampler_r5_1 [1000000]0x1000cf122000 7.629 MB
W20240220 16:12:13.672719 23409 IPCTensor.h:369] NewIPCTensor: cached_sampler_r5_2 [1000000]0x1000cf8c5000 7.629 MB
W20240220 16:12:13.672797 23409 IPCTensor.h:369] NewIPCTensor: cached_sampler_r5_3 [1000000]0x1000d0068000 7.629 MB
W20240220 16:12:13.672843 23409 IPCTensor.h:369] NewIPCTensor: cached_sampler_r5_4 [1000000]0x1000d080b000 7.629 MB
W20240220 16:12:13.672896 23409 IPCTensor.h:369] NewIPCTensor: cached_sampler_r5_5 [1000000]0x1000d0fae000 7.629 MB
W20240220 16:12:13.672950 23409 IPCTensor.h:369] NewIPCTensor: cached_sampler_r5_6 [1000000]0x1000d1751000 7.629 MB
W20240220 16:12:13.673007 23409 IPCTensor.h:369] NewIPCTensor: cached_sampler_r5_7 [1000000]0x1000d1ef4000 7.629 MB
W20240220 16:12:13.673063 23409 IPCTensor.h:369] NewIPCTensor: cached_sampler_r5_8 [1000000]0x1000d2697000 7.629 MB
W20240220 16:12:13.673142 23409 IPCTensor.h:369] NewIPCTensor: cached_sampler_r5_9 [1000000]0x1000d2e3a000 7.629 MB
W20240220 16:12:13.673198 23409 IPCTensor.h:369] NewIPCTensor: step_r5 [10]0x1000d35dd000 80 B 
W20240220 16:12:13.673243 23409 IPCTensor.h:369] NewIPCTensor: circle_buffer_end_r5 [1]0x1000d35df000 8 B 
W20240220 16:12:13.673293 23409 IPCTensor.h:369] NewIPCTensor: circle_buffer_end_cppseen_r5 [1]0x1000d35e1000 8 B 
Dataset:  /home/xieminhui/RecStoreDataset/avazu_binary
Dataset loaded
np.max =  9449205
np.min=  1
Construct RecModelSampler done
Construct KGCacheControllerWrapper done
E20240220 16:12:13.673857 23409 recstore.cc:67] init folly done
W20240220 16:12:13.679212 23406 IPCTensor.h:369] NewIPCTensor: cached_sampler_r2_0 [1000000]0x1000d35e3000 7.629 MB
W20240220 16:12:13.679368 23406 IPCTensor.h:369] NewIPCTensor: cached_sampler_r2_1 [1000000]0x1000d3d86000 7.629 MB
W20240220 16:12:13.679431 23406 IPCTensor.h:369] NewIPCTensor: cached_sampler_r2_2 [1000000]0x1000d4529000 7.629 MB
W20240220 16:12:13.679508 23406 IPCTensor.h:369] NewIPCTensor: cached_sampler_r2_3 [1000000]0x1000d4ccc000 7.629 MB
W20240220 16:12:13.679554 23406 IPCTensor.h:369] NewIPCTensor: cached_sampler_r2_4 [1000000]0x1000d546f000 7.629 MB
W20240220 16:12:13.679602 23406 IPCTensor.h:369] NewIPCTensor: cached_sampler_r2_5 [1000000]0x1000d5c12000 7.629 MB
W20240220 16:12:13.679659 23406 IPCTensor.h:369] NewIPCTensor: cached_sampler_r2_6 [1000000]0x1000d63b5000 7.629 MB
W20240220 16:12:13.679723 23406 IPCTensor.h:369] NewIPCTensor: cached_sampler_r2_7 [1000000]0x1000d6b58000 7.629 MB
W20240220 16:12:13.679780 23406 IPCTensor.h:369] NewIPCTensor: cached_sampler_r2_8 [1000000]0x1000d72fb000 7.629 MB
W20240220 16:12:13.679847 23406 IPCTensor.h:369] NewIPCTensor: cached_sampler_r2_9 [1000000]0x1000d7a9e000 7.629 MB
W20240220 16:12:13.679906 23406 IPCTensor.h:369] NewIPCTensor: step_r2 [10]0x1000d8241000 80 B 
W20240220 16:12:13.679955 23406 IPCTensor.h:369] NewIPCTensor: circle_buffer_end_r2 [1]0x1000d8243000 8 B 
W20240220 16:12:13.680011 23406 IPCTensor.h:369] NewIPCTensor: circle_buffer_end_cppseen_r2 [1]0x1000d8245000 8 B 
Dataset:  /home/xieminhui/RecStoreDataset/avazu_binary
Dataset loaded
np.max =  9449205
np.min=  1
Construct RecModelSampler done
Construct KGCacheControllerWrapper done
E20240220 16:12:13.680541 23406 recstore.cc:67] init folly done
W20240220 16:12:13.691326 23407 IPCTensor.h:369] NewIPCTensor: cached_sampler_r3_0 [1000000]0x1000d8247000 7.629 MB
W20240220 16:12:13.691489 23407 IPCTensor.h:369] NewIPCTensor: cached_sampler_r3_1 [1000000]0x1000d89ea000 7.629 MB
W20240220 16:12:13.691550 23407 IPCTensor.h:369] NewIPCTensor: cached_sampler_r3_2 [1000000]0x1000d918d000 7.629 MB
W20240220 16:12:13.691620 23407 IPCTensor.h:369] NewIPCTensor: cached_sampler_r3_3 [1000000]0x1000d9930000 7.629 MB
W20240220 16:12:13.691674 23407 IPCTensor.h:369] NewIPCTensor: cached_sampler_r3_4 [1000000]0x1000da0d3000 7.629 MB
W20240220 16:12:13.691730 23407 IPCTensor.h:369] NewIPCTensor: cached_sampler_r3_5 [1000000]0x1000da876000 7.629 MB
W20240220 16:12:13.691797 23407 IPCTensor.h:369] NewIPCTensor: cached_sampler_r3_6 [1000000]0x1000db019000 7.629 MB
W20240220 16:12:13.691859 23407 IPCTensor.h:369] NewIPCTensor: cached_sampler_r3_7 [1000000]0x1000db7bc000 7.629 MB
W20240220 16:12:13.691923 23407 IPCTensor.h:369] NewIPCTensor: cached_sampler_r3_8 [1000000]0x1000dbf5f000 7.629 MB
W20240220 16:12:13.691996 23407 IPCTensor.h:369] NewIPCTensor: cached_sampler_r3_9 [1000000]0x1000dc702000 7.629 MB
W20240220 16:12:13.692059 23407 IPCTensor.h:369] NewIPCTensor: step_r3 [10]0x1000dcea5000 80 B 
W20240220 16:12:13.692107 23407 IPCTensor.h:369] NewIPCTensor: circle_buffer_end_r3 [1]0x1000dcea7000 8 B 
W20240220 16:12:13.692160 23407 IPCTensor.h:369] NewIPCTensor: circle_buffer_end_cppseen_r3 [1]0x1000dcea9000 8 B 
Dataset:  /home/xieminhui/RecStoreDataset/avazu_binary
Dataset loaded
np.max =  9449205
np.min=  1
Construct RecModelSampler done
Construct KGCacheControllerWrapper done
E20240220 16:12:13.692780 23407 recstore.cc:67] init folly done
W20240220 16:12:13.696187 23411 IPCTensor.h:369] NewIPCTensor: cached_sampler_r7_0 [1000000]0x1000dceab000 7.629 MB
W20240220 16:12:13.696369 23411 IPCTensor.h:369] NewIPCTensor: cached_sampler_r7_1 [1000000]0x1000dd64e000 7.629 MB
W20240220 16:12:13.696429 23411 IPCTensor.h:369] NewIPCTensor: cached_sampler_r7_2 [1000000]0x1000dddf1000 7.629 MB
W20240220 16:12:13.696502 23411 IPCTensor.h:369] NewIPCTensor: cached_sampler_r7_3 [1000000]0x1000de594000 7.629 MB
W20240220 16:12:13.696547 23411 IPCTensor.h:369] NewIPCTensor: cached_sampler_r7_4 [1000000]0x1000ded37000 7.629 MB
W20240220 16:12:13.696601 23411 IPCTensor.h:369] NewIPCTensor: cached_sampler_r7_5 [1000000]0x1000df4da000 7.629 MB
W20240220 16:12:13.696652 23411 IPCTensor.h:369] NewIPCTensor: cached_sampler_r7_6 [1000000]0x1000dfc7d000 7.629 MB
W20240220 16:12:13.696708 23411 IPCTensor.h:369] NewIPCTensor: cached_sampler_r7_7 [1000000]0x1000e0420000 7.629 MB
W20240220 16:12:13.696772 23411 IPCTensor.h:369] NewIPCTensor: cached_sampler_r7_8 [1000000]0x1000e0bc3000 7.629 MB
W20240220 16:12:13.696848 23411 IPCTensor.h:369] NewIPCTensor: cached_sampler_r7_9 [1000000]0x1000e1366000 7.629 MB
W20240220 16:12:13.696899 23411 IPCTensor.h:369] NewIPCTensor: step_r7 [10]0x1000e1b09000 80 B 
W20240220 16:12:13.696942 23411 IPCTensor.h:369] NewIPCTensor: circle_buffer_end_r7 [1]0x1000e1b0b000 8 B 
W20240220 16:12:13.696955 23410 IPCTensor.h:369] NewIPCTensor: cached_sampler_r6_0 [1000000]0x1000e1b0d000 7.629 MB
W20240220 16:12:13.697003 23411 IPCTensor.h:369] NewIPCTensor: circle_buffer_end_cppseen_r7 [1]0x1000e22b0000 8 B 
W20240220 16:12:13.697113 23410 IPCTensor.h:369] NewIPCTensor: cached_sampler_r6_1 [1000000]0x1000e22b2000 7.629 MB
W20240220 16:12:13.697166 23410 IPCTensor.h:369] NewIPCTensor: cached_sampler_r6_2 [1000000]0x1000e2a55000 7.629 MB
Dataset:  /home/xieminhui/RecStoreDataset/avazu_binary
Dataset loaded
np.max =  9449205
np.min=  1
Construct RecModelSampler done
W20240220 16:12:13.697230 23410 IPCTensor.h:369] NewIPCTensor: cached_sampler_r6_3 [1000000]0x1000e31f8000 7.629 MB
Construct KGCacheControllerWrapper done
W20240220 16:12:13.697270 23410 IPCTensor.h:369] NewIPCTensor: cached_sampler_r6_4 [1000000]0x1000e399b000 7.629 MB
W20240220 16:12:13.697309 23410 IPCTensor.h:369] NewIPCTensor: cached_sampler_r6_5 [1000000]0x1000e413e000 7.629 MB
W20240220 16:12:13.697352 23410 IPCTensor.h:369] NewIPCTensor: cached_sampler_r6_6 [1000000]0x1000e48e1000 7.629 MB
W20240220 16:12:13.697402 23410 IPCTensor.h:369] NewIPCTensor: cached_sampler_r6_7 [1000000]0x1000e5084000 7.629 MB
W20240220 16:12:13.697448 23410 IPCTensor.h:369] NewIPCTensor: cached_sampler_r6_8 [1000000]0x1000e5827000 7.629 MB
W20240220 16:12:13.697510 23410 IPCTensor.h:369] NewIPCTensor: cached_sampler_r6_9 [1000000]0x1000e5fca000 7.629 MB
W20240220 16:12:13.697553 23410 IPCTensor.h:369] NewIPCTensor: step_r6 [10]0x1000e676d000 80 B 
W20240220 16:12:13.697590 23410 IPCTensor.h:369] NewIPCTensor: circle_buffer_end_r6 [1]0x1000e676f000 8 B 
W20240220 16:12:13.697649 23410 IPCTensor.h:369] NewIPCTensor: circle_buffer_end_cppseen_r6 [1]0x1000e6771000 8 B 
E20240220 16:12:13.697671 23411 recstore.cc:67] init folly done
Dataset:  /home/xieminhui/RecStoreDataset/avazu_binary
Dataset loaded
np.max =  9449205
np.min=  1
Construct RecModelSampler done
Construct KGCacheControllerWrapper done
E20240220 16:12:13.698218 23410 recstore.cc:67] init folly done
W20240220 16:12:13.740674 23040 IPCTensor.h:369] NewIPCTensor: cached_sampler_r0_0 [1000000]0x1000e6773000 7.629 MB
W20240220 16:12:13.740888 23040 IPCTensor.h:369] NewIPCTensor: cached_sampler_r0_1 [1000000]0x1000e6f16000 7.629 MB
W20240220 16:12:13.740944 23040 IPCTensor.h:369] NewIPCTensor: cached_sampler_r0_2 [1000000]0x1000e76b9000 7.629 MB
W20240220 16:12:13.740993 23040 IPCTensor.h:369] NewIPCTensor: cached_sampler_r0_3 [1000000]0x1000e7e5c000 7.629 MB
W20240220 16:12:13.741029 23040 IPCTensor.h:369] NewIPCTensor: cached_sampler_r0_4 [1000000]0x1000e85ff000 7.629 MB
W20240220 16:12:13.741067 23040 IPCTensor.h:369] NewIPCTensor: cached_sampler_r0_5 [1000000]0x1000e8da2000 7.629 MB
W20240220 16:12:13.741109 23040 IPCTensor.h:369] NewIPCTensor: cached_sampler_r0_6 [1000000]0x1000e9545000 7.629 MB
W20240220 16:12:13.741190 23040 IPCTensor.h:369] NewIPCTensor: cached_sampler_r0_7 [1000000]0x1000e9ce8000 7.629 MB
W20240220 16:12:13.741225 23040 IPCTensor.h:369] NewIPCTensor: cached_sampler_r0_8 [1000000]0x1000ea48b000 7.629 MB
W20240220 16:12:13.741256 23040 IPCTensor.h:369] NewIPCTensor: cached_sampler_r0_9 [1000000]0x1000eac2e000 7.629 MB
W20240220 16:12:13.741304 23040 IPCTensor.h:369] NewIPCTensor: step_r0 [10]0x1000eb3d1000 80 B 
W20240220 16:12:13.741339 23040 IPCTensor.h:369] NewIPCTensor: circle_buffer_end_r0 [1]0x1000eb3d3000 8 B 
W20240220 16:12:13.741386 23040 IPCTensor.h:369] NewIPCTensor: circle_buffer_end_cppseen_r0 [1]0x1000eb3d5000 8 B 
Dataset:  /home/xieminhui/RecStoreDataset/avazu_binary
Dataset loaded
np.max =  9449205
np.min=  1
Construct RecModelSampler done
Construct KGCacheControllerWrapper done
E20240220 16:12:13.742178 23040 recstore.cc:67] init folly done
W20240220 16:12:13.763098 23405 IPCTensor.h:369] NewIPCTensor: cached_sampler_r1_0 [1000000]0x1000eb3d7000 7.629 MB
W20240220 16:12:13.763269 23405 IPCTensor.h:369] NewIPCTensor: cached_sampler_r1_1 [1000000]0x1000ebb7a000 7.629 MB
W20240220 16:12:13.763321 23405 IPCTensor.h:369] NewIPCTensor: cached_sampler_r1_2 [1000000]0x1000ec31d000 7.629 MB
W20240220 16:12:13.763389 23405 IPCTensor.h:369] NewIPCTensor: cached_sampler_r1_3 [1000000]0x1000ecac0000 7.629 MB
W20240220 16:12:13.763432 23405 IPCTensor.h:369] NewIPCTensor: cached_sampler_r1_4 [1000000]0x1000ed263000 7.629 MB
W20240220 16:12:13.763471 23405 IPCTensor.h:369] NewIPCTensor: cached_sampler_r1_5 [1000000]0x1000eda06000 7.629 MB
W20240220 16:12:13.763513 23405 IPCTensor.h:369] NewIPCTensor: cached_sampler_r1_6 [1000000]0x1000ee1a9000 7.629 MB
W20240220 16:12:13.763564 23405 IPCTensor.h:369] NewIPCTensor: cached_sampler_r1_7 [1000000]0x1000ee94c000 7.629 MB
W20240220 16:12:13.763615 23405 IPCTensor.h:369] NewIPCTensor: cached_sampler_r1_8 [1000000]0x1000ef0ef000 7.629 MB
W20240220 16:12:13.763675 23405 IPCTensor.h:369] NewIPCTensor: cached_sampler_r1_9 [1000000]0x1000ef892000 7.629 MB
W20240220 16:12:13.763717 23405 IPCTensor.h:369] NewIPCTensor: step_r1 [10]0x1000f0035000 80 B 
W20240220 16:12:13.763756 23405 IPCTensor.h:369] NewIPCTensor: circle_buffer_end_r1 [1]0x1000f0037000 8 B 
W20240220 16:12:13.763792 23405 IPCTensor.h:369] NewIPCTensor: circle_buffer_end_cppseen_r1 [1]0x1000f0039000 8 B 
Dataset:  /home/xieminhui/RecStoreDataset/avazu_binary
Dataset loaded
np.max =  9449205
np.min=  1
Construct RecModelSampler done
Construct KGCacheControllerWrapper done
E20240220 16:12:13.764370 23405 recstore.cc:67] init folly done
Before Training
Before Training
Before Training
Before Training
I20240220 16:12:14.995347 23411 IPC_barrier.h:118] CreateBarrier: new barrier, name: start_barrier, count: 8
I20240220 16:12:14.995378 23410 IPC_barrier.h:112] CreateBarrier: find existing barrier, name: start_barrier, count: 8
Before Training
Before Training
Before Training
I20240220 16:12:14.995412 23407 IPC_barrier.h:112] CreateBarrier: find existing barrier, name: start_barrier, count: 8
I20240220 16:12:14.995445 23408 IPC_barrier.h:112] CreateBarrier: find existing barrier, name: start_barrier, count: 8
I20240220 16:12:14.995466 23409 IPC_barrier.h:112] CreateBarrier: find existing barrier, name: start_barrier, count: 8
Before Training
I20240220 16:12:14.995488 23406 IPC_barrier.h:112] CreateBarrier: find existing barrier, name: start_barrier, count: 8
I20240220 16:12:14.995512 23405 IPC_barrier.h:112] CreateBarrier: find existing barrier, name: start_barrier, count: 8
I20240220 16:12:14.995620 23040 IPC_barrier.h:112] CreateBarrier: find existing barrier, name: start_barrier, count: 8
========== Step 0 ========== 
+---------------------------+---------------------------+---------------------------+
| Name                      | P50                       | P99                       |
+---------------------------+---------------------------+---------------------------+
| GenInput:CircleBuffer     | 215.335 us                | 215.335 us                |
| GenInput                  | 1.796 ms                  | 1.796 ms                  |
| bucket keys               | 67.141 ms                 | 67.141 ms                 |
| forward: software         | 1.018 ms                  | 1.018 ms                  |
| forward: join             | 83.041 ms                 | 83.041 ms                 |
| NN                        | 170.155 ms                | 170.155 ms                |
| Forward                   | 450.064 ms                | 450.064 ms                |
| back: bucket keys         | 40.725 ms                 | 40.725 ms                 |
+---------------------------+---------------------------+---------------------------+
+---------------------------+---------------------------+---------------------------+
| Name                      | P50                       | P99                       |
+---------------------------+---------------------------+---------------------------+
| GenInput:CircleBuffer     | 215.335 us                | 215.335 us                |
| GenInput                  | 1.796 ms                  | 1.796 ms                  |
| bucket keys               | 67.141 ms                 | 67.141 ms                 |
| forward: software         | 1.018 ms                  | 1.018 ms                  |
| forward: join             | 83.041 ms                 | 83.041 ms                 |
| NN                        | 170.155 ms                | 170.155 ms                |
| Forward                   | 450.064 ms                | 450.064 ms                |
| back: bucket keys         | 40.725 ms                 | 40.725 ms                 |
| back: a2a                 | 7.203 s                   | 7.203 s                   |
| back: cache               | 142.593 ms                | 142.593 ms                |
+---------------------------+---------------------------+---------------------------+
========== Step 1 ========== 
INFO [23040 distributed.py:1140] Reducer buckets have been rebuilt in this iteration.
INFO [23405 distributed.py:1140] Reducer buckets have been rebuilt in this iteration.
INFO [23406 distributed.py:1140] Reducer buckets have been rebuilt in this iteration.
INFO [23407 distributed.py:1140] Reducer buckets have been rebuilt in this iteration.
INFO [23409 distributed.py:1140] Reducer buckets have been rebuilt in this iteration.
INFO [23408 distributed.py:1140] Reducer buckets have been rebuilt in this iteration.
INFO [23411 distributed.py:1140] Reducer buckets have been rebuilt in this iteration.
INFO [23410 distributed.py:1140] Reducer buckets have been rebuilt in this iteration.
========== Step 2 ========== 
========== Step 3 ========== 
========== Step 4 ========== 
========== Step 5 ========== 
========== Step 6 ========== 
========== Step 7 ========== 
========== Step 8 ========== 
========== Step 9 ========== 
========== Step 10 ========== 
========== Step 11 ========== 
========== Step 12 ========== 
========== Step 13 ========== 
========== Step 14 ========== 
========== Step 15 ========== 
========== Step 16 ========== 
========== Step 17 ========== 
========== Step 18 ========== 
========== Step 19 ========== 
========== Step 20 ========== 
========== Step 21 ========== 
========== Step 22 ========== 
========== Step 23 ========== 
+---------------------------+---------------------------+---------------------------+
| Name                      | P50                       | P99                       |
+---------------------------+---------------------------+---------------------------+
| GenInput:CircleBuffer     | 166.891 us                | 215.335 us                |
| GenInput                  | 583.647 us                | 11.554 ms                 |
| bucket keys               | 560.760 us                | 67.141 ms                 |
| forward: software         | 494.242 us                | 69.436 ms                 |
| forward: join             | 2.358 ms                  | 112.287 ms                |
| NN                        | 1.610 ms                  | 170.155 ms                |
| Forward                   | 40.532 ms                 | 450.064 ms                |
| back: bucket keys         | 30.924 ms                 | 84.814 ms                 |
| back: a2a                 | 17.395 ms                 | 7.203 s                   |
| back: cache               | 53.421 ms                 | 155.770 ms                |
| back: aggr dram keys      | 8.184 ms                  | 998.006 ms                |
| back: set dram grad       | 815.153 us                | 1.407 ms                  |
| Backward                  | 140.286 ms                | 8.465 s                   |
| Optimize                  | 16.958 ms                 | 129.373 ms                |
| OneStep                   | 211.645 ms                | 9.050 s                   |
+---------------------------+---------------------------+---------------------------+
========== Step 24 ========== 
========== Step 25 ========== 
========== Step 26 ========== 
========== Step 27 ========== 
========== Step 28 ========== 
========== Step 29 ========== 
========== Step 30 ========== 
========== Step 31 ========== 
========== Step 32 ========== 
========== Step 33 ========== 
========== Step 34 ========== 
========== Step 35 ========== 
========== Step 36 ========== 
========== Step 37 ========== 
========== Step 38 ========== 
========== Step 39 ========== 
========== Step 40 ========== 
========== Step 41 ========== 
========== Step 42 ========== 
========== Step 43 ========== 
========== Step 44 ========== 
========== Step 45 ========== 
+---------------------------+---------------------------+---------------------------+
| Name                      | P50                       | P99                       |
+---------------------------+---------------------------+---------------------------+
| GenInput:CircleBuffer     | 164.394 us                | 215.335 us                |
| GenInput                  | 583.647 us                | 11.554 ms                 |
| bucket keys               | 580.549 us                | 67.141 ms                 |
| forward: software         | 498.295 us                | 69.436 ms                 |
| forward: join             | 17.898 ms                 | 117.945 ms                |
| NN                        | 1.479 ms                  | 170.155 ms                |
| Forward                   | 66.655 ms                 | 450.064 ms                |
| back: bucket keys         | 27.657 ms                 | 84.814 ms                 |
| back: a2a                 | 17.395 ms                 | 7.203 s                   |
| back: cache               | 61.533 ms                 | 155.770 ms                |
| back: aggr dram keys      | 8.184 ms                  | 998.006 ms                |
| back: set dram grad       | 813.961 us                | 1.407 ms                  |
| Backward                  | 135.515 ms                | 8.465 s                   |
| Optimize                  | 17.410 ms                 | 129.373 ms                |
| OneStep                   | 222.851 ms                | 9.050 s                   |
+---------------------------+---------------------------+---------------------------+
========== Step 46 ========== 
========== Step 47 ========== 
========== Step 48 ========== 
========== Step 49 ========== 
========== Step 50 ========== 
========== Step 51 ========== 
========== Step 52 ========== 
========== Step 53 ========== 
========== Step 54 ========== 
========== Step 55 ========== 
========== Step 56 ========== 
========== Step 57 ========== 
========== Step 58 ========== 
========== Step 59 ========== 
========== Step 60 ========== 
========== Step 61 ========== 
========== Step 62 ========== 
========== Step 63 ========== 
========== Step 64 ========== 
========== Step 65 ========== 
========== Step 66 ========== 
========== Step 67 ========== 
========== Step 68 ========== 
+---------------------------+---------------------------+---------------------------+
| Name                      | P50                       | P99                       |
+---------------------------+---------------------------+---------------------------+
| GenInput:CircleBuffer     | 164.390 us                | 215.335 us                |
| GenInput                  | 596.304 us                | 5.971 ms                  |
| bucket keys               | 592.470 us                | 1.140 ms                  |
| forward: software         | 494.242 us                | 62.349 ms                 |
| forward: join             | 18.216 ms                 | 113.685 ms                |
| NN                        | 1.335 ms                  | 101.442 ms                |
| Forward                   | 65.575 ms                 | 120.944 ms                |
| back: bucket keys         | 17.630 ms                 | 85.751 ms                 |
| back: a2a                 | 17.395 ms                 | 53.115 ms                 |
| back: cache               | 59.641 ms                 | 142.593 ms                |
| back: aggr dram keys      | 8.445 ms                  | 47.922 ms                 |
| back: set dram grad       | 817.299 us                | 1.292 ms                  |
| Backward                  | 131.749 ms                | 244.855 ms                |
| Optimize                  | 17.237 ms                 | 35.434 ms                 |
| OneStep                   | 219.537 ms                | 292.937 ms                |
+---------------------------+---------------------------+---------------------------+
========== Step 69 ========== 
========== Step 70 ========== 
========== Step 71 ========== 
========== Step 72 ========== 
========== Step 73 ========== 
========== Step 74 ========== 
========== Step 75 ========== 
========== Step 76 ========== 
========== Step 77 ========== 
========== Step 78 ========== 
========== Step 79 ========== 
========== Step 80 ========== 
========== Step 81 ========== 
========== Step 82 ========== 
========== Step 83 ========== 
========== Step 84 ========== 
========== Step 85 ========== 
========== Step 86 ========== 
========== Step 87 ========== 
========== Step 88 ========== 
========== Step 89 ========== 
========== Step 90 ========== 
+---------------------------+---------------------------+---------------------------+
| Name                      | P50                       | P99                       |
+---------------------------+---------------------------+---------------------------+
| GenInput:CircleBuffer     | 166.891 us                | 228.853 us                |
| GenInput                  | 599.895 us                | 6.199 ms                  |
| bucket keys               | 611.305 us                | 1.140 ms                  |
| forward: software         | 504.255 us                | 62.349 ms                 |
| forward: join             | 34.349 ms                 | 113.685 ms                |
| NN                        | 1.310 ms                  | 101.442 ms                |
| Forward                   | 66.655 ms                 | 120.944 ms                |
| back: bucket keys         | 18.458 ms                 | 85.751 ms                 |
| back: a2a                 | 20.275 ms                 | 53.115 ms                 |
| back: cache               | 61.297 ms                 | 142.593 ms                |
| back: aggr dram keys      | 8.711 ms                  | 47.922 ms                 |
| back: set dram grad       | 817.537 us                | 1.292 ms                  |
| Backward                  | 132.057 ms                | 244.855 ms                |
| Optimize                  | 17.351 ms                 | 35.434 ms                 |
| OneStep                   | 222.655 ms                | 293.729 ms                |
+---------------------------+---------------------------+---------------------------+
========== Step 91 ========== 
========== Step 92 ========== 
========== Step 93 ========== 
========== Step 94 ========== 
========== Step 95 ========== 
========== Step 96 ========== 
========== Step 97 ========== 
========== Step 98 ========== 
========== Step 99 ========== 
Step99:rank1, time: 38.566, per_step: 0.385662
Step99:rank3, time: 38.566, per_step: 0.385663
Step99:rank2, time: 38.566, per_step: 0.385663
Step99:rank5, time: 38.567, per_step: 0.385666
Step99:rank0, time: 38.568, per_step: 0.385684
Step99:rank4, time: 38.568, per_step: 0.385684
Step99:rank7, time: 38.570, per_step: 0.385695
Step99:rank6, time: 38.570, per_step: 0.385695
+---------------------------+---------------------------+---------------------------+
| Name                      | P50                       | P99                       |
+---------------------------+---------------------------+---------------------------+
| GenInput:CircleBuffer     | 164.817 us                | 228.853 us                |
| GenInput                  | 612.512 us                | 6.199 ms                  |
| bucket keys               | 678.778 us                | 1.140 ms                  |
| forward: software         | 508.547 us                | 62.349 ms                 |
| forward: join             | 38.599 ms                 | 113.685 ms                |
| NN                        | 1.303 ms                  | 101.442 ms                |
| Forward                   | 66.655 ms                 | 120.944 ms                |
| back: bucket keys         | 17.775 ms                 | 89.138 ms                 |
| back: a2a                 | 19.915 ms                 | 53.583 ms                 |
| back: cache               | 59.641 ms                 | 142.593 ms                |
| back: aggr dram keys      | 8.711 ms                  | 47.922 ms                 |
| back: set dram grad       | 817.537 us                | 1.292 ms                  |
| Backward                  | 132.057 ms                | 244.855 ms                |
| Optimize                  | 17.466 ms                 | 35.434 ms                 |
| OneStep                   | 222.655 ms                | 293.729 ms                |
+---------------------------+---------------------------+---------------------------+
========== Step 100 ========== 
========== Step 101 ========== 
========== Step 102 ========== 
========== Step 103 ========== 
========== Step 104 ========== 
========== Step 105 ========== 
========== Step 106 ========== 
========== Step 107 ========== 
========== Step 108 ========== 
========== Step 109 ========== 
========== Step 110 ========== 
========== Step 111 ========== 
========== Step 112 ========== 
========== Step 113 ========== 
========== Step 114 ========== 
+---------------------------+---------------------------+---------------------------+
| Name                      | P50                       | P99                       |
+---------------------------+---------------------------+---------------------------+
| GenInput:CircleBuffer     | 166.891 us                | 258.292 us                |
| GenInput                  | 599.895 us                | 6.199 ms                  |
| bucket keys               | 682.354 us                | 1.263 ms                  |
| forward: software         | 516.653 us                | 62.349 ms                 |
| forward: join             | 48.164 ms                 | 113.685 ms                |
| NN                        | 1.310 ms                  | 101.442 ms                |
| Forward                   | 68.429 ms                 | 120.944 ms                |
| back: bucket keys         | 12.642 ms                 | 89.138 ms                 |
| back: a2a                 | 19.915 ms                 | 53.583 ms                 |
| back: cache               | 59.596 ms                 | 142.593 ms                |
| back: aggr dram keys      | 8.184 ms                  | 47.922 ms                 |
| back: set dram grad       | 812.769 us                | 1.292 ms                  |
| Backward                  | 130.866 ms                | 244.855 ms                |
| Optimize                  | 17.410 ms                 | 35.434 ms                 |
| OneStep                   | 219.233 ms                | 295.618 ms                |
+---------------------------+---------------------------+---------------------------+
========== Step 115 ========== 
========== Step 116 ========== 
========== Step 117 ========== 
========== Step 118 ========== 
