WARNING: Logging before InitGoogleLogging() is written to STDERR
I20240205 20:06:03.710191 43986 IPC_barrier.h:128] MultiProcessBarrierFactory->ClearIPCMemory()
/data/home/xieminhui/RecStore/src/framework_adapters/torch/kg/dgl-0.9.1/python/dgl/_deprecate/graph.py:1023: DGLWarning: multigraph will be deprecated.DGL will treat all graphs as multigraph in the future.
  dgl_warning("multigraph will be deprecated." \
/data/home/xieminhui/RecStore/src/framework_adapters/torch/kg/dgl-0.9.1/python/dgl/heterograph.py:72: DGLWarning: Recommend creating graphs by `dgl.graph(data)` instead of `dgl.DGLGraph(data)`.
  dgl_warning('Recommend creating graphs by `dgl.graph(data)`'
Reading train triples....
Finished. Read 483142 train triples.
Reading valid triples....
Finished. Read 50000 valid triples.
Reading test triples....
Finished. Read 59071 test triples.
ARGS:  Namespace(model_name='TransE', data_path='/home/xieminhui/dgl-data', dataset='FB15k', format='built_in', data_files=None, delimiter='\t', save_path='/tmp/ckpts/TransE_FB15k_146', no_save_emb=True, max_step=500, batch_size=2000, batch_size_eval=16, neg_sample_size=200, neg_deg_sample=False, neg_deg_sample_eval=False, neg_sample_size_eval=14951, eval_percent=1, no_eval_filter=False, log_interval=100, eval_interval=10000, test=False, num_proc=5, num_thread=1, force_sync_interval=1, hidden_dim=400, lr=0.01, gamma=16.0, double_ent=False, double_rel=False, neg_adversarial_sampling=False, adversarial_temperature=1.0, regularization_coef=0.0, regularization_norm=3, pairwise=False, loss_genre='Logsigmoid', margin=1.0, nr_gpus=5, gpu=[0, 1, 2, 3, 4], mix_cpu_gpu=True, valid=False, rel_part=False, async_update=None, has_edge_importance=False, cached_emb_type='KnownLocalCachedEmbedding', use_my_emb=True, cache_ratio=0.05, shuffle=False, backwardMode='CppAsync', L=10, nr_background_threads=32, update_cache_use_omp=0, update_pq_use_omp=0, kForwardItersPerStep=2, backgrad_init='both', eval_filter=True, soft_rel_part=False)
|Train|: 483142
original graph:  DGLGraph(num_nodes=14951, num_edges=592213,
         ndata_schemes={}
         edata_schemes={'tid': Scheme(shape=(), dtype=torch.int64)})
Loading cached metis
WARNING [43986 sampler.py:454] Start PreSampling
WARNING [43986 sampler.py:532] Before construct renumbering_dict
WARNING [43986 sampler.py:555] PreSampling done
W20240205 20:06:08.139083 43986 IPCTensor.h:369] NewIPCTensor: cached_sampler_r0_0 [1000000]0x100000002000 7.629 MB
W20240205 20:06:08.139374 43986 IPCTensor.h:369] NewIPCTensor: cached_sampler_r0_1 [1000000]0x1000007a5000 7.629 MB
W20240205 20:06:08.139420 43986 IPCTensor.h:369] NewIPCTensor: cached_sampler_r0_2 [1000000]0x100000f48000 7.629 MB
W20240205 20:06:08.139456 43986 IPCTensor.h:369] NewIPCTensor: cached_sampler_r0_3 [1000000]0x1000016eb000 7.629 MB
W20240205 20:06:08.139497 43986 IPCTensor.h:369] NewIPCTensor: cached_sampler_r0_4 [1000000]0x100001e8e000 7.629 MB
W20240205 20:06:08.139535 43986 IPCTensor.h:369] NewIPCTensor: cached_sampler_r0_5 [1000000]0x100002631000 7.629 MB
W20240205 20:06:08.139560 43986 IPCTensor.h:369] NewIPCTensor: cached_sampler_r0_6 [1000000]0x100002dd4000 7.629 MB
W20240205 20:06:08.139603 43986 IPCTensor.h:369] NewIPCTensor: cached_sampler_r0_7 [1000000]0x100003577000 7.629 MB
W20240205 20:06:08.139629 43986 IPCTensor.h:369] NewIPCTensor: cached_sampler_r0_8 [1000000]0x100003d1a000 7.629 MB
W20240205 20:06:08.139654 43986 IPCTensor.h:369] NewIPCTensor: cached_sampler_r0_9 [1000000]0x1000044bd000 7.629 MB
W20240205 20:06:08.139717 43986 IPCTensor.h:369] NewIPCTensor: step_r0 [10]0x100004c60000 80 B 
W20240205 20:06:08.139763 43986 IPCTensor.h:369] NewIPCTensor: circle_buffer_end_r0 [1]0x100004c62000 8 B 
W20240205 20:06:08.139789 43986 IPCTensor.h:369] NewIPCTensor: circle_buffer_end_cppseen_r0 [1]0x100004c64000 8 B 
W20240205 20:06:08.139891 43986 IPCTensor.h:369] NewIPCTensor: cached_sampler_r1_0 [1000000]0x100004c66000 7.629 MB
W20240205 20:06:08.139973 43986 IPCTensor.h:369] NewIPCTensor: cached_sampler_r1_1 [1000000]0x100005409000 7.629 MB
W20240205 20:06:08.140005 43986 IPCTensor.h:369] NewIPCTensor: cached_sampler_r1_2 [1000000]0x100005bac000 7.629 MB
W20240205 20:06:08.140044 43986 IPCTensor.h:369] NewIPCTensor: cached_sampler_r1_3 [1000000]0x10000634f000 7.629 MB
W20240205 20:06:08.140077 43986 IPCTensor.h:369] NewIPCTensor: cached_sampler_r1_4 [1000000]0x100006af2000 7.629 MB
W20240205 20:06:08.140102 43986 IPCTensor.h:369] NewIPCTensor: cached_sampler_r1_5 [1000000]0x100007295000 7.629 MB
W20240205 20:06:08.140139 43986 IPCTensor.h:369] NewIPCTensor: cached_sampler_r1_6 [1000000]0x100007a38000 7.629 MB
W20240205 20:06:08.140185 43986 IPCTensor.h:369] NewIPCTensor: cached_sampler_r1_7 [1000000]0x1000081db000 7.629 MB
W20240205 20:06:08.140210 43986 IPCTensor.h:369] NewIPCTensor: cached_sampler_r1_8 [1000000]0x10000897e000 7.629 MB
W20240205 20:06:08.140242 43986 IPCTensor.h:369] NewIPCTensor: cached_sampler_r1_9 [1000000]0x100009121000 7.629 MB
W20240205 20:06:08.140267 43986 IPCTensor.h:369] NewIPCTensor: step_r1 [10]0x1000098c4000 80 B 
W20240205 20:06:08.140288 43986 IPCTensor.h:369] NewIPCTensor: circle_buffer_end_r1 [1]0x1000098c6000 8 B 
W20240205 20:06:08.140316 43986 IPCTensor.h:369] NewIPCTensor: circle_buffer_end_cppseen_r1 [1]0x1000098c8000 8 B 
W20240205 20:06:08.140372 43986 IPCTensor.h:369] NewIPCTensor: cached_sampler_r2_0 [1000000]0x1000098ca000 7.629 MB
W20240205 20:06:08.140408 43986 IPCTensor.h:369] NewIPCTensor: cached_sampler_r2_1 [1000000]0x10000a06d000 7.629 MB
W20240205 20:06:08.140435 43986 IPCTensor.h:369] NewIPCTensor: cached_sampler_r2_2 [1000000]0x10000a810000 7.629 MB
W20240205 20:06:08.140468 43986 IPCTensor.h:369] NewIPCTensor: cached_sampler_r2_3 [1000000]0x10000afb3000 7.629 MB
W20240205 20:06:08.140496 43986 IPCTensor.h:369] NewIPCTensor: cached_sampler_r2_4 [1000000]0x10000b756000 7.629 MB
W20240205 20:06:08.140520 43986 IPCTensor.h:369] NewIPCTensor: cached_sampler_r2_5 [1000000]0x10000bef9000 7.629 MB
W20240205 20:06:08.140558 43986 IPCTensor.h:369] NewIPCTensor: cached_sampler_r2_6 [1000000]0x10000c69c000 7.629 MB
W20240205 20:06:08.140600 43986 IPCTensor.h:369] NewIPCTensor: cached_sampler_r2_7 [1000000]0x10000ce3f000 7.629 MB
W20240205 20:06:08.140635 43986 IPCTensor.h:369] NewIPCTensor: cached_sampler_r2_8 [1000000]0x10000d5e2000 7.629 MB
W20240205 20:06:08.140666 43986 IPCTensor.h:369] NewIPCTensor: cached_sampler_r2_9 [1000000]0x10000dd85000 7.629 MB
W20240205 20:06:08.140691 43986 IPCTensor.h:369] NewIPCTensor: step_r2 [10]0x10000e528000 80 B 
W20240205 20:06:08.140712 43986 IPCTensor.h:369] NewIPCTensor: circle_buffer_end_r2 [1]0x10000e52a000 8 B 
W20240205 20:06:08.140733 43986 IPCTensor.h:369] NewIPCTensor: circle_buffer_end_cppseen_r2 [1]0x10000e52c000 8 B 
W20240205 20:06:08.140797 43986 IPCTensor.h:369] NewIPCTensor: cached_sampler_r3_0 [1000000]0x10000e52e000 7.629 MB
W20240205 20:06:08.140825 43986 IPCTensor.h:369] NewIPCTensor: cached_sampler_r3_1 [1000000]0x10000ecd1000 7.629 MB
W20240205 20:06:08.140854 43986 IPCTensor.h:369] NewIPCTensor: cached_sampler_r3_2 [1000000]0x10000f474000 7.629 MB
W20240205 20:06:08.140884 43986 IPCTensor.h:369] NewIPCTensor: cached_sampler_r3_3 [1000000]0x10000fc17000 7.629 MB
W20240205 20:06:08.140909 43986 IPCTensor.h:369] NewIPCTensor: cached_sampler_r3_4 [1000000]0x1000103ba000 7.629 MB
W20240205 20:06:08.140961 43986 IPCTensor.h:369] NewIPCTensor: cached_sampler_r3_5 [1000000]0x100010b5d000 7.629 MB
W20240205 20:06:08.140986 43986 IPCTensor.h:369] NewIPCTensor: cached_sampler_r3_6 [1000000]0x100011300000 7.629 MB
W20240205 20:06:08.141026 43986 IPCTensor.h:369] NewIPCTensor: cached_sampler_r3_7 [1000000]0x100011aa3000 7.629 MB
W20240205 20:06:08.141050 43986 IPCTensor.h:369] NewIPCTensor: cached_sampler_r3_8 [1000000]0x100012246000 7.629 MB
W20240205 20:06:08.141089 43986 IPCTensor.h:369] NewIPCTensor: cached_sampler_r3_9 [1000000]0x1000129e9000 7.629 MB
W20240205 20:06:08.141113 43986 IPCTensor.h:369] NewIPCTensor: step_r3 [10]0x10001318c000 80 B 
W20240205 20:06:08.141134 43986 IPCTensor.h:369] NewIPCTensor: circle_buffer_end_r3 [1]0x10001318e000 8 B 
W20240205 20:06:08.141155 43986 IPCTensor.h:369] NewIPCTensor: circle_buffer_end_cppseen_r3 [1]0x100013190000 8 B 
W20240205 20:06:08.141212 43986 IPCTensor.h:369] NewIPCTensor: cached_sampler_r4_0 [1000000]0x100013192000 7.629 MB
W20240205 20:06:08.141256 43986 IPCTensor.h:369] NewIPCTensor: cached_sampler_r4_1 [1000000]0x100013935000 7.629 MB
W20240205 20:06:08.141294 43986 IPCTensor.h:369] NewIPCTensor: cached_sampler_r4_2 [1000000]0x1000140d8000 7.629 MB
W20240205 20:06:08.141319 43986 IPCTensor.h:369] NewIPCTensor: cached_sampler_r4_3 [1000000]0x10001487b000 7.629 MB
W20240205 20:06:08.141359 43986 IPCTensor.h:369] NewIPCTensor: cached_sampler_r4_4 [1000000]0x10001501e000 7.629 MB
W20240205 20:06:08.141398 43986 IPCTensor.h:369] NewIPCTensor: cached_sampler_r4_5 [1000000]0x1000157c1000 7.629 MB
W20240205 20:06:08.141428 43986 IPCTensor.h:369] NewIPCTensor: cached_sampler_r4_6 [1000000]0x100015f64000 7.629 MB
W20240205 20:06:08.141458 43986 IPCTensor.h:369] NewIPCTensor: cached_sampler_r4_7 [1000000]0x100016707000 7.629 MB
W20240205 20:06:08.141487 43986 IPCTensor.h:369] NewIPCTensor: cached_sampler_r4_8 [1000000]0x100016eaa000 7.629 MB
W20240205 20:06:08.141525 43986 IPCTensor.h:369] NewIPCTensor: cached_sampler_r4_9 [1000000]0x10001764d000 7.629 MB
W20240205 20:06:08.141549 43986 IPCTensor.h:369] NewIPCTensor: step_r4 [10]0x100017df0000 80 B 
W20240205 20:06:08.141571 43986 IPCTensor.h:369] NewIPCTensor: circle_buffer_end_r4 [1]0x100017df2000 8 B 
W20240205 20:06:08.141594 43986 IPCTensor.h:369] NewIPCTensor: circle_buffer_end_cppseen_r4 [1]0x100017df4000 8 B 
W20240205 20:06:08.431802 43986 IPCTensor.h:369] NewIPCTensor: full_emb [14951, 400]0x100017df6000 22.81 MB
W20240205 20:06:08.523869 43986 IPCTensor.h:369] NewIPCTensor: full_emb_SparseRowWiseAdaGrad_sum [14951]0x1000194c8000 58.4 kB
{0: Graph(num_nodes=10222, num_edges=137205,
      ndata_schemes={'_ID': Scheme(shape=(), dtype=torch.int64), 'inner_node': Scheme(shape=(), dtype=torch.int32), 'part_id': Scheme(shape=(), dtype=torch.int64)}
      edata_schemes={'_ID': Scheme(shape=(), dtype=torch.int64), 'inner_edge': Scheme(shape=(), dtype=torch.int8)}), 1: Graph(num_nodes=7861, num_edges=113516,
      ndata_schemes={'_ID': Scheme(shape=(), dtype=torch.int64), 'inner_node': Scheme(shape=(), dtype=torch.int32), 'part_id': Scheme(shape=(), dtype=torch.int64)}
      edata_schemes={'_ID': Scheme(shape=(), dtype=torch.int64), 'inner_edge': Scheme(shape=(), dtype=torch.int8)}), 2: Graph(num_nodes=10587, num_edges=145765,
      ndata_schemes={'_ID': Scheme(shape=(), dtype=torch.int64), 'inner_node': Scheme(shape=(), dtype=torch.int32), 'part_id': Scheme(shape=(), dtype=torch.int64)}
      edata_schemes={'_ID': Scheme(shape=(), dtype=torch.int64), 'inner_edge': Scheme(shape=(), dtype=torch.int8)}), 3: Graph(num_nodes=9264, num_edges=181068,
      ndata_schemes={'_ID': Scheme(shape=(), dtype=torch.int64), 'inner_node': Scheme(shape=(), dtype=torch.int32), 'part_id': Scheme(shape=(), dtype=torch.int64)}
      edata_schemes={'_ID': Scheme(shape=(), dtype=torch.int64), 'inner_edge': Scheme(shape=(), dtype=torch.int8)}), 4: Graph(num_nodes=10248, num_edges=191956,
      ndata_schemes={'_ID': Scheme(shape=(), dtype=torch.int64), 'inner_node': Scheme(shape=(), dtype=torch.int32), 'part_id': Scheme(shape=(), dtype=torch.int64)}
      edata_schemes={'_ID': Scheme(shape=(), dtype=torch.int64), 'inner_edge': Scheme(shape=(), dtype=torch.int8)})}
MertisPartition: part 0 has 10222 N 137205 E
MertisPartition: part 1 has 7861 N 113516 E
MertisPartition: part 2 has 10587 N 145765 E
MertisPartition: part 3 has 9264 N 181068 E
MertisPartition: part 4 has 10248 N 191956 E
Rank0: cached key size 149
Rank1: cached key size 149
Rank2: cached key size 149
Rank3: cached key size 149
Rank4: cached key size 149
Before renumbering graph:  {'_ID': tensor([    7,    16,    18,  ..., 13890,  3788,  5916]), 'inner_node': tensor([1, 1, 1,  ..., 0, 0, 0], dtype=torch.int32), 'part_id': tensor([0, 0, 0,  ..., 1, 4, 2])}
After renumbering graph:  {'_ID': tensor([  997,  1319,  1375,  ..., 12745,  2452, 12288]), 'inner_node': tensor([1, 1, 1,  ..., 0, 0, 0], dtype=torch.int32), 'part_id': tensor([0, 0, 0,  ..., 1, 4, 2])}
part_g: DGLGraph(num_nodes=10222, num_edges=137205,
         ndata_schemes={'_ID': Scheme(shape=(), dtype=torch.int64)}
         edata_schemes={'tid': Scheme(shape=(), dtype=torch.int64)})
part_g: DGLGraph(num_nodes=10222, num_edges=137205,
         ndata_schemes={'_ID': Scheme(shape=(), dtype=torch.int64)}
         edata_schemes={'tid': Scheme(shape=(), dtype=torch.int64)})
Total initialize time 4.914 seconds
[Rank1] pid = 44189
[Rank2] pid = 44226
[Rank3] pid = 44317
INFO [43986 distributed_c10d.py:442] Added key: store_based_barrier_key:1 to store for rank: 0
INFO [44189 distributed_c10d.py:442] Added key: store_based_barrier_key:1 to store for rank: 1
INFO [44226 distributed_c10d.py:442] Added key: store_based_barrier_key:1 to store for rank: 2
INFO [44318 distributed_c10d.py:442] Added key: store_based_barrier_key:1 to store for rank: 4
INFO [44317 distributed_c10d.py:442] Added key: store_based_barrier_key:1 to store for rank: 3
INFO [43986 distributed_c10d.py:476] Rank 0: Completed store-based barrier for key:store_based_barrier_key:1 with 5 nodes.
INFO [44189 distributed_c10d.py:476] Rank 1: Completed store-based barrier for key:store_based_barrier_key:1 with 5 nodes.
INFO [44226 distributed_c10d.py:476] Rank 2: Completed store-based barrier for key:store_based_barrier_key:1 with 5 nodes.
INFO [44317 distributed_c10d.py:476] Rank 3: Completed store-based barrier for key:store_based_barrier_key:1 with 5 nodes.
INFO [44318 distributed_c10d.py:476] Rank 4: Completed store-based barrier for key:store_based_barrier_key:1 with 5 nodes.
W20240205 20:06:09.708582 44319 IPCTensor.h:409] NewIPCGPUTensor: embedding_cache_0 [747, 400]; dev=0; size=1.14 MB
W20240205 20:06:09.709363 44413 IPCTensor.h:409] NewIPCGPUTensor: embedding_cache_4 [747, 400]; dev=4; size=1.14 MB
W20240205 20:06:09.709393 44254 IPCTensor.h:409] NewIPCGPUTensor: embedding_cache_2 [747, 400]; dev=2; size=1.14 MB
W20240205 20:06:09.709398 44190 IPCTensor.h:409] NewIPCGPUTensor: embedding_cache_1 [747, 400]; dev=1; size=1.14 MB
W20240205 20:06:09.709407 44384 IPCTensor.h:409] NewIPCGPUTensor: embedding_cache_3 [747, 400]; dev=3; size=1.14 MB
W20240205 20:06:09.737824 44319 IPCTensor.h:369] NewIPCTensor: input_keys_0 [1000000]0x1000194de000 7.629 MB
W20240205 20:06:09.737835 44384 IPCTensor.h:369] NewIPCTensor: input_keys_3 [1000000]0x100019c81000 7.629 MB
W20240205 20:06:09.737840 44413 IPCTensor.h:369] NewIPCTensor: input_keys_4 [1000000]0x10001a424000 7.629 MB
W20240205 20:06:09.738170 44413 IPCTensor.h:369] NewIPCTensor: input_keys_neg_4 [1000000]0x10001abc9000 7.629 MB
W20240205 20:06:09.738256 44413 IPCTensor.h:369] NewIPCTensor: backward_grads_4 [1000000, 400]0x10001b36c000 1.49 GB
W20240205 20:06:09.738296 44319 IPCTensor.h:369] NewIPCTensor: input_keys_neg_0 [1000000]0x10007b0f4000 7.629 MB
W20240205 20:06:09.738296 44254 IPCTensor.h:369] NewIPCTensor: input_keys_2 [1000000]0x10007a951000 7.629 MB
W20240205 20:06:09.738334 44413 IPCTensor.h:369] NewIPCTensor: backward_grads_neg_4 [1000000, 400]0x10007b897000 1.49 GB
W20240205 20:06:09.738343 44384 IPCTensor.h:369] NewIPCTensor: input_keys_neg_3 [1000000]0x1000dae7a000 7.629 MB
W20240205 20:06:09.738371 44319 IPCTensor.h:369] NewIPCTensor: backward_grads_0 [1000000, 400]0x1000db61d000 1.49 GB
W20240205 20:06:09.738400 44413 IPCTensor.h:409] NewIPCGPUTensor: backward_grads_4_gpu [1000000, 400]; dev=4; size=1.49 GB
W20240205 20:06:09.738430 44384 IPCTensor.h:369] NewIPCTensor: backward_grads_3 [1000000, 400]0x10013ac00000 1.49 GB
W20240205 20:06:09.738435 44319 IPCTensor.h:369] NewIPCTensor: backward_grads_neg_0 [1000000, 400]0x10019a1e3000 1.49 GB
W20240205 20:06:09.738487 44319 IPCTensor.h:409] NewIPCGPUTensor: backward_grads_0_gpu [1000000, 400]; dev=0; size=1.49 GB
W20240205 20:06:09.738500 44384 IPCTensor.h:369] NewIPCTensor: backward_grads_neg_3 [1000000, 400]0x1001f97c6000 1.49 GB
W20240205 20:06:09.738507 44254 IPCTensor.h:369] NewIPCTensor: input_keys_neg_2 [1000000]0x100258da9000 7.629 MB
W20240205 20:06:09.738533 44190 IPCTensor.h:369] NewIPCTensor: input_keys_1 [1000000]0x10025954c000 7.629 MB
W20240205 20:06:09.738567 44384 IPCTensor.h:409] NewIPCGPUTensor: backward_grads_3_gpu [1000000, 400]; dev=3; size=1.49 GB
W20240205 20:06:09.738602 44254 IPCTensor.h:369] NewIPCTensor: backward_grads_2 [1000000, 400]0x100259cef000 1.49 GB
W20240205 20:06:09.738662 44254 IPCTensor.h:369] NewIPCTensor: backward_grads_neg_2 [1000000, 400]0x1002b92d2000 1.49 GB
W20240205 20:06:09.738711 44254 IPCTensor.h:409] NewIPCGPUTensor: backward_grads_2_gpu [1000000, 400]; dev=2; size=1.49 GB
W20240205 20:06:09.738732 44190 IPCTensor.h:369] NewIPCTensor: input_keys_neg_1 [1000000]0x1003188b5000 7.629 MB
W20240205 20:06:09.738812 44190 IPCTensor.h:369] NewIPCTensor: backward_grads_1 [1000000, 400]0x100319058000 1.49 GB
W20240205 20:06:09.738888 44190 IPCTensor.h:369] NewIPCTensor: backward_grads_neg_1 [1000000, 400]0x10037863b000 1.49 GB
W20240205 20:06:09.738942 44190 IPCTensor.h:409] NewIPCGPUTensor: backward_grads_1_gpu [1000000, 400]; dev=1; size=1.49 GB
W20240205 20:06:09.745759 44319 IPCTensor.h:409] NewIPCGPUTensor: backward_grads_neg_0_gpu [1000000, 400]; dev=0; size=1.49 GB
W20240205 20:06:09.745784 44384 IPCTensor.h:409] NewIPCGPUTensor: backward_grads_neg_3_gpu [1000000, 400]; dev=3; size=1.49 GB
W20240205 20:06:09.745805 44413 IPCTensor.h:409] NewIPCGPUTensor: backward_grads_neg_4_gpu [1000000, 400]; dev=4; size=1.49 GB
W20240205 20:06:09.747256 44254 IPCTensor.h:409] NewIPCGPUTensor: backward_grads_neg_2_gpu [1000000, 400]; dev=2; size=1.49 GB
W20240205 20:06:09.753525 44190 IPCTensor.h:409] NewIPCGPUTensor: backward_grads_neg_1_gpu [1000000, 400]; dev=1; size=1.49 GB
cudaHostRegister 0x100017df6000
4: KnownLocalCachedEmbedding init done
WARNING [44318 DistTensor.py:59] The tensor name already exists in the kvstore
cudaHostRegister 0x100017df6000
2: KnownLocalCachedEmbedding init done
WARNING [44226 DistTensor.py:59] The tensor name already exists in the kvstore
cudaHostRegister 0x100017df6000
1: KnownLocalCachedEmbedding init done
WARNING [44189 DistTensor.py:59] The tensor name already exists in the kvstore
cudaHostRegister 0x100017df6000
3: KnownLocalCachedEmbedding init done
WARNING [44317 DistTensor.py:59] The tensor name already exists in the kvstore
[Rank4] pid = 44318
New CachedEmbedding, name=full_emb, shape=(14951, 400), cache_type=KnownLocalCachedEmbedding
fixed cache_range is [(0, 747), (747, 1494), (1494, 2241), (2241, 2988), (2988, 3735)]
cudaHostRegister 0x100017df6000
0: KnownLocalCachedEmbedding init done
WARNING [43986 DistTensor.py:59] The tensor name already exists in the kvstore
I20240205 20:06:11.496325 44319 IPC_barrier.h:118] CreateBarrier: new barrier, name: kgcachecontroller, count: 5
I20240205 20:06:11.496628 44413 IPC_barrier.h:112] CreateBarrier: find existing barrier, name: kgcachecontroller, count: 5
I20240205 20:06:11.496824 44254 IPC_barrier.h:112] CreateBarrier: find existing barrier, name: kgcachecontroller, count: 5
I20240205 20:06:11.496918 44190 IPC_barrier.h:112] CreateBarrier: find existing barrier, name: kgcachecontroller, count: 5
I20240205 20:06:11.497237 44384 IPC_barrier.h:112] CreateBarrier: find existing barrier, name: kgcachecontroller, count: 5
W20240205 20:06:11.501087 44319 grad_base.h:55] KGCacheController, config={
        "num_gpus": 5,
        "L": 10,
        "backgrad_init": "both", 
        "kForwardItersPerStep": 2,
        "clr": 0.01,
        "nr_background_threads": 32,
        "backwardMode": "CppAsync",
        "cache_ratio": 0.05,
        "update_cache_use_omp":  0,
        "update_pq_use_omp":  0
        }
W20240205 20:06:11.501399 44319 grad_base.h:184] Init GradProcessingBase done
I20240205 20:06:11.508230 44319 grad_async_v1.h:203] Use main thread to update emb.
W20240205 20:06:11.508316 44319 kg_controller.h:75] after init GradAsyncProcessing
I20240205 20:06:11.508340 44319 kg_controller.h:84] Construct KGCacheController done
E20240205 20:06:13.057358 44413 recstore.cc:66] init folly done
E20240205 20:06:13.057368 44254 recstore.cc:66] init folly done
E20240205 20:06:13.058449 44319 recstore.cc:66] init folly done
E20240205 20:06:13.058511 44384 recstore.cc:66] init folly done
E20240205 20:06:13.058740 44190 recstore.cc:66] init folly done
I20240205 20:06:13.060067 44319 grad_base.h:60] GraphEnv RegTensorsPerProcess
I20240205 20:06:13.589324 44319 IPC_barrier.h:118] CreateBarrier: new barrier, name: start_barrier, count: 5
I20240205 20:06:13.594280 44190 IPC_barrier.h:112] CreateBarrier: find existing barrier, name: start_barrier, count: 5
I20240205 20:06:13.596367 44384 IPC_barrier.h:112] CreateBarrier: find existing barrier, name: start_barrier, count: 5
I20240205 20:06:13.600450 44254 IPC_barrier.h:112] CreateBarrier: find existing barrier, name: start_barrier, count: 5
I20240205 20:06:13.603327 44413 IPC_barrier.h:112] CreateBarrier: find existing barrier, name: start_barrier, count: 5
W20240205 20:06:15.382397 44319 grad_async_v1.h:429] Sleep in <BlockToStepN>, step_no=1, pq.top=1
E20240205 20:06:15.498175 44584 grad_async_v1.h:533] Stalled in ProcessBackward: rank=1, step_no=1, sample_step_cpp_seen_[rank]=0
+---------------------------+---------------------------+---------------------------+
| Name                      | P50                       | P99                       |
+---------------------------+---------------------------+---------------------------+
| GenInput                  | 1.273 ms                  | 29.213 ms                 |
| Forward                   | 5.455 ms                  | 624.836 ms                |
| Backward                  | 9.492 ms                  | 201.864 ms                |
| Optimize                  | 2.597 ms                  | 7.232 ms                  |
| BarrierTimeBeforeRank0    | 98.741 us                 | 4.470 ms                  |
| AfterBackward             | 19.276 ms                 | 944.840 ms                |
| BlockToStepN              | 6.171 ms                  | 75.782 ms                 |
| OneStep                   | 52.262 ms                 | 1.856 s                   |
+---------------------------+---------------------------+---------------------------+
W20240205 20:06:16.874014 44319 grad_async_v1.h:429] Sleep in <BlockToStepN>, step_no=16, pq.top=16
W20240205 20:06:17.873006 44319 grad_async_v1.h:429] Sleep in <BlockToStepN>, step_no=22, pq.top=22
+---------------------------+---------------------------+---------------------------+
| Name                      | P50                       | P99                       |
+---------------------------+---------------------------+---------------------------+
| ProcessBack:Shuffle       | 3.788 ms                  | 281.750 ms                |
| ProcessBack:UpdateCache   | 4.078 ms                  | 528.932 ms                |
| ProcessBack:UpsertPq      | 10.030 ms                 | 27.614 ms                 |
| ProcessOneStep            | 19.245 ms                 | 944.302 ms                |
| BlockToStepN              | 15.060 ms                 | 168.290 ms                |
+---------------------------+---------------------------+---------------------------+
W20240205 20:06:18.896780 44319 grad_async_v1.h:429] Sleep in <BlockToStepN>, step_no=28, pq.top=28
W20240205 20:06:19.928550 44319 grad_async_v1.h:429] Sleep in <BlockToStepN>, step_no=34, pq.top=34
W20240205 20:06:20.928006 44319 grad_async_v1.h:429] Sleep in <BlockToStepN>, step_no=39, pq.top=39
+---------------------------+---------------------------+---------------------------+
| Name                      | P50                       | P99                       |
+---------------------------+---------------------------+---------------------------+
| GenInput                  | 1.481 ms                  | 29.213 ms                 |
| Forward                   | 5.533 ms                  | 624.836 ms                |
| Backward                  | 9.327 ms                  | 201.864 ms                |
| Optimize                  | 2.500 ms                  | 7.432 ms                  |
| BarrierTimeBeforeRank0    | 187.396 us                | 11.054 ms                 |
| AfterBackward             | 20.134 ms                 | 944.840 ms                |
| BlockToStepN              | 115.295 ms                | 168.340 ms                |
| OneStep                   | 170.552 ms                | 1.856 s                   |
+---------------------------+---------------------------+---------------------------+
W20240205 20:06:21.928010 44319 grad_async_v1.h:429] Sleep in <BlockToStepN>, step_no=44, pq.top=44
W20240205 20:06:22.928017 44319 grad_async_v1.h:429] Sleep in <BlockToStepN>, step_no=50, pq.top=50
+---------------------------+---------------------------+---------------------------+
| Name                      | P50                       | P99                       |
+---------------------------+---------------------------+---------------------------+
| ProcessBack:Shuffle       | 3.898 ms                  | 249.123 ms                |
| ProcessBack:UpdateCache   | 4.178 ms                  | 527.941 ms                |
| ProcessBack:UpsertPq      | 10.640 ms                 | 27.293 ms                 |
| ProcessOneStep            | 19.498 ms                 | 944.302 ms                |
| BlockToStepN              | 122.413 ms                | 168.290 ms                |
+---------------------------+---------------------------+---------------------------+
W20240205 20:06:23.938915 44319 grad_async_v1.h:429] Sleep in <BlockToStepN>, step_no=55, pq.top=55
W20240205 20:06:24.968711 44319 grad_async_v1.h:429] Sleep in <BlockToStepN>, step_no=60, pq.top=60
W20240205 20:06:26.004736 44319 grad_async_v1.h:429] Sleep in <BlockToStepN>, step_no=65, pq.top=65
+---------------------------+---------------------------+---------------------------+
| Name                      | P50                       | P99                       |
+---------------------------+---------------------------+---------------------------+
| GenInput                  | 1.379 ms                  | 28.951 ms                 |
| Forward                   | 5.612 ms                  | 12.186 ms                 |
| Backward                  | 9.415 ms                  | 12.287 ms                 |
| Optimize                  | 2.488 ms                  | 7.232 ms                  |
| BarrierTimeBeforeRank0    | 78.590 us                 | 8.787 ms                  |
| AfterBackward             | 19.892 ms                 | 560.158 ms                |
| BlockToStepN              | 133.055 ms                | 186.115 ms                |
| OneStep                   | 178.675 ms                | 589.195 ms                |
+---------------------------+---------------------------+---------------------------+
W20240205 20:06:27.004010 44319 grad_async_v1.h:429] Sleep in <BlockToStepN>, step_no=69, pq.top=69
W20240205 20:06:28.004015 44319 grad_async_v1.h:429] Sleep in <BlockToStepN>, step_no=74, pq.top=74
+---------------------------+---------------------------+---------------------------+
| Name                      | P50                       | P99                       |
+---------------------------+---------------------------+---------------------------+
| ProcessBack:Shuffle       | 3.896 ms                  | 249.123 ms                |
| ProcessBack:UpdateCache   | 4.138 ms                  | 527.941 ms                |
| ProcessBack:UpsertPq      | 10.635 ms                 | 27.293 ms                 |
| ProcessOneStep            | 19.498 ms                 | 560.038 ms                |
| BlockToStepN              | 136.542 ms                | 186.057 ms                |
+---------------------------+---------------------------+---------------------------+
W20240205 20:06:29.026670 44319 grad_async_v1.h:429] Sleep in <BlockToStepN>, step_no=81, pq.top=81
W20240205 20:06:30.040314 44319 grad_async_v1.h:429] Sleep in <BlockToStepN>, step_no=86, pq.top=86
W20240205 20:06:31.040019 44319 grad_async_v1.h:429] Sleep in <BlockToStepN>, step_no=90, pq.top=90
+---------------------------+---------------------------+---------------------------+
| Name                      | P50                       | P99                       |
+---------------------------+---------------------------+---------------------------+
| GenInput                  | 1.331 ms                  | 28.951 ms                 |
| Forward                   | 5.620 ms                  | 12.186 ms                 |
| Backward                  | 9.572 ms                  | 12.287 ms                 |
| Optimize                  | 2.488 ms                  | 7.232 ms                  |
| BarrierTimeBeforeRank0    | 41.719 us                 | 8.787 ms                  |
| AfterBackward             | 20.702 ms                 | 560.158 ms                |
| BlockToStepN              | 142.386 ms                | 186.115 ms                |
| OneStep                   | 192.587 ms                | 589.195 ms                |
+---------------------------+---------------------------+---------------------------+
W20240205 20:06:32.040007 44319 grad_async_v1.h:429] Sleep in <BlockToStepN>, step_no=95, pq.top=95
W20240205 20:06:33.040006 44319 grad_async_v1.h:429] Sleep in <BlockToStepN>, step_no=100, pq.top=100
+---------------------------+---------------------------+---------------------------+
| Name                      | P50                       | P99                       |
+---------------------------+---------------------------+---------------------------+
| ProcessBack:Shuffle       | 3.904 ms                  | 9.650 ms                  |
| ProcessBack:UpdateCache   | 4.238 ms                  | 9.130 ms                  |
| ProcessBack:UpsertPq      | 11.576 ms                 | 25.640 ms                 |
| ProcessOneStep            | 20.800 ms                 | 560.038 ms                |
| BlockToStepN              | 144.940 ms                | 186.057 ms                |
+---------------------------+---------------------------+---------------------------+
train_sampler.Prefill()
before start barrier
start train
[proc 3] 100 steps, total: 19.506, sample: 0.390, forward: 1.084, backward: 1.113, update: 0.256
train_sampler.Prefill()
before start barrier
start train
[proc 4] 100 steps, total: 19.499, sample: 0.429, forward: 1.062, backward: 0.993, update: 0.260
train_sampler.Prefill()
before start barrier
start train
[proc 2] 100 steps, total: 19.502, sample: 0.388, forward: 1.093, backward: 1.140, update: 0.248
train_sampler.Prefill()
before start barrier
start train
[proc 1] 100 steps, total: 19.508, sample: 0.367, forward: 1.088, backward: 1.066, update: 0.250
train_sampler.Prefill()
-------Step 0-------
tensor([ 8980,    61, 12801,  8189,    27,    62, 11383, 11215,  2542,  9240]) tensor([ 1375,  1992,    82,  4399,  4741, 11736,   451,  2390,  4235, 14672])
-------Step 1-------
tensor([ 8980,    61, 12801,  8189,    27,    62, 11383, 11215,  2542,  9240]) tensor([  203, 11581,  3824, 10048, 14063, 10231,  3106,  6443, 11468,  3490])
-------Step 2-------
tensor([  138,  8147, 10351, 11283,  6244, 13645, 14007,  8759,  4188,    52]) tensor([ 7348,  6551,  7765, 14335,  4915,  1014,  1868,   682,  8110,  1323])
-------Step 3-------
tensor([  138,  8147, 10351, 11283,  6244, 13645, 14007,  8759,  4188,    52]) tensor([14248,  2853,  8587,  8731, 14221,   378,  9515, 13746,   400,  2566])
-------Step 4-------
tensor([12101,  7933, 14222,  7148,  1564,  5051,  9538,  5653,  9033,  3013]) tensor([  463,  3333,   912,  8087,  7422,  9511, 10079, 12448,  6470,   489])
-------Step 5-------
tensor([12101,  7933, 14222,  7148,  1564,  5051,  9538,  5653,  9033,  3013]) tensor([ 8253, 13657,  5294,  9507,  3170,  1157,  4444,  3911,  5245, 10680])
-------Step 6-------
tensor([  956,   329,  7039,  2420,    87, 13540, 11283,   111,   767, 12601]) tensor([14508, 12997, 13972, 11716,  9659,  2024,  3718, 10604,  9605,  5459])
-------Step 7-------
tensor([  956,   329,  7039,  2420,    87, 13540, 11283,   111,   767, 12601]) tensor([ 6340, 10052,  2866, 11465,   238, 12752,  9018, 13489,  4428, 11157])
-------Step 8-------
tensor([10892, 12208,   801,  8864,  3067,   130, 14245,  8074,  3445,  4280]) tensor([ 1284,  1075,  6756,  7910,  5581, 14259,  7551, 13410, 14725,   909])
-------Step 9-------
tensor([10892, 12208,   801,  8864,  3067,   130, 14245,  8074,  3445,  4280]) tensor([ 5766,  2765,  9827,  6695, 13956,  8586,  5648, 14658,  8600,   667])
before start barrier
start train
[proc 0] 100 steps, total: 19.513, sample: 0.453, forward: 1.182, backward: 1.140, update: 0.268
W20240205 20:06:34.040019 44319 grad_async_v1.h:429] Sleep in <BlockToStepN>, step_no=104, pq.top=104
W20240205 20:06:35.040005 44319 grad_async_v1.h:429] Sleep in <BlockToStepN>, step_no=109, pq.top=109
W20240205 20:06:36.040005 44319 grad_async_v1.h:429] Sleep in <BlockToStepN>, step_no=113, pq.top=113
+---------------------------+---------------------------+---------------------------+
| Name                      | P50                       | P99                       |
+---------------------------+---------------------------+---------------------------+
| GenInput                  | 1.345 ms                  | 28.951 ms                 |
| Forward                   | 5.633 ms                  | 12.186 ms                 |
| Backward                  | 9.608 ms                  | 12.287 ms                 |
| Optimize                  | 2.444 ms                  | 7.232 ms                  |
| BarrierTimeBeforeRank0    | 39.282 us                 | 8.787 ms                  |
| AfterBackward             | 21.137 ms                 | 560.158 ms                |
| BlockToStepN              | 150.996 ms                | 225.886 ms                |
| OneStep                   | 196.271 ms                | 589.195 ms                |
+---------------------------+---------------------------+---------------------------+
W20240205 20:06:37.040007 44319 grad_async_v1.h:429] Sleep in <BlockToStepN>, step_no=118, pq.top=118
W20240205 20:06:38.040010 44319 grad_async_v1.h:429] Sleep in <BlockToStepN>, step_no=122, pq.top=122
+---------------------------+---------------------------+---------------------------+
| Name                      | P50                       | P99                       |
+---------------------------+---------------------------+---------------------------+
| ProcessBack:Shuffle       | 3.897 ms                  | 9.650 ms                  |
| ProcessBack:UpdateCache   | 4.213 ms                  | 9.130 ms                  |
| ProcessBack:UpsertPq      | 12.010 ms                 | 25.640 ms                 |
| ProcessOneStep            | 21.372 ms                 | 560.038 ms                |
| BlockToStepN              | 153.565 ms                | 225.751 ms                |
+---------------------------+---------------------------+---------------------------+
W20240205 20:06:39.040011 44319 grad_async_v1.h:429] Sleep in <BlockToStepN>, step_no=126, pq.top=126
W20240205 20:06:40.040006 44319 grad_async_v1.h:429] Sleep in <BlockToStepN>, step_no=131, pq.top=131
W20240205 20:06:41.040012 44319 grad_async_v1.h:429] Sleep in <BlockToStepN>, step_no=135, pq.top=135
+---------------------------+---------------------------+---------------------------+
| Name                      | P50                       | P99                       |
+---------------------------+---------------------------+---------------------------+
| GenInput                  | 1.349 ms                  | 29.261 ms                 |
| Forward                   | 5.614 ms                  | 12.186 ms                 |
| Backward                  | 9.563 ms                  | 12.287 ms                 |
| Optimize                  | 2.460 ms                  | 7.232 ms                  |
| BarrierTimeBeforeRank0    | 42.384 us                 | 24.359 ms                 |
| AfterBackward             | 23.173 ms                 | 560.158 ms                |
| BlockToStepN              | 155.221 ms                | 225.886 ms                |
| OneStep                   | 201.132 ms                | 589.195 ms                |
+---------------------------+---------------------------+---------------------------+
W20240205 20:06:42.074793 44319 grad_async_v1.h:429] Sleep in <BlockToStepN>, step_no=140, pq.top=140
+---------------------------+---------------------------+---------------------------+
| Name                      | P50                       | P99                       |
+---------------------------+---------------------------+---------------------------+
| ProcessBack:Shuffle       | 3.924 ms                  | 8.353 ms                  |
| ProcessBack:UpdateCache   | 4.288 ms                  | 9.130 ms                  |
| ProcessBack:UpsertPq      | 13.509 ms                 | 26.989 ms                 |
| ProcessOneStep            | 23.701 ms                 | 560.038 ms                |
| BlockToStepN              | 156.682 ms                | 225.751 ms                |
+---------------------------+---------------------------+---------------------------+
W20240205 20:06:43.074007 44319 grad_async_v1.h:429] Sleep in <BlockToStepN>, step_no=144, pq.top=144
W20240205 20:06:44.074008 44319 grad_async_v1.h:429] Sleep in <BlockToStepN>, step_no=148, pq.top=148
W20240205 20:06:45.074015 44319 grad_async_v1.h:429] Sleep in <BlockToStepN>, step_no=153, pq.top=153
W20240205 20:06:46.074012 44319 grad_async_v1.h:429] Sleep in <BlockToStepN>, step_no=157, pq.top=157
+---------------------------+---------------------------+---------------------------+
| Name                      | P50                       | P99                       |
+---------------------------+---------------------------+---------------------------+
| GenInput                  | 1.390 ms                  | 29.261 ms                 |
| Forward                   | 5.614 ms                  | 12.186 ms                 |
| Backward                  | 9.516 ms                  | 11.663 ms                 |
| Optimize                  | 2.444 ms                  | 5.348 ms                  |
| BarrierTimeBeforeRank0    | 41.544 us                 | 24.359 ms                 |
| AfterBackward             | 24.067 ms                 | 90.223 ms                 |
| BlockToStepN              | 159.337 ms                | 225.886 ms                |
| OneStep                   | 203.853 ms                | 300.206 ms                |
+---------------------------+---------------------------+---------------------------+
W20240205 20:06:47.074007 44319 grad_async_v1.h:429] Sleep in <BlockToStepN>, step_no=161, pq.top=161
+---------------------------+---------------------------+---------------------------+
| Name                      | P50                       | P99                       |
+---------------------------+---------------------------+---------------------------+
| ProcessBack:Shuffle       | 3.937 ms                  | 8.353 ms                  |
| ProcessBack:UpdateCache   | 4.310 ms                  | 9.130 ms                  |
| ProcessBack:UpsertPq      | 13.830 ms                 | 26.989 ms                 |
| ProcessOneStep            | 24.115 ms                 | 90.161 ms                 |
| BlockToStepN              | 160.112 ms                | 225.751 ms                |
+---------------------------+---------------------------+---------------------------+
W20240205 20:06:48.074004 44319 grad_async_v1.h:429] Sleep in <BlockToStepN>, step_no=165, pq.top=165
W20240205 20:06:49.074012 44319 grad_async_v1.h:429] Sleep in <BlockToStepN>, step_no=169, pq.top=169
W20240205 20:06:50.074009 44319 grad_async_v1.h:429] Sleep in <BlockToStepN>, step_no=172, pq.top=172
W20240205 20:06:51.074005 44319 grad_async_v1.h:429] Sleep in <BlockToStepN>, step_no=176, pq.top=176
+---------------------------+---------------------------+---------------------------+
| Name                      | P50                       | P99                       |
+---------------------------+---------------------------+---------------------------+
| GenInput                  | 1.402 ms                  | 29.261 ms                 |
| Forward                   | 5.606 ms                  | 12.186 ms                 |
| Backward                  | 9.459 ms                  | 11.663 ms                 |
| Optimize                  | 2.425 ms                  | 5.348 ms                  |
| BarrierTimeBeforeRank0    | 39.697 us                 | 25.466 ms                 |
| AfterBackward             | 24.206 ms                 | 90.223 ms                 |
| BlockToStepN              | 161.768 ms                | 243.881 ms                |
| OneStep                   | 209.399 ms                | 300.206 ms                |
+---------------------------+---------------------------+---------------------------+
W20240205 20:06:52.074007 44319 grad_async_v1.h:429] Sleep in <BlockToStepN>, step_no=180, pq.top=180
+---------------------------+---------------------------+---------------------------+
| Name                      | P50                       | P99                       |
+---------------------------+---------------------------+---------------------------+
| ProcessBack:Shuffle       | 3.911 ms                  | 8.031 ms                  |
| ProcessBack:UpdateCache   | 4.380 ms                  | 8.752 ms                  |
| ProcessBack:UpsertPq      | 14.238 ms                 | 25.881 ms                 |
| ProcessOneStep            | 24.189 ms                 | 90.161 ms                 |
| BlockToStepN              | 163.209 ms                | 243.767 ms                |
+---------------------------+---------------------------+---------------------------+
W20240205 20:06:53.074012 44319 grad_async_v1.h:429] Sleep in <BlockToStepN>, step_no=184, pq.top=184
W20240205 20:06:54.075984 44319 grad_async_v1.h:429] Sleep in <BlockToStepN>, step_no=188, pq.top=188
W20240205 20:06:55.075006 44319 grad_async_v1.h:429] Sleep in <BlockToStepN>, step_no=191, pq.top=191
W20240205 20:06:56.075007 44319 grad_async_v1.h:429] Sleep in <BlockToStepN>, step_no=195, pq.top=195
+---------------------------+---------------------------+---------------------------+
| Name                      | P50                       | P99                       |
+---------------------------+---------------------------+---------------------------+
| GenInput                  | 1.412 ms                  | 29.261 ms                 |
| Forward                   | 5.592 ms                  | 12.186 ms                 |
| Backward                  | 9.445 ms                  | 11.663 ms                 |
| Optimize                  | 2.424 ms                  | 7.232 ms                  |
| BarrierTimeBeforeRank0    | 39.748 us                 | 25.514 ms                 |
| AfterBackward             | 24.417 ms                 | 90.223 ms                 |
| BlockToStepN              | 164.490 ms                | 250.079 ms                |
| OneStep                   | 213.612 ms                | 310.636 ms                |
+---------------------------+---------------------------+---------------------------+
W20240205 20:06:57.087992 44319 grad_async_v1.h:429] Sleep in <BlockToStepN>, step_no=199, pq.top=199
[proc 3] 200 steps, total: 24.471, sample: 0.412, forward: 0.509, backward: 0.752, update: 0.239
[proc 4] 200 steps, total: 24.471, sample: 0.438, forward: 0.425, backward: 0.894, update: 0.227
[proc 2] 200 steps, total: 24.471, sample: 0.437, forward: 0.500, backward: 0.950, update: 0.240
[proc 0] 200 steps, total: 24.470, sample: 0.507, forward: 0.555, backward: 0.913, update: 0.262
[proc 1] 200 steps, total: 24.471, sample: 0.427, forward: 0.488, backward: 0.701, update: 0.230
+---------------------------+---------------------------+---------------------------+
| Name                      | P50                       | P99                       |
+---------------------------+---------------------------+---------------------------+
| ProcessBack:Shuffle       | 3.908 ms                  | 8.031 ms                  |
| ProcessBack:UpdateCache   | 4.368 ms                  | 8.752 ms                  |
| ProcessBack:UpsertPq      | 14.378 ms                 | 25.881 ms                 |
| ProcessOneStep            | 24.285 ms                 | 90.161 ms                 |
| BlockToStepN              | 166.386 ms                | 250.013 ms                |
+---------------------------+---------------------------+---------------------------+
W20240205 20:06:58.123132 44319 grad_async_v1.h:429] Sleep in <BlockToStepN>, step_no=203, pq.top=203
W20240205 20:06:59.123006 44319 grad_async_v1.h:429] Sleep in <BlockToStepN>, step_no=206, pq.top=206
W20240205 20:07:00.123011 44319 grad_async_v1.h:429] Sleep in <BlockToStepN>, step_no=210, pq.top=210
W20240205 20:07:01.123013 44319 grad_async_v1.h:429] Sleep in <BlockToStepN>, step_no=214, pq.top=214
+---------------------------+---------------------------+---------------------------+
| Name                      | P50                       | P99                       |
+---------------------------+---------------------------+---------------------------+
| GenInput                  | 1.412 ms                  | 29.261 ms                 |
| Forward                   | 5.571 ms                  | 12.186 ms                 |
| Backward                  | 9.415 ms                  | 11.663 ms                 |
| Optimize                  | 2.423 ms                  | 7.232 ms                  |
| BarrierTimeBeforeRank0    | 39.697 us                 | 26.552 ms                 |
| AfterBackward             | 24.450 ms                 | 90.223 ms                 |
| BlockToStepN              | 168.340 ms                | 250.079 ms                |
| OneStep                   | 220.962 ms                | 310.636 ms                |
+---------------------------+---------------------------+---------------------------+
W20240205 20:07:02.123006 44319 grad_async_v1.h:429] Sleep in <BlockToStepN>, step_no=217, pq.top=217
+---------------------------+---------------------------+---------------------------+
| Name                      | P50                       | P99                       |
+---------------------------+---------------------------+---------------------------+
| ProcessBack:Shuffle       | 3.904 ms                  | 8.031 ms                  |
| ProcessBack:UpdateCache   | 4.390 ms                  | 8.752 ms                  |
| ProcessBack:UpsertPq      | 14.599 ms                 | 25.881 ms                 |
| ProcessOneStep            | 24.424 ms                 | 90.161 ms                 |
| BlockToStepN              | 168.873 ms                | 261.422 ms                |
+---------------------------+---------------------------+---------------------------+
W20240205 20:07:03.123005 44319 grad_async_v1.h:429] Sleep in <BlockToStepN>, step_no=221, pq.top=221
W20240205 20:07:04.123013 44319 grad_async_v1.h:429] Sleep in <BlockToStepN>, step_no=224, pq.top=224
W20240205 20:07:05.150130 44319 grad_async_v1.h:429] Sleep in <BlockToStepN>, step_no=228, pq.top=228
W20240205 20:07:06.150007 44319 grad_async_v1.h:429] Sleep in <BlockToStepN>, step_no=231, pq.top=231
+---------------------------+---------------------------+---------------------------+
| Name                      | P50                       | P99                       |
+---------------------------+---------------------------+---------------------------+
| GenInput                  | 1.416 ms                  | 29.261 ms                 |
| Forward                   | 5.571 ms                  | 12.186 ms                 |
| Backward                  | 9.411 ms                  | 11.663 ms                 |
| Optimize                  | 2.424 ms                  | 7.232 ms                  |
| BarrierTimeBeforeRank0    | 41.719 us                 | 26.707 ms                 |
| AfterBackward             | 24.412 ms                 | 90.223 ms                 |
| BlockToStepN              | 172.552 ms                | 266.417 ms                |
| OneStep                   | 224.016 ms                | 348.691 ms                |
+---------------------------+---------------------------+---------------------------+
W20240205 20:07:07.150005 44319 grad_async_v1.h:429] Sleep in <BlockToStepN>, step_no=235, pq.top=235
+---------------------------+---------------------------+---------------------------+
| Name                      | P50                       | P99                       |
+---------------------------+---------------------------+---------------------------+
| ProcessBack:Shuffle       | 3.898 ms                  | 7.693 ms                  |
| ProcessBack:UpdateCache   | 4.352 ms                  | 7.283 ms                  |
| ProcessBack:UpsertPq      | 14.532 ms                 | 25.640 ms                 |
| ProcessOneStep            | 24.375 ms                 | 90.161 ms                 |
| BlockToStepN              | 173.140 ms                | 266.350 ms                |
+---------------------------+---------------------------+---------------------------+
W20240205 20:07:08.150012 44319 grad_async_v1.h:429] Sleep in <BlockToStepN>, step_no=239, pq.top=239
W20240205 20:07:09.150005 44319 grad_async_v1.h:429] Sleep in <BlockToStepN>, step_no=243, pq.top=243
W20240205 20:07:10.150007 44319 grad_async_v1.h:429] Sleep in <BlockToStepN>, step_no=246, pq.top=246
