WARNING: Logging before InitGoogleLogging() is written to STDERR
I20240217 15:06:58.473313 11609 IPC_barrier.h:128] MultiProcessBarrierFactory->ClearIPCMemory()
W20240217 15:06:58.481877 11609 IPCTensor.h:369] NewIPCTensor: full_emb [10000000, 32]0x100000002000 1.192 GB
/data/home/xieminhui/RecStore/src/framework_adapters/torch/python/perf_emb.py:148: DeprecationWarning: The 'warn' function is deprecated, use 'warning' instead
  XLOG.warn("After init DistEmbedding")
WARNING [11609 perf_emb.py:148] After init DistEmbedding
========== Running Perf with routine <function routine_local_cache_helper at 0x7f6535c21b20>==========
Worker 1 pid=12078
Worker 2 pid=12079
Worker 3 pid=12080
Worker 4 pid=12081
Worker 5 pid=12082
Worker 6 pid=12083
INFO [11609 distributed_c10d.py:442] Added key: store_based_barrier_key:1 to store for rank: 0
INFO [12078 distributed_c10d.py:442] Added key: store_based_barrier_key:1 to store for rank: 1
INFO [12079 distributed_c10d.py:442] Added key: store_based_barrier_key:1 to store for rank: 2
INFO [12080 distributed_c10d.py:442] Added key: store_based_barrier_key:1 to store for rank: 3
INFO [12081 distributed_c10d.py:442] Added key: store_based_barrier_key:1 to store for rank: 4
INFO [12082 distributed_c10d.py:442] Added key: store_based_barrier_key:1 to store for rank: 5
INFO [12080 distributed_c10d.py:476] Rank 3: Completed store-based barrier for key:store_based_barrier_key:1 with 8 nodes.
INFO [12081 distributed_c10d.py:476] Rank 4: Completed store-based barrier for key:store_based_barrier_key:1 with 8 nodes.
INFO [12083 distributed_c10d.py:442] Added key: store_based_barrier_key:1 to store for rank: 6
INFO [12084 distributed_c10d.py:442] Added key: store_based_barrier_key:1 to store for rank: 7
INFO [12082 distributed_c10d.py:476] Rank 5: Completed store-based barrier for key:store_based_barrier_key:1 with 8 nodes.
INFO [12083 distributed_c10d.py:476] Rank 6: Completed store-based barrier for key:store_based_barrier_key:1 with 8 nodes.
INFO [12084 distributed_c10d.py:476] Rank 7: Completed store-based barrier for key:store_based_barrier_key:1 with 8 nodes.
E20240217 15:07:04.995115 12084 IPCTensor.h:348] IPCTensor full_emb already exists
E20240217 15:07:04.995031 12083 IPCTensor.h:348] IPCTensor full_emb already exists
E20240217 15:07:04.995366 12080 IPCTensor.h:348] IPCTensor full_emb already exists
E20240217 15:07:04.995373 12082 IPCTensor.h:348] IPCTensor full_emb already exists
E20240217 15:07:04.995434 12081 IPCTensor.h:348] IPCTensor full_emb already exists
INFO [12078 distributed_c10d.py:476] Rank 1: Completed store-based barrier for key:store_based_barrier_key:1 with 8 nodes.
INFO [11609 distributed_c10d.py:476] Rank 0: Completed store-based barrier for key:store_based_barrier_key:1 with 8 nodes.
E20240217 15:07:05.001057 12078 IPCTensor.h:348] IPCTensor full_emb already exists
E20240217 15:07:05.001528 11609 IPCTensor.h:348] IPCTensor full_emb already exists
INFO [12079 distributed_c10d.py:476] Rank 2: Completed store-based barrier for key:store_based_barrier_key:1 with 8 nodes.
E20240217 15:07:05.002168 12079 IPCTensor.h:348] IPCTensor full_emb already exists
W20240217 15:07:10.625834 12078 IPCTensor.h:409] NewIPCGPUTensor: embedding_cache_1 [1000000, 32]; dev=1; size=122.1 MB
W20240217 15:07:10.627051 12080 IPCTensor.h:409] NewIPCGPUTensor: embedding_cache_3 [1000000, 32]; dev=3; size=122.1 MB
W20240217 15:07:10.629274 12079 IPCTensor.h:409] NewIPCGPUTensor: embedding_cache_2 [1000000, 32]; dev=2; size=122.1 MB
W20240217 15:07:10.629362 12084 IPCTensor.h:409] NewIPCGPUTensor: embedding_cache_7 [1000000, 32]; dev=7; size=122.1 MB
W20240217 15:07:10.630079 12081 IPCTensor.h:409] NewIPCGPUTensor: embedding_cache_4 [1000000, 32]; dev=4; size=122.1 MB
W20240217 15:07:10.631199 11609 IPCTensor.h:409] NewIPCGPUTensor: embedding_cache_0 [1000000, 32]; dev=0; size=122.1 MB
W20240217 15:07:10.631403 12083 IPCTensor.h:409] NewIPCGPUTensor: embedding_cache_6 [1000000, 32]; dev=6; size=122.1 MB
W20240217 15:07:10.632014 12082 IPCTensor.h:409] NewIPCGPUTensor: embedding_cache_5 [1000000, 32]; dev=5; size=122.1 MB
W20240217 15:07:11.402117 12081 IPCTensor.h:369] NewIPCTensor: input_keys_4 [1000000]0x10004c4ba000 7.629 MB
W20240217 15:07:11.402297 12081 IPCTensor.h:369] NewIPCTensor: input_keys_neg_4 [1000000]0x10004cc5d000 7.629 MB
W20240217 15:07:11.402348 12081 IPCTensor.h:369] NewIPCTensor: backward_grads_4 [1000000, 32]0x10004d400000 122.1 MB
W20240217 15:07:11.402390 12081 IPCTensor.h:369] NewIPCTensor: backward_grads_neg_4 [1000000, 32]0x100054e14000 122.1 MB
W20240217 15:07:11.402431 12081 IPCTensor.h:409] NewIPCGPUTensor: backward_grads_4_gpu [1000000, 32]; dev=4; size=122.1 MB
W20240217 15:07:11.404027 12081 IPCTensor.h:409] NewIPCGPUTensor: backward_grads_neg_4_gpu [1000000, 32]; dev=4; size=122.1 MB
W20240217 15:07:11.417255 12078 IPCTensor.h:369] NewIPCTensor: input_keys_1 [1000000]0x10005c82e000 7.629 MB
W20240217 15:07:11.417455 12078 IPCTensor.h:369] NewIPCTensor: input_keys_neg_1 [1000000]0x10005cfd1000 7.629 MB
W20240217 15:07:11.417527 12078 IPCTensor.h:369] NewIPCTensor: backward_grads_1 [1000000, 32]0x10005d776000 122.1 MB
W20240217 15:07:11.417572 12078 IPCTensor.h:369] NewIPCTensor: backward_grads_neg_1 [1000000, 32]0x10006518c000 122.1 MB
W20240217 15:07:11.417603 12078 IPCTensor.h:409] NewIPCGPUTensor: backward_grads_1_gpu [1000000, 32]; dev=1; size=122.1 MB
W20240217 15:07:11.417642 12082 IPCTensor.h:369] NewIPCTensor: input_keys_5 [1000000]0x10006cba0000 7.629 MB
W20240217 15:07:11.417795 12082 IPCTensor.h:369] NewIPCTensor: input_keys_neg_5 [1000000]0x10006d343000 7.629 MB
W20240217 15:07:11.417860 12082 IPCTensor.h:369] NewIPCTensor: backward_grads_5 [1000000, 32]0x10006dae6000 122.1 MB
W20240217 15:07:11.417920 12082 IPCTensor.h:369] NewIPCTensor: backward_grads_neg_5 [1000000, 32]0x1000754fa000 122.1 MB
W20240217 15:07:11.417980 12082 IPCTensor.h:409] NewIPCGPUTensor: backward_grads_5_gpu [1000000, 32]; dev=5; size=122.1 MB
W20240217 15:07:11.418021 12078 IPCTensor.h:409] NewIPCGPUTensor: backward_grads_neg_1_gpu [1000000, 32]; dev=1; size=122.1 MB
W20240217 15:07:11.418325 11609 IPCTensor.h:369] NewIPCTensor: input_keys_0 [1000000]0x10007cf10000 7.629 MB
W20240217 15:07:11.418515 12082 IPCTensor.h:409] NewIPCGPUTensor: backward_grads_neg_5_gpu [1000000, 32]; dev=5; size=122.1 MB
W20240217 15:07:11.418690 11609 IPCTensor.h:369] NewIPCTensor: input_keys_neg_0 [1000000]0x10007d6b7000 7.629 MB
W20240217 15:07:11.418809 11609 IPCTensor.h:369] NewIPCTensor: backward_grads_0 [1000000, 32]0x10007de5c000 122.1 MB
W20240217 15:07:11.418907 11609 IPCTensor.h:369] NewIPCTensor: backward_grads_neg_0 [1000000, 32]0x100085870000 122.1 MB
W20240217 15:07:11.419010 11609 IPCTensor.h:409] NewIPCGPUTensor: backward_grads_0_gpu [1000000, 32]; dev=0; size=122.1 MB
W20240217 15:07:11.423785 11609 IPCTensor.h:409] NewIPCGPUTensor: backward_grads_neg_0_gpu [1000000, 32]; dev=0; size=122.1 MB
W20240217 15:07:11.427433 12080 IPCTensor.h:369] NewIPCTensor: input_keys_3 [1000000]0x10008d28a000 7.629 MB
W20240217 15:07:11.427587 12080 IPCTensor.h:369] NewIPCTensor: input_keys_neg_3 [1000000]0x10008da2d000 7.629 MB
W20240217 15:07:11.427634 12080 IPCTensor.h:369] NewIPCTensor: backward_grads_3 [1000000, 32]0x10008e1d0000 122.1 MB
W20240217 15:07:11.427672 12080 IPCTensor.h:369] NewIPCTensor: backward_grads_neg_3 [1000000, 32]0x100095be4000 122.1 MB
W20240217 15:07:11.427706 12080 IPCTensor.h:409] NewIPCGPUTensor: backward_grads_3_gpu [1000000, 32]; dev=3; size=122.1 MB
W20240217 15:07:11.428138 12080 IPCTensor.h:409] NewIPCGPUTensor: backward_grads_neg_3_gpu [1000000, 32]; dev=3; size=122.1 MB
W20240217 15:07:11.430135 12083 IPCTensor.h:369] NewIPCTensor: input_keys_6 [1000000]0x10009d5fe000 7.629 MB
W20240217 15:07:11.430285 12083 IPCTensor.h:369] NewIPCTensor: input_keys_neg_6 [1000000]0x10009dda1000 7.629 MB
W20240217 15:07:11.430336 12083 IPCTensor.h:369] NewIPCTensor: backward_grads_6 [1000000, 32]0x10009e544000 122.1 MB
W20240217 15:07:11.430382 12083 IPCTensor.h:369] NewIPCTensor: backward_grads_neg_6 [1000000, 32]0x1000a5f58000 122.1 MB
W20240217 15:07:11.430413 12083 IPCTensor.h:409] NewIPCGPUTensor: backward_grads_6_gpu [1000000, 32]; dev=6; size=122.1 MB
W20240217 15:07:11.430788 12083 IPCTensor.h:409] NewIPCGPUTensor: backward_grads_neg_6_gpu [1000000, 32]; dev=6; size=122.1 MB
W20240217 15:07:11.436923 12084 IPCTensor.h:369] NewIPCTensor: input_keys_7 [1000000]0x1000ad972000 7.629 MB
W20240217 15:07:11.437062 12084 IPCTensor.h:369] NewIPCTensor: input_keys_neg_7 [1000000]0x1000ae115000 7.629 MB
W20240217 15:07:11.437124 12084 IPCTensor.h:369] NewIPCTensor: backward_grads_7 [1000000, 32]0x1000ae8b8000 122.1 MB
W20240217 15:07:11.437166 12084 IPCTensor.h:369] NewIPCTensor: backward_grads_neg_7 [1000000, 32]0x1000b62cc000 122.1 MB
W20240217 15:07:11.437215 12084 IPCTensor.h:409] NewIPCGPUTensor: backward_grads_7_gpu [1000000, 32]; dev=7; size=122.1 MB
W20240217 15:07:11.437554 12084 IPCTensor.h:409] NewIPCGPUTensor: backward_grads_neg_7_gpu [1000000, 32]; dev=7; size=122.1 MB
W20240217 15:07:11.449069 12079 IPCTensor.h:369] NewIPCTensor: input_keys_2 [1000000]0x1000bdce6000 7.629 MB
W20240217 15:07:11.449225 12079 IPCTensor.h:369] NewIPCTensor: input_keys_neg_2 [1000000]0x1000be489000 7.629 MB
W20240217 15:07:11.449272 12079 IPCTensor.h:369] NewIPCTensor: backward_grads_2 [1000000, 32]0x1000bec2c000 122.1 MB
W20240217 15:07:11.449311 12079 IPCTensor.h:369] NewIPCTensor: backward_grads_neg_2 [1000000, 32]0x1000c6640000 122.1 MB
W20240217 15:07:11.449345 12079 IPCTensor.h:409] NewIPCGPUTensor: backward_grads_2_gpu [1000000, 32]; dev=2; size=122.1 MB
W20240217 15:07:11.449680 12079 IPCTensor.h:409] NewIPCGPUTensor: backward_grads_neg_2_gpu [1000000, 32]; dev=2; size=122.1 MB
cudaHostRegister 0x100000002000
1: KnownLocalCachedEmbedding init done
cudaHostRegister 0x100000002000
5: KnownLocalCachedEmbedding init done
cudaHostRegister 0x100000002000
6: KnownLocalCachedEmbedding init done
cudaHostRegister 0x100000002000
3: KnownLocalCachedEmbedding init done
cudaHostRegister 0x100000002000
2: KnownLocalCachedEmbedding init done
Worker 7 pid=12084
New CachedEmbedding, name=full_emb, shape=(10000000, 32), cache_type=KnownLocalCachedEmbedding
fixed cache_range is [(0, 1000000), (1000000, 2000000), (2000000, 3000000), (3000000, 4000000), (4000000, 5000000), (5000000, 6000000), (6000000, 7000000), (7000000, 8000000)]
cudaHostRegister 0x100000002000
0: KnownLocalCachedEmbedding init done
cudaHostRegister 0x100000002000
7: KnownLocalCachedEmbedding init done
cudaHostRegister 0x100000002000
4: KnownLocalCachedEmbedding init done
W20240217 15:07:12.123572 12079 IPCTensor.h:369] NewIPCTensor: cached_sampler_r2_0 [1000000]0x1000ce058000 7.629 MB
W20240217 15:07:12.123641 12084 IPCTensor.h:369] NewIPCTensor: cached_sampler_r7_0 [1000000]0x1000ce7fb000 7.629 MB
W20240217 15:07:12.123713 12079 IPCTensor.h:369] NewIPCTensor: cached_sampler_r2_1 [1000000]0x1000cef9e000 7.629 MB
W20240217 15:07:12.123807 12079 IPCTensor.h:369] NewIPCTensor: cached_sampler_r2_2 [1000000]0x1000cf741000 7.629 MB
W20240217 15:07:12.123842 12084 IPCTensor.h:369] NewIPCTensor: cached_sampler_r7_1 [1000000]0x1000d0687000 7.629 MB
W20240217 15:07:12.123842 12081 IPCTensor.h:369] NewIPCTensor: cached_sampler_r4_0 [1000000]0x1000cfee4000 7.629 MB
W20240217 15:07:12.123898 12079 IPCTensor.h:369] NewIPCTensor: cached_sampler_r2_3 [1000000]0x1000d0e2a000 7.629 MB
W20240217 15:07:12.123937 12084 IPCTensor.h:369] NewIPCTensor: cached_sampler_r7_2 [1000000]0x1000d15cd000 7.629 MB
W20240217 15:07:12.123957 12079 IPCTensor.h:369] NewIPCTensor: cached_sampler_r2_4 [1000000]0x1000d1d70000 7.629 MB
W20240217 15:07:12.123998 12084 IPCTensor.h:369] NewIPCTensor: cached_sampler_r7_3 [1000000]0x1000d2513000 7.629 MB
W20240217 15:07:12.124015 12079 IPCTensor.h:369] NewIPCTensor: cached_sampler_r2_5 [1000000]0x1000d2cb6000 7.629 MB
W20240217 15:07:12.124054 12084 IPCTensor.h:369] NewIPCTensor: cached_sampler_r7_4 [1000000]0x1000d3459000 7.629 MB
W20240217 15:07:12.124109 12081 IPCTensor.h:369] NewIPCTensor: cached_sampler_r4_1 [1000000]0x1000d3bfc000 7.629 MB
W20240217 15:07:12.124140 12084 IPCTensor.h:369] NewIPCTensor: cached_sampler_r7_5 [1000000]0x1000d439f000 7.629 MB
W20240217 15:07:12.124154 12079 IPCTensor.h:369] NewIPCTensor: cached_sampler_r2_6 [1000000]0x1000d4b42000 7.629 MB
W20240217 15:07:12.124233 12084 IPCTensor.h:369] NewIPCTensor: cached_sampler_r7_6 [1000000]0x1000d52e5000 7.629 MB
W20240217 15:07:12.124279 12081 IPCTensor.h:369] NewIPCTensor: cached_sampler_r4_2 [1000000]0x1000d5a88000 7.629 MB
W20240217 15:07:12.124305 12084 IPCTensor.h:369] NewIPCTensor: cached_sampler_r7_7 [1000000]0x1000d622b000 7.629 MB
W20240217 15:07:12.124395 12084 IPCTensor.h:369] NewIPCTensor: cached_sampler_r7_8 [1000000]0x1000d7171000 7.629 MB
W20240217 15:07:12.124384 12083 IPCTensor.h:369] NewIPCTensor: cached_sampler_r6_0 [1000000]0x1000d69ce000 7.629 MB
W20240217 15:07:12.124444 12084 IPCTensor.h:369] NewIPCTensor: cached_sampler_r7_9 [1000000]0x1000d7914000 7.629 MB
W20240217 15:07:12.124464 12082 IPCTensor.h:369] NewIPCTensor: cached_sampler_r5_0 [1000000]0x1000d80b7000 7.629 MB
W20240217 15:07:12.124522 12080 IPCTensor.h:369] NewIPCTensor: cached_sampler_r3_0 [1000000]0x1000d885a000 7.629 MB
W20240217 15:07:12.124547 12084 IPCTensor.h:369] NewIPCTensor: step_r7 [10]0x1000d8ffd000 80 B 
W20240217 15:07:12.124564 12079 IPCTensor.h:369] NewIPCTensor: cached_sampler_r2_7 [1000000]0x1000d8fff000 7.629 MB
W20240217 15:07:12.124579 12081 IPCTensor.h:369] NewIPCTensor: cached_sampler_r4_3 [1000000]0x1000d97a2000 7.629 MB
W20240217 15:07:12.124622 12084 IPCTensor.h:369] NewIPCTensor: circle_buffer_end_r7 [1]0x1000d9f45000 8 B 
W20240217 15:07:12.124658 12081 IPCTensor.h:369] NewIPCTensor: cached_sampler_r4_4 [1000000]0x1000d9f47000 7.629 MB
W20240217 15:07:12.124671 12079 IPCTensor.h:369] NewIPCTensor: cached_sampler_r2_8 [1000000]0x1000da6ea000 7.629 MB
W20240217 15:07:12.124677 12080 IPCTensor.h:369] NewIPCTensor: cached_sampler_r3_1 [1000000]0x1000dae8d000 7.629 MB
W20240217 15:07:12.124740 12084 IPCTensor.h:369] NewIPCTensor: circle_buffer_end_cppseen_r7 [1]0x1000db630000 8 B 
W20240217 15:07:12.124747 12079 IPCTensor.h:369] NewIPCTensor: cached_sampler_r2_9 [1000000]0x1000db632000 7.629 MB
W20240217 15:07:12.124778 12081 IPCTensor.h:369] NewIPCTensor: cached_sampler_r4_5 [1000000]0x1000dbdd5000 7.629 MB
W20240217 15:07:12.124790 12082 IPCTensor.h:369] NewIPCTensor: cached_sampler_r5_1 [1000000]0x1000dc578000 7.629 MB
W20240217 15:07:12.124835 12079 IPCTensor.h:369] NewIPCTensor: step_r2 [10]0x1000dcd1b000 80 B 
W20240217 15:07:12.124886 12081 IPCTensor.h:369] NewIPCTensor: cached_sampler_r4_6 [1000000]0x1000dcd1d000 7.629 MB
W20240217 15:07:12.124914 12079 IPCTensor.h:369] NewIPCTensor: circle_buffer_end_r2 [1]0x1000dd4c0000 8 B 
W20240217 15:07:12.124943 12080 IPCTensor.h:369] NewIPCTensor: cached_sampler_r3_2 [1000000]0x1000dd4c2000 7.629 MB
W20240217 15:07:12.124981 12081 IPCTensor.h:369] NewIPCTensor: cached_sampler_r4_7 [1000000]0x1000de408000 7.629 MB
W20240217 15:07:12.124980 11609 IPCTensor.h:369] NewIPCTensor: cached_sampler_r0_0 [1000000]0x1000ddc65000 7.629 MB
W20240217 15:07:12.124996 12079 IPCTensor.h:369] NewIPCTensor: circle_buffer_end_cppseen_r2 [1]0x1000df34e000 8 B 
W20240217 15:07:12.124991 12082 IPCTensor.h:369] NewIPCTensor: cached_sampler_r5_2 [1000000]0x1000debab000 7.629 MB
W20240217 15:07:12.125036 12080 IPCTensor.h:369] NewIPCTensor: cached_sampler_r3_3 [1000000]0x1000df350000 7.629 MB
W20240217 15:07:12.125056 12081 IPCTensor.h:369] NewIPCTensor: cached_sampler_r4_8 [1000000]0x1000dfaf3000 7.629 MB
W20240217 15:07:12.125110 12080 IPCTensor.h:369] NewIPCTensor: cached_sampler_r3_4 [1000000]0x1000e0296000 7.629 MB
W20240217 15:07:12.125128 12083 IPCTensor.h:369] NewIPCTensor: cached_sampler_r6_1 [1000000]0x1000e0a39000 7.629 MB
W20240217 15:07:12.125170 12082 IPCTensor.h:369] NewIPCTensor: cached_sampler_r5_3 [1000000]0x1000e11dc000 7.629 MB
Construct PerfSampler done
W20240217 15:07:12.125313 12080 IPCTensor.h:369] NewIPCTensor: cached_sampler_r3_5 [1000000]0x1000e2122000 7.629 MB
W20240217 15:07:12.125317 12081 IPCTensor.h:369] NewIPCTensor: cached_sampler_r4_9 [1000000]0x1000e28c5000 7.629 MB
W20240217 15:07:12.125280 12078 IPCTensor.h:369] NewIPCTensor: cached_sampler_r1_0 [1000000]0x1000e197f000 7.629 MB
W20240217 15:07:12.125401 12081 IPCTensor.h:369] NewIPCTensor: step_r4 [10]0x1000e3068000 80 B 
W20240217 15:07:12.125420 12080 IPCTensor.h:369] NewIPCTensor: cached_sampler_r3_6 [1000000]0x1000e306a000 7.629 MB
Construct PerfSampler done
W20240217 15:07:12.125454 12082 IPCTensor.h:369] NewIPCTensor: cached_sampler_r5_4 [1000000]0x1000e380d000 7.629 MB
W20240217 15:07:12.125479 12081 IPCTensor.h:369] NewIPCTensor: circle_buffer_end_r4 [1]0x1000e3fb0000 8 B 
I20240217 15:07:12.125487 12084 IPC_barrier.h:118] CreateBarrier: new barrier, name: kgcachecontroller, count: 8
W20240217 15:07:12.125496 12080 IPCTensor.h:369] NewIPCTensor: cached_sampler_r3_7 [1000000]0x1000e3fb2000 7.629 MB
W20240217 15:07:12.125506 11609 IPCTensor.h:369] NewIPCTensor: cached_sampler_r0_1 [1000000]0x1000e4755000 7.629 MB
I20240217 15:07:12.125520 12079 IPC_barrier.h:112] CreateBarrier: find existing barrier, name: kgcachecontroller, count: 8
W20240217 15:07:12.125557 12083 IPCTensor.h:369] NewIPCTensor: cached_sampler_r6_2 [1000000]0x1000e4ef8000 7.629 MB
W20240217 15:07:12.125576 12080 IPCTensor.h:369] NewIPCTensor: cached_sampler_r3_8 [1000000]0x1000e569b000 7.629 MB
W20240217 15:07:12.125588 11609 IPCTensor.h:369] NewIPCTensor: cached_sampler_r0_2 [1000000]0x1000e5e3e000 7.629 MB
W20240217 15:07:12.125598 12081 IPCTensor.h:369] NewIPCTensor: circle_buffer_end_cppseen_r4 [1]0x1000e65e1000 8 B 
W20240217 15:07:12.125627 12082 IPCTensor.h:369] NewIPCTensor: cached_sampler_r5_5 [1000000]0x1000e65e3000 7.629 MB
W20240217 15:07:12.125661 11609 IPCTensor.h:369] NewIPCTensor: cached_sampler_r0_3 [1000000]0x1000e7529000 7.629 MB
W20240217 15:07:12.125669 12080 IPCTensor.h:369] NewIPCTensor: cached_sampler_r3_9 [1000000]0x1000e7ccc000 7.629 MB
W20240217 15:07:12.125660 12078 IPCTensor.h:369] NewIPCTensor: cached_sampler_r1_1 [1000000]0x1000e6d86000 7.629 MB
W20240217 15:07:12.125712 11609 IPCTensor.h:369] NewIPCTensor: cached_sampler_r0_4 [1000000]0x1000e846f000 7.629 MB
W20240217 15:07:12.125762 12083 IPCTensor.h:369] NewIPCTensor: cached_sampler_r6_3 [1000000]0x1000e8c12000 7.629 MB
W20240217 15:07:12.125784 12080 IPCTensor.h:369] NewIPCTensor: step_r3 [10]0x1000e93b5000 80 B 
W20240217 15:07:12.125815 11609 IPCTensor.h:369] NewIPCTensor: cached_sampler_r0_5 [1000000]0x1000e93b7000 7.629 MB
W20240217 15:07:12.125849 12080 IPCTensor.h:369] NewIPCTensor: circle_buffer_end_r3 [1]0x1000e9b5a000 8 B 
W20240217 15:07:12.125864 11609 IPCTensor.h:369] NewIPCTensor: cached_sampler_r0_6 [1000000]0x1000ea2ff000 7.629 MB
W20240217 15:07:12.125860 12082 IPCTensor.h:369] NewIPCTensor: cached_sampler_r5_6 [1000000]0x1000e9b5c000 7.629 MB
W20240217 15:07:12.125906 12078 IPCTensor.h:369] NewIPCTensor: cached_sampler_r1_2 [1000000]0x1000eaaa2000 7.629 MB
W20240217 15:07:12.125923 11609 IPCTensor.h:369] NewIPCTensor: cached_sampler_r0_7 [1000000]0x1000eb9e8000 7.629 MB
W20240217 15:07:12.125916 12083 IPCTensor.h:369] NewIPCTensor: cached_sampler_r6_4 [1000000]0x1000eb245000 7.629 MB
W20240217 15:07:12.125959 12080 IPCTensor.h:369] NewIPCTensor: circle_buffer_end_cppseen_r3 [1]0x1000ec18b000 8 B 
Construct PerfSampler done
W20240217 15:07:12.126034 11609 IPCTensor.h:369] NewIPCTensor: cached_sampler_r0_8 [1000000]0x1000ec930000 7.629 MB
W20240217 15:07:12.126034 12082 IPCTensor.h:369] NewIPCTensor: cached_sampler_r5_7 [1000000]0x1000ec18d000 7.629 MB
W20240217 15:07:12.126065 12083 IPCTensor.h:369] NewIPCTensor: cached_sampler_r6_5 [1000000]0x1000ed0d3000 7.629 MB
W20240217 15:07:12.126120 12078 IPCTensor.h:369] NewIPCTensor: cached_sampler_r1_3 [1000000]0x1000ed876000 7.629 MB
I20240217 15:07:12.126138 12081 IPC_barrier.h:112] CreateBarrier: find existing barrier, name: kgcachecontroller, count: 8
W20240217 15:07:12.126154 11609 IPCTensor.h:369] NewIPCTensor: cached_sampler_r0_9 [1000000]0x1000ee019000 7.629 MB
W20240217 15:07:12.126184 12082 IPCTensor.h:369] NewIPCTensor: cached_sampler_r5_8 [1000000]0x1000ee7bc000 7.629 MB
W20240217 15:07:12.126211 11609 IPCTensor.h:369] NewIPCTensor: step_r0 [10]0x1000eef5f000 80 B 
W20240217 15:07:12.126255 11609 IPCTensor.h:369] NewIPCTensor: circle_buffer_end_r0 [1]0x1000eef61000 8 B 
W20240217 15:07:12.126269 12083 IPCTensor.h:369] NewIPCTensor: cached_sampler_r6_6 [1000000]0x1000eef63000 7.629 MB
Construct PerfSampler done
W20240217 15:07:12.126323 11609 IPCTensor.h:369] NewIPCTensor: circle_buffer_end_cppseen_r0 [1]0x1000f064c000 8 B 
W20240217 15:07:12.126310 12082 IPCTensor.h:369] NewIPCTensor: cached_sampler_r5_9 [1000000]0x1000ef706000 7.629 MB
W20240217 15:07:12.126322 12078 IPCTensor.h:369] NewIPCTensor: cached_sampler_r1_4 [1000000]0x1000efea9000 7.629 MB
I20240217 15:07:12.126390 12080 IPC_barrier.h:112] CreateBarrier: find existing barrier, name: kgcachecontroller, count: 8
W20240217 15:07:12.126426 12083 IPCTensor.h:369] NewIPCTensor: cached_sampler_r6_7 [1000000]0x1000f064e000 7.629 MB
W20240217 15:07:12.126470 12082 IPCTensor.h:369] NewIPCTensor: step_r5 [10]0x1000f0df1000 80 B 
W20240217 15:07:12.126492 12078 IPCTensor.h:369] NewIPCTensor: cached_sampler_r1_5 [1000000]0x1000f0df3000 7.629 MB
W20240217 15:07:12.126546 12083 IPCTensor.h:369] NewIPCTensor: cached_sampler_r6_8 [1000000]0x1000f1596000 7.629 MB
W20240217 15:07:12.126588 12082 IPCTensor.h:369] NewIPCTensor: circle_buffer_end_r5 [1]0x1000f1d39000 8 B 
W20240217 15:07:12.126660 12083 IPCTensor.h:369] NewIPCTensor: cached_sampler_r6_9 [1000000]0x1000f1d3b000 7.629 MB
W20240217 15:07:12.126688 12078 IPCTensor.h:369] NewIPCTensor: cached_sampler_r1_6 [1000000]0x1000f24de000 7.629 MB
W20240217 15:07:12.126724 12082 IPCTensor.h:369] NewIPCTensor: circle_buffer_end_cppseen_r5 [1]0x1000f2c81000 8 B 
Construct PerfSampler done
W20240217 15:07:12.126797 12083 IPCTensor.h:369] NewIPCTensor: step_r6 [10]0x1000f2c83000 80 B 
W20240217 15:07:12.126845 12078 IPCTensor.h:369] NewIPCTensor: cached_sampler_r1_7 [1000000]0x1000f2c85000 7.629 MB
I20240217 15:07:12.126893 11609 IPC_barrier.h:112] CreateBarrier: find existing barrier, name: kgcachecontroller, count: 8
W20240217 15:07:12.126899 12083 IPCTensor.h:369] NewIPCTensor: circle_buffer_end_r6 [1]0x1000f3428000 8 B 
W20240217 15:07:12.126966 12078 IPCTensor.h:369] NewIPCTensor: cached_sampler_r1_8 [1000000]0x1000f342a000 7.629 MB
W20240217 15:07:12.127024 12083 IPCTensor.h:369] NewIPCTensor: circle_buffer_end_cppseen_r6 [1]0x1000f3bcd000 8 B 
W20240217 15:07:12.127086 12078 IPCTensor.h:369] NewIPCTensor: cached_sampler_r1_9 [1000000]0x1000f3bcf000 7.629 MB
W20240217 15:07:12.127220 12078 IPCTensor.h:369] NewIPCTensor: step_r1 [10]0x1000f4372000 80 B 
Construct PerfSampler done
W20240217 15:07:12.127362 12078 IPCTensor.h:369] NewIPCTensor: circle_buffer_end_r1 [1]0x1000f4374000 8 B 
I20240217 15:07:12.127419 12082 IPC_barrier.h:112] CreateBarrier: find existing barrier, name: kgcachecontroller, count: 8
W20240217 15:07:12.127486 12078 IPCTensor.h:369] NewIPCTensor: circle_buffer_end_cppseen_r1 [1]0x1000f4376000 8 B 
Construct PerfSampler done
I20240217 15:07:12.127733 12083 IPC_barrier.h:112] CreateBarrier: find existing barrier, name: kgcachecontroller, count: 8
Construct PerfSampler done
I20240217 15:07:12.128350 12078 IPC_barrier.h:112] CreateBarrier: find existing barrier, name: kgcachecontroller, count: 8
W20240217 15:07:12.130829 11609 grad_base.h:55] KGCacheController, config={
        "num_gpus": 8,
        "L": 10,
        "kForwardItersPerStep": 1,
        "clr": 1,
        "backwardMode": "CppAsyncV2",
        "nr_background_threads": 16,
        "cache_ratio": 0.1,
        "backgrad_init": "both"
    }
W20240217 15:07:12.130970 11609 grad_base.h:184] Init GradProcessingBase done
I20240217 15:07:13.366400 11609 grad_async_v2.h:42] Use main thread to update emb.
W20240217 15:07:13.366866 11609 kg_controller.h:78] after init GradAsyncProcessingV2
I20240217 15:07:13.366879 11609 kg_controller.h:84] Construct KGCacheController done
E20240217 15:07:15.169085 12083 recstore.cc:66] init folly done
E20240217 15:07:15.169205 12079 recstore.cc:66] init folly done
Construct KGCacheControllerWrapper done
Construct KGCacheControllerWrapper done
E20240217 15:07:15.170572 11609 recstore.cc:66] init folly done
E20240217 15:07:15.170604 12082 recstore.cc:66] init folly done
E20240217 15:07:15.170605 12080 recstore.cc:66] init folly done
E20240217 15:07:15.170609 12081 recstore.cc:66] init folly done
E20240217 15:07:15.171020 12084 recstore.cc:66] init folly done
E20240217 15:07:15.171056 12078 recstore.cc:66] init folly done
Construct KGCacheControllerWrapper done
Construct KGCacheControllerWrapper done
Construct KGCacheControllerWrapper done
Construct KGCacheControllerWrapper done
Construct KGCacheControllerWrapper done
Construct KGCacheControllerWrapper done
I20240217 15:07:15.172528 11609 grad_base.h:60] GraphEnv RegTensorsPerProcess
W20240217 15:07:16.041096 13411 grad_async_v2.h:137] Detect new sample comes, old_end0, new_end1
E20240217 15:07:16.041447 13411 parallel_pq_v2.h:79] insert failed, size(hashtable)=0
E20240217 15:07:17.042690 13411 parallel_pq_v2.h:79] insert failed, size(hashtable)=1
W20240217 15:07:17.056406 13411 grad_async_v2.h:137] Detect new sample comes, old_end7, new_end8
Before Training
I20240217 15:07:17.103329 11609 IPC_barrier.h:118] CreateBarrier: new barrier, name: start_barrier, count: 8
Before Training
I20240217 15:07:17.220329 12078 IPC_barrier.h:112] CreateBarrier: find existing barrier, name: start_barrier, count: 8
Before Training
I20240217 15:07:17.234467 12079 IPC_barrier.h:112] CreateBarrier: find existing barrier, name: start_barrier, count: 8
Before Training
I20240217 15:07:17.248996 12080 IPC_barrier.h:112] CreateBarrier: find existing barrier, name: start_barrier, count: 8
Before Training
I20240217 15:07:17.266474 12081 IPC_barrier.h:112] CreateBarrier: find existing barrier, name: start_barrier, count: 8
Before Training
I20240217 15:07:17.281877 12082 IPC_barrier.h:112] CreateBarrier: find existing barrier, name: start_barrier, count: 8
Before Training
I20240217 15:07:17.297149 12083 IPC_barrier.h:112] CreateBarrier: find existing barrier, name: start_barrier, count: 8
Before Training
I20240217 15:07:17.312304 12084 IPC_barrier.h:112] CreateBarrier: find existing barrier, name: start_barrier, count: 8
========== Step 0 ========== 
========== Step 0 ========== 
========== Step 0 ========== 
========== Step 0 ========== 
========== Step 0 ========== 
========== Step 0 ========== 
========== Step 0 ========== 
========== Step 0 ========== 
E20240217 15:07:19.014191 13876 parallel_pq_v2.h:79] insert failed, size(hashtable)=2
W20240217 15:07:19.071439 11609 grad_async_v2.h:270] Sleep in <BlockToStepN>, step_no=1, pq.top=0
========== Step 1 ========== 
========== Step 1 ========== 
========== Step 1 ========== 
W20240217 15:07:19.139369 13411 grad_async_v2.h:137] Detect new sample comes, old_end1, new_end2
========== Step 1 ========== 
========== Step 1 ========== 
========== Step 1 ========== 
========== Step 1 ========== 
========== Step 1 ========== 
W20240217 15:07:19.424516 11609 grad_async_v2.h:257] pq is empty
========== Step 2 ========== 
========== Step 2 ========== 
========== Step 2 ========== 
========== Step 2 ========== 
========== Step 2 ========== 
========== Step 2 ========== 
========== Step 2 ========== 
========== Step 2 ========== 
W20240217 15:07:19.672485 11609 grad_async_v2.h:257] pq is empty
========== Step 3 ========== 
========== Step 3 ========== 
========== Step 3 ========== 
========== Step 3 ========== 
========== Step 3 ========== 
========== Step 3 ========== 
========== Step 3 ========== 
========== Step 3 ========== 
W20240217 15:07:19.935463 11609 grad_async_v2.h:257] pq is empty
========== Step 4 ========== 
========== Step 4 ========== 
========== Step 4 ========== 
========== Step 4 ========== 
========== Step 4 ========== 
========== Step 4 ========== 
========== Step 4 ========== 
========== Step 4 ========== 
E20240217 15:07:20.014034 13411 parallel_pq_v2.h:79] insert failed, size(hashtable)=5873
+---------------------------+---------------------------+---------------------------+
| Name                      | P50                       | P99                       |
+---------------------------+---------------------------+---------------------------+
| clean                     | 114.144 us                | 32.086 ms                 |
| ProcessBack:Shuffle       | 237.240 ms                | 371.871 ms                |
| ProcessBack:UpdateCache   | 6.688 ms                  | 1.200 s                   |
| ProcessBack:UpsertPq      | 57.236 us                 | 57.284 ms                 |
| ProcessOneStep            | 255.261 ms                | 1.650 s                   |
| BlockToStepN              | 162.671 us                | 66.500 ms                 |
+---------------------------+---------------------------+---------------------------+
W20240217 15:07:20.172228 11609 grad_async_v2.h:257] pq is empty
========== Step 5 ========== 
========== Step 5 ========== 
========== Step 5 ========== 
========== Step 5 ========== 
========== Step 5 ========== 
========== Step 5 ========== 
========== Step 5 ========== 
========== Step 5 ========== 
W20240217 15:07:20.172776 13411 grad_async_v2.h:137] Detect new sample comes, old_end5, new_end6
W20240217 15:07:20.366098 11609 grad_async_v2.h:257] pq is empty
========== Step 6 ========== 
========== Step 6 ========== 
========== Step 6 ========== 
========== Step 6 ========== 
========== Step 6 ========== 
========== Step 6 ========== 
========== Step 6 ========== 
========== Step 6 ========== 
W20240217 15:07:20.640740 11609 grad_async_v2.h:257] pq is empty
========== Step 7 ========== 
========== Step 7 ========== 
========== Step 7 ========== 
========== Step 7 ========== 
========== Step 7 ========== 
========== Step 7 ========== 
========== Step 7 ========== 
========== Step 7 ========== 
W20240217 15:07:20.912624 11609 grad_async_v2.h:257] pq is empty
========== Step 8 ========== 
========== Step 8 ========== 
========== Step 8 ========== 
========== Step 8 ========== 
========== Step 8 ========== 
========== Step 8 ========== 
========== Step 8 ========== 
========== Step 8 ========== 
E20240217 15:07:21.015965 13411 parallel_pq_v2.h:79] insert failed, size(hashtable)=3637
W20240217 15:07:21.139053 11609 grad_async_v2.h:257] pq is empty
========== Step 9 ========== 
========== Step 9 ========== 
========== Step 9 ========== 
========== Step 9 ========== 
========== Step 9 ========== 
========== Step 9 ========== 
========== Step 9 ========== 
========== Step 9 ========== 
W20240217 15:07:21.185335 13411 grad_async_v2.h:137] Detect new sample comes, old_end9, new_end0
W20240217 15:07:21.399222 11609 grad_async_v2.h:257] pq is empty
========== Step 10 ========== 
========== Step 10 ========== 
========== Step 10 ========== 
========== Step 10 ========== 
========== Step 10 ========== 
========== Step 10 ========== 
========== Step 10 ========== 
========== Step 10 ========== 
========== Step 11 ========== 
========== Step 11 ========== 
========== Step 11 ========== 
========== Step 11 ========== 
========== Step 11 ========== 
========== Step 11 ========== 
========== Step 11 ========== 
========== Step 11 ========== 
========== Step 12 ========== 
========== Step 12 ========== 
========== Step 12 ========== 
========== Step 12 ========== 
========== Step 12 ========== 
========== Step 12 ========== 
========== Step 12 ========== 
========== Step 12 ========== 
========== Step 13 ========== 
========== Step 13 ========== 
========== Step 13 ========== 
========== Step 13 ========== 
========== Step 13 ========== 
========== Step 13 ========== 
========== Step 13 ========== 
========== Step 13 ========== 
E20240217 15:07:22.015035 13411 parallel_pq_v2.h:79] insert failed, size(hashtable)=3595
+---------------------------+---------------------------+---------------------------+
| Name                      | P50                       | P99                       |
+---------------------------+---------------------------+---------------------------+
| GenInput:CircleBuffer     | 119.921 us                | 507.186 us                |
| GenInput                  | 762.361 us                | 5.149 ms                  |
| forward: NN               | 94.421 us                 | 68.651 ms                 |
| Forward                   | 406.171 us                | 72.381 ms                 |
| Backward                  | 804.884 us                | 27.842 ms                 |
| Optimize                  | 141.788 us                | 1.568 ms                  |
| BarrierTimeBeforeRank0    | 431.005 us                | 2.807 ms                  |
| AfterBackward             | 255.318 ms                | 1.651 s                   |
| BlockToStepN              | 172.457 us                | 66.940 ms                 |
| OneStep                   | 260.149 ms                | 1.827 s                   |
+---------------------------+---------------------------+---------------------------+
W20240217 15:07:22.179329 11609 grad_async_v2.h:257] pq is empty
========== Step 14 ========== 
========== Step 14 ========== 
========== Step 14 ========== 
========== Step 14 ========== 
========== Step 14 ========== 
========== Step 14 ========== 
========== Step 14 ========== 
========== Step 14 ========== 
W20240217 15:07:22.220469 13411 grad_async_v2.h:137] Detect new sample comes, old_end4, new_end5
W20240217 15:07:22.380447 11609 grad_async_v2.h:257] pq is empty
========== Step 15 ========== 
========== Step 15 ========== 
========== Step 15 ========== 
========== Step 15 ========== 
========== Step 15 ========== 
========== Step 15 ========== 
========== Step 15 ========== 
========== Step 15 ========== 
W20240217 15:07:22.584669 11609 grad_async_v2.h:257] pq is empty
========== Step 16 ========== 
========== Step 16 ========== 
========== Step 16 ========== 
========== Step 16 ========== 
========== Step 16 ========== 
========== Step 16 ========== 
========== Step 16 ========== 
========== Step 16 ========== 
W20240217 15:07:22.841524 11609 grad_async_v2.h:257] pq is empty
========== Step 17 ========== 
========== Step 17 ========== 
========== Step 17 ========== 
========== Step 17 ========== 
========== Step 17 ========== 
========== Step 17 ========== 
========== Step 17 ========== 
========== Step 17 ========== 
E20240217 15:07:23.020118 13431 parallel_pq_v2.h:79] insert failed, size(hashtable)=550
W20240217 15:07:23.079538 11609 grad_async_v2.h:257] pq is empty
========== Step 18 ========== 
========== Step 18 ========== 
========== Step 18 ========== 
========== Step 18 ========== 
========== Step 18 ========== 
========== Step 18 ========== 
========== Step 18 ========== 
========== Step 18 ========== 
W20240217 15:07:23.289160 11609 grad_async_v2.h:257] pq is empty
========== Step 19 ========== 
========== Step 19 ========== 
========== Step 19 ========== 
========== Step 19 ========== 
========== Step 19 ========== 
========== Step 19 ========== 
========== Step 19 ========== 
========== Step 19 ========== 
W20240217 15:07:23.289733 13411 grad_async_v2.h:137] Detect new sample comes, old_end9, new_end0
W20240217 15:07:23.426198 11609 grad_async_v2.h:257] pq is empty
========== Step 20 ========== 
========== Step 20 ========== 
========== Step 20 ========== 
========== Step 20 ========== 
========== Step 20 ========== 
========== Step 20 ========== 
========== Step 20 ========== 
========== Step 20 ========== 
W20240217 15:07:23.709954 11609 grad_async_v2.h:257] pq is empty
========== Step 21 ========== 
========== Step 21 ========== 
========== Step 21 ========== 
========== Step 21 ========== 
========== Step 21 ========== 
========== Step 21 ========== 
========== Step 21 ========== 
========== Step 21 ========== 
W20240217 15:07:23.986415 11609 grad_async_v2.h:257] pq is empty
========== Step 22 ========== 
========== Step 22 ========== 
========== Step 22 ========== 
========== Step 22 ========== 
========== Step 22 ========== 
========== Step 22 ========== 
========== Step 22 ========== 
========== Step 22 ========== 
E20240217 15:07:24.020063 13411 parallel_pq_v2.h:79] insert failed, size(hashtable)=317
W20240217 15:07:24.226773 11609 grad_async_v2.h:257] pq is empty
========== Step 23 ========== 
========== Step 23 ========== 
========== Step 23 ========== 
========== Step 23 ========== 
========== Step 23 ========== 
========== Step 23 ========== 
========== Step 23 ========== 
========== Step 23 ========== 
W20240217 15:07:24.301616 13411 grad_async_v2.h:137] Detect new sample comes, old_end3, new_end4
W20240217 15:07:24.486186 11609 grad_async_v2.h:257] pq is empty
========== Step 24 ========== 
========== Step 24 ========== 
========== Step 24 ========== 
========== Step 24 ========== 
========== Step 24 ========== 
========== Step 24 ========== 
========== Step 24 ========== 
========== Step 24 ========== 
W20240217 15:07:24.756817 11609 grad_async_v2.h:257] pq is empty
========== Step 25 ========== 
========== Step 25 ========== 
========== Step 25 ========== 
========== Step 25 ========== 
========== Step 25 ========== 
========== Step 25 ========== 
========== Step 25 ========== 
========== Step 25 ========== 
W20240217 15:07:25.018182 11609 grad_async_v2.h:257] pq is empty
========== Step 26 ========== 
========== Step 26 ========== 
========== Step 26 ========== 
========== Step 26 ========== 
========== Step 26 ========== 
========== Step 26 ========== 
========== Step 26 ========== 
========== Step 26 ========== 
E20240217 15:07:25.020058 13411 parallel_pq_v2.h:79] insert failed, size(hashtable)=6
+---------------------------+---------------------------+---------------------------+
| Name                      | P50                       | P99                       |
+---------------------------+---------------------------+---------------------------+
| clean                     | 183.340 us                | 40.842 ms                 |
| ProcessBack:Shuffle       | 235.084 ms                | 371.871 ms                |
| ProcessBack:UpdateCache   | 8.251 ms                  | 1.200 s                   |
| ProcessBack:UpsertPq      | 65.439 us                 | 57.284 ms                 |
| ProcessOneStep            | 248.877 ms                | 1.650 s                   |
| BlockToStepN              | 91.326 us                 | 66.500 ms                 |
+---------------------------+---------------------------+---------------------------+
W20240217 15:07:25.272511 11609 grad_async_v2.h:257] pq is empty
========== Step 27 ========== 
========== Step 27 ========== 
========== Step 27 ========== 
========== Step 27 ========== 
========== Step 27 ========== 
========== Step 27 ========== 
========== Step 27 ========== 
========== Step 27 ========== 
W20240217 15:07:25.302150 13411 grad_async_v2.h:137] Detect new sample comes, old_end7, new_end8
W20240217 15:07:25.479948 11609 grad_async_v2.h:257] pq is empty
========== Step 28 ========== 
========== Step 28 ========== 
========== Step 28 ========== 
========== Step 28 ========== 
========== Step 28 ========== 
========== Step 28 ========== 
========== Step 28 ========== 
========== Step 28 ========== 
W20240217 15:07:25.682282 11609 grad_async_v2.h:257] pq is empty
========== Step 29 ========== 
========== Step 29 ========== 
========== Step 29 ========== 
========== Step 29 ========== 
========== Step 29 ========== 
========== Step 29 ========== 
========== Step 29 ========== 
========== Step 29 ========== 
W20240217 15:07:25.907800 11609 grad_async_v2.h:257] pq is empty
========== Step 30 ========== 
========== Step 30 ========== 
========== Step 30 ========== 
========== Step 30 ========== 
========== Step 30 ========== 
========== Step 30 ========== 
========== Step 30 ========== 
========== Step 30 ========== 
E20240217 15:07:26.040100 13431 parallel_pq_v2.h:79] insert failed, size(hashtable)=5674
W20240217 15:07:26.117535 11609 grad_async_v2.h:257] pq is empty
========== Step 31 ========== 
========== Step 31 ========== 
========== Step 31 ========== 
========== Step 31 ========== 
========== Step 31 ========== 
========== Step 31 ========== 
========== Step 31 ========== 
========== Step 31 ========== 
W20240217 15:07:26.330482 13411 grad_async_v2.h:137] Detect new sample comes, old_end1, new_end2
W20240217 15:07:26.435858 11609 grad_async_v2.h:257] pq is empty
========== Step 32 ========== 
========== Step 32 ========== 
========== Step 32 ========== 
========== Step 32 ========== 
========== Step 32 ========== 
========== Step 32 ========== 
========== Step 32 ========== 
========== Step 32 ========== 
W20240217 15:07:26.633003 11609 grad_async_v2.h:257] pq is empty
========== Step 33 ========== 
========== Step 33 ========== 
========== Step 33 ========== 
========== Step 33 ========== 
========== Step 33 ========== 
========== Step 33 ========== 
========== Step 33 ========== 
========== Step 33 ========== 
W20240217 15:07:26.829203 11609 grad_async_v2.h:257] pq is empty
========== Step 34 ========== 
========== Step 34 ========== 
========== Step 34 ========== 
========== Step 34 ========== 
========== Step 34 ========== 
========== Step 34 ========== 
========== Step 34 ========== 
========== Step 34 ========== 
W20240217 15:07:27.084029 11609 grad_async_v2.h:257] pq is empty
========== Step 35 ========== 
========== Step 35 ========== 
========== Step 35 ========== 
========== Step 35 ========== 
========== Step 35 ========== 
E20240217 15:07:27.084769 13411 parallel_pq_v2.h:79] insert failed, size(hashtable)=1
========== Step 35 ========== 
========== Step 35 ========== 
========== Step 35 ========== 
+---------------------------+---------------------------+---------------------------+
| Name                      | P50                       | P99                       |
+---------------------------+---------------------------+---------------------------+
| GenInput:CircleBuffer     | 113.184 us                | 530.922 us                |
| GenInput                  | 735.733 us                | 5.519 ms                  |
| forward: NN               | 94.421 us                 | 68.651 ms                 |
| Forward                   | 375.109 us                | 72.381 ms                 |
| Backward                  | 797.764 us                | 27.842 ms                 |
| Optimize                  | 136.256 us                | 1.568 ms                  |
| BarrierTimeBeforeRank0    | 445.592 us                | 2.807 ms                  |
| AfterBackward             | 243.928 ms                | 1.651 s                   |
| BlockToStepN              | 188.944 us                | 66.940 ms                 |
| OneStep                   | 247.932 ms                | 1.827 s                   |
+---------------------------+---------------------------+---------------------------+
W20240217 15:07:27.350284 11609 grad_async_v2.h:257] pq is empty
========== Step 36 ========== 
========== Step 36 ========== 
========== Step 36 ========== 
========== Step 36 ========== 
========== Step 36 ========== 
========== Step 36 ========== 
========== Step 36 ========== 
W20240217 15:07:27.351012 13411 grad_async_v2.h:137] Detect new sample comes, old_end6, new_end7
========== Step 36 ========== 
W20240217 15:07:27.545789 11609 grad_async_v2.h:257] pq is empty
========== Step 37 ========== 
========== Step 37 ========== 
========== Step 37 ========== 
========== Step 37 ========== 
========== Step 37 ========== 
========== Step 37 ========== 
========== Step 37 ========== 
========== Step 37 ========== 
========== Step 38 ========== 
========== Step 38 ========== 
========== Step 38 ========== 
========== Step 38 ========== 
========== Step 38 ========== 
========== Step 38 ========== 
========== Step 38 ========== 
========== Step 38 ========== 
W20240217 15:07:27.909107 11609 grad_async_v2.h:257] pq is empty
========== Step 39 ========== 
========== Step 39 ========== 
========== Step 39 ========== 
========== Step 39 ========== 
========== Step 39 ========== 
========== Step 39 ========== 
========== Step 39 ========== 
========== Step 39 ========== 
E20240217 15:07:28.092262 13427 parallel_pq_v2.h:79] insert failed, size(hashtable)=7200
W20240217 15:07:28.154639 11609 grad_async_v2.h:257] pq is empty
========== Step 40 ========== 
========== Step 40 ========== 
========== Step 40 ========== 
========== Step 40 ========== 
========== Step 40 ========== 
========== Step 40 ========== 
========== Step 40 ========== 
========== Step 40 ========== 
W20240217 15:07:28.360662 13411 grad_async_v2.h:137] Detect new sample comes, old_end0, new_end1
========== Step 41 ========== 
========== Step 41 ========== 
========== Step 41 ========== 
========== Step 41 ========== 
========== Step 41 ========== 
========== Step 41 ========== 
========== Step 41 ========== 
========== Step 41 ========== 
W20240217 15:07:28.580498 11609 grad_async_v2.h:257] pq is empty
========== Step 42 ========== 
========== Step 42 ========== 
========== Step 42 ========== 
========== Step 42 ========== 
========== Step 42 ========== 
========== Step 42 ========== 
========== Step 42 ========== 
========== Step 42 ========== 
W20240217 15:07:28.740451 11609 grad_async_v2.h:257] pq is empty
========== Step 43 ========== 
========== Step 43 ========== 
========== Step 43 ========== 
========== Step 43 ========== 
========== Step 43 ========== 
========== Step 43 ========== 
========== Step 43 ========== 
========== Step 43 ========== 
W20240217 15:07:28.924925 11609 grad_async_v2.h:257] pq is empty
========== Step 44 ========== 
========== Step 44 ========== 
========== Step 44 ========== 
========== Step 44 ========== 
========== Step 44 ========== 
========== Step 44 ========== 
========== Step 44 ========== 
========== Step 44 ========== 
W20240217 15:07:29.150867 11609 grad_async_v2.h:257] pq is empty
========== Step 45 ========== 
========== Step 45 ========== 
========== Step 45 ========== 
========== Step 45 ========== 
========== Step 45 ========== 
========== Step 45 ========== 
========== Step 45 ========== 
E20240217 15:07:29.151603 13411 parallel_pq_v2.h:79] insert failed, size(hashtable)=1
========== Step 45 ========== 
W20240217 15:07:29.433643 11609 grad_async_v2.h:257] pq is empty
========== Step 46 ========== 
========== Step 46 ========== 
========== Step 46 ========== 
========== Step 46 ========== 
========== Step 46 ========== 
========== Step 46 ========== 
W20240217 15:07:29.434504 13411 grad_async_v2.h:137] Detect new sample comes, old_end6, new_end7
========== Step 46 ========== 
========== Step 46 ========== 
W20240217 15:07:29.707511 11609 grad_async_v2.h:257] pq is empty
========== Step 47 ========== 
========== Step 47 ========== 
========== Step 47 ========== 
========== Step 47 ========== 
========== Step 47 ========== 
========== Step 47 ========== 
========== Step 47 ========== 
========== Step 47 ========== 
W20240217 15:07:29.963855 11609 grad_async_v2.h:257] pq is empty
========== Step 48 ========== 
========== Step 48 ========== 
========== Step 48 ========== 
========== Step 48 ========== 
========== Step 48 ========== 
========== Step 48 ========== 
========== Step 48 ========== 
========== Step 48 ========== 
E20240217 15:07:30.156229 13417 parallel_pq_v2.h:79] insert failed, size(hashtable)=4528
+---------------------------+---------------------------+---------------------------+
| Name                      | P50                       | P99                       |
+---------------------------+---------------------------+---------------------------+
| clean                     | 159.054 us                | 33.670 ms                 |
| ProcessBack:Shuffle       | 226.895 ms                | 371.871 ms                |
| ProcessBack:UpdateCache   | 6.326 ms                  | 1.200 s                   |
| ProcessBack:UpsertPq      | 65.439 us                 | 57.284 ms                 |
| ProcessOneStep            | 233.304 ms                | 1.650 s                   |
| BlockToStepN              | 103.329 us                | 66.500 ms                 |
+---------------------------+---------------------------+---------------------------+
W20240217 15:07:30.227636 11609 grad_async_v2.h:257] pq is empty
========== Step 49 ========== 
========== Step 49 ========== 
========== Step 49 ========== 
========== Step 49 ========== 
========== Step 49 ========== 
========== Step 49 ========== 
========== Step 49 ========== 
========== Step 49 ========== 
W20240217 15:07:30.507083 11609 grad_async_v2.h:257] pq is empty
========== Step 50 ========== 
========== Step 50 ========== 
========== Step 50 ========== 
========== Step 50 ========== 
========== Step 50 ========== 
========== Step 50 ========== 
========== Step 50 ========== 
========== Step 50 ========== 
W20240217 15:07:30.507573 13411 grad_async_v2.h:137] Detect new sample comes, old_end0, new_end1
W20240217 15:07:30.760437 11609 grad_async_v2.h:257] pq is empty
========== Step 51 ========== 
========== Step 51 ========== 
========== Step 51 ========== 
========== Step 51 ========== 
========== Step 51 ========== 
========== Step 51 ========== 
========== Step 51 ========== 
========== Step 51 ========== 
W20240217 15:07:30.969314 11609 grad_async_v2.h:257] pq is empty
========== Step 52 ========== 
========== Step 52 ========== 
========== Step 52 ========== 
========== Step 52 ========== 
========== Step 52 ========== 
========== Step 52 ========== 
========== Step 52 ========== 
