WARNING: Logging before InitGoogleLogging() is written to STDERR
I20240211 01:36:35.559443 56442 IPC_barrier.h:128] MultiProcessBarrierFactory->ClearIPCMemory()
W20240211 01:36:35.567443 56442 IPCTensor.h:369] NewIPCTensor: full_emb [9449206, 32]0x100000002000 1.126 GB
/data/home/xieminhui/RecStore/src/framework_adapters/torch/python/perf_rec_model.py:152: DeprecationWarning: The 'warn' function is deprecated, use 'warning' instead
  XLOG.warn("After init DistEmbedding")
WARNING [56442 perf_rec_model.py:152] After init DistEmbedding
========== Running Perf with routine <function routine_local_cache_helper at 0x7f7685b618a0>==========
Worker 1 pid=56803
Worker 2 pid=56804
Worker 3 pid=56805
Worker 4 pid=56806
Worker 5 pid=56807
Worker 6 pid=56808
INFO [56442 distributed_c10d.py:442] Added key: store_based_barrier_key:1 to store for rank: 0
INFO [56803 distributed_c10d.py:442] Added key: store_based_barrier_key:1 to store for rank: 1
INFO [56804 distributed_c10d.py:442] Added key: store_based_barrier_key:1 to store for rank: 2
INFO [56805 distributed_c10d.py:442] Added key: store_based_barrier_key:1 to store for rank: 3
INFO [56806 distributed_c10d.py:442] Added key: store_based_barrier_key:1 to store for rank: 4
INFO [56808 distributed_c10d.py:442] Added key: store_based_barrier_key:1 to store for rank: 6
INFO [56807 distributed_c10d.py:442] Added key: store_based_barrier_key:1 to store for rank: 5
INFO [56809 distributed_c10d.py:442] Added key: store_based_barrier_key:1 to store for rank: 7
INFO [56807 distributed_c10d.py:476] Rank 5: Completed store-based barrier for key:store_based_barrier_key:1 with 8 nodes.
INFO [56803 distributed_c10d.py:476] Rank 1: Completed store-based barrier for key:store_based_barrier_key:1 with 8 nodes.
INFO [56809 distributed_c10d.py:476] Rank 7: Completed store-based barrier for key:store_based_barrier_key:1 with 8 nodes.
INFO [56804 distributed_c10d.py:476] Rank 2: Completed store-based barrier for key:store_based_barrier_key:1 with 8 nodes.
INFO [56806 distributed_c10d.py:476] Rank 4: Completed store-based barrier for key:store_based_barrier_key:1 with 8 nodes.
INFO [56805 distributed_c10d.py:476] Rank 3: Completed store-based barrier for key:store_based_barrier_key:1 with 8 nodes.
E20240211 01:36:47.971441 56807 IPCTensor.h:348] IPCTensor full_emb already exists
E20240211 01:36:47.971545 56803 IPCTensor.h:348] IPCTensor full_emb already exists
E20240211 01:36:47.971590 56809 IPCTensor.h:348] IPCTensor full_emb already exists
E20240211 01:36:47.971735 56806 IPCTensor.h:348] IPCTensor full_emb already exists
E20240211 01:36:47.971738 56804 IPCTensor.h:348] IPCTensor full_emb already exists
E20240211 01:36:47.971822 56805 IPCTensor.h:348] IPCTensor full_emb already exists
INFO [56442 distributed_c10d.py:476] Rank 0: Completed store-based barrier for key:store_based_barrier_key:1 with 8 nodes.
E20240211 01:36:47.974411 56442 IPCTensor.h:348] IPCTensor full_emb already exists
INFO [56808 distributed_c10d.py:476] Rank 6: Completed store-based barrier for key:store_based_barrier_key:1 with 8 nodes.
E20240211 01:36:47.980036 56808 IPCTensor.h:348] IPCTensor full_emb already exists
W20240211 01:36:53.367781 56803 IPCTensor.h:409] NewIPCGPUTensor: embedding_cache_1 [472460, 32]; dev=1; size=57.67 MB
W20240211 01:36:53.368099 56809 IPCTensor.h:409] NewIPCGPUTensor: embedding_cache_7 [472460, 32]; dev=7; size=57.67 MB
W20240211 01:36:53.368296 56806 IPCTensor.h:409] NewIPCGPUTensor: embedding_cache_4 [472460, 32]; dev=4; size=57.67 MB
W20240211 01:36:53.368321 56804 IPCTensor.h:409] NewIPCGPUTensor: embedding_cache_2 [472460, 32]; dev=2; size=57.67 MB
W20240211 01:36:53.371995 56442 IPCTensor.h:409] NewIPCGPUTensor: embedding_cache_0 [472460, 32]; dev=0; size=57.67 MB
W20240211 01:36:53.383303 56807 IPCTensor.h:409] NewIPCGPUTensor: embedding_cache_5 [472460, 32]; dev=5; size=57.67 MB
W20240211 01:36:53.383302 56808 IPCTensor.h:409] NewIPCGPUTensor: embedding_cache_6 [472460, 32]; dev=6; size=57.67 MB
W20240211 01:36:53.383301 56805 IPCTensor.h:409] NewIPCGPUTensor: embedding_cache_3 [472460, 32]; dev=3; size=57.67 MB
W20240211 01:36:58.516589 56809 IPCTensor.h:369] NewIPCTensor: input_keys_7 [1000000]0x10004817d000 7.629 MB
W20240211 01:36:58.516786 56809 IPCTensor.h:369] NewIPCTensor: input_keys_neg_7 [1000000]0x100048922000 7.629 MB
W20240211 01:36:58.516852 56809 IPCTensor.h:369] NewIPCTensor: backward_grads_7 [1000000, 32]0x1000490c5000 122.1 MB
W20240211 01:36:58.516907 56809 IPCTensor.h:369] NewIPCTensor: backward_grads_neg_7 [1000000, 32]0x100050ad9000 122.1 MB
W20240211 01:36:58.516945 56805 IPCTensor.h:369] NewIPCTensor: input_keys_3 [1000000]0x1000584ed000 7.629 MB
W20240211 01:36:58.516970 56809 IPCTensor.h:409] NewIPCGPUTensor: backward_grads_7_gpu [1000000, 32]; dev=7; size=122.1 MB
W20240211 01:36:58.517109 56805 IPCTensor.h:369] NewIPCTensor: input_keys_neg_3 [1000000]0x100058c90000 7.629 MB
W20240211 01:36:58.517177 56805 IPCTensor.h:369] NewIPCTensor: backward_grads_3 [1000000, 32]0x100059433000 122.1 MB
W20240211 01:36:58.517235 56805 IPCTensor.h:369] NewIPCTensor: backward_grads_neg_3 [1000000, 32]0x100060e47000 122.1 MB
W20240211 01:36:58.517287 56805 IPCTensor.h:409] NewIPCGPUTensor: backward_grads_3_gpu [1000000, 32]; dev=3; size=122.1 MB
W20240211 01:36:58.518957 56804 IPCTensor.h:369] NewIPCTensor: input_keys_2 [1000000]0x10006885d000 7.629 MB
W20240211 01:36:58.519106 56809 IPCTensor.h:409] NewIPCGPUTensor: backward_grads_neg_7_gpu [1000000, 32]; dev=7; size=122.1 MB
W20240211 01:36:58.519116 56804 IPCTensor.h:369] NewIPCTensor: input_keys_neg_2 [1000000]0x100069002000 7.629 MB
W20240211 01:36:58.519179 56804 IPCTensor.h:369] NewIPCTensor: backward_grads_2 [1000000, 32]0x1000697a5000 122.1 MB
W20240211 01:36:58.519227 56804 IPCTensor.h:369] NewIPCTensor: backward_grads_neg_2 [1000000, 32]0x1000711b9000 122.1 MB
W20240211 01:36:58.519292 56804 IPCTensor.h:409] NewIPCGPUTensor: backward_grads_2_gpu [1000000, 32]; dev=2; size=122.1 MB
W20240211 01:36:58.519326 56805 IPCTensor.h:409] NewIPCGPUTensor: backward_grads_neg_3_gpu [1000000, 32]; dev=3; size=122.1 MB
W20240211 01:36:58.520164 56804 IPCTensor.h:409] NewIPCGPUTensor: backward_grads_neg_2_gpu [1000000, 32]; dev=2; size=122.1 MB
W20240211 01:36:58.533782 56806 IPCTensor.h:369] NewIPCTensor: input_keys_4 [1000000]0x100078bd9000 7.629 MB
W20240211 01:36:58.534011 56806 IPCTensor.h:369] NewIPCTensor: input_keys_neg_4 [1000000]0x10007937c000 7.629 MB
W20240211 01:36:58.534085 56806 IPCTensor.h:369] NewIPCTensor: backward_grads_4 [1000000, 32]0x100079b1f000 122.1 MB
W20240211 01:36:58.534135 56806 IPCTensor.h:369] NewIPCTensor: backward_grads_neg_4 [1000000, 32]0x100081533000 122.1 MB
W20240211 01:36:58.534188 56806 IPCTensor.h:409] NewIPCGPUTensor: backward_grads_4_gpu [1000000, 32]; dev=4; size=122.1 MB
W20240211 01:36:58.536540 56806 IPCTensor.h:409] NewIPCGPUTensor: backward_grads_neg_4_gpu [1000000, 32]; dev=4; size=122.1 MB
W20240211 01:36:58.556162 56442 IPCTensor.h:369] NewIPCTensor: input_keys_0 [1000000]0x100088f4d000 7.629 MB
W20240211 01:36:58.556540 56442 IPCTensor.h:369] NewIPCTensor: input_keys_neg_0 [1000000]0x1000896f0000 7.629 MB
W20240211 01:36:58.556625 56442 IPCTensor.h:369] NewIPCTensor: backward_grads_0 [1000000, 32]0x100089e93000 122.1 MB
W20240211 01:36:58.556679 56442 IPCTensor.h:369] NewIPCTensor: backward_grads_neg_0 [1000000, 32]0x1000918a7000 122.1 MB
W20240211 01:36:58.556736 56442 IPCTensor.h:409] NewIPCGPUTensor: backward_grads_0_gpu [1000000, 32]; dev=0; size=122.1 MB
W20240211 01:36:58.557407 56442 IPCTensor.h:409] NewIPCGPUTensor: backward_grads_neg_0_gpu [1000000, 32]; dev=0; size=122.1 MB
W20240211 01:36:58.687758 56807 IPCTensor.h:369] NewIPCTensor: input_keys_5 [1000000]0x1000992c3000 7.629 MB
W20240211 01:36:58.687964 56807 IPCTensor.h:369] NewIPCTensor: input_keys_neg_5 [1000000]0x100099a66000 7.629 MB
W20240211 01:36:58.688035 56807 IPCTensor.h:369] NewIPCTensor: backward_grads_5 [1000000, 32]0x10009a9ac000 122.1 MB
W20240211 01:36:58.688046 56808 IPCTensor.h:369] NewIPCTensor: input_keys_6 [1000000]0x10009a209000 7.629 MB
W20240211 01:36:58.688099 56807 IPCTensor.h:369] NewIPCTensor: backward_grads_neg_5 [1000000, 32]0x1000a23c0000 122.1 MB
W20240211 01:36:58.688189 56807 IPCTensor.h:409] NewIPCGPUTensor: backward_grads_5_gpu [1000000, 32]; dev=5; size=122.1 MB
W20240211 01:36:58.688321 56808 IPCTensor.h:369] NewIPCTensor: input_keys_neg_6 [1000000]0x1000a9dd4000 7.629 MB
W20240211 01:36:58.688408 56808 IPCTensor.h:369] NewIPCTensor: backward_grads_6 [1000000, 32]0x1000aa577000 122.1 MB
W20240211 01:36:58.688467 56808 IPCTensor.h:369] NewIPCTensor: backward_grads_neg_6 [1000000, 32]0x1000b1f8b000 122.1 MB
W20240211 01:36:58.688522 56808 IPCTensor.h:409] NewIPCGPUTensor: backward_grads_6_gpu [1000000, 32]; dev=6; size=122.1 MB
W20240211 01:36:58.691448 56803 IPCTensor.h:369] NewIPCTensor: input_keys_1 [1000000]0x1000b99a1000 7.629 MB
W20240211 01:36:58.691641 56803 IPCTensor.h:369] NewIPCTensor: input_keys_neg_1 [1000000]0x1000ba144000 7.629 MB
W20240211 01:36:58.691699 56803 IPCTensor.h:369] NewIPCTensor: backward_grads_1 [1000000, 32]0x1000ba8e7000 122.1 MB
W20240211 01:36:58.691747 56803 IPCTensor.h:369] NewIPCTensor: backward_grads_neg_1 [1000000, 32]0x1000c22fb000 122.1 MB
W20240211 01:36:58.691802 56803 IPCTensor.h:409] NewIPCGPUTensor: backward_grads_1_gpu [1000000, 32]; dev=1; size=122.1 MB
W20240211 01:36:58.692298 56807 IPCTensor.h:409] NewIPCGPUTensor: backward_grads_neg_5_gpu [1000000, 32]; dev=5; size=122.1 MB
W20240211 01:36:58.692608 56808 IPCTensor.h:409] NewIPCGPUTensor: backward_grads_neg_6_gpu [1000000, 32]; dev=6; size=122.1 MB
W20240211 01:36:58.695931 56803 IPCTensor.h:409] NewIPCGPUTensor: backward_grads_neg_1_gpu [1000000, 32]; dev=1; size=122.1 MB
cudaHostRegister 0x100000002000
2: KnownLocalCachedEmbedding init done
Worker 7 pid=56809
New CachedEmbedding, name=full_emb, shape=(9449206, 32), cache_type=KnownLocalCachedEmbeddingSoftware
fixed cache_range is [(0, 472460), (472460, 944920), (944920, 1417380), (1417380, 1889840), (1889840, 2362300), (2362300, 2834760), (2834760, 3307220), (3307220, 3779680)]
cudaHostRegister 0x100000002000
0: KnownLocalCachedEmbedding init done
cudaHostRegister 0x100000002000
7: KnownLocalCachedEmbedding init done
cudaHostRegister 0x100000002000
4: KnownLocalCachedEmbedding init done
cudaHostRegister 0x100000002000
6: KnownLocalCachedEmbedding init done
cudaHostRegister 0x100000002000
1: KnownLocalCachedEmbedding init done
cudaHostRegister 0x100000002000
5: KnownLocalCachedEmbedding init done
cudaHostRegister 0x100000002000
3: KnownLocalCachedEmbedding init done
W20240211 01:37:03.357553 56808 IPCTensor.h:369] NewIPCTensor: cached_sampler_r6_0 [1000000]0x1000c9d1b000 7.629 MB
W20240211 01:37:03.357770 56808 IPCTensor.h:369] NewIPCTensor: cached_sampler_r6_1 [1000000]0x1000ca4be000 7.629 MB
W20240211 01:37:03.357825 56808 IPCTensor.h:369] NewIPCTensor: cached_sampler_r6_2 [1000000]0x1000cac61000 7.629 MB
W20240211 01:37:03.357874 56808 IPCTensor.h:369] NewIPCTensor: cached_sampler_r6_3 [1000000]0x1000cb404000 7.629 MB
W20240211 01:37:03.357920 56808 IPCTensor.h:369] NewIPCTensor: cached_sampler_r6_4 [1000000]0x1000cbba7000 7.629 MB
W20240211 01:37:03.357978 56808 IPCTensor.h:369] NewIPCTensor: cached_sampler_r6_5 [1000000]0x1000cc34a000 7.629 MB
W20240211 01:37:03.358034 56808 IPCTensor.h:369] NewIPCTensor: cached_sampler_r6_6 [1000000]0x1000ccaed000 7.629 MB
W20240211 01:37:03.358099 56808 IPCTensor.h:369] NewIPCTensor: cached_sampler_r6_7 [1000000]0x1000cd290000 7.629 MB
W20240211 01:37:03.358148 56808 IPCTensor.h:369] NewIPCTensor: cached_sampler_r6_8 [1000000]0x1000cda33000 7.629 MB
W20240211 01:37:03.358191 56808 IPCTensor.h:369] NewIPCTensor: cached_sampler_r6_9 [1000000]0x1000ce1d6000 7.629 MB
W20240211 01:37:03.358243 56808 IPCTensor.h:369] NewIPCTensor: step_r6 [10]0x1000ce979000 80 B 
W20240211 01:37:03.358283 56808 IPCTensor.h:369] NewIPCTensor: circle_buffer_end_r6 [1]0x1000ce97b000 8 B 
W20240211 01:37:03.358320 56808 IPCTensor.h:369] NewIPCTensor: circle_buffer_end_cppseen_r6 [1]0x1000ce97d000 8 B 
Dataset:  /home/xieminhui/RecStoreDataset/avazu_binary
Dataset loaded
np.max =  9449205
np.min=  1
Construct RecModelSampler done
Construct KGCacheControllerWrapper done
E20240211 01:37:03.359009 56808 recstore.cc:66] init folly done
W20240211 01:37:03.649117 56803 IPCTensor.h:369] NewIPCTensor: cached_sampler_r1_0 [1000000]0x1000ce97f000 7.629 MB
W20240211 01:37:03.649281 56803 IPCTensor.h:369] NewIPCTensor: cached_sampler_r1_1 [1000000]0x1000cf122000 7.629 MB
W20240211 01:37:03.649346 56803 IPCTensor.h:369] NewIPCTensor: cached_sampler_r1_2 [1000000]0x1000cf8c5000 7.629 MB
W20240211 01:37:03.649389 56803 IPCTensor.h:369] NewIPCTensor: cached_sampler_r1_3 [1000000]0x1000d0068000 7.629 MB
W20240211 01:37:03.649426 56803 IPCTensor.h:369] NewIPCTensor: cached_sampler_r1_4 [1000000]0x1000d080b000 7.629 MB
W20240211 01:37:03.649477 56803 IPCTensor.h:369] NewIPCTensor: cached_sampler_r1_5 [1000000]0x1000d0fae000 7.629 MB
W20240211 01:37:03.649535 56803 IPCTensor.h:369] NewIPCTensor: cached_sampler_r1_6 [1000000]0x1000d1751000 7.629 MB
W20240211 01:37:03.649601 56803 IPCTensor.h:369] NewIPCTensor: cached_sampler_r1_7 [1000000]0x1000d1ef4000 7.629 MB
W20240211 01:37:03.649645 56803 IPCTensor.h:369] NewIPCTensor: cached_sampler_r1_8 [1000000]0x1000d2697000 7.629 MB
W20240211 01:37:03.649688 56803 IPCTensor.h:369] NewIPCTensor: cached_sampler_r1_9 [1000000]0x1000d2e3a000 7.629 MB
W20240211 01:37:03.649735 56803 IPCTensor.h:369] NewIPCTensor: step_r1 [10]0x1000d35dd000 80 B 
W20240211 01:37:03.649770 56803 IPCTensor.h:369] NewIPCTensor: circle_buffer_end_r1 [1]0x1000d35df000 8 B 
W20240211 01:37:03.649801 56803 IPCTensor.h:369] NewIPCTensor: circle_buffer_end_cppseen_r1 [1]0x1000d35e1000 8 B 
Dataset:  /home/xieminhui/RecStoreDataset/avazu_binary
Dataset loaded
np.max =  9449205
np.min=  1
Construct RecModelSampler done
Construct KGCacheControllerWrapper done
E20240211 01:37:03.650308 56803 recstore.cc:66] init folly done
W20240211 01:37:03.696992 56807 IPCTensor.h:369] NewIPCTensor: cached_sampler_r5_0 [1000000]0x1000d35e3000 7.629 MB
W20240211 01:37:03.697161 56807 IPCTensor.h:369] NewIPCTensor: cached_sampler_r5_1 [1000000]0x1000d3d86000 7.629 MB
W20240211 01:37:03.697240 56807 IPCTensor.h:369] NewIPCTensor: cached_sampler_r5_2 [1000000]0x1000d4529000 7.629 MB
W20240211 01:37:03.697291 56807 IPCTensor.h:369] NewIPCTensor: cached_sampler_r5_3 [1000000]0x1000d4ccc000 7.629 MB
W20240211 01:37:03.697346 56807 IPCTensor.h:369] NewIPCTensor: cached_sampler_r5_4 [1000000]0x1000d546f000 7.629 MB
W20240211 01:37:03.697412 56807 IPCTensor.h:369] NewIPCTensor: cached_sampler_r5_5 [1000000]0x1000d5c12000 7.629 MB
W20240211 01:37:03.697484 56807 IPCTensor.h:369] NewIPCTensor: cached_sampler_r5_6 [1000000]0x1000d63b5000 7.629 MB
W20240211 01:37:03.697564 56807 IPCTensor.h:369] NewIPCTensor: cached_sampler_r5_7 [1000000]0x1000d6b58000 7.629 MB
W20240211 01:37:03.697628 56807 IPCTensor.h:369] NewIPCTensor: cached_sampler_r5_8 [1000000]0x1000d72fb000 7.629 MB
W20240211 01:37:03.697680 56807 IPCTensor.h:369] NewIPCTensor: cached_sampler_r5_9 [1000000]0x1000d7a9e000 7.629 MB
W20240211 01:37:03.697741 56807 IPCTensor.h:369] NewIPCTensor: step_r5 [10]0x1000d8241000 80 B 
W20240211 01:37:03.697785 56807 IPCTensor.h:369] NewIPCTensor: circle_buffer_end_r5 [1]0x1000d8243000 8 B 
W20240211 01:37:03.697832 56807 IPCTensor.h:369] NewIPCTensor: circle_buffer_end_cppseen_r5 [1]0x1000d8245000 8 B 
Dataset:  /home/xieminhui/RecStoreDataset/avazu_binary
Dataset loaded
np.max =  9449205
np.min=  1
Construct RecModelSampler done
Construct KGCacheControllerWrapper done
E20240211 01:37:03.698390 56807 recstore.cc:66] init folly done
W20240211 01:37:03.727871 56442 IPCTensor.h:369] NewIPCTensor: cached_sampler_r0_0 [1000000]0x1000d8247000 7.629 MB
W20240211 01:37:03.728091 56442 IPCTensor.h:369] NewIPCTensor: cached_sampler_r0_1 [1000000]0x1000d89ea000 7.629 MB
W20240211 01:37:03.728142 56442 IPCTensor.h:369] NewIPCTensor: cached_sampler_r0_2 [1000000]0x1000d918d000 7.629 MB
W20240211 01:37:03.728189 56442 IPCTensor.h:369] NewIPCTensor: cached_sampler_r0_3 [1000000]0x1000d9930000 7.629 MB
W20240211 01:37:03.728235 56442 IPCTensor.h:369] NewIPCTensor: cached_sampler_r0_4 [1000000]0x1000da0d3000 7.629 MB
W20240211 01:37:03.728288 56442 IPCTensor.h:369] NewIPCTensor: cached_sampler_r0_5 [1000000]0x1000da876000 7.629 MB
W20240211 01:37:03.728349 56442 IPCTensor.h:369] NewIPCTensor: cached_sampler_r0_6 [1000000]0x1000db019000 7.629 MB
W20240211 01:37:03.728433 56442 IPCTensor.h:369] NewIPCTensor: cached_sampler_r0_7 [1000000]0x1000db7bc000 7.629 MB
W20240211 01:37:03.728492 56442 IPCTensor.h:369] NewIPCTensor: cached_sampler_r0_8 [1000000]0x1000dbf5f000 7.629 MB
W20240211 01:37:03.728577 56442 IPCTensor.h:369] NewIPCTensor: cached_sampler_r0_9 [1000000]0x1000dc702000 7.629 MB
W20240211 01:37:03.728629 56442 IPCTensor.h:369] NewIPCTensor: step_r0 [10]0x1000dcea5000 80 B 
W20240211 01:37:03.728669 56442 IPCTensor.h:369] NewIPCTensor: circle_buffer_end_r0 [1]0x1000dcea7000 8 B 
W20240211 01:37:03.728720 56442 IPCTensor.h:369] NewIPCTensor: circle_buffer_end_cppseen_r0 [1]0x1000dcea9000 8 B 
Dataset:  /home/xieminhui/RecStoreDataset/avazu_binary
Dataset loaded
np.max =  9449205
np.min=  1
Construct RecModelSampler done
Construct KGCacheControllerWrapper done
E20240211 01:37:03.729650 56442 recstore.cc:66] init folly done
W20240211 01:37:03.853639 56805 IPCTensor.h:369] NewIPCTensor: cached_sampler_r3_0 [1000000]0x1000dceab000 7.629 MB
W20240211 01:37:03.853858 56805 IPCTensor.h:369] NewIPCTensor: cached_sampler_r3_1 [1000000]0x1000dd64e000 7.629 MB
W20240211 01:37:03.853917 56805 IPCTensor.h:369] NewIPCTensor: cached_sampler_r3_2 [1000000]0x1000dddf1000 7.629 MB
W20240211 01:37:03.853963 56805 IPCTensor.h:369] NewIPCTensor: cached_sampler_r3_3 [1000000]0x1000de594000 7.629 MB
W20240211 01:37:03.854009 56805 IPCTensor.h:369] NewIPCTensor: cached_sampler_r3_4 [1000000]0x1000ded37000 7.629 MB
W20240211 01:37:03.854074 56805 IPCTensor.h:369] NewIPCTensor: cached_sampler_r3_5 [1000000]0x1000df4da000 7.629 MB
W20240211 01:37:03.854130 56805 IPCTensor.h:369] NewIPCTensor: cached_sampler_r3_6 [1000000]0x1000dfc7d000 7.629 MB
W20240211 01:37:03.854187 56805 IPCTensor.h:369] NewIPCTensor: cached_sampler_r3_7 [1000000]0x1000e0420000 7.629 MB
W20240211 01:37:03.854226 56805 IPCTensor.h:369] NewIPCTensor: cached_sampler_r3_8 [1000000]0x1000e0bc3000 7.629 MB
W20240211 01:37:03.854269 56805 IPCTensor.h:369] NewIPCTensor: cached_sampler_r3_9 [1000000]0x1000e1366000 7.629 MB
W20240211 01:37:03.854341 56805 IPCTensor.h:369] NewIPCTensor: step_r3 [10]0x1000e1b09000 80 B 
W20240211 01:37:03.854378 56805 IPCTensor.h:369] NewIPCTensor: circle_buffer_end_r3 [1]0x1000e1b0b000 8 B 
W20240211 01:37:03.854415 56805 IPCTensor.h:369] NewIPCTensor: circle_buffer_end_cppseen_r3 [1]0x1000e1b0d000 8 B 
Dataset:  /home/xieminhui/RecStoreDataset/avazu_binary
Dataset loaded
np.max =  9449205
np.min=  1
Construct RecModelSampler done
Construct KGCacheControllerWrapper done
E20240211 01:37:03.855005 56805 recstore.cc:66] init folly done
W20240211 01:37:04.066165 56804 IPCTensor.h:369] NewIPCTensor: cached_sampler_r2_0 [1000000]0x1000e1b0f000 7.629 MB
W20240211 01:37:04.066358 56804 IPCTensor.h:369] NewIPCTensor: cached_sampler_r2_1 [1000000]0x1000e22b2000 7.629 MB
W20240211 01:37:04.066416 56804 IPCTensor.h:369] NewIPCTensor: cached_sampler_r2_2 [1000000]0x1000e2a55000 7.629 MB
W20240211 01:37:04.066462 56804 IPCTensor.h:369] NewIPCTensor: cached_sampler_r2_3 [1000000]0x1000e31f8000 7.629 MB
W20240211 01:37:04.066505 56804 IPCTensor.h:369] NewIPCTensor: cached_sampler_r2_4 [1000000]0x1000e399b000 7.629 MB
W20240211 01:37:04.066561 56804 IPCTensor.h:369] NewIPCTensor: cached_sampler_r2_5 [1000000]0x1000e413e000 7.629 MB
W20240211 01:37:04.066624 56804 IPCTensor.h:369] NewIPCTensor: cached_sampler_r2_6 [1000000]0x1000e48e1000 7.629 MB
W20240211 01:37:04.066687 56804 IPCTensor.h:369] NewIPCTensor: cached_sampler_r2_7 [1000000]0x1000e5084000 7.629 MB
W20240211 01:37:04.066730 56804 IPCTensor.h:369] NewIPCTensor: cached_sampler_r2_8 [1000000]0x1000e5827000 7.629 MB
W20240211 01:37:04.066773 56804 IPCTensor.h:369] NewIPCTensor: cached_sampler_r2_9 [1000000]0x1000e5fca000 7.629 MB
W20240211 01:37:04.066829 56804 IPCTensor.h:369] NewIPCTensor: step_r2 [10]0x1000e676d000 80 B 
W20240211 01:37:04.066867 56804 IPCTensor.h:369] NewIPCTensor: circle_buffer_end_r2 [1]0x1000e676f000 8 B 
W20240211 01:37:04.066915 56804 IPCTensor.h:369] NewIPCTensor: circle_buffer_end_cppseen_r2 [1]0x1000e6771000 8 B 
Dataset:  /home/xieminhui/RecStoreDataset/avazu_binary
Dataset loaded
np.max =  9449205
np.min=  1
Construct RecModelSampler done
Construct KGCacheControllerWrapper done
E20240211 01:37:04.067492 56804 recstore.cc:66] init folly done
W20240211 01:37:04.208070 56809 IPCTensor.h:369] NewIPCTensor: cached_sampler_r7_0 [1000000]0x1000e6773000 7.629 MB
W20240211 01:37:04.208360 56809 IPCTensor.h:369] NewIPCTensor: cached_sampler_r7_1 [1000000]0x1000e6f16000 7.629 MB
W20240211 01:37:04.208434 56809 IPCTensor.h:369] NewIPCTensor: cached_sampler_r7_2 [1000000]0x1000e76b9000 7.629 MB
W20240211 01:37:04.208485 56809 IPCTensor.h:369] NewIPCTensor: cached_sampler_r7_3 [1000000]0x1000e7e5c000 7.629 MB
W20240211 01:37:04.208536 56809 IPCTensor.h:369] NewIPCTensor: cached_sampler_r7_4 [1000000]0x1000e85ff000 7.629 MB
W20240211 01:37:04.208611 56809 IPCTensor.h:369] NewIPCTensor: cached_sampler_r7_5 [1000000]0x1000e8da2000 7.629 MB
W20240211 01:37:04.208722 56809 IPCTensor.h:369] NewIPCTensor: cached_sampler_r7_6 [1000000]0x1000e9545000 7.629 MB
W20240211 01:37:04.208818 56809 IPCTensor.h:369] NewIPCTensor: cached_sampler_r7_7 [1000000]0x1000e9ce8000 7.629 MB
W20240211 01:37:04.208876 56809 IPCTensor.h:369] NewIPCTensor: cached_sampler_r7_8 [1000000]0x1000ea48b000 7.629 MB
W20240211 01:37:04.208940 56809 IPCTensor.h:369] NewIPCTensor: cached_sampler_r7_9 [1000000]0x1000eac2e000 7.629 MB
W20240211 01:37:04.208993 56809 IPCTensor.h:369] NewIPCTensor: step_r7 [10]0x1000eb3d1000 80 B 
W20240211 01:37:04.209034 56809 IPCTensor.h:369] NewIPCTensor: circle_buffer_end_r7 [1]0x1000eb3d3000 8 B 
W20240211 01:37:04.209072 56809 IPCTensor.h:369] NewIPCTensor: circle_buffer_end_cppseen_r7 [1]0x1000eb3d5000 8 B 
Dataset:  /home/xieminhui/RecStoreDataset/avazu_binary
Dataset loaded
np.max =  9449205
np.min=  1
Construct RecModelSampler done
Construct KGCacheControllerWrapper done
E20240211 01:37:04.209642 56809 recstore.cc:66] init folly done
W20240211 01:37:04.275557 56806 IPCTensor.h:369] NewIPCTensor: cached_sampler_r4_0 [1000000]0x1000eb3d7000 7.629 MB
W20240211 01:37:04.275755 56806 IPCTensor.h:369] NewIPCTensor: cached_sampler_r4_1 [1000000]0x1000ebb7a000 7.629 MB
W20240211 01:37:04.275815 56806 IPCTensor.h:369] NewIPCTensor: cached_sampler_r4_2 [1000000]0x1000ec31d000 7.629 MB
W20240211 01:37:04.275859 56806 IPCTensor.h:369] NewIPCTensor: cached_sampler_r4_3 [1000000]0x1000ecac0000 7.629 MB
W20240211 01:37:04.275911 56806 IPCTensor.h:369] NewIPCTensor: cached_sampler_r4_4 [1000000]0x1000ed263000 7.629 MB
W20240211 01:37:04.275972 56806 IPCTensor.h:369] NewIPCTensor: cached_sampler_r4_5 [1000000]0x1000eda06000 7.629 MB
W20240211 01:37:04.276036 56806 IPCTensor.h:369] NewIPCTensor: cached_sampler_r4_6 [1000000]0x1000ee1a9000 7.629 MB
W20240211 01:37:04.276118 56806 IPCTensor.h:369] NewIPCTensor: cached_sampler_r4_7 [1000000]0x1000ee94c000 7.629 MB
W20240211 01:37:04.276165 56806 IPCTensor.h:369] NewIPCTensor: cached_sampler_r4_8 [1000000]0x1000ef0ef000 7.629 MB
W20240211 01:37:04.276222 56806 IPCTensor.h:369] NewIPCTensor: cached_sampler_r4_9 [1000000]0x1000ef892000 7.629 MB
W20240211 01:37:04.276286 56806 IPCTensor.h:369] NewIPCTensor: step_r4 [10]0x1000f0035000 80 B 
W20240211 01:37:04.276331 56806 IPCTensor.h:369] NewIPCTensor: circle_buffer_end_r4 [1]0x1000f0037000 8 B 
W20240211 01:37:04.276376 56806 IPCTensor.h:369] NewIPCTensor: circle_buffer_end_cppseen_r4 [1]0x1000f0039000 8 B 
Dataset:  /home/xieminhui/RecStoreDataset/avazu_binary
Dataset loaded
np.max =  9449205
np.min=  1
Construct RecModelSampler done
Construct KGCacheControllerWrapper done
E20240211 01:37:04.276962 56806 recstore.cc:66] init folly done
Before Training
I20240211 01:37:05.146127 56442 IPC_barrier.h:118] CreateBarrier: new barrier, name: start_barrier, count: 8
Before Training
Before Training
Before Training
Before Training
Before Training
Before Training
Before Training
I20240211 01:37:05.146360 56804 IPC_barrier.h:112] CreateBarrier: find existing barrier, name: start_barrier, count: 8
I20240211 01:37:05.146390 56807 IPC_barrier.h:112] CreateBarrier: find existing barrier, name: start_barrier, count: 8
I20240211 01:37:05.146415 56805 IPC_barrier.h:112] CreateBarrier: find existing barrier, name: start_barrier, count: 8
I20240211 01:37:05.146437 56808 IPC_barrier.h:112] CreateBarrier: find existing barrier, name: start_barrier, count: 8
I20240211 01:37:05.146462 56803 IPC_barrier.h:112] CreateBarrier: find existing barrier, name: start_barrier, count: 8
I20240211 01:37:05.146483 56809 IPC_barrier.h:112] CreateBarrier: find existing barrier, name: start_barrier, count: 8
I20240211 01:37:05.146503 56806 IPC_barrier.h:112] CreateBarrier: find existing barrier, name: start_barrier, count: 8
========== Step 0 ========== 
+---------------------------+---------------------------+---------------------------+
| Name                      | P50                       | P99                       |
+---------------------------+---------------------------+---------------------------+
| GenInput:CircleBuffer     | 146.921 us                | 146.921 us                |
| GenInput                  | 882.864 us                | 882.864 us                |
| bucket keys               | 61.049 ms                 | 61.049 ms                 |
| forward: join             | 59.174 ms                 | 59.174 ms                 |
| NN                        | 186.700 ms                | 186.700 ms                |
| Forward                   | 441.572 ms                | 441.572 ms                |
| back: bucket keys         | 570.520 us                | 570.520 us                |
+---------------------------+---------------------------+---------------------------+
+---------------------------+---------------------------+---------------------------+
| Name                      | P50                       | P99                       |
+---------------------------+---------------------------+---------------------------+
| GenInput:CircleBuffer     | 146.921 us                | 146.921 us                |
| GenInput                  | 882.864 us                | 882.864 us                |
| bucket keys               | 61.049 ms                 | 61.049 ms                 |
| forward: join             | 59.174 ms                 | 59.174 ms                 |
| NN                        | 186.700 ms                | 186.700 ms                |
| Forward                   | 441.572 ms                | 441.572 ms                |
| back: bucket keys         | 570.520 us                | 570.520 us                |
+---------------------------+---------------------------+---------------------------+
+---------------------------+---------------------------+---------------------------+
| Name                      | P50                       | P99                       |
+---------------------------+---------------------------+---------------------------+
| GenInput:CircleBuffer     | 146.921 us                | 146.921 us                |
| GenInput                  | 882.864 us                | 882.864 us                |
| bucket keys               | 61.049 ms                 | 61.049 ms                 |
| forward: join             | 59.174 ms                 | 59.174 ms                 |
| NN                        | 186.700 ms                | 186.700 ms                |
| Forward                   | 441.572 ms                | 441.572 ms                |
| back: bucket keys         | 570.520 us                | 570.520 us                |
+---------------------------+---------------------------+---------------------------+
+---------------------------+---------------------------+---------------------------+
| Name                      | P50                       | P99                       |
+---------------------------+---------------------------+---------------------------+
| GenInput:CircleBuffer     | 146.921 us                | 146.921 us                |
| GenInput                  | 882.864 us                | 882.864 us                |
| bucket keys               | 61.049 ms                 | 61.049 ms                 |
| forward: join             | 59.174 ms                 | 59.174 ms                 |
| NN                        | 186.700 ms                | 186.700 ms                |
| Forward                   | 441.572 ms                | 441.572 ms                |
| back: bucket keys         | 570.520 us                | 570.520 us                |
+---------------------------+---------------------------+---------------------------+
+---------------------------+---------------------------+---------------------------+
| Name                      | P50                       | P99                       |
+---------------------------+---------------------------+---------------------------+
| GenInput:CircleBuffer     | 146.921 us                | 146.921 us                |
| GenInput                  | 882.864 us                | 882.864 us                |
| bucket keys               | 61.049 ms                 | 61.049 ms                 |
| forward: join             | 59.174 ms                 | 59.174 ms                 |
| NN                        | 186.700 ms                | 186.700 ms                |
| Forward                   | 441.572 ms                | 441.572 ms                |
| back: bucket keys         | 570.520 us                | 570.520 us                |
+---------------------------+---------------------------+---------------------------+
+---------------------------+---------------------------+---------------------------+
| Name                      | P50                       | P99                       |
+---------------------------+---------------------------+---------------------------+
| GenInput:CircleBuffer     | 146.921 us                | 146.921 us                |
| GenInput                  | 882.864 us                | 882.864 us                |
| bucket keys               | 61.049 ms                 | 61.049 ms                 |
| forward: join             | 59.174 ms                 | 59.174 ms                 |
| NN                        | 186.700 ms                | 186.700 ms                |
| Forward                   | 441.572 ms                | 441.572 ms                |
| back: bucket keys         | 570.520 us                | 570.520 us                |
+---------------------------+---------------------------+---------------------------+
+---------------------------+---------------------------+---------------------------+
| Name                      | P50                       | P99                       |
+---------------------------+---------------------------+---------------------------+
| GenInput:CircleBuffer     | 146.921 us                | 146.921 us                |
| GenInput                  | 882.864 us                | 882.864 us                |
| bucket keys               | 61.049 ms                 | 61.049 ms                 |
| forward: join             | 59.174 ms                 | 59.174 ms                 |
| NN                        | 186.700 ms                | 186.700 ms                |
| Forward                   | 441.572 ms                | 441.572 ms                |
| back: bucket keys         | 570.520 us                | 570.520 us                |
+---------------------------+---------------------------+---------------------------+
+---------------------------+---------------------------+---------------------------+
| Name                      | P50                       | P99                       |
+---------------------------+---------------------------+---------------------------+
| GenInput:CircleBuffer     | 146.921 us                | 146.921 us                |
| GenInput                  | 882.864 us                | 882.864 us                |
| bucket keys               | 61.049 ms                 | 61.049 ms                 |
| forward: join             | 59.174 ms                 | 59.174 ms                 |
| NN                        | 186.700 ms                | 186.700 ms                |
| Forward                   | 441.572 ms                | 441.572 ms                |
| back: bucket keys         | 570.520 us                | 570.520 us                |
+---------------------------+---------------------------+---------------------------+
+---------------------------+---------------------------+---------------------------+
| Name                      | P50                       | P99                       |
+---------------------------+---------------------------+---------------------------+
| GenInput:CircleBuffer     | 146.921 us                | 146.921 us                |
| GenInput                  | 882.864 us                | 882.864 us                |
| bucket keys               | 61.049 ms                 | 61.049 ms                 |
| forward: join             | 59.174 ms                 | 59.174 ms                 |
| NN                        | 186.700 ms                | 186.700 ms                |
| Forward                   | 441.572 ms                | 441.572 ms                |
| back: bucket keys         | 570.520 us                | 570.520 us                |
+---------------------------+---------------------------+---------------------------+
+---------------------------+---------------------------+---------------------------+
| Name                      | P50                       | P99                       |
+---------------------------+---------------------------+---------------------------+
| GenInput:CircleBuffer     | 146.921 us                | 146.921 us                |
| GenInput                  | 882.864 us                | 882.864 us                |
| bucket keys               | 61.049 ms                 | 61.049 ms                 |
| forward: join             | 59.174 ms                 | 59.174 ms                 |
| NN                        | 186.700 ms                | 186.700 ms                |
| Forward                   | 441.572 ms                | 441.572 ms                |
| back: bucket keys         | 570.520 us                | 570.520 us                |
+---------------------------+---------------------------+---------------------------+
========== Step 1 ========== 
INFO [56442 distributed.py:1140] Reducer buckets have been rebuilt in this iteration.
INFO [56803 distributed.py:1140] Reducer buckets have been rebuilt in this iteration.
+---------------------------+---------------------------+---------------------------+
| Name                      | P50                       | P99                       |
+---------------------------+---------------------------+---------------------------+
| GenInput:CircleBuffer     | 146.921 us                | 234.848 us                |
| GenInput                  | 882.864 us                | 9.184 ms                  |
| bucket keys               | 734.843 us                | 61.049 ms                 |
| forward: join             | 1.242 ms                  | 59.174 ms                 |
| NN                        | 3.502 ms                  | 186.700 ms                |
| Forward                   | 7.027 ms                  | 441.572 ms                |
| back: bucket keys         | 392.011 us                | 570.520 us                |
| back: a2a                 | 51.830 s                  | 51.830 s                  |
| back: cache               | 32.683 ms                 | 32.683 ms                 |
| back: aggr dram keys      | 1.016 s                   | 1.016 s                   |
| back: set dram grad       | 997.785 us                | 997.785 us                |
| Backward                  | 52.967 s                  | 52.967 s                  |
| Optimize                  | 110.368 ms                | 110.368 ms                |
| OneStep                   | 53.523 s                  | 53.523 s                  |
+---------------------------+---------------------------+---------------------------+
INFO [56804 distributed.py:1140] Reducer buckets have been rebuilt in this iteration.
INFO [56805 distributed.py:1140] Reducer buckets have been rebuilt in this iteration.
INFO [56806 distributed.py:1140] Reducer buckets have been rebuilt in this iteration.
INFO [56807 distributed.py:1140] Reducer buckets have been rebuilt in this iteration.
INFO [56809 distributed.py:1140] Reducer buckets have been rebuilt in this iteration.
INFO [56808 distributed.py:1140] Reducer buckets have been rebuilt in this iteration.
========== Step 2 ========== 
========== Step 3 ========== 
========== Step 4 ========== 
========== Step 5 ========== 
========== Step 6 ========== 
========== Step 7 ========== 
========== Step 8 ========== 
========== Step 9 ========== 
========== Step 10 ========== 
========== Step 11 ========== 
========== Step 12 ========== 
========== Step 13 ========== 
========== Step 14 ========== 
========== Step 15 ========== 
========== Step 16 ========== 
========== Step 17 ========== 
========== Step 18 ========== 
========== Step 19 ========== 
========== Step 20 ========== 
========== Step 21 ========== 
========== Step 22 ========== 
========== Step 23 ========== 
========== Step 24 ========== 
========== Step 25 ========== 
========== Step 26 ========== 
========== Step 27 ========== 
========== Step 28 ========== 
========== Step 29 ========== 
========== Step 30 ========== 
========== Step 31 ========== 
========== Step 32 ========== 
========== Step 33 ========== 
========== Step 34 ========== 
+---------------------------+---------------------------+---------------------------+
| Name                      | P50                       | P99                       |
+---------------------------+---------------------------+---------------------------+
| GenInput:CircleBuffer     | 123.161 us                | 8.582 ms                  |
| GenInput                  | 640.009 us                | 9.585 ms                  |
| bucket keys               | 479.882 us                | 61.049 ms                 |
| forward: join             | 49.300 ms                 | 104.622 ms                |
| NN                        | 1.218 ms                  | 186.700 ms                |
| Forward                   | 65.346 ms                 | 441.572 ms                |
| back: bucket keys         | 395.741 us                | 651.768 us                |
| back: a2a                 | 45.208 ms                 | 51.830 s                  |
| back: cache               | 5.934 ms                  | 32.683 ms                 |
| back: aggr dram keys      | 18.091 ms                 | 1.016 s                   |
| back: set dram grad       | 350.062 us                | 997.785 us                |
| Backward                  | 71.743 ms                 | 52.967 s                  |
| Optimize                  | 16.147 ms                 | 110.368 ms                |
| OneStep                   | 150.698 ms                | 53.523 s                  |
+---------------------------+---------------------------+---------------------------+
========== Step 35 ========== 
========== Step 36 ========== 
========== Step 37 ========== 
========== Step 38 ========== 
========== Step 39 ========== 
========== Step 40 ========== 
========== Step 41 ========== 
========== Step 42 ========== 
========== Step 43 ========== 
========== Step 44 ========== 
========== Step 45 ========== 
========== Step 46 ========== 
========== Step 47 ========== 
========== Step 48 ========== 
========== Step 49 ========== 
Successfully xmh
