WARNING: Logging before InitGoogleLogging() is written to STDERR
I20240129 15:40:20.415812 1967408 IPC_barrier.h:128] MultiProcessBarrierFactory->ClearIPCMemory()
/home/xieminhui/RecStore/src/framework_adapters/torch/kg/dgl-0.9.1/python/dgl/_deprecate/graph.py:1023: DGLWarning: multigraph will be deprecated.DGL will treat all graphs as multigraph in the future.
  dgl_warning("multigraph will be deprecated." \
/home/xieminhui/RecStore/src/framework_adapters/torch/kg/dgl-0.9.1/python/dgl/heterograph.py:72: DGLWarning: Recommend creating graphs by `dgl.graph(data)` instead of `dgl.DGLGraph(data)`.
  dgl_warning('Recommend creating graphs by `dgl.graph(data)`'
Reading train triples....
Finished. Read 483142 train triples.
Reading valid triples....
Finished. Read 50000 valid triples.
Reading test triples....
Finished. Read 59071 test triples.
ARGS:  Namespace(model_name='TransE', data_path='/home/xieminhui/dgl-data', dataset='FB15k', format='built_in', data_files=None, delimiter='\t', save_path='/tmp/ckpts/TransE_FB15k_159', no_save_emb=True, max_step=500, batch_size=1800, batch_size_eval=16, neg_sample_size=200, neg_deg_sample=False, neg_deg_sample_eval=False, neg_sample_size_eval=14951, eval_percent=1, no_eval_filter=False, log_interval=100, eval_interval=10000, test=False, num_proc=4, num_thread=1, force_sync_interval=1, hidden_dim=400, lr=0.01, gamma=16.0, double_ent=False, double_rel=False, neg_adversarial_sampling=False, adversarial_temperature=1.0, regularization_coef=0.0, regularization_norm=3, pairwise=False, loss_genre='Logsigmoid', margin=1.0, nr_gpus=4, gpu=[0, 1, 2, 3], mix_cpu_gpu=True, valid=False, rel_part=False, async_update=None, has_edge_importance=False, cached_emb_type='KnownLocalCachedEmbedding', use_my_emb=True, cache_ratio=0.1, shuffle=False, backwardMode='CppAsync', L=10, update_cache_use_omp=0, update_pq_use_omp=0, kForwardItersPerStep=2, backgrad_init='both', eval_filter=True, soft_rel_part=False)
|Train|: 483142
original graph:  DGLGraph(num_nodes=14951, num_edges=592213,
         ndata_schemes={}
         edata_schemes={'tid': Scheme(shape=(), dtype=torch.int64)})
Loading cached metis
WARNING [1967408 sampler.py:454] Start PreSampling
WARNING [1967408 sampler.py:532] Before construct renumbering_dict
WARNING [1967408 sampler.py:555] PreSampling done
W20240129 15:40:22.675293 1967408 IPCTensor.h:369] NewIPCTensor: cached_sampler_r0_0 [1000000]0x100000002000 7.629 MB
W20240129 15:40:22.675464 1967408 IPCTensor.h:369] NewIPCTensor: cached_sampler_r0_1 [1000000]0x1000007a5000 7.629 MB
W20240129 15:40:22.675491 1967408 IPCTensor.h:369] NewIPCTensor: cached_sampler_r0_2 [1000000]0x100000f48000 7.629 MB
W20240129 15:40:22.675514 1967408 IPCTensor.h:369] NewIPCTensor: cached_sampler_r0_3 [1000000]0x1000016eb000 7.629 MB
W20240129 15:40:22.675534 1967408 IPCTensor.h:369] NewIPCTensor: cached_sampler_r0_4 [1000000]0x100001e8e000 7.629 MB
W20240129 15:40:22.675554 1967408 IPCTensor.h:369] NewIPCTensor: cached_sampler_r0_5 [1000000]0x100002631000 7.629 MB
W20240129 15:40:22.675577 1967408 IPCTensor.h:369] NewIPCTensor: cached_sampler_r0_6 [1000000]0x100002dd4000 7.629 MB
W20240129 15:40:22.675603 1967408 IPCTensor.h:369] NewIPCTensor: cached_sampler_r0_7 [1000000]0x100003577000 7.629 MB
W20240129 15:40:22.675622 1967408 IPCTensor.h:369] NewIPCTensor: cached_sampler_r0_8 [1000000]0x100003d1a000 7.629 MB
W20240129 15:40:22.675645 1967408 IPCTensor.h:369] NewIPCTensor: cached_sampler_r0_9 [1000000]0x1000044bd000 7.629 MB
W20240129 15:40:22.675673 1967408 IPCTensor.h:369] NewIPCTensor: step_r0 [10]0x100004c60000 80 B 
W20240129 15:40:22.675694 1967408 IPCTensor.h:369] NewIPCTensor: circle_buffer_end_r0 [1]0x100004c62000 8 B 
W20240129 15:40:22.675716 1967408 IPCTensor.h:369] NewIPCTensor: circle_buffer_end_cppseen_r0 [1]0x100004c64000 8 B 
W20240129 15:40:22.675827 1967408 IPCTensor.h:369] NewIPCTensor: cached_sampler_r1_0 [1000000]0x100004c66000 7.629 MB
W20240129 15:40:22.675855 1967408 IPCTensor.h:369] NewIPCTensor: cached_sampler_r1_1 [1000000]0x100005409000 7.629 MB
W20240129 15:40:22.675876 1967408 IPCTensor.h:369] NewIPCTensor: cached_sampler_r1_2 [1000000]0x100005bac000 7.629 MB
W20240129 15:40:22.675911 1967408 IPCTensor.h:369] NewIPCTensor: cached_sampler_r1_3 [1000000]0x10000634f000 7.629 MB
W20240129 15:40:22.675936 1967408 IPCTensor.h:369] NewIPCTensor: cached_sampler_r1_4 [1000000]0x100006af2000 7.629 MB
W20240129 15:40:22.675956 1967408 IPCTensor.h:369] NewIPCTensor: cached_sampler_r1_5 [1000000]0x100007295000 7.629 MB
W20240129 15:40:22.675977 1967408 IPCTensor.h:369] NewIPCTensor: cached_sampler_r1_6 [1000000]0x100007a38000 7.629 MB
W20240129 15:40:22.675999 1967408 IPCTensor.h:369] NewIPCTensor: cached_sampler_r1_7 [1000000]0x1000081db000 7.629 MB
W20240129 15:40:22.676017 1967408 IPCTensor.h:369] NewIPCTensor: cached_sampler_r1_8 [1000000]0x10000897e000 7.629 MB
W20240129 15:40:22.676038 1967408 IPCTensor.h:369] NewIPCTensor: cached_sampler_r1_9 [1000000]0x100009121000 7.629 MB
W20240129 15:40:22.676059 1967408 IPCTensor.h:369] NewIPCTensor: step_r1 [10]0x1000098c4000 80 B 
W20240129 15:40:22.676074 1967408 IPCTensor.h:369] NewIPCTensor: circle_buffer_end_r1 [1]0x1000098c6000 8 B 
W20240129 15:40:22.676091 1967408 IPCTensor.h:369] NewIPCTensor: circle_buffer_end_cppseen_r1 [1]0x1000098c8000 8 B 
W20240129 15:40:22.676131 1967408 IPCTensor.h:369] NewIPCTensor: cached_sampler_r2_0 [1000000]0x1000098ca000 7.629 MB
W20240129 15:40:22.676154 1967408 IPCTensor.h:369] NewIPCTensor: cached_sampler_r2_1 [1000000]0x10000a06d000 7.629 MB
W20240129 15:40:22.676180 1967408 IPCTensor.h:369] NewIPCTensor: cached_sampler_r2_2 [1000000]0x10000a810000 7.629 MB
W20240129 15:40:22.676200 1967408 IPCTensor.h:369] NewIPCTensor: cached_sampler_r2_3 [1000000]0x10000afb3000 7.629 MB
W20240129 15:40:22.676223 1967408 IPCTensor.h:369] NewIPCTensor: cached_sampler_r2_4 [1000000]0x10000b756000 7.629 MB
W20240129 15:40:22.676244 1967408 IPCTensor.h:369] NewIPCTensor: cached_sampler_r2_5 [1000000]0x10000bef9000 7.629 MB
W20240129 15:40:22.676265 1967408 IPCTensor.h:369] NewIPCTensor: cached_sampler_r2_6 [1000000]0x10000c69c000 7.629 MB
W20240129 15:40:22.676285 1967408 IPCTensor.h:369] NewIPCTensor: cached_sampler_r2_7 [1000000]0x10000ce3f000 7.629 MB
W20240129 15:40:22.676306 1967408 IPCTensor.h:369] NewIPCTensor: cached_sampler_r2_8 [1000000]0x10000d5e2000 7.629 MB
W20240129 15:40:22.676327 1967408 IPCTensor.h:369] NewIPCTensor: cached_sampler_r2_9 [1000000]0x10000dd85000 7.629 MB
W20240129 15:40:22.676344 1967408 IPCTensor.h:369] NewIPCTensor: step_r2 [10]0x10000e528000 80 B 
W20240129 15:40:22.676359 1967408 IPCTensor.h:369] NewIPCTensor: circle_buffer_end_r2 [1]0x10000e52a000 8 B 
W20240129 15:40:22.676378 1967408 IPCTensor.h:369] NewIPCTensor: circle_buffer_end_cppseen_r2 [1]0x10000e52c000 8 B 
W20240129 15:40:22.676414 1967408 IPCTensor.h:369] NewIPCTensor: cached_sampler_r3_0 [1000000]0x10000e52e000 7.629 MB
W20240129 15:40:22.676438 1967408 IPCTensor.h:369] NewIPCTensor: cached_sampler_r3_1 [1000000]0x10000ecd1000 7.629 MB
W20240129 15:40:22.676465 1967408 IPCTensor.h:369] NewIPCTensor: cached_sampler_r3_2 [1000000]0x10000f474000 7.629 MB
W20240129 15:40:22.676483 1967408 IPCTensor.h:369] NewIPCTensor: cached_sampler_r3_3 [1000000]0x10000fc17000 7.629 MB
W20240129 15:40:22.676501 1967408 IPCTensor.h:369] NewIPCTensor: cached_sampler_r3_4 [1000000]0x1000103ba000 7.629 MB
W20240129 15:40:22.676517 1967408 IPCTensor.h:369] NewIPCTensor: cached_sampler_r3_5 [1000000]0x100010b5d000 7.629 MB
W20240129 15:40:22.676539 1967408 IPCTensor.h:369] NewIPCTensor: cached_sampler_r3_6 [1000000]0x100011300000 7.629 MB
W20240129 15:40:22.676569 1967408 IPCTensor.h:369] NewIPCTensor: cached_sampler_r3_7 [1000000]0x100011aa3000 7.629 MB
W20240129 15:40:22.676589 1967408 IPCTensor.h:369] NewIPCTensor: cached_sampler_r3_8 [1000000]0x100012246000 7.629 MB
W20240129 15:40:22.676610 1967408 IPCTensor.h:369] NewIPCTensor: cached_sampler_r3_9 [1000000]0x1000129e9000 7.629 MB
W20240129 15:40:22.676627 1967408 IPCTensor.h:369] NewIPCTensor: step_r3 [10]0x10001318c000 80 B 
W20240129 15:40:22.676642 1967408 IPCTensor.h:369] NewIPCTensor: circle_buffer_end_r3 [1]0x10001318e000 8 B 
W20240129 15:40:22.676666 1967408 IPCTensor.h:369] NewIPCTensor: circle_buffer_end_cppseen_r3 [1]0x100013190000 8 B 
W20240129 15:40:22.812813 1967408 IPCTensor.h:369] NewIPCTensor: full_emb [14951, 400]0x100013192000 22.81 MB
W20240129 15:40:22.812949 1967408 IPCTensor.h:369] NewIPCTensor: full_emb_SparseRowWiseAdaGrad_sum [14951]0x100014864000 58.4 kB
{0: Graph(num_nodes=10523, num_edges=182012,
      ndata_schemes={'_ID': Scheme(shape=(), dtype=torch.int64), 'inner_node': Scheme(shape=(), dtype=torch.int32), 'part_id': Scheme(shape=(), dtype=torch.int64)}
      edata_schemes={'_ID': Scheme(shape=(), dtype=torch.int64), 'inner_edge': Scheme(shape=(), dtype=torch.int8)}), 1: Graph(num_nodes=10996, num_edges=244360,
      ndata_schemes={'_ID': Scheme(shape=(), dtype=torch.int64), 'inner_node': Scheme(shape=(), dtype=torch.int32), 'part_id': Scheme(shape=(), dtype=torch.int64)}
      edata_schemes={'_ID': Scheme(shape=(), dtype=torch.int64), 'inner_edge': Scheme(shape=(), dtype=torch.int8)}), 2: Graph(num_nodes=9404, num_edges=143355,
      ndata_schemes={'_ID': Scheme(shape=(), dtype=torch.int64), 'inner_node': Scheme(shape=(), dtype=torch.int32), 'part_id': Scheme(shape=(), dtype=torch.int64)}
      edata_schemes={'_ID': Scheme(shape=(), dtype=torch.int64), 'inner_edge': Scheme(shape=(), dtype=torch.int8)}), 3: Graph(num_nodes=10954, num_edges=175447,
      ndata_schemes={'_ID': Scheme(shape=(), dtype=torch.int64), 'inner_node': Scheme(shape=(), dtype=torch.int32), 'part_id': Scheme(shape=(), dtype=torch.int64)}
      edata_schemes={'_ID': Scheme(shape=(), dtype=torch.int64), 'inner_edge': Scheme(shape=(), dtype=torch.int8)})}
MertisPartition: part 0 has 10523 N 182012 E
MertisPartition: part 1 has 10996 N 244360 E
MertisPartition: part 2 has 9404 N 143355 E
MertisPartition: part 3 has 10954 N 175447 E
Rank0: cached key size 373
Rank1: cached key size 373
Rank2: cached key size 373
Rank3: cached key size 373
Before renumbering graph:  {'_ID': tensor([    5,    14,    17,  ..., 11245,  2040,  3009]), 'inner_node': tensor([1, 1, 1,  ..., 0, 0, 0], dtype=torch.int32), 'part_id': tensor([0, 0, 0,  ..., 2, 3, 3])}
After renumbering graph:  {'_ID': tensor([1595, 1777, 1840,  ..., 2317, 6501, 7814]), 'inner_node': tensor([1, 1, 1,  ..., 0, 0, 0], dtype=torch.int32), 'part_id': tensor([0, 0, 0,  ..., 2, 3, 3])}
part_g: DGLGraph(num_nodes=10523, num_edges=182012,
         ndata_schemes={'_ID': Scheme(shape=(), dtype=torch.int64)}
         edata_schemes={'tid': Scheme(shape=(), dtype=torch.int64)})
part_g: DGLGraph(num_nodes=10523, num_edges=182012,
         ndata_schemes={'_ID': Scheme(shape=(), dtype=torch.int64)}
         edata_schemes={'tid': Scheme(shape=(), dtype=torch.int64)})
Total initialize time 2.427 seconds
[Rank1] pid = 1967669
[Rank2] pid = 1967734
INFO [1967408 distributed_c10d.py:442] Added key: store_based_barrier_key:1 to store for rank: 0
INFO [1967669 distributed_c10d.py:442] Added key: store_based_barrier_key:1 to store for rank: 1
INFO [1967798 distributed_c10d.py:442] Added key: store_based_barrier_key:1 to store for rank: 3
INFO [1967669 distributed_c10d.py:476] Rank 1: Completed store-based barrier for key:store_based_barrier_key:1 with 4 nodes.
INFO [1967798 distributed_c10d.py:476] Rank 3: Completed store-based barrier for key:store_based_barrier_key:1 with 4 nodes.
W20240129 15:40:25.262084 1967670 IPCTensor.h:409] NewIPCGPUTensor: embedding_cache_1 [1495, 400]; dev=1; size=2.281 MB
W20240129 15:40:25.262084 1967800 IPCTensor.h:409] NewIPCGPUTensor: embedding_cache_3 [1495, 400]; dev=3; size=2.281 MB
INFO [1967734 distributed_c10d.py:442] Added key: store_based_barrier_key:1 to store for rank: 2
W20240129 15:40:25.262692 1967670 IPCTensor.h:369] NewIPCTensor: input_keys_1 [1000000]0x100014878000 7.629 MB
W20240129 15:40:25.262696 1967800 IPCTensor.h:369] NewIPCTensor: input_keys_3 [1000000]0x10001501b000 7.629 MB
INFO [1967734 distributed_c10d.py:476] Rank 2: Completed store-based barrier for key:store_based_barrier_key:1 with 4 nodes.
W20240129 15:40:25.262866 1967800 IPCTensor.h:369] NewIPCTensor: input_keys_neg_3 [1000000]0x1000157be000 7.629 MB
W20240129 15:40:25.262888 1967670 IPCTensor.h:369] NewIPCTensor: input_keys_neg_1 [1000000]0x100015f61000 7.629 MB
W20240129 15:40:25.262969 1967670 IPCTensor.h:369] NewIPCTensor: backward_grads_1 [1000000, 400]0x100016704000 1.49 GB
W20240129 15:40:25.262976 1967800 IPCTensor.h:369] NewIPCTensor: backward_grads_3 [1000000, 400]0x100075ce7000 1.49 GB
W20240129 15:40:25.263031 1967670 IPCTensor.h:369] NewIPCTensor: backward_grads_neg_1 [1000000, 400]0x1000d52ca000 1.49 GB
W20240129 15:40:25.263038 1967800 IPCTensor.h:369] NewIPCTensor: backward_grads_neg_3 [1000000, 400]0x1001348ad000 1.49 GB
W20240129 15:40:25.263098 1967670 IPCTensor.h:409] NewIPCGPUTensor: backward_grads_1_gpu [1000000, 400]; dev=1; size=1.49 GB
W20240129 15:40:25.263106 1967800 IPCTensor.h:409] NewIPCGPUTensor: backward_grads_3_gpu [1000000, 400]; dev=3; size=1.49 GB
W20240129 15:40:25.264111 1967735 IPCTensor.h:409] NewIPCGPUTensor: embedding_cache_2 [1495, 400]; dev=2; size=2.281 MB
INFO [1967408 distributed_c10d.py:476] Rank 0: Completed store-based barrier for key:store_based_barrier_key:1 with 4 nodes.
W20240129 15:40:25.267035 1967799 IPCTensor.h:409] NewIPCGPUTensor: embedding_cache_0 [1495, 400]; dev=0; size=2.281 MB
W20240129 15:40:25.269892 1967670 IPCTensor.h:409] NewIPCGPUTensor: backward_grads_neg_1_gpu [1000000, 400]; dev=1; size=1.49 GB
W20240129 15:40:25.269941 1967800 IPCTensor.h:409] NewIPCGPUTensor: backward_grads_neg_3_gpu [1000000, 400]; dev=3; size=1.49 GB
W20240129 15:40:25.269971 1967735 IPCTensor.h:369] NewIPCTensor: input_keys_2 [1000000]0x100193e98000 7.629 MB
W20240129 15:40:25.270025 1967799 IPCTensor.h:369] NewIPCTensor: input_keys_0 [1000000]0x10019463b000 7.629 MB
W20240129 15:40:25.270130 1967735 IPCTensor.h:369] NewIPCTensor: input_keys_neg_2 [1000000]0x100194dde000 7.629 MB
W20240129 15:40:25.270188 1967735 IPCTensor.h:369] NewIPCTensor: backward_grads_2 [1000000, 400]0x100195d24000 1.49 GB
W20240129 15:40:25.270185 1967799 IPCTensor.h:369] NewIPCTensor: input_keys_neg_0 [1000000]0x100195581000 7.629 MB
W20240129 15:40:25.270233 1967735 IPCTensor.h:369] NewIPCTensor: backward_grads_neg_2 [1000000, 400]0x1001f5307000 1.49 GB
W20240129 15:40:25.270269 1967799 IPCTensor.h:369] NewIPCTensor: backward_grads_0 [1000000, 400]0x1002548ea000 1.49 GB
W20240129 15:40:25.270284 1967735 IPCTensor.h:409] NewIPCGPUTensor: backward_grads_2_gpu [1000000, 400]; dev=2; size=1.49 GB
W20240129 15:40:25.270331 1967799 IPCTensor.h:369] NewIPCTensor: backward_grads_neg_0 [1000000, 400]0x1002b3ecd000 1.49 GB
W20240129 15:40:25.270402 1967799 IPCTensor.h:409] NewIPCGPUTensor: backward_grads_0_gpu [1000000, 400]; dev=0; size=1.49 GB
W20240129 15:40:25.285176 1967735 IPCTensor.h:409] NewIPCGPUTensor: backward_grads_neg_2_gpu [1000000, 400]; dev=2; size=1.49 GB
W20240129 15:40:25.290058 1967799 IPCTensor.h:409] NewIPCGPUTensor: backward_grads_neg_0_gpu [1000000, 400]; dev=0; size=1.49 GB
cudaHostRegister 0x100013192000
2: KnownLocalCachedEmbedding init done
WARNING [1967734 DistTensor.py:56] The tensor name already exists in the kvstore
[Rank3] pid = 1967798
New CachedEmbedding, name=full_emb, shape=(14951, 400), cache_type=KnownLocalCachedEmbedding
fixed cache_range is [(0, 1495), (1495, 2990), (2990, 4485), (4485, 5980)]
cudaHostRegister 0x100013192000
0: KnownLocalCachedEmbedding init done
WARNING [1967408 DistTensor.py:56] The tensor name already exists in the kvstore
cudaHostRegister 0x100013192000
1: KnownLocalCachedEmbedding init done
WARNING [1967669 DistTensor.py:56] The tensor name already exists in the kvstore
cudaHostRegister 0x100013192000
3: KnownLocalCachedEmbedding init done
WARNING [1967798 DistTensor.py:56] The tensor name already exists in the kvstore
I20240129 15:40:26.609179 1967800 IPC_barrier.h:118] CreateBarrier: new barrier, name: kgcachecontroller, count: 4
I20240129 15:40:26.609270 1967670 IPC_barrier.h:112] CreateBarrier: find existing barrier, name: kgcachecontroller, count: 4
I20240129 15:40:26.609448 1967735 IPC_barrier.h:112] CreateBarrier: find existing barrier, name: kgcachecontroller, count: 4
I20240129 15:40:26.609498 1967799 IPC_barrier.h:112] CreateBarrier: find existing barrier, name: kgcachecontroller, count: 4
W20240129 15:40:26.610841 1967799 grad_base.h:55] KGCacheController, config={
        "num_gpus": 4,
        "L": 10,
        "backgrad_init": "both", 
        "kForwardItersPerStep": 2,
        "clr": 1,
        "nr_background_threads": 32,
        "backwardMode": "CppAsync",
        "cache_ratio": 0.1,
        "update_cache_use_omp":  0,
        "update_pq_use_omp":  0
        }
W20240129 15:40:26.610999 1967799 grad_base.h:184] Init GradProcessingBase done
I20240129 15:40:26.613126 1967799 grad_async_v1.h:199] Use main thread to update emb.
W20240129 15:40:26.613159 1967799 kg_controller.h:75] after init GradAsyncProcessing
I20240129 15:40:26.613165 1967799 kg_controller.h:84] Construct KGCacheController done
E20240129 15:40:27.982892 1967800 recstore.cc:66] init folly done
E20240129 15:40:27.982908 1967735 recstore.cc:66] init folly done
E20240129 15:40:27.982921 1967799 recstore.cc:66] init folly done
E20240129 15:40:27.983026 1967670 recstore.cc:66] init folly done
I20240129 15:40:27.983739 1967799 grad_base.h:60] GraphEnv RegTensorsPerProcess
W20240129 15:40:28.709604 1968178 grad_async_v1.h:280] Detect new sample comes, old_end0, new_end1
I20240129 15:40:28.732986 1967799 IPC_barrier.h:118] CreateBarrier: new barrier, name: start_barrier, count: 4
I20240129 15:40:28.752169 1967735 IPC_barrier.h:112] CreateBarrier: find existing barrier, name: start_barrier, count: 4
I20240129 15:40:28.771270 1967800 IPC_barrier.h:112] CreateBarrier: find existing barrier, name: start_barrier, count: 4
I20240129 15:40:28.777478 1967670 IPC_barrier.h:112] CreateBarrier: find existing barrier, name: start_barrier, count: 4
W20240129 15:40:31.212471 1967799 grad_async_v1.h:406] Sleep in <BlockToStepN>, step_no=1, pq.top=1
W20240129 15:40:31.272763 1968178 grad_async_v1.h:280] Detect new sample comes, old_end1, new_end2
+---------------------------+---------------------------+---------------------------+
| Name                      | P50                       | P99                       |
+---------------------------+---------------------------+---------------------------+
| GenInput                  | 878.693 us                | 12.513 ms                 |
| Forward                   | 3.371 ms                  | 977.638 ms                |
| Backward                  | 4.733 ms                  | 258.048 ms                |
| Optimize                  | 1.344 ms                  | 2.862 ms                  |
| BarrierTimeBeforeRank0    | 22.356 us                 | 309.756 us                |
| AfterBackward             | 8.677 ms                  | 1.195 s                   |
| BlockToStepN              | 16.404 ms                 | 59.047 ms                 |
| OneStep                   | 36.084 ms                 | 2.494 s                   |
+---------------------------+---------------------------+---------------------------+
W20240129 15:40:32.226949 1967799 grad_async_v1.h:406] Sleep in <BlockToStepN>, step_no=26, pq.top=26
W20240129 15:40:32.274565 1968178 grad_async_v1.h:280] Detect new sample comes, old_end6, new_end7
+---------------------------+---------------------------+---------------------------+
| Name                      | P50                       | P99                       |
+---------------------------+---------------------------+---------------------------+
| ProcessBack:Shuffle       | 1.985 ms                  | 192.974 ms                |
| ProcessBack:UpdateCache   | 1.459 ms                  | 212.145 ms                |
| ProcessBack:UpsertPq      | 5.165 ms                  | 10.002 ms                 |
| ProcessOneStep            | 8.847 ms                  | 1.195 s                   |
| BlockToStepN              | 21.921 ms                 | 58.654 ms                 |
+---------------------------+---------------------------+---------------------------+
W20240129 15:40:33.226012 1967799 grad_async_v1.h:406] Sleep in <BlockToStepN>, step_no=45, pq.top=45
W20240129 15:40:33.294073 1968178 grad_async_v1.h:280] Detect new sample comes, old_end6, new_end7
W20240129 15:40:34.236076 1967799 grad_async_v1.h:406] Sleep in <BlockToStepN>, step_no=62, pq.top=62
W20240129 15:40:34.298696 1968178 grad_async_v1.h:280] Detect new sample comes, old_end2, new_end3
W20240129 15:40:35.236009 1967799 grad_async_v1.h:406] Sleep in <BlockToStepN>, step_no=76, pq.top=76
W20240129 15:40:35.314716 1968178 grad_async_v1.h:280] Detect new sample comes, old_end7, new_end8
W20240129 15:40:36.236011 1967799 grad_async_v1.h:406] Sleep in <BlockToStepN>, step_no=90, pq.top=90
W20240129 15:40:36.359678 1968178 grad_async_v1.h:280] Detect new sample comes, old_end1, new_end2
+---------------------------+---------------------------+---------------------------+
| Name                      | P50                       | P99                       |
+---------------------------+---------------------------+---------------------------+
| GenInput                  | 1.030 ms                  | 13.504 ms                 |
| Forward                   | 3.361 ms                  | 6.997 ms                  |
| Backward                  | 5.516 ms                  | 5.933 ms                  |
| Optimize                  | 1.192 ms                  | 2.681 ms                  |
| BarrierTimeBeforeRank0    | 20.564 us                 | 1.090 ms                  |
| AfterBackward             | 10.069 ms                 | 25.945 ms                 |
| BlockToStepN              | 34.337 ms                 | 59.614 ms                 |
| OneStep                   | 58.024 ms                 | 90.392 ms                 |
+---------------------------+---------------------------+---------------------------+
train_sampler.Prefill()
before start barrier
start train
[proc 2] 100 steps, total: 8.325, sample: 0.167, forward: 1.252, backward: 0.734, update: 0.119
train_sampler.Prefill()
before start barrier
start train
[proc 3] 100 steps, total: 8.305, sample: 0.167, forward: 1.198, backward: 0.730, update: 0.126
train_sampler.Prefill()
before start barrier
start train
[proc 1] 100 steps, total: 8.299, sample: 0.172, forward: 1.182, backward: 0.753, update: 0.127
train_sampler.Prefill()
-------Step 0-------
tensor([ 7636,   181, 10781,  8533,  8231,  4331,  1161,  5470, 13947,    68]) tensor([ 1840,  9609, 10867,  1403,  8016,  7290, 13406,  7547,  8469,  1252])
-------Step 1-------
tensor([ 7636,   181, 10781,  8533,  8231,  4331,  1161,  5470, 13947,    68]) tensor([10259, 12174,  1679,  3474,  2570,   649,  7455,  3427,  2711, 13348])
-------Step 2-------
tensor([ 9280,  6746,  5533,  6791,  2031,  6708,  8039,  2958, 13561,   117]) tensor([ 8051,  6040,  3661,  9933,  8337,  1401,  4118, 11315, 13469,  3801])
-------Step 3-------
tensor([ 9280,  6746,  5533,  6791,  2031,  6708,  8039,  2958, 13561,   117]) tensor([ 8388,  6262,  4704,   204, 13010,  9866, 14677,   347, 13991,  6438])
-------Step 4-------
tensor([10768,   732,  7093,   240, 10373, 12679, 13229, 11501,  8360,  7664]) tensor([ 3791,  8171,  6573, 12260,  8966, 11122,  2058,  2761, 13288,  1407])
-------Step 5-------
tensor([10768,   732,  7093,   240, 10373, 12679, 13229, 11501,  8360,  7664]) tensor([12388,  8933, 10677,  1295,  2110, 10632,  6006, 11889, 10547, 14611])
-------Step 6-------
tensor([   84,   175,  3849, 11095, 13277,   353,   325,    90,  2983,   301]) tensor([ 7171, 10927,  7200, 10682,  6678,  2179,   219, 12949, 12896, 13436])
-------Step 7-------
tensor([   84,   175,  3849, 11095, 13277,   353,   325,    90,  2983,   301]) tensor([12107, 13699,  8226, 13516,   659, 10871,   714, 12937, 14739, 10320])
-------Step 8-------
tensor([ 5824,   666, 13966, 11758,  4232, 10553,  9087, 11163,  5848,  6746]) tensor([ 9082, 12520, 13338,   802, 13779, 10923,  5801,  2396,  6872,  9310])
-------Step 9-------
tensor([ 5824,   666, 13966, 11758,  4232, 10553,  9087, 11163,  5848,  6746]) tensor([ 8512, 13252,  7109,  8346,  4469,  6933, 12257,  6989,  6286, 14035])
before start barrier
start train
[proc 0] 100 steps, total: 8.344, sample: 0.246, forward: 1.312, backward: 0.785, update: 0.133
W20240129 15:40:37.236009 1967799 grad_async_v1.h:406] Sleep in <BlockToStepN>, step_no=102, pq.top=102
W20240129 15:40:37.401345 1968178 grad_async_v1.h:280] Detect new sample comes, old_end4, new_end5
+---------------------------+---------------------------+---------------------------+
| Name                      | P50                       | P99                       |
+---------------------------+---------------------------+---------------------------+
| ProcessBack:Shuffle       | 1.961 ms                  | 3.271 ms                  |
| ProcessBack:UpdateCache   | 1.442 ms                  | 2.276 ms                  |
| ProcessBack:UpsertPq      | 5.993 ms                  | 10.002 ms                 |
| ProcessOneStep            | 9.936 ms                  | 25.921 ms                 |
| BlockToStepN              | 37.827 ms                 | 64.082 ms                 |
+---------------------------+---------------------------+---------------------------+
W20240129 15:40:38.236006 1967799 grad_async_v1.h:406] Sleep in <BlockToStepN>, step_no=115, pq.top=115
W20240129 15:40:38.458837 1968178 grad_async_v1.h:280] Detect new sample comes, old_end7, new_end8
W20240129 15:40:39.237143 1967799 grad_async_v1.h:406] Sleep in <BlockToStepN>, step_no=127, pq.top=127
W20240129 15:40:39.472108 1968178 grad_async_v1.h:280] Detect new sample comes, old_end9, new_end0
W20240129 15:40:40.237010 1967799 grad_async_v1.h:406] Sleep in <BlockToStepN>, step_no=138, pq.top=138
W20240129 15:40:40.519711 1968178 grad_async_v1.h:280] Detect new sample comes, old_end1, new_end2
W20240129 15:40:41.237006 1967799 grad_async_v1.h:406] Sleep in <BlockToStepN>, step_no=149, pq.top=149
W20240129 15:40:41.539815 1968178 grad_async_v1.h:280] Detect new sample comes, old_end2, new_end3
+---------------------------+---------------------------+---------------------------+
| Name                      | P50                       | P99                       |
+---------------------------+---------------------------+---------------------------+
| GenInput                  | 986.669 us                | 13.473 ms                 |
| Forward                   | 3.333 ms                  | 4.706 ms                  |
| Backward                  | 5.514 ms                  | 5.879 ms                  |
| Optimize                  | 1.160 ms                  | 2.678 ms                  |
| BarrierTimeBeforeRank0    | 19.098 us                 | 1.385 ms                  |
| AfterBackward             | 9.196 ms                  | 14.061 ms                 |
| BlockToStepN              | 45.658 ms                 | 76.392 ms                 |
| OneStep                   | 71.131 ms                 | 98.505 ms                 |
+---------------------------+---------------------------+---------------------------+
W20240129 15:40:42.237010 1967799 grad_async_v1.h:406] Sleep in <BlockToStepN>, step_no=160, pq.top=160
W20240129 15:40:42.552089 1968178 grad_async_v1.h:280] Detect new sample comes, old_end3, new_end4
+---------------------------+---------------------------+---------------------------+
| Name                      | P50                       | P99                       |
+---------------------------+---------------------------+---------------------------+
| ProcessBack:Shuffle       | 1.814 ms                  | 2.461 ms                  |
| ProcessBack:UpdateCache   | 1.319 ms                  | 2.195 ms                  |
| ProcessBack:UpsertPq      | 5.908 ms                  | 10.002 ms                 |
| ProcessOneStep            | 9.097 ms                  | 14.037 ms                 |
| BlockToStepN              | 49.731 ms                 | 76.569 ms                 |
+---------------------------+---------------------------+---------------------------+
W20240129 15:40:43.251597 1967799 grad_async_v1.h:406] Sleep in <BlockToStepN>, step_no=171, pq.top=171
W20240129 15:40:43.569499 1968178 grad_async_v1.h:280] Detect new sample comes, old_end3, new_end4
W20240129 15:40:44.263569 1967799 grad_async_v1.h:406] Sleep in <BlockToStepN>, step_no=180, pq.top=180
W20240129 15:40:44.600193 1968178 grad_async_v1.h:280] Detect new sample comes, old_end2, new_end3
W20240129 15:40:45.263011 1967799 grad_async_v1.h:406] Sleep in <BlockToStepN>, step_no=188, pq.top=188
W20240129 15:40:45.686795 1968178 grad_async_v1.h:280] Detect new sample comes, old_end1, new_end2
W20240129 15:40:46.263006 1967799 grad_async_v1.h:406] Sleep in <BlockToStepN>, step_no=197, pq.top=197
[proc 0] 200 steps, total: 9.527, sample: 0.237, forward: 0.314, backward: 0.545, update: 0.108
[proc 2] 200 steps, total: 9.527, sample: 0.189, forward: 0.289, backward: 0.445, update: 0.111
[proc 1] 200 steps, total: 9.527, sample: 0.186, forward: 0.263, backward: 0.516, update: 0.109
[proc 3] 200 steps, total: 9.527, sample: 0.179, forward: 0.256, backward: 0.261, update: 0.125
+---------------------------+---------------------------+---------------------------+
| Name                      | P50                       | P99                       |
+---------------------------+---------------------------+---------------------------+
| GenInput                  | 1.018 ms                  | 13.504 ms                 |
| Forward                   | 3.309 ms                  | 4.706 ms                  |
| Backward                  | 5.520 ms                  | 5.933 ms                  |
| Optimize                  | 1.138 ms                  | 2.678 ms                  |
| BarrierTimeBeforeRank0    | 18.983 us                 | 7.610 ms                  |
| AfterBackward             | 9.101 ms                  | 14.061 ms                 |
| BlockToStepN              | 57.736 ms                 | 105.908 ms                |
| OneStep                   | 79.632 ms                 | 134.555 ms                |
+---------------------------+---------------------------+---------------------------+
W20240129 15:40:46.713354 1968178 grad_async_v1.h:280] Detect new sample comes, old_end1, new_end2
W20240129 15:40:47.263008 1967799 grad_async_v1.h:406] Sleep in <BlockToStepN>, step_no=207, pq.top=207
W20240129 15:40:47.788964 1968178 grad_async_v1.h:280] Detect new sample comes, old_end2, new_end3
+---------------------------+---------------------------+---------------------------+
| Name                      | P50                       | P99                       |
+---------------------------+---------------------------+---------------------------+
| ProcessBack:Shuffle       | 1.758 ms                  | 2.461 ms                  |
| ProcessBack:UpdateCache   | 1.253 ms                  | 2.181 ms                  |
| ProcessBack:UpsertPq      | 5.813 ms                  | 9.865 ms                  |
| ProcessOneStep            | 9.041 ms                  | 14.037 ms                 |
| BlockToStepN              | 59.582 ms                 | 105.853 ms                |
+---------------------------+---------------------------+---------------------------+
W20240129 15:40:48.263008 1967799 grad_async_v1.h:406] Sleep in <BlockToStepN>, step_no=217, pq.top=217
W20240129 15:40:48.865736 1968178 grad_async_v1.h:280] Detect new sample comes, old_end2, new_end3
W20240129 15:40:49.263007 1967799 grad_async_v1.h:406] Sleep in <BlockToStepN>, step_no=226, pq.top=226
W20240129 15:40:49.883337 1968178 grad_async_v1.h:280] Detect new sample comes, old_end2, new_end3
W20240129 15:40:50.263008 1967799 grad_async_v1.h:406] Sleep in <BlockToStepN>, step_no=236, pq.top=236
W20240129 15:40:50.888633 1968178 grad_async_v1.h:280] Detect new sample comes, old_end2, new_end3
W20240129 15:40:51.281196 1967799 grad_async_v1.h:406] Sleep in <BlockToStepN>, step_no=247, pq.top=247
+---------------------------+---------------------------+---------------------------+
| Name                      | P50                       | P99                       |
+---------------------------+---------------------------+---------------------------+
| GenInput                  | 1.022 ms                  | 13.504 ms                 |
| Forward                   | 3.276 ms                  | 4.706 ms                  |
| Backward                  | 5.522 ms                  | 6.215 ms                  |
| Optimize                  | 1.133 ms                  | 2.678 ms                  |
| BarrierTimeBeforeRank0    | 19.170 us                 | 9.561 ms                  |
| AfterBackward             | 9.028 ms                  | 14.061 ms                 |
| BlockToStepN              | 63.375 ms                 | 105.908 ms                |
| OneStep                   | 85.502 ms                 | 134.555 ms                |
+---------------------------+---------------------------+---------------------------+
W20240129 15:40:51.894394 1968178 grad_async_v1.h:280] Detect new sample comes, old_end2, new_end3
W20240129 15:40:52.281006 1967799 grad_async_v1.h:406] Sleep in <BlockToStepN>, step_no=256, pq.top=256
W20240129 15:40:52.967320 1968178 grad_async_v1.h:280] Detect new sample comes, old_end2, new_end3
+---------------------------+---------------------------+---------------------------+
| Name                      | P50                       | P99                       |
+---------------------------+---------------------------+---------------------------+
| ProcessBack:Shuffle       | 1.733 ms                  | 2.461 ms                  |
| ProcessBack:UpdateCache   | 1.231 ms                  | 1.964 ms                  |
| ProcessBack:UpsertPq      | 5.792 ms                  | 9.701 ms                  |
| ProcessOneStep            | 8.995 ms                  | 13.916 ms                 |
| BlockToStepN              | 63.992 ms                 | 104.517 ms                |
+---------------------------+---------------------------+---------------------------+
W20240129 15:40:53.281009 1967799 grad_async_v1.h:406] Sleep in <BlockToStepN>, step_no=265, pq.top=265
W20240129 15:40:53.979533 1968178 grad_async_v1.h:280] Detect new sample comes, old_end2, new_end3
W20240129 15:40:54.281010 1967799 grad_async_v1.h:406] Sleep in <BlockToStepN>, step_no=275, pq.top=275
W20240129 15:40:55.047873 1968178 grad_async_v1.h:280] Detect new sample comes, old_end2, new_end3
W20240129 15:40:55.281558 1967799 grad_async_v1.h:406] Sleep in <BlockToStepN>, step_no=285, pq.top=285
W20240129 15:40:56.112838 1968178 grad_async_v1.h:280] Detect new sample comes, old_end2, new_end3
W20240129 15:40:56.281008 1967799 grad_async_v1.h:406] Sleep in <BlockToStepN>, step_no=294, pq.top=294
+---------------------------+---------------------------+---------------------------+
| Name                      | P50                       | P99                       |
+---------------------------+---------------------------+---------------------------+
| GenInput                  | 1.035 ms                  | 13.473 ms                 |
| Forward                   | 3.270 ms                  | 4.371 ms                  |
| Backward                  | 5.523 ms                  | 6.088 ms                  |
| Optimize                  | 1.127 ms                  | 2.661 ms                  |
| BarrierTimeBeforeRank0    | 19.098 us                 | 9.561 ms                  |
| AfterBackward             | 8.999 ms                  | 13.936 ms                 |
| BlockToStepN              | 66.426 ms                 | 104.573 ms                |
| OneStep                   | 89.702 ms                 | 131.370 ms                |
+---------------------------+---------------------------+---------------------------+
[proc 2] 300 steps, total: 10.384, sample: 0.173, forward: 0.295, backward: 0.267, update: 0.105
[proc 0] 300 steps, total: 10.384, sample: 0.236, forward: 0.306, backward: 0.549, update: 0.113
[proc 1] 300 steps, total: 10.384, sample: 0.172, forward: 0.266, backward: 0.517, update: 0.111
[proc 3] 300 steps, total: 10.384, sample: 0.190, forward: 0.250, backward: 0.532, update: 0.118
W20240129 15:40:57.114588 1968178 grad_async_v1.h:280] Detect new sample comes, old_end1, new_end2
W20240129 15:40:57.281008 1967799 grad_async_v1.h:406] Sleep in <BlockToStepN>, step_no=303, pq.top=303
+---------------------------+---------------------------+---------------------------+
| Name                      | P50                       | P99                       |
+---------------------------+---------------------------+---------------------------+
| ProcessBack:Shuffle       | 1.720 ms                  | 2.340 ms                  |
| ProcessBack:UpdateCache   | 1.224 ms                  | 1.932 ms                  |
| ProcessBack:UpsertPq      | 5.786 ms                  | 9.701 ms                  |
| ProcessOneStep            | 8.981 ms                  | 13.916 ms                 |
| BlockToStepN              | 67.160 ms                 | 105.650 ms                |
+---------------------------+---------------------------+---------------------------+
W20240129 15:40:58.131688 1968178 grad_async_v1.h:280] Detect new sample comes, old_end0, new_end1
W20240129 15:40:58.281008 1967799 grad_async_v1.h:406] Sleep in <BlockToStepN>, step_no=312, pq.top=312
W20240129 15:40:59.187235 1968178 grad_async_v1.h:280] Detect new sample comes, old_end0, new_end1
W20240129 15:40:59.281010 1967799 grad_async_v1.h:406] Sleep in <BlockToStepN>, step_no=321, pq.top=321
W20240129 15:41:00.226532 1968178 grad_async_v1.h:280] Detect new sample comes, old_end9, new_end0
W20240129 15:41:00.281006 1967799 grad_async_v1.h:406] Sleep in <BlockToStepN>, step_no=330, pq.top=330
W20240129 15:41:01.255391 1968178 grad_async_v1.h:280] Detect new sample comes, old_end8, new_end9
W20240129 15:41:01.281008 1967799 grad_async_v1.h:406] Sleep in <BlockToStepN>, step_no=339, pq.top=339
+---------------------------+---------------------------+---------------------------+
| Name                      | P50                       | P99                       |
+---------------------------+---------------------------+---------------------------+
| GenInput                  | 1.049 ms                  | 13.473 ms                 |
| Forward                   | 3.254 ms                  | 4.371 ms                  |
| Backward                  | 5.531 ms                  | 6.215 ms                  |
| Optimize                  | 1.128 ms                  | 2.661 ms                  |
| BarrierTimeBeforeRank0    | 19.036 us                 | 9.561 ms                  |
| AfterBackward             | 9.002 ms                  | 13.936 ms                 |
| BlockToStepN              | 71.305 ms                 | 105.687 ms                |
| OneStep                   | 94.333 ms                 | 131.370 ms                |
+---------------------------+---------------------------+---------------------------+
W20240129 15:41:02.273277 1968178 grad_async_v1.h:280] Detect new sample comes, old_end7, new_end8
W20240129 15:41:02.292203 1967799 grad_async_v1.h:406] Sleep in <BlockToStepN>, step_no=348, pq.top=348
+---------------------------+---------------------------+---------------------------+
| Name                      | P50                       | P99                       |
+---------------------------+---------------------------+---------------------------+
| ProcessBack:Shuffle       | 1.719 ms                  | 2.340 ms                  |
| ProcessBack:UpdateCache   | 1.218 ms                  | 1.651 ms                  |
| ProcessBack:UpsertPq      | 5.780 ms                  | 9.667 ms                  |
| ProcessOneStep            | 8.987 ms                  | 13.474 ms                 |
| BlockToStepN              | 71.530 ms                 | 104.761 ms                |
+---------------------------+---------------------------+---------------------------+
W20240129 15:41:03.280571 1968178 grad_async_v1.h:280] Detect new sample comes, old_end6, new_end7
W20240129 15:41:03.292001 1967799 grad_async_v1.h:406] Sleep in <BlockToStepN>, step_no=357, pq.top=357
W20240129 15:41:04.292011 1967799 grad_async_v1.h:406] Sleep in <BlockToStepN>, step_no=365, pq.top=365
W20240129 15:41:04.305171 1968178 grad_async_v1.h:280] Detect new sample comes, old_end5, new_end6
W20240129 15:41:05.292946 1967799 grad_async_v1.h:406] Sleep in <BlockToStepN>, step_no=374, pq.top=374
W20240129 15:41:05.330973 1968178 grad_async_v1.h:280] Detect new sample comes, old_end4, new_end5
W20240129 15:41:06.292006 1967799 grad_async_v1.h:406] Sleep in <BlockToStepN>, step_no=383, pq.top=383
W20240129 15:41:06.348894 1968178 grad_async_v1.h:280] Detect new sample comes, old_end3, new_end4
+---------------------------+---------------------------+---------------------------+
| Name                      | P50                       | P99                       |
+---------------------------+---------------------------+---------------------------+
| GenInput                  | 1.067 ms                  | 13.239 ms                 |
| Forward                   | 3.239 ms                  | 4.349 ms                  |
| Backward                  | 5.531 ms                  | 6.088 ms                  |
| Optimize                  | 1.124 ms                  | 2.661 ms                  |
| BarrierTimeBeforeRank0    | 19.151 us                 | 9.927 ms                  |
| AfterBackward             | 9.004 ms                  | 13.936 ms                 |
| BlockToStepN              | 74.570 ms                 | 105.687 ms                |
| OneStep                   | 97.260 ms                 | 134.555 ms                |
+---------------------------+---------------------------+---------------------------+
W20240129 15:41:07.302346 1967799 grad_async_v1.h:406] Sleep in <BlockToStepN>, step_no=392, pq.top=392
W20240129 15:41:07.421168 1968178 grad_async_v1.h:280] Detect new sample comes, old_end2, new_end3
+---------------------------+---------------------------+---------------------------+
| Name                      | P50                       | P99                       |
+---------------------------+---------------------------+---------------------------+
| ProcessBack:Shuffle       | 1.715 ms                  | 2.323 ms                  |
| ProcessBack:UpdateCache   | 1.214 ms                  | 1.651 ms                  |
| ProcessBack:UpsertPq      | 5.777 ms                  | 9.667 ms                  |
| ProcessOneStep            | 8.985 ms                  | 13.916 ms                 |
| BlockToStepN              | 74.852 ms                 | 106.110 ms                |
+---------------------------+---------------------------+---------------------------+
W20240129 15:41:08.302007 1967799 grad_async_v1.h:406] Sleep in <BlockToStepN>, step_no=400, pq.top=400
[proc 0] 400 steps, total: 11.345, sample: 0.263, forward: 0.302, backward: 0.544, update: 0.117
[proc 3] 400 steps, total: 11.344, sample: 0.175, forward: 0.258, backward: 0.533, update: 0.122
[proc 1] 400 steps, total: 11.345, sample: 0.167, forward: 0.254, backward: 0.519, update: 0.101
[proc 2] 400 steps, total: 11.345, sample: 0.175, forward: 0.286, backward: 0.267, update: 0.099
W20240129 15:41:08.455075 1968178 grad_async_v1.h:280] Detect new sample comes, old_end1, new_end2
W20240129 15:41:09.302009 1967799 grad_async_v1.h:406] Sleep in <BlockToStepN>, step_no=409, pq.top=409
W20240129 15:41:09.537040 1968178 grad_async_v1.h:280] Detect new sample comes, old_end1, new_end2
W20240129 15:41:10.302012 1967799 grad_async_v1.h:406] Sleep in <BlockToStepN>, step_no=418, pq.top=418
W20240129 15:41:10.537302 1968178 grad_async_v1.h:280] Detect new sample comes, old_end0, new_end1
W20240129 15:41:11.302006 1967799 grad_async_v1.h:406] Sleep in <BlockToStepN>, step_no=427, pq.top=427
W20240129 15:41:11.567795 1968178 grad_async_v1.h:280] Detect new sample comes, old_end9, new_end0
+---------------------------+---------------------------+---------------------------+
| Name                      | P50                       | P99                       |
+---------------------------+---------------------------+---------------------------+
| GenInput                  | 1.080 ms                  | 13.504 ms                 |
| Forward                   | 3.233 ms                  | 4.349 ms                  |
| Backward                  | 5.531 ms                  | 6.215 ms                  |
| Optimize                  | 1.123 ms                  | 2.678 ms                  |
| BarrierTimeBeforeRank0    | 19.133 us                 | 9.927 ms                  |
| AfterBackward             | 9.004 ms                  | 13.936 ms                 |
| BlockToStepN              | 75.927 ms                 | 106.182 ms                |
| OneStep                   | 100.232 ms                | 135.302 ms                |
+---------------------------+---------------------------+---------------------------+
W20240129 15:41:12.320588 1967799 grad_async_v1.h:406] Sleep in <BlockToStepN>, step_no=436, pq.top=436
W20240129 15:41:12.572160 1968178 grad_async_v1.h:280] Detect new sample comes, old_end7, new_end8
+---------------------------+---------------------------+---------------------------+
| Name                      | P50                       | P99                       |
+---------------------------+---------------------------+---------------------------+
| ProcessBack:Shuffle       | 1.714 ms                  | 2.323 ms                  |
| ProcessBack:UpdateCache   | 1.212 ms                  | 1.647 ms                  |
| ProcessBack:UpsertPq      | 5.783 ms                  | 9.667 ms                  |
| ProcessOneStep            | 8.991 ms                  | 13.916 ms                 |
| BlockToStepN              | 76.259 ms                 | 111.565 ms                |
+---------------------------+---------------------------+---------------------------+
W20240129 15:41:13.320009 1967799 grad_async_v1.h:406] Sleep in <BlockToStepN>, step_no=444, pq.top=444
W20240129 15:41:13.606747 1968178 grad_async_v1.h:280] Detect new sample comes, old_end6, new_end7
W20240129 15:41:14.320006 1967799 grad_async_v1.h:406] Sleep in <BlockToStepN>, step_no=453, pq.top=453
W20240129 15:41:14.637778 1968178 grad_async_v1.h:280] Detect new sample comes, old_end5, new_end6
W20240129 15:41:15.320009 1967799 grad_async_v1.h:406] Sleep in <BlockToStepN>, step_no=461, pq.top=461
W20240129 15:41:15.721972 1968178 grad_async_v1.h:280] Detect new sample comes, old_end4, new_end5
W20240129 15:41:16.320009 1967799 grad_async_v1.h:406] Sleep in <BlockToStepN>, step_no=469, pq.top=469
+---------------------------+---------------------------+---------------------------+
| Name                      | P50                       | P99                       |
+---------------------------+---------------------------+---------------------------+
| GenInput                  | 1.099 ms                  | 13.492 ms                 |
| Forward                   | 3.227 ms                  | 4.349 ms                  |
| Backward                  | 5.531 ms                  | 6.088 ms                  |
| Optimize                  | 1.122 ms                  | 2.661 ms                  |
| BarrierTimeBeforeRank0    | 19.188 us                 | 9.734 ms                  |
| AfterBackward             | 9.012 ms                  | 14.061 ms                 |
| BlockToStepN              | 77.654 ms                 | 113.250 ms                |
| OneStep                   | 102.496 ms                | 140.747 ms                |
+---------------------------+---------------------------+---------------------------+
W20240129 15:41:16.729589 1968178 grad_async_v1.h:280] Detect new sample comes, old_end2, new_end3
W20240129 15:41:17.320006 1967799 grad_async_v1.h:406] Sleep in <BlockToStepN>, step_no=477, pq.top=477
W20240129 15:41:17.828411 1968178 grad_async_v1.h:280] Detect new sample comes, old_end1, new_end2
+---------------------------+---------------------------+---------------------------+
| Name                      | P50                       | P99                       |
+---------------------------+---------------------------+---------------------------+
| ProcessBack:Shuffle       | 1.717 ms                  | 2.340 ms                  |
| ProcessBack:UpdateCache   | 1.212 ms                  | 1.627 ms                  |
| ProcessBack:UpsertPq      | 5.792 ms                  | 9.701 ms                  |
| ProcessOneStep            | 8.995 ms                  | 14.037 ms                 |
| BlockToStepN              | 78.133 ms                 | 115.528 ms                |
+---------------------------+---------------------------+---------------------------+
W20240129 15:41:18.337736 1967799 grad_async_v1.h:406] Sleep in <BlockToStepN>, step_no=486, pq.top=486
W20240129 15:41:18.875996 1968178 grad_async_v1.h:280] Detect new sample comes, old_end0, new_end1
W20240129 15:41:19.354254 1967799 grad_async_v1.h:406] Sleep in <BlockToStepN>, step_no=495, pq.top=495
W20240129 15:41:19.885429 1968178 grad_async_v1.h:280] Detect new sample comes, old_end9, new_end0
[proc 2] 500 steps, total: 11.647, sample: 0.200, forward: 0.287, backward: 0.401, update: 0.100
[proc 0] 500 steps, total: 11.647, sample: 0.255, forward: 0.312, backward: 0.545, update: 0.115
[proc 1] 500 steps, total: 11.647, sample: 0.170, forward: 0.256, backward: 0.516, update: 0.109
