WARNING: Logging before InitGoogleLogging() is written to STDERR
I20240125 16:31:33.593892 18614 IPC_barrier.h:128] MultiProcessBarrierFactory->ClearIPCMemory()
/home/xieminhui/RecStore/src/framework_adapters/torch/kg/dgl-0.9.1/python/dgl/_deprecate/graph.py:1023: DGLWarning: multigraph will be deprecated.DGL will treat all graphs as multigraph in the future.
  dgl_warning("multigraph will be deprecated." \
/home/xieminhui/RecStore/src/framework_adapters/torch/kg/dgl-0.9.1/python/dgl/heterograph.py:72: DGLWarning: Recommend creating graphs by `dgl.graph(data)` instead of `dgl.DGLGraph(data)`.
  dgl_warning('Recommend creating graphs by `dgl.graph(data)`'
Reading train triples....
Finished. Read 483142 train triples.
Reading valid triples....
Finished. Read 50000 valid triples.
Reading test triples....
Finished. Read 59071 test triples.
ARGS:  Namespace(model_name='TransE', data_path='/home/xieminhui/dgl-data', dataset='FB15k', format='built_in', data_files=None, delimiter='\t', save_path='/tmp/ckpts/TransE_FB15k_109', no_save_emb=True, max_step=500, batch_size=400, batch_size_eval=16, neg_sample_size=200, neg_deg_sample=False, neg_deg_sample_eval=False, neg_sample_size_eval=14951, eval_percent=1, no_eval_filter=False, log_interval=100, eval_interval=10000, test=False, num_proc=8, num_thread=1, force_sync_interval=1, hidden_dim=400, lr=0.01, gamma=16.0, double_ent=False, double_rel=False, neg_adversarial_sampling=False, adversarial_temperature=1.0, regularization_coef=0.0, regularization_norm=3, pairwise=False, loss_genre='Logsigmoid', margin=1.0, nr_gpus=8, gpu=[0, 1, 2, 3, 4, 5, 6, 7], mix_cpu_gpu=True, valid=False, rel_part=False, async_update=None, has_edge_importance=False, cached_emb_type='KnownLocalCachedEmbedding', use_my_emb=True, cache_ratio=0.05, shuffle=False, backwardMode='CppAsyncV2', L=10, kForwardItersPerStep=2, backgrad_init='both', eval_filter=True, soft_rel_part=False)
|Train|: 483142
original graph:  DGLGraph(num_nodes=14951, num_edges=592213,
         ndata_schemes={}
         edata_schemes={'tid': Scheme(shape=(), dtype=torch.int64)})
Loading cached metis
WARNING [18614 sampler.py:454] Start PreSampling
WARNING [18614 sampler.py:532] Before construct renumbering_dict
WARNING [18614 sampler.py:555] PreSampling done
W20240125 16:31:50.708132 18614 IPCTensor.h:365] NewIPCTensor: cached_sampler_r0_0 [100000]0x100000002000 781.2 kB
W20240125 16:31:50.709055 18614 IPCTensor.h:365] NewIPCTensor: cached_sampler_r0_1 [100000]0x1000000c7000 781.2 kB
W20240125 16:31:50.709548 18614 IPCTensor.h:365] NewIPCTensor: cached_sampler_r0_2 [100000]0x10000018c000 781.2 kB
W20240125 16:31:50.709978 18614 IPCTensor.h:365] NewIPCTensor: cached_sampler_r0_3 [100000]0x100000251000 781.2 kB
W20240125 16:31:50.710398 18614 IPCTensor.h:365] NewIPCTensor: cached_sampler_r0_4 [100000]0x100000316000 781.2 kB
W20240125 16:31:50.710820 18614 IPCTensor.h:365] NewIPCTensor: cached_sampler_r0_5 [100000]0x1000003db000 781.2 kB
W20240125 16:31:50.711251 18614 IPCTensor.h:365] NewIPCTensor: cached_sampler_r0_6 [100000]0x1000004a0000 781.2 kB
W20240125 16:31:50.711688 18614 IPCTensor.h:365] NewIPCTensor: cached_sampler_r0_7 [100000]0x100000565000 781.2 kB
W20240125 16:31:50.712087 18614 IPCTensor.h:365] NewIPCTensor: cached_sampler_r0_8 [100000]0x10000062a000 781.2 kB
W20240125 16:31:50.712498 18614 IPCTensor.h:365] NewIPCTensor: cached_sampler_r0_9 [100000]0x1000006ef000 781.2 kB
W20240125 16:31:50.712926 18614 IPCTensor.h:365] NewIPCTensor: step_r0 [10]0x1000007b4000 80 B 
W20240125 16:31:50.713343 18614 IPCTensor.h:365] NewIPCTensor: circle_buffer_end_r0 [1]0x1000007b6000 8 B 
W20240125 16:31:50.713739 18614 IPCTensor.h:365] NewIPCTensor: circle_buffer_end_cppseen_r0 [1]0x1000007b8000 8 B 
W20240125 16:31:50.714346 18614 IPCTensor.h:365] NewIPCTensor: cached_sampler_r1_0 [100000]0x1000007ba000 781.2 kB
W20240125 16:31:50.714766 18614 IPCTensor.h:365] NewIPCTensor: cached_sampler_r1_1 [100000]0x10000087f000 781.2 kB
W20240125 16:31:50.715185 18614 IPCTensor.h:365] NewIPCTensor: cached_sampler_r1_2 [100000]0x100000944000 781.2 kB
W20240125 16:31:50.715596 18614 IPCTensor.h:365] NewIPCTensor: cached_sampler_r1_3 [100000]0x100000a09000 781.2 kB
W20240125 16:31:50.716042 18614 IPCTensor.h:365] NewIPCTensor: cached_sampler_r1_4 [100000]0x100000ace000 781.2 kB
W20240125 16:31:50.716456 18614 IPCTensor.h:365] NewIPCTensor: cached_sampler_r1_5 [100000]0x100000b93000 781.2 kB
W20240125 16:31:50.716895 18614 IPCTensor.h:365] NewIPCTensor: cached_sampler_r1_6 [100000]0x100000c58000 781.2 kB
W20240125 16:31:50.717314 18614 IPCTensor.h:365] NewIPCTensor: cached_sampler_r1_7 [100000]0x100000d1d000 781.2 kB
W20240125 16:31:50.717737 18614 IPCTensor.h:365] NewIPCTensor: cached_sampler_r1_8 [100000]0x100000de2000 781.2 kB
W20240125 16:31:50.718138 18614 IPCTensor.h:365] NewIPCTensor: cached_sampler_r1_9 [100000]0x100000ea7000 781.2 kB
W20240125 16:31:50.718552 18614 IPCTensor.h:365] NewIPCTensor: step_r1 [10]0x100000f6c000 80 B 
W20240125 16:31:50.718945 18614 IPCTensor.h:365] NewIPCTensor: circle_buffer_end_r1 [1]0x100000f6e000 8 B 
W20240125 16:31:50.719358 18614 IPCTensor.h:365] NewIPCTensor: circle_buffer_end_cppseen_r1 [1]0x100000f70000 8 B 
W20240125 16:31:50.719892 18614 IPCTensor.h:365] NewIPCTensor: cached_sampler_r2_0 [100000]0x100000f72000 781.2 kB
W20240125 16:31:50.720314 18614 IPCTensor.h:365] NewIPCTensor: cached_sampler_r2_1 [100000]0x100001037000 781.2 kB
W20240125 16:31:50.720707 18614 IPCTensor.h:365] NewIPCTensor: cached_sampler_r2_2 [100000]0x1000010fc000 781.2 kB
W20240125 16:31:50.721120 18614 IPCTensor.h:365] NewIPCTensor: cached_sampler_r2_3 [100000]0x1000011c1000 781.2 kB
W20240125 16:31:50.721536 18614 IPCTensor.h:365] NewIPCTensor: cached_sampler_r2_4 [100000]0x100001286000 781.2 kB
W20240125 16:31:50.721956 18614 IPCTensor.h:365] NewIPCTensor: cached_sampler_r2_5 [100000]0x10000134b000 781.2 kB
W20240125 16:31:50.722391 18614 IPCTensor.h:365] NewIPCTensor: cached_sampler_r2_6 [100000]0x100001410000 781.2 kB
W20240125 16:31:50.722788 18614 IPCTensor.h:365] NewIPCTensor: cached_sampler_r2_7 [100000]0x1000014d5000 781.2 kB
W20240125 16:31:50.723212 18614 IPCTensor.h:365] NewIPCTensor: cached_sampler_r2_8 [100000]0x10000159a000 781.2 kB
W20240125 16:31:50.723263 18614 IPCTensor.h:365] NewIPCTensor: cached_sampler_r2_9 [100000]0x10000165f000 781.2 kB
W20240125 16:31:50.723299 18614 IPCTensor.h:365] NewIPCTensor: step_r2 [10]0x100001724000 80 B 
W20240125 16:31:50.723330 18614 IPCTensor.h:365] NewIPCTensor: circle_buffer_end_r2 [1]0x100001726000 8 B 
W20240125 16:31:50.723356 18614 IPCTensor.h:365] NewIPCTensor: circle_buffer_end_cppseen_r2 [1]0x100001728000 8 B 
W20240125 16:31:50.723515 18614 IPCTensor.h:365] NewIPCTensor: cached_sampler_r3_0 [100000]0x10000172a000 781.2 kB
W20240125 16:31:50.723558 18614 IPCTensor.h:365] NewIPCTensor: cached_sampler_r3_1 [100000]0x1000017ef000 781.2 kB
W20240125 16:31:50.723603 18614 IPCTensor.h:365] NewIPCTensor: cached_sampler_r3_2 [100000]0x1000018b4000 781.2 kB
W20240125 16:31:50.723645 18614 IPCTensor.h:365] NewIPCTensor: cached_sampler_r3_3 [100000]0x100001979000 781.2 kB
W20240125 16:31:50.723678 18614 IPCTensor.h:365] NewIPCTensor: cached_sampler_r3_4 [100000]0x100001a3e000 781.2 kB
W20240125 16:31:50.723713 18614 IPCTensor.h:365] NewIPCTensor: cached_sampler_r3_5 [100000]0x100001b03000 781.2 kB
W20240125 16:31:50.723744 18614 IPCTensor.h:365] NewIPCTensor: cached_sampler_r3_6 [100000]0x100001bc8000 781.2 kB
W20240125 16:31:50.723778 18614 IPCTensor.h:365] NewIPCTensor: cached_sampler_r3_7 [100000]0x100001c8d000 781.2 kB
W20240125 16:31:50.723814 18614 IPCTensor.h:365] NewIPCTensor: cached_sampler_r3_8 [100000]0x100001d52000 781.2 kB
W20240125 16:31:50.723842 18614 IPCTensor.h:365] NewIPCTensor: cached_sampler_r3_9 [100000]0x100001e17000 781.2 kB
W20240125 16:31:50.723873 18614 IPCTensor.h:365] NewIPCTensor: step_r3 [10]0x100001edc000 80 B 
W20240125 16:31:50.723898 18614 IPCTensor.h:365] NewIPCTensor: circle_buffer_end_r3 [1]0x100001ede000 8 B 
W20240125 16:31:50.723920 18614 IPCTensor.h:365] NewIPCTensor: circle_buffer_end_cppseen_r3 [1]0x100001ee0000 8 B 
W20240125 16:31:50.723999 18614 IPCTensor.h:365] NewIPCTensor: cached_sampler_r4_0 [100000]0x100001ee2000 781.2 kB
W20240125 16:31:50.724066 18614 IPCTensor.h:365] NewIPCTensor: cached_sampler_r4_1 [100000]0x100001fa7000 781.2 kB
W20240125 16:31:50.724105 18614 IPCTensor.h:365] NewIPCTensor: cached_sampler_r4_2 [100000]0x10000206c000 781.2 kB
W20240125 16:31:50.724135 18614 IPCTensor.h:365] NewIPCTensor: cached_sampler_r4_3 [100000]0x100002131000 781.2 kB
W20240125 16:31:50.724174 18614 IPCTensor.h:365] NewIPCTensor: cached_sampler_r4_4 [100000]0x1000021f6000 781.2 kB
W20240125 16:31:50.724211 18614 IPCTensor.h:365] NewIPCTensor: cached_sampler_r4_5 [100000]0x1000022bb000 781.2 kB
W20240125 16:31:50.724242 18614 IPCTensor.h:365] NewIPCTensor: cached_sampler_r4_6 [100000]0x100002380000 781.2 kB
W20240125 16:31:50.724272 18614 IPCTensor.h:365] NewIPCTensor: cached_sampler_r4_7 [100000]0x100002445000 781.2 kB
W20240125 16:31:50.724300 18614 IPCTensor.h:365] NewIPCTensor: cached_sampler_r4_8 [100000]0x10000250a000 781.2 kB
W20240125 16:31:50.724328 18614 IPCTensor.h:365] NewIPCTensor: cached_sampler_r4_9 [100000]0x1000025cf000 781.2 kB
W20240125 16:31:50.724355 18614 IPCTensor.h:365] NewIPCTensor: step_r4 [10]0x100002694000 80 B 
W20240125 16:31:50.724380 18614 IPCTensor.h:365] NewIPCTensor: circle_buffer_end_r4 [1]0x100002696000 8 B 
W20240125 16:31:50.724411 18614 IPCTensor.h:365] NewIPCTensor: circle_buffer_end_cppseen_r4 [1]0x100002698000 8 B 
W20240125 16:31:50.724478 18614 IPCTensor.h:365] NewIPCTensor: cached_sampler_r5_0 [100000]0x10000269a000 781.2 kB
W20240125 16:31:50.724516 18614 IPCTensor.h:365] NewIPCTensor: cached_sampler_r5_1 [100000]0x10000275f000 781.2 kB
W20240125 16:31:50.724555 18614 IPCTensor.h:365] NewIPCTensor: cached_sampler_r5_2 [100000]0x100002824000 781.2 kB
W20240125 16:31:50.724584 18614 IPCTensor.h:365] NewIPCTensor: cached_sampler_r5_3 [100000]0x1000028e9000 781.2 kB
W20240125 16:31:50.724617 18614 IPCTensor.h:365] NewIPCTensor: cached_sampler_r5_4 [100000]0x1000029ae000 781.2 kB
W20240125 16:31:50.724665 18614 IPCTensor.h:365] NewIPCTensor: cached_sampler_r5_5 [100000]0x100002a73000 781.2 kB
W20240125 16:31:50.724727 18614 IPCTensor.h:365] NewIPCTensor: cached_sampler_r5_6 [100000]0x100002b38000 781.2 kB
W20240125 16:31:50.724772 18614 IPCTensor.h:365] NewIPCTensor: cached_sampler_r5_7 [100000]0x100002bfd000 781.2 kB
W20240125 16:31:50.724813 18614 IPCTensor.h:365] NewIPCTensor: cached_sampler_r5_8 [100000]0x100002cc2000 781.2 kB
W20240125 16:31:50.724864 18614 IPCTensor.h:365] NewIPCTensor: cached_sampler_r5_9 [100000]0x100002d87000 781.2 kB
W20240125 16:31:50.724895 18614 IPCTensor.h:365] NewIPCTensor: step_r5 [10]0x100002e4c000 80 B 
W20240125 16:31:50.724920 18614 IPCTensor.h:365] NewIPCTensor: circle_buffer_end_r5 [1]0x100002e4e000 8 B 
W20240125 16:31:50.724943 18614 IPCTensor.h:365] NewIPCTensor: circle_buffer_end_cppseen_r5 [1]0x100002e50000 8 B 
W20240125 16:31:50.725014 18614 IPCTensor.h:365] NewIPCTensor: cached_sampler_r6_0 [100000]0x100002e52000 781.2 kB
W20240125 16:31:50.725055 18614 IPCTensor.h:365] NewIPCTensor: cached_sampler_r6_1 [100000]0x100002f17000 781.2 kB
W20240125 16:31:50.725085 18614 IPCTensor.h:365] NewIPCTensor: cached_sampler_r6_2 [100000]0x100002fdc000 781.2 kB
W20240125 16:31:50.725114 18614 IPCTensor.h:365] NewIPCTensor: cached_sampler_r6_3 [100000]0x1000030a1000 781.2 kB
W20240125 16:31:50.725144 18614 IPCTensor.h:365] NewIPCTensor: cached_sampler_r6_4 [100000]0x100003166000 781.2 kB
W20240125 16:31:50.725175 18614 IPCTensor.h:365] NewIPCTensor: cached_sampler_r6_5 [100000]0x10000322b000 781.2 kB
W20240125 16:31:50.725211 18614 IPCTensor.h:365] NewIPCTensor: cached_sampler_r6_6 [100000]0x1000032f0000 781.2 kB
W20240125 16:31:50.725251 18614 IPCTensor.h:365] NewIPCTensor: cached_sampler_r6_7 [100000]0x1000033b5000 781.2 kB
W20240125 16:31:50.725286 18614 IPCTensor.h:365] NewIPCTensor: cached_sampler_r6_8 [100000]0x10000347a000 781.2 kB
W20240125 16:31:50.725317 18614 IPCTensor.h:365] NewIPCTensor: cached_sampler_r6_9 [100000]0x10000353f000 781.2 kB
W20240125 16:31:50.725346 18614 IPCTensor.h:365] NewIPCTensor: step_r6 [10]0x100003604000 80 B 
W20240125 16:31:50.725389 18614 IPCTensor.h:365] NewIPCTensor: circle_buffer_end_r6 [1]0x100003606000 8 B 
W20240125 16:31:50.725421 18614 IPCTensor.h:365] NewIPCTensor: circle_buffer_end_cppseen_r6 [1]0x100003608000 8 B 
W20240125 16:31:50.725500 18614 IPCTensor.h:365] NewIPCTensor: cached_sampler_r7_0 [100000]0x10000360a000 781.2 kB
W20240125 16:31:50.725541 18614 IPCTensor.h:365] NewIPCTensor: cached_sampler_r7_1 [100000]0x1000036cf000 781.2 kB
W20240125 16:31:50.725579 18614 IPCTensor.h:365] NewIPCTensor: cached_sampler_r7_2 [100000]0x100003794000 781.2 kB
W20240125 16:31:50.725615 18614 IPCTensor.h:365] NewIPCTensor: cached_sampler_r7_3 [100000]0x100003859000 781.2 kB
W20240125 16:31:50.725644 18614 IPCTensor.h:365] NewIPCTensor: cached_sampler_r7_4 [100000]0x10000391e000 781.2 kB
W20240125 16:31:50.725682 18614 IPCTensor.h:365] NewIPCTensor: cached_sampler_r7_5 [100000]0x1000039e3000 781.2 kB
W20240125 16:31:50.725733 18614 IPCTensor.h:365] NewIPCTensor: cached_sampler_r7_6 [100000]0x100003aa8000 781.2 kB
W20240125 16:31:50.725764 18614 IPCTensor.h:365] NewIPCTensor: cached_sampler_r7_7 [100000]0x100003b6d000 781.2 kB
W20240125 16:31:50.725803 18614 IPCTensor.h:365] NewIPCTensor: cached_sampler_r7_8 [100000]0x100003c32000 781.2 kB
W20240125 16:31:50.725844 18614 IPCTensor.h:365] NewIPCTensor: cached_sampler_r7_9 [100000]0x100003cf7000 781.2 kB
W20240125 16:31:50.725875 18614 IPCTensor.h:365] NewIPCTensor: step_r7 [10]0x100003dbc000 80 B 
W20240125 16:31:50.725900 18614 IPCTensor.h:365] NewIPCTensor: circle_buffer_end_r7 [1]0x100003dbe000 8 B 
W20240125 16:31:50.725925 18614 IPCTensor.h:365] NewIPCTensor: circle_buffer_end_cppseen_r7 [1]0x100003dc0000 8 B 
W20240125 16:31:51.167970 18614 IPCTensor.h:365] NewIPCTensor: full_emb [14951, 400]0x100003dc2000 22.81 MB
W20240125 16:31:51.168251 18614 IPCTensor.h:365] NewIPCTensor: full_emb_SparseRowWiseAdaGrad_sum [14951]0x100005494000 58.4 kB
{0: Graph(num_nodes=8499, num_edges=86694,
      ndata_schemes={'_ID': Scheme(shape=(), dtype=torch.int64), 'inner_node': Scheme(shape=(), dtype=torch.int32), 'part_id': Scheme(shape=(), dtype=torch.int64)}
      edata_schemes={'_ID': Scheme(shape=(), dtype=torch.int64), 'inner_edge': Scheme(shape=(), dtype=torch.int8)}), 1: Graph(num_nodes=6140, num_edges=88951,
      ndata_schemes={'_ID': Scheme(shape=(), dtype=torch.int64), 'inner_node': Scheme(shape=(), dtype=torch.int32), 'part_id': Scheme(shape=(), dtype=torch.int64)}
      edata_schemes={'_ID': Scheme(shape=(), dtype=torch.int64), 'inner_edge': Scheme(shape=(), dtype=torch.int8)}), 2: Graph(num_nodes=8646, num_edges=109741,
      ndata_schemes={'_ID': Scheme(shape=(), dtype=torch.int64), 'inner_node': Scheme(shape=(), dtype=torch.int32), 'part_id': Scheme(shape=(), dtype=torch.int64)}
      edata_schemes={'_ID': Scheme(shape=(), dtype=torch.int64), 'inner_edge': Scheme(shape=(), dtype=torch.int8)}), 3: Graph(num_nodes=8503, num_edges=86907,
      ndata_schemes={'_ID': Scheme(shape=(), dtype=torch.int64), 'inner_node': Scheme(shape=(), dtype=torch.int32), 'part_id': Scheme(shape=(), dtype=torch.int64)}
      edata_schemes={'_ID': Scheme(shape=(), dtype=torch.int64), 'inner_edge': Scheme(shape=(), dtype=torch.int8)}), 4: Graph(num_nodes=10597, num_edges=122217,
      ndata_schemes={'_ID': Scheme(shape=(), dtype=torch.int64), 'inner_node': Scheme(shape=(), dtype=torch.int32), 'part_id': Scheme(shape=(), dtype=torch.int64)}
      edata_schemes={'_ID': Scheme(shape=(), dtype=torch.int64), 'inner_edge': Scheme(shape=(), dtype=torch.int8)}), 5: Graph(num_nodes=8255, num_edges=102550,
      ndata_schemes={'_ID': Scheme(shape=(), dtype=torch.int64), 'inner_node': Scheme(shape=(), dtype=torch.int32), 'part_id': Scheme(shape=(), dtype=torch.int64)}
      edata_schemes={'_ID': Scheme(shape=(), dtype=torch.int64), 'inner_edge': Scheme(shape=(), dtype=torch.int8)}), 6: Graph(num_nodes=7422, num_edges=104094,
      ndata_schemes={'_ID': Scheme(shape=(), dtype=torch.int64), 'inner_node': Scheme(shape=(), dtype=torch.int32), 'part_id': Scheme(shape=(), dtype=torch.int64)}
      edata_schemes={'_ID': Scheme(shape=(), dtype=torch.int64), 'inner_edge': Scheme(shape=(), dtype=torch.int8)}), 7: Graph(num_nodes=7815, num_edges=137832,
      ndata_schemes={'_ID': Scheme(shape=(), dtype=torch.int64), 'inner_node': Scheme(shape=(), dtype=torch.int32), 'part_id': Scheme(shape=(), dtype=torch.int64)}
      edata_schemes={'_ID': Scheme(shape=(), dtype=torch.int64), 'inner_edge': Scheme(shape=(), dtype=torch.int8)})}
MertisPartition: part 0 has 8499 N 86694 E
MertisPartition: part 1 has 6140 N 88951 E
MertisPartition: part 2 has 8646 N 109741 E
MertisPartition: part 3 has 8503 N 86907 E
MertisPartition: part 4 has 10597 N 122217 E
MertisPartition: part 5 has 8255 N 102550 E
MertisPartition: part 6 has 7422 N 104094 E
MertisPartition: part 7 has 7815 N 137832 E
Rank0: cached key size 93
Rank1: cached key size 93
Rank2: cached key size 93
Rank3: cached key size 93
Rank4: cached key size 93
Rank5: cached key size 93
Rank6: cached key size 93
Rank7: cached key size 93
Before renumbering graph:  {'_ID': tensor([    0,    15,    36,  ..., 11946,  9147, 13282]), 'inner_node': tensor([1, 1, 1,  ..., 0, 0, 0], dtype=torch.int32), 'part_id': tensor([0, 0, 0,  ..., 6, 3, 7])}
After renumbering graph:  {'_ID': tensor([  838,  1225,  1782,  ...,  7191, 14026,  6140]), 'inner_node': tensor([1, 1, 1,  ..., 0, 0, 0], dtype=torch.int32), 'part_id': tensor([0, 0, 0,  ..., 6, 3, 7])}
part_g: DGLGraph(num_nodes=8499, num_edges=86694,
         ndata_schemes={'_ID': Scheme(shape=(), dtype=torch.int64)}
         edata_schemes={'tid': Scheme(shape=(), dtype=torch.int64)})
part_g: DGLGraph(num_nodes=8499, num_edges=86694,
         ndata_schemes={'_ID': Scheme(shape=(), dtype=torch.int64)}
         edata_schemes={'tid': Scheme(shape=(), dtype=torch.int64)})
Total initialize time 17.742 seconds
[Rank1] pid = 19869
[Rank2] pid = 19933
[Rank3] pid = 19934
[Rank4] pid = 19999
[Rank5] pid = 20126
[Rank6] pid = 20195
INFO [18614 distributed_c10d.py:442] Added key: store_based_barrier_key:1 to store for rank: 0
INFO [19869 distributed_c10d.py:442] Added key: store_based_barrier_key:1 to store for rank: 1
INFO [19933 distributed_c10d.py:442] Added key: store_based_barrier_key:1 to store for rank: 2
INFO [19934 distributed_c10d.py:442] Added key: store_based_barrier_key:1 to store for rank: 3
INFO [19999 distributed_c10d.py:442] Added key: store_based_barrier_key:1 to store for rank: 4
INFO [20126 distributed_c10d.py:442] Added key: store_based_barrier_key:1 to store for rank: 5
INFO [19933 distributed_c10d.py:476] Rank 2: Completed store-based barrier for key:store_based_barrier_key:1 with 8 nodes.
INFO [19869 distributed_c10d.py:476] Rank 1: Completed store-based barrier for key:store_based_barrier_key:1 with 8 nodes.
INFO [20259 distributed_c10d.py:442] Added key: store_based_barrier_key:1 to store for rank: 7
INFO [20195 distributed_c10d.py:442] Added key: store_based_barrier_key:1 to store for rank: 6
INFO [19999 distributed_c10d.py:476] Rank 4: Completed store-based barrier for key:store_based_barrier_key:1 with 8 nodes.
INFO [20126 distributed_c10d.py:476] Rank 5: Completed store-based barrier for key:store_based_barrier_key:1 with 8 nodes.
INFO [20259 distributed_c10d.py:476] Rank 7: Completed store-based barrier for key:store_based_barrier_key:1 with 8 nodes.
INFO [19934 distributed_c10d.py:476] Rank 3: Completed store-based barrier for key:store_based_barrier_key:1 with 8 nodes.
INFO [20195 distributed_c10d.py:476] Rank 6: Completed store-based barrier for key:store_based_barrier_key:1 with 8 nodes.
W20240125 16:31:54.487535 20062 IPCTensor.h:405] NewIPCGPUTensor: embedding_cache_4 [747, 400]; dev=4; size=1.14 MB
W20240125 16:31:54.487536 19998 IPCTensor.h:405] NewIPCGPUTensor: embedding_cache_3 [747, 400]; dev=3; size=1.14 MB
W20240125 16:31:54.487533 20127 IPCTensor.h:405] NewIPCGPUTensor: embedding_cache_5 [747, 400]; dev=5; size=1.14 MB
W20240125 16:31:54.487534 20196 IPCTensor.h:405] NewIPCGPUTensor: embedding_cache_6 [747, 400]; dev=6; size=1.14 MB
W20240125 16:31:54.487536 20323 IPCTensor.h:405] NewIPCGPUTensor: embedding_cache_7 [747, 400]; dev=7; size=1.14 MB
W20240125 16:31:54.487533 19870 IPCTensor.h:405] NewIPCGPUTensor: embedding_cache_1 [747, 400]; dev=1; size=1.14 MB
W20240125 16:31:54.487533 19935 IPCTensor.h:405] NewIPCGPUTensor: embedding_cache_2 [747, 400]; dev=2; size=1.14 MB
INFO [18614 distributed_c10d.py:476] Rank 0: Completed store-based barrier for key:store_based_barrier_key:1 with 8 nodes.
W20240125 16:31:54.496093 20260 IPCTensor.h:405] NewIPCGPUTensor: embedding_cache_0 [747, 400]; dev=0; size=1.14 MB
W20240125 16:31:54.518589 20323 IPCTensor.h:365] NewIPCTensor: input_keys_7 [100000]0x100005701000 781.2 kB
W20240125 16:31:54.518570 20127 IPCTensor.h:365] NewIPCTensor: input_keys_5 [100000]0x100005577000 781.2 kB
W20240125 16:31:54.518570 19998 IPCTensor.h:365] NewIPCTensor: input_keys_3 [100000]0x1000054b2000 781.2 kB
W20240125 16:31:54.518600 20062 IPCTensor.h:365] NewIPCTensor: input_keys_4 [100000]0x10000588b000 781.2 kB
W20240125 16:31:54.518574 20196 IPCTensor.h:365] NewIPCTensor: input_keys_6 [100000]0x10000563c000 781.2 kB
W20240125 16:31:54.518595 19870 IPCTensor.h:365] NewIPCTensor: input_keys_1 [100000]0x1000057c6000 781.2 kB
W20240125 16:31:54.518615 19935 IPCTensor.h:365] NewIPCTensor: input_keys_2 [100000]0x100005950000 781.2 kB
W20240125 16:31:54.518818 20323 IPCTensor.h:365] NewIPCTensor: input_keys_neg_7 [100000]0x100005a15000 781.2 kB
W20240125 16:31:54.518836 20127 IPCTensor.h:365] NewIPCTensor: input_keys_neg_5 [100000]0x100005ada000 781.2 kB
W20240125 16:31:54.518851 19998 IPCTensor.h:365] NewIPCTensor: input_keys_neg_3 [100000]0x100005b9f000 781.2 kB
W20240125 16:31:54.518857 19935 IPCTensor.h:365] NewIPCTensor: input_keys_neg_2 [100000]0x100005c64000 781.2 kB
W20240125 16:31:54.518862 20196 IPCTensor.h:365] NewIPCTensor: input_keys_neg_6 [100000]0x100005d29000 781.2 kB
W20240125 16:31:54.518867 20062 IPCTensor.h:365] NewIPCTensor: input_keys_neg_4 [100000]0x100005dee000 781.2 kB
W20240125 16:31:54.518893 19870 IPCTensor.h:365] NewIPCTensor: input_keys_neg_1 [100000]0x100005eb3000 781.2 kB
W20240125 16:31:54.518934 20323 IPCTensor.h:365] NewIPCTensor: backward_grads_7 [100000, 400]0x100005f78000 152.6 MB
W20240125 16:31:54.518954 20127 IPCTensor.h:365] NewIPCTensor: backward_grads_5 [100000, 400]0x10000f810000 152.6 MB
W20240125 16:31:54.518960 19998 IPCTensor.h:365] NewIPCTensor: backward_grads_3 [100000, 400]0x1000190a8000 152.6 MB
W20240125 16:31:54.518985 20196 IPCTensor.h:365] NewIPCTensor: backward_grads_6 [100000, 400]0x100022940000 152.6 MB
W20240125 16:31:54.518990 19870 IPCTensor.h:365] NewIPCTensor: backward_grads_1 [100000, 400]0x10002c1d8000 152.6 MB
W20240125 16:31:54.518996 20062 IPCTensor.h:365] NewIPCTensor: backward_grads_4 [100000, 400]0x100035a70000 152.6 MB
W20240125 16:31:54.519019 19935 IPCTensor.h:365] NewIPCTensor: backward_grads_2 [100000, 400]0x10003f308000 152.6 MB
W20240125 16:31:54.519026 20323 IPCTensor.h:365] NewIPCTensor: backward_grads_neg_7 [100000, 400]0x100048ba0000 152.6 MB
W20240125 16:31:54.519054 19998 IPCTensor.h:365] NewIPCTensor: backward_grads_neg_3 [100000, 400]0x100052438000 152.6 MB
W20240125 16:31:54.519059 20196 IPCTensor.h:365] NewIPCTensor: backward_grads_neg_6 [100000, 400]0x10005bcd0000 152.6 MB
W20240125 16:31:54.519084 19870 IPCTensor.h:365] NewIPCTensor: backward_grads_neg_1 [100000, 400]0x10006ee00000 152.6 MB
W20240125 16:31:54.519080 20127 IPCTensor.h:365] NewIPCTensor: backward_grads_neg_5 [100000, 400]0x100065568000 152.6 MB
W20240125 16:31:54.519090 20062 IPCTensor.h:365] NewIPCTensor: backward_grads_neg_4 [100000, 400]0x100078698000 152.6 MB
W20240125 16:31:54.519132 20323 IPCTensor.h:405] NewIPCGPUTensor: backward_grads_7_gpu [100000, 400]; dev=7; size=152.6 MB
W20240125 16:31:54.519136 20196 IPCTensor.h:405] NewIPCGPUTensor: backward_grads_6_gpu [100000, 400]; dev=6; size=152.6 MB
W20240125 16:31:54.519140 19935 IPCTensor.h:365] NewIPCTensor: backward_grads_neg_2 [100000, 400]0x100081f30000 152.6 MB
W20240125 16:31:54.519150 19870 IPCTensor.h:405] NewIPCGPUTensor: backward_grads_1_gpu [100000, 400]; dev=1; size=152.6 MB
W20240125 16:31:54.519150 19998 IPCTensor.h:405] NewIPCGPUTensor: backward_grads_3_gpu [100000, 400]; dev=3; size=152.6 MB
W20240125 16:31:54.519177 20062 IPCTensor.h:405] NewIPCGPUTensor: backward_grads_4_gpu [100000, 400]; dev=4; size=152.6 MB
W20240125 16:31:54.519186 20127 IPCTensor.h:405] NewIPCGPUTensor: backward_grads_5_gpu [100000, 400]; dev=5; size=152.6 MB
W20240125 16:31:54.519199 19935 IPCTensor.h:405] NewIPCGPUTensor: backward_grads_2_gpu [100000, 400]; dev=2; size=152.6 MB
W20240125 16:31:54.523114 20062 IPCTensor.h:405] NewIPCGPUTensor: backward_grads_neg_4_gpu [100000, 400]; dev=4; size=152.6 MB
W20240125 16:31:54.523113 19998 IPCTensor.h:405] NewIPCGPUTensor: backward_grads_neg_3_gpu [100000, 400]; dev=3; size=152.6 MB
W20240125 16:31:54.523113 20196 IPCTensor.h:405] NewIPCGPUTensor: backward_grads_neg_6_gpu [100000, 400]; dev=6; size=152.6 MB
W20240125 16:31:54.523113 19870 IPCTensor.h:405] NewIPCGPUTensor: backward_grads_neg_1_gpu [100000, 400]; dev=1; size=152.6 MB
W20240125 16:31:54.523113 19935 IPCTensor.h:405] NewIPCGPUTensor: backward_grads_neg_2_gpu [100000, 400]; dev=2; size=152.6 MB
W20240125 16:31:54.523113 20323 IPCTensor.h:405] NewIPCGPUTensor: backward_grads_neg_7_gpu [100000, 400]; dev=7; size=152.6 MB
W20240125 16:31:54.523137 20127 IPCTensor.h:405] NewIPCGPUTensor: backward_grads_neg_5_gpu [100000, 400]; dev=5; size=152.6 MB
W20240125 16:31:54.527694 20260 IPCTensor.h:365] NewIPCTensor: input_keys_0 [100000]0x10008b7e6000 781.2 kB
W20240125 16:31:54.527869 20260 IPCTensor.h:365] NewIPCTensor: input_keys_neg_0 [100000]0x10008b8ab000 781.2 kB
W20240125 16:31:54.527927 20260 IPCTensor.h:365] NewIPCTensor: backward_grads_0 [100000, 400]0x10008b970000 152.6 MB
W20240125 16:31:54.527988 20260 IPCTensor.h:365] NewIPCTensor: backward_grads_neg_0 [100000, 400]0x100095208000 152.6 MB
W20240125 16:31:54.528038 20260 IPCTensor.h:405] NewIPCGPUTensor: backward_grads_0_gpu [100000, 400]; dev=0; size=152.6 MB
W20240125 16:31:54.528913 20260 IPCTensor.h:405] NewIPCGPUTensor: backward_grads_neg_0_gpu [100000, 400]; dev=0; size=152.6 MB
[Rank7] pid = 20259
New CachedEmbedding, name=full_emb, shape=(14951, 400), cache_type=KnownLocalCachedEmbedding
fixed cache_range is [(0, 747), (747, 1494), (1494, 2241), (2241, 2988), (2988, 3735), (3735, 4482), (4482, 5229), (5229, 5976)]
cudaHostRegister 0x100003dc2000
0: KnownLocalCachedEmbedding init done
WARNING [18614 DistTensor.py:56] The tensor name already exists in the kvstore
cudaHostRegister 0x100003dc2000
2: KnownLocalCachedEmbedding init done
WARNING [19933 DistTensor.py:56] The tensor name already exists in the kvstore
cudaHostRegister 0x100003dc2000
7: KnownLocalCachedEmbedding init done
WARNING [20259 DistTensor.py:56] The tensor name already exists in the kvstore
cudaHostRegister 0x100003dc2000
6: KnownLocalCachedEmbedding init done
cudaHostRegister 0x100003dc2000
3: KnownLocalCachedEmbedding init done
cudaHostRegister 0x100003dc2000
4: KnownLocalCachedEmbedding init done
WARNING [20195 DistTensor.py:56] The tensor name already exists in the kvstore
cudaHostRegister 0x100003dc2000
5: KnownLocalCachedEmbedding init done
cudaHostRegister 0x100003dc2000
1: KnownLocalCachedEmbedding init done
WARNING [19999 DistTensor.py:56] The tensor name already exists in the kvstore
WARNING [19934 DistTensor.py:56] The tensor name already exists in the kvstore
WARNING [20126 DistTensor.py:56] The tensor name already exists in the kvstore
WARNING [19869 DistTensor.py:56] The tensor name already exists in the kvstore
I20240125 16:31:54.805859 20062 IPC_barrier.h:118] CreateBarrier: new barrier, name: kgcachecontroller, count: 8
I20240125 16:31:54.805915 20196 IPC_barrier.h:112] CreateBarrier: find existing barrier, name: kgcachecontroller, count: 8
I20240125 16:31:54.805953 19870 IPC_barrier.h:112] CreateBarrier: find existing barrier, name: kgcachecontroller, count: 8
I20240125 16:31:54.805984 20260 IPC_barrier.h:112] CreateBarrier: find existing barrier, name: kgcachecontroller, count: 8
I20240125 16:31:54.806020 19998 IPC_barrier.h:112] CreateBarrier: find existing barrier, name: kgcachecontroller, count: 8
I20240125 16:31:54.806068 20127 IPC_barrier.h:112] CreateBarrier: find existing barrier, name: kgcachecontroller, count: 8
I20240125 16:31:54.806100 19935 IPC_barrier.h:112] CreateBarrier: find existing barrier, name: kgcachecontroller, count: 8
I20240125 16:31:54.806133 20323 IPC_barrier.h:112] CreateBarrier: find existing barrier, name: kgcachecontroller, count: 8
W20240125 16:31:54.807087 20260 grad_base.h:55] KGCacheController, config={
        "num_gpus": 8,
        "L": 10,
        "backgrad_init": "both", 
        "kForwardItersPerStep": 2,
        "clr": 1,
        "nr_background_threads": 32,
        "backwardMode": "CppAsyncV2",
        "cache_ratio": 0.05
        }
W20240125 16:31:54.807375 20260 grad_base.h:172] Init GradProcessingBase done
I20240125 16:31:54.813215 20260 grad_async_v2.h:32] Use background thread to update emb. nr_background_threads=32
W20240125 16:31:54.813459 20260 kg_controller.h:78] after init GradAsyncProcessingV2
I20240125 16:31:54.813473 20260 kg_controller.h:84] Construct KGCacheController done
I20240125 16:31:55.857455 20260 grad_base.h:60] GraphEnv RegTensorsPerProcess
W20240125 16:31:57.542299 21054 grad_async_v2.h:120] Detect new sample comes, old_end0, new_end1
E20240125 16:31:57.543077 21054 parallel_pq_v2.h:76] insert failed, size(hashtable)=1
I20240125 16:31:57.574774 20196 IPC_barrier.h:118] CreateBarrier: new barrier, name: start_barrier, count: 8
I20240125 16:31:57.594732 19998 IPC_barrier.h:112] CreateBarrier: find existing barrier, name: start_barrier, count: 8
I20240125 16:31:57.595425 19935 IPC_barrier.h:112] CreateBarrier: find existing barrier, name: start_barrier, count: 8
I20240125 16:31:57.607887 20062 IPC_barrier.h:112] CreateBarrier: find existing barrier, name: start_barrier, count: 8
I20240125 16:31:57.617156 20323 IPC_barrier.h:112] CreateBarrier: find existing barrier, name: start_barrier, count: 8
I20240125 16:31:57.642439 19870 IPC_barrier.h:112] CreateBarrier: find existing barrier, name: start_barrier, count: 8
I20240125 16:31:57.663069 20127 IPC_barrier.h:112] CreateBarrier: find existing barrier, name: start_barrier, count: 8
I20240125 16:31:57.687923 20260 IPC_barrier.h:112] CreateBarrier: find existing barrier, name: start_barrier, count: 8
+---------------------------+---------------------------+---------------------------+
| Name                      | P50                       | P99                       |
+---------------------------+---------------------------+---------------------------+
| GenInput                  | 17.460 ms                 | 17.460 ms                 |
+---------------------------+---------------------------+---------------------------+
+---------------------------+---------------------------+---------------------------+
| Name                      | P50                       | P99                       |
+---------------------------+---------------------------+---------------------------+
| GenInput                  | 17.460 ms                 | 17.460 ms                 |
| Forward                   | 2.896 s                   | 2.896 s                   |
| Backward                  | 706.919 ms                | 706.919 ms                |
| Optimize                  | 3.004 ms                  | 3.004 ms                  |
| BarrierTimeBeforeRank0    | 130.444 us                | 130.444 us                |
+---------------------------+---------------------------+---------------------------+
E20240125 16:32:05.857482 22148 parallel_pq_v2.h:76] insert failed, size(hashtable)=1
+---------------------------+---------------------------+---------------------------+
| Name                      | P50                       | P99                       |
+---------------------------+---------------------------+---------------------------+
| ProcessBack:Shuffle       | 1.156 s                   | 1.474 s                   |
| ProcessBack:UpdateCache   | 3.032 s                   | 3.032 s                   |
+---------------------------+---------------------------+---------------------------+
W20240125 16:32:06.076294 20260 grad_async_v2.h:249] Sleep in <BlockToStepN>, step_no=1, pq.top=1
W20240125 16:32:06.136672 21054 grad_async_v2.h:120] Detect new sample comes, old_end1, new_end2
W20240125 16:32:06.782049 22156 HazptrDomain.h:767] 10 request backlog for hazptr asynchronous reclamation executor
E20240125 16:32:06.864955 21054 parallel_pq_v2.h:76] insert failed, size(hashtable)=1
W20240125 16:32:07.146823 20260 grad_async_v2.h:249] Sleep in <BlockToStepN>, step_no=7, pq.top=7
W20240125 16:32:07.192853 21054 grad_async_v2.h:120] Detect new sample comes, old_end7, new_end8
E20240125 16:32:07.864022 21054 parallel_pq_v2.h:76] insert failed, size(hashtable)=509
W20240125 16:32:08.157815 20260 grad_async_v2.h:249] Sleep in <BlockToStepN>, step_no=15, pq.top=15
W20240125 16:32:08.224284 21054 grad_async_v2.h:120] Detect new sample comes, old_end5, new_end6
E20240125 16:32:08.865072 22160 parallel_pq_v2.h:76] insert failed, size(hashtable)=398
W20240125 16:32:09.157027 20260 grad_async_v2.h:249] Sleep in <BlockToStepN>, step_no=21, pq.top=21
W20240125 16:32:09.224576 21054 grad_async_v2.h:120] Detect new sample comes, old_end1, new_end2
+---------------------------+---------------------------+---------------------------+
| Name                      | P50                       | P99                       |
+---------------------------+---------------------------+---------------------------+
| GenInput                  | 2.157 ms                  | 41.666 ms                 |
| Forward                   | 9.420 ms                  | 2.896 s                   |
| Backward                  | 6.755 ms                  | 706.919 ms                |
| Optimize                  | 1.801 ms                  | 35.254 ms                 |
| BarrierTimeBeforeRank0    | 3.634 ms                  | 52.977 ms                 |
| AfterBackward             | 70.832 ms                 | 4.763 s                   |
| BlockToStepN              | 12.505 ms                 | 57.484 ms                 |
| OneStep                   | 152.455 ms                | 8.440 s                   |
+---------------------------+---------------------------+---------------------------+
E20240125 16:32:09.870556 21054 parallel_pq_v2.h:76] insert failed, size(hashtable)=1
W20240125 16:32:10.182358 20260 grad_async_v2.h:249] Sleep in <BlockToStepN>, step_no=27, pq.top=27
W20240125 16:32:10.227840 21054 grad_async_v2.h:120] Detect new sample comes, old_end7, new_end8
+---------------------------+---------------------------+---------------------------+
| Name                      | P50                       | P99                       |
+---------------------------+---------------------------+---------------------------+
| ProcessBack:Shuffle       | 8.566 ms                  | 1.156 s                   |
| ProcessBack:UpdateCache   | 16.404 ms                 | 3.032 s                   |
| ProcessBack:UpsertPq      | 23.096 ms                 | 191.342 ms                |
| ProcessOneStep            | 72.613 ms                 | 4.761 s                   |
| BlockToStepN              | 11.624 ms                 | 57.297 ms                 |
+---------------------------+---------------------------+---------------------------+
E20240125 16:32:10.872089 21053 parallel_pq_v2.h:76] insert failed, size(hashtable)=6123
W20240125 16:32:11.231563 21054 grad_async_v2.h:120] Detect new sample comes, old_end4, new_end5
W20240125 16:32:11.458583 20260 grad_async_v2.h:249] Sleep in <BlockToStepN>, step_no=36, pq.top=36
E20240125 16:32:11.871229 22146 parallel_pq_v2.h:76] insert failed, size(hashtable)=905
W20240125 16:32:12.262863 21054 grad_async_v2.h:120] Detect new sample comes, old_end1, new_end2
W20240125 16:32:12.529438 20260 grad_async_v2.h:249] Sleep in <BlockToStepN>, step_no=43, pq.top=43
E20240125 16:32:12.871014 22146 parallel_pq_v2.h:76] insert failed, size(hashtable)=342
W20240125 16:32:13.371942 21054 grad_async_v2.h:120] Detect new sample comes, old_end7, new_end8
W20240125 16:32:13.660420 20260 grad_async_v2.h:249] Sleep in <BlockToStepN>, step_no=49, pq.top=49
E20240125 16:32:13.872884 21053 parallel_pq_v2.h:76] insert failed, size(hashtable)=8347
W20240125 16:32:14.372069 21054 grad_async_v2.h:120] Detect new sample comes, old_end3, new_end4
W20240125 16:32:14.660123 20260 grad_async_v2.h:249] Sleep in <BlockToStepN>, step_no=55, pq.top=55
+---------------------------+---------------------------+---------------------------+
| Name                      | P50                       | P99                       |
+---------------------------+---------------------------+---------------------------+
| GenInput                  | 1.921 ms                  | 29.564 ms                 |
| Forward                   | 6.080 ms                  | 51.185 ms                 |
| Backward                  | 5.953 ms                  | 26.269 ms                 |
| Optimize                  | 1.638 ms                  | 15.385 ms                 |
| BarrierTimeBeforeRank0    | 9.190 ms                  | 52.977 ms                 |
| AfterBackward             | 73.831 ms                 | 145.882 ms                |
| BlockToStepN              | 12.214 ms                 | 55.189 ms                 |
| OneStep                   | 154.704 ms                | 260.719 ms                |
+---------------------------+---------------------------+---------------------------+
E20240125 16:32:14.873924 21053 parallel_pq_v2.h:76] insert failed, size(hashtable)=1961
W20240125 16:32:15.419339 21054 grad_async_v2.h:120] Detect new sample comes, old_end0, new_end1
W20240125 16:32:15.693506 20260 grad_async_v2.h:249] Sleep in <BlockToStepN>, step_no=62, pq.top=62
+---------------------------+---------------------------+---------------------------+
| Name                      | P50                       | P99                       |
+---------------------------+---------------------------+---------------------------+
| ProcessBack:Shuffle       | 8.273 ms                  | 1.156 s                   |
| ProcessBack:UpdateCache   | 19.490 ms                 | 3.032 s                   |
| ProcessBack:UpsertPq      | 22.365 ms                 | 191.342 ms                |
| ProcessOneStep            | 73.722 ms                 | 145.535 ms                |
| BlockToStepN              | 12.022 ms                 | 54.892 ms                 |
+---------------------------+---------------------------+---------------------------+
E20240125 16:32:15.873019 21053 parallel_pq_v2.h:76] insert failed, size(hashtable)=1009
W20240125 16:32:16.422354 21054 grad_async_v2.h:120] Detect new sample comes, old_end6, new_end7
W20240125 16:32:16.789465 20260 grad_async_v2.h:249] Sleep in <BlockToStepN>, step_no=69, pq.top=69
E20240125 16:32:16.881034 21053 parallel_pq_v2.h:76] insert failed, size(hashtable)=7434
W20240125 16:32:17.523950 21054 grad_async_v2.h:120] Detect new sample comes, old_end3, new_end4
E20240125 16:32:17.881242 21054 parallel_pq_v2.h:76] insert failed, size(hashtable)=49
W20240125 16:32:17.915146 20260 grad_async_v2.h:249] Sleep in <BlockToStepN>, step_no=76, pq.top=76
W20240125 16:32:18.580845 21054 grad_async_v2.h:120] Detect new sample comes, old_end0, new_end1
E20240125 16:32:18.881016 21053 parallel_pq_v2.h:76] insert failed, size(hashtable)=11290
W20240125 16:32:18.946303 20260 grad_async_v2.h:249] Sleep in <BlockToStepN>, step_no=83, pq.top=83
W20240125 16:32:19.665102 21054 grad_async_v2.h:120] Detect new sample comes, old_end7, new_end8
+---------------------------+---------------------------+---------------------------+
| Name                      | P50                       | P99                       |
+---------------------------+---------------------------+---------------------------+
| GenInput                  | 1.813 ms                  | 35.676 ms                 |
| Forward                   | 5.516 ms                  | 51.185 ms                 |
| Backward                  | 5.576 ms                  | 26.269 ms                 |
| Optimize                  | 1.621 ms                  | 15.385 ms                 |
| BarrierTimeBeforeRank0    | 12.806 ms                 | 52.977 ms                 |
| AfterBackward             | 73.408 ms                 | 145.882 ms                |
| BlockToStepN              | 14.389 ms                 | 57.484 ms                 |
| OneStep                   | 154.704 ms                | 260.719 ms                |
+---------------------------+---------------------------+---------------------------+
E20240125 16:32:19.881191 21054 parallel_pq_v2.h:76] insert failed, size(hashtable)=283
W20240125 16:32:19.946218 20260 grad_async_v2.h:249] Sleep in <BlockToStepN>, step_no=89, pq.top=89
W20240125 16:32:20.685950 21054 grad_async_v2.h:120] Detect new sample comes, old_end3, new_end4
+---------------------------+---------------------------+---------------------------+
| Name                      | P50                       | P99                       |
+---------------------------+---------------------------+---------------------------+
| ProcessBack:Shuffle       | 8.140 ms                  | 78.187 ms                 |
| ProcessBack:UpdateCache   | 19.285 ms                 | 87.202 ms                 |
| ProcessBack:UpsertPq      | 22.793 ms                 | 91.538 ms                 |
| ProcessOneStep            | 73.300 ms                 | 145.535 ms                |
| BlockToStepN              | 14.101 ms                 | 57.297 ms                 |
+---------------------------+---------------------------+---------------------------+
E20240125 16:32:20.881022 21053 parallel_pq_v2.h:76] insert failed, size(hashtable)=7562
W20240125 16:32:21.051719 20260 grad_async_v2.h:249] Sleep in <BlockToStepN>, step_no=96, pq.top=96
W20240125 16:32:21.685756 21054 grad_async_v2.h:120] Detect new sample comes, old_end9, new_end0
train_sampler.Prefill()
before start barrier
start train
[proc 4] 100 steps, total: 24.186, sample: 0.470, forward: 2.648, backward: 1.459, update: 0.148
train_sampler.Prefill()
before start barrier
start train
[proc 7] 100 steps, total: 24.198, sample: 0.385, forward: 3.182, backward: 1.533, update: 0.159
train_sampler.Prefill()
before start barrier
start train
[proc 5] 100 steps, total: 24.139, sample: 0.396, forward: 3.094, backward: 1.518, update: 0.163
train_sampler.Prefill()
before start barrier
start train
[proc 6] 100 steps, total: 24.227, sample: 0.336, forward: 3.622, backward: 1.241, update: 0.149
train_sampler.Prefill()
before start barrier
start train
[proc 1] 100 steps, total: 24.161, sample: 0.344, forward: 2.256, backward: 1.339, update: 0.200
train_sampler.Prefill()
-------Step 0-------
tensor([   40,    78, 13130,  1705, 10948,  9312,  1053,   447, 11208,  8715]) tensor([ 1782, 12547,  5036, 14378, 14438,   957,   605, 13321, 13383, 12647])
-------Step 1-------
tensor([   40,    78, 13130,  1705, 10948,  9312,  1053,   447, 11208,  8715]) tensor([ 4963,  8379,  1841,  7114,  7925, 12323,  8480,  1839,  5899,  2748])
-------Step 2-------
tensor([14284,  2037, 12155,  4698,  9656,  9203,  6709, 10685,    44, 13849]) tensor([ 8753,  1994,  8680,  8448, 14254,  5671, 11621,  1384,  4189,  5017])
-------Step 3-------
tensor([14284,  2037, 12155,  4698,  9656,  9203,  6709, 10685,    44, 13849]) tensor([ 8271,  6091, 11170,  4602,  7211,  7428, 13230,  3747, 11854,  8784])
-------Step 4-------
tensor([ 2952, 10340,  2104, 14521,  6961,    18,   802,    51,  7447, 12414]) tensor([6915, 2920, 2768, 8226, 3308, 5546, 9206,  409, 8370, 3489])
-------Step 5-------
tensor([ 2952, 10340,  2104, 14521,  6961,    18,   802,    51,  7447, 12414]) tensor([ 3260,  6330,   512, 11988,  9202,   455, 14383, 10615,  5181,   407])
-------Step 6-------
tensor([ 6348,  8271,  4637,  6594,  7721,  9216, 14213,    56,  8079,   867]) tensor([ 3808, 13389,  3285,  7097,  2593, 13858,  9779,  9916,  9735, 11723])
-------Step 7-------
tensor([ 6348,  8271,  4637,  6594,  7721,  9216, 14213,    56,  8079,   867]) tensor([ 7099, 12089, 11519, 13365, 14105,  8646,  7826,  1830, 10414,  6579])
-------Step 8-------
tensor([13723, 11056,  5409,    51,  4249, 13468, 10681,    18,  4597,    57]) tensor([ 8271,  8573,  4520,  1076,  5810, 12839,  1334,  1254, 14104,  1250])
-------Step 9-------
tensor([13723, 11056,  5409,    51,  4249, 13468, 10681,    18,  4597,    57]) tensor([ 5247, 11195,  2227,  6546,  2340, 14827,  7535,  1272,  8510, 13127])
before start barrier
start train
[proc 0] 100 steps, total: 24.114, sample: 0.545, forward: 3.892, backward: 1.428, update: 0.213
train_sampler.Prefill()
before start barrier
start train
[proc 3] 100 steps, total: 24.214, sample: 0.495, forward: 2.951, backward: 1.326, update: 0.156
train_sampler.Prefill()
before start barrier
start train
[proc 2] 100 steps, total: 24.219, sample: 0.365, forward: 2.884, backward: 1.406, update: 0.155
E20240125 16:32:21.881016 21053 parallel_pq_v2.h:76] insert failed, size(hashtable)=8211
W20240125 16:32:22.067782 20260 grad_async_v2.h:249] Sleep in <BlockToStepN>, step_no=102, pq.top=102
W20240125 16:32:22.736763 21054 grad_async_v2.h:120] Detect new sample comes, old_end5, new_end6
E20240125 16:32:22.881045 21054 parallel_pq_v2.h:76] insert failed, size(hashtable)=14
W20240125 16:32:23.149482 20260 grad_async_v2.h:249] Sleep in <BlockToStepN>, step_no=108, pq.top=108
W20240125 16:32:23.818473 21054 grad_async_v2.h:120] Detect new sample comes, old_end2, new_end3
E20240125 16:32:23.881453 21053 parallel_pq_v2.h:76] insert failed, size(hashtable)=10545
W20240125 16:32:24.149356 20260 grad_async_v2.h:249] Sleep in <BlockToStepN>, step_no=114, pq.top=114
+---------------------------+---------------------------+---------------------------+
| Name                      | P50                       | P99                       |
+---------------------------+---------------------------+---------------------------+
| GenInput                  | 1.742 ms                  | 35.676 ms                 |
| Forward                   | 5.497 ms                  | 51.185 ms                 |
| Backward                  | 5.215 ms                  | 26.269 ms                 |
| Optimize                  | 1.594 ms                  | 15.385 ms                 |
| BarrierTimeBeforeRank0    | 13.784 ms                 | 63.205 ms                 |
| AfterBackward             | 73.634 ms                 | 145.882 ms                |
| BlockToStepN              | 16.112 ms                 | 74.343 ms                 |
| OneStep                   | 155.839 ms                | 260.719 ms                |
+---------------------------+---------------------------+---------------------------+
W20240125 16:32:24.869499 21054 grad_async_v2.h:120] Detect new sample comes, old_end8, new_end9
E20240125 16:32:24.881014 21053 parallel_pq_v2.h:76] insert failed, size(hashtable)=7940
W20240125 16:32:25.267066 20260 grad_async_v2.h:249] Sleep in <BlockToStepN>, step_no=120, pq.top=120
+---------------------------+---------------------------+---------------------------+
| Name                      | P50                       | P99                       |
+---------------------------+---------------------------+---------------------------+
| ProcessBack:Shuffle       | 8.184 ms                  | 78.187 ms                 |
| ProcessBack:UpdateCache   | 20.043 ms                 | 87.202 ms                 |
| ProcessBack:UpsertPq      | 22.374 ms                 | 91.538 ms                 |
| ProcessOneStep            | 73.722 ms                 | 145.535 ms                |
| BlockToStepN              | 15.676 ms                 | 74.123 ms                 |
+---------------------------+---------------------------+---------------------------+
E20240125 16:32:25.885234 22145 parallel_pq_v2.h:76] insert failed, size(hashtable)=618
W20240125 16:32:25.945274 21054 grad_async_v2.h:120] Detect new sample comes, old_end4, new_end5
W20240125 16:32:26.285554 20260 grad_async_v2.h:249] Sleep in <BlockToStepN>, step_no=126, pq.top=126
E20240125 16:32:26.884013 21053 parallel_pq_v2.h:76] insert failed, size(hashtable)=1713
W20240125 16:32:27.041080 21054 grad_async_v2.h:120] Detect new sample comes, old_end0, new_end1
W20240125 16:32:27.464011 20260 grad_async_v2.h:249] Sleep in <BlockToStepN>, step_no=133, pq.top=133
E20240125 16:32:27.884013 21053 parallel_pq_v2.h:76] insert failed, size(hashtable)=4154
W20240125 16:32:28.152499 21054 grad_async_v2.h:120] Detect new sample comes, old_end6, new_end7
W20240125 16:32:28.615826 20260 grad_async_v2.h:249] Sleep in <BlockToStepN>, step_no=139, pq.top=139
E20240125 16:32:28.885279 21053 parallel_pq_v2.h:76] insert failed, size(hashtable)=4801
W20240125 16:32:29.162480 21054 grad_async_v2.h:120] Detect new sample comes, old_end2, new_end3
+---------------------------+---------------------------+---------------------------+
| Name                      | P50                       | P99                       |
+---------------------------+---------------------------+---------------------------+
| GenInput                  | 1.746 ms                  | 41.666 ms                 |
