WARNING: Logging before InitGoogleLogging() is written to STDERR
I20240207 21:53:28.904266 407410 IPC_barrier.h:128] MultiProcessBarrierFactory->ClearIPCMemory()
/home/xieminhui/RecStore/src/framework_adapters/torch/kg/dgl-0.9.1/python/dgl/_deprecate/graph.py:1023: DGLWarning: multigraph will be deprecated.DGL will treat all graphs as multigraph in the future.
  dgl_warning("multigraph will be deprecated." \
/home/xieminhui/RecStore/src/framework_adapters/torch/kg/dgl-0.9.1/python/dgl/heterograph.py:72: DGLWarning: Recommend creating graphs by `dgl.graph(data)` instead of `dgl.DGLGraph(data)`.
  dgl_warning('Recommend creating graphs by `dgl.graph(data)`'
Reading train triples....
Finished. Read 483142 train triples.
Reading valid triples....
Finished. Read 50000 valid triples.
Reading test triples....
Finished. Read 59071 test triples.
ARGS:  Namespace(model_name='SimplE', data_path='/home/xieminhui/dgl-data', dataset='FB15k', format='built_in', data_files=None, delimiter='\t', save_path='/tmp/ckpts/SimplE_FB15k_106', no_save_emb=True, max_step=500, batch_size=2400, batch_size_eval=16, neg_sample_size=200, neg_deg_sample=False, neg_deg_sample_eval=False, neg_sample_size_eval=14951, eval_percent=1, no_eval_filter=False, log_interval=100, eval_interval=10000, test=False, num_proc=4, num_thread=1, force_sync_interval=1, hidden_dim=400, lr=0.01, gamma=16.0, double_ent=False, double_rel=False, neg_adversarial_sampling=False, adversarial_temperature=1.0, regularization_coef=0.0, regularization_norm=3, pairwise=False, loss_genre='Logsigmoid', margin=1.0, nr_gpus=4, gpu=[0, 1, 2, 3], mix_cpu_gpu=True, valid=False, rel_part=False, async_update=None, has_edge_importance=False, cached_emb_type='KnownLocalCachedEmbedding', use_my_emb=True, cache_ratio=0.05, shuffle=False, backwardMode='CppAsyncV2', L=10, nr_background_threads=32, update_cache_use_omp=0, update_pq_use_omp=0, kForwardItersPerStep=2, backgrad_init='both', eval_filter=True, soft_rel_part=False)
|Train|: 483142
original graph:  DGLGraph(num_nodes=14951, num_edges=592213,
         ndata_schemes={}
         edata_schemes={'tid': Scheme(shape=(), dtype=torch.int64)})
Loading cached metis
WARNING [407410 sampler.py:454] Start PreSampling
WARNING [407410 sampler.py:532] Before construct renumbering_dict
WARNING [407410 sampler.py:555] PreSampling done
W20240207 21:53:31.105739 407410 IPCTensor.h:369] NewIPCTensor: cached_sampler_r0_0 [1000000]0x100000002000 7.629 MB
W20240207 21:53:31.105958 407410 IPCTensor.h:369] NewIPCTensor: cached_sampler_r0_1 [1000000]0x1000007a5000 7.629 MB
W20240207 21:53:31.105995 407410 IPCTensor.h:369] NewIPCTensor: cached_sampler_r0_2 [1000000]0x100000f48000 7.629 MB
W20240207 21:53:31.106019 407410 IPCTensor.h:369] NewIPCTensor: cached_sampler_r0_3 [1000000]0x1000016eb000 7.629 MB
W20240207 21:53:31.106034 407410 IPCTensor.h:369] NewIPCTensor: cached_sampler_r0_4 [1000000]0x100001e8e000 7.629 MB
W20240207 21:53:31.106051 407410 IPCTensor.h:369] NewIPCTensor: cached_sampler_r0_5 [1000000]0x100002631000 7.629 MB
W20240207 21:53:31.106077 407410 IPCTensor.h:369] NewIPCTensor: cached_sampler_r0_6 [1000000]0x100002dd4000 7.629 MB
W20240207 21:53:31.106110 407410 IPCTensor.h:369] NewIPCTensor: cached_sampler_r0_7 [1000000]0x100003577000 7.629 MB
W20240207 21:53:31.106127 407410 IPCTensor.h:369] NewIPCTensor: cached_sampler_r0_8 [1000000]0x100003d1a000 7.629 MB
W20240207 21:53:31.106144 407410 IPCTensor.h:369] NewIPCTensor: cached_sampler_r0_9 [1000000]0x1000044bd000 7.629 MB
W20240207 21:53:31.106189 407410 IPCTensor.h:369] NewIPCTensor: step_r0 [10]0x100004c60000 80 B 
W20240207 21:53:31.106204 407410 IPCTensor.h:369] NewIPCTensor: circle_buffer_end_r0 [1]0x100004c62000 8 B 
W20240207 21:53:31.106227 407410 IPCTensor.h:369] NewIPCTensor: circle_buffer_end_cppseen_r0 [1]0x100004c64000 8 B 
W20240207 21:53:31.106324 407410 IPCTensor.h:369] NewIPCTensor: cached_sampler_r1_0 [1000000]0x100004c66000 7.629 MB
W20240207 21:53:31.106357 407410 IPCTensor.h:369] NewIPCTensor: cached_sampler_r1_1 [1000000]0x100005409000 7.629 MB
W20240207 21:53:31.106384 407410 IPCTensor.h:369] NewIPCTensor: cached_sampler_r1_2 [1000000]0x100005bac000 7.629 MB
W20240207 21:53:31.106416 407410 IPCTensor.h:369] NewIPCTensor: cached_sampler_r1_3 [1000000]0x10000634f000 7.629 MB
W20240207 21:53:31.106442 407410 IPCTensor.h:369] NewIPCTensor: cached_sampler_r1_4 [1000000]0x100006af2000 7.629 MB
W20240207 21:53:31.106456 407410 IPCTensor.h:369] NewIPCTensor: cached_sampler_r1_5 [1000000]0x100007295000 7.629 MB
W20240207 21:53:31.106468 407410 IPCTensor.h:369] NewIPCTensor: cached_sampler_r1_6 [1000000]0x100007a38000 7.629 MB
W20240207 21:53:31.106487 407410 IPCTensor.h:369] NewIPCTensor: cached_sampler_r1_7 [1000000]0x1000081db000 7.629 MB
W20240207 21:53:31.106511 407410 IPCTensor.h:369] NewIPCTensor: cached_sampler_r1_8 [1000000]0x10000897e000 7.629 MB
W20240207 21:53:31.106525 407410 IPCTensor.h:369] NewIPCTensor: cached_sampler_r1_9 [1000000]0x100009121000 7.629 MB
W20240207 21:53:31.106546 407410 IPCTensor.h:369] NewIPCTensor: step_r1 [10]0x1000098c4000 80 B 
W20240207 21:53:31.106562 407410 IPCTensor.h:369] NewIPCTensor: circle_buffer_end_r1 [1]0x1000098c6000 8 B 
W20240207 21:53:31.106590 407410 IPCTensor.h:369] NewIPCTensor: circle_buffer_end_cppseen_r1 [1]0x1000098c8000 8 B 
W20240207 21:53:31.106648 407410 IPCTensor.h:369] NewIPCTensor: cached_sampler_r2_0 [1000000]0x1000098ca000 7.629 MB
W20240207 21:53:31.106673 407410 IPCTensor.h:369] NewIPCTensor: cached_sampler_r2_1 [1000000]0x10000a06d000 7.629 MB
W20240207 21:53:31.106693 407410 IPCTensor.h:369] NewIPCTensor: cached_sampler_r2_2 [1000000]0x10000a810000 7.629 MB
W20240207 21:53:31.106722 407410 IPCTensor.h:369] NewIPCTensor: cached_sampler_r2_3 [1000000]0x10000afb3000 7.629 MB
W20240207 21:53:31.106741 407410 IPCTensor.h:369] NewIPCTensor: cached_sampler_r2_4 [1000000]0x10000b756000 7.629 MB
W20240207 21:53:31.106776 407410 IPCTensor.h:369] NewIPCTensor: cached_sampler_r2_5 [1000000]0x10000bef9000 7.629 MB
W20240207 21:53:31.106812 407410 IPCTensor.h:369] NewIPCTensor: cached_sampler_r2_6 [1000000]0x10000c69c000 7.629 MB
W20240207 21:53:31.106856 407410 IPCTensor.h:369] NewIPCTensor: cached_sampler_r2_7 [1000000]0x10000ce3f000 7.629 MB
W20240207 21:53:31.106878 407410 IPCTensor.h:369] NewIPCTensor: cached_sampler_r2_8 [1000000]0x10000d5e2000 7.629 MB
W20240207 21:53:31.106892 407410 IPCTensor.h:369] NewIPCTensor: cached_sampler_r2_9 [1000000]0x10000dd85000 7.629 MB
W20240207 21:53:31.106905 407410 IPCTensor.h:369] NewIPCTensor: step_r2 [10]0x10000e528000 80 B 
W20240207 21:53:31.106915 407410 IPCTensor.h:369] NewIPCTensor: circle_buffer_end_r2 [1]0x10000e52a000 8 B 
W20240207 21:53:31.106935 407410 IPCTensor.h:369] NewIPCTensor: circle_buffer_end_cppseen_r2 [1]0x10000e52c000 8 B 
W20240207 21:53:31.106979 407410 IPCTensor.h:369] NewIPCTensor: cached_sampler_r3_0 [1000000]0x10000e52e000 7.629 MB
W20240207 21:53:31.106995 407410 IPCTensor.h:369] NewIPCTensor: cached_sampler_r3_1 [1000000]0x10000ecd1000 7.629 MB
W20240207 21:53:31.107008 407410 IPCTensor.h:369] NewIPCTensor: cached_sampler_r3_2 [1000000]0x10000f474000 7.629 MB
W20240207 21:53:31.107026 407410 IPCTensor.h:369] NewIPCTensor: cached_sampler_r3_3 [1000000]0x10000fc17000 7.629 MB
W20240207 21:53:31.107039 407410 IPCTensor.h:369] NewIPCTensor: cached_sampler_r3_4 [1000000]0x1000103ba000 7.629 MB
W20240207 21:53:31.107080 407410 IPCTensor.h:369] NewIPCTensor: cached_sampler_r3_5 [1000000]0x100010b5d000 7.629 MB
W20240207 21:53:31.107107 407410 IPCTensor.h:369] NewIPCTensor: cached_sampler_r3_6 [1000000]0x100011300000 7.629 MB
W20240207 21:53:31.107136 407410 IPCTensor.h:369] NewIPCTensor: cached_sampler_r3_7 [1000000]0x100011aa3000 7.629 MB
W20240207 21:53:31.107156 407410 IPCTensor.h:369] NewIPCTensor: cached_sampler_r3_8 [1000000]0x100012246000 7.629 MB
W20240207 21:53:31.107177 407410 IPCTensor.h:369] NewIPCTensor: cached_sampler_r3_9 [1000000]0x1000129e9000 7.629 MB
W20240207 21:53:31.107205 407410 IPCTensor.h:369] NewIPCTensor: step_r3 [10]0x10001318c000 80 B 
W20240207 21:53:31.107216 407410 IPCTensor.h:369] NewIPCTensor: circle_buffer_end_r3 [1]0x10001318e000 8 B 
W20240207 21:53:31.107228 407410 IPCTensor.h:369] NewIPCTensor: circle_buffer_end_cppseen_r3 [1]0x100013190000 8 B 
W20240207 21:53:31.341356 407410 IPCTensor.h:369] NewIPCTensor: full_emb [14951, 400]0x100013192000 22.81 MB
W20240207 21:53:31.371179 407410 IPCTensor.h:369] NewIPCTensor: full_emb_SparseRowWiseAdaGrad_sum [14951]0x100014864000 58.4 kB
{0: Graph(num_nodes=10523, num_edges=182012,
      ndata_schemes={'_ID': Scheme(shape=(), dtype=torch.int64), 'inner_node': Scheme(shape=(), dtype=torch.int32), 'part_id': Scheme(shape=(), dtype=torch.int64)}
      edata_schemes={'_ID': Scheme(shape=(), dtype=torch.int64), 'inner_edge': Scheme(shape=(), dtype=torch.int8)}), 1: Graph(num_nodes=10996, num_edges=244360,
      ndata_schemes={'_ID': Scheme(shape=(), dtype=torch.int64), 'inner_node': Scheme(shape=(), dtype=torch.int32), 'part_id': Scheme(shape=(), dtype=torch.int64)}
      edata_schemes={'_ID': Scheme(shape=(), dtype=torch.int64), 'inner_edge': Scheme(shape=(), dtype=torch.int8)}), 2: Graph(num_nodes=9404, num_edges=143355,
      ndata_schemes={'_ID': Scheme(shape=(), dtype=torch.int64), 'inner_node': Scheme(shape=(), dtype=torch.int32), 'part_id': Scheme(shape=(), dtype=torch.int64)}
      edata_schemes={'_ID': Scheme(shape=(), dtype=torch.int64), 'inner_edge': Scheme(shape=(), dtype=torch.int8)}), 3: Graph(num_nodes=10954, num_edges=175447,
      ndata_schemes={'_ID': Scheme(shape=(), dtype=torch.int64), 'inner_node': Scheme(shape=(), dtype=torch.int32), 'part_id': Scheme(shape=(), dtype=torch.int64)}
      edata_schemes={'_ID': Scheme(shape=(), dtype=torch.int64), 'inner_edge': Scheme(shape=(), dtype=torch.int8)})}
MertisPartition: part 0 has 10523 N 182012 E
MertisPartition: part 1 has 10996 N 244360 E
MertisPartition: part 2 has 9404 N 143355 E
MertisPartition: part 3 has 10954 N 175447 E
Rank0: cached key size 186
Rank1: cached key size 186
Rank2: cached key size 186
Rank3: cached key size 186
Before renumbering graph:  {'_ID': tensor([    5,    14,    17,  ..., 11245,  2040,  3009]), 'inner_node': tensor([1, 1, 1,  ..., 0, 0, 0], dtype=torch.int32), 'part_id': tensor([0, 0, 0,  ..., 2, 3, 3])}
After renumbering graph:  {'_ID': tensor([ 917, 1233, 1413,  ..., 1626, 5927, 5404]), 'inner_node': tensor([1, 1, 1,  ..., 0, 0, 0], dtype=torch.int32), 'part_id': tensor([0, 0, 0,  ..., 2, 3, 3])}
part_g: DGLGraph(num_nodes=10523, num_edges=182012,
         ndata_schemes={'_ID': Scheme(shape=(), dtype=torch.int64)}
         edata_schemes={'tid': Scheme(shape=(), dtype=torch.int64)})
part_g: DGLGraph(num_nodes=10523, num_edges=182012,
         ndata_schemes={'_ID': Scheme(shape=(), dtype=torch.int64)}
         edata_schemes={'tid': Scheme(shape=(), dtype=torch.int64)})
Total initialize time 2.498 seconds
[Rank1] pid = 407620
[Rank2] pid = 407685
INFO [407410 distributed_c10d.py:442] Added key: store_based_barrier_key:1 to store for rank: 0
INFO [407620 distributed_c10d.py:442] Added key: store_based_barrier_key:1 to store for rank: 1
INFO [407685 distributed_c10d.py:442] Added key: store_based_barrier_key:1 to store for rank: 2
INFO [407749 distributed_c10d.py:442] Added key: store_based_barrier_key:1 to store for rank: 3
INFO [407685 distributed_c10d.py:476] Rank 2: Completed store-based barrier for key:store_based_barrier_key:1 with 4 nodes.
INFO [407620 distributed_c10d.py:476] Rank 1: Completed store-based barrier for key:store_based_barrier_key:1 with 4 nodes.
INFO [407749 distributed_c10d.py:476] Rank 3: Completed store-based barrier for key:store_based_barrier_key:1 with 4 nodes.
INFO [407410 distributed_c10d.py:476] Rank 0: Completed store-based barrier for key:store_based_barrier_key:1 with 4 nodes.
W20240207 21:53:34.485466 407750 IPCTensor.h:409] NewIPCGPUTensor: embedding_cache_0 [747, 400]; dev=0; size=1.14 MB
W20240207 21:53:34.485605 407621 IPCTensor.h:409] NewIPCGPUTensor: embedding_cache_1 [747, 400]; dev=1; size=1.14 MB
W20240207 21:53:34.486331 407750 IPCTensor.h:369] NewIPCTensor: input_keys_0 [1000000]0x100014878000 7.629 MB
W20240207 21:53:34.486524 407750 IPCTensor.h:369] NewIPCTensor: input_keys_neg_0 [1000000]0x1000157be000 7.629 MB
W20240207 21:53:34.486521 407621 IPCTensor.h:369] NewIPCTensor: input_keys_1 [1000000]0x10001501b000 7.629 MB
W20240207 21:53:34.486671 407750 IPCTensor.h:369] NewIPCTensor: backward_grads_0 [1000000, 400]0x100015f61000 1.49 GB
W20240207 21:53:34.486732 407750 IPCTensor.h:369] NewIPCTensor: backward_grads_neg_0 [1000000, 400]0x100075544000 1.49 GB
W20240207 21:53:34.486812 407750 IPCTensor.h:409] NewIPCGPUTensor: backward_grads_0_gpu [1000000, 400]; dev=0; size=1.49 GB
W20240207 21:53:34.486814 407621 IPCTensor.h:369] NewIPCTensor: input_keys_neg_1 [1000000]0x1000d4b27000 7.629 MB
W20240207 21:53:34.486922 407621 IPCTensor.h:369] NewIPCTensor: backward_grads_1 [1000000, 400]0x1000d52ca000 1.49 GB
W20240207 21:53:34.486995 407621 IPCTensor.h:369] NewIPCTensor: backward_grads_neg_1 [1000000, 400]0x1001348ad000 1.49 GB
W20240207 21:53:34.487067 407621 IPCTensor.h:409] NewIPCGPUTensor: backward_grads_1_gpu [1000000, 400]; dev=1; size=1.49 GB
W20240207 21:53:34.489600 407751 IPCTensor.h:409] NewIPCGPUTensor: embedding_cache_3 [747, 400]; dev=3; size=1.14 MB
W20240207 21:53:34.489735 407686 IPCTensor.h:409] NewIPCGPUTensor: embedding_cache_2 [747, 400]; dev=2; size=1.14 MB
W20240207 21:53:34.496623 407750 IPCTensor.h:409] NewIPCGPUTensor: backward_grads_neg_0_gpu [1000000, 400]; dev=0; size=1.49 GB
W20240207 21:53:34.496656 407621 IPCTensor.h:409] NewIPCGPUTensor: backward_grads_neg_1_gpu [1000000, 400]; dev=1; size=1.49 GB
W20240207 21:53:34.496790 407686 IPCTensor.h:369] NewIPCTensor: input_keys_2 [1000000]0x100193e98000 7.629 MB
W20240207 21:53:34.497038 407686 IPCTensor.h:369] NewIPCTensor: input_keys_neg_2 [1000000]0x10019463b000 7.629 MB
W20240207 21:53:34.497120 407686 IPCTensor.h:369] NewIPCTensor: backward_grads_2 [1000000, 400]0x100194dde000 1.49 GB
W20240207 21:53:34.497159 407751 IPCTensor.h:369] NewIPCTensor: input_keys_3 [1000000]0x1001f43c1000 7.629 MB
W20240207 21:53:34.497197 407686 IPCTensor.h:369] NewIPCTensor: backward_grads_neg_2 [1000000, 400]0x1001f4b64000 1.49 GB
W20240207 21:53:34.497264 407686 IPCTensor.h:409] NewIPCGPUTensor: backward_grads_2_gpu [1000000, 400]; dev=2; size=1.49 GB
W20240207 21:53:34.497439 407751 IPCTensor.h:369] NewIPCTensor: input_keys_neg_3 [1000000]0x100254147000 7.629 MB
W20240207 21:53:34.497550 407751 IPCTensor.h:369] NewIPCTensor: backward_grads_3 [1000000, 400]0x1002548ea000 1.49 GB
W20240207 21:53:34.497642 407751 IPCTensor.h:369] NewIPCTensor: backward_grads_neg_3 [1000000, 400]0x1002b3ecd000 1.49 GB
W20240207 21:53:34.497720 407751 IPCTensor.h:409] NewIPCGPUTensor: backward_grads_3_gpu [1000000, 400]; dev=3; size=1.49 GB
W20240207 21:53:34.512758 407751 IPCTensor.h:409] NewIPCGPUTensor: backward_grads_neg_3_gpu [1000000, 400]; dev=3; size=1.49 GB
W20240207 21:53:34.519570 407686 IPCTensor.h:409] NewIPCGPUTensor: backward_grads_neg_2_gpu [1000000, 400]; dev=2; size=1.49 GB
cudaHostRegister 0x100013192000
3: KnownLocalCachedEmbedding init done
WARNING [407749 DistTensor.py:59] The tensor name already exists in the kvstore
cudaHostRegister 0x100013192000
1: KnownLocalCachedEmbedding init done
WARNING [407620 DistTensor.py:59] The tensor name already exists in the kvstore
[Rank3] pid = 407749
New CachedEmbedding, name=full_emb, shape=(14951, 400), cache_type=KnownLocalCachedEmbedding
fixed cache_range is [(0, 747), (747, 1494), (1494, 2241), (2241, 2988)]
cudaHostRegister 0x100013192000
0: KnownLocalCachedEmbedding init done
WARNING [407410 DistTensor.py:59] The tensor name already exists in the kvstore
cudaHostRegister 0x100013192000
2: KnownLocalCachedEmbedding init done
WARNING [407685 DistTensor.py:59] The tensor name already exists in the kvstore
I20240207 21:53:35.599823 407686 IPC_barrier.h:118] CreateBarrier: new barrier, name: kgcachecontroller, count: 4
I20240207 21:53:35.599864 407750 IPC_barrier.h:112] CreateBarrier: find existing barrier, name: kgcachecontroller, count: 4
I20240207 21:53:35.599905 407621 IPC_barrier.h:112] CreateBarrier: find existing barrier, name: kgcachecontroller, count: 4
I20240207 21:53:35.600068 407751 IPC_barrier.h:112] CreateBarrier: find existing barrier, name: kgcachecontroller, count: 4
W20240207 21:53:35.601406 407750 grad_base.h:55] KGCacheController, config={
        "num_gpus": 4,
        "L": 10,
        "backgrad_init": "both", 
        "kForwardItersPerStep": 2,
        "clr": 0.01,
        "nr_background_threads": 32,
        "backwardMode": "CppAsyncV2",
        "cache_ratio": 0.05,
        "update_cache_use_omp":  0,
        "update_pq_use_omp":  0
        }
W20240207 21:53:35.601550 407750 grad_base.h:184] Init GradProcessingBase done
I20240207 21:53:35.605930 407750 grad_async_v2.h:42] Use main thread to update emb.
W20240207 21:53:35.605966 407750 kg_controller.h:78] after init GradAsyncProcessingV2
I20240207 21:53:35.605971 407750 kg_controller.h:84] Construct KGCacheController done
E20240207 21:53:35.954921 407750 recstore.cc:66] init folly done
E20240207 21:53:35.954916 407686 recstore.cc:66] init folly done
E20240207 21:53:35.954929 407621 recstore.cc:66] init folly done
E20240207 21:53:35.954941 407751 recstore.cc:66] init folly done
I20240207 21:53:35.955561 407750 grad_base.h:60] GraphEnv RegTensorsPerProcess
W20240207 21:53:36.641114 408130 grad_async_v2.h:137] Detect new sample comes, old_end0, new_end1
E20240207 21:53:36.641448 408130 parallel_pq_v2.h:79] insert failed, size(hashtable)=1
I20240207 21:53:36.675994 407750 IPC_barrier.h:118] CreateBarrier: new barrier, name: start_barrier, count: 4
I20240207 21:53:36.688549 407621 IPC_barrier.h:112] CreateBarrier: find existing barrier, name: start_barrier, count: 4
I20240207 21:53:36.712886 407686 IPC_barrier.h:112] CreateBarrier: find existing barrier, name: start_barrier, count: 4
I20240207 21:53:36.716470 407751 IPC_barrier.h:112] CreateBarrier: find existing barrier, name: start_barrier, count: 4
E20240207 21:53:38.855301 407750 parallel_pq_v2.h:79] insert failed, size(hashtable)=0
W20240207 21:53:38.877876 407750 grad_async_v2.h:270] Sleep in <BlockToStepN>, step_no=1, pq.top=1
W20240207 21:53:38.880575 408130 grad_async_v2.h:137] Detect new sample comes, old_end1, new_end2
E20240207 21:53:38.904028 407938 grad_async_v2.h:404] Stalled in ProcessBackward: rank=0, step_no=1, sample_step_cpp_seen_[rank]=0
E20240207 21:53:39.855036 408130 parallel_pq_v2.h:79] insert failed, size(hashtable)=10
W20240207 21:53:39.924986 408130 grad_async_v2.h:137] Detect new sample comes, old_end1, new_end4
W20240207 21:53:40.037304 407750 grad_async_v2.h:270] Sleep in <BlockToStepN>, step_no=27, pq.top=27
+---------------------------+---------------------------+---------------------------+
| Name                      | P50                       | P99                       |
+---------------------------+---------------------------+---------------------------+
| GenInput                  | 1.297 ms                  | 27.957 ms                 |
| Forward                   | 4.579 ms                  | 1.219 s                   |
| Backward                  | 3.238 ms                  | 297.937 ms                |
| Optimize                  | 1.970 ms                  | 41.286 ms                 |
| BarrierTimeBeforeRank0    | 106.554 us                | 4.073 ms                  |
| AfterBackward             | 18.944 ms                 | 601.673 ms                |
| BlockToStepN              | 327.834 us                | 3.821 ms                  |
| OneStep                   | 33.580 ms                 | 2.163 s                   |
+---------------------------+---------------------------+---------------------------+
E20240207 21:53:40.855015 408130 parallel_pq_v2.h:79] insert failed, size(hashtable)=0
+---------------------------+---------------------------+---------------------------+
| Name                      | P50                       | P99                       |
+---------------------------+---------------------------+---------------------------+
| clean                     | 209.048 us                | 3.061 ms                  |
| ProcessBack:Shuffle       | 2.395 ms                  | 56.382 ms                 |
| ProcessBack:UpdateCache   | 1.688 ms                  | 176.027 ms                |
| ProcessBack:UpsertPq      | 13.362 ms                 | 22.169 ms                 |
| ProcessOneStep            | 18.471 ms                 | 601.460 ms                |
| BlockToStepN              | 200.266 us                | 3.768 ms                  |
+---------------------------+---------------------------+---------------------------+
W20240207 21:53:40.961215 408130 grad_async_v2.h:137] Detect new sample comes, old_end1, new_end9
W20240207 21:53:41.061617 407750 grad_async_v2.h:270] Sleep in <BlockToStepN>, step_no=52, pq.top=52
E20240207 21:53:41.855015 408147 parallel_pq_v2.h:79] insert failed, size(hashtable)=14588
W20240207 21:53:42.031005 408130 grad_async_v2.h:137] Detect new sample comes, old_end7, new_end1
W20240207 21:53:42.120718 407750 grad_async_v2.h:270] Sleep in <BlockToStepN>, step_no=71, pq.top=71
E20240207 21:53:42.855022 407750 parallel_pq_v2.h:79] insert failed, size(hashtable)=1571
W20240207 21:53:43.055004 408130 grad_async_v2.h:137] Detect new sample comes, old_end0, new_end8
W20240207 21:53:43.231413 407750 grad_async_v2.h:270] Sleep in <BlockToStepN>, step_no=99, pq.top=99
train_sampler.Prefill()
before start barrier
start train
[proc 1] 100 steps, total: 6.580, sample: 0.291, forward: 1.584, backward: 0.716, update: 0.214
train_sampler.Prefill()
before start barrier
start train
[proc 2] 100 steps, total: 6.556, sample: 0.296, forward: 0.999, backward: 0.547, update: 0.207
train_sampler.Prefill()
before start barrier
start train
[proc 3] 100 steps, total: 6.552, sample: 0.292, forward: 0.991, backward: 0.555, update: 0.246
train_sampler.Prefill()
-------Step 0-------
tensor([10967,  3595,  9147,  7154,  6519,  5552,   708,  4274, 11863,  9826]) tensor([ 1413,  8123,  9221,  3958,  7557, 10340, 13351, 10797,  5870,  7262])
-------Step 1-------
tensor([10967,  3595,  9147,  7154,  6519,  5552,   708,  4274, 11863,  9826]) tensor([ 2131,   428, 10135,  4091, 12882,    66, 13790,  5219,  4271,  7911])
-------Step 2-------
tensor([   28, 13884, 14698, 10691,  5115,  5653, 12523,  6530,  3630,  1387]) tensor([11096,  5092, 10316,  9888,  2910,  9538,  5903,   384, 10198, 13304])
-------Step 3-------
tensor([   28, 13884, 14698, 10691,  5115,  5653, 12523,  6530,  3630,  1387]) tensor([ 8266, 12728,  6060,  6961,  3238,  6373, 14506,  6887,  6465, 13850])
-------Step 4-------
tensor([10361,  9449, 14637,  9929,  4559,  6693,   998,  5293,  4541, 14788]) tensor([  389, 11119, 14255,  1011, 10926,  7934,  1597,  9726,  7475,  7932])
-------Step 5-------
tensor([10361,  9449, 14637,  9929,  4559,  6693,   998,  5293,  4541, 14788]) tensor([ 4034, 11380,  3561,  9699,  6240, 10142,  3622,   862, 14047,  1518])
-------Step 6-------
tensor([ 3920, 10537, 12921, 11410,  3553, 11751,  8506,  9949,  4020,  9433]) tensor([12886,  8689, 13293,   532, 12697,  9453,  7944,  1676,  6497,  9228])
-------Step 7-------
tensor([ 3920, 10537, 12921, 11410,  3553, 11751,  8506,  9949,  4020,  9433]) tensor([ 5382,  5629,  9260, 12931,  5719,  8344,  6788, 12808, 13282,  6380])
-------Step 8-------
tensor([  341, 12326,  5139,  6020,  1757,  6493,  3301,  2608,   191,  6645]) tensor([ 7801, 11215, 12191, 14591,  6983,  8397,  6415,  1615,  2081,  8455])
-------Step 9-------
tensor([  341, 12326,  5139,  6020,  1757,  6493,  3301,  2608,   191,  6645]) tensor([ 1727,  9843,  3367, 13376,  2313,   256,  2418,  1071, 14684, 13621])
before start barrier
start train
[proc 0] 100 steps, total: 6.593, sample: 0.398, forward: 1.651, backward: 0.611, update: 0.266
E20240207 21:53:43.855008 407750 parallel_pq_v2.h:79] insert failed, size(hashtable)=10
W20240207 21:53:44.081674 408130 grad_async_v2.h:137] Detect new sample comes, old_end0, new_end1
E20240207 21:53:44.091831 407938 grad_async_v2.h:404] Stalled in ProcessBackward: rank=3, step_no=120, sample_step_cpp_seen_[rank]=119
W20240207 21:53:44.638615 407750 grad_async_v2.h:270] Sleep in <BlockToStepN>, step_no=131, pq.top=131
E20240207 21:53:44.855008 408130 parallel_pq_v2.h:79] insert failed, size(hashtable)=16
W20240207 21:53:45.198892 408130 grad_async_v2.h:137] Detect new sample comes, old_end7, new_end6
+---------------------------+---------------------------+---------------------------+
| Name                      | P50                       | P99                       |
+---------------------------+---------------------------+---------------------------+
| GenInput                  | 1.244 ms                  | 26.318 ms                 |
| Forward                   | 4.347 ms                  | 6.562 ms                  |
| Backward                  | 3.184 ms                  | 3.566 ms                  |
| Optimize                  | 1.955 ms                  | 4.546 ms                  |
| BarrierTimeBeforeRank0    | 106.554 us                | 16.915 ms                 |
| AfterBackward             | 19.472 ms                 | 195.007 ms                |
| BlockToStepN              | 291.850 us                | 1.069 ms                  |
| OneStep                   | 33.070 ms                 | 212.566 ms                |
+---------------------------+---------------------------+---------------------------+
E20240207 21:53:45.855016 407750 parallel_pq_v2.h:79] insert failed, size(hashtable)=4983
W20240207 21:53:45.855744 407750 grad_async_v2.h:270] Sleep in <BlockToStepN>, step_no=156, pq.top=156
+---------------------------+---------------------------+---------------------------+
| Name                      | P50                       | P99                       |
+---------------------------+---------------------------+---------------------------+
| clean                     | 194.465 us                | 3.390 ms                  |
| ProcessBack:Shuffle       | 2.253 ms                  | 2.821 ms                  |
| ProcessBack:UpdateCache   | 1.497 ms                  | 2.344 ms                  |
| ProcessBack:UpsertPq      | 13.262 ms                 | 20.568 ms                 |
| ProcessOneStep            | 19.448 ms                 | 194.966 ms                |
| BlockToStepN              | 243.572 us                | 991.199 us                |
+---------------------------+---------------------------+---------------------------+
W20240207 21:53:46.351431 408130 grad_async_v2.h:137] Detect new sample comes, old_end8, new_end9
E20240207 21:53:46.855006 407938 parallel_pq_v2.h:79] insert failed, size(hashtable)=1439
W20240207 21:53:47.061226 407750 grad_async_v2.h:270] Sleep in <BlockToStepN>, step_no=183, pq.top=183
W20240207 21:53:47.434880 408130 grad_async_v2.h:137] Detect new sample comes, old_end4, new_end1
E20240207 21:53:47.855006 407938 parallel_pq_v2.h:79] insert failed, size(hashtable)=784
[proc 3] 200 steps, total: 4.775, sample: 0.261, forward: 0.332, backward: 0.331, update: 0.153
[proc 2] 200 steps, total: 4.775, sample: 0.319, forward: 0.368, backward: 0.365, update: 0.183
[proc 0] 200 steps, total: 4.775, sample: 0.435, forward: 0.447, backward: 0.305, update: 0.233
[proc 1] 200 steps, total: 4.776, sample: 0.398, forward: 0.405, backward: 0.302, update: 0.170
W20240207 21:53:48.176074 407750 grad_async_v2.h:270] Sleep in <BlockToStepN>, step_no=203, pq.top=203
W20240207 21:53:48.536525 408130 grad_async_v2.h:137] Detect new sample comes, old_end1, new_end2
E20240207 21:53:48.855026 408146 parallel_pq_v2.h:79] insert failed, size(hashtable)=9651
E20240207 21:53:49.213994 407938 grad_async_v2.h:404] Stalled in ProcessBackward: rank=0, step_no=226, sample_step_cpp_seen_[rank]=225
W20240207 21:53:49.400568 407750 grad_async_v2.h:270] Sleep in <BlockToStepN>, step_no=227, pq.top=227
W20240207 21:53:49.575827 408130 grad_async_v2.h:137] Detect new sample comes, old_end9, new_end2
E20240207 21:53:49.855007 408130 parallel_pq_v2.h:79] insert failed, size(hashtable)=1398
W20240207 21:53:50.585773 408130 grad_async_v2.h:137] Detect new sample comes, old_end9, new_end1
+---------------------------+---------------------------+---------------------------+
| Name                      | P50                       | P99                       |
+---------------------------+---------------------------+---------------------------+
| GenInput                  | 1.257 ms                  | 26.061 ms                 |
| Forward                   | 4.373 ms                  | 6.369 ms                  |
| Backward                  | 3.180 ms                  | 3.651 ms                  |
| Optimize                  | 1.936 ms                  | 4.505 ms                  |
| BarrierTimeBeforeRank0    | 127.815 us                | 20.939 ms                 |
| AfterBackward             | 19.210 ms                 | 258.759 ms                |
| BlockToStepN              | 390.961 us                | 2.029 ms                  |
| OneStep                   | 34.301 ms                 | 269.847 ms                |
+---------------------------+---------------------------+---------------------------+
W20240207 21:53:50.749629 407750 grad_async_v2.h:270] Sleep in <BlockToStepN>, step_no=254, pq.top=254
E20240207 21:53:50.855006 407750 parallel_pq_v2.h:79] insert failed, size(hashtable)=92
+---------------------------+---------------------------+---------------------------+
| Name                      | P50                       | P99                       |
+---------------------------+---------------------------+---------------------------+
| clean                     | 199.668 us                | 3.350 ms                  |
| ProcessBack:Shuffle       | 2.300 ms                  | 2.825 ms                  |
| ProcessBack:UpdateCache   | 1.482 ms                  | 2.194 ms                  |
| ProcessBack:UpsertPq      | 13.377 ms                 | 19.636 ms                 |
| ProcessOneStep            | 19.225 ms                 | 201.498 ms                |
| BlockToStepN              | 336.097 us                | 1.410 ms                  |
+---------------------------+---------------------------+---------------------------+
W20240207 21:53:51.601796 408130 grad_async_v2.h:137] Detect new sample comes, old_end5, new_end6
W20240207 21:53:51.761988 407750 grad_async_v2.h:270] Sleep in <BlockToStepN>, step_no=280, pq.top=280
E20240207 21:53:51.855026 408132 parallel_pq_v2.h:79] insert failed, size(hashtable)=14198
[proc 0] 300 steps, total: 4.484, sample: 0.400, forward: 0.419, backward: 0.306, update: 0.208
[proc 1] 300 steps, total: 4.484, sample: 0.350, forward: 0.408, backward: 0.339, update: 0.166
[proc 3] 300 steps, total: 4.484, sample: 0.361, forward: 0.368, backward: 0.290, update: 0.159
[proc 2] 300 steps, total: 4.484, sample: 0.336, forward: 0.371, backward: 0.289, update: 0.160
W20240207 21:53:52.605592 408130 grad_async_v2.h:137] Detect new sample comes, old_end2, new_end3
E20240207 21:53:52.855446 408130 parallel_pq_v2.h:79] insert failed, size(hashtable)=1
W20240207 21:53:52.911325 407750 grad_async_v2.h:270] Sleep in <BlockToStepN>, step_no=309, pq.top=309
W20240207 21:53:53.683988 408130 grad_async_v2.h:137] Detect new sample comes, old_end2, new_end8
E20240207 21:53:53.855005 407938 parallel_pq_v2.h:79] insert failed, size(hashtable)=397
W20240207 21:53:53.911589 407750 grad_async_v2.h:270] Sleep in <BlockToStepN>, step_no=333, pq.top=333
E20240207 21:53:54.363278 407938 grad_async_v2.h:404] Stalled in ProcessBackward: rank=3, step_no=343, sample_step_cpp_seen_[rank]=342
W20240207 21:53:54.705020 408130 grad_async_v2.h:137] Detect new sample comes, old_end4, new_end8
E20240207 21:53:54.855026 407750 parallel_pq_v2.h:79] insert failed, size(hashtable)=88
W20240207 21:53:55.105866 407750 grad_async_v2.h:270] Sleep in <BlockToStepN>, step_no=355, pq.top=355
+---------------------------+---------------------------+---------------------------+
| Name                      | P50                       | P99                       |
+---------------------------+---------------------------+---------------------------+
| GenInput                  | 1.297 ms                  | 27.861 ms                 |
| Forward                   | 4.343 ms                  | 6.369 ms                  |
| Backward                  | 3.166 ms                  | 6.396 ms                  |
| Optimize                  | 1.902 ms                  | 4.505 ms                  |
| BarrierTimeBeforeRank0    | 60.479 us                 | 20.092 ms                 |
| AfterBackward             | 19.467 ms                 | 201.541 ms                |
| BlockToStepN              | 472.089 us                | 1.350 ms                  |
| OneStep                   | 34.782 ms                 | 218.714 ms                |
+---------------------------+---------------------------+---------------------------+
W20240207 21:53:55.754285 408130 grad_async_v2.h:137] Detect new sample comes, old_end3, new_end0
E20240207 21:53:55.880458 408130 parallel_pq_v2.h:79] insert failed, size(hashtable)=1
+---------------------------+---------------------------+---------------------------+
| Name                      | P50                       | P99                       |
+---------------------------+---------------------------+---------------------------+
| clean                     | 268.385 us                | 5.509 ms                  |
| ProcessBack:Shuffle       | 2.336 ms                  | 3.033 ms                  |
| ProcessBack:UpdateCache   | 1.430 ms                  | 2.117 ms                  |
| ProcessBack:UpsertPq      | 13.908 ms                 | 20.568 ms                 |
| ProcessOneStep            | 19.373 ms                 | 201.498 ms                |
| BlockToStepN              | 414.063 us                | 1.286 ms                  |
+---------------------------+---------------------------+---------------------------+
W20240207 21:53:56.270838 407750 grad_async_v2.h:270] Sleep in <BlockToStepN>, step_no=379, pq.top=379
W20240207 21:53:56.817148 408130 grad_async_v2.h:137] Detect new sample comes, old_end5, new_end3
E20240207 21:53:56.880033 408130 parallel_pq_v2.h:79] insert failed, size(hashtable)=19
[proc 2] 400 steps, total: 4.678, sample: 0.338, forward: 0.371, backward: 0.294, update: 0.179
[proc 3] 400 steps, total: 4.678, sample: 0.310, forward: 0.355, backward: 0.294, update: 0.146
[proc 1] 400 steps, total: 4.678, sample: 0.363, forward: 0.394, backward: 0.308, update: 0.180
[proc 0] 400 steps, total: 4.678, sample: 0.450, forward: 0.415, backward: 0.343, update: 0.197
W20240207 21:53:57.475117 407750 grad_async_v2.h:270] Sleep in <BlockToStepN>, step_no=404, pq.top=404
W20240207 21:53:57.819703 408130 grad_async_v2.h:137] Detect new sample comes, old_end0, new_end1
E20240207 21:53:57.880014 408140 parallel_pq_v2.h:79] insert failed, size(hashtable)=5436
W20240207 21:53:58.499778 407750 grad_async_v2.h:270] Sleep in <BlockToStepN>, step_no=425, pq.top=425
W20240207 21:53:58.825183 408130 grad_async_v2.h:137] Detect new sample comes, old_end1, new_end2
E20240207 21:53:58.880024 408137 parallel_pq_v2.h:79] insert failed, size(hashtable)=11421
W20240207 21:53:59.528035 407750 grad_async_v2.h:270] Sleep in <BlockToStepN>, step_no=446, pq.top=446
W20240207 21:53:59.826666 408130 grad_async_v2.h:137] Detect new sample comes, old_end3, new_end4
E20240207 21:53:59.880007 407938 parallel_pq_v2.h:79] insert failed, size(hashtable)=2426
W20240207 21:54:00.551462 407750 grad_async_v2.h:270] Sleep in <BlockToStepN>, step_no=469, pq.top=469
+---------------------------+---------------------------+---------------------------+
| Name                      | P50                       | P99                       |
+---------------------------+---------------------------+---------------------------+
| GenInput                  | 1.341 ms                  | 27.955 ms                 |
| Forward                   | 4.315 ms                  | 6.538 ms                  |
| Backward                  | 3.155 ms                  | 6.396 ms                  |
| Optimize                  | 1.915 ms                  | 4.552 ms                  |
| BarrierTimeBeforeRank0    | 43.311 us                 | 20.742 ms                 |
| AfterBackward             | 20.576 ms                 | 195.007 ms                |
| BlockToStepN              | 600.674 us                | 3.131 ms                  |
| OneStep                   | 37.479 ms                 | 218.714 ms                |
+---------------------------+---------------------------+---------------------------+
W20240207 21:54:00.830875 408130 grad_async_v2.h:137] Detect new sample comes, old_end5, new_end6
E20240207 21:54:00.880010 407750 parallel_pq_v2.h:79] insert failed, size(hashtable)=45
+---------------------------+---------------------------+---------------------------+
| Name                      | P50                       | P99                       |
+---------------------------+---------------------------+---------------------------+
| clean                     | 237.309 us                | 6.452 ms                  |
| ProcessBack:Shuffle       | 2.343 ms                  | 3.337 ms                  |
| ProcessBack:UpdateCache   | 1.349 ms                  | 2.162 ms                  |
| ProcessBack:UpsertPq      | 14.370 ms                 | 30.875 ms                 |
| ProcessOneStep            | 20.561 ms                 | 194.966 ms                |
| BlockToStepN              | 545.951 us                | 3.135 ms                  |
+---------------------------+---------------------------+---------------------------+
W20240207 21:54:01.589561 407750 grad_async_v2.h:270] Sleep in <BlockToStepN>, step_no=491, pq.top=491
W20240207 21:54:01.853468 408130 grad_async_v2.h:137] Detect new sample comes, old_end5, new_end6
E20240207 21:54:01.880441 408138 parallel_pq_v2.h:79] insert failed, size(hashtable)=10953
[proc 3] 500 steps, total: 4.898, sample: 0.325, forward: 0.372, backward: 0.301, update: 0.158
[proc 2] 500 steps, total: 4.898, sample: 0.340, forward: 0.388, backward: 0.298, update: 0.176
[proc 0] 500 steps, total: 4.898, sample: 0.427, forward: 0.419, backward: 0.312, update: 0.231
[proc 1] 500 steps, total: 4.898, sample: 0.363, forward: 0.411, backward: 0.319, update: 0.183
Successfully xmh. training takes 25.42850089073181 seconds
before call kg_cache_controller.StopThreads()
W20240207 21:54:02.104523 407750 grad_async_v2.h:84] call StopThreads. PID = 407410
W20240207 21:54:02.104547 407750 grad_base.h:212] before processOneStepNegThread_.join();
W20240207 21:54:02.105012 407750 grad_base.h:214] after processOneStepNegThread_.join();
W20240207 21:54:02.105016 407750 grad_async_v2.h:86] call GradProcessingBase::StopThreads.
W20240207 21:54:02.108243 407750 grad_async_v2.h:105] StopThreads done.
[W tensorpipe_agent.cpp:725] RPC agent for worker0 encountered error when reading incoming request from worker1: eof (this error originated at tensorpipe/transport/shm/connection_impl.cc:259)
[W tensorpipe_agent.cpp:725] RPC agent for worker0 encountered error when reading incoming request from worker3: eof (this error originated at tensorpipe/transport/shm/connection_impl.cc:259)
[W tensorpipe_agent.cpp:725] RPC agent for worker0 encountered error when reading incoming request from worker2: eof (this error originated at tensorpipe/transport/shm/connection_impl.cc:259)
On rank0, prepare to call self.controller.StopThreads(), self=<python.controller_process.KGCacheControllerWrapper object at 0x7fddfa957090>
