WARNING: Logging before InitGoogleLogging() is written to STDERR
I20240205 10:41:44.301467  9717 IPC_barrier.h:128] MultiProcessBarrierFactory->ClearIPCMemory()
/data/home/xieminhui/RecStore/src/framework_adapters/torch/kg/dgl-0.9.1/python/dgl/_deprecate/graph.py:1023: DGLWarning: multigraph will be deprecated.DGL will treat all graphs as multigraph in the future.
  dgl_warning("multigraph will be deprecated." \
/data/home/xieminhui/RecStore/src/framework_adapters/torch/kg/dgl-0.9.1/python/dgl/heterograph.py:72: DGLWarning: Recommend creating graphs by `dgl.graph(data)` instead of `dgl.DGLGraph(data)`.
  dgl_warning('Recommend creating graphs by `dgl.graph(data)`'
Reading train triples....
Finished. Read 304727650 train triples.
Reading valid triples....
Finished. Read 16929318 valid triples.
Reading test triples....
Finished. Read 16929308 test triples.
ARGS:  Namespace(model_name='TransE', data_path='/home/xieminhui/dgl-data', dataset='Freebase', format='built_in', data_files=None, delimiter='\t', save_path='/tmp/ckpts/TransE_Freebase_110', no_save_emb=True, max_step=500, batch_size=2000, batch_size_eval=16, neg_sample_size=200, neg_deg_sample=False, neg_deg_sample_eval=False, neg_sample_size_eval=86054151, eval_percent=1, no_eval_filter=False, log_interval=100, eval_interval=10000, test=False, num_proc=8, num_thread=1, force_sync_interval=1, hidden_dim=400, lr=0.01, gamma=16.0, double_ent=False, double_rel=False, neg_adversarial_sampling=False, adversarial_temperature=1.0, regularization_coef=0.0, regularization_norm=3, pairwise=False, loss_genre='Logsigmoid', margin=1.0, nr_gpus=8, gpu=[0, 1, 2, 3, 4, 5, 6, 7], mix_cpu_gpu=True, valid=False, rel_part=False, async_update=None, has_edge_importance=False, cached_emb_type='KnownLocalCachedEmbedding', use_my_emb=True, cache_ratio=0.05, shuffle=False, backwardMode='CppAsyncV2', L=10, nr_background_threads=16, update_cache_use_omp=0, update_pq_use_omp=0, kForwardItersPerStep=2, backgrad_init='both', eval_filter=True, soft_rel_part=False)
|Train|: 304727650
original graph:  DGLGraph(num_nodes=86054151, num_edges=338586276,
         ndata_schemes={}
         edata_schemes={'tid': Scheme(shape=(), dtype=torch.int64)})
Loading cached metis
WARNING [9717 sampler.py:454] Start PreSampling
WARNING [9717 sampler.py:532] Before construct renumbering_dict
WARNING [9717 sampler.py:555] PreSampling done
W20240205 11:01:36.607770  9717 IPCTensor.h:369] NewIPCTensor: cached_sampler_r0_0 [1000000]0x100000002000 7.629 MB
W20240205 11:01:36.608012  9717 IPCTensor.h:369] NewIPCTensor: cached_sampler_r0_1 [1000000]0x1000007a5000 7.629 MB
W20240205 11:01:36.608108  9717 IPCTensor.h:369] NewIPCTensor: cached_sampler_r0_2 [1000000]0x100000f48000 7.629 MB
W20240205 11:01:36.608168  9717 IPCTensor.h:369] NewIPCTensor: cached_sampler_r0_3 [1000000]0x1000016eb000 7.629 MB
W20240205 11:01:36.608223  9717 IPCTensor.h:369] NewIPCTensor: cached_sampler_r0_4 [1000000]0x100001e8e000 7.629 MB
W20240205 11:01:36.608273  9717 IPCTensor.h:369] NewIPCTensor: cached_sampler_r0_5 [1000000]0x100002631000 7.629 MB
W20240205 11:01:36.608431  9717 IPCTensor.h:369] NewIPCTensor: cached_sampler_r0_6 [1000000]0x100002dd4000 7.629 MB
W20240205 11:01:36.608518  9717 IPCTensor.h:369] NewIPCTensor: cached_sampler_r0_7 [1000000]0x100003577000 7.629 MB
W20240205 11:01:36.608566  9717 IPCTensor.h:369] NewIPCTensor: cached_sampler_r0_8 [1000000]0x100003d1a000 7.629 MB
W20240205 11:01:36.608623  9717 IPCTensor.h:369] NewIPCTensor: cached_sampler_r0_9 [1000000]0x1000044bd000 7.629 MB
W20240205 11:01:36.608669  9717 IPCTensor.h:369] NewIPCTensor: step_r0 [10]0x100004c60000 80 B 
W20240205 11:01:36.608708  9717 IPCTensor.h:369] NewIPCTensor: circle_buffer_end_r0 [1]0x100004c62000 8 B 
W20240205 11:01:36.608741  9717 IPCTensor.h:369] NewIPCTensor: circle_buffer_end_cppseen_r0 [1]0x100004c64000 8 B 
W20240205 11:01:36.609107  9717 IPCTensor.h:369] NewIPCTensor: cached_sampler_r1_0 [1000000]0x100004c66000 7.629 MB
W20240205 11:01:36.609165  9717 IPCTensor.h:369] NewIPCTensor: cached_sampler_r1_1 [1000000]0x100005409000 7.629 MB
W20240205 11:01:36.609205  9717 IPCTensor.h:369] NewIPCTensor: cached_sampler_r1_2 [1000000]0x100005bac000 7.629 MB
W20240205 11:01:36.609261  9717 IPCTensor.h:369] NewIPCTensor: cached_sampler_r1_3 [1000000]0x10000634f000 7.629 MB
W20240205 11:01:36.609308  9717 IPCTensor.h:369] NewIPCTensor: cached_sampler_r1_4 [1000000]0x100006af2000 7.629 MB
W20240205 11:01:36.609470  9717 IPCTensor.h:369] NewIPCTensor: cached_sampler_r1_5 [1000000]0x100007295000 7.629 MB
W20240205 11:01:36.609530  9717 IPCTensor.h:369] NewIPCTensor: cached_sampler_r1_6 [1000000]0x100007a38000 7.629 MB
W20240205 11:01:36.609565  9717 IPCTensor.h:369] NewIPCTensor: cached_sampler_r1_7 [1000000]0x1000081db000 7.629 MB
W20240205 11:01:36.609591  9717 IPCTensor.h:369] NewIPCTensor: cached_sampler_r1_8 [1000000]0x10000897e000 7.629 MB
W20240205 11:01:36.609639  9717 IPCTensor.h:369] NewIPCTensor: cached_sampler_r1_9 [1000000]0x100009121000 7.629 MB
W20240205 11:01:36.609687  9717 IPCTensor.h:369] NewIPCTensor: step_r1 [10]0x1000098c4000 80 B 
W20240205 11:01:36.609717  9717 IPCTensor.h:369] NewIPCTensor: circle_buffer_end_r1 [1]0x1000098c6000 8 B 
W20240205 11:01:36.609748  9717 IPCTensor.h:369] NewIPCTensor: circle_buffer_end_cppseen_r1 [1]0x1000098c8000 8 B 
W20240205 11:01:36.609961  9717 IPCTensor.h:369] NewIPCTensor: cached_sampler_r2_0 [1000000]0x1000098ca000 7.629 MB
W20240205 11:01:36.610008  9717 IPCTensor.h:369] NewIPCTensor: cached_sampler_r2_1 [1000000]0x10000a06d000 7.629 MB
W20240205 11:01:36.610035  9717 IPCTensor.h:369] NewIPCTensor: cached_sampler_r2_2 [1000000]0x10000a810000 7.629 MB
W20240205 11:01:36.610073  9717 IPCTensor.h:369] NewIPCTensor: cached_sampler_r2_3 [1000000]0x10000afb3000 7.629 MB
W20240205 11:01:36.610113  9717 IPCTensor.h:369] NewIPCTensor: cached_sampler_r2_4 [1000000]0x10000b756000 7.629 MB
W20240205 11:01:36.610152  9717 IPCTensor.h:369] NewIPCTensor: cached_sampler_r2_5 [1000000]0x10000bef9000 7.629 MB
W20240205 11:01:36.610203  9717 IPCTensor.h:369] NewIPCTensor: cached_sampler_r2_6 [1000000]0x10000c69c000 7.629 MB
W20240205 11:01:36.610255  9717 IPCTensor.h:369] NewIPCTensor: cached_sampler_r2_7 [1000000]0x10000ce3f000 7.629 MB
W20240205 11:01:36.610312  9717 IPCTensor.h:369] NewIPCTensor: cached_sampler_r2_8 [1000000]0x10000d5e2000 7.629 MB
W20240205 11:01:36.610363  9717 IPCTensor.h:369] NewIPCTensor: cached_sampler_r2_9 [1000000]0x10000dd85000 7.629 MB
W20240205 11:01:36.610401  9717 IPCTensor.h:369] NewIPCTensor: step_r2 [10]0x10000e528000 80 B 
W20240205 11:01:36.610435  9717 IPCTensor.h:369] NewIPCTensor: circle_buffer_end_r2 [1]0x10000e52a000 8 B 
W20240205 11:01:36.610467  9717 IPCTensor.h:369] NewIPCTensor: circle_buffer_end_cppseen_r2 [1]0x10000e52c000 8 B 
W20240205 11:01:36.610563  9717 IPCTensor.h:369] NewIPCTensor: cached_sampler_r3_0 [1000000]0x10000e52e000 7.629 MB
W20240205 11:01:36.610602  9717 IPCTensor.h:369] NewIPCTensor: cached_sampler_r3_1 [1000000]0x10000ecd1000 7.629 MB
W20240205 11:01:36.610658  9717 IPCTensor.h:369] NewIPCTensor: cached_sampler_r3_2 [1000000]0x10000f474000 7.629 MB
W20240205 11:01:36.610703  9717 IPCTensor.h:369] NewIPCTensor: cached_sampler_r3_3 [1000000]0x10000fc17000 7.629 MB
W20240205 11:01:36.610816  9717 IPCTensor.h:369] NewIPCTensor: cached_sampler_r3_4 [1000000]0x1000103ba000 7.629 MB
W20240205 11:01:36.610920  9717 IPCTensor.h:369] NewIPCTensor: cached_sampler_r3_5 [1000000]0x100010b5d000 7.629 MB
W20240205 11:01:36.610980  9717 IPCTensor.h:369] NewIPCTensor: cached_sampler_r3_6 [1000000]0x100011300000 7.629 MB
W20240205 11:01:36.611065  9717 IPCTensor.h:369] NewIPCTensor: cached_sampler_r3_7 [1000000]0x100011aa3000 7.629 MB
W20240205 11:01:36.611119  9717 IPCTensor.h:369] NewIPCTensor: cached_sampler_r3_8 [1000000]0x100012246000 7.629 MB
W20240205 11:01:36.611164  9717 IPCTensor.h:369] NewIPCTensor: cached_sampler_r3_9 [1000000]0x1000129e9000 7.629 MB
W20240205 11:01:36.611196  9717 IPCTensor.h:369] NewIPCTensor: step_r3 [10]0x10001318c000 80 B 
W20240205 11:01:36.611220  9717 IPCTensor.h:369] NewIPCTensor: circle_buffer_end_r3 [1]0x10001318e000 8 B 
W20240205 11:01:36.611253  9717 IPCTensor.h:369] NewIPCTensor: circle_buffer_end_cppseen_r3 [1]0x100013190000 8 B 
W20240205 11:01:36.611339  9717 IPCTensor.h:369] NewIPCTensor: cached_sampler_r4_0 [1000000]0x100013192000 7.629 MB
W20240205 11:01:36.611397  9717 IPCTensor.h:369] NewIPCTensor: cached_sampler_r4_1 [1000000]0x100013935000 7.629 MB
W20240205 11:01:36.611436  9717 IPCTensor.h:369] NewIPCTensor: cached_sampler_r4_2 [1000000]0x1000140d8000 7.629 MB
W20240205 11:01:36.611469  9717 IPCTensor.h:369] NewIPCTensor: cached_sampler_r4_3 [1000000]0x10001487b000 7.629 MB
W20240205 11:01:36.611501  9717 IPCTensor.h:369] NewIPCTensor: cached_sampler_r4_4 [1000000]0x10001501e000 7.629 MB
W20240205 11:01:36.611531  9717 IPCTensor.h:369] NewIPCTensor: cached_sampler_r4_5 [1000000]0x1000157c1000 7.629 MB
W20240205 11:01:36.611564  9717 IPCTensor.h:369] NewIPCTensor: cached_sampler_r4_6 [1000000]0x100015f64000 7.629 MB
W20240205 11:01:36.611593  9717 IPCTensor.h:369] NewIPCTensor: cached_sampler_r4_7 [1000000]0x100016707000 7.629 MB
W20240205 11:01:36.611635  9717 IPCTensor.h:369] NewIPCTensor: cached_sampler_r4_8 [1000000]0x100016eaa000 7.629 MB
W20240205 11:01:36.611662  9717 IPCTensor.h:369] NewIPCTensor: cached_sampler_r4_9 [1000000]0x10001764d000 7.629 MB
W20240205 11:01:36.611696  9717 IPCTensor.h:369] NewIPCTensor: step_r4 [10]0x100017df0000 80 B 
W20240205 11:01:36.611723  9717 IPCTensor.h:369] NewIPCTensor: circle_buffer_end_r4 [1]0x100017df2000 8 B 
W20240205 11:01:36.611752  9717 IPCTensor.h:369] NewIPCTensor: circle_buffer_end_cppseen_r4 [1]0x100017df4000 8 B 
W20240205 11:01:36.611837  9717 IPCTensor.h:369] NewIPCTensor: cached_sampler_r5_0 [1000000]0x100017df6000 7.629 MB
W20240205 11:01:36.611887  9717 IPCTensor.h:369] NewIPCTensor: cached_sampler_r5_1 [1000000]0x100018599000 7.629 MB
W20240205 11:01:36.611918  9717 IPCTensor.h:369] NewIPCTensor: cached_sampler_r5_2 [1000000]0x100018d3c000 7.629 MB
W20240205 11:01:36.611953  9717 IPCTensor.h:369] NewIPCTensor: cached_sampler_r5_3 [1000000]0x1000194df000 7.629 MB
W20240205 11:01:36.611991  9717 IPCTensor.h:369] NewIPCTensor: cached_sampler_r5_4 [1000000]0x100019c82000 7.629 MB
W20240205 11:01:36.612018  9717 IPCTensor.h:369] NewIPCTensor: cached_sampler_r5_5 [1000000]0x10001a425000 7.629 MB
W20240205 11:01:36.612057  9717 IPCTensor.h:369] NewIPCTensor: cached_sampler_r5_6 [1000000]0x10001abc8000 7.629 MB
W20240205 11:01:36.612107  9717 IPCTensor.h:369] NewIPCTensor: cached_sampler_r5_7 [1000000]0x10001b36b000 7.629 MB
W20240205 11:01:36.612145  9717 IPCTensor.h:369] NewIPCTensor: cached_sampler_r5_8 [1000000]0x10001bb0e000 7.629 MB
W20240205 11:01:36.612193  9717 IPCTensor.h:369] NewIPCTensor: cached_sampler_r5_9 [1000000]0x10001c2b1000 7.629 MB
W20240205 11:01:36.612241  9717 IPCTensor.h:369] NewIPCTensor: step_r5 [10]0x10001ca54000 80 B 
W20240205 11:01:36.612272  9717 IPCTensor.h:369] NewIPCTensor: circle_buffer_end_r5 [1]0x10001ca56000 8 B 
W20240205 11:01:36.612303  9717 IPCTensor.h:369] NewIPCTensor: circle_buffer_end_cppseen_r5 [1]0x10001ca58000 8 B 
W20240205 11:01:36.612388  9717 IPCTensor.h:369] NewIPCTensor: cached_sampler_r6_0 [1000000]0x10001ca5a000 7.629 MB
W20240205 11:01:36.612468  9717 IPCTensor.h:369] NewIPCTensor: cached_sampler_r6_1 [1000000]0x10001d1fd000 7.629 MB
W20240205 11:01:36.612617  9717 IPCTensor.h:369] NewIPCTensor: cached_sampler_r6_2 [1000000]0x10001d9a0000 7.629 MB
W20240205 11:01:36.612663  9717 IPCTensor.h:369] NewIPCTensor: cached_sampler_r6_3 [1000000]0x10001e143000 7.629 MB
W20240205 11:01:36.612695  9717 IPCTensor.h:369] NewIPCTensor: cached_sampler_r6_4 [1000000]0x10001e8e6000 7.629 MB
W20240205 11:01:36.612761  9717 IPCTensor.h:369] NewIPCTensor: cached_sampler_r6_5 [1000000]0x10001f089000 7.629 MB
W20240205 11:01:36.612810  9717 IPCTensor.h:369] NewIPCTensor: cached_sampler_r6_6 [1000000]0x10001f82c000 7.629 MB
W20240205 11:01:36.612851  9717 IPCTensor.h:369] NewIPCTensor: cached_sampler_r6_7 [1000000]0x10001ffcf000 7.629 MB
W20240205 11:01:36.612907  9717 IPCTensor.h:369] NewIPCTensor: cached_sampler_r6_8 [1000000]0x100020772000 7.629 MB
W20240205 11:01:36.612949  9717 IPCTensor.h:369] NewIPCTensor: cached_sampler_r6_9 [1000000]0x100020f15000 7.629 MB
W20240205 11:01:36.613095  9717 IPCTensor.h:369] NewIPCTensor: step_r6 [10]0x1000216b8000 80 B 
W20240205 11:01:36.613169  9717 IPCTensor.h:369] NewIPCTensor: circle_buffer_end_r6 [1]0x1000216ba000 8 B 
W20240205 11:01:36.613204  9717 IPCTensor.h:369] NewIPCTensor: circle_buffer_end_cppseen_r6 [1]0x1000216bc000 8 B 
W20240205 11:01:36.613276  9717 IPCTensor.h:369] NewIPCTensor: cached_sampler_r7_0 [1000000]0x1000216be000 7.629 MB
W20240205 11:01:36.613328  9717 IPCTensor.h:369] NewIPCTensor: cached_sampler_r7_1 [1000000]0x100021e61000 7.629 MB
W20240205 11:01:36.613366  9717 IPCTensor.h:369] NewIPCTensor: cached_sampler_r7_2 [1000000]0x100022604000 7.629 MB
W20240205 11:01:36.613407  9717 IPCTensor.h:369] NewIPCTensor: cached_sampler_r7_3 [1000000]0x100022da7000 7.629 MB
W20240205 11:01:36.613447  9717 IPCTensor.h:369] NewIPCTensor: cached_sampler_r7_4 [1000000]0x10002354a000 7.629 MB
W20240205 11:01:36.613502  9717 IPCTensor.h:369] NewIPCTensor: cached_sampler_r7_5 [1000000]0x100023ced000 7.629 MB
W20240205 11:01:36.613642  9717 IPCTensor.h:369] NewIPCTensor: cached_sampler_r7_6 [1000000]0x100024490000 7.629 MB
W20240205 11:01:36.613687  9717 IPCTensor.h:369] NewIPCTensor: cached_sampler_r7_7 [1000000]0x100024c33000 7.629 MB
W20240205 11:01:36.613719  9717 IPCTensor.h:369] NewIPCTensor: cached_sampler_r7_8 [1000000]0x1000253d6000 7.629 MB
W20240205 11:01:36.613749  9717 IPCTensor.h:369] NewIPCTensor: cached_sampler_r7_9 [1000000]0x100025b79000 7.629 MB
W20240205 11:01:36.613785  9717 IPCTensor.h:369] NewIPCTensor: step_r7 [10]0x10002631c000 80 B 
W20240205 11:01:36.613818  9717 IPCTensor.h:369] NewIPCTensor: circle_buffer_end_r7 [1]0x10002631e000 8 B 
W20240205 11:01:36.613858  9717 IPCTensor.h:369] NewIPCTensor: circle_buffer_end_cppseen_r7 [1]0x100026320000 8 B 
W20240205 11:01:37.062561  9717 IPCTensor.h:369] NewIPCTensor: full_emb [86054151, 400]0x100026322000 128.2 GB
W20240205 11:10:14.637462  9717 IPCTensor.h:369] NewIPCTensor: full_emb_SparseRowWiseAdaGrad_sum [86054151]0x102034f5a000 328.3 MB
{0: Graph(num_nodes=18863774, num_edges=55186826,
      ndata_schemes={'_ID': Scheme(shape=(), dtype=torch.int64), 'inner_node': Scheme(shape=(), dtype=torch.int32), 'part_id': Scheme(shape=(), dtype=torch.int64)}
      edata_schemes={'_ID': Scheme(shape=(), dtype=torch.int64), 'inner_edge': Scheme(shape=(), dtype=torch.int8)}), 1: Graph(num_nodes=13493829, num_edges=51786811,
      ndata_schemes={'_ID': Scheme(shape=(), dtype=torch.int64), 'inner_node': Scheme(shape=(), dtype=torch.int32), 'part_id': Scheme(shape=(), dtype=torch.int64)}
      edata_schemes={'_ID': Scheme(shape=(), dtype=torch.int64), 'inner_edge': Scheme(shape=(), dtype=torch.int8)}), 2: Graph(num_nodes=12506959, num_edges=45797296,
      ndata_schemes={'_ID': Scheme(shape=(), dtype=torch.int64), 'inner_node': Scheme(shape=(), dtype=torch.int32), 'part_id': Scheme(shape=(), dtype=torch.int64)}
      edata_schemes={'_ID': Scheme(shape=(), dtype=torch.int64), 'inner_edge': Scheme(shape=(), dtype=torch.int8)}), 3: Graph(num_nodes=12605014, num_edges=52067933,
      ndata_schemes={'_ID': Scheme(shape=(), dtype=torch.int64), 'inner_node': Scheme(shape=(), dtype=torch.int32), 'part_id': Scheme(shape=(), dtype=torch.int64)}
      edata_schemes={'_ID': Scheme(shape=(), dtype=torch.int64), 'inner_edge': Scheme(shape=(), dtype=torch.int8)}), 4: Graph(num_nodes=14435508, num_edges=39101576,
      ndata_schemes={'_ID': Scheme(shape=(), dtype=torch.int64), 'inner_node': Scheme(shape=(), dtype=torch.int32), 'part_id': Scheme(shape=(), dtype=torch.int64)}
      edata_schemes={'_ID': Scheme(shape=(), dtype=torch.int64), 'inner_edge': Scheme(shape=(), dtype=torch.int8)}), 5: Graph(num_nodes=13252778, num_edges=37365728,
      ndata_schemes={'_ID': Scheme(shape=(), dtype=torch.int64), 'inner_node': Scheme(shape=(), dtype=torch.int32), 'part_id': Scheme(shape=(), dtype=torch.int64)}
      edata_schemes={'_ID': Scheme(shape=(), dtype=torch.int64), 'inner_edge': Scheme(shape=(), dtype=torch.int8)}), 6: Graph(num_nodes=14444909, num_edges=60122064,
      ndata_schemes={'_ID': Scheme(shape=(), dtype=torch.int64), 'inner_node': Scheme(shape=(), dtype=torch.int32), 'part_id': Scheme(shape=(), dtype=torch.int64)}
      edata_schemes={'_ID': Scheme(shape=(), dtype=torch.int64), 'inner_edge': Scheme(shape=(), dtype=torch.int8)}), 7: Graph(num_nodes=14493336, num_edges=37760331,
      ndata_schemes={'_ID': Scheme(shape=(), dtype=torch.int64), 'inner_node': Scheme(shape=(), dtype=torch.int32), 'part_id': Scheme(shape=(), dtype=torch.int64)}
      edata_schemes={'_ID': Scheme(shape=(), dtype=torch.int64), 'inner_edge': Scheme(shape=(), dtype=torch.int8)})}
MertisPartition: part 0 has 18863774 N 55186826 E
MertisPartition: part 1 has 13493829 N 51786811 E
MertisPartition: part 2 has 12506959 N 45797296 E
MertisPartition: part 3 has 12605014 N 52067933 E
MertisPartition: part 4 has 14435508 N 39101576 E
MertisPartition: part 5 has 13252778 N 37365728 E
MertisPartition: part 6 has 14444909 N 60122064 E
MertisPartition: part 7 has 14493336 N 37760331 E
Rank0: cached key size 537838
Rank1: cached key size 537838
Rank2: cached key size 537838
Rank3: cached key size 537838
Rank4: cached key size 537838
Rank5: cached key size 537838
Rank6: cached key size 537838
Rank7: cached key size 537838
Before renumbering graph:  {'_ID': tensor([       0,        1,        2,  ..., 39512110,  9797409, 32293938]), 'inner_node': tensor([1, 1, 1,  ..., 0, 0, 0], dtype=torch.int32), 'part_id': tensor([0, 0, 0,  ..., 6, 6, 6])}
After renumbering graph:  {'_ID': tensor([ 4302708,  4302749,    94862,  ..., 68206434, 61738910,  5251573]), 'inner_node': tensor([1, 1, 1,  ..., 0, 0, 0], dtype=torch.int32), 'part_id': tensor([0, 0, 0,  ..., 6, 6, 6])}
part_g: DGLGraph(num_nodes=18863774, num_edges=55186826,
         ndata_schemes={'_ID': Scheme(shape=(), dtype=torch.int64)}
         edata_schemes={'tid': Scheme(shape=(), dtype=torch.int64)})
part_g: DGLGraph(num_nodes=18863774, num_edges=55186826,
         ndata_schemes={'_ID': Scheme(shape=(), dtype=torch.int64)}
         edata_schemes={'tid': Scheme(shape=(), dtype=torch.int64)})
Total initialize time 2108.648 seconds
[Rank1] pid = 45118
[Rank2] pid = 45275
[Rank3] pid = 45440
[Rank4] pid = 45600
[Rank5] pid = 45763
[Rank6] pid = 45929
INFO [9717 distributed_c10d.py:442] Added key: store_based_barrier_key:1 to store for rank: 0
INFO [45118 distributed_c10d.py:442] Added key: store_based_barrier_key:1 to store for rank: 1
INFO [45275 distributed_c10d.py:442] Added key: store_based_barrier_key:1 to store for rank: 2
INFO [45440 distributed_c10d.py:442] Added key: store_based_barrier_key:1 to store for rank: 3
INFO [45600 distributed_c10d.py:442] Added key: store_based_barrier_key:1 to store for rank: 4
INFO [45763 distributed_c10d.py:442] Added key: store_based_barrier_key:1 to store for rank: 5
INFO [45929 distributed_c10d.py:442] Added key: store_based_barrier_key:1 to store for rank: 6
INFO [46093 distributed_c10d.py:442] Added key: store_based_barrier_key:1 to store for rank: 7
INFO [45763 distributed_c10d.py:476] Rank 5: Completed store-based barrier for key:store_based_barrier_key:1 with 8 nodes.
INFO [45600 distributed_c10d.py:476] Rank 4: Completed store-based barrier for key:store_based_barrier_key:1 with 8 nodes.
INFO [45440 distributed_c10d.py:476] Rank 3: Completed store-based barrier for key:store_based_barrier_key:1 with 8 nodes.
INFO [45929 distributed_c10d.py:476] Rank 6: Completed store-based barrier for key:store_based_barrier_key:1 with 8 nodes.
INFO [46093 distributed_c10d.py:476] Rank 7: Completed store-based barrier for key:store_based_barrier_key:1 with 8 nodes.
INFO [45275 distributed_c10d.py:476] Rank 2: Completed store-based barrier for key:store_based_barrier_key:1 with 8 nodes.
INFO [9717 distributed_c10d.py:476] Rank 0: Completed store-based barrier for key:store_based_barrier_key:1 with 8 nodes.
W20240205 11:17:06.224232 45766 IPCTensor.h:409] NewIPCGPUTensor: embedding_cache_5 [4302707, 400]; dev=5; size=6.412 GB
W20240205 11:17:06.224444 45601 IPCTensor.h:409] NewIPCGPUTensor: embedding_cache_4 [4302707, 400]; dev=4; size=6.412 GB
W20240205 11:17:06.224849 45441 IPCTensor.h:409] NewIPCGPUTensor: embedding_cache_3 [4302707, 400]; dev=3; size=6.412 GB
INFO [45118 distributed_c10d.py:476] Rank 1: Completed store-based barrier for key:store_based_barrier_key:1 with 8 nodes.
W20240205 11:17:06.228410 46094 IPCTensor.h:409] NewIPCGPUTensor: embedding_cache_0 [4302707, 400]; dev=0; size=6.412 GB
W20240205 11:17:06.229254 46157 IPCTensor.h:409] NewIPCGPUTensor: embedding_cache_7 [4302707, 400]; dev=7; size=6.412 GB
W20240205 11:17:06.229322 45930 IPCTensor.h:409] NewIPCGPUTensor: embedding_cache_6 [4302707, 400]; dev=6; size=6.412 GB
W20240205 11:17:06.229342 45276 IPCTensor.h:409] NewIPCGPUTensor: embedding_cache_2 [4302707, 400]; dev=2; size=6.412 GB
W20240205 11:17:06.229354 45119 IPCTensor.h:409] NewIPCGPUTensor: embedding_cache_1 [4302707, 400]; dev=1; size=6.412 GB
W20240205 11:17:06.279506 45766 IPCTensor.h:369] NewIPCTensor: input_keys_5 [1000000]0x1020497a7000 7.629 MB
W20240205 11:17:06.279577 45930 IPCTensor.h:369] NewIPCTensor: input_keys_6 [1000000]0x102049f4a000 7.629 MB
W20240205 11:17:06.279682 46157 IPCTensor.h:369] NewIPCTensor: input_keys_7 [1000000]0x10204a6ed000 7.629 MB
W20240205 11:17:06.279700 45766 IPCTensor.h:369] NewIPCTensor: input_keys_neg_5 [1000000]0x10204ae90000 7.629 MB
W20240205 11:17:06.279783 45766 IPCTensor.h:369] NewIPCTensor: backward_grads_5 [1000000, 400]0x10204b633000 1.49 GB
W20240205 11:17:06.279795 45930 IPCTensor.h:369] NewIPCTensor: input_keys_neg_6 [1000000]0x1020aac16000 7.629 MB
W20240205 11:17:06.279841 45766 IPCTensor.h:369] NewIPCTensor: backward_grads_neg_5 [1000000, 400]0x1020ab3b9000 1.49 GB
W20240205 11:17:06.279891 45930 IPCTensor.h:369] NewIPCTensor: backward_grads_6 [1000000, 400]0x10210a99c000 1.49 GB
W20240205 11:17:06.279922 45766 IPCTensor.h:409] NewIPCGPUTensor: backward_grads_5_gpu [1000000, 400]; dev=5; size=1.49 GB
W20240205 11:17:06.279950 45930 IPCTensor.h:369] NewIPCTensor: backward_grads_neg_6 [1000000, 400]0x102169f7f000 1.49 GB
W20240205 11:17:06.280025 45930 IPCTensor.h:409] NewIPCGPUTensor: backward_grads_6_gpu [1000000, 400]; dev=6; size=1.49 GB
W20240205 11:17:06.281492 46157 IPCTensor.h:369] NewIPCTensor: input_keys_neg_7 [1000000]0x1021c9562000 7.629 MB
W20240205 11:17:06.281585 46157 IPCTensor.h:369] NewIPCTensor: backward_grads_7 [1000000, 400]0x1021c9d05000 1.49 GB
W20240205 11:17:06.282933 46157 IPCTensor.h:369] NewIPCTensor: backward_grads_neg_7 [1000000, 400]0x1022292e8000 1.49 GB
W20240205 11:17:06.283136 46157 IPCTensor.h:409] NewIPCGPUTensor: backward_grads_7_gpu [1000000, 400]; dev=7; size=1.49 GB
W20240205 11:17:06.283439 45766 IPCTensor.h:409] NewIPCGPUTensor: backward_grads_neg_5_gpu [1000000, 400]; dev=5; size=1.49 GB
W20240205 11:17:06.284914 45930 IPCTensor.h:409] NewIPCGPUTensor: backward_grads_neg_6_gpu [1000000, 400]; dev=6; size=1.49 GB
W20240205 11:17:06.288218 46157 IPCTensor.h:409] NewIPCGPUTensor: backward_grads_neg_7_gpu [1000000, 400]; dev=7; size=1.49 GB
W20240205 11:17:06.333918 46094 IPCTensor.h:369] NewIPCTensor: input_keys_0 [1000000]0x1022888e1000 7.629 MB
W20240205 11:17:06.333949 45601 IPCTensor.h:369] NewIPCTensor: input_keys_4 [1000000]0x102289084000 7.629 MB
W20240205 11:17:06.334018 45276 IPCTensor.h:369] NewIPCTensor: input_keys_2 [1000000]0x102289827000 7.629 MB
W20240205 11:17:06.334022 45441 IPCTensor.h:369] NewIPCTensor: input_keys_3 [1000000]0x102289fca000 7.629 MB
W20240205 11:17:06.334028 45119 IPCTensor.h:369] NewIPCTensor: input_keys_1 [1000000]0x10228a76d000 7.629 MB
W20240205 11:17:06.334039 46094 IPCTensor.h:369] NewIPCTensor: input_keys_neg_0 [1000000]0x10228af10000 7.629 MB
W20240205 11:17:06.334082 45601 IPCTensor.h:369] NewIPCTensor: input_keys_neg_4 [1000000]0x10228b6b3000 7.629 MB
W20240205 11:17:06.334115 46094 IPCTensor.h:369] NewIPCTensor: backward_grads_0 [1000000, 400]0x10228be56000 1.49 GB
W20240205 11:17:06.334143 45601 IPCTensor.h:369] NewIPCTensor: backward_grads_4 [1000000, 400]0x1022eb439000 1.49 GB
W20240205 11:17:06.334153 46094 IPCTensor.h:369] NewIPCTensor: backward_grads_neg_0 [1000000, 400]0x10234aa1c000 1.49 GB
W20240205 11:17:06.334187 45441 IPCTensor.h:369] NewIPCTensor: input_keys_neg_3 [1000000]0x1023a9fff000 7.629 MB
W20240205 11:17:06.334193 45276 IPCTensor.h:369] NewIPCTensor: input_keys_neg_2 [1000000]0x1023aa7a2000 7.629 MB
W20240205 11:17:06.334199 45119 IPCTensor.h:369] NewIPCTensor: input_keys_neg_1 [1000000]0x1023aaf45000 7.629 MB
W20240205 11:17:06.334213 45601 IPCTensor.h:369] NewIPCTensor: backward_grads_neg_4 [1000000, 400]0x1023ab6e8000 1.49 GB
W20240205 11:17:06.334215 46094 IPCTensor.h:409] NewIPCGPUTensor: backward_grads_0_gpu [1000000, 400]; dev=0; size=1.49 GB
W20240205 11:17:06.334264 45441 IPCTensor.h:369] NewIPCTensor: backward_grads_3 [1000000, 400]0x10240accb000 1.49 GB
W20240205 11:17:06.334270 45276 IPCTensor.h:369] NewIPCTensor: backward_grads_2 [1000000, 400]0x10246a2ae000 1.49 GB
W20240205 11:17:06.334277 45119 IPCTensor.h:369] NewIPCTensor: backward_grads_1 [1000000, 400]0x1024c9891000 1.49 GB
W20240205 11:17:06.334287 45601 IPCTensor.h:409] NewIPCGPUTensor: backward_grads_4_gpu [1000000, 400]; dev=4; size=1.49 GB
W20240205 11:17:06.334324 45441 IPCTensor.h:369] NewIPCTensor: backward_grads_neg_3 [1000000, 400]0x102528e74000 1.49 GB
W20240205 11:17:06.334331 45276 IPCTensor.h:369] NewIPCTensor: backward_grads_neg_2 [1000000, 400]0x102588457000 1.49 GB
W20240205 11:17:06.334344 45119 IPCTensor.h:369] NewIPCTensor: backward_grads_neg_1 [1000000, 400]0x1025e7a3a000 1.49 GB
W20240205 11:17:06.334388 45119 IPCTensor.h:409] NewIPCGPUTensor: backward_grads_1_gpu [1000000, 400]; dev=1; size=1.49 GB
W20240205 11:17:06.334391 45441 IPCTensor.h:409] NewIPCGPUTensor: backward_grads_3_gpu [1000000, 400]; dev=3; size=1.49 GB
W20240205 11:17:06.334393 45276 IPCTensor.h:409] NewIPCGPUTensor: backward_grads_2_gpu [1000000, 400]; dev=2; size=1.49 GB
W20240205 11:17:06.340631 46094 IPCTensor.h:409] NewIPCGPUTensor: backward_grads_neg_0_gpu [1000000, 400]; dev=0; size=1.49 GB
W20240205 11:17:06.340651 45601 IPCTensor.h:409] NewIPCGPUTensor: backward_grads_neg_4_gpu [1000000, 400]; dev=4; size=1.49 GB
W20240205 11:17:06.340672 45441 IPCTensor.h:409] NewIPCGPUTensor: backward_grads_neg_3_gpu [1000000, 400]; dev=3; size=1.49 GB
W20240205 11:17:06.342157 45276 IPCTensor.h:409] NewIPCGPUTensor: backward_grads_neg_2_gpu [1000000, 400]; dev=2; size=1.49 GB
W20240205 11:17:06.348569 45119 IPCTensor.h:409] NewIPCGPUTensor: backward_grads_neg_1_gpu [1000000, 400]; dev=1; size=1.49 GB
cudaHostRegister 0x100026322000
2: KnownLocalCachedEmbedding init done
WARNING [45275 DistTensor.py:59] The tensor name already exists in the kvstore
cudaHostRegister 0x100026322000
3: KnownLocalCachedEmbedding init done
WARNING [45440 DistTensor.py:59] The tensor name already exists in the kvstore
cudaHostRegister 0x100026322000
4: KnownLocalCachedEmbedding init done
WARNING [45600 DistTensor.py:59] The tensor name already exists in the kvstore
cudaHostRegister 0x100026322000
1: KnownLocalCachedEmbedding init done
cudaHostRegister 0x100026322000
7: KnownLocalCachedEmbedding init done
WARNING [45118 DistTensor.py:59] The tensor name already exists in the kvstore
WARNING [46093 DistTensor.py:59] The tensor name already exists in the kvstore
cudaHostRegister 0x100026322000
5: KnownLocalCachedEmbedding init done
WARNING [45763 DistTensor.py:59] The tensor name already exists in the kvstore
[Rank7] pid = 46093
New CachedEmbedding, name=full_emb, shape=(86054151, 400), cache_type=KnownLocalCachedEmbedding
fixed cache_range is [(0, 4302707), (4302707, 8605414), (8605414, 12908121), (12908121, 17210828), (17210828, 21513535), (21513535, 25816242), (25816242, 30118949), (30118949, 34421656)]
cudaHostRegister 0x100026322000
0: KnownLocalCachedEmbedding init done
WARNING [9717 DistTensor.py:59] The tensor name already exists in the kvstore
cudaHostRegister 0x100026322000
6: KnownLocalCachedEmbedding init done
WARNING [45929 DistTensor.py:59] The tensor name already exists in the kvstore
I20240205 11:17:56.058090 45930 IPC_barrier.h:118] CreateBarrier: new barrier, name: kgcachecontroller, count: 8
I20240205 11:17:56.058241 45601 IPC_barrier.h:112] CreateBarrier: find existing barrier, name: kgcachecontroller, count: 8
I20240205 11:17:56.058287 45766 IPC_barrier.h:112] CreateBarrier: find existing barrier, name: kgcachecontroller, count: 8
I20240205 11:17:56.058446 45119 IPC_barrier.h:112] CreateBarrier: find existing barrier, name: kgcachecontroller, count: 8
I20240205 11:17:56.058487 45276 IPC_barrier.h:112] CreateBarrier: find existing barrier, name: kgcachecontroller, count: 8
I20240205 11:17:56.058560 45441 IPC_barrier.h:112] CreateBarrier: find existing barrier, name: kgcachecontroller, count: 8
I20240205 11:17:56.058624 46157 IPC_barrier.h:112] CreateBarrier: find existing barrier, name: kgcachecontroller, count: 8
I20240205 11:17:56.058660 46094 IPC_barrier.h:112] CreateBarrier: find existing barrier, name: kgcachecontroller, count: 8
W20240205 11:17:56.060509 46094 grad_base.h:55] KGCacheController, config={
        "num_gpus": 8,
        "L": 10,
        "backgrad_init": "both", 
        "kForwardItersPerStep": 2,
        "clr": 0.01,
        "nr_background_threads": 16,
        "backwardMode": "CppAsyncV2",
        "cache_ratio": 0.05,
        "update_cache_use_omp":  0,
        "update_pq_use_omp":  0
        }
W20240205 11:17:56.061115 46094 grad_base.h:184] Init GradProcessingBase done
I20240205 11:18:08.201061 46094 grad_async_v2.h:42] Use main thread to update emb.
W20240205 11:18:08.201458 46094 kg_controller.h:78] after init GradAsyncProcessingV2
I20240205 11:18:08.201468 46094 kg_controller.h:84] Construct KGCacheController done
E20240205 11:18:09.989382 46157 recstore.cc:66] init folly done
E20240205 11:18:09.989383 45766 recstore.cc:66] init folly done
E20240205 11:18:09.989434 45601 recstore.cc:66] init folly done
E20240205 11:18:09.989688 45441 recstore.cc:66] init folly done
E20240205 11:18:09.989698 45930 recstore.cc:66] init folly done
E20240205 11:18:09.989979 45119 recstore.cc:66] init folly done
E20240205 11:18:09.989988 45276 recstore.cc:66] init folly done
E20240205 11:18:09.990051 46094 recstore.cc:66] init folly done
I20240205 11:18:09.991232 46094 grad_base.h:60] GraphEnv RegTensorsPerProcess
W20240205 11:18:28.661356 47799 grad_async_v2.h:137] Detect new sample comes, old_end0, new_end1
E20240205 11:18:28.661769 47799 parallel_pq_v2.h:79] insert failed, size(hashtable)=1
W20240205 11:18:29.695647 47799 grad_async_v2.h:137] Detect new sample comes, old_end0, new_end1
E20240205 11:18:29.695794 47799 parallel_pq_v2.h:79] insert failed, size(hashtable)=1
+---------------------------+---------------------------+---------------------------+
| Name                      | P50                       | P99                       |
+---------------------------+---------------------------+---------------------------+
| clean                     | 148.672 us                | 392.209 us                |
+---------------------------+---------------------------+---------------------------+
W20240205 11:18:31.420053 47799 grad_async_v2.h:137] Detect new sample comes, old_end1, new_end2
E20240205 11:18:31.438191 47799 parallel_pq_v2.h:79] insert failed, size(hashtable)=0
I20240205 11:18:31.465063 45766 IPC_barrier.h:118] CreateBarrier: new barrier, name: start_barrier, count: 8
I20240205 11:18:32.009948 46157 IPC_barrier.h:112] CreateBarrier: find existing barrier, name: start_barrier, count: 8
I20240205 11:18:32.200389 45601 IPC_barrier.h:112] CreateBarrier: find existing barrier, name: start_barrier, count: 8
I20240205 11:18:32.373165 45276 IPC_barrier.h:112] CreateBarrier: find existing barrier, name: start_barrier, count: 8
E20240205 11:18:32.438031 47799 parallel_pq_v2.h:79] insert failed, size(hashtable)=20
W20240205 11:18:32.892774 47799 grad_async_v2.h:137] Detect new sample comes, old_end1, new_end0
E20240205 11:18:33.676800 47799 parallel_pq_v2.h:79] insert failed, size(hashtable)=0
I20240205 11:18:33.708034 45441 IPC_barrier.h:112] CreateBarrier: find existing barrier, name: start_barrier, count: 8
I20240205 11:18:33.919530 45119 IPC_barrier.h:112] CreateBarrier: find existing barrier, name: start_barrier, count: 8
W20240205 11:18:33.957338 47799 grad_async_v2.h:137] Detect new sample comes, old_end1, new_end0
+---------------------------+---------------------------+---------------------------+
| Name                      | P50                       | P99                       |
+---------------------------+---------------------------+---------------------------+
| clean                     | 139.760 us                | 251.553 us                |
+---------------------------+---------------------------+---------------------------+
W20240205 11:18:35.364114 47799 grad_async_v2.h:137] Detect new sample comes, old_end1, new_end2
E20240205 11:18:35.384105 47799 parallel_pq_v2.h:79] insert failed, size(hashtable)=0
I20240205 11:18:35.671020 46094 IPC_barrier.h:112] CreateBarrier: find existing barrier, name: start_barrier, count: 8
I20240205 11:18:36.109345 45930 IPC_barrier.h:112] CreateBarrier: find existing barrier, name: start_barrier, count: 8
E20240205 11:18:36.384016 47799 parallel_pq_v2.h:79] insert failed, size(hashtable)=0
W20240205 11:18:36.441409 47799 grad_async_v2.h:137] Detect new sample comes, old_end0, new_end1
E20240205 11:18:38.599902 46094 parallel_pq_v2.h:79] insert failed, size(hashtable)=0
W20240205 11:18:38.717613 47799 grad_async_v2.h:137] Detect new sample comes, old_end1, new_end2
W20240205 11:18:38.880427 46094 grad_async_v2.h:257] pq is empty
W20240205 11:18:39.425279 46094 grad_async_v2.h:270] Sleep in <BlockToStepN>, step_no=5, pq.top=5
W20240205 11:18:39.563244 46094 grad_async_v2.h:257] pq is empty
E20240205 11:18:39.599009 47799 parallel_pq_v2.h:79] insert failed, size(hashtable)=66
W20240205 11:18:39.833923 47799 grad_async_v2.h:137] Detect new sample comes, old_end2, new_end7
+---------------------------+---------------------------+---------------------------+
| Name                      | P50                       | P99                       |
+---------------------------+---------------------------+---------------------------+
| clean                     | 176.469 us                | 2.870 ms                  |
| ProcessBack:Shuffle       | 9.135 ms                  | 305.794 ms                |
| ProcessBack:UpdateCache   | 12.601 ms                 | 676.369 ms                |
| ProcessBack:UpsertPq      | 101.938 ms                | 167.148 ms                |
| ProcessOneStep            | 135.738 ms                | 1.340 s                   |
| BlockToStepN              | 98.352 us                 | 1.197 ms                  |
+---------------------------+---------------------------+---------------------------+
W20240205 11:18:40.438349 46094 grad_async_v2.h:270] Sleep in <BlockToStepN>, step_no=11, pq.top=11
E20240205 11:18:40.599009 46094 parallel_pq_v2.h:79] insert failed, size(hashtable)=2141
E20240205 11:18:40.877875 46094 grad_async_v2.h:404] Stalled in ProcessBackward: rank=0, step_no=15, sample_step_cpp_seen_[rank]=14
W20240205 11:18:40.885239 47799 grad_async_v2.h:137] Detect new sample comes, old_end5, new_end6
+---------------------------+---------------------------+---------------------------+
| Name                      | P50                       | P99                       |
+---------------------------+---------------------------+---------------------------+
| GenInput                  | 6.708 ms                  | 101.748 ms                |
| Forward                   | 5.383 ms                  | 794.497 ms                |
| Backward                  | 4.837 ms                  | 189.435 ms                |
| Optimize                  | 2.236 ms                  | 4.964 ms                  |
| BarrierTimeBeforeRank0    | 3.029 ms                  | 235.616 ms                |
| AfterBackward             | 114.157 ms                | 1.341 s                   |
| BlockToStepN              | 374.251 us                | 9.430 ms                  |
| OneStep                   | 143.442 ms                | 2.605 s                   |
+---------------------------+---------------------------+---------------------------+
E20240205 11:18:41.599012 47799 parallel_pq_v2.h:79] insert failed, size(hashtable)=262
W20240205 11:18:41.998180 47799 grad_async_v2.h:137] Detect new sample comes, old_end6, new_end7
W20240205 11:18:42.292223 46094 grad_async_v2.h:270] Sleep in <BlockToStepN>, step_no=17, pq.top=17
E20240205 11:18:42.599010 46094 parallel_pq_v2.h:79] insert failed, size(hashtable)=6245
W20240205 11:18:43.081034 47799 grad_async_v2.h:137] Detect new sample comes, old_end8, new_end1
E20240205 11:18:43.599012 47799 parallel_pq_v2.h:79] insert failed, size(hashtable)=1801
W20240205 11:18:44.126435 47799 grad_async_v2.h:137] Detect new sample comes, old_end1, new_end6
W20240205 11:18:44.320578 46094 grad_async_v2.h:270] Sleep in <BlockToStepN>, step_no=27, pq.top=27
E20240205 11:18:44.599023 47807 parallel_pq_v2.h:79] insert failed, size(hashtable)=709
+---------------------------+---------------------------+---------------------------+
| Name                      | P50                       | P99                       |
+---------------------------+---------------------------+---------------------------+
| clean                     | 350.764 us                | 5.146 ms                  |
| ProcessBack:Shuffle       | 9.029 ms                  | 268.856 ms                |
| ProcessBack:UpdateCache   | 12.924 ms                 | 675.495 ms                |
| ProcessBack:UpsertPq      | 75.417 ms                 | 150.654 ms                |
| ProcessOneStep            | 117.303 ms                | 1.340 s                   |
| BlockToStepN              | 98.352 us                 | 13.009 ms                 |
+---------------------------+---------------------------+---------------------------+
W20240205 11:18:45.180977 47799 grad_async_v2.h:137] Detect new sample comes, old_end4, new_end3
E20240205 11:18:45.599011 47799 parallel_pq_v2.h:79] insert failed, size(hashtable)=75
E20240205 11:18:45.877012 46094 grad_async_v2.h:404] Stalled in ProcessBackward: rank=7, step_no=32, sample_step_cpp_seen_[rank]=31
+---------------------------+---------------------------+---------------------------+
| Name                      | P50                       | P99                       |
+---------------------------+---------------------------+---------------------------+
| GenInput                  | 5.601 ms                  | 101.748 ms                |
| Forward                   | 5.258 ms                  | 794.497 ms                |
| Backward                  | 5.063 ms                  | 189.435 ms                |
| Optimize                  | 2.309 ms                  | 14.739 ms                 |
| BarrierTimeBeforeRank0    | 4.454 ms                  | 235.616 ms                |
| AfterBackward             | 117.349 ms                | 1.341 s                   |
| BlockToStepN              | 214.101 us                | 13.098 ms                 |
| OneStep                   | 150.550 ms                | 2.605 s                   |
+---------------------------+---------------------------+---------------------------+
W20240205 11:18:46.272183 47799 grad_async_v2.h:137] Detect new sample comes, old_end2, new_end3
W20240205 11:18:46.397864 46094 grad_async_v2.h:270] Sleep in <BlockToStepN>, step_no=33, pq.top=33
E20240205 11:18:46.619796 47799 parallel_pq_v2.h:79] insert failed, size(hashtable)=1413
W20240205 11:18:47.539567 47799 grad_async_v2.h:137] Detect new sample comes, old_end5, new_end9
E20240205 11:18:47.619010 47799 parallel_pq_v2.h:79] insert failed, size(hashtable)=6604
W20240205 11:18:48.074606 46094 grad_async_v2.h:270] Sleep in <BlockToStepN>, step_no=43, pq.top=43
E20240205 11:18:48.619033 47799 parallel_pq_v2.h:79] insert failed, size(hashtable)=6
W20240205 11:18:48.654482 47799 grad_async_v2.h:137] Detect new sample comes, old_end8, new_end9
E20240205 11:18:49.619015 47799 parallel_pq_v2.h:79] insert failed, size(hashtable)=3584
W20240205 11:18:49.667557 47799 grad_async_v2.h:137] Detect new sample comes, old_end9, new_end0
+---------------------------+---------------------------+---------------------------+
| Name                      | P50                       | P99                       |
+---------------------------+---------------------------+---------------------------+
| clean                     | 306.182 us                | 1.512 ms                  |
| ProcessBack:Shuffle       | 9.003 ms                  | 268.856 ms                |
| ProcessBack:UpdateCache   | 12.718 ms                 | 675.495 ms                |
| ProcessBack:UpsertPq      | 71.271 ms                 | 167.148 ms                |
| ProcessOneStep            | 113.884 ms                | 1.567 s                   |
| BlockToStepN              | 103.713 us                | 21.756 ms                 |
+---------------------------+---------------------------+---------------------------+
W20240205 11:18:50.492807 46094 grad_async_v2.h:257] pq is empty
E20240205 11:18:50.619007 46094 parallel_pq_v2.h:79] insert failed, size(hashtable)=20657
W20240205 11:18:50.715000 47799 grad_async_v2.h:137] Detect new sample comes, old_end2, new_end3
+---------------------------+---------------------------+---------------------------+
| Name                      | P50                       | P99                       |
+---------------------------+---------------------------+---------------------------+
| GenInput                  | 5.173 ms                  | 87.216 ms                 |
| Forward                   | 5.258 ms                  | 18.193 ms                 |
| Backward                  | 5.225 ms                  | 8.750 ms                  |
| Optimize                  | 2.375 ms                  | 14.739 ms                 |
| BarrierTimeBeforeRank0    | 3.793 ms                  | 54.641 ms                 |
| AfterBackward             | 114.157 ms                | 1.341 s                   |
| BlockToStepN              | 214.660 us                | 13.098 ms                 |
| OneStep                   | 150.550 ms                | 1.660 s                   |
+---------------------------+---------------------------+---------------------------+
E20240205 11:18:51.619688 47084 parallel_pq_v2.h:79] insert failed, size(hashtable)=0
W20240205 11:18:51.741014 47799 grad_async_v2.h:137] Detect new sample comes, old_end6, new_end7
W20240205 11:18:51.830106 46094 grad_async_v2.h:270] Sleep in <BlockToStepN>, step_no=57, pq.top=57
E20240205 11:18:52.619997 47799 parallel_pq_v2.h:79] insert failed, size(hashtable)=1
W20240205 11:18:52.765033 47799 grad_async_v2.h:137] Detect new sample comes, old_end9, new_end4
W20240205 11:18:52.986101 46094 grad_async_v2.h:270] Sleep in <BlockToStepN>, step_no=65, pq.top=65
E20240205 11:18:53.619014 47799 parallel_pq_v2.h:79] insert failed, size(hashtable)=519
W20240205 11:18:53.934386 47799 grad_async_v2.h:137] Detect new sample comes, old_end3, new_end1
W20240205 11:18:54.081288 46094 grad_async_v2.h:270] Sleep in <BlockToStepN>, step_no=71, pq.top=71
E20240205 11:18:54.258277 47084 grad_async_v2.h:404] Stalled in ProcessBackward: rank=1, step_no=71, sample_step_cpp_seen_[rank]=70
E20240205 11:18:54.620838 47799 parallel_pq_v2.h:79] insert failed, size(hashtable)=1
W20240205 11:18:54.937227 47799 grad_async_v2.h:137] Detect new sample comes, old_end2, new_end3
+---------------------------+---------------------------+---------------------------+
| Name                      | P50                       | P99                       |
+---------------------------+---------------------------+---------------------------+
| clean                     | 311.642 us                | 2.108 ms                  |
| ProcessBack:Shuffle       | 8.950 ms                  | 268.856 ms                |
| ProcessBack:UpdateCache   | 12.716 ms                 | 675.495 ms                |
| ProcessBack:UpsertPq      | 69.579 ms                 | 241.605 ms                |
| ProcessOneStep            | 113.929 ms                | 1.340 s                   |
| BlockToStepN              | 146.837 us                | 21.756 ms                 |
+---------------------------+---------------------------+---------------------------+
W20240205 11:18:55.166806 46094 grad_async_v2.h:270] Sleep in <BlockToStepN>, step_no=73, pq.top=73
E20240205 11:18:55.620012 46094 parallel_pq_v2.h:79] insert failed, size(hashtable)=9999
W20240205 11:18:55.985301 47799 grad_async_v2.h:137] Detect new sample comes, old_end5, new_end0
+---------------------------+---------------------------+---------------------------+
| Name                      | P50                       | P99                       |
+---------------------------+---------------------------+---------------------------+
| GenInput                  | 6.631 ms                  | 144.316 ms                |
| Forward                   | 5.445 ms                  | 18.193 ms                 |
| Backward                  | 5.232 ms                  | 10.663 ms                 |
| Optimize                  | 2.532 ms                  | 14.739 ms                 |
| BarrierTimeBeforeRank0    | 2.957 ms                  | 86.415 ms                 |
| AfterBackward             | 111.684 ms                | 1.341 s                   |
| BlockToStepN              | 370.113 us                | 21.872 ms                 |
| OneStep                   | 152.618 ms                | 1.660 s                   |
+---------------------------+---------------------------+---------------------------+
W20240205 11:18:56.215850 46094 grad_async_v2.h:270] Sleep in <BlockToStepN>, step_no=82, pq.top=82
E20240205 11:18:56.625232 47799 parallel_pq_v2.h:79] insert failed, size(hashtable)=1
W20240205 11:18:57.009601 47799 grad_async_v2.h:137] Detect new sample comes, old_end8, new_end7
E20240205 11:18:57.626332 47799 parallel_pq_v2.h:79] insert failed, size(hashtable)=1
W20240205 11:18:58.022425 47799 grad_async_v2.h:137] Detect new sample comes, old_end7, new_end8
W20240205 11:18:58.269171 46094 grad_async_v2.h:270] Sleep in <BlockToStepN>, step_no=89, pq.top=89
E20240205 11:18:58.628774 47799 parallel_pq_v2.h:79] insert failed, size(hashtable)=1
W20240205 11:18:59.191978 47799 grad_async_v2.h:137] Detect new sample comes, old_end0, new_end8
W20240205 11:18:59.394589 46094 grad_async_v2.h:270] Sleep in <BlockToStepN>, step_no=99, pq.top=99
train_sampler.Prefill()
before start barrier
start train
[proc 4] 100 steps, total: 27.284, sample: 1.754, forward: 1.369, backward: 0.835, update: 0.245
train_sampler.Prefill()
before start barrier
start train
[proc 5] 100 steps, total: 28.019, sample: 1.615, forward: 1.360, backward: 0.764, update: 0.242
train_sampler.Prefill()
before start barrier
start train
[proc 2] 100 steps, total: 27.111, sample: 1.579, forward: 1.545, backward: 0.728, update: 0.271
train_sampler.Prefill()
before start barrier
start train
[proc 3] 100 steps, total: 25.776, sample: 1.507, forward: 1.321, backward: 0.953, update: 0.243
train_sampler.Prefill()
before start barrier
start train
[proc 7] 100 steps, total: 27.474, sample: 1.372, forward: 1.505, backward: 0.729, update: 0.255
train_sampler.Prefill()
before start barrier
start train
[proc 6] 100 steps, total: 23.375, sample: 1.729, forward: 1.220, backward: 0.698, update: 0.235
train_sampler.Prefill()
-------Step 0-------
tensor([   41164,    41186,    41212,    41237,  6174806,   141488, 50480805,
        17519393, 20522265,    41272]) tensor([ 5406924, 14326843, 56617478, 81429528, 19448959, 28980048, 34080854,
        70987772, 62203214, 31297126])
-------Step 1-------
tensor([   41164,    41186,    41212,    41237,  6174806,   141488, 50480805,
        17519393, 20522265,    41272]) tensor([60639886, 26421191, 10713080, 71846066, 84215669, 44233599, 79445585,
        46286245, 40584362, 13232435])
-------Step 2-------
tensor([  101331,   101347,   101371,    21016,   101398,   101422,   101443,
        26250394,   101474,   101503]) tensor([62629616, 24965760, 75986151, 44507939, 44555238, 27200890, 60909492,
        38049087, 14801496, 43231073])
-------Step 3-------
tensor([  101331,   101347,   101371,    21016,   101398,   101422,   101443,
        26250394,   101474,   101503]) tensor([53689777, 83082377, 31716289, 35185707, 69795585, 72116308, 39027114,
        16266655, 28087053,   773894])
-------Step 4-------
tensor([  164338, 48786798,   164360,   178684,   164387,   178728,   164411,
        36767614,   164433,   164457]) tensor([81199160, 10104520, 75764496, 17415381, 78114659, 45085078, 73045050,
        34527948, 74740001, 47468446])
-------Step 5-------
tensor([  164338, 48786798,   164360,   178684,   164387,   178728,   164411,
        36767614,   164433,   164457]) tensor([32515684, 71429288,   201675, 75987203, 53586645, 60548505, 15545803,
         9887866, 66198095, 44042648])
-------Step 6-------
tensor([  226744,    49982,   226764,   226796,    50032, 80355634,   226820,
          226838,   197296, 33516825]) tensor([12903693, 34125394, 31391247, 83925912, 30950050, 34123127, 25417973,
         6171785, 59574011, 72993497])
-------Step 7-------
