WARNING: Logging before InitGoogleLogging() is written to STDERR
I20240201 00:13:38.692806 3283163 IPC_barrier.h:128] MultiProcessBarrierFactory->ClearIPCMemory()
/home/xieminhui/RecStore/src/framework_adapters/torch/kg/dgl-0.9.1/python/dgl/_deprecate/graph.py:1023: DGLWarning: multigraph will be deprecated.DGL will treat all graphs as multigraph in the future.
  dgl_warning("multigraph will be deprecated." \
/home/xieminhui/RecStore/src/framework_adapters/torch/kg/dgl-0.9.1/python/dgl/heterograph.py:72: DGLWarning: Recommend creating graphs by `dgl.graph(data)` instead of `dgl.DGLGraph(data)`.
  dgl_warning('Recommend creating graphs by `dgl.graph(data)`'
Reading train triples....
Finished. Read 483142 train triples.
Reading valid triples....
Finished. Read 50000 valid triples.
Reading test triples....
Finished. Read 59071 test triples.
ARGS:  Namespace(model_name='TransE', data_path='/home/xieminhui/dgl-data', dataset='FB15k', format='built_in', data_files=None, delimiter='\t', save_path='/tmp/ckpts/TransE_FB15k_214', no_save_emb=True, max_step=500, batch_size=1800, batch_size_eval=16, neg_sample_size=200, neg_deg_sample=False, neg_deg_sample_eval=False, neg_sample_size_eval=14951, eval_percent=1, no_eval_filter=False, log_interval=100, eval_interval=10000, test=False, num_proc=4, num_thread=1, force_sync_interval=1, hidden_dim=400, lr=0.01, gamma=16.0, double_ent=False, double_rel=False, neg_adversarial_sampling=False, adversarial_temperature=1.0, regularization_coef=0.0, regularization_norm=3, pairwise=False, loss_genre='Logsigmoid', margin=1.0, nr_gpus=4, gpu=[0, 1, 2, 3], mix_cpu_gpu=True, valid=False, rel_part=False, async_update=None, has_edge_importance=False, cached_emb_type='KnownLocalCachedEmbedding', use_my_emb=True, cache_ratio=0.05, shuffle=False, backwardMode='CppAsyncV2', L=10, update_cache_use_omp=0, update_pq_use_omp=0, kForwardItersPerStep=2, backgrad_init='both', eval_filter=True, soft_rel_part=False)
|Train|: 483142
original graph:  DGLGraph(num_nodes=14951, num_edges=592213,
         ndata_schemes={}
         edata_schemes={'tid': Scheme(shape=(), dtype=torch.int64)})
Loading cached metis
WARNING [3283163 sampler.py:454] Start PreSampling
WARNING [3283163 sampler.py:532] Before construct renumbering_dict
WARNING [3283163 sampler.py:555] PreSampling done
W20240201 00:13:40.877542 3283163 IPCTensor.h:369] NewIPCTensor: cached_sampler_r0_0 [1000000]0x100000002000 7.629 MB
W20240201 00:13:40.877700 3283163 IPCTensor.h:369] NewIPCTensor: cached_sampler_r0_1 [1000000]0x1000007a5000 7.629 MB
W20240201 00:13:40.877725 3283163 IPCTensor.h:369] NewIPCTensor: cached_sampler_r0_2 [1000000]0x100000f48000 7.629 MB
W20240201 00:13:40.877744 3283163 IPCTensor.h:369] NewIPCTensor: cached_sampler_r0_3 [1000000]0x1000016eb000 7.629 MB
W20240201 00:13:40.877769 3283163 IPCTensor.h:369] NewIPCTensor: cached_sampler_r0_4 [1000000]0x100001e8e000 7.629 MB
W20240201 00:13:40.877789 3283163 IPCTensor.h:369] NewIPCTensor: cached_sampler_r0_5 [1000000]0x100002631000 7.629 MB
W20240201 00:13:40.877810 3283163 IPCTensor.h:369] NewIPCTensor: cached_sampler_r0_6 [1000000]0x100002dd4000 7.629 MB
W20240201 00:13:40.877836 3283163 IPCTensor.h:369] NewIPCTensor: cached_sampler_r0_7 [1000000]0x100003577000 7.629 MB
W20240201 00:13:40.877856 3283163 IPCTensor.h:369] NewIPCTensor: cached_sampler_r0_8 [1000000]0x100003d1a000 7.629 MB
W20240201 00:13:40.877877 3283163 IPCTensor.h:369] NewIPCTensor: cached_sampler_r0_9 [1000000]0x1000044bd000 7.629 MB
W20240201 00:13:40.877918 3283163 IPCTensor.h:369] NewIPCTensor: step_r0 [10]0x100004c60000 80 B 
W20240201 00:13:40.877938 3283163 IPCTensor.h:369] NewIPCTensor: circle_buffer_end_r0 [1]0x100004c62000 8 B 
W20240201 00:13:40.877962 3283163 IPCTensor.h:369] NewIPCTensor: circle_buffer_end_cppseen_r0 [1]0x100004c64000 8 B 
W20240201 00:13:40.878059 3283163 IPCTensor.h:369] NewIPCTensor: cached_sampler_r1_0 [1000000]0x100004c66000 7.629 MB
W20240201 00:13:40.878084 3283163 IPCTensor.h:369] NewIPCTensor: cached_sampler_r1_1 [1000000]0x100005409000 7.629 MB
W20240201 00:13:40.878111 3283163 IPCTensor.h:369] NewIPCTensor: cached_sampler_r1_2 [1000000]0x100005bac000 7.629 MB
W20240201 00:13:40.878151 3283163 IPCTensor.h:369] NewIPCTensor: cached_sampler_r1_3 [1000000]0x10000634f000 7.629 MB
W20240201 00:13:40.878170 3283163 IPCTensor.h:369] NewIPCTensor: cached_sampler_r1_4 [1000000]0x100006af2000 7.629 MB
W20240201 00:13:40.878196 3283163 IPCTensor.h:369] NewIPCTensor: cached_sampler_r1_5 [1000000]0x100007295000 7.629 MB
W20240201 00:13:40.878221 3283163 IPCTensor.h:369] NewIPCTensor: cached_sampler_r1_6 [1000000]0x100007a38000 7.629 MB
W20240201 00:13:40.878244 3283163 IPCTensor.h:369] NewIPCTensor: cached_sampler_r1_7 [1000000]0x1000081db000 7.629 MB
W20240201 00:13:40.878266 3283163 IPCTensor.h:369] NewIPCTensor: cached_sampler_r1_8 [1000000]0x10000897e000 7.629 MB
W20240201 00:13:40.878288 3283163 IPCTensor.h:369] NewIPCTensor: cached_sampler_r1_9 [1000000]0x100009121000 7.629 MB
W20240201 00:13:40.878306 3283163 IPCTensor.h:369] NewIPCTensor: step_r1 [10]0x1000098c4000 80 B 
W20240201 00:13:40.878321 3283163 IPCTensor.h:369] NewIPCTensor: circle_buffer_end_r1 [1]0x1000098c6000 8 B 
W20240201 00:13:40.878340 3283163 IPCTensor.h:369] NewIPCTensor: circle_buffer_end_cppseen_r1 [1]0x1000098c8000 8 B 
W20240201 00:13:40.878376 3283163 IPCTensor.h:369] NewIPCTensor: cached_sampler_r2_0 [1000000]0x1000098ca000 7.629 MB
W20240201 00:13:40.878401 3283163 IPCTensor.h:369] NewIPCTensor: cached_sampler_r2_1 [1000000]0x10000a06d000 7.629 MB
W20240201 00:13:40.878420 3283163 IPCTensor.h:369] NewIPCTensor: cached_sampler_r2_2 [1000000]0x10000a810000 7.629 MB
W20240201 00:13:40.878445 3283163 IPCTensor.h:369] NewIPCTensor: cached_sampler_r2_3 [1000000]0x10000afb3000 7.629 MB
W20240201 00:13:40.878468 3283163 IPCTensor.h:369] NewIPCTensor: cached_sampler_r2_4 [1000000]0x10000b756000 7.629 MB
W20240201 00:13:40.878487 3283163 IPCTensor.h:369] NewIPCTensor: cached_sampler_r2_5 [1000000]0x10000bef9000 7.629 MB
W20240201 00:13:40.878505 3283163 IPCTensor.h:369] NewIPCTensor: cached_sampler_r2_6 [1000000]0x10000c69c000 7.629 MB
W20240201 00:13:40.878522 3283163 IPCTensor.h:369] NewIPCTensor: cached_sampler_r2_7 [1000000]0x10000ce3f000 7.629 MB
W20240201 00:13:40.878540 3283163 IPCTensor.h:369] NewIPCTensor: cached_sampler_r2_8 [1000000]0x10000d5e2000 7.629 MB
W20240201 00:13:40.878562 3283163 IPCTensor.h:369] NewIPCTensor: cached_sampler_r2_9 [1000000]0x10000dd85000 7.629 MB
W20240201 00:13:40.878583 3283163 IPCTensor.h:369] NewIPCTensor: step_r2 [10]0x10000e528000 80 B 
W20240201 00:13:40.878599 3283163 IPCTensor.h:369] NewIPCTensor: circle_buffer_end_r2 [1]0x10000e52a000 8 B 
W20240201 00:13:40.878618 3283163 IPCTensor.h:369] NewIPCTensor: circle_buffer_end_cppseen_r2 [1]0x10000e52c000 8 B 
W20240201 00:13:40.878652 3283163 IPCTensor.h:369] NewIPCTensor: cached_sampler_r3_0 [1000000]0x10000e52e000 7.629 MB
W20240201 00:13:40.878680 3283163 IPCTensor.h:369] NewIPCTensor: cached_sampler_r3_1 [1000000]0x10000ecd1000 7.629 MB
W20240201 00:13:40.878700 3283163 IPCTensor.h:369] NewIPCTensor: cached_sampler_r3_2 [1000000]0x10000f474000 7.629 MB
W20240201 00:13:40.878732 3283163 IPCTensor.h:369] NewIPCTensor: cached_sampler_r3_3 [1000000]0x10000fc17000 7.629 MB
W20240201 00:13:40.878754 3283163 IPCTensor.h:369] NewIPCTensor: cached_sampler_r3_4 [1000000]0x1000103ba000 7.629 MB
W20240201 00:13:40.878773 3283163 IPCTensor.h:369] NewIPCTensor: cached_sampler_r3_5 [1000000]0x100010b5d000 7.629 MB
W20240201 00:13:40.878798 3283163 IPCTensor.h:369] NewIPCTensor: cached_sampler_r3_6 [1000000]0x100011300000 7.629 MB
W20240201 00:13:40.878818 3283163 IPCTensor.h:369] NewIPCTensor: cached_sampler_r3_7 [1000000]0x100011aa3000 7.629 MB
W20240201 00:13:40.878840 3283163 IPCTensor.h:369] NewIPCTensor: cached_sampler_r3_8 [1000000]0x100012246000 7.629 MB
W20240201 00:13:40.878862 3283163 IPCTensor.h:369] NewIPCTensor: cached_sampler_r3_9 [1000000]0x1000129e9000 7.629 MB
W20240201 00:13:40.878885 3283163 IPCTensor.h:369] NewIPCTensor: step_r3 [10]0x10001318c000 80 B 
W20240201 00:13:40.878899 3283163 IPCTensor.h:369] NewIPCTensor: circle_buffer_end_r3 [1]0x10001318e000 8 B 
W20240201 00:13:40.878919 3283163 IPCTensor.h:369] NewIPCTensor: circle_buffer_end_cppseen_r3 [1]0x100013190000 8 B 
W20240201 00:13:41.029604 3283163 IPCTensor.h:369] NewIPCTensor: full_emb [14951, 400]0x100013192000 22.81 MB
W20240201 00:13:41.056474 3283163 IPCTensor.h:369] NewIPCTensor: full_emb_SparseRowWiseAdaGrad_sum [14951]0x100014864000 58.4 kB
{0: Graph(num_nodes=10523, num_edges=182012,
      ndata_schemes={'_ID': Scheme(shape=(), dtype=torch.int64), 'inner_node': Scheme(shape=(), dtype=torch.int32), 'part_id': Scheme(shape=(), dtype=torch.int64)}
      edata_schemes={'_ID': Scheme(shape=(), dtype=torch.int64), 'inner_edge': Scheme(shape=(), dtype=torch.int8)}), 1: Graph(num_nodes=10996, num_edges=244360,
      ndata_schemes={'_ID': Scheme(shape=(), dtype=torch.int64), 'inner_node': Scheme(shape=(), dtype=torch.int32), 'part_id': Scheme(shape=(), dtype=torch.int64)}
      edata_schemes={'_ID': Scheme(shape=(), dtype=torch.int64), 'inner_edge': Scheme(shape=(), dtype=torch.int8)}), 2: Graph(num_nodes=9404, num_edges=143355,
      ndata_schemes={'_ID': Scheme(shape=(), dtype=torch.int64), 'inner_node': Scheme(shape=(), dtype=torch.int32), 'part_id': Scheme(shape=(), dtype=torch.int64)}
      edata_schemes={'_ID': Scheme(shape=(), dtype=torch.int64), 'inner_edge': Scheme(shape=(), dtype=torch.int8)}), 3: Graph(num_nodes=10954, num_edges=175447,
      ndata_schemes={'_ID': Scheme(shape=(), dtype=torch.int64), 'inner_node': Scheme(shape=(), dtype=torch.int32), 'part_id': Scheme(shape=(), dtype=torch.int64)}
      edata_schemes={'_ID': Scheme(shape=(), dtype=torch.int64), 'inner_edge': Scheme(shape=(), dtype=torch.int8)})}
MertisPartition: part 0 has 10523 N 182012 E
MertisPartition: part 1 has 10996 N 244360 E
MertisPartition: part 2 has 9404 N 143355 E
MertisPartition: part 3 has 10954 N 175447 E
Rank0: cached key size 186
Rank1: cached key size 186
Rank2: cached key size 186
Rank3: cached key size 186
Before renumbering graph:  {'_ID': tensor([    5,    14,    17,  ..., 11245,  2040,  3009]), 'inner_node': tensor([1, 1, 1,  ..., 0, 0, 0], dtype=torch.int32), 'part_id': tensor([0, 0, 0,  ..., 2, 3, 3])}
After renumbering graph:  {'_ID': tensor([ 895, 1141, 1217,  ..., 1711, 5609, 7004]), 'inner_node': tensor([1, 1, 1,  ..., 0, 0, 0], dtype=torch.int32), 'part_id': tensor([0, 0, 0,  ..., 2, 3, 3])}
part_g: DGLGraph(num_nodes=10523, num_edges=182012,
         ndata_schemes={'_ID': Scheme(shape=(), dtype=torch.int64)}
         edata_schemes={'tid': Scheme(shape=(), dtype=torch.int64)})
part_g: DGLGraph(num_nodes=10523, num_edges=182012,
         ndata_schemes={'_ID': Scheme(shape=(), dtype=torch.int64)}
         edata_schemes={'tid': Scheme(shape=(), dtype=torch.int64)})
Total initialize time 2.395 seconds
[Rank1] pid = 3283373
[Rank2] pid = 3283438
INFO [3283163 distributed_c10d.py:442] Added key: store_based_barrier_key:1 to store for rank: 0
INFO [3283373 distributed_c10d.py:442] Added key: store_based_barrier_key:1 to store for rank: 1
INFO [3283163 distributed_c10d.py:476] Rank 0: Completed store-based barrier for key:store_based_barrier_key:1 with 4 nodes.
INFO [3283438 distributed_c10d.py:442] Added key: store_based_barrier_key:1 to store for rank: 2
INFO [3283373 distributed_c10d.py:476] Rank 1: Completed store-based barrier for key:store_based_barrier_key:1 with 4 nodes.
INFO [3283438 distributed_c10d.py:476] Rank 2: Completed store-based barrier for key:store_based_barrier_key:1 with 4 nodes.
W20240201 00:13:44.561887 3283503 IPCTensor.h:409] NewIPCGPUTensor: embedding_cache_0 [747, 400]; dev=0; size=1.14 MB
W20240201 00:13:44.562630 3283503 IPCTensor.h:369] NewIPCTensor: input_keys_0 [1000000]0x100014876000 7.629 MB
W20240201 00:13:44.562837 3283503 IPCTensor.h:369] NewIPCTensor: input_keys_neg_0 [1000000]0x100015019000 7.629 MB
W20240201 00:13:44.562974 3283503 IPCTensor.h:369] NewIPCTensor: backward_grads_0 [1000000, 400]0x1000157bc000 1.49 GB
W20240201 00:13:44.563059 3283503 IPCTensor.h:369] NewIPCTensor: backward_grads_neg_0 [1000000, 400]0x100074d9f000 1.49 GB
W20240201 00:13:44.563138 3283503 IPCTensor.h:409] NewIPCGPUTensor: backward_grads_0_gpu [1000000, 400]; dev=0; size=1.49 GB
W20240201 00:13:44.563223 3283374 IPCTensor.h:409] NewIPCGPUTensor: embedding_cache_1 [747, 400]; dev=1; size=1.14 MB
W20240201 00:13:44.563633 3283439 IPCTensor.h:409] NewIPCGPUTensor: embedding_cache_2 [747, 400]; dev=2; size=1.14 MB
INFO [3283502 distributed_c10d.py:442] Added key: store_based_barrier_key:1 to store for rank: 3
INFO [3283502 distributed_c10d.py:476] Rank 3: Completed store-based barrier for key:store_based_barrier_key:1 with 4 nodes.
W20240201 00:13:44.567039 3283504 IPCTensor.h:409] NewIPCGPUTensor: embedding_cache_3 [747, 400]; dev=3; size=1.14 MB
W20240201 00:13:44.568874 3283503 IPCTensor.h:409] NewIPCGPUTensor: backward_grads_neg_0_gpu [1000000, 400]; dev=0; size=1.49 GB
W20240201 00:13:44.569037 3283374 IPCTensor.h:369] NewIPCTensor: input_keys_1 [1000000]0x1000d438a000 7.629 MB
W20240201 00:13:44.569070 3283504 IPCTensor.h:369] NewIPCTensor: input_keys_3 [1000000]0x1000d4b2d000 7.629 MB
W20240201 00:13:44.569090 3283439 IPCTensor.h:369] NewIPCTensor: input_keys_2 [1000000]0x1000d52d0000 7.629 MB
W20240201 00:13:44.569293 3283374 IPCTensor.h:369] NewIPCTensor: input_keys_neg_1 [1000000]0x1000d5a73000 7.629 MB
W20240201 00:13:44.569347 3283439 IPCTensor.h:369] NewIPCTensor: input_keys_neg_2 [1000000]0x1000d6216000 7.629 MB
W20240201 00:13:44.569366 3283504 IPCTensor.h:369] NewIPCTensor: input_keys_neg_3 [1000000]0x1000d69b9000 7.629 MB
W20240201 00:13:44.569418 3283374 IPCTensor.h:369] NewIPCTensor: backward_grads_1 [1000000, 400]0x1000d715c000 1.49 GB
W20240201 00:13:44.569461 3283439 IPCTensor.h:369] NewIPCTensor: backward_grads_2 [1000000, 400]0x10013673f000 1.49 GB
W20240201 00:13:44.569497 3283504 IPCTensor.h:369] NewIPCTensor: backward_grads_3 [1000000, 400]0x100195d22000 1.49 GB
W20240201 00:13:44.569506 3283374 IPCTensor.h:369] NewIPCTensor: backward_grads_neg_1 [1000000, 400]0x1001f5305000 1.49 GB
W20240201 00:13:44.569555 3283439 IPCTensor.h:369] NewIPCTensor: backward_grads_neg_2 [1000000, 400]0x1002548e8000 1.49 GB
W20240201 00:13:44.569592 3283504 IPCTensor.h:369] NewIPCTensor: backward_grads_neg_3 [1000000, 400]0x1002b3ecb000 1.49 GB
W20240201 00:13:44.569613 3283374 IPCTensor.h:409] NewIPCGPUTensor: backward_grads_1_gpu [1000000, 400]; dev=1; size=1.49 GB
W20240201 00:13:44.569648 3283439 IPCTensor.h:409] NewIPCGPUTensor: backward_grads_2_gpu [1000000, 400]; dev=2; size=1.49 GB
W20240201 00:13:44.569664 3283504 IPCTensor.h:409] NewIPCGPUTensor: backward_grads_3_gpu [1000000, 400]; dev=3; size=1.49 GB
W20240201 00:13:44.587564 3283374 IPCTensor.h:409] NewIPCGPUTensor: backward_grads_neg_1_gpu [1000000, 400]; dev=1; size=1.49 GB
W20240201 00:13:44.587594 3283439 IPCTensor.h:409] NewIPCGPUTensor: backward_grads_neg_2_gpu [1000000, 400]; dev=2; size=1.49 GB
W20240201 00:13:44.587827 3283504 IPCTensor.h:409] NewIPCGPUTensor: backward_grads_neg_3_gpu [1000000, 400]; dev=3; size=1.49 GB
cudaHostRegister 0x100013192000
2: KnownLocalCachedEmbedding init done
WARNING [3283438 DistTensor.py:59] The tensor name already exists in the kvstore
cudaHostRegister 0x100013192000
1: KnownLocalCachedEmbedding init done
WARNING [3283373 DistTensor.py:59] The tensor name already exists in the kvstore
[Rank3] pid = 3283502
New CachedEmbedding, name=full_emb, shape=(14951, 400), cache_type=KnownLocalCachedEmbedding
fixed cache_range is [(0, 747), (747, 1494), (1494, 2241), (2241, 2988)]
cudaHostRegister 0x100013192000
0: KnownLocalCachedEmbedding init done
WARNING [3283163 DistTensor.py:59] The tensor name already exists in the kvstore
cudaHostRegister 0x100013192000
3: KnownLocalCachedEmbedding init done
WARNING [3283502 DistTensor.py:59] The tensor name already exists in the kvstore
I20240201 00:13:45.884207 3283504 IPC_barrier.h:118] CreateBarrier: new barrier, name: kgcachecontroller, count: 4
I20240201 00:13:45.884254 3283503 IPC_barrier.h:112] CreateBarrier: find existing barrier, name: kgcachecontroller, count: 4
I20240201 00:13:45.884289 3283374 IPC_barrier.h:112] CreateBarrier: find existing barrier, name: kgcachecontroller, count: 4
I20240201 00:13:45.884469 3283439 IPC_barrier.h:112] CreateBarrier: find existing barrier, name: kgcachecontroller, count: 4
W20240201 00:13:45.885613 3283503 grad_base.h:55] KGCacheController, config={
        "num_gpus": 4,
        "L": 10,
        "backgrad_init": "both", 
        "kForwardItersPerStep": 2,
        "clr": 0.01,
        "nr_background_threads": 32,
        "backwardMode": "CppAsyncV2",
        "cache_ratio": 0.05,
        "update_cache_use_omp":  0,
        "update_pq_use_omp":  0
        }
W20240201 00:13:45.885767 3283503 grad_base.h:184] Init GradProcessingBase done
I20240201 00:13:45.890022 3283503 grad_async_v2.h:42] Use main thread to update emb.
W20240201 00:13:45.890055 3283503 kg_controller.h:78] after init GradAsyncProcessingV2
I20240201 00:13:45.890060 3283503 kg_controller.h:84] Construct KGCacheController done
E20240201 00:13:47.271724 3283439 recstore.cc:66] init folly done
E20240201 00:13:47.271729 3283504 recstore.cc:66] init folly done
E20240201 00:13:47.271903 3283374 recstore.cc:66] init folly done
E20240201 00:13:47.272135 3283503 recstore.cc:66] init folly done
I20240201 00:13:47.273219 3283503 grad_base.h:60] GraphEnv RegTensorsPerProcess
W20240201 00:13:47.999846 3283886 grad_async_v2.h:137] Detect new sample comes, old_end0, new_end1
E20240201 00:13:48.000223 3283886 parallel_pq_v2.h:79] insert failed, size(hashtable)=0
I20240201 00:13:48.028451 3283503 IPC_barrier.h:118] CreateBarrier: new barrier, name: start_barrier, count: 4
I20240201 00:13:48.041929 3283374 IPC_barrier.h:112] CreateBarrier: find existing barrier, name: start_barrier, count: 4
I20240201 00:13:48.061514 3283439 IPC_barrier.h:112] CreateBarrier: find existing barrier, name: start_barrier, count: 4
I20240201 00:13:48.063941 3283504 IPC_barrier.h:112] CreateBarrier: find existing barrier, name: start_barrier, count: 4
E20240201 00:13:50.439281 3283690 parallel_pq_v2.h:79] insert failed, size(hashtable)=2
W20240201 00:13:50.456034 3283886 grad_async_v2.h:137] Detect new sample comes, old_end1, new_end2
E20240201 00:13:50.474653 3283690 grad_async_v2.h:404] Stalled in ProcessBackward: rank=0, step_no=1, sample_step_cpp_seen_[rank]=0
W20240201 00:13:50.779069 3283503 grad_async_v2.h:270] Sleep in <BlockToStepN>, step_no=11, pq.top=11
+---------------------------+---------------------------+---------------------------+
| Name                      | P50                       | P99                       |
+---------------------------+---------------------------+---------------------------+
| GenInput                  | 1.296 ms                  | 21.345 ms                 |
| Forward                   | 4.354 ms                  | 792.135 ms                |
| Backward                  | 3.133 ms                  | 199.658 ms                |
| Optimize                  | 1.621 ms                  | 3.040 ms                  |
| BarrierTimeBeforeRank0    | 34.558 us                 | 221.530 ms                |
| AfterBackward             | 14.177 ms                 | 1.172 s                   |
| BlockToStepN              | 42.277 us                 | 270.935 us                |
| OneStep                   | 26.234 ms                 | 2.391 s                   |
+---------------------------+---------------------------+---------------------------+
E20240201 00:13:51.439198 3283886 parallel_pq_v2.h:79] insert failed, size(hashtable)=1
W20240201 00:13:51.538733 3283886 grad_async_v2.h:137] Detect new sample comes, old_end6, new_end5
W20240201 00:13:51.796130 3283503 grad_async_v2.h:270] Sleep in <BlockToStepN>, step_no=40, pq.top=40
+---------------------------+---------------------------+---------------------------+
| Name                      | P50                       | P99                       |
+---------------------------+---------------------------+---------------------------+
| clean                     | 221.139 us                | 3.906 ms                  |
| ProcessBack:Shuffle       | 1.871 ms                  | 160.574 ms                |
| ProcessBack:UpdateCache   | 1.458 ms                  | 263.962 ms                |
| ProcessBack:UpsertPq      | 8.428 ms                  | 16.172 ms                 |
| ProcessOneStep            | 12.912 ms                 | 106.915 ms                |
| BlockToStepN              | 209.200 us                | 1.913 ms                  |
+---------------------------+---------------------------+---------------------------+
E20240201 00:13:52.439044 3283886 parallel_pq_v2.h:79] insert failed, size(hashtable)=1
W20240201 00:13:52.545670 3283886 grad_async_v2.h:137] Detect new sample comes, old_end9, new_end5
W20240201 00:13:52.875470 3283503 grad_async_v2.h:270] Sleep in <BlockToStepN>, step_no=70, pq.top=70
E20240201 00:13:53.439031 3283916 parallel_pq_v2.h:79] insert failed, size(hashtable)=13445
W20240201 00:13:53.580787 3283886 grad_async_v2.h:137] Detect new sample comes, old_end0, new_end1
train_sampler.Prefill()
before start barrier
start train
[proc 2] 100 steps, total: 5.789, sample: 0.234, forward: 1.229, backward: 0.552, update: 0.143
train_sampler.Prefill()
before start barrier
start train
[proc 1] 100 steps, total: 5.808, sample: 0.278, forward: 1.290, backward: 0.596, update: 0.142
train_sampler.Prefill()
before start barrier
start train
[proc 3] 100 steps, total: 5.786, sample: 0.263, forward: 1.330, backward: 0.553, update: 0.145
train_sampler.Prefill()
-------Step 0-------
tensor([ 9253,  4206,  7336,  6807,  7927,  4717,   632,  4445, 12785, 10156]) tensor([ 1217,  8281,  7389,   704,  7205,  8762, 14711,  9143,  7694,  7724])
-------Step 1-------
tensor([ 9253,  4206,  7336,  6807,  7927,  4717,   632,  4445, 12785, 10156]) tensor([ 9968, 10294,   933,  3281,  1679, 12345,  6306,  2600,  1865, 14024])
-------Step 2-------
tensor([10033,  8717,  5685,  8105,  1358,  6148,  8838,  2414, 14745,   144]) tensor([ 7237,  5397,  2907,  9602,  8562,   661,  4369, 11571, 13439,  3501])
-------Step 3-------
tensor([10033,  8717,  5685,  8105,  1358,  6148,  8838,  2414, 14745,   144]) tensor([ 8100,   261,  4062,    30, 11440, 10127, 14140,  9041, 14721,  6602])
-------Step 4-------
tensor([10856,  4544,   548,    68, 11306, 13868, 13316,  9469, 10221,  6108]) tensor([ 2700,  8661,  6737, 12142,  9195, 10917,  1277,  2238, 14315, 14023])
-------Step 5-------
tensor([10856,  4544,   548,    68, 11306, 13868, 13316,  9469, 10221,  6108]) tensor([11835,  9565, 10861,   572,  1431,  8588,  7593, 11783, 11072, 14825])
-------Step 6-------
tensor([   27,    59,  2763, 12029, 11744,    95,  8039,    83,  3023,   148]) tensor([ 6062, 12050,  7603, 11242,  7916,  1515,  9447, 11352, 11009, 14340])
-------Step 7-------
tensor([   27,    59,  2763, 12029, 11744,    95,  8039,    83,  3023,   148]) tensor([13158, 13334,  8743, 12492,  7440, 11458, 10350, 13527, 11480,  9472])
-------Step 8-------
tensor([ 5783,  8925, 14017, 12794,  3725, 11552,  9459,  9136,  5175,  8717]) tensor([12224, 13660, 12658,   460, 11895,  9149,  6759,  1819,  6868,  9335])
-------Step 9-------
tensor([ 5783,  8925, 14017, 12794,  3725, 11552,  9459,  9136,  5175,  8717]) tensor([ 8637, 12592,  6593,  7190,  3818,  6278, 12730,  6919,  5919, 14635])
before start barrier
start train
[proc 0] 100 steps, total: 5.822, sample: 0.294, forward: 1.176, backward: 0.500, update: 0.167
W20240201 00:13:54.063020 3283503 grad_async_v2.h:270] Sleep in <BlockToStepN>, step_no=103, pq.top=103
E20240201 00:13:54.439016 3283690 parallel_pq_v2.h:79] insert failed, size(hashtable)=88
W20240201 00:13:54.608000 3283886 grad_async_v2.h:137] Detect new sample comes, old_end6, new_end9
W20240201 00:13:55.079388 3283503 grad_async_v2.h:270] Sleep in <BlockToStepN>, step_no=131, pq.top=131
E20240201 00:13:55.439038 3283886 parallel_pq_v2.h:79] insert failed, size(hashtable)=137
W20240201 00:13:55.615054 3283886 grad_async_v2.h:137] Detect new sample comes, old_end5, new_end6
+---------------------------+---------------------------+---------------------------+
| Name                      | P50                       | P99                       |
+---------------------------+---------------------------+---------------------------+
| GenInput                  | 1.134 ms                  | 21.352 ms                 |
| Forward                   | 4.075 ms                  | 6.174 ms                  |
| Backward                  | 3.004 ms                  | 7.543 ms                  |
| Optimize                  | 1.621 ms                  | 3.197 ms                  |
| BarrierTimeBeforeRank0    | 34.558 us                 | 10.872 ms                 |
| AfterBackward             | 16.934 ms                 | 134.115 ms                |
| BlockToStepN              | 331.319 us                | 1.971 ms                  |
| OneStep                   | 29.369 ms                 | 144.483 ms                |
+---------------------------+---------------------------+---------------------------+
W20240201 00:13:56.103129 3283503 grad_async_v2.h:270] Sleep in <BlockToStepN>, step_no=158, pq.top=158
E20240201 00:13:56.439142 3283888 parallel_pq_v2.h:79] insert failed, size(hashtable)=2231
W20240201 00:13:56.625011 3283886 grad_async_v2.h:137] Detect new sample comes, old_end2, new_end3
W20240201 00:13:57.141566 3283503 grad_async_v2.h:270] Sleep in <BlockToStepN>, step_no=184, pq.top=184
+---------------------------+---------------------------+---------------------------+
| Name                      | P50                       | P99                       |
+---------------------------+---------------------------+---------------------------+
| clean                     | 222.580 us                | 2.827 ms                  |
| ProcessBack:Shuffle       | 2.294 ms                  | 3.983 ms                  |
| ProcessBack:UpdateCache   | 1.834 ms                  | 2.570 ms                  |
| ProcessBack:UpsertPq      | 12.521 ms                 | 24.371 ms                 |
| ProcessOneStep            | 18.273 ms                 | 134.071 ms                |
| BlockToStepN              | 329.831 us                | 1.913 ms                  |
+---------------------------+---------------------------+---------------------------+
E20240201 00:13:57.439030 3283913 parallel_pq_v2.h:79] insert failed, size(hashtable)=9973
W20240201 00:13:57.637326 3283886 grad_async_v2.h:137] Detect new sample comes, old_end4, new_end5
[proc 2] 200 steps, total: 4.079, sample: 0.285, forward: 0.325, backward: 0.327, update: 0.139
[proc 1] 200 steps, total: 4.079, sample: 0.322, forward: 0.388, backward: 0.291, update: 0.150
[proc 3] 200 steps, total: 4.079, sample: 0.302, forward: 0.363, backward: 0.308, update: 0.176
[proc 0] 200 steps, total: 4.080, sample: 0.394, forward: 0.397, backward: 0.313, update: 0.177
W20240201 00:13:58.167193 3283503 grad_async_v2.h:270] Sleep in <BlockToStepN>, step_no=205, pq.top=205
E20240201 00:13:58.439009 3283503 parallel_pq_v2.h:79] insert failed, size(hashtable)=537
W20240201 00:13:58.652947 3283886 grad_async_v2.h:137] Detect new sample comes, old_end5, new_end6
W20240201 00:13:59.226492 3283503 grad_async_v2.h:270] Sleep in <BlockToStepN>, step_no=227, pq.top=227
E20240201 00:13:59.439013 3283907 parallel_pq_v2.h:79] insert failed, size(hashtable)=6845
W20240201 00:13:59.653879 3283886 grad_async_v2.h:137] Detect new sample comes, old_end5, new_end6
W20240201 00:14:00.258121 3283503 grad_async_v2.h:270] Sleep in <BlockToStepN>, step_no=248, pq.top=248
E20240201 00:14:00.439007 3283690 parallel_pq_v2.h:79] insert failed, size(hashtable)=1164
W20240201 00:14:00.662566 3283886 grad_async_v2.h:137] Detect new sample comes, old_end7, new_end8
+---------------------------+---------------------------+---------------------------+
| Name                      | P50                       | P99                       |
+---------------------------+---------------------------+---------------------------+
| GenInput                  | 1.242 ms                  | 22.618 ms                 |
| Forward                   | 4.014 ms                  | 5.631 ms                  |
| Backward                  | 2.954 ms                  | 6.582 ms                  |
| Optimize                  | 1.686 ms                  | 3.618 ms                  |
| BarrierTimeBeforeRank0    | 27.042 us                 | 16.772 ms                 |
| AfterBackward             | 22.303 ms                 | 113.987 ms                |
| BlockToStepN              | 493.518 us                | 1.971 ms                  |
| OneStep                   | 35.641 ms                 | 143.567 ms                |
+---------------------------+---------------------------+---------------------------+
W20240201 00:14:01.265998 3283503 grad_async_v2.h:270] Sleep in <BlockToStepN>, step_no=271, pq.top=271
E20240201 00:14:01.439005 3283690 parallel_pq_v2.h:79] insert failed, size(hashtable)=194
W20240201 00:14:01.675432 3283886 grad_async_v2.h:137] Detect new sample comes, old_end0, new_end1
+---------------------------+---------------------------+---------------------------+
| Name                      | P50                       | P99                       |
+---------------------------+---------------------------+---------------------------+
| clean                     | 272.552 us                | 3.390 ms                  |
| ProcessBack:Shuffle       | 2.377 ms                  | 3.936 ms                  |
| ProcessBack:UpdateCache   | 1.881 ms                  | 2.771 ms                  |
| ProcessBack:UpsertPq      | 16.088 ms                 | 26.847 ms                 |
| ProcessOneStep            | 22.886 ms                 | 113.954 ms                |
| BlockToStepN              | 500.798 us                | 2.075 ms                  |
+---------------------------+---------------------------+---------------------------+
W20240201 00:14:02.295369 3283503 grad_async_v2.h:270] Sleep in <BlockToStepN>, step_no=294, pq.top=294
E20240201 00:14:02.439015 3283895 parallel_pq_v2.h:79] insert failed, size(hashtable)=11334
[proc 1] 300 steps, total: 4.625, sample: 0.297, forward: 0.372, backward: 0.290, update: 0.150
[proc 0] 300 steps, total: 4.625, sample: 0.384, forward: 0.386, backward: 0.289, update: 0.177
[proc 2] 300 steps, total: 4.625, sample: 0.276, forward: 0.332, backward: 0.264, update: 0.140
[proc 3] 300 steps, total: 4.625, sample: 0.329, forward: 0.345, backward: 0.263, update: 0.170
W20240201 00:14:02.679447 3283886 grad_async_v2.h:137] Detect new sample comes, old_end3, new_end4
W20240201 00:14:03.314874 3283503 grad_async_v2.h:270] Sleep in <BlockToStepN>, step_no=317, pq.top=317
E20240201 00:14:03.439041 3283885 parallel_pq_v2.h:79] insert failed, size(hashtable)=8525
W20240201 00:14:03.682359 3283886 grad_async_v2.h:137] Detect new sample comes, old_end5, new_end6
W20240201 00:14:04.340790 3283503 grad_async_v2.h:270] Sleep in <BlockToStepN>, step_no=340, pq.top=340
E20240201 00:14:04.439009 3283503 parallel_pq_v2.h:79] insert failed, size(hashtable)=1293
W20240201 00:14:04.686836 3283886 grad_async_v2.h:137] Detect new sample comes, old_end7, new_end8
W20240201 00:14:05.343653 3283503 grad_async_v2.h:270] Sleep in <BlockToStepN>, step_no=362, pq.top=362
E20240201 00:14:05.439007 3283690 parallel_pq_v2.h:79] insert failed, size(hashtable)=171
W20240201 00:14:05.688160 3283886 grad_async_v2.h:137] Detect new sample comes, old_end0, new_end1
+---------------------------+---------------------------+---------------------------+
| Name                      | P50                       | P99                       |
+---------------------------+---------------------------+---------------------------+
| GenInput                  | 1.349 ms                  | 22.529 ms                 |
| Forward                   | 3.921 ms                  | 5.415 ms                  |
| Backward                  | 2.937 ms                  | 5.895 ms                  |
| Optimize                  | 1.686 ms                  | 3.618 ms                  |
| BarrierTimeBeforeRank0    | 28.773 us                 | 16.160 ms                 |
| AfterBackward             | 24.984 ms                 | 106.954 ms                |
| BlockToStepN              | 678.874 us                | 2.250 ms                  |
| OneStep                   | 39.342 ms                 | 116.157 ms                |
+---------------------------+---------------------------+---------------------------+
W20240201 00:14:06.409168 3283503 grad_async_v2.h:270] Sleep in <BlockToStepN>, step_no=386, pq.top=386
E20240201 00:14:06.439009 3283503 parallel_pq_v2.h:79] insert failed, size(hashtable)=158
W20240201 00:14:06.690294 3283886 grad_async_v2.h:137] Detect new sample comes, old_end2, new_end3
[proc 1] 400 steps, total: 4.476, sample: 0.284, forward: 0.364, backward: 0.279, update: 0.143
[proc 0] 400 steps, total: 4.476, sample: 0.420, forward: 0.367, backward: 0.281, update: 0.158
[proc 2] 400 steps, total: 4.476, sample: 0.189, forward: 0.286, backward: 0.256, update: 0.131
[proc 3] 400 steps, total: 4.476, sample: 0.299, forward: 0.333, backward: 0.251, update: 0.146
+---------------------------+---------------------------+---------------------------+
| Name                      | P50                       | P99                       |
+---------------------------+---------------------------+---------------------------+
| clean                     | 302.669 us                | 3.751 ms                  |
| ProcessBack:Shuffle       | 2.383 ms                  | 2.945 ms                  |
| ProcessBack:UpdateCache   | 1.857 ms                  | 2.685 ms                  |
| ProcessBack:UpsertPq      | 18.812 ms                 | 26.661 ms                 |
| ProcessOneStep            | 25.631 ms                 | 106.915 ms                |
| BlockToStepN              | 666.921 us                | 2.298 ms                  |
+---------------------------+---------------------------+---------------------------+
E20240201 00:14:07.439010 3283503 parallel_pq_v2.h:79] insert failed, size(hashtable)=1042
W20240201 00:14:07.447609 3283503 grad_async_v2.h:270] Sleep in <BlockToStepN>, step_no=409, pq.top=409
W20240201 00:14:07.691368 3283886 grad_async_v2.h:137] Detect new sample comes, old_end4, new_end5
E20240201 00:14:08.439050 3283690 parallel_pq_v2.h:79] insert failed, size(hashtable)=1096
W20240201 00:14:08.449369 3283503 grad_async_v2.h:270] Sleep in <BlockToStepN>, step_no=430, pq.top=430
W20240201 00:14:08.695668 3283886 grad_async_v2.h:137] Detect new sample comes, old_end5, new_end6
E20240201 00:14:09.439051 3283886 parallel_pq_v2.h:79] insert failed, size(hashtable)=14
W20240201 00:14:09.591037 3283503 grad_async_v2.h:270] Sleep in <BlockToStepN>, step_no=454, pq.top=454
W20240201 00:14:09.698995 3283886 grad_async_v2.h:137] Detect new sample comes, old_end6, new_end7
E20240201 00:14:10.439014 3283897 parallel_pq_v2.h:79] insert failed, size(hashtable)=7961
W20240201 00:14:10.621564 3283503 grad_async_v2.h:270] Sleep in <BlockToStepN>, step_no=476, pq.top=476
W20240201 00:14:10.699962 3283886 grad_async_v2.h:137] Detect new sample comes, old_end8, new_end9
+---------------------------+---------------------------+---------------------------+
| Name                      | P50                       | P99                       |
+---------------------------+---------------------------+---------------------------+
| GenInput                  | 1.434 ms                  | 22.817 ms                 |
| Forward                   | 3.860 ms                  | 5.308 ms                  |
| Backward                  | 2.916 ms                  | 5.895 ms                  |
| Optimize                  | 1.697 ms                  | 3.625 ms                  |
| BarrierTimeBeforeRank0    | 26.031 us                 | 16.638 ms                 |
| AfterBackward             | 26.853 ms                 | 103.361 ms                |
| BlockToStepN              | 802.386 us                | 2.362 ms                  |
| OneStep                   | 40.704 ms                 | 114.233 ms                |
+---------------------------+---------------------------+---------------------------+
E20240201 00:14:11.439005 3283690 parallel_pq_v2.h:79] insert failed, size(hashtable)=165
W20240201 00:14:11.650849 3283503 grad_async_v2.h:270] Sleep in <BlockToStepN>, step_no=499, pq.top=499
[proc 0] 500 steps, total: 4.661, sample: 0.407, forward: 0.371, backward: 0.303, update: 0.186
[proc 1] 500 steps, total: 4.661, sample: 0.281, forward: 0.365, backward: 0.286, update: 0.141
[proc 2] 500 steps, total: 4.661, sample: 0.301, forward: 0.324, backward: 0.263, update: 0.149
[proc 3] 500 steps, total: 4.661, sample: 0.288, forward: 0.331, backward: 0.261, update: 0.164
Successfully xmh. training takes 23.664202213287354 seconds
before call kg_cache_controller.StopThreads()
W20240201 00:14:11.692727 3283503 grad_async_v2.h:84] call StopThreads. PID = 3283163
W20240201 00:14:11.692759 3283503 grad_base.h:212] before processOneStepNegThread_.join();
W20240201 00:14:11.693127 3283503 grad_base.h:214] after processOneStepNegThread_.join();
W20240201 00:14:11.693141 3283503 grad_async_v2.h:86] call GradProcessingBase::StopThreads.
W20240201 00:14:11.696175 3283503 grad_async_v2.h:105] StopThreads done.
[W tensorpipe_agent.cpp:725] RPC agent for worker0 encountered error when reading incoming request from worker2: eof (this error originated at tensorpipe/transport/shm/connection_impl.cc:259)
[W tensorpipe_agent.cpp:725] RPC agent for worker0 encountered error when reading incoming request from worker3: eof (this error originated at tensorpipe/transport/shm/connection_impl.cc:259)
[W tensorpipe_agent.cpp:725] RPC agent for worker0 encountered error when reading incoming request from worker1: eof (this error originated at tensorpipe/transport/shm/connection_impl.cc:259)
+---------------------------+---------------------------+---------------------------+
| Name                      | P50                       | P99                       |
+---------------------------+---------------------------+---------------------------+
| clean                     | 322.560 us                | 4.048 ms                  |
| ProcessBack:Shuffle       | 2.389 ms                  | 3.070 ms                  |
| ProcessBack:UpdateCache   | 1.843 ms                  | 2.633 ms                  |
| ProcessBack:UpsertPq      | 19.493 ms                 | 26.847 ms                 |
| ProcessOneStep            | 26.887 ms                 | 103.259 ms                |
| BlockToStepN              | 763.682 us                | 2.538 ms                  |
+---------------------------+---------------------------+---------------------------+
On rank0, prepare to call self.controller.StopThreads(), self=<python.controller_process.KGCacheControllerWrapper object at 0x7f95ebc04410>
