WARNING: Logging before InitGoogleLogging() is written to STDERR
I20240220 15:05:20.231999 40749 IPC_barrier.h:128] MultiProcessBarrierFactory->ClearIPCMemory()
W20240220 15:05:20.239284 40749 IPCTensor.h:369] NewIPCTensor: full_emb [9449206, 32]0x100000002000 1.126 GB
/data/home/xieminhui/RecStore/src/framework_adapters/torch/python/perf_rec_model.py:152: DeprecationWarning: The 'warn' function is deprecated, use 'warning' instead
  XLOG.warn("After init DistEmbedding")
WARNING [40749 perf_rec_model.py:152] After init DistEmbedding
========== Running Perf with routine <function routine_local_cache_helper at 0x7fe781b6db20>==========
Worker 1 pid=42523
Worker 2 pid=42526
Worker 3 pid=42528
Worker 4 pid=42531
Worker 5 pid=42534
Worker 6 pid=42536
INFO [40749 distributed_c10d.py:442] Added key: store_based_barrier_key:1 to store for rank: 0
INFO [42523 distributed_c10d.py:442] Added key: store_based_barrier_key:1 to store for rank: 1
INFO [42526 distributed_c10d.py:442] Added key: store_based_barrier_key:1 to store for rank: 2
INFO [42528 distributed_c10d.py:442] Added key: store_based_barrier_key:1 to store for rank: 3
INFO [42536 distributed_c10d.py:442] Added key: store_based_barrier_key:1 to store for rank: 6
INFO [42531 distributed_c10d.py:442] Added key: store_based_barrier_key:1 to store for rank: 4
INFO [42534 distributed_c10d.py:442] Added key: store_based_barrier_key:1 to store for rank: 5
INFO [42539 distributed_c10d.py:442] Added key: store_based_barrier_key:1 to store for rank: 7
INFO [42536 distributed_c10d.py:476] Rank 6: Completed store-based barrier for key:store_based_barrier_key:1 with 8 nodes.
INFO [42526 distributed_c10d.py:476] Rank 2: Completed store-based barrier for key:store_based_barrier_key:1 with 8 nodes.
INFO [42531 distributed_c10d.py:476] Rank 4: Completed store-based barrier for key:store_based_barrier_key:1 with 8 nodes.
INFO [42534 distributed_c10d.py:476] Rank 5: Completed store-based barrier for key:store_based_barrier_key:1 with 8 nodes.
INFO [42539 distributed_c10d.py:476] Rank 7: Completed store-based barrier for key:store_based_barrier_key:1 with 8 nodes.
E20240220 15:05:27.109210 42536 IPCTensor.h:348] IPCTensor full_emb already exists
E20240220 15:05:27.109361 42534 IPCTensor.h:348] IPCTensor full_emb already exists
E20240220 15:05:27.109383 42531 IPCTensor.h:348] IPCTensor full_emb already exists
E20240220 15:05:27.109560 42539 IPCTensor.h:348] IPCTensor full_emb already exists
E20240220 15:05:27.109558 42526 IPCTensor.h:348] IPCTensor full_emb already exists
INFO [42523 distributed_c10d.py:476] Rank 1: Completed store-based barrier for key:store_based_barrier_key:1 with 8 nodes.
INFO [40749 distributed_c10d.py:476] Rank 0: Completed store-based barrier for key:store_based_barrier_key:1 with 8 nodes.
E20240220 15:05:27.112951 42523 IPCTensor.h:348] IPCTensor full_emb already exists
E20240220 15:05:27.113788 40749 IPCTensor.h:348] IPCTensor full_emb already exists
INFO [42528 distributed_c10d.py:476] Rank 3: Completed store-based barrier for key:store_based_barrier_key:1 with 8 nodes.
E20240220 15:05:27.117477 42528 IPCTensor.h:348] IPCTensor full_emb already exists
W20240220 15:05:32.935602 42539 IPCTensor.h:409] NewIPCGPUTensor: embedding_cache_7 [94492, 32]; dev=7; size=11.53 MB
W20240220 15:05:32.937583 42523 IPCTensor.h:409] NewIPCGPUTensor: embedding_cache_1 [94492, 32]; dev=1; size=11.53 MB
W20240220 15:05:32.938246 40749 IPCTensor.h:409] NewIPCGPUTensor: embedding_cache_0 [94492, 32]; dev=0; size=11.53 MB
W20240220 15:05:32.938390 42528 IPCTensor.h:409] NewIPCGPUTensor: embedding_cache_3 [94492, 32]; dev=3; size=11.53 MB
W20240220 15:05:32.938829 42534 IPCTensor.h:409] NewIPCGPUTensor: embedding_cache_5 [94492, 32]; dev=5; size=11.53 MB
W20240220 15:05:32.939069 42536 IPCTensor.h:409] NewIPCGPUTensor: embedding_cache_6 [94492, 32]; dev=6; size=11.53 MB
W20240220 15:05:32.939591 42531 IPCTensor.h:409] NewIPCGPUTensor: embedding_cache_4 [94492, 32]; dev=4; size=11.53 MB
W20240220 15:05:32.939669 42526 IPCTensor.h:409] NewIPCGPUTensor: embedding_cache_2 [94492, 32]; dev=2; size=11.53 MB
W20240220 15:05:33.629105 42528 IPCTensor.h:369] NewIPCTensor: input_keys_3 [1000000]0x10004817d000 7.629 MB
W20240220 15:05:33.629336 42528 IPCTensor.h:369] NewIPCTensor: input_keys_neg_3 [1000000]0x100048920000 7.629 MB
W20240220 15:05:33.629412 42528 IPCTensor.h:369] NewIPCTensor: backward_grads_3 [1000000, 32]0x1000490c3000 122.1 MB
W20240220 15:05:33.629465 42528 IPCTensor.h:369] NewIPCTensor: backward_grads_neg_3 [1000000, 32]0x100050ad7000 122.1 MB
W20240220 15:05:33.629532 42528 IPCTensor.h:409] NewIPCGPUTensor: backward_grads_3_gpu [1000000, 32]; dev=3; size=122.1 MB
W20240220 15:05:33.630491 42528 IPCTensor.h:409] NewIPCGPUTensor: backward_grads_neg_3_gpu [1000000, 32]; dev=3; size=122.1 MB
W20240220 15:05:33.653247 42531 IPCTensor.h:369] NewIPCTensor: input_keys_4 [1000000]0x1000584f1000 7.629 MB
W20240220 15:05:33.653501 42531 IPCTensor.h:369] NewIPCTensor: input_keys_neg_4 [1000000]0x100058c94000 7.629 MB
W20240220 15:05:33.653592 42531 IPCTensor.h:369] NewIPCTensor: backward_grads_4 [1000000, 32]0x100059437000 122.1 MB
W20240220 15:05:33.653661 42531 IPCTensor.h:369] NewIPCTensor: backward_grads_neg_4 [1000000, 32]0x100060e4b000 122.1 MB
W20240220 15:05:33.653724 42531 IPCTensor.h:409] NewIPCGPUTensor: backward_grads_4_gpu [1000000, 32]; dev=4; size=122.1 MB
W20240220 15:05:33.663743 42531 IPCTensor.h:409] NewIPCGPUTensor: backward_grads_neg_4_gpu [1000000, 32]; dev=4; size=122.1 MB
W20240220 15:05:33.663987 42534 IPCTensor.h:369] NewIPCTensor: input_keys_5 [1000000]0x100068863000 7.629 MB
W20240220 15:05:33.664196 42534 IPCTensor.h:369] NewIPCTensor: input_keys_neg_5 [1000000]0x100069006000 7.629 MB
W20240220 15:05:33.664278 42534 IPCTensor.h:369] NewIPCTensor: backward_grads_5 [1000000, 32]0x1000697a9000 122.1 MB
W20240220 15:05:33.664350 42534 IPCTensor.h:369] NewIPCTensor: backward_grads_neg_5 [1000000, 32]0x1000711bd000 122.1 MB
W20240220 15:05:33.664423 42534 IPCTensor.h:409] NewIPCGPUTensor: backward_grads_5_gpu [1000000, 32]; dev=5; size=122.1 MB
W20240220 15:05:33.665544 42534 IPCTensor.h:409] NewIPCGPUTensor: backward_grads_neg_5_gpu [1000000, 32]; dev=5; size=122.1 MB
W20240220 15:05:33.678702 42526 IPCTensor.h:369] NewIPCTensor: input_keys_2 [1000000]0x100078bdb000 7.629 MB
W20240220 15:05:33.678881 42526 IPCTensor.h:369] NewIPCTensor: input_keys_neg_2 [1000000]0x10007937e000 7.629 MB
W20240220 15:05:33.678949 42526 IPCTensor.h:369] NewIPCTensor: backward_grads_2 [1000000, 32]0x100079b21000 122.1 MB
W20240220 15:05:33.678995 42526 IPCTensor.h:369] NewIPCTensor: backward_grads_neg_2 [1000000, 32]0x100081535000 122.1 MB
W20240220 15:05:33.679045 42526 IPCTensor.h:409] NewIPCGPUTensor: backward_grads_2_gpu [1000000, 32]; dev=2; size=122.1 MB
W20240220 15:05:33.679057 40749 IPCTensor.h:369] NewIPCTensor: input_keys_0 [1000000]0x100088f49000 7.629 MB
W20240220 15:05:33.679358 40749 IPCTensor.h:369] NewIPCTensor: input_keys_neg_0 [1000000]0x1000896ec000 7.629 MB
W20240220 15:05:33.679430 40749 IPCTensor.h:369] NewIPCTensor: backward_grads_0 [1000000, 32]0x100089e91000 122.1 MB
W20240220 15:05:33.679440 42526 IPCTensor.h:409] NewIPCGPUTensor: backward_grads_neg_2_gpu [1000000, 32]; dev=2; size=122.1 MB
W20240220 15:05:33.679476 40749 IPCTensor.h:369] NewIPCTensor: backward_grads_neg_0 [1000000, 32]0x1000918a5000 122.1 MB
W20240220 15:05:33.679538 40749 IPCTensor.h:409] NewIPCGPUTensor: backward_grads_0_gpu [1000000, 32]; dev=0; size=122.1 MB
W20240220 15:05:33.680194 40749 IPCTensor.h:409] NewIPCGPUTensor: backward_grads_neg_0_gpu [1000000, 32]; dev=0; size=122.1 MB
W20240220 15:05:33.680474 42523 IPCTensor.h:369] NewIPCTensor: input_keys_1 [1000000]0x1000992bf000 7.629 MB
W20240220 15:05:33.680675 42523 IPCTensor.h:369] NewIPCTensor: input_keys_neg_1 [1000000]0x100099a64000 7.629 MB
W20240220 15:05:33.680758 42523 IPCTensor.h:369] NewIPCTensor: backward_grads_1 [1000000, 32]0x10009a207000 122.1 MB
W20240220 15:05:33.680817 42523 IPCTensor.h:369] NewIPCTensor: backward_grads_neg_1 [1000000, 32]0x1000a1c1b000 122.1 MB
W20240220 15:05:33.680878 42523 IPCTensor.h:409] NewIPCGPUTensor: backward_grads_1_gpu [1000000, 32]; dev=1; size=122.1 MB
W20240220 15:05:33.686017 42523 IPCTensor.h:409] NewIPCGPUTensor: backward_grads_neg_1_gpu [1000000, 32]; dev=1; size=122.1 MB
W20240220 15:05:33.693022 42536 IPCTensor.h:369] NewIPCTensor: input_keys_6 [1000000]0x1000a9635000 7.629 MB
W20240220 15:05:33.693249 42536 IPCTensor.h:369] NewIPCTensor: input_keys_neg_6 [1000000]0x1000a9dd8000 7.629 MB
W20240220 15:05:33.693333 42536 IPCTensor.h:369] NewIPCTensor: backward_grads_6 [1000000, 32]0x1000aa57b000 122.1 MB
W20240220 15:05:33.693382 42536 IPCTensor.h:369] NewIPCTensor: backward_grads_neg_6 [1000000, 32]0x1000b1f8f000 122.1 MB
W20240220 15:05:33.693426 42536 IPCTensor.h:409] NewIPCGPUTensor: backward_grads_6_gpu [1000000, 32]; dev=6; size=122.1 MB
W20240220 15:05:33.694087 42536 IPCTensor.h:409] NewIPCGPUTensor: backward_grads_neg_6_gpu [1000000, 32]; dev=6; size=122.1 MB
W20240220 15:05:33.702698 42539 IPCTensor.h:369] NewIPCTensor: input_keys_7 [1000000]0x1000b99a9000 7.629 MB
W20240220 15:05:33.702857 42539 IPCTensor.h:369] NewIPCTensor: input_keys_neg_7 [1000000]0x1000ba14c000 7.629 MB
W20240220 15:05:33.702916 42539 IPCTensor.h:369] NewIPCTensor: backward_grads_7 [1000000, 32]0x1000ba8ef000 122.1 MB
W20240220 15:05:33.702970 42539 IPCTensor.h:369] NewIPCTensor: backward_grads_neg_7 [1000000, 32]0x1000c2303000 122.1 MB
W20240220 15:05:33.703023 42539 IPCTensor.h:409] NewIPCGPUTensor: backward_grads_7_gpu [1000000, 32]; dev=7; size=122.1 MB
W20240220 15:05:33.703413 42539 IPCTensor.h:409] NewIPCGPUTensor: backward_grads_neg_7_gpu [1000000, 32]; dev=7; size=122.1 MB
cudaHostRegister 0x100000002000
6: KnownLocalCachedEmbedding init done
cudaHostRegister 0x100000002000
4: KnownLocalCachedEmbedding init done
cudaHostRegister 0x100000002000
7: KnownLocalCachedEmbedding init done
cudaHostRegister 0x100000002000
2: KnownLocalCachedEmbedding init done
cudaHostRegister 0x100000002000
5: KnownLocalCachedEmbedding init done
Worker 7 pid=42539
New CachedEmbedding, name=full_emb, shape=(9449206, 32), cache_type=KnownLocalCachedEmbedding
fixed cache_range is [(0, 94492), (94492, 188984), (188984, 283476), (283476, 377968), (377968, 472460), (472460, 566952), (566952, 661444), (661444, 755936)]
cudaHostRegister 0x100000002000
0: KnownLocalCachedEmbedding init done
cudaHostRegister 0x100000002000
1: KnownLocalCachedEmbedding init done
cudaHostRegister 0x100000002000
3: KnownLocalCachedEmbedding init done
W20240220 15:05:38.808343 42526 IPCTensor.h:369] NewIPCTensor: cached_sampler_r2_0 [1000000]0x1000c9d1b000 7.629 MB
W20240220 15:05:38.808552 42526 IPCTensor.h:369] NewIPCTensor: cached_sampler_r2_1 [1000000]0x1000ca4be000 7.629 MB
W20240220 15:05:38.808660 42526 IPCTensor.h:369] NewIPCTensor: cached_sampler_r2_2 [1000000]0x1000cac61000 7.629 MB
W20240220 15:05:38.808764 42526 IPCTensor.h:369] NewIPCTensor: cached_sampler_r2_3 [1000000]0x1000cb404000 7.629 MB
W20240220 15:05:38.808838 42526 IPCTensor.h:369] NewIPCTensor: cached_sampler_r2_4 [1000000]0x1000cbba7000 7.629 MB
W20240220 15:05:38.808909 42526 IPCTensor.h:369] NewIPCTensor: cached_sampler_r2_5 [1000000]0x1000cc34a000 7.629 MB
W20240220 15:05:38.809020 42526 IPCTensor.h:369] NewIPCTensor: cached_sampler_r2_6 [1000000]0x1000ccaed000 7.629 MB
W20240220 15:05:38.809106 42526 IPCTensor.h:369] NewIPCTensor: cached_sampler_r2_7 [1000000]0x1000cd290000 7.629 MB
W20240220 15:05:38.809154 42526 IPCTensor.h:369] NewIPCTensor: cached_sampler_r2_8 [1000000]0x1000cda33000 7.629 MB
W20240220 15:05:38.809218 42526 IPCTensor.h:369] NewIPCTensor: cached_sampler_r2_9 [1000000]0x1000ce1d6000 7.629 MB
W20240220 15:05:38.809253 42526 IPCTensor.h:369] NewIPCTensor: step_r2 [10]0x1000ce979000 80 B 
W20240220 15:05:38.809288 42526 IPCTensor.h:369] NewIPCTensor: circle_buffer_end_r2 [1]0x1000ce97b000 8 B 
W20240220 15:05:38.809316 42526 IPCTensor.h:369] NewIPCTensor: circle_buffer_end_cppseen_r2 [1]0x1000ce97d000 8 B 
Dataset:  /home/xieminhui/RecStoreDataset/avazu_binary
Dataset loaded
np.max =  9449205
np.min=  1
Construct RecModelSampler done
I20240220 15:05:38.809895 42526 IPC_barrier.h:118] CreateBarrier: new barrier, name: kgcachecontroller, count: 8
W20240220 15:05:38.832485 42536 IPCTensor.h:369] NewIPCTensor: cached_sampler_r6_0 [1000000]0x1000ce97f000 7.629 MB
W20240220 15:05:38.832610 42536 IPCTensor.h:369] NewIPCTensor: cached_sampler_r6_1 [1000000]0x1000cf122000 7.629 MB
W20240220 15:05:38.832727 42536 IPCTensor.h:369] NewIPCTensor: cached_sampler_r6_2 [1000000]0x1000cf8c5000 7.629 MB
W20240220 15:05:38.832787 42536 IPCTensor.h:369] NewIPCTensor: cached_sampler_r6_3 [1000000]0x1000d0068000 7.629 MB
W20240220 15:05:38.832844 42536 IPCTensor.h:369] NewIPCTensor: cached_sampler_r6_4 [1000000]0x1000d080b000 7.629 MB
W20240220 15:05:38.832921 42536 IPCTensor.h:369] NewIPCTensor: cached_sampler_r6_5 [1000000]0x1000d0fae000 7.629 MB
W20240220 15:05:38.832998 42536 IPCTensor.h:369] NewIPCTensor: cached_sampler_r6_6 [1000000]0x1000d1751000 7.629 MB
W20240220 15:05:38.833106 42536 IPCTensor.h:369] NewIPCTensor: cached_sampler_r6_7 [1000000]0x1000d1ef4000 7.629 MB
W20240220 15:05:38.833159 42536 IPCTensor.h:369] NewIPCTensor: cached_sampler_r6_8 [1000000]0x1000d2697000 7.629 MB
W20240220 15:05:38.833223 42536 IPCTensor.h:369] NewIPCTensor: cached_sampler_r6_9 [1000000]0x1000d2e3a000 7.629 MB
W20240220 15:05:38.833266 42536 IPCTensor.h:369] NewIPCTensor: step_r6 [10]0x1000d35dd000 80 B 
W20240220 15:05:38.833308 42536 IPCTensor.h:369] NewIPCTensor: circle_buffer_end_r6 [1]0x1000d35df000 8 B 
W20240220 15:05:38.833349 42536 IPCTensor.h:369] NewIPCTensor: circle_buffer_end_cppseen_r6 [1]0x1000d35e1000 8 B 
Dataset:  /home/xieminhui/RecStoreDataset/avazu_binary
Dataset loaded
np.max =  9449205
np.min=  1
Construct RecModelSampler done
I20240220 15:05:38.833647 42536 IPC_barrier.h:112] CreateBarrier: find existing barrier, name: kgcachecontroller, count: 8
W20240220 15:05:39.551951 42539 IPCTensor.h:369] NewIPCTensor: cached_sampler_r7_0 [1000000]0x1000d35e3000 7.629 MB
W20240220 15:05:39.552165 42539 IPCTensor.h:369] NewIPCTensor: cached_sampler_r7_1 [1000000]0x1000d3d86000 7.629 MB
W20240220 15:05:39.552232 42539 IPCTensor.h:369] NewIPCTensor: cached_sampler_r7_2 [1000000]0x1000d4529000 7.629 MB
W20240220 15:05:39.552315 42539 IPCTensor.h:369] NewIPCTensor: cached_sampler_r7_3 [1000000]0x1000d4ccc000 7.629 MB
W20240220 15:05:39.552379 42539 IPCTensor.h:369] NewIPCTensor: cached_sampler_r7_4 [1000000]0x1000d546f000 7.629 MB
W20240220 15:05:39.552441 42539 IPCTensor.h:369] NewIPCTensor: cached_sampler_r7_5 [1000000]0x1000d5c12000 7.629 MB
W20240220 15:05:39.552503 42539 IPCTensor.h:369] NewIPCTensor: cached_sampler_r7_6 [1000000]0x1000d63b5000 7.629 MB
W20240220 15:05:39.552577 42539 IPCTensor.h:369] NewIPCTensor: cached_sampler_r7_7 [1000000]0x1000d6b58000 7.629 MB
W20240220 15:05:39.552624 42539 IPCTensor.h:369] NewIPCTensor: cached_sampler_r7_8 [1000000]0x1000d72fb000 7.629 MB
W20240220 15:05:39.552676 42539 IPCTensor.h:369] NewIPCTensor: cached_sampler_r7_9 [1000000]0x1000d7a9e000 7.629 MB
W20240220 15:05:39.552732 42539 IPCTensor.h:369] NewIPCTensor: step_r7 [10]0x1000d8241000 80 B 
W20240220 15:05:39.552783 42539 IPCTensor.h:369] NewIPCTensor: circle_buffer_end_r7 [1]0x1000d8243000 8 B 
W20240220 15:05:39.552824 42539 IPCTensor.h:369] NewIPCTensor: circle_buffer_end_cppseen_r7 [1]0x1000d8245000 8 B 
Dataset:  /home/xieminhui/RecStoreDataset/avazu_binary
Dataset loaded
np.max =  9449205
np.min=  1
Construct RecModelSampler done
I20240220 15:05:39.553275 42539 IPC_barrier.h:112] CreateBarrier: find existing barrier, name: kgcachecontroller, count: 8
W20240220 15:05:39.577198 40749 IPCTensor.h:369] NewIPCTensor: cached_sampler_r0_0 [1000000]0x1000d8247000 7.629 MB
W20240220 15:05:39.577404 40749 IPCTensor.h:369] NewIPCTensor: cached_sampler_r0_1 [1000000]0x1000d89ea000 7.629 MB
W20240220 15:05:39.577452 40749 IPCTensor.h:369] NewIPCTensor: cached_sampler_r0_2 [1000000]0x1000d918d000 7.629 MB
W20240220 15:05:39.577510 40749 IPCTensor.h:369] NewIPCTensor: cached_sampler_r0_3 [1000000]0x1000d9930000 7.629 MB
W20240220 15:05:39.577555 40749 IPCTensor.h:369] NewIPCTensor: cached_sampler_r0_4 [1000000]0x1000da0d3000 7.629 MB
W20240220 15:05:39.577615 40749 IPCTensor.h:369] NewIPCTensor: cached_sampler_r0_5 [1000000]0x1000da876000 7.629 MB
W20240220 15:05:39.577667 40749 IPCTensor.h:369] NewIPCTensor: cached_sampler_r0_6 [1000000]0x1000db019000 7.629 MB
W20240220 15:05:39.577746 40749 IPCTensor.h:369] NewIPCTensor: cached_sampler_r0_7 [1000000]0x1000db7bc000 7.629 MB
W20240220 15:05:39.577796 40749 IPCTensor.h:369] NewIPCTensor: cached_sampler_r0_8 [1000000]0x1000dbf5f000 7.629 MB
W20240220 15:05:39.577836 40749 IPCTensor.h:369] NewIPCTensor: cached_sampler_r0_9 [1000000]0x1000dc702000 7.629 MB
W20240220 15:05:39.577888 40749 IPCTensor.h:369] NewIPCTensor: step_r0 [10]0x1000dcea5000 80 B 
W20240220 15:05:39.577940 40749 IPCTensor.h:369] NewIPCTensor: circle_buffer_end_r0 [1]0x1000dcea7000 8 B 
W20240220 15:05:39.577991 40749 IPCTensor.h:369] NewIPCTensor: circle_buffer_end_cppseen_r0 [1]0x1000dcea9000 8 B 
Dataset:  /home/xieminhui/RecStoreDataset/avazu_binary
Dataset loaded
np.max =  9449205
np.min=  1
Construct RecModelSampler done
I20240220 15:05:39.578457 40749 IPC_barrier.h:112] CreateBarrier: find existing barrier, name: kgcachecontroller, count: 8
W20240220 15:05:39.596647 42534 IPCTensor.h:369] NewIPCTensor: cached_sampler_r5_0 [1000000]0x1000dceab000 7.629 MB
W20240220 15:05:39.596834 42534 IPCTensor.h:369] NewIPCTensor: cached_sampler_r5_1 [1000000]0x1000dd64e000 7.629 MB
W20240220 15:05:39.596913 42534 IPCTensor.h:369] NewIPCTensor: cached_sampler_r5_2 [1000000]0x1000dddf1000 7.629 MB
W20240220 15:05:39.596987 42534 IPCTensor.h:369] NewIPCTensor: cached_sampler_r5_3 [1000000]0x1000de594000 7.629 MB
W20240220 15:05:39.597070 42534 IPCTensor.h:369] NewIPCTensor: cached_sampler_r5_4 [1000000]0x1000ded37000 7.629 MB
W20240220 15:05:39.597136 42534 IPCTensor.h:369] NewIPCTensor: cached_sampler_r5_5 [1000000]0x1000df4da000 7.629 MB
W20240220 15:05:39.597220 42534 IPCTensor.h:369] NewIPCTensor: cached_sampler_r5_6 [1000000]0x1000dfc7d000 7.629 MB
W20240220 15:05:39.597291 42534 IPCTensor.h:369] NewIPCTensor: cached_sampler_r5_7 [1000000]0x1000e0420000 7.629 MB
W20240220 15:05:39.597344 42534 IPCTensor.h:369] NewIPCTensor: cached_sampler_r5_8 [1000000]0x1000e0bc3000 7.629 MB
W20240220 15:05:39.597396 42534 IPCTensor.h:369] NewIPCTensor: cached_sampler_r5_9 [1000000]0x1000e1366000 7.629 MB
W20240220 15:05:39.597441 42534 IPCTensor.h:369] NewIPCTensor: step_r5 [10]0x1000e1b09000 80 B 
W20240220 15:05:39.597494 42534 IPCTensor.h:369] NewIPCTensor: circle_buffer_end_r5 [1]0x1000e1b0b000 8 B 
W20240220 15:05:39.597537 42534 IPCTensor.h:369] NewIPCTensor: circle_buffer_end_cppseen_r5 [1]0x1000e1b0d000 8 B 
Dataset:  /home/xieminhui/RecStoreDataset/avazu_binary
Dataset loaded
np.max =  9449205
np.min=  1
Construct RecModelSampler done
I20240220 15:05:39.597935 42534 IPC_barrier.h:112] CreateBarrier: find existing barrier, name: kgcachecontroller, count: 8
W20240220 15:05:39.615090 42528 IPCTensor.h:369] NewIPCTensor: cached_sampler_r3_0 [1000000]0x1000e1b0f000 7.629 MB
W20240220 15:05:39.615264 42528 IPCTensor.h:369] NewIPCTensor: cached_sampler_r3_1 [1000000]0x1000e22b2000 7.629 MB
W20240220 15:05:39.615412 42528 IPCTensor.h:369] NewIPCTensor: cached_sampler_r3_2 [1000000]0x1000e2a55000 7.629 MB
W20240220 15:05:39.615525 42528 IPCTensor.h:369] NewIPCTensor: cached_sampler_r3_3 [1000000]0x1000e31f8000 7.629 MB
W20240220 15:05:39.615612 42528 IPCTensor.h:369] NewIPCTensor: cached_sampler_r3_4 [1000000]0x1000e399b000 7.629 MB
W20240220 15:05:39.615690 42528 IPCTensor.h:369] NewIPCTensor: cached_sampler_r3_5 [1000000]0x1000e413e000 7.629 MB
W20240220 15:05:39.615823 42528 IPCTensor.h:369] NewIPCTensor: cached_sampler_r3_6 [1000000]0x1000e48e1000 7.629 MB
W20240220 15:05:39.615932 42528 IPCTensor.h:369] NewIPCTensor: cached_sampler_r3_7 [1000000]0x1000e5084000 7.629 MB
W20240220 15:05:39.615978 42528 IPCTensor.h:369] NewIPCTensor: cached_sampler_r3_8 [1000000]0x1000e5827000 7.629 MB
W20240220 15:05:39.616025 42528 IPCTensor.h:369] NewIPCTensor: cached_sampler_r3_9 [1000000]0x1000e5fca000 7.629 MB
W20240220 15:05:39.616101 42528 IPCTensor.h:369] NewIPCTensor: step_r3 [10]0x1000e676d000 80 B 
W20240220 15:05:39.616158 42528 IPCTensor.h:369] NewIPCTensor: circle_buffer_end_r3 [1]0x1000e676f000 8 B 
W20240220 15:05:39.616200 42528 IPCTensor.h:369] NewIPCTensor: circle_buffer_end_cppseen_r3 [1]0x1000e6771000 8 B 
Dataset:  /home/xieminhui/RecStoreDataset/avazu_binary
Dataset loaded
np.max =  9449205
np.min=  1
Construct RecModelSampler done
I20240220 15:05:39.616719 42528 IPC_barrier.h:112] CreateBarrier: find existing barrier, name: kgcachecontroller, count: 8
W20240220 15:05:39.693658 42523 IPCTensor.h:369] NewIPCTensor: cached_sampler_r1_0 [1000000]0x1000e6773000 7.629 MB
W20240220 15:05:39.693806 42523 IPCTensor.h:369] NewIPCTensor: cached_sampler_r1_1 [1000000]0x1000e6f16000 7.629 MB
W20240220 15:05:39.693871 42523 IPCTensor.h:369] NewIPCTensor: cached_sampler_r1_2 [1000000]0x1000e76b9000 7.629 MB
W20240220 15:05:39.693917 42523 IPCTensor.h:369] NewIPCTensor: cached_sampler_r1_3 [1000000]0x1000e7e5c000 7.629 MB
W20240220 15:05:39.693960 42523 IPCTensor.h:369] NewIPCTensor: cached_sampler_r1_4 [1000000]0x1000e85ff000 7.629 MB
W20240220 15:05:39.694016 42523 IPCTensor.h:369] NewIPCTensor: cached_sampler_r1_5 [1000000]0x1000e8da2000 7.629 MB
W20240220 15:05:39.694070 42523 IPCTensor.h:369] NewIPCTensor: cached_sampler_r1_6 [1000000]0x1000e9545000 7.629 MB
W20240220 15:05:39.694123 42523 IPCTensor.h:369] NewIPCTensor: cached_sampler_r1_7 [1000000]0x1000e9ce8000 7.629 MB
W20240220 15:05:39.694164 42523 IPCTensor.h:369] NewIPCTensor: cached_sampler_r1_8 [1000000]0x1000ea48b000 7.629 MB
W20240220 15:05:39.694201 42523 IPCTensor.h:369] NewIPCTensor: cached_sampler_r1_9 [1000000]0x1000eac2e000 7.629 MB
W20240220 15:05:39.694242 42523 IPCTensor.h:369] NewIPCTensor: step_r1 [10]0x1000eb3d1000 80 B 
W20240220 15:05:39.694283 42523 IPCTensor.h:369] NewIPCTensor: circle_buffer_end_r1 [1]0x1000eb3d3000 8 B 
W20240220 15:05:39.694315 42523 IPCTensor.h:369] NewIPCTensor: circle_buffer_end_cppseen_r1 [1]0x1000eb3d5000 8 B 
Dataset:  /home/xieminhui/RecStoreDataset/avazu_binary
Dataset loaded
np.max =  9449205
np.min=  1
Construct RecModelSampler done
I20240220 15:05:39.694651 42523 IPC_barrier.h:112] CreateBarrier: find existing barrier, name: kgcachecontroller, count: 8
W20240220 15:05:39.743335 42531 IPCTensor.h:369] NewIPCTensor: cached_sampler_r4_0 [1000000]0x1000eb3d7000 7.629 MB
W20240220 15:05:39.743522 42531 IPCTensor.h:369] NewIPCTensor: cached_sampler_r4_1 [1000000]0x1000ebb7a000 7.629 MB
W20240220 15:05:39.743583 42531 IPCTensor.h:369] NewIPCTensor: cached_sampler_r4_2 [1000000]0x1000ec31d000 7.629 MB
W20240220 15:05:39.743640 42531 IPCTensor.h:369] NewIPCTensor: cached_sampler_r4_3 [1000000]0x1000ecac0000 7.629 MB
W20240220 15:05:39.743686 42531 IPCTensor.h:369] NewIPCTensor: cached_sampler_r4_4 [1000000]0x1000ed263000 7.629 MB
W20240220 15:05:39.743745 42531 IPCTensor.h:369] NewIPCTensor: cached_sampler_r4_5 [1000000]0x1000eda06000 7.629 MB
W20240220 15:05:39.743803 42531 IPCTensor.h:369] NewIPCTensor: cached_sampler_r4_6 [1000000]0x1000ee1a9000 7.629 MB
W20240220 15:05:39.743871 42531 IPCTensor.h:369] NewIPCTensor: cached_sampler_r4_7 [1000000]0x1000ee94c000 7.629 MB
W20240220 15:05:39.743921 42531 IPCTensor.h:369] NewIPCTensor: cached_sampler_r4_8 [1000000]0x1000ef0ef000 7.629 MB
W20240220 15:05:39.743965 42531 IPCTensor.h:369] NewIPCTensor: cached_sampler_r4_9 [1000000]0x1000ef892000 7.629 MB
W20240220 15:05:39.744005 42531 IPCTensor.h:369] NewIPCTensor: step_r4 [10]0x1000f0035000 80 B 
W20240220 15:05:39.744062 42531 IPCTensor.h:369] NewIPCTensor: circle_buffer_end_r4 [1]0x1000f0037000 8 B 
W20240220 15:05:39.744117 42531 IPCTensor.h:369] NewIPCTensor: circle_buffer_end_cppseen_r4 [1]0x1000f0039000 8 B 
Dataset:  /home/xieminhui/RecStoreDataset/avazu_binary
Dataset loaded
np.max =  9449205
np.min=  1
Construct RecModelSampler done
I20240220 15:05:39.744498 42531 IPC_barrier.h:112] CreateBarrier: find existing barrier, name: kgcachecontroller, count: 8
W20240220 15:05:39.747272 40749 grad_base.h:55] KGCacheController, config={
        "num_gpus": 8,
        "L": 10,
        "kForwardItersPerStep": 1,
        "clr": 0.01,
        "backwardMode": "CppAsyncV2",
        "nr_background_threads": 16, 
        "cache_ratio": 0.01,
        "backgrad_init": "both",
        "update_pq_use_omp": 2,
        "kUpdatePqWorkerNum": 8
    }
W20240220 15:05:39.747601 40749 grad_base.h:184] Init GradProcessingBase done
I20240220 15:05:40.962924 40749 grad_async_v2.h:42] Use main thread to update emb.
W20240220 15:05:40.963194 40749 kg_controller.h:78] after init GradAsyncProcessingV2
I20240220 15:05:40.963207 40749 kg_controller.h:84] Construct KGCacheController done
E20240220 15:05:41.869035 42539 recstore.cc:67] init folly done
E20240220 15:05:41.869032 40749 recstore.cc:67] init folly done
Construct KGCacheControllerWrapper done
Construct KGCacheControllerWrapper done
E20240220 15:05:41.869156 42523 recstore.cc:67] init folly done
Construct KGCacheControllerWrapper done
E20240220 15:05:41.869371 42534 recstore.cc:67] init folly done
E20240220 15:05:41.869465 42528 recstore.cc:67] init folly done
Construct KGCacheControllerWrapper done
Construct KGCacheControllerWrapper done
E20240220 15:05:41.870031 42526 recstore.cc:67] init folly done
Construct KGCacheControllerWrapper done
E20240220 15:05:41.870509 42536 recstore.cc:67] init folly done
Construct KGCacheControllerWrapper done
E20240220 15:05:41.871445 42531 recstore.cc:67] init folly done
Construct KGCacheControllerWrapper done
I20240220 15:05:41.872308 40749 grad_base.h:60] GraphEnv RegTensorsPerProcess
W20240220 15:05:42.850071 44059 grad_async_v2.h:137] Detect new sample comes, old_end0, new_end1
E20240220 15:05:42.850639 44059 parallel_pq_v2.h:79] insert failed, size(hashtable)=0
E20240220 15:05:43.850073 44059 parallel_pq_v2.h:79] insert failed, size(hashtable)=1
W20240220 15:05:43.864727 44059 grad_async_v2.h:137] Detect new sample comes, old_end6, new_end7
Before Training
Before Training
I20240220 15:05:45.637287 42539 IPC_barrier.h:118] CreateBarrier: new barrier, name: start_barrier, count: 8
Before Training
Before Training
Before Training
I20240220 15:05:45.637398 42536 IPC_barrier.h:112] CreateBarrier: find existing barrier, name: start_barrier, count: 8
I20240220 15:05:45.637463 42528 IPC_barrier.h:112] CreateBarrier: find existing barrier, name: start_barrier, count: 8
I20240220 15:05:45.637502 42523 IPC_barrier.h:112] CreateBarrier: find existing barrier, name: start_barrier, count: 8
I20240220 15:05:45.637544 40749 IPC_barrier.h:112] CreateBarrier: find existing barrier, name: start_barrier, count: 8
Before Training
Before Training
I20240220 15:05:45.637737 42534 IPC_barrier.h:112] CreateBarrier: find existing barrier, name: start_barrier, count: 8
I20240220 15:05:45.637791 42526 IPC_barrier.h:112] CreateBarrier: find existing barrier, name: start_barrier, count: 8
Before Training
I20240220 15:05:45.641618 42531 IPC_barrier.h:112] CreateBarrier: find existing barrier, name: start_barrier, count: 8
W20240220 15:05:45.645467 44059 grad_async_v2.h:137] Detect new sample comes, old_end0, new_end1
E20240220 15:05:45.645798 44059 parallel_pq_v2.h:79] insert failed, size(hashtable)=1
========== Step 0 ========== 
+---------------------------+---------------------------+---------------------------+
| Name                      | P50                       | P99                       |
+---------------------------+---------------------------+---------------------------+
| clean                     | 156.465 us                | 1.166 ms                  |
| ProcessBack:Shuffle       | 515.087 ms                | 515.087 ms                |
+---------------------------+---------------------------+---------------------------+
E20240220 15:05:47.443542 44416 parallel_pq_v2.h:79] insert failed, size(hashtable)=0
W20240220 15:05:47.524562 40749 grad_async_v2.h:270] Sleep in <BlockToStepN>, step_no=1, pq.top=1
W20240220 15:05:47.666460 44059 grad_async_v2.h:137] Detect new sample comes, old_end1, new_end2
========== Step 1 ========== 
INFO [40749 distributed.py:1140] Reducer buckets have been rebuilt in this iteration.
INFO [42539 distributed.py:1140] Reducer buckets have been rebuilt in this iteration.
INFO [42536 distributed.py:1140] Reducer buckets have been rebuilt in this iteration.
INFO [42534 distributed.py:1140] Reducer buckets have been rebuilt in this iteration.
INFO [42528 distributed.py:1140] Reducer buckets have been rebuilt in this iteration.
INFO [42523 distributed.py:1140] Reducer buckets have been rebuilt in this iteration.
INFO [42526 distributed.py:1140] Reducer buckets have been rebuilt in this iteration.
INFO [42531 distributed.py:1140] Reducer buckets have been rebuilt in this iteration.
========== Step 2 ========== 
========== Step 3 ========== 
========== Step 4 ========== 
========== Step 5 ========== 
========== Step 6 ========== 
========== Step 7 ========== 
========== Step 8 ========== 
========== Step 9 ========== 
========== Step 10 ========== 
========== Step 11 ========== 
E20240220 15:05:47.864532 40749 grad_async_v2.h:404] Stalled in ProcessBackward: rank=4, step_no=11, sample_step_cpp_seen_[rank]=10
W20240220 15:05:48.336501 40749 grad_async_v2.h:257] pq is empty
========== Step 12 ========== 
W20240220 15:05:48.394878 40749 grad_async_v2.h:257] pq is empty
========== Step 13 ========== 
========== Step 14 ========== 
========== Step 15 ========== 
========== Step 16 ========== 
========== Step 17 ========== 
E20240220 15:05:48.443035 44059 parallel_pq_v2.h:79] insert failed, size(hashtable)=3
========== Step 18 ========== 
========== Step 19 ========== 
========== Step 20 ========== 
========== Step 21 ========== 
========== Step 22 ========== 
========== Step 23 ========== 
W20240220 15:05:48.773540 44059 grad_async_v2.h:137] Detect new sample comes, old_end9, new_end4
========== Step 24 ========== 
========== Step 25 ========== 
========== Step 26 ========== 
========== Step 27 ========== 
========== Step 28 ========== 
========== Step 29 ========== 
========== Step 30 ========== 
========== Step 31 ========== 
W20240220 15:05:49.145331 40749 grad_async_v2.h:257] pq is empty
========== Step 32 ========== 
========== Step 33 ========== 
========== Step 34 ========== 
========== Step 35 ========== 
E20240220 15:05:49.443048 44059 parallel_pq_v2.h:79] insert failed, size(hashtable)=1
========== Step 36 ========== 
========== Step 37 ========== 
+---------------------------+---------------------------+---------------------------+
| Name                      | P50                       | P99                       |
+---------------------------+---------------------------+---------------------------+
| GenInput:CircleBuffer     | 109.089 us                | 1.259 ms                  |
| GenInput                  | 549.463 us                | 20.410 ms                 |
| NN                        | 961.083 us                | 235.456 ms                |
| Forward                   | 1.229 ms                  | 239.537 ms                |
| Backward                  | 3.653 ms                  | 141.027 ms                |
| Optimize                  | 263.281 us                | 4.100 ms                  |
| BarrierTimeBeforeRank0    | 765.771 us                | 19.996 ms                 |
| AfterBackward             | 7.907 ms                  | 1.471 s                   |
| BlockToStepN              | 128.043 us                | 139.186 ms                |
| OneStep                   | 20.702 ms                 | 2.021 s                   |
+---------------------------+---------------------------+---------------------------+
========== Step 38 ========== 
========== Step 39 ========== 
========== Step 40 ========== 
W20240220 15:05:49.776950 44059 grad_async_v2.h:137] Detect new sample comes, old_end6, new_end1
========== Step 41 ========== 
========== Step 42 ========== 
========== Step 43 ========== 
========== Step 44 ========== 
========== Step 45 ========== 
========== Step 46 ========== 
========== Step 47 ========== 
========== Step 48 ========== 
========== Step 49 ========== 
E20240220 15:05:50.443101 44059 parallel_pq_v2.h:79] insert failed, size(hashtable)=3
========== Step 50 ========== 
========== Step 51 ========== 
W20240220 15:05:50.486616 40749 grad_async_v2.h:257] pq is empty
========== Step 52 ========== 
========== Step 53 ========== 
========== Step 54 ========== 
========== Step 55 ========== 
========== Step 56 ========== 
W20240220 15:05:50.588642 40749 grad_async_v2.h:257] pq is empty
========== Step 57 ========== 
========== Step 58 ========== 
========== Step 59 ========== 
W20240220 15:05:50.820713 44059 grad_async_v2.h:137] Detect new sample comes, old_end1, new_end0
========== Step 60 ========== 
========== Step 61 ========== 
========== Step 62 ========== 
========== Step 63 ========== 
========== Step 64 ========== 
========== Step 65 ========== 
========== Step 66 ========== 
========== Step 67 ========== 
========== Step 68 ========== 
========== Step 69 ========== 
========== Step 70 ========== 
========== Step 71 ========== 
E20240220 15:05:51.443104 44059 parallel_pq_v2.h:79] insert failed, size(hashtable)=1
========== Step 72 ========== 
========== Step 73 ========== 
========== Step 74 ========== 
========== Step 75 ========== 
========== Step 76 ========== 
========== Step 77 ========== 
========== Step 78 ========== 
========== Step 79 ========== 
========== Step 80 ========== 
========== Step 81 ========== 
========== Step 82 ========== 
+---------------------------+---------------------------+---------------------------+
| Name                      | P50                       | P99                       |
+---------------------------+---------------------------+---------------------------+
| clean                     | 125.879 us                | 350.792 us                |
| ProcessBack:Shuffle       | 2.038 ms                  | 15.947 ms                 |
| ProcessBack:UpdateCache   | 2.352 ms                  | 21.328 ms                 |
| ProcessBack:UpsertPq      | 46.557 us                 | 218.768 us                |
| ProcessOneStep            | 5.190 ms                  | 475.943 ms                |
| BlockToStepN              | 129.444 us                | 596.122 us                |
+---------------------------+---------------------------+---------------------------+
W20240220 15:05:51.912729 44059 grad_async_v2.h:137] Detect new sample comes, old_end2, new_end3
========== Step 83 ========== 
========== Step 84 ========== 
========== Step 85 ========== 
E20240220 15:05:52.443027 44059 parallel_pq_v2.h:79] insert failed, size(hashtable)=1
========== Step 86 ========== 
========== Step 87 ========== 
========== Step 88 ========== 
========== Step 89 ========== 
========== Step 90 ========== 
========== Step 91 ========== 
========== Step 92 ========== 
========== Step 93 ========== 
========== Step 94 ========== 
========== Step 95 ========== 
E20240220 15:05:52.864017 40749 grad_async_v2.h:404] Stalled in ProcessBackward: rank=2, step_no=95, sample_step_cpp_seen_[rank]=94
W20240220 15:05:52.962566 44059 grad_async_v2.h:137] Detect new sample comes, old_end0, new_end6
========== Step 96 ========== 
========== Step 97 ========== 
========== Step 98 ========== 
========== Step 99 ========== 
W20240220 15:05:53.195647 40749 grad_async_v2.h:257] pq is empty
Step99:rank0, time: 18.835, per_step: 0.188350
Step99:rank3, time: 18.835, per_step: 0.188353
Step99:rank7, time: 18.835, per_step: 0.188352
Step99:rank6, time: 18.835, per_step: 0.188351
Step99:rank5, time: 18.835, per_step: 0.188349
Step99:rank4, time: 18.835, per_step: 0.188352
Step99:rank2, time: 18.835, per_step: 0.188348
Step99:rank1, time: 18.835, per_step: 0.188348
+---------------------------+---------------------------+---------------------------+
| Name                      | P50                       | P99                       |
+---------------------------+---------------------------+---------------------------+
| GenInput:CircleBuffer     | 107.709 us                | 1.210 ms                  |
| GenInput                  | 549.463 us                | 20.410 ms                 |
| NN                        | 919.066 us                | 4.160 ms                  |
| Forward                   | 1.159 ms                  | 5.769 ms                  |
| Backward                  | 3.236 ms                  | 18.340 ms                 |
| Optimize                  | 259.187 us                | 831.308 us                |
| BarrierTimeBeforeRank0    | 565.346 us                | 17.536 ms                 |
| AfterBackward             | 5.838 ms                  | 475.997 ms                |
| BlockToStepN              | 215.915 us                | 4.164 ms                  |
| OneStep                   | 18.928 ms                 | 482.209 ms                |
+---------------------------+---------------------------+---------------------------+
========== Step 100 ========== 
========== Step 101 ========== 
========== Step 102 ========== 
========== Step 103 ========== 
========== Step 104 ========== 
========== Step 105 ========== 
========== Step 106 ========== 
========== Step 107 ========== 
E20240220 15:05:53.443033 44059 parallel_pq_v2.h:79] insert failed, size(hashtable)=4
W20240220 15:05:53.725950 40749 grad_async_v2.h:257] pq is empty
========== Step 108 ========== 
========== Step 109 ========== 
========== Step 110 ========== 
========== Step 111 ========== 
========== Step 112 ========== 
========== Step 113 ========== 
========== Step 114 ========== 
========== Step 115 ========== 
========== Step 116 ========== 
========== Step 117 ========== 
========== Step 118 ========== 
W20240220 15:05:53.988411 44059 grad_async_v2.h:137] Detect new sample comes, old_end8, new_end9
========== Step 119 ========== 
========== Step 120 ========== 
========== Step 121 ========== 
========== Step 122 ========== 
========== Step 123 ========== 
========== Step 124 ========== 
========== Step 125 ========== 
========== Step 126 ========== 
E20240220 15:05:54.443078 44059 parallel_pq_v2.h:79] insert failed, size(hashtable)=2
========== Step 127 ========== 
========== Step 128 ========== 
========== Step 129 ========== 
========== Step 130 ========== 
========== Step 131 ========== 
========== Step 132 ========== 
========== Step 133 ========== 
========== Step 134 ========== 
========== Step 135 ========== 
+---------------------------+---------------------------+---------------------------+
| Name                      | P50                       | P99                       |
+---------------------------+---------------------------+---------------------------+
| GenInput:CircleBuffer     | 107.346 us                | 1.259 ms                  |
| GenInput                  | 542.171 us                | 20.410 ms                 |
| NN                        | 884.676 us                | 4.160 ms                  |
| Forward                   | 1.120 ms                  | 5.769 ms                  |
| Backward                  | 2.992 ms                  | 18.340 ms                 |
| Optimize                  | 255.822 us                | 831.308 us                |
| BarrierTimeBeforeRank0    | 575.925 us                | 17.536 ms                 |
| AfterBackward             | 5.321 ms                  | 475.997 ms                |
| BlockToStepN              | 276.346 us                | 4.164 ms                  |
| OneStep                   | 17.294 ms                 | 482.209 ms                |
+---------------------------+---------------------------+---------------------------+
W20240220 15:05:55.083343 44059 grad_async_v2.h:137] Detect new sample comes, old_end0, new_end6
E20240220 15:05:55.443128 44059 parallel_pq_v2.h:79] insert failed, size(hashtable)=1
========== Step 136 ========== 
========== Step 137 ========== 
========== Step 138 ========== 
========== Step 139 ========== 
========== Step 140 ========== 
========== Step 141 ========== 
========== Step 142 ========== 
========== Step 143 ========== 
========== Step 144 ========== 
========== Step 145 ========== 
========== Step 146 ========== 
W20240220 15:05:56.086654 44059 grad_async_v2.h:137] Detect new sample comes, old_end6, new_end7
========== Step 147 ========== 
========== Step 148 ========== 
========== Step 149 ========== 
========== Step 150 ========== 
========== Step 151 ========== 
========== Step 152 ========== 
========== Step 153 ========== 
========== Step 154 ========== 
========== Step 155 ========== 
========== Step 156 ========== 
========== Step 157 ========== 
E20240220 15:05:56.443200 44059 parallel_pq_v2.h:79] insert failed, size(hashtable)=1
+---------------------------+---------------------------+---------------------------+
| Name                      | P50                       | P99                       |
+---------------------------+---------------------------+---------------------------+
| clean                     | 125.646 us                | 284.160 us                |
| ProcessBack:Shuffle       | 2.008 ms                  | 15.698 ms                 |
| ProcessBack:UpdateCache   | 2.249 ms                  | 21.983 ms                 |
| ProcessBack:UpsertPq      | 48.437 us                 | 170.802 us                |
| ProcessOneStep            | 5.109 ms                  | 475.943 ms                |
| BlockToStepN              | 212.636 us                | 773.835 us                |
+---------------------------+---------------------------+---------------------------+
========== Step 158 ========== 
W20240220 15:05:56.942765 40749 grad_async_v2.h:257] pq is empty
========== Step 159 ========== 
========== Step 160 ========== 
========== Step 161 ========== 
========== Step 162 ========== 
========== Step 163 ========== 
========== Step 164 ========== 
========== Step 165 ========== 
========== Step 166 ========== 
========== Step 167 ========== 
W20240220 15:05:57.088608 44059 grad_async_v2.h:137] Detect new sample comes, old_end0, new_end8
========== Step 168 ========== 
E20240220 15:05:57.443133 44059 parallel_pq_v2.h:79] insert failed, size(hashtable)=1
========== Step 169 ========== 
========== Step 170 ========== 
========== Step 171 ========== 
========== Step 172 ========== 
========== Step 173 ========== 
W20240220 15:05:57.630336 40749 grad_async_v2.h:257] pq is empty
========== Step 174 ========== 
========== Step 175 ========== 
========== Step 176 ========== 
========== Step 177 ========== 
========== Step 178 ========== 
========== Step 179 ========== 
========== Step 180 ========== 
E20240220 15:05:57.864012 40749 grad_async_v2.h:404] Stalled in ProcessBackward: rank=0, step_no=180, sample_step_cpp_seen_[rank]=179
W20240220 15:05:58.099220 44059 grad_async_v2.h:137] Detect new sample comes, old_end0, new_end1
========== Step 181 ========== 
========== Step 182 ========== 
========== Step 183 ========== 
========== Step 184 ========== 
========== Step 185 ========== 
========== Step 186 ========== 
========== Step 187 ========== 
========== Step 188 ========== 
W20240220 15:05:58.218516 40749 grad_async_v2.h:257] pq is empty
========== Step 189 ========== 
========== Step 190 ========== 
========== Step 191 ========== 
========== Step 192 ========== 
E20240220 15:05:58.443017 44059 parallel_pq_v2.h:79] insert failed, size(hashtable)=1
W20240220 15:05:58.703549 40749 grad_async_v2.h:257] pq is empty
========== Step 193 ========== 
========== Step 194 ========== 
========== Step 195 ========== 
========== Step 196 ========== 
========== Step 197 ========== 
========== Step 198 ========== 
========== Step 199 ========== 
Step199:rank0, time: 5.623, per_step: 0.055671
Step199:rank7, time: 5.623, per_step: 0.055678
Step199:rank3, time: 5.623, per_step: 0.055671
Step199:rank6, time: 5.623, per_step: 0.055670
Step199:rank5, time: 5.622, per_step: 0.055667
Step199:rank2, time: 5.622, per_step: 0.055667
Step199:rank1, time: 5.623, per_step: 0.055674
Step199:rank4, time: 5.622, per_step: 0.055666
+---------------------------+---------------------------+---------------------------+
| Name                      | P50                       | P99                       |
+---------------------------+---------------------------+---------------------------+
| GenInput:CircleBuffer     | 107.877 us                | 1.210 ms                  |
| GenInput                  | 520.696 us                | 15.068 ms                 |
| NN                        | 901.044 us                | 4.032 ms                  |
| Forward                   | 1.151 ms                  | 4.344 ms                  |
| Backward                  | 2.890 ms                  | 17.366 ms                 |
| Optimize                  | 254.359 us                | 831.308 us                |
| BarrierTimeBeforeRank0    | 530.650 us                | 15.593 ms                 |
| AfterBackward             | 5.027 ms                  | 699.167 ms                |
| BlockToStepN              | 322.907 us                | 997.278 us                |
| OneStep                   | 13.459 ms                 | 704.548 ms                |
+---------------------------+---------------------------+---------------------------+
========== Step 200 ========== 
========== Step 201 ========== 
W20240220 15:05:58.839785 40749 grad_async_v2.h:257] pq is empty
========== Step 202 ========== 
========== Step 203 ========== 
========== Step 204 ========== 
========== Step 205 ========== 
W20240220 15:05:59.101578 44059 grad_async_v2.h:137] Detect new sample comes, old_end5, new_end6
========== Step 206 ========== 
========== Step 207 ========== 
========== Step 208 ========== 
========== Step 209 ========== 
========== Step 210 ========== 
========== Step 211 ========== 
========== Step 212 ========== 
========== Step 213 ========== 
W20240220 15:05:59.247146 40749 grad_async_v2.h:257] pq is empty
========== Step 214 ========== 
E20240220 15:05:59.443064 44059 parallel_pq_v2.h:79] insert failed, size(hashtable)=4
W20240220 15:05:59.588479 40749 grad_async_v2.h:257] pq is empty
========== Step 215 ========== 
========== Step 216 ========== 
========== Step 217 ========== 
========== Step 218 ========== 
========== Step 219 ========== 
========== Step 220 ========== 
========== Step 221 ========== 
========== Step 222 ========== 
========== Step 223 ========== 
========== Step 224 ========== 
========== Step 225 ========== 
+---------------------------+---------------------------+---------------------------+
| Name                      | P50                       | P99                       |
+---------------------------+---------------------------+---------------------------+
| GenInput:CircleBuffer     | 106.906 us                | 1.259 ms                  |
| GenInput                  | 505.164 us                | 15.068 ms                 |
| NN                        | 883.975 us                | 4.160 ms                  |
| Forward                   | 1.115 ms                  | 5.769 ms                  |
| Backward                  | 2.917 ms                  | 17.366 ms                 |
| Optimize                  | 251.327 us                | 1.121 ms                  |
| BarrierTimeBeforeRank0    | 506.602 us                | 15.593 ms                 |
| AfterBackward             | 5.021 ms                  | 699.167 ms                |
| BlockToStepN              | 350.503 us                | 1.250 ms                  |
| OneStep                   | 12.983 ms                 | 704.548 ms                |
+---------------------------+---------------------------+---------------------------+
========== Step 226 ========== 
W20240220 15:06:00.104820 44059 grad_async_v2.h:137] Detect new sample comes, old_end6, new_end7
========== Step 227 ========== 
========== Step 228 ========== 
========== Step 229 ========== 
========== Step 230 ========== 
========== Step 231 ========== 
========== Step 232 ========== 
========== Step 233 ========== 
========== Step 234 ========== 
========== Step 235 ========== 
========== Step 236 ========== 
========== Step 237 ========== 
E20240220 15:06:00.443193 44059 parallel_pq_v2.h:79] insert failed, size(hashtable)=2
========== Step 238 ========== 
========== Step 239 ========== 
========== Step 240 ========== 
========== Step 241 ========== 
========== Step 242 ========== 
========== Step 243 ========== 
========== Step 244 ========== 
========== Step 245 ========== 
========== Step 246 ========== 
========== Step 247 ========== 
========== Step 248 ========== 
========== Step 249 ========== 
========== Step 250 ========== 
========== Step 251 ========== 
W20240220 15:06:00.850977 40749 grad_async_v2.h:257] pq is empty
========== Step 252 ========== 
========== Step 253 ========== 
W20240220 15:06:01.064602 40749 grad_async_v2.h:257] pq is empty
========== Step 254 ========== 
========== Step 255 ========== 
========== Step 256 ========== 
========== Step 257 ========== 
========== Step 258 ========== 
========== Step 259 ========== 
W20240220 15:06:01.213331 44059 grad_async_v2.h:137] Detect new sample comes, old_end9, new_end0
E20240220 15:06:01.443148 44059 parallel_pq_v2.h:79] insert failed, size(hashtable)=3
========== Step 260 ========== 
========== Step 261 ========== 
========== Step 262 ========== 
W20240220 15:06:01.493631 40749 grad_async_v2.h:257] pq is empty
========== Step 263 ========== 
