WARNING: Logging before InitGoogleLogging() is written to STDERR
I20240128 12:39:14.874455 95175 IPC_barrier.h:128] MultiProcessBarrierFactory->ClearIPCMemory()
/home/xieminhui/RecStore/src/framework_adapters/torch/kg/dgl-0.9.1/python/dgl/_deprecate/graph.py:1023: DGLWarning: multigraph will be deprecated.DGL will treat all graphs as multigraph in the future.
  dgl_warning("multigraph will be deprecated." \
/home/xieminhui/RecStore/src/framework_adapters/torch/kg/dgl-0.9.1/python/dgl/heterograph.py:72: DGLWarning: Recommend creating graphs by `dgl.graph(data)` instead of `dgl.DGLGraph(data)`.
  dgl_warning('Recommend creating graphs by `dgl.graph(data)`'
Reading train triples....
Finished. Read 483142 train triples.
Reading valid triples....
Finished. Read 50000 valid triples.
Reading test triples....
Finished. Read 59071 test triples.
ARGS:  Namespace(model_name='DistMult', data_path='/home/xieminhui/dgl-data', dataset='FB15k', format='built_in', data_files=None, delimiter='\t', save_path='/tmp/ckpts/DistMult_FB15k_5', no_save_emb=True, max_step=500, batch_size=1200, batch_size_eval=16, neg_sample_size=200, neg_deg_sample=False, neg_deg_sample_eval=False, neg_sample_size_eval=14951, eval_percent=1, no_eval_filter=False, log_interval=100, eval_interval=10000, test=False, num_proc=4, num_thread=1, force_sync_interval=1, hidden_dim=400, lr=0.01, gamma=16.0, double_ent=False, double_rel=False, neg_adversarial_sampling=False, adversarial_temperature=1.0, regularization_coef=0.0, regularization_norm=3, pairwise=False, loss_genre='Logsigmoid', margin=1.0, nr_gpus=4, gpu=[0, 1, 2, 3], mix_cpu_gpu=True, valid=False, rel_part=False, async_update=None, has_edge_importance=False, cached_emb_type='KnownLocalCachedEmbedding', use_my_emb=True, cache_ratio=0.01, shuffle=False, backwardMode='CppAsyncV2', L=10, update_cache_use_omp=0, update_pq_use_omp=0, kForwardItersPerStep=2, backgrad_init='both', eval_filter=True, soft_rel_part=False)
|Train|: 483142
original graph:  DGLGraph(num_nodes=14951, num_edges=592213,
         ndata_schemes={}
         edata_schemes={'tid': Scheme(shape=(), dtype=torch.int64)})
Loading cached metis
WARNING [95175 sampler.py:454] Start PreSampling
WARNING [95175 sampler.py:532] Before construct renumbering_dict
WARNING [95175 sampler.py:555] PreSampling done
W20240128 12:39:17.421994 95175 IPCTensor.h:368] NewIPCTensor: cached_sampler_r0_0 [1000000]0x100000002000 7.629 MB
W20240128 12:39:17.422149 95175 IPCTensor.h:368] NewIPCTensor: cached_sampler_r0_1 [1000000]0x1000007a5000 7.629 MB
W20240128 12:39:17.422175 95175 IPCTensor.h:368] NewIPCTensor: cached_sampler_r0_2 [1000000]0x100000f48000 7.629 MB
W20240128 12:39:17.422196 95175 IPCTensor.h:368] NewIPCTensor: cached_sampler_r0_3 [1000000]0x1000016eb000 7.629 MB
W20240128 12:39:17.422219 95175 IPCTensor.h:368] NewIPCTensor: cached_sampler_r0_4 [1000000]0x100001e8e000 7.629 MB
W20240128 12:39:17.422237 95175 IPCTensor.h:368] NewIPCTensor: cached_sampler_r0_5 [1000000]0x100002631000 7.629 MB
W20240128 12:39:17.422257 95175 IPCTensor.h:368] NewIPCTensor: cached_sampler_r0_6 [1000000]0x100002dd4000 7.629 MB
W20240128 12:39:17.422281 95175 IPCTensor.h:368] NewIPCTensor: cached_sampler_r0_7 [1000000]0x100003577000 7.629 MB
W20240128 12:39:17.422298 95175 IPCTensor.h:368] NewIPCTensor: cached_sampler_r0_8 [1000000]0x100003d1a000 7.629 MB
W20240128 12:39:17.422320 95175 IPCTensor.h:368] NewIPCTensor: cached_sampler_r0_9 [1000000]0x1000044bd000 7.629 MB
W20240128 12:39:17.422346 95175 IPCTensor.h:368] NewIPCTensor: step_r0 [10]0x100004c60000 80 B 
W20240128 12:39:17.422365 95175 IPCTensor.h:368] NewIPCTensor: circle_buffer_end_r0 [1]0x100004c62000 8 B 
W20240128 12:39:17.422385 95175 IPCTensor.h:368] NewIPCTensor: circle_buffer_end_cppseen_r0 [1]0x100004c64000 8 B 
W20240128 12:39:17.422472 95175 IPCTensor.h:368] NewIPCTensor: cached_sampler_r1_0 [1000000]0x100004c66000 7.629 MB
W20240128 12:39:17.422492 95175 IPCTensor.h:368] NewIPCTensor: cached_sampler_r1_1 [1000000]0x100005409000 7.629 MB
W20240128 12:39:17.422508 95175 IPCTensor.h:368] NewIPCTensor: cached_sampler_r1_2 [1000000]0x100005bac000 7.629 MB
W20240128 12:39:17.422539 95175 IPCTensor.h:368] NewIPCTensor: cached_sampler_r1_3 [1000000]0x10000634f000 7.629 MB
W20240128 12:39:17.422560 95175 IPCTensor.h:368] NewIPCTensor: cached_sampler_r1_4 [1000000]0x100006af2000 7.629 MB
W20240128 12:39:17.422591 95175 IPCTensor.h:368] NewIPCTensor: cached_sampler_r1_5 [1000000]0x100007295000 7.629 MB
W20240128 12:39:17.422610 95175 IPCTensor.h:368] NewIPCTensor: cached_sampler_r1_6 [1000000]0x100007a38000 7.629 MB
W20240128 12:39:17.422633 95175 IPCTensor.h:368] NewIPCTensor: cached_sampler_r1_7 [1000000]0x1000081db000 7.629 MB
W20240128 12:39:17.422657 95175 IPCTensor.h:368] NewIPCTensor: cached_sampler_r1_8 [1000000]0x10000897e000 7.629 MB
W20240128 12:39:17.422673 95175 IPCTensor.h:368] NewIPCTensor: cached_sampler_r1_9 [1000000]0x100009121000 7.629 MB
W20240128 12:39:17.422694 95175 IPCTensor.h:368] NewIPCTensor: step_r1 [10]0x1000098c4000 80 B 
W20240128 12:39:17.422708 95175 IPCTensor.h:368] NewIPCTensor: circle_buffer_end_r1 [1]0x1000098c6000 8 B 
W20240128 12:39:17.422724 95175 IPCTensor.h:368] NewIPCTensor: circle_buffer_end_cppseen_r1 [1]0x1000098c8000 8 B 
W20240128 12:39:17.422762 95175 IPCTensor.h:368] NewIPCTensor: cached_sampler_r2_0 [1000000]0x1000098ca000 7.629 MB
W20240128 12:39:17.422780 95175 IPCTensor.h:368] NewIPCTensor: cached_sampler_r2_1 [1000000]0x10000a06d000 7.629 MB
W20240128 12:39:17.422796 95175 IPCTensor.h:368] NewIPCTensor: cached_sampler_r2_2 [1000000]0x10000a810000 7.629 MB
W20240128 12:39:17.422812 95175 IPCTensor.h:368] NewIPCTensor: cached_sampler_r2_3 [1000000]0x10000afb3000 7.629 MB
W20240128 12:39:17.422832 95175 IPCTensor.h:368] NewIPCTensor: cached_sampler_r2_4 [1000000]0x10000b756000 7.629 MB
W20240128 12:39:17.422852 95175 IPCTensor.h:368] NewIPCTensor: cached_sampler_r2_5 [1000000]0x10000bef9000 7.629 MB
W20240128 12:39:17.422868 95175 IPCTensor.h:368] NewIPCTensor: cached_sampler_r2_6 [1000000]0x10000c69c000 7.629 MB
W20240128 12:39:17.422885 95175 IPCTensor.h:368] NewIPCTensor: cached_sampler_r2_7 [1000000]0x10000ce3f000 7.629 MB
W20240128 12:39:17.422906 95175 IPCTensor.h:368] NewIPCTensor: cached_sampler_r2_8 [1000000]0x10000d5e2000 7.629 MB
W20240128 12:39:17.422926 95175 IPCTensor.h:368] NewIPCTensor: cached_sampler_r2_9 [1000000]0x10000dd85000 7.629 MB
W20240128 12:39:17.422942 95175 IPCTensor.h:368] NewIPCTensor: step_r2 [10]0x10000e528000 80 B 
W20240128 12:39:17.422956 95175 IPCTensor.h:368] NewIPCTensor: circle_buffer_end_r2 [1]0x10000e52a000 8 B 
W20240128 12:39:17.422971 95175 IPCTensor.h:368] NewIPCTensor: circle_buffer_end_cppseen_r2 [1]0x10000e52c000 8 B 
W20240128 12:39:17.423004 95175 IPCTensor.h:368] NewIPCTensor: cached_sampler_r3_0 [1000000]0x10000e52e000 7.629 MB
W20240128 12:39:17.423028 95175 IPCTensor.h:368] NewIPCTensor: cached_sampler_r3_1 [1000000]0x10000ecd1000 7.629 MB
W20240128 12:39:17.423044 95175 IPCTensor.h:368] NewIPCTensor: cached_sampler_r3_2 [1000000]0x10000f474000 7.629 MB
W20240128 12:39:17.423065 95175 IPCTensor.h:368] NewIPCTensor: cached_sampler_r3_3 [1000000]0x10000fc17000 7.629 MB
W20240128 12:39:17.423085 95175 IPCTensor.h:368] NewIPCTensor: cached_sampler_r3_4 [1000000]0x1000103ba000 7.629 MB
W20240128 12:39:17.423102 95175 IPCTensor.h:368] NewIPCTensor: cached_sampler_r3_5 [1000000]0x100010b5d000 7.629 MB
W20240128 12:39:17.423126 95175 IPCTensor.h:368] NewIPCTensor: cached_sampler_r3_6 [1000000]0x100011300000 7.629 MB
W20240128 12:39:17.423146 95175 IPCTensor.h:368] NewIPCTensor: cached_sampler_r3_7 [1000000]0x100011aa3000 7.629 MB
W20240128 12:39:17.423162 95175 IPCTensor.h:368] NewIPCTensor: cached_sampler_r3_8 [1000000]0x100012246000 7.629 MB
W20240128 12:39:17.423182 95175 IPCTensor.h:368] NewIPCTensor: cached_sampler_r3_9 [1000000]0x1000129e9000 7.629 MB
W20240128 12:39:17.423202 95175 IPCTensor.h:368] NewIPCTensor: step_r3 [10]0x10001318c000 80 B 
W20240128 12:39:17.423216 95175 IPCTensor.h:368] NewIPCTensor: circle_buffer_end_r3 [1]0x10001318e000 8 B 
W20240128 12:39:17.423229 95175 IPCTensor.h:368] NewIPCTensor: circle_buffer_end_cppseen_r3 [1]0x100013190000 8 B 
W20240128 12:39:17.557649 95175 IPCTensor.h:368] NewIPCTensor: full_emb [14951, 400]0x100013192000 22.81 MB
W20240128 12:39:17.557765 95175 IPCTensor.h:368] NewIPCTensor: full_emb_SparseRowWiseAdaGrad_sum [14951]0x100014864000 58.4 kB
{0: Graph(num_nodes=10523, num_edges=182012,
      ndata_schemes={'_ID': Scheme(shape=(), dtype=torch.int64), 'inner_node': Scheme(shape=(), dtype=torch.int32), 'part_id': Scheme(shape=(), dtype=torch.int64)}
      edata_schemes={'_ID': Scheme(shape=(), dtype=torch.int64), 'inner_edge': Scheme(shape=(), dtype=torch.int8)}), 1: Graph(num_nodes=10996, num_edges=244360,
      ndata_schemes={'_ID': Scheme(shape=(), dtype=torch.int64), 'inner_node': Scheme(shape=(), dtype=torch.int32), 'part_id': Scheme(shape=(), dtype=torch.int64)}
      edata_schemes={'_ID': Scheme(shape=(), dtype=torch.int64), 'inner_edge': Scheme(shape=(), dtype=torch.int8)}), 2: Graph(num_nodes=9404, num_edges=143355,
      ndata_schemes={'_ID': Scheme(shape=(), dtype=torch.int64), 'inner_node': Scheme(shape=(), dtype=torch.int32), 'part_id': Scheme(shape=(), dtype=torch.int64)}
      edata_schemes={'_ID': Scheme(shape=(), dtype=torch.int64), 'inner_edge': Scheme(shape=(), dtype=torch.int8)}), 3: Graph(num_nodes=10954, num_edges=175447,
      ndata_schemes={'_ID': Scheme(shape=(), dtype=torch.int64), 'inner_node': Scheme(shape=(), dtype=torch.int32), 'part_id': Scheme(shape=(), dtype=torch.int64)}
      edata_schemes={'_ID': Scheme(shape=(), dtype=torch.int64), 'inner_edge': Scheme(shape=(), dtype=torch.int8)})}
MertisPartition: part 0 has 10523 N 182012 E
MertisPartition: part 1 has 10996 N 244360 E
MertisPartition: part 2 has 9404 N 143355 E
MertisPartition: part 3 has 10954 N 175447 E
Rank0: cached key size 37
Rank1: cached key size 37
Rank2: cached key size 37
Rank3: cached key size 37
Before renumbering graph:  {'_ID': tensor([    5,    14,    17,  ..., 11245,  2040,  3009]), 'inner_node': tensor([1, 1, 1,  ..., 0, 0, 0], dtype=torch.int32), 'part_id': tensor([0, 0, 0,  ..., 2, 3, 3])}
After renumbering graph:  {'_ID': tensor([ 243,  425,  484,  ..., 1116, 5366, 7065]), 'inner_node': tensor([1, 1, 1,  ..., 0, 0, 0], dtype=torch.int32), 'part_id': tensor([0, 0, 0,  ..., 2, 3, 3])}
part_g: DGLGraph(num_nodes=10523, num_edges=182012,
         ndata_schemes={'_ID': Scheme(shape=(), dtype=torch.int64)}
         edata_schemes={'tid': Scheme(shape=(), dtype=torch.int64)})
part_g: DGLGraph(num_nodes=10523, num_edges=182012,
         ndata_schemes={'_ID': Scheme(shape=(), dtype=torch.int64)}
         edata_schemes={'tid': Scheme(shape=(), dtype=torch.int64)})
Total initialize time 2.705 seconds
[Rank1] pid = 95388
[Rank2] pid = 95452
INFO [95175 distributed_c10d.py:442] Added key: store_based_barrier_key:1 to store for rank: 0
INFO [95388 distributed_c10d.py:442] Added key: store_based_barrier_key:1 to store for rank: 1
INFO [95517 distributed_c10d.py:442] Added key: store_based_barrier_key:1 to store for rank: 3
INFO [95517 distributed_c10d.py:476] Rank 3: Completed store-based barrier for key:store_based_barrier_key:1 with 4 nodes.
INFO [95175 distributed_c10d.py:476] Rank 0: Completed store-based barrier for key:store_based_barrier_key:1 with 4 nodes.
INFO [95388 distributed_c10d.py:476] Rank 1: Completed store-based barrier for key:store_based_barrier_key:1 with 4 nodes.
W20240128 12:39:20.918295 95518 IPCTensor.h:408] NewIPCGPUTensor: embedding_cache_0 [149, 400]; dev=0; size=232.8 kB
W20240128 12:39:20.918771 95519 IPCTensor.h:408] NewIPCGPUTensor: embedding_cache_3 [149, 400]; dev=3; size=232.8 kB
W20240128 12:39:20.919217 95389 IPCTensor.h:408] NewIPCGPUTensor: embedding_cache_1 [149, 400]; dev=1; size=232.8 kB
W20240128 12:39:20.919449 95518 IPCTensor.h:368] NewIPCTensor: input_keys_0 [1000000]0x100014878000 7.629 MB
W20240128 12:39:20.919561 95519 IPCTensor.h:368] NewIPCTensor: input_keys_3 [1000000]0x10001501b000 7.629 MB
W20240128 12:39:20.919684 95518 IPCTensor.h:368] NewIPCTensor: input_keys_neg_0 [1000000]0x1000157be000 7.629 MB
W20240128 12:39:20.919811 95519 IPCTensor.h:368] NewIPCTensor: input_keys_neg_3 [1000000]0x100015f63000 7.629 MB
W20240128 12:39:20.919814 95518 IPCTensor.h:368] NewIPCTensor: backward_grads_0 [1000000, 400]0x100016706000 1.49 GB
W20240128 12:39:20.919903 95518 IPCTensor.h:368] NewIPCTensor: backward_grads_neg_0 [1000000, 400]0x100075ce9000 1.49 GB
W20240128 12:39:20.919965 95519 IPCTensor.h:368] NewIPCTensor: backward_grads_3 [1000000, 400]0x1000d52cc000 1.49 GB
W20240128 12:39:20.920017 95518 IPCTensor.h:408] NewIPCGPUTensor: backward_grads_0_gpu [1000000, 400]; dev=0; size=1.49 GB
W20240128 12:39:20.920027 95519 IPCTensor.h:368] NewIPCTensor: backward_grads_neg_3 [1000000, 400]0x1001348af000 1.49 GB
W20240128 12:39:20.920104 95519 IPCTensor.h:408] NewIPCGPUTensor: backward_grads_3_gpu [1000000, 400]; dev=3; size=1.49 GB
W20240128 12:39:20.920120 95389 IPCTensor.h:368] NewIPCTensor: input_keys_1 [1000000]0x100193e92000 7.629 MB
W20240128 12:39:20.920396 95389 IPCTensor.h:368] NewIPCTensor: input_keys_neg_1 [1000000]0x100194635000 7.629 MB
W20240128 12:39:20.920512 95389 IPCTensor.h:368] NewIPCTensor: backward_grads_1 [1000000, 400]0x100194dd8000 1.49 GB
W20240128 12:39:20.920608 95389 IPCTensor.h:368] NewIPCTensor: backward_grads_neg_1 [1000000, 400]0x1001f43bb000 1.49 GB
W20240128 12:39:20.920691 95389 IPCTensor.h:408] NewIPCGPUTensor: backward_grads_1_gpu [1000000, 400]; dev=1; size=1.49 GB
INFO [95452 distributed_c10d.py:442] Added key: store_based_barrier_key:1 to store for rank: 2
W20240128 12:39:20.933422 95518 IPCTensor.h:408] NewIPCGPUTensor: backward_grads_neg_0_gpu [1000000, 400]; dev=0; size=1.49 GB
W20240128 12:39:20.933436 95519 IPCTensor.h:408] NewIPCGPUTensor: backward_grads_neg_3_gpu [1000000, 400]; dev=3; size=1.49 GB
W20240128 12:39:20.933506 95389 IPCTensor.h:408] NewIPCGPUTensor: backward_grads_neg_1_gpu [1000000, 400]; dev=1; size=1.49 GB
INFO [95452 distributed_c10d.py:476] Rank 2: Completed store-based barrier for key:store_based_barrier_key:1 with 4 nodes.
W20240128 12:39:20.948942 95454 IPCTensor.h:408] NewIPCGPUTensor: embedding_cache_2 [149, 400]; dev=2; size=232.8 kB
W20240128 12:39:20.951733 95454 IPCTensor.h:368] NewIPCTensor: input_keys_2 [1000000]0x1002539ac000 7.629 MB
W20240128 12:39:20.952380 95454 IPCTensor.h:368] NewIPCTensor: input_keys_neg_2 [1000000]0x10025414f000 7.629 MB
W20240128 12:39:20.952491 95454 IPCTensor.h:368] NewIPCTensor: backward_grads_2 [1000000, 400]0x1002548f2000 1.49 GB
W20240128 12:39:20.952564 95454 IPCTensor.h:368] NewIPCTensor: backward_grads_neg_2 [1000000, 400]0x1002b3ed5000 1.49 GB
W20240128 12:39:20.952697 95454 IPCTensor.h:408] NewIPCGPUTensor: backward_grads_2_gpu [1000000, 400]; dev=2; size=1.49 GB
W20240128 12:39:20.960090 95454 IPCTensor.h:408] NewIPCGPUTensor: backward_grads_neg_2_gpu [1000000, 400]; dev=2; size=1.49 GB
cudaHostRegister 0x100013192000
2: KnownLocalCachedEmbedding init done
WARNING [95452 DistTensor.py:56] The tensor name already exists in the kvstore
cudaHostRegister 0x100013192000
3: KnownLocalCachedEmbedding init done
WARNING [95517 DistTensor.py:56] The tensor name already exists in the kvstore
cudaHostRegister 0x100013192000
1: KnownLocalCachedEmbedding init done
WARNING [95388 DistTensor.py:56] The tensor name already exists in the kvstore
[Rank3] pid = 95517
New CachedEmbedding, name=full_emb, shape=(14951, 400), cache_type=KnownLocalCachedEmbedding
fixed cache_range is [(0, 149), (149, 298), (298, 447), (447, 596)]
cudaHostRegister 0x100013192000
0: KnownLocalCachedEmbedding init done
WARNING [95175 DistTensor.py:56] The tensor name already exists in the kvstore
I20240128 12:39:22.131429 95518 IPC_barrier.h:118] CreateBarrier: new barrier, name: kgcachecontroller, count: 4
I20240128 12:39:22.131470 95389 IPC_barrier.h:112] CreateBarrier: find existing barrier, name: kgcachecontroller, count: 4
I20240128 12:39:22.131515 95519 IPC_barrier.h:112] CreateBarrier: find existing barrier, name: kgcachecontroller, count: 4
I20240128 12:39:22.131697 95454 IPC_barrier.h:112] CreateBarrier: find existing barrier, name: kgcachecontroller, count: 4
W20240128 12:39:22.133240 95518 grad_base.h:55] KGCacheController, config={
        "num_gpus": 4,
        "L": 10,
        "backgrad_init": "both", 
        "kForwardItersPerStep": 2,
        "clr": 1,
        "nr_background_threads": 32,
        "backwardMode": "CppAsyncV2",
        "cache_ratio": 0.01,
        "update_cache_use_omp":  0,
        "update_pq_use_omp":  0
        }
W20240128 12:39:22.133366 95518 grad_base.h:184] Init GradProcessingBase done
I20240128 12:39:22.137432 95518 grad_async_v2.h:32] Use background thread to update emb. nr_background_threads=32
W20240128 12:39:22.137527 95518 kg_controller.h:78] after init GradAsyncProcessingV2
I20240128 12:39:22.137532 95518 kg_controller.h:84] Construct KGCacheController done
I20240128 12:39:23.541442 95518 grad_base.h:60] GraphEnv RegTensorsPerProcess
W20240128 12:39:24.214915 96038 grad_async_v2.h:120] Detect new sample comes, old_end0, new_end1
E20240128 12:39:24.215353 96038 parallel_pq_v2.h:76] insert failed, size(hashtable)=1
I20240128 12:39:24.249329 95518 IPC_barrier.h:118] CreateBarrier: new barrier, name: start_barrier, count: 4
I20240128 12:39:24.258369 95519 IPC_barrier.h:112] CreateBarrier: find existing barrier, name: start_barrier, count: 4
I20240128 12:39:24.259716 95454 IPC_barrier.h:112] CreateBarrier: find existing barrier, name: start_barrier, count: 4
I20240128 12:39:24.267391 95389 IPC_barrier.h:112] CreateBarrier: find existing barrier, name: start_barrier, count: 4
E20240128 12:39:26.598659 95812 parallel_pq_v2.h:76] insert failed, size(hashtable)=1
W20240128 12:39:26.612118 95518 grad_async_v2.h:249] Sleep in <BlockToStepN>, step_no=1, pq.top=0
W20240128 12:39:26.617272 96038 grad_async_v2.h:120] Detect new sample comes, old_end1, new_end2
+---------------------------+---------------------------+---------------------------+
| Name                      | P50                       | P99                       |
+---------------------------+---------------------------+---------------------------+
| GenInput                  | 922.538 us                | 14.726 ms                 |
| Forward                   | 2.994 ms                  | 1.266 s                   |
| Backward                  | 2.161 ms                  | 207.436 ms                |
| Optimize                  | 1.338 ms                  | 48.842 ms                 |
| BarrierTimeBeforeRank0    | 40.671 us                 | 2.182 ms                  |
| AfterBackward             | 19.334 ms                 | 820.816 ms                |
| BlockToStepN              | 714.924 us                | 8.354 ms                  |
| OneStep                   | 28.739 ms                 | 2.349 s                   |
+---------------------------+---------------------------+---------------------------+
E20240128 12:39:27.598008 95518 parallel_pq_v2.h:76] insert failed, size(hashtable)=1583
W20240128 12:39:27.618585 96038 grad_async_v2.h:120] Detect new sample comes, old_end2, new_end3
W20240128 12:39:27.635176 95518 grad_async_v2.h:249] Sleep in <BlockToStepN>, step_no=33, pq.top=33
+---------------------------+---------------------------+---------------------------+
| Name                      | P50                       | P99                       |
+---------------------------+---------------------------+---------------------------+
| ProcessBack:Shuffle       | 2.146 ms                  | 86.154 ms                 |
| ProcessBack:UpdateCache   | 1.941 ms                  | 201.145 ms                |
| ProcessBack:UpsertPq      | 14.393 ms                 | 18.114 ms                 |
| ProcessOneStep            | 19.861 ms                 | 24.169 ms                 |
| BlockToStepN              | 3.643 ms                  | 12.999 ms                 |
+---------------------------+---------------------------+---------------------------+
E20240128 12:39:28.598064 96037 parallel_pq_v2.h:76] insert failed, size(hashtable)=4384
W20240128 12:39:28.619307 96038 grad_async_v2.h:120] Detect new sample comes, old_end0, new_end2
W20240128 12:39:28.654083 95518 grad_async_v2.h:249] Sleep in <BlockToStepN>, step_no=63, pq.top=63
E20240128 12:39:29.598013 96037 parallel_pq_v2.h:76] insert failed, size(hashtable)=3707
W20240128 12:39:29.619509 96038 grad_async_v2.h:120] Detect new sample comes, old_end9, new_end0
W20240128 12:39:29.666388 95518 grad_async_v2.h:249] Sleep in <BlockToStepN>, step_no=91, pq.top=91
train_sampler.Prefill()
before start barrier
start train
[proc 2] 100 steps, total: 5.725, sample: 0.211, forward: 0.996, backward: 0.466, update: 0.163
train_sampler.Prefill()
before start barrier
start train
[proc 1] 100 steps, total: 5.717, sample: 0.192, forward: 1.369, backward: 0.520, update: 0.153
train_sampler.Prefill()
before start barrier
start train
[proc 3] 100 steps, total: 5.726, sample: 0.216, forward: 0.963, backward: 0.460, update: 0.158
train_sampler.Prefill()
-------Step 0-------
tensor([   29,  3758, 10459,  6427,  8408,  3138,  9867,  4334, 12011,  9885]) tensor([  484,  7743, 10554,  3356,  7020,  6126, 14512,  6437,  7763,  7829])
-------Step 1-------
tensor([   29,  3758, 10459,  6427,  8408,  3138,  9867,  4334, 12011,  9885]) tensor([ 7384, 12872, 11577, 13663,  7732,  9002,  5968,  1029,  1470,  8262])
-------Step 2-------
tensor([ 8655,  1833,  3103,  2361,  9949,  9058,  4011, 10947, 10013,  8277]) tensor([ 9744,  3162,  2775, 13636,   968,  1849, 12056,  5005, 12532,  5277])
-------Step 3-------
tensor([ 8655,  1833,  3103,  2361,  9949,  9058,  4011, 10947, 10013,  8277]) tensor([ 4580, 11522,  6488, 12134,  1789,  6360,  1165, 11072,  5052, 10990])
-------Step 4-------
tensor([ 1808, 14907, 11134,    31,  4674,  5601, 12868,  6522,  3199,   809]) tensor([13696,  4711,  9912, 10017,  2899,  9335,  5961,  5318,  9833, 12435])
-------Step 5-------
tensor([ 1808, 14907, 11134,    31,  4674,  5601, 12868,  6522,  3199,   809]) tensor([ 6494,  6028,  8333, 14322,  8830, 11379,  1268, 14238,  6865,  5739])
-------Step 6-------
tensor([11293,  3932,  7043,  1819, 11762, 11009, 14682, 11134,  7272,  5810]) tensor([ 2118,  8376,  6440, 11377,  9571, 12492,   668,  1611, 11553, 13725])
-------Step 7-------
tensor([11293,  3932,  7043,  1819, 11762, 11009, 14682, 11134,  7272,  5810]) tensor([ 3680, 14090,  8905,  6926,  5022, 12327,  3874,  6780,  9958, 13751])
-------Step 8-------
tensor([ 9984,  9091, 14200,  9600,  3972,  6007,   503,  5113,  4738,  9691]) tensor([ 7043, 11141, 14088,   438, 10630, 10840,  1118,  8937,  7774,  7641])
-------Step 9-------
tensor([ 9984,  9091, 14200,  9600,  3972,  6007,   503,  5113,  4738,  9691]) tensor([ 9575, 10097,   404,  2916,  1179, 11426,  6498,  2060,  1470, 14394])
before start barrier
start train
[proc 0] 100 steps, total: 5.735, sample: 0.253, forward: 1.563, backward: 0.414, update: 0.173
E20240128 12:39:30.598011 96037 parallel_pq_v2.h:76] insert failed, size(hashtable)=4896
W20240128 12:39:30.624330 96038 grad_async_v2.h:120] Detect new sample comes, old_end8, new_end9
W20240128 12:39:30.699201 95518 grad_async_v2.h:249] Sleep in <BlockToStepN>, step_no=120, pq.top=120
E20240128 12:39:31.598016 96037 parallel_pq_v2.h:76] insert failed, size(hashtable)=4195
W20240128 12:39:31.632133 96038 grad_async_v2.h:120] Detect new sample comes, old_end3, new_end4
W20240128 12:39:31.699136 95518 grad_async_v2.h:249] Sleep in <BlockToStepN>, step_no=146, pq.top=146
+---------------------------+---------------------------+---------------------------+
| Name                      | P50                       | P99                       |
+---------------------------+---------------------------+---------------------------+
| GenInput                  | 1.047 ms                  | 14.562 ms                 |
| Forward                   | 2.981 ms                  | 5.465 ms                  |
| Backward                  | 2.136 ms                  | 2.685 ms                  |
| Optimize                  | 1.220 ms                  | 2.465 ms                  |
| BarrierTimeBeforeRank0    | 34.364 us                 | 2.262 ms                  |
| AfterBackward             | 18.236 ms                 | 22.414 ms                 |
| BlockToStepN              | 6.763 ms                  | 21.679 ms                 |
| OneStep                   | 34.273 ms                 | 54.931 ms                 |
+---------------------------+---------------------------+---------------------------+
E20240128 12:39:32.598037 96037 parallel_pq_v2.h:76] insert failed, size(hashtable)=3203
W20240128 12:39:32.637266 96038 grad_async_v2.h:120] Detect new sample comes, old_end9, new_end0
W20240128 12:39:32.711454 95518 grad_async_v2.h:249] Sleep in <BlockToStepN>, step_no=172, pq.top=172
+---------------------------+---------------------------+---------------------------+
| Name                      | P50                       | P99                       |
+---------------------------+---------------------------+---------------------------+
| ProcessBack:Shuffle       | 2.126 ms                  | 2.341 ms                  |
| ProcessBack:UpdateCache   | 1.930 ms                  | 2.076 ms                  |
| ProcessBack:UpsertPq      | 13.228 ms                 | 17.250 ms                 |
| ProcessOneStep            | 18.067 ms                 | 22.394 ms                 |
| BlockToStepN              | 7.385 ms                  | 21.742 ms                 |
+---------------------------+---------------------------+---------------------------+
E20240128 12:39:33.598263 96037 parallel_pq_v2.h:76] insert failed, size(hashtable)=5022
W20240128 12:39:33.643764 96038 grad_async_v2.h:120] Detect new sample comes, old_end5, new_end6
W20240128 12:39:33.711234 95518 grad_async_v2.h:249] Sleep in <BlockToStepN>, step_no=197, pq.top=197
[proc 3] 200 steps, total: 3.865, sample: 0.245, forward: 0.249, backward: 0.222, update: 0.114
[proc 1] 200 steps, total: 3.865, sample: 0.214, forward: 0.270, backward: 0.215, update: 0.114
[proc 2] 200 steps, total: 3.865, sample: 0.201, forward: 0.230, backward: 0.253, update: 0.101
[proc 0] 200 steps, total: 3.865, sample: 0.293, forward: 0.292, backward: 0.210, update: 0.113
E20240128 12:39:34.598014 96037 parallel_pq_v2.h:76] insert failed, size(hashtable)=6562
W20240128 12:39:34.644490 96038 grad_async_v2.h:120] Detect new sample comes, old_end9, new_end0
W20240128 12:39:34.711141 95518 grad_async_v2.h:249] Sleep in <BlockToStepN>, step_no=221, pq.top=221
E20240128 12:39:35.598021 96037 parallel_pq_v2.h:76] insert failed, size(hashtable)=3843
W20240128 12:39:35.650990 96038 grad_async_v2.h:120] Detect new sample comes, old_end3, new_end4
W20240128 12:39:35.716418 95518 grad_async_v2.h:249] Sleep in <BlockToStepN>, step_no=245, pq.top=245
E20240128 12:39:36.598029 96038 parallel_pq_v2.h:76] insert failed, size(hashtable)=15
W20240128 12:39:36.657096 96038 grad_async_v2.h:120] Detect new sample comes, old_end6, new_end7
W20240128 12:39:36.737344 95518 grad_async_v2.h:249] Sleep in <BlockToStepN>, step_no=269, pq.top=269
+---------------------------+---------------------------+---------------------------+
| Name                      | P50                       | P99                       |
+---------------------------+---------------------------+---------------------------+
| GenInput                  | 1.102 ms                  | 14.726 ms                 |
| Forward                   | 3.012 ms                  | 5.058 ms                  |
| Backward                  | 2.143 ms                  | 2.560 ms                  |
| Optimize                  | 1.183 ms                  | 2.413 ms                  |
| BarrierTimeBeforeRank0    | 23.660 us                 | 6.099 ms                  |
| AfterBackward             | 17.786 ms                 | 21.760 ms                 |
| BlockToStepN              | 9.324 ms                  | 25.360 ms                 |
| OneStep                   | 37.543 ms                 | 54.041 ms                 |
+---------------------------+---------------------------+---------------------------+
E20240128 12:39:37.598026 95518 parallel_pq_v2.h:76] insert failed, size(hashtable)=871
W20240128 12:39:37.663460 96038 grad_async_v2.h:120] Detect new sample comes, old_end0, new_end1
W20240128 12:39:37.739317 95518 grad_async_v2.h:249] Sleep in <BlockToStepN>, step_no=292, pq.top=292
[proc 2] 300 steps, total: 4.271, sample: 0.178, forward: 0.225, backward: 0.189, update: 0.102
[proc 0] 300 steps, total: 4.271, sample: 0.287, forward: 0.298, backward: 0.210, update: 0.111
[proc 3] 300 steps, total: 4.271, sample: 0.205, forward: 0.244, backward: 0.228, update: 0.110
[proc 1] 300 steps, total: 4.271, sample: 0.248, forward: 0.300, backward: 0.212, update: 0.113
+---------------------------+---------------------------+---------------------------+
| Name                      | P50                       | P99                       |
+---------------------------+---------------------------+---------------------------+
| ProcessBack:Shuffle       | 2.136 ms                  | 2.341 ms                  |
| ProcessBack:UpdateCache   | 1.934 ms                  | 2.076 ms                  |
| ProcessBack:UpsertPq      | 12.853 ms                 | 17.000 ms                 |
| ProcessOneStep            | 17.703 ms                 | 21.735 ms                 |
| BlockToStepN              | 10.027 ms                 | 26.609 ms                 |
+---------------------------+---------------------------+---------------------------+
E20240128 12:39:38.598009 95518 parallel_pq_v2.h:76] insert failed, size(hashtable)=337
W20240128 12:39:38.668130 96038 grad_async_v2.h:120] Detect new sample comes, old_end2, new_end3
W20240128 12:39:38.768450 95518 grad_async_v2.h:249] Sleep in <BlockToStepN>, step_no=315, pq.top=315
E20240128 12:39:39.598009 96037 parallel_pq_v2.h:76] insert failed, size(hashtable)=4577
W20240128 12:39:39.671378 96038 grad_async_v2.h:120] Detect new sample comes, old_end4, new_end5
W20240128 12:39:39.768167 95518 grad_async_v2.h:249] Sleep in <BlockToStepN>, step_no=337, pq.top=337
E20240128 12:39:40.598026 96037 parallel_pq_v2.h:76] insert failed, size(hashtable)=7538
W20240128 12:39:40.674693 96038 grad_async_v2.h:120] Detect new sample comes, old_end7, new_end8
W20240128 12:39:40.768419 95518 grad_async_v2.h:249] Sleep in <BlockToStepN>, step_no=359, pq.top=359
E20240128 12:39:41.598009 95812 parallel_pq_v2.h:76] insert failed, size(hashtable)=198
W20240128 12:39:41.676577 96038 grad_async_v2.h:120] Detect new sample comes, old_end9, new_end0
W20240128 12:39:41.777356 95518 grad_async_v2.h:249] Sleep in <BlockToStepN>, step_no=382, pq.top=382
+---------------------------+---------------------------+---------------------------+
| Name                      | P50                       | P99                       |
+---------------------------+---------------------------+---------------------------+
| GenInput                  | 1.145 ms                  | 15.531 ms                 |
| Forward                   | 3.038 ms                  | 5.058 ms                  |
| Backward                  | 2.144 ms                  | 2.524 ms                  |
| Optimize                  | 1.176 ms                  | 2.398 ms                  |
| BarrierTimeBeforeRank0    | 23.989 us                 | 11.818 ms                 |
| AfterBackward             | 17.617 ms                 | 21.576 ms                 |
| BlockToStepN              | 11.098 ms                 | 28.076 ms                 |
| OneStep                   | 39.839 ms                 | 56.004 ms                 |
+---------------------------+---------------------------+---------------------------+
E20240128 12:39:42.598011 96037 parallel_pq_v2.h:76] insert failed, size(hashtable)=6231
[proc 2] 400 steps, total: 4.514, sample: 0.213, forward: 0.242, backward: 0.209, update: 0.105
[proc 1] 400 steps, total: 4.514, sample: 0.267, forward: 0.298, backward: 0.211, update: 0.109
[proc 0] 400 steps, total: 4.514, sample: 0.294, forward: 0.302, backward: 0.212, update: 0.112
[proc 3] 400 steps, total: 4.514, sample: 0.152, forward: 0.221, backward: 0.216, update: 0.104
W20240128 12:39:42.701586 96038 grad_async_v2.h:120] Detect new sample comes, old_end1, new_end2
W20240128 12:39:42.778730 95518 grad_async_v2.h:249] Sleep in <BlockToStepN>, step_no=403, pq.top=403
+---------------------------+---------------------------+---------------------------+
| Name                      | P50                       | P99                       |
+---------------------------+---------------------------+---------------------------+
| ProcessBack:Shuffle       | 2.130 ms                  | 2.328 ms                  |
| ProcessBack:UpdateCache   | 1.918 ms                  | 2.086 ms                  |
| ProcessBack:UpsertPq      | 12.710 ms                 | 16.730 ms                 |
| ProcessOneStep            | 17.542 ms                 | 21.554 ms                 |
| BlockToStepN              | 11.208 ms                 | 32.156 ms                 |
+---------------------------+---------------------------+---------------------------+
E20240128 12:39:43.599068 96037 parallel_pq_v2.h:76] insert failed, size(hashtable)=3828
W20240128 12:39:43.708904 96038 grad_async_v2.h:120] Detect new sample comes, old_end2, new_end3
W20240128 12:39:43.782330 95518 grad_async_v2.h:249] Sleep in <BlockToStepN>, step_no=424, pq.top=424
E20240128 12:39:44.599009 96037 parallel_pq_v2.h:76] insert failed, size(hashtable)=3772
W20240128 12:39:44.711866 96038 grad_async_v2.h:120] Detect new sample comes, old_end4, new_end5
W20240128 12:39:44.797732 95518 grad_async_v2.h:249] Sleep in <BlockToStepN>, step_no=446, pq.top=446
E20240128 12:39:45.599010 96037 parallel_pq_v2.h:76] insert failed, size(hashtable)=6236
W20240128 12:39:45.715880 96038 grad_async_v2.h:120] Detect new sample comes, old_end5, new_end6
W20240128 12:39:45.797240 95518 grad_async_v2.h:249] Sleep in <BlockToStepN>, step_no=467, pq.top=467
E20240128 12:39:46.599099 95518 parallel_pq_v2.h:76] insert failed, size(hashtable)=1527
W20240128 12:39:46.718374 96038 grad_async_v2.h:120] Detect new sample comes, old_end6, new_end7
W20240128 12:39:46.797735 95518 grad_async_v2.h:249] Sleep in <BlockToStepN>, step_no=488, pq.top=488
+---------------------------+---------------------------+---------------------------+
| Name                      | P50                       | P99                       |
+---------------------------+---------------------------+---------------------------+
| GenInput                  | 1.189 ms                  | 15.561 ms                 |
| Forward                   | 3.053 ms                  | 4.465 ms                  |
| Backward                  | 2.149 ms                  | 4.194 ms                  |
| Optimize                  | 1.175 ms                  | 2.374 ms                  |
| BarrierTimeBeforeRank0    | 24.853 us                 | 12.201 ms                 |
| AfterBackward             | 17.451 ms                 | 21.556 ms                 |
| BlockToStepN              | 11.847 ms                 | 34.686 ms                 |
| OneStep                   | 41.342 ms                 | 63.264 ms                 |
+---------------------------+---------------------------+---------------------------+
[proc 2] 500 steps, total: 4.714, sample: 0.237, forward: 0.244, backward: 0.184, update: 0.108
[proc 3] 500 steps, total: 4.714, sample: 0.145, forward: 0.211, backward: 0.312, update: 0.099
[proc 0] 500 steps, total: 4.714, sample: 0.297, forward: 0.304, backward: 0.224, update: 0.115
[proc 1] 500 steps, total: 4.714, sample: 0.249, forward: 0.304, backward: 0.226, update: 0.117
Successfully xmh. training takes 23.099534273147583 seconds
before call kg_cache_controller.StopThreads()
W20240128 12:39:47.348868 95518 grad_async_v2.h:71] call StopThreads. PID = 95175
W20240128 12:39:47.348901 95518 grad_base.h:212] before processOneStepNegThread_.join();
W20240128 12:39:47.349097 95518 grad_base.h:214] after processOneStepNegThread_.join();
W20240128 12:39:47.349103 95518 grad_async_v2.h:73] call GradProcessingBase::StopThreads.
[W tensorpipe_agent.cpp:725] RPC agent for worker0 encountered error when reading incoming request from worker1: eof (this error originated at tensorpipe/transport/shm/connection_impl.cc:259)
[W tensorpipe_agent.cpp:725] RPC agent for worker0 encountered error when reading incoming request from worker2: eof (this error originated at tensorpipe/transport/shm/connection_impl.cc:259)
[W tensorpipe_agent.cpp:725] RPC agent for worker0 encountered error when reading incoming request from worker3: eof (this error originated at tensorpipe/transport/shm/connection_impl.cc:259)
W20240128 12:39:47.358786 95518 grad_async_v2.h:91] StopThreads done.
+---------------------------+---------------------------+---------------------------+
| Name                      | P50                       | P99                       |
+---------------------------+---------------------------+---------------------------+
| ProcessBack:Shuffle       | 2.123 ms                  | 2.328 ms                  |
| ProcessBack:UpdateCache   | 1.901 ms                  | 2.076 ms                  |
| ProcessBack:UpsertPq      | 12.623 ms                 | 16.695 ms                 |
| ProcessOneStep            | 17.402 ms                 | 21.535 ms                 |
| BlockToStepN              | 11.794 ms                 | 35.657 ms                 |
+---------------------------+---------------------------+---------------------------+
On rank0, prepare to call self.controller.StopThreads(), self=<python.controller_process.KGCacheControllerWrapper object at 0x7f2b87f8f310>
