WARNING: Logging before InitGoogleLogging() is written to STDERR
I20240212 14:49:35.371533 56653 IPC_barrier.h:128] MultiProcessBarrierFactory->ClearIPCMemory()
/data/home/xieminhui/RecStore/src/framework_adapters/torch/kg/dgl-0.9.1/python/dgl/_deprecate/graph.py:1023: DGLWarning: multigraph will be deprecated.DGL will treat all graphs as multigraph in the future.
  dgl_warning("multigraph will be deprecated." \
/data/home/xieminhui/RecStore/src/framework_adapters/torch/kg/dgl-0.9.1/python/dgl/heterograph.py:72: DGLWarning: Recommend creating graphs by `dgl.graph(data)` instead of `dgl.DGLGraph(data)`.
  dgl_warning('Recommend creating graphs by `dgl.graph(data)`'
Reading train triples....
Finished. Read 483142 train triples.
Reading valid triples....
Finished. Read 50000 valid triples.
Reading test triples....
Finished. Read 59071 test triples.
ARGS:  Namespace(model_name='SimplE', data_path='/home/xieminhui/dgl-data', dataset='FB15k', format='built_in', data_files=None, delimiter='\t', save_path='/tmp/ckpts/SimplE_FB15k_104', no_save_emb=True, max_step=500, batch_size=1200, batch_size_eval=16, neg_sample_size=200, neg_deg_sample=False, neg_deg_sample_eval=False, neg_sample_size_eval=14951, eval_percent=1, no_eval_filter=False, log_interval=100, eval_interval=10000, test=False, num_proc=8, num_thread=1, force_sync_interval=1, hidden_dim=400, lr=0.01, gamma=16.0, double_ent=False, double_rel=False, neg_adversarial_sampling=False, adversarial_temperature=1.0, regularization_coef=0.0, regularization_norm=3, pairwise=False, loss_genre='Logsigmoid', margin=1.0, nr_gpus=8, gpu=[0, 1, 2, 3, 4, 5, 6, 7], mix_cpu_gpu=True, valid=False, rel_part=False, async_update=None, has_edge_importance=False, cached_emb_type='KnownLocalCachedEmbedding', use_my_emb=True, cache_ratio=0.05, shuffle=False, backwardMode='CppAsyncV2', L=10, nr_background_threads=32, update_cache_use_omp=1, update_pq_use_omp=2, kForwardItersPerStep=2, backgrad_init='both', eval_filter=True, soft_rel_part=False)
|Train|: 483142
original graph:  DGLGraph(num_nodes=14951, num_edges=592213,
         ndata_schemes={}
         edata_schemes={'tid': Scheme(shape=(), dtype=torch.int64)})
Loading cached metis
WARNING [56653 sampler.py:454] Start PreSampling
WARNING [56653 sampler.py:532] Before construct renumbering_dict
WARNING [56653 sampler.py:555] PreSampling done
W20240212 14:49:40.956008 56653 IPCTensor.h:369] NewIPCTensor: cached_sampler_r0_0 [1000000]0x100000002000 7.629 MB
W20240212 14:49:40.956241 56653 IPCTensor.h:369] NewIPCTensor: cached_sampler_r0_1 [1000000]0x1000007a5000 7.629 MB
W20240212 14:49:40.956286 56653 IPCTensor.h:369] NewIPCTensor: cached_sampler_r0_2 [1000000]0x100000f48000 7.629 MB
W20240212 14:49:40.956336 56653 IPCTensor.h:369] NewIPCTensor: cached_sampler_r0_3 [1000000]0x1000016eb000 7.629 MB
W20240212 14:49:40.956373 56653 IPCTensor.h:369] NewIPCTensor: cached_sampler_r0_4 [1000000]0x100001e8e000 7.629 MB
W20240212 14:49:40.956403 56653 IPCTensor.h:369] NewIPCTensor: cached_sampler_r0_5 [1000000]0x100002631000 7.629 MB
W20240212 14:49:40.956444 56653 IPCTensor.h:369] NewIPCTensor: cached_sampler_r0_6 [1000000]0x100002dd4000 7.629 MB
W20240212 14:49:40.956502 56653 IPCTensor.h:369] NewIPCTensor: cached_sampler_r0_7 [1000000]0x100003577000 7.629 MB
W20240212 14:49:40.956547 56653 IPCTensor.h:369] NewIPCTensor: cached_sampler_r0_8 [1000000]0x100003d1a000 7.629 MB
W20240212 14:49:40.956606 56653 IPCTensor.h:369] NewIPCTensor: cached_sampler_r0_9 [1000000]0x1000044bd000 7.629 MB
W20240212 14:49:40.956647 56653 IPCTensor.h:369] NewIPCTensor: step_r0 [10]0x100004c60000 80 B 
W20240212 14:49:40.956681 56653 IPCTensor.h:369] NewIPCTensor: circle_buffer_end_r0 [1]0x100004c62000 8 B 
W20240212 14:49:40.956715 56653 IPCTensor.h:369] NewIPCTensor: circle_buffer_end_cppseen_r0 [1]0x100004c64000 8 B 
W20240212 14:49:40.956854 56653 IPCTensor.h:369] NewIPCTensor: cached_sampler_r1_0 [1000000]0x100004c66000 7.629 MB
W20240212 14:49:40.956892 56653 IPCTensor.h:369] NewIPCTensor: cached_sampler_r1_1 [1000000]0x100005409000 7.629 MB
W20240212 14:49:40.956933 56653 IPCTensor.h:369] NewIPCTensor: cached_sampler_r1_2 [1000000]0x100005bac000 7.629 MB
W20240212 14:49:40.956992 56653 IPCTensor.h:369] NewIPCTensor: cached_sampler_r1_3 [1000000]0x10000634f000 7.629 MB
W20240212 14:49:40.957022 56653 IPCTensor.h:369] NewIPCTensor: cached_sampler_r1_4 [1000000]0x100006af2000 7.629 MB
W20240212 14:49:40.957062 56653 IPCTensor.h:369] NewIPCTensor: cached_sampler_r1_5 [1000000]0x100007295000 7.629 MB
W20240212 14:49:40.957089 56653 IPCTensor.h:369] NewIPCTensor: cached_sampler_r1_6 [1000000]0x100007a38000 7.629 MB
W20240212 14:49:40.957129 56653 IPCTensor.h:369] NewIPCTensor: cached_sampler_r1_7 [1000000]0x1000081db000 7.629 MB
W20240212 14:49:40.957156 56653 IPCTensor.h:369] NewIPCTensor: cached_sampler_r1_8 [1000000]0x10000897e000 7.629 MB
W20240212 14:49:40.957193 56653 IPCTensor.h:369] NewIPCTensor: cached_sampler_r1_9 [1000000]0x100009121000 7.629 MB
W20240212 14:49:40.957222 56653 IPCTensor.h:369] NewIPCTensor: step_r1 [10]0x1000098c4000 80 B 
W20240212 14:49:40.957248 56653 IPCTensor.h:369] NewIPCTensor: circle_buffer_end_r1 [1]0x1000098c6000 8 B 
W20240212 14:49:40.957273 56653 IPCTensor.h:369] NewIPCTensor: circle_buffer_end_cppseen_r1 [1]0x1000098c8000 8 B 
W20240212 14:49:40.957331 56653 IPCTensor.h:369] NewIPCTensor: cached_sampler_r2_0 [1000000]0x1000098ca000 7.629 MB
W20240212 14:49:40.957379 56653 IPCTensor.h:369] NewIPCTensor: cached_sampler_r2_1 [1000000]0x10000a06d000 7.629 MB
W20240212 14:49:40.957409 56653 IPCTensor.h:369] NewIPCTensor: cached_sampler_r2_2 [1000000]0x10000a810000 7.629 MB
W20240212 14:49:40.957449 56653 IPCTensor.h:369] NewIPCTensor: cached_sampler_r2_3 [1000000]0x10000afb3000 7.629 MB
W20240212 14:49:40.957481 56653 IPCTensor.h:369] NewIPCTensor: cached_sampler_r2_4 [1000000]0x10000b756000 7.629 MB
W20240212 14:49:40.957509 56653 IPCTensor.h:369] NewIPCTensor: cached_sampler_r2_5 [1000000]0x10000bef9000 7.629 MB
W20240212 14:49:40.957547 56653 IPCTensor.h:369] NewIPCTensor: cached_sampler_r2_6 [1000000]0x10000c69c000 7.629 MB
W20240212 14:49:40.957580 56653 IPCTensor.h:369] NewIPCTensor: cached_sampler_r2_7 [1000000]0x10000ce3f000 7.629 MB
W20240212 14:49:40.957617 56653 IPCTensor.h:369] NewIPCTensor: cached_sampler_r2_8 [1000000]0x10000d5e2000 7.629 MB
W20240212 14:49:40.957655 56653 IPCTensor.h:369] NewIPCTensor: cached_sampler_r2_9 [1000000]0x10000dd85000 7.629 MB
W20240212 14:49:40.957691 56653 IPCTensor.h:369] NewIPCTensor: step_r2 [10]0x10000e528000 80 B 
W20240212 14:49:40.957716 56653 IPCTensor.h:369] NewIPCTensor: circle_buffer_end_r2 [1]0x10000e52a000 8 B 
W20240212 14:49:40.957741 56653 IPCTensor.h:369] NewIPCTensor: circle_buffer_end_cppseen_r2 [1]0x10000e52c000 8 B 
W20240212 14:49:40.957799 56653 IPCTensor.h:369] NewIPCTensor: cached_sampler_r3_0 [1000000]0x10000e52e000 7.629 MB
W20240212 14:49:40.957839 56653 IPCTensor.h:369] NewIPCTensor: cached_sampler_r3_1 [1000000]0x10000ecd1000 7.629 MB
W20240212 14:49:40.957868 56653 IPCTensor.h:369] NewIPCTensor: cached_sampler_r3_2 [1000000]0x10000f474000 7.629 MB
W20240212 14:49:40.957897 56653 IPCTensor.h:369] NewIPCTensor: cached_sampler_r3_3 [1000000]0x10000fc17000 7.629 MB
W20240212 14:49:40.957926 56653 IPCTensor.h:369] NewIPCTensor: cached_sampler_r3_4 [1000000]0x1000103ba000 7.629 MB
W20240212 14:49:40.957963 56653 IPCTensor.h:369] NewIPCTensor: cached_sampler_r3_5 [1000000]0x100010b5d000 7.629 MB
W20240212 14:49:40.957998 56653 IPCTensor.h:369] NewIPCTensor: cached_sampler_r3_6 [1000000]0x100011300000 7.629 MB
W20240212 14:49:40.958026 56653 IPCTensor.h:369] NewIPCTensor: cached_sampler_r3_7 [1000000]0x100011aa3000 7.629 MB
W20240212 14:49:40.958058 56653 IPCTensor.h:369] NewIPCTensor: cached_sampler_r3_8 [1000000]0x100012246000 7.629 MB
W20240212 14:49:40.958092 56653 IPCTensor.h:369] NewIPCTensor: cached_sampler_r3_9 [1000000]0x1000129e9000 7.629 MB
W20240212 14:49:40.958122 56653 IPCTensor.h:369] NewIPCTensor: step_r3 [10]0x10001318c000 80 B 
W20240212 14:49:40.958145 56653 IPCTensor.h:369] NewIPCTensor: circle_buffer_end_r3 [1]0x10001318e000 8 B 
W20240212 14:49:40.958169 56653 IPCTensor.h:369] NewIPCTensor: circle_buffer_end_cppseen_r3 [1]0x100013190000 8 B 
W20240212 14:49:40.958226 56653 IPCTensor.h:369] NewIPCTensor: cached_sampler_r4_0 [1000000]0x100013192000 7.629 MB
W20240212 14:49:40.958261 56653 IPCTensor.h:369] NewIPCTensor: cached_sampler_r4_1 [1000000]0x100013935000 7.629 MB
W20240212 14:49:40.958302 56653 IPCTensor.h:369] NewIPCTensor: cached_sampler_r4_2 [1000000]0x1000140d8000 7.629 MB
W20240212 14:49:40.958335 56653 IPCTensor.h:369] NewIPCTensor: cached_sampler_r4_3 [1000000]0x10001487b000 7.629 MB
W20240212 14:49:40.958379 56653 IPCTensor.h:369] NewIPCTensor: cached_sampler_r4_4 [1000000]0x10001501e000 7.629 MB
W20240212 14:49:40.958407 56653 IPCTensor.h:369] NewIPCTensor: cached_sampler_r4_5 [1000000]0x1000157c1000 7.629 MB
W20240212 14:49:40.958444 56653 IPCTensor.h:369] NewIPCTensor: cached_sampler_r4_6 [1000000]0x100015f64000 7.629 MB
W20240212 14:49:40.958488 56653 IPCTensor.h:369] NewIPCTensor: cached_sampler_r4_7 [1000000]0x100016707000 7.629 MB
W20240212 14:49:40.958518 56653 IPCTensor.h:369] NewIPCTensor: cached_sampler_r4_8 [1000000]0x100016eaa000 7.629 MB
W20240212 14:49:40.958550 56653 IPCTensor.h:369] NewIPCTensor: cached_sampler_r4_9 [1000000]0x10001764d000 7.629 MB
W20240212 14:49:40.958587 56653 IPCTensor.h:369] NewIPCTensor: step_r4 [10]0x100017df0000 80 B 
W20240212 14:49:40.958612 56653 IPCTensor.h:369] NewIPCTensor: circle_buffer_end_r4 [1]0x100017df2000 8 B 
W20240212 14:49:40.958636 56653 IPCTensor.h:369] NewIPCTensor: circle_buffer_end_cppseen_r4 [1]0x100017df4000 8 B 
W20240212 14:49:40.958688 56653 IPCTensor.h:369] NewIPCTensor: cached_sampler_r5_0 [1000000]0x100017df6000 7.629 MB
W20240212 14:49:40.958734 56653 IPCTensor.h:369] NewIPCTensor: cached_sampler_r5_1 [1000000]0x100018599000 7.629 MB
W20240212 14:49:40.958771 56653 IPCTensor.h:369] NewIPCTensor: cached_sampler_r5_2 [1000000]0x100018d3c000 7.629 MB
W20240212 14:49:40.958801 56653 IPCTensor.h:369] NewIPCTensor: cached_sampler_r5_3 [1000000]0x1000194df000 7.629 MB
W20240212 14:49:40.958829 56653 IPCTensor.h:369] NewIPCTensor: cached_sampler_r5_4 [1000000]0x100019c82000 7.629 MB
W20240212 14:49:40.958865 56653 IPCTensor.h:369] NewIPCTensor: cached_sampler_r5_5 [1000000]0x10001a425000 7.629 MB
W20240212 14:49:40.958906 56653 IPCTensor.h:369] NewIPCTensor: cached_sampler_r5_6 [1000000]0x10001abc8000 7.629 MB
W20240212 14:49:40.958945 56653 IPCTensor.h:369] NewIPCTensor: cached_sampler_r5_7 [1000000]0x10001b36b000 7.629 MB
W20240212 14:49:40.958976 56653 IPCTensor.h:369] NewIPCTensor: cached_sampler_r5_8 [1000000]0x10001bb0e000 7.629 MB
W20240212 14:49:40.959005 56653 IPCTensor.h:369] NewIPCTensor: cached_sampler_r5_9 [1000000]0x10001c2b1000 7.629 MB
W20240212 14:49:40.959040 56653 IPCTensor.h:369] NewIPCTensor: step_r5 [10]0x10001ca54000 80 B 
W20240212 14:49:40.959064 56653 IPCTensor.h:369] NewIPCTensor: circle_buffer_end_r5 [1]0x10001ca56000 8 B 
W20240212 14:49:40.959089 56653 IPCTensor.h:369] NewIPCTensor: circle_buffer_end_cppseen_r5 [1]0x10001ca58000 8 B 
W20240212 14:49:40.959139 56653 IPCTensor.h:369] NewIPCTensor: cached_sampler_r6_0 [1000000]0x10001ca5a000 7.629 MB
W20240212 14:49:40.959184 56653 IPCTensor.h:369] NewIPCTensor: cached_sampler_r6_1 [1000000]0x10001d1fd000 7.629 MB
W20240212 14:49:40.959214 56653 IPCTensor.h:369] NewIPCTensor: cached_sampler_r6_2 [1000000]0x10001d9a0000 7.629 MB
W20240212 14:49:40.959249 56653 IPCTensor.h:369] NewIPCTensor: cached_sampler_r6_3 [1000000]0x10001e143000 7.629 MB
W20240212 14:49:40.959282 56653 IPCTensor.h:369] NewIPCTensor: cached_sampler_r6_4 [1000000]0x10001e8e6000 7.629 MB
W20240212 14:49:40.959328 56653 IPCTensor.h:369] NewIPCTensor: cached_sampler_r6_5 [1000000]0x10001f089000 7.629 MB
W20240212 14:49:40.959357 56653 IPCTensor.h:369] NewIPCTensor: cached_sampler_r6_6 [1000000]0x10001f82c000 7.629 MB
W20240212 14:49:40.959395 56653 IPCTensor.h:369] NewIPCTensor: cached_sampler_r6_7 [1000000]0x10001ffcf000 7.629 MB
W20240212 14:49:40.959437 56653 IPCTensor.h:369] NewIPCTensor: cached_sampler_r6_8 [1000000]0x100020772000 7.629 MB
W20240212 14:49:40.959479 56653 IPCTensor.h:369] NewIPCTensor: cached_sampler_r6_9 [1000000]0x100020f15000 7.629 MB
W20240212 14:49:40.959524 56653 IPCTensor.h:369] NewIPCTensor: step_r6 [10]0x1000216b8000 80 B 
W20240212 14:49:40.959550 56653 IPCTensor.h:369] NewIPCTensor: circle_buffer_end_r6 [1]0x1000216ba000 8 B 
W20240212 14:49:40.959580 56653 IPCTensor.h:369] NewIPCTensor: circle_buffer_end_cppseen_r6 [1]0x1000216bc000 8 B 
W20240212 14:49:40.959643 56653 IPCTensor.h:369] NewIPCTensor: cached_sampler_r7_0 [1000000]0x1000216be000 7.629 MB
W20240212 14:49:40.959684 56653 IPCTensor.h:369] NewIPCTensor: cached_sampler_r7_1 [1000000]0x100021e61000 7.629 MB
W20240212 14:49:40.959715 56653 IPCTensor.h:369] NewIPCTensor: cached_sampler_r7_2 [1000000]0x100022604000 7.629 MB
W20240212 14:49:40.959744 56653 IPCTensor.h:369] NewIPCTensor: cached_sampler_r7_3 [1000000]0x100022da7000 7.629 MB
W20240212 14:49:40.959774 56653 IPCTensor.h:369] NewIPCTensor: cached_sampler_r7_4 [1000000]0x10002354a000 7.629 MB
W20240212 14:49:40.959815 56653 IPCTensor.h:369] NewIPCTensor: cached_sampler_r7_5 [1000000]0x100023ced000 7.629 MB
W20240212 14:49:40.959851 56653 IPCTensor.h:369] NewIPCTensor: cached_sampler_r7_6 [1000000]0x100024490000 7.629 MB
W20240212 14:49:40.959882 56653 IPCTensor.h:369] NewIPCTensor: cached_sampler_r7_7 [1000000]0x100024c33000 7.629 MB
W20240212 14:49:40.959919 56653 IPCTensor.h:369] NewIPCTensor: cached_sampler_r7_8 [1000000]0x1000253d6000 7.629 MB
W20240212 14:49:40.959957 56653 IPCTensor.h:369] NewIPCTensor: cached_sampler_r7_9 [1000000]0x100025b79000 7.629 MB
W20240212 14:49:40.959993 56653 IPCTensor.h:369] NewIPCTensor: step_r7 [10]0x10002631c000 80 B 
W20240212 14:49:40.960019 56653 IPCTensor.h:369] NewIPCTensor: circle_buffer_end_r7 [1]0x10002631e000 8 B 
W20240212 14:49:40.960043 56653 IPCTensor.h:369] NewIPCTensor: circle_buffer_end_cppseen_r7 [1]0x100026320000 8 B 
W20240212 14:49:41.188581 56653 IPCTensor.h:369] NewIPCTensor: full_emb [14951, 400]0x100026322000 22.81 MB
W20240212 14:49:41.219391 56653 IPCTensor.h:369] NewIPCTensor: full_emb_SparseRowWiseAdaGrad_sum [14951]0x1000279f4000 58.4 kB
{0: Graph(num_nodes=8499, num_edges=86694,
      ndata_schemes={'_ID': Scheme(shape=(), dtype=torch.int64), 'inner_node': Scheme(shape=(), dtype=torch.int32), 'part_id': Scheme(shape=(), dtype=torch.int64)}
      edata_schemes={'_ID': Scheme(shape=(), dtype=torch.int64), 'inner_edge': Scheme(shape=(), dtype=torch.int8)}), 1: Graph(num_nodes=6140, num_edges=88951,
      ndata_schemes={'_ID': Scheme(shape=(), dtype=torch.int64), 'inner_node': Scheme(shape=(), dtype=torch.int32), 'part_id': Scheme(shape=(), dtype=torch.int64)}
      edata_schemes={'_ID': Scheme(shape=(), dtype=torch.int64), 'inner_edge': Scheme(shape=(), dtype=torch.int8)}), 2: Graph(num_nodes=8646, num_edges=109741,
      ndata_schemes={'_ID': Scheme(shape=(), dtype=torch.int64), 'inner_node': Scheme(shape=(), dtype=torch.int32), 'part_id': Scheme(shape=(), dtype=torch.int64)}
      edata_schemes={'_ID': Scheme(shape=(), dtype=torch.int64), 'inner_edge': Scheme(shape=(), dtype=torch.int8)}), 3: Graph(num_nodes=8503, num_edges=86907,
      ndata_schemes={'_ID': Scheme(shape=(), dtype=torch.int64), 'inner_node': Scheme(shape=(), dtype=torch.int32), 'part_id': Scheme(shape=(), dtype=torch.int64)}
      edata_schemes={'_ID': Scheme(shape=(), dtype=torch.int64), 'inner_edge': Scheme(shape=(), dtype=torch.int8)}), 4: Graph(num_nodes=10597, num_edges=122217,
      ndata_schemes={'_ID': Scheme(shape=(), dtype=torch.int64), 'inner_node': Scheme(shape=(), dtype=torch.int32), 'part_id': Scheme(shape=(), dtype=torch.int64)}
      edata_schemes={'_ID': Scheme(shape=(), dtype=torch.int64), 'inner_edge': Scheme(shape=(), dtype=torch.int8)}), 5: Graph(num_nodes=8255, num_edges=102550,
      ndata_schemes={'_ID': Scheme(shape=(), dtype=torch.int64), 'inner_node': Scheme(shape=(), dtype=torch.int32), 'part_id': Scheme(shape=(), dtype=torch.int64)}
      edata_schemes={'_ID': Scheme(shape=(), dtype=torch.int64), 'inner_edge': Scheme(shape=(), dtype=torch.int8)}), 6: Graph(num_nodes=7422, num_edges=104094,
      ndata_schemes={'_ID': Scheme(shape=(), dtype=torch.int64), 'inner_node': Scheme(shape=(), dtype=torch.int32), 'part_id': Scheme(shape=(), dtype=torch.int64)}
      edata_schemes={'_ID': Scheme(shape=(), dtype=torch.int64), 'inner_edge': Scheme(shape=(), dtype=torch.int8)}), 7: Graph(num_nodes=7815, num_edges=137832,
      ndata_schemes={'_ID': Scheme(shape=(), dtype=torch.int64), 'inner_node': Scheme(shape=(), dtype=torch.int32), 'part_id': Scheme(shape=(), dtype=torch.int64)}
      edata_schemes={'_ID': Scheme(shape=(), dtype=torch.int64), 'inner_edge': Scheme(shape=(), dtype=torch.int8)})}
MertisPartition: part 0 has 8499 N 86694 E
MertisPartition: part 1 has 6140 N 88951 E
MertisPartition: part 2 has 8646 N 109741 E
MertisPartition: part 3 has 8503 N 86907 E
MertisPartition: part 4 has 10597 N 122217 E
MertisPartition: part 5 has 8255 N 102550 E
MertisPartition: part 6 has 7422 N 104094 E
MertisPartition: part 7 has 7815 N 137832 E
Rank0: cached key size 93
Rank1: cached key size 93
Rank2: cached key size 93
Rank3: cached key size 93
Rank4: cached key size 93
Rank5: cached key size 93
Rank6: cached key size 93
Rank7: cached key size 93
Before renumbering graph:  {'_ID': tensor([    0,    15,    36,  ..., 11946,  9147, 13282]), 'inner_node': tensor([1, 1, 1,  ..., 0, 0, 0], dtype=torch.int32), 'part_id': tensor([0, 0, 0,  ..., 6, 3, 7])}
After renumbering graph:  {'_ID': tensor([ 744,  981, 1293,  ..., 8903, 9394, 4528]), 'inner_node': tensor([1, 1, 1,  ..., 0, 0, 0], dtype=torch.int32), 'part_id': tensor([0, 0, 0,  ..., 6, 3, 7])}
part_g: DGLGraph(num_nodes=8499, num_edges=86694,
         ndata_schemes={'_ID': Scheme(shape=(), dtype=torch.int64)}
         edata_schemes={'tid': Scheme(shape=(), dtype=torch.int64)})
part_g: DGLGraph(num_nodes=8499, num_edges=86694,
         ndata_schemes={'_ID': Scheme(shape=(), dtype=torch.int64)}
         edata_schemes={'tid': Scheme(shape=(), dtype=torch.int64)})
Total initialize time 5.878 seconds
[Rank1] pid = 56856
[Rank2] pid = 56920
[Rank3] pid = 56921
[Rank4] pid = 57048
[Rank5] pid = 57049
[Rank6] pid = 57181
INFO [56653 distributed_c10d.py:442] Added key: store_based_barrier_key:1 to store for rank: 0
INFO [56856 distributed_c10d.py:442] Added key: store_based_barrier_key:1 to store for rank: 1
INFO [56920 distributed_c10d.py:442] Added key: store_based_barrier_key:1 to store for rank: 2
INFO [56921 distributed_c10d.py:442] Added key: store_based_barrier_key:1 to store for rank: 3
INFO [57048 distributed_c10d.py:442] Added key: store_based_barrier_key:1 to store for rank: 4
INFO [57181 distributed_c10d.py:442] Added key: store_based_barrier_key:1 to store for rank: 6
INFO [57049 distributed_c10d.py:442] Added key: store_based_barrier_key:1 to store for rank: 5
INFO [57181 distributed_c10d.py:476] Rank 6: Completed store-based barrier for key:store_based_barrier_key:1 with 8 nodes.
INFO [57048 distributed_c10d.py:476] Rank 4: Completed store-based barrier for key:store_based_barrier_key:1 with 8 nodes.
INFO [56920 distributed_c10d.py:476] Rank 2: Completed store-based barrier for key:store_based_barrier_key:1 with 8 nodes.
INFO [57049 distributed_c10d.py:476] Rank 5: Completed store-based barrier for key:store_based_barrier_key:1 with 8 nodes.
INFO [56856 distributed_c10d.py:476] Rank 1: Completed store-based barrier for key:store_based_barrier_key:1 with 8 nodes.
INFO [56921 distributed_c10d.py:476] Rank 3: Completed store-based barrier for key:store_based_barrier_key:1 with 8 nodes.
INFO [57248 distributed_c10d.py:442] Added key: store_based_barrier_key:1 to store for rank: 7
INFO [57248 distributed_c10d.py:476] Rank 7: Completed store-based barrier for key:store_based_barrier_key:1 with 8 nodes.
W20240212 14:49:43.899008 57184 IPCTensor.h:409] NewIPCGPUTensor: embedding_cache_6 [747, 400]; dev=6; size=1.14 MB
W20240212 14:49:43.899067 57059 IPCTensor.h:409] NewIPCGPUTensor: embedding_cache_5 [747, 400]; dev=5; size=1.14 MB
W20240212 14:49:43.899209 56974 IPCTensor.h:409] NewIPCGPUTensor: embedding_cache_3 [747, 400]; dev=3; size=1.14 MB
W20240212 14:49:43.899233 56857 IPCTensor.h:409] NewIPCGPUTensor: embedding_cache_1 [747, 400]; dev=1; size=1.14 MB
W20240212 14:49:43.899236 57050 IPCTensor.h:409] NewIPCGPUTensor: embedding_cache_4 [747, 400]; dev=4; size=1.14 MB
W20240212 14:49:43.899248 56922 IPCTensor.h:409] NewIPCGPUTensor: embedding_cache_2 [747, 400]; dev=2; size=1.14 MB
INFO [56653 distributed_c10d.py:476] Rank 0: Completed store-based barrier for key:store_based_barrier_key:1 with 8 nodes.
W20240212 14:49:43.900756 57275 IPCTensor.h:409] NewIPCGPUTensor: embedding_cache_7 [747, 400]; dev=7; size=1.14 MB
W20240212 14:49:43.901929 57249 IPCTensor.h:409] NewIPCGPUTensor: embedding_cache_0 [747, 400]; dev=0; size=1.14 MB
W20240212 14:49:43.941116 57184 IPCTensor.h:369] NewIPCTensor: input_keys_6 [1000000]0x1000281b7000 7.629 MB
W20240212 14:49:43.941126 57059 IPCTensor.h:369] NewIPCTensor: input_keys_5 [1000000]0x1000290fd000 7.629 MB
W20240212 14:49:43.941121 57275 IPCTensor.h:369] NewIPCTensor: input_keys_7 [1000000]0x10002895a000 7.629 MB
W20240212 14:49:43.941133 56974 IPCTensor.h:369] NewIPCTensor: input_keys_3 [1000000]0x1000298a0000 7.629 MB
W20240212 14:49:43.941116 57249 IPCTensor.h:369] NewIPCTensor: input_keys_0 [1000000]0x100027a14000 7.629 MB
W20240212 14:49:43.941145 57050 IPCTensor.h:369] NewIPCTensor: input_keys_4 [1000000]0x10002a043000 7.629 MB
W20240212 14:49:43.941179 56857 IPCTensor.h:369] NewIPCTensor: input_keys_1 [1000000]0x10002a7e6000 7.629 MB
W20240212 14:49:43.941201 56922 IPCTensor.h:369] NewIPCTensor: input_keys_2 [1000000]0x10002af89000 7.629 MB
W20240212 14:49:43.941370 57184 IPCTensor.h:369] NewIPCTensor: input_keys_neg_6 [1000000]0x10002b72c000 7.629 MB
W20240212 14:49:43.941375 57059 IPCTensor.h:369] NewIPCTensor: input_keys_neg_5 [1000000]0x10002becf000 7.629 MB
W20240212 14:49:43.941392 56922 IPCTensor.h:369] NewIPCTensor: input_keys_neg_2 [1000000]0x10002c672000 7.629 MB
W20240212 14:49:43.941412 56974 IPCTensor.h:369] NewIPCTensor: input_keys_neg_3 [1000000]0x10002ce15000 7.629 MB
W20240212 14:49:43.941459 57050 IPCTensor.h:369] NewIPCTensor: input_keys_neg_4 [1000000]0x10002d5b8000 7.629 MB
W20240212 14:49:43.941466 57059 IPCTensor.h:369] NewIPCTensor: backward_grads_5 [1000000, 400]0x10002dd5b000 1.49 GB
W20240212 14:49:43.941473 56922 IPCTensor.h:369] NewIPCTensor: backward_grads_2 [1000000, 400]0x10008d33e000 1.49 GB
W20240212 14:49:43.941480 57184 IPCTensor.h:369] NewIPCTensor: backward_grads_6 [1000000, 400]0x1000ec921000 1.49 GB
W20240212 14:49:43.941511 56974 IPCTensor.h:369] NewIPCTensor: backward_grads_3 [1000000, 400]0x10014bf04000 1.49 GB
W20240212 14:49:43.941556 57059 IPCTensor.h:369] NewIPCTensor: backward_grads_neg_5 [1000000, 400]0x1001ab4e7000 1.49 GB
W20240212 14:49:43.941565 57184 IPCTensor.h:369] NewIPCTensor: backward_grads_neg_6 [1000000, 400]0x10020aaca000 1.49 GB
W20240212 14:49:43.941573 57050 IPCTensor.h:369] NewIPCTensor: backward_grads_4 [1000000, 400]0x10026a0ad000 1.49 GB
W20240212 14:49:43.941582 56922 IPCTensor.h:369] NewIPCTensor: backward_grads_neg_2 [1000000, 400]0x1002c9690000 1.49 GB
W20240212 14:49:43.941607 56974 IPCTensor.h:369] NewIPCTensor: backward_grads_neg_3 [1000000, 400]0x100328c73000 1.49 GB
W20240212 14:49:43.941637 57184 IPCTensor.h:409] NewIPCGPUTensor: backward_grads_6_gpu [1000000, 400]; dev=6; size=1.49 GB
W20240212 14:49:43.941639 57059 IPCTensor.h:409] NewIPCGPUTensor: backward_grads_5_gpu [1000000, 400]; dev=5; size=1.49 GB
W20240212 14:49:43.941645 56857 IPCTensor.h:369] NewIPCTensor: input_keys_neg_1 [1000000]0x100388256000 7.629 MB
W20240212 14:49:43.941664 56974 IPCTensor.h:409] NewIPCGPUTensor: backward_grads_3_gpu [1000000, 400]; dev=3; size=1.49 GB
W20240212 14:49:43.941674 56922 IPCTensor.h:409] NewIPCGPUTensor: backward_grads_2_gpu [1000000, 400]; dev=2; size=1.49 GB
W20240212 14:49:43.941676 57050 IPCTensor.h:369] NewIPCTensor: backward_grads_neg_4 [1000000, 400]0x1003889f9000 1.49 GB
W20240212 14:49:43.941721 56857 IPCTensor.h:369] NewIPCTensor: backward_grads_1 [1000000, 400]0x1003e7fdc000 1.49 GB
W20240212 14:49:43.941748 57050 IPCTensor.h:409] NewIPCGPUTensor: backward_grads_4_gpu [1000000, 400]; dev=4; size=1.49 GB
W20240212 14:49:43.941767 57249 IPCTensor.h:369] NewIPCTensor: input_keys_neg_0 [1000000]0x1004475bf000 7.629 MB
W20240212 14:49:43.941812 56857 IPCTensor.h:369] NewIPCTensor: backward_grads_neg_1 [1000000, 400]0x100447d62000 1.49 GB
W20240212 14:49:43.941834 57249 IPCTensor.h:369] NewIPCTensor: backward_grads_0 [1000000, 400]0x1004a7345000 1.49 GB
W20240212 14:49:43.941872 56857 IPCTensor.h:409] NewIPCGPUTensor: backward_grads_1_gpu [1000000, 400]; dev=1; size=1.49 GB
W20240212 14:49:43.941890 57275 IPCTensor.h:369] NewIPCTensor: input_keys_neg_7 [1000000]0x100506928000 7.629 MB
W20240212 14:49:43.941907 57249 IPCTensor.h:369] NewIPCTensor: backward_grads_neg_0 [1000000, 400]0x1005070cb000 1.49 GB
W20240212 14:49:43.941963 57249 IPCTensor.h:409] NewIPCGPUTensor: backward_grads_0_gpu [1000000, 400]; dev=0; size=1.49 GB
W20240212 14:49:43.941965 57275 IPCTensor.h:369] NewIPCTensor: backward_grads_7 [1000000, 400]0x1005666ae000 1.49 GB
W20240212 14:49:43.942020 57275 IPCTensor.h:369] NewIPCTensor: backward_grads_neg_7 [1000000, 400]0x1005c5c91000 1.49 GB
W20240212 14:49:43.942061 57275 IPCTensor.h:409] NewIPCGPUTensor: backward_grads_7_gpu [1000000, 400]; dev=7; size=1.49 GB
W20240212 14:49:43.954021 57249 IPCTensor.h:409] NewIPCGPUTensor: backward_grads_neg_0_gpu [1000000, 400]; dev=0; size=1.49 GB
W20240212 14:49:43.954047 57059 IPCTensor.h:409] NewIPCGPUTensor: backward_grads_neg_5_gpu [1000000, 400]; dev=5; size=1.49 GB
W20240212 14:49:43.954069 56974 IPCTensor.h:409] NewIPCGPUTensor: backward_grads_neg_3_gpu [1000000, 400]; dev=3; size=1.49 GB
W20240212 14:49:43.954083 56922 IPCTensor.h:409] NewIPCGPUTensor: backward_grads_neg_2_gpu [1000000, 400]; dev=2; size=1.49 GB
W20240212 14:49:43.954087 57050 IPCTensor.h:409] NewIPCGPUTensor: backward_grads_neg_4_gpu [1000000, 400]; dev=4; size=1.49 GB
W20240212 14:49:43.954119 57184 IPCTensor.h:409] NewIPCGPUTensor: backward_grads_neg_6_gpu [1000000, 400]; dev=6; size=1.49 GB
W20240212 14:49:43.955670 57275 IPCTensor.h:409] NewIPCGPUTensor: backward_grads_neg_7_gpu [1000000, 400]; dev=7; size=1.49 GB
W20240212 14:49:43.958925 56857 IPCTensor.h:409] NewIPCGPUTensor: backward_grads_neg_1_gpu [1000000, 400]; dev=1; size=1.49 GB
cudaHostRegister 0x100026322000
3: KnownLocalCachedEmbedding init done
WARNING [56921 DistTensor.py:59] The tensor name already exists in the kvstore
cudaHostRegister 0x100026322000
1: KnownLocalCachedEmbedding init done
WARNING [56856 DistTensor.py:59] The tensor name already exists in the kvstore
cudaHostRegister 0x100026322000
2: KnownLocalCachedEmbedding init done
WARNING [56920 DistTensor.py:59] The tensor name already exists in the kvstore
cudaHostRegister 0x100026322000
6: KnownLocalCachedEmbedding init done
WARNING [57181 DistTensor.py:59] The tensor name already exists in the kvstore
cudaHostRegister 0x100026322000
5: KnownLocalCachedEmbedding init done
WARNING [57049 DistTensor.py:59] The tensor name already exists in the kvstore
cudaHostRegister 0x100026322000
4: KnownLocalCachedEmbedding init done
WARNING [57048 DistTensor.py:59] The tensor name already exists in the kvstore
cudaHostRegister 0x100026322000
7: KnownLocalCachedEmbedding init done
WARNING [57248 DistTensor.py:59] The tensor name already exists in the kvstore
[Rank7] pid = 57248
New CachedEmbedding, name=full_emb, shape=(14951, 400), cache_type=KnownLocalCachedEmbedding
fixed cache_range is [(0, 747), (747, 1494), (1494, 2241), (2241, 2988), (2988, 3735), (3735, 4482), (4482, 5229), (5229, 5976)]
cudaHostRegister 0x100026322000
0: KnownLocalCachedEmbedding init done
WARNING [56653 DistTensor.py:59] The tensor name already exists in the kvstore
I20240212 14:49:45.946532 57249 IPC_barrier.h:118] CreateBarrier: new barrier, name: kgcachecontroller, count: 8
I20240212 14:49:45.946960 57275 IPC_barrier.h:112] CreateBarrier: find existing barrier, name: kgcachecontroller, count: 8
I20240212 14:49:45.947055 56974 IPC_barrier.h:112] CreateBarrier: find existing barrier, name: kgcachecontroller, count: 8
I20240212 14:49:45.947180 56857 IPC_barrier.h:112] CreateBarrier: find existing barrier, name: kgcachecontroller, count: 8
I20240212 14:49:45.947575 57184 IPC_barrier.h:112] CreateBarrier: find existing barrier, name: kgcachecontroller, count: 8
I20240212 14:49:45.947669 57059 IPC_barrier.h:112] CreateBarrier: find existing barrier, name: kgcachecontroller, count: 8
I20240212 14:49:45.947772 56922 IPC_barrier.h:112] CreateBarrier: find existing barrier, name: kgcachecontroller, count: 8
I20240212 14:49:45.947839 57050 IPC_barrier.h:112] CreateBarrier: find existing barrier, name: kgcachecontroller, count: 8
W20240212 14:49:45.950894 57249 grad_base.h:55] KGCacheController, config={
        "num_gpus": 8,
        "L": 10,
        "backgrad_init": "both", 
        "kForwardItersPerStep": 2,
        "clr": 0.01,
        "nr_background_threads": 32,
        "backwardMode": "CppAsyncV2",
        "cache_ratio": 0.05,
        "update_cache_use_omp":  1,
        "update_pq_use_omp":  2
        }
W20240212 14:49:45.951026 57249 grad_base.h:184] Init GradProcessingBase done
I20240212 14:49:45.955421 57249 grad_async_v2.h:42] Use main thread to update emb.
W20240212 14:49:45.955669 57249 kg_controller.h:78] after init GradAsyncProcessingV2
I20240212 14:49:45.955680 57249 kg_controller.h:84] Construct KGCacheController done
E20240212 14:49:46.733043 56974 recstore.cc:66] init folly done
E20240212 14:49:46.733268 56857 recstore.cc:66] init folly done
E20240212 14:49:46.733261 57275 recstore.cc:66] init folly done
E20240212 14:49:46.733502 57050 recstore.cc:66] init folly done
E20240212 14:49:46.733568 57059 recstore.cc:66] init folly done
E20240212 14:49:46.734130 57249 recstore.cc:66] init folly done
E20240212 14:49:46.734797 57184 recstore.cc:66] init folly done
E20240212 14:49:46.735333 56922 recstore.cc:66] init folly done
I20240212 14:49:46.736371 57249 grad_base.h:60] GraphEnv RegTensorsPerProcess
W20240212 14:49:47.500180 57836 grad_async_v2.h:137] Detect new sample comes, old_end0, new_end1
E20240212 14:49:47.500772 57836 parallel_pq_v2.h:79] insert failed, size(hashtable)=0
I20240212 14:49:47.535893 57249 IPC_barrier.h:118] CreateBarrier: new barrier, name: start_barrier, count: 8
I20240212 14:49:47.536773 56857 IPC_barrier.h:112] CreateBarrier: find existing barrier, name: start_barrier, count: 8
I20240212 14:49:47.537307 57059 IPC_barrier.h:112] CreateBarrier: find existing barrier, name: start_barrier, count: 8
I20240212 14:49:47.541033 57184 IPC_barrier.h:112] CreateBarrier: find existing barrier, name: start_barrier, count: 8
I20240212 14:49:47.543324 57050 IPC_barrier.h:112] CreateBarrier: find existing barrier, name: start_barrier, count: 8
I20240212 14:49:47.544708 57275 IPC_barrier.h:112] CreateBarrier: find existing barrier, name: start_barrier, count: 8
I20240212 14:49:47.546882 56922 IPC_barrier.h:112] CreateBarrier: find existing barrier, name: start_barrier, count: 8
I20240212 14:49:47.546945 56974 IPC_barrier.h:112] CreateBarrier: find existing barrier, name: start_barrier, count: 8
E20240212 14:49:49.672959 57946 parallel_pq_v2.h:79] insert failed, size(hashtable)=0
+---------------------------+---------------------------+---------------------------+
| Name                      | P50                       | P99                       |
+---------------------------+---------------------------+---------------------------+
| GenInput                  | 788.972 us                | 788.972 us                |
| Forward                   | 424.400 ms                | 424.400 ms                |
| Backward                  | 236.841 ms                | 236.841 ms                |
| Optimize                  | 37.192 ms                 | 37.192 ms                 |
| BarrierTimeBeforeRank0    | 63.021 ms                 | 63.021 ms                 |
+---------------------------+---------------------------+---------------------------+
+---------------------------+---------------------------+---------------------------+
| Name                      | P50                       | P99                       |
+---------------------------+---------------------------+---------------------------+
| clean                     | 148.118 us                | 3.035 ms                  |
| ProcessBack:Shuffle       | 330.743 ms                | 367.333 ms                |
| ProcessBack:UpdateCache   | 749.054 ms                | 749.839 ms                |
+---------------------------+---------------------------+---------------------------+
+---------------------------+---------------------------+---------------------------+
| Name                      | P50                       | P99                       |
+---------------------------+---------------------------+---------------------------+
| GenInput                  | 788.972 us                | 788.972 us                |
| Forward                   | 424.400 ms                | 424.400 ms                |
| Backward                  | 236.841 ms                | 236.841 ms                |
| Optimize                  | 37.192 ms                 | 37.192 ms                 |
| BarrierTimeBeforeRank0    | 63.021 ms                 | 63.021 ms                 |
+---------------------------+---------------------------+---------------------------+
+---------------------------+---------------------------+---------------------------+
| Name                      | P50                       | P99                       |
+---------------------------+---------------------------+---------------------------+
| clean                     | 148.118 us                | 3.035 ms                  |
| ProcessBack:Shuffle       | 330.743 ms                | 367.333 ms                |
| ProcessBack:UpdateCache   | 749.054 ms                | 749.839 ms                |
+---------------------------+---------------------------+---------------------------+
+---------------------------+---------------------------+---------------------------+
| Name                      | P50                       | P99                       |
+---------------------------+---------------------------+---------------------------+
| GenInput                  | 788.972 us                | 788.972 us                |
| Forward                   | 424.400 ms                | 424.400 ms                |
| Backward                  | 236.841 ms                | 236.841 ms                |
| Optimize                  | 37.192 ms                 | 37.192 ms                 |
| BarrierTimeBeforeRank0    | 63.021 ms                 | 63.021 ms                 |
+---------------------------+---------------------------+---------------------------+
+---------------------------+---------------------------+---------------------------+
| Name                      | P50                       | P99                       |
+---------------------------+---------------------------+---------------------------+
| clean                     | 148.118 us                | 3.035 ms                  |
| ProcessBack:Shuffle       | 330.743 ms                | 367.333 ms                |
| ProcessBack:UpdateCache   | 749.054 ms                | 749.839 ms                |
+---------------------------+---------------------------+---------------------------+
+---------------------------+---------------------------+---------------------------+
| Name                      | P50                       | P99                       |
+---------------------------+---------------------------+---------------------------+
| GenInput                  | 788.972 us                | 788.972 us                |
| Forward                   | 424.400 ms                | 424.400 ms                |
| Backward                  | 236.841 ms                | 236.841 ms                |
| Optimize                  | 37.192 ms                 | 37.192 ms                 |
| BarrierTimeBeforeRank0    | 63.021 ms                 | 63.021 ms                 |
+---------------------------+---------------------------+---------------------------+
+---------------------------+---------------------------+---------------------------+
| Name                      | P50                       | P99                       |
+---------------------------+---------------------------+---------------------------+
| clean                     | 148.118 us                | 3.035 ms                  |
| ProcessBack:Shuffle       | 330.743 ms                | 367.333 ms                |
| ProcessBack:UpdateCache   | 749.054 ms                | 749.839 ms                |
+---------------------------+---------------------------+---------------------------+
+---------------------------+---------------------------+---------------------------+
| Name                      | P50                       | P99                       |
+---------------------------+---------------------------+---------------------------+
| GenInput                  | 788.972 us                | 788.972 us                |
| Forward                   | 424.400 ms                | 424.400 ms                |
| Backward                  | 236.841 ms                | 236.841 ms                |
| Optimize                  | 37.192 ms                 | 37.192 ms                 |
| BarrierTimeBeforeRank0    | 63.021 ms                 | 63.021 ms                 |
+---------------------------+---------------------------+---------------------------+
+---------------------------+---------------------------+---------------------------+
| Name                      | P50                       | P99                       |
+---------------------------+---------------------------+---------------------------+
| clean                     | 148.118 us                | 3.035 ms                  |
| ProcessBack:Shuffle       | 330.743 ms                | 367.333 ms                |
| ProcessBack:UpdateCache   | 749.054 ms                | 749.839 ms                |
+---------------------------+---------------------------+---------------------------+
+---------------------------+---------------------------+---------------------------+
| Name                      | P50                       | P99                       |
+---------------------------+---------------------------+---------------------------+
| GenInput                  | 788.972 us                | 788.972 us                |
| Forward                   | 424.400 ms                | 424.400 ms                |
| Backward                  | 236.841 ms                | 236.841 ms                |
| Optimize                  | 37.192 ms                 | 37.192 ms                 |
| BarrierTimeBeforeRank0    | 63.021 ms                 | 63.021 ms                 |
+---------------------------+---------------------------+---------------------------+
+---------------------------+---------------------------+---------------------------+
| Name                      | P50                       | P99                       |
+---------------------------+---------------------------+---------------------------+
| clean                     | 148.118 us                | 3.035 ms                  |
| ProcessBack:Shuffle       | 330.743 ms                | 367.333 ms                |
| ProcessBack:UpdateCache   | 749.054 ms                | 749.839 ms                |
+---------------------------+---------------------------+---------------------------+
+---------------------------+---------------------------+---------------------------+
| Name                      | P50                       | P99                       |
+---------------------------+---------------------------+---------------------------+
| GenInput                  | 788.972 us                | 788.972 us                |
| Forward                   | 424.400 ms                | 424.400 ms                |
| Backward                  | 236.841 ms                | 236.841 ms                |
| Optimize                  | 37.192 ms                 | 37.192 ms                 |
| BarrierTimeBeforeRank0    | 63.021 ms                 | 63.021 ms                 |
+---------------------------+---------------------------+---------------------------+
+---------------------------+---------------------------+---------------------------+
| Name                      | P50                       | P99                       |
+---------------------------+---------------------------+---------------------------+
| clean                     | 148.118 us                | 3.035 ms                  |
| ProcessBack:Shuffle       | 330.743 ms                | 367.333 ms                |
| ProcessBack:UpdateCache   | 749.054 ms                | 749.839 ms                |
+---------------------------+---------------------------+---------------------------+
+---------------------------+---------------------------+---------------------------+
| Name                      | P50                       | P99                       |
+---------------------------+---------------------------+---------------------------+
| GenInput                  | 788.972 us                | 788.972 us                |
| Forward                   | 424.400 ms                | 424.400 ms                |
| Backward                  | 236.841 ms                | 236.841 ms                |
| Optimize                  | 37.192 ms                 | 37.192 ms                 |
| BarrierTimeBeforeRank0    | 63.021 ms                 | 63.021 ms                 |
+---------------------------+---------------------------+---------------------------+
+---------------------------+---------------------------+---------------------------+
| Name                      | P50                       | P99                       |
+---------------------------+---------------------------+---------------------------+
| clean                     | 148.118 us                | 3.035 ms                  |
| ProcessBack:Shuffle       | 330.743 ms                | 367.333 ms                |
| ProcessBack:UpdateCache   | 749.054 ms                | 749.839 ms                |
+---------------------------+---------------------------+---------------------------+
+---------------------------+---------------------------+---------------------------+
| Name                      | P50                       | P99                       |
+---------------------------+---------------------------+---------------------------+
| GenInput                  | 788.972 us                | 788.972 us                |
| Forward                   | 424.400 ms                | 424.400 ms                |
| Backward                  | 236.841 ms                | 236.841 ms                |
| Optimize                  | 37.192 ms                 | 37.192 ms                 |
| BarrierTimeBeforeRank0    | 63.021 ms                 | 63.021 ms                 |
+---------------------------+---------------------------+---------------------------+
+---------------------------+---------------------------+---------------------------+
| Name                      | P50                       | P99                       |
+---------------------------+---------------------------+---------------------------+
| clean                     | 148.118 us                | 3.035 ms                  |
| ProcessBack:Shuffle       | 330.743 ms                | 367.333 ms                |
| ProcessBack:UpdateCache   | 749.054 ms                | 749.839 ms                |
+---------------------------+---------------------------+---------------------------+
+---------------------------+---------------------------+---------------------------+
| Name                      | P50                       | P99                       |
+---------------------------+---------------------------+---------------------------+
| GenInput                  | 788.972 us                | 788.972 us                |
| Forward                   | 424.400 ms                | 424.400 ms                |
| Backward                  | 236.841 ms                | 236.841 ms                |
| Optimize                  | 37.192 ms                 | 37.192 ms                 |
| BarrierTimeBeforeRank0    | 63.021 ms                 | 63.021 ms                 |
+---------------------------+---------------------------+---------------------------+
+---------------------------+---------------------------+---------------------------+
| Name                      | P50                       | P99                       |
+---------------------------+---------------------------+---------------------------+
| clean                     | 148.118 us                | 3.035 ms                  |
| ProcessBack:Shuffle       | 330.743 ms                | 367.333 ms                |
| ProcessBack:UpdateCache   | 749.054 ms                | 749.839 ms                |
+---------------------------+---------------------------+---------------------------+
+---------------------------+---------------------------+---------------------------+
| Name                      | P50                       | P99                       |
+---------------------------+---------------------------+---------------------------+
| GenInput                  | 788.972 us                | 788.972 us                |
| Forward                   | 424.400 ms                | 424.400 ms                |
| Backward                  | 236.841 ms                | 236.841 ms                |
| Optimize                  | 37.192 ms                 | 37.192 ms                 |
| BarrierTimeBeforeRank0    | 63.021 ms                 | 63.021 ms                 |
+---------------------------+---------------------------+---------------------------+
+---------------------------+---------------------------+---------------------------+
| Name                      | P50                       | P99                       |
+---------------------------+---------------------------+---------------------------+
| clean                     | 148.118 us                | 3.035 ms                  |
| ProcessBack:Shuffle       | 330.743 ms                | 367.333 ms                |
| ProcessBack:UpdateCache   | 749.054 ms                | 749.839 ms                |
+---------------------------+---------------------------+---------------------------+
+---------------------------+---------------------------+---------------------------+
| Name                      | P50                       | P99                       |
+---------------------------+---------------------------+---------------------------+
| GenInput                  | 788.972 us                | 788.972 us                |
| Forward                   | 424.400 ms                | 424.400 ms                |
| Backward                  | 236.841 ms                | 236.841 ms                |
| Optimize                  | 37.192 ms                 | 37.192 ms                 |
| BarrierTimeBeforeRank0    | 63.021 ms                 | 63.021 ms                 |
+---------------------------+---------------------------+---------------------------+
+---------------------------+---------------------------+---------------------------+
| Name                      | P50                       | P99                       |
+---------------------------+---------------------------+---------------------------+
| clean                     | 148.118 us                | 3.035 ms                  |
| ProcessBack:Shuffle       | 330.743 ms                | 367.333 ms                |
| ProcessBack:UpdateCache   | 749.054 ms                | 749.839 ms                |
+---------------------------+---------------------------+---------------------------+
+---------------------------+---------------------------+---------------------------+
| Name                      | P50                       | P99                       |
+---------------------------+---------------------------+---------------------------+
| GenInput                  | 788.972 us                | 788.972 us                |
| Forward                   | 424.400 ms                | 424.400 ms                |
| Backward                  | 236.841 ms                | 236.841 ms                |
| Optimize                  | 37.192 ms                 | 37.192 ms                 |
| BarrierTimeBeforeRank0    | 63.021 ms                 | 63.021 ms                 |
+---------------------------+---------------------------+---------------------------+
+---------------------------+---------------------------+---------------------------+
| Name                      | P50                       | P99                       |
+---------------------------+---------------------------+---------------------------+
| clean                     | 148.118 us                | 3.035 ms                  |
| ProcessBack:Shuffle       | 330.743 ms                | 367.333 ms                |
| ProcessBack:UpdateCache   | 749.054 ms                | 749.839 ms                |
+---------------------------+---------------------------+---------------------------+
+---------------------------+---------------------------+---------------------------+
| Name                      | P50                       | P99                       |
+---------------------------+---------------------------+---------------------------+
