WARNING: Logging before InitGoogleLogging() is written to STDERR
I20240211 11:42:59.090839 51722 IPC_barrier.h:128] MultiProcessBarrierFactory->ClearIPCMemory()
W20240211 11:42:59.099269 51722 IPCTensor.h:369] NewIPCTensor: full_emb [9449206, 32]0x100000002000 1.126 GB
/data/home/xieminhui/RecStore/src/framework_adapters/torch/python/perf_rec_model.py:152: DeprecationWarning: The 'warn' function is deprecated, use 'warning' instead
  XLOG.warn("After init DistEmbedding")
WARNING [51722 perf_rec_model.py:152] After init DistEmbedding
========== Running Perf with routine <function routine_local_cache_helper at 0x7fb96ed058a0>==========
Worker 1 pid=53528
Worker 2 pid=53529
Worker 3 pid=53530
Worker 4 pid=53531
Worker 5 pid=53532
Worker 6 pid=53533
INFO [51722 distributed_c10d.py:442] Added key: store_based_barrier_key:1 to store for rank: 0
INFO [53528 distributed_c10d.py:442] Added key: store_based_barrier_key:1 to store for rank: 1
INFO [53529 distributed_c10d.py:442] Added key: store_based_barrier_key:1 to store for rank: 2
INFO [53530 distributed_c10d.py:442] Added key: store_based_barrier_key:1 to store for rank: 3
INFO [53531 distributed_c10d.py:442] Added key: store_based_barrier_key:1 to store for rank: 4
INFO [53532 distributed_c10d.py:442] Added key: store_based_barrier_key:1 to store for rank: 5
INFO [51722 distributed_c10d.py:476] Rank 0: Completed store-based barrier for key:store_based_barrier_key:1 with 8 nodes.
INFO [53534 distributed_c10d.py:442] Added key: store_based_barrier_key:1 to store for rank: 7
INFO [53533 distributed_c10d.py:442] Added key: store_based_barrier_key:1 to store for rank: 6
INFO [53533 distributed_c10d.py:476] Rank 6: Completed store-based barrier for key:store_based_barrier_key:1 with 8 nodes.
INFO [53531 distributed_c10d.py:476] Rank 4: Completed store-based barrier for key:store_based_barrier_key:1 with 8 nodes.
INFO [53534 distributed_c10d.py:476] Rank 7: Completed store-based barrier for key:store_based_barrier_key:1 with 8 nodes.
INFO [53532 distributed_c10d.py:476] Rank 5: Completed store-based barrier for key:store_based_barrier_key:1 with 8 nodes.
E20240211 11:43:05.371990 51722 IPCTensor.h:348] IPCTensor full_emb already exists
INFO [53528 distributed_c10d.py:476] Rank 1: Completed store-based barrier for key:store_based_barrier_key:1 with 8 nodes.
INFO [53530 distributed_c10d.py:476] Rank 3: Completed store-based barrier for key:store_based_barrier_key:1 with 8 nodes.
E20240211 11:43:05.372578 53534 IPCTensor.h:348] IPCTensor full_emb already exists
E20240211 11:43:05.372792 53531 IPCTensor.h:348] IPCTensor full_emb already exists
E20240211 11:43:05.372795 53533 IPCTensor.h:348] IPCTensor full_emb already exists
E20240211 11:43:05.372802 53532 IPCTensor.h:348] IPCTensor full_emb already exists
E20240211 11:43:05.373301 53528 IPCTensor.h:348] IPCTensor full_emb already exists
E20240211 11:43:05.373344 53530 IPCTensor.h:348] IPCTensor full_emb already exists
INFO [53529 distributed_c10d.py:476] Rank 2: Completed store-based barrier for key:store_based_barrier_key:1 with 8 nodes.
E20240211 11:43:05.374405 53529 IPCTensor.h:348] IPCTensor full_emb already exists
W20240211 11:43:10.687489 53528 IPCTensor.h:409] NewIPCGPUTensor: embedding_cache_1 [944920, 32]; dev=1; size=115.3 MB
W20240211 11:43:10.687489 53531 IPCTensor.h:409] NewIPCGPUTensor: embedding_cache_4 [944920, 32]; dev=4; size=115.3 MB
W20240211 11:43:10.687489 53532 IPCTensor.h:409] NewIPCGPUTensor: embedding_cache_5 [944920, 32]; dev=5; size=115.3 MB
W20240211 11:43:10.687975 53533 IPCTensor.h:409] NewIPCGPUTensor: embedding_cache_6 [944920, 32]; dev=6; size=115.3 MB
W20240211 11:43:10.689683 51722 IPCTensor.h:409] NewIPCGPUTensor: embedding_cache_0 [944920, 32]; dev=0; size=115.3 MB
W20240211 11:43:10.693336 53534 IPCTensor.h:409] NewIPCGPUTensor: embedding_cache_7 [944920, 32]; dev=7; size=115.3 MB
W20240211 11:43:10.693419 53529 IPCTensor.h:409] NewIPCGPUTensor: embedding_cache_2 [944920, 32]; dev=2; size=115.3 MB
W20240211 11:43:10.693279 53530 IPCTensor.h:409] NewIPCGPUTensor: embedding_cache_3 [944920, 32]; dev=3; size=115.3 MB
W20240211 11:43:11.470654 53534 IPCTensor.h:369] NewIPCTensor: input_keys_7 [1000000]0x10004817d000 7.629 MB
W20240211 11:43:11.470844 53534 IPCTensor.h:369] NewIPCTensor: input_keys_neg_7 [1000000]0x100048920000 7.629 MB
W20240211 11:43:11.470911 53534 IPCTensor.h:369] NewIPCTensor: backward_grads_7 [1000000, 32]0x1000490c3000 122.1 MB
W20240211 11:43:11.470950 53534 IPCTensor.h:369] NewIPCTensor: backward_grads_neg_7 [1000000, 32]0x100050ad7000 122.1 MB
W20240211 11:43:11.471004 53534 IPCTensor.h:409] NewIPCGPUTensor: backward_grads_7_gpu [1000000, 32]; dev=7; size=122.1 MB
W20240211 11:43:11.471601 53534 IPCTensor.h:409] NewIPCGPUTensor: backward_grads_neg_7_gpu [1000000, 32]; dev=7; size=122.1 MB
W20240211 11:43:11.487321 53533 IPCTensor.h:369] NewIPCTensor: input_keys_6 [1000000]0x1000584f1000 7.629 MB
W20240211 11:43:11.487478 53533 IPCTensor.h:369] NewIPCTensor: input_keys_neg_6 [1000000]0x100058c94000 7.629 MB
W20240211 11:43:11.487535 53533 IPCTensor.h:369] NewIPCTensor: backward_grads_6 [1000000, 32]0x100059437000 122.1 MB
W20240211 11:43:11.487571 53533 IPCTensor.h:369] NewIPCTensor: backward_grads_neg_6 [1000000, 32]0x100060e4b000 122.1 MB
W20240211 11:43:11.487612 53533 IPCTensor.h:409] NewIPCGPUTensor: backward_grads_6_gpu [1000000, 32]; dev=6; size=122.1 MB
W20240211 11:43:11.488436 53533 IPCTensor.h:409] NewIPCGPUTensor: backward_grads_neg_6_gpu [1000000, 32]; dev=6; size=122.1 MB
W20240211 11:43:11.505144 53532 IPCTensor.h:369] NewIPCTensor: input_keys_5 [1000000]0x100068865000 7.629 MB
W20240211 11:43:11.505302 53532 IPCTensor.h:369] NewIPCTensor: input_keys_neg_5 [1000000]0x100069008000 7.629 MB
W20240211 11:43:11.505367 53532 IPCTensor.h:369] NewIPCTensor: backward_grads_5 [1000000, 32]0x1000697ab000 122.1 MB
W20240211 11:43:11.505404 53532 IPCTensor.h:369] NewIPCTensor: backward_grads_neg_5 [1000000, 32]0x1000711bf000 122.1 MB
W20240211 11:43:11.505451 53532 IPCTensor.h:409] NewIPCGPUTensor: backward_grads_5_gpu [1000000, 32]; dev=5; size=122.1 MB
W20240211 11:43:11.507359 53532 IPCTensor.h:409] NewIPCGPUTensor: backward_grads_neg_5_gpu [1000000, 32]; dev=5; size=122.1 MB
W20240211 11:43:11.520319 53528 IPCTensor.h:369] NewIPCTensor: input_keys_1 [1000000]0x100078bd9000 7.629 MB
W20240211 11:43:11.520502 53528 IPCTensor.h:369] NewIPCTensor: input_keys_neg_1 [1000000]0x10007937c000 7.629 MB
W20240211 11:43:11.520598 53528 IPCTensor.h:369] NewIPCTensor: backward_grads_1 [1000000, 32]0x100079b1f000 122.1 MB
W20240211 11:43:11.520668 53528 IPCTensor.h:369] NewIPCTensor: backward_grads_neg_1 [1000000, 32]0x100081533000 122.1 MB
W20240211 11:43:11.520721 53528 IPCTensor.h:409] NewIPCGPUTensor: backward_grads_1_gpu [1000000, 32]; dev=1; size=122.1 MB
W20240211 11:43:11.522774 53528 IPCTensor.h:409] NewIPCGPUTensor: backward_grads_neg_1_gpu [1000000, 32]; dev=1; size=122.1 MB
W20240211 11:43:11.530546 53531 IPCTensor.h:369] NewIPCTensor: input_keys_4 [1000000]0x100088f4d000 7.629 MB
W20240211 11:43:11.530675 53531 IPCTensor.h:369] NewIPCTensor: input_keys_neg_4 [1000000]0x1000896f0000 7.629 MB
W20240211 11:43:11.530731 53531 IPCTensor.h:369] NewIPCTensor: backward_grads_4 [1000000, 32]0x100089e93000 122.1 MB
W20240211 11:43:11.530773 53531 IPCTensor.h:369] NewIPCTensor: backward_grads_neg_4 [1000000, 32]0x1000918a7000 122.1 MB
W20240211 11:43:11.530815 53531 IPCTensor.h:409] NewIPCGPUTensor: backward_grads_4_gpu [1000000, 32]; dev=4; size=122.1 MB
W20240211 11:43:11.531152 53531 IPCTensor.h:409] NewIPCGPUTensor: backward_grads_neg_4_gpu [1000000, 32]; dev=4; size=122.1 MB
W20240211 11:43:11.534684 51722 IPCTensor.h:369] NewIPCTensor: input_keys_0 [1000000]0x1000992c1000 7.629 MB
W20240211 11:43:11.534943 51722 IPCTensor.h:369] NewIPCTensor: input_keys_neg_0 [1000000]0x100099a64000 7.629 MB
W20240211 11:43:11.535033 51722 IPCTensor.h:369] NewIPCTensor: backward_grads_0 [1000000, 32]0x10009a207000 122.1 MB
W20240211 11:43:11.535085 51722 IPCTensor.h:369] NewIPCTensor: backward_grads_neg_0 [1000000, 32]0x1000a1c1b000 122.1 MB
W20240211 11:43:11.535136 51722 IPCTensor.h:409] NewIPCGPUTensor: backward_grads_0_gpu [1000000, 32]; dev=0; size=122.1 MB
W20240211 11:43:11.635115 53530 IPCTensor.h:369] NewIPCTensor: input_keys_3 [1000000]0x1000a9631000 7.629 MB
W20240211 11:43:11.635282 53530 IPCTensor.h:369] NewIPCTensor: input_keys_neg_3 [1000000]0x1000a9dd4000 7.629 MB
W20240211 11:43:11.635345 53530 IPCTensor.h:369] NewIPCTensor: backward_grads_3 [1000000, 32]0x1000aa577000 122.1 MB
W20240211 11:43:11.635396 53530 IPCTensor.h:369] NewIPCTensor: backward_grads_neg_3 [1000000, 32]0x1000b1f8b000 122.1 MB
W20240211 11:43:11.635442 53530 IPCTensor.h:409] NewIPCGPUTensor: backward_grads_3_gpu [1000000, 32]; dev=3; size=122.1 MB
W20240211 11:43:11.638706 53529 IPCTensor.h:369] NewIPCTensor: input_keys_2 [1000000]0x1000b99a1000 7.629 MB
W20240211 11:43:11.638849 53529 IPCTensor.h:369] NewIPCTensor: input_keys_neg_2 [1000000]0x1000ba144000 7.629 MB
W20240211 11:43:11.638918 53529 IPCTensor.h:369] NewIPCTensor: backward_grads_2 [1000000, 32]0x1000ba8e7000 122.1 MB
W20240211 11:43:11.638959 53529 IPCTensor.h:369] NewIPCTensor: backward_grads_neg_2 [1000000, 32]0x1000c22fb000 122.1 MB
W20240211 11:43:11.639006 53529 IPCTensor.h:409] NewIPCGPUTensor: backward_grads_2_gpu [1000000, 32]; dev=2; size=122.1 MB
W20240211 11:43:11.641438 53529 IPCTensor.h:409] NewIPCGPUTensor: backward_grads_neg_2_gpu [1000000, 32]; dev=2; size=122.1 MB
W20240211 11:43:11.703132 51722 IPCTensor.h:409] NewIPCGPUTensor: backward_grads_neg_0_gpu [1000000, 32]; dev=0; size=122.1 MB
W20240211 11:43:11.755440 53530 IPCTensor.h:409] NewIPCGPUTensor: backward_grads_neg_3_gpu [1000000, 32]; dev=3; size=122.1 MB
cudaHostRegister 0x100000002000
4: KnownLocalCachedEmbedding init done
Worker 7 pid=53534
New CachedEmbedding, name=full_emb, shape=(9449206, 32), cache_type=KnownLocalCachedEmbedding
fixed cache_range is [(0, 944920), (944920, 1889840), (1889840, 2834760), (2834760, 3779680), (3779680, 4724600), (4724600, 5669520), (5669520, 6614440), (6614440, 7559360)]
cudaHostRegister 0x100000002000
0: KnownLocalCachedEmbedding init done
cudaHostRegister 0x100000002000
5: KnownLocalCachedEmbedding init done
cudaHostRegister 0x100000002000
7: KnownLocalCachedEmbedding init done
cudaHostRegister 0x100000002000
3: KnownLocalCachedEmbedding init done
cudaHostRegister 0x100000002000
2: KnownLocalCachedEmbedding init done
cudaHostRegister 0x100000002000
6: KnownLocalCachedEmbedding init done
cudaHostRegister 0x100000002000
1: KnownLocalCachedEmbedding init done
W20240211 11:43:16.385260 51722 IPCTensor.h:369] NewIPCTensor: cached_sampler_r0_0 [1000000]0x1000c9d1b000 7.629 MB
W20240211 11:43:16.385509 51722 IPCTensor.h:369] NewIPCTensor: cached_sampler_r0_1 [1000000]0x1000ca4be000 7.629 MB
W20240211 11:43:16.385556 51722 IPCTensor.h:369] NewIPCTensor: cached_sampler_r0_2 [1000000]0x1000cac61000 7.629 MB
W20240211 11:43:16.385591 51722 IPCTensor.h:369] NewIPCTensor: cached_sampler_r0_3 [1000000]0x1000cb404000 7.629 MB
W20240211 11:43:16.385635 51722 IPCTensor.h:369] NewIPCTensor: cached_sampler_r0_4 [1000000]0x1000cbba7000 7.629 MB
W20240211 11:43:16.385684 51722 IPCTensor.h:369] NewIPCTensor: cached_sampler_r0_5 [1000000]0x1000cc34a000 7.629 MB
W20240211 11:43:16.385722 51722 IPCTensor.h:369] NewIPCTensor: cached_sampler_r0_6 [1000000]0x1000ccaed000 7.629 MB
W20240211 11:43:16.385784 51722 IPCTensor.h:369] NewIPCTensor: cached_sampler_r0_7 [1000000]0x1000cd290000 7.629 MB
W20240211 11:43:16.385830 51722 IPCTensor.h:369] NewIPCTensor: cached_sampler_r0_8 [1000000]0x1000cda33000 7.629 MB
W20240211 11:43:16.385864 51722 IPCTensor.h:369] NewIPCTensor: cached_sampler_r0_9 [1000000]0x1000ce1d6000 7.629 MB
W20240211 11:43:16.385911 51722 IPCTensor.h:369] NewIPCTensor: step_r0 [10]0x1000ce979000 80 B 
W20240211 11:43:16.385946 51722 IPCTensor.h:369] NewIPCTensor: circle_buffer_end_r0 [1]0x1000ce97b000 8 B 
W20240211 11:43:16.385988 51722 IPCTensor.h:369] NewIPCTensor: circle_buffer_end_cppseen_r0 [1]0x1000ce97d000 8 B 
Dataset:  /home/xieminhui/RecStoreDataset/avazu_binary
Dataset loaded
np.max =  9449205
np.min=  1
Construct RecModelSampler done
I20240211 11:43:16.386379 51722 IPC_barrier.h:118] CreateBarrier: new barrier, name: kgcachecontroller, count: 8
W20240211 11:43:16.579636 53532 IPCTensor.h:369] NewIPCTensor: cached_sampler_r5_0 [1000000]0x1000ce97f000 7.629 MB
W20240211 11:43:16.579835 53532 IPCTensor.h:369] NewIPCTensor: cached_sampler_r5_1 [1000000]0x1000cf122000 7.629 MB
W20240211 11:43:16.579881 53532 IPCTensor.h:369] NewIPCTensor: cached_sampler_r5_2 [1000000]0x1000cf8c5000 7.629 MB
W20240211 11:43:16.579922 53532 IPCTensor.h:369] NewIPCTensor: cached_sampler_r5_3 [1000000]0x1000d0068000 7.629 MB
W20240211 11:43:16.579957 53532 IPCTensor.h:369] NewIPCTensor: cached_sampler_r5_4 [1000000]0x1000d080b000 7.629 MB
W20240211 11:43:16.580013 53532 IPCTensor.h:369] NewIPCTensor: cached_sampler_r5_5 [1000000]0x1000d0fae000 7.629 MB
W20240211 11:43:16.580067 53532 IPCTensor.h:369] NewIPCTensor: cached_sampler_r5_6 [1000000]0x1000d1751000 7.629 MB
W20240211 11:43:16.580118 53532 IPCTensor.h:369] NewIPCTensor: cached_sampler_r5_7 [1000000]0x1000d1ef4000 7.629 MB
W20240211 11:43:16.580170 53532 IPCTensor.h:369] NewIPCTensor: cached_sampler_r5_8 [1000000]0x1000d2697000 7.629 MB
W20240211 11:43:16.580206 53532 IPCTensor.h:369] NewIPCTensor: cached_sampler_r5_9 [1000000]0x1000d2e3a000 7.629 MB
W20240211 11:43:16.580261 53532 IPCTensor.h:369] NewIPCTensor: step_r5 [10]0x1000d35dd000 80 B 
W20240211 11:43:16.580299 53532 IPCTensor.h:369] NewIPCTensor: circle_buffer_end_r5 [1]0x1000d35df000 8 B 
W20240211 11:43:16.580339 53532 IPCTensor.h:369] NewIPCTensor: circle_buffer_end_cppseen_r5 [1]0x1000d35e1000 8 B 
Dataset:  /home/xieminhui/RecStoreDataset/avazu_binary
Dataset loaded
np.max =  9449205
np.min=  1
Construct RecModelSampler done
I20240211 11:43:16.580749 53532 IPC_barrier.h:112] CreateBarrier: find existing barrier, name: kgcachecontroller, count: 8
W20240211 11:43:16.671998 53533 IPCTensor.h:369] NewIPCTensor: cached_sampler_r6_0 [1000000]0x1000d35e3000 7.629 MB
W20240211 11:43:16.672192 53533 IPCTensor.h:369] NewIPCTensor: cached_sampler_r6_1 [1000000]0x1000d3d86000 7.629 MB
W20240211 11:43:16.672241 53533 IPCTensor.h:369] NewIPCTensor: cached_sampler_r6_2 [1000000]0x1000d4529000 7.629 MB
W20240211 11:43:16.672282 53533 IPCTensor.h:369] NewIPCTensor: cached_sampler_r6_3 [1000000]0x1000d4ccc000 7.629 MB
W20240211 11:43:16.672323 53533 IPCTensor.h:369] NewIPCTensor: cached_sampler_r6_4 [1000000]0x1000d546f000 7.629 MB
W20240211 11:43:16.672385 53533 IPCTensor.h:369] NewIPCTensor: cached_sampler_r6_5 [1000000]0x1000d5c12000 7.629 MB
W20240211 11:43:16.672431 53533 IPCTensor.h:369] NewIPCTensor: cached_sampler_r6_6 [1000000]0x1000d63b5000 7.629 MB
W20240211 11:43:16.672474 53533 IPCTensor.h:369] NewIPCTensor: cached_sampler_r6_7 [1000000]0x1000d6b58000 7.629 MB
W20240211 11:43:16.672545 53533 IPCTensor.h:369] NewIPCTensor: cached_sampler_r6_8 [1000000]0x1000d72fb000 7.629 MB
W20240211 11:43:16.672587 53533 IPCTensor.h:369] NewIPCTensor: cached_sampler_r6_9 [1000000]0x1000d7a9e000 7.629 MB
W20240211 11:43:16.672637 53533 IPCTensor.h:369] NewIPCTensor: step_r6 [10]0x1000d8241000 80 B 
W20240211 11:43:16.672673 53533 IPCTensor.h:369] NewIPCTensor: circle_buffer_end_r6 [1]0x1000d8243000 8 B 
W20240211 11:43:16.672717 53533 IPCTensor.h:369] NewIPCTensor: circle_buffer_end_cppseen_r6 [1]0x1000d8245000 8 B 
Dataset:  /home/xieminhui/RecStoreDataset/avazu_binary
Dataset loaded
np.max =  9449205
np.min=  1
Construct RecModelSampler done
I20240211 11:43:16.673085 53533 IPC_barrier.h:112] CreateBarrier: find existing barrier, name: kgcachecontroller, count: 8
W20240211 11:43:16.723893 53531 IPCTensor.h:369] NewIPCTensor: cached_sampler_r4_0 [1000000]0x1000d8247000 7.629 MB
W20240211 11:43:16.724021 53531 IPCTensor.h:369] NewIPCTensor: cached_sampler_r4_1 [1000000]0x1000d89ea000 7.629 MB
W20240211 11:43:16.724073 53531 IPCTensor.h:369] NewIPCTensor: cached_sampler_r4_2 [1000000]0x1000d918d000 7.629 MB
W20240211 11:43:16.724121 53531 IPCTensor.h:369] NewIPCTensor: cached_sampler_r4_3 [1000000]0x1000d9930000 7.629 MB
W20240211 11:43:16.724164 53531 IPCTensor.h:369] NewIPCTensor: cached_sampler_r4_4 [1000000]0x1000da0d3000 7.629 MB
W20240211 11:43:16.724231 53531 IPCTensor.h:369] NewIPCTensor: cached_sampler_r4_5 [1000000]0x1000da876000 7.629 MB
W20240211 11:43:16.724283 53531 IPCTensor.h:369] NewIPCTensor: cached_sampler_r4_6 [1000000]0x1000db019000 7.629 MB
W20240211 11:43:16.724326 53531 IPCTensor.h:369] NewIPCTensor: cached_sampler_r4_7 [1000000]0x1000db7bc000 7.629 MB
W20240211 11:43:16.724377 53531 IPCTensor.h:369] NewIPCTensor: cached_sampler_r4_8 [1000000]0x1000dbf5f000 7.629 MB
W20240211 11:43:16.724413 53531 IPCTensor.h:369] NewIPCTensor: cached_sampler_r4_9 [1000000]0x1000dc702000 7.629 MB
W20240211 11:43:16.724467 53531 IPCTensor.h:369] NewIPCTensor: step_r4 [10]0x1000dcea5000 80 B 
W20240211 11:43:16.724503 53531 IPCTensor.h:369] NewIPCTensor: circle_buffer_end_r4 [1]0x1000dcea7000 8 B 
W20240211 11:43:16.724542 53531 IPCTensor.h:369] NewIPCTensor: circle_buffer_end_cppseen_r4 [1]0x1000dcea9000 8 B 
Dataset:  /home/xieminhui/RecStoreDataset/avazu_binary
Dataset loaded
np.max =  9449205
np.min=  1
Construct RecModelSampler done
I20240211 11:43:16.724851 53531 IPC_barrier.h:112] CreateBarrier: find existing barrier, name: kgcachecontroller, count: 8
W20240211 11:43:16.781019 53534 IPCTensor.h:369] NewIPCTensor: cached_sampler_r7_0 [1000000]0x1000dceab000 7.629 MB
W20240211 11:43:16.781328 53534 IPCTensor.h:369] NewIPCTensor: cached_sampler_r7_1 [1000000]0x1000dd64e000 7.629 MB
W20240211 11:43:16.781451 53534 IPCTensor.h:369] NewIPCTensor: cached_sampler_r7_2 [1000000]0x1000dddf1000 7.629 MB
W20240211 11:43:16.781556 53534 IPCTensor.h:369] NewIPCTensor: cached_sampler_r7_3 [1000000]0x1000de594000 7.629 MB
W20240211 11:43:16.781651 53534 IPCTensor.h:369] NewIPCTensor: cached_sampler_r7_4 [1000000]0x1000ded37000 7.629 MB
W20240211 11:43:16.781785 53534 IPCTensor.h:369] NewIPCTensor: cached_sampler_r7_5 [1000000]0x1000df4da000 7.629 MB
W20240211 11:43:16.781900 53534 IPCTensor.h:369] NewIPCTensor: cached_sampler_r7_6 [1000000]0x1000dfc7d000 7.629 MB
W20240211 11:43:16.782008 53534 IPCTensor.h:369] NewIPCTensor: cached_sampler_r7_7 [1000000]0x1000e0420000 7.629 MB
W20240211 11:43:16.782132 53534 IPCTensor.h:369] NewIPCTensor: cached_sampler_r7_8 [1000000]0x1000e0bc3000 7.629 MB
W20240211 11:43:16.782227 53534 IPCTensor.h:369] NewIPCTensor: cached_sampler_r7_9 [1000000]0x1000e1366000 7.629 MB
W20240211 11:43:16.782343 53534 IPCTensor.h:369] NewIPCTensor: step_r7 [10]0x1000e1b09000 80 B 
W20240211 11:43:16.782433 53534 IPCTensor.h:369] NewIPCTensor: circle_buffer_end_r7 [1]0x1000e1b0b000 8 B 
W20240211 11:43:16.782533 53534 IPCTensor.h:369] NewIPCTensor: circle_buffer_end_cppseen_r7 [1]0x1000e1b0d000 8 B 
Dataset:  /home/xieminhui/RecStoreDataset/avazu_binary
Dataset loaded
np.max =  9449205
np.min=  1
Construct RecModelSampler done
I20240211 11:43:16.783116 53534 IPC_barrier.h:112] CreateBarrier: find existing barrier, name: kgcachecontroller, count: 8
W20240211 11:43:16.939749 53529 IPCTensor.h:369] NewIPCTensor: cached_sampler_r2_0 [1000000]0x1000e1b0f000 7.629 MB
W20240211 11:43:16.939932 53529 IPCTensor.h:369] NewIPCTensor: cached_sampler_r2_1 [1000000]0x1000e22b2000 7.629 MB
W20240211 11:43:16.939992 53529 IPCTensor.h:369] NewIPCTensor: cached_sampler_r2_2 [1000000]0x1000e2a55000 7.629 MB
W20240211 11:43:16.940034 53529 IPCTensor.h:369] NewIPCTensor: cached_sampler_r2_3 [1000000]0x1000e31f8000 7.629 MB
W20240211 11:43:16.940109 53529 IPCTensor.h:369] NewIPCTensor: cached_sampler_r2_4 [1000000]0x1000e399b000 7.629 MB
W20240211 11:43:16.940176 53529 IPCTensor.h:369] NewIPCTensor: cached_sampler_r2_5 [1000000]0x1000e413e000 7.629 MB
W20240211 11:43:16.940239 53529 IPCTensor.h:369] NewIPCTensor: cached_sampler_r2_6 [1000000]0x1000e48e1000 7.629 MB
W20240211 11:43:16.940305 53529 IPCTensor.h:369] NewIPCTensor: cached_sampler_r2_7 [1000000]0x1000e5084000 7.629 MB
W20240211 11:43:16.940382 53529 IPCTensor.h:369] NewIPCTensor: cached_sampler_r2_8 [1000000]0x1000e5827000 7.629 MB
W20240211 11:43:16.940434 53529 IPCTensor.h:369] NewIPCTensor: cached_sampler_r2_9 [1000000]0x1000e5fca000 7.629 MB
W20240211 11:43:16.940507 53529 IPCTensor.h:369] NewIPCTensor: step_r2 [10]0x1000e676d000 80 B 
W20240211 11:43:16.940564 53529 IPCTensor.h:369] NewIPCTensor: circle_buffer_end_r2 [1]0x1000e676f000 8 B 
W20240211 11:43:16.940616 53529 IPCTensor.h:369] NewIPCTensor: circle_buffer_end_cppseen_r2 [1]0x1000e6771000 8 B 
Dataset:  /home/xieminhui/RecStoreDataset/avazu_binary
Dataset loaded
np.max =  9449205
np.min=  1
Construct RecModelSampler done
I20240211 11:43:16.941057 53529 IPC_barrier.h:112] CreateBarrier: find existing barrier, name: kgcachecontroller, count: 8
W20240211 11:43:16.944820 53530 IPCTensor.h:369] NewIPCTensor: cached_sampler_r3_0 [1000000]0x1000e6773000 7.629 MB
W20240211 11:43:16.945201 53530 IPCTensor.h:369] NewIPCTensor: cached_sampler_r3_1 [1000000]0x1000e6f16000 7.629 MB
W20240211 11:43:16.945375 53530 IPCTensor.h:369] NewIPCTensor: cached_sampler_r3_2 [1000000]0x1000e76b9000 7.629 MB
W20240211 11:43:16.945523 53530 IPCTensor.h:369] NewIPCTensor: cached_sampler_r3_3 [1000000]0x1000e7e5c000 7.629 MB
W20240211 11:43:16.945649 53530 IPCTensor.h:369] NewIPCTensor: cached_sampler_r3_4 [1000000]0x1000e85ff000 7.629 MB
W20240211 11:43:16.945823 53530 IPCTensor.h:369] NewIPCTensor: cached_sampler_r3_5 [1000000]0x1000e8da2000 7.629 MB
W20240211 11:43:16.945986 53530 IPCTensor.h:369] NewIPCTensor: cached_sampler_r3_6 [1000000]0x1000e9545000 7.629 MB
W20240211 11:43:16.946141 53530 IPCTensor.h:369] NewIPCTensor: cached_sampler_r3_7 [1000000]0x1000e9ce8000 7.629 MB
W20240211 11:43:16.946321 53530 IPCTensor.h:369] NewIPCTensor: cached_sampler_r3_8 [1000000]0x1000ea48b000 7.629 MB
W20240211 11:43:16.946460 53530 IPCTensor.h:369] NewIPCTensor: cached_sampler_r3_9 [1000000]0x1000eac2e000 7.629 MB
W20240211 11:43:16.946615 53530 IPCTensor.h:369] NewIPCTensor: step_r3 [10]0x1000eb3d1000 80 B 
W20240211 11:43:16.946732 53530 IPCTensor.h:369] NewIPCTensor: circle_buffer_end_r3 [1]0x1000eb3d3000 8 B 
W20240211 11:43:16.946862 53530 IPCTensor.h:369] NewIPCTensor: circle_buffer_end_cppseen_r3 [1]0x1000eb3d5000 8 B 
Dataset:  /home/xieminhui/RecStoreDataset/avazu_binary
Dataset loaded
np.max =  9449205
np.min=  1
Construct RecModelSampler done
I20240211 11:43:16.947619 53530 IPC_barrier.h:112] CreateBarrier: find existing barrier, name: kgcachecontroller, count: 8
W20240211 11:43:17.102434 53528 IPCTensor.h:369] NewIPCTensor: cached_sampler_r1_0 [1000000]0x1000eb3d7000 7.629 MB
W20240211 11:43:17.102807 53528 IPCTensor.h:369] NewIPCTensor: cached_sampler_r1_1 [1000000]0x1000ebb7a000 7.629 MB
W20240211 11:43:17.102962 53528 IPCTensor.h:369] NewIPCTensor: cached_sampler_r1_2 [1000000]0x1000ec31d000 7.629 MB
W20240211 11:43:17.103103 53528 IPCTensor.h:369] NewIPCTensor: cached_sampler_r1_3 [1000000]0x1000ecac0000 7.629 MB
W20240211 11:43:17.103231 53528 IPCTensor.h:369] NewIPCTensor: cached_sampler_r1_4 [1000000]0x1000ed263000 7.629 MB
W20240211 11:43:17.103394 53528 IPCTensor.h:369] NewIPCTensor: cached_sampler_r1_5 [1000000]0x1000eda06000 7.629 MB
W20240211 11:43:17.103546 53528 IPCTensor.h:369] NewIPCTensor: cached_sampler_r1_6 [1000000]0x1000ee1a9000 7.629 MB
W20240211 11:43:17.103685 53528 IPCTensor.h:369] NewIPCTensor: cached_sampler_r1_7 [1000000]0x1000ee94c000 7.629 MB
W20240211 11:43:17.103849 53528 IPCTensor.h:369] NewIPCTensor: cached_sampler_r1_8 [1000000]0x1000ef0ef000 7.629 MB
W20240211 11:43:17.103981 53528 IPCTensor.h:369] NewIPCTensor: cached_sampler_r1_9 [1000000]0x1000ef892000 7.629 MB
W20240211 11:43:17.104157 53528 IPCTensor.h:369] NewIPCTensor: step_r1 [10]0x1000f0035000 80 B 
W20240211 11:43:17.104277 53528 IPCTensor.h:369] NewIPCTensor: circle_buffer_end_r1 [1]0x1000f0037000 8 B 
W20240211 11:43:17.104422 53528 IPCTensor.h:369] NewIPCTensor: circle_buffer_end_cppseen_r1 [1]0x1000f0039000 8 B 
Dataset:  /home/xieminhui/RecStoreDataset/avazu_binary
Dataset loaded
np.max =  9449205
np.min=  1
Construct RecModelSampler done
I20240211 11:43:17.105192 53528 IPC_barrier.h:112] CreateBarrier: find existing barrier, name: kgcachecontroller, count: 8
W20240211 11:43:17.107702 51722 grad_base.h:55] KGCacheController, config={
        "num_gpus": 8,
        "L": 10,
        "kForwardItersPerStep": 1,
        "clr": 0.01,
        "backwardMode": "CppAsyncV2",
        "nr_background_threads": 16, 
        "cache_ratio": 0.1,
        "backgrad_init": "both",
        "update_pq_use_omp": 2,
        "kUpdatePqWorkerNum": 8
    }
W20240211 11:43:17.107870 51722 grad_base.h:184] Init GradProcessingBase done
I20240211 11:43:18.241770 51722 grad_async_v2.h:42] Use main thread to update emb.
W20240211 11:43:18.242089 51722 kg_controller.h:78] after init GradAsyncProcessingV2
I20240211 11:43:18.242100 51722 kg_controller.h:84] Construct KGCacheController done
E20240211 11:43:19.084856 53532 recstore.cc:66] init folly done
Construct KGCacheControllerWrapper done
E20240211 11:43:19.085767 53531 recstore.cc:66] init folly done
Construct KGCacheControllerWrapper done
E20240211 11:43:19.086078 53530 recstore.cc:66] init folly done
Construct KGCacheControllerWrapper done
E20240211 11:43:19.086277 51722 recstore.cc:66] init folly done
E20240211 11:43:19.086306 53534 recstore.cc:66] init folly done
E20240211 11:43:19.086323 53533 recstore.cc:66] init folly done
Construct KGCacheControllerWrapper done
E20240211 11:43:19.086333 53528 recstore.cc:66] init folly done
E20240211 11:43:19.086333 53529 recstore.cc:66] init folly done
Construct KGCacheControllerWrapper done
Construct KGCacheControllerWrapper done
Construct KGCacheControllerWrapper done
Construct KGCacheControllerWrapper done
I20240211 11:43:19.087335 51722 grad_base.h:60] GraphEnv RegTensorsPerProcess
W20240211 11:43:19.987218 55624 grad_async_v2.h:137] Detect new sample comes, old_end0, new_end1
E20240211 11:43:19.987577 55624 parallel_pq_v2.h:79] insert failed, size(hashtable)=1
Before Training
I20240211 11:43:21.831037 53531 IPC_barrier.h:118] CreateBarrier: new barrier, name: start_barrier, count: 8
Before Training
I20240211 11:43:21.831321 53530 IPC_barrier.h:112] CreateBarrier: find existing barrier, name: start_barrier, count: 8
Before Training
I20240211 11:43:21.832547 53534 IPC_barrier.h:112] CreateBarrier: find existing barrier, name: start_barrier, count: 8
Before Training
I20240211 11:43:21.832914 51722 IPC_barrier.h:112] CreateBarrier: find existing barrier, name: start_barrier, count: 8
Before Training
Before Training
I20240211 11:43:21.833101 53533 IPC_barrier.h:112] CreateBarrier: find existing barrier, name: start_barrier, count: 8
Before Training
Before Training
I20240211 11:43:21.833220 53532 IPC_barrier.h:112] CreateBarrier: find existing barrier, name: start_barrier, count: 8
I20240211 11:43:21.833269 53529 IPC_barrier.h:112] CreateBarrier: find existing barrier, name: start_barrier, count: 8
I20240211 11:43:21.833325 53528 IPC_barrier.h:112] CreateBarrier: find existing barrier, name: start_barrier, count: 8
W20240211 11:43:21.836668 55624 grad_async_v2.h:137] Detect new sample comes, old_end0, new_end1
E20240211 11:43:21.837956 55624 parallel_pq_v2.h:79] insert failed, size(hashtable)=0
========== Step 0 ========== 
+---------------------------+---------------------------+---------------------------+
| Name                      | P50                       | P99                       |
+---------------------------+---------------------------+---------------------------+
| GenInput:CircleBuffer     | 137.843 us                | 137.843 us                |
| GenInput                  | 321.952 us                | 321.952 us                |
| NN                        | 237.251 ms                | 237.251 ms                |
| Forward                   | 239.579 ms                | 239.579 ms                |
+---------------------------+---------------------------+---------------------------+
E20240211 11:43:23.381019 56059 parallel_pq_v2.h:79] insert failed, size(hashtable)=0
W20240211 11:43:23.408986 51722 grad_async_v2.h:270] Sleep in <BlockToStepN>, step_no=1, pq.top=0
W20240211 11:43:23.458964 55624 grad_async_v2.h:137] Detect new sample comes, old_end1, new_end2
========== Step 1 ========== 
INFO [53530 distributed.py:1140] Reducer buckets have been rebuilt in this iteration.
INFO [53528 distributed.py:1140] Reducer buckets have been rebuilt in this iteration.
INFO [53534 distributed.py:1140] Reducer buckets have been rebuilt in this iteration.
INFO [53533 distributed.py:1140] Reducer buckets have been rebuilt in this iteration.
INFO [53531 distributed.py:1140] Reducer buckets have been rebuilt in this iteration.
INFO [53529 distributed.py:1140] Reducer buckets have been rebuilt in this iteration.
INFO [53532 distributed.py:1140] Reducer buckets have been rebuilt in this iteration.
INFO [51722 distributed.py:1140] Reducer buckets have been rebuilt in this iteration.
========== Step 2 ========== 
========== Step 3 ========== 
========== Step 4 ========== 
========== Step 5 ========== 
========== Step 6 ========== 
========== Step 7 ========== 
========== Step 8 ========== 
========== Step 9 ========== 
========== Step 10 ========== 
========== Step 11 ========== 
========== Step 12 ========== 
E20240211 11:43:23.656872 51722 grad_async_v2.h:404] Stalled in ProcessBackward: rank=2, step_no=12, sample_step_cpp_seen_[rank]=11
========== Step 13 ========== 
========== Step 14 ========== 
========== Step 15 ========== 
========== Step 16 ========== 
========== Step 17 ========== 
========== Step 18 ========== 
========== Step 19 ========== 
========== Step 20 ========== 
========== Step 21 ========== 
+---------------------------+---------------------------+---------------------------+
| Name                      | P50                       | P99                       |
+---------------------------+---------------------------+---------------------------+
| clean                     | 120.921 us                | 243.441 us                |
| ProcessBack:Shuffle       | 6.259 ms                  | 295.888 ms                |
| ProcessBack:UpdateCache   | 1.708 ms                  | 867.971 ms                |
| ProcessBack:UpsertPq      | 32.936 us                 | 28.171 ms                 |
| ProcessOneStep            | 8.696 ms                  | 1.206 s                   |
| BlockToStepN              | 47.069 us                 | 48.795 ms                 |
+---------------------------+---------------------------+---------------------------+
========== Step 22 ========== 
========== Step 23 ========== 
========== Step 24 ========== 
========== Step 25 ========== 
========== Step 26 ========== 
E20240211 11:43:24.380028 55624 parallel_pq_v2.h:79] insert failed, size(hashtable)=2
========== Step 27 ========== 
========== Step 28 ========== 
W20240211 11:43:24.465189 55624 grad_async_v2.h:137] Detect new sample comes, old_end7, new_end9
========== Step 29 ========== 
========== Step 30 ========== 
========== Step 31 ========== 
========== Step 32 ========== 
========== Step 33 ========== 
========== Step 34 ========== 
========== Step 35 ========== 
========== Step 36 ========== 
========== Step 37 ========== 
========== Step 38 ========== 
========== Step 39 ========== 
========== Step 40 ========== 
========== Step 41 ========== 
========== Step 42 ========== 
========== Step 43 ========== 
========== Step 44 ========== 
W20240211 11:43:24.938683 51722 grad_async_v2.h:257] pq is empty
========== Step 45 ========== 
========== Step 46 ========== 
========== Step 47 ========== 
========== Step 48 ========== 
========== Step 49 ========== 
========== Step 50 ========== 
========== Step 51 ========== 
========== Step 52 ========== 
========== Step 53 ========== 
========== Step 54 ========== 
========== Step 55 ========== 
========== Step 56 ========== 
E20240211 11:43:25.380079 55624 parallel_pq_v2.h:79] insert failed, size(hashtable)=1
========== Step 57 ========== 
========== Step 58 ========== 
========== Step 59 ========== 
========== Step 60 ========== 
W20240211 11:43:25.467780 55624 grad_async_v2.h:137] Detect new sample comes, old_end2, new_end1
========== Step 61 ========== 
========== Step 62 ========== 
========== Step 63 ========== 
========== Step 64 ========== 
========== Step 65 ========== 
========== Step 66 ========== 
========== Step 67 ========== 
========== Step 68 ========== 
========== Step 69 ========== 
========== Step 70 ========== 
========== Step 71 ========== 
========== Step 72 ========== 
========== Step 73 ========== 
W20240211 11:43:26.116760 51722 grad_async_v2.h:257] pq is empty
========== Step 74 ========== 
E20240211 11:43:26.380066 55624 parallel_pq_v2.h:79] insert failed, size(hashtable)=4
========== Step 75 ========== 
========== Step 76 ========== 
========== Step 77 ========== 
========== Step 78 ========== 
========== Step 79 ========== 
========== Step 80 ========== 
W20240211 11:43:26.465572 51722 grad_async_v2.h:257] pq is empty
========== Step 81 ========== 
W20240211 11:43:26.475943 55624 grad_async_v2.h:137] Detect new sample comes, old_end5, new_end2
W20240211 11:43:26.479427 51722 grad_async_v2.h:257] pq is empty
========== Step 82 ========== 
========== Step 83 ========== 
========== Step 84 ========== 
========== Step 85 ========== 
========== Step 86 ========== 
========== Step 87 ========== 
========== Step 88 ========== 
========== Step 89 ========== 
========== Step 90 ========== 
========== Step 91 ========== 
========== Step 92 ========== 
========== Step 93 ========== 
========== Step 94 ========== 
========== Step 95 ========== 
+---------------------------+---------------------------+---------------------------+
| Name                      | P50                       | P99                       |
+---------------------------+---------------------------+---------------------------+
| GenInput:CircleBuffer     | 90.467 us                 | 298.157 us                |
| GenInput                  | 458.685 us                | 5.989 ms                  |
| NN                        | 771.413 us                | 18.233 ms                 |
| Forward                   | 958.739 us                | 18.455 ms                 |
| Backward                  | 2.749 ms                  | 9.113 ms                  |
| Optimize                  | 231.785 us                | 1.055 ms                  |
| BarrierTimeBeforeRank0    | 376.233 us                | 5.365 ms                  |
| AfterBackward             | 9.131 ms                  | 396.367 ms                |
| BlockToStepN              | 195.606 us                | 654.009 us                |
| OneStep                   | 14.622 ms                 | 401.762 ms                |
+---------------------------+---------------------------+---------------------------+
W20240211 11:43:27.121480 51722 grad_async_v2.h:257] pq is empty
========== Step 96 ========== 
========== Step 97 ========== 
========== Step 98 ========== 
E20240211 11:43:27.380066 55624 parallel_pq_v2.h:79] insert failed, size(hashtable)=3
W20240211 11:43:27.475612 55624 grad_async_v2.h:137] Detect new sample comes, old_end8, new_end9
========== Step 99 ========== 
Step99:rank0, time: 15.378, per_step: 0.153778
Step99:rank3, time: 15.378, per_step: 0.153779
Step99:rank5, time: 15.378, per_step: 0.153779
Step99:rank7, time: 15.378, per_step: 0.153778
Step99:rank2, time: 15.378, per_step: 0.153779
Step99:rank1, time: 15.378, per_step: 0.153782
Step99:rank4, time: 15.378, per_step: 0.153781
Step99:rank6, time: 15.378, per_step: 0.153783
+---------------------------+---------------------------+---------------------------+
| Name                      | P50                       | P99                       |
+---------------------------+---------------------------+---------------------------+
| GenInput:CircleBuffer     | 90.293 us                 | 298.157 us                |
| GenInput                  | 464.034 us                | 5.989 ms                  |
| NN                        | 767.574 us                | 18.233 ms                 |
| Forward                   | 958.385 us                | 18.455 ms                 |
| Backward                  | 2.737 ms                  | 9.113 ms                  |
| Optimize                  | 230.240 us                | 1.055 ms                  |
| BarrierTimeBeforeRank0    | 382.761 us                | 5.365 ms                  |
| AfterBackward             | 9.131 ms                  | 396.367 ms                |
| BlockToStepN              | 196.268 us                | 654.009 us                |
| OneStep                   | 14.651 ms                 | 401.762 ms                |
+---------------------------+---------------------------+---------------------------+
========== Step 100 ========== 
========== Step 101 ========== 
========== Step 102 ========== 
========== Step 103 ========== 
========== Step 104 ========== 
========== Step 105 ========== 
========== Step 106 ========== 
========== Step 107 ========== 
========== Step 108 ========== 
========== Step 109 ========== 
========== Step 110 ========== 
========== Step 111 ========== 
========== Step 112 ========== 
========== Step 113 ========== 
========== Step 114 ========== 
========== Step 115 ========== 
========== Step 116 ========== 
W20240211 11:43:28.272251 51722 grad_async_v2.h:257] pq is empty
========== Step 117 ========== 
========== Step 118 ========== 
========== Step 119 ========== 
========== Step 120 ========== 
========== Step 121 ========== 
E20240211 11:43:28.380091 55624 parallel_pq_v2.h:79] insert failed, size(hashtable)=3
W20240211 11:43:28.529841 55624 grad_async_v2.h:137] Detect new sample comes, old_end5, new_end2
========== Step 122 ========== 
========== Step 123 ========== 
W20240211 11:43:28.699532 51722 grad_async_v2.h:257] pq is empty
========== Step 124 ========== 
========== Step 125 ========== 
========== Step 126 ========== 
========== Step 127 ========== 
========== Step 128 ========== 
========== Step 129 ========== 
========== Step 130 ========== 
========== Step 131 ========== 
W20240211 11:43:28.820499 51722 grad_async_v2.h:257] pq is empty
========== Step 132 ========== 
========== Step 133 ========== 
E20240211 11:43:28.847164 51722 grad_async_v2.h:404] Stalled in ProcessBackward: rank=0, step_no=133, sample_step_cpp_seen_[rank]=132
========== Step 134 ========== 
+---------------------------+---------------------------+---------------------------+
| Name                      | P50                       | P99                       |
+---------------------------+---------------------------+---------------------------+
| clean                     | 100.141 us                | 242.810 us                |
| ProcessBack:Shuffle       | 6.315 ms                  | 14.156 ms                 |
| ProcessBack:UpdateCache   | 1.999 ms                  | 22.079 ms                 |
| ProcessBack:UpsertPq      | 36.773 us                 | 204.962 us                |
| ProcessOneStep            | 9.065 ms                  | 456.954 ms                |
| BlockToStepN              | 179.024 us                | 552.769 us                |
+---------------------------+---------------------------+---------------------------+
========== Step 135 ========== 
========== Step 136 ========== 
========== Step 137 ========== 
========== Step 138 ========== 
========== Step 139 ========== 
========== Step 140 ========== 
========== Step 141 ========== 
========== Step 142 ========== 
========== Step 143 ========== 
========== Step 144 ========== 
========== Step 145 ========== 
========== Step 146 ========== 
E20240211 11:43:29.380030 55624 parallel_pq_v2.h:79] insert failed, size(hashtable)=2
W20240211 11:43:29.533279 55624 grad_async_v2.h:137] Detect new sample comes, old_end6, new_end7
========== Step 147 ========== 
========== Step 148 ========== 
W20240211 11:43:29.593539 51722 grad_async_v2.h:257] pq is empty
========== Step 149 ========== 
========== Step 150 ========== 
========== Step 151 ========== 
========== Step 152 ========== 
========== Step 153 ========== 
========== Step 154 ========== 
========== Step 155 ========== 
========== Step 156 ========== 
========== Step 157 ========== 
========== Step 158 ========== 
========== Step 159 ========== 
========== Step 160 ========== 
========== Step 161 ========== 
========== Step 162 ========== 
W20240211 11:43:30.076393 51722 grad_async_v2.h:257] pq is empty
========== Step 163 ========== 
========== Step 164 ========== 
========== Step 165 ========== 
========== Step 166 ========== 
========== Step 167 ========== 
========== Step 168 ========== 
========== Step 169 ========== 
========== Step 170 ========== 
========== Step 171 ========== 
E20240211 11:43:30.380041 55624 parallel_pq_v2.h:79] insert failed, size(hashtable)=3
========== Step 172 ========== 
========== Step 173 ========== 
========== Step 174 ========== 
========== Step 175 ========== 
========== Step 176 ========== 
========== Step 177 ========== 
========== Step 178 ========== 
W20240211 11:43:30.538251 55624 grad_async_v2.h:137] Detect new sample comes, old_end2, new_end9
========== Step 179 ========== 
========== Step 180 ========== 
========== Step 181 ========== 
========== Step 182 ========== 
========== Step 183 ========== 
========== Step 184 ========== 
========== Step 185 ========== 
W20240211 11:43:30.883599 51722 grad_async_v2.h:257] pq is empty
========== Step 186 ========== 
========== Step 187 ========== 
========== Step 188 ========== 
========== Step 189 ========== 
========== Step 190 ========== 
========== Step 191 ========== 
========== Step 192 ========== 
W20240211 11:43:31.003279 51722 grad_async_v2.h:257] pq is empty
========== Step 193 ========== 
========== Step 194 ========== 
W20240211 11:43:31.357503 51722 grad_async_v2.h:257] pq is empty
========== Step 195 ========== 
E20240211 11:43:31.380003 55624 parallel_pq_v2.h:79] insert failed, size(hashtable)=3
========== Step 196 ========== 
========== Step 197 ========== 
========== Step 198 ========== 
========== Step 199 ========== 
Step199:rank0, time: 3.951, per_step: 0.039117
Step199:rank7, time: 3.951, per_step: 0.039117
Step199:rank5, time: 3.951, per_step: 0.039117
Step199:rank1, time: 3.951, per_step: 0.039116
Step199:rank3, time: 3.951, per_step: 0.039117
Step199:rank4, time: 3.951, per_step: 0.039116
Step199:rank6, time: 3.951, per_step: 0.039116
Step199:rank2, time: 3.951, per_step: 0.039117
+---------------------------+---------------------------+---------------------------+
| Name                      | P50                       | P99                       |
+---------------------------+---------------------------+---------------------------+
| GenInput:CircleBuffer     | 90.163 us                 | 642.616 us                |
| GenInput                  | 447.696 us                | 10.820 ms                 |
| NN                        | 751.282 us                | 8.660 ms                  |
| Forward                   | 934.312 us                | 8.850 ms                  |
| Backward                  | 2.613 ms                  | 9.448 ms                  |
| Optimize                  | 220.200 us                | 1.055 ms                  |
| BarrierTimeBeforeRank0    | 371.339 us                | 5.143 ms                  |
| AfterBackward             | 9.088 ms                  | 396.367 ms                |
| BlockToStepN              | 329.672 us                | 753.882 us                |
| OneStep                   | 14.659 ms                 | 401.762 ms                |
+---------------------------+---------------------------+---------------------------+
========== Step 200 ========== 
========== Step 201 ========== 
========== Step 202 ========== 
========== Step 203 ========== 
========== Step 204 ========== 
========== Step 205 ========== 
========== Step 206 ========== 
W20240211 11:43:31.566274 55624 grad_async_v2.h:137] Detect new sample comes, old_end6, new_end7
========== Step 207 ========== 
========== Step 208 ========== 
========== Step 209 ========== 
========== Step 210 ========== 
========== Step 211 ========== 
========== Step 212 ========== 
========== Step 213 ========== 
========== Step 214 ========== 
========== Step 215 ========== 
========== Step 216 ========== 
========== Step 217 ========== 
========== Step 218 ========== 
========== Step 219 ========== 
+---------------------------+---------------------------+---------------------------+
| Name                      | P50                       | P99                       |
+---------------------------+---------------------------+---------------------------+
| GenInput:CircleBuffer     | 90.134 us                 | 642.616 us                |
| GenInput                  | 457.660 us                | 10.820 ms                 |
| NN                        | 746.676 us                | 8.660 ms                  |
| Forward                   | 928.939 us                | 8.850 ms                  |
| Backward                  | 2.589 ms                  | 10.779 ms                 |
| Optimize                  | 219.487 us                | 1.055 ms                  |
| BarrierTimeBeforeRank0    | 371.918 us                | 5.143 ms                  |
| AfterBackward             | 9.062 ms                  | 396.367 ms                |
| BlockToStepN              | 342.381 us                | 957.448 us                |
| OneStep                   | 14.651 ms                 | 401.762 ms                |
+---------------------------+---------------------------+---------------------------+
========== Step 220 ========== 
========== Step 221 ========== 
========== Step 222 ========== 
========== Step 223 ========== 
E20240211 11:43:32.380040 55624 parallel_pq_v2.h:79] insert failed, size(hashtable)=1
========== Step 224 ========== 
========== Step 225 ========== 
========== Step 226 ========== 
========== Step 227 ========== 
========== Step 228 ========== 
========== Step 229 ========== 
========== Step 230 ========== 
W20240211 11:43:32.596596 55624 grad_async_v2.h:137] Detect new sample comes, old_end2, new_end1
========== Step 231 ========== 
========== Step 232 ========== 
========== Step 233 ========== 
========== Step 234 ========== 
========== Step 235 ========== 
========== Step 236 ========== 
========== Step 237 ========== 
========== Step 238 ========== 
========== Step 239 ========== 
========== Step 240 ========== 
========== Step 241 ========== 
========== Step 242 ========== 
W20240211 11:43:33.041146 51722 grad_async_v2.h:257] pq is empty
========== Step 243 ========== 
W20240211 11:43:33.286317 51722 grad_async_v2.h:257] pq is empty
========== Step 244 ========== 
========== Step 245 ========== 
========== Step 246 ========== 
========== Step 247 ========== 
========== Step 248 ========== 
========== Step 249 ========== 
E20240211 11:43:33.380053 55624 parallel_pq_v2.h:79] insert failed, size(hashtable)=9
========== Step 250 ========== 
========== Step 251 ========== 
========== Step 252 ========== 
========== Step 253 ========== 
========== Step 254 ========== 
W20240211 11:43:33.459277 51722 grad_async_v2.h:257] pq is empty
========== Step 255 ========== 
========== Step 256 ========== 
W20240211 11:43:33.637193 55624 grad_async_v2.h:137] Detect new sample comes, old_end0, new_end7
========== Step 257 ========== 
========== Step 258 ========== 
========== Step 259 ========== 
========== Step 260 ========== 
========== Step 261 ========== 
========== Step 262 ========== 
========== Step 263 ========== 
W20240211 11:43:33.869484 51722 grad_async_v2.h:257] pq is empty
========== Step 264 ========== 
========== Step 265 ========== 
========== Step 266 ========== 
========== Step 267 ========== 
E20240211 11:43:33.934357 51722 grad_async_v2.h:404] Stalled in ProcessBackward: rank=2, step_no=267, sample_step_cpp_seen_[rank]=266
========== Step 268 ========== 
+---------------------------+---------------------------+---------------------------+
| Name                      | P50                       | P99                       |
+---------------------------+---------------------------+---------------------------+
| clean                     | 88.682 us                 | 230.666 us                |
| ProcessBack:Shuffle       | 6.341 ms                  | 13.763 ms                 |
| ProcessBack:UpdateCache   | 2.037 ms                  | 16.959 ms                 |
| ProcessBack:UpsertPq      | 34.971 us                 | 123.996 us                |
| ProcessOneStep            | 9.053 ms                  | 339.552 ms                |
| BlockToStepN              | 304.572 us                | 913.438 us                |
+---------------------------+---------------------------+---------------------------+
========== Step 269 ========== 
========== Step 270 ========== 
========== Step 271 ========== 
========== Step 272 ========== 
========== Step 273 ========== 
========== Step 274 ========== 
========== Step 275 ========== 
E20240211 11:43:34.380013 55624 parallel_pq_v2.h:79] insert failed, size(hashtable)=7
========== Step 276 ========== 
========== Step 277 ========== 
========== Step 278 ========== 
========== Step 279 ========== 
========== Step 280 ========== 
========== Step 281 ========== 
W20240211 11:43:34.681864 55624 grad_async_v2.h:137] Detect new sample comes, old_end8, new_end2
========== Step 282 ========== 
========== Step 283 ========== 
========== Step 284 ========== 
========== Step 285 ========== 
W20240211 11:43:34.795945 51722 grad_async_v2.h:257] pq is empty
