WARNING: Logging before InitGoogleLogging() is written to STDERR
I20240129 13:06:19.780283 23572 IPC_barrier.h:128] MultiProcessBarrierFactory->ClearIPCMemory()
/data/home/xieminhui/RecStore/src/framework_adapters/torch/kg/dgl-0.9.1/python/dgl/_deprecate/graph.py:1023: DGLWarning: multigraph will be deprecated.DGL will treat all graphs as multigraph in the future.
  dgl_warning("multigraph will be deprecated." \
/data/home/xieminhui/RecStore/src/framework_adapters/torch/kg/dgl-0.9.1/python/dgl/heterograph.py:72: DGLWarning: Recommend creating graphs by `dgl.graph(data)` instead of `dgl.DGLGraph(data)`.
  dgl_warning('Recommend creating graphs by `dgl.graph(data)`'
Reading train triples....
Finished. Read 483142 train triples.
Reading valid triples....
Finished. Read 50000 valid triples.
Reading test triples....
Finished. Read 59071 test triples.
ARGS:  Namespace(model_name='TransE', data_path='/home/xieminhui/dgl-data', dataset='FB15k', format='built_in', data_files=None, delimiter='\t', save_path='/tmp/ckpts/TransE_FB15k_16', no_save_emb=True, max_step=500, batch_size=1200, batch_size_eval=16, neg_sample_size=200, neg_deg_sample=False, neg_deg_sample_eval=False, neg_sample_size_eval=14951, eval_percent=1, no_eval_filter=False, log_interval=100, eval_interval=10000, test=False, num_proc=4, num_thread=1, force_sync_interval=1, hidden_dim=400, lr=0.01, gamma=16.0, double_ent=False, double_rel=False, neg_adversarial_sampling=False, adversarial_temperature=1.0, regularization_coef=0.0, regularization_norm=3, pairwise=False, loss_genre='Logsigmoid', margin=1.0, nr_gpus=4, gpu=[0, 1, 2, 3], mix_cpu_gpu=True, valid=False, rel_part=False, async_update=None, has_edge_importance=False, cached_emb_type='KnownLocalCachedEmbedding', use_my_emb=True, cache_ratio=0.1, shuffle=False, backwardMode='CppAsyncV2', L=10, update_cache_use_omp=0, update_pq_use_omp=0, kForwardItersPerStep=2, backgrad_init='both', eval_filter=True, soft_rel_part=False)
|Train|: 483142
original graph:  DGLGraph(num_nodes=14951, num_edges=592213,
         ndata_schemes={}
         edata_schemes={'tid': Scheme(shape=(), dtype=torch.int64)})
Loading cached metis
WARNING [23572 sampler.py:454] Start PreSampling
WARNING [23572 sampler.py:532] Before construct renumbering_dict
WARNING [23572 sampler.py:555] PreSampling done
W20240129 13:06:25.102432 23572 IPCTensor.h:369] NewIPCTensor: cached_sampler_r0_0 [1000000]0x100000002000 7.629 MB
W20240129 13:06:25.102594 23572 IPCTensor.h:369] NewIPCTensor: cached_sampler_r0_1 [1000000]0x1000007a5000 7.629 MB
W20240129 13:06:25.102635 23572 IPCTensor.h:369] NewIPCTensor: cached_sampler_r0_2 [1000000]0x100000f48000 7.629 MB
W20240129 13:06:25.102675 23572 IPCTensor.h:369] NewIPCTensor: cached_sampler_r0_3 [1000000]0x1000016eb000 7.629 MB
W20240129 13:06:25.102715 23572 IPCTensor.h:369] NewIPCTensor: cached_sampler_r0_4 [1000000]0x100001e8e000 7.629 MB
W20240129 13:06:25.102749 23572 IPCTensor.h:369] NewIPCTensor: cached_sampler_r0_5 [1000000]0x100002631000 7.629 MB
W20240129 13:06:25.102782 23572 IPCTensor.h:369] NewIPCTensor: cached_sampler_r0_6 [1000000]0x100002dd4000 7.629 MB
W20240129 13:06:25.102816 23572 IPCTensor.h:369] NewIPCTensor: cached_sampler_r0_7 [1000000]0x100003577000 7.629 MB
W20240129 13:06:25.102849 23572 IPCTensor.h:369] NewIPCTensor: cached_sampler_r0_8 [1000000]0x100003d1a000 7.629 MB
W20240129 13:06:25.102885 23572 IPCTensor.h:369] NewIPCTensor: cached_sampler_r0_9 [1000000]0x1000044bd000 7.629 MB
W20240129 13:06:25.102926 23572 IPCTensor.h:369] NewIPCTensor: step_r0 [10]0x100004c60000 80 B 
W20240129 13:06:25.102957 23572 IPCTensor.h:369] NewIPCTensor: circle_buffer_end_r0 [1]0x100004c62000 8 B 
W20240129 13:06:25.102988 23572 IPCTensor.h:369] NewIPCTensor: circle_buffer_end_cppseen_r0 [1]0x100004c64000 8 B 
W20240129 13:06:25.103097 23572 IPCTensor.h:369] NewIPCTensor: cached_sampler_r1_0 [1000000]0x100004c66000 7.629 MB
W20240129 13:06:25.103139 23572 IPCTensor.h:369] NewIPCTensor: cached_sampler_r1_1 [1000000]0x100005409000 7.629 MB
W20240129 13:06:25.103168 23572 IPCTensor.h:369] NewIPCTensor: cached_sampler_r1_2 [1000000]0x100005bac000 7.629 MB
W20240129 13:06:25.103219 23572 IPCTensor.h:369] NewIPCTensor: cached_sampler_r1_3 [1000000]0x10000634f000 7.629 MB
W20240129 13:06:25.103255 23572 IPCTensor.h:369] NewIPCTensor: cached_sampler_r1_4 [1000000]0x100006af2000 7.629 MB
W20240129 13:06:25.103292 23572 IPCTensor.h:369] NewIPCTensor: cached_sampler_r1_5 [1000000]0x100007295000 7.629 MB
W20240129 13:06:25.103322 23572 IPCTensor.h:369] NewIPCTensor: cached_sampler_r1_6 [1000000]0x100007a38000 7.629 MB
W20240129 13:06:25.103353 23572 IPCTensor.h:369] NewIPCTensor: cached_sampler_r1_7 [1000000]0x1000081db000 7.629 MB
W20240129 13:06:25.103382 23572 IPCTensor.h:369] NewIPCTensor: cached_sampler_r1_8 [1000000]0x10000897e000 7.629 MB
W20240129 13:06:25.103411 23572 IPCTensor.h:369] NewIPCTensor: cached_sampler_r1_9 [1000000]0x100009121000 7.629 MB
W20240129 13:06:25.103440 23572 IPCTensor.h:369] NewIPCTensor: step_r1 [10]0x1000098c4000 80 B 
W20240129 13:06:25.103466 23572 IPCTensor.h:369] NewIPCTensor: circle_buffer_end_r1 [1]0x1000098c6000 8 B 
W20240129 13:06:25.103490 23572 IPCTensor.h:369] NewIPCTensor: circle_buffer_end_cppseen_r1 [1]0x1000098c8000 8 B 
W20240129 13:06:25.103554 23572 IPCTensor.h:369] NewIPCTensor: cached_sampler_r2_0 [1000000]0x1000098ca000 7.629 MB
W20240129 13:06:25.103588 23572 IPCTensor.h:369] NewIPCTensor: cached_sampler_r2_1 [1000000]0x10000a06d000 7.629 MB
W20240129 13:06:25.103618 23572 IPCTensor.h:369] NewIPCTensor: cached_sampler_r2_2 [1000000]0x10000a810000 7.629 MB
W20240129 13:06:25.103650 23572 IPCTensor.h:369] NewIPCTensor: cached_sampler_r2_3 [1000000]0x10000afb3000 7.629 MB
W20240129 13:06:25.103682 23572 IPCTensor.h:369] NewIPCTensor: cached_sampler_r2_4 [1000000]0x10000b756000 7.629 MB
W20240129 13:06:25.103717 23572 IPCTensor.h:369] NewIPCTensor: cached_sampler_r2_5 [1000000]0x10000bef9000 7.629 MB
W20240129 13:06:25.103752 23572 IPCTensor.h:369] NewIPCTensor: cached_sampler_r2_6 [1000000]0x10000c69c000 7.629 MB
W20240129 13:06:25.103783 23572 IPCTensor.h:369] NewIPCTensor: cached_sampler_r2_7 [1000000]0x10000ce3f000 7.629 MB
W20240129 13:06:25.103821 23572 IPCTensor.h:369] NewIPCTensor: cached_sampler_r2_8 [1000000]0x10000d5e2000 7.629 MB
W20240129 13:06:25.103864 23572 IPCTensor.h:369] NewIPCTensor: cached_sampler_r2_9 [1000000]0x10000dd85000 7.629 MB
W20240129 13:06:25.103896 23572 IPCTensor.h:369] NewIPCTensor: step_r2 [10]0x10000e528000 80 B 
W20240129 13:06:25.103921 23572 IPCTensor.h:369] NewIPCTensor: circle_buffer_end_r2 [1]0x10000e52a000 8 B 
W20240129 13:06:25.103950 23572 IPCTensor.h:369] NewIPCTensor: circle_buffer_end_cppseen_r2 [1]0x10000e52c000 8 B 
W20240129 13:06:25.104007 23572 IPCTensor.h:369] NewIPCTensor: cached_sampler_r3_0 [1000000]0x10000e52e000 7.629 MB
W20240129 13:06:25.104044 23572 IPCTensor.h:369] NewIPCTensor: cached_sampler_r3_1 [1000000]0x10000ecd1000 7.629 MB
W20240129 13:06:25.104111 23572 IPCTensor.h:369] NewIPCTensor: cached_sampler_r3_2 [1000000]0x10000f474000 7.629 MB
W20240129 13:06:25.104149 23572 IPCTensor.h:369] NewIPCTensor: cached_sampler_r3_3 [1000000]0x10000fc17000 7.629 MB
W20240129 13:06:25.104192 23572 IPCTensor.h:369] NewIPCTensor: cached_sampler_r3_4 [1000000]0x1000103ba000 7.629 MB
W20240129 13:06:25.104226 23572 IPCTensor.h:369] NewIPCTensor: cached_sampler_r3_5 [1000000]0x100010b5d000 7.629 MB
W20240129 13:06:25.104266 23572 IPCTensor.h:369] NewIPCTensor: cached_sampler_r3_6 [1000000]0x100011300000 7.629 MB
W20240129 13:06:25.104307 23572 IPCTensor.h:369] NewIPCTensor: cached_sampler_r3_7 [1000000]0x100011aa3000 7.629 MB
W20240129 13:06:25.104342 23572 IPCTensor.h:369] NewIPCTensor: cached_sampler_r3_8 [1000000]0x100012246000 7.629 MB
W20240129 13:06:25.104377 23572 IPCTensor.h:369] NewIPCTensor: cached_sampler_r3_9 [1000000]0x1000129e9000 7.629 MB
W20240129 13:06:25.104411 23572 IPCTensor.h:369] NewIPCTensor: step_r3 [10]0x10001318c000 80 B 
W20240129 13:06:25.104441 23572 IPCTensor.h:369] NewIPCTensor: circle_buffer_end_r3 [1]0x10001318e000 8 B 
W20240129 13:06:25.104470 23572 IPCTensor.h:369] NewIPCTensor: circle_buffer_end_cppseen_r3 [1]0x100013190000 8 B 
W20240129 13:06:25.354218 23572 IPCTensor.h:369] NewIPCTensor: full_emb [14951, 400]0x100013192000 22.81 MB
W20240129 13:06:25.354498 23572 IPCTensor.h:369] NewIPCTensor: full_emb_SparseRowWiseAdaGrad_sum [14951]0x100014864000 58.4 kB
{0: Graph(num_nodes=9703, num_edges=161860,
      ndata_schemes={'_ID': Scheme(shape=(), dtype=torch.int64), 'inner_node': Scheme(shape=(), dtype=torch.int32), 'part_id': Scheme(shape=(), dtype=torch.int64)}
      edata_schemes={'_ID': Scheme(shape=(), dtype=torch.int64), 'inner_edge': Scheme(shape=(), dtype=torch.int8)}), 1: Graph(num_nodes=11374, num_edges=168961,
      ndata_schemes={'_ID': Scheme(shape=(), dtype=torch.int64), 'inner_node': Scheme(shape=(), dtype=torch.int32), 'part_id': Scheme(shape=(), dtype=torch.int64)}
      edata_schemes={'_ID': Scheme(shape=(), dtype=torch.int64), 'inner_edge': Scheme(shape=(), dtype=torch.int8)}), 2: Graph(num_nodes=10715, num_edges=190828,
      ndata_schemes={'_ID': Scheme(shape=(), dtype=torch.int64), 'inner_node': Scheme(shape=(), dtype=torch.int32), 'part_id': Scheme(shape=(), dtype=torch.int64)}
      edata_schemes={'_ID': Scheme(shape=(), dtype=torch.int64), 'inner_edge': Scheme(shape=(), dtype=torch.int8)}), 3: Graph(num_nodes=11184, num_edges=240046,
      ndata_schemes={'_ID': Scheme(shape=(), dtype=torch.int64), 'inner_node': Scheme(shape=(), dtype=torch.int32), 'part_id': Scheme(shape=(), dtype=torch.int64)}
      edata_schemes={'_ID': Scheme(shape=(), dtype=torch.int64), 'inner_edge': Scheme(shape=(), dtype=torch.int8)})}
MertisPartition: part 0 has 9703 N 161860 E
MertisPartition: part 1 has 11374 N 168961 E
MertisPartition: part 2 has 10715 N 190828 E
MertisPartition: part 3 has 11184 N 240046 E
Rank0: cached key size 373
Rank1: cached key size 373
Rank2: cached key size 373
Rank3: cached key size 373
Before renumbering graph:  {'_ID': tensor([   6,   10,   11,  ..., 5824, 6189, 2559]), 'inner_node': tensor([1, 1, 1,  ..., 0, 0, 0], dtype=torch.int32), 'part_id': tensor([0, 0, 0,  ..., 1, 1, 2])}
After renumbering graph:  {'_ID': tensor([1578, 1636, 1653,  ..., 8062, 5016, 7841]), 'inner_node': tensor([1, 1, 1,  ..., 0, 0, 0], dtype=torch.int32), 'part_id': tensor([0, 0, 0,  ..., 1, 1, 2])}
part_g: DGLGraph(num_nodes=9703, num_edges=161860,
         ndata_schemes={'_ID': Scheme(shape=(), dtype=torch.int64)}
         edata_schemes={'tid': Scheme(shape=(), dtype=torch.int64)})
part_g: DGLGraph(num_nodes=9703, num_edges=161860,
         ndata_schemes={'_ID': Scheme(shape=(), dtype=torch.int64)}
         edata_schemes={'tid': Scheme(shape=(), dtype=torch.int64)})
Total initialize time 5.677 seconds
[Rank1] pid = 23996
[Rank2] pid = 24034
INFO [23572 distributed_c10d.py:442] Added key: store_based_barrier_key:1 to store for rank: 0
INFO [23996 distributed_c10d.py:442] Added key: store_based_barrier_key:1 to store for rank: 1
INFO [24034 distributed_c10d.py:442] Added key: store_based_barrier_key:1 to store for rank: 2
INFO [24124 distributed_c10d.py:442] Added key: store_based_barrier_key:1 to store for rank: 3
INFO [23572 distributed_c10d.py:476] Rank 0: Completed store-based barrier for key:store_based_barrier_key:1 with 4 nodes.
INFO [23996 distributed_c10d.py:476] Rank 1: Completed store-based barrier for key:store_based_barrier_key:1 with 4 nodes.
INFO [24124 distributed_c10d.py:476] Rank 3: Completed store-based barrier for key:store_based_barrier_key:1 with 4 nodes.
INFO [24034 distributed_c10d.py:476] Rank 2: Completed store-based barrier for key:store_based_barrier_key:1 with 4 nodes.
W20240129 13:06:26.322821 24125 IPCTensor.h:409] NewIPCGPUTensor: embedding_cache_0 [1495, 400]; dev=0; size=2.281 MB
W20240129 13:06:26.323668 24188 IPCTensor.h:409] NewIPCGPUTensor: embedding_cache_3 [1495, 400]; dev=3; size=2.281 MB
W20240129 13:06:26.323782 23997 IPCTensor.h:409] NewIPCGPUTensor: embedding_cache_1 [1495, 400]; dev=1; size=2.281 MB
W20240129 13:06:26.323788 24061 IPCTensor.h:409] NewIPCGPUTensor: embedding_cache_2 [1495, 400]; dev=2; size=2.281 MB
W20240129 13:06:26.351445 24125 IPCTensor.h:369] NewIPCTensor: input_keys_0 [1000000]0x100014876000 7.629 MB
W20240129 13:06:26.351617 24125 IPCTensor.h:369] NewIPCTensor: input_keys_neg_0 [1000000]0x100015019000 7.629 MB
W20240129 13:06:26.351680 24125 IPCTensor.h:369] NewIPCTensor: backward_grads_0 [1000000, 400]0x1000157bc000 1.49 GB
W20240129 13:06:26.351738 24125 IPCTensor.h:369] NewIPCTensor: backward_grads_neg_0 [1000000, 400]0x100074d9f000 1.49 GB
W20240129 13:06:26.351800 24125 IPCTensor.h:409] NewIPCGPUTensor: backward_grads_0_gpu [1000000, 400]; dev=0; size=1.49 GB
W20240129 13:06:26.352090 24188 IPCTensor.h:369] NewIPCTensor: input_keys_3 [1000000]0x1000d4386000 7.629 MB
W20240129 13:06:26.352095 23997 IPCTensor.h:369] NewIPCTensor: input_keys_1 [1000000]0x1000d4b29000 7.629 MB
W20240129 13:06:26.352262 23997 IPCTensor.h:369] NewIPCTensor: input_keys_neg_1 [1000000]0x1000d52cc000 7.629 MB
W20240129 13:06:26.352268 24188 IPCTensor.h:369] NewIPCTensor: input_keys_neg_3 [1000000]0x1000d5a6f000 7.629 MB
W20240129 13:06:26.352345 23997 IPCTensor.h:369] NewIPCTensor: backward_grads_1 [1000000, 400]0x1000d6212000 1.49 GB
W20240129 13:06:26.352363 24188 IPCTensor.h:369] NewIPCTensor: backward_grads_3 [1000000, 400]0x1001357f5000 1.49 GB
W20240129 13:06:26.352416 23997 IPCTensor.h:369] NewIPCTensor: backward_grads_neg_1 [1000000, 400]0x100194dd8000 1.49 GB
W20240129 13:06:26.352437 24188 IPCTensor.h:369] NewIPCTensor: backward_grads_neg_3 [1000000, 400]0x1001f43bb000 1.49 GB
W20240129 13:06:26.352469 23997 IPCTensor.h:409] NewIPCGPUTensor: backward_grads_1_gpu [1000000, 400]; dev=1; size=1.49 GB
W20240129 13:06:26.352492 24188 IPCTensor.h:409] NewIPCGPUTensor: backward_grads_3_gpu [1000000, 400]; dev=3; size=1.49 GB
W20240129 13:06:26.354205 24061 IPCTensor.h:369] NewIPCTensor: input_keys_2 [1000000]0x1002539a0000 7.629 MB
W20240129 13:06:26.354348 24061 IPCTensor.h:369] NewIPCTensor: input_keys_neg_2 [1000000]0x100254143000 7.629 MB
W20240129 13:06:26.354435 24061 IPCTensor.h:369] NewIPCTensor: backward_grads_2 [1000000, 400]0x1002548e6000 1.49 GB
W20240129 13:06:26.354499 24061 IPCTensor.h:369] NewIPCTensor: backward_grads_neg_2 [1000000, 400]0x1002b3ec9000 1.49 GB
W20240129 13:06:26.354557 24061 IPCTensor.h:409] NewIPCGPUTensor: backward_grads_2_gpu [1000000, 400]; dev=2; size=1.49 GB
W20240129 13:06:26.359081 24125 IPCTensor.h:409] NewIPCGPUTensor: backward_grads_neg_0_gpu [1000000, 400]; dev=0; size=1.49 GB
W20240129 13:06:26.359169 23997 IPCTensor.h:409] NewIPCGPUTensor: backward_grads_neg_1_gpu [1000000, 400]; dev=1; size=1.49 GB
W20240129 13:06:26.359181 24188 IPCTensor.h:409] NewIPCGPUTensor: backward_grads_neg_3_gpu [1000000, 400]; dev=3; size=1.49 GB
W20240129 13:06:26.360621 24061 IPCTensor.h:409] NewIPCGPUTensor: backward_grads_neg_2_gpu [1000000, 400]; dev=2; size=1.49 GB
cudaHostRegister 0x100013192000
1: KnownLocalCachedEmbedding init done
WARNING [23996 DistTensor.py:56] The tensor name already exists in the kvstore
cudaHostRegister 0x100013192000
2: KnownLocalCachedEmbedding init done
WARNING [24034 DistTensor.py:56] The tensor name already exists in the kvstore
cudaHostRegister 0x100013192000
3: KnownLocalCachedEmbedding init done
WARNING [24124 DistTensor.py:56] The tensor name already exists in the kvstore
[Rank3] pid = 24124
New CachedEmbedding, name=full_emb, shape=(14951, 400), cache_type=KnownLocalCachedEmbedding
fixed cache_range is [(0, 1495), (1495, 2990), (2990, 4485), (4485, 5980)]
cudaHostRegister 0x100013192000
0: KnownLocalCachedEmbedding init done
WARNING [23572 DistTensor.py:56] The tensor name already exists in the kvstore
I20240129 13:06:27.964342 24125 IPC_barrier.h:118] CreateBarrier: new barrier, name: kgcachecontroller, count: 4
I20240129 13:06:27.964438 24061 IPC_barrier.h:112] CreateBarrier: find existing barrier, name: kgcachecontroller, count: 4
I20240129 13:06:27.964576 23997 IPC_barrier.h:112] CreateBarrier: find existing barrier, name: kgcachecontroller, count: 4
I20240129 13:06:27.964684 24188 IPC_barrier.h:112] CreateBarrier: find existing barrier, name: kgcachecontroller, count: 4
W20240129 13:06:27.966336 24125 grad_base.h:55] KGCacheController, config={
        "num_gpus": 4,
        "L": 10,
        "backgrad_init": "both", 
        "kForwardItersPerStep": 2,
        "clr": 1,
        "nr_background_threads": 32,
        "backwardMode": "CppAsyncV2",
        "cache_ratio": 0.1,
        "update_cache_use_omp":  0,
        "update_pq_use_omp":  0
        }
W20240129 13:06:27.966451 24125 grad_base.h:184] Init GradProcessingBase done
I20240129 13:06:27.970695 24125 grad_async_v2.h:32] Use background thread to update emb. nr_background_threads=32
W20240129 13:06:27.970786 24125 kg_controller.h:78] after init GradAsyncProcessingV2
I20240129 13:06:27.970794 24125 kg_controller.h:84] Construct KGCacheController done
E20240129 13:06:28.401424 24188 recstore.cc:66] init folly done
E20240129 13:06:28.401919 24061 recstore.cc:66] init folly done
E20240129 13:06:28.402086 23997 recstore.cc:66] init folly done
E20240129 13:06:28.402086 24125 recstore.cc:66] init folly done
I20240129 13:06:28.403031 24125 grad_base.h:60] GraphEnv RegTensorsPerProcess
W20240129 13:06:28.755201 24642 grad_async_v2.h:121] Detect new sample comes, old_end0, new_end1
E20240129 13:06:28.755579 24642 parallel_pq_v2.h:76] insert failed, size(hashtable)=1
I20240129 13:06:28.793164 24061 IPC_barrier.h:118] CreateBarrier: new barrier, name: start_barrier, count: 4
I20240129 13:06:28.794440 23997 IPC_barrier.h:112] CreateBarrier: find existing barrier, name: start_barrier, count: 4
I20240129 13:06:28.796416 24125 IPC_barrier.h:112] CreateBarrier: find existing barrier, name: start_barrier, count: 4
I20240129 13:06:28.799137 24188 IPC_barrier.h:112] CreateBarrier: find existing barrier, name: start_barrier, count: 4
E20240129 13:06:30.849438 24125 parallel_pq_v2.h:76] insert failed, size(hashtable)=2
W20240129 13:06:30.866390 24125 grad_async_v2.h:250] Sleep in <BlockToStepN>, step_no=1, pq.top=0
W20240129 13:06:30.879670 24642 grad_async_v2.h:121] Detect new sample comes, old_end1, new_end2
E20240129 13:06:31.849040 24642 parallel_pq_v2.h:76] insert failed, size(hashtable)=2541
W20240129 13:06:31.907557 24125 grad_async_v2.h:250] Sleep in <BlockToStepN>, step_no=23, pq.top=22
W20240129 13:06:31.923416 24642 grad_async_v2.h:121] Detect new sample comes, old_end7, new_end3
E20240129 13:06:32.849264 24639 parallel_pq_v2.h:76] insert failed, size(hashtable)=7594
W20240129 13:06:32.929497 24125 grad_async_v2.h:250] Sleep in <BlockToStepN>, step_no=43, pq.top=42
+---------------------------+---------------------------+---------------------------+
| Name                      | P50                       | P99                       |
+---------------------------+---------------------------+---------------------------+
| GenInput                  | 1.387 ms                  | 23.095 ms                 |
| Forward                   | 4.754 ms                  | 753.857 ms                |
| Backward                  | 4.086 ms                  | 233.533 ms                |
| Optimize                  | 1.732 ms                  | 3.920 ms                  |
| BarrierTimeBeforeRank0    | 1.518 ms                  | 7.387 ms                  |
| AfterBackward             | 19.394 ms                 | 1.068 s                   |
| BlockToStepN              | 10.101 ms                 | 29.756 ms                 |
| OneStep                   | 48.035 ms                 | 2.078 s                   |
+---------------------------+---------------------------+---------------------------+
W20240129 13:06:33.059738 24642 grad_async_v2.h:121] Detect new sample comes, old_end8, new_end6
+---------------------------+---------------------------+---------------------------+
| Name                      | P50                       | P99                       |
+---------------------------+---------------------------+---------------------------+
| ProcessBack:Shuffle       | 2.654 ms                  | 321.937 ms                |
| ProcessBack:UpdateCache   | 2.916 ms                  | 582.208 ms                |
| ProcessBack:UpsertPq      | 12.570 ms                 | 23.250 ms                 |
| ProcessOneStep            | 19.357 ms                 | 1.068 s                   |
| BlockToStepN              | 8.937 ms                  | 29.699 ms                 |
+---------------------------+---------------------------+---------------------------+
E20240129 13:06:33.849017 24642 parallel_pq_v2.h:76] insert failed, size(hashtable)=492
W20240129 13:06:33.960548 24125 grad_async_v2.h:250] Sleep in <BlockToStepN>, step_no=62, pq.top=60
W20240129 13:06:34.149571 24642 grad_async_v2.h:121] Detect new sample comes, old_end9, new_end5
E20240129 13:06:34.849021 24642 parallel_pq_v2.h:76] insert failed, size(hashtable)=69
W20240129 13:06:34.986078 24125 grad_async_v2.h:250] Sleep in <BlockToStepN>, step_no=81, pq.top=80
W20240129 13:06:35.167521 24642 grad_async_v2.h:121] Detect new sample comes, old_end7, new_end5
E20240129 13:06:35.849009 24642 parallel_pq_v2.h:76] insert failed, size(hashtable)=101
W20240129 13:06:35.986076 24125 grad_async_v2.h:250] Sleep in <BlockToStepN>, step_no=100, pq.top=100
train_sampler.Prefill()
before start barrier
start train
[proc 3] 100 steps, total: 7.192, sample: 0.348, forward: 1.210, backward: 0.689, update: 0.167
train_sampler.Prefill()
before start barrier
start train
[proc 2] 100 steps, total: 7.198, sample: 0.341, forward: 1.189, backward: 0.711, update: 0.158
train_sampler.Prefill()
before start barrier
start train
[proc 1] 100 steps, total: 7.197, sample: 0.368, forward: 1.239, backward: 0.652, update: 0.167
train_sampler.Prefill()
-------Step 0-------
tensor([ 6595,  8433, 12354,  5509,    69,  5646,  8864,   294,   255, 11169]) tensor([ 1653, 10369,  3260, 14052,  3353,   266,  4079,  6704,  4915, 13995])
-------Step 1-------
tensor([ 6595,  8433, 12354,  5509,    69,  5646,  8864,   294,   255, 11169]) tensor([ 3902,  8465,   123,  7914,   523, 11263, 10749,  3364,  6028, 10083])
-------Step 2-------
tensor([13325, 10094,  8707,  3468,   213,  3395,   161,  8516,  4586,   102]) tensor([11297,  2630,  6646,  8113,  9595,    43, 13494,   873,  9861, 12131])
-------Step 3-------
tensor([13325, 10094,  8707,  3468,   213,  3395,   161,  8516,  4586,   102]) tensor([ 9770,  2380, 14632,  3936,  8302,  3990, 12533,  4421,  6851, 11487])
-------Step 4-------
tensor([12531,  8228,  7231,  2859,  6347, 11776,  9326, 14098,    72, 10430]) tensor([ 1436,  5780, 11033,  9428,   389,   358,  3322,   347, 11068,  8166])
-------Step 5-------
tensor([12531,  8228,  7231,  2859,  6347, 11776,  9326, 14098,    72, 10430]) tensor([ 7114,  7154,  4181, 13478, 11335, 10643,  6240, 11664,   141, 14066])
-------Step 6-------
tensor([ 2651,   186,  3513, 14389,  5205,   178, 12334,  5062,   353,  3650]) tensor([ 6500, 14432, 13395,  4610, 11032,  7531,  2859,  6961, 14637,  9186])
-------Step 7-------
tensor([ 2651,   186,  3513, 14389,  5205,   178, 12334,  5062,   353,  3650]) tensor([10675,  5885,   821,  7562,  2658,  1631,  3171,  3974,  5257,  2572])
-------Step 8-------
tensor([   33,  9834,   256,  8811,  5806, 11391, 12854,  5810,  4836,  4058]) tensor([ 8312,  3657,  2199,  8246,  1199, 13320,  2292,  7314,  8940, 13203])
-------Step 9-------
tensor([   33,  9834,   256,  8811,  5806, 11391, 12854,  5810,  4836,  4058]) tensor([ 6098,  7524,  8836,  3789, 12065,  2890, 14785,  3364,  5417,    40])
before start barrier
start train
[proc 0] 100 steps, total: 7.195, sample: 0.391, forward: 1.236, backward: 0.654, update: 0.188
W20240129 13:06:36.188308 24642 grad_async_v2.h:121] Detect new sample comes, old_end3, new_end4
E20240129 13:06:36.849009 24639 parallel_pq_v2.h:76] insert failed, size(hashtable)=8577
W20240129 13:06:36.986147 24125 grad_async_v2.h:250] Sleep in <BlockToStepN>, step_no=119, pq.top=118
W20240129 13:06:37.190109 24642 grad_async_v2.h:121] Detect new sample comes, old_end2, new_end3
E20240129 13:06:37.849138 24422 parallel_pq_v2.h:76] insert failed, size(hashtable)=525
+---------------------------+---------------------------+---------------------------+
| Name                      | P50                       | P99                       |
+---------------------------+---------------------------+---------------------------+
| GenInput                  | 1.455 ms                  | 23.095 ms                 |
| Forward                   | 4.715 ms                  | 9.447 ms                  |
| Backward                  | 4.183 ms                  | 9.589 ms                  |
| Optimize                  | 1.825 ms                  | 3.450 ms                  |
| BarrierTimeBeforeRank0    | 308.665 us                | 9.695 ms                  |
| AfterBackward             | 20.143 ms                 | 266.470 ms                |
| BlockToStepN              | 11.972 ms                 | 36.478 ms                 |
| OneStep                   | 48.708 ms                 | 290.156 ms                |
+---------------------------+---------------------------+---------------------------+
W20240129 13:06:38.015306 24125 grad_async_v2.h:250] Sleep in <BlockToStepN>, step_no=138, pq.top=138
W20240129 13:06:38.198006 24642 grad_async_v2.h:121] Detect new sample comes, old_end1, new_end2
+---------------------------+---------------------------+---------------------------+
| Name                      | P50                       | P99                       |
+---------------------------+---------------------------+---------------------------+
| ProcessBack:Shuffle       | 2.623 ms                  | 9.511 ms                  |
| ProcessBack:UpdateCache   | 2.831 ms                  | 4.937 ms                  |
| ProcessBack:UpsertPq      | 13.869 ms                 | 20.189 ms                 |
| ProcessOneStep            | 20.111 ms                 | 266.405 ms                |
| BlockToStepN              | 12.038 ms                 | 36.383 ms                 |
+---------------------------+---------------------------+---------------------------+
E20240129 13:06:38.849016 24639 parallel_pq_v2.h:76] insert failed, size(hashtable)=9033
W20240129 13:06:39.019995 24125 grad_async_v2.h:250] Sleep in <BlockToStepN>, step_no=158, pq.top=158
W20240129 13:06:39.202273 24642 grad_async_v2.h:121] Detect new sample comes, old_end1, new_end2
E20240129 13:06:39.849010 24639 parallel_pq_v2.h:76] insert failed, size(hashtable)=8335
W20240129 13:06:40.029083 24125 grad_async_v2.h:250] Sleep in <BlockToStepN>, step_no=177, pq.top=177
W20240129 13:06:40.211025 24642 grad_async_v2.h:121] Detect new sample comes, old_end0, new_end1
E20240129 13:06:40.849016 24639 parallel_pq_v2.h:76] insert failed, size(hashtable)=7026
W20240129 13:06:41.041851 24125 grad_async_v2.h:250] Sleep in <BlockToStepN>, step_no=196, pq.top=196
W20240129 13:06:41.247097 24642 grad_async_v2.h:121] Detect new sample comes, old_end9, new_end0
[proc 3] 200 steps, total: 5.315, sample: 0.376, forward: 0.447, backward: 0.448, update: 0.158
[proc 2] 200 steps, total: 5.315, sample: 0.363, forward: 0.465, backward: 0.554, update: 0.161
[proc 1] 200 steps, total: 5.315, sample: 0.365, forward: 0.444, backward: 0.446, update: 0.163
[proc 0] 200 steps, total: 5.314, sample: 0.405, forward: 0.459, backward: 0.418, update: 0.226
E20240129 13:06:41.849011 24639 parallel_pq_v2.h:76] insert failed, size(hashtable)=4254
W20240129 13:06:42.073817 24125 grad_async_v2.h:250] Sleep in <BlockToStepN>, step_no=215, pq.top=215
W20240129 13:06:42.260823 24642 grad_async_v2.h:121] Detect new sample comes, old_end8, new_end9
E20240129 13:06:42.849007 24422 parallel_pq_v2.h:76] insert failed, size(hashtable)=755
+---------------------------+---------------------------+---------------------------+
| Name                      | P50                       | P99                       |
+---------------------------+---------------------------+---------------------------+
| GenInput                  | 1.520 ms                  | 23.095 ms                 |
| Forward                   | 4.645 ms                  | 8.469 ms                  |
| Backward                  | 4.151 ms                  | 9.575 ms                  |
| Optimize                  | 1.832 ms                  | 3.801 ms                  |
| BarrierTimeBeforeRank0    | 308.665 us                | 7.387 ms                  |
| AfterBackward             | 20.946 ms                 | 47.830 ms                 |
| BlockToStepN              | 12.571 ms                 | 30.401 ms                 |
| OneStep                   | 49.594 ms                 | 103.479 ms                |
+---------------------------+---------------------------+---------------------------+
W20240129 13:06:43.106679 24125 grad_async_v2.h:250] Sleep in <BlockToStepN>, step_no=234, pq.top=233
W20240129 13:06:43.276105 24642 grad_async_v2.h:121] Detect new sample comes, old_end7, new_end8
+---------------------------+---------------------------+---------------------------+
| Name                      | P50                       | P99                       |
+---------------------------+---------------------------+---------------------------+
| ProcessBack:Shuffle       | 2.612 ms                  | 6.144 ms                  |
| ProcessBack:UpdateCache   | 2.807 ms                  | 4.311 ms                  |
| ProcessBack:UpsertPq      | 14.636 ms                 | 20.254 ms                 |
| ProcessOneStep            | 21.043 ms                 | 47.800 ms                 |
| BlockToStepN              | 12.575 ms                 | 30.347 ms                 |
+---------------------------+---------------------------+---------------------------+
E20240129 13:06:43.849009 24125 parallel_pq_v2.h:76] insert failed, size(hashtable)=1180
W20240129 13:06:44.108258 24125 grad_async_v2.h:250] Sleep in <BlockToStepN>, step_no=253, pq.top=253
W20240129 13:06:44.279333 24642 grad_async_v2.h:121] Detect new sample comes, old_end6, new_end7
E20240129 13:06:44.849017 24639 parallel_pq_v2.h:76] insert failed, size(hashtable)=5413
W20240129 13:06:45.108587 24125 grad_async_v2.h:250] Sleep in <BlockToStepN>, step_no=270, pq.top=270
W20240129 13:06:45.288908 24642 grad_async_v2.h:121] Detect new sample comes, old_end2, new_end3
E20240129 13:06:45.849017 24639 parallel_pq_v2.h:76] insert failed, size(hashtable)=7919
W20240129 13:06:46.133345 24125 grad_async_v2.h:250] Sleep in <BlockToStepN>, step_no=287, pq.top=287
W20240129 13:06:46.290886 24642 grad_async_v2.h:121] Detect new sample comes, old_end9, new_end0
E20240129 13:06:46.849016 24639 parallel_pq_v2.h:76] insert failed, size(hashtable)=6445
[proc 0] 300 steps, total: 5.599, sample: 0.412, forward: 0.463, backward: 0.406, update: 0.173
[proc 2] 300 steps, total: 5.599, sample: 0.335, forward: 0.446, backward: 0.501, update: 0.152
[proc 1] 300 steps, total: 5.599, sample: 0.344, forward: 0.456, backward: 0.453, update: 0.158
[proc 3] 300 steps, total: 5.599, sample: 0.334, forward: 0.452, backward: 0.452, update: 0.159
W20240129 13:06:47.133626 24125 grad_async_v2.h:250] Sleep in <BlockToStepN>, step_no=304, pq.top=304
W20240129 13:06:47.291270 24642 grad_async_v2.h:121] Detect new sample comes, old_end6, new_end7
E20240129 13:06:47.849012 24639 parallel_pq_v2.h:76] insert failed, size(hashtable)=5019
+---------------------------+---------------------------+---------------------------+
| Name                      | P50                       | P99                       |
+---------------------------+---------------------------+---------------------------+
| GenInput                  | 1.584 ms                  | 23.555 ms                 |
| Forward                   | 4.636 ms                  | 8.384 ms                  |
| Backward                  | 4.125 ms                  | 9.202 ms                  |
| Optimize                  | 1.795 ms                  | 3.677 ms                  |
| BarrierTimeBeforeRank0    | 308.665 us                | 21.133 ms                 |
| AfterBackward             | 21.773 ms                 | 32.732 ms                 |
| BlockToStepN              | 13.487 ms                 | 30.225 ms                 |
| OneStep                   | 52.018 ms                 | 83.294 ms                 |
+---------------------------+---------------------------+---------------------------+
W20240129 13:06:48.151499 24125 grad_async_v2.h:250] Sleep in <BlockToStepN>, step_no=320, pq.top=319
W20240129 13:06:48.293632 24642 grad_async_v2.h:121] Detect new sample comes, old_end2, new_end3
+---------------------------+---------------------------+---------------------------+
| Name                      | P50                       | P99                       |
+---------------------------+---------------------------+---------------------------+
| ProcessBack:Shuffle       | 2.616 ms                  | 5.154 ms                  |
| ProcessBack:UpdateCache   | 2.790 ms                  | 4.261 ms                  |
| ProcessBack:UpsertPq      | 15.204 ms                 | 20.254 ms                 |
| ProcessOneStep            | 21.773 ms                 | 32.703 ms                 |
| BlockToStepN              | 13.582 ms                 | 30.138 ms                 |
+---------------------------+---------------------------+---------------------------+
E20240129 13:06:48.849010 24639 parallel_pq_v2.h:76] insert failed, size(hashtable)=7102
W20240129 13:06:49.151661 24125 grad_async_v2.h:250] Sleep in <BlockToStepN>, step_no=336, pq.top=336
W20240129 13:06:49.305824 24642 grad_async_v2.h:121] Detect new sample comes, old_end8, new_end9
E20240129 13:06:49.849014 24639 parallel_pq_v2.h:76] insert failed, size(hashtable)=6189
W20240129 13:06:50.151578 24125 grad_async_v2.h:250] Sleep in <BlockToStepN>, step_no=352, pq.top=351
W20240129 13:06:50.337349 24642 grad_async_v2.h:121] Detect new sample comes, old_end5, new_end6
E20240129 13:06:50.849005 24639 parallel_pq_v2.h:76] insert failed, size(hashtable)=8139
W20240129 13:06:51.171476 24125 grad_async_v2.h:250] Sleep in <BlockToStepN>, step_no=369, pq.top=369
W20240129 13:06:51.338775 24642 grad_async_v2.h:121] Detect new sample comes, old_end1, new_end2
E20240129 13:06:51.849007 24639 parallel_pq_v2.h:76] insert failed, size(hashtable)=6485
W20240129 13:06:52.204555 24125 grad_async_v2.h:250] Sleep in <BlockToStepN>, step_no=386, pq.top=386
W20240129 13:06:52.377166 24642 grad_async_v2.h:121] Detect new sample comes, old_end8, new_end9
E20240129 13:06:52.849090 24639 parallel_pq_v2.h:76] insert failed, size(hashtable)=6092
+---------------------------+---------------------------+---------------------------+
| Name                      | P50                       | P99                       |
+---------------------------+---------------------------+---------------------------+
| GenInput                  | 1.636 ms                  | 23.555 ms                 |
| Forward                   | 4.635 ms                  | 7.715 ms                  |
| Backward                  | 4.106 ms                  | 8.879 ms                  |
| Optimize                  | 1.783 ms                  | 3.677 ms                  |
| BarrierTimeBeforeRank0    | 321.098 us                | 26.278 ms                 |
| AfterBackward             | 21.911 ms                 | 32.994 ms                 |
| BlockToStepN              | 14.300 ms                 | 30.401 ms                 |
| OneStep                   | 52.838 ms                 | 92.818 ms                 |
+---------------------------+---------------------------+---------------------------+
[proc 2] 400 steps, total: 6.249, sample: 0.353, forward: 0.445, backward: 0.420, update: 0.152
[proc 3] 400 steps, total: 6.249, sample: 0.355, forward: 0.449, backward: 0.437, update: 0.154
[proc 0] 400 steps, total: 6.249, sample: 0.417, forward: 0.463, backward: 0.424, update: 0.172
[proc 1] 400 steps, total: 6.249, sample: 0.392, forward: 0.469, backward: 0.441, update: 0.155
W20240129 13:06:53.204105 24125 grad_async_v2.h:250] Sleep in <BlockToStepN>, step_no=401, pq.top=401
W20240129 13:06:53.402808 24642 grad_async_v2.h:121] Detect new sample comes, old_end4, new_end5
+---------------------------+---------------------------+---------------------------+
| Name                      | P50                       | P99                       |
+---------------------------+---------------------------+---------------------------+
| ProcessBack:Shuffle       | 2.617 ms                  | 4.097 ms                  |
| ProcessBack:UpdateCache   | 2.765 ms                  | 3.647 ms                  |
| ProcessBack:UpsertPq      | 15.387 ms                 | 22.308 ms                 |
| ProcessOneStep            | 21.914 ms                 | 32.946 ms                 |
| BlockToStepN              | 14.200 ms                 | 30.347 ms                 |
+---------------------------+---------------------------+---------------------------+
E20240129 13:06:53.849011 24639 parallel_pq_v2.h:76] insert failed, size(hashtable)=5872
W20240129 13:06:54.204129 24125 grad_async_v2.h:250] Sleep in <BlockToStepN>, step_no=417, pq.top=417
W20240129 13:06:54.420668 24642 grad_async_v2.h:121] Detect new sample comes, old_end0, new_end1
E20240129 13:06:54.849016 24639 parallel_pq_v2.h:76] insert failed, size(hashtable)=5011
W20240129 13:06:55.204213 24125 grad_async_v2.h:250] Sleep in <BlockToStepN>, step_no=433, pq.top=433
W20240129 13:06:55.431063 24642 grad_async_v2.h:121] Detect new sample comes, old_end6, new_end7
E20240129 13:06:55.849012 24125 parallel_pq_v2.h:76] insert failed, size(hashtable)=1806
W20240129 13:06:56.208266 24125 grad_async_v2.h:250] Sleep in <BlockToStepN>, step_no=449, pq.top=449
W20240129 13:06:56.434690 24642 grad_async_v2.h:121] Detect new sample comes, old_end2, new_end3
E20240129 13:06:56.849006 24125 parallel_pq_v2.h:76] insert failed, size(hashtable)=418
W20240129 13:06:57.232363 24125 grad_async_v2.h:250] Sleep in <BlockToStepN>, step_no=465, pq.top=464
W20240129 13:06:57.448611 24642 grad_async_v2.h:121] Detect new sample comes, old_end8, new_end9
E20240129 13:06:57.849010 24639 parallel_pq_v2.h:76] insert failed, size(hashtable)=8965
+---------------------------+---------------------------+---------------------------+
| Name                      | P50                       | P99                       |
+---------------------------+---------------------------+---------------------------+
| GenInput                  | 1.680 ms                  | 23.820 ms                 |
| Forward                   | 4.626 ms                  | 7.572 ms                  |
| Backward                  | 4.096 ms                  | 8.762 ms                  |
| Optimize                  | 1.787 ms                  | 3.668 ms                  |
| BarrierTimeBeforeRank0    | 328.907 us                | 21.969 ms                 |
| AfterBackward             | 22.084 ms                 | 32.994 ms                 |
| BlockToStepN              | 15.070 ms                 | 30.225 ms                 |
| OneStep                   | 53.488 ms                 | 85.927 ms                 |
+---------------------------+---------------------------+---------------------------+
W20240129 13:06:58.232928 24125 grad_async_v2.h:250] Sleep in <BlockToStepN>, step_no=481, pq.top=480
+---------------------------+---------------------------+---------------------------+
| Name                      | P50                       | P99                       |
+---------------------------+---------------------------+---------------------------+
| ProcessBack:Shuffle       | 2.620 ms                  | 4.072 ms                  |
| ProcessBack:UpdateCache   | 2.757 ms                  | 3.597 ms                  |
| ProcessBack:UpsertPq      | 15.471 ms                 | 24.540 ms                 |
| ProcessOneStep            | 22.059 ms                 | 32.946 ms                 |
| BlockToStepN              | 15.001 ms                 | 30.138 ms                 |
+---------------------------+---------------------------+---------------------------+
W20240129 13:06:58.460374 24642 grad_async_v2.h:121] Detect new sample comes, old_end4, new_end5
E20240129 13:06:58.849006 24639 parallel_pq_v2.h:76] insert failed, size(hashtable)=6835
W20240129 13:06:59.248940 24125 grad_async_v2.h:250] Sleep in <BlockToStepN>, step_no=497, pq.top=496
[proc 0] 500 steps, total: 6.314, sample: 0.467, forward: 0.450, backward: 0.405, update: 0.173
[proc 1] 500 steps, total: 6.314, sample: 0.345, forward: 0.465, backward: 0.428, update: 0.153
[proc 2] 500 steps, total: 6.314, sample: 0.341, forward: 0.450, backward: 0.463, update: 0.160
[proc 3] 500 steps, total: 6.314, sample: 0.346, forward: 0.463, backward: 0.458, update: 0.159
Successfully xmh. training takes 30.671979904174805 seconds
before call kg_cache_controller.StopThreads()
W20240129 13:06:59.468511 24125 grad_async_v2.h:71] call StopThreads. PID = 23572
W20240129 13:06:59.468550 24125 grad_base.h:212] before processOneStepNegThread_.join();
W20240129 13:06:59.468974 24125 grad_base.h:214] after processOneStepNegThread_.join();
W20240129 13:06:59.468988 24125 grad_async_v2.h:73] call GradProcessingBase::StopThreads.
W20240129 13:06:59.478744 24125 grad_async_v2.h:92] StopThreads done.
[W tensorpipe_agent.cpp:725] RPC agent for worker0 encountered error when reading incoming request from worker3: eof (this error originated at tensorpipe/transport/shm/connection_impl.cc:259)
[W tensorpipe_agent.cpp:725] RPC agent for worker0 encountered error when reading incoming request from worker2: eof (this error originated at tensorpipe/transport/shm/connection_impl.cc:259)
[W tensorpipe_agent.cpp:725] RPC agent for worker0 encountered error when reading incoming request from worker1: eof (this error originated at tensorpipe/transport/shm/connection_impl.cc:259)
On rank0, prepare to call self.controller.StopThreads(), self=<python.controller_process.KGCacheControllerWrapper object at 0x7fea7856d710>
