WARNING: Logging before InitGoogleLogging() is written to STDERR
I20240211 08:46:43.279855 12132 IPC_barrier.h:128] MultiProcessBarrierFactory->ClearIPCMemory()
W20240211 08:46:43.285391 12132 IPCTensor.h:369] NewIPCTensor: full_emb [9449206, 32]0x100000002000 1.126 GB
/data/home/xieminhui/RecStore/src/framework_adapters/torch/python/perf_rec_model.py:152: DeprecationWarning: The 'warn' function is deprecated, use 'warning' instead
  XLOG.warn("After init DistEmbedding")
WARNING [12132 perf_rec_model.py:152] After init DistEmbedding
========== Running Perf with routine <function routine_local_cache_helper at 0x7f22374a98a0>==========
Worker 1 pid=12519
Worker 2 pid=12520
Worker 3 pid=12521
Worker 4 pid=12522
Worker 5 pid=12523
Worker 6 pid=12524
INFO [12132 distributed_c10d.py:442] Added key: store_based_barrier_key:1 to store for rank: 0
INFO [12519 distributed_c10d.py:442] Added key: store_based_barrier_key:1 to store for rank: 1
INFO [12520 distributed_c10d.py:442] Added key: store_based_barrier_key:1 to store for rank: 2
INFO [12521 distributed_c10d.py:442] Added key: store_based_barrier_key:1 to store for rank: 3
INFO [12522 distributed_c10d.py:442] Added key: store_based_barrier_key:1 to store for rank: 4
INFO [12523 distributed_c10d.py:442] Added key: store_based_barrier_key:1 to store for rank: 5
INFO [12524 distributed_c10d.py:442] Added key: store_based_barrier_key:1 to store for rank: 6
INFO [12525 distributed_c10d.py:442] Added key: store_based_barrier_key:1 to store for rank: 7
INFO [12522 distributed_c10d.py:476] Rank 4: Completed store-based barrier for key:store_based_barrier_key:1 with 8 nodes.
INFO [12132 distributed_c10d.py:476] Rank 0: Completed store-based barrier for key:store_based_barrier_key:1 with 8 nodes.
INFO [12521 distributed_c10d.py:476] Rank 3: Completed store-based barrier for key:store_based_barrier_key:1 with 8 nodes.
INFO [12523 distributed_c10d.py:476] Rank 5: Completed store-based barrier for key:store_based_barrier_key:1 with 8 nodes.
INFO [12524 distributed_c10d.py:476] Rank 6: Completed store-based barrier for key:store_based_barrier_key:1 with 8 nodes.
INFO [12525 distributed_c10d.py:476] Rank 7: Completed store-based barrier for key:store_based_barrier_key:1 with 8 nodes.
INFO [12520 distributed_c10d.py:476] Rank 2: Completed store-based barrier for key:store_based_barrier_key:1 with 8 nodes.
INFO [12519 distributed_c10d.py:476] Rank 1: Completed store-based barrier for key:store_based_barrier_key:1 with 8 nodes.
E20240211 08:47:00.376952 12132 IPCTensor.h:348] IPCTensor full_emb already exists
E20240211 08:47:00.376989 12522 IPCTensor.h:348] IPCTensor full_emb already exists
E20240211 08:47:00.377049 12523 IPCTensor.h:348] IPCTensor full_emb already exists
E20240211 08:47:00.377054 12521 IPCTensor.h:348] IPCTensor full_emb already exists
E20240211 08:47:00.377074 12524 IPCTensor.h:348] IPCTensor full_emb already exists
E20240211 08:47:00.377104 12525 IPCTensor.h:348] IPCTensor full_emb already exists
E20240211 08:47:00.377241 12520 IPCTensor.h:348] IPCTensor full_emb already exists
E20240211 08:47:00.377262 12519 IPCTensor.h:348] IPCTensor full_emb already exists
W20240211 08:47:05.789557 12520 IPCTensor.h:409] NewIPCGPUTensor: embedding_cache_2 [94492, 32]; dev=2; size=11.53 MB
W20240211 08:47:05.789557 12523 IPCTensor.h:409] NewIPCGPUTensor: embedding_cache_5 [94492, 32]; dev=5; size=11.53 MB
W20240211 08:47:05.789556 12521 IPCTensor.h:409] NewIPCGPUTensor: embedding_cache_3 [94492, 32]; dev=3; size=11.53 MB
W20240211 08:47:05.789646 12525 IPCTensor.h:409] NewIPCGPUTensor: embedding_cache_7 [94492, 32]; dev=7; size=11.53 MB
W20240211 08:47:05.789711 12524 IPCTensor.h:409] NewIPCGPUTensor: embedding_cache_6 [94492, 32]; dev=6; size=11.53 MB
W20240211 08:47:05.792330 12519 IPCTensor.h:409] NewIPCGPUTensor: embedding_cache_1 [94492, 32]; dev=1; size=11.53 MB
W20240211 08:47:05.813225 12132 IPCTensor.h:409] NewIPCGPUTensor: embedding_cache_0 [94492, 32]; dev=0; size=11.53 MB
W20240211 08:47:05.813220 12522 IPCTensor.h:409] NewIPCGPUTensor: embedding_cache_4 [94492, 32]; dev=4; size=11.53 MB
W20240211 08:47:10.475850 12525 IPCTensor.h:369] NewIPCTensor: input_keys_7 [1000000]0x10004817d000 7.629 MB
W20240211 08:47:10.476038 12525 IPCTensor.h:369] NewIPCTensor: input_keys_neg_7 [1000000]0x100048920000 7.629 MB
W20240211 08:47:10.476137 12525 IPCTensor.h:369] NewIPCTensor: backward_grads_7 [1000000, 32]0x1000490c3000 122.1 MB
W20240211 08:47:10.476181 12525 IPCTensor.h:369] NewIPCTensor: backward_grads_neg_7 [1000000, 32]0x100050ad7000 122.1 MB
W20240211 08:47:10.476218 12525 IPCTensor.h:409] NewIPCGPUTensor: backward_grads_7_gpu [1000000, 32]; dev=7; size=122.1 MB
W20240211 08:47:10.476897 12525 IPCTensor.h:409] NewIPCGPUTensor: backward_grads_neg_7_gpu [1000000, 32]; dev=7; size=122.1 MB
W20240211 08:47:10.480975 12524 IPCTensor.h:369] NewIPCTensor: input_keys_6 [1000000]0x1000584f1000 7.629 MB
W20240211 08:47:10.481223 12524 IPCTensor.h:369] NewIPCTensor: input_keys_neg_6 [1000000]0x100058c94000 7.629 MB
W20240211 08:47:10.481310 12524 IPCTensor.h:369] NewIPCTensor: backward_grads_6 [1000000, 32]0x100059437000 122.1 MB
W20240211 08:47:10.481357 12524 IPCTensor.h:369] NewIPCTensor: backward_grads_neg_6 [1000000, 32]0x100060e4b000 122.1 MB
W20240211 08:47:10.481415 12524 IPCTensor.h:409] NewIPCGPUTensor: backward_grads_6_gpu [1000000, 32]; dev=6; size=122.1 MB
W20240211 08:47:10.481793 12524 IPCTensor.h:409] NewIPCGPUTensor: backward_grads_neg_6_gpu [1000000, 32]; dev=6; size=122.1 MB
W20240211 08:47:10.508524 12521 IPCTensor.h:369] NewIPCTensor: input_keys_3 [1000000]0x100068865000 7.629 MB
W20240211 08:47:10.508857 12521 IPCTensor.h:369] NewIPCTensor: input_keys_neg_3 [1000000]0x100069008000 7.629 MB
W20240211 08:47:10.508973 12521 IPCTensor.h:369] NewIPCTensor: backward_grads_3 [1000000, 32]0x1000697ad000 122.1 MB
W20240211 08:47:10.509030 12521 IPCTensor.h:369] NewIPCTensor: backward_grads_neg_3 [1000000, 32]0x1000711c1000 122.1 MB
W20240211 08:47:10.509075 12523 IPCTensor.h:369] NewIPCTensor: input_keys_5 [1000000]0x100078bd5000 7.629 MB
W20240211 08:47:10.509083 12521 IPCTensor.h:409] NewIPCGPUTensor: backward_grads_3_gpu [1000000, 32]; dev=3; size=122.1 MB
W20240211 08:47:10.509203 12523 IPCTensor.h:369] NewIPCTensor: input_keys_neg_5 [1000000]0x100079378000 7.629 MB
W20240211 08:47:10.509287 12523 IPCTensor.h:369] NewIPCTensor: backward_grads_5 [1000000, 32]0x100079b1b000 122.1 MB
W20240211 08:47:10.509330 12523 IPCTensor.h:369] NewIPCTensor: backward_grads_neg_5 [1000000, 32]0x10008152f000 122.1 MB
W20240211 08:47:10.509363 12523 IPCTensor.h:409] NewIPCGPUTensor: backward_grads_5_gpu [1000000, 32]; dev=5; size=122.1 MB
W20240211 08:47:10.510282 12521 IPCTensor.h:409] NewIPCGPUTensor: backward_grads_neg_3_gpu [1000000, 32]; dev=3; size=122.1 MB
W20240211 08:47:10.510950 12523 IPCTensor.h:409] NewIPCGPUTensor: backward_grads_neg_5_gpu [1000000, 32]; dev=5; size=122.1 MB
W20240211 08:47:10.524725 12522 IPCTensor.h:369] NewIPCTensor: input_keys_4 [1000000]0x100088f4f000 7.629 MB
W20240211 08:47:10.524911 12522 IPCTensor.h:369] NewIPCTensor: input_keys_neg_4 [1000000]0x1000896f2000 7.629 MB
W20240211 08:47:10.524994 12522 IPCTensor.h:369] NewIPCTensor: backward_grads_4 [1000000, 32]0x100089e95000 122.1 MB
W20240211 08:47:10.525043 12522 IPCTensor.h:369] NewIPCTensor: backward_grads_neg_4 [1000000, 32]0x1000918a9000 122.1 MB
W20240211 08:47:10.525094 12522 IPCTensor.h:409] NewIPCGPUTensor: backward_grads_4_gpu [1000000, 32]; dev=4; size=122.1 MB
W20240211 08:47:10.525203 12132 IPCTensor.h:369] NewIPCTensor: input_keys_0 [1000000]0x1000992bd000 7.629 MB
W20240211 08:47:10.525499 12132 IPCTensor.h:369] NewIPCTensor: input_keys_neg_0 [1000000]0x100099a60000 7.629 MB
W20240211 08:47:10.525657 12132 IPCTensor.h:369] NewIPCTensor: backward_grads_0 [1000000, 32]0x10009a203000 122.1 MB
W20240211 08:47:10.525727 12132 IPCTensor.h:369] NewIPCTensor: backward_grads_neg_0 [1000000, 32]0x1000a1c17000 122.1 MB
W20240211 08:47:10.525766 12132 IPCTensor.h:409] NewIPCGPUTensor: backward_grads_0_gpu [1000000, 32]; dev=0; size=122.1 MB
W20240211 08:47:10.525874 12522 IPCTensor.h:409] NewIPCGPUTensor: backward_grads_neg_4_gpu [1000000, 32]; dev=4; size=122.1 MB
W20240211 08:47:10.528054 12132 IPCTensor.h:409] NewIPCGPUTensor: backward_grads_neg_0_gpu [1000000, 32]; dev=0; size=122.1 MB
W20240211 08:47:10.557631 12520 IPCTensor.h:369] NewIPCTensor: input_keys_2 [1000000]0x1000a9635000 7.629 MB
W20240211 08:47:10.557775 12520 IPCTensor.h:369] NewIPCTensor: input_keys_neg_2 [1000000]0x1000a9dd8000 7.629 MB
W20240211 08:47:10.557842 12520 IPCTensor.h:369] NewIPCTensor: backward_grads_2 [1000000, 32]0x1000aa57b000 122.1 MB
W20240211 08:47:10.557880 12520 IPCTensor.h:369] NewIPCTensor: backward_grads_neg_2 [1000000, 32]0x1000b1f8f000 122.1 MB
W20240211 08:47:10.557919 12520 IPCTensor.h:409] NewIPCGPUTensor: backward_grads_2_gpu [1000000, 32]; dev=2; size=122.1 MB
W20240211 08:47:10.558976 12520 IPCTensor.h:409] NewIPCGPUTensor: backward_grads_neg_2_gpu [1000000, 32]; dev=2; size=122.1 MB
W20240211 08:47:10.559329 12519 IPCTensor.h:369] NewIPCTensor: input_keys_1 [1000000]0x1000b99a7000 7.629 MB
W20240211 08:47:10.560102 12519 IPCTensor.h:369] NewIPCTensor: input_keys_neg_1 [1000000]0x1000ba14a000 7.629 MB
W20240211 08:47:10.560453 12519 IPCTensor.h:369] NewIPCTensor: backward_grads_1 [1000000, 32]0x1000ba8ef000 122.1 MB
W20240211 08:47:10.560504 12519 IPCTensor.h:369] NewIPCTensor: backward_grads_neg_1 [1000000, 32]0x1000c2303000 122.1 MB
W20240211 08:47:10.560556 12519 IPCTensor.h:409] NewIPCGPUTensor: backward_grads_1_gpu [1000000, 32]; dev=1; size=122.1 MB
W20240211 08:47:10.561830 12519 IPCTensor.h:409] NewIPCGPUTensor: backward_grads_neg_1_gpu [1000000, 32]; dev=1; size=122.1 MB
cudaHostRegister 0x100000002000
4: KnownLocalCachedEmbedding init done
cudaHostRegister 0x100000002000
2: KnownLocalCachedEmbedding init done
cudaHostRegister 0x100000002000
1: KnownLocalCachedEmbedding init done
cudaHostRegister 0x100000002000
3: KnownLocalCachedEmbedding init done
cudaHostRegister 0x100000002000
7: KnownLocalCachedEmbedding init done
cudaHostRegister 0x100000002000
5: KnownLocalCachedEmbedding init done
cudaHostRegister 0x100000002000
6: KnownLocalCachedEmbedding init done
Worker 7 pid=12525
New CachedEmbedding, name=full_emb, shape=(9449206, 32), cache_type=KnownLocalCachedEmbedding
fixed cache_range is [(0, 94492), (94492, 188984), (188984, 283476), (283476, 377968), (377968, 472460), (472460, 566952), (566952, 661444), (661444, 755936)]
cudaHostRegister 0x100000002000
0: KnownLocalCachedEmbedding init done
W20240211 08:47:15.405903 12519 IPCTensor.h:369] NewIPCTensor: cached_sampler_r1_0 [1000000]0x1000c9d1b000 7.629 MB
W20240211 08:47:15.406119 12519 IPCTensor.h:369] NewIPCTensor: cached_sampler_r1_1 [1000000]0x1000ca4be000 7.629 MB
W20240211 08:47:15.406215 12519 IPCTensor.h:369] NewIPCTensor: cached_sampler_r1_2 [1000000]0x1000cac61000 7.629 MB
W20240211 08:47:15.406256 12519 IPCTensor.h:369] NewIPCTensor: cached_sampler_r1_3 [1000000]0x1000cb404000 7.629 MB
W20240211 08:47:15.406294 12519 IPCTensor.h:369] NewIPCTensor: cached_sampler_r1_4 [1000000]0x1000cbba7000 7.629 MB
W20240211 08:47:15.406380 12519 IPCTensor.h:369] NewIPCTensor: cached_sampler_r1_5 [1000000]0x1000cc34a000 7.629 MB
W20240211 08:47:15.406443 12519 IPCTensor.h:369] NewIPCTensor: cached_sampler_r1_6 [1000000]0x1000ccaed000 7.629 MB
W20240211 08:47:15.406512 12519 IPCTensor.h:369] NewIPCTensor: cached_sampler_r1_7 [1000000]0x1000cd290000 7.629 MB
W20240211 08:47:15.406586 12519 IPCTensor.h:369] NewIPCTensor: cached_sampler_r1_8 [1000000]0x1000cda33000 7.629 MB
W20240211 08:47:15.406648 12519 IPCTensor.h:369] NewIPCTensor: cached_sampler_r1_9 [1000000]0x1000ce1d6000 7.629 MB
W20240211 08:47:15.406687 12519 IPCTensor.h:369] NewIPCTensor: step_r1 [10]0x1000ce979000 80 B 
W20240211 08:47:15.406721 12519 IPCTensor.h:369] NewIPCTensor: circle_buffer_end_r1 [1]0x1000ce97b000 8 B 
W20240211 08:47:15.406776 12519 IPCTensor.h:369] NewIPCTensor: circle_buffer_end_cppseen_r1 [1]0x1000ce97d000 8 B 
Dataset:  /home/xieminhui/RecStoreDataset/avazu_binary
Dataset loaded
np.max =  9449205
np.min=  1
Construct RecModelSampler done
I20240211 08:47:15.407248 12519 IPC_barrier.h:118] CreateBarrier: new barrier, name: kgcachecontroller, count: 8
W20240211 08:47:15.411479 12132 IPCTensor.h:369] NewIPCTensor: cached_sampler_r0_0 [1000000]0x1000ce97f000 7.629 MB
W20240211 08:47:15.411734 12132 IPCTensor.h:369] NewIPCTensor: cached_sampler_r0_1 [1000000]0x1000cf122000 7.629 MB
W20240211 08:47:15.411800 12132 IPCTensor.h:369] NewIPCTensor: cached_sampler_r0_2 [1000000]0x1000cf8c5000 7.629 MB
W20240211 08:47:15.411864 12132 IPCTensor.h:369] NewIPCTensor: cached_sampler_r0_3 [1000000]0x1000d0068000 7.629 MB
W20240211 08:47:15.411931 12132 IPCTensor.h:369] NewIPCTensor: cached_sampler_r0_4 [1000000]0x1000d080b000 7.629 MB
W20240211 08:47:15.411998 12132 IPCTensor.h:369] NewIPCTensor: cached_sampler_r0_5 [1000000]0x1000d0fae000 7.629 MB
W20240211 08:47:15.412093 12132 IPCTensor.h:369] NewIPCTensor: cached_sampler_r0_6 [1000000]0x1000d1751000 7.629 MB
W20240211 08:47:15.412158 12132 IPCTensor.h:369] NewIPCTensor: cached_sampler_r0_7 [1000000]0x1000d1ef4000 7.629 MB
W20240211 08:47:15.412192 12132 IPCTensor.h:369] NewIPCTensor: cached_sampler_r0_8 [1000000]0x1000d2697000 7.629 MB
W20240211 08:47:15.412258 12132 IPCTensor.h:369] NewIPCTensor: cached_sampler_r0_9 [1000000]0x1000d2e3a000 7.629 MB
W20240211 08:47:15.412345 12132 IPCTensor.h:369] NewIPCTensor: step_r0 [10]0x1000d35dd000 80 B 
W20240211 08:47:15.412389 12132 IPCTensor.h:369] NewIPCTensor: circle_buffer_end_r0 [1]0x1000d35df000 8 B 
W20240211 08:47:15.412436 12132 IPCTensor.h:369] NewIPCTensor: circle_buffer_end_cppseen_r0 [1]0x1000d35e1000 8 B 
Dataset:  /home/xieminhui/RecStoreDataset/avazu_binary
Dataset loaded
np.max =  9449205
np.min=  1
Construct RecModelSampler done
I20240211 08:47:15.412824 12132 IPC_barrier.h:112] CreateBarrier: find existing barrier, name: kgcachecontroller, count: 8
W20240211 08:47:15.576695 12521 IPCTensor.h:369] NewIPCTensor: cached_sampler_r3_0 [1000000]0x1000d35e3000 7.629 MB
W20240211 08:47:15.576887 12521 IPCTensor.h:369] NewIPCTensor: cached_sampler_r3_1 [1000000]0x1000d3d86000 7.629 MB
W20240211 08:47:15.576946 12521 IPCTensor.h:369] NewIPCTensor: cached_sampler_r3_2 [1000000]0x1000d4529000 7.629 MB
W20240211 08:47:15.576984 12521 IPCTensor.h:369] NewIPCTensor: cached_sampler_r3_3 [1000000]0x1000d4ccc000 7.629 MB
W20240211 08:47:15.577023 12521 IPCTensor.h:369] NewIPCTensor: cached_sampler_r3_4 [1000000]0x1000d546f000 7.629 MB
W20240211 08:47:15.577070 12521 IPCTensor.h:369] NewIPCTensor: cached_sampler_r3_5 [1000000]0x1000d5c12000 7.629 MB
W20240211 08:47:15.577112 12521 IPCTensor.h:369] NewIPCTensor: cached_sampler_r3_6 [1000000]0x1000d63b5000 7.629 MB
W20240211 08:47:15.577167 12521 IPCTensor.h:369] NewIPCTensor: cached_sampler_r3_7 [1000000]0x1000d6b58000 7.629 MB
W20240211 08:47:15.577216 12521 IPCTensor.h:369] NewIPCTensor: cached_sampler_r3_8 [1000000]0x1000d72fb000 7.629 MB
W20240211 08:47:15.577260 12521 IPCTensor.h:369] NewIPCTensor: cached_sampler_r3_9 [1000000]0x1000d7a9e000 7.629 MB
W20240211 08:47:15.577297 12521 IPCTensor.h:369] NewIPCTensor: step_r3 [10]0x1000d8241000 80 B 
W20240211 08:47:15.577337 12521 IPCTensor.h:369] NewIPCTensor: circle_buffer_end_r3 [1]0x1000d8243000 8 B 
W20240211 08:47:15.577375 12521 IPCTensor.h:369] NewIPCTensor: circle_buffer_end_cppseen_r3 [1]0x1000d8245000 8 B 
Dataset:  /home/xieminhui/RecStoreDataset/avazu_binary
Dataset loaded
np.max =  9449205
np.min=  1
Construct RecModelSampler done
I20240211 08:47:15.577747 12521 IPC_barrier.h:112] CreateBarrier: find existing barrier, name: kgcachecontroller, count: 8
W20240211 08:47:15.620014 12520 IPCTensor.h:369] NewIPCTensor: cached_sampler_r2_0 [1000000]0x1000d8247000 7.629 MB
W20240211 08:47:15.620332 12520 IPCTensor.h:369] NewIPCTensor: cached_sampler_r2_1 [1000000]0x1000d89ea000 7.629 MB
W20240211 08:47:15.620394 12520 IPCTensor.h:369] NewIPCTensor: cached_sampler_r2_2 [1000000]0x1000d918d000 7.629 MB
W20240211 08:47:15.620434 12520 IPCTensor.h:369] NewIPCTensor: cached_sampler_r2_3 [1000000]0x1000d9930000 7.629 MB
W20240211 08:47:15.620491 12520 IPCTensor.h:369] NewIPCTensor: cached_sampler_r2_4 [1000000]0x1000da0d3000 7.629 MB
W20240211 08:47:15.620543 12520 IPCTensor.h:369] NewIPCTensor: cached_sampler_r2_5 [1000000]0x1000da876000 7.629 MB
W20240211 08:47:15.620589 12520 IPCTensor.h:369] NewIPCTensor: cached_sampler_r2_6 [1000000]0x1000db019000 7.629 MB
W20240211 08:47:15.620636 12520 IPCTensor.h:369] NewIPCTensor: cached_sampler_r2_7 [1000000]0x1000db7bc000 7.629 MB
W20240211 08:47:15.620685 12520 IPCTensor.h:369] NewIPCTensor: cached_sampler_r2_8 [1000000]0x1000dbf5f000 7.629 MB
W20240211 08:47:15.620728 12520 IPCTensor.h:369] NewIPCTensor: cached_sampler_r2_9 [1000000]0x1000dc702000 7.629 MB
W20240211 08:47:15.620774 12520 IPCTensor.h:369] NewIPCTensor: step_r2 [10]0x1000dcea5000 80 B 
W20240211 08:47:15.620810 12520 IPCTensor.h:369] NewIPCTensor: circle_buffer_end_r2 [1]0x1000dcea7000 8 B 
W20240211 08:47:15.620846 12520 IPCTensor.h:369] NewIPCTensor: circle_buffer_end_cppseen_r2 [1]0x1000dcea9000 8 B 
Dataset:  /home/xieminhui/RecStoreDataset/avazu_binary
Dataset loaded
np.max =  9449205
np.min=  1
Construct RecModelSampler done
I20240211 08:47:15.621171 12520 IPC_barrier.h:112] CreateBarrier: find existing barrier, name: kgcachecontroller, count: 8
W20240211 08:47:15.637799 12524 IPCTensor.h:369] NewIPCTensor: cached_sampler_r6_0 [1000000]0x1000dceab000 7.629 MB
W20240211 08:47:15.637918 12524 IPCTensor.h:369] NewIPCTensor: cached_sampler_r6_1 [1000000]0x1000dd64e000 7.629 MB
W20240211 08:47:15.637974 12524 IPCTensor.h:369] NewIPCTensor: cached_sampler_r6_2 [1000000]0x1000dddf1000 7.629 MB
W20240211 08:47:15.638010 12524 IPCTensor.h:369] NewIPCTensor: cached_sampler_r6_3 [1000000]0x1000de594000 7.629 MB
W20240211 08:47:15.638046 12524 IPCTensor.h:369] NewIPCTensor: cached_sampler_r6_4 [1000000]0x1000ded37000 7.629 MB
W20240211 08:47:15.638085 12524 IPCTensor.h:369] NewIPCTensor: cached_sampler_r6_5 [1000000]0x1000df4da000 7.629 MB
W20240211 08:47:15.638129 12524 IPCTensor.h:369] NewIPCTensor: cached_sampler_r6_6 [1000000]0x1000dfc7d000 7.629 MB
W20240211 08:47:15.638175 12524 IPCTensor.h:369] NewIPCTensor: cached_sampler_r6_7 [1000000]0x1000e0420000 7.629 MB
W20240211 08:47:15.638221 12524 IPCTensor.h:369] NewIPCTensor: cached_sampler_r6_8 [1000000]0x1000e0bc3000 7.629 MB
W20240211 08:47:15.638262 12524 IPCTensor.h:369] NewIPCTensor: cached_sampler_r6_9 [1000000]0x1000e1366000 7.629 MB
W20240211 08:47:15.638315 12524 IPCTensor.h:369] NewIPCTensor: step_r6 [10]0x1000e1b09000 80 B 
W20240211 08:47:15.638348 12524 IPCTensor.h:369] NewIPCTensor: circle_buffer_end_r6 [1]0x1000e1b0b000 8 B 
W20240211 08:47:15.638381 12524 IPCTensor.h:369] NewIPCTensor: circle_buffer_end_cppseen_r6 [1]0x1000e1b0d000 8 B 
Dataset:  /home/xieminhui/RecStoreDataset/avazu_binary
Dataset loaded
np.max =  9449205
np.min=  1
Construct RecModelSampler done
I20240211 08:47:15.638629 12524 IPC_barrier.h:112] CreateBarrier: find existing barrier, name: kgcachecontroller, count: 8
W20240211 08:47:15.745658 12523 IPCTensor.h:369] NewIPCTensor: cached_sampler_r5_0 [1000000]0x1000e1b0f000 7.629 MB
W20240211 08:47:15.745795 12523 IPCTensor.h:369] NewIPCTensor: cached_sampler_r5_1 [1000000]0x1000e22b2000 7.629 MB
W20240211 08:47:15.745853 12523 IPCTensor.h:369] NewIPCTensor: cached_sampler_r5_2 [1000000]0x1000e2a55000 7.629 MB
W20240211 08:47:15.745890 12523 IPCTensor.h:369] NewIPCTensor: cached_sampler_r5_3 [1000000]0x1000e31f8000 7.629 MB
W20240211 08:47:15.745927 12523 IPCTensor.h:369] NewIPCTensor: cached_sampler_r5_4 [1000000]0x1000e399b000 7.629 MB
W20240211 08:47:15.745970 12523 IPCTensor.h:369] NewIPCTensor: cached_sampler_r5_5 [1000000]0x1000e413e000 7.629 MB
W20240211 08:47:15.746012 12523 IPCTensor.h:369] NewIPCTensor: cached_sampler_r5_6 [1000000]0x1000e48e1000 7.629 MB
W20240211 08:47:15.746065 12523 IPCTensor.h:369] NewIPCTensor: cached_sampler_r5_7 [1000000]0x1000e5084000 7.629 MB
W20240211 08:47:15.746114 12523 IPCTensor.h:369] NewIPCTensor: cached_sampler_r5_8 [1000000]0x1000e5827000 7.629 MB
W20240211 08:47:15.746156 12523 IPCTensor.h:369] NewIPCTensor: cached_sampler_r5_9 [1000000]0x1000e5fca000 7.629 MB
W20240211 08:47:15.746194 12523 IPCTensor.h:369] NewIPCTensor: step_r5 [10]0x1000e676d000 80 B 
W20240211 08:47:15.746235 12523 IPCTensor.h:369] NewIPCTensor: circle_buffer_end_r5 [1]0x1000e676f000 8 B 
W20240211 08:47:15.746269 12523 IPCTensor.h:369] NewIPCTensor: circle_buffer_end_cppseen_r5 [1]0x1000e6771000 8 B 
Dataset:  /home/xieminhui/RecStoreDataset/avazu_binary
Dataset loaded
np.max =  9449205
np.min=  1
Construct RecModelSampler done
I20240211 08:47:15.746559 12523 IPC_barrier.h:112] CreateBarrier: find existing barrier, name: kgcachecontroller, count: 8
W20240211 08:47:15.967614 12525 IPCTensor.h:369] NewIPCTensor: cached_sampler_r7_0 [1000000]0x1000e6773000 7.629 MB
W20240211 08:47:15.967821 12525 IPCTensor.h:369] NewIPCTensor: cached_sampler_r7_1 [1000000]0x1000e6f16000 7.629 MB
W20240211 08:47:15.967897 12525 IPCTensor.h:369] NewIPCTensor: cached_sampler_r7_2 [1000000]0x1000e76b9000 7.629 MB
W20240211 08:47:15.967952 12525 IPCTensor.h:369] NewIPCTensor: cached_sampler_r7_3 [1000000]0x1000e7e5c000 7.629 MB
W20240211 08:47:15.968004 12525 IPCTensor.h:369] NewIPCTensor: cached_sampler_r7_4 [1000000]0x1000e85ff000 7.629 MB
W20240211 08:47:15.968099 12525 IPCTensor.h:369] NewIPCTensor: cached_sampler_r7_5 [1000000]0x1000e8da2000 7.629 MB
W20240211 08:47:15.968163 12525 IPCTensor.h:369] NewIPCTensor: cached_sampler_r7_6 [1000000]0x1000e9545000 7.629 MB
W20240211 08:47:15.968240 12525 IPCTensor.h:369] NewIPCTensor: cached_sampler_r7_7 [1000000]0x1000e9ce8000 7.629 MB
W20240211 08:47:15.968310 12525 IPCTensor.h:369] NewIPCTensor: cached_sampler_r7_8 [1000000]0x1000ea48b000 7.629 MB
W20240211 08:47:15.968371 12525 IPCTensor.h:369] NewIPCTensor: cached_sampler_r7_9 [1000000]0x1000eac2e000 7.629 MB
W20240211 08:47:15.968429 12525 IPCTensor.h:369] NewIPCTensor: step_r7 [10]0x1000eb3d1000 80 B 
W20240211 08:47:15.968482 12525 IPCTensor.h:369] NewIPCTensor: circle_buffer_end_r7 [1]0x1000eb3d3000 8 B 
W20240211 08:47:15.968533 12525 IPCTensor.h:369] NewIPCTensor: circle_buffer_end_cppseen_r7 [1]0x1000eb3d5000 8 B 
Dataset:  /home/xieminhui/RecStoreDataset/avazu_binary
Dataset loaded
np.max =  9449205
np.min=  1
Construct RecModelSampler done
I20240211 08:47:15.968935 12525 IPC_barrier.h:112] CreateBarrier: find existing barrier, name: kgcachecontroller, count: 8
W20240211 08:47:16.034070 12522 IPCTensor.h:369] NewIPCTensor: cached_sampler_r4_0 [1000000]0x1000eb3d7000 7.629 MB
W20240211 08:47:16.034215 12522 IPCTensor.h:369] NewIPCTensor: cached_sampler_r4_1 [1000000]0x1000ebb7a000 7.629 MB
W20240211 08:47:16.034265 12522 IPCTensor.h:369] NewIPCTensor: cached_sampler_r4_2 [1000000]0x1000ec31d000 7.629 MB
W20240211 08:47:16.034296 12522 IPCTensor.h:369] NewIPCTensor: cached_sampler_r4_3 [1000000]0x1000ecac0000 7.629 MB
W20240211 08:47:16.034322 12522 IPCTensor.h:369] NewIPCTensor: cached_sampler_r4_4 [1000000]0x1000ed263000 7.629 MB
W20240211 08:47:16.034353 12522 IPCTensor.h:369] NewIPCTensor: cached_sampler_r4_5 [1000000]0x1000eda06000 7.629 MB
W20240211 08:47:16.034382 12522 IPCTensor.h:369] NewIPCTensor: cached_sampler_r4_6 [1000000]0x1000ee1a9000 7.629 MB
W20240211 08:47:16.034423 12522 IPCTensor.h:369] NewIPCTensor: cached_sampler_r4_7 [1000000]0x1000ee94c000 7.629 MB
W20240211 08:47:16.034461 12522 IPCTensor.h:369] NewIPCTensor: cached_sampler_r4_8 [1000000]0x1000ef0ef000 7.629 MB
W20240211 08:47:16.034492 12522 IPCTensor.h:369] NewIPCTensor: cached_sampler_r4_9 [1000000]0x1000ef892000 7.629 MB
W20240211 08:47:16.034518 12522 IPCTensor.h:369] NewIPCTensor: step_r4 [10]0x1000f0035000 80 B 
W20240211 08:47:16.034546 12522 IPCTensor.h:369] NewIPCTensor: circle_buffer_end_r4 [1]0x1000f0037000 8 B 
W20240211 08:47:16.034570 12522 IPCTensor.h:369] NewIPCTensor: circle_buffer_end_cppseen_r4 [1]0x1000f0039000 8 B 
Dataset:  /home/xieminhui/RecStoreDataset/avazu_binary
Dataset loaded
np.max =  9449205
np.min=  1
Construct RecModelSampler done
I20240211 08:47:16.034845 12522 IPC_barrier.h:112] CreateBarrier: find existing barrier, name: kgcachecontroller, count: 8
E20240211 08:47:17.785723 12523 recstore.cc:66] init folly done
E20240211 08:47:17.785737 12521 recstore.cc:66] init folly done
Construct KGCacheControllerWrapper done
Construct KGCacheControllerWrapper done
E20240211 08:47:17.785915 12520 recstore.cc:66] init folly done
Construct KGCacheControllerWrapper done
E20240211 08:47:17.786228 12519 recstore.cc:66] init folly done
Construct KGCacheControllerWrapper done
E20240211 08:47:17.786469 12525 recstore.cc:66] init folly done
E20240211 08:47:17.786474 12524 recstore.cc:66] init folly done
Construct KGCacheControllerWrapper done
Construct KGCacheControllerWrapper done
E20240211 08:47:17.786726 12132 recstore.cc:66] init folly done
E20240211 08:47:17.786742 12522 recstore.cc:66] init folly done
Construct KGCacheControllerWrapper done
Construct KGCacheControllerWrapper done
Before Training
Before Training
Before Training
Before Training
Before Training
I20240211 08:47:19.020840 12523 IPC_barrier.h:118] CreateBarrier: new barrier, name: start_barrier, count: 8
I20240211 08:47:19.020870 12521 IPC_barrier.h:112] CreateBarrier: find existing barrier, name: start_barrier, count: 8
I20240211 08:47:19.020895 12522 IPC_barrier.h:112] CreateBarrier: find existing barrier, name: start_barrier, count: 8
I20240211 08:47:19.020917 12525 IPC_barrier.h:112] CreateBarrier: find existing barrier, name: start_barrier, count: 8
I20240211 08:47:19.020939 12520 IPC_barrier.h:112] CreateBarrier: find existing barrier, name: start_barrier, count: 8
Before Training
Before Training
I20240211 08:47:19.021057 12524 IPC_barrier.h:112] CreateBarrier: find existing barrier, name: start_barrier, count: 8
I20240211 08:47:19.021081 12132 IPC_barrier.h:112] CreateBarrier: find existing barrier, name: start_barrier, count: 8
Before Training
I20240211 08:47:19.021229 12519 IPC_barrier.h:112] CreateBarrier: find existing barrier, name: start_barrier, count: 8
========== Step 0 ========== 
+---------------------------+---------------------------+---------------------------+
| Name                      | P50                       | P99                       |
+---------------------------+---------------------------+---------------------------+
| GenInput:CircleBuffer     | 143.807 us                | 143.807 us                |
| GenInput                  | 310.088 us                | 310.088 us                |
| NN                        | 238.514 ms                | 238.514 ms                |
| Forward                   | 240.737 ms                | 240.737 ms                |
| back: bucket keys         | 37.640 ms                 | 37.640 ms                 |
+---------------------------+---------------------------+---------------------------+
+---------------------------+---------------------------+---------------------------+
| Name                      | P50                       | P99                       |
+---------------------------+---------------------------+---------------------------+
| GenInput:CircleBuffer     | 143.807 us                | 143.807 us                |
| GenInput                  | 310.088 us                | 310.088 us                |
| NN                        | 238.514 ms                | 238.514 ms                |
| Forward                   | 240.737 ms                | 240.737 ms                |
| back: bucket keys         | 37.640 ms                 | 37.640 ms                 |
+---------------------------+---------------------------+---------------------------+
+---------------------------+---------------------------+---------------------------+
| Name                      | P50                       | P99                       |
+---------------------------+---------------------------+---------------------------+
| GenInput:CircleBuffer     | 143.807 us                | 143.807 us                |
| GenInput                  | 310.088 us                | 310.088 us                |
| NN                        | 238.514 ms                | 238.514 ms                |
| Forward                   | 240.737 ms                | 240.737 ms                |
| back: bucket keys         | 37.640 ms                 | 37.640 ms                 |
+---------------------------+---------------------------+---------------------------+
+---------------------------+---------------------------+---------------------------+
| Name                      | P50                       | P99                       |
+---------------------------+---------------------------+---------------------------+
| GenInput:CircleBuffer     | 143.807 us                | 143.807 us                |
| GenInput                  | 310.088 us                | 310.088 us                |
| NN                        | 238.514 ms                | 238.514 ms                |
| Forward                   | 240.737 ms                | 240.737 ms                |
| back: bucket keys         | 37.640 ms                 | 37.640 ms                 |
+---------------------------+---------------------------+---------------------------+
+---------------------------+---------------------------+---------------------------+
| Name                      | P50                       | P99                       |
+---------------------------+---------------------------+---------------------------+
| GenInput:CircleBuffer     | 143.807 us                | 143.807 us                |
| GenInput                  | 310.088 us                | 310.088 us                |
| NN                        | 238.514 ms                | 238.514 ms                |
| Forward                   | 240.737 ms                | 240.737 ms                |
| back: bucket keys         | 37.640 ms                 | 37.640 ms                 |
+---------------------------+---------------------------+---------------------------+
+---------------------------+---------------------------+---------------------------+
| Name                      | P50                       | P99                       |
+---------------------------+---------------------------+---------------------------+
| GenInput:CircleBuffer     | 143.807 us                | 143.807 us                |
| GenInput                  | 310.088 us                | 310.088 us                |
| NN                        | 238.514 ms                | 238.514 ms                |
| Forward                   | 240.737 ms                | 240.737 ms                |
| back: bucket keys         | 37.640 ms                 | 37.640 ms                 |
+---------------------------+---------------------------+---------------------------+
+---------------------------+---------------------------+---------------------------+
| Name                      | P50                       | P99                       |
+---------------------------+---------------------------+---------------------------+
| GenInput:CircleBuffer     | 143.807 us                | 143.807 us                |
| GenInput                  | 310.088 us                | 310.088 us                |
| NN                        | 238.514 ms                | 238.514 ms                |
| Forward                   | 240.737 ms                | 240.737 ms                |
| back: bucket keys         | 37.640 ms                 | 37.640 ms                 |
+---------------------------+---------------------------+---------------------------+
+---------------------------+---------------------------+---------------------------+
| Name                      | P50                       | P99                       |
+---------------------------+---------------------------+---------------------------+
| GenInput:CircleBuffer     | 143.807 us                | 143.807 us                |
| GenInput                  | 310.088 us                | 310.088 us                |
| NN                        | 238.514 ms                | 238.514 ms                |
| Forward                   | 240.737 ms                | 240.737 ms                |
| back: bucket keys         | 37.640 ms                 | 37.640 ms                 |
+---------------------------+---------------------------+---------------------------+
+---------------------------+---------------------------+---------------------------+
| Name                      | P50                       | P99                       |
+---------------------------+---------------------------+---------------------------+
| GenInput:CircleBuffer     | 143.807 us                | 143.807 us                |
| GenInput                  | 310.088 us                | 310.088 us                |
| NN                        | 238.514 ms                | 238.514 ms                |
| Forward                   | 240.737 ms                | 240.737 ms                |
| back: bucket keys         | 37.640 ms                 | 37.640 ms                 |
+---------------------------+---------------------------+---------------------------+
+---------------------------+---------------------------+---------------------------+
| Name                      | P50                       | P99                       |
+---------------------------+---------------------------+---------------------------+
| GenInput:CircleBuffer     | 143.807 us                | 143.807 us                |
| GenInput                  | 310.088 us                | 310.088 us                |
| NN                        | 238.514 ms                | 238.514 ms                |
| Forward                   | 240.737 ms                | 240.737 ms                |
| back: bucket keys         | 37.640 ms                 | 37.640 ms                 |
+---------------------------+---------------------------+---------------------------+
+---------------------------+---------------------------+---------------------------+
| Name                      | P50                       | P99                       |
+---------------------------+---------------------------+---------------------------+
| GenInput:CircleBuffer     | 143.807 us                | 143.807 us                |
| GenInput                  | 310.088 us                | 310.088 us                |
| NN                        | 238.514 ms                | 238.514 ms                |
| Forward                   | 240.737 ms                | 240.737 ms                |
| back: bucket keys         | 37.640 ms                 | 37.640 ms                 |
| back: a2a                 | 51.199 s                  | 51.199 s                  |
| back: cache               | 37.482 ms                 | 37.482 ms                 |
+---------------------------+---------------------------+---------------------------+
========== Step 1 ========== 
INFO [12132 distributed.py:1140] Reducer buckets have been rebuilt in this iteration.
INFO [12521 distributed.py:1140] Reducer buckets have been rebuilt in this iteration.
INFO [12519 distributed.py:1140] Reducer buckets have been rebuilt in this iteration.
INFO [12520 distributed.py:1140] Reducer buckets have been rebuilt in this iteration.
INFO [12525 distributed.py:1140] Reducer buckets have been rebuilt in this iteration.
INFO [12523 distributed.py:1140] Reducer buckets have been rebuilt in this iteration.
INFO [12524 distributed.py:1140] Reducer buckets have been rebuilt in this iteration.
INFO [12522 distributed.py:1140] Reducer buckets have been rebuilt in this iteration.
========== Step 2 ========== 
========== Step 3 ========== 
========== Step 4 ========== 
========== Step 5 ========== 
========== Step 6 ========== 
========== Step 7 ========== 
========== Step 8 ========== 
========== Step 9 ========== 
========== Step 10 ========== 
========== Step 11 ========== 
========== Step 12 ========== 
========== Step 13 ========== 
========== Step 14 ========== 
========== Step 15 ========== 
========== Step 16 ========== 
========== Step 17 ========== 
========== Step 18 ========== 
========== Step 19 ========== 
========== Step 20 ========== 
========== Step 21 ========== 
========== Step 22 ========== 
========== Step 23 ========== 
========== Step 24 ========== 
========== Step 25 ========== 
========== Step 26 ========== 
========== Step 27 ========== 
========== Step 28 ========== 
========== Step 29 ========== 
========== Step 30 ========== 
========== Step 31 ========== 
========== Step 32 ========== 
========== Step 33 ========== 
========== Step 34 ========== 
========== Step 35 ========== 
========== Step 36 ========== 
========== Step 37 ========== 
========== Step 38 ========== 
========== Step 39 ========== 
========== Step 40 ========== 
========== Step 41 ========== 
========== Step 42 ========== 
========== Step 43 ========== 
========== Step 44 ========== 
========== Step 45 ========== 
========== Step 46 ========== 
========== Step 47 ========== 
========== Step 48 ========== 
========== Step 49 ========== 
========== Step 50 ========== 
========== Step 51 ========== 
========== Step 52 ========== 
========== Step 53 ========== 
========== Step 54 ========== 
========== Step 55 ========== 
========== Step 56 ========== 
========== Step 57 ========== 
========== Step 58 ========== 
========== Step 59 ========== 
========== Step 60 ========== 
========== Step 61 ========== 
========== Step 62 ========== 
========== Step 63 ========== 
========== Step 64 ========== 
========== Step 65 ========== 
========== Step 66 ========== 
========== Step 67 ========== 
========== Step 68 ========== 
========== Step 69 ========== 
========== Step 70 ========== 
========== Step 71 ========== 
========== Step 72 ========== 
+---------------------------+---------------------------+---------------------------+
| Name                      | P50                       | P99                       |
+---------------------------+---------------------------+---------------------------+
| GenInput:CircleBuffer     | 109.895 us                | 440.869 us                |
| GenInput                  | 325.054 us                | 3.357 ms                  |
| NN                        | 917.496 us                | 19.024 ms                 |
| Forward                   | 1.133 ms                  | 20.839 ms                 |
| back: bucket keys         | 590.354 us                | 1.693 ms                  |
| back: a2a                 | 6.108 ms                  | 14.892 ms                 |
| back: cache               | 7.893 ms                  | 15.632 ms                 |
| back: aggr dram keys      | 17.440 ms                 | 31.799 ms                 |
| back: set dram grad       | 181.604 us                | 488.760 us                |
| Backward                  | 33.930 ms                 | 49.147 ms                 |
| Optimize                  | 16.651 ms                 | 27.975 ms                 |
| BarrierTimeBeforeRank0    | 30.573 us                 | 94.830 ms                 |
| BlockToStepN              | 37.321 us                 | 1.955 ms                  |
| OneStep                   | 53.950 ms                 | 187.034 ms                |
+---------------------------+---------------------------+---------------------------+
========== Step 73 ========== 
========== Step 74 ========== 
========== Step 75 ========== 
========== Step 76 ========== 
========== Step 77 ========== 
========== Step 78 ========== 
========== Step 79 ========== 
========== Step 80 ========== 
========== Step 81 ========== 
========== Step 82 ========== 
========== Step 83 ========== 
========== Step 84 ========== 
========== Step 85 ========== 
========== Step 86 ========== 
========== Step 87 ========== 
========== Step 88 ========== 
========== Step 89 ========== 
========== Step 90 ========== 
========== Step 91 ========== 
========== Step 92 ========== 
========== Step 93 ========== 
========== Step 94 ========== 
========== Step 95 ========== 
========== Step 96 ========== 
========== Step 97 ========== 
========== Step 98 ========== 
========== Step 99 ========== 
Step99:rank0, time: 66.455, per_step: 0.664554
Step99:rank2, time: 66.455, per_step: 0.664549
Step99:rank6, time: 66.456, per_step: 0.664558
Step99:rank5, time: 66.456, per_step: 0.664559
Step99:rank4, time: 66.456, per_step: 0.664557
Step99:rank3, time: 66.455, per_step: 0.664549
Step99:rank1, time: 66.455, per_step: 0.664554
Step99:rank7, time: 66.457, per_step: 0.664565
+---------------------------+---------------------------+---------------------------+
| Name                      | P50                       | P99                       |
+---------------------------+---------------------------+---------------------------+
| GenInput:CircleBuffer     | 105.159 us                | 466.368 us                |
| GenInput                  | 315.555 us                | 3.357 ms                  |
| NN                        | 890.222 us                | 19.024 ms                 |
| Forward                   | 1.093 ms                  | 20.839 ms                 |
| back: bucket keys         | 583.864 us                | 1.693 ms                  |
| back: a2a                 | 6.112 ms                  | 19.534 ms                 |
| back: cache               | 7.708 ms                  | 15.632 ms                 |
| back: aggr dram keys      | 17.161 ms                 | 31.799 ms                 |
| back: set dram grad       | 172.573 us                | 488.760 us                |
| Backward                  | 33.431 ms                 | 50.433 ms                 |
| Optimize                  | 16.546 ms                 | 27.975 ms                 |
| BarrierTimeBeforeRank0    | 30.573 us                 | 94.830 ms                 |
| BlockToStepN              | 37.620 us                 | 3.581 ms                  |
| OneStep                   | 53.296 ms                 | 187.034 ms                |
+---------------------------+---------------------------+---------------------------+
========== Step 100 ========== 
========== Step 101 ========== 
========== Step 102 ========== 
========== Step 103 ========== 
========== Step 104 ========== 
========== Step 105 ========== 
========== Step 106 ========== 
========== Step 107 ========== 
========== Step 108 ========== 
========== Step 109 ========== 
========== Step 110 ========== 
========== Step 111 ========== 
========== Step 112 ========== 
========== Step 113 ========== 
========== Step 114 ========== 
========== Step 115 ========== 
========== Step 116 ========== 
========== Step 117 ========== 
========== Step 118 ========== 
========== Step 119 ========== 
========== Step 120 ========== 
========== Step 121 ========== 
========== Step 122 ========== 
========== Step 123 ========== 
========== Step 124 ========== 
========== Step 125 ========== 
========== Step 126 ========== 
========== Step 127 ========== 
========== Step 128 ========== 
========== Step 129 ========== 
Successfully xmh
INFO [12132 controller_process.py:421] call rank0 to StopThreads
INFO [12132 controller_process.py:421] call rank0 to StopThreads
INFO [12132 controller_process.py:421] call rank0 to StopThreads
INFO [12132 controller_process.py:421] call rank0 to StopThreads
INFO [12132 controller_process.py:421] call rank0 to StopThreads
INFO [12132 controller_process.py:421] call rank0 to StopThreads
INFO [12132 controller_process.py:421] call rank0 to StopThreads
INFO [12132 controller_process.py:421] call rank0 to StopThreads
INFO [12132 controller_process.py:421] call rank0 to StopThreads
INFO [12132 controller_process.py:421] call rank0 to StopThreads
INFO [12132 controller_process.py:421] call rank0 to StopThreads
INFO [12132 controller_process.py:421] call rank0 to StopThreads
INFO [12132 controller_process.py:421] call rank0 to StopThreads
INFO [12132 controller_process.py:421] call rank0 to StopThreads
INFO [12132 controller_process.py:421] call rank0 to StopThreads
INFO [12132 controller_process.py:421] call rank0 to StopThreads
INFO [12132 controller_process.py:421] call rank0 to StopThreads
+---------------------------+---------------------------+---------------------------+
| Name                      | P50                       | P99                       |
+---------------------------+---------------------------+---------------------------+
| GenInput:CircleBuffer     | 104.443 us                | 555.889 us                |
| GenInput                  | 329.106 us                | 3.357 ms                  |
| NN                        | 872.232 us                | 19.024 ms                 |
| Forward                   | 1.083 ms                  | 20.839 ms                 |
| back: bucket keys         | 581.758 us                | 1.693 ms                  |
| back: a2a                 | 5.992 ms                  | 19.534 ms                 |
| back: cache               | 7.860 ms                  | 15.632 ms                 |
| back: aggr dram keys      | 17.267 ms                 | 35.354 ms                 |
| back: set dram grad       | 173.766 us                | 488.760 us                |
| Backward                  | 33.627 ms                 | 50.433 ms                 |
| Optimize                  | 16.546 ms                 | 27.975 ms                 |
| BarrierTimeBeforeRank0    | 31.161 us                 | 94.830 ms                 |
| BlockToStepN              | 37.886 us                 | 3.581 ms                  |
| OneStep                   | 52.580 ms                 | 187.034 ms                |
+---------------------------+---------------------------+---------------------------+
