WARNING: Logging before InitGoogleLogging() is written to STDERR
I20240211 11:24:36.190707 39326 IPC_barrier.h:128] MultiProcessBarrierFactory->ClearIPCMemory()
W20240211 11:24:36.195680 39326 IPCTensor.h:369] NewIPCTensor: full_emb [9449206, 32]0x100000002000 1.126 GB
/data/home/xieminhui/RecStore/src/framework_adapters/torch/python/perf_rec_model.py:152: DeprecationWarning: The 'warn' function is deprecated, use 'warning' instead
  XLOG.warn("After init DistEmbedding")
WARNING [39326 perf_rec_model.py:152] After init DistEmbedding
========== Running Perf with routine <function routine_local_cache_helper at 0x7f72229d98a0>==========
Worker 1 pid=39853
Worker 2 pid=39854
Worker 3 pid=39855
Worker 4 pid=39856
Worker 5 pid=39857
Worker 6 pid=39858
INFO [39326 distributed_c10d.py:442] Added key: store_based_barrier_key:1 to store for rank: 0
INFO [39853 distributed_c10d.py:442] Added key: store_based_barrier_key:1 to store for rank: 1
INFO [39854 distributed_c10d.py:442] Added key: store_based_barrier_key:1 to store for rank: 2
INFO [39855 distributed_c10d.py:442] Added key: store_based_barrier_key:1 to store for rank: 3
INFO [39856 distributed_c10d.py:442] Added key: store_based_barrier_key:1 to store for rank: 4
INFO [39858 distributed_c10d.py:442] Added key: store_based_barrier_key:1 to store for rank: 6
INFO [39857 distributed_c10d.py:442] Added key: store_based_barrier_key:1 to store for rank: 5
INFO [39859 distributed_c10d.py:442] Added key: store_based_barrier_key:1 to store for rank: 7
INFO [39326 distributed_c10d.py:476] Rank 0: Completed store-based barrier for key:store_based_barrier_key:1 with 8 nodes.
INFO [39853 distributed_c10d.py:476] Rank 1: Completed store-based barrier for key:store_based_barrier_key:1 with 8 nodes.
INFO [39854 distributed_c10d.py:476] Rank 2: Completed store-based barrier for key:store_based_barrier_key:1 with 8 nodes.
INFO [39857 distributed_c10d.py:476] Rank 5: Completed store-based barrier for key:store_based_barrier_key:1 with 8 nodes.
INFO [39856 distributed_c10d.py:476] Rank 4: Completed store-based barrier for key:store_based_barrier_key:1 with 8 nodes.
INFO [39858 distributed_c10d.py:476] Rank 6: Completed store-based barrier for key:store_based_barrier_key:1 with 8 nodes.
INFO [39855 distributed_c10d.py:476] Rank 3: Completed store-based barrier for key:store_based_barrier_key:1 with 8 nodes.
INFO [39859 distributed_c10d.py:476] Rank 7: Completed store-based barrier for key:store_based_barrier_key:1 with 8 nodes.
E20240211 11:24:42.622752 39326 IPCTensor.h:348] IPCTensor full_emb already exists
E20240211 11:24:42.622854 39855 IPCTensor.h:348] IPCTensor full_emb already exists
E20240211 11:24:42.622862 39858 IPCTensor.h:348] IPCTensor full_emb already exists
E20240211 11:24:42.622900 39856 IPCTensor.h:348] IPCTensor full_emb already exists
E20240211 11:24:42.622920 39859 IPCTensor.h:348] IPCTensor full_emb already exists
E20240211 11:24:42.623044 39857 IPCTensor.h:348] IPCTensor full_emb already exists
E20240211 11:24:42.623046 39853 IPCTensor.h:348] IPCTensor full_emb already exists
E20240211 11:24:42.623113 39854 IPCTensor.h:348] IPCTensor full_emb already exists
W20240211 11:24:47.995333 39855 IPCTensor.h:409] NewIPCGPUTensor: embedding_cache_3 [944920, 32]; dev=3; size=115.3 MB
W20240211 11:24:47.995584 39858 IPCTensor.h:409] NewIPCGPUTensor: embedding_cache_6 [944920, 32]; dev=6; size=115.3 MB
W20240211 11:24:47.995755 39859 IPCTensor.h:409] NewIPCGPUTensor: embedding_cache_7 [944920, 32]; dev=7; size=115.3 MB
W20240211 11:24:47.997354 39857 IPCTensor.h:409] NewIPCGPUTensor: embedding_cache_5 [944920, 32]; dev=5; size=115.3 MB
W20240211 11:24:47.997871 39854 IPCTensor.h:409] NewIPCGPUTensor: embedding_cache_2 [944920, 32]; dev=2; size=115.3 MB
W20240211 11:24:47.997938 39853 IPCTensor.h:409] NewIPCGPUTensor: embedding_cache_1 [944920, 32]; dev=1; size=115.3 MB
W20240211 11:24:47.998075 39856 IPCTensor.h:409] NewIPCGPUTensor: embedding_cache_4 [944920, 32]; dev=4; size=115.3 MB
W20240211 11:24:48.007097 39326 IPCTensor.h:409] NewIPCGPUTensor: embedding_cache_0 [944920, 32]; dev=0; size=115.3 MB
W20240211 11:24:51.001761 39853 IPCTensor.h:369] NewIPCTensor: input_keys_1 [1000000]0x10004817d000 7.629 MB
W20240211 11:24:51.001972 39853 IPCTensor.h:369] NewIPCTensor: input_keys_neg_1 [1000000]0x100048920000 7.629 MB
W20240211 11:24:51.002056 39853 IPCTensor.h:369] NewIPCTensor: backward_grads_1 [1000000, 32]0x1000490c3000 122.1 MB
W20240211 11:24:51.002110 39853 IPCTensor.h:369] NewIPCTensor: backward_grads_neg_1 [1000000, 32]0x100050ad7000 122.1 MB
W20240211 11:24:51.002157 39853 IPCTensor.h:409] NewIPCGPUTensor: backward_grads_1_gpu [1000000, 32]; dev=1; size=122.1 MB
W20240211 11:24:51.042140 39853 IPCTensor.h:409] NewIPCGPUTensor: backward_grads_neg_1_gpu [1000000, 32]; dev=1; size=122.1 MB
W20240211 11:24:51.052668 39855 IPCTensor.h:369] NewIPCTensor: input_keys_3 [1000000]0x1000584f1000 7.629 MB
W20240211 11:24:51.052845 39855 IPCTensor.h:369] NewIPCTensor: input_keys_neg_3 [1000000]0x100058c94000 7.629 MB
W20240211 11:24:51.052917 39855 IPCTensor.h:369] NewIPCTensor: backward_grads_3 [1000000, 32]0x100059437000 122.1 MB
W20240211 11:24:51.052966 39855 IPCTensor.h:369] NewIPCTensor: backward_grads_neg_3 [1000000, 32]0x100060e4b000 122.1 MB
W20240211 11:24:51.053009 39855 IPCTensor.h:409] NewIPCGPUTensor: backward_grads_3_gpu [1000000, 32]; dev=3; size=122.1 MB
W20240211 11:24:51.069264 39855 IPCTensor.h:409] NewIPCGPUTensor: backward_grads_neg_3_gpu [1000000, 32]; dev=3; size=122.1 MB
W20240211 11:24:51.072562 39854 IPCTensor.h:369] NewIPCTensor: input_keys_2 [1000000]0x100068869000 7.629 MB
W20240211 11:24:51.073259 39854 IPCTensor.h:369] NewIPCTensor: input_keys_neg_2 [1000000]0x10006900c000 7.629 MB
W20240211 11:24:51.073362 39854 IPCTensor.h:369] NewIPCTensor: backward_grads_2 [1000000, 32]0x1000697af000 122.1 MB
W20240211 11:24:51.073419 39854 IPCTensor.h:369] NewIPCTensor: backward_grads_neg_2 [1000000, 32]0x1000711c3000 122.1 MB
W20240211 11:24:51.073482 39854 IPCTensor.h:409] NewIPCGPUTensor: backward_grads_2_gpu [1000000, 32]; dev=2; size=122.1 MB
W20240211 11:24:51.073509 39326 IPCTensor.h:369] NewIPCTensor: input_keys_0 [1000000]0x100078bd7000 7.629 MB
W20240211 11:24:51.073657 39859 IPCTensor.h:369] NewIPCTensor: input_keys_7 [1000000]0x10007937a000 7.629 MB
W20240211 11:24:51.073756 39326 IPCTensor.h:369] NewIPCTensor: input_keys_neg_0 [1000000]0x100079b1d000 7.629 MB
W20240211 11:24:51.073856 39859 IPCTensor.h:369] NewIPCTensor: input_keys_neg_7 [1000000]0x10007a2c2000 7.629 MB
W20240211 11:24:51.073874 39326 IPCTensor.h:369] NewIPCTensor: backward_grads_0 [1000000, 32]0x10007aa65000 122.1 MB
W20240211 11:24:51.073925 39854 IPCTensor.h:409] NewIPCGPUTensor: backward_grads_neg_2_gpu [1000000, 32]; dev=2; size=122.1 MB
W20240211 11:24:51.073951 39326 IPCTensor.h:369] NewIPCTensor: backward_grads_neg_0 [1000000, 32]0x100082479000 122.1 MB
W20240211 11:24:51.073976 39859 IPCTensor.h:369] NewIPCTensor: backward_grads_7 [1000000, 32]0x100089e8d000 122.1 MB
W20240211 11:24:51.074015 39326 IPCTensor.h:409] NewIPCGPUTensor: backward_grads_0_gpu [1000000, 32]; dev=0; size=122.1 MB
W20240211 11:24:51.074028 39859 IPCTensor.h:369] NewIPCTensor: backward_grads_neg_7 [1000000, 32]0x1000918a1000 122.1 MB
W20240211 11:24:51.074074 39859 IPCTensor.h:409] NewIPCGPUTensor: backward_grads_7_gpu [1000000, 32]; dev=7; size=122.1 MB
W20240211 11:24:51.074743 39326 IPCTensor.h:409] NewIPCGPUTensor: backward_grads_neg_0_gpu [1000000, 32]; dev=0; size=122.1 MB
W20240211 11:24:51.074748 39859 IPCTensor.h:409] NewIPCGPUTensor: backward_grads_neg_7_gpu [1000000, 32]; dev=7; size=122.1 MB
W20240211 11:24:51.096331 39857 IPCTensor.h:369] NewIPCTensor: input_keys_5 [1000000]0x1000992c1000 7.629 MB
W20240211 11:24:51.096580 39857 IPCTensor.h:369] NewIPCTensor: input_keys_neg_5 [1000000]0x100099a64000 7.629 MB
W20240211 11:24:51.096683 39857 IPCTensor.h:369] NewIPCTensor: backward_grads_5 [1000000, 32]0x10009a207000 122.1 MB
W20240211 11:24:51.096745 39857 IPCTensor.h:369] NewIPCTensor: backward_grads_neg_5 [1000000, 32]0x1000a1c1b000 122.1 MB
W20240211 11:24:51.096801 39857 IPCTensor.h:409] NewIPCGPUTensor: backward_grads_5_gpu [1000000, 32]; dev=5; size=122.1 MB
W20240211 11:24:51.097296 39857 IPCTensor.h:409] NewIPCGPUTensor: backward_grads_neg_5_gpu [1000000, 32]; dev=5; size=122.1 MB
W20240211 11:24:51.097375 39856 IPCTensor.h:369] NewIPCTensor: input_keys_4 [1000000]0x1000a9633000 7.629 MB
W20240211 11:24:51.097571 39856 IPCTensor.h:369] NewIPCTensor: input_keys_neg_4 [1000000]0x1000a9dd6000 7.629 MB
W20240211 11:24:51.097661 39856 IPCTensor.h:369] NewIPCTensor: backward_grads_4 [1000000, 32]0x1000aa579000 122.1 MB
W20240211 11:24:51.097728 39856 IPCTensor.h:369] NewIPCTensor: backward_grads_neg_4 [1000000, 32]0x1000b1f8f000 122.1 MB
W20240211 11:24:51.097780 39856 IPCTensor.h:409] NewIPCGPUTensor: backward_grads_4_gpu [1000000, 32]; dev=4; size=122.1 MB
W20240211 11:24:51.098207 39856 IPCTensor.h:409] NewIPCGPUTensor: backward_grads_neg_4_gpu [1000000, 32]; dev=4; size=122.1 MB
W20240211 11:24:51.264007 39858 IPCTensor.h:369] NewIPCTensor: input_keys_6 [1000000]0x1000b99a9000 7.629 MB
W20240211 11:24:51.264218 39858 IPCTensor.h:369] NewIPCTensor: input_keys_neg_6 [1000000]0x1000ba14c000 7.629 MB
W20240211 11:24:51.264292 39858 IPCTensor.h:369] NewIPCTensor: backward_grads_6 [1000000, 32]0x1000ba8ef000 122.1 MB
W20240211 11:24:51.264348 39858 IPCTensor.h:369] NewIPCTensor: backward_grads_neg_6 [1000000, 32]0x1000c2303000 122.1 MB
W20240211 11:24:51.264400 39858 IPCTensor.h:409] NewIPCGPUTensor: backward_grads_6_gpu [1000000, 32]; dev=6; size=122.1 MB
W20240211 11:24:51.328860 39858 IPCTensor.h:409] NewIPCGPUTensor: backward_grads_neg_6_gpu [1000000, 32]; dev=6; size=122.1 MB
cudaHostRegister 0x100000002000
4: KnownLocalCachedEmbedding init done
cudaHostRegister 0x100000002000
7: KnownLocalCachedEmbedding init done
cudaHostRegister 0x100000002000
3: KnownLocalCachedEmbedding init done
cudaHostRegister 0x100000002000
6: KnownLocalCachedEmbedding init done
cudaHostRegister 0x100000002000
1: KnownLocalCachedEmbedding init done
cudaHostRegister 0x100000002000
2: KnownLocalCachedEmbedding init done
cudaHostRegister 0x100000002000
5: KnownLocalCachedEmbedding init done
Worker 7 pid=39859
New CachedEmbedding, name=full_emb, shape=(9449206, 32), cache_type=KnownLocalCachedEmbeddingSoftware
fixed cache_range is [(0, 944920), (944920, 1889840), (1889840, 2834760), (2834760, 3779680), (3779680, 4724600), (4724600, 5669520), (5669520, 6614440), (6614440, 7559360)]
cudaHostRegister 0x100000002000
0: KnownLocalCachedEmbedding init done
W20240211 11:24:56.032889 39856 IPCTensor.h:369] NewIPCTensor: cached_sampler_r4_0 [1000000]0x1000c9d1b000 7.629 MB
W20240211 11:24:56.033102 39856 IPCTensor.h:369] NewIPCTensor: cached_sampler_r4_1 [1000000]0x1000ca4be000 7.629 MB
W20240211 11:24:56.033149 39856 IPCTensor.h:369] NewIPCTensor: cached_sampler_r4_2 [1000000]0x1000cac61000 7.629 MB
W20240211 11:24:56.033200 39856 IPCTensor.h:369] NewIPCTensor: cached_sampler_r4_3 [1000000]0x1000cb404000 7.629 MB
W20240211 11:24:56.033241 39856 IPCTensor.h:369] NewIPCTensor: cached_sampler_r4_4 [1000000]0x1000cbba7000 7.629 MB
W20240211 11:24:56.033288 39856 IPCTensor.h:369] NewIPCTensor: cached_sampler_r4_5 [1000000]0x1000cc34a000 7.629 MB
W20240211 11:24:56.033334 39856 IPCTensor.h:369] NewIPCTensor: cached_sampler_r4_6 [1000000]0x1000ccaed000 7.629 MB
W20240211 11:24:56.033402 39856 IPCTensor.h:369] NewIPCTensor: cached_sampler_r4_7 [1000000]0x1000cd290000 7.629 MB
W20240211 11:24:56.033447 39856 IPCTensor.h:369] NewIPCTensor: cached_sampler_r4_8 [1000000]0x1000cda33000 7.629 MB
W20240211 11:24:56.033480 39856 IPCTensor.h:369] NewIPCTensor: cached_sampler_r4_9 [1000000]0x1000ce1d6000 7.629 MB
W20240211 11:24:56.033517 39856 IPCTensor.h:369] NewIPCTensor: step_r4 [10]0x1000ce979000 80 B 
W20240211 11:24:56.033560 39856 IPCTensor.h:369] NewIPCTensor: circle_buffer_end_r4 [1]0x1000ce97b000 8 B 
W20240211 11:24:56.033605 39856 IPCTensor.h:369] NewIPCTensor: circle_buffer_end_cppseen_r4 [1]0x1000ce97d000 8 B 
Dataset:  /home/xieminhui/RecStoreDataset/avazu_binary
Dataset loaded
np.max =  9449205
np.min=  1
Construct RecModelSampler done
Construct KGCacheControllerWrapper done
E20240211 11:24:56.034227 39856 recstore.cc:66] init folly done
W20240211 11:24:56.105593 39857 IPCTensor.h:369] NewIPCTensor: cached_sampler_r5_0 [1000000]0x1000ce97f000 7.629 MB
W20240211 11:24:56.105767 39857 IPCTensor.h:369] NewIPCTensor: cached_sampler_r5_1 [1000000]0x1000cf122000 7.629 MB
W20240211 11:24:56.105818 39857 IPCTensor.h:369] NewIPCTensor: cached_sampler_r5_2 [1000000]0x1000cf8c5000 7.629 MB
W20240211 11:24:56.105873 39857 IPCTensor.h:369] NewIPCTensor: cached_sampler_r5_3 [1000000]0x1000d0068000 7.629 MB
W20240211 11:24:56.105913 39857 IPCTensor.h:369] NewIPCTensor: cached_sampler_r5_4 [1000000]0x1000d080b000 7.629 MB
W20240211 11:24:56.105952 39857 IPCTensor.h:369] NewIPCTensor: cached_sampler_r5_5 [1000000]0x1000d0fae000 7.629 MB
W20240211 11:24:56.106004 39857 IPCTensor.h:369] NewIPCTensor: cached_sampler_r5_6 [1000000]0x1000d1751000 7.629 MB
W20240211 11:24:56.106066 39857 IPCTensor.h:369] NewIPCTensor: cached_sampler_r5_7 [1000000]0x1000d1ef4000 7.629 MB
W20240211 11:24:56.106114 39857 IPCTensor.h:369] NewIPCTensor: cached_sampler_r5_8 [1000000]0x1000d2697000 7.629 MB
W20240211 11:24:56.106150 39857 IPCTensor.h:369] NewIPCTensor: cached_sampler_r5_9 [1000000]0x1000d2e3a000 7.629 MB
W20240211 11:24:56.106190 39857 IPCTensor.h:369] NewIPCTensor: step_r5 [10]0x1000d35dd000 80 B 
W20240211 11:24:56.106235 39857 IPCTensor.h:369] NewIPCTensor: circle_buffer_end_r5 [1]0x1000d35df000 8 B 
W20240211 11:24:56.106281 39857 IPCTensor.h:369] NewIPCTensor: circle_buffer_end_cppseen_r5 [1]0x1000d35e1000 8 B 
Dataset:  /home/xieminhui/RecStoreDataset/avazu_binary
Dataset loaded
np.max =  9449205
np.min=  1
Construct RecModelSampler done
Construct KGCacheControllerWrapper done
E20240211 11:24:56.106877 39857 recstore.cc:66] init folly done
W20240211 11:24:56.146943 39859 IPCTensor.h:369] NewIPCTensor: cached_sampler_r7_0 [1000000]0x1000d35e3000 7.629 MB
W20240211 11:24:56.147146 39859 IPCTensor.h:369] NewIPCTensor: cached_sampler_r7_1 [1000000]0x1000d3d86000 7.629 MB
W20240211 11:24:56.147203 39859 IPCTensor.h:369] NewIPCTensor: cached_sampler_r7_2 [1000000]0x1000d4529000 7.629 MB
W20240211 11:24:56.147264 39859 IPCTensor.h:369] NewIPCTensor: cached_sampler_r7_3 [1000000]0x1000d4ccc000 7.629 MB
W20240211 11:24:56.147325 39859 IPCTensor.h:369] NewIPCTensor: cached_sampler_r7_4 [1000000]0x1000d546f000 7.629 MB
W20240211 11:24:56.147377 39859 IPCTensor.h:369] NewIPCTensor: cached_sampler_r7_5 [1000000]0x1000d5c12000 7.629 MB
W20240211 11:24:56.147432 39859 IPCTensor.h:369] NewIPCTensor: cached_sampler_r7_6 [1000000]0x1000d63b5000 7.629 MB
W20240211 11:24:56.147505 39859 IPCTensor.h:369] NewIPCTensor: cached_sampler_r7_7 [1000000]0x1000d6b58000 7.629 MB
W20240211 11:24:56.147560 39859 IPCTensor.h:369] NewIPCTensor: cached_sampler_r7_8 [1000000]0x1000d72fb000 7.629 MB
W20240211 11:24:56.147603 39859 IPCTensor.h:369] NewIPCTensor: cached_sampler_r7_9 [1000000]0x1000d7a9e000 7.629 MB
W20240211 11:24:56.147670 39859 IPCTensor.h:369] NewIPCTensor: step_r7 [10]0x1000d8241000 80 B 
W20240211 11:24:56.147724 39859 IPCTensor.h:369] NewIPCTensor: circle_buffer_end_r7 [1]0x1000d8243000 8 B 
W20240211 11:24:56.147776 39859 IPCTensor.h:369] NewIPCTensor: circle_buffer_end_cppseen_r7 [1]0x1000d8245000 8 B 
Dataset:  /home/xieminhui/RecStoreDataset/avazu_binary
Dataset loaded
np.max =  9449205
np.min=  1
Construct RecModelSampler done
Construct KGCacheControllerWrapper done
E20240211 11:24:56.148522 39859 recstore.cc:66] init folly done
W20240211 11:24:56.465039 39853 IPCTensor.h:369] NewIPCTensor: cached_sampler_r1_0 [1000000]0x1000d8247000 7.629 MB
W20240211 11:24:56.465240 39853 IPCTensor.h:369] NewIPCTensor: cached_sampler_r1_1 [1000000]0x1000d89ea000 7.629 MB
W20240211 11:24:56.465287 39853 IPCTensor.h:369] NewIPCTensor: cached_sampler_r1_2 [1000000]0x1000d918d000 7.629 MB
W20240211 11:24:56.465342 39853 IPCTensor.h:369] NewIPCTensor: cached_sampler_r1_3 [1000000]0x1000d9930000 7.629 MB
W20240211 11:24:56.465384 39853 IPCTensor.h:369] NewIPCTensor: cached_sampler_r1_4 [1000000]0x1000da0d3000 7.629 MB
W20240211 11:24:56.465423 39853 IPCTensor.h:369] NewIPCTensor: cached_sampler_r1_5 [1000000]0x1000da876000 7.629 MB
W20240211 11:24:56.465478 39853 IPCTensor.h:369] NewIPCTensor: cached_sampler_r1_6 [1000000]0x1000db019000 7.629 MB
W20240211 11:24:56.465548 39853 IPCTensor.h:369] NewIPCTensor: cached_sampler_r1_7 [1000000]0x1000db7bc000 7.629 MB
W20240211 11:24:56.465603 39853 IPCTensor.h:369] NewIPCTensor: cached_sampler_r1_8 [1000000]0x1000dbf5f000 7.629 MB
W20240211 11:24:56.465646 39853 IPCTensor.h:369] NewIPCTensor: cached_sampler_r1_9 [1000000]0x1000dc702000 7.629 MB
W20240211 11:24:56.465690 39853 IPCTensor.h:369] NewIPCTensor: step_r1 [10]0x1000dcea5000 80 B 
W20240211 11:24:56.465730 39853 IPCTensor.h:369] NewIPCTensor: circle_buffer_end_r1 [1]0x1000dcea7000 8 B 
W20240211 11:24:56.465772 39853 IPCTensor.h:369] NewIPCTensor: circle_buffer_end_cppseen_r1 [1]0x1000dcea9000 8 B 
Dataset:  /home/xieminhui/RecStoreDataset/avazu_binary
Dataset loaded
np.max =  9449205
np.min=  1
Construct RecModelSampler done
Construct KGCacheControllerWrapper done
E20240211 11:24:56.466779 39853 recstore.cc:66] init folly done
W20240211 11:24:56.499313 39858 IPCTensor.h:369] NewIPCTensor: cached_sampler_r6_0 [1000000]0x1000dceab000 7.629 MB
W20240211 11:24:56.499500 39858 IPCTensor.h:369] NewIPCTensor: cached_sampler_r6_1 [1000000]0x1000dd64e000 7.629 MB
W20240211 11:24:56.499553 39858 IPCTensor.h:369] NewIPCTensor: cached_sampler_r6_2 [1000000]0x1000dddf1000 7.629 MB
W20240211 11:24:56.499608 39858 IPCTensor.h:369] NewIPCTensor: cached_sampler_r6_3 [1000000]0x1000de594000 7.629 MB
W20240211 11:24:56.499650 39858 IPCTensor.h:369] NewIPCTensor: cached_sampler_r6_4 [1000000]0x1000ded37000 7.629 MB
W20240211 11:24:56.499693 39858 IPCTensor.h:369] NewIPCTensor: cached_sampler_r6_5 [1000000]0x1000df4da000 7.629 MB
W20240211 11:24:56.499740 39858 IPCTensor.h:369] NewIPCTensor: cached_sampler_r6_6 [1000000]0x1000dfc7d000 7.629 MB
W20240211 11:24:56.499809 39858 IPCTensor.h:369] NewIPCTensor: cached_sampler_r6_7 [1000000]0x1000e0420000 7.629 MB
W20240211 11:24:56.499859 39858 IPCTensor.h:369] NewIPCTensor: cached_sampler_r6_8 [1000000]0x1000e0bc3000 7.629 MB
W20240211 11:24:56.499898 39858 IPCTensor.h:369] NewIPCTensor: cached_sampler_r6_9 [1000000]0x1000e1366000 7.629 MB
W20240211 11:24:56.499936 39858 IPCTensor.h:369] NewIPCTensor: step_r6 [10]0x1000e1b09000 80 B 
W20240211 11:24:56.499982 39858 IPCTensor.h:369] NewIPCTensor: circle_buffer_end_r6 [1]0x1000e1b0b000 8 B 
W20240211 11:24:56.500031 39858 IPCTensor.h:369] NewIPCTensor: circle_buffer_end_cppseen_r6 [1]0x1000e1b0d000 8 B 
Dataset:  /home/xieminhui/RecStoreDataset/avazu_binary
Dataset loaded
np.max =  9449205
np.min=  1
Construct RecModelSampler done
Construct KGCacheControllerWrapper done
E20240211 11:24:56.500656 39858 recstore.cc:66] init folly done
W20240211 11:24:56.621903 39326 IPCTensor.h:369] NewIPCTensor: cached_sampler_r0_0 [1000000]0x1000e1b0f000 7.629 MB
W20240211 11:24:56.622232 39326 IPCTensor.h:369] NewIPCTensor: cached_sampler_r0_1 [1000000]0x1000e22b2000 7.629 MB
W20240211 11:24:56.622278 39326 IPCTensor.h:369] NewIPCTensor: cached_sampler_r0_2 [1000000]0x1000e2a55000 7.629 MB
W20240211 11:24:56.622323 39326 IPCTensor.h:369] NewIPCTensor: cached_sampler_r0_3 [1000000]0x1000e31f8000 7.629 MB
W20240211 11:24:56.622375 39326 IPCTensor.h:369] NewIPCTensor: cached_sampler_r0_4 [1000000]0x1000e399b000 7.629 MB
W20240211 11:24:56.622412 39326 IPCTensor.h:369] NewIPCTensor: cached_sampler_r0_5 [1000000]0x1000e413e000 7.629 MB
W20240211 11:24:56.622463 39326 IPCTensor.h:369] NewIPCTensor: cached_sampler_r0_6 [1000000]0x1000e48e1000 7.629 MB
W20240211 11:24:56.622525 39326 IPCTensor.h:369] NewIPCTensor: cached_sampler_r0_7 [1000000]0x1000e5084000 7.629 MB
W20240211 11:24:56.622573 39326 IPCTensor.h:369] NewIPCTensor: cached_sampler_r0_8 [1000000]0x1000e5827000 7.629 MB
W20240211 11:24:56.622608 39326 IPCTensor.h:369] NewIPCTensor: cached_sampler_r0_9 [1000000]0x1000e5fca000 7.629 MB
W20240211 11:24:56.622648 39326 IPCTensor.h:369] NewIPCTensor: step_r0 [10]0x1000e676d000 80 B 
W20240211 11:24:56.622686 39326 IPCTensor.h:369] NewIPCTensor: circle_buffer_end_r0 [1]0x1000e676f000 8 B 
W20240211 11:24:56.622725 39326 IPCTensor.h:369] NewIPCTensor: circle_buffer_end_cppseen_r0 [1]0x1000e6771000 8 B 
Dataset:  /home/xieminhui/RecStoreDataset/avazu_binary
Dataset loaded
np.max =  9449205
np.min=  1
Construct RecModelSampler done
Construct KGCacheControllerWrapper done
E20240211 11:24:56.623558 39326 recstore.cc:66] init folly done
W20240211 11:24:56.806398 39855 IPCTensor.h:369] NewIPCTensor: cached_sampler_r3_0 [1000000]0x1000e6773000 7.629 MB
W20240211 11:24:56.806547 39855 IPCTensor.h:369] NewIPCTensor: cached_sampler_r3_1 [1000000]0x1000e6f16000 7.629 MB
W20240211 11:24:56.806594 39855 IPCTensor.h:369] NewIPCTensor: cached_sampler_r3_2 [1000000]0x1000e76b9000 7.629 MB
W20240211 11:24:56.806638 39855 IPCTensor.h:369] NewIPCTensor: cached_sampler_r3_3 [1000000]0x1000e7e5c000 7.629 MB
W20240211 11:24:56.806677 39855 IPCTensor.h:369] NewIPCTensor: cached_sampler_r3_4 [1000000]0x1000e85ff000 7.629 MB
W20240211 11:24:56.806712 39855 IPCTensor.h:369] NewIPCTensor: cached_sampler_r3_5 [1000000]0x1000e8da2000 7.629 MB
W20240211 11:24:56.806757 39855 IPCTensor.h:369] NewIPCTensor: cached_sampler_r3_6 [1000000]0x1000e9545000 7.629 MB
W20240211 11:24:56.806815 39855 IPCTensor.h:369] NewIPCTensor: cached_sampler_r3_7 [1000000]0x1000e9ce8000 7.629 MB
W20240211 11:24:56.806857 39855 IPCTensor.h:369] NewIPCTensor: cached_sampler_r3_8 [1000000]0x1000ea48b000 7.629 MB
W20240211 11:24:56.806890 39855 IPCTensor.h:369] NewIPCTensor: cached_sampler_r3_9 [1000000]0x1000eac2e000 7.629 MB
W20240211 11:24:56.806926 39855 IPCTensor.h:369] NewIPCTensor: step_r3 [10]0x1000eb3d1000 80 B 
W20240211 11:24:56.806965 39855 IPCTensor.h:369] NewIPCTensor: circle_buffer_end_r3 [1]0x1000eb3d3000 8 B 
W20240211 11:24:56.807005 39855 IPCTensor.h:369] NewIPCTensor: circle_buffer_end_cppseen_r3 [1]0x1000eb3d5000 8 B 
Dataset:  /home/xieminhui/RecStoreDataset/avazu_binary
Dataset loaded
np.max =  9449205
np.min=  1
Construct RecModelSampler done
Construct KGCacheControllerWrapper done
E20240211 11:24:56.807482 39855 recstore.cc:66] init folly done
W20240211 11:24:56.886857 39854 IPCTensor.h:369] NewIPCTensor: cached_sampler_r2_0 [1000000]0x1000eb3d7000 7.629 MB
W20240211 11:24:56.887022 39854 IPCTensor.h:369] NewIPCTensor: cached_sampler_r2_1 [1000000]0x1000ebb7a000 7.629 MB
W20240211 11:24:56.887068 39854 IPCTensor.h:369] NewIPCTensor: cached_sampler_r2_2 [1000000]0x1000ec31d000 7.629 MB
W20240211 11:24:56.887110 39854 IPCTensor.h:369] NewIPCTensor: cached_sampler_r2_3 [1000000]0x1000ecac0000 7.629 MB
W20240211 11:24:56.887146 39854 IPCTensor.h:369] NewIPCTensor: cached_sampler_r2_4 [1000000]0x1000ed263000 7.629 MB
W20240211 11:24:56.887192 39854 IPCTensor.h:369] NewIPCTensor: cached_sampler_r2_5 [1000000]0x1000eda06000 7.629 MB
W20240211 11:24:56.887235 39854 IPCTensor.h:369] NewIPCTensor: cached_sampler_r2_6 [1000000]0x1000ee1a9000 7.629 MB
W20240211 11:24:56.887297 39854 IPCTensor.h:369] NewIPCTensor: cached_sampler_r2_7 [1000000]0x1000ee94c000 7.629 MB
W20240211 11:24:56.887342 39854 IPCTensor.h:369] NewIPCTensor: cached_sampler_r2_8 [1000000]0x1000ef0ef000 7.629 MB
W20240211 11:24:56.887378 39854 IPCTensor.h:369] NewIPCTensor: cached_sampler_r2_9 [1000000]0x1000ef892000 7.629 MB
W20240211 11:24:56.887415 39854 IPCTensor.h:369] NewIPCTensor: step_r2 [10]0x1000f0035000 80 B 
W20240211 11:24:56.887459 39854 IPCTensor.h:369] NewIPCTensor: circle_buffer_end_r2 [1]0x1000f0037000 8 B 
W20240211 11:24:56.887499 39854 IPCTensor.h:369] NewIPCTensor: circle_buffer_end_cppseen_r2 [1]0x1000f0039000 8 B 
Dataset:  /home/xieminhui/RecStoreDataset/avazu_binary
Dataset loaded
np.max =  9449205
np.min=  1
Construct RecModelSampler done
Construct KGCacheControllerWrapper done
E20240211 11:24:56.887964 39854 recstore.cc:66] init folly done
Before Training
I20240211 11:24:57.710955 39326 IPC_barrier.h:118] CreateBarrier: new barrier, name: start_barrier, count: 8
Before Training
Before Training
Before Training
Before Training
Before Training
Before Training
I20240211 11:24:57.711103 39859 IPC_barrier.h:112] CreateBarrier: find existing barrier, name: start_barrier, count: 8
I20240211 11:24:57.711138 39853 IPC_barrier.h:112] CreateBarrier: find existing barrier, name: start_barrier, count: 8
I20240211 11:24:57.711158 39854 IPC_barrier.h:112] CreateBarrier: find existing barrier, name: start_barrier, count: 8
I20240211 11:24:57.711179 39856 IPC_barrier.h:112] CreateBarrier: find existing barrier, name: start_barrier, count: 8
I20240211 11:24:57.711199 39858 IPC_barrier.h:112] CreateBarrier: find existing barrier, name: start_barrier, count: 8
I20240211 11:24:57.711220 39857 IPC_barrier.h:112] CreateBarrier: find existing barrier, name: start_barrier, count: 8
Before Training
I20240211 11:24:57.711429 39855 IPC_barrier.h:112] CreateBarrier: find existing barrier, name: start_barrier, count: 8
========== Step 0 ========== 
+---------------------------+---------------------------+---------------------------+
| Name                      | P50                       | P99                       |
+---------------------------+---------------------------+---------------------------+
| GenInput:CircleBuffer     | 119.680 us                | 119.680 us                |
| GenInput                  | 324.076 us                | 324.076 us                |
| bucket keys               | 64.894 ms                 | 64.894 ms                 |
| forward: join             | 96.289 ms                 | 96.289 ms                 |
| NN                        | 161.824 ms                | 161.824 ms                |
| Forward                   | 387.418 ms                | 387.418 ms                |
| back: bucket keys         | 591.382 us                | 591.382 us                |
+---------------------------+---------------------------+---------------------------+
+---------------------------+---------------------------+---------------------------+
| Name                      | P50                       | P99                       |
+---------------------------+---------------------------+---------------------------+
| GenInput:CircleBuffer     | 119.680 us                | 119.680 us                |
| GenInput                  | 324.076 us                | 324.076 us                |
| bucket keys               | 64.894 ms                 | 64.894 ms                 |
| forward: join             | 96.289 ms                 | 96.289 ms                 |
| NN                        | 161.824 ms                | 161.824 ms                |
| Forward                   | 387.418 ms                | 387.418 ms                |
| back: bucket keys         | 591.382 us                | 591.382 us                |
+---------------------------+---------------------------+---------------------------+
+---------------------------+---------------------------+---------------------------+
| Name                      | P50                       | P99                       |
+---------------------------+---------------------------+---------------------------+
| GenInput:CircleBuffer     | 119.680 us                | 119.680 us                |
| GenInput                  | 324.076 us                | 324.076 us                |
| bucket keys               | 64.894 ms                 | 64.894 ms                 |
| forward: join             | 96.289 ms                 | 96.289 ms                 |
| NN                        | 161.824 ms                | 161.824 ms                |
| Forward                   | 387.418 ms                | 387.418 ms                |
| back: bucket keys         | 591.382 us                | 591.382 us                |
+---------------------------+---------------------------+---------------------------+
+---------------------------+---------------------------+---------------------------+
| Name                      | P50                       | P99                       |
+---------------------------+---------------------------+---------------------------+
| GenInput:CircleBuffer     | 119.680 us                | 119.680 us                |
| GenInput                  | 324.076 us                | 324.076 us                |
| bucket keys               | 64.894 ms                 | 64.894 ms                 |
| forward: join             | 96.289 ms                 | 96.289 ms                 |
| NN                        | 161.824 ms                | 161.824 ms                |
| Forward                   | 387.418 ms                | 387.418 ms                |
| back: bucket keys         | 591.382 us                | 591.382 us                |
+---------------------------+---------------------------+---------------------------+
+---------------------------+---------------------------+---------------------------+
| Name                      | P50                       | P99                       |
+---------------------------+---------------------------+---------------------------+
| GenInput:CircleBuffer     | 119.680 us                | 119.680 us                |
| GenInput                  | 324.076 us                | 324.076 us                |
| bucket keys               | 64.894 ms                 | 64.894 ms                 |
| forward: join             | 96.289 ms                 | 96.289 ms                 |
| NN                        | 161.824 ms                | 161.824 ms                |
| Forward                   | 387.418 ms                | 387.418 ms                |
| back: bucket keys         | 591.382 us                | 591.382 us                |
+---------------------------+---------------------------+---------------------------+
+---------------------------+---------------------------+---------------------------+
| Name                      | P50                       | P99                       |
+---------------------------+---------------------------+---------------------------+
| GenInput:CircleBuffer     | 119.680 us                | 119.680 us                |
| GenInput                  | 324.076 us                | 324.076 us                |
| bucket keys               | 64.894 ms                 | 64.894 ms                 |
| forward: join             | 96.289 ms                 | 96.289 ms                 |
| NN                        | 161.824 ms                | 161.824 ms                |
| Forward                   | 387.418 ms                | 387.418 ms                |
| back: bucket keys         | 591.382 us                | 591.382 us                |
+---------------------------+---------------------------+---------------------------+
+---------------------------+---------------------------+---------------------------+
| Name                      | P50                       | P99                       |
+---------------------------+---------------------------+---------------------------+
| GenInput:CircleBuffer     | 119.680 us                | 119.680 us                |
| GenInput                  | 324.076 us                | 324.076 us                |
| bucket keys               | 64.894 ms                 | 64.894 ms                 |
| forward: join             | 96.289 ms                 | 96.289 ms                 |
| NN                        | 161.824 ms                | 161.824 ms                |
| Forward                   | 387.418 ms                | 387.418 ms                |
| back: bucket keys         | 591.382 us                | 591.382 us                |
+---------------------------+---------------------------+---------------------------+
+---------------------------+---------------------------+---------------------------+
| Name                      | P50                       | P99                       |
+---------------------------+---------------------------+---------------------------+
| GenInput:CircleBuffer     | 119.680 us                | 119.680 us                |
| GenInput                  | 324.076 us                | 324.076 us                |
| bucket keys               | 64.894 ms                 | 64.894 ms                 |
| forward: join             | 96.289 ms                 | 96.289 ms                 |
| NN                        | 161.824 ms                | 161.824 ms                |
| Forward                   | 387.418 ms                | 387.418 ms                |
| back: bucket keys         | 591.382 us                | 591.382 us                |
+---------------------------+---------------------------+---------------------------+
+---------------------------+---------------------------+---------------------------+
| Name                      | P50                       | P99                       |
+---------------------------+---------------------------+---------------------------+
| GenInput:CircleBuffer     | 119.680 us                | 119.680 us                |
| GenInput                  | 324.076 us                | 324.076 us                |
| bucket keys               | 64.894 ms                 | 64.894 ms                 |
| forward: join             | 96.289 ms                 | 96.289 ms                 |
| NN                        | 161.824 ms                | 161.824 ms                |
| Forward                   | 387.418 ms                | 387.418 ms                |
| back: bucket keys         | 591.382 us                | 591.382 us                |
+---------------------------+---------------------------+---------------------------+
+---------------------------+---------------------------+---------------------------+
| Name                      | P50                       | P99                       |
+---------------------------+---------------------------+---------------------------+
| GenInput:CircleBuffer     | 119.680 us                | 119.680 us                |
| GenInput                  | 324.076 us                | 324.076 us                |
| bucket keys               | 64.894 ms                 | 64.894 ms                 |
| forward: join             | 96.289 ms                 | 96.289 ms                 |
| NN                        | 161.824 ms                | 161.824 ms                |
| Forward                   | 387.418 ms                | 387.418 ms                |
| back: bucket keys         | 591.382 us                | 591.382 us                |
+---------------------------+---------------------------+---------------------------+
========== Step 1 ========== 
INFO [39326 distributed.py:1140] Reducer buckets have been rebuilt in this iteration.
INFO [39853 distributed.py:1140] Reducer buckets have been rebuilt in this iteration.
INFO [39854 distributed.py:1140] Reducer buckets have been rebuilt in this iteration.
INFO [39855 distributed.py:1140] Reducer buckets have been rebuilt in this iteration.
INFO [39856 distributed.py:1140] Reducer buckets have been rebuilt in this iteration.
INFO [39857 distributed.py:1140] Reducer buckets have been rebuilt in this iteration.
INFO [39858 distributed.py:1140] Reducer buckets have been rebuilt in this iteration.
INFO [39859 distributed.py:1140] Reducer buckets have been rebuilt in this iteration.
========== Step 2 ========== 
========== Step 3 ========== 
========== Step 4 ========== 
========== Step 5 ========== 
========== Step 6 ========== 
========== Step 7 ========== 
========== Step 8 ========== 
========== Step 9 ========== 
========== Step 10 ========== 
========== Step 11 ========== 
========== Step 12 ========== 
========== Step 13 ========== 
========== Step 14 ========== 
========== Step 15 ========== 
========== Step 16 ========== 
========== Step 17 ========== 
+---------------------------+---------------------------+---------------------------+
| Name                      | P50                       | P99                       |
+---------------------------+---------------------------+---------------------------+
| GenInput:CircleBuffer     | 136.893 us                | 317.812 us                |
| GenInput                  | 469.479 us                | 4.039 ms                  |
| bucket keys               | 647.987 us                | 73.216 ms                 |
| forward: join             | 62.985 ms                 | 104.298 ms                |
| NN                        | 1.038 ms                  | 161.824 ms                |
| Forward                   | 71.166 ms                 | 387.418 ms                |
| back: bucket keys         | 432.258 us                | 591.382 us                |
| back: a2a                 | 36.267 ms                 | 50.024 s                  |
| back: cache               | 3.881 ms                  | 34.911 ms                 |
| back: aggr dram keys      | 20.115 ms                 | 840.845 ms                |
| back: set dram grad       | 262.413 us                | 1.136 ms                  |
| Backward                  | 61.431 ms                 | 50.989 s                  |
| Optimize                  | 16.860 ms                 | 117.741 ms                |
| OneStep                   | 150.593 ms                | 51.498 s                  |
+---------------------------+---------------------------+---------------------------+
========== Step 18 ========== 
========== Step 19 ========== 
========== Step 20 ========== 
========== Step 21 ========== 
========== Step 22 ========== 
========== Step 23 ========== 
========== Step 24 ========== 
========== Step 25 ========== 
========== Step 26 ========== 
========== Step 27 ========== 
========== Step 28 ========== 
========== Step 29 ========== 
========== Step 30 ========== 
========== Step 31 ========== 
========== Step 32 ========== 
========== Step 33 ========== 
========== Step 34 ========== 
========== Step 35 ========== 
========== Step 36 ========== 
========== Step 37 ========== 
========== Step 38 ========== 
========== Step 39 ========== 
========== Step 40 ========== 
========== Step 41 ========== 
========== Step 42 ========== 
========== Step 43 ========== 
========== Step 44 ========== 
========== Step 45 ========== 
========== Step 46 ========== 
========== Step 47 ========== 
========== Step 48 ========== 
========== Step 49 ========== 
========== Step 50 ========== 
+---------------------------+---------------------------+---------------------------+
| Name                      | P50                       | P99                       |
+---------------------------+---------------------------+---------------------------+
| GenInput:CircleBuffer     | 120.444 us                | 267.817 us                |
| GenInput                  | 394.451 us                | 3.565 ms                  |
| bucket keys               | 644.704 us                | 64.894 ms                 |
| forward: join             | 69.030 ms                 | 103.788 ms                |
| NN                        | 1.017 ms                  | 73.428 ms                 |
| Forward                   | 74.361 ms                 | 106.344 ms                |
| back: bucket keys         | 427.973 us                | 686.338 us                |
| back: a2a                 | 31.416 ms                 | 95.007 ms                 |
| back: cache               | 3.995 ms                  | 9.203 ms                  |
| back: aggr dram keys      | 18.833 ms                 | 25.913 ms                 |
| back: set dram grad       | 257.656 us                | 456.500 us                |
| Backward                  | 58.189 ms                 | 130.735 ms                |
| Optimize                  | 16.860 ms                 | 117.741 ms                |
| OneStep                   | 150.593 ms                | 51.498 s                  |
+---------------------------+---------------------------+---------------------------+
========== Step 51 ========== 
========== Step 52 ========== 
========== Step 53 ========== 
========== Step 54 ========== 
========== Step 55 ========== 
========== Step 56 ========== 
========== Step 57 ========== 
========== Step 58 ========== 
========== Step 59 ========== 
Successfully xmh
+---------------------------+---------------------------+---------------------------+
| Name                      | P50                       | P99                       |
+---------------------------+---------------------------+---------------------------+
| GenInput:CircleBuffer     | 119.680 us                | 267.817 us                |
| GenInput                  | 388.824 us                | 4.039 ms                  |
| bucket keys               | 644.704 us                | 64.894 ms                 |
| forward: join             | 66.588 ms                 | 103.788 ms                |
| NN                        | 1.016 ms                  | 73.428 ms                 |
| Forward                   | 71.174 ms                 | 106.344 ms                |
| back: bucket keys         | 428.201 us                | 686.338 us                |
| back: a2a                 | 31.416 ms                 | 95.007 ms                 |
| back: cache               | 3.995 ms                  | 9.203 ms                  |
| back: aggr dram keys      | 19.004 ms                 | 25.913 ms                 |
| back: set dram grad       | 257.561 us                | 456.500 us                |
| Backward                  | 58.189 ms                 | 130.735 ms                |
| Optimize                  | 16.860 ms                 | 21.547 ms                 |
| OneStep                   | 150.176 ms                | 165.072 ms                |
+---------------------------+---------------------------+---------------------------+
