WARNING: Logging before InitGoogleLogging() is written to STDERR
I20240201 00:35:47.726552 3320327 IPC_barrier.h:128] MultiProcessBarrierFactory->ClearIPCMemory()
/home/xieminhui/RecStore/src/framework_adapters/torch/kg/dgl-0.9.1/python/dgl/_deprecate/graph.py:1023: DGLWarning: multigraph will be deprecated.DGL will treat all graphs as multigraph in the future.
  dgl_warning("multigraph will be deprecated." \
/home/xieminhui/RecStore/src/framework_adapters/torch/kg/dgl-0.9.1/python/dgl/heterograph.py:72: DGLWarning: Recommend creating graphs by `dgl.graph(data)` instead of `dgl.DGLGraph(data)`.
  dgl_warning('Recommend creating graphs by `dgl.graph(data)`'
Reading train triples....
Finished. Read 483142 train triples.
Reading valid triples....
Finished. Read 50000 valid triples.
Reading test triples....
Finished. Read 59071 test triples.
ARGS:  Namespace(model_name='TransE', data_path='/home/xieminhui/dgl-data', dataset='FB15k', format='built_in', data_files=None, delimiter='\t', save_path='/tmp/ckpts/TransE_FB15k_234', no_save_emb=True, max_step=500, batch_size=600, batch_size_eval=16, neg_sample_size=200, neg_deg_sample=False, neg_deg_sample_eval=False, neg_sample_size_eval=14951, eval_percent=1, no_eval_filter=False, log_interval=100, eval_interval=10000, test=False, num_proc=4, num_thread=1, force_sync_interval=1, hidden_dim=400, lr=0.01, gamma=16.0, double_ent=False, double_rel=False, neg_adversarial_sampling=False, adversarial_temperature=1.0, regularization_coef=0.0, regularization_norm=3, pairwise=False, loss_genre='Logsigmoid', margin=1.0, nr_gpus=4, gpu=[0, 1, 2, 3], mix_cpu_gpu=True, valid=False, rel_part=False, async_update=None, has_edge_importance=False, cached_emb_type='KnownLocalCachedEmbedding', use_my_emb=True, cache_ratio=0.1, shuffle=False, backwardMode='CppAsync', L=10, update_cache_use_omp=0, update_pq_use_omp=0, kForwardItersPerStep=2, backgrad_init='both', eval_filter=True, soft_rel_part=False)
|Train|: 483142
original graph:  DGLGraph(num_nodes=14951, num_edges=592213,
         ndata_schemes={}
         edata_schemes={'tid': Scheme(shape=(), dtype=torch.int64)})
Loading cached metis
WARNING [3320327 sampler.py:454] Start PreSampling
WARNING [3320327 sampler.py:532] Before construct renumbering_dict
WARNING [3320327 sampler.py:555] PreSampling done
W20240201 00:35:50.840607 3320327 IPCTensor.h:369] NewIPCTensor: cached_sampler_r0_0 [1000000]0x100000002000 7.629 MB
W20240201 00:35:50.840770 3320327 IPCTensor.h:369] NewIPCTensor: cached_sampler_r0_1 [1000000]0x1000007a5000 7.629 MB
W20240201 00:35:50.840797 3320327 IPCTensor.h:369] NewIPCTensor: cached_sampler_r0_2 [1000000]0x100000f48000 7.629 MB
W20240201 00:35:50.840816 3320327 IPCTensor.h:369] NewIPCTensor: cached_sampler_r0_3 [1000000]0x1000016eb000 7.629 MB
W20240201 00:35:50.840837 3320327 IPCTensor.h:369] NewIPCTensor: cached_sampler_r0_4 [1000000]0x100001e8e000 7.629 MB
W20240201 00:35:50.840855 3320327 IPCTensor.h:369] NewIPCTensor: cached_sampler_r0_5 [1000000]0x100002631000 7.629 MB
W20240201 00:35:50.840873 3320327 IPCTensor.h:369] NewIPCTensor: cached_sampler_r0_6 [1000000]0x100002dd4000 7.629 MB
W20240201 00:35:50.840895 3320327 IPCTensor.h:369] NewIPCTensor: cached_sampler_r0_7 [1000000]0x100003577000 7.629 MB
W20240201 00:35:50.840917 3320327 IPCTensor.h:369] NewIPCTensor: cached_sampler_r0_8 [1000000]0x100003d1a000 7.629 MB
W20240201 00:35:50.840935 3320327 IPCTensor.h:369] NewIPCTensor: cached_sampler_r0_9 [1000000]0x1000044bd000 7.629 MB
W20240201 00:35:50.840957 3320327 IPCTensor.h:369] NewIPCTensor: step_r0 [10]0x100004c60000 80 B 
W20240201 00:35:50.840977 3320327 IPCTensor.h:369] NewIPCTensor: circle_buffer_end_r0 [1]0x100004c62000 8 B 
W20240201 00:35:50.840998 3320327 IPCTensor.h:369] NewIPCTensor: circle_buffer_end_cppseen_r0 [1]0x100004c64000 8 B 
W20240201 00:35:50.841104 3320327 IPCTensor.h:369] NewIPCTensor: cached_sampler_r1_0 [1000000]0x100004c66000 7.629 MB
W20240201 00:35:50.841130 3320327 IPCTensor.h:369] NewIPCTensor: cached_sampler_r1_1 [1000000]0x100005409000 7.629 MB
W20240201 00:35:50.841147 3320327 IPCTensor.h:369] NewIPCTensor: cached_sampler_r1_2 [1000000]0x100005bac000 7.629 MB
W20240201 00:35:50.841181 3320327 IPCTensor.h:369] NewIPCTensor: cached_sampler_r1_3 [1000000]0x10000634f000 7.629 MB
W20240201 00:35:50.841199 3320327 IPCTensor.h:369] NewIPCTensor: cached_sampler_r1_4 [1000000]0x100006af2000 7.629 MB
W20240201 00:35:50.841221 3320327 IPCTensor.h:369] NewIPCTensor: cached_sampler_r1_5 [1000000]0x100007295000 7.629 MB
W20240201 00:35:50.841240 3320327 IPCTensor.h:369] NewIPCTensor: cached_sampler_r1_6 [1000000]0x100007a38000 7.629 MB
W20240201 00:35:50.841261 3320327 IPCTensor.h:369] NewIPCTensor: cached_sampler_r1_7 [1000000]0x1000081db000 7.629 MB
W20240201 00:35:50.841282 3320327 IPCTensor.h:369] NewIPCTensor: cached_sampler_r1_8 [1000000]0x10000897e000 7.629 MB
W20240201 00:35:50.841310 3320327 IPCTensor.h:369] NewIPCTensor: cached_sampler_r1_9 [1000000]0x100009121000 7.629 MB
W20240201 00:35:50.841327 3320327 IPCTensor.h:369] NewIPCTensor: step_r1 [10]0x1000098c4000 80 B 
W20240201 00:35:50.841343 3320327 IPCTensor.h:369] NewIPCTensor: circle_buffer_end_r1 [1]0x1000098c6000 8 B 
W20240201 00:35:50.841358 3320327 IPCTensor.h:369] NewIPCTensor: circle_buffer_end_cppseen_r1 [1]0x1000098c8000 8 B 
W20240201 00:35:50.841394 3320327 IPCTensor.h:369] NewIPCTensor: cached_sampler_r2_0 [1000000]0x1000098ca000 7.629 MB
W20240201 00:35:50.841418 3320327 IPCTensor.h:369] NewIPCTensor: cached_sampler_r2_1 [1000000]0x10000a06d000 7.629 MB
W20240201 00:35:50.841436 3320327 IPCTensor.h:369] NewIPCTensor: cached_sampler_r2_2 [1000000]0x10000a810000 7.629 MB
W20240201 00:35:50.841461 3320327 IPCTensor.h:369] NewIPCTensor: cached_sampler_r2_3 [1000000]0x10000afb3000 7.629 MB
W20240201 00:35:50.841478 3320327 IPCTensor.h:369] NewIPCTensor: cached_sampler_r2_4 [1000000]0x10000b756000 7.629 MB
W20240201 00:35:50.841500 3320327 IPCTensor.h:369] NewIPCTensor: cached_sampler_r2_5 [1000000]0x10000bef9000 7.629 MB
W20240201 00:35:50.841521 3320327 IPCTensor.h:369] NewIPCTensor: cached_sampler_r2_6 [1000000]0x10000c69c000 7.629 MB
W20240201 00:35:50.841542 3320327 IPCTensor.h:369] NewIPCTensor: cached_sampler_r2_7 [1000000]0x10000ce3f000 7.629 MB
W20240201 00:35:50.841559 3320327 IPCTensor.h:369] NewIPCTensor: cached_sampler_r2_8 [1000000]0x10000d5e2000 7.629 MB
W20240201 00:35:50.841579 3320327 IPCTensor.h:369] NewIPCTensor: cached_sampler_r2_9 [1000000]0x10000dd85000 7.629 MB
W20240201 00:35:50.841601 3320327 IPCTensor.h:369] NewIPCTensor: step_r2 [10]0x10000e528000 80 B 
W20240201 00:35:50.841616 3320327 IPCTensor.h:369] NewIPCTensor: circle_buffer_end_r2 [1]0x10000e52a000 8 B 
W20240201 00:35:50.841634 3320327 IPCTensor.h:369] NewIPCTensor: circle_buffer_end_cppseen_r2 [1]0x10000e52c000 8 B 
W20240201 00:35:50.841667 3320327 IPCTensor.h:369] NewIPCTensor: cached_sampler_r3_0 [1000000]0x10000e52e000 7.629 MB
W20240201 00:35:50.841686 3320327 IPCTensor.h:369] NewIPCTensor: cached_sampler_r3_1 [1000000]0x10000ecd1000 7.629 MB
W20240201 00:35:50.841706 3320327 IPCTensor.h:369] NewIPCTensor: cached_sampler_r3_2 [1000000]0x10000f474000 7.629 MB
W20240201 00:35:50.841728 3320327 IPCTensor.h:369] NewIPCTensor: cached_sampler_r3_3 [1000000]0x10000fc17000 7.629 MB
W20240201 00:35:50.841746 3320327 IPCTensor.h:369] NewIPCTensor: cached_sampler_r3_4 [1000000]0x1000103ba000 7.629 MB
W20240201 00:35:50.841764 3320327 IPCTensor.h:369] NewIPCTensor: cached_sampler_r3_5 [1000000]0x100010b5d000 7.629 MB
W20240201 00:35:50.841786 3320327 IPCTensor.h:369] NewIPCTensor: cached_sampler_r3_6 [1000000]0x100011300000 7.629 MB
W20240201 00:35:50.841811 3320327 IPCTensor.h:369] NewIPCTensor: cached_sampler_r3_7 [1000000]0x100011aa3000 7.629 MB
W20240201 00:35:50.841831 3320327 IPCTensor.h:369] NewIPCTensor: cached_sampler_r3_8 [1000000]0x100012246000 7.629 MB
W20240201 00:35:50.841853 3320327 IPCTensor.h:369] NewIPCTensor: cached_sampler_r3_9 [1000000]0x1000129e9000 7.629 MB
W20240201 00:35:50.841873 3320327 IPCTensor.h:369] NewIPCTensor: step_r3 [10]0x10001318c000 80 B 
W20240201 00:35:50.841887 3320327 IPCTensor.h:369] NewIPCTensor: circle_buffer_end_r3 [1]0x10001318e000 8 B 
W20240201 00:35:50.841912 3320327 IPCTensor.h:369] NewIPCTensor: circle_buffer_end_cppseen_r3 [1]0x100013190000 8 B 
W20240201 00:35:50.977447 3320327 IPCTensor.h:369] NewIPCTensor: full_emb [14951, 400]0x100013192000 22.81 MB
W20240201 00:35:51.004312 3320327 IPCTensor.h:369] NewIPCTensor: full_emb_SparseRowWiseAdaGrad_sum [14951]0x100014864000 58.4 kB
{0: Graph(num_nodes=10523, num_edges=182012,
      ndata_schemes={'_ID': Scheme(shape=(), dtype=torch.int64), 'inner_node': Scheme(shape=(), dtype=torch.int32), 'part_id': Scheme(shape=(), dtype=torch.int64)}
      edata_schemes={'_ID': Scheme(shape=(), dtype=torch.int64), 'inner_edge': Scheme(shape=(), dtype=torch.int8)}), 1: Graph(num_nodes=10996, num_edges=244360,
      ndata_schemes={'_ID': Scheme(shape=(), dtype=torch.int64), 'inner_node': Scheme(shape=(), dtype=torch.int32), 'part_id': Scheme(shape=(), dtype=torch.int64)}
      edata_schemes={'_ID': Scheme(shape=(), dtype=torch.int64), 'inner_edge': Scheme(shape=(), dtype=torch.int8)}), 2: Graph(num_nodes=9404, num_edges=143355,
      ndata_schemes={'_ID': Scheme(shape=(), dtype=torch.int64), 'inner_node': Scheme(shape=(), dtype=torch.int32), 'part_id': Scheme(shape=(), dtype=torch.int64)}
      edata_schemes={'_ID': Scheme(shape=(), dtype=torch.int64), 'inner_edge': Scheme(shape=(), dtype=torch.int8)}), 3: Graph(num_nodes=10954, num_edges=175447,
      ndata_schemes={'_ID': Scheme(shape=(), dtype=torch.int64), 'inner_node': Scheme(shape=(), dtype=torch.int32), 'part_id': Scheme(shape=(), dtype=torch.int64)}
      edata_schemes={'_ID': Scheme(shape=(), dtype=torch.int64), 'inner_edge': Scheme(shape=(), dtype=torch.int8)})}
MertisPartition: part 0 has 10523 N 182012 E
MertisPartition: part 1 has 10996 N 244360 E
MertisPartition: part 2 has 9404 N 143355 E
MertisPartition: part 3 has 10954 N 175447 E
Rank0: cached key size 373
Rank1: cached key size 373
Rank2: cached key size 373
Rank3: cached key size 373
Before renumbering graph:  {'_ID': tensor([    5,    14,    17,  ..., 11245,  2040,  3009]), 'inner_node': tensor([1, 1, 1,  ..., 0, 0, 0], dtype=torch.int32), 'part_id': tensor([0, 0, 0,  ..., 2, 3, 3])}
After renumbering graph:  {'_ID': tensor([1590, 1795, 1866,  ..., 2314, 6316, 7251]), 'inner_node': tensor([1, 1, 1,  ..., 0, 0, 0], dtype=torch.int32), 'part_id': tensor([0, 0, 0,  ..., 2, 3, 3])}
part_g: DGLGraph(num_nodes=10523, num_edges=182012,
         ndata_schemes={'_ID': Scheme(shape=(), dtype=torch.int64)}
         edata_schemes={'tid': Scheme(shape=(), dtype=torch.int64)})
part_g: DGLGraph(num_nodes=10523, num_edges=182012,
         ndata_schemes={'_ID': Scheme(shape=(), dtype=torch.int64)}
         edata_schemes={'tid': Scheme(shape=(), dtype=torch.int64)})
Total initialize time 3.307 seconds
[Rank1] pid = 3320539
[Rank2] pid = 3320604
INFO [3320327 distributed_c10d.py:442] Added key: store_based_barrier_key:1 to store for rank: 0
INFO [3320539 distributed_c10d.py:442] Added key: store_based_barrier_key:1 to store for rank: 1
INFO [3320668 distributed_c10d.py:442] Added key: store_based_barrier_key:1 to store for rank: 3
INFO [3320668 distributed_c10d.py:476] Rank 3: Completed store-based barrier for key:store_based_barrier_key:1 with 4 nodes.
INFO [3320604 distributed_c10d.py:442] Added key: store_based_barrier_key:1 to store for rank: 2
INFO [3320604 distributed_c10d.py:476] Rank 2: Completed store-based barrier for key:store_based_barrier_key:1 with 4 nodes.
W20240201 00:35:54.383657 3320670 IPCTensor.h:409] NewIPCGPUTensor: embedding_cache_3 [1495, 400]; dev=3; size=2.281 MB
W20240201 00:35:54.384276 3320670 IPCTensor.h:369] NewIPCTensor: input_keys_3 [1000000]0x100014876000 7.629 MB
W20240201 00:35:54.384440 3320670 IPCTensor.h:369] NewIPCTensor: input_keys_neg_3 [1000000]0x100015019000 7.629 MB
W20240201 00:35:54.384500 3320670 IPCTensor.h:369] NewIPCTensor: backward_grads_3 [1000000, 400]0x1000157bc000 1.49 GB
W20240201 00:35:54.384531 3320670 IPCTensor.h:369] NewIPCTensor: backward_grads_neg_3 [1000000, 400]0x100074d9f000 1.49 GB
W20240201 00:35:54.384560 3320670 IPCTensor.h:409] NewIPCGPUTensor: backward_grads_3_gpu [1000000, 400]; dev=3; size=1.49 GB
INFO [3320539 distributed_c10d.py:476] Rank 1: Completed store-based barrier for key:store_based_barrier_key:1 with 4 nodes.
W20240201 00:35:54.385023 3320605 IPCTensor.h:409] NewIPCGPUTensor: embedding_cache_2 [1495, 400]; dev=2; size=2.281 MB
W20240201 00:35:54.386197 3320540 IPCTensor.h:409] NewIPCGPUTensor: embedding_cache_1 [1495, 400]; dev=1; size=2.281 MB
W20240201 00:35:54.386766 3320670 IPCTensor.h:409] NewIPCGPUTensor: backward_grads_neg_3_gpu [1000000, 400]; dev=3; size=1.49 GB
W20240201 00:35:54.386991 3320605 IPCTensor.h:369] NewIPCTensor: input_keys_2 [1000000]0x1000d4386000 7.629 MB
INFO [3320327 distributed_c10d.py:476] Rank 0: Completed store-based barrier for key:store_based_barrier_key:1 with 4 nodes.
W20240201 00:35:54.387234 3320605 IPCTensor.h:369] NewIPCTensor: input_keys_neg_2 [1000000]0x1000d4b29000 7.629 MB
W20240201 00:35:54.387346 3320605 IPCTensor.h:369] NewIPCTensor: backward_grads_2 [1000000, 400]0x1000d52cc000 1.49 GB
W20240201 00:35:54.387430 3320605 IPCTensor.h:369] NewIPCTensor: backward_grads_neg_2 [1000000, 400]0x1001348af000 1.49 GB
W20240201 00:35:54.387507 3320605 IPCTensor.h:409] NewIPCGPUTensor: backward_grads_2_gpu [1000000, 400]; dev=2; size=1.49 GB
W20240201 00:35:54.387504 3320669 IPCTensor.h:409] NewIPCGPUTensor: embedding_cache_0 [1495, 400]; dev=0; size=2.281 MB
W20240201 00:35:54.388746 3320540 IPCTensor.h:369] NewIPCTensor: input_keys_1 [1000000]0x100193e94000 7.629 MB
W20240201 00:35:54.388881 3320540 IPCTensor.h:369] NewIPCTensor: input_keys_neg_1 [1000000]0x100194637000 7.629 MB
W20240201 00:35:54.388928 3320540 IPCTensor.h:369] NewIPCTensor: backward_grads_1 [1000000, 400]0x100194dda000 1.49 GB
W20240201 00:35:54.388960 3320540 IPCTensor.h:369] NewIPCTensor: backward_grads_neg_1 [1000000, 400]0x1001f43bd000 1.49 GB
W20240201 00:35:54.388989 3320540 IPCTensor.h:409] NewIPCGPUTensor: backward_grads_1_gpu [1000000, 400]; dev=1; size=1.49 GB
W20240201 00:35:54.394301 3320669 IPCTensor.h:369] NewIPCTensor: input_keys_0 [1000000]0x1002539a8000 7.629 MB
W20240201 00:35:54.394369 3320540 IPCTensor.h:409] NewIPCGPUTensor: backward_grads_neg_1_gpu [1000000, 400]; dev=1; size=1.49 GB
W20240201 00:35:54.394408 3320669 IPCTensor.h:369] NewIPCTensor: input_keys_neg_0 [1000000]0x10025414b000 7.629 MB
W20240201 00:35:54.394405 3320605 IPCTensor.h:409] NewIPCGPUTensor: backward_grads_neg_2_gpu [1000000, 400]; dev=2; size=1.49 GB
W20240201 00:35:54.394450 3320669 IPCTensor.h:369] NewIPCTensor: backward_grads_0 [1000000, 400]0x1002548ee000 1.49 GB
W20240201 00:35:54.394485 3320669 IPCTensor.h:369] NewIPCTensor: backward_grads_neg_0 [1000000, 400]0x1002b3ed1000 1.49 GB
W20240201 00:35:54.394524 3320669 IPCTensor.h:409] NewIPCGPUTensor: backward_grads_0_gpu [1000000, 400]; dev=0; size=1.49 GB
W20240201 00:35:54.402882 3320669 IPCTensor.h:409] NewIPCGPUTensor: backward_grads_neg_0_gpu [1000000, 400]; dev=0; size=1.49 GB
cudaHostRegister 0x100013192000
3: KnownLocalCachedEmbedding init done
WARNING [3320668 DistTensor.py:59] The tensor name already exists in the kvstore
cudaHostRegister 0x100013192000
1: KnownLocalCachedEmbedding init done
WARNING [3320539 DistTensor.py:59] The tensor name already exists in the kvstore
[Rank3] pid = 3320668
New CachedEmbedding, name=full_emb, shape=(14951, 400), cache_type=KnownLocalCachedEmbedding
fixed cache_range is [(0, 1495), (1495, 2990), (2990, 4485), (4485, 5980)]
cudaHostRegister 0x100013192000
0: KnownLocalCachedEmbedding init done
WARNING [3320327 DistTensor.py:59] The tensor name already exists in the kvstore
cudaHostRegister 0x100013192000
2: KnownLocalCachedEmbedding init done
WARNING [3320604 DistTensor.py:59] The tensor name already exists in the kvstore
I20240201 00:35:55.734141 3320605 IPC_barrier.h:118] CreateBarrier: new barrier, name: kgcachecontroller, count: 4
I20240201 00:35:55.734380 3320669 IPC_barrier.h:112] CreateBarrier: find existing barrier, name: kgcachecontroller, count: 4
I20240201 00:35:55.734490 3320670 IPC_barrier.h:112] CreateBarrier: find existing barrier, name: kgcachecontroller, count: 4
I20240201 00:35:55.734542 3320540 IPC_barrier.h:112] CreateBarrier: find existing barrier, name: kgcachecontroller, count: 4
W20240201 00:35:55.735862 3320669 grad_base.h:55] KGCacheController, config={
        "num_gpus": 4,
        "L": 10,
        "backgrad_init": "both", 
        "kForwardItersPerStep": 2,
        "clr": 0.01,
        "nr_background_threads": 32,
        "backwardMode": "CppAsync",
        "cache_ratio": 0.1,
        "update_cache_use_omp":  0,
        "update_pq_use_omp":  0
        }
W20240201 00:35:55.736047 3320669 grad_base.h:184] Init GradProcessingBase done
I20240201 00:35:55.738478 3320669 grad_async_v1.h:203] Use main thread to update emb.
W20240201 00:35:55.738519 3320669 kg_controller.h:75] after init GradAsyncProcessing
I20240201 00:35:55.738524 3320669 kg_controller.h:84] Construct KGCacheController done
E20240201 00:35:56.180624 3320540 recstore.cc:66] init folly done
E20240201 00:35:56.180636 3320669 recstore.cc:66] init folly done
E20240201 00:35:56.180652 3320670 recstore.cc:66] init folly done
E20240201 00:35:56.180657 3320605 recstore.cc:66] init folly done
I20240201 00:35:56.182051 3320669 grad_base.h:60] GraphEnv RegTensorsPerProcess
I20240201 00:35:56.945374 3320670 IPC_barrier.h:118] CreateBarrier: new barrier, name: start_barrier, count: 4
I20240201 00:35:56.958565 3320605 IPC_barrier.h:112] CreateBarrier: find existing barrier, name: start_barrier, count: 4
I20240201 00:35:56.965008 3320669 IPC_barrier.h:112] CreateBarrier: find existing barrier, name: start_barrier, count: 4
I20240201 00:35:56.985227 3320540 IPC_barrier.h:112] CreateBarrier: find existing barrier, name: start_barrier, count: 4
W20240201 00:35:59.261790 3320669 grad_async_v1.h:429] Sleep in <BlockToStepN>, step_no=1, pq.top=1
W20240201 00:36:00.261040 3320669 grad_async_v1.h:429] Sleep in <BlockToStepN>, step_no=28, pq.top=28
+---------------------------+---------------------------+---------------------------+
| Name                      | P50                       | P99                       |
+---------------------------+---------------------------+---------------------------+
| GenInput                  | 911.899 us                | 8.510 ms                  |
| Forward                   | 2.482 ms                  | 1.462 s                   |
| Backward                  | 4.561 ms                  | 220.602 ms                |
| Optimize                  | 755.728 us                | 2.271 ms                  |
| BarrierTimeBeforeRank0    | 36.679 us                 | 1.302 ms                  |
| AfterBackward             | 7.034 ms                  | 589.641 ms                |
| BlockToStepN              | 24.308 ms                 | 34.871 ms                 |
| OneStep                   | 40.975 ms                 | 2.300 s                   |
+---------------------------+---------------------------+---------------------------+
+---------------------------+---------------------------+---------------------------+
| Name                      | P50                       | P99                       |
+---------------------------+---------------------------+---------------------------+
| ProcessBack:Shuffle       | 1.768 ms                  | 78.650 ms                 |
| ProcessBack:UpdateCache   | 1.666 ms                  | 146.287 ms                |
| ProcessBack:UpsertPq      | 3.025 ms                  | 6.042 ms                  |
| ProcessOneStep            | 7.313 ms                  | 588.947 ms                |
| BlockToStepN              | 26.611 ms                 | 39.412 ms                 |
+---------------------------+---------------------------+---------------------------+
W20240201 00:36:01.277797 3320669 grad_async_v1.h:429] Sleep in <BlockToStepN>, step_no=49, pq.top=49
W20240201 00:36:02.277004 3320669 grad_async_v1.h:429] Sleep in <BlockToStepN>, step_no=67, pq.top=67
W20240201 00:36:03.277011 3320669 grad_async_v1.h:429] Sleep in <BlockToStepN>, step_no=83, pq.top=83
W20240201 00:36:04.277009 3320669 grad_async_v1.h:429] Sleep in <BlockToStepN>, step_no=97, pq.top=97
train_sampler.Prefill()
before start barrier
start train
[proc 1] 100 steps, total: 7.535, sample: 0.127, forward: 1.130, backward: 0.743, update: 0.065
train_sampler.Prefill()
before start barrier
start train
[proc 2] 100 steps, total: 7.562, sample: 0.107, forward: 1.393, backward: 0.717, update: 0.058
train_sampler.Prefill()
before start barrier
start train
[proc 3] 100 steps, total: 7.575, sample: 0.133, forward: 1.053, backward: 0.657, update: 0.063
train_sampler.Prefill()
-------Step 0-------
tensor([ 8361,  4303,  9746,  8199,  8592,  4730, 10498,  5257, 12671,   156]) tensor([ 1866,  8584,  9819,  1186,  7813,  7967, 13159,  8251,  7824,  1251])
-------Step 1-------
tensor([ 8361,  4303,  9746,  8199,  8592,  4730, 10498,  5257, 12671,   156]) tensor([ 7437, 12353, 14005,  1729, 10900, 10495,  2477,  9598,  8443,  8396])
-------Step 2-------
tensor([ 6086, 13546,  7527,  5418,  5340, 10101, 10450, 11064, 11844,   297]) tensor([10669,  3781,  2398,  7177,  5244,  1298,  6804,  5295,  7122,  6470])
-------Step 3-------
tensor([ 6086, 13546,  7527,  5418,  5340, 10101, 10450, 11064, 11844,   297]) tensor([ 6295, 13451,  8836, 11069,  7295,  2191,  9440, 11335, 12772, 12878])
-------Step 4-------
tensor([ 9244,  2873,  3864,    22,   723,   280,    87, 11319, 10165,  8296]) tensor([10576,  4224,  3899, 12722,  2276,  2774, 11540,  6104, 12366,  7073])
-------Step 5-------
tensor([ 9244,  2873,  3864,    22,   723,   280,    87, 11319, 10165,  8296]) tensor([ 6412, 10710,  5744,  9930, 10116,  7259,  6085,  3995,  8109, 14499])
-------Step 6-------
tensor([11433,  7397,  6747,  7422,  2177,  6633,  7779,  3262, 13333,   114]) tensor([ 7840,  6044,  3785, 11656,  7889,  1336,  4491, 12945, 13225,  3864])
-------Step 7-------
tensor([11433,  7397,  6747,  7422,  2177,  6633,  7779,  3262, 13333,   114]) tensor([ 6251,  8770,  8906,  9813,  1093,   192, 13507, 10424,  4802,   833])
-------Step 8-------
tensor([ 3266, 14616, 10914, 10632,  5745,  6747, 13055,  7522,  4542,  2107]) tensor([14250,   976, 10514, 10859,  4066,   670,  6303,  1048, 10194, 13062])
-------Step 9-------
tensor([ 3266, 14616, 10914, 10632,  5745,  6747, 13055,  7522,  4542,  2107]) tensor([ 9955, 11530, 13247,   890, 12112, 10663,  6346,  2424,  7018,  9545])
before start barrier
start train
[proc 0] 100 steps, total: 7.556, sample: 0.199, forward: 1.720, backward: 0.681, update: 0.080
W20240201 00:36:05.277009 3320669 grad_async_v1.h:429] Sleep in <BlockToStepN>, step_no=111, pq.top=111
+---------------------------+---------------------------+---------------------------+
| Name                      | P50                       | P99                       |
+---------------------------+---------------------------+---------------------------+
| GenInput                  | 1.307 ms                  | 7.917 ms                  |
| Forward                   | 2.392 ms                  | 17.051 ms                 |
| Backward                  | 4.777 ms                  | 6.732 ms                  |
| Optimize                  | 765.649 us                | 1.809 ms                  |
| BarrierTimeBeforeRank0    | 18.943 us                 | 1.679 ms                  |
| AfterBackward             | 7.378 ms                  | 10.147 ms                 |
| BlockToStepN              | 36.264 ms                 | 60.001 ms                 |
| OneStep                   | 55.709 ms                 | 76.552 ms                 |
+---------------------------+---------------------------+---------------------------+
+---------------------------+---------------------------+---------------------------+
| Name                      | P50                       | P99                       |
+---------------------------+---------------------------+---------------------------+
| ProcessBack:Shuffle       | 1.687 ms                  | 2.471 ms                  |
| ProcessBack:UpdateCache   | 1.601 ms                  | 2.359 ms                  |
| ProcessBack:UpsertPq      | 3.069 ms                  | 4.875 ms                  |
| ProcessOneStep            | 7.313 ms                  | 10.129 ms                 |
| BlockToStepN              | 36.957 ms                 | 59.963 ms                 |
+---------------------------+---------------------------+---------------------------+
W20240201 00:36:06.277004 3320669 grad_async_v1.h:429] Sleep in <BlockToStepN>, step_no=128, pq.top=128
W20240201 00:36:07.277009 3320669 grad_async_v1.h:429] Sleep in <BlockToStepN>, step_no=146, pq.top=146
W20240201 00:36:08.277010 3320669 grad_async_v1.h:429] Sleep in <BlockToStepN>, step_no=163, pq.top=163
W20240201 00:36:09.277011 3320669 grad_async_v1.h:429] Sleep in <BlockToStepN>, step_no=180, pq.top=180
W20240201 00:36:10.277005 3320669 grad_async_v1.h:429] Sleep in <BlockToStepN>, step_no=198, pq.top=198
[proc 1] 200 steps, total: 5.891, sample: 0.116, forward: 0.200, backward: 0.456, update: 0.061
[proc 2] 200 steps, total: 5.891, sample: 0.112, forward: 0.188, backward: 0.444, update: 0.058
[proc 0] 200 steps, total: 5.891, sample: 0.188, forward: 0.211, backward: 0.469, update: 0.065
[proc 3] 200 steps, total: 5.891, sample: 0.132, forward: 0.216, backward: 0.450, update: 0.069
+---------------------------+---------------------------+---------------------------+
| Name                      | P50                       | P99                       |
+---------------------------+---------------------------+---------------------------+
| GenInput                  | 1.260 ms                  | 7.850 ms                  |
| Forward                   | 2.279 ms                  | 5.611 ms                  |
| Backward                  | 4.764 ms                  | 6.649 ms                  |
| Optimize                  | 729.167 us                | 1.743 ms                  |
| BarrierTimeBeforeRank0    | 18.000 us                 | 1.706 ms                  |
| AfterBackward             | 6.815 ms                  | 9.396 ms                  |
| BlockToStepN              | 40.076 ms                 | 57.241 ms                 |
| OneStep                   | 56.837 ms                 | 75.915 ms                 |
+---------------------------+---------------------------+---------------------------+
+---------------------------+---------------------------+---------------------------+
| Name                      | P50                       | P99                       |
+---------------------------+---------------------------+---------------------------+
| ProcessBack:Shuffle       | 1.630 ms                  | 2.318 ms                  |
| ProcessBack:UpdateCache   | 1.554 ms                  | 2.401 ms                  |
| ProcessBack:UpsertPq      | 3.022 ms                  | 4.863 ms                  |
| ProcessOneStep            | 6.778 ms                  | 9.355 ms                  |
| BlockToStepN              | 40.109 ms                 | 57.206 ms                 |
+---------------------------+---------------------------+---------------------------+
W20240201 00:36:11.277010 3320669 grad_async_v1.h:429] Sleep in <BlockToStepN>, step_no=216, pq.top=216
W20240201 00:36:12.289746 3320669 grad_async_v1.h:429] Sleep in <BlockToStepN>, step_no=234, pq.top=234
W20240201 00:36:13.299901 3320669 grad_async_v1.h:429] Sleep in <BlockToStepN>, step_no=252, pq.top=252
W20240201 00:36:14.312306 3320669 grad_async_v1.h:429] Sleep in <BlockToStepN>, step_no=270, pq.top=270
W20240201 00:36:15.312004 3320669 grad_async_v1.h:429] Sleep in <BlockToStepN>, step_no=288, pq.top=288
+---------------------------+---------------------------+---------------------------+
| Name                      | P50                       | P99                       |
+---------------------------+---------------------------+---------------------------+
| GenInput                  | 1.165 ms                  | 7.335 ms                  |
| Forward                   | 2.190 ms                  | 3.927 ms                  |
| Backward                  | 4.764 ms                  | 6.045 ms                  |
| Optimize                  | 702.831 us                | 1.523 ms                  |
| BarrierTimeBeforeRank0    | 17.351 us                 | 1.680 ms                  |
| AfterBackward             | 6.747 ms                  | 9.377 ms                  |
| BlockToStepN              | 40.138 ms                 | 57.071 ms                 |
| OneStep                   | 56.314 ms                 | 75.861 ms                 |
+---------------------------+---------------------------+---------------------------+
[proc 2] 300 steps, total: 5.595, sample: 0.097, forward: 0.177, backward: 0.437, update: 0.053
[proc 0] 300 steps, total: 5.595, sample: 0.155, forward: 0.207, backward: 0.472, update: 0.061
[proc 3] 300 steps, total: 5.595, sample: 0.115, forward: 0.210, backward: 0.354, update: 0.062
[proc 1] 300 steps, total: 5.595, sample: 0.098, forward: 0.190, backward: 0.458, update: 0.063
+---------------------------+---------------------------+---------------------------+
| Name                      | P50                       | P99                       |
+---------------------------+---------------------------+---------------------------+
| ProcessBack:Shuffle       | 1.612 ms                  | 2.262 ms                  |
| ProcessBack:UpdateCache   | 1.575 ms                  | 2.553 ms                  |
| ProcessBack:UpsertPq      | 3.071 ms                  | 4.804 ms                  |
| ProcessOneStep            | 6.702 ms                  | 9.339 ms                  |
| BlockToStepN              | 40.139 ms                 | 57.044 ms                 |
+---------------------------+---------------------------+---------------------------+
W20240201 00:36:16.312011 3320669 grad_async_v1.h:429] Sleep in <BlockToStepN>, step_no=306, pq.top=306
W20240201 00:36:17.312004 3320669 grad_async_v1.h:429] Sleep in <BlockToStepN>, step_no=324, pq.top=324
W20240201 00:36:18.312009 3320669 grad_async_v1.h:429] Sleep in <BlockToStepN>, step_no=342, pq.top=342
W20240201 00:36:19.312009 3320669 grad_async_v1.h:429] Sleep in <BlockToStepN>, step_no=360, pq.top=360
W20240201 00:36:20.312004 3320669 grad_async_v1.h:429] Sleep in <BlockToStepN>, step_no=378, pq.top=378
+---------------------------+---------------------------+---------------------------+
| Name                      | P50                       | P99                       |
+---------------------------+---------------------------+---------------------------+
| GenInput                  | 1.105 ms                  | 7.304 ms                  |
| Forward                   | 2.165 ms                  | 3.850 ms                  |
| Backward                  | 4.756 ms                  | 6.045 ms                  |
| Optimize                  | 684.799 us                | 1.523 ms                  |
| BarrierTimeBeforeRank0    | 16.951 us                 | 1.679 ms                  |
| AfterBackward             | 6.530 ms                  | 9.074 ms                  |
| BlockToStepN              | 40.493 ms                 | 56.595 ms                 |
| OneStep                   | 56.075 ms                 | 75.817 ms                 |
+---------------------------+---------------------------+---------------------------+
+---------------------------+---------------------------+---------------------------+
| Name                      | P50                       | P99                       |
+---------------------------+---------------------------+---------------------------+
| ProcessBack:Shuffle       | 1.593 ms                  | 2.199 ms                  |
| ProcessBack:UpdateCache   | 1.455 ms                  | 2.537 ms                  |
| ProcessBack:UpsertPq      | 2.662 ms                  | 4.791 ms                  |
| ProcessOneStep            | 6.488 ms                  | 9.052 ms                  |
| BlockToStepN              | 40.410 ms                 | 56.524 ms                 |
+---------------------------+---------------------------+---------------------------+
W20240201 00:36:21.322503 3320669 grad_async_v1.h:429] Sleep in <BlockToStepN>, step_no=396, pq.top=396
[proc 3] 400 steps, total: 5.572, sample: 0.118, forward: 0.214, backward: 0.362, update: 0.062
[proc 2] 400 steps, total: 5.572, sample: 0.096, forward: 0.175, backward: 0.438, update: 0.052
[proc 0] 400 steps, total: 5.572, sample: 0.160, forward: 0.208, backward: 0.469, update: 0.062
[proc 1] 400 steps, total: 5.572, sample: 0.096, forward: 0.186, backward: 0.455, update: 0.064
W20240201 00:36:22.322008 3320669 grad_async_v1.h:429] Sleep in <BlockToStepN>, step_no=414, pq.top=414
W20240201 00:36:23.322005 3320669 grad_async_v1.h:429] Sleep in <BlockToStepN>, step_no=432, pq.top=432
W20240201 00:36:24.322010 3320669 grad_async_v1.h:429] Sleep in <BlockToStepN>, step_no=450, pq.top=450
W20240201 00:36:25.335232 3320669 grad_async_v1.h:429] Sleep in <BlockToStepN>, step_no=468, pq.top=468
+---------------------------+---------------------------+---------------------------+
| Name                      | P50                       | P99                       |
+---------------------------+---------------------------+---------------------------+
| GenInput                  | 1.091 ms                  | 7.167 ms                  |
| Forward                   | 2.161 ms                  | 3.781 ms                  |
| Backward                  | 4.758 ms                  | 5.907 ms                  |
| Optimize                  | 680.559 us                | 1.516 ms                  |
| BarrierTimeBeforeRank0    | 16.307 us                 | 1.680 ms                  |
| AfterBackward             | 6.269 ms                  | 9.031 ms                  |
| BlockToStepN              | 40.531 ms                 | 56.464 ms                 |
| OneStep                   | 55.914 ms                 | 73.588 ms                 |
+---------------------------+---------------------------+---------------------------+
+---------------------------+---------------------------+---------------------------+
| Name                      | P50                       | P99                       |
+---------------------------+---------------------------+---------------------------+
| ProcessBack:Shuffle       | 1.576 ms                  | 2.191 ms                  |
| ProcessBack:UpdateCache   | 1.396 ms                  | 2.520 ms                  |
| ProcessBack:UpsertPq      | 2.505 ms                  | 4.791 ms                  |
| ProcessOneStep            | 6.203 ms                  | 9.014 ms                  |
| BlockToStepN              | 40.537 ms                 | 56.436 ms                 |
+---------------------------+---------------------------+---------------------------+
W20240201 00:36:26.335004 3320669 grad_async_v1.h:429] Sleep in <BlockToStepN>, step_no=486, pq.top=486
[proc 0] 500 steps, total: 5.558, sample: 0.164, forward: 0.210, backward: 0.466, update: 0.062
[proc 3] 500 steps, total: 5.558, sample: 0.119, forward: 0.212, backward: 0.354, update: 0.061
[proc 1] 500 steps, total: 5.558, sample: 0.095, forward: 0.183, backward: 0.447, update: 0.063
[proc 2] 500 steps, total: 5.558, sample: 0.105, forward: 0.173, backward: 0.431, update: 0.052
Successfully xmh. training takes 30.171877145767212 seconds
before call kg_cache_controller.StopThreads()
W20240201 00:36:27.136979 3320669 grad_async_v1.h:243] call StopThreads. PID = 3320327
W20240201 00:36:27.136999 3320669 grad_base.h:212] before processOneStepNegThread_.join();
W20240201 00:36:27.140089 3320669 grad_base.h:214] after processOneStepNegThread_.join();
W20240201 00:36:27.140115 3320669 grad_async_v1.h:245] call GradProcessingBase::StopThreads.
[W tensorpipe_agent.cpp:725] RPC agent for worker0 encountered error when reading incoming request from worker1: eof (this error originated at tensorpipe/transport/shm/connection_impl.cc:259)
[W tensorpipe_agent.cpp:725] RPC agent for worker0 encountered error when reading incoming request from worker3: eof (this error originated at tensorpipe/transport/shm/connection_impl.cc:259)
[W tensorpipe_agent.cpp:725] RPC agent for worker0 encountered error when reading incoming request from worker2: eof (this error originated at tensorpipe/transport/shm/connection_impl.cc:259)
W20240201 00:36:27.157858 3320669 grad_async_v1.h:264] StopThreads done.
On rank0, prepare to call self.controller.StopThreads(), self=<python.controller_process.KGCacheControllerWrapper object at 0x7f3ef7c46f50>
