WARNING: Logging before InitGoogleLogging() is written to STDERR
I20240124 12:17:58.187777  1465 IPC_barrier.h:128] MultiProcessBarrierFactory->ClearIPCMemory()
/home/xieminhui/RecStore/src/framework_adapters/torch/kg/dgl-0.9.1/python/dgl/_deprecate/graph.py:1023: DGLWarning: multigraph will be deprecated.DGL will treat all graphs as multigraph in the future.
  dgl_warning("multigraph will be deprecated." \
/home/xieminhui/RecStore/src/framework_adapters/torch/kg/dgl-0.9.1/python/dgl/heterograph.py:72: DGLWarning: Recommend creating graphs by `dgl.graph(data)` instead of `dgl.DGLGraph(data)`.
  dgl_warning('Recommend creating graphs by `dgl.graph(data)`'
Reading train triples....
Finished. Read 483142 train triples.
Reading valid triples....
Finished. Read 50000 valid triples.
Reading test triples....
Finished. Read 59071 test triples.
ARGS:  Namespace(model_name='ComplEx', data_path='/home/xieminhui/dgl-data', dataset='FB15k', format='built_in', data_files=None, delimiter='\t', save_path='/tmp/ckpts/ComplEx_FB15k_5', no_save_emb=True, max_step=500, batch_size=400, batch_size_eval=16, neg_sample_size=200, neg_deg_sample=False, neg_deg_sample_eval=False, neg_sample_size_eval=14951, eval_percent=1, no_eval_filter=False, log_interval=100, eval_interval=10000, test=False, num_proc=8, num_thread=1, force_sync_interval=1, hidden_dim=400, lr=0.01, gamma=16.0, double_ent=False, double_rel=False, neg_adversarial_sampling=False, adversarial_temperature=1.0, regularization_coef=0.0, regularization_norm=3, pairwise=False, loss_genre='Logsigmoid', margin=1.0, nr_gpus=8, gpu=[0, 1, 2, 3, 4, 5, 6, 7], mix_cpu_gpu=True, valid=False, rel_part=False, async_update=None, has_edge_importance=False, cached_emb_type='KnownLocalCachedEmbedding', use_my_emb=True, cache_ratio=0.1, shuffle=False, backwardMode='CppAsyncV2', L=10, kForwardItersPerStep=2, backgrad_init='both', eval_filter=True, soft_rel_part=False)
|Train|: 483142
original graph:  DGLGraph(num_nodes=14951, num_edges=592213,
         ndata_schemes={}
         edata_schemes={'tid': Scheme(shape=(), dtype=torch.int64)})
Loading cached metis
WARNING [1465 sampler.py:454] Start PreSampling
WARNING [1465 sampler.py:532] Before construct renumbering_dict
WARNING [1465 sampler.py:555] PreSampling done
W20240124 12:18:03.183643  1465 IPCTensor.h:365] NewIPCTensor: cached_sampler_r0_0 [100000]0x100000002000 781.2 kB
W20240124 12:18:03.183844  1465 IPCTensor.h:365] NewIPCTensor: cached_sampler_r0_1 [100000]0x1000000c7000 781.2 kB
W20240124 12:18:03.183883  1465 IPCTensor.h:365] NewIPCTensor: cached_sampler_r0_2 [100000]0x10000018c000 781.2 kB
W20240124 12:18:03.183914  1465 IPCTensor.h:365] NewIPCTensor: cached_sampler_r0_3 [100000]0x100000251000 781.2 kB
W20240124 12:18:03.183948  1465 IPCTensor.h:365] NewIPCTensor: cached_sampler_r0_4 [100000]0x100000316000 781.2 kB
W20240124 12:18:03.183977  1465 IPCTensor.h:365] NewIPCTensor: cached_sampler_r0_5 [100000]0x1000003db000 781.2 kB
W20240124 12:18:03.184001  1465 IPCTensor.h:365] NewIPCTensor: cached_sampler_r0_6 [100000]0x1000004a0000 781.2 kB
W20240124 12:18:03.184042  1465 IPCTensor.h:365] NewIPCTensor: cached_sampler_r0_7 [100000]0x100000565000 781.2 kB
W20240124 12:18:03.184082  1465 IPCTensor.h:365] NewIPCTensor: cached_sampler_r0_8 [100000]0x10000062a000 781.2 kB
W20240124 12:18:03.184108  1465 IPCTensor.h:365] NewIPCTensor: cached_sampler_r0_9 [100000]0x1000006ef000 781.2 kB
W20240124 12:18:03.184146  1465 IPCTensor.h:365] NewIPCTensor: step_r0 [10]0x1000007b4000 80 B 
W20240124 12:18:03.184175  1465 IPCTensor.h:365] NewIPCTensor: circle_buffer_end_r0 [1]0x1000007b6000 8 B 
W20240124 12:18:03.184204  1465 IPCTensor.h:365] NewIPCTensor: circle_buffer_end_cppseen_r0 [1]0x1000007b8000 8 B 
W20240124 12:18:03.184321  1465 IPCTensor.h:365] NewIPCTensor: cached_sampler_r1_0 [100000]0x1000007ba000 781.2 kB
W20240124 12:18:03.184358  1465 IPCTensor.h:365] NewIPCTensor: cached_sampler_r1_1 [100000]0x10000087f000 781.2 kB
W20240124 12:18:03.184387  1465 IPCTensor.h:365] NewIPCTensor: cached_sampler_r1_2 [100000]0x100000944000 781.2 kB
W20240124 12:18:03.184414  1465 IPCTensor.h:365] NewIPCTensor: cached_sampler_r1_3 [100000]0x100000a09000 781.2 kB
W20240124 12:18:03.184451  1465 IPCTensor.h:365] NewIPCTensor: cached_sampler_r1_4 [100000]0x100000ace000 781.2 kB
W20240124 12:18:03.184475  1465 IPCTensor.h:365] NewIPCTensor: cached_sampler_r1_5 [100000]0x100000b93000 781.2 kB
W20240124 12:18:03.184502  1465 IPCTensor.h:365] NewIPCTensor: cached_sampler_r1_6 [100000]0x100000c58000 781.2 kB
W20240124 12:18:03.184531  1465 IPCTensor.h:365] NewIPCTensor: cached_sampler_r1_7 [100000]0x100000d1d000 781.2 kB
W20240124 12:18:03.184556  1465 IPCTensor.h:365] NewIPCTensor: cached_sampler_r1_8 [100000]0x100000de2000 781.2 kB
W20240124 12:18:03.184587  1465 IPCTensor.h:365] NewIPCTensor: cached_sampler_r1_9 [100000]0x100000ea7000 781.2 kB
W20240124 12:18:03.184610  1465 IPCTensor.h:365] NewIPCTensor: step_r1 [10]0x100000f6c000 80 B 
W20240124 12:18:03.184630  1465 IPCTensor.h:365] NewIPCTensor: circle_buffer_end_r1 [1]0x100000f6e000 8 B 
W20240124 12:18:03.184662  1465 IPCTensor.h:365] NewIPCTensor: circle_buffer_end_cppseen_r1 [1]0x100000f70000 8 B 
W20240124 12:18:03.184722  1465 IPCTensor.h:365] NewIPCTensor: cached_sampler_r2_0 [100000]0x100000f72000 781.2 kB
W20240124 12:18:03.184756  1465 IPCTensor.h:365] NewIPCTensor: cached_sampler_r2_1 [100000]0x100001037000 781.2 kB
W20240124 12:18:03.184784  1465 IPCTensor.h:365] NewIPCTensor: cached_sampler_r2_2 [100000]0x1000010fc000 781.2 kB
W20240124 12:18:03.184823  1465 IPCTensor.h:365] NewIPCTensor: cached_sampler_r2_3 [100000]0x1000011c1000 781.2 kB
W20240124 12:18:03.184863  1465 IPCTensor.h:365] NewIPCTensor: cached_sampler_r2_4 [100000]0x100001286000 781.2 kB
W20240124 12:18:03.184890  1465 IPCTensor.h:365] NewIPCTensor: cached_sampler_r2_5 [100000]0x10000134b000 781.2 kB
W20240124 12:18:03.184927  1465 IPCTensor.h:365] NewIPCTensor: cached_sampler_r2_6 [100000]0x100001410000 781.2 kB
W20240124 12:18:03.184959  1465 IPCTensor.h:365] NewIPCTensor: cached_sampler_r2_7 [100000]0x1000014d5000 781.2 kB
W20240124 12:18:03.184983  1465 IPCTensor.h:365] NewIPCTensor: cached_sampler_r2_8 [100000]0x10000159a000 781.2 kB
W20240124 12:18:03.185019  1465 IPCTensor.h:365] NewIPCTensor: cached_sampler_r2_9 [100000]0x10000165f000 781.2 kB
W20240124 12:18:03.185047  1465 IPCTensor.h:365] NewIPCTensor: step_r2 [10]0x100001724000 80 B 
W20240124 12:18:03.185067  1465 IPCTensor.h:365] NewIPCTensor: circle_buffer_end_r2 [1]0x100001726000 8 B 
W20240124 12:18:03.185086  1465 IPCTensor.h:365] NewIPCTensor: circle_buffer_end_cppseen_r2 [1]0x100001728000 8 B 
W20240124 12:18:03.185140  1465 IPCTensor.h:365] NewIPCTensor: cached_sampler_r3_0 [100000]0x10000172a000 781.2 kB
W20240124 12:18:03.185168  1465 IPCTensor.h:365] NewIPCTensor: cached_sampler_r3_1 [100000]0x1000017ef000 781.2 kB
W20240124 12:18:03.185191  1465 IPCTensor.h:365] NewIPCTensor: cached_sampler_r3_2 [100000]0x1000018b4000 781.2 kB
W20240124 12:18:03.185217  1465 IPCTensor.h:365] NewIPCTensor: cached_sampler_r3_3 [100000]0x100001979000 781.2 kB
W20240124 12:18:03.185250  1465 IPCTensor.h:365] NewIPCTensor: cached_sampler_r3_4 [100000]0x100001a3e000 781.2 kB
W20240124 12:18:03.185285  1465 IPCTensor.h:365] NewIPCTensor: cached_sampler_r3_5 [100000]0x100001b03000 781.2 kB
W20240124 12:18:03.185314  1465 IPCTensor.h:365] NewIPCTensor: cached_sampler_r3_6 [100000]0x100001bc8000 781.2 kB
W20240124 12:18:03.185350  1465 IPCTensor.h:365] NewIPCTensor: cached_sampler_r3_7 [100000]0x100001c8d000 781.2 kB
W20240124 12:18:03.185375  1465 IPCTensor.h:365] NewIPCTensor: cached_sampler_r3_8 [100000]0x100001d52000 781.2 kB
W20240124 12:18:03.185410  1465 IPCTensor.h:365] NewIPCTensor: cached_sampler_r3_9 [100000]0x100001e17000 781.2 kB
W20240124 12:18:03.185441  1465 IPCTensor.h:365] NewIPCTensor: step_r3 [10]0x100001edc000 80 B 
W20240124 12:18:03.185459  1465 IPCTensor.h:365] NewIPCTensor: circle_buffer_end_r3 [1]0x100001ede000 8 B 
W20240124 12:18:03.185488  1465 IPCTensor.h:365] NewIPCTensor: circle_buffer_end_cppseen_r3 [1]0x100001ee0000 8 B 
W20240124 12:18:03.185541  1465 IPCTensor.h:365] NewIPCTensor: cached_sampler_r4_0 [100000]0x100001ee2000 781.2 kB
W20240124 12:18:03.185577  1465 IPCTensor.h:365] NewIPCTensor: cached_sampler_r4_1 [100000]0x100001fa7000 781.2 kB
W20240124 12:18:03.185611  1465 IPCTensor.h:365] NewIPCTensor: cached_sampler_r4_2 [100000]0x10000206c000 781.2 kB
W20240124 12:18:03.185638  1465 IPCTensor.h:365] NewIPCTensor: cached_sampler_r4_3 [100000]0x100002131000 781.2 kB
W20240124 12:18:03.185669  1465 IPCTensor.h:365] NewIPCTensor: cached_sampler_r4_4 [100000]0x1000021f6000 781.2 kB
W20240124 12:18:03.185693  1465 IPCTensor.h:365] NewIPCTensor: cached_sampler_r4_5 [100000]0x1000022bb000 781.2 kB
W20240124 12:18:03.185722  1465 IPCTensor.h:365] NewIPCTensor: cached_sampler_r4_6 [100000]0x100002380000 781.2 kB
W20240124 12:18:03.185753  1465 IPCTensor.h:365] NewIPCTensor: cached_sampler_r4_7 [100000]0x100002445000 781.2 kB
W20240124 12:18:03.185781  1465 IPCTensor.h:365] NewIPCTensor: cached_sampler_r4_8 [100000]0x10000250a000 781.2 kB
W20240124 12:18:03.185812  1465 IPCTensor.h:365] NewIPCTensor: cached_sampler_r4_9 [100000]0x1000025cf000 781.2 kB
W20240124 12:18:03.185837  1465 IPCTensor.h:365] NewIPCTensor: step_r4 [10]0x100002694000 80 B 
W20240124 12:18:03.185855  1465 IPCTensor.h:365] NewIPCTensor: circle_buffer_end_r4 [1]0x100002696000 8 B 
W20240124 12:18:03.185878  1465 IPCTensor.h:365] NewIPCTensor: circle_buffer_end_cppseen_r4 [1]0x100002698000 8 B 
W20240124 12:18:03.185932  1465 IPCTensor.h:365] NewIPCTensor: cached_sampler_r5_0 [100000]0x10000269a000 781.2 kB
W20240124 12:18:03.185971  1465 IPCTensor.h:365] NewIPCTensor: cached_sampler_r5_1 [100000]0x10000275f000 781.2 kB
W20240124 12:18:03.186002  1465 IPCTensor.h:365] NewIPCTensor: cached_sampler_r5_2 [100000]0x100002824000 781.2 kB
W20240124 12:18:03.186025  1465 IPCTensor.h:365] NewIPCTensor: cached_sampler_r5_3 [100000]0x1000028e9000 781.2 kB
W20240124 12:18:03.186053  1465 IPCTensor.h:365] NewIPCTensor: cached_sampler_r5_4 [100000]0x1000029ae000 781.2 kB
W20240124 12:18:03.186080  1465 IPCTensor.h:365] NewIPCTensor: cached_sampler_r5_5 [100000]0x100002a73000 781.2 kB
W20240124 12:18:03.186108  1465 IPCTensor.h:365] NewIPCTensor: cached_sampler_r5_6 [100000]0x100002b38000 781.2 kB
W20240124 12:18:03.186136  1465 IPCTensor.h:365] NewIPCTensor: cached_sampler_r5_7 [100000]0x100002bfd000 781.2 kB
W20240124 12:18:03.186167  1465 IPCTensor.h:365] NewIPCTensor: cached_sampler_r5_8 [100000]0x100002cc2000 781.2 kB
W20240124 12:18:03.186200  1465 IPCTensor.h:365] NewIPCTensor: cached_sampler_r5_9 [100000]0x100002d87000 781.2 kB
W20240124 12:18:03.186228  1465 IPCTensor.h:365] NewIPCTensor: step_r5 [10]0x100002e4c000 80 B 
W20240124 12:18:03.186251  1465 IPCTensor.h:365] NewIPCTensor: circle_buffer_end_r5 [1]0x100002e4e000 8 B 
W20240124 12:18:03.186275  1465 IPCTensor.h:365] NewIPCTensor: circle_buffer_end_cppseen_r5 [1]0x100002e50000 8 B 
W20240124 12:18:03.186324  1465 IPCTensor.h:365] NewIPCTensor: cached_sampler_r6_0 [100000]0x100002e52000 781.2 kB
W20240124 12:18:03.186355  1465 IPCTensor.h:365] NewIPCTensor: cached_sampler_r6_1 [100000]0x100002f17000 781.2 kB
W20240124 12:18:03.186379  1465 IPCTensor.h:365] NewIPCTensor: cached_sampler_r6_2 [100000]0x100002fdc000 781.2 kB
W20240124 12:18:03.186411  1465 IPCTensor.h:365] NewIPCTensor: cached_sampler_r6_3 [100000]0x1000030a1000 781.2 kB
W20240124 12:18:03.186436  1465 IPCTensor.h:365] NewIPCTensor: cached_sampler_r6_4 [100000]0x100003166000 781.2 kB
W20240124 12:18:03.186468  1465 IPCTensor.h:365] NewIPCTensor: cached_sampler_r6_5 [100000]0x10000322b000 781.2 kB
W20240124 12:18:03.186492  1465 IPCTensor.h:365] NewIPCTensor: cached_sampler_r6_6 [100000]0x1000032f0000 781.2 kB
W20240124 12:18:03.186522  1465 IPCTensor.h:365] NewIPCTensor: cached_sampler_r6_7 [100000]0x1000033b5000 781.2 kB
W20240124 12:18:03.186547  1465 IPCTensor.h:365] NewIPCTensor: cached_sampler_r6_8 [100000]0x10000347a000 781.2 kB
W20240124 12:18:03.186582  1465 IPCTensor.h:365] NewIPCTensor: cached_sampler_r6_9 [100000]0x10000353f000 781.2 kB
W20240124 12:18:03.186609  1465 IPCTensor.h:365] NewIPCTensor: step_r6 [10]0x100003604000 80 B 
W20240124 12:18:03.186633  1465 IPCTensor.h:365] NewIPCTensor: circle_buffer_end_r6 [1]0x100003606000 8 B 
W20240124 12:18:03.186653  1465 IPCTensor.h:365] NewIPCTensor: circle_buffer_end_cppseen_r6 [1]0x100003608000 8 B 
W20240124 12:18:03.186702  1465 IPCTensor.h:365] NewIPCTensor: cached_sampler_r7_0 [100000]0x10000360a000 781.2 kB
W20240124 12:18:03.186736  1465 IPCTensor.h:365] NewIPCTensor: cached_sampler_r7_1 [100000]0x1000036cf000 781.2 kB
W20240124 12:18:03.186761  1465 IPCTensor.h:365] NewIPCTensor: cached_sampler_r7_2 [100000]0x100003794000 781.2 kB
W20240124 12:18:03.186785  1465 IPCTensor.h:365] NewIPCTensor: cached_sampler_r7_3 [100000]0x100003859000 781.2 kB
W20240124 12:18:03.186813  1465 IPCTensor.h:365] NewIPCTensor: cached_sampler_r7_4 [100000]0x10000391e000 781.2 kB
W20240124 12:18:03.186849  1465 IPCTensor.h:365] NewIPCTensor: cached_sampler_r7_5 [100000]0x1000039e3000 781.2 kB
W20240124 12:18:03.186874  1465 IPCTensor.h:365] NewIPCTensor: cached_sampler_r7_6 [100000]0x100003aa8000 781.2 kB
W20240124 12:18:03.186904  1465 IPCTensor.h:365] NewIPCTensor: cached_sampler_r7_7 [100000]0x100003b6d000 781.2 kB
W20240124 12:18:03.186936  1465 IPCTensor.h:365] NewIPCTensor: cached_sampler_r7_8 [100000]0x100003c32000 781.2 kB
W20240124 12:18:03.186962  1465 IPCTensor.h:365] NewIPCTensor: cached_sampler_r7_9 [100000]0x100003cf7000 781.2 kB
W20240124 12:18:03.186991  1465 IPCTensor.h:365] NewIPCTensor: step_r7 [10]0x100003dbc000 80 B 
W20240124 12:18:03.187011  1465 IPCTensor.h:365] NewIPCTensor: circle_buffer_end_r7 [1]0x100003dbe000 8 B 
W20240124 12:18:03.187031  1465 IPCTensor.h:365] NewIPCTensor: circle_buffer_end_cppseen_r7 [1]0x100003dc0000 8 B 
W20240124 12:18:03.396389  1465 IPCTensor.h:365] NewIPCTensor: full_emb [14951, 400]0x100003dc2000 22.81 MB
W20240124 12:18:03.396564  1465 IPCTensor.h:365] NewIPCTensor: full_emb_SparseRowWiseAdaGrad_sum [14951]0x100005494000 58.4 kB
{0: Graph(num_nodes=8499, num_edges=86694,
      ndata_schemes={'_ID': Scheme(shape=(), dtype=torch.int64), 'inner_node': Scheme(shape=(), dtype=torch.int32), 'part_id': Scheme(shape=(), dtype=torch.int64)}
      edata_schemes={'_ID': Scheme(shape=(), dtype=torch.int64), 'inner_edge': Scheme(shape=(), dtype=torch.int8)}), 1: Graph(num_nodes=6140, num_edges=88951,
      ndata_schemes={'_ID': Scheme(shape=(), dtype=torch.int64), 'inner_node': Scheme(shape=(), dtype=torch.int32), 'part_id': Scheme(shape=(), dtype=torch.int64)}
      edata_schemes={'_ID': Scheme(shape=(), dtype=torch.int64), 'inner_edge': Scheme(shape=(), dtype=torch.int8)}), 2: Graph(num_nodes=8646, num_edges=109741,
      ndata_schemes={'_ID': Scheme(shape=(), dtype=torch.int64), 'inner_node': Scheme(shape=(), dtype=torch.int32), 'part_id': Scheme(shape=(), dtype=torch.int64)}
      edata_schemes={'_ID': Scheme(shape=(), dtype=torch.int64), 'inner_edge': Scheme(shape=(), dtype=torch.int8)}), 3: Graph(num_nodes=8503, num_edges=86907,
      ndata_schemes={'_ID': Scheme(shape=(), dtype=torch.int64), 'inner_node': Scheme(shape=(), dtype=torch.int32), 'part_id': Scheme(shape=(), dtype=torch.int64)}
      edata_schemes={'_ID': Scheme(shape=(), dtype=torch.int64), 'inner_edge': Scheme(shape=(), dtype=torch.int8)}), 4: Graph(num_nodes=10597, num_edges=122217,
      ndata_schemes={'_ID': Scheme(shape=(), dtype=torch.int64), 'inner_node': Scheme(shape=(), dtype=torch.int32), 'part_id': Scheme(shape=(), dtype=torch.int64)}
      edata_schemes={'_ID': Scheme(shape=(), dtype=torch.int64), 'inner_edge': Scheme(shape=(), dtype=torch.int8)}), 5: Graph(num_nodes=8255, num_edges=102550,
      ndata_schemes={'_ID': Scheme(shape=(), dtype=torch.int64), 'inner_node': Scheme(shape=(), dtype=torch.int32), 'part_id': Scheme(shape=(), dtype=torch.int64)}
      edata_schemes={'_ID': Scheme(shape=(), dtype=torch.int64), 'inner_edge': Scheme(shape=(), dtype=torch.int8)}), 6: Graph(num_nodes=7422, num_edges=104094,
      ndata_schemes={'_ID': Scheme(shape=(), dtype=torch.int64), 'inner_node': Scheme(shape=(), dtype=torch.int32), 'part_id': Scheme(shape=(), dtype=torch.int64)}
      edata_schemes={'_ID': Scheme(shape=(), dtype=torch.int64), 'inner_edge': Scheme(shape=(), dtype=torch.int8)}), 7: Graph(num_nodes=7815, num_edges=137832,
      ndata_schemes={'_ID': Scheme(shape=(), dtype=torch.int64), 'inner_node': Scheme(shape=(), dtype=torch.int32), 'part_id': Scheme(shape=(), dtype=torch.int64)}
      edata_schemes={'_ID': Scheme(shape=(), dtype=torch.int64), 'inner_edge': Scheme(shape=(), dtype=torch.int8)})}
MertisPartition: part 0 has 8499 N 86694 E
MertisPartition: part 1 has 6140 N 88951 E
MertisPartition: part 2 has 8646 N 109741 E
MertisPartition: part 3 has 8503 N 86907 E
MertisPartition: part 4 has 10597 N 122217 E
MertisPartition: part 5 has 8255 N 102550 E
MertisPartition: part 6 has 7422 N 104094 E
MertisPartition: part 7 has 7815 N 137832 E
Rank0: cached key size 186
Rank1: cached key size 186
Rank2: cached key size 186
Rank3: cached key size 186
Rank4: cached key size 186
Rank5: cached key size 186
Rank6: cached key size 186
Rank7: cached key size 186
Before renumbering graph:  {'_ID': tensor([    0,    15,    36,  ..., 11946,  9147, 13282]), 'inner_node': tensor([1, 1, 1,  ..., 0, 0, 0], dtype=torch.int32), 'part_id': tensor([0, 0, 0,  ..., 6, 3, 7])}
After renumbering graph:  {'_ID': tensor([ 1497,  1880,  2518,  ...,  9020, 12423,  5976]), 'inner_node': tensor([1, 1, 1,  ..., 0, 0, 0], dtype=torch.int32), 'part_id': tensor([0, 0, 0,  ..., 6, 3, 7])}
part_g: DGLGraph(num_nodes=8499, num_edges=86694,
         ndata_schemes={'_ID': Scheme(shape=(), dtype=torch.int64)}
         edata_schemes={'tid': Scheme(shape=(), dtype=torch.int64)})
part_g: DGLGraph(num_nodes=8499, num_edges=86694,
         ndata_schemes={'_ID': Scheme(shape=(), dtype=torch.int64)}
         edata_schemes={'tid': Scheme(shape=(), dtype=torch.int64)})
Total initialize time 5.243 seconds
[Rank1] pid = 2050
[Rank2] pid = 2121
[Rank3] pid = 2186
[Rank4] pid = 2276
[Rank5] pid = 2354
[Rank6] pid = 2418
INFO [1465 distributed_c10d.py:442] Added key: store_based_barrier_key:1 to store for rank: 0
INFO [2050 distributed_c10d.py:442] Added key: store_based_barrier_key:1 to store for rank: 1
INFO [2121 distributed_c10d.py:442] Added key: store_based_barrier_key:1 to store for rank: 2
INFO [2186 distributed_c10d.py:442] Added key: store_based_barrier_key:1 to store for rank: 3
INFO [2276 distributed_c10d.py:442] Added key: store_based_barrier_key:1 to store for rank: 4
INFO [2418 distributed_c10d.py:442] Added key: store_based_barrier_key:1 to store for rank: 6
INFO [2354 distributed_c10d.py:442] Added key: store_based_barrier_key:1 to store for rank: 5
INFO [2418 distributed_c10d.py:476] Rank 6: Completed store-based barrier for key:store_based_barrier_key:1 with 8 nodes.
INFO [2354 distributed_c10d.py:476] Rank 5: Completed store-based barrier for key:store_based_barrier_key:1 with 8 nodes.
INFO [2484 distributed_c10d.py:442] Added key: store_based_barrier_key:1 to store for rank: 7
INFO [2484 distributed_c10d.py:476] Rank 7: Completed store-based barrier for key:store_based_barrier_key:1 with 8 nodes.
W20240124 12:18:07.047484  2355 IPCTensor.h:405] NewIPCGPUTensor: embedding_cache_5 [1495, 400]; dev=5; size=2.281 MB
W20240124 12:18:07.047641  2419 IPCTensor.h:405] NewIPCGPUTensor: embedding_cache_6 [1495, 400]; dev=6; size=2.281 MB
W20240124 12:18:07.048815  2485 IPCTensor.h:405] NewIPCGPUTensor: embedding_cache_7 [1495, 400]; dev=7; size=2.281 MB
INFO [2186 distributed_c10d.py:476] Rank 3: Completed store-based barrier for key:store_based_barrier_key:1 with 8 nodes.
INFO [2121 distributed_c10d.py:476] Rank 2: Completed store-based barrier for key:store_based_barrier_key:1 with 8 nodes.
INFO [1465 distributed_c10d.py:476] Rank 0: Completed store-based barrier for key:store_based_barrier_key:1 with 8 nodes.
INFO [2050 distributed_c10d.py:476] Rank 1: Completed store-based barrier for key:store_based_barrier_key:1 with 8 nodes.
INFO [2276 distributed_c10d.py:476] Rank 4: Completed store-based barrier for key:store_based_barrier_key:1 with 8 nodes.
W20240124 12:18:07.053045  2486 IPCTensor.h:405] NewIPCGPUTensor: embedding_cache_0 [1495, 400]; dev=0; size=2.281 MB
W20240124 12:18:07.053978  2187 IPCTensor.h:405] NewIPCGPUTensor: embedding_cache_3 [1495, 400]; dev=3; size=2.281 MB
W20240124 12:18:07.054098  2122 IPCTensor.h:405] NewIPCGPUTensor: embedding_cache_2 [1495, 400]; dev=2; size=2.281 MB
W20240124 12:18:07.054311  2051 IPCTensor.h:405] NewIPCGPUTensor: embedding_cache_1 [1495, 400]; dev=1; size=2.281 MB
W20240124 12:18:07.054410  2277 IPCTensor.h:405] NewIPCGPUTensor: embedding_cache_4 [1495, 400]; dev=4; size=2.281 MB
W20240124 12:18:07.072474  2355 IPCTensor.h:365] NewIPCTensor: input_keys_5 [100000]0x1000054a8000 781.2 kB
W20240124 12:18:07.072530  2419 IPCTensor.h:365] NewIPCTensor: input_keys_6 [100000]0x10000556d000 781.2 kB
W20240124 12:18:07.072638  2355 IPCTensor.h:365] NewIPCTensor: input_keys_neg_5 [100000]0x100005632000 781.2 kB
W20240124 12:18:07.072661  2419 IPCTensor.h:365] NewIPCTensor: input_keys_neg_6 [100000]0x1000056f7000 781.2 kB
W20240124 12:18:07.072697  2355 IPCTensor.h:365] NewIPCTensor: backward_grads_5 [100000, 400]0x1000057bc000 152.6 MB
W20240124 12:18:07.072721  2419 IPCTensor.h:365] NewIPCTensor: backward_grads_6 [100000, 400]0x10000f054000 152.6 MB
W20240124 12:18:07.072767  2355 IPCTensor.h:365] NewIPCTensor: backward_grads_neg_5 [100000, 400]0x1000188ee000 152.6 MB
W20240124 12:18:07.072773  2419 IPCTensor.h:365] NewIPCTensor: backward_grads_neg_6 [100000, 400]0x100022186000 152.6 MB
W20240124 12:18:07.072814  2355 IPCTensor.h:405] NewIPCGPUTensor: backward_grads_5_gpu [100000, 400]; dev=5; size=152.6 MB
W20240124 12:18:07.072815  2419 IPCTensor.h:405] NewIPCGPUTensor: backward_grads_6_gpu [100000, 400]; dev=6; size=152.6 MB
W20240124 12:18:07.072947  2485 IPCTensor.h:365] NewIPCTensor: input_keys_7 [100000]0x10002ba1e000 781.2 kB
W20240124 12:18:07.073077  2485 IPCTensor.h:365] NewIPCTensor: input_keys_neg_7 [100000]0x10002bae3000 781.2 kB
W20240124 12:18:07.073127  2485 IPCTensor.h:365] NewIPCTensor: backward_grads_7 [100000, 400]0x10002bba8000 152.6 MB
W20240124 12:18:07.073175  2485 IPCTensor.h:365] NewIPCTensor: backward_grads_neg_7 [100000, 400]0x100035440000 152.6 MB
W20240124 12:18:07.073210  2485 IPCTensor.h:405] NewIPCGPUTensor: backward_grads_7_gpu [100000, 400]; dev=7; size=152.6 MB
W20240124 12:18:07.074276  2419 IPCTensor.h:405] NewIPCGPUTensor: backward_grads_neg_6_gpu [100000, 400]; dev=6; size=152.6 MB
W20240124 12:18:07.074335  2355 IPCTensor.h:405] NewIPCGPUTensor: backward_grads_neg_5_gpu [100000, 400]; dev=5; size=152.6 MB
W20240124 12:18:07.074469  2485 IPCTensor.h:405] NewIPCGPUTensor: backward_grads_neg_7_gpu [100000, 400]; dev=7; size=152.6 MB
W20240124 12:18:07.079241  2486 IPCTensor.h:365] NewIPCTensor: input_keys_0 [100000]0x10003ece6000 781.2 kB
W20240124 12:18:07.079387  2486 IPCTensor.h:365] NewIPCTensor: input_keys_neg_0 [100000]0x10003edab000 781.2 kB
W20240124 12:18:07.079443  2486 IPCTensor.h:365] NewIPCTensor: backward_grads_0 [100000, 400]0x10003ee70000 152.6 MB
W20240124 12:18:07.079491  2486 IPCTensor.h:365] NewIPCTensor: backward_grads_neg_0 [100000, 400]0x100048708000 152.6 MB
W20240124 12:18:07.079540  2486 IPCTensor.h:405] NewIPCGPUTensor: backward_grads_0_gpu [100000, 400]; dev=0; size=152.6 MB
W20240124 12:18:07.080646  2187 IPCTensor.h:365] NewIPCTensor: input_keys_3 [100000]0x100051fa2000 781.2 kB
W20240124 12:18:07.080790  2187 IPCTensor.h:365] NewIPCTensor: input_keys_neg_3 [100000]0x100052067000 781.2 kB
W20240124 12:18:07.080878  2187 IPCTensor.h:365] NewIPCTensor: backward_grads_3 [100000, 400]0x10005212c000 152.6 MB
W20240124 12:18:07.080931  2187 IPCTensor.h:365] NewIPCTensor: backward_grads_neg_3 [100000, 400]0x10005b9c4000 152.6 MB
W20240124 12:18:07.080976  2187 IPCTensor.h:405] NewIPCGPUTensor: backward_grads_3_gpu [100000, 400]; dev=3; size=152.6 MB
W20240124 12:18:07.082110  2122 IPCTensor.h:365] NewIPCTensor: input_keys_2 [100000]0x100065260000 781.2 kB
W20240124 12:18:07.082206  2051 IPCTensor.h:365] NewIPCTensor: input_keys_1 [100000]0x100065325000 781.2 kB
W20240124 12:18:07.082253  2122 IPCTensor.h:365] NewIPCTensor: input_keys_neg_2 [100000]0x1000653ea000 781.2 kB
W20240124 12:18:07.082330  2122 IPCTensor.h:365] NewIPCTensor: backward_grads_2 [100000, 400]0x1000654af000 152.6 MB
W20240124 12:18:07.082360  2051 IPCTensor.h:365] NewIPCTensor: input_keys_neg_1 [100000]0x10006ed47000 781.2 kB
W20240124 12:18:07.082381  2122 IPCTensor.h:365] NewIPCTensor: backward_grads_neg_2 [100000, 400]0x10006ee0c000 152.6 MB
W20240124 12:18:07.082423  2122 IPCTensor.h:405] NewIPCGPUTensor: backward_grads_2_gpu [100000, 400]; dev=2; size=152.6 MB
W20240124 12:18:07.082437  2051 IPCTensor.h:365] NewIPCTensor: backward_grads_1 [100000, 400]0x1000786a4000 152.6 MB
W20240124 12:18:07.082485  2051 IPCTensor.h:365] NewIPCTensor: backward_grads_neg_1 [100000, 400]0x100081f3c000 152.6 MB
W20240124 12:18:07.082520  2051 IPCTensor.h:405] NewIPCGPUTensor: backward_grads_1_gpu [100000, 400]; dev=1; size=152.6 MB
W20240124 12:18:07.084873  2277 IPCTensor.h:365] NewIPCTensor: input_keys_4 [100000]0x10008b7d8000 781.2 kB
W20240124 12:18:07.084944  2486 IPCTensor.h:405] NewIPCGPUTensor: backward_grads_neg_0_gpu [100000, 400]; dev=0; size=152.6 MB
W20240124 12:18:07.085006  2277 IPCTensor.h:365] NewIPCTensor: input_keys_neg_4 [100000]0x10008b89d000 781.2 kB
W20240124 12:18:07.085094  2277 IPCTensor.h:365] NewIPCTensor: backward_grads_4 [100000, 400]0x10008b962000 152.6 MB
W20240124 12:18:07.085148  2277 IPCTensor.h:365] NewIPCTensor: backward_grads_neg_4 [100000, 400]0x1000951fa000 152.6 MB
W20240124 12:18:07.085191  2277 IPCTensor.h:405] NewIPCGPUTensor: backward_grads_4_gpu [100000, 400]; dev=4; size=152.6 MB
W20240124 12:18:07.085424  2187 IPCTensor.h:405] NewIPCGPUTensor: backward_grads_neg_3_gpu [100000, 400]; dev=3; size=152.6 MB
W20240124 12:18:07.086393  2051 IPCTensor.h:405] NewIPCGPUTensor: backward_grads_neg_1_gpu [100000, 400]; dev=1; size=152.6 MB
W20240124 12:18:07.086395  2122 IPCTensor.h:405] NewIPCGPUTensor: backward_grads_neg_2_gpu [100000, 400]; dev=2; size=152.6 MB
W20240124 12:18:07.087946  2277 IPCTensor.h:405] NewIPCGPUTensor: backward_grads_neg_4_gpu [100000, 400]; dev=4; size=152.6 MB
cudaHostRegister 0x100003dc2000
7: KnownLocalCachedEmbedding init done
WARNING [2484 DistTensor.py:56] The tensor name already exists in the kvstore
cudaHostRegister 0x100003dc2000
4: KnownLocalCachedEmbedding init done
WARNING [2276 DistTensor.py:56] The tensor name already exists in the kvstore
cudaHostRegister 0x100003dc2000
6: KnownLocalCachedEmbedding init done
WARNING [2418 DistTensor.py:56] The tensor name already exists in the kvstore
cudaHostRegister 0x100003dc2000
5: KnownLocalCachedEmbedding init done
WARNING [2354 DistTensor.py:56] The tensor name already exists in the kvstore
cudaHostRegister 0x100003dc2000
2: KnownLocalCachedEmbedding init done
WARNING [2121 DistTensor.py:56] The tensor name already exists in the kvstore
cudaHostRegister 0x100003dc2000
1: KnownLocalCachedEmbedding init done
WARNING [2050 DistTensor.py:56] The tensor name already exists in the kvstore
cudaHostRegister 0x100003dc2000
3: KnownLocalCachedEmbedding init done
[Rank7] pid = 2484
New CachedEmbedding, name=full_emb, shape=(14951, 400), cache_type=KnownLocalCachedEmbedding
fixed cache_range is [(0, 1495), (1495, 2990), (2990, 4485), (4485, 5980), (5980, 7475), (7475, 8970), (8970, 10465), (10465, 11960)]
cudaHostRegister 0x100003dc2000
0: KnownLocalCachedEmbedding init done
WARNING [2186 DistTensor.py:56] The tensor name already exists in the kvstore
WARNING [1465 DistTensor.py:56] The tensor name already exists in the kvstore
I20240124 12:18:07.267923  2486 IPC_barrier.h:118] CreateBarrier: new barrier, name: kgcachecontroller, count: 8
I20240124 12:18:07.267962  2051 IPC_barrier.h:112] CreateBarrier: find existing barrier, name: kgcachecontroller, count: 8
I20240124 12:18:07.267985  2187 IPC_barrier.h:112] CreateBarrier: find existing barrier, name: kgcachecontroller, count: 8
I20240124 12:18:07.268007  2122 IPC_barrier.h:112] CreateBarrier: find existing barrier, name: kgcachecontroller, count: 8
I20240124 12:18:07.268064  2485 IPC_barrier.h:112] CreateBarrier: find existing barrier, name: kgcachecontroller, count: 8
I20240124 12:18:07.268118  2355 IPC_barrier.h:112] CreateBarrier: find existing barrier, name: kgcachecontroller, count: 8
I20240124 12:18:07.268146  2277 IPC_barrier.h:112] CreateBarrier: find existing barrier, name: kgcachecontroller, count: 8
I20240124 12:18:07.268170  2419 IPC_barrier.h:112] CreateBarrier: find existing barrier, name: kgcachecontroller, count: 8
W20240124 12:18:07.269302  2486 grad_base.h:55] KGCacheController, config={
        "num_gpus": 8,
        "L": 10,
        "backgrad_init": "both", 
        "kForwardItersPerStep": 2,
        "clr": 1,
        "nr_background_threads": 32,
        "backwardMode": "CppAsyncV2",
        "cache_ratio": 0.1
        }
W20240124 12:18:07.269397  2486 grad_base.h:172] Init GradProcessingBase done
I20240124 12:18:07.272790  2486 grad_async_v2.h:32] Use background thread to update emb. nr_background_threads=32
W20240124 12:18:07.272908  2486 kg_controller.h:78] after init GradAsyncProcessingV2
I20240124 12:18:07.272917  2486 kg_controller.h:84] Construct KGCacheController done
[W socket.cpp:601] [c10d] The client socket has failed to connect to [localhost]:29500 (errno: 101 - Network is unreachable).
[W socket.cpp:601] [c10d] The client socket has failed to connect to [localhost]:29500 (errno: 101 - Network is unreachable).
I20240124 12:18:09.013384  2486 grad_base.h:60] GraphEnv RegTensorsPerProcess
W20240124 12:18:10.159768  3379 grad_async_v2.h:120] Detect new sample comes, old_end0, new_end1
E20240124 12:18:10.160187  3379 parallel_pq_v2.h:76] insert failed, size(hashtable)=1
I20240124 12:18:10.176620  2187 IPC_barrier.h:118] CreateBarrier: new barrier, name: start_barrier, count: 8
I20240124 12:18:10.192911  2419 IPC_barrier.h:112] CreateBarrier: find existing barrier, name: start_barrier, count: 8
I20240124 12:18:10.193809  2122 IPC_barrier.h:112] CreateBarrier: find existing barrier, name: start_barrier, count: 8
I20240124 12:18:10.194372  2277 IPC_barrier.h:112] CreateBarrier: find existing barrier, name: start_barrier, count: 8
I20240124 12:18:10.195495  2485 IPC_barrier.h:112] CreateBarrier: find existing barrier, name: start_barrier, count: 8
I20240124 12:18:10.196112  2355 IPC_barrier.h:112] CreateBarrier: find existing barrier, name: start_barrier, count: 8
I20240124 12:18:10.197139  2051 IPC_barrier.h:112] CreateBarrier: find existing barrier, name: start_barrier, count: 8
I20240124 12:18:10.225145  2486 IPC_barrier.h:112] CreateBarrier: find existing barrier, name: start_barrier, count: 8
E20240124 12:18:12.163792  2486 parallel_pq_v2.h:76] insert failed, size(hashtable)=0
W20240124 12:18:12.176674  2486 grad_async_v2.h:249] Sleep in <BlockToStepN>, step_no=1, pq.top=1
W20240124 12:18:12.181087  3379 grad_async_v2.h:120] Detect new sample comes, old_end1, new_end2
+---------------------------+---------------------------+---------------------------+
| Name                      | P50                       | P99                       |
+---------------------------+---------------------------+---------------------------+
| GenInput                  | 1.159 ms                  | 11.214 ms                 |
| Forward                   | 14.906 ms                 | 461.705 ms                |
| Backward                  | 4.459 ms                  | 220.625 ms                |
| Optimize                  | 1.745 ms                  | 36.115 ms                 |
| BarrierTimeBeforeRank0    | 1.413 ms                  | 227.959 ms                |
| AfterBackward             | 21.329 ms                 | 1.003 s                   |
| BlockToStepN              | 62.033 us                 | 1.890 ms                  |
| OneStep                   | 54.311 ms                 | 1.955 s                   |
+---------------------------+---------------------------+---------------------------+
E20240124 12:18:13.163585  3378 parallel_pq_v2.h:76] insert failed, size(hashtable)=12848
W20240124 12:18:13.181581  3379 grad_async_v2.h:120] Detect new sample comes, old_end2, new_end3
W20240124 12:18:13.230692  2486 grad_async_v2.h:249] Sleep in <BlockToStepN>, step_no=23, pq.top=23
+---------------------------+---------------------------+---------------------------+
| Name                      | P50                       | P99                       |
+---------------------------+---------------------------+---------------------------+
| ProcessBack:Shuffle       | 7.334 ms                  | 248.177 ms                |
| ProcessBack:UpdateCache   | 10.865 ms                 | 726.001 ms                |
| ProcessBack:UpsertPq      | 12.486 ms                 | 17.747 ms                 |
| ProcessOneStep            | 32.992 ms                 | 1.001 s                   |
| BlockToStepN              | 589.739 us                | 8.140 ms                  |
+---------------------------+---------------------------+---------------------------+
E20240124 12:18:14.163058  2486 parallel_pq_v2.h:76] insert failed, size(hashtable)=306
W20240124 12:18:14.183902  3379 grad_async_v2.h:120] Detect new sample comes, old_end0, new_end1
W20240124 12:18:14.232385  2486 grad_async_v2.h:249] Sleep in <BlockToStepN>, step_no=41, pq.top=41
E20240124 12:18:15.163014  3378 parallel_pq_v2.h:76] insert failed, size(hashtable)=1466
W20240124 12:18:15.206619  3379 grad_async_v2.h:120] Detect new sample comes, old_end1, new_end2
W20240124 12:18:15.245415  2486 grad_async_v2.h:249] Sleep in <BlockToStepN>, step_no=62, pq.top=62
E20240124 12:18:16.163944  2938 parallel_pq_v2.h:76] insert failed, size(hashtable)=130
W20240124 12:18:16.245015  2486 grad_async_v2.h:249] Sleep in <BlockToStepN>, step_no=81, pq.top=81
W20240124 12:18:16.249738  3379 grad_async_v2.h:120] Detect new sample comes, old_end1, new_end2
E20240124 12:18:17.163008  3378 parallel_pq_v2.h:76] insert failed, size(hashtable)=7659
W20240124 12:18:17.258131  2486 grad_async_v2.h:249] Sleep in <BlockToStepN>, step_no=99, pq.top=99
W20240124 12:18:17.265815  3379 grad_async_v2.h:120] Detect new sample comes, old_end9, new_end0
+---------------------------+---------------------------+---------------------------+
| Name                      | P50                       | P99                       |
+---------------------------+---------------------------+---------------------------+
| GenInput                  | 1.329 ms                  | 15.121 ms                 |
| Forward                   | 3.919 ms                  | 24.232 ms                 |
| Backward                  | 3.715 ms                  | 8.096 ms                  |
| Optimize                  | 1.145 ms                  | 8.801 ms                  |
| BarrierTimeBeforeRank0    | 1.351 ms                  | 31.880 ms                 |
| AfterBackward             | 32.633 ms                 | 43.153 ms                 |
| BlockToStepN              | 2.892 ms                  | 22.769 ms                 |
| OneStep                   | 49.692 ms                 | 100.967 ms                |
+---------------------------+---------------------------+---------------------------+
train_sampler.Prefill()
before start barrier
start train
[proc 2] 100 steps, total: 7.121, sample: 0.225, forward: 0.823, backward: 0.604, update: 0.133
train_sampler.Prefill()
before start barrier
start train
[proc 7] 100 steps, total: 7.119, sample: 0.258, forward: 0.895, backward: 0.621, update: 0.137
train_sampler.Prefill()
before start barrier
start train
[proc 1] 100 steps, total: 7.118, sample: 0.240, forward: 1.000, backward: 0.668, update: 0.147
train_sampler.Prefill()
before start barrier
start train
[proc 6] 100 steps, total: 7.122, sample: 0.249, forward: 0.837, backward: 0.616, update: 0.133
train_sampler.Prefill()
before start barrier
start train
[proc 3] 100 steps, total: 7.138, sample: 0.265, forward: 0.872, backward: 0.590, update: 0.142
train_sampler.Prefill()
before start barrier
start train
[proc 4] 100 steps, total: 7.120, sample: 0.228, forward: 0.815, backward: 0.604, update: 0.145
train_sampler.Prefill()
before start barrier
start train
[proc 5] 100 steps, total: 7.119, sample: 0.219, forward: 0.961, backward: 0.621, update: 0.144
train_sampler.Prefill()
-------Step 0-------
tensor([  143,    97,  5157,  4598,  9775, 10249,  1758,  8102, 12990, 11849]) tensor([ 2518, 12790,  6079,  8741,   180,  1966,  1281,  4516,  1076, 14419])
-------Step 1-------
tensor([  143,    97,  5157,  4598,  9775, 10249,  1758,  8102, 12990, 11849]) tensor([ 6222,  8689,  2674,  7310, 10339, 12526, 11395,  2934, 14787,  8321])
-------Step 2-------
tensor([ 9157,  3953,   102,  2233,  3235,   103, 11331,   149,   108,  7016]) tensor([ 8299,  4543, 11702, 11634,   386,  7003,  8585,  2142,  5152,  6049])
-------Step 3-------
tensor([ 9157,  3953,   102,  2233,  3235,   103, 11331,   149,   108,  7016]) tensor([11388,  3615,  5952,  6461,  7452,  9855,  3717,  8925, 10628, 11889])
-------Step 4-------
tensor([ 5617, 13479,    45,    46,    32,   100,  1568,  6374,  9828,  7903]) tensor([ 9160,  6940,  3768,  8691,  6233,  1030, 10115,   817, 11150, 10583])
-------Step 5-------
tensor([ 5617, 13479,    45,    46,    32,   100,  1568,  6374,  9828,  7903]) tensor([10438,  8395,  1082, 11861, 14166,   854,  8821,  4525, 12464,   906])
-------Step 6-------
tensor([ 7556, 11388,  4808,  4484,   176,  9015,  8083,  4185,  8630,  1708]) tensor([ 4800,  7394,  4247,  6885,  8391,  7056, 14603,  9943, 14620, 10329])
-------Step 7-------
tensor([ 7556, 11388,  4808,  4484,   176,  9015,  8083,  4185,  8630,  1708]) tensor([ 9938, 12414,  1058,  7233,  7629,  9596, 10184,  2636, 12957,  8009])
-------Step 8-------
tensor([10151,  5588,  6745,  6374,    83,  5205, 13038,   100,  4752,   123]) tensor([11388,  7997, 13706,  2068,  5524,  2170,  2367,  2003,  1139,  2631])
-------Step 9-------
tensor([10151,  5588,  6745,  6374,    83,  5205, 13038,   100,  4752,   123]) tensor([ 6526,  6069,  5173,  8067,  3437, 14718, 10106,  1995, 11624,  5105])
before start barrier
start train
[proc 0] 100 steps, total: 7.090, sample: 0.301, forward: 0.904, backward: 0.606, update: 0.152
E20240124 12:18:18.163017  2486 parallel_pq_v2.h:76] insert failed, size(hashtable)=437
W20240124 12:18:18.267251  2486 grad_async_v2.h:249] Sleep in <BlockToStepN>, step_no=117, pq.top=117
W20240124 12:18:18.276089  3379 grad_async_v2.h:120] Detect new sample comes, old_end7, new_end8
+---------------------------+---------------------------+---------------------------+
| Name                      | P50                       | P99                       |
+---------------------------+---------------------------+---------------------------+
| ProcessBack:Shuffle       | 7.270 ms                  | 10.004 ms                 |
| ProcessBack:UpdateCache   | 10.857 ms                 | 18.408 ms                 |
| ProcessBack:UpsertPq      | 12.210 ms                 | 18.104 ms                 |
| ProcessOneStep            | 32.602 ms                 | 43.115 ms                 |
| BlockToStepN              | 4.516 ms                  | 28.515 ms                 |
+---------------------------+---------------------------+---------------------------+
E20240124 12:18:19.163018  3378 parallel_pq_v2.h:76] insert failed, size(hashtable)=1500
W20240124 12:18:19.276306  3379 grad_async_v2.h:120] Detect new sample comes, old_end5, new_end6
W20240124 12:18:19.291164  2486 grad_async_v2.h:249] Sleep in <BlockToStepN>, step_no=136, pq.top=136
E20240124 12:18:20.163017  3378 parallel_pq_v2.h:76] insert failed, size(hashtable)=8766
W20240124 12:18:20.279995  3379 grad_async_v2.h:120] Detect new sample comes, old_end6, new_end7
W20240124 12:18:20.317832  2486 grad_async_v2.h:249] Sleep in <BlockToStepN>, step_no=157, pq.top=157
E20240124 12:18:21.163015  3378 parallel_pq_v2.h:76] insert failed, size(hashtable)=4974
W20240124 12:18:21.279321  3379 grad_async_v2.h:120] Detect new sample comes, old_end7, new_end8
W20240124 12:18:21.346597  2486 grad_async_v2.h:249] Sleep in <BlockToStepN>, step_no=179, pq.top=179
E20240124 12:18:22.163014  3378 parallel_pq_v2.h:76] insert failed, size(hashtable)=4036
+---------------------------+---------------------------+---------------------------+
| Name                      | P50                       | P99                       |
+---------------------------+---------------------------+---------------------------+
| GenInput                  | 1.384 ms                  | 15.121 ms                 |
| Forward                   | 3.922 ms                  | 21.074 ms                 |
| Backward                  | 3.753 ms                  | 10.572 ms                 |
| Optimize                  | 1.128 ms                  | 5.177 ms                  |
| BarrierTimeBeforeRank0    | 1.067 ms                  | 15.355 ms                 |
| AfterBackward             | 29.737 ms                 | 40.712 ms                 |
| BlockToStepN              | 4.971 ms                  | 22.769 ms                 |
| OneStep                   | 49.665 ms                 | 83.000 ms                 |
+---------------------------+---------------------------+---------------------------+
W20240124 12:18:22.287539  3379 grad_async_v2.h:120] Detect new sample comes, old_end8, new_end9
W20240124 12:18:22.384383  2486 grad_async_v2.h:249] Sleep in <BlockToStepN>, step_no=200, pq.top=200
[proc 3] 200 steps, total: 5.075, sample: 0.277, forward: 0.411, backward: 0.375, update: 0.105
[proc 7] 200 steps, total: 5.076, sample: 0.257, forward: 0.383, backward: 0.382, update: 0.098
[proc 6] 200 steps, total: 5.075, sample: 0.291, forward: 0.399, backward: 0.366, update: 0.100
[proc 4] 200 steps, total: 5.075, sample: 0.269, forward: 0.398, backward: 0.383, update: 0.103
[proc 1] 200 steps, total: 5.075, sample: 0.274, forward: 0.406, backward: 0.369, update: 0.107
[proc 5] 200 steps, total: 5.075, sample: 0.263, forward: 0.389, backward: 0.402, update: 0.102
[proc 2] 200 steps, total: 5.076, sample: 0.240, forward: 0.380, backward: 0.404, update: 0.101
[proc 0] 200 steps, total: 5.075, sample: 0.295, forward: 0.412, backward: 0.388, update: 0.108
E20240124 12:18:23.163015  3379 parallel_pq_v2.h:76] insert failed, size(hashtable)=14
W20240124 12:18:23.290099  3379 grad_async_v2.h:120] Detect new sample comes, old_end6, new_end7
W20240124 12:18:23.423306  2486 grad_async_v2.h:249] Sleep in <BlockToStepN>, step_no=219, pq.top=219
+---------------------------+---------------------------+---------------------------+
| Name                      | P50                       | P99                       |
+---------------------------+---------------------------+---------------------------+
| ProcessBack:Shuffle       | 7.225 ms                  | 10.004 ms                 |
| ProcessBack:UpdateCache   | 10.562 ms                 | 15.057 ms                 |
| ProcessBack:UpsertPq      | 10.899 ms                 | 19.190 ms                 |
| ProcessOneStep            | 29.932 ms                 | 43.115 ms                 |
| BlockToStepN              | 5.222 ms                  | 22.638 ms                 |
+---------------------------+---------------------------+---------------------------+
E20240124 12:18:24.163039  3378 parallel_pq_v2.h:76] insert failed, size(hashtable)=4579
W20240124 12:18:24.290251  3379 grad_async_v2.h:120] Detect new sample comes, old_end3, new_end4
W20240124 12:18:24.444842  2486 grad_async_v2.h:249] Sleep in <BlockToStepN>, step_no=236, pq.top=236
E20240124 12:18:25.163010  3378 parallel_pq_v2.h:76] insert failed, size(hashtable)=759
W20240124 12:18:25.319314  3379 grad_async_v2.h:120] Detect new sample comes, old_end1, new_end2
W20240124 12:18:25.456173  2486 grad_async_v2.h:249] Sleep in <BlockToStepN>, step_no=254, pq.top=254
E20240124 12:18:26.163008  3378 parallel_pq_v2.h:76] insert failed, size(hashtable)=469
W20240124 12:18:26.319478  3379 grad_async_v2.h:120] Detect new sample comes, old_end1, new_end2
W20240124 12:18:26.458408  2486 grad_async_v2.h:249] Sleep in <BlockToStepN>, step_no=274, pq.top=274
E20240124 12:18:27.163017  3378 parallel_pq_v2.h:76] insert failed, size(hashtable)=2543
+---------------------------+---------------------------+---------------------------+
| Name                      | P50                       | P99                       |
+---------------------------+---------------------------+---------------------------+
| GenInput                  | 1.466 ms                  | 13.717 ms                 |
| Forward                   | 3.990 ms                  | 14.906 ms                 |
| Backward                  | 3.804 ms                  | 8.096 ms                  |
| Optimize                  | 1.132 ms                  | 3.257 ms                  |
| BarrierTimeBeforeRank0    | 923.300 us                | 12.839 ms                 |
| AfterBackward             | 29.821 ms                 | 43.020 ms                 |
| BlockToStepN              | 5.809 ms                  | 22.769 ms                 |
| OneStep                   | 50.550 ms                 | 79.094 ms                 |
+---------------------------+---------------------------+---------------------------+
W20240124 12:18:27.321816  3379 grad_async_v2.h:120] Detect new sample comes, old_end0, new_end1
W20240124 12:18:27.471298  2486 grad_async_v2.h:249] Sleep in <BlockToStepN>, step_no=293, pq.top=293
[proc 2] 300 steps, total: 5.446, sample: 0.183, forward: 0.320, backward: 0.411, update: 0.084
[proc 5] 300 steps, total: 5.446, sample: 0.217, forward: 0.363, backward: 0.419, update: 0.095
[proc 3] 300 steps, total: 5.447, sample: 0.242, forward: 0.383, backward: 0.383, update: 0.099
[proc 7] 300 steps, total: 5.447, sample: 0.204, forward: 0.347, backward: 0.397, update: 0.090
[proc 6] 300 steps, total: 5.447, sample: 0.233, forward: 0.391, backward: 0.387, update: 0.100
[proc 4] 300 steps, total: 5.447, sample: 0.232, forward: 0.374, backward: 0.363, update: 0.098
[proc 1] 300 steps, total: 5.447, sample: 0.194, forward: 0.342, backward: 0.350, update: 0.091
[proc 0] 300 steps, total: 5.446, sample: 0.285, forward: 0.440, backward: 0.395, update: 0.115
E20240124 12:18:28.163010  3378 parallel_pq_v2.h:76] insert failed, size(hashtable)=4816
W20240124 12:18:28.324110  3379 grad_async_v2.h:120] Detect new sample comes, old_end9, new_end0
W20240124 12:18:28.471284  2486 grad_async_v2.h:249] Sleep in <BlockToStepN>, step_no=312, pq.top=312
+---------------------------+---------------------------+---------------------------+
| Name                      | P50                       | P99                       |
+---------------------------+---------------------------+---------------------------+
| ProcessBack:Shuffle       | 7.203 ms                  | 9.656 ms                  |
| ProcessBack:UpdateCache   | 10.483 ms                 | 14.572 ms                 |
| ProcessBack:UpsertPq      | 10.800 ms                 | 20.411 ms                 |
| ProcessOneStep            | 29.716 ms                 | 42.960 ms                 |
| BlockToStepN              | 6.258 ms                  | 24.065 ms                 |
+---------------------------+---------------------------+---------------------------+
E20240124 12:18:29.163008  3378 parallel_pq_v2.h:76] insert failed, size(hashtable)=3100
W20240124 12:18:29.345901  3379 grad_async_v2.h:120] Detect new sample comes, old_end8, new_end9
W20240124 12:18:29.506479  2486 grad_async_v2.h:249] Sleep in <BlockToStepN>, step_no=331, pq.top=331
E20240124 12:18:30.163012  3378 parallel_pq_v2.h:76] insert failed, size(hashtable)=3036
W20240124 12:18:30.345422  3379 grad_async_v2.h:120] Detect new sample comes, old_end6, new_end7
W20240124 12:18:30.531615  2486 grad_async_v2.h:249] Sleep in <BlockToStepN>, step_no=350, pq.top=350
E20240124 12:18:31.163026  3378 parallel_pq_v2.h:76] insert failed, size(hashtable)=7868
W20240124 12:18:31.345857  3379 grad_async_v2.h:120] Detect new sample comes, old_end5, new_end6
W20240124 12:18:31.540302  2486 grad_async_v2.h:249] Sleep in <BlockToStepN>, step_no=369, pq.top=369
E20240124 12:18:32.163014  3378 parallel_pq_v2.h:76] insert failed, size(hashtable)=5021
+---------------------------+---------------------------+---------------------------+
| Name                      | P50                       | P99                       |
+---------------------------+---------------------------+---------------------------+
| GenInput                  | 1.514 ms                  | 12.965 ms                 |
| Forward                   | 3.960 ms                  | 11.964 ms                 |
| Backward                  | 3.804 ms                  | 7.355 ms                  |
| Optimize                  | 1.113 ms                  | 2.059 ms                  |
| BarrierTimeBeforeRank0    | 1.050 ms                  | 11.111 ms                 |
| AfterBackward             | 29.762 ms                 | 41.921 ms                 |
| BlockToStepN              | 6.907 ms                  | 24.147 ms                 |
| OneStep                   | 51.310 ms                 | 78.976 ms                 |
+---------------------------+---------------------------+---------------------------+
W20240124 12:18:32.345757  3379 grad_async_v2.h:120] Detect new sample comes, old_end3, new_end4
