WARNING: Logging before InitGoogleLogging() is written to STDERR
I20240220 15:16:56.672353 28505 IPC_barrier.h:128] MultiProcessBarrierFactory->ClearIPCMemory()
W20240220 15:16:56.680255 28505 IPCTensor.h:369] NewIPCTensor: full_emb [9449206, 32]0x100000002000 1.126 GB
/data/home/xieminhui/RecStore/src/framework_adapters/torch/python/perf_rec_model.py:152: DeprecationWarning: The 'warn' function is deprecated, use 'warning' instead
  XLOG.warn("After init DistEmbedding")
WARNING [28505 perf_rec_model.py:152] After init DistEmbedding
========== Running Perf with routine <function routine_local_cache_helper at 0x7f1bc2109b20>==========
Worker 1 pid=28871
Worker 2 pid=28872
Worker 3 pid=28873
Worker 4 pid=28874
Worker 5 pid=28875
Worker 6 pid=28876
INFO [28505 distributed_c10d.py:442] Added key: store_based_barrier_key:1 to store for rank: 0
INFO [28871 distributed_c10d.py:442] Added key: store_based_barrier_key:1 to store for rank: 1
INFO [28873 distributed_c10d.py:442] Added key: store_based_barrier_key:1 to store for rank: 3
INFO [28872 distributed_c10d.py:442] Added key: store_based_barrier_key:1 to store for rank: 2
INFO [28874 distributed_c10d.py:442] Added key: store_based_barrier_key:1 to store for rank: 4
INFO [28875 distributed_c10d.py:442] Added key: store_based_barrier_key:1 to store for rank: 5
INFO [28875 distributed_c10d.py:476] Rank 5: Completed store-based barrier for key:store_based_barrier_key:1 with 8 nodes.
INFO [28876 distributed_c10d.py:442] Added key: store_based_barrier_key:1 to store for rank: 6
INFO [28877 distributed_c10d.py:442] Added key: store_based_barrier_key:1 to store for rank: 7
E20240220 15:17:03.613238 28875 IPCTensor.h:348] IPCTensor full_emb already exists
INFO [28876 distributed_c10d.py:476] Rank 6: Completed store-based barrier for key:store_based_barrier_key:1 with 8 nodes.
INFO [28877 distributed_c10d.py:476] Rank 7: Completed store-based barrier for key:store_based_barrier_key:1 with 8 nodes.
INFO [28874 distributed_c10d.py:476] Rank 4: Completed store-based barrier for key:store_based_barrier_key:1 with 8 nodes.
INFO [28873 distributed_c10d.py:476] Rank 3: Completed store-based barrier for key:store_based_barrier_key:1 with 8 nodes.
E20240220 15:17:03.614133 28876 IPCTensor.h:348] IPCTensor full_emb already exists
E20240220 15:17:03.614157 28877 IPCTensor.h:348] IPCTensor full_emb already exists
E20240220 15:17:03.614184 28873 IPCTensor.h:348] IPCTensor full_emb already exists
E20240220 15:17:03.614316 28874 IPCTensor.h:348] IPCTensor full_emb already exists
INFO [28872 distributed_c10d.py:476] Rank 2: Completed store-based barrier for key:store_based_barrier_key:1 with 8 nodes.
E20240220 15:17:03.615293 28872 IPCTensor.h:348] IPCTensor full_emb already exists
INFO [28871 distributed_c10d.py:476] Rank 1: Completed store-based barrier for key:store_based_barrier_key:1 with 8 nodes.
E20240220 15:17:03.616326 28871 IPCTensor.h:348] IPCTensor full_emb already exists
INFO [28505 distributed_c10d.py:476] Rank 0: Completed store-based barrier for key:store_based_barrier_key:1 with 8 nodes.
E20240220 15:17:03.621408 28505 IPCTensor.h:348] IPCTensor full_emb already exists
W20240220 15:17:09.405625 28874 IPCTensor.h:409] NewIPCGPUTensor: embedding_cache_4 [94492, 32]; dev=4; size=11.53 MB
W20240220 15:17:09.407627 28876 IPCTensor.h:409] NewIPCGPUTensor: embedding_cache_6 [94492, 32]; dev=6; size=11.53 MB
W20240220 15:17:09.407641 28877 IPCTensor.h:409] NewIPCGPUTensor: embedding_cache_7 [94492, 32]; dev=7; size=11.53 MB
W20240220 15:17:09.408160 28505 IPCTensor.h:409] NewIPCGPUTensor: embedding_cache_0 [94492, 32]; dev=0; size=11.53 MB
W20240220 15:17:09.408879 28873 IPCTensor.h:409] NewIPCGPUTensor: embedding_cache_3 [94492, 32]; dev=3; size=11.53 MB
W20240220 15:17:09.408900 28875 IPCTensor.h:409] NewIPCGPUTensor: embedding_cache_5 [94492, 32]; dev=5; size=11.53 MB
W20240220 15:17:09.414207 28872 IPCTensor.h:409] NewIPCGPUTensor: embedding_cache_2 [94492, 32]; dev=2; size=11.53 MB
W20240220 15:17:09.418301 28871 IPCTensor.h:409] NewIPCGPUTensor: embedding_cache_1 [94492, 32]; dev=1; size=11.53 MB
W20240220 15:17:10.126323 28874 IPCTensor.h:369] NewIPCTensor: input_keys_4 [1000000]0x10004817d000 7.629 MB
W20240220 15:17:10.126514 28874 IPCTensor.h:369] NewIPCTensor: input_keys_neg_4 [1000000]0x100048920000 7.629 MB
W20240220 15:17:10.126616 28874 IPCTensor.h:369] NewIPCTensor: backward_grads_4 [1000000, 32]0x1000490c3000 122.1 MB
W20240220 15:17:10.126680 28874 IPCTensor.h:369] NewIPCTensor: backward_grads_neg_4 [1000000, 32]0x100050ad7000 122.1 MB
W20240220 15:17:10.126720 28874 IPCTensor.h:409] NewIPCGPUTensor: backward_grads_4_gpu [1000000, 32]; dev=4; size=122.1 MB
W20240220 15:17:10.134603 28874 IPCTensor.h:409] NewIPCGPUTensor: backward_grads_neg_4_gpu [1000000, 32]; dev=4; size=122.1 MB
W20240220 15:17:10.135411 28877 IPCTensor.h:369] NewIPCTensor: input_keys_7 [1000000]0x1000584ef000 7.629 MB
W20240220 15:17:10.135600 28877 IPCTensor.h:369] NewIPCTensor: input_keys_neg_7 [1000000]0x100058c94000 7.629 MB
W20240220 15:17:10.135669 28877 IPCTensor.h:369] NewIPCTensor: backward_grads_7 [1000000, 32]0x100059437000 122.1 MB
W20240220 15:17:10.135736 28877 IPCTensor.h:369] NewIPCTensor: backward_grads_neg_7 [1000000, 32]0x100060e4b000 122.1 MB
W20240220 15:17:10.135776 28877 IPCTensor.h:409] NewIPCGPUTensor: backward_grads_7_gpu [1000000, 32]; dev=7; size=122.1 MB
W20240220 15:17:10.136495 28877 IPCTensor.h:409] NewIPCGPUTensor: backward_grads_neg_7_gpu [1000000, 32]; dev=7; size=122.1 MB
W20240220 15:17:10.140785 28505 IPCTensor.h:369] NewIPCTensor: input_keys_0 [1000000]0x100068865000 7.629 MB
W20240220 15:17:10.141003 28505 IPCTensor.h:369] NewIPCTensor: input_keys_neg_0 [1000000]0x100069008000 7.629 MB
W20240220 15:17:10.141064 28505 IPCTensor.h:369] NewIPCTensor: backward_grads_0 [1000000, 32]0x1000697ab000 122.1 MB
W20240220 15:17:10.141121 28505 IPCTensor.h:369] NewIPCTensor: backward_grads_neg_0 [1000000, 32]0x1000711bf000 122.1 MB
W20240220 15:17:10.141175 28505 IPCTensor.h:409] NewIPCGPUTensor: backward_grads_0_gpu [1000000, 32]; dev=0; size=122.1 MB
W20240220 15:17:10.141618 28505 IPCTensor.h:409] NewIPCGPUTensor: backward_grads_neg_0_gpu [1000000, 32]; dev=0; size=122.1 MB
W20240220 15:17:10.156201 28871 IPCTensor.h:369] NewIPCTensor: input_keys_1 [1000000]0x100078bd9000 7.629 MB
W20240220 15:17:10.156423 28871 IPCTensor.h:369] NewIPCTensor: input_keys_neg_1 [1000000]0x10007937c000 7.629 MB
W20240220 15:17:10.156494 28871 IPCTensor.h:369] NewIPCTensor: backward_grads_1 [1000000, 32]0x100079b1f000 122.1 MB
W20240220 15:17:10.156585 28871 IPCTensor.h:369] NewIPCTensor: backward_grads_neg_1 [1000000, 32]0x100081533000 122.1 MB
W20240220 15:17:10.156633 28871 IPCTensor.h:409] NewIPCGPUTensor: backward_grads_1_gpu [1000000, 32]; dev=1; size=122.1 MB
W20240220 15:17:10.157150 28871 IPCTensor.h:409] NewIPCGPUTensor: backward_grads_neg_1_gpu [1000000, 32]; dev=1; size=122.1 MB
W20240220 15:17:10.161684 28876 IPCTensor.h:369] NewIPCTensor: input_keys_6 [1000000]0x100088f4d000 7.629 MB
W20240220 15:17:10.161846 28876 IPCTensor.h:369] NewIPCTensor: input_keys_neg_6 [1000000]0x1000896f0000 7.629 MB
W20240220 15:17:10.161927 28876 IPCTensor.h:369] NewIPCTensor: backward_grads_6 [1000000, 32]0x100089e93000 122.1 MB
W20240220 15:17:10.161998 28876 IPCTensor.h:369] NewIPCTensor: backward_grads_neg_6 [1000000, 32]0x1000918a7000 122.1 MB
W20240220 15:17:10.162039 28876 IPCTensor.h:409] NewIPCGPUTensor: backward_grads_6_gpu [1000000, 32]; dev=6; size=122.1 MB
W20240220 15:17:10.162598 28876 IPCTensor.h:409] NewIPCGPUTensor: backward_grads_neg_6_gpu [1000000, 32]; dev=6; size=122.1 MB
W20240220 15:17:10.169230 28872 IPCTensor.h:369] NewIPCTensor: input_keys_2 [1000000]0x1000992c1000 7.629 MB
W20240220 15:17:10.169371 28872 IPCTensor.h:369] NewIPCTensor: input_keys_neg_2 [1000000]0x100099a64000 7.629 MB
W20240220 15:17:10.169431 28872 IPCTensor.h:369] NewIPCTensor: backward_grads_2 [1000000, 32]0x10009a207000 122.1 MB
W20240220 15:17:10.169486 28872 IPCTensor.h:369] NewIPCTensor: backward_grads_neg_2 [1000000, 32]0x1000a1c1b000 122.1 MB
W20240220 15:17:10.169519 28872 IPCTensor.h:409] NewIPCGPUTensor: backward_grads_2_gpu [1000000, 32]; dev=2; size=122.1 MB
W20240220 15:17:10.169926 28872 IPCTensor.h:409] NewIPCGPUTensor: backward_grads_neg_2_gpu [1000000, 32]; dev=2; size=122.1 MB
W20240220 15:17:10.170454 28875 IPCTensor.h:369] NewIPCTensor: input_keys_5 [1000000]0x1000a9635000 7.629 MB
W20240220 15:17:10.170620 28875 IPCTensor.h:369] NewIPCTensor: input_keys_neg_5 [1000000]0x1000a9dd8000 7.629 MB
W20240220 15:17:10.170689 28875 IPCTensor.h:369] NewIPCTensor: backward_grads_5 [1000000, 32]0x1000aa57b000 122.1 MB
W20240220 15:17:10.170754 28875 IPCTensor.h:369] NewIPCTensor: backward_grads_neg_5 [1000000, 32]0x1000b1f8f000 122.1 MB
W20240220 15:17:10.170794 28875 IPCTensor.h:409] NewIPCGPUTensor: backward_grads_5_gpu [1000000, 32]; dev=5; size=122.1 MB
W20240220 15:17:10.171181 28875 IPCTensor.h:409] NewIPCGPUTensor: backward_grads_neg_5_gpu [1000000, 32]; dev=5; size=122.1 MB
W20240220 15:17:10.186597 28873 IPCTensor.h:369] NewIPCTensor: input_keys_3 [1000000]0x1000b99a9000 7.629 MB
W20240220 15:17:10.186758 28873 IPCTensor.h:369] NewIPCTensor: input_keys_neg_3 [1000000]0x1000ba14c000 7.629 MB
W20240220 15:17:10.186810 28873 IPCTensor.h:369] NewIPCTensor: backward_grads_3 [1000000, 32]0x1000ba8ef000 122.1 MB
W20240220 15:17:10.186865 28873 IPCTensor.h:369] NewIPCTensor: backward_grads_neg_3 [1000000, 32]0x1000c2303000 122.1 MB
W20240220 15:17:10.186898 28873 IPCTensor.h:409] NewIPCGPUTensor: backward_grads_3_gpu [1000000, 32]; dev=3; size=122.1 MB
W20240220 15:17:10.187268 28873 IPCTensor.h:409] NewIPCGPUTensor: backward_grads_neg_3_gpu [1000000, 32]; dev=3; size=122.1 MB
cudaHostRegister 0x100000002000
1: KnownLocalCachedEmbedding init done
cudaHostRegister 0x100000002000
5: KnownLocalCachedEmbedding init done
cudaHostRegister 0x100000002000
2: KnownLocalCachedEmbedding init done
cudaHostRegister 0x100000002000
7: KnownLocalCachedEmbedding init done
Worker 7 pid=28877
New CachedEmbedding, name=full_emb, shape=(9449206, 32), cache_type=KnownLocalCachedEmbedding
fixed cache_range is [(0, 94492), (94492, 188984), (188984, 283476), (283476, 377968), (377968, 472460), (472460, 566952), (566952, 661444), (661444, 755936)]
cudaHostRegister 0x100000002000
0: KnownLocalCachedEmbedding init done
cudaHostRegister 0x100000002000
6: KnownLocalCachedEmbedding init done
cudaHostRegister 0x100000002000
3: KnownLocalCachedEmbedding init done
cudaHostRegister 0x100000002000
4: KnownLocalCachedEmbedding init done
W20240220 15:17:15.286806 28871 IPCTensor.h:369] NewIPCTensor: cached_sampler_r1_0 [1000000]0x1000c9d1b000 7.629 MB
W20240220 15:17:15.287065 28871 IPCTensor.h:369] NewIPCTensor: cached_sampler_r1_1 [1000000]0x1000ca4be000 7.629 MB
W20240220 15:17:15.287140 28871 IPCTensor.h:369] NewIPCTensor: cached_sampler_r1_2 [1000000]0x1000cac61000 7.629 MB
W20240220 15:17:15.287194 28871 IPCTensor.h:369] NewIPCTensor: cached_sampler_r1_3 [1000000]0x1000cb404000 7.629 MB
W20240220 15:17:15.287256 28871 IPCTensor.h:369] NewIPCTensor: cached_sampler_r1_4 [1000000]0x1000cbba7000 7.629 MB
W20240220 15:17:15.287326 28871 IPCTensor.h:369] NewIPCTensor: cached_sampler_r1_5 [1000000]0x1000cc34a000 7.629 MB
W20240220 15:17:15.287387 28871 IPCTensor.h:369] NewIPCTensor: cached_sampler_r1_6 [1000000]0x1000ccaed000 7.629 MB
W20240220 15:17:15.287468 28871 IPCTensor.h:369] NewIPCTensor: cached_sampler_r1_7 [1000000]0x1000cd290000 7.629 MB
W20240220 15:17:15.287533 28871 IPCTensor.h:369] NewIPCTensor: cached_sampler_r1_8 [1000000]0x1000cda33000 7.629 MB
W20240220 15:17:15.287588 28871 IPCTensor.h:369] NewIPCTensor: cached_sampler_r1_9 [1000000]0x1000ce1d6000 7.629 MB
W20240220 15:17:15.287642 28871 IPCTensor.h:369] NewIPCTensor: step_r1 [10]0x1000ce979000 80 B 
W20240220 15:17:15.287686 28871 IPCTensor.h:369] NewIPCTensor: circle_buffer_end_r1 [1]0x1000ce97b000 8 B 
W20240220 15:17:15.287748 28871 IPCTensor.h:369] NewIPCTensor: circle_buffer_end_cppseen_r1 [1]0x1000ce97d000 8 B 
Dataset:  /home/xieminhui/RecStoreDataset/avazu_binary
Dataset loaded
np.max =  9449205
np.min=  1
Construct RecModelSampler done
I20240220 15:17:15.288389 28871 IPC_barrier.h:118] CreateBarrier: new barrier, name: kgcachecontroller, count: 8
W20240220 15:17:15.293963 28872 IPCTensor.h:369] NewIPCTensor: cached_sampler_r2_0 [1000000]0x1000ce97f000 7.629 MB
W20240220 15:17:15.294219 28872 IPCTensor.h:369] NewIPCTensor: cached_sampler_r2_1 [1000000]0x1000cf122000 7.629 MB
W20240220 15:17:15.294291 28872 IPCTensor.h:369] NewIPCTensor: cached_sampler_r2_2 [1000000]0x1000cf8c5000 7.629 MB
W20240220 15:17:15.294345 28872 IPCTensor.h:369] NewIPCTensor: cached_sampler_r2_3 [1000000]0x1000d0068000 7.629 MB
W20240220 15:17:15.294407 28872 IPCTensor.h:369] NewIPCTensor: cached_sampler_r2_4 [1000000]0x1000d080b000 7.629 MB
W20240220 15:17:15.294503 28872 IPCTensor.h:369] NewIPCTensor: cached_sampler_r2_5 [1000000]0x1000d0fae000 7.629 MB
W20240220 15:17:15.294598 28872 IPCTensor.h:369] NewIPCTensor: cached_sampler_r2_6 [1000000]0x1000d1751000 7.629 MB
W20240220 15:17:15.294713 28872 IPCTensor.h:369] NewIPCTensor: cached_sampler_r2_7 [1000000]0x1000d1ef4000 7.629 MB
W20240220 15:17:15.294782 28872 IPCTensor.h:369] NewIPCTensor: cached_sampler_r2_8 [1000000]0x1000d2697000 7.629 MB
W20240220 15:17:15.294826 28872 IPCTensor.h:369] NewIPCTensor: cached_sampler_r2_9 [1000000]0x1000d2e3a000 7.629 MB
W20240220 15:17:15.294874 28872 IPCTensor.h:369] NewIPCTensor: step_r2 [10]0x1000d35dd000 80 B 
W20240220 15:17:15.294917 28872 IPCTensor.h:369] NewIPCTensor: circle_buffer_end_r2 [1]0x1000d35df000 8 B 
W20240220 15:17:15.294991 28872 IPCTensor.h:369] NewIPCTensor: circle_buffer_end_cppseen_r2 [1]0x1000d35e1000 8 B 
Dataset:  /home/xieminhui/RecStoreDataset/avazu_binary
Dataset loaded
np.max =  9449205
np.min=  1
Construct RecModelSampler done
I20240220 15:17:15.295565 28872 IPC_barrier.h:112] CreateBarrier: find existing barrier, name: kgcachecontroller, count: 8
W20240220 15:17:16.255992 28874 IPCTensor.h:369] NewIPCTensor: cached_sampler_r4_0 [1000000]0x1000d35e3000 7.629 MB
W20240220 15:17:16.256206 28874 IPCTensor.h:369] NewIPCTensor: cached_sampler_r4_1 [1000000]0x1000d3d86000 7.629 MB
W20240220 15:17:16.256271 28874 IPCTensor.h:369] NewIPCTensor: cached_sampler_r4_2 [1000000]0x1000d4529000 7.629 MB
W20240220 15:17:16.256322 28874 IPCTensor.h:369] NewIPCTensor: cached_sampler_r4_3 [1000000]0x1000d4ccc000 7.629 MB
W20240220 15:17:16.256389 28874 IPCTensor.h:369] NewIPCTensor: cached_sampler_r4_4 [1000000]0x1000d546f000 7.629 MB
W20240220 15:17:16.256453 28874 IPCTensor.h:369] NewIPCTensor: cached_sampler_r4_5 [1000000]0x1000d5c12000 7.629 MB
W20240220 15:17:16.256539 28874 IPCTensor.h:369] NewIPCTensor: cached_sampler_r4_6 [1000000]0x1000d63b5000 7.629 MB
W20240220 15:17:16.256605 28874 IPCTensor.h:369] NewIPCTensor: cached_sampler_r4_7 [1000000]0x1000d6b58000 7.629 MB
W20240220 15:17:16.256660 28874 IPCTensor.h:369] NewIPCTensor: cached_sampler_r4_8 [1000000]0x1000d72fb000 7.629 MB
W20240220 15:17:16.256713 28874 IPCTensor.h:369] NewIPCTensor: cached_sampler_r4_9 [1000000]0x1000d7a9e000 7.629 MB
W20240220 15:17:16.256767 28874 IPCTensor.h:369] NewIPCTensor: step_r4 [10]0x1000d8241000 80 B 
W20240220 15:17:16.256814 28874 IPCTensor.h:369] NewIPCTensor: circle_buffer_end_r4 [1]0x1000d8243000 8 B 
W20240220 15:17:16.256865 28874 IPCTensor.h:369] NewIPCTensor: circle_buffer_end_cppseen_r4 [1]0x1000d8245000 8 B 
Dataset:  /home/xieminhui/RecStoreDataset/avazu_binary
Dataset loaded
np.max =  9449205
np.min=  1
Construct RecModelSampler done
I20240220 15:17:16.257328 28874 IPC_barrier.h:112] CreateBarrier: find existing barrier, name: kgcachecontroller, count: 8
W20240220 15:17:16.259313 28873 IPCTensor.h:369] NewIPCTensor: cached_sampler_r3_0 [1000000]0x1000d8247000 7.629 MB
W20240220 15:17:16.259435 28873 IPCTensor.h:369] NewIPCTensor: cached_sampler_r3_1 [1000000]0x1000d89ea000 7.629 MB
W20240220 15:17:16.259486 28873 IPCTensor.h:369] NewIPCTensor: cached_sampler_r3_2 [1000000]0x1000d918d000 7.629 MB
W20240220 15:17:16.259526 28873 IPCTensor.h:369] NewIPCTensor: cached_sampler_r3_3 [1000000]0x1000d9930000 7.629 MB
W20240220 15:17:16.259572 28873 IPCTensor.h:369] NewIPCTensor: cached_sampler_r3_4 [1000000]0x1000da0d3000 7.629 MB
W20240220 15:17:16.259626 28873 IPCTensor.h:369] NewIPCTensor: cached_sampler_r3_5 [1000000]0x1000da876000 7.629 MB
W20240220 15:17:16.259670 28873 IPCTensor.h:369] NewIPCTensor: cached_sampler_r3_6 [1000000]0x1000db019000 7.629 MB
W20240220 15:17:16.259721 28873 IPCTensor.h:369] NewIPCTensor: cached_sampler_r3_7 [1000000]0x1000db7bc000 7.629 MB
W20240220 15:17:16.259771 28873 IPCTensor.h:369] NewIPCTensor: cached_sampler_r3_8 [1000000]0x1000dbf5f000 7.629 MB
W20240220 15:17:16.259814 28873 IPCTensor.h:369] NewIPCTensor: cached_sampler_r3_9 [1000000]0x1000dc702000 7.629 MB
W20240220 15:17:16.259856 28873 IPCTensor.h:369] NewIPCTensor: step_r3 [10]0x1000dcea5000 80 B 
W20240220 15:17:16.259891 28873 IPCTensor.h:369] NewIPCTensor: circle_buffer_end_r3 [1]0x1000dcea7000 8 B 
W20240220 15:17:16.259936 28873 IPCTensor.h:369] NewIPCTensor: circle_buffer_end_cppseen_r3 [1]0x1000dcea9000 8 B 
Dataset:  /home/xieminhui/RecStoreDataset/avazu_binary
Dataset loaded
np.max =  9449205
np.min=  1
Construct RecModelSampler done
I20240220 15:17:16.260363 28873 IPC_barrier.h:112] CreateBarrier: find existing barrier, name: kgcachecontroller, count: 8
W20240220 15:17:16.298983 28875 IPCTensor.h:369] NewIPCTensor: cached_sampler_r5_0 [1000000]0x1000dceab000 7.629 MB
W20240220 15:17:16.299139 28875 IPCTensor.h:369] NewIPCTensor: cached_sampler_r5_1 [1000000]0x1000dd64e000 7.629 MB
W20240220 15:17:16.299198 28875 IPCTensor.h:369] NewIPCTensor: cached_sampler_r5_2 [1000000]0x1000dddf1000 7.629 MB
W20240220 15:17:16.299247 28875 IPCTensor.h:369] NewIPCTensor: cached_sampler_r5_3 [1000000]0x1000de594000 7.629 MB
W20240220 15:17:16.299301 28875 IPCTensor.h:369] NewIPCTensor: cached_sampler_r5_4 [1000000]0x1000ded37000 7.629 MB
W20240220 15:17:16.299355 28875 IPCTensor.h:369] NewIPCTensor: cached_sampler_r5_5 [1000000]0x1000df4da000 7.629 MB
W20240220 15:17:16.299417 28875 IPCTensor.h:369] NewIPCTensor: cached_sampler_r5_6 [1000000]0x1000dfc7d000 7.629 MB
W20240220 15:17:16.299486 28875 IPCTensor.h:369] NewIPCTensor: cached_sampler_r5_7 [1000000]0x1000e0420000 7.629 MB
W20240220 15:17:16.299538 28875 IPCTensor.h:369] NewIPCTensor: cached_sampler_r5_8 [1000000]0x1000e0bc3000 7.629 MB
W20240220 15:17:16.299582 28875 IPCTensor.h:369] NewIPCTensor: cached_sampler_r5_9 [1000000]0x1000e1366000 7.629 MB
W20240220 15:17:16.299630 28875 IPCTensor.h:369] NewIPCTensor: step_r5 [10]0x1000e1b09000 80 B 
W20240220 15:17:16.299676 28875 IPCTensor.h:369] NewIPCTensor: circle_buffer_end_r5 [1]0x1000e1b0b000 8 B 
W20240220 15:17:16.299728 28875 IPCTensor.h:369] NewIPCTensor: circle_buffer_end_cppseen_r5 [1]0x1000e1b0d000 8 B 
Dataset:  /home/xieminhui/RecStoreDataset/avazu_binary
Dataset loaded
np.max =  9449205
np.min=  1
Construct RecModelSampler done
I20240220 15:17:16.300118 28875 IPC_barrier.h:112] CreateBarrier: find existing barrier, name: kgcachecontroller, count: 8
W20240220 15:17:16.359221 28876 IPCTensor.h:369] NewIPCTensor: cached_sampler_r6_0 [1000000]0x1000e1b0f000 7.629 MB
W20240220 15:17:16.359357 28876 IPCTensor.h:369] NewIPCTensor: cached_sampler_r6_1 [1000000]0x1000e22b2000 7.629 MB
W20240220 15:17:16.359408 28876 IPCTensor.h:369] NewIPCTensor: cached_sampler_r6_2 [1000000]0x1000e2a55000 7.629 MB
W20240220 15:17:16.359449 28876 IPCTensor.h:369] NewIPCTensor: cached_sampler_r6_3 [1000000]0x1000e31f8000 7.629 MB
W20240220 15:17:16.359498 28876 IPCTensor.h:369] NewIPCTensor: cached_sampler_r6_4 [1000000]0x1000e399b000 7.629 MB
W20240220 15:17:16.359551 28876 IPCTensor.h:369] NewIPCTensor: cached_sampler_r6_5 [1000000]0x1000e413e000 7.629 MB
W20240220 15:17:16.359604 28876 IPCTensor.h:369] NewIPCTensor: cached_sampler_r6_6 [1000000]0x1000e48e1000 7.629 MB
W20240220 15:17:16.359656 28876 IPCTensor.h:369] NewIPCTensor: cached_sampler_r6_7 [1000000]0x1000e5084000 7.629 MB
W20240220 15:17:16.359701 28876 IPCTensor.h:369] NewIPCTensor: cached_sampler_r6_8 [1000000]0x1000e5827000 7.629 MB
W20240220 15:17:16.359745 28876 IPCTensor.h:369] NewIPCTensor: cached_sampler_r6_9 [1000000]0x1000e5fca000 7.629 MB
W20240220 15:17:16.359788 28876 IPCTensor.h:369] NewIPCTensor: step_r6 [10]0x1000e676d000 80 B 
W20240220 15:17:16.359833 28876 IPCTensor.h:369] NewIPCTensor: circle_buffer_end_r6 [1]0x1000e676f000 8 B 
W20240220 15:17:16.359874 28876 IPCTensor.h:369] NewIPCTensor: circle_buffer_end_cppseen_r6 [1]0x1000e6771000 8 B 
Dataset:  /home/xieminhui/RecStoreDataset/avazu_binary
Dataset loaded
np.max =  9449205
np.min=  1
Construct RecModelSampler done
I20240220 15:17:16.360224 28876 IPC_barrier.h:112] CreateBarrier: find existing barrier, name: kgcachecontroller, count: 8
W20240220 15:17:16.411840 28877 IPCTensor.h:369] NewIPCTensor: cached_sampler_r7_0 [1000000]0x1000e6773000 7.629 MB
W20240220 15:17:16.411981 28877 IPCTensor.h:369] NewIPCTensor: cached_sampler_r7_1 [1000000]0x1000e6f16000 7.629 MB
W20240220 15:17:16.412041 28877 IPCTensor.h:369] NewIPCTensor: cached_sampler_r7_2 [1000000]0x1000e76b9000 7.629 MB
W20240220 15:17:16.412115 28877 IPCTensor.h:369] NewIPCTensor: cached_sampler_r7_3 [1000000]0x1000e7e5c000 7.629 MB
W20240220 15:17:16.412174 28877 IPCTensor.h:369] NewIPCTensor: cached_sampler_r7_4 [1000000]0x1000e85ff000 7.629 MB
W20240220 15:17:16.412232 28877 IPCTensor.h:369] NewIPCTensor: cached_sampler_r7_5 [1000000]0x1000e8da2000 7.629 MB
W20240220 15:17:16.412290 28877 IPCTensor.h:369] NewIPCTensor: cached_sampler_r7_6 [1000000]0x1000e9545000 7.629 MB
W20240220 15:17:16.412387 28877 IPCTensor.h:369] NewIPCTensor: cached_sampler_r7_7 [1000000]0x1000e9ce8000 7.629 MB
W20240220 15:17:16.412446 28877 IPCTensor.h:369] NewIPCTensor: cached_sampler_r7_8 [1000000]0x1000ea48b000 7.629 MB
W20240220 15:17:16.412494 28877 IPCTensor.h:369] NewIPCTensor: cached_sampler_r7_9 [1000000]0x1000eac2e000 7.629 MB
W20240220 15:17:16.412552 28877 IPCTensor.h:369] NewIPCTensor: step_r7 [10]0x1000eb3d1000 80 B 
W20240220 15:17:16.412600 28877 IPCTensor.h:369] NewIPCTensor: circle_buffer_end_r7 [1]0x1000eb3d3000 8 B 
W20240220 15:17:16.412657 28877 IPCTensor.h:369] NewIPCTensor: circle_buffer_end_cppseen_r7 [1]0x1000eb3d5000 8 B 
Dataset:  /home/xieminhui/RecStoreDataset/avazu_binary
Dataset loaded
np.max =  9449205
np.min=  1
Construct RecModelSampler done
I20240220 15:17:16.413022 28877 IPC_barrier.h:112] CreateBarrier: find existing barrier, name: kgcachecontroller, count: 8
W20240220 15:17:16.439909 28505 IPCTensor.h:369] NewIPCTensor: cached_sampler_r0_0 [1000000]0x1000eb3d7000 7.629 MB
W20240220 15:17:16.440145 28505 IPCTensor.h:369] NewIPCTensor: cached_sampler_r0_1 [1000000]0x1000ebb7a000 7.629 MB
W20240220 15:17:16.440217 28505 IPCTensor.h:369] NewIPCTensor: cached_sampler_r0_2 [1000000]0x1000ec31d000 7.629 MB
W20240220 15:17:16.440302 28505 IPCTensor.h:369] NewIPCTensor: cached_sampler_r0_3 [1000000]0x1000ecac0000 7.629 MB
W20240220 15:17:16.440351 28505 IPCTensor.h:369] NewIPCTensor: cached_sampler_r0_4 [1000000]0x1000ed263000 7.629 MB
W20240220 15:17:16.440405 28505 IPCTensor.h:369] NewIPCTensor: cached_sampler_r0_5 [1000000]0x1000eda06000 7.629 MB
W20240220 15:17:16.440466 28505 IPCTensor.h:369] NewIPCTensor: cached_sampler_r0_6 [1000000]0x1000ee1a9000 7.629 MB
W20240220 15:17:16.440524 28505 IPCTensor.h:369] NewIPCTensor: cached_sampler_r0_7 [1000000]0x1000ee94c000 7.629 MB
W20240220 15:17:16.440572 28505 IPCTensor.h:369] NewIPCTensor: cached_sampler_r0_8 [1000000]0x1000ef0ef000 7.629 MB
W20240220 15:17:16.440622 28505 IPCTensor.h:369] NewIPCTensor: cached_sampler_r0_9 [1000000]0x1000ef892000 7.629 MB
W20240220 15:17:16.440680 28505 IPCTensor.h:369] NewIPCTensor: step_r0 [10]0x1000f0035000 80 B 
W20240220 15:17:16.440723 28505 IPCTensor.h:369] NewIPCTensor: circle_buffer_end_r0 [1]0x1000f0037000 8 B 
W20240220 15:17:16.440780 28505 IPCTensor.h:369] NewIPCTensor: circle_buffer_end_cppseen_r0 [1]0x1000f0039000 8 B 
Dataset:  /home/xieminhui/RecStoreDataset/avazu_binary
Dataset loaded
np.max =  9449205
np.min=  1
Construct RecModelSampler done
I20240220 15:17:16.441125 28505 IPC_barrier.h:112] CreateBarrier: find existing barrier, name: kgcachecontroller, count: 8
W20240220 15:17:16.443171 28505 grad_base.h:55] KGCacheController, config={
        "num_gpus": 8,
        "L": 10,
        "kForwardItersPerStep": 1,
        "clr": 0.01,
        "backwardMode": "CppAsyncV2",
        "nr_background_threads": 16, 
        "cache_ratio": 0.01,
        "backgrad_init": "both",
        "update_pq_use_omp": 2,
        "kUpdatePqWorkerNum": 8
    }
W20240220 15:17:16.443449 28505 grad_base.h:184] Init GradProcessingBase done
I20240220 15:17:17.650058 28505 grad_async_v2.h:42] Use main thread to update emb.
W20240220 15:17:17.650316 28505 kg_controller.h:78] after init GradAsyncProcessingV2
I20240220 15:17:17.650329 28505 kg_controller.h:84] Construct KGCacheController done
E20240220 15:17:18.739521 28875 recstore.cc:67] init folly done
E20240220 15:17:18.739521 28505 recstore.cc:67] init folly done
E20240220 15:17:18.739521 28877 recstore.cc:67] init folly done
E20240220 15:17:18.739521 28874 recstore.cc:67] init folly done
Construct KGCacheControllerWrapper done
E20240220 15:17:18.739609 28871 recstore.cc:67] init folly done
Construct KGCacheControllerWrapper done
Construct KGCacheControllerWrapper done
Construct KGCacheControllerWrapper done
Construct KGCacheControllerWrapper done
E20240220 15:17:18.740442 28873 recstore.cc:67] init folly done
Construct KGCacheControllerWrapper done
E20240220 15:17:18.740695 28872 recstore.cc:67] init folly done
E20240220 15:17:18.740751 28876 recstore.cc:67] init folly done
Construct KGCacheControllerWrapper done
Construct KGCacheControllerWrapper done
I20240220 15:17:18.741689 28505 grad_base.h:60] GraphEnv RegTensorsPerProcess
W20240220 15:17:19.762180 30569 grad_async_v2.h:137] Detect new sample comes, old_end0, new_end1
E20240220 15:17:19.762871 30569 parallel_pq_v2.h:79] insert failed, size(hashtable)=0
E20240220 15:17:20.762161 30569 parallel_pq_v2.h:79] insert failed, size(hashtable)=1
W20240220 15:17:20.805508 30569 grad_async_v2.h:137] Detect new sample comes, old_end3, new_end4
E20240220 15:17:21.762200 30569 parallel_pq_v2.h:79] insert failed, size(hashtable)=1
W20240220 15:17:21.814605 30569 grad_async_v2.h:137] Detect new sample comes, old_end6, new_end7
E20240220 15:17:22.772229 30569 parallel_pq_v2.h:79] insert failed, size(hashtable)=1
W20240220 15:17:22.840633 30569 grad_async_v2.h:137] Detect new sample comes, old_end9, new_end0
+---------------------------+---------------------------+---------------------------+
| Name                      | P50                       | P99                       |
+---------------------------+---------------------------+---------------------------+
| clean                     | 156.350 us                | 15.799 ms                 |
+---------------------------+---------------------------+---------------------------+
Before Training
Before Training
I20240220 15:17:23.979578 28873 IPC_barrier.h:118] CreateBarrier: new barrier, name: start_barrier, count: 8
I20240220 15:17:23.979666 28871 IPC_barrier.h:112] CreateBarrier: find existing barrier, name: start_barrier, count: 8
Before Training
Before Training
Before Training
Before Training
Before Training
I20240220 15:17:23.979878 28875 IPC_barrier.h:112] CreateBarrier: find existing barrier, name: start_barrier, count: 8
I20240220 15:17:23.979923 28872 IPC_barrier.h:112] CreateBarrier: find existing barrier, name: start_barrier, count: 8
I20240220 15:17:23.979997 28874 IPC_barrier.h:112] CreateBarrier: find existing barrier, name: start_barrier, count: 8
I20240220 15:17:23.980036 28505 IPC_barrier.h:112] CreateBarrier: find existing barrier, name: start_barrier, count: 8
I20240220 15:17:23.980211 28876 IPC_barrier.h:112] CreateBarrier: find existing barrier, name: start_barrier, count: 8
Before Training
I20240220 15:17:23.980528 28877 IPC_barrier.h:112] CreateBarrier: find existing barrier, name: start_barrier, count: 8
W20240220 15:17:23.982978 30569 grad_async_v2.h:137] Detect new sample comes, old_end0, new_end1
E20240220 15:17:23.983338 30569 parallel_pq_v2.h:79] insert failed, size(hashtable)=1
========== Step 0 ========== 
E20240220 15:17:25.687259 31344 parallel_pq_v2.h:79] insert failed, size(hashtable)=0
W20240220 15:17:25.932001 28505 grad_async_v2.h:270] Sleep in <BlockToStepN>, step_no=1, pq.top=1
W20240220 15:17:26.181502 30569 grad_async_v2.h:137] Detect new sample comes, old_end1, new_end2
========== Step 1 ========== 
INFO [28874 distributed.py:1140] Reducer buckets have been rebuilt in this iteration.
INFO [28873 distributed.py:1140] Reducer buckets have been rebuilt in this iteration.
INFO [28877 distributed.py:1140] Reducer buckets have been rebuilt in this iteration.
INFO [28876 distributed.py:1140] Reducer buckets have been rebuilt in this iteration.
INFO [28871 distributed.py:1140] Reducer buckets have been rebuilt in this iteration.
INFO [28875 distributed.py:1140] Reducer buckets have been rebuilt in this iteration.
INFO [28505 distributed.py:1140] Reducer buckets have been rebuilt in this iteration.
INFO [28872 distributed.py:1140] Reducer buckets have been rebuilt in this iteration.
========== Step 2 ========== 
========== Step 3 ========== 
========== Step 4 ========== 
========== Step 5 ========== 
========== Step 6 ========== 
========== Step 7 ========== 
========== Step 8 ========== 
========== Step 9 ========== 
========== Step 10 ========== 
========== Step 11 ========== 
E20240220 15:17:26.353139 28505 grad_async_v2.h:404] Stalled in ProcessBackward: rank=1, step_no=11, sample_step_cpp_seen_[rank]=10
+---------------------------+---------------------------+---------------------------+
| Name                      | P50                       | P99                       |
+---------------------------+---------------------------+---------------------------+
| GenInput:CircleBuffer     | 128.264 us                | 439.631 us                |
| GenInput                  | 440.265 us                | 11.401 ms                 |
| NN                        | 1.115 ms                  | 259.144 ms                |
| Forward                   | 1.481 ms                  | 261.627 ms                |
| Backward                  | 3.617 ms                  | 105.391 ms                |
| Optimize                  | 243.702 us                | 6.439 ms                  |
| BarrierTimeBeforeRank0    | 808.465 us                | 13.742 ms                 |
| AfterBackward             | 4.487 ms                  | 1.547 s                   |
| BlockToStepN              | 96.407 us                 | 249.165 ms                |
| OneStep                   | 13.570 ms                 | 2.200 s                   |
+---------------------------+---------------------------+---------------------------+
E20240220 15:17:26.687018 30569 parallel_pq_v2.h:79] insert failed, size(hashtable)=2
========== Step 12 ========== 
W20240220 15:17:27.515880 30569 grad_async_v2.h:137] Detect new sample comes, old_end0, new_end3
E20240220 15:17:27.687045 30569 parallel_pq_v2.h:79] insert failed, size(hashtable)=1
========== Step 13 ========== 
========== Step 14 ========== 
========== Step 15 ========== 
========== Step 16 ========== 
========== Step 17 ========== 
========== Step 18 ========== 
========== Step 19 ========== 
========== Step 20 ========== 
========== Step 21 ========== 
========== Step 22 ========== 
========== Step 23 ========== 
========== Step 24 ========== 
========== Step 25 ========== 
========== Step 26 ========== 
========== Step 27 ========== 
========== Step 28 ========== 
========== Step 29 ========== 
========== Step 30 ========== 
========== Step 31 ========== 
========== Step 32 ========== 
E20240220 15:17:28.687062 30569 parallel_pq_v2.h:79] insert failed, size(hashtable)=1
W20240220 15:17:28.713912 30569 grad_async_v2.h:137] Detect new sample comes, old_end2, new_end3
+---------------------------+---------------------------+---------------------------+
| Name                      | P50                       | P99                       |
+---------------------------+---------------------------+---------------------------+
| clean                     | 133.004 us                | 559.757 us                |
| ProcessBack:Shuffle       | 2.727 ms                  | 467.240 ms                |
| ProcessBack:UpdateCache   | 2.084 ms                  | 820.711 ms                |
| ProcessBack:UpsertPq      | 56.341 us                 | 243.988 ms                |
| ProcessOneStep            | 5.568 ms                  | 1.546 s                   |
| BlockToStepN              | 152.295 us                | 248.314 ms                |
+---------------------------+---------------------------+---------------------------+
========== Step 33 ========== 
W20240220 15:17:28.761484 28505 grad_async_v2.h:257] pq is empty
========== Step 34 ========== 
========== Step 35 ========== 
W20240220 15:17:29.249400 28505 grad_async_v2.h:257] pq is empty
========== Step 36 ========== 
========== Step 37 ========== 
========== Step 38 ========== 
========== Step 39 ========== 
========== Step 40 ========== 
========== Step 41 ========== 
========== Step 42 ========== 
W20240220 15:17:29.340443 28505 grad_async_v2.h:257] pq is empty
========== Step 43 ========== 
========== Step 44 ========== 
========== Step 45 ========== 
E20240220 15:17:29.687031 30569 parallel_pq_v2.h:79] insert failed, size(hashtable)=3
W20240220 15:17:29.741233 30569 grad_async_v2.h:137] Detect new sample comes, old_end0, new_end6
========== Step 46 ========== 
W20240220 15:17:29.771651 28505 grad_async_v2.h:257] pq is empty
========== Step 47 ========== 
========== Step 48 ========== 
W20240220 15:17:29.797088 28505 grad_async_v2.h:257] pq is empty
========== Step 49 ========== 
========== Step 50 ========== 
========== Step 51 ========== 
W20240220 15:17:29.855847 28505 grad_async_v2.h:257] pq is empty
========== Step 52 ========== 
========== Step 53 ========== 
========== Step 54 ========== 
========== Step 55 ========== 
========== Step 56 ========== 
W20240220 15:17:30.198910 28505 grad_async_v2.h:257] pq is empty
========== Step 57 ========== 
========== Step 58 ========== 
========== Step 59 ========== 
========== Step 60 ========== 
========== Step 61 ========== 
========== Step 62 ========== 
========== Step 63 ========== 
W20240220 15:17:30.277278 28505 grad_async_v2.h:257] pq is empty
========== Step 64 ========== 
========== Step 65 ========== 
========== Step 66 ========== 
========== Step 67 ========== 
========== Step 68 ========== 
E20240220 15:17:30.687062 30569 parallel_pq_v2.h:79] insert failed, size(hashtable)=2
W20240220 15:17:30.784755 30569 grad_async_v2.h:137] Detect new sample comes, old_end8, new_end9
========== Step 69 ========== 
========== Step 70 ========== 
========== Step 71 ========== 
========== Step 72 ========== 
========== Step 73 ========== 
========== Step 74 ========== 
========== Step 75 ========== 
========== Step 76 ========== 
========== Step 77 ========== 
========== Step 78 ========== 
========== Step 79 ========== 
E20240220 15:17:31.358234 28505 grad_async_v2.h:404] Stalled in ProcessBackward: rank=0, step_no=79, sample_step_cpp_seen_[rank]=78
+---------------------------+---------------------------+---------------------------+
| Name                      | P50                       | P99                       |
+---------------------------+---------------------------+---------------------------+
| GenInput:CircleBuffer     | 138.194 us                | 496.964 us                |
| GenInput                  | 471.776 us                | 12.199 ms                 |
| NN                        | 1.100 ms                  | 8.958 ms                  |
| Forward                   | 1.383 ms                  | 10.128 ms                 |
| Backward                  | 3.617 ms                  | 20.762 ms                 |
| Optimize                  | 264.625 us                | 953.062 us                |
| BarrierTimeBeforeRank0    | 411.850 us                | 21.622 ms                 |
| AfterBackward             | 6.164 ms                  | 831.937 ms                |
| BlockToStepN              | 271.799 us                | 8.351 ms                  |
| OneStep                   | 15.605 ms                 | 837.577 ms                |
+---------------------------+---------------------------+---------------------------+
E20240220 15:17:31.687089 30569 parallel_pq_v2.h:79] insert failed, size(hashtable)=1
W20240220 15:17:31.802731 30569 grad_async_v2.h:137] Detect new sample comes, old_end2, new_end0
========== Step 80 ========== 
========== Step 81 ========== 
========== Step 82 ========== 
W20240220 15:17:31.874853 28505 grad_async_v2.h:257] pq is empty
========== Step 83 ========== 
========== Step 84 ========== 
========== Step 85 ========== 
========== Step 86 ========== 
========== Step 87 ========== 
========== Step 88 ========== 
========== Step 89 ========== 
W20240220 15:17:32.384955 28505 grad_async_v2.h:257] pq is empty
========== Step 90 ========== 
E20240220 15:17:32.687160 30569 parallel_pq_v2.h:79] insert failed, size(hashtable)=1
W20240220 15:17:32.805759 30569 grad_async_v2.h:137] Detect new sample comes, old_end0, new_end1
W20240220 15:17:32.948873 28505 grad_async_v2.h:257] pq is empty
========== Step 91 ========== 
========== Step 92 ========== 
========== Step 93 ========== 
========== Step 94 ========== 
========== Step 95 ========== 
========== Step 96 ========== 
W20240220 15:17:33.024423 28505 grad_async_v2.h:257] pq is empty
========== Step 97 ========== 
========== Step 98 ========== 
========== Step 99 ========== 
Step99:rank0, time: 22.209, per_step: 0.222092
Step99:rank7, time: 22.209, per_step: 0.222092
Step99:rank5, time: 22.209, per_step: 0.222091
Step99:rank6, time: 22.209, per_step: 0.222092
Step99:rank4, time: 22.209, per_step: 0.222093
Step99:rank1, time: 22.209, per_step: 0.222092
Step99:rank3, time: 22.209, per_step: 0.222092
Step99:rank2, time: 22.209, per_step: 0.222091
+---------------------------+---------------------------+---------------------------+
| Name                      | P50                       | P99                       |
+---------------------------+---------------------------+---------------------------+
| GenInput:CircleBuffer     | 137.922 us                | 684.965 us                |
| GenInput                  | 473.866 us                | 12.199 ms                 |
| NN                        | 1.093 ms                  | 8.958 ms                  |
| Forward                   | 1.380 ms                  | 10.128 ms                 |
| Backward                  | 3.161 ms                  | 20.762 ms                 |
| Optimize                  | 267.025 us                | 953.062 us                |
| BarrierTimeBeforeRank0    | 413.631 us                | 21.622 ms                 |
| AfterBackward             | 6.164 ms                  | 831.937 ms                |
| BlockToStepN              | 270.139 us                | 8.351 ms                  |
| OneStep                   | 15.811 ms                 | 837.577 ms                |
+---------------------------+---------------------------+---------------------------+
========== Step 100 ========== 
========== Step 101 ========== 
========== Step 102 ========== 
E20240220 15:17:33.687062 30569 parallel_pq_v2.h:79] insert failed, size(hashtable)=2
+---------------------------+---------------------------+---------------------------+
| Name                      | P50                       | P99                       |
+---------------------------+---------------------------+---------------------------+
| clean                     | 121.443 us                | 279.685 us                |
| ProcessBack:Shuffle       | 2.861 ms                  | 11.215 ms                 |
| ProcessBack:UpdateCache   | 2.363 ms                  | 11.671 ms                 |
| ProcessBack:UpsertPq      | 61.678 us                 | 139.110 us                |
| ProcessOneStep            | 6.136 ms                  | 831.811 ms                |
| BlockToStepN              | 211.013 us                | 650.137 us                |
+---------------------------+---------------------------+---------------------------+
W20240220 15:17:33.838196 30569 grad_async_v2.h:137] Detect new sample comes, old_end2, new_end3
========== Step 103 ========== 
========== Step 104 ========== 
========== Step 105 ========== 
========== Step 106 ========== 
========== Step 107 ========== 
========== Step 108 ========== 
========== Step 109 ========== 
========== Step 110 ========== 
========== Step 111 ========== 
W20240220 15:17:34.263481 28505 grad_async_v2.h:257] pq is empty
========== Step 112 ========== 
========== Step 113 ========== 
========== Step 114 ========== 
========== Step 115 ========== 
========== Step 116 ========== 
========== Step 117 ========== 
========== Step 118 ========== 
E20240220 15:17:34.687062 30569 parallel_pq_v2.h:79] insert failed, size(hashtable)=1
W20240220 15:17:34.944972 30569 grad_async_v2.h:137] Detect new sample comes, old_end8, new_end9
========== Step 119 ========== 
========== Step 120 ========== 
========== Step 121 ========== 
W20240220 15:17:35.048806 28505 grad_async_v2.h:257] pq is empty
========== Step 122 ========== 
========== Step 123 ========== 
========== Step 124 ========== 
========== Step 125 ========== 
========== Step 126 ========== 
========== Step 127 ========== 
========== Step 128 ========== 
W20240220 15:17:35.529305 28505 grad_async_v2.h:257] pq is empty
========== Step 129 ========== 
E20240220 15:17:35.687026 30569 parallel_pq_v2.h:79] insert failed, size(hashtable)=1
========== Step 130 ========== 
========== Step 131 ========== 
========== Step 132 ========== 
========== Step 133 ========== 
W20240220 15:17:35.780932 28505 grad_async_v2.h:257] pq is empty
========== Step 134 ========== 
========== Step 135 ========== 
W20240220 15:17:35.954846 30569 grad_async_v2.h:137] Detect new sample comes, old_end5, new_end6
========== Step 136 ========== 
========== Step 137 ========== 
========== Step 138 ========== 
========== Step 139 ========== 
W20240220 15:17:36.220877 28505 grad_async_v2.h:257] pq is empty
========== Step 140 ========== 
E20240220 15:17:36.358018 28505 grad_async_v2.h:404] Stalled in ProcessBackward: rank=4, step_no=140, sample_step_cpp_seen_[rank]=139
========== Step 141 ========== 
+---------------------------+---------------------------+---------------------------+
| Name                      | P50                       | P99                       |
+---------------------------+---------------------------+---------------------------+
| GenInput:CircleBuffer     | 138.194 us                | 684.965 us                |
| GenInput                  | 488.617 us                | 15.423 ms                 |
| NN                        | 1.115 ms                  | 15.101 ms                 |
| Forward                   | 1.438 ms                  | 15.328 ms                 |
| Backward                  | 2.927 ms                  | 20.762 ms                 |
| Optimize                  | 274.103 us                | 953.062 us                |
| BarrierTimeBeforeRank0    | 418.486 us                | 21.622 ms                 |
| AfterBackward             | 6.471 ms                  | 831.937 ms                |
| BlockToStepN              | 302.805 us                | 8.351 ms                  |
| OneStep                   | 17.922 ms                 | 837.577 ms                |
+---------------------------+---------------------------+---------------------------+
========== Step 142 ========== 
========== Step 143 ========== 
========== Step 144 ========== 
========== Step 145 ========== 
========== Step 146 ========== 
E20240220 15:17:36.687291 30569 parallel_pq_v2.h:79] insert failed, size(hashtable)=1
========== Step 147 ========== 
W20240220 15:17:36.950158 28505 grad_async_v2.h:257] pq is empty
========== Step 148 ========== 
========== Step 149 ========== 
========== Step 150 ========== 
========== Step 151 ========== 
W20240220 15:17:37.127558 30569 grad_async_v2.h:137] Detect new sample comes, old_end1, new_end2
========== Step 152 ========== 
========== Step 153 ========== 
========== Step 154 ========== 
========== Step 155 ========== 
========== Step 156 ========== 
W20240220 15:17:37.265558 28505 grad_async_v2.h:257] pq is empty
========== Step 157 ========== 
========== Step 158 ========== 
========== Step 159 ========== 
========== Step 160 ========== 
========== Step 161 ========== 
W20240220 15:17:37.613586 28505 grad_async_v2.h:257] pq is empty
========== Step 162 ========== 
E20240220 15:17:37.687182 30569 parallel_pq_v2.h:79] insert failed, size(hashtable)=2
========== Step 163 ========== 
========== Step 164 ========== 
========== Step 165 ========== 
========== Step 166 ========== 
========== Step 167 ========== 
========== Step 168 ========== 
W20240220 15:17:38.150720 30569 grad_async_v2.h:137] Detect new sample comes, old_end8, new_end9
========== Step 169 ========== 
========== Step 170 ========== 
========== Step 171 ========== 
========== Step 172 ========== 
========== Step 173 ========== 
========== Step 174 ========== 
========== Step 175 ========== 
W20240220 15:17:38.435146 28505 grad_async_v2.h:257] pq is empty
========== Step 176 ========== 
========== Step 177 ========== 
========== Step 178 ========== 
W20240220 15:17:38.471802 28505 grad_async_v2.h:257] pq is empty
========== Step 179 ========== 
E20240220 15:17:38.687163 30569 parallel_pq_v2.h:79] insert failed, size(hashtable)=1
+---------------------------+---------------------------+---------------------------+
| Name                      | P50                       | P99                       |
+---------------------------+---------------------------+---------------------------+
| clean                     | 106.881 us                | 1.241 ms                  |
| ProcessBack:Shuffle       | 2.880 ms                  | 16.867 ms                 |
| ProcessBack:UpdateCache   | 2.420 ms                  | 26.774 ms                 |
| ProcessBack:UpsertPq      | 62.674 us                 | 207.977 us                |
| ProcessOneStep            | 6.423 ms                  | 602.167 ms                |
| BlockToStepN              | 274.361 us                | 752.215 us                |
+---------------------------+---------------------------+---------------------------+
========== Step 180 ========== 
========== Step 181 ========== 
========== Step 182 ========== 
========== Step 183 ========== 
========== Step 184 ========== 
========== Step 185 ========== 
========== Step 186 ========== 
========== Step 187 ========== 
========== Step 188 ========== 
========== Step 189 ========== 
========== Step 190 ========== 
W20240220 15:17:39.167611 30569 grad_async_v2.h:137] Detect new sample comes, old_end0, new_end1
========== Step 191 ========== 
========== Step 192 ========== 
========== Step 193 ========== 
========== Step 194 ========== 
========== Step 195 ========== 
========== Step 196 ========== 
========== Step 197 ========== 
========== Step 198 ========== 
========== Step 199 ========== 
Step199:rank7, time: 6.568, per_step: 0.065030
Step199:rank4, time: 6.568, per_step: 0.065029
Step199:rank2, time: 6.567, per_step: 0.065024
Step199:rank6, time: 6.568, per_step: 0.065030
Step199:rank5, time: 6.568, per_step: 0.065029
Step199:rank1, time: 6.568, per_step: 0.065030
Step199:rank0, time: 6.568, per_step: 0.065034
Step199:rank3, time: 6.568, per_step: 0.065028
+---------------------------+---------------------------+---------------------------+
| Name                      | P50                       | P99                       |
+---------------------------+---------------------------+---------------------------+
| GenInput:CircleBuffer     | 134.650 us                | 684.965 us                |
| GenInput                  | 500.211 us                | 15.423 ms                 |
| NN                        | 1.109 ms                  | 8.958 ms                  |
| Forward                   | 1.393 ms                  | 10.128 ms                 |
| Backward                  | 2.922 ms                  | 16.394 ms                 |
| Optimize                  | 271.227 us                | 923.494 us                |
| BarrierTimeBeforeRank0    | 586.322 us                | 15.102 ms                 |
| AfterBackward             | 6.471 ms                  | 602.303 ms                |
| BlockToStepN              | 371.498 us                | 5.340 ms                  |
| OneStep                   | 16.549 ms                 | 633.780 ms                |
+---------------------------+---------------------------+---------------------------+
========== Step 200 ========== 
========== Step 201 ========== 
E20240220 15:17:39.687139 30569 parallel_pq_v2.h:79] insert failed, size(hashtable)=1
========== Step 202 ========== 
========== Step 203 ========== 
========== Step 204 ========== 
========== Step 205 ========== 
========== Step 206 ========== 
========== Step 207 ========== 
========== Step 208 ========== 
========== Step 209 ========== 
========== Step 210 ========== 
========== Step 211 ========== 
========== Step 212 ========== 
W20240220 15:17:40.331743 30569 grad_async_v2.h:137] Detect new sample comes, old_end2, new_end3
========== Step 213 ========== 
========== Step 214 ========== 
========== Step 215 ========== 
========== Step 216 ========== 
========== Step 217 ========== 
