WARNING: Logging before InitGoogleLogging() is written to STDERR
I20240211 09:57:51.832989 23040 IPC_barrier.h:128] MultiProcessBarrierFactory->ClearIPCMemory()
W20240211 09:57:51.841203 23040 IPCTensor.h:369] NewIPCTensor: full_emb [33762578, 32]0x100000002000 4.025 GB
/data/home/xieminhui/RecStore/src/framework_adapters/torch/python/perf_rec_model.py:152: DeprecationWarning: The 'warn' function is deprecated, use 'warning' instead
  XLOG.warn("After init DistEmbedding")
WARNING [23040 perf_rec_model.py:152] After init DistEmbedding
========== Running Perf with routine <function routine_local_cache_helper at 0x7f16bd1b58a0>==========
Worker 1 pid=23194
Worker 2 pid=23195
Worker 3 pid=23196
Worker 4 pid=23197
Worker 5 pid=23198
Worker 6 pid=23199
INFO [23040 distributed_c10d.py:442] Added key: store_based_barrier_key:1 to store for rank: 0
INFO [23194 distributed_c10d.py:442] Added key: store_based_barrier_key:1 to store for rank: 1
INFO [23195 distributed_c10d.py:442] Added key: store_based_barrier_key:1 to store for rank: 2
INFO [23197 distributed_c10d.py:442] Added key: store_based_barrier_key:1 to store for rank: 4
INFO [23196 distributed_c10d.py:442] Added key: store_based_barrier_key:1 to store for rank: 3
INFO [23198 distributed_c10d.py:442] Added key: store_based_barrier_key:1 to store for rank: 5
INFO [23195 distributed_c10d.py:476] Rank 2: Completed store-based barrier for key:store_based_barrier_key:1 with 8 nodes.
INFO [23197 distributed_c10d.py:476] Rank 4: Completed store-based barrier for key:store_based_barrier_key:1 with 8 nodes.
INFO [23200 distributed_c10d.py:442] Added key: store_based_barrier_key:1 to store for rank: 7
INFO [23199 distributed_c10d.py:442] Added key: store_based_barrier_key:1 to store for rank: 6
INFO [23198 distributed_c10d.py:476] Rank 5: Completed store-based barrier for key:store_based_barrier_key:1 with 8 nodes.
INFO [23200 distributed_c10d.py:476] Rank 7: Completed store-based barrier for key:store_based_barrier_key:1 with 8 nodes.
INFO [23199 distributed_c10d.py:476] Rank 6: Completed store-based barrier for key:store_based_barrier_key:1 with 8 nodes.
INFO [23196 distributed_c10d.py:476] Rank 3: Completed store-based barrier for key:store_based_barrier_key:1 with 8 nodes.
E20240211 09:58:09.713527 23195 IPCTensor.h:348] IPCTensor full_emb already exists
E20240211 09:58:09.713553 23197 IPCTensor.h:348] IPCTensor full_emb already exists
E20240211 09:58:09.713611 23198 IPCTensor.h:348] IPCTensor full_emb already exists
E20240211 09:58:09.713833 23200 IPCTensor.h:348] IPCTensor full_emb already exists
E20240211 09:58:09.713866 23199 IPCTensor.h:348] IPCTensor full_emb already exists
E20240211 09:58:09.714118 23196 IPCTensor.h:348] IPCTensor full_emb already exists
INFO [23194 distributed_c10d.py:476] Rank 1: Completed store-based barrier for key:store_based_barrier_key:1 with 8 nodes.
E20240211 09:58:09.719259 23194 IPCTensor.h:348] IPCTensor full_emb already exists
INFO [23040 distributed_c10d.py:476] Rank 0: Completed store-based barrier for key:store_based_barrier_key:1 with 8 nodes.
E20240211 09:58:09.722077 23040 IPCTensor.h:348] IPCTensor full_emb already exists
W20240211 09:58:28.368130 23194 IPCTensor.h:409] NewIPCGPUTensor: embedding_cache_1 [337625, 32]; dev=1; size=41.21 MB
W20240211 09:58:28.368130 23197 IPCTensor.h:409] NewIPCGPUTensor: embedding_cache_4 [337625, 32]; dev=4; size=41.21 MB
W20240211 09:58:28.368113 23199 IPCTensor.h:409] NewIPCGPUTensor: embedding_cache_6 [337625, 32]; dev=6; size=41.21 MB
W20240211 09:58:28.368148 23200 IPCTensor.h:409] NewIPCGPUTensor: embedding_cache_7 [337625, 32]; dev=7; size=41.21 MB
W20240211 09:58:28.369984 23195 IPCTensor.h:409] NewIPCGPUTensor: embedding_cache_2 [337625, 32]; dev=2; size=41.21 MB
W20240211 09:58:28.370487 23198 IPCTensor.h:409] NewIPCGPUTensor: embedding_cache_5 [337625, 32]; dev=5; size=41.21 MB
W20240211 09:58:28.370483 23196 IPCTensor.h:409] NewIPCGPUTensor: embedding_cache_3 [337625, 32]; dev=3; size=41.21 MB
W20240211 09:58:28.375123 23040 IPCTensor.h:409] NewIPCGPUTensor: embedding_cache_0 [337625, 32]; dev=0; size=41.21 MB
W20240211 09:58:29.112769 23200 IPCTensor.h:369] NewIPCTensor: input_keys_7 [1000000]0x10010196e000 7.629 MB
W20240211 09:58:29.112973 23200 IPCTensor.h:369] NewIPCTensor: input_keys_neg_7 [1000000]0x100102111000 7.629 MB
W20240211 09:58:29.113045 23200 IPCTensor.h:369] NewIPCTensor: backward_grads_7 [1000000, 32]0x1001028b4000 122.1 MB
W20240211 09:58:29.113106 23200 IPCTensor.h:369] NewIPCTensor: backward_grads_neg_7 [1000000, 32]0x10010a2c8000 122.1 MB
W20240211 09:58:29.113158 23200 IPCTensor.h:409] NewIPCGPUTensor: backward_grads_7_gpu [1000000, 32]; dev=7; size=122.1 MB
W20240211 09:58:29.114369 23200 IPCTensor.h:409] NewIPCGPUTensor: backward_grads_neg_7_gpu [1000000, 32]; dev=7; size=122.1 MB
W20240211 09:58:29.138917 23199 IPCTensor.h:369] NewIPCTensor: input_keys_6 [1000000]0x100111ce4000 7.629 MB
W20240211 09:58:29.139050 23194 IPCTensor.h:369] NewIPCTensor: input_keys_1 [1000000]0x100112487000 7.629 MB
W20240211 09:58:29.139127 23199 IPCTensor.h:369] NewIPCTensor: input_keys_neg_6 [1000000]0x100112c2a000 7.629 MB
W20240211 09:58:29.139205 23199 IPCTensor.h:369] NewIPCTensor: backward_grads_6 [1000000, 32]0x1001133cd000 122.1 MB
W20240211 09:58:29.139230 23194 IPCTensor.h:369] NewIPCTensor: input_keys_neg_1 [1000000]0x10011ade1000 7.629 MB
W20240211 09:58:29.139263 23199 IPCTensor.h:369] NewIPCTensor: backward_grads_neg_6 [1000000, 32]0x10011b584000 122.1 MB
W20240211 09:58:29.139294 23194 IPCTensor.h:369] NewIPCTensor: backward_grads_1 [1000000, 32]0x100122f98000 122.1 MB
W20240211 09:58:29.139329 23199 IPCTensor.h:409] NewIPCGPUTensor: backward_grads_6_gpu [1000000, 32]; dev=6; size=122.1 MB
W20240211 09:58:29.139349 23194 IPCTensor.h:369] NewIPCTensor: backward_grads_neg_1 [1000000, 32]0x10012a9ac000 122.1 MB
W20240211 09:58:29.139403 23194 IPCTensor.h:409] NewIPCGPUTensor: backward_grads_1_gpu [1000000, 32]; dev=1; size=122.1 MB
W20240211 09:58:29.140776 23199 IPCTensor.h:409] NewIPCGPUTensor: backward_grads_neg_6_gpu [1000000, 32]; dev=6; size=122.1 MB
W20240211 09:58:29.140905 23194 IPCTensor.h:409] NewIPCGPUTensor: backward_grads_neg_1_gpu [1000000, 32]; dev=1; size=122.1 MB
W20240211 09:58:29.144734 23195 IPCTensor.h:369] NewIPCTensor: input_keys_2 [1000000]0x1001323ca000 7.629 MB
W20240211 09:58:29.144857 23195 IPCTensor.h:369] NewIPCTensor: input_keys_neg_2 [1000000]0x100132b6d000 7.629 MB
W20240211 09:58:29.144917 23195 IPCTensor.h:369] NewIPCTensor: backward_grads_2 [1000000, 32]0x100133310000 122.1 MB
W20240211 09:58:29.144966 23195 IPCTensor.h:369] NewIPCTensor: backward_grads_neg_2 [1000000, 32]0x10013ad24000 122.1 MB
W20240211 09:58:29.145013 23195 IPCTensor.h:409] NewIPCGPUTensor: backward_grads_2_gpu [1000000, 32]; dev=2; size=122.1 MB
W20240211 09:58:29.166956 23195 IPCTensor.h:409] NewIPCGPUTensor: backward_grads_neg_2_gpu [1000000, 32]; dev=2; size=122.1 MB
W20240211 09:58:29.167413 23040 IPCTensor.h:369] NewIPCTensor: input_keys_0 [1000000]0x10014273c000 7.629 MB
W20240211 09:58:29.167600 23040 IPCTensor.h:369] NewIPCTensor: input_keys_neg_0 [1000000]0x100142edf000 7.629 MB
W20240211 09:58:29.167694 23040 IPCTensor.h:369] NewIPCTensor: backward_grads_0 [1000000, 32]0x100143682000 122.1 MB
W20240211 09:58:29.167757 23040 IPCTensor.h:369] NewIPCTensor: backward_grads_neg_0 [1000000, 32]0x10014b096000 122.1 MB
W20240211 09:58:29.167815 23040 IPCTensor.h:409] NewIPCGPUTensor: backward_grads_0_gpu [1000000, 32]; dev=0; size=122.1 MB
W20240211 09:58:29.168804 23040 IPCTensor.h:409] NewIPCGPUTensor: backward_grads_neg_0_gpu [1000000, 32]; dev=0; size=122.1 MB
W20240211 09:58:29.170163 23197 IPCTensor.h:369] NewIPCTensor: input_keys_4 [1000000]0x100152ab2000 7.629 MB
W20240211 09:58:29.170326 23197 IPCTensor.h:369] NewIPCTensor: input_keys_neg_4 [1000000]0x100153255000 7.629 MB
W20240211 09:58:29.170393 23197 IPCTensor.h:369] NewIPCTensor: backward_grads_4 [1000000, 32]0x1001539f8000 122.1 MB
W20240211 09:58:29.170444 23197 IPCTensor.h:369] NewIPCTensor: backward_grads_neg_4 [1000000, 32]0x10015b40c000 122.1 MB
W20240211 09:58:29.170496 23197 IPCTensor.h:409] NewIPCGPUTensor: backward_grads_4_gpu [1000000, 32]; dev=4; size=122.1 MB
W20240211 09:58:29.170886 23197 IPCTensor.h:409] NewIPCGPUTensor: backward_grads_neg_4_gpu [1000000, 32]; dev=4; size=122.1 MB
W20240211 09:58:29.181417 23198 IPCTensor.h:369] NewIPCTensor: input_keys_5 [1000000]0x100162e26000 7.629 MB
W20240211 09:58:29.181550 23198 IPCTensor.h:369] NewIPCTensor: input_keys_neg_5 [1000000]0x1001635c9000 7.629 MB
W20240211 09:58:29.181605 23198 IPCTensor.h:369] NewIPCTensor: backward_grads_5 [1000000, 32]0x100163d6c000 122.1 MB
W20240211 09:58:29.181661 23198 IPCTensor.h:369] NewIPCTensor: backward_grads_neg_5 [1000000, 32]0x10016b780000 122.1 MB
W20240211 09:58:29.181711 23198 IPCTensor.h:409] NewIPCGPUTensor: backward_grads_5_gpu [1000000, 32]; dev=5; size=122.1 MB
W20240211 09:58:29.183014 23198 IPCTensor.h:409] NewIPCGPUTensor: backward_grads_neg_5_gpu [1000000, 32]; dev=5; size=122.1 MB
W20240211 09:58:29.191517 23196 IPCTensor.h:369] NewIPCTensor: input_keys_3 [1000000]0x10017319a000 7.629 MB
W20240211 09:58:29.191680 23196 IPCTensor.h:369] NewIPCTensor: input_keys_neg_3 [1000000]0x10017393d000 7.629 MB
W20240211 09:58:29.191743 23196 IPCTensor.h:369] NewIPCTensor: backward_grads_3 [1000000, 32]0x1001740e0000 122.1 MB
W20240211 09:58:29.191794 23196 IPCTensor.h:369] NewIPCTensor: backward_grads_neg_3 [1000000, 32]0x10017baf4000 122.1 MB
W20240211 09:58:29.191838 23196 IPCTensor.h:409] NewIPCGPUTensor: backward_grads_3_gpu [1000000, 32]; dev=3; size=122.1 MB
W20240211 09:58:29.192199 23196 IPCTensor.h:409] NewIPCGPUTensor: backward_grads_neg_3_gpu [1000000, 32]; dev=3; size=122.1 MB
cudaHostRegister 0x100000002000
1: KnownLocalCachedEmbedding init done
cudaHostRegister 0x100000002000
7: KnownLocalCachedEmbedding init done
cudaHostRegister 0x100000002000
3: KnownLocalCachedEmbedding init done
cudaHostRegister 0x100000002000
4: KnownLocalCachedEmbedding init done
cudaHostRegister 0x100000002000
6: KnownLocalCachedEmbedding init done
cudaHostRegister 0x100000002000
5: KnownLocalCachedEmbedding init done
cudaHostRegister 0x100000002000
2: KnownLocalCachedEmbedding init done
Worker 7 pid=23200
New CachedEmbedding, name=full_emb, shape=(33762578, 32), cache_type=KnownLocalCachedEmbedding
fixed cache_range is [(0, 337625), (337625, 675250), (675250, 1012875), (1012875, 1350500), (1350500, 1688125), (1688125, 2025750), (2025750, 2363375), (2363375, 2701000)]
cudaHostRegister 0x100000002000
0: KnownLocalCachedEmbedding init done
W20240211 09:58:36.644135 23196 IPCTensor.h:369] NewIPCTensor: cached_sampler_r3_0 [1000000]0x10018350c000 7.629 MB
W20240211 09:58:36.644389 23196 IPCTensor.h:369] NewIPCTensor: cached_sampler_r3_1 [1000000]0x100183caf000 7.629 MB
W20240211 09:58:36.644479 23196 IPCTensor.h:369] NewIPCTensor: cached_sampler_r3_2 [1000000]0x100184452000 7.629 MB
W20240211 09:58:36.644567 23196 IPCTensor.h:369] NewIPCTensor: cached_sampler_r3_3 [1000000]0x100184bf5000 7.629 MB
W20240211 09:58:36.644604 23196 IPCTensor.h:369] NewIPCTensor: cached_sampler_r3_4 [1000000]0x100185398000 7.629 MB
W20240211 09:58:36.644659 23196 IPCTensor.h:369] NewIPCTensor: cached_sampler_r3_5 [1000000]0x100185b3b000 7.629 MB
W20240211 09:58:36.644712 23196 IPCTensor.h:369] NewIPCTensor: cached_sampler_r3_6 [1000000]0x1001862de000 7.629 MB
W20240211 09:58:36.644814 23196 IPCTensor.h:369] NewIPCTensor: cached_sampler_r3_7 [1000000]0x100186a81000 7.629 MB
W20240211 09:58:36.644912 23196 IPCTensor.h:369] NewIPCTensor: cached_sampler_r3_8 [1000000]0x100187224000 7.629 MB
W20240211 09:58:36.645009 23196 IPCTensor.h:369] NewIPCTensor: cached_sampler_r3_9 [1000000]0x1001879c7000 7.629 MB
W20240211 09:58:36.645058 23196 IPCTensor.h:369] NewIPCTensor: step_r3 [10]0x10018816a000 80 B 
W20240211 09:58:36.645113 23196 IPCTensor.h:369] NewIPCTensor: circle_buffer_end_r3 [1]0x10018816c000 8 B 
W20240211 09:58:36.645146 23196 IPCTensor.h:369] NewIPCTensor: circle_buffer_end_cppseen_r3 [1]0x10018816e000 8 B 
Dataset:  /home/xieminhui/RecStoreDataset/criteo_binary
Dataset loaded
np.max =  33762577
np.min=  1
Construct RecModelSampler done
I20240211 09:58:36.645606 23196 IPC_barrier.h:118] CreateBarrier: new barrier, name: kgcachecontroller, count: 8
W20240211 09:58:36.665234 23199 IPCTensor.h:369] NewIPCTensor: cached_sampler_r6_0 [1000000]0x100188170000 7.629 MB
W20240211 09:58:36.665388 23199 IPCTensor.h:369] NewIPCTensor: cached_sampler_r6_1 [1000000]0x100188913000 7.629 MB
W20240211 09:58:36.665449 23199 IPCTensor.h:369] NewIPCTensor: cached_sampler_r6_2 [1000000]0x1001890b6000 7.629 MB
W20240211 09:58:36.665489 23199 IPCTensor.h:369] NewIPCTensor: cached_sampler_r6_3 [1000000]0x100189859000 7.629 MB
W20240211 09:58:36.665526 23199 IPCTensor.h:369] NewIPCTensor: cached_sampler_r6_4 [1000000]0x100189ffc000 7.629 MB
W20240211 09:58:36.665570 23199 IPCTensor.h:369] NewIPCTensor: cached_sampler_r6_5 [1000000]0x10018a79f000 7.629 MB
W20240211 09:58:36.665603 23199 IPCTensor.h:369] NewIPCTensor: cached_sampler_r6_6 [1000000]0x10018af42000 7.629 MB
W20240211 09:58:36.665666 23199 IPCTensor.h:369] NewIPCTensor: cached_sampler_r6_7 [1000000]0x10018b6e5000 7.629 MB
W20240211 09:58:36.665714 23199 IPCTensor.h:369] NewIPCTensor: cached_sampler_r6_8 [1000000]0x10018be88000 7.629 MB
W20240211 09:58:36.665762 23199 IPCTensor.h:369] NewIPCTensor: cached_sampler_r6_9 [1000000]0x10018c62b000 7.629 MB
W20240211 09:58:36.665802 23199 IPCTensor.h:369] NewIPCTensor: step_r6 [10]0x10018cdce000 80 B 
W20240211 09:58:36.665840 23199 IPCTensor.h:369] NewIPCTensor: circle_buffer_end_r6 [1]0x10018cdd0000 8 B 
W20240211 09:58:36.665869 23199 IPCTensor.h:369] NewIPCTensor: circle_buffer_end_cppseen_r6 [1]0x10018cdd2000 8 B 
Dataset:  /home/xieminhui/RecStoreDataset/criteo_binary
Dataset loaded
np.max =  33762577
np.min=  1
Construct RecModelSampler done
I20240211 09:58:36.666227 23199 IPC_barrier.h:112] CreateBarrier: find existing barrier, name: kgcachecontroller, count: 8
W20240211 09:58:36.771374 23194 IPCTensor.h:369] NewIPCTensor: cached_sampler_r1_0 [1000000]0x10018cdd4000 7.629 MB
W20240211 09:58:36.771620 23194 IPCTensor.h:369] NewIPCTensor: cached_sampler_r1_1 [1000000]0x10018d577000 7.629 MB
W20240211 09:58:36.771715 23194 IPCTensor.h:369] NewIPCTensor: cached_sampler_r1_2 [1000000]0x10018dd1a000 7.629 MB
W20240211 09:58:36.771787 23194 IPCTensor.h:369] NewIPCTensor: cached_sampler_r1_3 [1000000]0x10018e4bd000 7.629 MB
W20240211 09:58:36.771826 23194 IPCTensor.h:369] NewIPCTensor: cached_sampler_r1_4 [1000000]0x10018ec60000 7.629 MB
W20240211 09:58:36.771885 23194 IPCTensor.h:369] NewIPCTensor: cached_sampler_r1_5 [1000000]0x10018f403000 7.629 MB
W20240211 09:58:36.771935 23194 IPCTensor.h:369] NewIPCTensor: cached_sampler_r1_6 [1000000]0x10018fba6000 7.629 MB
W20240211 09:58:36.772039 23194 IPCTensor.h:369] NewIPCTensor: cached_sampler_r1_7 [1000000]0x100190349000 7.629 MB
W20240211 09:58:36.772135 23194 IPCTensor.h:369] NewIPCTensor: cached_sampler_r1_8 [1000000]0x100190aec000 7.629 MB
W20240211 09:58:36.772202 23194 IPCTensor.h:369] NewIPCTensor: cached_sampler_r1_9 [1000000]0x10019128f000 7.629 MB
W20240211 09:58:36.772249 23194 IPCTensor.h:369] NewIPCTensor: step_r1 [10]0x100191a32000 80 B 
W20240211 09:58:36.772312 23194 IPCTensor.h:369] NewIPCTensor: circle_buffer_end_r1 [1]0x100191a34000 8 B 
W20240211 09:58:36.772347 23194 IPCTensor.h:369] NewIPCTensor: circle_buffer_end_cppseen_r1 [1]0x100191a36000 8 B 
Dataset:  /home/xieminhui/RecStoreDataset/criteo_binary
Dataset loaded
np.max =  33762577
np.min=  1
Construct RecModelSampler done
I20240211 09:58:36.772796 23194 IPC_barrier.h:112] CreateBarrier: find existing barrier, name: kgcachecontroller, count: 8
W20240211 09:58:36.832369 23195 IPCTensor.h:369] NewIPCTensor: cached_sampler_r2_0 [1000000]0x100191a38000 7.629 MB
W20240211 09:58:36.832531 23195 IPCTensor.h:369] NewIPCTensor: cached_sampler_r2_1 [1000000]0x1001921db000 7.629 MB
W20240211 09:58:36.832594 23195 IPCTensor.h:369] NewIPCTensor: cached_sampler_r2_2 [1000000]0x10019297e000 7.629 MB
W20240211 09:58:36.832640 23195 IPCTensor.h:369] NewIPCTensor: cached_sampler_r2_3 [1000000]0x100193121000 7.629 MB
W20240211 09:58:36.832681 23195 IPCTensor.h:369] NewIPCTensor: cached_sampler_r2_4 [1000000]0x1001938c4000 7.629 MB
W20240211 09:58:36.832747 23195 IPCTensor.h:369] NewIPCTensor: cached_sampler_r2_5 [1000000]0x100194067000 7.629 MB
W20240211 09:58:36.832789 23195 IPCTensor.h:369] NewIPCTensor: cached_sampler_r2_6 [1000000]0x10019480a000 7.629 MB
W20240211 09:58:36.832850 23195 IPCTensor.h:369] NewIPCTensor: cached_sampler_r2_7 [1000000]0x100194fad000 7.629 MB
W20240211 09:58:36.832902 23195 IPCTensor.h:369] NewIPCTensor: cached_sampler_r2_8 [1000000]0x100195750000 7.629 MB
W20240211 09:58:36.832950 23195 IPCTensor.h:369] NewIPCTensor: cached_sampler_r2_9 [1000000]0x100195ef3000 7.629 MB
W20240211 09:58:36.832995 23195 IPCTensor.h:369] NewIPCTensor: step_r2 [10]0x100196696000 80 B 
W20240211 09:58:36.833037 23195 IPCTensor.h:369] NewIPCTensor: circle_buffer_end_r2 [1]0x100196698000 8 B 
W20240211 09:58:36.833070 23195 IPCTensor.h:369] NewIPCTensor: circle_buffer_end_cppseen_r2 [1]0x10019669a000 8 B 
Dataset:  /home/xieminhui/RecStoreDataset/criteo_binary
Dataset loaded
np.max =  33762577
np.min=  1
Construct RecModelSampler done
I20240211 09:58:36.833408 23195 IPC_barrier.h:112] CreateBarrier: find existing barrier, name: kgcachecontroller, count: 8
W20240211 09:58:36.848472 23197 IPCTensor.h:369] NewIPCTensor: cached_sampler_r4_0 [1000000]0x10019669c000 7.629 MB
W20240211 09:58:36.848591 23197 IPCTensor.h:369] NewIPCTensor: cached_sampler_r4_1 [1000000]0x100196e3f000 7.629 MB
W20240211 09:58:36.848660 23197 IPCTensor.h:369] NewIPCTensor: cached_sampler_r4_2 [1000000]0x1001975e2000 7.629 MB
W20240211 09:58:36.848706 23197 IPCTensor.h:369] NewIPCTensor: cached_sampler_r4_3 [1000000]0x100197d85000 7.629 MB
W20240211 09:58:36.848742 23197 IPCTensor.h:369] NewIPCTensor: cached_sampler_r4_4 [1000000]0x100198528000 7.629 MB
W20240211 09:58:36.848798 23197 IPCTensor.h:369] NewIPCTensor: cached_sampler_r4_5 [1000000]0x100198ccb000 7.629 MB
W20240211 09:58:36.848841 23197 IPCTensor.h:369] NewIPCTensor: cached_sampler_r4_6 [1000000]0x10019946e000 7.629 MB
W20240211 09:58:36.848901 23197 IPCTensor.h:369] NewIPCTensor: cached_sampler_r4_7 [1000000]0x100199c11000 7.629 MB
W20240211 09:58:36.848953 23197 IPCTensor.h:369] NewIPCTensor: cached_sampler_r4_8 [1000000]0x10019a3b4000 7.629 MB
W20240211 09:58:36.849006 23197 IPCTensor.h:369] NewIPCTensor: cached_sampler_r4_9 [1000000]0x10019ab57000 7.629 MB
W20240211 09:58:36.849047 23197 IPCTensor.h:369] NewIPCTensor: step_r4 [10]0x10019b2fa000 80 B 
W20240211 09:58:36.849087 23197 IPCTensor.h:369] NewIPCTensor: circle_buffer_end_r4 [1]0x10019b2fc000 8 B 
W20240211 09:58:36.849120 23197 IPCTensor.h:369] NewIPCTensor: circle_buffer_end_cppseen_r4 [1]0x10019b2fe000 8 B 
Dataset:  /home/xieminhui/RecStoreDataset/criteo_binary
Dataset loaded
np.max =  33762577
np.min=  1
Construct RecModelSampler done
I20240211 09:58:36.849390 23197 IPC_barrier.h:112] CreateBarrier: find existing barrier, name: kgcachecontroller, count: 8
W20240211 09:58:36.875605 23040 IPCTensor.h:369] NewIPCTensor: cached_sampler_r0_0 [1000000]0x10019b300000 7.629 MB
W20240211 09:58:36.875864 23040 IPCTensor.h:369] NewIPCTensor: cached_sampler_r0_1 [1000000]0x10019baa3000 7.629 MB
W20240211 09:58:36.875910 23040 IPCTensor.h:369] NewIPCTensor: cached_sampler_r0_2 [1000000]0x10019c246000 7.629 MB
W20240211 09:58:36.875949 23040 IPCTensor.h:369] NewIPCTensor: cached_sampler_r0_3 [1000000]0x10019c9e9000 7.629 MB
W20240211 09:58:36.875985 23040 IPCTensor.h:369] NewIPCTensor: cached_sampler_r0_4 [1000000]0x10019d18c000 7.629 MB
W20240211 09:58:36.876036 23040 IPCTensor.h:369] NewIPCTensor: cached_sampler_r0_5 [1000000]0x10019d92f000 7.629 MB
W20240211 09:58:36.876080 23040 IPCTensor.h:369] NewIPCTensor: cached_sampler_r0_6 [1000000]0x10019e0d2000 7.629 MB
W20240211 09:58:36.876124 23040 IPCTensor.h:369] NewIPCTensor: cached_sampler_r0_7 [1000000]0x10019e875000 7.629 MB
W20240211 09:58:36.876166 23040 IPCTensor.h:369] NewIPCTensor: cached_sampler_r0_8 [1000000]0x10019f018000 7.629 MB
W20240211 09:58:36.876206 23040 IPCTensor.h:369] NewIPCTensor: cached_sampler_r0_9 [1000000]0x10019f7bb000 7.629 MB
W20240211 09:58:36.876248 23040 IPCTensor.h:369] NewIPCTensor: step_r0 [10]0x10019ff5e000 80 B 
W20240211 09:58:36.876302 23040 IPCTensor.h:369] NewIPCTensor: circle_buffer_end_r0 [1]0x10019ff60000 8 B 
W20240211 09:58:36.876338 23040 IPCTensor.h:369] NewIPCTensor: circle_buffer_end_cppseen_r0 [1]0x10019ff62000 8 B 
W20240211 09:58:36.876509 23200 IPCTensor.h:369] NewIPCTensor: cached_sampler_r7_0 [1000000]0x10019ff64000 7.629 MB
Dataset:  /home/xieminhui/RecStoreDataset/criteo_binary
Dataset loaded
np.max =  33762577
np.min=  1
Construct RecModelSampler done
W20240211 09:58:36.876639 23200 IPCTensor.h:369] NewIPCTensor: cached_sampler_r7_1 [1000000]0x1001a0707000 7.629 MB
W20240211 09:58:36.876701 23200 IPCTensor.h:369] NewIPCTensor: cached_sampler_r7_2 [1000000]0x1001a0eaa000 7.629 MB
I20240211 09:58:36.876724 23040 IPC_barrier.h:112] CreateBarrier: find existing barrier, name: kgcachecontroller, count: 8
W20240211 09:58:36.876744 23200 IPCTensor.h:369] NewIPCTensor: cached_sampler_r7_3 [1000000]0x1001a164d000 7.629 MB
W20240211 09:58:36.876780 23200 IPCTensor.h:369] NewIPCTensor: cached_sampler_r7_4 [1000000]0x1001a1df0000 7.629 MB
W20240211 09:58:36.876822 23200 IPCTensor.h:369] NewIPCTensor: cached_sampler_r7_5 [1000000]0x1001a2593000 7.629 MB
W20240211 09:58:36.876859 23200 IPCTensor.h:369] NewIPCTensor: cached_sampler_r7_6 [1000000]0x1001a2d36000 7.629 MB
W20240211 09:58:36.876919 23200 IPCTensor.h:369] NewIPCTensor: cached_sampler_r7_7 [1000000]0x1001a34d9000 7.629 MB
W20240211 09:58:36.876981 23200 IPCTensor.h:369] NewIPCTensor: cached_sampler_r7_8 [1000000]0x1001a3c7c000 7.629 MB
W20240211 09:58:36.877033 23200 IPCTensor.h:369] NewIPCTensor: cached_sampler_r7_9 [1000000]0x1001a441f000 7.629 MB
W20240211 09:58:36.877079 23200 IPCTensor.h:369] NewIPCTensor: step_r7 [10]0x1001a4bc2000 80 B 
W20240211 09:58:36.877117 23200 IPCTensor.h:369] NewIPCTensor: circle_buffer_end_r7 [1]0x1001a4bc4000 8 B 
W20240211 09:58:36.877166 23200 IPCTensor.h:369] NewIPCTensor: circle_buffer_end_cppseen_r7 [1]0x1001a4bc6000 8 B 
Dataset:  /home/xieminhui/RecStoreDataset/criteo_binary
Dataset loaded
np.max =  33762577
np.min=  1
Construct RecModelSampler done
I20240211 09:58:36.877434 23200 IPC_barrier.h:112] CreateBarrier: find existing barrier, name: kgcachecontroller, count: 8
W20240211 09:58:37.070669 23198 IPCTensor.h:369] NewIPCTensor: cached_sampler_r5_0 [1000000]0x1001a4bc8000 7.629 MB
W20240211 09:58:37.070787 23198 IPCTensor.h:369] NewIPCTensor: cached_sampler_r5_1 [1000000]0x1001a536b000 7.629 MB
W20240211 09:58:37.070883 23198 IPCTensor.h:369] NewIPCTensor: cached_sampler_r5_2 [1000000]0x1001a5b0e000 7.629 MB
W20240211 09:58:37.070933 23198 IPCTensor.h:369] NewIPCTensor: cached_sampler_r5_3 [1000000]0x1001a62b1000 7.629 MB
W20240211 09:58:37.070978 23198 IPCTensor.h:369] NewIPCTensor: cached_sampler_r5_4 [1000000]0x1001a6a54000 7.629 MB
W20240211 09:58:37.071027 23198 IPCTensor.h:369] NewIPCTensor: cached_sampler_r5_5 [1000000]0x1001a71f7000 7.629 MB
W20240211 09:58:37.071072 23198 IPCTensor.h:369] NewIPCTensor: cached_sampler_r5_6 [1000000]0x1001a799a000 7.629 MB
W20240211 09:58:37.071133 23198 IPCTensor.h:369] NewIPCTensor: cached_sampler_r5_7 [1000000]0x1001a813d000 7.629 MB
W20240211 09:58:37.071192 23198 IPCTensor.h:369] NewIPCTensor: cached_sampler_r5_8 [1000000]0x1001a88e0000 7.629 MB
W20240211 09:58:37.071242 23198 IPCTensor.h:369] NewIPCTensor: cached_sampler_r5_9 [1000000]0x1001a9083000 7.629 MB
W20240211 09:58:37.071290 23198 IPCTensor.h:369] NewIPCTensor: step_r5 [10]0x1001a9826000 80 B 
W20240211 09:58:37.071326 23198 IPCTensor.h:369] NewIPCTensor: circle_buffer_end_r5 [1]0x1001a9828000 8 B 
W20240211 09:58:37.071355 23198 IPCTensor.h:369] NewIPCTensor: circle_buffer_end_cppseen_r5 [1]0x1001a982a000 8 B 
Dataset:  /home/xieminhui/RecStoreDataset/criteo_binary
Dataset loaded
np.max =  33762577
np.min=  1
Construct RecModelSampler done
I20240211 09:58:37.071583 23198 IPC_barrier.h:112] CreateBarrier: find existing barrier, name: kgcachecontroller, count: 8
W20240211 09:58:37.074182 23040 grad_base.h:55] KGCacheController, config={
        "num_gpus": 8,
        "L": 10,
        "kForwardItersPerStep": 1,
        "clr": 0.01,
        "backwardMode": "CppAsyncV2",
        "nr_background_threads": 16, 
        "cache_ratio": 0.01,
        "backgrad_init": "both",
        "update_pq_use_omp": 2,
        "kUpdatePqWorkerNum": 8
    }
W20240211 09:58:37.074479 23040 grad_base.h:184] Init GradProcessingBase done
I20240211 09:58:41.052568 23040 grad_async_v2.h:42] Use main thread to update emb.
W20240211 09:58:41.052928 23040 kg_controller.h:78] after init GradAsyncProcessingV2
I20240211 09:58:41.052942 23040 kg_controller.h:84] Construct KGCacheController done
E20240211 09:58:41.868763 23200 recstore.cc:66] init folly done
E20240211 09:58:41.868770 23198 recstore.cc:66] init folly done
Construct KGCacheControllerWrapper done
Construct KGCacheControllerWrapper done
E20240211 09:58:41.868912 23199 recstore.cc:66] init folly done
Construct KGCacheControllerWrapper done
E20240211 09:58:41.870656 23195 recstore.cc:66] init folly done
E20240211 09:58:41.870692 23197 recstore.cc:66] init folly done
Construct KGCacheControllerWrapper done
E20240211 09:58:41.870795 23040 recstore.cc:66] init folly done
Construct KGCacheControllerWrapper done
E20240211 09:58:41.870800 23194 recstore.cc:66] init folly done
E20240211 09:58:41.870810 23196 recstore.cc:66] init folly done
Construct KGCacheControllerWrapper done
Construct KGCacheControllerWrapper done
Construct KGCacheControllerWrapper done
I20240211 09:58:41.872175 23040 grad_base.h:60] GraphEnv RegTensorsPerProcess
W20240211 09:58:43.091240 23932 grad_async_v2.h:137] Detect new sample comes, old_end0, new_end1
E20240211 09:58:43.091751 23932 parallel_pq_v2.h:79] insert failed, size(hashtable)=1
Before Training
I20240211 09:58:44.763885 23040 IPC_barrier.h:118] CreateBarrier: new barrier, name: start_barrier, count: 8
Before Training
Before Training
I20240211 09:58:44.764678 23195 IPC_barrier.h:112] CreateBarrier: find existing barrier, name: start_barrier, count: 8
I20240211 09:58:44.764750 23199 IPC_barrier.h:112] CreateBarrier: find existing barrier, name: start_barrier, count: 8
Before Training
I20240211 09:58:44.765131 23196 IPC_barrier.h:112] CreateBarrier: find existing barrier, name: start_barrier, count: 8
Before Training
Before Training
Before Training
I20240211 09:58:44.766172 23200 IPC_barrier.h:112] CreateBarrier: find existing barrier, name: start_barrier, count: 8
I20240211 09:58:44.766237 23197 IPC_barrier.h:112] CreateBarrier: find existing barrier, name: start_barrier, count: 8
I20240211 09:58:44.766278 23198 IPC_barrier.h:112] CreateBarrier: find existing barrier, name: start_barrier, count: 8
Before Training
I20240211 09:58:44.766837 23194 IPC_barrier.h:112] CreateBarrier: find existing barrier, name: start_barrier, count: 8
W20240211 09:58:44.768913 23932 grad_async_v2.h:137] Detect new sample comes, old_end0, new_end1
E20240211 09:58:44.769213 23932 parallel_pq_v2.h:79] insert failed, size(hashtable)=0
========== Step 0 ========== 
E20240211 09:58:46.274662 24053 parallel_pq_v2.h:79] insert failed, size(hashtable)=0
W20240211 09:58:46.292877 23040 grad_async_v2.h:270] Sleep in <BlockToStepN>, step_no=1, pq.top=1
W20240211 09:58:46.311033 23932 grad_async_v2.h:137] Detect new sample comes, old_end1, new_end2
========== Step 1 ========== 
INFO [23199 distributed.py:1140] Reducer buckets have been rebuilt in this iteration.
INFO [23197 distributed.py:1140] Reducer buckets have been rebuilt in this iteration.
INFO [23198 distributed.py:1140] Reducer buckets have been rebuilt in this iteration.
INFO [23200 distributed.py:1140] Reducer buckets have been rebuilt in this iteration.
INFO [23195 distributed.py:1140] Reducer buckets have been rebuilt in this iteration.
INFO [23194 distributed.py:1140] Reducer buckets have been rebuilt in this iteration.
INFO [23040 distributed.py:1140] Reducer buckets have been rebuilt in this iteration.
INFO [23196 distributed.py:1140] Reducer buckets have been rebuilt in this iteration.
========== Step 2 ========== 
========== Step 3 ========== 
========== Step 4 ========== 
========== Step 5 ========== 
========== Step 6 ========== 
========== Step 7 ========== 
========== Step 8 ========== 
========== Step 9 ========== 
========== Step 10 ========== 
========== Step 11 ========== 
========== Step 12 ========== 
E20240211 09:58:46.464392 23040 grad_async_v2.h:404] Stalled in ProcessBackward: rank=4, step_no=12, sample_step_cpp_seen_[rank]=11
========== Step 13 ========== 
========== Step 14 ========== 
========== Step 15 ========== 
========== Step 16 ========== 
========== Step 17 ========== 
========== Step 18 ========== 
========== Step 19 ========== 
========== Step 20 ========== 
========== Step 21 ========== 
========== Step 22 ========== 
========== Step 23 ========== 
========== Step 24 ========== 
========== Step 25 ========== 
+---------------------------+---------------------------+---------------------------+
| Name                      | P50                       | P99                       |
+---------------------------+---------------------------+---------------------------+
| clean                     | 129.392 us                | 346.300 us                |
| ProcessBack:Shuffle       | 5.239 ms                  | 281.821 ms                |
| ProcessBack:UpdateCache   | 1.312 ms                  | 837.728 ms                |
| ProcessBack:UpsertPq      | 33.956 us                 | 17.233 ms                 |
| ProcessOneStep            | 7.200 ms                  | 1.148 s                   |
| BlockToStepN              | 65.219 us                 | 17.223 ms                 |
+---------------------------+---------------------------+---------------------------+
========== Step 26 ========== 
========== Step 27 ========== 
========== Step 28 ========== 
+---------------------------+---------------------------+---------------------------+
| Name                      | P50                       | P99                       |
+---------------------------+---------------------------+---------------------------+
| GenInput:CircleBuffer     | 92.647 us                 | 269.413 us                |
| GenInput                  | 340.399 us                | 1.488 ms                  |
| NN                        | 850.454 us                | 248.083 ms                |
| Forward                   | 1.038 ms                  | 250.992 ms                |
| Backward                  | 1.952 ms                  | 95.819 ms                 |
| Optimize                  | 231.787 us                | 5.815 ms                  |
| BarrierTimeBeforeRank0    | 230.489 us                | 21.371 ms                 |
| AfterBackward             | 7.223 ms                  | 1.149 s                   |
| BlockToStepN              | 107.658 us                | 17.997 ms                 |
| OneStep                   | 11.536 ms                 | 1.543 s                   |
+---------------------------+---------------------------+---------------------------+
========== Step 29 ========== 
========== Step 30 ========== 
========== Step 31 ========== 
========== Step 32 ========== 
========== Step 33 ========== 
========== Step 34 ========== 
========== Step 35 ========== 
========== Step 36 ========== 
========== Step 37 ========== 
========== Step 38 ========== 
E20240211 09:58:47.274101 23932 parallel_pq_v2.h:79] insert failed, size(hashtable)=1
W20240211 09:58:47.333943 23932 grad_async_v2.h:137] Detect new sample comes, old_end5, new_end9
========== Step 39 ========== 
========== Step 40 ========== 
========== Step 41 ========== 
========== Step 42 ========== 
========== Step 43 ========== 
========== Step 44 ========== 
========== Step 45 ========== 
========== Step 46 ========== 
========== Step 47 ========== 
========== Step 48 ========== 
========== Step 49 ========== 
========== Step 50 ========== 
========== Step 51 ========== 
========== Step 52 ========== 
========== Step 53 ========== 
========== Step 54 ========== 
========== Step 55 ========== 
========== Step 56 ========== 
========== Step 57 ========== 
W20240211 09:58:47.844663 23040 grad_async_v2.h:257] pq is empty
========== Step 58 ========== 
W20240211 09:58:47.855834 23040 grad_async_v2.h:257] pq is empty
========== Step 59 ========== 
========== Step 60 ========== 
========== Step 61 ========== 
========== Step 62 ========== 
========== Step 63 ========== 
========== Step 64 ========== 
========== Step 65 ========== 
========== Step 66 ========== 
========== Step 67 ========== 
========== Step 68 ========== 
========== Step 69 ========== 
========== Step 70 ========== 
========== Step 71 ========== 
========== Step 72 ========== 
========== Step 73 ========== 
E20240211 09:58:48.274128 23932 parallel_pq_v2.h:79] insert failed, size(hashtable)=1
========== Step 74 ========== 
W20240211 09:58:48.442235 23932 grad_async_v2.h:137] Detect new sample comes, old_end7, new_end5
========== Step 75 ========== 
========== Step 76 ========== 
========== Step 77 ========== 
W20240211 09:58:48.700367 23040 grad_async_v2.h:257] pq is empty
========== Step 78 ========== 
========== Step 79 ========== 
========== Step 80 ========== 
========== Step 81 ========== 
========== Step 82 ========== 
========== Step 83 ========== 
========== Step 84 ========== 
========== Step 85 ========== 
W20240211 09:58:49.150934 23040 grad_async_v2.h:257] pq is empty
========== Step 86 ========== 
========== Step 87 ========== 
========== Step 88 ========== 
========== Step 89 ========== 
W20240211 09:58:49.212426 23040 grad_async_v2.h:257] pq is empty
========== Step 90 ========== 
========== Step 91 ========== 
========== Step 92 ========== 
========== Step 93 ========== 
========== Step 94 ========== 
E20240211 09:58:49.274022 23932 parallel_pq_v2.h:79] insert failed, size(hashtable)=0
========== Step 95 ========== 
========== Step 96 ========== 
========== Step 97 ========== 
W20240211 09:58:49.474377 23932 grad_async_v2.h:137] Detect new sample comes, old_end3, new_end8
========== Step 98 ========== 
========== Step 99 ========== 
Step99:rank0, time: 18.800, per_step: 0.188000
Step99:rank4, time: 18.800, per_step: 0.187999
Step99:rank6, time: 18.800, per_step: 0.187998
Step99:rank2, time: 18.800, per_step: 0.187998
Step99:rank7, time: 18.800, per_step: 0.187999
Step99:rank3, time: 18.800, per_step: 0.187999
Step99:rank5, time: 18.800, per_step: 0.187998
Step99:rank1, time: 18.801, per_step: 0.188006
+---------------------------+---------------------------+---------------------------+
| Name                      | P50                       | P99                       |
+---------------------------+---------------------------+---------------------------+
| GenInput:CircleBuffer     | 92.885 us                 | 202.440 us                |
| GenInput                  | 435.125 us                | 3.010 ms                  |
| NN                        | 780.767 us                | 9.407 ms                  |
| Forward                   | 969.012 us                | 9.605 ms                  |
| Backward                  | 2.218 ms                  | 14.159 ms                 |
| Optimize                  | 223.570 us                | 3.268 ms                  |
| BarrierTimeBeforeRank0    | 351.582 us                | 5.668 ms                  |
| AfterBackward             | 7.203 ms                  | 350.682 ms                |
| BlockToStepN              | 185.417 us                | 587.034 us                |
| OneStep                   | 12.449 ms                 | 355.545 ms                |
+---------------------------+---------------------------+---------------------------+
========== Step 100 ========== 
========== Step 101 ========== 
========== Step 102 ========== 
========== Step 103 ========== 
========== Step 104 ========== 
========== Step 105 ========== 
========== Step 106 ========== 
========== Step 107 ========== 
========== Step 108 ========== 
========== Step 109 ========== 
========== Step 110 ========== 
========== Step 111 ========== 
========== Step 112 ========== 
========== Step 113 ========== 
========== Step 114 ========== 
========== Step 115 ========== 
========== Step 116 ========== 
========== Step 117 ========== 
========== Step 118 ========== 
========== Step 119 ========== 
========== Step 120 ========== 
========== Step 121 ========== 
========== Step 122 ========== 
========== Step 123 ========== 
========== Step 124 ========== 
========== Step 125 ========== 
E20240211 09:58:50.274039 23932 parallel_pq_v2.h:79] insert failed, size(hashtable)=1
========== Step 126 ========== 
========== Step 127 ========== 
========== Step 128 ========== 
========== Step 129 ========== 
========== Step 130 ========== 
========== Step 131 ========== 
========== Step 132 ========== 
========== Step 133 ========== 
========== Step 134 ========== 
========== Step 135 ========== 
W20240211 09:58:50.511835 23932 grad_async_v2.h:137] Detect new sample comes, old_end7, new_end6
========== Step 136 ========== 
========== Step 137 ========== 
========== Step 138 ========== 
========== Step 139 ========== 
========== Step 140 ========== 
========== Step 141 ========== 
========== Step 142 ========== 
========== Step 143 ========== 
========== Step 144 ========== 
========== Step 145 ========== 
========== Step 146 ========== 
========== Step 147 ========== 
========== Step 148 ========== 
========== Step 149 ========== 
========== Step 150 ========== 
========== Step 151 ========== 
========== Step 152 ========== 
E20240211 09:58:51.274019 23932 parallel_pq_v2.h:79] insert failed, size(hashtable)=15
========== Step 153 ========== 
========== Step 154 ========== 
========== Step 155 ========== 
========== Step 156 ========== 
========== Step 157 ========== 
========== Step 158 ========== 
========== Step 159 ========== 
========== Step 160 ========== 
========== Step 161 ========== 
E20240211 09:58:51.464012 23040 grad_async_v2.h:404] Stalled in ProcessBackward: rank=1, step_no=161, sample_step_cpp_seen_[rank]=160
W20240211 09:58:51.578644 23932 grad_async_v2.h:137] Detect new sample comes, old_end5, new_end2
========== Step 162 ========== 
========== Step 163 ========== 
W20240211 09:58:51.739344 23040 grad_async_v2.h:257] pq is empty
========== Step 164 ========== 
========== Step 165 ========== 
========== Step 166 ========== 
========== Step 167 ========== 
========== Step 168 ========== 
========== Step 169 ========== 
========== Step 170 ========== 
========== Step 171 ========== 
========== Step 172 ========== 
+---------------------------+---------------------------+---------------------------+
| Name                      | P50                       | P99                       |
+---------------------------+---------------------------+---------------------------+
| clean                     | 114.296 us                | 290.816 us                |
| ProcessBack:Shuffle       | 5.360 ms                  | 11.989 ms                 |
| ProcessBack:UpdateCache   | 1.470 ms                  | 12.484 ms                 |
| ProcessBack:UpsertPq      | 35.183 us                 | 87.527 us                 |
| ProcessOneStep            | 7.264 ms                  | 330.149 ms                |
| BlockToStepN              | 200.717 us                | 1.256 ms                  |
+---------------------------+---------------------------+---------------------------+
========== Step 173 ========== 
+---------------------------+---------------------------+---------------------------+
| Name                      | P50                       | P99                       |
+---------------------------+---------------------------+---------------------------+
| GenInput:CircleBuffer     | 92.196 us                 | 166.070 us                |
| GenInput                  | 434.488 us                | 3.010 ms                  |
| NN                        | 767.938 us                | 5.814 ms                  |
| Forward                   | 947.984 us                | 6.201 ms                  |
| Backward                  | 2.342 ms                  | 14.069 ms                 |
| Optimize                  | 215.539 us                | 3.268 ms                  |
| BarrierTimeBeforeRank0    | 339.354 us                | 7.454 ms                  |
| AfterBackward             | 7.289 ms                  | 330.169 ms                |
| BlockToStepN              | 253.307 us                | 1.363 ms                  |
| OneStep                   | 12.894 ms                 | 335.885 ms                |
+---------------------------+---------------------------+---------------------------+
========== Step 174 ========== 
========== Step 175 ========== 
========== Step 176 ========== 
========== Step 177 ========== 
========== Step 178 ========== 
W20240211 09:58:52.173828 23040 grad_async_v2.h:257] pq is empty
========== Step 179 ========== 
========== Step 180 ========== 
========== Step 181 ========== 
========== Step 182 ========== 
========== Step 183 ========== 
========== Step 184 ========== 
W20240211 09:58:52.252409 23040 grad_async_v2.h:257] pq is empty
========== Step 185 ========== 
E20240211 09:58:52.274024 23932 parallel_pq_v2.h:79] insert failed, size(hashtable)=3
========== Step 186 ========== 
========== Step 187 ========== 
========== Step 188 ========== 
========== Step 189 ========== 
W20240211 09:58:52.582170 23040 grad_async_v2.h:257] pq is empty
========== Step 190 ========== 
W20240211 09:58:52.598486 23932 grad_async_v2.h:137] Detect new sample comes, old_end6, new_end1
========== Step 191 ========== 
========== Step 192 ========== 
========== Step 193 ========== 
========== Step 194 ========== 
========== Step 195 ========== 
========== Step 196 ========== 
========== Step 197 ========== 
========== Step 198 ========== 
========== Step 199 ========== 
Step199:rank2, time: 3.496, per_step: 0.034617
Step199:rank1, time: 3.496, per_step: 0.034613
Step199:rank3, time: 3.497, per_step: 0.034619
Step199:rank6, time: 3.497, per_step: 0.034621
Step199:rank0, time: 3.496, per_step: 0.034617
Step199:rank4, time: 3.497, per_step: 0.034621
Step199:rank5, time: 3.497, per_step: 0.034624
Step199:rank7, time: 3.497, per_step: 0.034620
+---------------------------+---------------------------+---------------------------+
| Name                      | P50                       | P99                       |
+---------------------------+---------------------------+---------------------------+
| GenInput:CircleBuffer     | 92.131 us                 | 202.440 us                |
| GenInput                  | 435.125 us                | 3.010 ms                  |
| NN                        | 765.813 us                | 5.814 ms                  |
| Forward                   | 947.621 us                | 6.201 ms                  |
| Backward                  | 2.342 ms                  | 14.069 ms                 |
| Optimize                  | 218.813 us                | 3.268 ms                  |
| BarrierTimeBeforeRank0    | 335.616 us                | 7.454 ms                  |
| AfterBackward             | 7.409 ms                  | 337.371 ms                |
| BlockToStepN              | 285.711 us                | 1.363 ms                  |
| OneStep                   | 13.010 ms                 | 342.590 ms                |
+---------------------------+---------------------------+---------------------------+
========== Step 200 ========== 
========== Step 201 ========== 
========== Step 202 ========== 
========== Step 203 ========== 
========== Step 204 ========== 
========== Step 205 ========== 
========== Step 206 ========== 
========== Step 207 ========== 
========== Step 208 ========== 
========== Step 209 ========== 
E20240211 09:58:53.274047 23932 parallel_pq_v2.h:79] insert failed, size(hashtable)=5
========== Step 210 ========== 
========== Step 211 ========== 
========== Step 212 ========== 
========== Step 213 ========== 
========== Step 214 ========== 
========== Step 215 ========== 
========== Step 216 ========== 
========== Step 217 ========== 
========== Step 218 ========== 
========== Step 219 ========== 
========== Step 220 ========== 
========== Step 221 ========== 
========== Step 222 ========== 
W20240211 09:58:53.646456 23932 grad_async_v2.h:137] Detect new sample comes, old_end6, new_end3
W20240211 09:58:53.726935 23040 grad_async_v2.h:257] pq is empty
========== Step 223 ========== 
========== Step 224 ========== 
========== Step 225 ========== 
========== Step 226 ========== 
========== Step 227 ========== 
========== Step 228 ========== 
========== Step 229 ========== 
========== Step 230 ========== 
========== Step 231 ========== 
========== Step 232 ========== 
========== Step 233 ========== 
========== Step 234 ========== 
========== Step 235 ========== 
========== Step 236 ========== 
========== Step 237 ========== 
========== Step 238 ========== 
========== Step 239 ========== 
========== Step 240 ========== 
========== Step 241 ========== 
========== Step 242 ========== 
========== Step 243 ========== 
========== Step 244 ========== 
========== Step 245 ========== 
E20240211 09:58:54.274009 23932 parallel_pq_v2.h:79] insert failed, size(hashtable)=8
========== Step 246 ========== 
========== Step 247 ========== 
========== Step 248 ========== 
========== Step 249 ========== 
========== Step 250 ========== 
========== Step 251 ========== 
========== Step 252 ========== 
========== Step 253 ========== 
W20240211 09:58:54.514123 23040 grad_async_v2.h:257] pq is empty
========== Step 254 ========== 
========== Step 255 ========== 
========== Step 256 ========== 
W20240211 09:58:54.677357 23932 grad_async_v2.h:137] Detect new sample comes, old_end0, new_end7
========== Step 257 ========== 
========== Step 258 ========== 
========== Step 259 ========== 
========== Step 260 ========== 
========== Step 261 ========== 
========== Step 262 ========== 
========== Step 263 ========== 
========== Step 264 ========== 
========== Step 265 ========== 
========== Step 266 ========== 
========== Step 267 ========== 
========== Step 268 ========== 
W20240211 09:58:54.983350 23040 grad_async_v2.h:257] pq is empty
========== Step 269 ========== 
========== Step 270 ========== 
========== Step 271 ========== 
========== Step 272 ========== 
========== Step 273 ========== 
========== Step 274 ========== 
========== Step 275 ========== 
W20240211 09:58:55.255949 23040 grad_async_v2.h:257] pq is empty
========== Step 276 ========== 
========== Step 277 ========== 
E20240211 09:58:55.274005 23932 parallel_pq_v2.h:79] insert failed, size(hashtable)=13
========== Step 278 ========== 
W20240211 09:58:55.294081 23040 grad_async_v2.h:257] pq is empty
========== Step 279 ========== 
========== Step 280 ========== 
========== Step 281 ========== 
========== Step 282 ========== 
========== Step 283 ========== 
========== Step 284 ========== 
========== Step 285 ========== 
========== Step 286 ========== 
========== Step 287 ========== 
========== Step 288 ========== 
========== Step 289 ========== 
========== Step 290 ========== 
========== Step 291 ========== 
========== Step 292 ========== 
========== Step 293 ========== 
========== Step 294 ========== 
W20240211 09:58:55.705252 23932 grad_async_v2.h:137] Detect new sample comes, old_end6, new_end5
========== Step 295 ========== 
========== Step 296 ========== 
========== Step 297 ========== 
========== Step 298 ========== 
========== Step 299 ========== 
Step299:rank0, time: 2.856, per_step: 0.028273
Step299:rank7, time: 2.855, per_step: 0.028272
Step299:rank2, time: 2.856, per_step: 0.028276
Step299:rank6, time: 2.856, per_step: 0.028275
Step299:rank1, time: 2.856, per_step: 0.028273
Step299:rank5, time: 2.855, per_step: 0.028272
Step299:rank3, time: 2.856, per_step: 0.028275
+---------------------------+---------------------------+---------------------------+
| Name                      | P50                       | P99                       |
+---------------------------+---------------------------+---------------------------+
| GenInput:CircleBuffer     | 91.605 us                 | 269.413 us                |
| GenInput                  | 414.791 us                | 4.289 ms                  |
| NN                        | 746.481 us                | 5.428 ms                  |
| Forward                   | 927.890 us                | 6.118 ms                  |
| Backward                  | 2.300 ms                  | 12.260 ms                 |
| Optimize                  | 214.241 us                | 1.018 ms                  |
| BarrierTimeBeforeRank0    | 306.183 us                | 5.668 ms                  |
| AfterBackward             | 7.417 ms                  | 330.169 ms                |
| BlockToStepN              | 368.700 us                | 1.363 ms                  |
| OneStep                   | 12.894 ms                 | 335.885 ms                |
+---------------------------+---------------------------+---------------------------+
Successfully xmh
W20240211 09:58:55.924751 23040 grad_async_v2.h:84] call StopThreads. PID = 23040
W20240211 09:58:55.924777 23040 grad_base.h:212] before processOneStepNegThread_.join();
W20240211 09:58:55.924849 23040 grad_base.h:214] after processOneStepNegThread_.join();
