WARNING: Logging before InitGoogleLogging() is written to STDERR
I20240207 21:37:51.196382 376849 IPC_barrier.h:128] MultiProcessBarrierFactory->ClearIPCMemory()
/home/xieminhui/RecStore/src/framework_adapters/torch/kg/dgl-0.9.1/python/dgl/_deprecate/graph.py:1023: DGLWarning: multigraph will be deprecated.DGL will treat all graphs as multigraph in the future.
  dgl_warning("multigraph will be deprecated." \
/home/xieminhui/RecStore/src/framework_adapters/torch/kg/dgl-0.9.1/python/dgl/heterograph.py:72: DGLWarning: Recommend creating graphs by `dgl.graph(data)` instead of `dgl.DGLGraph(data)`.
  dgl_warning('Recommend creating graphs by `dgl.graph(data)`'
Reading train triples....
Finished. Read 483142 train triples.
Reading valid triples....
Finished. Read 50000 valid triples.
Reading test triples....
Finished. Read 59071 test triples.
ARGS:  Namespace(model_name='SimplE', data_path='/home/xieminhui/dgl-data', dataset='FB15k', format='built_in', data_files=None, delimiter='\t', save_path='/tmp/ckpts/SimplE_FB15k_90', no_save_emb=True, max_step=500, batch_size=600, batch_size_eval=16, neg_sample_size=200, neg_deg_sample=False, neg_deg_sample_eval=False, neg_sample_size_eval=14951, eval_percent=1, no_eval_filter=False, log_interval=100, eval_interval=10000, test=False, num_proc=4, num_thread=1, force_sync_interval=1, hidden_dim=400, lr=0.01, gamma=16.0, double_ent=False, double_rel=False, neg_adversarial_sampling=False, adversarial_temperature=1.0, regularization_coef=0.0, regularization_norm=3, pairwise=False, loss_genre='Logsigmoid', margin=1.0, nr_gpus=4, gpu=[0, 1, 2, 3], mix_cpu_gpu=True, valid=False, rel_part=False, async_update=None, has_edge_importance=False, cached_emb_type='KnownLocalCachedEmbedding', use_my_emb=True, cache_ratio=0.05, shuffle=False, backwardMode='CppAsync', L=10, nr_background_threads=32, update_cache_use_omp=0, update_pq_use_omp=0, kForwardItersPerStep=2, backgrad_init='both', eval_filter=True, soft_rel_part=False)
|Train|: 483142
original graph:  DGLGraph(num_nodes=14951, num_edges=592213,
         ndata_schemes={}
         edata_schemes={'tid': Scheme(shape=(), dtype=torch.int64)})
Loading cached metis
WARNING [376849 sampler.py:454] Start PreSampling
WARNING [376849 sampler.py:532] Before construct renumbering_dict
WARNING [376849 sampler.py:555] PreSampling done
W20240207 21:37:54.098263 376849 IPCTensor.h:369] NewIPCTensor: cached_sampler_r0_0 [1000000]0x100000002000 7.629 MB
W20240207 21:37:54.098372 376849 IPCTensor.h:369] NewIPCTensor: cached_sampler_r0_1 [1000000]0x1000007a5000 7.629 MB
W20240207 21:37:54.098395 376849 IPCTensor.h:369] NewIPCTensor: cached_sampler_r0_2 [1000000]0x100000f48000 7.629 MB
W20240207 21:37:54.098416 376849 IPCTensor.h:369] NewIPCTensor: cached_sampler_r0_3 [1000000]0x1000016eb000 7.629 MB
W20240207 21:37:54.098435 376849 IPCTensor.h:369] NewIPCTensor: cached_sampler_r0_4 [1000000]0x100001e8e000 7.629 MB
W20240207 21:37:54.098456 376849 IPCTensor.h:369] NewIPCTensor: cached_sampler_r0_5 [1000000]0x100002631000 7.629 MB
W20240207 21:37:54.098475 376849 IPCTensor.h:369] NewIPCTensor: cached_sampler_r0_6 [1000000]0x100002dd4000 7.629 MB
W20240207 21:37:54.098497 376849 IPCTensor.h:369] NewIPCTensor: cached_sampler_r0_7 [1000000]0x100003577000 7.629 MB
W20240207 21:37:54.098515 376849 IPCTensor.h:369] NewIPCTensor: cached_sampler_r0_8 [1000000]0x100003d1a000 7.629 MB
W20240207 21:37:54.098533 376849 IPCTensor.h:369] NewIPCTensor: cached_sampler_r0_9 [1000000]0x1000044bd000 7.629 MB
W20240207 21:37:54.098554 376849 IPCTensor.h:369] NewIPCTensor: step_r0 [10]0x100004c60000 80 B 
W20240207 21:37:54.098570 376849 IPCTensor.h:369] NewIPCTensor: circle_buffer_end_r0 [1]0x100004c62000 8 B 
W20240207 21:37:54.098583 376849 IPCTensor.h:369] NewIPCTensor: circle_buffer_end_cppseen_r0 [1]0x100004c64000 8 B 
W20240207 21:37:54.098664 376849 IPCTensor.h:369] NewIPCTensor: cached_sampler_r1_0 [1000000]0x100004c66000 7.629 MB
W20240207 21:37:54.098683 376849 IPCTensor.h:369] NewIPCTensor: cached_sampler_r1_1 [1000000]0x100005409000 7.629 MB
W20240207 21:37:54.098698 376849 IPCTensor.h:369] NewIPCTensor: cached_sampler_r1_2 [1000000]0x100005bac000 7.629 MB
W20240207 21:37:54.098726 376849 IPCTensor.h:369] NewIPCTensor: cached_sampler_r1_3 [1000000]0x10000634f000 7.629 MB
W20240207 21:37:54.098739 376849 IPCTensor.h:369] NewIPCTensor: cached_sampler_r1_4 [1000000]0x100006af2000 7.629 MB
W20240207 21:37:54.098762 376849 IPCTensor.h:369] NewIPCTensor: cached_sampler_r1_5 [1000000]0x100007295000 7.629 MB
W20240207 21:37:54.098780 376849 IPCTensor.h:369] NewIPCTensor: cached_sampler_r1_6 [1000000]0x100007a38000 7.629 MB
W20240207 21:37:54.098794 376849 IPCTensor.h:369] NewIPCTensor: cached_sampler_r1_7 [1000000]0x1000081db000 7.629 MB
W20240207 21:37:54.098809 376849 IPCTensor.h:369] NewIPCTensor: cached_sampler_r1_8 [1000000]0x10000897e000 7.629 MB
W20240207 21:37:54.098824 376849 IPCTensor.h:369] NewIPCTensor: cached_sampler_r1_9 [1000000]0x100009121000 7.629 MB
W20240207 21:37:54.098841 376849 IPCTensor.h:369] NewIPCTensor: step_r1 [10]0x1000098c4000 80 B 
W20240207 21:37:54.098853 376849 IPCTensor.h:369] NewIPCTensor: circle_buffer_end_r1 [1]0x1000098c6000 8 B 
W20240207 21:37:54.098865 376849 IPCTensor.h:369] NewIPCTensor: circle_buffer_end_cppseen_r1 [1]0x1000098c8000 8 B 
W20240207 21:37:54.098897 376849 IPCTensor.h:369] NewIPCTensor: cached_sampler_r2_0 [1000000]0x1000098ca000 7.629 MB
W20240207 21:37:54.098913 376849 IPCTensor.h:369] NewIPCTensor: cached_sampler_r2_1 [1000000]0x10000a06d000 7.629 MB
W20240207 21:37:54.098928 376849 IPCTensor.h:369] NewIPCTensor: cached_sampler_r2_2 [1000000]0x10000a810000 7.629 MB
W20240207 21:37:54.098943 376849 IPCTensor.h:369] NewIPCTensor: cached_sampler_r2_3 [1000000]0x10000afb3000 7.629 MB
W20240207 21:37:54.098958 376849 IPCTensor.h:369] NewIPCTensor: cached_sampler_r2_4 [1000000]0x10000b756000 7.629 MB
W20240207 21:37:54.098976 376849 IPCTensor.h:369] NewIPCTensor: cached_sampler_r2_5 [1000000]0x10000bef9000 7.629 MB
W20240207 21:37:54.098994 376849 IPCTensor.h:369] NewIPCTensor: cached_sampler_r2_6 [1000000]0x10000c69c000 7.629 MB
W20240207 21:37:54.099010 376849 IPCTensor.h:369] NewIPCTensor: cached_sampler_r2_7 [1000000]0x10000ce3f000 7.629 MB
W20240207 21:37:54.099027 376849 IPCTensor.h:369] NewIPCTensor: cached_sampler_r2_8 [1000000]0x10000d5e2000 7.629 MB
W20240207 21:37:54.099041 376849 IPCTensor.h:369] NewIPCTensor: cached_sampler_r2_9 [1000000]0x10000dd85000 7.629 MB
W20240207 21:37:54.099057 376849 IPCTensor.h:369] NewIPCTensor: step_r2 [10]0x10000e528000 80 B 
W20240207 21:37:54.099071 376849 IPCTensor.h:369] NewIPCTensor: circle_buffer_end_r2 [1]0x10000e52a000 8 B 
W20240207 21:37:54.099081 376849 IPCTensor.h:369] NewIPCTensor: circle_buffer_end_cppseen_r2 [1]0x10000e52c000 8 B 
W20240207 21:37:54.099113 376849 IPCTensor.h:369] NewIPCTensor: cached_sampler_r3_0 [1000000]0x10000e52e000 7.629 MB
W20240207 21:37:54.099129 376849 IPCTensor.h:369] NewIPCTensor: cached_sampler_r3_1 [1000000]0x10000ecd1000 7.629 MB
W20240207 21:37:54.099143 376849 IPCTensor.h:369] NewIPCTensor: cached_sampler_r3_2 [1000000]0x10000f474000 7.629 MB
W20240207 21:37:54.099161 376849 IPCTensor.h:369] NewIPCTensor: cached_sampler_r3_3 [1000000]0x10000fc17000 7.629 MB
W20240207 21:37:54.099175 376849 IPCTensor.h:369] NewIPCTensor: cached_sampler_r3_4 [1000000]0x1000103ba000 7.629 MB
W20240207 21:37:54.099193 376849 IPCTensor.h:369] NewIPCTensor: cached_sampler_r3_5 [1000000]0x100010b5d000 7.629 MB
W20240207 21:37:54.099210 376849 IPCTensor.h:369] NewIPCTensor: cached_sampler_r3_6 [1000000]0x100011300000 7.629 MB
W20240207 21:37:54.099228 376849 IPCTensor.h:369] NewIPCTensor: cached_sampler_r3_7 [1000000]0x100011aa3000 7.629 MB
W20240207 21:37:54.099247 376849 IPCTensor.h:369] NewIPCTensor: cached_sampler_r3_8 [1000000]0x100012246000 7.629 MB
W20240207 21:37:54.099265 376849 IPCTensor.h:369] NewIPCTensor: cached_sampler_r3_9 [1000000]0x1000129e9000 7.629 MB
W20240207 21:37:54.099282 376849 IPCTensor.h:369] NewIPCTensor: step_r3 [10]0x10001318c000 80 B 
W20240207 21:37:54.099292 376849 IPCTensor.h:369] NewIPCTensor: circle_buffer_end_r3 [1]0x10001318e000 8 B 
W20240207 21:37:54.099304 376849 IPCTensor.h:369] NewIPCTensor: circle_buffer_end_cppseen_r3 [1]0x100013190000 8 B 
W20240207 21:37:54.219506 376849 IPCTensor.h:369] NewIPCTensor: full_emb [14951, 400]0x100013192000 22.81 MB
W20240207 21:37:54.246241 376849 IPCTensor.h:369] NewIPCTensor: full_emb_SparseRowWiseAdaGrad_sum [14951]0x100014864000 58.4 kB
{0: Graph(num_nodes=10523, num_edges=182012,
      ndata_schemes={'_ID': Scheme(shape=(), dtype=torch.int64), 'inner_node': Scheme(shape=(), dtype=torch.int32), 'part_id': Scheme(shape=(), dtype=torch.int64)}
      edata_schemes={'_ID': Scheme(shape=(), dtype=torch.int64), 'inner_edge': Scheme(shape=(), dtype=torch.int8)}), 1: Graph(num_nodes=10996, num_edges=244360,
      ndata_schemes={'_ID': Scheme(shape=(), dtype=torch.int64), 'inner_node': Scheme(shape=(), dtype=torch.int32), 'part_id': Scheme(shape=(), dtype=torch.int64)}
      edata_schemes={'_ID': Scheme(shape=(), dtype=torch.int64), 'inner_edge': Scheme(shape=(), dtype=torch.int8)}), 2: Graph(num_nodes=9404, num_edges=143355,
      ndata_schemes={'_ID': Scheme(shape=(), dtype=torch.int64), 'inner_node': Scheme(shape=(), dtype=torch.int32), 'part_id': Scheme(shape=(), dtype=torch.int64)}
      edata_schemes={'_ID': Scheme(shape=(), dtype=torch.int64), 'inner_edge': Scheme(shape=(), dtype=torch.int8)}), 3: Graph(num_nodes=10954, num_edges=175447,
      ndata_schemes={'_ID': Scheme(shape=(), dtype=torch.int64), 'inner_node': Scheme(shape=(), dtype=torch.int32), 'part_id': Scheme(shape=(), dtype=torch.int64)}
      edata_schemes={'_ID': Scheme(shape=(), dtype=torch.int64), 'inner_edge': Scheme(shape=(), dtype=torch.int8)})}
MertisPartition: part 0 has 10523 N 182012 E
MertisPartition: part 1 has 10996 N 244360 E
MertisPartition: part 2 has 9404 N 143355 E
MertisPartition: part 3 has 10954 N 175447 E
Rank0: cached key size 186
Rank1: cached key size 186
Rank2: cached key size 186
Rank3: cached key size 186
Before renumbering graph:  {'_ID': tensor([    5,    14,    17,  ..., 11245,  2040,  3009]), 'inner_node': tensor([1, 1, 1,  ..., 0, 0, 0], dtype=torch.int32), 'part_id': tensor([0, 0, 0,  ..., 2, 3, 3])}
After renumbering graph:  {'_ID': tensor([ 864,  979, 1072,  ..., 1503, 5720, 6439]), 'inner_node': tensor([1, 1, 1,  ..., 0, 0, 0], dtype=torch.int32), 'part_id': tensor([0, 0, 0,  ..., 2, 3, 3])}
part_g: DGLGraph(num_nodes=10523, num_edges=182012,
         ndata_schemes={'_ID': Scheme(shape=(), dtype=torch.int64)}
         edata_schemes={'tid': Scheme(shape=(), dtype=torch.int64)})
part_g: DGLGraph(num_nodes=10523, num_edges=182012,
         ndata_schemes={'_ID': Scheme(shape=(), dtype=torch.int64)}
         edata_schemes={'tid': Scheme(shape=(), dtype=torch.int64)})
Total initialize time 3.078 seconds
[Rank1] pid = 377059
[Rank2] pid = 377123
INFO [376849 distributed_c10d.py:442] Added key: store_based_barrier_key:1 to store for rank: 0
INFO [377187 distributed_c10d.py:442] Added key: store_based_barrier_key:1 to store for rank: 3
INFO [377187 distributed_c10d.py:476] Rank 3: Completed store-based barrier for key:store_based_barrier_key:1 with 4 nodes.
INFO [377123 distributed_c10d.py:442] Added key: store_based_barrier_key:1 to store for rank: 2
INFO [377059 distributed_c10d.py:442] Added key: store_based_barrier_key:1 to store for rank: 1
INFO [377059 distributed_c10d.py:476] Rank 1: Completed store-based barrier for key:store_based_barrier_key:1 with 4 nodes.
INFO [377123 distributed_c10d.py:476] Rank 2: Completed store-based barrier for key:store_based_barrier_key:1 with 4 nodes.
W20240207 21:37:57.804733 377251 IPCTensor.h:409] NewIPCGPUTensor: embedding_cache_3 [747, 400]; dev=3; size=1.14 MB
W20240207 21:37:57.805272 377251 IPCTensor.h:369] NewIPCTensor: input_keys_3 [1000000]0x100014876000 7.629 MB
W20240207 21:37:57.805413 377251 IPCTensor.h:369] NewIPCTensor: input_keys_neg_3 [1000000]0x100015019000 7.629 MB
W20240207 21:37:57.805457 377251 IPCTensor.h:369] NewIPCTensor: backward_grads_3 [1000000, 400]0x1000157bc000 1.49 GB
W20240207 21:37:57.805490 377251 IPCTensor.h:369] NewIPCTensor: backward_grads_neg_3 [1000000, 400]0x100074d9f000 1.49 GB
W20240207 21:37:57.805524 377251 IPCTensor.h:409] NewIPCGPUTensor: backward_grads_3_gpu [1000000, 400]; dev=3; size=1.49 GB
W20240207 21:37:57.806690 377060 IPCTensor.h:409] NewIPCGPUTensor: embedding_cache_1 [747, 400]; dev=1; size=1.14 MB
W20240207 21:37:57.806749 377124 IPCTensor.h:409] NewIPCGPUTensor: embedding_cache_2 [747, 400]; dev=2; size=1.14 MB
W20240207 21:37:57.807596 377251 IPCTensor.h:409] NewIPCGPUTensor: backward_grads_neg_3_gpu [1000000, 400]; dev=3; size=1.49 GB
W20240207 21:37:57.807873 377060 IPCTensor.h:369] NewIPCTensor: input_keys_1 [1000000]0x1000d4388000 7.629 MB
W20240207 21:37:57.807905 377124 IPCTensor.h:369] NewIPCTensor: input_keys_2 [1000000]0x1000d4b2b000 7.629 MB
W20240207 21:37:57.808128 377060 IPCTensor.h:369] NewIPCTensor: input_keys_neg_1 [1000000]0x1000d52ce000 7.629 MB
W20240207 21:37:57.808158 377124 IPCTensor.h:369] NewIPCTensor: input_keys_neg_2 [1000000]0x1000d5a71000 7.629 MB
W20240207 21:37:57.808260 377060 IPCTensor.h:369] NewIPCTensor: backward_grads_1 [1000000, 400]0x1000d6214000 1.49 GB
W20240207 21:37:57.808291 377124 IPCTensor.h:369] NewIPCTensor: backward_grads_2 [1000000, 400]0x1001357f7000 1.49 GB
W20240207 21:37:57.808341 377060 IPCTensor.h:369] NewIPCTensor: backward_grads_neg_1 [1000000, 400]0x100194dda000 1.49 GB
W20240207 21:37:57.808382 377124 IPCTensor.h:369] NewIPCTensor: backward_grads_neg_2 [1000000, 400]0x1001f43bd000 1.49 GB
W20240207 21:37:57.808444 377124 IPCTensor.h:409] NewIPCGPUTensor: backward_grads_2_gpu [1000000, 400]; dev=2; size=1.49 GB
W20240207 21:37:57.808447 377060 IPCTensor.h:409] NewIPCGPUTensor: backward_grads_1_gpu [1000000, 400]; dev=1; size=1.49 GB
INFO [376849 distributed_c10d.py:476] Rank 0: Completed store-based barrier for key:store_based_barrier_key:1 with 4 nodes.
W20240207 21:37:57.813803 377188 IPCTensor.h:409] NewIPCGPUTensor: embedding_cache_0 [747, 400]; dev=0; size=1.14 MB
W20240207 21:37:57.818967 377124 IPCTensor.h:409] NewIPCGPUTensor: backward_grads_neg_2_gpu [1000000, 400]; dev=2; size=1.49 GB
W20240207 21:37:57.819008 377060 IPCTensor.h:409] NewIPCGPUTensor: backward_grads_neg_1_gpu [1000000, 400]; dev=1; size=1.49 GB
W20240207 21:37:57.819053 377188 IPCTensor.h:369] NewIPCTensor: input_keys_0 [1000000]0x1002539a8000 7.629 MB
W20240207 21:37:57.819211 377188 IPCTensor.h:369] NewIPCTensor: input_keys_neg_0 [1000000]0x10025414b000 7.629 MB
W20240207 21:37:57.819308 377188 IPCTensor.h:369] NewIPCTensor: backward_grads_0 [1000000, 400]0x1002548ee000 1.49 GB
W20240207 21:37:57.819379 377188 IPCTensor.h:369] NewIPCTensor: backward_grads_neg_0 [1000000, 400]0x1002b3ed1000 1.49 GB
W20240207 21:37:57.819453 377188 IPCTensor.h:409] NewIPCGPUTensor: backward_grads_0_gpu [1000000, 400]; dev=0; size=1.49 GB
W20240207 21:37:57.834781 377188 IPCTensor.h:409] NewIPCGPUTensor: backward_grads_neg_0_gpu [1000000, 400]; dev=0; size=1.49 GB
cudaHostRegister 0x100013192000
3: KnownLocalCachedEmbedding init done
WARNING [377187 DistTensor.py:59] The tensor name already exists in the kvstore
cudaHostRegister 0x100013192000
1: KnownLocalCachedEmbedding init done
WARNING [377059 DistTensor.py:59] The tensor name already exists in the kvstore
[Rank3] pid = 377187
New CachedEmbedding, name=full_emb, shape=(14951, 400), cache_type=KnownLocalCachedEmbedding
fixed cache_range is [(0, 747), (747, 1494), (1494, 2241), (2241, 2988)]
cudaHostRegister 0x100013192000
0: KnownLocalCachedEmbedding init done
WARNING [376849 DistTensor.py:59] The tensor name already exists in the kvstore
cudaHostRegister 0x100013192000
2: KnownLocalCachedEmbedding init done
WARNING [377123 DistTensor.py:59] The tensor name already exists in the kvstore
I20240207 21:37:59.270799 377124 IPC_barrier.h:118] CreateBarrier: new barrier, name: kgcachecontroller, count: 4
I20240207 21:37:59.270881 377188 IPC_barrier.h:112] CreateBarrier: find existing barrier, name: kgcachecontroller, count: 4
I20240207 21:37:59.270920 377060 IPC_barrier.h:112] CreateBarrier: find existing barrier, name: kgcachecontroller, count: 4
I20240207 21:37:59.270948 377251 IPC_barrier.h:112] CreateBarrier: find existing barrier, name: kgcachecontroller, count: 4
W20240207 21:37:59.272245 377188 grad_base.h:55] KGCacheController, config={
        "num_gpus": 4,
        "L": 10,
        "backgrad_init": "both", 
        "kForwardItersPerStep": 2,
        "clr": 0.01,
        "nr_background_threads": 32,
        "backwardMode": "CppAsync",
        "cache_ratio": 0.05,
        "update_cache_use_omp":  0,
        "update_pq_use_omp":  0
        }
W20240207 21:37:59.272424 377188 grad_base.h:184] Init GradProcessingBase done
I20240207 21:37:59.274515 377188 grad_async_v1.h:203] Use main thread to update emb.
W20240207 21:37:59.274546 377188 kg_controller.h:75] after init GradAsyncProcessing
I20240207 21:37:59.274551 377188 kg_controller.h:84] Construct KGCacheController done
E20240207 21:38:00.647321 377060 recstore.cc:66] init folly done
E20240207 21:38:00.647399 377251 recstore.cc:66] init folly done
E20240207 21:38:00.647447 377124 recstore.cc:66] init folly done
E20240207 21:38:00.647539 377188 recstore.cc:66] init folly done
I20240207 21:38:00.648334 377188 grad_base.h:60] GraphEnv RegTensorsPerProcess
I20240207 21:38:01.380781 377060 IPC_barrier.h:118] CreateBarrier: new barrier, name: start_barrier, count: 4
I20240207 21:38:01.393118 377188 IPC_barrier.h:112] CreateBarrier: find existing barrier, name: start_barrier, count: 4
I20240207 21:38:01.409219 377124 IPC_barrier.h:112] CreateBarrier: find existing barrier, name: start_barrier, count: 4
I20240207 21:38:01.414916 377251 IPC_barrier.h:112] CreateBarrier: find existing barrier, name: start_barrier, count: 4
W20240207 21:38:03.681375 377188 grad_async_v1.h:429] Sleep in <BlockToStepN>, step_no=1, pq.top=1
+---------------------------+---------------------------+---------------------------+
| Name                      | P50                       | P99                       |
+---------------------------+---------------------------+---------------------------+
| GenInput                  | 634.885 us                | 4.877 ms                  |
| Forward                   | 2.182 ms                  | 766.901 ms                |
| Backward                  | 5.138 ms                  | 296.717 ms                |
| Optimize                  | 663.953 us                | 80.535 ms                 |
| BarrierTimeBeforeRank0    | 180.096 us                | 2.304 ms                  |
| AfterBackward             | 4.952 ms                  | 1.121 s                   |
| BlockToStepN              | 12.657 ms                 | 23.662 ms                 |
| OneStep                   | 27.707 ms                 | 2.291 s                   |
+---------------------------+---------------------------+---------------------------+
W20240207 21:38:04.681010 377188 grad_async_v1.h:429] Sleep in <BlockToStepN>, step_no=32, pq.top=32
+---------------------------+---------------------------+---------------------------+
| Name                      | P50                       | P99                       |
+---------------------------+---------------------------+---------------------------+
| ProcessBack:Shuffle       | 1.574 ms                  | 103.395 ms                |
| ProcessBack:UpdateCache   | 1.342 ms                  | 196.464 ms                |
| ProcessBack:UpsertPq      | 2.012 ms                  | 3.258 ms                  |
| ProcessOneStep            | 5.108 ms                  | 6.748 ms                  |
| BlockToStepN              | 23.652 ms                 | 38.529 ms                 |
+---------------------------+---------------------------+---------------------------+
W20240207 21:38:05.681010 377188 grad_async_v1.h:429] Sleep in <BlockToStepN>, step_no=52, pq.top=52
W20240207 21:38:06.691282 377188 grad_async_v1.h:429] Sleep in <BlockToStepN>, step_no=71, pq.top=71
W20240207 21:38:07.691006 377188 grad_async_v1.h:429] Sleep in <BlockToStepN>, step_no=89, pq.top=89
train_sampler.Prefill()
before start barrier
start train
[proc 3] 100 steps, total: 6.888, sample: 0.122, forward: 0.982, backward: 0.836, update: 0.100
train_sampler.Prefill()
before start barrier
start train
[proc 1] 100 steps, total: 6.922, sample: 0.112, forward: 0.962, backward: 0.789, update: 0.097
train_sampler.Prefill()
before start barrier
start train
[proc 2] 100 steps, total: 6.894, sample: 0.126, forward: 0.988, backward: 0.815, update: 0.098
train_sampler.Prefill()
-------Step 0-------
tensor([ 8926,  4670,  8144,  6251,  6773,  4498,   713,  4891, 10565, 10899]) tensor([ 1072,  6910,  8204,  3576,  7337,  8490, 14235,  8795,  7031,  6885])
-------Step 1-------
tensor([ 8926,  4670,  8144,  6251,  6773,  4498,   713,  4891, 10565, 10899]) tensor([  425, 12358, 14073,  1028, 10980,  9590,  1781, 12384,  6384,  6891])
-------Step 2-------
tensor([ 6135, 12935,  7402,  5352,  4608,  7669,  9325,  8754, 11121,   115]) tensor([10080,  2656,  2025,  9151,  4302,   731,  5833,  4938,  9085,  6322])
-------Step 3-------
tensor([ 6135, 12935,  7402,  5352,  4608,  7669,  9325,  8754, 11121,   115]) tensor([ 5776, 13374,  8612, 11867,  7601,  1479,  8591, 10288, 10230, 12449])
-------Step 4-------
tensor([ 8811,  1878,  3152,   153,  9739,  9967,  4261, 11537,  9146,  7274]) tensor([ 9776,  4507,  3123, 13575,  1780,  1919, 10560,  6103,  9886,  7302])
-------Step 5-------
tensor([ 8811,  1878,  3152,   153,  9739,  9967,  4261, 11537,  9146,  7274]) tensor([ 6558, 11190,  6088,  9800, 12380,  7336,  4506,  3567,  7193, 11894])
-------Step 6-------
tensor([11472,  9529,  6284,  7810,  1327,  8169,  8764,  2635, 14314,    52]) tensor([ 7373,  4762,  2637,  8941,  7197,   614,  4195, 11774, 11606,  3152])
-------Step 7-------
tensor([11472,  9529,  6284,  7810,  1327,  8169,  8764,  2635, 14314,    52]) tensor([ 7425,  6640,  7455,  8789,   544,   168, 13780,  8697,  4841, 13715])
-------Step 8-------
tensor([  146, 14916,  9852, 12277,  4423,  6284, 14573,  6191,  3400,  1405]) tensor([14506,  5187,  8781, 10024,  3741,  9672,  6213,   420, 10387, 14789])
-------Step 9-------
tensor([  146, 14916,  9852, 12277,  4423,  6284, 14573,  6191,  3400,  1405]) tensor([13308, 12519, 12939,   496, 13787,  8408,  6465,  2082,  6145,  7888])
before start barrier
start train
[proc 0] 100 steps, total: 6.910, sample: 0.135, forward: 0.989, backward: 0.795, update: 0.144
W20240207 21:38:08.701539 377188 grad_async_v1.h:429] Sleep in <BlockToStepN>, step_no=108, pq.top=108
+---------------------------+---------------------------+---------------------------+
| Name                      | P50                       | P99                       |
+---------------------------+---------------------------+---------------------------+
| GenInput                  | 855.838 us                | 5.690 ms                  |
| Forward                   | 2.253 ms                  | 5.075 ms                  |
| Backward                  | 5.208 ms                  | 9.299 ms                  |
| Optimize                  | 669.934 us                | 1.224 ms                  |
| BarrierTimeBeforeRank0    | 17.184 us                 | 2.304 ms                  |
| AfterBackward             | 5.171 ms                  | 6.770 ms                  |
| BlockToStepN              | 36.694 ms                 | 43.935 ms                 |
| OneStep                   | 52.239 ms                 | 60.548 ms                 |
+---------------------------+---------------------------+---------------------------+
W20240207 21:38:09.701006 377188 grad_async_v1.h:429] Sleep in <BlockToStepN>, step_no=126, pq.top=126
+---------------------------+---------------------------+---------------------------+
| Name                      | P50                       | P99                       |
+---------------------------+---------------------------+---------------------------+
| ProcessBack:Shuffle       | 1.560 ms                  | 1.874 ms                  |
| ProcessBack:UpdateCache   | 1.321 ms                  | 2.395 ms                  |
| ProcessBack:UpsertPq      | 2.020 ms                  | 3.091 ms                  |
| ProcessOneStep            | 5.149 ms                  | 7.235 ms                  |
| BlockToStepN              | 37.071 ms                 | 44.654 ms                 |
+---------------------------+---------------------------+---------------------------+
W20240207 21:38:10.701011 377188 grad_async_v1.h:429] Sleep in <BlockToStepN>, step_no=144, pq.top=144
W20240207 21:38:11.701012 377188 grad_async_v1.h:429] Sleep in <BlockToStepN>, step_no=162, pq.top=162
W20240207 21:38:12.706996 377188 grad_async_v1.h:429] Sleep in <BlockToStepN>, step_no=181, pq.top=181
W20240207 21:38:13.725493 377188 grad_async_v1.h:429] Sleep in <BlockToStepN>, step_no=200, pq.top=200
[proc 1] 200 steps, total: 5.457, sample: 0.128, forward: 0.228, backward: 0.514, update: 0.059
[proc 0] 200 steps, total: 5.457, sample: 0.157, forward: 0.217, backward: 0.518, update: 0.062
[proc 2] 200 steps, total: 5.457, sample: 0.122, forward: 0.220, backward: 0.507, update: 0.057
[proc 3] 200 steps, total: 5.457, sample: 0.124, forward: 0.221, backward: 0.511, update: 0.061
+---------------------------+---------------------------+---------------------------+
| Name                      | P50                       | P99                       |
+---------------------------+---------------------------+---------------------------+
| GenInput                  | 923.335 us                | 5.651 ms                  |
| Forward                   | 2.244 ms                  | 2.926 ms                  |
| Backward                  | 5.221 ms                  | 6.710 ms                  |
| Optimize                  | 671.136 us                | 1.124 ms                  |
| BarrierTimeBeforeRank0    | 16.933 us                 | 2.076 ms                  |
| AfterBackward             | 5.167 ms                  | 6.857 ms                  |
| BlockToStepN              | 37.938 ms                 | 44.679 ms                 |
| OneStep                   | 53.485 ms                 | 60.146 ms                 |
+---------------------------+---------------------------+---------------------------+
W20240207 21:38:14.725013 377188 grad_async_v1.h:429] Sleep in <BlockToStepN>, step_no=218, pq.top=218
+---------------------------+---------------------------+---------------------------+
| Name                      | P50                       | P99                       |
+---------------------------+---------------------------+---------------------------+
| ProcessBack:Shuffle       | 1.520 ms                  | 1.874 ms                  |
| ProcessBack:UpdateCache   | 1.314 ms                  | 2.764 ms                  |
| ProcessBack:UpsertPq      | 2.028 ms                  | 3.041 ms                  |
| ProcessOneStep            | 5.152 ms                  | 6.841 ms                  |
| BlockToStepN              | 38.007 ms                 | 44.906 ms                 |
+---------------------------+---------------------------+---------------------------+
W20240207 21:38:15.733688 377188 grad_async_v1.h:429] Sleep in <BlockToStepN>, step_no=237, pq.top=237
W20240207 21:38:16.733011 377188 grad_async_v1.h:429] Sleep in <BlockToStepN>, step_no=255, pq.top=255
W20240207 21:38:17.742354 377188 grad_async_v1.h:429] Sleep in <BlockToStepN>, step_no=274, pq.top=274
W20240207 21:38:18.742007 377188 grad_async_v1.h:429] Sleep in <BlockToStepN>, step_no=292, pq.top=292
[proc 2] 300 steps, total: 5.439, sample: 0.112, forward: 0.219, backward: 0.505, update: 0.057
[proc 0] 300 steps, total: 5.439, sample: 0.154, forward: 0.215, backward: 0.519, update: 0.061
[proc 3] 300 steps, total: 5.439, sample: 0.114, forward: 0.220, backward: 0.510, update: 0.061
[proc 1] 300 steps, total: 5.440, sample: 0.113, forward: 0.222, backward: 0.513, update: 0.058
+---------------------------+---------------------------+---------------------------+
| Name                      | P50                       | P99                       |
+---------------------------+---------------------------+---------------------------+
| GenInput                  | 957.111 us                | 5.651 ms                  |
| Forward                   | 2.237 ms                  | 2.905 ms                  |
| Backward                  | 5.225 ms                  | 6.710 ms                  |
| Optimize                  | 670.309 us                | 1.124 ms                  |
| BarrierTimeBeforeRank0    | 16.683 us                 | 1.682 ms                  |
| AfterBackward             | 5.187 ms                  | 6.857 ms                  |
| BlockToStepN              | 38.200 ms                 | 44.936 ms                 |
| OneStep                   | 53.722 ms                 | 60.548 ms                 |
+---------------------------+---------------------------+---------------------------+
W20240207 21:38:19.742012 377188 grad_async_v1.h:429] Sleep in <BlockToStepN>, step_no=310, pq.top=310
+---------------------------+---------------------------+---------------------------+
| Name                      | P50                       | P99                       |
+---------------------------+---------------------------+---------------------------+
| ProcessBack:Shuffle       | 1.510 ms                  | 1.906 ms                  |
| ProcessBack:UpdateCache   | 1.314 ms                  | 2.395 ms                  |
| ProcessBack:UpsertPq      | 2.030 ms                  | 3.398 ms                  |
| ProcessOneStep            | 5.166 ms                  | 6.841 ms                  |
| BlockToStepN              | 38.277 ms                 | 44.906 ms                 |
+---------------------------+---------------------------+---------------------------+
W20240207 21:38:20.742009 377188 grad_async_v1.h:429] Sleep in <BlockToStepN>, step_no=329, pq.top=329
W20240207 21:38:21.742007 377188 grad_async_v1.h:429] Sleep in <BlockToStepN>, step_no=347, pq.top=347
W20240207 21:38:22.742012 377188 grad_async_v1.h:429] Sleep in <BlockToStepN>, step_no=366, pq.top=366
W20240207 21:38:23.755465 377188 grad_async_v1.h:429] Sleep in <BlockToStepN>, step_no=385, pq.top=385
+---------------------------+---------------------------+---------------------------+
| Name                      | P50                       | P99                       |
+---------------------------+---------------------------+---------------------------+
| GenInput                  | 977.076 us                | 5.690 ms                  |
| Forward                   | 2.223 ms                  | 2.873 ms                  |
| Backward                  | 5.228 ms                  | 6.227 ms                  |
| Optimize                  | 668.466 us                | 1.124 ms                  |
| BarrierTimeBeforeRank0    | 16.167 us                 | 1.559 ms                  |
| AfterBackward             | 5.192 ms                  | 6.886 ms                  |
| BlockToStepN              | 38.367 ms                 | 44.936 ms                 |
| OneStep                   | 53.754 ms                 | 60.548 ms                 |
+---------------------------+---------------------------+---------------------------+
[proc 0] 400 steps, total: 5.395, sample: 0.154, forward: 0.213, backward: 0.518, update: 0.060
[proc 1] 400 steps, total: 5.395, sample: 0.112, forward: 0.222, backward: 0.512, update: 0.059
[proc 2] 400 steps, total: 5.395, sample: 0.113, forward: 0.220, backward: 0.506, update: 0.059
[proc 3] 400 steps, total: 5.395, sample: 0.113, forward: 0.220, backward: 0.510, update: 0.061
W20240207 21:38:24.755012 377188 grad_async_v1.h:429] Sleep in <BlockToStepN>, step_no=403, pq.top=403
+---------------------------+---------------------------+---------------------------+
| Name                      | P50                       | P99                       |
+---------------------------+---------------------------+---------------------------+
| ProcessBack:Shuffle       | 1.509 ms                  | 1.926 ms                  |
| ProcessBack:UpdateCache   | 1.312 ms                  | 2.003 ms                  |
| ProcessBack:UpsertPq      | 2.044 ms                  | 3.769 ms                  |
| ProcessOneStep            | 5.176 ms                  | 6.879 ms                  |
| BlockToStepN              | 38.342 ms                 | 45.991 ms                 |
+---------------------------+---------------------------+---------------------------+
W20240207 21:38:25.755010 377188 grad_async_v1.h:429] Sleep in <BlockToStepN>, step_no=422, pq.top=422
W20240207 21:38:26.755007 377188 grad_async_v1.h:429] Sleep in <BlockToStepN>, step_no=440, pq.top=440
W20240207 21:38:27.757862 377188 grad_async_v1.h:429] Sleep in <BlockToStepN>, step_no=459, pq.top=459
W20240207 21:38:28.757006 377188 grad_async_v1.h:429] Sleep in <BlockToStepN>, step_no=477, pq.top=477
+---------------------------+---------------------------+---------------------------+
| Name                      | P50                       | P99                       |
+---------------------------+---------------------------+---------------------------+
| GenInput                  | 997.667 us                | 5.690 ms                  |
| Forward                   | 2.214 ms                  | 2.758 ms                  |
| Backward                  | 5.227 ms                  | 6.458 ms                  |
| Optimize                  | 666.253 us                | 1.112 ms                  |
| BarrierTimeBeforeRank0    | 16.072 us                 | 2.304 ms                  |
| AfterBackward             | 5.201 ms                  | 7.129 ms                  |
| BlockToStepN              | 38.358 ms                 | 46.020 ms                 |
| OneStep                   | 53.739 ms                 | 60.931 ms                 |
+---------------------------+---------------------------+---------------------------+
W20240207 21:38:29.757010 377188 grad_async_v1.h:429] Sleep in <BlockToStepN>, step_no=496, pq.top=496
[proc 1] 500 steps, total: 5.402, sample: 0.112, forward: 0.221, backward: 0.512, update: 0.058
[proc 0] 500 steps, total: 5.402, sample: 0.159, forward: 0.210, backward: 0.517, update: 0.060
Successfully xmh. training takes 28.602951526641846 seconds
before call kg_cache_controller.StopThreads()
[proc 2] 500 steps, total: 5.402, sample: 0.124, forward: 0.217, backward: 0.508, update: 0.060
W20240207 21:38:29.996026 377188 grad_async_v1.h:243] call StopThreads. PID = 376849
[proc 3] 500 steps, total: 5.402, sample: 0.113, forward: 0.219, backward: 0.508, update: 0.060
W20240207 21:38:29.996047 377188 grad_base.h:212] before processOneStepNegThread_.join();
W20240207 21:38:29.999475 377188 grad_base.h:214] after processOneStepNegThread_.join();
W20240207 21:38:29.999511 377188 grad_async_v1.h:245] call GradProcessingBase::StopThreads.
[W tensorpipe_agent.cpp:725] RPC agent for worker0 encountered error when reading incoming request from worker2: eof (this error originated at tensorpipe/transport/shm/connection_impl.cc:259)
[W tensorpipe_agent.cpp:725] RPC agent for worker0 encountered error when reading incoming request from worker1: eof (this error originated at tensorpipe/transport/shm/connection_impl.cc:259)
[W tensorpipe_agent.cpp:725] RPC agent for worker0 encountered error when reading incoming request from worker3: eof (this error originated at tensorpipe/transport/shm/connection_impl.cc:259)
W20240207 21:38:30.014199 377188 grad_async_v1.h:264] StopThreads done.
+---------------------------+---------------------------+---------------------------+
| Name                      | P50                       | P99                       |
+---------------------------+---------------------------+---------------------------+
| ProcessBack:Shuffle       | 1.507 ms                  | 1.933 ms                  |
| ProcessBack:UpdateCache   | 1.312 ms                  | 1.834 ms                  |
| ProcessBack:UpsertPq      | 2.059 ms                  | 3.866 ms                  |
| ProcessOneStep            | 5.185 ms                  | 7.112 ms                  |
| BlockToStepN              | 38.303 ms                 | 45.991 ms                 |
+---------------------------+---------------------------+---------------------------+
On rank0, prepare to call self.controller.StopThreads(), self=<python.controller_process.KGCacheControllerWrapper object at 0x7fed82ea5050>
