WARNING: Logging before InitGoogleLogging() is written to STDERR
I20240201 11:22:06.869726 25680 IPC_barrier.h:128] MultiProcessBarrierFactory->ClearIPCMemory()
W20240201 11:22:06.879158 25680 IPCTensor.h:369] NewIPCTensor: full_emb [100000000, 32]0x100000002000 11.92 GB
/data/home/xieminhui/RecStore/src/framework_adapters/torch/python/perf_emb.py:148: DeprecationWarning: The 'warn' function is deprecated, use 'warning' instead
  XLOG.warn("After init DistEmbedding")
WARNING [25680 perf_emb.py:148] After init DistEmbedding
========== Running Perf with routine <function routine_local_cache_helper at 0x7f1fa813d9e0>==========
Worker 1 pid=25842
Worker 2 pid=25843
Worker 3 pid=25844
Worker 4 pid=25845
Worker 5 pid=25846
Worker 6 pid=25847
INFO [25680 distributed_c10d.py:442] Added key: store_based_barrier_key:1 to store for rank: 0
INFO [25842 distributed_c10d.py:442] Added key: store_based_barrier_key:1 to store for rank: 1
INFO [25843 distributed_c10d.py:442] Added key: store_based_barrier_key:1 to store for rank: 2
INFO [25844 distributed_c10d.py:442] Added key: store_based_barrier_key:1 to store for rank: 3
INFO [25845 distributed_c10d.py:442] Added key: store_based_barrier_key:1 to store for rank: 4
INFO [25846 distributed_c10d.py:442] Added key: store_based_barrier_key:1 to store for rank: 5
INFO [25847 distributed_c10d.py:442] Added key: store_based_barrier_key:1 to store for rank: 6
INFO [25848 distributed_c10d.py:442] Added key: store_based_barrier_key:1 to store for rank: 7
INFO [25846 distributed_c10d.py:476] Rank 5: Completed store-based barrier for key:store_based_barrier_key:1 with 8 nodes.
INFO [25845 distributed_c10d.py:476] Rank 4: Completed store-based barrier for key:store_based_barrier_key:1 with 8 nodes.
INFO [25848 distributed_c10d.py:476] Rank 7: Completed store-based barrier for key:store_based_barrier_key:1 with 8 nodes.
INFO [25844 distributed_c10d.py:476] Rank 3: Completed store-based barrier for key:store_based_barrier_key:1 with 8 nodes.
INFO [25847 distributed_c10d.py:476] Rank 6: Completed store-based barrier for key:store_based_barrier_key:1 with 8 nodes.
E20240201 11:22:56.115856 25846 IPCTensor.h:348] IPCTensor full_emb already exists
E20240201 11:22:56.115864 25847 IPCTensor.h:348] IPCTensor full_emb already exists
E20240201 11:22:56.115864 25844 IPCTensor.h:348] IPCTensor full_emb already exists
E20240201 11:22:56.116003 25848 IPCTensor.h:348] IPCTensor full_emb already exists
E20240201 11:22:56.116003 25845 IPCTensor.h:348] IPCTensor full_emb already exists
INFO [25842 distributed_c10d.py:476] Rank 1: Completed store-based barrier for key:store_based_barrier_key:1 with 8 nodes.
INFO [25843 distributed_c10d.py:476] Rank 2: Completed store-based barrier for key:store_based_barrier_key:1 with 8 nodes.
E20240201 11:22:56.119663 25842 IPCTensor.h:348] IPCTensor full_emb already exists
E20240201 11:22:56.119700 25843 IPCTensor.h:348] IPCTensor full_emb already exists
INFO [25680 distributed_c10d.py:476] Rank 0: Completed store-based barrier for key:store_based_barrier_key:1 with 8 nodes.
E20240201 11:22:56.121171 25680 IPCTensor.h:348] IPCTensor full_emb already exists
W20240201 11:23:51.105502 25847 IPCTensor.h:409] NewIPCGPUTensor: embedding_cache_6 [10000000, 32]; dev=6; size=1.192 GB
W20240201 11:23:51.106711 25845 IPCTensor.h:409] NewIPCGPUTensor: embedding_cache_4 [10000000, 32]; dev=4; size=1.192 GB
W20240201 11:23:51.106712 25846 IPCTensor.h:409] NewIPCGPUTensor: embedding_cache_5 [10000000, 32]; dev=5; size=1.192 GB
W20240201 11:23:51.108544 25680 IPCTensor.h:409] NewIPCGPUTensor: embedding_cache_0 [10000000, 32]; dev=0; size=1.192 GB
W20240201 11:23:51.108994 25843 IPCTensor.h:409] NewIPCGPUTensor: embedding_cache_2 [10000000, 32]; dev=2; size=1.192 GB
W20240201 11:23:51.113029 25844 IPCTensor.h:409] NewIPCGPUTensor: embedding_cache_3 [10000000, 32]; dev=3; size=1.192 GB
W20240201 11:23:51.113041 25848 IPCTensor.h:409] NewIPCGPUTensor: embedding_cache_7 [10000000, 32]; dev=7; size=1.192 GB
W20240201 11:23:51.113041 25842 IPCTensor.h:409] NewIPCGPUTensor: embedding_cache_1 [10000000, 32]; dev=1; size=1.192 GB
W20240201 11:23:51.897243 25847 IPCTensor.h:369] NewIPCTensor: input_keys_6 [1000000]0x1002faf0e000 7.629 MB
W20240201 11:23:51.897435 25847 IPCTensor.h:369] NewIPCTensor: input_keys_neg_6 [1000000]0x1002fb6b1000 7.629 MB
W20240201 11:23:51.897485 25847 IPCTensor.h:369] NewIPCTensor: backward_grads_6 [1000000, 32]0x1002fbe54000 122.1 MB
W20240201 11:23:51.897531 25847 IPCTensor.h:369] NewIPCTensor: backward_grads_neg_6 [1000000, 32]0x100303868000 122.1 MB
W20240201 11:23:51.897579 25847 IPCTensor.h:409] NewIPCGPUTensor: backward_grads_6_gpu [1000000, 32]; dev=6; size=122.1 MB
W20240201 11:23:51.912169 25847 IPCTensor.h:409] NewIPCGPUTensor: backward_grads_neg_6_gpu [1000000, 32]; dev=6; size=122.1 MB
W20240201 11:23:51.915022 25846 IPCTensor.h:369] NewIPCTensor: input_keys_5 [1000000]0x10030b282000 7.629 MB
W20240201 11:23:51.915216 25846 IPCTensor.h:369] NewIPCTensor: input_keys_neg_5 [1000000]0x10030ba25000 7.629 MB
W20240201 11:23:51.915277 25846 IPCTensor.h:369] NewIPCTensor: backward_grads_5 [1000000, 32]0x10030c1c8000 122.1 MB
W20240201 11:23:51.915333 25846 IPCTensor.h:369] NewIPCTensor: backward_grads_neg_5 [1000000, 32]0x100313bdc000 122.1 MB
W20240201 11:23:51.915377 25846 IPCTensor.h:409] NewIPCGPUTensor: backward_grads_5_gpu [1000000, 32]; dev=5; size=122.1 MB
W20240201 11:23:51.917802 25846 IPCTensor.h:409] NewIPCGPUTensor: backward_grads_neg_5_gpu [1000000, 32]; dev=5; size=122.1 MB
W20240201 11:23:51.925401 25845 IPCTensor.h:369] NewIPCTensor: input_keys_4 [1000000]0x10031b5f8000 7.629 MB
W20240201 11:23:51.925479 25842 IPCTensor.h:369] NewIPCTensor: input_keys_1 [1000000]0x10031bd9b000 7.629 MB
W20240201 11:23:51.925582 25845 IPCTensor.h:369] NewIPCTensor: input_keys_neg_4 [1000000]0x10031c53e000 7.629 MB
W20240201 11:23:51.925665 25845 IPCTensor.h:369] NewIPCTensor: backward_grads_4 [1000000, 32]0x10031cce1000 122.1 MB
W20240201 11:23:51.925704 25842 IPCTensor.h:369] NewIPCTensor: input_keys_neg_1 [1000000]0x1003246f5000 7.629 MB
W20240201 11:23:51.925725 25845 IPCTensor.h:369] NewIPCTensor: backward_grads_neg_4 [1000000, 32]0x100324e98000 122.1 MB
W20240201 11:23:51.925792 25845 IPCTensor.h:409] NewIPCGPUTensor: backward_grads_4_gpu [1000000, 32]; dev=4; size=122.1 MB
W20240201 11:23:51.925797 25842 IPCTensor.h:369] NewIPCTensor: backward_grads_1 [1000000, 32]0x10032c8ac000 122.1 MB
W20240201 11:23:51.925849 25842 IPCTensor.h:369] NewIPCTensor: backward_grads_neg_1 [1000000, 32]0x1003342c0000 122.1 MB
W20240201 11:23:51.925897 25842 IPCTensor.h:409] NewIPCGPUTensor: backward_grads_1_gpu [1000000, 32]; dev=1; size=122.1 MB
W20240201 11:23:51.928534 25845 IPCTensor.h:409] NewIPCGPUTensor: backward_grads_neg_4_gpu [1000000, 32]; dev=4; size=122.1 MB
W20240201 11:23:51.932768 25842 IPCTensor.h:409] NewIPCGPUTensor: backward_grads_neg_1_gpu [1000000, 32]; dev=1; size=122.1 MB
W20240201 11:23:51.939512 25844 IPCTensor.h:369] NewIPCTensor: input_keys_3 [1000000]0x10033bcde000 7.629 MB
W20240201 11:23:51.940027 25844 IPCTensor.h:369] NewIPCTensor: input_keys_neg_3 [1000000]0x10033c481000 7.629 MB
W20240201 11:23:51.940153 25844 IPCTensor.h:369] NewIPCTensor: backward_grads_3 [1000000, 32]0x10033cc24000 122.1 MB
W20240201 11:23:51.940207 25844 IPCTensor.h:369] NewIPCTensor: backward_grads_neg_3 [1000000, 32]0x100344638000 122.1 MB
W20240201 11:23:51.940378 25844 IPCTensor.h:409] NewIPCGPUTensor: backward_grads_3_gpu [1000000, 32]; dev=3; size=122.1 MB
W20240201 11:23:51.940924 25844 IPCTensor.h:409] NewIPCGPUTensor: backward_grads_neg_3_gpu [1000000, 32]; dev=3; size=122.1 MB
W20240201 11:23:51.951372 25848 IPCTensor.h:369] NewIPCTensor: input_keys_7 [1000000]0x10034c054000 7.629 MB
W20240201 11:23:51.951489 25848 IPCTensor.h:369] NewIPCTensor: input_keys_neg_7 [1000000]0x10034c7f7000 7.629 MB
W20240201 11:23:51.951535 25848 IPCTensor.h:369] NewIPCTensor: backward_grads_7 [1000000, 32]0x10034cf9a000 122.1 MB
W20240201 11:23:51.951584 25848 IPCTensor.h:369] NewIPCTensor: backward_grads_neg_7 [1000000, 32]0x1003549ae000 122.1 MB
W20240201 11:23:51.951625 25848 IPCTensor.h:409] NewIPCGPUTensor: backward_grads_7_gpu [1000000, 32]; dev=7; size=122.1 MB
W20240201 11:23:51.951813 25680 IPCTensor.h:369] NewIPCTensor: input_keys_0 [1000000]0x10035c3c2000 7.629 MB
W20240201 11:23:51.951997 25848 IPCTensor.h:409] NewIPCGPUTensor: backward_grads_neg_7_gpu [1000000, 32]; dev=7; size=122.1 MB
W20240201 11:23:51.952008 25680 IPCTensor.h:369] NewIPCTensor: input_keys_neg_0 [1000000]0x10035cb67000 7.629 MB
W20240201 11:23:51.952082 25680 IPCTensor.h:369] NewIPCTensor: backward_grads_0 [1000000, 32]0x10035d30a000 122.1 MB
W20240201 11:23:51.952132 25680 IPCTensor.h:369] NewIPCTensor: backward_grads_neg_0 [1000000, 32]0x100364d1e000 122.1 MB
W20240201 11:23:51.952167 25680 IPCTensor.h:409] NewIPCGPUTensor: backward_grads_0_gpu [1000000, 32]; dev=0; size=122.1 MB
W20240201 11:23:51.952586 25680 IPCTensor.h:409] NewIPCGPUTensor: backward_grads_neg_0_gpu [1000000, 32]; dev=0; size=122.1 MB
W20240201 11:23:51.966751 25843 IPCTensor.h:369] NewIPCTensor: input_keys_2 [1000000]0x10036c73a000 7.629 MB
W20240201 11:23:51.966979 25843 IPCTensor.h:369] NewIPCTensor: input_keys_neg_2 [1000000]0x10036cedd000 7.629 MB
W20240201 11:23:51.967099 25843 IPCTensor.h:369] NewIPCTensor: backward_grads_2 [1000000, 32]0x10036d680000 122.1 MB
W20240201 11:23:51.967206 25843 IPCTensor.h:369] NewIPCTensor: backward_grads_neg_2 [1000000, 32]0x100375094000 122.1 MB
W20240201 11:23:51.967312 25843 IPCTensor.h:409] NewIPCGPUTensor: backward_grads_2_gpu [1000000, 32]; dev=2; size=122.1 MB
W20240201 11:23:51.968148 25843 IPCTensor.h:409] NewIPCGPUTensor: backward_grads_neg_2_gpu [1000000, 32]; dev=2; size=122.1 MB
cudaHostRegister 0x100000002000
7: KnownLocalCachedEmbedding init done
cudaHostRegister 0x100000002000
2: KnownLocalCachedEmbedding init done
Worker 7 pid=25848
New CachedEmbedding, name=full_emb, shape=(100000000, 32), cache_type=KnownLocalCachedEmbedding
fixed cache_range is [(0, 10000000), (10000000, 20000000), (20000000, 30000000), (30000000, 40000000), (40000000, 50000000), (50000000, 60000000), (60000000, 70000000), (70000000, 80000000)]
cudaHostRegister 0x100000002000
0: KnownLocalCachedEmbedding init done
cudaHostRegister 0x100000002000
1: KnownLocalCachedEmbedding init done
cudaHostRegister 0x100000002000
4: KnownLocalCachedEmbedding init done
cudaHostRegister 0x100000002000
6: KnownLocalCachedEmbedding init done
cudaHostRegister 0x100000002000
5: KnownLocalCachedEmbedding init done
cudaHostRegister 0x100000002000
3: KnownLocalCachedEmbedding init done
W20240201 11:23:56.044974 25843 IPCTensor.h:369] NewIPCTensor: cached_sampler_r2_0 [1000000]0x10037caac000 7.629 MB
W20240201 11:23:56.045038 25846 IPCTensor.h:369] NewIPCTensor: cached_sampler_r5_0 [1000000]0x10037d9f2000 7.629 MB
W20240201 11:23:56.045032 25847 IPCTensor.h:369] NewIPCTensor: cached_sampler_r6_0 [1000000]0x10037d24f000 7.629 MB
W20240201 11:23:56.045065 25848 IPCTensor.h:369] NewIPCTensor: cached_sampler_r7_0 [1000000]0x10037e195000 7.629 MB
W20240201 11:23:56.045152 25680 IPCTensor.h:369] NewIPCTensor: cached_sampler_r0_0 [1000000]0x10037e938000 7.629 MB
W20240201 11:23:56.045233 25848 IPCTensor.h:369] NewIPCTensor: cached_sampler_r7_1 [1000000]0x10037f0db000 7.629 MB
W20240201 11:23:56.045238 25847 IPCTensor.h:369] NewIPCTensor: cached_sampler_r6_1 [1000000]0x10037f87e000 7.629 MB
W20240201 11:23:56.045251 25846 IPCTensor.h:369] NewIPCTensor: cached_sampler_r5_1 [1000000]0x100380021000 7.629 MB
W20240201 11:23:56.045331 25847 IPCTensor.h:369] NewIPCTensor: cached_sampler_r6_2 [1000000]0x1003807c4000 7.629 MB
W20240201 11:23:56.045336 25846 IPCTensor.h:369] NewIPCTensor: cached_sampler_r5_2 [1000000]0x100380f67000 7.629 MB
W20240201 11:23:56.045378 25848 IPCTensor.h:369] NewIPCTensor: cached_sampler_r7_2 [1000000]0x10038170a000 7.629 MB
W20240201 11:23:56.045614 25846 IPCTensor.h:369] NewIPCTensor: cached_sampler_r5_3 [1000000]0x100383596000 7.629 MB
W20240201 11:23:56.045601 25680 IPCTensor.h:369] NewIPCTensor: cached_sampler_r0_1 [1000000]0x100382650000 7.629 MB
W20240201 11:23:56.045621 25848 IPCTensor.h:369] NewIPCTensor: cached_sampler_r7_3 [1000000]0x100383d39000 7.629 MB
W20240201 11:23:56.045607 25847 IPCTensor.h:369] NewIPCTensor: cached_sampler_r6_3 [1000000]0x100382df3000 7.629 MB
W20240201 11:23:56.045692 25846 IPCTensor.h:369] NewIPCTensor: cached_sampler_r5_4 [1000000]0x1003844dc000 7.629 MB
W20240201 11:23:56.045734 25847 IPCTensor.h:369] NewIPCTensor: cached_sampler_r6_4 [1000000]0x100384c7f000 7.629 MB
W20240201 11:23:56.045747 25848 IPCTensor.h:369] NewIPCTensor: cached_sampler_r7_4 [1000000]0x100385422000 7.629 MB
W20240201 11:23:56.045800 25847 IPCTensor.h:369] NewIPCTensor: cached_sampler_r6_5 [1000000]0x100386368000 7.629 MB
W20240201 11:23:56.045598 25843 IPCTensor.h:369] NewIPCTensor: cached_sampler_r2_1 [1000000]0x100381ead000 7.629 MB
W20240201 11:23:56.045831 25848 IPCTensor.h:369] NewIPCTensor: cached_sampler_r7_5 [1000000]0x100386b0b000 7.629 MB
W20240201 11:23:56.045836 25846 IPCTensor.h:369] NewIPCTensor: cached_sampler_r5_5 [1000000]0x1003872ae000 7.629 MB
W20240201 11:23:56.045817 25844 IPCTensor.h:369] NewIPCTensor: cached_sampler_r3_0 [1000000]0x100385bc5000 7.629 MB
W20240201 11:23:56.045851 25680 IPCTensor.h:369] NewIPCTensor: cached_sampler_r0_2 [1000000]0x100387a51000 7.629 MB
W20240201 11:23:56.045871 25847 IPCTensor.h:369] NewIPCTensor: cached_sampler_r6_6 [1000000]0x1003881f4000 7.629 MB
W20240201 11:23:56.045903 25848 IPCTensor.h:369] NewIPCTensor: cached_sampler_r7_6 [1000000]0x100388997000 7.629 MB
W20240201 11:23:56.045908 25846 IPCTensor.h:369] NewIPCTensor: cached_sampler_r5_6 [1000000]0x10038913a000 7.629 MB
W20240201 11:23:56.045914 25680 IPCTensor.h:369] NewIPCTensor: cached_sampler_r0_3 [1000000]0x1003898dd000 7.629 MB
W20240201 11:23:56.045956 25847 IPCTensor.h:369] NewIPCTensor: cached_sampler_r6_7 [1000000]0x10038a080000 7.629 MB
W20240201 11:23:56.045961 25680 IPCTensor.h:369] NewIPCTensor: cached_sampler_r0_4 [1000000]0x10038a823000 7.629 MB
W20240201 11:23:56.045991 25846 IPCTensor.h:369] NewIPCTensor: cached_sampler_r5_7 [1000000]0x10038afc6000 7.629 MB
W20240201 11:23:56.046008 25847 IPCTensor.h:369] NewIPCTensor: cached_sampler_r6_8 [1000000]0x10038b769000 7.629 MB
W20240201 11:23:56.046010 25680 IPCTensor.h:369] NewIPCTensor: cached_sampler_r0_5 [1000000]0x10038bf0c000 7.629 MB
W20240201 11:23:56.046027 25843 IPCTensor.h:369] NewIPCTensor: cached_sampler_r2_2 [1000000]0x10038c6af000 7.629 MB
W20240201 11:23:56.046032 25848 IPCTensor.h:369] NewIPCTensor: cached_sampler_r7_7 [1000000]0x10038ce52000 7.629 MB
W20240201 11:23:56.046048 25846 IPCTensor.h:369] NewIPCTensor: cached_sampler_r5_8 [1000000]0x10038d5f5000 7.629 MB
W20240201 11:23:56.046068 25847 IPCTensor.h:369] NewIPCTensor: cached_sampler_r6_9 [1000000]0x10038dd98000 7.629 MB
W20240201 11:23:56.046070 25680 IPCTensor.h:369] NewIPCTensor: cached_sampler_r0_6 [1000000]0x10038e53b000 7.629 MB
W20240201 11:23:56.046092 25844 IPCTensor.h:369] NewIPCTensor: cached_sampler_r3_1 [1000000]0x10038ecde000 7.629 MB
W20240201 11:23:56.046119 25846 IPCTensor.h:369] NewIPCTensor: cached_sampler_r5_9 [1000000]0x10038fc24000 7.629 MB
W20240201 11:23:56.046121 25680 IPCTensor.h:369] NewIPCTensor: cached_sampler_r0_7 [1000000]0x1003903c7000 7.629 MB
W20240201 11:23:56.046139 25848 IPCTensor.h:369] NewIPCTensor: cached_sampler_r7_8 [1000000]0x100390b6a000 7.629 MB
W20240201 11:23:56.046115 25845 IPCTensor.h:369] NewIPCTensor: cached_sampler_r4_0 [1000000]0x10038f481000 7.629 MB
W20240201 11:23:56.046156 25847 IPCTensor.h:369] NewIPCTensor: step_r6 [10]0x10039130d000 80 B 
W20240201 11:23:56.046173 25846 IPCTensor.h:369] NewIPCTensor: step_r5 [10]0x10039130f000 80 B 
W20240201 11:23:56.046176 25680 IPCTensor.h:369] NewIPCTensor: cached_sampler_r0_8 [1000000]0x100391311000 7.629 MB
W20240201 11:23:56.046196 25843 IPCTensor.h:369] NewIPCTensor: cached_sampler_r2_3 [1000000]0x100391ab4000 7.629 MB
W20240201 11:23:56.046203 25847 IPCTensor.h:369] NewIPCTensor: circle_buffer_end_r6 [1]0x100392257000 8 B 
W20240201 11:23:56.046208 25844 IPCTensor.h:369] NewIPCTensor: cached_sampler_r3_2 [1000000]0x100392259000 7.629 MB
W20240201 11:23:56.046222 25846 IPCTensor.h:369] NewIPCTensor: circle_buffer_end_r5 [1]0x10039319f000 8 B 
W20240201 11:23:56.046224 25680 IPCTensor.h:369] NewIPCTensor: cached_sampler_r0_9 [1000000]0x1003931a1000 7.629 MB
W20240201 11:23:56.046222 25842 IPCTensor.h:369] NewIPCTensor: cached_sampler_r1_0 [1000000]0x1003929fc000 7.629 MB
W20240201 11:23:56.046252 25848 IPCTensor.h:369] NewIPCTensor: cached_sampler_r7_9 [1000000]0x100393944000 7.629 MB
W20240201 11:23:56.046269 25847 IPCTensor.h:369] NewIPCTensor: circle_buffer_end_cppseen_r6 [1]0x1003940e7000 8 B 
W20240201 11:23:56.046283 25680 IPCTensor.h:369] NewIPCTensor: step_r0 [10]0x1003940e9000 80 B 
W20240201 11:23:56.046284 25846 IPCTensor.h:369] NewIPCTensor: circle_buffer_end_cppseen_r5 [1]0x1003940eb000 8 B 
W20240201 11:23:56.046298 25844 IPCTensor.h:369] NewIPCTensor: cached_sampler_r3_3 [1000000]0x1003940ed000 7.629 MB
W20240201 11:23:56.046314 25848 IPCTensor.h:369] NewIPCTensor: step_r7 [10]0x100394890000 80 B 
W20240201 11:23:56.046321 25680 IPCTensor.h:369] NewIPCTensor: circle_buffer_end_r0 [1]0x100394892000 8 B 
W20240201 11:23:56.046334 25843 IPCTensor.h:369] NewIPCTensor: cached_sampler_r2_4 [1000000]0x100394894000 7.629 MB
W20240201 11:23:56.046358 25848 IPCTensor.h:369] NewIPCTensor: circle_buffer_end_r7 [1]0x100395037000 8 B 
W20240201 11:23:56.046360 25680 IPCTensor.h:369] NewIPCTensor: circle_buffer_end_cppseen_r0 [1]0x100395039000 8 B 
W20240201 11:23:56.046367 25844 IPCTensor.h:369] NewIPCTensor: cached_sampler_r3_4 [1000000]0x10039503b000 7.629 MB
W20240201 11:23:56.046373 25842 IPCTensor.h:369] NewIPCTensor: cached_sampler_r1_1 [1000000]0x1003957de000 7.629 MB
W20240201 11:23:56.046384 25845 IPCTensor.h:369] NewIPCTensor: cached_sampler_r4_1 [1000000]0x100395f81000 7.629 MB
W20240201 11:23:56.046417 25848 IPCTensor.h:369] NewIPCTensor: circle_buffer_end_cppseen_r7 [1]0x100396724000 8 B 
W20240201 11:23:56.046442 25843 IPCTensor.h:369] NewIPCTensor: cached_sampler_r2_5 [1000000]0x100396726000 7.629 MB
W20240201 11:23:56.046448 25845 IPCTensor.h:369] NewIPCTensor: cached_sampler_r4_2 [1000000]0x100396ec9000 7.629 MB
W20240201 11:23:56.046465 25844 IPCTensor.h:369] NewIPCTensor: cached_sampler_r3_5 [1000000]0x10039766c000 7.629 MB
W20240201 11:23:56.046470 25842 IPCTensor.h:369] NewIPCTensor: cached_sampler_r1_2 [1000000]0x100397e0f000 7.629 MB
W20240201 11:23:56.046510 25845 IPCTensor.h:369] NewIPCTensor: cached_sampler_r4_3 [1000000]0x1003985b2000 7.629 MB
W20240201 11:23:56.046522 25843 IPCTensor.h:369] NewIPCTensor: cached_sampler_r2_6 [1000000]0x100398d55000 7.629 MB
W20240201 11:23:56.046550 25842 IPCTensor.h:369] NewIPCTensor: cached_sampler_r1_3 [1000000]0x1003994f8000 7.629 MB
W20240201 11:23:56.046554 25844 IPCTensor.h:369] NewIPCTensor: cached_sampler_r3_6 [1000000]0x100399c9b000 7.629 MB
W20240201 11:23:56.046581 25845 IPCTensor.h:369] NewIPCTensor: cached_sampler_r4_4 [1000000]0x10039a43e000 7.629 MB
W20240201 11:23:56.046620 25843 IPCTensor.h:369] NewIPCTensor: cached_sampler_r2_7 [1000000]0x10039abe1000 7.629 MB
W20240201 11:23:56.046641 25842 IPCTensor.h:369] NewIPCTensor: cached_sampler_r1_4 [1000000]0x10039b384000 7.629 MB
W20240201 11:23:56.046649 25845 IPCTensor.h:369] NewIPCTensor: cached_sampler_r4_5 [1000000]0x10039bb27000 7.629 MB
W20240201 11:23:56.046687 25843 IPCTensor.h:369] NewIPCTensor: cached_sampler_r2_8 [1000000]0x10039c2ca000 7.629 MB
W20240201 11:23:56.046713 25845 IPCTensor.h:369] NewIPCTensor: cached_sampler_r4_6 [1000000]0x10039ca6d000 7.629 MB
W20240201 11:23:56.046736 25842 IPCTensor.h:369] NewIPCTensor: cached_sampler_r1_5 [1000000]0x10039d210000 7.629 MB
W20240201 11:23:56.046741 25844 IPCTensor.h:369] NewIPCTensor: cached_sampler_r3_7 [1000000]0x10039d9b3000 7.629 MB
W20240201 11:23:56.046789 25843 IPCTensor.h:369] NewIPCTensor: cached_sampler_r2_9 [1000000]0x10039e156000 7.629 MB
W20240201 11:23:56.046806 25845 IPCTensor.h:369] NewIPCTensor: cached_sampler_r4_7 [1000000]0x10039e8f9000 7.629 MB
W20240201 11:23:56.046819 25844 IPCTensor.h:369] NewIPCTensor: cached_sampler_r3_8 [1000000]0x10039f09c000 7.629 MB
Construct PerfSampler done
Construct PerfSampler done
Construct PerfSampler done
W20240201 11:23:56.046875 25844 IPCTensor.h:369] NewIPCTensor: cached_sampler_r3_9 [1000000]0x10039ffe2000 7.629 MB
W20240201 11:23:56.046871 25842 IPCTensor.h:369] NewIPCTensor: cached_sampler_r1_6 [1000000]0x10039f83f000 7.629 MB
W20240201 11:23:56.046881 25845 IPCTensor.h:369] NewIPCTensor: cached_sampler_r4_8 [1000000]0x1003a0785000 7.629 MB
Construct PerfSampler done
W20240201 11:23:56.046923 25843 IPCTensor.h:369] NewIPCTensor: step_r2 [10]0x1003a0f28000 80 B 
W20240201 11:23:56.046960 25845 IPCTensor.h:369] NewIPCTensor: cached_sampler_r4_9 [1000000]0x1003a0f2a000 7.629 MB
W20240201 11:23:56.046977 25844 IPCTensor.h:369] NewIPCTensor: step_r3 [10]0x1003a16cd000 80 B 
W20240201 11:23:56.046994 25843 IPCTensor.h:369] NewIPCTensor: circle_buffer_end_r2 [1]0x1003a16cf000 8 B 
W20240201 11:23:56.047024 25845 IPCTensor.h:369] NewIPCTensor: step_r4 [10]0x1003a16d1000 80 B 
W20240201 11:23:56.047029 25842 IPCTensor.h:369] NewIPCTensor: cached_sampler_r1_7 [1000000]0x1003a16d3000 7.629 MB
W20240201 11:23:56.047036 25844 IPCTensor.h:369] NewIPCTensor: circle_buffer_end_r3 [1]0x1003a1e76000 8 B 
W20240201 11:23:56.047058 25843 IPCTensor.h:369] NewIPCTensor: circle_buffer_end_cppseen_r2 [1]0x1003a1e78000 8 B 
W20240201 11:23:56.047066 25845 IPCTensor.h:369] NewIPCTensor: circle_buffer_end_r4 [1]0x1003a1e7a000 8 B 
W20240201 11:23:56.047091 25844 IPCTensor.h:369] NewIPCTensor: circle_buffer_end_cppseen_r3 [1]0x1003a1e7c000 8 B 
I20240201 11:23:56.047099 25846 IPC_barrier.h:118] CreateBarrier: new barrier, name: kgcachecontroller, count: 8
W20240201 11:23:56.047106 25845 IPCTensor.h:369] NewIPCTensor: circle_buffer_end_cppseen_r4 [1]0x1003a1e7e000 8 B 
I20240201 11:23:56.047116 25847 IPC_barrier.h:112] CreateBarrier: find existing barrier, name: kgcachecontroller, count: 8
W20240201 11:23:56.047112 25842 IPCTensor.h:369] NewIPCTensor: cached_sampler_r1_8 [1000000]0x1003a1e80000 7.629 MB
I20240201 11:23:56.047132 25680 IPC_barrier.h:112] CreateBarrier: find existing barrier, name: kgcachecontroller, count: 8
I20240201 11:23:56.047153 25848 IPC_barrier.h:112] CreateBarrier: find existing barrier, name: kgcachecontroller, count: 8
W20240201 11:23:56.047201 25842 IPCTensor.h:369] NewIPCTensor: cached_sampler_r1_9 [1000000]0x1003a2623000 7.629 MB
W20240201 11:23:56.047312 25842 IPCTensor.h:369] NewIPCTensor: step_r1 [10]0x1003a2dc6000 80 B 
W20240201 11:23:56.047385 25842 IPCTensor.h:369] NewIPCTensor: circle_buffer_end_r1 [1]0x1003a2dc8000 8 B 
W20240201 11:23:56.047446 25842 IPCTensor.h:369] NewIPCTensor: circle_buffer_end_cppseen_r1 [1]0x1003a2dca000 8 B 
Construct PerfSampler done
Construct PerfSampler done
I20240201 11:23:56.047744 25845 IPC_barrier.h:112] CreateBarrier: find existing barrier, name: kgcachecontroller, count: 8
I20240201 11:23:56.047763 25844 IPC_barrier.h:112] CreateBarrier: find existing barrier, name: kgcachecontroller, count: 8
Construct PerfSampler done
Construct PerfSampler done
I20240201 11:23:56.048017 25842 IPC_barrier.h:112] CreateBarrier: find existing barrier, name: kgcachecontroller, count: 8
I20240201 11:23:56.048041 25843 IPC_barrier.h:112] CreateBarrier: find existing barrier, name: kgcachecontroller, count: 8
W20240201 11:23:56.049127 25680 grad_base.h:55] KGCacheController, config={
        "num_gpus": 8,
        "L": 10,
        "kForwardItersPerStep": 1,
        "clr": 1,
        "backwardMode": "CppAsyncV2",
        "nr_background_threads": 16, 
        "cache_ratio": 0.1,
        "backgrad_init": "both"
    }
W20240201 11:23:56.049280 25680 grad_base.h:184] Init GradProcessingBase done
I20240201 11:24:08.206605 25680 grad_async_v2.h:42] Use main thread to update emb.
W20240201 11:24:08.207022 25680 kg_controller.h:78] after init GradAsyncProcessingV2
I20240201 11:24:08.207036 25680 kg_controller.h:84] Construct KGCacheController done
E20240201 11:24:09.009615 25680 recstore.cc:66] init folly done
E20240201 11:24:09.009650 25845 recstore.cc:66] init folly done
E20240201 11:24:09.009660 25846 recstore.cc:66] init folly done
Construct KGCacheControllerWrapper done
Construct KGCacheControllerWrapper done
Construct KGCacheControllerWrapper done
E20240201 11:24:09.009783 25844 recstore.cc:66] init folly done
Construct KGCacheControllerWrapper done
E20240201 11:24:09.010192 25847 recstore.cc:66] init folly done
Construct KGCacheControllerWrapper done
E20240201 11:24:09.010470 25848 recstore.cc:66] init folly done
Construct KGCacheControllerWrapper done
E20240201 11:24:09.012115 25843 recstore.cc:66] init folly done
E20240201 11:24:09.012146 25842 recstore.cc:66] init folly done
Construct KGCacheControllerWrapper done
Construct KGCacheControllerWrapper done
I20240201 11:24:09.013430 25680 grad_base.h:60] GraphEnv RegTensorsPerProcess
W20240201 11:24:11.162869 26609 grad_async_v2.h:137] Detect new sample comes, old_end0, new_end1
E20240201 11:24:11.163162 26609 parallel_pq_v2.h:79] insert failed, size(hashtable)=0
E20240201 11:24:12.163022 26609 parallel_pq_v2.h:79] insert failed, size(hashtable)=10
W20240201 11:24:12.173236 26609 grad_async_v2.h:137] Detect new sample comes, old_end6, new_end7
Before Training
I20240201 11:24:12.500811 25844 IPC_barrier.h:118] CreateBarrier: new barrier, name: start_barrier, count: 8
Before Training
I20240201 11:24:12.577322 25848 IPC_barrier.h:112] CreateBarrier: find existing barrier, name: start_barrier, count: 8
Before Training
I20240201 11:24:12.630187 25843 IPC_barrier.h:112] CreateBarrier: find existing barrier, name: start_barrier, count: 8
Before Training
I20240201 11:24:12.665660 25846 IPC_barrier.h:112] CreateBarrier: find existing barrier, name: start_barrier, count: 8
Before Training
I20240201 11:24:12.683864 25847 IPC_barrier.h:112] CreateBarrier: find existing barrier, name: start_barrier, count: 8
Before Training
I20240201 11:24:12.700722 25680 IPC_barrier.h:112] CreateBarrier: find existing barrier, name: start_barrier, count: 8
Before Training
I20240201 11:24:12.718353 25842 IPC_barrier.h:112] CreateBarrier: find existing barrier, name: start_barrier, count: 8
Before Training
I20240201 11:24:12.735723 25845 IPC_barrier.h:112] CreateBarrier: find existing barrier, name: start_barrier, count: 8
========== Step 0 ========== 
========== Step 0 ========== 
========== Step 0 ========== 
========== Step 0 ========== 
========== Step 0 ========== 
========== Step 0 ========== 
========== Step 0 ========== 
========== Step 0 ========== 
+---------------------------+---------------------------+---------------------------+
| Name                      | P50                       | P99                       |
+---------------------------+---------------------------+---------------------------+
| clean                     | 122.428 us                | 311.924 us                |
| ProcessBack:Shuffle       | 345.693 ms                | 345.693 ms                |
+---------------------------+---------------------------+---------------------------+
E20240201 11:24:14.361326 26707 parallel_pq_v2.h:79] insert failed, size(hashtable)=0
W20240201 11:24:14.397723 25680 grad_async_v2.h:270] Sleep in <BlockToStepN>, step_no=1, pq.top=0
========== Step 1 ========== 
W20240201 11:24:14.458202 26609 grad_async_v2.h:137] Detect new sample comes, old_end1, new_end2
========== Step 1 ========== 
========== Step 1 ========== 
========== Step 1 ========== 
========== Step 1 ========== 
========== Step 1 ========== 
========== Step 1 ========== 
========== Step 1 ========== 
W20240201 11:24:14.747804 25680 grad_async_v2.h:257] pq is empty
========== Step 2 ========== 
========== Step 2 ========== 
========== Step 2 ========== 
========== Step 2 ========== 
========== Step 2 ========== 
========== Step 2 ========== 
========== Step 2 ========== 
========== Step 2 ========== 
W20240201 11:24:14.998243 25680 grad_async_v2.h:257] pq is empty
========== Step 3 ========== 
========== Step 3 ========== 
========== Step 3 ========== 
========== Step 3 ========== 
========== Step 3 ========== 
========== Step 3 ========== 
========== Step 3 ========== 
========== Step 3 ========== 
W20240201 11:24:15.181964 25680 grad_async_v2.h:257] pq is empty
========== Step 4 ========== 
========== Step 4 ========== 
========== Step 4 ========== 
========== Step 4 ========== 
========== Step 4 ========== 
========== Step 4 ========== 
========== Step 4 ========== 
========== Step 4 ========== 
E20240201 11:24:15.368147 26612 parallel_pq_v2.h:79] insert failed, size(hashtable)=11585
W20240201 11:24:15.459836 25680 grad_async_v2.h:257] pq is empty
========== Step 5 ========== 
========== Step 5 ========== 
========== Step 5 ========== 
========== Step 5 ========== 
========== Step 5 ========== 
========== Step 5 ========== 
========== Step 5 ========== 
W20240201 11:24:15.460405 26609 grad_async_v2.h:137] Detect new sample comes, old_end5, new_end6
========== Step 5 ========== 
W20240201 11:24:15.724678 25680 grad_async_v2.h:257] pq is empty
========== Step 6 ========== 
========== Step 6 ========== 
========== Step 6 ========== 
========== Step 6 ========== 
========== Step 6 ========== 
========== Step 6 ========== 
========== Step 6 ========== 
========== Step 6 ========== 
W20240201 11:24:16.010641 25680 grad_async_v2.h:257] pq is empty
========== Step 7 ========== 
========== Step 7 ========== 
========== Step 7 ========== 
========== Step 7 ========== 
========== Step 7 ========== 
========== Step 7 ========== 
========== Step 7 ========== 
========== Step 7 ========== 
+---------------------------+---------------------------+---------------------------+
| Name                      | P50                       | P99                       |
+---------------------------+---------------------------+---------------------------+
| GenInput:CircleBuffer     | 119.165 us                | 408.651 us                |
| GenInput                  | 1.276 ms                  | 11.124 ms                 |
| Forward                   | 353.402 us                | 57.543 ms                 |
| Backward                  | 798.523 us                | 27.595 ms                 |
| Optimize                  | 170.217 us                | 740.299 us                |
| BarrierTimeBeforeRank0    | 762.158 us                | 18.819 ms                 |
| AfterBackward             | 271.814 ms                | 1.549 s                   |
| BlockToStepN              | 118.019 us                | 59.090 ms                 |
| OneStep                   | 277.864 ms                | 1.721 s                   |
+---------------------------+---------------------------+---------------------------+
W20240201 11:24:16.263751 25680 grad_async_v2.h:257] pq is empty
========== Step 8 ========== 
========== Step 8 ========== 
========== Step 8 ========== 
========== Step 8 ========== 
========== Step 8 ========== 
========== Step 8 ========== 
========== Step 8 ========== 
========== Step 8 ========== 
E20240201 11:24:16.367249 26609 parallel_pq_v2.h:79] insert failed, size(hashtable)=1
W20240201 11:24:16.519589 25680 grad_async_v2.h:257] pq is empty
========== Step 9 ========== 
========== Step 9 ========== 
========== Step 9 ========== 
========== Step 9 ========== 
========== Step 9 ========== 
========== Step 9 ========== 
========== Step 9 ========== 
W20240201 11:24:16.520169 26609 grad_async_v2.h:137] Detect new sample comes, old_end9, new_end0
========== Step 9 ========== 
W20240201 11:24:16.770144 25680 grad_async_v2.h:257] pq is empty
========== Step 10 ========== 
========== Step 10 ========== 
========== Step 10 ========== 
========== Step 10 ========== 
========== Step 10 ========== 
========== Step 10 ========== 
========== Step 10 ========== 
========== Step 10 ========== 
W20240201 11:24:17.066615 25680 grad_async_v2.h:257] pq is empty
========== Step 11 ========== 
========== Step 11 ========== 
========== Step 11 ========== 
========== Step 11 ========== 
========== Step 11 ========== 
========== Step 11 ========== 
========== Step 11 ========== 
========== Step 11 ========== 
W20240201 11:24:17.266397 25680 grad_async_v2.h:257] pq is empty
========== Step 12 ========== 
========== Step 12 ========== 
========== Step 12 ========== 
========== Step 12 ========== 
========== Step 12 ========== 
========== Step 12 ========== 
========== Step 12 ========== 
========== Step 12 ========== 
E20240201 11:24:17.367017 26609 parallel_pq_v2.h:79] insert failed, size(hashtable)=6277
W20240201 11:24:17.520041 25680 grad_async_v2.h:257] pq is empty
========== Step 13 ========== 
========== Step 13 ========== 
========== Step 13 ========== 
========== Step 13 ========== 
========== Step 13 ========== 
W20240201 11:24:17.521346 26609 grad_async_v2.h:137] Detect new sample comes, old_end3, new_end4
========== Step 13 ========== 
========== Step 13 ========== 
========== Step 13 ========== 
W20240201 11:24:17.833528 25680 grad_async_v2.h:257] pq is empty
========== Step 14 ========== 
========== Step 14 ========== 
========== Step 14 ========== 
========== Step 14 ========== 
========== Step 14 ========== 
========== Step 14 ========== 
========== Step 14 ========== 
========== Step 14 ========== 
W20240201 11:24:18.107692 25680 grad_async_v2.h:257] pq is empty
========== Step 15 ========== 
========== Step 15 ========== 
========== Step 15 ========== 
========== Step 15 ========== 
========== Step 15 ========== 
========== Step 15 ========== 
========== Step 15 ========== 
========== Step 15 ========== 
W20240201 11:24:18.400868 25680 grad_async_v2.h:257] pq is empty
========== Step 16 ========== 
========== Step 16 ========== 
========== Step 16 ========== 
========== Step 16 ========== 
========== Step 16 ========== 
========== Step 16 ========== 
========== Step 16 ========== 
========== Step 16 ========== 
E20240201 11:24:18.401358 26609 parallel_pq_v2.h:79] insert failed, size(hashtable)=1
W20240201 11:24:18.525312 26609 grad_async_v2.h:137] Detect new sample comes, old_end6, new_end7
W20240201 11:24:18.678680 25680 grad_async_v2.h:257] pq is empty
========== Step 17 ========== 
========== Step 17 ========== 
========== Step 17 ========== 
========== Step 17 ========== 
========== Step 17 ========== 
========== Step 17 ========== 
========== Step 17 ========== 
========== Step 17 ========== 
W20240201 11:24:18.946029 25680 grad_async_v2.h:257] pq is empty
========== Step 18 ========== 
========== Step 18 ========== 
========== Step 18 ========== 
========== Step 18 ========== 
========== Step 18 ========== 
========== Step 18 ========== 
========== Step 18 ========== 
========== Step 18 ========== 
+---------------------------+---------------------------+---------------------------+
| Name                      | P50                       | P99                       |
+---------------------------+---------------------------+---------------------------+
| clean                     | 177.382 us                | 37.787 ms                 |
| ProcessBack:Shuffle       | 248.475 ms                | 345.693 ms                |
| ProcessBack:UpdateCache   | 8.252 ms                  | 1.155 s                   |
| ProcessBack:UpsertPq      | 57.808 us                 | 36.622 ms                 |
| ProcessOneStep            | 261.251 ms                | 1.549 s                   |
| BlockToStepN              | 74.044 us                 | 58.782 ms                 |
+---------------------------+---------------------------+---------------------------+
W20240201 11:24:19.190474 25680 grad_async_v2.h:257] pq is empty
========== Step 19 ========== 
========== Step 19 ========== 
========== Step 19 ========== 
========== Step 19 ========== 
========== Step 19 ========== 
========== Step 19 ========== 
========== Step 19 ========== 
========== Step 19 ========== 
W20240201 11:24:19.447129 25680 grad_async_v2.h:257] pq is empty
========== Step 20 ========== 
========== Step 20 ========== 
========== Step 20 ========== 
========== Step 20 ========== 
========== Step 20 ========== 
========== Step 20 ========== 
========== Step 20 ========== 
E20240201 11:24:19.448005 26609 parallel_pq_v2.h:79] insert failed, size(hashtable)=1
========== Step 20 ========== 
W20240201 11:24:19.530478 26609 grad_async_v2.h:137] Detect new sample comes, old_end0, new_end1
W20240201 11:24:19.714926 25680 grad_async_v2.h:257] pq is empty
========== Step 21 ========== 
========== Step 21 ========== 
========== Step 21 ========== 
========== Step 21 ========== 
========== Step 21 ========== 
========== Step 21 ========== 
========== Step 21 ========== 
========== Step 21 ========== 
W20240201 11:24:19.969332 25680 grad_async_v2.h:257] pq is empty
========== Step 22 ========== 
========== Step 22 ========== 
========== Step 22 ========== 
========== Step 22 ========== 
========== Step 22 ========== 
========== Step 22 ========== 
========== Step 22 ========== 
========== Step 22 ========== 
W20240201 11:24:20.222501 25680 grad_async_v2.h:257] pq is empty
========== Step 23 ========== 
========== Step 23 ========== 
========== Step 23 ========== 
========== Step 23 ========== 
========== Step 23 ========== 
========== Step 23 ========== 
========== Step 23 ========== 
========== Step 23 ========== 
W20240201 11:24:20.467660 25680 grad_async_v2.h:257] pq is empty
========== Step 24 ========== 
========== Step 24 ========== 
========== Step 24 ========== 
========== Step 24 ========== 
========== Step 24 ========== 
========== Step 24 ========== 
========== Step 24 ========== 
E20240201 11:24:20.468155 26609 parallel_pq_v2.h:79] insert failed, size(hashtable)=1
========== Step 24 ========== 
W20240201 11:24:20.537638 26609 grad_async_v2.h:137] Detect new sample comes, old_end4, new_end5
W20240201 11:24:20.712517 25680 grad_async_v2.h:257] pq is empty
========== Step 25 ========== 
========== Step 25 ========== 
========== Step 25 ========== 
========== Step 25 ========== 
========== Step 25 ========== 
========== Step 25 ========== 
========== Step 25 ========== 
========== Step 25 ========== 
W20240201 11:24:20.985669 25680 grad_async_v2.h:257] pq is empty
========== Step 26 ========== 
========== Step 26 ========== 
========== Step 26 ========== 
========== Step 26 ========== 
========== Step 26 ========== 
========== Step 26 ========== 
========== Step 26 ========== 
========== Step 26 ========== 
+---------------------------+---------------------------+---------------------------+
| Name                      | P50                       | P99                       |
+---------------------------+---------------------------+---------------------------+
| GenInput:CircleBuffer     | 119.165 us                | 1.375 ms                  |
| GenInput                  | 1.664 ms                  | 20.846 ms                 |
| Forward                   | 374.719 us                | 57.543 ms                 |
| Backward                  | 714.960 us                | 27.595 ms                 |
| Optimize                  | 128.538 us                | 842.048 us                |
| BarrierTimeBeforeRank0    | 1.792 ms                  | 18.819 ms                 |
| AfterBackward             | 249.748 ms                | 1.549 s                   |
| BlockToStepN              | 135.290 us                | 59.090 ms                 |
| OneStep                   | 256.666 ms                | 1.721 s                   |
+---------------------------+---------------------------+---------------------------+
W20240201 11:24:21.238688 25680 grad_async_v2.h:257] pq is empty
========== Step 27 ========== 
========== Step 27 ========== 
========== Step 27 ========== 
========== Step 27 ========== 
========== Step 27 ========== 
========== Step 27 ========== 
========== Step 27 ========== 
========== Step 27 ========== 
W20240201 11:24:21.477671 25680 grad_async_v2.h:257] pq is empty
========== Step 28 ========== 
========== Step 28 ========== 
========== Step 28 ========== 
========== Step 28 ========== 
========== Step 28 ========== 
========== Step 28 ========== 
========== Step 28 ========== 
E20240201 11:24:21.478314 26609 parallel_pq_v2.h:79] insert failed, size(hashtable)=1
========== Step 28 ========== 
W20240201 11:24:21.547725 26609 grad_async_v2.h:137] Detect new sample comes, old_end8, new_end9
W20240201 11:24:21.730953 25680 grad_async_v2.h:257] pq is empty
========== Step 29 ========== 
========== Step 29 ========== 
========== Step 29 ========== 
========== Step 29 ========== 
========== Step 29 ========== 
========== Step 29 ========== 
========== Step 29 ========== 
========== Step 29 ========== 
W20240201 11:24:21.987623 25680 grad_async_v2.h:257] pq is empty
========== Step 30 ========== 
========== Step 30 ========== 
========== Step 30 ========== 
========== Step 30 ========== 
========== Step 30 ========== 
========== Step 30 ========== 
========== Step 30 ========== 
========== Step 30 ========== 
W20240201 11:24:22.236606 25680 grad_async_v2.h:257] pq is empty
========== Step 31 ========== 
========== Step 31 ========== 
========== Step 31 ========== 
========== Step 31 ========== 
========== Step 31 ========== 
========== Step 31 ========== 
========== Step 31 ========== 
========== Step 31 ========== 
W20240201 11:24:22.491191 25680 grad_async_v2.h:257] pq is empty
========== Step 32 ========== 
========== Step 32 ========== 
========== Step 32 ========== 
========== Step 32 ========== 
========== Step 32 ========== 
========== Step 32 ========== 
========== Step 32 ========== 
E20240201 11:24:22.491969 26609 parallel_pq_v2.h:79] insert failed, size(hashtable)=1
========== Step 32 ========== 
W20240201 11:24:22.557173 26609 grad_async_v2.h:137] Detect new sample comes, old_end2, new_end3
W20240201 11:24:22.707891 25680 grad_async_v2.h:257] pq is empty
========== Step 33 ========== 
========== Step 33 ========== 
========== Step 33 ========== 
========== Step 33 ========== 
========== Step 33 ========== 
========== Step 33 ========== 
========== Step 33 ========== 
========== Step 33 ========== 
W20240201 11:24:22.987890 25680 grad_async_v2.h:257] pq is empty
========== Step 34 ========== 
========== Step 34 ========== 
========== Step 34 ========== 
========== Step 34 ========== 
========== Step 34 ========== 
========== Step 34 ========== 
========== Step 34 ========== 
========== Step 34 ========== 
W20240201 11:24:23.235621 25680 grad_async_v2.h:257] pq is empty
========== Step 35 ========== 
========== Step 35 ========== 
========== Step 35 ========== 
========== Step 35 ========== 
========== Step 35 ========== 
========== Step 35 ========== 
========== Step 35 ========== 
========== Step 35 ========== 
E20240201 11:24:23.492843 26619 parallel_pq_v2.h:79] insert failed, size(hashtable)=11190
W20240201 11:24:23.497340 25680 grad_async_v2.h:257] pq is empty
========== Step 36 ========== 
========== Step 36 ========== 
========== Step 36 ========== 
========== Step 36 ========== 
========== Step 36 ========== 
========== Step 36 ========== 
========== Step 36 ========== 
========== Step 36 ========== 
W20240201 11:24:23.560006 26609 grad_async_v2.h:137] Detect new sample comes, old_end6, new_end7
W20240201 11:24:23.756898 25680 grad_async_v2.h:257] pq is empty
========== Step 37 ========== 
========== Step 37 ========== 
========== Step 37 ========== 
========== Step 37 ========== 
========== Step 37 ========== 
========== Step 37 ========== 
========== Step 37 ========== 
========== Step 37 ========== 
+---------------------------+---------------------------+---------------------------+
| Name                      | P50                       | P99                       |
+---------------------------+---------------------------+---------------------------+
| clean                     | 158.651 us                | 39.424 ms                 |
| ProcessBack:Shuffle       | 239.669 ms                | 345.693 ms                |
| ProcessBack:UpdateCache   | 8.899 ms                  | 1.155 s                   |
| ProcessBack:UpsertPq      | 60.919 us                 | 36.622 ms                 |
| ProcessOneStep            | 249.539 ms                | 1.549 s                   |
| BlockToStepN              | 85.005 us                 | 58.782 ms                 |
+---------------------------+---------------------------+---------------------------+
W20240201 11:24:24.043494 25680 grad_async_v2.h:257] pq is empty
========== Step 38 ========== 
========== Step 38 ========== 
========== Step 38 ========== 
========== Step 38 ========== 
========== Step 38 ========== 
========== Step 38 ========== 
========== Step 38 ========== 
========== Step 38 ========== 
W20240201 11:24:24.280665 25680 grad_async_v2.h:257] pq is empty
========== Step 39 ========== 
========== Step 39 ========== 
========== Step 39 ========== 
========== Step 39 ========== 
========== Step 39 ========== 
========== Step 39 ========== 
========== Step 39 ========== 
========== Step 39 ========== 
E20240201 11:24:24.492169 26620 parallel_pq_v2.h:79] insert failed, size(hashtable)=6975
W20240201 11:24:24.567967 25680 grad_async_v2.h:257] pq is empty
========== Step 40 ========== 
========== Step 40 ========== 
========== Step 40 ========== 
========== Step 40 ========== 
========== Step 40 ========== 
W20240201 11:24:24.568503 26609 grad_async_v2.h:137] Detect new sample comes, old_end0, new_end1
========== Step 40 ========== 
========== Step 40 ========== 
========== Step 40 ========== 
W20240201 11:24:24.847251 25680 grad_async_v2.h:257] pq is empty
========== Step 41 ========== 
========== Step 41 ========== 
========== Step 41 ========== 
========== Step 41 ========== 
========== Step 41 ========== 
========== Step 41 ========== 
========== Step 41 ========== 
========== Step 41 ========== 
========== Step 42 ========== 
========== Step 42 ========== 
========== Step 42 ========== 
========== Step 42 ========== 
========== Step 42 ========== 
========== Step 42 ========== 
========== Step 42 ========== 
========== Step 42 ========== 
W20240201 11:24:25.299449 25680 grad_async_v2.h:257] pq is empty
========== Step 43 ========== 
========== Step 43 ========== 
========== Step 43 ========== 
========== Step 43 ========== 
========== Step 43 ========== 
========== Step 43 ========== 
========== Step 43 ========== 
========== Step 43 ========== 
E20240201 11:24:25.492008 26609 parallel_pq_v2.h:79] insert failed, size(hashtable)=9973
W20240201 11:24:25.567356 25680 grad_async_v2.h:257] pq is empty
========== Step 44 ========== 
========== Step 44 ========== 
========== Step 44 ========== 
========== Step 44 ========== 
========== Step 44 ========== 
========== Step 44 ========== 
========== Step 44 ========== 
========== Step 44 ========== 
W20240201 11:24:25.586052 26609 grad_async_v2.h:137] Detect new sample comes, old_end4, new_end5
W20240201 11:24:25.843281 25680 grad_async_v2.h:257] pq is empty
========== Step 45 ========== 
========== Step 45 ========== 
========== Step 45 ========== 
========== Step 45 ========== 
========== Step 45 ========== 
========== Step 45 ========== 
========== Step 45 ========== 
========== Step 45 ========== 
+---------------------------+---------------------------+---------------------------+
| Name                      | P50                       | P99                       |
+---------------------------+---------------------------+---------------------------+
| GenInput:CircleBuffer     | 126.781 us                | 1.391 ms                  |
| GenInput                  | 1.779 ms                  | 20.846 ms                 |
| Forward                   | 374.719 us                | 57.543 ms                 |
| Backward                  | 705.673 us                | 27.595 ms                 |
| Optimize                  | 114.418 us                | 842.048 us                |
| BarrierTimeBeforeRank0    | 1.792 ms                  | 18.819 ms                 |
| AfterBackward             | 251.940 ms                | 1.549 s                   |
| BlockToStepN              | 151.565 us                | 59.090 ms                 |
| OneStep                   | 256.668 ms                | 1.721 s                   |
+---------------------------+---------------------------+---------------------------+
========== Step 46 ========== 
========== Step 46 ========== 
========== Step 46 ========== 
========== Step 46 ========== 
========== Step 46 ========== 
========== Step 46 ========== 
========== Step 46 ========== 
========== Step 46 ========== 
W20240201 11:24:26.332489 25680 grad_async_v2.h:257] pq is empty
========== Step 47 ========== 
========== Step 47 ========== 
========== Step 47 ========== 
========== Step 47 ========== 
========== Step 47 ========== 
========== Step 47 ========== 
========== Step 47 ========== 
========== Step 47 ========== 
E20240201 11:24:26.492012 26609 parallel_pq_v2.h:79] insert failed, size(hashtable)=9404
W20240201 11:24:26.578619 25680 grad_async_v2.h:257] pq is empty
========== Step 48 ========== 
========== Step 48 ========== 
========== Step 48 ========== 
========== Step 48 ========== 
========== Step 48 ========== 
========== Step 48 ========== 
========== Step 48 ========== 
========== Step 48 ========== 
W20240201 11:24:26.597272 26609 grad_async_v2.h:137] Detect new sample comes, old_end8, new_end9
W20240201 11:24:26.804960 25680 grad_async_v2.h:257] pq is empty
========== Step 49 ========== 
========== Step 49 ========== 
========== Step 49 ========== 
========== Step 49 ========== 
========== Step 49 ========== 
