WARNING: Logging before InitGoogleLogging() is written to STDERR
I20240204 01:57:49.376993 19315 IPC_barrier.h:128] MultiProcessBarrierFactory->ClearIPCMemory()
/data/home/xieminhui/RecStore/src/framework_adapters/torch/kg/dgl-0.9.1/python/dgl/_deprecate/graph.py:1023: DGLWarning: multigraph will be deprecated.DGL will treat all graphs as multigraph in the future.
  dgl_warning("multigraph will be deprecated." \
/data/home/xieminhui/RecStore/src/framework_adapters/torch/kg/dgl-0.9.1/python/dgl/heterograph.py:72: DGLWarning: Recommend creating graphs by `dgl.graph(data)` instead of `dgl.DGLGraph(data)`.
  dgl_warning('Recommend creating graphs by `dgl.graph(data)`'
Reading train triples....
Finished. Read 304727650 train triples.
Reading valid triples....
Finished. Read 16929318 valid triples.
Reading test triples....
Finished. Read 16929308 test triples.
ARGS:  Namespace(model_name='TransE', data_path='/home/xieminhui/dgl-data', dataset='Freebase', format='built_in', data_files=None, delimiter='\t', save_path='/tmp/ckpts/TransE_Freebase_84', no_save_emb=True, max_step=500, batch_size=2000, batch_size_eval=16, neg_sample_size=200, neg_deg_sample=False, neg_deg_sample_eval=False, neg_sample_size_eval=86054151, eval_percent=1, no_eval_filter=False, log_interval=100, eval_interval=10000, test=False, num_proc=8, num_thread=1, force_sync_interval=1, hidden_dim=400, lr=0.01, gamma=16.0, double_ent=False, double_rel=False, neg_adversarial_sampling=False, adversarial_temperature=1.0, regularization_coef=0.0, regularization_norm=3, pairwise=False, loss_genre='Logsigmoid', margin=1.0, nr_gpus=8, gpu=[0, 1, 2, 3, 4, 5, 6, 7], mix_cpu_gpu=True, valid=False, rel_part=False, async_update=None, has_edge_importance=False, cached_emb_type='KnownLocalCachedEmbedding', use_my_emb=True, cache_ratio=0.05, shuffle=False, backwardMode='CppAsyncV2', L=10, update_cache_use_omp=0, update_pq_use_omp=0, kForwardItersPerStep=2, backgrad_init='both', eval_filter=True, soft_rel_part=False)
|Train|: 304727650
original graph:  DGLGraph(num_nodes=86054151, num_edges=338586276,
         ndata_schemes={}
         edata_schemes={'tid': Scheme(shape=(), dtype=torch.int64)})
Loading cached metis
WARNING [19315 sampler.py:454] Start PreSampling
WARNING [19315 sampler.py:532] Before construct renumbering_dict
WARNING [19315 sampler.py:555] PreSampling done
W20240204 02:18:02.298034 19315 IPCTensor.h:369] NewIPCTensor: cached_sampler_r0_0 [1000000]0x100000002000 7.629 MB
W20240204 02:18:02.298238 19315 IPCTensor.h:369] NewIPCTensor: cached_sampler_r0_1 [1000000]0x1000007a5000 7.629 MB
W20240204 02:18:02.298277 19315 IPCTensor.h:369] NewIPCTensor: cached_sampler_r0_2 [1000000]0x100000f48000 7.629 MB
W20240204 02:18:02.298310 19315 IPCTensor.h:369] NewIPCTensor: cached_sampler_r0_3 [1000000]0x1000016eb000 7.629 MB
W20240204 02:18:02.298344 19315 IPCTensor.h:369] NewIPCTensor: cached_sampler_r0_4 [1000000]0x100001e8e000 7.629 MB
W20240204 02:18:02.298389 19315 IPCTensor.h:369] NewIPCTensor: cached_sampler_r0_5 [1000000]0x100002631000 7.629 MB
W20240204 02:18:02.298425 19315 IPCTensor.h:369] NewIPCTensor: cached_sampler_r0_6 [1000000]0x100002dd4000 7.629 MB
W20240204 02:18:02.298481 19315 IPCTensor.h:369] NewIPCTensor: cached_sampler_r0_7 [1000000]0x100003577000 7.629 MB
W20240204 02:18:02.298513 19315 IPCTensor.h:369] NewIPCTensor: cached_sampler_r0_8 [1000000]0x100003d1a000 7.629 MB
W20240204 02:18:02.298549 19315 IPCTensor.h:369] NewIPCTensor: cached_sampler_r0_9 [1000000]0x1000044bd000 7.629 MB
W20240204 02:18:02.298590 19315 IPCTensor.h:369] NewIPCTensor: step_r0 [10]0x100004c60000 80 B 
W20240204 02:18:02.298621 19315 IPCTensor.h:369] NewIPCTensor: circle_buffer_end_r0 [1]0x100004c62000 8 B 
W20240204 02:18:02.298645 19315 IPCTensor.h:369] NewIPCTensor: circle_buffer_end_cppseen_r0 [1]0x100004c64000 8 B 
W20240204 02:18:02.298812 19315 IPCTensor.h:369] NewIPCTensor: cached_sampler_r1_0 [1000000]0x100004c66000 7.629 MB
W20240204 02:18:02.298848 19315 IPCTensor.h:369] NewIPCTensor: cached_sampler_r1_1 [1000000]0x100005409000 7.629 MB
W20240204 02:18:02.298883 19315 IPCTensor.h:369] NewIPCTensor: cached_sampler_r1_2 [1000000]0x100005bac000 7.629 MB
W20240204 02:18:02.298929 19315 IPCTensor.h:369] NewIPCTensor: cached_sampler_r1_3 [1000000]0x10000634f000 7.629 MB
W20240204 02:18:02.298962 19315 IPCTensor.h:369] NewIPCTensor: cached_sampler_r1_4 [1000000]0x100006af2000 7.629 MB
W20240204 02:18:02.298991 19315 IPCTensor.h:369] NewIPCTensor: cached_sampler_r1_5 [1000000]0x100007295000 7.629 MB
W20240204 02:18:02.299026 19315 IPCTensor.h:369] NewIPCTensor: cached_sampler_r1_6 [1000000]0x100007a38000 7.629 MB
W20240204 02:18:02.299058 19315 IPCTensor.h:369] NewIPCTensor: cached_sampler_r1_7 [1000000]0x1000081db000 7.629 MB
W20240204 02:18:02.299088 19315 IPCTensor.h:369] NewIPCTensor: cached_sampler_r1_8 [1000000]0x10000897e000 7.629 MB
W20240204 02:18:02.299130 19315 IPCTensor.h:369] NewIPCTensor: cached_sampler_r1_9 [1000000]0x100009121000 7.629 MB
W20240204 02:18:02.299165 19315 IPCTensor.h:369] NewIPCTensor: step_r1 [10]0x1000098c4000 80 B 
W20240204 02:18:02.299189 19315 IPCTensor.h:369] NewIPCTensor: circle_buffer_end_r1 [1]0x1000098c6000 8 B 
W20240204 02:18:02.299216 19315 IPCTensor.h:369] NewIPCTensor: circle_buffer_end_cppseen_r1 [1]0x1000098c8000 8 B 
W20240204 02:18:02.299275 19315 IPCTensor.h:369] NewIPCTensor: cached_sampler_r2_0 [1000000]0x1000098ca000 7.629 MB
W20240204 02:18:02.299305 19315 IPCTensor.h:369] NewIPCTensor: cached_sampler_r2_1 [1000000]0x10000a06d000 7.629 MB
W20240204 02:18:02.299331 19315 IPCTensor.h:369] NewIPCTensor: cached_sampler_r2_2 [1000000]0x10000a810000 7.629 MB
W20240204 02:18:02.299362 19315 IPCTensor.h:369] NewIPCTensor: cached_sampler_r2_3 [1000000]0x10000afb3000 7.629 MB
W20240204 02:18:02.299392 19315 IPCTensor.h:369] NewIPCTensor: cached_sampler_r2_4 [1000000]0x10000b756000 7.629 MB
W20240204 02:18:02.299425 19315 IPCTensor.h:369] NewIPCTensor: cached_sampler_r2_5 [1000000]0x10000bef9000 7.629 MB
W20240204 02:18:02.299454 19315 IPCTensor.h:369] NewIPCTensor: cached_sampler_r2_6 [1000000]0x10000c69c000 7.629 MB
W20240204 02:18:02.299484 19315 IPCTensor.h:369] NewIPCTensor: cached_sampler_r2_7 [1000000]0x10000ce3f000 7.629 MB
W20240204 02:18:02.299517 19315 IPCTensor.h:369] NewIPCTensor: cached_sampler_r2_8 [1000000]0x10000d5e2000 7.629 MB
W20240204 02:18:02.299544 19315 IPCTensor.h:369] NewIPCTensor: cached_sampler_r2_9 [1000000]0x10000dd85000 7.629 MB
W20240204 02:18:02.299580 19315 IPCTensor.h:369] NewIPCTensor: step_r2 [10]0x10000e528000 80 B 
W20240204 02:18:02.299603 19315 IPCTensor.h:369] NewIPCTensor: circle_buffer_end_r2 [1]0x10000e52a000 8 B 
W20240204 02:18:02.299633 19315 IPCTensor.h:369] NewIPCTensor: circle_buffer_end_cppseen_r2 [1]0x10000e52c000 8 B 
W20240204 02:18:02.299705 19315 IPCTensor.h:369] NewIPCTensor: cached_sampler_r3_0 [1000000]0x10000e52e000 7.629 MB
W20240204 02:18:02.299742 19315 IPCTensor.h:369] NewIPCTensor: cached_sampler_r3_1 [1000000]0x10000ecd1000 7.629 MB
W20240204 02:18:02.299777 19315 IPCTensor.h:369] NewIPCTensor: cached_sampler_r3_2 [1000000]0x10000f474000 7.629 MB
W20240204 02:18:02.299806 19315 IPCTensor.h:369] NewIPCTensor: cached_sampler_r3_3 [1000000]0x10000fc17000 7.629 MB
W20240204 02:18:02.299835 19315 IPCTensor.h:369] NewIPCTensor: cached_sampler_r3_4 [1000000]0x1000103ba000 7.629 MB
W20240204 02:18:02.299878 19315 IPCTensor.h:369] NewIPCTensor: cached_sampler_r3_5 [1000000]0x100010b5d000 7.629 MB
W20240204 02:18:02.299919 19315 IPCTensor.h:369] NewIPCTensor: cached_sampler_r3_6 [1000000]0x100011300000 7.629 MB
W20240204 02:18:02.299952 19315 IPCTensor.h:369] NewIPCTensor: cached_sampler_r3_7 [1000000]0x100011aa3000 7.629 MB
W20240204 02:18:02.299981 19315 IPCTensor.h:369] NewIPCTensor: cached_sampler_r3_8 [1000000]0x100012246000 7.629 MB
W20240204 02:18:02.300014 19315 IPCTensor.h:369] NewIPCTensor: cached_sampler_r3_9 [1000000]0x1000129e9000 7.629 MB
W20240204 02:18:02.300043 19315 IPCTensor.h:369] NewIPCTensor: step_r3 [10]0x10001318c000 80 B 
W20240204 02:18:02.300081 19315 IPCTensor.h:369] NewIPCTensor: circle_buffer_end_r3 [1]0x10001318e000 8 B 
W20240204 02:18:02.300105 19315 IPCTensor.h:369] NewIPCTensor: circle_buffer_end_cppseen_r3 [1]0x100013190000 8 B 
W20240204 02:18:02.300169 19315 IPCTensor.h:369] NewIPCTensor: cached_sampler_r4_0 [1000000]0x100013192000 7.629 MB
W20240204 02:18:02.300208 19315 IPCTensor.h:369] NewIPCTensor: cached_sampler_r4_1 [1000000]0x100013935000 7.629 MB
W20240204 02:18:02.300242 19315 IPCTensor.h:369] NewIPCTensor: cached_sampler_r4_2 [1000000]0x1000140d8000 7.629 MB
W20240204 02:18:02.300271 19315 IPCTensor.h:369] NewIPCTensor: cached_sampler_r4_3 [1000000]0x10001487b000 7.629 MB
W20240204 02:18:02.300303 19315 IPCTensor.h:369] NewIPCTensor: cached_sampler_r4_4 [1000000]0x10001501e000 7.629 MB
W20240204 02:18:02.300336 19315 IPCTensor.h:369] NewIPCTensor: cached_sampler_r4_5 [1000000]0x1000157c1000 7.629 MB
W20240204 02:18:02.300369 19315 IPCTensor.h:369] NewIPCTensor: cached_sampler_r4_6 [1000000]0x100015f64000 7.629 MB
W20240204 02:18:02.300397 19315 IPCTensor.h:369] NewIPCTensor: cached_sampler_r4_7 [1000000]0x100016707000 7.629 MB
W20240204 02:18:02.300426 19315 IPCTensor.h:369] NewIPCTensor: cached_sampler_r4_8 [1000000]0x100016eaa000 7.629 MB
W20240204 02:18:02.300459 19315 IPCTensor.h:369] NewIPCTensor: cached_sampler_r4_9 [1000000]0x10001764d000 7.629 MB
W20240204 02:18:02.300491 19315 IPCTensor.h:369] NewIPCTensor: step_r4 [10]0x100017df0000 80 B 
W20240204 02:18:02.300515 19315 IPCTensor.h:369] NewIPCTensor: circle_buffer_end_r4 [1]0x100017df2000 8 B 
W20240204 02:18:02.300539 19315 IPCTensor.h:369] NewIPCTensor: circle_buffer_end_cppseen_r4 [1]0x100017df4000 8 B 
W20240204 02:18:02.300596 19315 IPCTensor.h:369] NewIPCTensor: cached_sampler_r5_0 [1000000]0x100017df6000 7.629 MB
W20240204 02:18:02.300633 19315 IPCTensor.h:369] NewIPCTensor: cached_sampler_r5_1 [1000000]0x100018599000 7.629 MB
W20240204 02:18:02.300666 19315 IPCTensor.h:369] NewIPCTensor: cached_sampler_r5_2 [1000000]0x100018d3c000 7.629 MB
W20240204 02:18:02.300694 19315 IPCTensor.h:369] NewIPCTensor: cached_sampler_r5_3 [1000000]0x1000194df000 7.629 MB
W20240204 02:18:02.300722 19315 IPCTensor.h:369] NewIPCTensor: cached_sampler_r5_4 [1000000]0x100019c82000 7.629 MB
W20240204 02:18:02.300750 19315 IPCTensor.h:369] NewIPCTensor: cached_sampler_r5_5 [1000000]0x10001a425000 7.629 MB
W20240204 02:18:02.300794 19315 IPCTensor.h:369] NewIPCTensor: cached_sampler_r5_6 [1000000]0x10001abc8000 7.629 MB
W20240204 02:18:02.300825 19315 IPCTensor.h:369] NewIPCTensor: cached_sampler_r5_7 [1000000]0x10001b36b000 7.629 MB
W20240204 02:18:02.300860 19315 IPCTensor.h:369] NewIPCTensor: cached_sampler_r5_8 [1000000]0x10001bb0e000 7.629 MB
W20240204 02:18:02.300896 19315 IPCTensor.h:369] NewIPCTensor: cached_sampler_r5_9 [1000000]0x10001c2b1000 7.629 MB
W20240204 02:18:02.300931 19315 IPCTensor.h:369] NewIPCTensor: step_r5 [10]0x10001ca54000 80 B 
W20240204 02:18:02.300954 19315 IPCTensor.h:369] NewIPCTensor: circle_buffer_end_r5 [1]0x10001ca56000 8 B 
W20240204 02:18:02.300985 19315 IPCTensor.h:369] NewIPCTensor: circle_buffer_end_cppseen_r5 [1]0x10001ca58000 8 B 
W20240204 02:18:02.301051 19315 IPCTensor.h:369] NewIPCTensor: cached_sampler_r6_0 [1000000]0x10001ca5a000 7.629 MB
W20240204 02:18:02.301084 19315 IPCTensor.h:369] NewIPCTensor: cached_sampler_r6_1 [1000000]0x10001d1fd000 7.629 MB
W20240204 02:18:02.301116 19315 IPCTensor.h:369] NewIPCTensor: cached_sampler_r6_2 [1000000]0x10001d9a0000 7.629 MB
W20240204 02:18:02.301149 19315 IPCTensor.h:369] NewIPCTensor: cached_sampler_r6_3 [1000000]0x10001e143000 7.629 MB
W20240204 02:18:02.301183 19315 IPCTensor.h:369] NewIPCTensor: cached_sampler_r6_4 [1000000]0x10001e8e6000 7.629 MB
W20240204 02:18:02.301213 19315 IPCTensor.h:369] NewIPCTensor: cached_sampler_r6_5 [1000000]0x10001f089000 7.629 MB
W20240204 02:18:02.301244 19315 IPCTensor.h:369] NewIPCTensor: cached_sampler_r6_6 [1000000]0x10001f82c000 7.629 MB
W20240204 02:18:02.301275 19315 IPCTensor.h:369] NewIPCTensor: cached_sampler_r6_7 [1000000]0x10001ffcf000 7.629 MB
W20240204 02:18:02.301306 19315 IPCTensor.h:369] NewIPCTensor: cached_sampler_r6_8 [1000000]0x100020772000 7.629 MB
W20240204 02:18:02.301338 19315 IPCTensor.h:369] NewIPCTensor: cached_sampler_r6_9 [1000000]0x100020f15000 7.629 MB
W20240204 02:18:02.301379 19315 IPCTensor.h:369] NewIPCTensor: step_r6 [10]0x1000216b8000 80 B 
W20240204 02:18:02.301404 19315 IPCTensor.h:369] NewIPCTensor: circle_buffer_end_r6 [1]0x1000216ba000 8 B 
W20240204 02:18:02.301434 19315 IPCTensor.h:369] NewIPCTensor: circle_buffer_end_cppseen_r6 [1]0x1000216bc000 8 B 
W20240204 02:18:02.301489 19315 IPCTensor.h:369] NewIPCTensor: cached_sampler_r7_0 [1000000]0x1000216be000 7.629 MB
W20240204 02:18:02.301524 19315 IPCTensor.h:369] NewIPCTensor: cached_sampler_r7_1 [1000000]0x100021e61000 7.629 MB
W20240204 02:18:02.301558 19315 IPCTensor.h:369] NewIPCTensor: cached_sampler_r7_2 [1000000]0x100022604000 7.629 MB
W20240204 02:18:02.301587 19315 IPCTensor.h:369] NewIPCTensor: cached_sampler_r7_3 [1000000]0x100022da7000 7.629 MB
W20240204 02:18:02.301621 19315 IPCTensor.h:369] NewIPCTensor: cached_sampler_r7_4 [1000000]0x10002354a000 7.629 MB
W20240204 02:18:02.301659 19315 IPCTensor.h:369] NewIPCTensor: cached_sampler_r7_5 [1000000]0x100023ced000 7.629 MB
W20240204 02:18:02.301694 19315 IPCTensor.h:369] NewIPCTensor: cached_sampler_r7_6 [1000000]0x100024490000 7.629 MB
W20240204 02:18:02.301725 19315 IPCTensor.h:369] NewIPCTensor: cached_sampler_r7_7 [1000000]0x100024c33000 7.629 MB
W20240204 02:18:02.301754 19315 IPCTensor.h:369] NewIPCTensor: cached_sampler_r7_8 [1000000]0x1000253d6000 7.629 MB
W20240204 02:18:02.301792 19315 IPCTensor.h:369] NewIPCTensor: cached_sampler_r7_9 [1000000]0x100025b79000 7.629 MB
W20240204 02:18:02.301826 19315 IPCTensor.h:369] NewIPCTensor: step_r7 [10]0x10002631c000 80 B 
W20240204 02:18:02.301859 19315 IPCTensor.h:369] NewIPCTensor: circle_buffer_end_r7 [1]0x10002631e000 8 B 
W20240204 02:18:02.301890 19315 IPCTensor.h:369] NewIPCTensor: circle_buffer_end_cppseen_r7 [1]0x100026320000 8 B 
W20240204 02:18:02.723109 19315 IPCTensor.h:369] NewIPCTensor: full_emb [86054151, 400]0x100026322000 128.2 GB
W20240204 02:26:38.724531 19315 IPCTensor.h:369] NewIPCTensor: full_emb_SparseRowWiseAdaGrad_sum [86054151]0x102034f5a000 328.3 MB
{0: Graph(num_nodes=18863774, num_edges=55186826,
      ndata_schemes={'_ID': Scheme(shape=(), dtype=torch.int64), 'inner_node': Scheme(shape=(), dtype=torch.int32), 'part_id': Scheme(shape=(), dtype=torch.int64)}
      edata_schemes={'_ID': Scheme(shape=(), dtype=torch.int64), 'inner_edge': Scheme(shape=(), dtype=torch.int8)}), 1: Graph(num_nodes=13493829, num_edges=51786811,
      ndata_schemes={'_ID': Scheme(shape=(), dtype=torch.int64), 'inner_node': Scheme(shape=(), dtype=torch.int32), 'part_id': Scheme(shape=(), dtype=torch.int64)}
      edata_schemes={'_ID': Scheme(shape=(), dtype=torch.int64), 'inner_edge': Scheme(shape=(), dtype=torch.int8)}), 2: Graph(num_nodes=12506959, num_edges=45797296,
      ndata_schemes={'_ID': Scheme(shape=(), dtype=torch.int64), 'inner_node': Scheme(shape=(), dtype=torch.int32), 'part_id': Scheme(shape=(), dtype=torch.int64)}
      edata_schemes={'_ID': Scheme(shape=(), dtype=torch.int64), 'inner_edge': Scheme(shape=(), dtype=torch.int8)}), 3: Graph(num_nodes=12605014, num_edges=52067933,
      ndata_schemes={'_ID': Scheme(shape=(), dtype=torch.int64), 'inner_node': Scheme(shape=(), dtype=torch.int32), 'part_id': Scheme(shape=(), dtype=torch.int64)}
      edata_schemes={'_ID': Scheme(shape=(), dtype=torch.int64), 'inner_edge': Scheme(shape=(), dtype=torch.int8)}), 4: Graph(num_nodes=14435508, num_edges=39101576,
      ndata_schemes={'_ID': Scheme(shape=(), dtype=torch.int64), 'inner_node': Scheme(shape=(), dtype=torch.int32), 'part_id': Scheme(shape=(), dtype=torch.int64)}
      edata_schemes={'_ID': Scheme(shape=(), dtype=torch.int64), 'inner_edge': Scheme(shape=(), dtype=torch.int8)}), 5: Graph(num_nodes=13252778, num_edges=37365728,
      ndata_schemes={'_ID': Scheme(shape=(), dtype=torch.int64), 'inner_node': Scheme(shape=(), dtype=torch.int32), 'part_id': Scheme(shape=(), dtype=torch.int64)}
      edata_schemes={'_ID': Scheme(shape=(), dtype=torch.int64), 'inner_edge': Scheme(shape=(), dtype=torch.int8)}), 6: Graph(num_nodes=14444909, num_edges=60122064,
      ndata_schemes={'_ID': Scheme(shape=(), dtype=torch.int64), 'inner_node': Scheme(shape=(), dtype=torch.int32), 'part_id': Scheme(shape=(), dtype=torch.int64)}
      edata_schemes={'_ID': Scheme(shape=(), dtype=torch.int64), 'inner_edge': Scheme(shape=(), dtype=torch.int8)}), 7: Graph(num_nodes=14493336, num_edges=37760331,
      ndata_schemes={'_ID': Scheme(shape=(), dtype=torch.int64), 'inner_node': Scheme(shape=(), dtype=torch.int32), 'part_id': Scheme(shape=(), dtype=torch.int64)}
      edata_schemes={'_ID': Scheme(shape=(), dtype=torch.int64), 'inner_edge': Scheme(shape=(), dtype=torch.int8)})}
MertisPartition: part 0 has 18863774 N 55186826 E
MertisPartition: part 1 has 13493829 N 51786811 E
MertisPartition: part 2 has 12506959 N 45797296 E
MertisPartition: part 3 has 12605014 N 52067933 E
MertisPartition: part 4 has 14435508 N 39101576 E
MertisPartition: part 5 has 13252778 N 37365728 E
MertisPartition: part 6 has 14444909 N 60122064 E
MertisPartition: part 7 has 14493336 N 37760331 E
Rank0: cached key size 537838
Rank1: cached key size 537838
Rank2: cached key size 537838
Rank3: cached key size 537838
Rank4: cached key size 537838
Rank5: cached key size 537838
Rank6: cached key size 537838
Rank7: cached key size 537838
Before renumbering graph:  {'_ID': tensor([       0,        1,        2,  ..., 39512110,  9797409, 32293938]), 'inner_node': tensor([1, 1, 1,  ..., 0, 0, 0], dtype=torch.int32), 'part_id': tensor([0, 0, 0,  ..., 6, 6, 6])}
After renumbering graph:  {'_ID': tensor([ 4302711,  4302723,    95813,  ..., 65802742, 61960741,  4809745]), 'inner_node': tensor([1, 1, 1,  ..., 0, 0, 0], dtype=torch.int32), 'part_id': tensor([0, 0, 0,  ..., 6, 6, 6])}
part_g: DGLGraph(num_nodes=18863774, num_edges=55186826,
         ndata_schemes={'_ID': Scheme(shape=(), dtype=torch.int64)}
         edata_schemes={'tid': Scheme(shape=(), dtype=torch.int64)})
part_g: DGLGraph(num_nodes=18863774, num_edges=55186826,
         ndata_schemes={'_ID': Scheme(shape=(), dtype=torch.int64)}
         edata_schemes={'tid': Scheme(shape=(), dtype=torch.int64)})
Total initialize time 2238.801 seconds
[Rank1] pid = 48551
[Rank2] pid = 48645
[Rank3] pid = 48714
[Rank4] pid = 48783
[Rank5] pid = 48913
[Rank6] pid = 49117
INFO [19315 distributed_c10d.py:442] Added key: store_based_barrier_key:1 to store for rank: 0
INFO [48551 distributed_c10d.py:442] Added key: store_based_barrier_key:1 to store for rank: 1
INFO [48645 distributed_c10d.py:442] Added key: store_based_barrier_key:1 to store for rank: 2
INFO [48714 distributed_c10d.py:442] Added key: store_based_barrier_key:1 to store for rank: 3
INFO [48783 distributed_c10d.py:442] Added key: store_based_barrier_key:1 to store for rank: 4
INFO [49117 distributed_c10d.py:442] Added key: store_based_barrier_key:1 to store for rank: 6
INFO [19315 distributed_c10d.py:476] Rank 0: Completed store-based barrier for key:store_based_barrier_key:1 with 8 nodes.
INFO [48551 distributed_c10d.py:476] Rank 1: Completed store-based barrier for key:store_based_barrier_key:1 with 8 nodes.
INFO [49294 distributed_c10d.py:442] Added key: store_based_barrier_key:1 to store for rank: 7
INFO [48913 distributed_c10d.py:442] Added key: store_based_barrier_key:1 to store for rank: 5
INFO [49117 distributed_c10d.py:476] Rank 6: Completed store-based barrier for key:store_based_barrier_key:1 with 8 nodes.
INFO [48645 distributed_c10d.py:476] Rank 2: Completed store-based barrier for key:store_based_barrier_key:1 with 8 nodes.
INFO [48913 distributed_c10d.py:476] Rank 5: Completed store-based barrier for key:store_based_barrier_key:1 with 8 nodes.
INFO [48783 distributed_c10d.py:476] Rank 4: Completed store-based barrier for key:store_based_barrier_key:1 with 8 nodes.
INFO [49294 distributed_c10d.py:476] Rank 7: Completed store-based barrier for key:store_based_barrier_key:1 with 8 nodes.
INFO [48714 distributed_c10d.py:476] Rank 3: Completed store-based barrier for key:store_based_barrier_key:1 with 8 nodes.
W20240204 02:35:18.282886 48552 IPCTensor.h:409] NewIPCGPUTensor: embedding_cache_1 [4302707, 400]; dev=1; size=6.412 GB
W20240204 02:35:18.283149 49295 IPCTensor.h:409] NewIPCGPUTensor: embedding_cache_0 [4302707, 400]; dev=0; size=6.412 GB
W20240204 02:35:18.284461 48914 IPCTensor.h:409] NewIPCGPUTensor: embedding_cache_5 [4302707, 400]; dev=5; size=6.412 GB
W20240204 02:35:18.284515 49358 IPCTensor.h:409] NewIPCGPUTensor: embedding_cache_7 [4302707, 400]; dev=7; size=6.412 GB
W20240204 02:35:18.284540 48646 IPCTensor.h:409] NewIPCGPUTensor: embedding_cache_2 [4302707, 400]; dev=2; size=6.412 GB
W20240204 02:35:18.284564 48784 IPCTensor.h:409] NewIPCGPUTensor: embedding_cache_4 [4302707, 400]; dev=4; size=6.412 GB
W20240204 02:35:18.284602 48715 IPCTensor.h:409] NewIPCGPUTensor: embedding_cache_3 [4302707, 400]; dev=3; size=6.412 GB
W20240204 02:35:18.285301 49118 IPCTensor.h:409] NewIPCGPUTensor: embedding_cache_6 [4302707, 400]; dev=6; size=6.412 GB
W20240204 02:35:18.364086 48552 IPCTensor.h:369] NewIPCTensor: input_keys_1 [1000000]0x1020497a3000 7.629 MB
W20240204 02:35:18.364281 48552 IPCTensor.h:369] NewIPCTensor: input_keys_neg_1 [1000000]0x102049f46000 7.629 MB
W20240204 02:35:18.364342 48552 IPCTensor.h:369] NewIPCTensor: backward_grads_1 [1000000, 400]0x10204a6e9000 1.49 GB
W20240204 02:35:18.364400 48552 IPCTensor.h:369] NewIPCTensor: backward_grads_neg_1 [1000000, 400]0x1020a9ccc000 1.49 GB
W20240204 02:35:18.364459 48552 IPCTensor.h:409] NewIPCGPUTensor: backward_grads_1_gpu [1000000, 400]; dev=1; size=1.49 GB
W20240204 02:35:18.364884 49358 IPCTensor.h:369] NewIPCTensor: input_keys_7 [1000000]0x1021092b9000 7.629 MB
W20240204 02:35:18.364887 48914 IPCTensor.h:369] NewIPCTensor: input_keys_5 [1000000]0x102109a5c000 7.629 MB
W20240204 02:35:18.364900 48646 IPCTensor.h:369] NewIPCTensor: input_keys_2 [1000000]0x10210a1ff000 7.629 MB
W20240204 02:35:18.364914 48784 IPCTensor.h:369] NewIPCTensor: input_keys_4 [1000000]0x10210a9a2000 7.629 MB
W20240204 02:35:18.364928 48715 IPCTensor.h:369] NewIPCTensor: input_keys_3 [1000000]0x10210b145000 7.629 MB
W20240204 02:35:18.365052 49358 IPCTensor.h:369] NewIPCTensor: input_keys_neg_7 [1000000]0x10210b8e8000 7.629 MB
W20240204 02:35:18.365067 48646 IPCTensor.h:369] NewIPCTensor: input_keys_neg_2 [1000000]0x10210c08b000 7.629 MB
W20240204 02:35:18.365072 48784 IPCTensor.h:369] NewIPCTensor: input_keys_neg_4 [1000000]0x10210c82e000 7.629 MB
W20240204 02:35:18.365085 48715 IPCTensor.h:369] NewIPCTensor: input_keys_neg_3 [1000000]0x10210cfd1000 7.629 MB
W20240204 02:35:18.365089 48914 IPCTensor.h:369] NewIPCTensor: input_keys_neg_5 [1000000]0x10210d774000 7.629 MB
W20240204 02:35:18.365151 49358 IPCTensor.h:369] NewIPCTensor: backward_grads_7 [1000000, 400]0x10210df17000 1.49 GB
W20240204 02:35:18.365180 48784 IPCTensor.h:369] NewIPCTensor: backward_grads_4 [1000000, 400]0x10216d4fa000 1.49 GB
W20240204 02:35:18.365186 48715 IPCTensor.h:369] NewIPCTensor: backward_grads_3 [1000000, 400]0x1021ccadd000 1.49 GB
W20240204 02:35:18.365193 48646 IPCTensor.h:369] NewIPCTensor: backward_grads_2 [1000000, 400]0x10222c0c0000 1.49 GB
W20240204 02:35:18.365208 48914 IPCTensor.h:369] NewIPCTensor: backward_grads_5 [1000000, 400]0x10228b6a3000 1.49 GB
W20240204 02:35:18.365229 49358 IPCTensor.h:369] NewIPCTensor: backward_grads_neg_7 [1000000, 400]0x1022eac86000 1.49 GB
W20240204 02:35:18.365244 48784 IPCTensor.h:369] NewIPCTensor: backward_grads_neg_4 [1000000, 400]0x10234a269000 1.49 GB
W20240204 02:35:18.365259 48715 IPCTensor.h:369] NewIPCTensor: backward_grads_neg_3 [1000000, 400]0x1023a984c000 1.49 GB
W20240204 02:35:18.365267 48646 IPCTensor.h:369] NewIPCTensor: backward_grads_neg_2 [1000000, 400]0x102408e2f000 1.49 GB
W20240204 02:35:18.365283 48914 IPCTensor.h:369] NewIPCTensor: backward_grads_neg_5 [1000000, 400]0x102468412000 1.49 GB
W20240204 02:35:18.365299 49358 IPCTensor.h:409] NewIPCGPUTensor: backward_grads_7_gpu [1000000, 400]; dev=7; size=1.49 GB
W20240204 02:35:18.365311 48784 IPCTensor.h:409] NewIPCGPUTensor: backward_grads_4_gpu [1000000, 400]; dev=4; size=1.49 GB
W20240204 02:35:18.365320 48715 IPCTensor.h:409] NewIPCGPUTensor: backward_grads_3_gpu [1000000, 400]; dev=3; size=1.49 GB
W20240204 02:35:18.365327 48646 IPCTensor.h:409] NewIPCGPUTensor: backward_grads_2_gpu [1000000, 400]; dev=2; size=1.49 GB
W20240204 02:35:18.365332 48914 IPCTensor.h:409] NewIPCGPUTensor: backward_grads_5_gpu [1000000, 400]; dev=5; size=1.49 GB
W20240204 02:35:18.366520 49295 IPCTensor.h:369] NewIPCTensor: input_keys_0 [1000000]0x1024c79f9000 7.629 MB
W20240204 02:35:18.366678 49295 IPCTensor.h:369] NewIPCTensor: input_keys_neg_0 [1000000]0x1024c893f000 7.629 MB
W20240204 02:35:18.366670 49118 IPCTensor.h:369] NewIPCTensor: input_keys_6 [1000000]0x1024c819c000 7.629 MB
W20240204 02:35:18.366746 49295 IPCTensor.h:369] NewIPCTensor: backward_grads_0 [1000000, 400]0x1024c90e2000 1.49 GB
W20240204 02:35:18.366801 49295 IPCTensor.h:369] NewIPCTensor: backward_grads_neg_0 [1000000, 400]0x1025286c5000 1.49 GB
W20240204 02:35:18.366839 49118 IPCTensor.h:369] NewIPCTensor: input_keys_neg_6 [1000000]0x102587ca8000 7.629 MB
W20240204 02:35:18.366878 49295 IPCTensor.h:409] NewIPCGPUTensor: backward_grads_0_gpu [1000000, 400]; dev=0; size=1.49 GB
W20240204 02:35:18.366930 49118 IPCTensor.h:369] NewIPCTensor: backward_grads_6 [1000000, 400]0x10258844b000 1.49 GB
W20240204 02:35:18.366988 49118 IPCTensor.h:369] NewIPCTensor: backward_grads_neg_6 [1000000, 400]0x1025e7a2e000 1.49 GB
W20240204 02:35:18.367041 49118 IPCTensor.h:409] NewIPCGPUTensor: backward_grads_6_gpu [1000000, 400]; dev=6; size=1.49 GB
W20240204 02:35:18.379329 48552 IPCTensor.h:409] NewIPCGPUTensor: backward_grads_neg_1_gpu [1000000, 400]; dev=1; size=1.49 GB
W20240204 02:35:18.379372 49358 IPCTensor.h:409] NewIPCGPUTensor: backward_grads_neg_7_gpu [1000000, 400]; dev=7; size=1.49 GB
W20240204 02:35:18.379377 48784 IPCTensor.h:409] NewIPCGPUTensor: backward_grads_neg_4_gpu [1000000, 400]; dev=4; size=1.49 GB
W20240204 02:35:18.379381 49295 IPCTensor.h:409] NewIPCGPUTensor: backward_grads_neg_0_gpu [1000000, 400]; dev=0; size=1.49 GB
W20240204 02:35:18.379382 48646 IPCTensor.h:409] NewIPCGPUTensor: backward_grads_neg_2_gpu [1000000, 400]; dev=2; size=1.49 GB
W20240204 02:35:18.379386 49118 IPCTensor.h:409] NewIPCGPUTensor: backward_grads_neg_6_gpu [1000000, 400]; dev=6; size=1.49 GB
W20240204 02:35:18.379390 48715 IPCTensor.h:409] NewIPCGPUTensor: backward_grads_neg_3_gpu [1000000, 400]; dev=3; size=1.49 GB
W20240204 02:35:18.379400 48914 IPCTensor.h:409] NewIPCGPUTensor: backward_grads_neg_5_gpu [1000000, 400]; dev=5; size=1.49 GB
cudaHostRegister 0x100026322000
2: KnownLocalCachedEmbedding init done
WARNING [48645 DistTensor.py:59] The tensor name already exists in the kvstore
cudaHostRegister 0x100026322000
6: KnownLocalCachedEmbedding init done
WARNING [49117 DistTensor.py:59] The tensor name already exists in the kvstore
cudaHostRegister 0x100026322000
1: KnownLocalCachedEmbedding init done
WARNING [48551 DistTensor.py:59] The tensor name already exists in the kvstore
[Rank7] pid = 49294
New CachedEmbedding, name=full_emb, shape=(86054151, 400), cache_type=KnownLocalCachedEmbedding
fixed cache_range is [(0, 4302707), (4302707, 8605414), (8605414, 12908121), (12908121, 17210828), (17210828, 21513535), (21513535, 25816242), (25816242, 30118949), (30118949, 34421656)]
cudaHostRegister 0x100026322000
0: KnownLocalCachedEmbedding init done
WARNING [19315 DistTensor.py:59] The tensor name already exists in the kvstore
cudaHostRegister 0x100026322000
5: KnownLocalCachedEmbedding init done
cudaHostRegister 0x100026322000
3: KnownLocalCachedEmbedding init done
WARNING [48913 DistTensor.py:59] The tensor name already exists in the kvstore
WARNING [48714 DistTensor.py:59] The tensor name already exists in the kvstore
cudaHostRegister 0x100026322000
4: KnownLocalCachedEmbedding init done
WARNING [48783 DistTensor.py:59] The tensor name already exists in the kvstore
cudaHostRegister 0x100026322000
7: KnownLocalCachedEmbedding init done
WARNING [49294 DistTensor.py:59] The tensor name already exists in the kvstore
I20240204 02:36:08.608130 49358 IPC_barrier.h:118] CreateBarrier: new barrier, name: kgcachecontroller, count: 8
I20240204 02:36:08.608211 48914 IPC_barrier.h:112] CreateBarrier: find existing barrier, name: kgcachecontroller, count: 8
I20240204 02:36:08.608757 48715 IPC_barrier.h:112] CreateBarrier: find existing barrier, name: kgcachecontroller, count: 8
I20240204 02:36:08.608800 49295 IPC_barrier.h:112] CreateBarrier: find existing barrier, name: kgcachecontroller, count: 8
I20240204 02:36:08.608852 48784 IPC_barrier.h:112] CreateBarrier: find existing barrier, name: kgcachecontroller, count: 8
I20240204 02:36:08.608891 49118 IPC_barrier.h:112] CreateBarrier: find existing barrier, name: kgcachecontroller, count: 8
I20240204 02:36:08.608960 48646 IPC_barrier.h:112] CreateBarrier: find existing barrier, name: kgcachecontroller, count: 8
I20240204 02:36:08.609036 48552 IPC_barrier.h:112] CreateBarrier: find existing barrier, name: kgcachecontroller, count: 8
W20240204 02:36:08.611701 49295 grad_base.h:55] KGCacheController, config={
        "num_gpus": 8,
        "L": 10,
        "backgrad_init": "both", 
        "kForwardItersPerStep": 2,
        "clr": 0.01,
        "nr_background_threads": 32,
        "backwardMode": "CppAsyncV2",
        "cache_ratio": 0.05,
        "update_cache_use_omp":  0,
        "update_pq_use_omp":  0
        }
W20240204 02:36:08.611943 49295 grad_base.h:184] Init GradProcessingBase done
I20240204 02:36:21.151598 49295 grad_async_v2.h:42] Use main thread to update emb.
W20240204 02:36:21.151803 49295 kg_controller.h:78] after init GradAsyncProcessingV2
I20240204 02:36:21.151813 49295 kg_controller.h:84] Construct KGCacheController done
E20240204 02:36:21.920614 49358 recstore.cc:66] init folly done
E20240204 02:36:21.921051 48715 recstore.cc:66] init folly done
E20240204 02:36:21.921056 48784 recstore.cc:66] init folly done
E20240204 02:36:21.921129 48914 recstore.cc:66] init folly done
E20240204 02:36:21.921511 48646 recstore.cc:66] init folly done
E20240204 02:36:21.921519 49295 recstore.cc:66] init folly done
E20240204 02:36:21.921651 48552 recstore.cc:66] init folly done
E20240204 02:36:21.921653 49118 recstore.cc:66] init folly done
I20240204 02:36:21.922585 49295 grad_base.h:60] GraphEnv RegTensorsPerProcess
W20240204 02:36:40.995507 53992 grad_async_v2.h:137] Detect new sample comes, old_end0, new_end1
E20240204 02:36:40.996141 53992 parallel_pq_v2.h:79] insert failed, size(hashtable)=1
+---------------------------+---------------------------+---------------------------+
| Name                      | P50                       | P99                       |
+---------------------------+---------------------------+---------------------------+
| clean                     | 165.801 us                | 318.186 us                |
+---------------------------+---------------------------+---------------------------+
W20240204 02:36:42.129470 53992 grad_async_v2.h:137] Detect new sample comes, old_end0, new_end1
E20240204 02:36:42.129603 53992 parallel_pq_v2.h:79] insert failed, size(hashtable)=1
W20240204 02:36:43.250577 53992 grad_async_v2.h:137] Detect new sample comes, old_end0, new_end1
E20240204 02:36:43.250721 53992 parallel_pq_v2.h:79] insert failed, size(hashtable)=1
W20240204 02:36:44.334772 53992 grad_async_v2.h:137] Detect new sample comes, old_end1, new_end2
E20240204 02:36:44.350011 53992 parallel_pq_v2.h:79] insert failed, size(hashtable)=0
I20240204 02:36:44.513305 49358 IPC_barrier.h:118] CreateBarrier: new barrier, name: start_barrier, count: 8
I20240204 02:36:44.546648 48914 IPC_barrier.h:112] CreateBarrier: find existing barrier, name: start_barrier, count: 8
I20240204 02:36:44.563861 48784 IPC_barrier.h:112] CreateBarrier: find existing barrier, name: start_barrier, count: 8
W20240204 02:36:45.346755 53992 grad_async_v2.h:137] Detect new sample comes, old_end1, new_end2
E20240204 02:36:45.357890 53992 parallel_pq_v2.h:79] insert failed, size(hashtable)=0
I20240204 02:36:45.467304 48646 IPC_barrier.h:112] CreateBarrier: find existing barrier, name: start_barrier, count: 8
E20240204 02:36:46.357019 53992 parallel_pq_v2.h:79] insert failed, size(hashtable)=0
I20240204 02:36:46.481429 48715 IPC_barrier.h:112] CreateBarrier: find existing barrier, name: start_barrier, count: 8
W20240204 02:36:46.516152 53992 grad_async_v2.h:137] Detect new sample comes, old_end1, new_end0
+---------------------------+---------------------------+---------------------------+
| Name                      | P50                       | P99                       |
+---------------------------+---------------------------+---------------------------+
| clean                     | 151.359 us                | 271.112 us                |
+---------------------------+---------------------------+---------------------------+
I20240204 02:36:46.966264 48552 IPC_barrier.h:112] CreateBarrier: find existing barrier, name: start_barrier, count: 8
E20240204 02:36:47.357040 53992 parallel_pq_v2.h:79] insert failed, size(hashtable)=15
W20240204 02:36:47.700649 53992 grad_async_v2.h:137] Detect new sample comes, old_end1, new_end2
I20240204 02:36:47.753249 49295 IPC_barrier.h:112] CreateBarrier: find existing barrier, name: start_barrier, count: 8
W20240204 02:36:49.111462 53992 grad_async_v2.h:137] Detect new sample comes, old_end1, new_end2
E20240204 02:36:49.127516 53992 parallel_pq_v2.h:79] insert failed, size(hashtable)=0
I20240204 02:36:49.276890 49118 IPC_barrier.h:112] CreateBarrier: find existing barrier, name: start_barrier, count: 8
E20240204 02:36:51.711112 49295 parallel_pq_v2.h:79] insert failed, size(hashtable)=0
W20240204 02:36:51.874645 49295 grad_async_v2.h:270] Sleep in <BlockToStepN>, step_no=1, pq.top=1
W20240204 02:36:51.898993 53992 grad_async_v2.h:137] Detect new sample comes, old_end1, new_end2
+---------------------------+---------------------------+---------------------------+
| Name                      | P50                       | P99                       |
+---------------------------+---------------------------+---------------------------+
| clean                     | 158.116 us                | 4.241 ms                  |
| ProcessBack:Shuffle       | 250.410 ms                | 289.057 ms                |
| ProcessBack:UpdateCache   | 696.706 ms                | 697.338 ms                |
| ProcessBack:UpsertPq      | 65.814 ms                 | 162.008 ms                |
| ProcessOneStep            | 1.439 s                   | 1.439 s                   |
| BlockToStepN              | 13.655 ms                 | 13.655 ms                 |
+---------------------------+---------------------------+---------------------------+
E20240204 02:36:52.711014 53992 parallel_pq_v2.h:79] insert failed, size(hashtable)=16
W20240204 02:36:52.884841 49295 grad_async_v2.h:270] Sleep in <BlockToStepN>, step_no=7, pq.top=7
W20240204 02:36:53.070406 53992 grad_async_v2.h:137] Detect new sample comes, old_end3, new_end9
+---------------------------+---------------------------+---------------------------+
| Name                      | P50                       | P99                       |
+---------------------------+---------------------------+---------------------------+
| GenInput                  | 6.541 ms                  | 109.025 ms                |
| Forward                   | 5.727 ms                  | 737.593 ms                |
| Backward                  | 7.765 ms                  | 256.459 ms                |
| Optimize                  | 3.142 ms                  | 10.332 ms                 |
| BarrierTimeBeforeRank0    | 9.959 ms                  | 149.459 ms                |
| AfterBackward             | 100.332 ms                | 1.439 s                   |
| BlockToStepN              | 999.738 us                | 15.377 ms                 |
| OneStep                   | 145.065 ms                | 2.618 s                   |
+---------------------------+---------------------------+---------------------------+
E20240204 02:36:53.705973 51819 grad_async_v2.h:404] Stalled in ProcessBackward: rank=5, step_no=13, sample_step_cpp_seen_[rank]=12
E20240204 02:36:53.711628 53992 parallel_pq_v2.h:79] insert failed, size(hashtable)=0
W20240204 02:36:54.306650 53992 grad_async_v2.h:137] Detect new sample comes, old_end6, new_end4
E20240204 02:36:54.711014 53992 parallel_pq_v2.h:79] insert failed, size(hashtable)=169
W20240204 02:36:55.308308 49295 grad_async_v2.h:270] Sleep in <BlockToStepN>, step_no=14, pq.top=14
W20240204 02:36:55.315448 53992 grad_async_v2.h:137] Detect new sample comes, old_end4, new_end5
E20240204 02:36:55.711012 49295 parallel_pq_v2.h:79] insert failed, size(hashtable)=881
W20240204 02:36:56.352264 49295 grad_async_v2.h:270] Sleep in <BlockToStepN>, step_no=21, pq.top=21
W20240204 02:36:56.484021 53992 grad_async_v2.h:137] Detect new sample comes, old_end5, new_end2
E20240204 02:36:56.711010 49295 parallel_pq_v2.h:79] insert failed, size(hashtable)=39
+---------------------------+---------------------------+---------------------------+
| Name                      | P50                       | P99                       |
+---------------------------+---------------------------+---------------------------+
| clean                     | 389.720 us                | 5.865 ms                  |
| ProcessBack:Shuffle       | 8.228 ms                  | 289.057 ms                |
| ProcessBack:UpdateCache   | 10.461 ms                 | 697.338 ms                |
| ProcessBack:UpsertPq      | 36.564 ms                 | 194.393 ms                |
| ProcessOneStep            | 112.352 ms                | 1.619 s                   |
| BlockToStepN              | 958.961 us                | 14.919 ms                 |
+---------------------------+---------------------------+---------------------------+
W20240204 02:36:57.492137 49295 grad_async_v2.h:270] Sleep in <BlockToStepN>, step_no=27, pq.top=27
E20240204 02:36:57.711016 53992 parallel_pq_v2.h:79] insert failed, size(hashtable)=1
W20240204 02:36:57.776492 53992 grad_async_v2.h:137] Detect new sample comes, old_end9, new_end8
+---------------------------+---------------------------+---------------------------+
| Name                      | P50                       | P99                       |
+---------------------------+---------------------------+---------------------------+
| GenInput                  | 6.136 ms                  | 120.176 ms                |
| Forward                   | 6.072 ms                  | 737.593 ms                |
| Backward                  | 5.708 ms                  | 256.459 ms                |
| Optimize                  | 2.819 ms                  | 10.332 ms                 |
| BarrierTimeBeforeRank0    | 4.926 ms                  | 149.459 ms                |
| AfterBackward             | 112.405 ms                | 1.619 s                   |
| BlockToStepN              | 1.045 ms                  | 15.377 ms                 |
| OneStep                   | 151.388 ms                | 2.618 s                   |
+---------------------------+---------------------------+---------------------------+
E20240204 02:36:58.705006 49295 grad_async_v2.h:404] Stalled in ProcessBackward: rank=0, step_no=27, sample_step_cpp_seen_[rank]=26
E20240204 02:36:58.711006 53992 parallel_pq_v2.h:79] insert failed, size(hashtable)=263
W20240204 02:36:58.834954 53992 grad_async_v2.h:137] Detect new sample comes, old_end5, new_end8
W20240204 02:36:59.138134 49295 grad_async_v2.h:270] Sleep in <BlockToStepN>, step_no=29, pq.top=29
E20240204 02:36:59.712394 53992 parallel_pq_v2.h:79] insert failed, size(hashtable)=1
W20240204 02:36:59.854678 53992 grad_async_v2.h:137] Detect new sample comes, old_end9, new_end5
W20240204 02:37:00.208290 49295 grad_async_v2.h:270] Sleep in <BlockToStepN>, step_no=38, pq.top=38
E20240204 02:37:00.713999 53992 parallel_pq_v2.h:79] insert failed, size(hashtable)=1
W20240204 02:37:01.041420 53992 grad_async_v2.h:137] Detect new sample comes, old_end4, new_end1
E20240204 02:37:01.722352 53992 parallel_pq_v2.h:79] insert failed, size(hashtable)=1
+---------------------------+---------------------------+---------------------------+
| Name                      | P50                       | P99                       |
+---------------------------+---------------------------+---------------------------+
| clean                     | 361.193 us                | 3.425 ms                  |
| ProcessBack:Shuffle       | 8.476 ms                  | 250.410 ms                |
| ProcessBack:UpdateCache   | 10.569 ms                 | 696.706 ms                |
| ProcessBack:UpsertPq      | 35.507 ms                 | 164.306 ms                |
| ProcessOneStep            | 112.018 ms                | 1.619 s                   |
| BlockToStepN              | 926.990 us                | 14.919 ms                 |
+---------------------------+---------------------------+---------------------------+
W20240204 02:37:02.048799 53992 grad_async_v2.h:137] Detect new sample comes, old_end2, new_end3
E20240204 02:37:02.722369 53992 parallel_pq_v2.h:79] insert failed, size(hashtable)=1
W20240204 02:37:03.083103 49295 grad_async_v2.h:270] Sleep in <BlockToStepN>, step_no=51, pq.top=51
W20240204 02:37:03.202647 53992 grad_async_v2.h:137] Detect new sample comes, old_end4, new_end3
+---------------------------+---------------------------+---------------------------+
| Name                      | P50                       | P99                       |
+---------------------------+---------------------------+---------------------------+
| GenInput                  | 6.572 ms                  | 120.176 ms                |
| Forward                   | 6.072 ms                  | 10.282 ms                 |
| Backward                  | 5.959 ms                  | 35.759 ms                 |
| Optimize                  | 2.819 ms                  | 6.012 ms                  |
| BarrierTimeBeforeRank0    | 3.616 ms                  | 86.351 ms                 |
| AfterBackward             | 111.713 ms                | 1.474 s                   |
| BlockToStepN              | 798.008 us                | 15.015 ms                 |
| OneStep                   | 145.065 ms                | 1.651 s                   |
+---------------------------+---------------------------+---------------------------+
E20240204 02:37:03.722010 53992 parallel_pq_v2.h:79] insert failed, size(hashtable)=6099
E20240204 02:37:03.774121 49295 grad_async_v2.h:404] Stalled in ProcessBackward: rank=2, step_no=56, sample_step_cpp_seen_[rank]=55
W20240204 02:37:04.323372 53992 grad_async_v2.h:137] Detect new sample comes, old_end1, new_end8
E20240204 02:37:04.722119 53992 parallel_pq_v2.h:79] insert failed, size(hashtable)=1
W20240204 02:37:05.037858 49295 grad_async_v2.h:270] Sleep in <BlockToStepN>, step_no=59, pq.top=59
W20240204 02:37:05.370659 53992 grad_async_v2.h:137] Detect new sample comes, old_end9, new_end2
E20240204 02:37:05.722047 54222 parallel_pq_v2.h:79] insert failed, size(hashtable)=17439
W20240204 02:37:06.037243 49295 grad_async_v2.h:270] Sleep in <BlockToStepN>, step_no=67, pq.top=67
W20240204 02:37:06.488031 53992 grad_async_v2.h:137] Detect new sample comes, old_end1, new_end0
E20240204 02:37:06.727578 53992 parallel_pq_v2.h:79] insert failed, size(hashtable)=1
+---------------------------+---------------------------+---------------------------+
| Name                      | P50                       | P99                       |
+---------------------------+---------------------------+---------------------------+
| clean                     | 495.169 us                | 6.425 ms                  |
| ProcessBack:Shuffle       | 8.621 ms                  | 250.410 ms                |
| ProcessBack:UpdateCache   | 10.813 ms                 | 696.706 ms                |
| ProcessBack:UpsertPq      | 36.564 ms                 | 164.306 ms                |
| ProcessOneStep            | 111.575 ms                | 1.474 s                   |
| BlockToStepN              | 958.961 us                | 14.919 ms                 |
+---------------------------+---------------------------+---------------------------+
W20240204 02:37:07.037132 49295 grad_async_v2.h:270] Sleep in <BlockToStepN>, step_no=72, pq.top=72
W20240204 02:37:07.496714 53992 grad_async_v2.h:137] Detect new sample comes, old_end5, new_end3
E20240204 02:37:07.727010 53992 parallel_pq_v2.h:79] insert failed, size(hashtable)=602
W20240204 02:37:08.550099 53992 grad_async_v2.h:137] Detect new sample comes, old_end3, new_end7
+---------------------------+---------------------------+---------------------------+
| Name                      | P50                       | P99                       |
+---------------------------+---------------------------+---------------------------+
| GenInput                  | 6.541 ms                  | 124.183 ms                |
| Forward                   | 5.792 ms                  | 10.282 ms                 |
| Backward                  | 5.905 ms                  | 35.759 ms                 |
| Optimize                  | 2.886 ms                  | 7.617 ms                  |
| BarrierTimeBeforeRank0    | 4.329 ms                  | 86.351 ms                 |
| AfterBackward             | 110.899 ms                | 1.474 s                   |
| BlockToStepN              | 873.450 us                | 15.377 ms                 |
| OneStep                   | 142.634 ms                | 1.651 s                   |
+---------------------------+---------------------------+---------------------------+
E20240204 02:37:08.730489 53992 parallel_pq_v2.h:79] insert failed, size(hashtable)=1
W20240204 02:37:09.398025 49295 grad_async_v2.h:270] Sleep in <BlockToStepN>, step_no=83, pq.top=83
W20240204 02:37:09.563103 53992 grad_async_v2.h:137] Detect new sample comes, old_end6, new_end5
E20240204 02:37:09.654764 51819 grad_async_v2.h:404] Stalled in ProcessBackward: rank=3, step_no=85, sample_step_cpp_seen_[rank]=84
E20240204 02:37:09.730010 53992 parallel_pq_v2.h:79] insert failed, size(hashtable)=6724
W20240204 02:37:10.643492 53992 grad_async_v2.h:137] Detect new sample comes, old_end1, new_end6
E20240204 02:37:10.730005 53992 parallel_pq_v2.h:79] insert failed, size(hashtable)=6
W20240204 02:37:10.906358 49295 grad_async_v2.h:270] Sleep in <BlockToStepN>, step_no=86, pq.top=86
W20240204 02:37:11.664554 53992 grad_async_v2.h:137] Detect new sample comes, old_end8, new_end1
E20240204 02:37:11.730013 53992 parallel_pq_v2.h:79] insert failed, size(hashtable)=3056
+---------------------------+---------------------------+---------------------------+
| Name                      | P50                       | P99                       |
+---------------------------+---------------------------+---------------------------+
| clean                     | 419.059 us                | 7.736 ms                  |
| ProcessBack:Shuffle       | 8.485 ms                  | 27.624 ms                 |
| ProcessBack:UpdateCache   | 10.813 ms                 | 62.958 ms                 |
| ProcessBack:UpsertPq      | 31.404 ms                 | 162.513 ms                |
| ProcessOneStep            | 108.754 ms                | 1.474 s                   |
| BlockToStepN              | 779.350 us                | 14.919 ms                 |
+---------------------------+---------------------------+---------------------------+
W20240204 02:37:11.946979 49295 grad_async_v2.h:270] Sleep in <BlockToStepN>, step_no=94, pq.top=94
W20240204 02:37:12.723927 53992 grad_async_v2.h:137] Detect new sample comes, old_end1, new_end0
E20240204 02:37:12.730468 54241 parallel_pq_v2.h:79] insert failed, size(hashtable)=96
+---------------------------+---------------------------+---------------------------+
| Name                      | P50                       | P99                       |
+---------------------------+---------------------------+---------------------------+
| GenInput                  | 5.686 ms                  | 124.183 ms                |
| Forward                   | 5.644 ms                  | 10.282 ms                 |
| Backward                  | 5.647 ms                  | 35.759 ms                 |
| Optimize                  | 2.857 ms                  | 7.617 ms                  |
| BarrierTimeBeforeRank0    | 3.616 ms                  | 97.062 ms                 |
| AfterBackward             | 105.050 ms                | 1.474 s                   |
| BlockToStepN              | 999.738 us                | 15.377 ms                 |
| OneStep                   | 136.052 ms                | 1.651 s                   |
+---------------------------+---------------------------+---------------------------+
E20240204 02:37:13.730018 53992 parallel_pq_v2.h:79] insert failed, size(hashtable)=588
W20240204 02:37:13.738098 53992 grad_async_v2.h:137] Detect new sample comes, old_end9, new_end0
train_sampler.Prefill()
before start barrier
start train
[proc 2] 100 steps, total: 28.322, sample: 1.430, forward: 1.471, backward: 0.818, update: 0.275
train_sampler.Prefill()
before start barrier
start train
[proc 6] 100 steps, total: 24.512, sample: 1.340, forward: 1.318, backward: 0.894, update: 0.252
train_sampler.Prefill()
before start barrier
start train
