WARNING: Logging before InitGoogleLogging() is written to STDERR
I20240211 08:50:11.608405 29392 IPC_barrier.h:128] MultiProcessBarrierFactory->ClearIPCMemory()
W20240211 08:50:11.615450 29392 IPCTensor.h:369] NewIPCTensor: full_emb [9449206, 32]0x100000002000 1.126 GB
/data/home/xieminhui/RecStore/src/framework_adapters/torch/python/perf_rec_model.py:152: DeprecationWarning: The 'warn' function is deprecated, use 'warning' instead
  XLOG.warn("After init DistEmbedding")
WARNING [29392 perf_rec_model.py:152] After init DistEmbedding
========== Running Perf with routine <function routine_local_cache_helper at 0x7f73600ed8a0>==========
Worker 1 pid=31566
Worker 2 pid=31567
Worker 3 pid=31568
Worker 4 pid=31569
Worker 5 pid=31570
Worker 6 pid=31571
INFO [29392 distributed_c10d.py:442] Added key: store_based_barrier_key:1 to store for rank: 0
INFO [31566 distributed_c10d.py:442] Added key: store_based_barrier_key:1 to store for rank: 1
INFO [31567 distributed_c10d.py:442] Added key: store_based_barrier_key:1 to store for rank: 2
INFO [31568 distributed_c10d.py:442] Added key: store_based_barrier_key:1 to store for rank: 3
INFO [31569 distributed_c10d.py:442] Added key: store_based_barrier_key:1 to store for rank: 4
INFO [31570 distributed_c10d.py:442] Added key: store_based_barrier_key:1 to store for rank: 5
INFO [29392 distributed_c10d.py:476] Rank 0: Completed store-based barrier for key:store_based_barrier_key:1 with 8 nodes.
INFO [31572 distributed_c10d.py:442] Added key: store_based_barrier_key:1 to store for rank: 7
INFO [31571 distributed_c10d.py:442] Added key: store_based_barrier_key:1 to store for rank: 6
INFO [31570 distributed_c10d.py:476] Rank 5: Completed store-based barrier for key:store_based_barrier_key:1 with 8 nodes.
INFO [31572 distributed_c10d.py:476] Rank 7: Completed store-based barrier for key:store_based_barrier_key:1 with 8 nodes.
INFO [31571 distributed_c10d.py:476] Rank 6: Completed store-based barrier for key:store_based_barrier_key:1 with 8 nodes.
INFO [31568 distributed_c10d.py:476] Rank 3: Completed store-based barrier for key:store_based_barrier_key:1 with 8 nodes.
INFO [31566 distributed_c10d.py:476] Rank 1: Completed store-based barrier for key:store_based_barrier_key:1 with 8 nodes.
INFO [31569 distributed_c10d.py:476] Rank 4: Completed store-based barrier for key:store_based_barrier_key:1 with 8 nodes.
E20240211 08:50:17.893007 29392 IPCTensor.h:348] IPCTensor full_emb already exists
E20240211 08:50:17.893486 31570 IPCTensor.h:348] IPCTensor full_emb already exists
INFO [31567 distributed_c10d.py:476] Rank 2: Completed store-based barrier for key:store_based_barrier_key:1 with 8 nodes.
E20240211 08:50:17.894694 31569 IPCTensor.h:348] IPCTensor full_emb already exists
E20240211 08:50:17.894697 31572 IPCTensor.h:348] IPCTensor full_emb already exists
E20240211 08:50:17.894697 31568 IPCTensor.h:348] IPCTensor full_emb already exists
E20240211 08:50:17.894694 31566 IPCTensor.h:348] IPCTensor full_emb already exists
E20240211 08:50:17.894692 31571 IPCTensor.h:348] IPCTensor full_emb already exists
E20240211 08:50:17.895277 31567 IPCTensor.h:348] IPCTensor full_emb already exists
W20240211 08:50:24.254042 31570 IPCTensor.h:409] NewIPCGPUTensor: embedding_cache_5 [94492, 32]; dev=5; size=11.53 MB
W20240211 08:50:24.256083 31569 IPCTensor.h:409] NewIPCGPUTensor: embedding_cache_4 [94492, 32]; dev=4; size=11.53 MB
W20240211 08:50:24.256124 31567 IPCTensor.h:409] NewIPCGPUTensor: embedding_cache_2 [94492, 32]; dev=2; size=11.53 MB
W20240211 08:50:24.257550 31568 IPCTensor.h:409] NewIPCGPUTensor: embedding_cache_3 [94492, 32]; dev=3; size=11.53 MB
W20240211 08:50:24.258231 29392 IPCTensor.h:409] NewIPCGPUTensor: embedding_cache_0 [94492, 32]; dev=0; size=11.53 MB
W20240211 08:50:24.258347 31572 IPCTensor.h:409] NewIPCGPUTensor: embedding_cache_7 [94492, 32]; dev=7; size=11.53 MB
W20240211 08:50:24.258415 31571 IPCTensor.h:409] NewIPCGPUTensor: embedding_cache_6 [94492, 32]; dev=6; size=11.53 MB
W20240211 08:50:24.258426 31566 IPCTensor.h:409] NewIPCGPUTensor: embedding_cache_1 [94492, 32]; dev=1; size=11.53 MB
W20240211 08:50:25.033450 31570 IPCTensor.h:369] NewIPCTensor: input_keys_5 [1000000]0x10004817d000 7.629 MB
W20240211 08:50:25.033670 31570 IPCTensor.h:369] NewIPCTensor: input_keys_neg_5 [1000000]0x100048920000 7.629 MB
W20240211 08:50:25.033735 31570 IPCTensor.h:369] NewIPCTensor: backward_grads_5 [1000000, 32]0x1000490c3000 122.1 MB
W20240211 08:50:25.033799 31570 IPCTensor.h:369] NewIPCTensor: backward_grads_neg_5 [1000000, 32]0x100050ad7000 122.1 MB
W20240211 08:50:25.033839 31570 IPCTensor.h:409] NewIPCGPUTensor: backward_grads_5_gpu [1000000, 32]; dev=5; size=122.1 MB
W20240211 08:50:25.035989 31570 IPCTensor.h:409] NewIPCGPUTensor: backward_grads_neg_5_gpu [1000000, 32]; dev=5; size=122.1 MB
W20240211 08:50:25.039265 29392 IPCTensor.h:369] NewIPCTensor: input_keys_0 [1000000]0x1000584f1000 7.629 MB
W20240211 08:50:25.039454 29392 IPCTensor.h:369] NewIPCTensor: input_keys_neg_0 [1000000]0x100058c94000 7.629 MB
W20240211 08:50:25.039516 29392 IPCTensor.h:369] NewIPCTensor: backward_grads_0 [1000000, 32]0x100059437000 122.1 MB
W20240211 08:50:25.039568 29392 IPCTensor.h:369] NewIPCTensor: backward_grads_neg_0 [1000000, 32]0x100060e4b000 122.1 MB
W20240211 08:50:25.039604 29392 IPCTensor.h:409] NewIPCGPUTensor: backward_grads_0_gpu [1000000, 32]; dev=0; size=122.1 MB
W20240211 08:50:25.039966 29392 IPCTensor.h:409] NewIPCGPUTensor: backward_grads_neg_0_gpu [1000000, 32]; dev=0; size=122.1 MB
W20240211 08:50:25.068246 31571 IPCTensor.h:369] NewIPCTensor: input_keys_6 [1000000]0x100068865000 7.629 MB
W20240211 08:50:25.068424 31571 IPCTensor.h:369] NewIPCTensor: input_keys_neg_6 [1000000]0x100069008000 7.629 MB
W20240211 08:50:25.068493 31571 IPCTensor.h:369] NewIPCTensor: backward_grads_6 [1000000, 32]0x1000697ab000 122.1 MB
W20240211 08:50:25.068552 31571 IPCTensor.h:369] NewIPCTensor: backward_grads_neg_6 [1000000, 32]0x1000711bf000 122.1 MB
W20240211 08:50:25.068600 31571 IPCTensor.h:409] NewIPCGPUTensor: backward_grads_6_gpu [1000000, 32]; dev=6; size=122.1 MB
W20240211 08:50:25.074364 31571 IPCTensor.h:409] NewIPCGPUTensor: backward_grads_neg_6_gpu [1000000, 32]; dev=6; size=122.1 MB
W20240211 08:50:25.074846 31572 IPCTensor.h:369] NewIPCTensor: input_keys_7 [1000000]0x100078bd7000 7.629 MB
W20240211 08:50:25.074992 31572 IPCTensor.h:369] NewIPCTensor: input_keys_neg_7 [1000000]0x10007937c000 7.629 MB
W20240211 08:50:25.075124 31572 IPCTensor.h:369] NewIPCTensor: backward_grads_7 [1000000, 32]0x100079b1f000 122.1 MB
W20240211 08:50:25.075182 31572 IPCTensor.h:369] NewIPCTensor: backward_grads_neg_7 [1000000, 32]0x100081533000 122.1 MB
W20240211 08:50:25.075220 31572 IPCTensor.h:409] NewIPCGPUTensor: backward_grads_7_gpu [1000000, 32]; dev=7; size=122.1 MB
W20240211 08:50:25.075680 31572 IPCTensor.h:409] NewIPCGPUTensor: backward_grads_neg_7_gpu [1000000, 32]; dev=7; size=122.1 MB
W20240211 08:50:25.082700 31568 IPCTensor.h:369] NewIPCTensor: input_keys_3 [1000000]0x100088f4d000 7.629 MB
W20240211 08:50:25.082836 31568 IPCTensor.h:369] NewIPCTensor: input_keys_neg_3 [1000000]0x1000896f0000 7.629 MB
W20240211 08:50:25.082907 31568 IPCTensor.h:369] NewIPCTensor: backward_grads_3 [1000000, 32]0x100089e93000 122.1 MB
W20240211 08:50:25.082964 31568 IPCTensor.h:369] NewIPCTensor: backward_grads_neg_3 [1000000, 32]0x1000918a7000 122.1 MB
W20240211 08:50:25.083019 31568 IPCTensor.h:409] NewIPCGPUTensor: backward_grads_3_gpu [1000000, 32]; dev=3; size=122.1 MB
W20240211 08:50:25.083381 31568 IPCTensor.h:409] NewIPCGPUTensor: backward_grads_neg_3_gpu [1000000, 32]; dev=3; size=122.1 MB
W20240211 08:50:25.092465 31569 IPCTensor.h:369] NewIPCTensor: input_keys_4 [1000000]0x1000992c1000 7.629 MB
W20240211 08:50:25.092608 31569 IPCTensor.h:369] NewIPCTensor: input_keys_neg_4 [1000000]0x100099a64000 7.629 MB
W20240211 08:50:25.092669 31569 IPCTensor.h:369] NewIPCTensor: backward_grads_4 [1000000, 32]0x10009a207000 122.1 MB
W20240211 08:50:25.092720 31569 IPCTensor.h:369] NewIPCTensor: backward_grads_neg_4 [1000000, 32]0x1000a1c1b000 122.1 MB
W20240211 08:50:25.092757 31569 IPCTensor.h:409] NewIPCGPUTensor: backward_grads_4_gpu [1000000, 32]; dev=4; size=122.1 MB
W20240211 08:50:25.212882 31567 IPCTensor.h:369] NewIPCTensor: input_keys_2 [1000000]0x1000a9631000 7.629 MB
W20240211 08:50:25.213142 31567 IPCTensor.h:369] NewIPCTensor: input_keys_neg_2 [1000000]0x1000a9dd6000 7.629 MB
W20240211 08:50:25.213121 31569 IPCTensor.h:409] NewIPCGPUTensor: backward_grads_neg_4_gpu [1000000, 32]; dev=4; size=122.1 MB
W20240211 08:50:25.213259 31567 IPCTensor.h:369] NewIPCTensor: backward_grads_2 [1000000, 32]0x1000aa579000 122.1 MB
W20240211 08:50:25.213362 31567 IPCTensor.h:369] NewIPCTensor: backward_grads_neg_2 [1000000, 32]0x1000b1f8f000 122.1 MB
W20240211 08:50:25.213435 31567 IPCTensor.h:409] NewIPCGPUTensor: backward_grads_2_gpu [1000000, 32]; dev=2; size=122.1 MB
W20240211 08:50:25.213827 31566 IPCTensor.h:369] NewIPCTensor: input_keys_1 [1000000]0x1000b99a3000 7.629 MB
W20240211 08:50:25.214107 31566 IPCTensor.h:369] NewIPCTensor: input_keys_neg_1 [1000000]0x1000ba146000 7.629 MB
W20240211 08:50:25.214238 31566 IPCTensor.h:369] NewIPCTensor: backward_grads_1 [1000000, 32]0x1000ba8e9000 122.1 MB
W20240211 08:50:25.214373 31566 IPCTensor.h:369] NewIPCTensor: backward_grads_neg_1 [1000000, 32]0x1000c22fd000 122.1 MB
W20240211 08:50:25.214465 31566 IPCTensor.h:409] NewIPCGPUTensor: backward_grads_1_gpu [1000000, 32]; dev=1; size=122.1 MB
W20240211 08:50:25.222553 31567 IPCTensor.h:409] NewIPCGPUTensor: backward_grads_neg_2_gpu [1000000, 32]; dev=2; size=122.1 MB
W20240211 08:50:25.223176 31566 IPCTensor.h:409] NewIPCGPUTensor: backward_grads_neg_1_gpu [1000000, 32]; dev=1; size=122.1 MB
cudaHostRegister 0x100000002000
3: KnownLocalCachedEmbedding init done
cudaHostRegister 0x100000002000
5: KnownLocalCachedEmbedding init done
cudaHostRegister 0x100000002000
7: KnownLocalCachedEmbedding init done
cudaHostRegister 0x100000002000
4: KnownLocalCachedEmbedding init done
cudaHostRegister 0x100000002000
1: KnownLocalCachedEmbedding init done
cudaHostRegister 0x100000002000
6: KnownLocalCachedEmbedding init done
Worker 7 pid=31572
New CachedEmbedding, name=full_emb, shape=(9449206, 32), cache_type=KnownLocalCachedEmbedding
fixed cache_range is [(0, 94492), (94492, 188984), (188984, 283476), (283476, 377968), (377968, 472460), (472460, 566952), (566952, 661444), (661444, 755936)]
cudaHostRegister 0x100000002000
0: KnownLocalCachedEmbedding init done
cudaHostRegister 0x100000002000
2: KnownLocalCachedEmbedding init done
W20240211 08:50:29.851284 31570 IPCTensor.h:369] NewIPCTensor: cached_sampler_r5_0 [1000000]0x1000c9d1b000 7.629 MB
W20240211 08:50:29.851492 31570 IPCTensor.h:369] NewIPCTensor: cached_sampler_r5_1 [1000000]0x1000ca4be000 7.629 MB
W20240211 08:50:29.851552 31570 IPCTensor.h:369] NewIPCTensor: cached_sampler_r5_2 [1000000]0x1000cac61000 7.629 MB
W20240211 08:50:29.851591 31570 IPCTensor.h:369] NewIPCTensor: cached_sampler_r5_3 [1000000]0x1000cb404000 7.629 MB
W20240211 08:50:29.851637 31570 IPCTensor.h:369] NewIPCTensor: cached_sampler_r5_4 [1000000]0x1000cbba7000 7.629 MB
W20240211 08:50:29.851675 31570 IPCTensor.h:369] NewIPCTensor: cached_sampler_r5_5 [1000000]0x1000cc34a000 7.629 MB
W20240211 08:50:29.851730 31570 IPCTensor.h:369] NewIPCTensor: cached_sampler_r5_6 [1000000]0x1000ccaed000 7.629 MB
W20240211 08:50:29.851795 31570 IPCTensor.h:369] NewIPCTensor: cached_sampler_r5_7 [1000000]0x1000cd290000 7.629 MB
W20240211 08:50:29.851835 31570 IPCTensor.h:369] NewIPCTensor: cached_sampler_r5_8 [1000000]0x1000cda33000 7.629 MB
W20240211 08:50:29.851876 31570 IPCTensor.h:369] NewIPCTensor: cached_sampler_r5_9 [1000000]0x1000ce1d6000 7.629 MB
W20240211 08:50:29.851924 31570 IPCTensor.h:369] NewIPCTensor: step_r5 [10]0x1000ce979000 80 B 
W20240211 08:50:29.851971 31570 IPCTensor.h:369] NewIPCTensor: circle_buffer_end_r5 [1]0x1000ce97b000 8 B 
W20240211 08:50:29.852005 31570 IPCTensor.h:369] NewIPCTensor: circle_buffer_end_cppseen_r5 [1]0x1000ce97d000 8 B 
Dataset:  /home/xieminhui/RecStoreDataset/avazu_binary
Dataset loaded
np.max =  9449205
np.min=  1
Construct RecModelSampler done
I20240211 08:50:29.852571 31570 IPC_barrier.h:118] CreateBarrier: new barrier, name: kgcachecontroller, count: 8
W20240211 08:50:30.016794 31571 IPCTensor.h:369] NewIPCTensor: cached_sampler_r6_0 [1000000]0x1000ce97f000 7.629 MB
W20240211 08:50:30.016988 31571 IPCTensor.h:369] NewIPCTensor: cached_sampler_r6_1 [1000000]0x1000cf122000 7.629 MB
W20240211 08:50:30.017045 31571 IPCTensor.h:369] NewIPCTensor: cached_sampler_r6_2 [1000000]0x1000cf8c5000 7.629 MB
W20240211 08:50:30.017087 31571 IPCTensor.h:369] NewIPCTensor: cached_sampler_r6_3 [1000000]0x1000d0068000 7.629 MB
W20240211 08:50:30.017132 31571 IPCTensor.h:369] NewIPCTensor: cached_sampler_r6_4 [1000000]0x1000d080b000 7.629 MB
W20240211 08:50:30.017174 31571 IPCTensor.h:369] NewIPCTensor: cached_sampler_r6_5 [1000000]0x1000d0fae000 7.629 MB
W20240211 08:50:30.017236 31571 IPCTensor.h:369] NewIPCTensor: cached_sampler_r6_6 [1000000]0x1000d1751000 7.629 MB
W20240211 08:50:30.017294 31571 IPCTensor.h:369] NewIPCTensor: cached_sampler_r6_7 [1000000]0x1000d1ef4000 7.629 MB
W20240211 08:50:30.017333 31571 IPCTensor.h:369] NewIPCTensor: cached_sampler_r6_8 [1000000]0x1000d2697000 7.629 MB
W20240211 08:50:30.017370 31571 IPCTensor.h:369] NewIPCTensor: cached_sampler_r6_9 [1000000]0x1000d2e3a000 7.629 MB
W20240211 08:50:30.017416 31571 IPCTensor.h:369] NewIPCTensor: step_r6 [10]0x1000d35dd000 80 B 
W20240211 08:50:30.017453 31571 IPCTensor.h:369] NewIPCTensor: circle_buffer_end_r6 [1]0x1000d35df000 8 B 
W20240211 08:50:30.017491 31571 IPCTensor.h:369] NewIPCTensor: circle_buffer_end_cppseen_r6 [1]0x1000d35e1000 8 B 
W20240211 08:50:30.017652 31567 IPCTensor.h:369] NewIPCTensor: cached_sampler_r2_0 [1000000]0x1000d35e3000 7.629 MB
Dataset:  /home/xieminhui/RecStoreDataset/avazu_binary
Dataset loaded
np.max =  9449205
np.min=  1
Construct RecModelSampler done
W20240211 08:50:30.017802 31567 IPCTensor.h:369] NewIPCTensor: cached_sampler_r2_1 [1000000]0x1000d3d86000 7.629 MB
W20240211 08:50:30.017866 31567 IPCTensor.h:369] NewIPCTensor: cached_sampler_r2_2 [1000000]0x1000d4529000 7.629 MB
W20240211 08:50:30.017905 31567 IPCTensor.h:369] NewIPCTensor: cached_sampler_r2_3 [1000000]0x1000d4ccc000 7.629 MB
I20240211 08:50:30.017904 31571 IPC_barrier.h:112] CreateBarrier: find existing barrier, name: kgcachecontroller, count: 8
W20240211 08:50:30.017948 31567 IPCTensor.h:369] NewIPCTensor: cached_sampler_r2_4 [1000000]0x1000d546f000 7.629 MB
W20240211 08:50:30.017987 31567 IPCTensor.h:369] NewIPCTensor: cached_sampler_r2_5 [1000000]0x1000d5c12000 7.629 MB
W20240211 08:50:30.018039 31567 IPCTensor.h:369] NewIPCTensor: cached_sampler_r2_6 [1000000]0x1000d63b5000 7.629 MB
W20240211 08:50:30.018098 31567 IPCTensor.h:369] NewIPCTensor: cached_sampler_r2_7 [1000000]0x1000d6b58000 7.629 MB
W20240211 08:50:30.018133 31567 IPCTensor.h:369] NewIPCTensor: cached_sampler_r2_8 [1000000]0x1000d72fb000 7.629 MB
W20240211 08:50:30.018167 31567 IPCTensor.h:369] NewIPCTensor: cached_sampler_r2_9 [1000000]0x1000d7a9e000 7.629 MB
W20240211 08:50:30.018208 31567 IPCTensor.h:369] NewIPCTensor: step_r2 [10]0x1000d8241000 80 B 
W20240211 08:50:30.018242 31567 IPCTensor.h:369] NewIPCTensor: circle_buffer_end_r2 [1]0x1000d8243000 8 B 
W20240211 08:50:30.018278 31567 IPCTensor.h:369] NewIPCTensor: circle_buffer_end_cppseen_r2 [1]0x1000d8245000 8 B 
Dataset:  /home/xieminhui/RecStoreDataset/avazu_binary
Dataset loaded
np.max =  9449205
np.min=  1
Construct RecModelSampler done
I20240211 08:50:30.018671 31567 IPC_barrier.h:112] CreateBarrier: find existing barrier, name: kgcachecontroller, count: 8
W20240211 08:50:30.025882 31568 IPCTensor.h:369] NewIPCTensor: cached_sampler_r3_0 [1000000]0x1000d8247000 7.629 MB
W20240211 08:50:30.026032 31568 IPCTensor.h:369] NewIPCTensor: cached_sampler_r3_1 [1000000]0x1000d89ea000 7.629 MB
W20240211 08:50:30.026094 31568 IPCTensor.h:369] NewIPCTensor: cached_sampler_r3_2 [1000000]0x1000d918d000 7.629 MB
W20240211 08:50:30.026139 31568 IPCTensor.h:369] NewIPCTensor: cached_sampler_r3_3 [1000000]0x1000d9930000 7.629 MB
W20240211 08:50:30.026185 31568 IPCTensor.h:369] NewIPCTensor: cached_sampler_r3_4 [1000000]0x1000da0d3000 7.629 MB
W20240211 08:50:30.026232 31568 IPCTensor.h:369] NewIPCTensor: cached_sampler_r3_5 [1000000]0x1000da876000 7.629 MB
W20240211 08:50:30.026288 31568 IPCTensor.h:369] NewIPCTensor: cached_sampler_r3_6 [1000000]0x1000db019000 7.629 MB
W20240211 08:50:30.026351 31568 IPCTensor.h:369] NewIPCTensor: cached_sampler_r3_7 [1000000]0x1000db7bc000 7.629 MB
W20240211 08:50:30.026391 31568 IPCTensor.h:369] NewIPCTensor: cached_sampler_r3_8 [1000000]0x1000dbf5f000 7.629 MB
W20240211 08:50:30.026427 31568 IPCTensor.h:369] NewIPCTensor: cached_sampler_r3_9 [1000000]0x1000dc702000 7.629 MB
W20240211 08:50:30.026465 31568 IPCTensor.h:369] NewIPCTensor: step_r3 [10]0x1000dcea5000 80 B 
W20240211 08:50:30.026500 31568 IPCTensor.h:369] NewIPCTensor: circle_buffer_end_r3 [1]0x1000dcea7000 8 B 
W20240211 08:50:30.026540 31568 IPCTensor.h:369] NewIPCTensor: circle_buffer_end_cppseen_r3 [1]0x1000dcea9000 8 B 
Dataset:  /home/xieminhui/RecStoreDataset/avazu_binary
Dataset loaded
np.max =  9449205
np.min=  1
Construct RecModelSampler done
I20240211 08:50:30.026899 31568 IPC_barrier.h:112] CreateBarrier: find existing barrier, name: kgcachecontroller, count: 8
W20240211 08:50:30.036478 31572 IPCTensor.h:369] NewIPCTensor: cached_sampler_r7_0 [1000000]0x1000dceab000 7.629 MB
W20240211 08:50:30.036634 31572 IPCTensor.h:369] NewIPCTensor: cached_sampler_r7_1 [1000000]0x1000dd64e000 7.629 MB
W20240211 08:50:30.036692 31572 IPCTensor.h:369] NewIPCTensor: cached_sampler_r7_2 [1000000]0x1000dddf1000 7.629 MB
W20240211 08:50:30.036739 31572 IPCTensor.h:369] NewIPCTensor: cached_sampler_r7_3 [1000000]0x1000de594000 7.629 MB
W20240211 08:50:30.036784 31572 IPCTensor.h:369] NewIPCTensor: cached_sampler_r7_4 [1000000]0x1000ded37000 7.629 MB
W20240211 08:50:30.036823 31572 IPCTensor.h:369] NewIPCTensor: cached_sampler_r7_5 [1000000]0x1000df4da000 7.629 MB
W20240211 08:50:30.036895 31572 IPCTensor.h:369] NewIPCTensor: cached_sampler_r7_6 [1000000]0x1000dfc7d000 7.629 MB
W20240211 08:50:30.036950 31572 IPCTensor.h:369] NewIPCTensor: cached_sampler_r7_7 [1000000]0x1000e0420000 7.629 MB
W20240211 08:50:30.036988 31572 IPCTensor.h:369] NewIPCTensor: cached_sampler_r7_8 [1000000]0x1000e0bc3000 7.629 MB
W20240211 08:50:30.037026 31572 IPCTensor.h:369] NewIPCTensor: cached_sampler_r7_9 [1000000]0x1000e1366000 7.629 MB
W20240211 08:50:30.037067 31572 IPCTensor.h:369] NewIPCTensor: step_r7 [10]0x1000e1b09000 80 B 
W20240211 08:50:30.037103 31572 IPCTensor.h:369] NewIPCTensor: circle_buffer_end_r7 [1]0x1000e1b0b000 8 B 
W20240211 08:50:30.037134 31572 IPCTensor.h:369] NewIPCTensor: circle_buffer_end_cppseen_r7 [1]0x1000e1b0d000 8 B 
Dataset:  /home/xieminhui/RecStoreDataset/avazu_binary
Dataset loaded
np.max =  9449205
np.min=  1
Construct RecModelSampler done
I20240211 08:50:30.037544 31572 IPC_barrier.h:112] CreateBarrier: find existing barrier, name: kgcachecontroller, count: 8
W20240211 08:50:30.224937 29392 IPCTensor.h:369] NewIPCTensor: cached_sampler_r0_0 [1000000]0x1000e1b0f000 7.629 MB
W20240211 08:50:30.225128 29392 IPCTensor.h:369] NewIPCTensor: cached_sampler_r0_1 [1000000]0x1000e22b2000 7.629 MB
W20240211 08:50:30.225200 29392 IPCTensor.h:369] NewIPCTensor: cached_sampler_r0_2 [1000000]0x1000e2a55000 7.629 MB
W20240211 08:50:30.225241 29392 IPCTensor.h:369] NewIPCTensor: cached_sampler_r0_3 [1000000]0x1000e31f8000 7.629 MB
W20240211 08:50:30.225301 29392 IPCTensor.h:369] NewIPCTensor: cached_sampler_r0_4 [1000000]0x1000e399b000 7.629 MB
W20240211 08:50:30.225345 29392 IPCTensor.h:369] NewIPCTensor: cached_sampler_r0_5 [1000000]0x1000e413e000 7.629 MB
W20240211 08:50:30.225395 29392 IPCTensor.h:369] NewIPCTensor: cached_sampler_r0_6 [1000000]0x1000e48e1000 7.629 MB
W20240211 08:50:30.225436 29392 IPCTensor.h:369] NewIPCTensor: cached_sampler_r0_7 [1000000]0x1000e5084000 7.629 MB
W20240211 08:50:30.225482 29392 IPCTensor.h:369] NewIPCTensor: cached_sampler_r0_8 [1000000]0x1000e5827000 7.629 MB
W20240211 08:50:30.225514 29392 IPCTensor.h:369] NewIPCTensor: cached_sampler_r0_9 [1000000]0x1000e5fca000 7.629 MB
W20240211 08:50:30.225555 29392 IPCTensor.h:369] NewIPCTensor: step_r0 [10]0x1000e676d000 80 B 
W20240211 08:50:30.225592 29392 IPCTensor.h:369] NewIPCTensor: circle_buffer_end_r0 [1]0x1000e676f000 8 B 
W20240211 08:50:30.225625 29392 IPCTensor.h:369] NewIPCTensor: circle_buffer_end_cppseen_r0 [1]0x1000e6771000 8 B 
Dataset:  /home/xieminhui/RecStoreDataset/avazu_binary
Dataset loaded
np.max =  9449205
np.min=  1
Construct RecModelSampler done
I20240211 08:50:30.225879 29392 IPC_barrier.h:112] CreateBarrier: find existing barrier, name: kgcachecontroller, count: 8
W20240211 08:50:30.403082 31569 IPCTensor.h:369] NewIPCTensor: cached_sampler_r4_0 [1000000]0x1000e6773000 7.629 MB
W20240211 08:50:30.403247 31569 IPCTensor.h:369] NewIPCTensor: cached_sampler_r4_1 [1000000]0x1000e6f16000 7.629 MB
W20240211 08:50:30.403306 31569 IPCTensor.h:369] NewIPCTensor: cached_sampler_r4_2 [1000000]0x1000e76b9000 7.629 MB
W20240211 08:50:30.403348 31569 IPCTensor.h:369] NewIPCTensor: cached_sampler_r4_3 [1000000]0x1000e7e5c000 7.629 MB
W20240211 08:50:30.403395 31569 IPCTensor.h:369] NewIPCTensor: cached_sampler_r4_4 [1000000]0x1000e85ff000 7.629 MB
W20240211 08:50:30.403439 31569 IPCTensor.h:369] NewIPCTensor: cached_sampler_r4_5 [1000000]0x1000e8da2000 7.629 MB
W20240211 08:50:30.403494 31569 IPCTensor.h:369] NewIPCTensor: cached_sampler_r4_6 [1000000]0x1000e9545000 7.629 MB
W20240211 08:50:30.403560 31569 IPCTensor.h:369] NewIPCTensor: cached_sampler_r4_7 [1000000]0x1000e9ce8000 7.629 MB
W20240211 08:50:30.403599 31569 IPCTensor.h:369] NewIPCTensor: cached_sampler_r4_8 [1000000]0x1000ea48b000 7.629 MB
W20240211 08:50:30.403633 31569 IPCTensor.h:369] NewIPCTensor: cached_sampler_r4_9 [1000000]0x1000eac2e000 7.629 MB
W20240211 08:50:30.403681 31569 IPCTensor.h:369] NewIPCTensor: step_r4 [10]0x1000eb3d1000 80 B 
W20240211 08:50:30.403715 31569 IPCTensor.h:369] NewIPCTensor: circle_buffer_end_r4 [1]0x1000eb3d3000 8 B 
W20240211 08:50:30.403749 31569 IPCTensor.h:369] NewIPCTensor: circle_buffer_end_cppseen_r4 [1]0x1000eb3d5000 8 B 
Dataset:  /home/xieminhui/RecStoreDataset/avazu_binary
Dataset loaded
np.max =  9449205
np.min=  1
Construct RecModelSampler done
I20240211 08:50:30.404093 31569 IPC_barrier.h:112] CreateBarrier: find existing barrier, name: kgcachecontroller, count: 8
W20240211 08:50:30.523588 31566 IPCTensor.h:369] NewIPCTensor: cached_sampler_r1_0 [1000000]0x1000eb3d7000 7.629 MB
W20240211 08:50:30.523707 31566 IPCTensor.h:369] NewIPCTensor: cached_sampler_r1_1 [1000000]0x1000ebb7a000 7.629 MB
W20240211 08:50:30.523759 31566 IPCTensor.h:369] NewIPCTensor: cached_sampler_r1_2 [1000000]0x1000ec31d000 7.629 MB
W20240211 08:50:30.523804 31566 IPCTensor.h:369] NewIPCTensor: cached_sampler_r1_3 [1000000]0x1000ecac0000 7.629 MB
W20240211 08:50:30.523852 31566 IPCTensor.h:369] NewIPCTensor: cached_sampler_r1_4 [1000000]0x1000ed263000 7.629 MB
W20240211 08:50:30.523886 31566 IPCTensor.h:369] NewIPCTensor: cached_sampler_r1_5 [1000000]0x1000eda06000 7.629 MB
W20240211 08:50:30.523934 31566 IPCTensor.h:369] NewIPCTensor: cached_sampler_r1_6 [1000000]0x1000ee1a9000 7.629 MB
W20240211 08:50:30.523985 31566 IPCTensor.h:369] NewIPCTensor: cached_sampler_r1_7 [1000000]0x1000ee94c000 7.629 MB
W20240211 08:50:30.524020 31566 IPCTensor.h:369] NewIPCTensor: cached_sampler_r1_8 [1000000]0x1000ef0ef000 7.629 MB
W20240211 08:50:30.524062 31566 IPCTensor.h:369] NewIPCTensor: cached_sampler_r1_9 [1000000]0x1000ef892000 7.629 MB
W20240211 08:50:30.524099 31566 IPCTensor.h:369] NewIPCTensor: step_r1 [10]0x1000f0035000 80 B 
W20240211 08:50:30.524153 31566 IPCTensor.h:369] NewIPCTensor: circle_buffer_end_r1 [1]0x1000f0037000 8 B 
W20240211 08:50:30.524189 31566 IPCTensor.h:369] NewIPCTensor: circle_buffer_end_cppseen_r1 [1]0x1000f0039000 8 B 
Dataset:  /home/xieminhui/RecStoreDataset/avazu_binary
Dataset loaded
np.max =  9449205
np.min=  1
Construct RecModelSampler done
I20240211 08:50:30.524458 31566 IPC_barrier.h:112] CreateBarrier: find existing barrier, name: kgcachecontroller, count: 8
W20240211 08:50:30.526441 29392 grad_base.h:55] KGCacheController, config={
        "num_gpus": 8,
        "L": 10,
        "kForwardItersPerStep": 1,
        "clr": 0.01,
        "backwardMode": "CppAsyncV2",
        "nr_background_threads": 16, 
        "cache_ratio": 0.01,
        "backgrad_init": "both",
        "update_pq_use_omp": 2,
        "kUpdatePqWorkerNum": 8
    }
W20240211 08:50:30.526716 29392 grad_base.h:184] Init GradProcessingBase done
I20240211 08:50:31.644634 29392 grad_async_v2.h:42] Use main thread to update emb.
W20240211 08:50:31.644989 29392 kg_controller.h:78] after init GradAsyncProcessingV2
I20240211 08:50:31.645002 29392 kg_controller.h:84] Construct KGCacheController done
E20240211 08:50:32.460979 31568 recstore.cc:66] init folly done
E20240211 08:50:32.461024 31571 recstore.cc:66] init folly done
E20240211 08:50:32.461021 31566 recstore.cc:66] init folly done
E20240211 08:50:32.461040 31572 recstore.cc:66] init folly done
E20240211 08:50:32.461055 31570 recstore.cc:66] init folly done
E20240211 08:50:32.461086 31569 recstore.cc:66] init folly done
Construct KGCacheControllerWrapper done
E20240211 08:50:32.461112 29392 recstore.cc:66] init folly done
Construct KGCacheControllerWrapper done
Construct KGCacheControllerWrapper done
Construct KGCacheControllerWrapper done
Construct KGCacheControllerWrapper done
E20240211 08:50:32.461160 31567 recstore.cc:66] init folly done
Construct KGCacheControllerWrapper done
Construct KGCacheControllerWrapper done
Construct KGCacheControllerWrapper done
I20240211 08:50:32.462355 29392 grad_base.h:60] GraphEnv RegTensorsPerProcess
W20240211 08:50:33.369590 33716 grad_async_v2.h:137] Detect new sample comes, old_end0, new_end1
E20240211 08:50:33.370115 33716 parallel_pq_v2.h:79] insert failed, size(hashtable)=0
Before Training
I20240211 08:50:34.879745 29392 IPC_barrier.h:118] CreateBarrier: new barrier, name: start_barrier, count: 8
Before Training
I20240211 08:50:34.881448 31572 IPC_barrier.h:112] CreateBarrier: find existing barrier, name: start_barrier, count: 8
Before Training
I20240211 08:50:34.881624 31571 IPC_barrier.h:112] CreateBarrier: find existing barrier, name: start_barrier, count: 8
Before Training
I20240211 08:50:34.881733 31568 IPC_barrier.h:112] CreateBarrier: find existing barrier, name: start_barrier, count: 8
Before Training
I20240211 08:50:34.882179 31569 IPC_barrier.h:112] CreateBarrier: find existing barrier, name: start_barrier, count: 8
Before Training
I20240211 08:50:34.882326 31567 IPC_barrier.h:112] CreateBarrier: find existing barrier, name: start_barrier, count: 8
Before Training
Before Training
I20240211 08:50:34.885797 31566 IPC_barrier.h:112] CreateBarrier: find existing barrier, name: start_barrier, count: 8
I20240211 08:50:34.885838 31570 IPC_barrier.h:112] CreateBarrier: find existing barrier, name: start_barrier, count: 8
W20240211 08:50:34.888614 33716 grad_async_v2.h:137] Detect new sample comes, old_end0, new_end1
E20240211 08:50:34.888751 33716 parallel_pq_v2.h:79] insert failed, size(hashtable)=1
========== Step 0 ========== 
+---------------------------+---------------------------+---------------------------+
| Name                      | P50                       | P99                       |
+---------------------------+---------------------------+---------------------------+
| GenInput:CircleBuffer     | 146.417 us                | 146.417 us                |
| GenInput                  | 713.331 us                | 713.331 us                |
| NN                        | 254.517 ms                | 254.517 ms                |
| Forward                   | 256.356 ms                | 256.356 ms                |
| Backward                  | 100.319 ms                | 100.319 ms                |
| Optimize                  | 8.931 ms                  | 8.931 ms                  |
| BarrierTimeBeforeRank0    | 17.556 ms                 | 17.556 ms                 |
+---------------------------+---------------------------+---------------------------+
E20240211 08:50:36.506726 34253 parallel_pq_v2.h:79] insert failed, size(hashtable)=0
W20240211 08:50:36.518838 29392 grad_async_v2.h:270] Sleep in <BlockToStepN>, step_no=1, pq.top=0
========== Step 1 ========== 
W20240211 08:50:36.536098 33716 grad_async_v2.h:137] Detect new sample comes, old_end1, new_end2
INFO [29392 distributed.py:1140] Reducer buckets have been rebuilt in this iteration.
INFO [31566 distributed.py:1140] Reducer buckets have been rebuilt in this iteration.
INFO [31567 distributed.py:1140] Reducer buckets have been rebuilt in this iteration.
INFO [31572 distributed.py:1140] Reducer buckets have been rebuilt in this iteration.
INFO [31568 distributed.py:1140] Reducer buckets have been rebuilt in this iteration.
INFO [31570 distributed.py:1140] Reducer buckets have been rebuilt in this iteration.
INFO [31569 distributed.py:1140] Reducer buckets have been rebuilt in this iteration.
INFO [31571 distributed.py:1140] Reducer buckets have been rebuilt in this iteration.
W20240211 08:50:36.565369 29392 grad_async_v2.h:257] pq is empty
========== Step 2 ========== 
========== Step 3 ========== 
========== Step 4 ========== 
========== Step 5 ========== 
========== Step 6 ========== 
========== Step 7 ========== 
========== Step 8 ========== 
========== Step 9 ========== 
========== Step 10 ========== 
========== Step 11 ========== 
========== Step 12 ========== 
W20240211 08:50:36.682873 29392 grad_async_v2.h:257] pq is empty
========== Step 13 ========== 
========== Step 14 ========== 
========== Step 15 ========== 
========== Step 16 ========== 
========== Step 17 ========== 
========== Step 18 ========== 
========== Step 19 ========== 
E20240211 08:50:36.748024 29392 grad_async_v2.h:404] Stalled in ProcessBackward: rank=0, step_no=19, sample_step_cpp_seen_[rank]=18
========== Step 20 ========== 
========== Step 21 ========== 
========== Step 22 ========== 
========== Step 23 ========== 
========== Step 24 ========== 
========== Step 25 ========== 
========== Step 26 ========== 
========== Step 27 ========== 
========== Step 28 ========== 
========== Step 29 ========== 
========== Step 30 ========== 
========== Step 31 ========== 
========== Step 32 ========== 
========== Step 33 ========== 
========== Step 34 ========== 
========== Step 35 ========== 
========== Step 36 ========== 
========== Step 37 ========== 
========== Step 38 ========== 
========== Step 39 ========== 
W20240211 08:50:37.125190 29392 grad_async_v2.h:257] pq is empty
========== Step 40 ========== 
========== Step 41 ========== 
========== Step 42 ========== 
========== Step 43 ========== 
========== Step 44 ========== 
========== Step 45 ========== 
========== Step 46 ========== 
========== Step 47 ========== 
========== Step 48 ========== 
========== Step 49 ========== 
========== Step 50 ========== 
========== Step 51 ========== 
========== Step 52 ========== 
========== Step 53 ========== 
========== Step 54 ========== 
========== Step 55 ========== 
========== Step 56 ========== 
========== Step 57 ========== 
========== Step 58 ========== 
========== Step 59 ========== 
========== Step 60 ========== 
========== Step 61 ========== 
========== Step 62 ========== 
========== Step 63 ========== 
W20240211 08:50:37.431706 29392 grad_async_v2.h:257] pq is empty
========== Step 64 ========== 
========== Step 65 ========== 
========== Step 66 ========== 
+---------------------------+---------------------------+---------------------------+
| Name                      | P50                       | P99                       |
+---------------------------+---------------------------+---------------------------+
| clean                     | 110.564 us                | 257.557 us                |
| ProcessBack:Shuffle       | 4.182 ms                  | 8.882 ms                  |
| ProcessBack:UpdateCache   | 1.212 ms                  | 6.253 ms                  |
| ProcessBack:UpsertPq      | 30.689 us                 | 69.255 us                 |
| ProcessOneStep            | 5.791 ms                  | 84.525 ms                 |
| BlockToStepN              | 89.665 us                 | 227.762 us                |
+---------------------------+---------------------------+---------------------------+
E20240211 08:50:37.506047 33716 parallel_pq_v2.h:79] insert failed, size(hashtable)=2
========== Step 67 ========== 
W20240211 08:50:37.537074 33716 grad_async_v2.h:137] Detect new sample comes, old_end7, new_end8
========== Step 68 ========== 
========== Step 69 ========== 
========== Step 70 ========== 
========== Step 71 ========== 
========== Step 72 ========== 
========== Step 73 ========== 
========== Step 74 ========== 
========== Step 75 ========== 
========== Step 76 ========== 
========== Step 77 ========== 
========== Step 78 ========== 
========== Step 79 ========== 
========== Step 80 ========== 
========== Step 81 ========== 
========== Step 82 ========== 
========== Step 83 ========== 
========== Step 84 ========== 
========== Step 85 ========== 
========== Step 86 ========== 
========== Step 87 ========== 
========== Step 88 ========== 
========== Step 89 ========== 
========== Step 90 ========== 
========== Step 91 ========== 
========== Step 92 ========== 
========== Step 93 ========== 
========== Step 94 ========== 
========== Step 95 ========== 
========== Step 96 ========== 
========== Step 97 ========== 
========== Step 98 ========== 
========== Step 99 ========== 
Step99:rank0, time: 12.353, per_step: 0.123529
Step99:rank7, time: 12.353, per_step: 0.123530
Step99:rank5, time: 12.353, per_step: 0.123531
Step99:rank3, time: 12.353, per_step: 0.123528
Step99:rank6, time: 12.353, per_step: 0.123529
Step99:rank4, time: 12.353, per_step: 0.123530
Step99:rank2, time: 12.353, per_step: 0.123531
Step99:rank1, time: 12.353, per_step: 0.123532
+---------------------------+---------------------------+---------------------------+
| Name                      | P50                       | P99                       |
+---------------------------+---------------------------+---------------------------+
| GenInput:CircleBuffer     | 86.662 us                 | 459.409 us                |
| GenInput                  | 348.144 us                | 8.451 ms                  |
| NN                        | 738.882 us                | 6.452 ms                  |
| Forward                   | 910.351 us                | 6.796 ms                  |
| Backward                  | 2.171 ms                  | 13.895 ms                 |
| Optimize                  | 213.716 us                | 1.910 ms                  |
| BarrierTimeBeforeRank0    | 222.791 us                | 5.224 ms                  |
| AfterBackward             | 5.858 ms                  | 91.004 ms                 |
| BlockToStepN              | 177.162 us                | 375.564 us                |
| OneStep                   | 10.336 ms                 | 94.782 ms                 |
+---------------------------+---------------------------+---------------------------+
========== Step 100 ========== 
========== Step 101 ========== 
========== Step 102 ========== 
========== Step 103 ========== 
========== Step 104 ========== 
========== Step 105 ========== 
========== Step 106 ========== 
========== Step 107 ========== 
========== Step 108 ========== 
========== Step 109 ========== 
========== Step 110 ========== 
========== Step 111 ========== 
========== Step 112 ========== 
========== Step 113 ========== 
========== Step 114 ========== 
========== Step 115 ========== 
========== Step 116 ========== 
========== Step 117 ========== 
========== Step 118 ========== 
========== Step 119 ========== 
========== Step 120 ========== 
========== Step 121 ========== 
========== Step 122 ========== 
========== Step 123 ========== 
========== Step 124 ========== 
========== Step 125 ========== 
========== Step 126 ========== 
========== Step 127 ========== 
========== Step 128 ========== 
========== Step 129 ========== 
========== Step 130 ========== 
========== Step 131 ========== 
========== Step 132 ========== 
E20240211 08:50:38.506055 33716 parallel_pq_v2.h:79] insert failed, size(hashtable)=2
========== Step 133 ========== 
========== Step 134 ========== 
========== Step 135 ========== 
W20240211 08:50:38.538201 33716 grad_async_v2.h:137] Detect new sample comes, old_end4, new_end6
========== Step 136 ========== 
========== Step 137 ========== 
========== Step 138 ========== 
========== Step 139 ========== 
========== Step 140 ========== 
========== Step 141 ========== 
========== Step 142 ========== 
========== Step 143 ========== 
========== Step 144 ========== 
========== Step 145 ========== 
========== Step 146 ========== 
========== Step 147 ========== 
========== Step 148 ========== 
========== Step 149 ========== 
========== Step 150 ========== 
========== Step 151 ========== 
========== Step 152 ========== 
========== Step 153 ========== 
========== Step 154 ========== 
========== Step 155 ========== 
========== Step 156 ========== 
========== Step 157 ========== 
========== Step 158 ========== 
========== Step 159 ========== 
========== Step 160 ========== 
========== Step 161 ========== 
========== Step 162 ========== 
========== Step 163 ========== 
========== Step 164 ========== 
========== Step 165 ========== 
========== Step 166 ========== 
========== Step 167 ========== 
========== Step 168 ========== 
========== Step 169 ========== 
========== Step 170 ========== 
========== Step 171 ========== 
========== Step 172 ========== 
========== Step 173 ========== 
========== Step 174 ========== 
W20240211 08:50:39.105132 29392 grad_async_v2.h:257] pq is empty
========== Step 175 ========== 
========== Step 176 ========== 
========== Step 177 ========== 
W20240211 08:50:39.141841 29392 grad_async_v2.h:257] pq is empty
========== Step 178 ========== 
========== Step 179 ========== 
========== Step 180 ========== 
========== Step 181 ========== 
========== Step 182 ========== 
========== Step 183 ========== 
========== Step 184 ========== 
========== Step 185 ========== 
========== Step 186 ========== 
========== Step 187 ========== 
========== Step 188 ========== 
========== Step 189 ========== 
========== Step 190 ========== 
========== Step 191 ========== 
========== Step 192 ========== 
========== Step 193 ========== 
========== Step 194 ========== 
========== Step 195 ========== 
========== Step 196 ========== 
========== Step 197 ========== 
========== Step 198 ========== 
========== Step 199 ========== 
Step199:rank0, time: 1.427, per_step: 0.014129
Step199:rank1, time: 1.427, per_step: 0.014128
Step199:rank4, time: 1.427, per_step: 0.014129
Step199:rank5, time: 1.427, per_step: 0.014129
Step199:rank7, time: 1.427, per_step: 0.014129
Step199:rank6, time: 1.427, per_step: 0.014129
Step199:rank3, time: 1.427, per_step: 0.014129
+---------------------------+---------------------------+---------------------------+
| Name                      | P50                       | P99                       |
+---------------------------+---------------------------+---------------------------+
| GenInput:CircleBuffer     | 87.079 us                 | 286.715 us                |
| GenInput                  | 426.410 us                | 6.239 ms                  |
| NN                        | 733.182 us                | 4.832 ms                  |
| Forward                   | 903.142 us                | 6.660 ms                  |
| Backward                  | 2.226 ms                  | 10.256 ms                 |
| Optimize                  | 210.536 us                | 885.783 us                |
| BarrierTimeBeforeRank0    | 301.893 us                | 5.224 ms                  |
| AfterBackward             | 5.768 ms                  | 84.544 ms                 |
| BlockToStepN              | 217.534 us                | 514.365 us                |
| OneStep                   | 10.374 ms                 | 88.741 ms                 |
+---------------------------+---------------------------+---------------------------+
========== Step 200 ========== 
Step199:rank2, time: 1.428, per_step: 0.014134
========== Step 201 ========== 
========== Step 202 ========== 
========== Step 203 ========== 
E20240211 08:50:39.506016 33716 parallel_pq_v2.h:79] insert failed, size(hashtable)=2
========== Step 204 ========== 
W20240211 08:50:39.538736 33716 grad_async_v2.h:137] Detect new sample comes, old_end4, new_end5
========== Step 205 ========== 
========== Step 206 ========== 
========== Step 207 ========== 
========== Step 208 ========== 
========== Step 209 ========== 
========== Step 210 ========== 
========== Step 211 ========== 
========== Step 212 ========== 
========== Step 213 ========== 
========== Step 214 ========== 
========== Step 215 ========== 
========== Step 216 ========== 
========== Step 217 ========== 
========== Step 218 ========== 
========== Step 219 ========== 
========== Step 220 ========== 
========== Step 221 ========== 
========== Step 222 ========== 
========== Step 223 ========== 
========== Step 224 ========== 
========== Step 225 ========== 
========== Step 226 ========== 
========== Step 227 ========== 
========== Step 228 ========== 
========== Step 229 ========== 
========== Step 230 ========== 
========== Step 231 ========== 
========== Step 232 ========== 
========== Step 233 ========== 
========== Step 234 ========== 
========== Step 235 ========== 
========== Step 236 ========== 
========== Step 237 ========== 
========== Step 238 ========== 
========== Step 239 ========== 
========== Step 240 ========== 
========== Step 241 ========== 
========== Step 242 ========== 
========== Step 243 ========== 
========== Step 244 ========== 
========== Step 245 ========== 
========== Step 246 ========== 
========== Step 247 ========== 
========== Step 248 ========== 
========== Step 249 ========== 
========== Step 250 ========== 
========== Step 251 ========== 
========== Step 252 ========== 
========== Step 253 ========== 
========== Step 254 ========== 
========== Step 255 ========== 
========== Step 256 ========== 
========== Step 257 ========== 
========== Step 258 ========== 
========== Step 259 ========== 
========== Step 260 ========== 
========== Step 261 ========== 
========== Step 262 ========== 
========== Step 263 ========== 
========== Step 264 ========== 
========== Step 265 ========== 
========== Step 266 ========== 
========== Step 267 ========== 
E20240211 08:50:40.506036 33716 parallel_pq_v2.h:79] insert failed, size(hashtable)=2
========== Step 268 ========== 
========== Step 269 ========== 
+---------------------------+---------------------------+---------------------------+
| Name                      | P50                       | P99                       |
+---------------------------+---------------------------+---------------------------+
| GenInput:CircleBuffer     | 90.921 us                 | 286.715 us                |
| GenInput                  | 427.129 us                | 6.285 ms                  |
| NN                        | 745.057 us                | 2.455 ms                  |
| Forward                   | 925.305 us                | 3.124 ms                  |
| Backward                  | 2.284 ms                  | 8.674 ms                  |
| Optimize                  | 211.317 us                | 671.097 us                |
| BarrierTimeBeforeRank0    | 329.676 us                | 3.860 ms                  |
| AfterBackward             | 5.827 ms                  | 88.118 ms                 |
| BlockToStepN              | 239.888 us                | 510.108 us                |
| OneStep                   | 10.763 ms                 | 94.782 ms                 |
+---------------------------+---------------------------+---------------------------+
========== Step 270 ========== 
W20240211 08:50:40.538013 33716 grad_async_v2.h:137] Detect new sample comes, old_end5, new_end1
========== Step 271 ========== 
========== Step 272 ========== 
========== Step 273 ========== 
========== Step 274 ========== 
========== Step 275 ========== 
========== Step 276 ========== 
========== Step 277 ========== 
========== Step 278 ========== 
========== Step 279 ========== 
========== Step 280 ========== 
========== Step 281 ========== 
========== Step 282 ========== 
========== Step 283 ========== 
========== Step 284 ========== 
========== Step 285 ========== 
========== Step 286 ========== 
========== Step 287 ========== 
========== Step 288 ========== 
========== Step 289 ========== 
========== Step 290 ========== 
========== Step 291 ========== 
========== Step 292 ========== 
========== Step 293 ========== 
W20240211 08:50:40.911229 29392 grad_async_v2.h:257] pq is empty
========== Step 294 ========== 
========== Step 295 ========== 
========== Step 296 ========== 
========== Step 297 ========== 
========== Step 298 ========== 
========== Step 299 ========== 
Step299:rank0, time: 1.558, per_step: 0.015426
Step299:rank7, time: 1.558, per_step: 0.015425
Step299:rank5, time: 1.558, per_step: 0.015426
Step299:rank6, time: 1.558, per_step: 0.015425
Step299:rank4, time: 1.558, per_step: 0.015425
+---------------------------+---------------------------+---------------------------+
| Name                      | P50                       | P99                       |
+---------------------------+---------------------------+---------------------------+
| GenInput:CircleBuffer     | 90.921 us                 | 286.715 us                |
| GenInput                  | 427.129 us                | 7.057 ms                  |
| NN                        | 745.057 us                | 2.455 ms                  |
| Forward                   | 925.305 us                | 3.124 ms                  |
| Backward                  | 2.292 ms                  | 8.674 ms                  |
| Optimize                  | 211.249 us                | 671.097 us                |
| BarrierTimeBeforeRank0    | 329.922 us                | 3.860 ms                  |
| AfterBackward             | 5.811 ms                  | 91.004 ms                 |
| BlockToStepN              | 245.021 us                | 514.365 us                |
| OneStep                   | 10.711 ms                 | 100.332 ms                |
+---------------------------+---------------------------+---------------------------+
Successfully xmh
W20240211 08:50:40.972476 29392 grad_async_v2.h:84] call StopThreads. PID = 29392
W20240211 08:50:40.972494 29392 grad_base.h:212] before processOneStepNegThread_.join();
W20240211 08:50:40.972556 29392 grad_base.h:214] after processOneStepNegThread_.join();
W20240211 08:50:40.972564 29392 grad_async_v2.h:86] call GradProcessingBase::StopThreads.
Step299:rank3, time: 1.558, per_step: 0.015421
Step299:rank2, time: 1.557, per_step: 0.015420
Step299:rank1, time: 1.558, per_step: 0.015425
W20240211 08:50:41.016954 29392 grad_async_v2.h:105] StopThreads done.
[W tensorpipe_agent.cpp:725] RPC agent for worker0 encountered error when reading incoming request from worker2: eof (this error originated at tensorpipe/transport/shm/connection_impl.cc:259)
[W tensorpipe_agent.cpp:725] RPC agent for worker0 encountered error when reading incoming request from worker5: eof (this error originated at tensorpipe/transport/shm/connection_impl.cc:259)
[W tensorpipe_agent.cpp:725] RPC agent for worker0 encountered error when reading incoming request from worker7: eof (this error originated at tensorpipe/transport/shm/connection_impl.cc:259)
[W tensorpipe_agent.cpp:725] RPC agent for worker0 encountered error when reading incoming request from worker4: eof (this error originated at tensorpipe/transport/shm/connection_impl.cc:259)
[W tensorpipe_agent.cpp:725] RPC agent for worker0 encountered error when reading incoming request from worker6: eof (this error originated at tensorpipe/transport/shm/connection_impl.cc:259)
[W tensorpipe_agent.cpp:725] RPC agent for worker0 encountered error when reading incoming request from worker1: eof (this error originated at tensorpipe/transport/shm/connection_impl.cc:259)
[W tensorpipe_agent.cpp:725] RPC agent for worker0 encountered error when reading incoming request from worker3: eof (this error originated at tensorpipe/transport/shm/connection_impl.cc:259)
