WARNING: Logging before InitGoogleLogging() is written to STDERR
I20240124 10:58:32.504925  8426 IPC_barrier.h:128] MultiProcessBarrierFactory->ClearIPCMemory()
/home/xieminhui/RecStore/src/framework_adapters/torch/kg/dgl-0.9.1/python/dgl/_deprecate/graph.py:1023: DGLWarning: multigraph will be deprecated.DGL will treat all graphs as multigraph in the future.
  dgl_warning("multigraph will be deprecated." \
/home/xieminhui/RecStore/src/framework_adapters/torch/kg/dgl-0.9.1/python/dgl/heterograph.py:72: DGLWarning: Recommend creating graphs by `dgl.graph(data)` instead of `dgl.DGLGraph(data)`.
  dgl_warning('Recommend creating graphs by `dgl.graph(data)`'
Reading train triples....
Finished. Read 483142 train triples.
Reading valid triples....
Finished. Read 50000 valid triples.
Reading test triples....
Finished. Read 59071 test triples.
ARGS:  Namespace(model_name='TransE', data_path='/home/xieminhui/dgl-data', dataset='FB15k', format='built_in', data_files=None, delimiter='\t', save_path='/tmp/ckpts/TransE_FB15k_90', no_save_emb=True, max_step=500, batch_size=1200, batch_size_eval=16, neg_sample_size=200, neg_deg_sample=False, neg_deg_sample_eval=False, neg_sample_size_eval=14951, eval_percent=1, no_eval_filter=False, log_interval=100, eval_interval=10000, test=False, num_proc=8, num_thread=1, force_sync_interval=1, hidden_dim=400, lr=0.01, gamma=16.0, double_ent=False, double_rel=False, neg_adversarial_sampling=False, adversarial_temperature=1.0, regularization_coef=0.0, regularization_norm=3, pairwise=False, loss_genre='Logsigmoid', margin=1.0, nr_gpus=8, gpu=[0, 1, 2, 3, 4, 5, 6, 7], mix_cpu_gpu=True, valid=False, rel_part=False, async_update=None, has_edge_importance=False, cached_emb_type='KnownLocalCachedEmbedding', use_my_emb=True, cache_ratio=0.1, shuffle=False, backwardMode='CppAsyncV2', L=10, kForwardItersPerStep=2, backgrad_init='both', eval_filter=True, soft_rel_part=False)
|Train|: 483142
original graph:  DGLGraph(num_nodes=14951, num_edges=592213,
         ndata_schemes={}
         edata_schemes={'tid': Scheme(shape=(), dtype=torch.int64)})
Loading cached metis
WARNING [8426 sampler.py:454] Start PreSampling
WARNING [8426 sampler.py:532] Before construct renumbering_dict
WARNING [8426 sampler.py:555] PreSampling done
W20240124 10:58:35.652320  8426 IPCTensor.h:365] NewIPCTensor: cached_sampler_r0_0 [100000]0x100000002000 781.2 kB
W20240124 10:58:35.652525  8426 IPCTensor.h:365] NewIPCTensor: cached_sampler_r0_1 [100000]0x1000000c7000 781.2 kB
W20240124 10:58:35.652560  8426 IPCTensor.h:365] NewIPCTensor: cached_sampler_r0_2 [100000]0x10000018c000 781.2 kB
W20240124 10:58:35.652591  8426 IPCTensor.h:365] NewIPCTensor: cached_sampler_r0_3 [100000]0x100000251000 781.2 kB
W20240124 10:58:35.652622  8426 IPCTensor.h:365] NewIPCTensor: cached_sampler_r0_4 [100000]0x100000316000 781.2 kB
W20240124 10:58:35.652660  8426 IPCTensor.h:365] NewIPCTensor: cached_sampler_r0_5 [100000]0x1000003db000 781.2 kB
W20240124 10:58:35.652686  8426 IPCTensor.h:365] NewIPCTensor: cached_sampler_r0_6 [100000]0x1000004a0000 781.2 kB
W20240124 10:58:35.652726  8426 IPCTensor.h:365] NewIPCTensor: cached_sampler_r0_7 [100000]0x100000565000 781.2 kB
W20240124 10:58:35.652757  8426 IPCTensor.h:365] NewIPCTensor: cached_sampler_r0_8 [100000]0x10000062a000 781.2 kB
W20240124 10:58:35.652787  8426 IPCTensor.h:365] NewIPCTensor: cached_sampler_r0_9 [100000]0x1000006ef000 781.2 kB
W20240124 10:58:35.652837  8426 IPCTensor.h:365] NewIPCTensor: step_r0 [10]0x1000007b4000 80 B 
W20240124 10:58:35.652861  8426 IPCTensor.h:365] NewIPCTensor: circle_buffer_end_r0 [1]0x1000007b6000 8 B 
W20240124 10:58:35.652887  8426 IPCTensor.h:365] NewIPCTensor: circle_buffer_end_cppseen_r0 [1]0x1000007b8000 8 B 
W20240124 10:58:35.653066  8426 IPCTensor.h:365] NewIPCTensor: cached_sampler_r1_0 [100000]0x1000007ba000 781.2 kB
W20240124 10:58:35.653105  8426 IPCTensor.h:365] NewIPCTensor: cached_sampler_r1_1 [100000]0x10000087f000 781.2 kB
W20240124 10:58:35.653136  8426 IPCTensor.h:365] NewIPCTensor: cached_sampler_r1_2 [100000]0x100000944000 781.2 kB
W20240124 10:58:35.653174  8426 IPCTensor.h:365] NewIPCTensor: cached_sampler_r1_3 [100000]0x100000a09000 781.2 kB
W20240124 10:58:35.653220  8426 IPCTensor.h:365] NewIPCTensor: cached_sampler_r1_4 [100000]0x100000ace000 781.2 kB
W20240124 10:58:35.653246  8426 IPCTensor.h:365] NewIPCTensor: cached_sampler_r1_5 [100000]0x100000b93000 781.2 kB
W20240124 10:58:35.653270  8426 IPCTensor.h:365] NewIPCTensor: cached_sampler_r1_6 [100000]0x100000c58000 781.2 kB
W20240124 10:58:35.653298  8426 IPCTensor.h:365] NewIPCTensor: cached_sampler_r1_7 [100000]0x100000d1d000 781.2 kB
W20240124 10:58:35.653327  8426 IPCTensor.h:365] NewIPCTensor: cached_sampler_r1_8 [100000]0x100000de2000 781.2 kB
W20240124 10:58:35.653354  8426 IPCTensor.h:365] NewIPCTensor: cached_sampler_r1_9 [100000]0x100000ea7000 781.2 kB
W20240124 10:58:35.653379  8426 IPCTensor.h:365] NewIPCTensor: step_r1 [10]0x100000f6c000 80 B 
W20240124 10:58:35.653400  8426 IPCTensor.h:365] NewIPCTensor: circle_buffer_end_r1 [1]0x100000f6e000 8 B 
W20240124 10:58:35.653429  8426 IPCTensor.h:365] NewIPCTensor: circle_buffer_end_cppseen_r1 [1]0x100000f70000 8 B 
W20240124 10:58:35.653487  8426 IPCTensor.h:365] NewIPCTensor: cached_sampler_r2_0 [100000]0x100000f72000 781.2 kB
W20240124 10:58:35.653523  8426 IPCTensor.h:365] NewIPCTensor: cached_sampler_r2_1 [100000]0x100001037000 781.2 kB
W20240124 10:58:35.653548  8426 IPCTensor.h:365] NewIPCTensor: cached_sampler_r2_2 [100000]0x1000010fc000 781.2 kB
W20240124 10:58:35.653570  8426 IPCTensor.h:365] NewIPCTensor: cached_sampler_r2_3 [100000]0x1000011c1000 781.2 kB
W20240124 10:58:35.653604  8426 IPCTensor.h:365] NewIPCTensor: cached_sampler_r2_4 [100000]0x100001286000 781.2 kB
W20240124 10:58:35.653630  8426 IPCTensor.h:365] NewIPCTensor: cached_sampler_r2_5 [100000]0x10000134b000 781.2 kB
W20240124 10:58:35.653656  8426 IPCTensor.h:365] NewIPCTensor: cached_sampler_r2_6 [100000]0x100001410000 781.2 kB
W20240124 10:58:35.653683  8426 IPCTensor.h:365] NewIPCTensor: cached_sampler_r2_7 [100000]0x1000014d5000 781.2 kB
W20240124 10:58:35.653720  8426 IPCTensor.h:365] NewIPCTensor: cached_sampler_r2_8 [100000]0x10000159a000 781.2 kB
W20240124 10:58:35.653750  8426 IPCTensor.h:365] NewIPCTensor: cached_sampler_r2_9 [100000]0x10000165f000 781.2 kB
W20240124 10:58:35.653779  8426 IPCTensor.h:365] NewIPCTensor: step_r2 [10]0x100001724000 80 B 
W20240124 10:58:35.653797  8426 IPCTensor.h:365] NewIPCTensor: circle_buffer_end_r2 [1]0x100001726000 8 B 
W20240124 10:58:35.653827  8426 IPCTensor.h:365] NewIPCTensor: circle_buffer_end_cppseen_r2 [1]0x100001728000 8 B 
W20240124 10:58:35.653878  8426 IPCTensor.h:365] NewIPCTensor: cached_sampler_r3_0 [100000]0x10000172a000 781.2 kB
W20240124 10:58:35.653904  8426 IPCTensor.h:365] NewIPCTensor: cached_sampler_r3_1 [100000]0x1000017ef000 781.2 kB
W20240124 10:58:35.653936  8426 IPCTensor.h:365] NewIPCTensor: cached_sampler_r3_2 [100000]0x1000018b4000 781.2 kB
W20240124 10:58:35.653962  8426 IPCTensor.h:365] NewIPCTensor: cached_sampler_r3_3 [100000]0x100001979000 781.2 kB
W20240124 10:58:35.653985  8426 IPCTensor.h:365] NewIPCTensor: cached_sampler_r3_4 [100000]0x100001a3e000 781.2 kB
W20240124 10:58:35.654013  8426 IPCTensor.h:365] NewIPCTensor: cached_sampler_r3_5 [100000]0x100001b03000 781.2 kB
W20240124 10:58:35.654037  8426 IPCTensor.h:365] NewIPCTensor: cached_sampler_r3_6 [100000]0x100001bc8000 781.2 kB
W20240124 10:58:35.654071  8426 IPCTensor.h:365] NewIPCTensor: cached_sampler_r3_7 [100000]0x100001c8d000 781.2 kB
W20240124 10:58:35.654093  8426 IPCTensor.h:365] NewIPCTensor: cached_sampler_r3_8 [100000]0x100001d52000 781.2 kB
W20240124 10:58:35.654116  8426 IPCTensor.h:365] NewIPCTensor: cached_sampler_r3_9 [100000]0x100001e17000 781.2 kB
W20240124 10:58:35.654139  8426 IPCTensor.h:365] NewIPCTensor: step_r3 [10]0x100001edc000 80 B 
W20240124 10:58:35.654160  8426 IPCTensor.h:365] NewIPCTensor: circle_buffer_end_r3 [1]0x100001ede000 8 B 
W20240124 10:58:35.654179  8426 IPCTensor.h:365] NewIPCTensor: circle_buffer_end_cppseen_r3 [1]0x100001ee0000 8 B 
W20240124 10:58:35.654223  8426 IPCTensor.h:365] NewIPCTensor: cached_sampler_r4_0 [100000]0x100001ee2000 781.2 kB
W20240124 10:58:35.654268  8426 IPCTensor.h:365] NewIPCTensor: cached_sampler_r4_1 [100000]0x100001fa7000 781.2 kB
W20240124 10:58:35.654292  8426 IPCTensor.h:365] NewIPCTensor: cached_sampler_r4_2 [100000]0x10000206c000 781.2 kB
W20240124 10:58:35.654325  8426 IPCTensor.h:365] NewIPCTensor: cached_sampler_r4_3 [100000]0x100002131000 781.2 kB
W20240124 10:58:35.654354  8426 IPCTensor.h:365] NewIPCTensor: cached_sampler_r4_4 [100000]0x1000021f6000 781.2 kB
W20240124 10:58:35.654377  8426 IPCTensor.h:365] NewIPCTensor: cached_sampler_r4_5 [100000]0x1000022bb000 781.2 kB
W20240124 10:58:35.654407  8426 IPCTensor.h:365] NewIPCTensor: cached_sampler_r4_6 [100000]0x100002380000 781.2 kB
W20240124 10:58:35.654438  8426 IPCTensor.h:365] NewIPCTensor: cached_sampler_r4_7 [100000]0x100002445000 781.2 kB
W20240124 10:58:35.654461  8426 IPCTensor.h:365] NewIPCTensor: cached_sampler_r4_8 [100000]0x10000250a000 781.2 kB
W20240124 10:58:35.654491  8426 IPCTensor.h:365] NewIPCTensor: cached_sampler_r4_9 [100000]0x1000025cf000 781.2 kB
W20240124 10:58:35.654515  8426 IPCTensor.h:365] NewIPCTensor: step_r4 [10]0x100002694000 80 B 
W20240124 10:58:35.654537  8426 IPCTensor.h:365] NewIPCTensor: circle_buffer_end_r4 [1]0x100002696000 8 B 
W20240124 10:58:35.654561  8426 IPCTensor.h:365] NewIPCTensor: circle_buffer_end_cppseen_r4 [1]0x100002698000 8 B 
W20240124 10:58:35.654608  8426 IPCTensor.h:365] NewIPCTensor: cached_sampler_r5_0 [100000]0x10000269a000 781.2 kB
W20240124 10:58:35.654634  8426 IPCTensor.h:365] NewIPCTensor: cached_sampler_r5_1 [100000]0x10000275f000 781.2 kB
W20240124 10:58:35.654657  8426 IPCTensor.h:365] NewIPCTensor: cached_sampler_r5_2 [100000]0x100002824000 781.2 kB
W20240124 10:58:35.654688  8426 IPCTensor.h:365] NewIPCTensor: cached_sampler_r5_3 [100000]0x1000028e9000 781.2 kB
W20240124 10:58:35.654716  8426 IPCTensor.h:365] NewIPCTensor: cached_sampler_r5_4 [100000]0x1000029ae000 781.2 kB
W20240124 10:58:35.654738  8426 IPCTensor.h:365] NewIPCTensor: cached_sampler_r5_5 [100000]0x100002a73000 781.2 kB
W20240124 10:58:35.654762  8426 IPCTensor.h:365] NewIPCTensor: cached_sampler_r5_6 [100000]0x100002b38000 781.2 kB
W20240124 10:58:35.654785  8426 IPCTensor.h:365] NewIPCTensor: cached_sampler_r5_7 [100000]0x100002bfd000 781.2 kB
W20240124 10:58:35.654816  8426 IPCTensor.h:365] NewIPCTensor: cached_sampler_r5_8 [100000]0x100002cc2000 781.2 kB
W20240124 10:58:35.654855  8426 IPCTensor.h:365] NewIPCTensor: cached_sampler_r5_9 [100000]0x100002d87000 781.2 kB
W20240124 10:58:35.654883  8426 IPCTensor.h:365] NewIPCTensor: step_r5 [10]0x100002e4c000 80 B 
W20240124 10:58:35.654903  8426 IPCTensor.h:365] NewIPCTensor: circle_buffer_end_r5 [1]0x100002e4e000 8 B 
W20240124 10:58:35.654922  8426 IPCTensor.h:365] NewIPCTensor: circle_buffer_end_cppseen_r5 [1]0x100002e50000 8 B 
W20240124 10:58:35.654969  8426 IPCTensor.h:365] NewIPCTensor: cached_sampler_r6_0 [100000]0x100002e52000 781.2 kB
W20240124 10:58:35.655002  8426 IPCTensor.h:365] NewIPCTensor: cached_sampler_r6_1 [100000]0x100002f17000 781.2 kB
W20240124 10:58:35.655025  8426 IPCTensor.h:365] NewIPCTensor: cached_sampler_r6_2 [100000]0x100002fdc000 781.2 kB
W20240124 10:58:35.655048  8426 IPCTensor.h:365] NewIPCTensor: cached_sampler_r6_3 [100000]0x1000030a1000 781.2 kB
W20240124 10:58:35.655079  8426 IPCTensor.h:365] NewIPCTensor: cached_sampler_r6_4 [100000]0x100003166000 781.2 kB
W20240124 10:58:35.655103  8426 IPCTensor.h:365] NewIPCTensor: cached_sampler_r6_5 [100000]0x10000322b000 781.2 kB
W20240124 10:58:35.655133  8426 IPCTensor.h:365] NewIPCTensor: cached_sampler_r6_6 [100000]0x1000032f0000 781.2 kB
W20240124 10:58:35.655164  8426 IPCTensor.h:365] NewIPCTensor: cached_sampler_r6_7 [100000]0x1000033b5000 781.2 kB
W20240124 10:58:35.655189  8426 IPCTensor.h:365] NewIPCTensor: cached_sampler_r6_8 [100000]0x10000347a000 781.2 kB
W20240124 10:58:35.655221  8426 IPCTensor.h:365] NewIPCTensor: cached_sampler_r6_9 [100000]0x10000353f000 781.2 kB
W20240124 10:58:35.655251  8426 IPCTensor.h:365] NewIPCTensor: step_r6 [10]0x100003604000 80 B 
W20240124 10:58:35.655274  8426 IPCTensor.h:365] NewIPCTensor: circle_buffer_end_r6 [1]0x100003606000 8 B 
W20240124 10:58:35.655293  8426 IPCTensor.h:365] NewIPCTensor: circle_buffer_end_cppseen_r6 [1]0x100003608000 8 B 
W20240124 10:58:35.655344  8426 IPCTensor.h:365] NewIPCTensor: cached_sampler_r7_0 [100000]0x10000360a000 781.2 kB
W20240124 10:58:35.655381  8426 IPCTensor.h:365] NewIPCTensor: cached_sampler_r7_1 [100000]0x1000036cf000 781.2 kB
W20240124 10:58:35.655411  8426 IPCTensor.h:365] NewIPCTensor: cached_sampler_r7_2 [100000]0x100003794000 781.2 kB
W20240124 10:58:35.655440  8426 IPCTensor.h:365] NewIPCTensor: cached_sampler_r7_3 [100000]0x100003859000 781.2 kB
W20240124 10:58:35.655472  8426 IPCTensor.h:365] NewIPCTensor: cached_sampler_r7_4 [100000]0x10000391e000 781.2 kB
W20240124 10:58:35.655498  8426 IPCTensor.h:365] NewIPCTensor: cached_sampler_r7_5 [100000]0x1000039e3000 781.2 kB
W20240124 10:58:35.655527  8426 IPCTensor.h:365] NewIPCTensor: cached_sampler_r7_6 [100000]0x100003aa8000 781.2 kB
W20240124 10:58:35.655558  8426 IPCTensor.h:365] NewIPCTensor: cached_sampler_r7_7 [100000]0x100003b6d000 781.2 kB
W20240124 10:58:35.655584  8426 IPCTensor.h:365] NewIPCTensor: cached_sampler_r7_8 [100000]0x100003c32000 781.2 kB
W20240124 10:58:35.655614  8426 IPCTensor.h:365] NewIPCTensor: cached_sampler_r7_9 [100000]0x100003cf7000 781.2 kB
W20240124 10:58:35.655638  8426 IPCTensor.h:365] NewIPCTensor: step_r7 [10]0x100003dbc000 80 B 
W20240124 10:58:35.655658  8426 IPCTensor.h:365] NewIPCTensor: circle_buffer_end_r7 [1]0x100003dbe000 8 B 
W20240124 10:58:35.655680  8426 IPCTensor.h:365] NewIPCTensor: circle_buffer_end_cppseen_r7 [1]0x100003dc0000 8 B 
W20240124 10:58:35.888700  8426 IPCTensor.h:365] NewIPCTensor: full_emb [14951, 400]0x100003dc2000 22.81 MB
W20240124 10:58:35.888936  8426 IPCTensor.h:365] NewIPCTensor: full_emb_SparseRowWiseAdaGrad_sum [14951]0x100005494000 58.4 kB
{0: Graph(num_nodes=8499, num_edges=86694,
      ndata_schemes={'_ID': Scheme(shape=(), dtype=torch.int64), 'inner_node': Scheme(shape=(), dtype=torch.int32), 'part_id': Scheme(shape=(), dtype=torch.int64)}
      edata_schemes={'_ID': Scheme(shape=(), dtype=torch.int64), 'inner_edge': Scheme(shape=(), dtype=torch.int8)}), 1: Graph(num_nodes=6140, num_edges=88951,
      ndata_schemes={'_ID': Scheme(shape=(), dtype=torch.int64), 'inner_node': Scheme(shape=(), dtype=torch.int32), 'part_id': Scheme(shape=(), dtype=torch.int64)}
      edata_schemes={'_ID': Scheme(shape=(), dtype=torch.int64), 'inner_edge': Scheme(shape=(), dtype=torch.int8)}), 2: Graph(num_nodes=8646, num_edges=109741,
      ndata_schemes={'_ID': Scheme(shape=(), dtype=torch.int64), 'inner_node': Scheme(shape=(), dtype=torch.int32), 'part_id': Scheme(shape=(), dtype=torch.int64)}
      edata_schemes={'_ID': Scheme(shape=(), dtype=torch.int64), 'inner_edge': Scheme(shape=(), dtype=torch.int8)}), 3: Graph(num_nodes=8503, num_edges=86907,
      ndata_schemes={'_ID': Scheme(shape=(), dtype=torch.int64), 'inner_node': Scheme(shape=(), dtype=torch.int32), 'part_id': Scheme(shape=(), dtype=torch.int64)}
      edata_schemes={'_ID': Scheme(shape=(), dtype=torch.int64), 'inner_edge': Scheme(shape=(), dtype=torch.int8)}), 4: Graph(num_nodes=10597, num_edges=122217,
      ndata_schemes={'_ID': Scheme(shape=(), dtype=torch.int64), 'inner_node': Scheme(shape=(), dtype=torch.int32), 'part_id': Scheme(shape=(), dtype=torch.int64)}
      edata_schemes={'_ID': Scheme(shape=(), dtype=torch.int64), 'inner_edge': Scheme(shape=(), dtype=torch.int8)}), 5: Graph(num_nodes=8255, num_edges=102550,
      ndata_schemes={'_ID': Scheme(shape=(), dtype=torch.int64), 'inner_node': Scheme(shape=(), dtype=torch.int32), 'part_id': Scheme(shape=(), dtype=torch.int64)}
      edata_schemes={'_ID': Scheme(shape=(), dtype=torch.int64), 'inner_edge': Scheme(shape=(), dtype=torch.int8)}), 6: Graph(num_nodes=7422, num_edges=104094,
      ndata_schemes={'_ID': Scheme(shape=(), dtype=torch.int64), 'inner_node': Scheme(shape=(), dtype=torch.int32), 'part_id': Scheme(shape=(), dtype=torch.int64)}
      edata_schemes={'_ID': Scheme(shape=(), dtype=torch.int64), 'inner_edge': Scheme(shape=(), dtype=torch.int8)}), 7: Graph(num_nodes=7815, num_edges=137832,
      ndata_schemes={'_ID': Scheme(shape=(), dtype=torch.int64), 'inner_node': Scheme(shape=(), dtype=torch.int32), 'part_id': Scheme(shape=(), dtype=torch.int64)}
      edata_schemes={'_ID': Scheme(shape=(), dtype=torch.int64), 'inner_edge': Scheme(shape=(), dtype=torch.int8)})}
MertisPartition: part 0 has 8499 N 86694 E
MertisPartition: part 1 has 6140 N 88951 E
MertisPartition: part 2 has 8646 N 109741 E
MertisPartition: part 3 has 8503 N 86907 E
MertisPartition: part 4 has 10597 N 122217 E
MertisPartition: part 5 has 8255 N 102550 E
MertisPartition: part 6 has 7422 N 104094 E
MertisPartition: part 7 has 7815 N 137832 E
Rank0: cached key size 186
Rank1: cached key size 186
Rank2: cached key size 186
Rank3: cached key size 186
Rank4: cached key size 186
Rank5: cached key size 186
Rank6: cached key size 186
Rank7: cached key size 186
Before renumbering graph:  {'_ID': tensor([    0,    15,    36,  ..., 11946,  9147, 13282]), 'inner_node': tensor([1, 1, 1,  ..., 0, 0, 0], dtype=torch.int32), 'part_id': tensor([0, 0, 0,  ..., 6, 3, 7])}
After renumbering graph:  {'_ID': tensor([1491, 1921, 2397,  ..., 8725, 8860, 7385]), 'inner_node': tensor([1, 1, 1,  ..., 0, 0, 0], dtype=torch.int32), 'part_id': tensor([0, 0, 0,  ..., 6, 3, 7])}
part_g: DGLGraph(num_nodes=8499, num_edges=86694,
         ndata_schemes={'_ID': Scheme(shape=(), dtype=torch.int64)}
         edata_schemes={'tid': Scheme(shape=(), dtype=torch.int64)})
part_g: DGLGraph(num_nodes=8499, num_edges=86694,
         ndata_schemes={'_ID': Scheme(shape=(), dtype=torch.int64)}
         edata_schemes={'tid': Scheme(shape=(), dtype=torch.int64)})
Total initialize time 3.422 seconds
[Rank1] pid = 9012
[Rank2] pid = 9064
[Rank3] pid = 9141
[Rank4] pid = 9205
[Rank5] pid = 9269
[Rank6] pid = 9333
INFO [8426 distributed_c10d.py:442] Added key: store_based_barrier_key:1 to store for rank: 0
INFO [9012 distributed_c10d.py:442] Added key: store_based_barrier_key:1 to store for rank: 1
INFO [9064 distributed_c10d.py:442] Added key: store_based_barrier_key:1 to store for rank: 2
INFO [9141 distributed_c10d.py:442] Added key: store_based_barrier_key:1 to store for rank: 3
INFO [9205 distributed_c10d.py:442] Added key: store_based_barrier_key:1 to store for rank: 4
INFO [9269 distributed_c10d.py:442] Added key: store_based_barrier_key:1 to store for rank: 5
INFO [9334 distributed_c10d.py:442] Added key: store_based_barrier_key:1 to store for rank: 7
INFO [9333 distributed_c10d.py:442] Added key: store_based_barrier_key:1 to store for rank: 6
INFO [9333 distributed_c10d.py:476] Rank 6: Completed store-based barrier for key:store_based_barrier_key:1 with 8 nodes.
INFO [9334 distributed_c10d.py:476] Rank 7: Completed store-based barrier for key:store_based_barrier_key:1 with 8 nodes.
INFO [9269 distributed_c10d.py:476] Rank 5: Completed store-based barrier for key:store_based_barrier_key:1 with 8 nodes.
INFO [9141 distributed_c10d.py:476] Rank 3: Completed store-based barrier for key:store_based_barrier_key:1 with 8 nodes.
INFO [8426 distributed_c10d.py:476] Rank 0: Completed store-based barrier for key:store_based_barrier_key:1 with 8 nodes.
INFO [9012 distributed_c10d.py:476] Rank 1: Completed store-based barrier for key:store_based_barrier_key:1 with 8 nodes.
INFO [9205 distributed_c10d.py:476] Rank 4: Completed store-based barrier for key:store_based_barrier_key:1 with 8 nodes.
INFO [9064 distributed_c10d.py:476] Rank 2: Completed store-based barrier for key:store_based_barrier_key:1 with 8 nodes.
W20240124 10:58:39.479815  9335 IPCTensor.h:405] NewIPCGPUTensor: embedding_cache_0 [1495, 400]; dev=0; size=2.281 MB
W20240124 10:58:39.480741  9206 IPCTensor.h:405] NewIPCGPUTensor: embedding_cache_4 [1495, 400]; dev=4; size=2.281 MB
W20240124 10:58:39.480909  9013 IPCTensor.h:405] NewIPCGPUTensor: embedding_cache_1 [1495, 400]; dev=1; size=2.281 MB
W20240124 10:58:39.480916  9401 IPCTensor.h:405] NewIPCGPUTensor: embedding_cache_7 [1495, 400]; dev=7; size=2.281 MB
W20240124 10:58:39.480926  9400 IPCTensor.h:405] NewIPCGPUTensor: embedding_cache_6 [1495, 400]; dev=6; size=2.281 MB
W20240124 10:58:39.480916  9142 IPCTensor.h:405] NewIPCGPUTensor: embedding_cache_3 [1495, 400]; dev=3; size=2.281 MB
W20240124 10:58:39.480928  9270 IPCTensor.h:405] NewIPCGPUTensor: embedding_cache_5 [1495, 400]; dev=5; size=2.281 MB
W20240124 10:58:39.481257  9077 IPCTensor.h:405] NewIPCGPUTensor: embedding_cache_2 [1495, 400]; dev=2; size=2.281 MB
W20240124 10:58:39.503506  9401 IPCTensor.h:365] NewIPCTensor: input_keys_7 [100000]0x1000054a6000 781.2 kB
W20240124 10:58:39.503707  9401 IPCTensor.h:365] NewIPCTensor: input_keys_neg_7 [100000]0x10000556b000 781.2 kB
W20240124 10:58:39.503803  9401 IPCTensor.h:365] NewIPCTensor: backward_grads_7 [100000, 400]0x100005630000 152.6 MB
W20240124 10:58:39.503850  9401 IPCTensor.h:365] NewIPCTensor: backward_grads_neg_7 [100000, 400]0x10000eec8000 152.6 MB
W20240124 10:58:39.503939  9401 IPCTensor.h:405] NewIPCGPUTensor: backward_grads_7_gpu [100000, 400]; dev=7; size=152.6 MB
W20240124 10:58:39.504524  9400 IPCTensor.h:365] NewIPCTensor: input_keys_6 [100000]0x100018764000 781.2 kB
W20240124 10:58:39.504573  9401 IPCTensor.h:405] NewIPCGPUTensor: backward_grads_neg_7_gpu [100000, 400]; dev=7; size=152.6 MB
W20240124 10:58:39.504698  9400 IPCTensor.h:365] NewIPCTensor: input_keys_neg_6 [100000]0x100018829000 781.2 kB
W20240124 10:58:39.504787  9400 IPCTensor.h:365] NewIPCTensor: backward_grads_6 [100000, 400]0x1000188ee000 152.6 MB
W20240124 10:58:39.504858  9400 IPCTensor.h:365] NewIPCTensor: backward_grads_neg_6 [100000, 400]0x100022186000 152.6 MB
W20240124 10:58:39.504905  9400 IPCTensor.h:405] NewIPCGPUTensor: backward_grads_6_gpu [100000, 400]; dev=6; size=152.6 MB
W20240124 10:58:39.505784  9400 IPCTensor.h:405] NewIPCGPUTensor: backward_grads_neg_6_gpu [100000, 400]; dev=6; size=152.6 MB
W20240124 10:58:39.506043  9335 IPCTensor.h:365] NewIPCTensor: input_keys_0 [100000]0x10002ba24000 781.2 kB
W20240124 10:58:39.506220  9335 IPCTensor.h:365] NewIPCTensor: input_keys_neg_0 [100000]0x10002baeb000 781.2 kB
W20240124 10:58:39.506307  9335 IPCTensor.h:365] NewIPCTensor: backward_grads_0 [100000, 400]0x10002bbb0000 152.6 MB
W20240124 10:58:39.506368  9335 IPCTensor.h:365] NewIPCTensor: backward_grads_neg_0 [100000, 400]0x10003544a000 152.6 MB
W20240124 10:58:39.506417  9335 IPCTensor.h:405] NewIPCGPUTensor: backward_grads_0_gpu [100000, 400]; dev=0; size=152.6 MB
W20240124 10:58:39.506486  9077 IPCTensor.h:365] NewIPCTensor: input_keys_2 [100000]0x10003ece2000 781.2 kB
W20240124 10:58:39.506659  9077 IPCTensor.h:365] NewIPCTensor: input_keys_neg_2 [100000]0x10003eda7000 781.2 kB
W20240124 10:58:39.506764  9077 IPCTensor.h:365] NewIPCTensor: backward_grads_2 [100000, 400]0x10003ee6c000 152.6 MB
W20240124 10:58:39.506819  9077 IPCTensor.h:365] NewIPCTensor: backward_grads_neg_2 [100000, 400]0x100048704000 152.6 MB
W20240124 10:58:39.506878  9077 IPCTensor.h:405] NewIPCGPUTensor: backward_grads_2_gpu [100000, 400]; dev=2; size=152.6 MB
W20240124 10:58:39.508155  9335 IPCTensor.h:405] NewIPCGPUTensor: backward_grads_neg_0_gpu [100000, 400]; dev=0; size=152.6 MB
W20240124 10:58:39.508354  9142 IPCTensor.h:365] NewIPCTensor: input_keys_3 [100000]0x100051fa4000 781.2 kB
W20240124 10:58:39.508358  9013 IPCTensor.h:365] NewIPCTensor: input_keys_1 [100000]0x100052069000 781.2 kB
W20240124 10:58:39.508435  9206 IPCTensor.h:365] NewIPCTensor: input_keys_4 [100000]0x10005212e000 781.2 kB
W20240124 10:58:39.508512  9142 IPCTensor.h:365] NewIPCTensor: input_keys_neg_3 [100000]0x1000521f7000 781.2 kB
W20240124 10:58:39.508517  9013 IPCTensor.h:365] NewIPCTensor: input_keys_neg_1 [100000]0x1000522bc000 781.2 kB
W20240124 10:58:39.508584  9206 IPCTensor.h:365] NewIPCTensor: input_keys_neg_4 [100000]0x100052381000 781.2 kB
W20240124 10:58:39.508602  9013 IPCTensor.h:365] NewIPCTensor: backward_grads_1 [100000, 400]0x100052446000 152.6 MB
W20240124 10:58:39.508601  9077 IPCTensor.h:405] NewIPCGPUTensor: backward_grads_neg_2_gpu [100000, 400]; dev=2; size=152.6 MB
W20240124 10:58:39.508616  9142 IPCTensor.h:365] NewIPCTensor: backward_grads_3 [100000, 400]0x10005bcde000 152.6 MB
W20240124 10:58:39.508642  9013 IPCTensor.h:365] NewIPCTensor: backward_grads_neg_1 [100000, 400]0x100065576000 152.6 MB
W20240124 10:58:39.508677  9206 IPCTensor.h:365] NewIPCTensor: backward_grads_4 [100000, 400]0x10006ee0e000 152.6 MB
W20240124 10:58:39.508692  9013 IPCTensor.h:405] NewIPCGPUTensor: backward_grads_1_gpu [100000, 400]; dev=1; size=152.6 MB
W20240124 10:58:39.508697  9142 IPCTensor.h:365] NewIPCTensor: backward_grads_neg_3 [100000, 400]0x1000786a6000 152.6 MB
W20240124 10:58:39.508725  9206 IPCTensor.h:365] NewIPCTensor: backward_grads_neg_4 [100000, 400]0x100081f3e000 152.6 MB
W20240124 10:58:39.508745  9142 IPCTensor.h:405] NewIPCGPUTensor: backward_grads_3_gpu [100000, 400]; dev=3; size=152.6 MB
W20240124 10:58:39.508765  9206 IPCTensor.h:405] NewIPCGPUTensor: backward_grads_4_gpu [100000, 400]; dev=4; size=152.6 MB
W20240124 10:58:39.508843  9270 IPCTensor.h:365] NewIPCTensor: input_keys_5 [100000]0x10008b7d6000 781.2 kB
W20240124 10:58:39.508980  9270 IPCTensor.h:365] NewIPCTensor: input_keys_neg_5 [100000]0x10008b89b000 781.2 kB
W20240124 10:58:39.509050  9270 IPCTensor.h:365] NewIPCTensor: backward_grads_5 [100000, 400]0x10008b960000 152.6 MB
W20240124 10:58:39.509099  9270 IPCTensor.h:365] NewIPCTensor: backward_grads_neg_5 [100000, 400]0x1000951f8000 152.6 MB
W20240124 10:58:39.509146  9270 IPCTensor.h:405] NewIPCGPUTensor: backward_grads_5_gpu [100000, 400]; dev=5; size=152.6 MB
W20240124 10:58:39.512758  9013 IPCTensor.h:405] NewIPCGPUTensor: backward_grads_neg_1_gpu [100000, 400]; dev=1; size=152.6 MB
W20240124 10:58:39.512758  9142 IPCTensor.h:405] NewIPCGPUTensor: backward_grads_neg_3_gpu [100000, 400]; dev=3; size=152.6 MB
W20240124 10:58:39.512761  9206 IPCTensor.h:405] NewIPCGPUTensor: backward_grads_neg_4_gpu [100000, 400]; dev=4; size=152.6 MB
W20240124 10:58:39.512775  9270 IPCTensor.h:405] NewIPCGPUTensor: backward_grads_neg_5_gpu [100000, 400]; dev=5; size=152.6 MB
cudaHostRegister 0x100003dc2000
2: KnownLocalCachedEmbedding init done
WARNING [9064 DistTensor.py:56] The tensor name already exists in the kvstore
cudaHostRegister 0x100003dc2000
1: KnownLocalCachedEmbedding init done
cudaHostRegister 0x100003dc2000
3: KnownLocalCachedEmbedding init done
cudaHostRegister 0x100003dc2000
5: KnownLocalCachedEmbedding init done
WARNING [9012 DistTensor.py:56] The tensor name already exists in the kvstore
WARNING [9141 DistTensor.py:56] The tensor name already exists in the kvstore
WARNING [9269 DistTensor.py:56] The tensor name already exists in the kvstore
[Rank7] pid = 9334
New CachedEmbedding, name=full_emb, shape=(14951, 400), cache_type=KnownLocalCachedEmbedding
fixed cache_range is [(0, 1495), (1495, 2990), (2990, 4485), (4485, 5980), (5980, 7475), (7475, 8970), (8970, 10465), (10465, 11960)]
cudaHostRegister 0x100003dc2000
0: KnownLocalCachedEmbedding init done
cudaHostRegister 0x100003dc2000
4: KnownLocalCachedEmbedding init done
WARNING [8426 DistTensor.py:56] The tensor name already exists in the kvstore
WARNING [9205 DistTensor.py:56] The tensor name already exists in the kvstore
cudaHostRegister 0x100003dc2000
7: KnownLocalCachedEmbedding init done
cudaHostRegister 0x100003dc2000
6: KnownLocalCachedEmbedding init done
WARNING [9334 DistTensor.py:56] The tensor name already exists in the kvstore
WARNING [9333 DistTensor.py:56] The tensor name already exists in the kvstore
I20240124 10:58:39.679267  9400 IPC_barrier.h:118] CreateBarrier: new barrier, name: kgcachecontroller, count: 8
I20240124 10:58:39.679307  9142 IPC_barrier.h:112] CreateBarrier: find existing barrier, name: kgcachecontroller, count: 8
I20240124 10:58:39.679334  9206 IPC_barrier.h:112] CreateBarrier: find existing barrier, name: kgcachecontroller, count: 8
I20240124 10:58:39.679358  9335 IPC_barrier.h:112] CreateBarrier: find existing barrier, name: kgcachecontroller, count: 8
I20240124 10:58:39.679380  9401 IPC_barrier.h:112] CreateBarrier: find existing barrier, name: kgcachecontroller, count: 8
I20240124 10:58:39.679414  9013 IPC_barrier.h:112] CreateBarrier: find existing barrier, name: kgcachecontroller, count: 8
I20240124 10:58:39.679440  9077 IPC_barrier.h:112] CreateBarrier: find existing barrier, name: kgcachecontroller, count: 8
I20240124 10:58:39.679471  9270 IPC_barrier.h:112] CreateBarrier: find existing barrier, name: kgcachecontroller, count: 8
W20240124 10:58:39.680681  9335 grad_base.h:55] KGCacheController, config={
        "num_gpus": 8,
        "L": 10,
        "backgrad_init": "both", 
        "kForwardItersPerStep": 2,
        "clr": 1,
        "nr_background_threads": 32,
        "backwardMode": "CppAsyncV2",
        "cache_ratio": 0.1
        }
W20240124 10:58:39.680816  9335 grad_base.h:172] Init GradProcessingBase done
I20240124 10:58:39.684221  9335 grad_async_v2.h:32] Use background thread to update emb. nr_background_threads=32
W20240124 10:58:39.684304  9335 kg_controller.h:78] after init GradAsyncProcessingV2
I20240124 10:58:39.684309  9335 kg_controller.h:84] Construct KGCacheController done
I20240124 10:58:40.471136  9335 grad_base.h:60] GraphEnv RegTensorsPerProcess
W20240124 10:58:41.583892 10083 grad_async_v2.h:120] Detect new sample comes, old_end0, new_end1
E20240124 10:58:41.584342 10083 parallel_pq_v2.h:76] insert failed, size(hashtable)=1
I20240124 10:58:41.619110  9013 IPC_barrier.h:118] CreateBarrier: new barrier, name: start_barrier, count: 8
I20240124 10:58:41.622126  9142 IPC_barrier.h:112] CreateBarrier: find existing barrier, name: start_barrier, count: 8
I20240124 10:58:41.622610  9270 IPC_barrier.h:112] CreateBarrier: find existing barrier, name: start_barrier, count: 8
I20240124 10:58:41.623507  9077 IPC_barrier.h:112] CreateBarrier: find existing barrier, name: start_barrier, count: 8
W20240124 10:58:41.623952 10082 HazptrDomain.h:767] 10 request backlog for hazptr asynchronous reclamation executor
I20240124 10:58:41.624675  9206 IPC_barrier.h:112] CreateBarrier: find existing barrier, name: start_barrier, count: 8
I20240124 10:58:41.629619  9335 IPC_barrier.h:112] CreateBarrier: find existing barrier, name: start_barrier, count: 8
I20240124 10:58:41.633476  9400 IPC_barrier.h:112] CreateBarrier: find existing barrier, name: start_barrier, count: 8
I20240124 10:58:41.635229  9401 IPC_barrier.h:112] CreateBarrier: find existing barrier, name: start_barrier, count: 8
E20240124 10:58:43.701074  9335 parallel_pq_v2.h:76] insert failed, size(hashtable)=3
W20240124 10:58:43.722107  9335 grad_async_v2.h:249] Sleep in <BlockToStepN>, step_no=1, pq.top=1
W20240124 10:58:43.726668 10083 grad_async_v2.h:120] Detect new sample comes, old_end1, new_end2
+---------------------------+---------------------------+---------------------------+
| Name                      | P50                       | P99                       |
+---------------------------+---------------------------+---------------------------+
| GenInput                  | 1.167 ms                  | 17.781 ms                 |
| Forward                   | 4.201 ms                  | 763.695 ms                |
| Backward                  | 5.547 ms                  | 292.626 ms                |
| Optimize                  | 1.894 ms                  | 2.984 ms                  |
| BarrierTimeBeforeRank0    | 772.893 us                | 119.679 ms                |
| AfterBackward             | 34.482 ms                 | 904.661 ms                |
| BlockToStepN              | 1.028 ms                  | 20.508 ms                 |
| OneStep                   | 63.332 ms                 | 2.089 s                   |
+---------------------------+---------------------------+---------------------------+
E20240124 10:58:44.700014 10082 parallel_pq_v2.h:76] insert failed, size(hashtable)=10238
W20240124 10:58:44.743454  9335 grad_async_v2.h:249] Sleep in <BlockToStepN>, step_no=17, pq.top=17
W20240124 10:58:44.779163 10083 grad_async_v2.h:120] Detect new sample comes, old_end0, new_end8
+---------------------------+---------------------------+---------------------------+
| Name                      | P50                       | P99                       |
+---------------------------+---------------------------+---------------------------+
| ProcessBack:Shuffle       | 9.020 ms                  | 254.438 ms                |
| ProcessBack:UpdateCache   | 11.118 ms                 | 618.682 ms                |
| ProcessBack:UpsertPq      | 14.626 ms                 | 21.655 ms                 |
| ProcessOneStep            | 37.796 ms                 | 903.904 ms                |
| BlockToStepN              | 1.831 ms                  | 40.038 ms                 |
+---------------------------+---------------------------+---------------------------+
E20240124 10:58:45.700055 10082 parallel_pq_v2.h:76] insert failed, size(hashtable)=7047
W20240124 10:58:45.743029  9335 grad_async_v2.h:249] Sleep in <BlockToStepN>, step_no=29, pq.top=29
W20240124 10:58:45.800383 10083 grad_async_v2.h:120] Detect new sample comes, old_end2, new_end0
E20240124 10:58:46.700012 10082 parallel_pq_v2.h:76] insert failed, size(hashtable)=4859
W20240124 10:58:46.784857  9335 grad_async_v2.h:249] Sleep in <BlockToStepN>, step_no=42, pq.top=42
W20240124 10:58:46.800350 10083 grad_async_v2.h:120] Detect new sample comes, old_end7, new_end2
E20240124 10:58:47.700007  9335 parallel_pq_v2.h:76] insert failed, size(hashtable)=274
W20240124 10:58:47.815872 10083 grad_async_v2.h:120] Detect new sample comes, old_end2, new_end5
W20240124 10:58:47.817131  9335 grad_async_v2.h:249] Sleep in <BlockToStepN>, step_no=55, pq.top=55
E20240124 10:58:48.700017 10082 parallel_pq_v2.h:76] insert failed, size(hashtable)=9774
W20240124 10:58:48.818882 10083 grad_async_v2.h:120] Detect new sample comes, old_end7, new_end8
W20240124 10:58:48.864778  9335 grad_async_v2.h:249] Sleep in <BlockToStepN>, step_no=68, pq.top=68
+---------------------------+---------------------------+---------------------------+
| Name                      | P50                       | P99                       |
+---------------------------+---------------------------+---------------------------+
| GenInput                  | 1.486 ms                  | 21.020 ms                 |
| Forward                   | 4.877 ms                  | 14.538 ms                 |
| Backward                  | 5.301 ms                  | 15.799 ms                 |
| Optimize                  | 1.889 ms                  | 3.266 ms                  |
| BarrierTimeBeforeRank0    | 1.112 ms                  | 16.665 ms                 |
| AfterBackward             | 42.856 ms                 | 68.910 ms                 |
| BlockToStepN              | 10.792 ms                 | 45.172 ms                 |
| OneStep                   | 77.182 ms                 | 164.575 ms                |
+---------------------------+---------------------------+---------------------------+
E20240124 10:58:49.700215  9664 parallel_pq_v2.h:76] insert failed, size(hashtable)=1749
W20240124 10:58:49.822858 10083 grad_async_v2.h:120] Detect new sample comes, old_end9, new_end0
W20240124 10:58:49.901821  9335 grad_async_v2.h:249] Sleep in <BlockToStepN>, step_no=80, pq.top=80
+---------------------------+---------------------------+---------------------------+
| Name                      | P50                       | P99                       |
+---------------------------+---------------------------+---------------------------+
| ProcessBack:Shuffle       | 8.929 ms                  | 14.492 ms                 |
| ProcessBack:UpdateCache   | 11.669 ms                 | 24.617 ms                 |
| ProcessBack:UpsertPq      | 21.638 ms                 | 40.160 ms                 |
| ProcessOneStep            | 43.468 ms                 | 68.873 ms                 |
| BlockToStepN              | 9.994 ms                  | 45.054 ms                 |
+---------------------------+---------------------------+---------------------------+
E20240124 10:58:50.700023 10082 parallel_pq_v2.h:76] insert failed, size(hashtable)=4461
W20240124 10:58:50.826778 10083 grad_async_v2.h:120] Detect new sample comes, old_end0, new_end1
W20240124 10:58:50.940500  9335 grad_async_v2.h:249] Sleep in <BlockToStepN>, step_no=92, pq.top=92
train_sampler.Prefill()
before start barrier
start train
[proc 7] 100 steps, total: 10.001, sample: 0.321, forward: 1.326, backward: 0.698, update: 0.169
train_sampler.Prefill()
before start barrier
start train
[proc 5] 100 steps, total: 10.013, sample: 0.369, forward: 1.235, backward: 0.700, update: 0.178
train_sampler.Prefill()
before start barrier
start train
[proc 6] 100 steps, total: 10.003, sample: 0.399, forward: 1.358, backward: 0.708, update: 0.170
train_sampler.Prefill()
before start barrier
start train
[proc 2] 100 steps, total: 10.012, sample: 0.382, forward: 1.141, backward: 0.785, update: 0.184
train_sampler.Prefill()
before start barrier
start train
[proc 4] 100 steps, total: 10.011, sample: 0.376, forward: 1.219, backward: 0.717, update: 0.175
train_sampler.Prefill()
before start barrier
start train
[proc 3] 100 steps, total: 10.014, sample: 0.332, forward: 1.195, backward: 0.695, update: 0.176
train_sampler.Prefill()
before start barrier
start train
[proc 1] 100 steps, total: 10.017, sample: 0.391, forward: 1.217, backward: 0.669, update: 0.189
train_sampler.Prefill()
-------Step 0-------
tensor([  114,   177,  4694,   113, 11726, 12892,  1783,  7617, 12344, 11107]) tensor([ 2397,  9039,  5826, 10847,    52,  1731,  1276,  5414,  1085, 11963])
-------Step 1-------
tensor([  114,   177,  4694,   113, 11726, 12892,  1783,  7617, 12344, 11107]) tensor([  961,   221, 13928,  2267,  1763,  7460, 13851,  9345,  5481, 12531])
-------Step 2-------
tensor([ 7564, 10470,  5463,  4202,   154,  8234, 10023,  4887, 10800,  1647]) tensor([ 4217,  5108,  4309,  8772,   327,  8710, 14870,  9099, 13012,  9817])
-------Step 3-------
tensor([ 7564, 10470,  5463,  4202,   154,  8234, 10023,  4887, 10800,  1647]) tensor([ 8322,  6890,  7656, 11042,  6894,  1396,   577,  2768, 12479,  2738])
-------Step 4-------
tensor([  177, 11975, 10028,  5912,  6172,  3913,    21,  7025,    63,  1827]) tensor([1208, 1936,  579, 3640, 3680, 3136, 7617, 6987, 7314, 2464])
-------Step 5-------
tensor([  177, 11975, 10028,  5912,  6172,  3913,    21,  7025,    63,  1827]) tensor([10635,  5024,   555,  2325,  3795,  1570,  1543,  2050,  6211,  9420])
-------Step 6-------
tensor([ 2268,  8099,    39,   137,  8301,  3550,  8024, 11079, 13697,   101]) tensor([10470,  3410,  7323,  4442,  9226,  9012,  4361,  8394, 10323, 11436])
-------Step 7-------
tensor([ 2268,  8099,    39,   137,  8301,  3550,  8024, 11079, 13697,   101]) tensor([12864,   815,  4958,  6799,  1996,  1443,  7068,  4242,  7980,  1419])
-------Step 8-------
tensor([ 4046,  7495,  5194, 12537,    45,    15,  9225, 12435,    18,  2656]) tensor([ 5893,  6018,  4881,  7485,  4343, 13391,  9206,  2057,  9552,  3729])
-------Step 9-------
tensor([ 4046,  7495,  5194, 12537,    45,    15,  9225, 12435,    18,  2656]) tensor([11866,  4477, 12687,  7805, 14500,   796, 14697,  9345,  1465, 12586])
before start barrier
start train
[proc 0] 100 steps, total: 10.006, sample: 0.408, forward: 1.297, backward: 0.810, update: 0.194
E20240124 10:58:51.700018 10082 parallel_pq_v2.h:76] insert failed, size(hashtable)=2044
W20240124 10:58:51.831306 10083 grad_async_v2.h:120] Detect new sample comes, old_end2, new_end3
W20240124 10:58:51.972527  9335 grad_async_v2.h:249] Sleep in <BlockToStepN>, step_no=104, pq.top=104
E20240124 10:58:52.700012 10082 parallel_pq_v2.h:76] insert failed, size(hashtable)=5998
W20240124 10:58:52.836736 10083 grad_async_v2.h:120] Detect new sample comes, old_end3, new_end4
W20240124 10:58:52.972119  9335 grad_async_v2.h:249] Sleep in <BlockToStepN>, step_no=115, pq.top=115
E20240124 10:58:53.700042 10082 parallel_pq_v2.h:76] insert failed, size(hashtable)=3021
W20240124 10:58:53.841661 10083 grad_async_v2.h:120] Detect new sample comes, old_end3, new_end4
W20240124 10:58:53.972052  9335 grad_async_v2.h:249] Sleep in <BlockToStepN>, step_no=125, pq.top=125
+---------------------------+---------------------------+---------------------------+
| Name                      | P50                       | P99                       |
+---------------------------+---------------------------+---------------------------+
| GenInput                  | 1.562 ms                  | 21.020 ms                 |
| Forward                   | 4.884 ms                  | 14.538 ms                 |
| Backward                  | 4.465 ms                  | 15.799 ms                 |
| Optimize                  | 1.894 ms                  | 3.401 ms                  |
| BarrierTimeBeforeRank0    | 1.281 ms                  | 16.665 ms                 |
| AfterBackward             | 42.699 ms                 | 68.910 ms                 |
| BlockToStepN              | 13.557 ms                 | 58.866 ms                 |
| OneStep                   | 82.109 ms                 | 164.575 ms                |
+---------------------------+---------------------------+---------------------------+
E20240124 10:58:54.700019 10082 parallel_pq_v2.h:76] insert failed, size(hashtable)=3346
W20240124 10:58:54.845144 10083 grad_async_v2.h:120] Detect new sample comes, old_end3, new_end4
W20240124 10:58:55.002074  9335 grad_async_v2.h:249] Sleep in <BlockToStepN>, step_no=135, pq.top=135
+---------------------------+---------------------------+---------------------------+
| Name                      | P50                       | P99                       |
+---------------------------+---------------------------+---------------------------+
| ProcessBack:Shuffle       | 8.856 ms                  | 13.108 ms                 |
| ProcessBack:UpdateCache   | 11.588 ms                 | 24.541 ms                 |
| ProcessBack:UpsertPq      | 21.270 ms                 | 40.096 ms                 |
| ProcessOneStep            | 42.619 ms                 | 68.873 ms                 |
| BlockToStepN              | 14.666 ms                 | 58.790 ms                 |
+---------------------------+---------------------------+---------------------------+
E20240124 10:58:55.700009 10082 parallel_pq_v2.h:76] insert failed, size(hashtable)=2306
W20240124 10:58:55.846779 10083 grad_async_v2.h:120] Detect new sample comes, old_end3, new_end4
W20240124 10:58:56.030236  9335 grad_async_v2.h:249] Sleep in <BlockToStepN>, step_no=146, pq.top=146
E20240124 10:58:56.700011  9664 parallel_pq_v2.h:76] insert failed, size(hashtable)=1864
W20240124 10:58:56.848649 10083 grad_async_v2.h:120] Detect new sample comes, old_end6, new_end7
W20240124 10:58:57.039707  9335 grad_async_v2.h:249] Sleep in <BlockToStepN>, step_no=159, pq.top=159
E20240124 10:58:57.700027 10082 parallel_pq_v2.h:76] insert failed, size(hashtable)=6142
W20240124 10:58:57.861786 10083 grad_async_v2.h:120] Detect new sample comes, old_end8, new_end9
W20240124 10:58:58.101789  9335 grad_async_v2.h:249] Sleep in <BlockToStepN>, step_no=171, pq.top=171
E20240124 10:58:58.700014 10082 parallel_pq_v2.h:76] insert failed, size(hashtable)=8143
W20240124 10:58:58.864816 10083 grad_async_v2.h:120] Detect new sample comes, old_end9, new_end0
W20240124 10:58:59.163982  9335 grad_async_v2.h:249] Sleep in <BlockToStepN>, step_no=183, pq.top=183
+---------------------------+---------------------------+---------------------------+
| Name                      | P50                       | P99                       |
+---------------------------+---------------------------+---------------------------+
| GenInput                  | 1.591 ms                  | 24.133 ms                 |
| Forward                   | 4.860 ms                  | 12.825 ms                 |
| Backward                  | 4.403 ms                  | 14.152 ms                 |
| Optimize                  | 1.894 ms                  | 3.266 ms                  |
| BarrierTimeBeforeRank0    | 1.833 ms                  | 26.076 ms                 |
| AfterBackward             | 42.462 ms                 | 67.532 ms                 |
| BlockToStepN              | 14.736 ms                 | 56.859 ms                 |
| OneStep                   | 84.595 ms                 | 132.537 ms                |
+---------------------------+---------------------------+---------------------------+
E20240124 10:58:59.700011  9664 parallel_pq_v2.h:76] insert failed, size(hashtable)=1214
W20240124 10:58:59.895732 10083 grad_async_v2.h:120] Detect new sample comes, old_end7, new_end1
W20240124 10:59:00.187521  9335 grad_async_v2.h:249] Sleep in <BlockToStepN>, step_no=194, pq.top=194
+---------------------------+---------------------------+---------------------------+
| Name                      | P50                       | P99                       |
+---------------------------+---------------------------+---------------------------+
| ProcessBack:Shuffle       | 8.822 ms                  | 13.094 ms                 |
| ProcessBack:UpdateCache   | 11.516 ms                 | 21.217 ms                 |
| ProcessBack:UpsertPq      | 21.337 ms                 | 40.023 ms                 |
| ProcessOneStep            | 42.619 ms                 | 67.494 ms                 |
| BlockToStepN              | 14.502 ms                 | 56.778 ms                 |
+---------------------------+---------------------------+---------------------------+
E20240124 10:59:00.700014 10082 parallel_pq_v2.h:76] insert failed, size(hashtable)=9295
[proc 3] 200 steps, total: 9.102, sample: 0.369, forward: 0.433, backward: 0.483, update: 0.168
[proc 5] 200 steps, total: 9.103, sample: 0.406, forward: 0.472, backward: 0.445, update: 0.173
[proc 1] 200 steps, total: 9.102, sample: 0.368, forward: 0.444, backward: 0.493, update: 0.168
[proc 7] 200 steps, total: 9.103, sample: 0.370, forward: 0.443, backward: 0.498, update: 0.173
[proc 2] 200 steps, total: 9.103, sample: 0.337, forward: 0.466, backward: 0.531, update: 0.172
[proc 6] 200 steps, total: 9.103, sample: 0.374, forward: 0.448, backward: 0.485, update: 0.170
[proc 4] 200 steps, total: 9.103, sample: 0.424, forward: 0.477, backward: 0.474, update: 0.202
[proc 0] 200 steps, total: 9.102, sample: 0.427, forward: 0.498, backward: 0.438, update: 0.181
W20240124 10:59:00.990095 10083 grad_async_v2.h:120] Detect new sample comes, old_end5, new_end3
W20240124 10:59:01.187136  9335 grad_async_v2.h:249] Sleep in <BlockToStepN>, step_no=204, pq.top=204
E20240124 10:59:01.707111 10082 parallel_pq_v2.h:76] insert failed, size(hashtable)=4331
W20240124 10:59:02.001521 10083 grad_async_v2.h:120] Detect new sample comes, old_end4, new_end5
W20240124 10:59:02.238803  9335 grad_async_v2.h:249] Sleep in <BlockToStepN>, step_no=206, pq.top=206
E20240124 10:59:02.707018 10082 parallel_pq_v2.h:76] insert failed, size(hashtable)=8176
W20240124 10:59:03.057950 10083 grad_async_v2.h:120] Detect new sample comes, old_end1, new_end6
W20240124 10:59:03.238329  9335 grad_async_v2.h:249] Sleep in <BlockToStepN>, step_no=218, pq.top=218
E20240124 10:59:03.707007  9335 parallel_pq_v2.h:76] insert failed, size(hashtable)=285
W20240124 10:59:04.138200 10083 grad_async_v2.h:120] Detect new sample comes, old_end9, new_end7
W20240124 10:59:04.249923  9335 grad_async_v2.h:249] Sleep in <BlockToStepN>, step_no=228, pq.top=228
+---------------------------+---------------------------+---------------------------+
| Name                      | P50                       | P99                       |
+---------------------------+---------------------------+---------------------------+
| GenInput                  | 1.596 ms                  | 24.133 ms                 |
| Forward                   | 4.794 ms                  | 12.825 ms                 |
| Backward                  | 4.404 ms                  | 14.152 ms                 |
| Optimize                  | 1.890 ms                  | 3.266 ms                  |
| BarrierTimeBeforeRank0    | 2.275 ms                  | 26.076 ms                 |
| AfterBackward             | 42.603 ms                 | 71.323 ms                 |
| BlockToStepN              | 14.859 ms                 | 84.229 ms                 |
| OneStep                   | 85.549 ms                 | 254.898 ms                |
+---------------------------+---------------------------+---------------------------+
E20240124 10:59:04.707006  9664 parallel_pq_v2.h:76] insert failed, size(hashtable)=427
W20240124 10:59:05.145043 10083 grad_async_v2.h:120] Detect new sample comes, old_end7, new_end8
W20240124 10:59:05.249339  9335 grad_async_v2.h:249] Sleep in <BlockToStepN>, step_no=239, pq.top=239
+---------------------------+---------------------------+---------------------------+
| Name                      | P50                       | P99                       |
+---------------------------+---------------------------+---------------------------+
| ProcessBack:Shuffle       | 8.814 ms                  | 12.365 ms                 |
| ProcessBack:UpdateCache   | 11.406 ms                 | 21.203 ms                 |
| ProcessBack:UpsertPq      | 21.341 ms                 | 40.160 ms                 |
