WARNING: Logging before InitGoogleLogging() is written to STDERR
I20240211 03:25:31.097282 45126 IPC_barrier.h:128] MultiProcessBarrierFactory->ClearIPCMemory()
W20240211 03:25:31.105765 45126 IPCTensor.h:369] NewIPCTensor: full_emb [33762578, 32]0x100000002000 4.025 GB
/data/home/xieminhui/RecStore/src/framework_adapters/torch/python/perf_rec_model.py:152: DeprecationWarning: The 'warn' function is deprecated, use 'warning' instead
  XLOG.warn("After init DistEmbedding")
WARNING [45126 perf_rec_model.py:152] After init DistEmbedding
========== Running Perf with routine <function routine_local_cache_helper at 0x7fbd615c58a0>==========
Worker 1 pid=48791
Worker 2 pid=48792
Worker 3 pid=48793
Worker 4 pid=48794
Worker 5 pid=48795
Worker 6 pid=48796
INFO [45126 distributed_c10d.py:442] Added key: store_based_barrier_key:1 to store for rank: 0
INFO [48791 distributed_c10d.py:442] Added key: store_based_barrier_key:1 to store for rank: 1
INFO [48792 distributed_c10d.py:442] Added key: store_based_barrier_key:1 to store for rank: 2
INFO [48793 distributed_c10d.py:442] Added key: store_based_barrier_key:1 to store for rank: 3
INFO [48795 distributed_c10d.py:442] Added key: store_based_barrier_key:1 to store for rank: 5
INFO [48794 distributed_c10d.py:442] Added key: store_based_barrier_key:1 to store for rank: 4
INFO [48797 distributed_c10d.py:442] Added key: store_based_barrier_key:1 to store for rank: 7
INFO [48796 distributed_c10d.py:442] Added key: store_based_barrier_key:1 to store for rank: 6
INFO [48797 distributed_c10d.py:476] Rank 7: Completed store-based barrier for key:store_based_barrier_key:1 with 8 nodes.
INFO [48796 distributed_c10d.py:476] Rank 6: Completed store-based barrier for key:store_based_barrier_key:1 with 8 nodes.
INFO [45126 distributed_c10d.py:476] Rank 0: Completed store-based barrier for key:store_based_barrier_key:1 with 8 nodes.
INFO [48793 distributed_c10d.py:476] Rank 3: Completed store-based barrier for key:store_based_barrier_key:1 with 8 nodes.
INFO [48791 distributed_c10d.py:476] Rank 1: Completed store-based barrier for key:store_based_barrier_key:1 with 8 nodes.
INFO [48795 distributed_c10d.py:476] Rank 5: Completed store-based barrier for key:store_based_barrier_key:1 with 8 nodes.
INFO [48794 distributed_c10d.py:476] Rank 4: Completed store-based barrier for key:store_based_barrier_key:1 with 8 nodes.
E20240211 03:25:49.231685 48797 IPCTensor.h:348] IPCTensor full_emb already exists
E20240211 03:25:49.231730 45126 IPCTensor.h:348] IPCTensor full_emb already exists
E20240211 03:25:49.231722 48796 IPCTensor.h:348] IPCTensor full_emb already exists
E20240211 03:25:49.232111 48793 IPCTensor.h:348] IPCTensor full_emb already exists
INFO [48792 distributed_c10d.py:476] Rank 2: Completed store-based barrier for key:store_based_barrier_key:1 with 8 nodes.
E20240211 03:25:49.232328 48791 IPCTensor.h:348] IPCTensor full_emb already exists
E20240211 03:25:49.236729 48794 IPCTensor.h:348] IPCTensor full_emb already exists
E20240211 03:25:49.236846 48795 IPCTensor.h:348] IPCTensor full_emb already exists
E20240211 03:25:49.236850 48792 IPCTensor.h:348] IPCTensor full_emb already exists
W20240211 03:26:08.166692 48796 IPCTensor.h:409] NewIPCGPUTensor: embedding_cache_6 [1688128, 32]; dev=6; size=206.1 MB
W20240211 03:26:08.166873 48792 IPCTensor.h:409] NewIPCGPUTensor: embedding_cache_2 [1688128, 32]; dev=2; size=206.1 MB
W20240211 03:26:08.168231 48791 IPCTensor.h:409] NewIPCGPUTensor: embedding_cache_1 [1688128, 32]; dev=1; size=206.1 MB
W20240211 03:26:08.168301 48797 IPCTensor.h:409] NewIPCGPUTensor: embedding_cache_7 [1688128, 32]; dev=7; size=206.1 MB
W20240211 03:26:08.168299 48795 IPCTensor.h:409] NewIPCGPUTensor: embedding_cache_5 [1688128, 32]; dev=5; size=206.1 MB
W20240211 03:26:08.170558 45126 IPCTensor.h:409] NewIPCGPUTensor: embedding_cache_0 [1688128, 32]; dev=0; size=206.1 MB
W20240211 03:26:08.170619 48793 IPCTensor.h:409] NewIPCGPUTensor: embedding_cache_3 [1688128, 32]; dev=3; size=206.1 MB
W20240211 03:26:08.171346 48794 IPCTensor.h:409] NewIPCGPUTensor: embedding_cache_4 [1688128, 32]; dev=4; size=206.1 MB
W20240211 03:26:08.907315 48797 IPCTensor.h:369] NewIPCTensor: input_keys_7 [1000000]0x10010196e000 7.629 MB
W20240211 03:26:08.907500 48797 IPCTensor.h:369] NewIPCTensor: input_keys_neg_7 [1000000]0x100102111000 7.629 MB
W20240211 03:26:08.907554 48797 IPCTensor.h:369] NewIPCTensor: backward_grads_7 [1000000, 32]0x1001028b4000 122.1 MB
W20240211 03:26:08.907616 48797 IPCTensor.h:369] NewIPCTensor: backward_grads_neg_7 [1000000, 32]0x10010a2c8000 122.1 MB
W20240211 03:26:08.907657 48797 IPCTensor.h:409] NewIPCGPUTensor: backward_grads_7_gpu [1000000, 32]; dev=7; size=122.1 MB
W20240211 03:26:08.913511 48797 IPCTensor.h:409] NewIPCGPUTensor: backward_grads_neg_7_gpu [1000000, 32]; dev=7; size=122.1 MB
W20240211 03:26:08.918751 48794 IPCTensor.h:369] NewIPCTensor: input_keys_4 [1000000]0x100111ce0000 7.629 MB
W20240211 03:26:08.918921 48794 IPCTensor.h:369] NewIPCTensor: input_keys_neg_4 [1000000]0x100112483000 7.629 MB
W20240211 03:26:08.918983 48794 IPCTensor.h:369] NewIPCTensor: backward_grads_4 [1000000, 32]0x100112c26000 122.1 MB
W20240211 03:26:08.919046 48794 IPCTensor.h:369] NewIPCTensor: backward_grads_neg_4 [1000000, 32]0x10011a63a000 122.1 MB
W20240211 03:26:08.919088 48794 IPCTensor.h:409] NewIPCGPUTensor: backward_grads_4_gpu [1000000, 32]; dev=4; size=122.1 MB
W20240211 03:26:08.920190 48794 IPCTensor.h:409] NewIPCGPUTensor: backward_grads_neg_4_gpu [1000000, 32]; dev=4; size=122.1 MB
W20240211 03:26:08.941368 45126 IPCTensor.h:369] NewIPCTensor: input_keys_0 [1000000]0x100122056000 7.629 MB
W20240211 03:26:08.941815 45126 IPCTensor.h:369] NewIPCTensor: input_keys_neg_0 [1000000]0x1001227f9000 7.629 MB
W20240211 03:26:08.941890 45126 IPCTensor.h:369] NewIPCTensor: backward_grads_0 [1000000, 32]0x100122f9c000 122.1 MB
W20240211 03:26:08.941974 45126 IPCTensor.h:369] NewIPCTensor: backward_grads_neg_0 [1000000, 32]0x10012a9b0000 122.1 MB
W20240211 03:26:08.942047 45126 IPCTensor.h:409] NewIPCGPUTensor: backward_grads_0_gpu [1000000, 32]; dev=0; size=122.1 MB
W20240211 03:26:08.953613 48791 IPCTensor.h:369] NewIPCTensor: input_keys_1 [1000000]0x1001323c6000 7.629 MB
W20240211 03:26:08.953804 48791 IPCTensor.h:369] NewIPCTensor: input_keys_neg_1 [1000000]0x100132b6d000 7.629 MB
W20240211 03:26:08.953861 45126 IPCTensor.h:409] NewIPCGPUTensor: backward_grads_neg_0_gpu [1000000, 32]; dev=0; size=122.1 MB
W20240211 03:26:08.953894 48791 IPCTensor.h:369] NewIPCTensor: backward_grads_1 [1000000, 32]0x100133310000 122.1 MB
W20240211 03:26:08.953954 48791 IPCTensor.h:369] NewIPCTensor: backward_grads_neg_1 [1000000, 32]0x10013ad24000 122.1 MB
W20240211 03:26:08.954016 48791 IPCTensor.h:409] NewIPCGPUTensor: backward_grads_1_gpu [1000000, 32]; dev=1; size=122.1 MB
W20240211 03:26:08.954034 48792 IPCTensor.h:369] NewIPCTensor: input_keys_2 [1000000]0x100142738000 7.629 MB
W20240211 03:26:08.954178 48792 IPCTensor.h:369] NewIPCTensor: input_keys_neg_2 [1000000]0x100142edb000 7.629 MB
W20240211 03:26:08.954236 48792 IPCTensor.h:369] NewIPCTensor: backward_grads_2 [1000000, 32]0x10014367e000 122.1 MB
W20240211 03:26:08.954296 48792 IPCTensor.h:369] NewIPCTensor: backward_grads_neg_2 [1000000, 32]0x10014b092000 122.1 MB
W20240211 03:26:08.954350 48792 IPCTensor.h:409] NewIPCGPUTensor: backward_grads_2_gpu [1000000, 32]; dev=2; size=122.1 MB
W20240211 03:26:08.955881 48792 IPCTensor.h:409] NewIPCGPUTensor: backward_grads_neg_2_gpu [1000000, 32]; dev=2; size=122.1 MB
W20240211 03:26:08.955893 48791 IPCTensor.h:409] NewIPCGPUTensor: backward_grads_neg_1_gpu [1000000, 32]; dev=1; size=122.1 MB
W20240211 03:26:08.956107 48793 IPCTensor.h:369] NewIPCTensor: input_keys_3 [1000000]0x100152aae000 7.629 MB
W20240211 03:26:08.956300 48793 IPCTensor.h:369] NewIPCTensor: input_keys_neg_3 [1000000]0x100153251000 7.629 MB
W20240211 03:26:08.956375 48793 IPCTensor.h:369] NewIPCTensor: backward_grads_3 [1000000, 32]0x1001539f4000 122.1 MB
W20240211 03:26:08.956444 48793 IPCTensor.h:369] NewIPCTensor: backward_grads_neg_3 [1000000, 32]0x10015b408000 122.1 MB
W20240211 03:26:08.956498 48793 IPCTensor.h:409] NewIPCGPUTensor: backward_grads_3_gpu [1000000, 32]; dev=3; size=122.1 MB
W20240211 03:26:08.957118 48793 IPCTensor.h:409] NewIPCGPUTensor: backward_grads_neg_3_gpu [1000000, 32]; dev=3; size=122.1 MB
W20240211 03:26:08.971601 48796 IPCTensor.h:369] NewIPCTensor: input_keys_6 [1000000]0x100162e26000 7.629 MB
W20240211 03:26:08.971774 48796 IPCTensor.h:369] NewIPCTensor: input_keys_neg_6 [1000000]0x1001635c9000 7.629 MB
W20240211 03:26:08.971851 48796 IPCTensor.h:369] NewIPCTensor: backward_grads_6 [1000000, 32]0x100163d6c000 122.1 MB
W20240211 03:26:08.971915 48796 IPCTensor.h:369] NewIPCTensor: backward_grads_neg_6 [1000000, 32]0x10016b780000 122.1 MB
W20240211 03:26:08.971959 48796 IPCTensor.h:409] NewIPCGPUTensor: backward_grads_6_gpu [1000000, 32]; dev=6; size=122.1 MB
W20240211 03:26:08.972394 48796 IPCTensor.h:409] NewIPCGPUTensor: backward_grads_neg_6_gpu [1000000, 32]; dev=6; size=122.1 MB
W20240211 03:26:08.989948 48795 IPCTensor.h:369] NewIPCTensor: input_keys_5 [1000000]0x10017319a000 7.629 MB
W20240211 03:26:08.990156 48795 IPCTensor.h:369] NewIPCTensor: input_keys_neg_5 [1000000]0x10017393d000 7.629 MB
W20240211 03:26:08.990222 48795 IPCTensor.h:369] NewIPCTensor: backward_grads_5 [1000000, 32]0x1001740e0000 122.1 MB
W20240211 03:26:08.990285 48795 IPCTensor.h:369] NewIPCTensor: backward_grads_neg_5 [1000000, 32]0x10017baf4000 122.1 MB
W20240211 03:26:08.990330 48795 IPCTensor.h:409] NewIPCGPUTensor: backward_grads_5_gpu [1000000, 32]; dev=5; size=122.1 MB
W20240211 03:26:08.990927 48795 IPCTensor.h:409] NewIPCGPUTensor: backward_grads_neg_5_gpu [1000000, 32]; dev=5; size=122.1 MB
cudaHostRegister 0x100000002000
4: KnownLocalCachedEmbedding init done
cudaHostRegister 0x100000002000
2: KnownLocalCachedEmbedding init done
cudaHostRegister 0x100000002000
3: KnownLocalCachedEmbedding init done
cudaHostRegister 0x100000002000
6: KnownLocalCachedEmbedding init done
Worker 7 pid=48797
New CachedEmbedding, name=full_emb, shape=(33762578, 32), cache_type=KnownLocalCachedEmbedding
fixed cache_range is [(0, 1688128), (1688128, 3376256), (3376256, 5064384), (5064384, 6752512), (6752512, 8440640), (8440640, 10128768), (10128768, 11816896), (11816896, 13505024)]
cudaHostRegister 0x100000002000
0: KnownLocalCachedEmbedding init done
cudaHostRegister 0x100000002000
5: KnownLocalCachedEmbedding init done
cudaHostRegister 0x100000002000
1: KnownLocalCachedEmbedding init done
cudaHostRegister 0x100000002000
7: KnownLocalCachedEmbedding init done
W20240211 03:26:16.527171 48792 IPCTensor.h:369] NewIPCTensor: cached_sampler_r2_0 [1000000]0x10018350c000 7.629 MB
W20240211 03:26:16.527375 48792 IPCTensor.h:369] NewIPCTensor: cached_sampler_r2_1 [1000000]0x100183caf000 7.629 MB
W20240211 03:26:16.527419 48792 IPCTensor.h:369] NewIPCTensor: cached_sampler_r2_2 [1000000]0x100184452000 7.629 MB
W20240211 03:26:16.527462 48792 IPCTensor.h:369] NewIPCTensor: cached_sampler_r2_3 [1000000]0x100184bf5000 7.629 MB
W20240211 03:26:16.527523 48792 IPCTensor.h:369] NewIPCTensor: cached_sampler_r2_4 [1000000]0x100185398000 7.629 MB
W20240211 03:26:16.527611 48792 IPCTensor.h:369] NewIPCTensor: cached_sampler_r2_5 [1000000]0x100185b3b000 7.629 MB
W20240211 03:26:16.527714 48792 IPCTensor.h:369] NewIPCTensor: cached_sampler_r2_6 [1000000]0x1001862de000 7.629 MB
W20240211 03:26:16.527838 48792 IPCTensor.h:369] NewIPCTensor: cached_sampler_r2_7 [1000000]0x100186a81000 7.629 MB
W20240211 03:26:16.527945 48792 IPCTensor.h:369] NewIPCTensor: cached_sampler_r2_8 [1000000]0x100187224000 7.629 MB
W20240211 03:26:16.528003 48792 IPCTensor.h:369] NewIPCTensor: cached_sampler_r2_9 [1000000]0x1001879c7000 7.629 MB
W20240211 03:26:16.528085 48792 IPCTensor.h:369] NewIPCTensor: step_r2 [10]0x10018816a000 80 B 
W20240211 03:26:16.528124 48792 IPCTensor.h:369] NewIPCTensor: circle_buffer_end_r2 [1]0x10018816c000 8 B 
W20240211 03:26:16.528169 48792 IPCTensor.h:369] NewIPCTensor: circle_buffer_end_cppseen_r2 [1]0x10018816e000 8 B 
Dataset:  /home/xieminhui/RecStoreDataset/criteo_binary
Dataset loaded
np.max =  33762577
np.min=  1
Construct RecModelSampler done
I20240211 03:26:16.528694 48792 IPC_barrier.h:118] CreateBarrier: new barrier, name: kgcachecontroller, count: 8
W20240211 03:26:16.550591 45126 IPCTensor.h:369] NewIPCTensor: cached_sampler_r0_0 [1000000]0x100188170000 7.629 MB
W20240211 03:26:16.550987 45126 IPCTensor.h:369] NewIPCTensor: cached_sampler_r0_1 [1000000]0x100188913000 7.629 MB
W20240211 03:26:16.551031 45126 IPCTensor.h:369] NewIPCTensor: cached_sampler_r0_2 [1000000]0x1001890b6000 7.629 MB
W20240211 03:26:16.551065 45126 IPCTensor.h:369] NewIPCTensor: cached_sampler_r0_3 [1000000]0x100189859000 7.629 MB
W20240211 03:26:16.551101 45126 IPCTensor.h:369] NewIPCTensor: cached_sampler_r0_4 [1000000]0x100189ffc000 7.629 MB
W20240211 03:26:16.551151 45126 IPCTensor.h:369] NewIPCTensor: cached_sampler_r0_5 [1000000]0x10018a79f000 7.629 MB
W20240211 03:26:16.551178 45126 IPCTensor.h:369] NewIPCTensor: cached_sampler_r0_6 [1000000]0x10018af42000 7.629 MB
W20240211 03:26:16.551227 45126 IPCTensor.h:369] NewIPCTensor: cached_sampler_r0_7 [1000000]0x10018b6e5000 7.629 MB
W20240211 03:26:16.551280 45126 IPCTensor.h:369] NewIPCTensor: cached_sampler_r0_8 [1000000]0x10018be88000 7.629 MB
W20240211 03:26:16.551313 45126 IPCTensor.h:369] NewIPCTensor: cached_sampler_r0_9 [1000000]0x10018c62b000 7.629 MB
W20240211 03:26:16.551345 45126 IPCTensor.h:369] NewIPCTensor: step_r0 [10]0x10018cdce000 80 B 
W20240211 03:26:16.551374 45126 IPCTensor.h:369] NewIPCTensor: circle_buffer_end_r0 [1]0x10018cdd0000 8 B 
W20240211 03:26:16.551399 45126 IPCTensor.h:369] NewIPCTensor: circle_buffer_end_cppseen_r0 [1]0x10018cdd2000 8 B 
Dataset:  /home/xieminhui/RecStoreDataset/criteo_binary
Dataset loaded
np.max =  33762577
np.min=  1
Construct RecModelSampler done
I20240211 03:26:16.551815 45126 IPC_barrier.h:112] CreateBarrier: find existing barrier, name: kgcachecontroller, count: 8
W20240211 03:26:16.820365 48796 IPCTensor.h:369] NewIPCTensor: cached_sampler_r6_0 [1000000]0x10018cdd4000 7.629 MB
W20240211 03:26:16.820528 48796 IPCTensor.h:369] NewIPCTensor: cached_sampler_r6_1 [1000000]0x10018d577000 7.629 MB
W20240211 03:26:16.820576 48796 IPCTensor.h:369] NewIPCTensor: cached_sampler_r6_2 [1000000]0x10018dd1a000 7.629 MB
W20240211 03:26:16.820623 48796 IPCTensor.h:369] NewIPCTensor: cached_sampler_r6_3 [1000000]0x10018e4bd000 7.629 MB
W20240211 03:26:16.820698 48796 IPCTensor.h:369] NewIPCTensor: cached_sampler_r6_4 [1000000]0x10018ec60000 7.629 MB
W20240211 03:26:16.820741 48796 IPCTensor.h:369] NewIPCTensor: cached_sampler_r6_5 [1000000]0x10018f403000 7.629 MB
W20240211 03:26:16.820793 48796 IPCTensor.h:369] NewIPCTensor: cached_sampler_r6_6 [1000000]0x10018fba6000 7.629 MB
W20240211 03:26:16.820848 48796 IPCTensor.h:369] NewIPCTensor: cached_sampler_r6_7 [1000000]0x100190349000 7.629 MB
W20240211 03:26:16.820897 48796 IPCTensor.h:369] NewIPCTensor: cached_sampler_r6_8 [1000000]0x100190aec000 7.629 MB
W20240211 03:26:16.820943 48796 IPCTensor.h:369] NewIPCTensor: cached_sampler_r6_9 [1000000]0x10019128f000 7.629 MB
W20240211 03:26:16.820993 48796 IPCTensor.h:369] NewIPCTensor: step_r6 [10]0x100191a32000 80 B 
W20240211 03:26:16.821030 48796 IPCTensor.h:369] NewIPCTensor: circle_buffer_end_r6 [1]0x100191a34000 8 B 
W20240211 03:26:16.821067 48796 IPCTensor.h:369] NewIPCTensor: circle_buffer_end_cppseen_r6 [1]0x100191a36000 8 B 
Dataset:  /home/xieminhui/RecStoreDataset/criteo_binary
Dataset loaded
np.max =  33762577
np.min=  1
Construct RecModelSampler done
I20240211 03:26:16.821414 48796 IPC_barrier.h:112] CreateBarrier: find existing barrier, name: kgcachecontroller, count: 8
W20240211 03:26:16.981393 48797 IPCTensor.h:369] NewIPCTensor: cached_sampler_r7_0 [1000000]0x100191a38000 7.629 MB
W20240211 03:26:16.981535 48797 IPCTensor.h:369] NewIPCTensor: cached_sampler_r7_1 [1000000]0x1001921db000 7.629 MB
W20240211 03:26:16.981583 48797 IPCTensor.h:369] NewIPCTensor: cached_sampler_r7_2 [1000000]0x10019297e000 7.629 MB
W20240211 03:26:16.981631 48797 IPCTensor.h:369] NewIPCTensor: cached_sampler_r7_3 [1000000]0x100193121000 7.629 MB
W20240211 03:26:16.981684 48797 IPCTensor.h:369] NewIPCTensor: cached_sampler_r7_4 [1000000]0x1001938c4000 7.629 MB
W20240211 03:26:16.981738 48797 IPCTensor.h:369] NewIPCTensor: cached_sampler_r7_5 [1000000]0x100194067000 7.629 MB
W20240211 03:26:16.981794 48797 IPCTensor.h:369] NewIPCTensor: cached_sampler_r7_6 [1000000]0x10019480a000 7.629 MB
W20240211 03:26:16.981848 48797 IPCTensor.h:369] NewIPCTensor: cached_sampler_r7_7 [1000000]0x100194fad000 7.629 MB
W20240211 03:26:16.981904 48797 IPCTensor.h:369] NewIPCTensor: cached_sampler_r7_8 [1000000]0x100195750000 7.629 MB
W20240211 03:26:16.981947 48797 IPCTensor.h:369] NewIPCTensor: cached_sampler_r7_9 [1000000]0x100195ef3000 7.629 MB
W20240211 03:26:16.982003 48797 IPCTensor.h:369] NewIPCTensor: step_r7 [10]0x100196696000 80 B 
W20240211 03:26:16.982040 48797 IPCTensor.h:369] NewIPCTensor: circle_buffer_end_r7 [1]0x100196698000 8 B 
W20240211 03:26:16.982076 48797 IPCTensor.h:369] NewIPCTensor: circle_buffer_end_cppseen_r7 [1]0x10019669a000 8 B 
Dataset:  /home/xieminhui/RecStoreDataset/criteo_binary
Dataset loaded
np.max =  33762577
np.min=  1
Construct RecModelSampler done
I20240211 03:26:16.982395 48797 IPC_barrier.h:112] CreateBarrier: find existing barrier, name: kgcachecontroller, count: 8
W20240211 03:26:17.026239 48793 IPCTensor.h:369] NewIPCTensor: cached_sampler_r3_0 [1000000]0x10019669c000 7.629 MB
W20240211 03:26:17.026404 48793 IPCTensor.h:369] NewIPCTensor: cached_sampler_r3_1 [1000000]0x100196e3f000 7.629 MB
W20240211 03:26:17.026443 48793 IPCTensor.h:369] NewIPCTensor: cached_sampler_r3_2 [1000000]0x1001975e2000 7.629 MB
W20240211 03:26:17.026486 48793 IPCTensor.h:369] NewIPCTensor: cached_sampler_r3_3 [1000000]0x100197d85000 7.629 MB
W20240211 03:26:17.026516 48793 IPCTensor.h:369] NewIPCTensor: cached_sampler_r3_4 [1000000]0x100198528000 7.629 MB
W20240211 03:26:17.026546 48793 IPCTensor.h:369] NewIPCTensor: cached_sampler_r3_5 [1000000]0x100198ccb000 7.629 MB
W20240211 03:26:17.026588 48793 IPCTensor.h:369] NewIPCTensor: cached_sampler_r3_6 [1000000]0x10019946e000 7.629 MB
W20240211 03:26:17.026629 48793 IPCTensor.h:369] NewIPCTensor: cached_sampler_r3_7 [1000000]0x100199c11000 7.629 MB
W20240211 03:26:17.026664 48793 IPCTensor.h:369] NewIPCTensor: cached_sampler_r3_8 [1000000]0x10019a3b4000 7.629 MB
W20240211 03:26:17.026705 48793 IPCTensor.h:369] NewIPCTensor: cached_sampler_r3_9 [1000000]0x10019ab57000 7.629 MB
W20240211 03:26:17.026739 48793 IPCTensor.h:369] NewIPCTensor: step_r3 [10]0x10019b2fa000 80 B 
W20240211 03:26:17.026765 48793 IPCTensor.h:369] NewIPCTensor: circle_buffer_end_r3 [1]0x10019b2fc000 8 B 
W20240211 03:26:17.026791 48793 IPCTensor.h:369] NewIPCTensor: circle_buffer_end_cppseen_r3 [1]0x10019b2fe000 8 B 
Dataset:  /home/xieminhui/RecStoreDataset/criteo_binary
Dataset loaded
np.max =  33762577
np.min=  1
Construct RecModelSampler done
I20240211 03:26:17.027135 48793 IPC_barrier.h:112] CreateBarrier: find existing barrier, name: kgcachecontroller, count: 8
W20240211 03:26:17.077497 48794 IPCTensor.h:369] NewIPCTensor: cached_sampler_r4_0 [1000000]0x10019b300000 7.629 MB
W20240211 03:26:17.077617 48794 IPCTensor.h:369] NewIPCTensor: cached_sampler_r4_1 [1000000]0x10019baa3000 7.629 MB
W20240211 03:26:17.077667 48794 IPCTensor.h:369] NewIPCTensor: cached_sampler_r4_2 [1000000]0x10019c246000 7.629 MB
W20240211 03:26:17.077723 48794 IPCTensor.h:369] NewIPCTensor: cached_sampler_r4_3 [1000000]0x10019c9e9000 7.629 MB
W20240211 03:26:17.077769 48794 IPCTensor.h:369] NewIPCTensor: cached_sampler_r4_4 [1000000]0x10019d18c000 7.629 MB
W20240211 03:26:17.077813 48794 IPCTensor.h:369] NewIPCTensor: cached_sampler_r4_5 [1000000]0x10019d92f000 7.629 MB
W20240211 03:26:17.077865 48794 IPCTensor.h:369] NewIPCTensor: cached_sampler_r4_6 [1000000]0x10019e0d2000 7.629 MB
W20240211 03:26:17.077930 48794 IPCTensor.h:369] NewIPCTensor: cached_sampler_r4_7 [1000000]0x10019e875000 7.629 MB
W20240211 03:26:17.077981 48794 IPCTensor.h:369] NewIPCTensor: cached_sampler_r4_8 [1000000]0x10019f018000 7.629 MB
W20240211 03:26:17.078029 48794 IPCTensor.h:369] NewIPCTensor: cached_sampler_r4_9 [1000000]0x10019f7bb000 7.629 MB
W20240211 03:26:17.078084 48794 IPCTensor.h:369] NewIPCTensor: step_r4 [10]0x10019ff5e000 80 B 
W20240211 03:26:17.078120 48794 IPCTensor.h:369] NewIPCTensor: circle_buffer_end_r4 [1]0x10019ff60000 8 B 
W20240211 03:26:17.078161 48794 IPCTensor.h:369] NewIPCTensor: circle_buffer_end_cppseen_r4 [1]0x10019ff62000 8 B 
Dataset:  /home/xieminhui/RecStoreDataset/criteo_binary
Dataset loaded
np.max =  33762577
np.min=  1
Construct RecModelSampler done
I20240211 03:26:17.078446 48794 IPC_barrier.h:112] CreateBarrier: find existing barrier, name: kgcachecontroller, count: 8
W20240211 03:26:17.395187 48795 IPCTensor.h:369] NewIPCTensor: cached_sampler_r5_0 [1000000]0x10019ff64000 7.629 MB
W20240211 03:26:17.395325 48795 IPCTensor.h:369] NewIPCTensor: cached_sampler_r5_1 [1000000]0x1001a0707000 7.629 MB
W20240211 03:26:17.395382 48795 IPCTensor.h:369] NewIPCTensor: cached_sampler_r5_2 [1000000]0x1001a0eaa000 7.629 MB
W20240211 03:26:17.395439 48795 IPCTensor.h:369] NewIPCTensor: cached_sampler_r5_3 [1000000]0x1001a164d000 7.629 MB
W20240211 03:26:17.395486 48795 IPCTensor.h:369] NewIPCTensor: cached_sampler_r5_4 [1000000]0x1001a1df0000 7.629 MB
W20240211 03:26:17.395531 48795 IPCTensor.h:369] NewIPCTensor: cached_sampler_r5_5 [1000000]0x1001a2593000 7.629 MB
W20240211 03:26:17.395587 48795 IPCTensor.h:369] NewIPCTensor: cached_sampler_r5_6 [1000000]0x1001a2d36000 7.629 MB
W20240211 03:26:17.395648 48795 IPCTensor.h:369] NewIPCTensor: cached_sampler_r5_7 [1000000]0x1001a34d9000 7.629 MB
W20240211 03:26:17.395701 48795 IPCTensor.h:369] NewIPCTensor: cached_sampler_r5_8 [1000000]0x1001a3c7c000 7.629 MB
W20240211 03:26:17.395751 48795 IPCTensor.h:369] NewIPCTensor: cached_sampler_r5_9 [1000000]0x1001a441f000 7.629 MB
W20240211 03:26:17.395805 48795 IPCTensor.h:369] NewIPCTensor: step_r5 [10]0x1001a4bc2000 80 B 
W20240211 03:26:17.395848 48795 IPCTensor.h:369] NewIPCTensor: circle_buffer_end_r5 [1]0x1001a4bc4000 8 B 
W20240211 03:26:17.395884 48795 IPCTensor.h:369] NewIPCTensor: circle_buffer_end_cppseen_r5 [1]0x1001a4bc6000 8 B 
Dataset:  /home/xieminhui/RecStoreDataset/criteo_binary
Dataset loaded
np.max =  33762577
np.min=  1
Construct RecModelSampler done
I20240211 03:26:17.396245 48795 IPC_barrier.h:112] CreateBarrier: find existing barrier, name: kgcachecontroller, count: 8
W20240211 03:26:17.647531 48791 IPCTensor.h:369] NewIPCTensor: cached_sampler_r1_0 [1000000]0x1001a4bc8000 7.629 MB
W20240211 03:26:17.647773 48791 IPCTensor.h:369] NewIPCTensor: cached_sampler_r1_1 [1000000]0x1001a536b000 7.629 MB
W20240211 03:26:17.647832 48791 IPCTensor.h:369] NewIPCTensor: cached_sampler_r1_2 [1000000]0x1001a5b0e000 7.629 MB
W20240211 03:26:17.647887 48791 IPCTensor.h:369] NewIPCTensor: cached_sampler_r1_3 [1000000]0x1001a62b1000 7.629 MB
W20240211 03:26:17.647934 48791 IPCTensor.h:369] NewIPCTensor: cached_sampler_r1_4 [1000000]0x1001a6a54000 7.629 MB
W20240211 03:26:17.647979 48791 IPCTensor.h:369] NewIPCTensor: cached_sampler_r1_5 [1000000]0x1001a71f7000 7.629 MB
W20240211 03:26:17.648038 48791 IPCTensor.h:369] NewIPCTensor: cached_sampler_r1_6 [1000000]0x1001a799a000 7.629 MB
W20240211 03:26:17.648129 48791 IPCTensor.h:369] NewIPCTensor: cached_sampler_r1_7 [1000000]0x1001a813d000 7.629 MB
W20240211 03:26:17.648196 48791 IPCTensor.h:369] NewIPCTensor: cached_sampler_r1_8 [1000000]0x1001a88e0000 7.629 MB
W20240211 03:26:17.648248 48791 IPCTensor.h:369] NewIPCTensor: cached_sampler_r1_9 [1000000]0x1001a9083000 7.629 MB
W20240211 03:26:17.648305 48791 IPCTensor.h:369] NewIPCTensor: step_r1 [10]0x1001a9826000 80 B 
W20240211 03:26:17.648370 48791 IPCTensor.h:369] NewIPCTensor: circle_buffer_end_r1 [1]0x1001a9828000 8 B 
W20240211 03:26:17.648417 48791 IPCTensor.h:369] NewIPCTensor: circle_buffer_end_cppseen_r1 [1]0x1001a982a000 8 B 
Dataset:  /home/xieminhui/RecStoreDataset/criteo_binary
Dataset loaded
np.max =  33762577
np.min=  1
Construct RecModelSampler done
I20240211 03:26:17.648823 48791 IPC_barrier.h:112] CreateBarrier: find existing barrier, name: kgcachecontroller, count: 8
W20240211 03:26:17.652258 45126 grad_base.h:55] KGCacheController, config={
        "num_gpus": 8,
        "L": 10,
        "kForwardItersPerStep": 1,
        "clr": 0.01,
        "backwardMode": "CppAsyncV2",
        "nr_background_threads": 16, 
        "cache_ratio": 0.05,
        "backgrad_init": "both",
        "update_pq_use_omp": 2,
        "kUpdatePqWorkerNum": 8
    }
W20240211 03:26:17.652573 45126 grad_base.h:184] Init GradProcessingBase done
I20240211 03:26:21.703843 45126 grad_async_v2.h:42] Use main thread to update emb.
W20240211 03:26:21.704252 45126 kg_controller.h:78] after init GradAsyncProcessingV2
I20240211 03:26:21.704268 45126 kg_controller.h:84] Construct KGCacheController done
E20240211 03:26:23.473975 48795 recstore.cc:66] init folly done
E20240211 03:26:23.474011 48796 recstore.cc:66] init folly done
E20240211 03:26:23.474012 48791 recstore.cc:66] init folly done
Construct KGCacheControllerWrapper done
E20240211 03:26:23.474416 45126 recstore.cc:66] init folly done
E20240211 03:26:23.474423 48793 recstore.cc:66] init folly done
E20240211 03:26:23.474421 48794 recstore.cc:66] init folly done
E20240211 03:26:23.474428 48797 recstore.cc:66] init folly done
E20240211 03:26:23.474422 48792 recstore.cc:66] init folly done
Construct KGCacheControllerWrapper done
Construct KGCacheControllerWrapper done
Construct KGCacheControllerWrapper done
Construct KGCacheControllerWrapper done
Construct KGCacheControllerWrapper done
Construct KGCacheControllerWrapper done
Construct KGCacheControllerWrapper done
I20240211 03:26:23.475711 45126 grad_base.h:60] GraphEnv RegTensorsPerProcess
W20240211 03:26:24.747269 53411 grad_async_v2.h:137] Detect new sample comes, old_end0, new_end1
E20240211 03:26:24.747736 53411 parallel_pq_v2.h:79] insert failed, size(hashtable)=0
Before Training
I20240211 03:26:26.931811 45126 IPC_barrier.h:118] CreateBarrier: new barrier, name: start_barrier, count: 8
Before Training
Before Training
I20240211 03:26:26.932224 48795 IPC_barrier.h:112] CreateBarrier: find existing barrier, name: start_barrier, count: 8
Before Training
I20240211 03:26:26.932264 48797 IPC_barrier.h:112] CreateBarrier: find existing barrier, name: start_barrier, count: 8
I20240211 03:26:26.932379 48794 IPC_barrier.h:112] CreateBarrier: find existing barrier, name: start_barrier, count: 8
Before Training
Before Training
I20240211 03:26:26.933513 48792 IPC_barrier.h:112] CreateBarrier: find existing barrier, name: start_barrier, count: 8
I20240211 03:26:26.933557 48791 IPC_barrier.h:112] CreateBarrier: find existing barrier, name: start_barrier, count: 8
Before Training
Before Training
I20240211 03:26:26.935114 48793 IPC_barrier.h:112] CreateBarrier: find existing barrier, name: start_barrier, count: 8
I20240211 03:26:26.935225 48796 IPC_barrier.h:112] CreateBarrier: find existing barrier, name: start_barrier, count: 8
W20240211 03:26:26.938184 53411 grad_async_v2.h:137] Detect new sample comes, old_end0, new_end1
E20240211 03:26:26.938293 53411 parallel_pq_v2.h:79] insert failed, size(hashtable)=1
========== Step 0 ========== 
+---------------------------+---------------------------+---------------------------+
| Name                      | P50                       | P99                       |
+---------------------------+---------------------------+---------------------------+
| GenInput:CircleBuffer     | 152.626 us                | 152.626 us                |
| GenInput                  | 346.912 us                | 346.912 us                |
| NN                        | 289.900 ms                | 289.900 ms                |
| Forward                   | 292.597 ms                | 292.597 ms                |
| Backward                  | 93.678 ms                 | 93.678 ms                 |
| Optimize                  | 3.582 ms                  | 3.582 ms                  |
| BarrierTimeBeforeRank0    | 10.915 ms                 | 10.915 ms                 |
+---------------------------+---------------------------+---------------------------+
+---------------------------+---------------------------+---------------------------+
| Name                      | P50                       | P99                       |
+---------------------------+---------------------------+---------------------------+
| clean                     | 129.368 us                | 282.956 us                |
| ProcessBack:Shuffle       | 280.005 ms                | 280.005 ms                |
+---------------------------+---------------------------+---------------------------+
E20240211 03:26:28.484879 53866 parallel_pq_v2.h:79] insert failed, size(hashtable)=0
W20240211 03:26:28.508750 45126 grad_async_v2.h:270] Sleep in <BlockToStepN>, step_no=1, pq.top=0
W20240211 03:26:28.568856 53411 grad_async_v2.h:137] Detect new sample comes, old_end1, new_end2
========== Step 1 ========== 
INFO [48795 distributed.py:1140] Reducer buckets have been rebuilt in this iteration.
INFO [48791 distributed.py:1140] Reducer buckets have been rebuilt in this iteration.
INFO [48794 distributed.py:1140] Reducer buckets have been rebuilt in this iteration.
INFO [48797 distributed.py:1140] Reducer buckets have been rebuilt in this iteration.
INFO [48796 distributed.py:1140] Reducer buckets have been rebuilt in this iteration.
INFO [48793 distributed.py:1140] Reducer buckets have been rebuilt in this iteration.
INFO [45126 distributed.py:1140] Reducer buckets have been rebuilt in this iteration.
INFO [48792 distributed.py:1140] Reducer buckets have been rebuilt in this iteration.
========== Step 2 ========== 
========== Step 3 ========== 
========== Step 4 ========== 
========== Step 5 ========== 
========== Step 6 ========== 
========== Step 7 ========== 
========== Step 8 ========== 
========== Step 9 ========== 
========== Step 10 ========== 
========== Step 11 ========== 
E20240211 03:26:28.765308 45126 grad_async_v2.h:404] Stalled in ProcessBackward: rank=3, step_no=11, sample_step_cpp_seen_[rank]=10
========== Step 12 ========== 
W20240211 03:26:29.180061 45126 grad_async_v2.h:257] pq is empty
========== Step 13 ========== 
========== Step 14 ========== 
========== Step 15 ========== 
========== Step 16 ========== 
========== Step 17 ========== 
========== Step 18 ========== 
========== Step 19 ========== 
========== Step 20 ========== 
W20240211 03:26:29.298635 45126 grad_async_v2.h:257] pq is empty
========== Step 21 ========== 
========== Step 22 ========== 
W20240211 03:26:29.337587 45126 grad_async_v2.h:257] pq is empty
========== Step 23 ========== 
========== Step 24 ========== 
E20240211 03:26:29.484032 53411 parallel_pq_v2.h:79] insert failed, size(hashtable)=0
W20240211 03:26:29.633157 53411 grad_async_v2.h:137] Detect new sample comes, old_end8, new_end5
========== Step 25 ========== 
========== Step 26 ========== 
========== Step 27 ========== 
========== Step 28 ========== 
========== Step 29 ========== 
========== Step 30 ========== 
========== Step 31 ========== 
========== Step 32 ========== 
========== Step 33 ========== 
========== Step 34 ========== 
========== Step 35 ========== 
W20240211 03:26:30.044193 45126 grad_async_v2.h:257] pq is empty
========== Step 36 ========== 
========== Step 37 ========== 
========== Step 38 ========== 
========== Step 39 ========== 
========== Step 40 ========== 
========== Step 41 ========== 
========== Step 42 ========== 
E20240211 03:26:30.484126 53411 parallel_pq_v2.h:79] insert failed, size(hashtable)=8
========== Step 43 ========== 
========== Step 44 ========== 
========== Step 45 ========== 
========== Step 46 ========== 
========== Step 47 ========== 
W20240211 03:26:30.637651 53411 grad_async_v2.h:137] Detect new sample comes, old_end9, new_end8
========== Step 48 ========== 
W20240211 03:26:30.976738 45126 grad_async_v2.h:257] pq is empty
========== Step 49 ========== 
========== Step 50 ========== 
W20240211 03:26:31.024804 45126 grad_async_v2.h:257] pq is empty
========== Step 51 ========== 
========== Step 52 ========== 
========== Step 53 ========== 
========== Step 54 ========== 
========== Step 55 ========== 
========== Step 56 ========== 
========== Step 57 ========== 
========== Step 58 ========== 
========== Step 59 ========== 
========== Step 60 ========== 
E20240211 03:26:31.484068 53411 parallel_pq_v2.h:79] insert failed, size(hashtable)=1
========== Step 61 ========== 
========== Step 62 ========== 
========== Step 63 ========== 
W20240211 03:26:31.607237 45126 grad_async_v2.h:257] pq is empty
========== Step 64 ========== 
W20240211 03:26:31.622354 45126 grad_async_v2.h:257] pq is empty
========== Step 65 ========== 
W20240211 03:26:31.639604 45126 grad_async_v2.h:257] pq is empty
========== Step 66 ========== 
========== Step 67 ========== 
========== Step 68 ========== 
W20240211 03:26:31.687516 53411 grad_async_v2.h:137] Detect new sample comes, old_end1, new_end9
========== Step 69 ========== 
========== Step 70 ========== 
========== Step 71 ========== 
========== Step 72 ========== 
========== Step 73 ========== 
========== Step 74 ========== 
========== Step 75 ========== 
========== Step 76 ========== 
========== Step 77 ========== 
========== Step 78 ========== 
========== Step 79 ========== 
========== Step 80 ========== 
========== Step 81 ========== 
========== Step 82 ========== 
========== Step 83 ========== 
========== Step 84 ========== 
E20240211 03:26:32.484032 53411 parallel_pq_v2.h:79] insert failed, size(hashtable)=11
+---------------------------+---------------------------+---------------------------+
| Name                      | P50                       | P99                       |
+---------------------------+---------------------------+---------------------------+
| GenInput:CircleBuffer     | 100.589 us                | 284.787 us                |
| GenInput                  | 473.776 us                | 5.051 ms                  |
| NN                        | 814.650 us                | 6.323 ms                  |
| Forward                   | 1.019 ms                  | 6.565 ms                  |
| Backward                  | 2.687 ms                  | 10.343 ms                 |
| Optimize                  | 247.220 us                | 2.953 ms                  |
| BarrierTimeBeforeRank0    | 456.466 us                | 1.552 ms                  |
| AfterBackward             | 10.531 ms                 | 344.391 ms                |
| BlockToStepN              | 185.984 us                | 543.282 us                |
| OneStep                   | 15.944 ms                 | 349.576 ms                |
+---------------------------+---------------------------+---------------------------+
W20240211 03:26:32.719902 53411 grad_async_v2.h:137] Detect new sample comes, old_end4, new_end5
========== Step 85 ========== 
========== Step 86 ========== 
========== Step 87 ========== 
========== Step 88 ========== 
========== Step 89 ========== 
========== Step 90 ========== 
========== Step 91 ========== 
W20240211 03:26:32.919304 45126 grad_async_v2.h:257] pq is empty
========== Step 92 ========== 
========== Step 93 ========== 
========== Step 94 ========== 
========== Step 95 ========== 
========== Step 96 ========== 
========== Step 97 ========== 
========== Step 98 ========== 
========== Step 99 ========== 
Step99:rank0, time: 22.821, per_step: 0.228210
Step99:rank6, time: 22.822, per_step: 0.228215
Step99:rank3, time: 22.822, per_step: 0.228215
Step99:rank4, time: 22.821, per_step: 0.228213
Step99:rank2, time: 22.821, per_step: 0.228209
Step99:rank7, time: 22.822, per_step: 0.228217
Step99:rank1, time: 22.822, per_step: 0.228217
Step99:rank5, time: 22.822, per_step: 0.228217
+---------------------------+---------------------------+---------------------------+
| Name                      | P50                       | P99                       |
+---------------------------+---------------------------+---------------------------+
| GenInput:CircleBuffer     | 96.848 us                 | 284.787 us                |
| GenInput                  | 473.570 us                | 5.051 ms                  |
| NN                        | 797.698 us                | 9.988 ms                  |
| Forward                   | 1.010 ms                  | 10.189 ms                 |
| Backward                  | 2.738 ms                  | 10.343 ms                 |
| Optimize                  | 248.432 us                | 2.953 ms                  |
| BarrierTimeBeforeRank0    | 472.801 us                | 1.992 ms                  |
| AfterBackward             | 10.589 ms                 | 347.946 ms                |
| BlockToStepN              | 201.967 us                | 573.289 us                |
| OneStep                   | 16.171 ms                 | 353.359 ms                |
+---------------------------+---------------------------+---------------------------+
========== Step 100 ========== 
========== Step 101 ========== 
========== Step 102 ========== 
+---------------------------+---------------------------+---------------------------+
| Name                      | P50                       | P99                       |
+---------------------------+---------------------------+---------------------------+
| clean                     | 132.557 us                | 291.663 us                |
| ProcessBack:Shuffle       | 7.648 ms                  | 16.293 ms                 |
| ProcessBack:UpdateCache   | 2.257 ms                  | 19.257 ms                 |
| ProcessBack:UpsertPq      | 35.930 us                 | 512.927 us                |
| ProcessOneStep            | 10.566 ms                 | 347.919 ms                |
| BlockToStepN              | 138.579 us                | 522.565 us                |
+---------------------------+---------------------------+---------------------------+
========== Step 103 ========== 
E20240211 03:26:33.484019 53411 parallel_pq_v2.h:79] insert failed, size(hashtable)=1
========== Step 104 ========== 
========== Step 105 ========== 
========== Step 106 ========== 
========== Step 107 ========== 
========== Step 108 ========== 
E20240211 03:26:33.765012 45126 grad_async_v2.h:404] Stalled in ProcessBackward: rank=0, step_no=108, sample_step_cpp_seen_[rank]=107
W20240211 03:26:33.791133 53411 grad_async_v2.h:137] Detect new sample comes, old_end2, new_end9
========== Step 109 ========== 
========== Step 110 ========== 
========== Step 111 ========== 
========== Step 112 ========== 
========== Step 113 ========== 
========== Step 114 ========== 
========== Step 115 ========== 
========== Step 116 ========== 
========== Step 117 ========== 
========== Step 118 ========== 
========== Step 119 ========== 
========== Step 120 ========== 
E20240211 03:26:34.484045 53411 parallel_pq_v2.h:79] insert failed, size(hashtable)=7
========== Step 121 ========== 
========== Step 122 ========== 
========== Step 123 ========== 
========== Step 124 ========== 
========== Step 125 ========== 
========== Step 126 ========== 
========== Step 127 ========== 
========== Step 128 ========== 
========== Step 129 ========== 
========== Step 130 ========== 
========== Step 131 ========== 
W20240211 03:26:34.816403 53411 grad_async_v2.h:137] Detect new sample comes, old_end1, new_end2
========== Step 132 ========== 
========== Step 133 ========== 
========== Step 134 ========== 
========== Step 135 ========== 
========== Step 136 ========== 
========== Step 137 ========== 
========== Step 138 ========== 
========== Step 139 ========== 
========== Step 140 ========== 
========== Step 141 ========== 
========== Step 142 ========== 
========== Step 143 ========== 
========== Step 144 ========== 
E20240211 03:26:35.484042 53411 parallel_pq_v2.h:79] insert failed, size(hashtable)=2
========== Step 145 ========== 
W20240211 03:26:35.820187 53411 grad_async_v2.h:137] Detect new sample comes, old_end5, new_end6
========== Step 146 ========== 
========== Step 147 ========== 
========== Step 148 ========== 
========== Step 149 ========== 
W20240211 03:26:35.927858 45126 grad_async_v2.h:257] pq is empty
========== Step 150 ========== 
========== Step 151 ========== 
========== Step 152 ========== 
========== Step 153 ========== 
========== Step 154 ========== 
========== Step 155 ========== 
========== Step 156 ========== 
========== Step 157 ========== 
========== Step 158 ========== 
========== Step 159 ========== 
========== Step 160 ========== 
E20240211 03:26:36.484310 53411 parallel_pq_v2.h:79] insert failed, size(hashtable)=1
========== Step 161 ========== 
========== Step 162 ========== 
========== Step 163 ========== 
========== Step 164 ========== 
========== Step 165 ========== 
========== Step 166 ========== 
========== Step 167 ========== 
========== Step 168 ========== 
W20240211 03:26:36.882089 53411 grad_async_v2.h:137] Detect new sample comes, old_end4, new_end9
========== Step 169 ========== 
========== Step 170 ========== 
========== Step 171 ========== 
========== Step 172 ========== 
========== Step 173 ========== 
========== Step 174 ========== 
========== Step 175 ========== 
========== Step 176 ========== 
========== Step 177 ========== 
========== Step 178 ========== 
========== Step 179 ========== 
========== Step 180 ========== 
E20240211 03:26:37.484092 53411 parallel_pq_v2.h:79] insert failed, size(hashtable)=2
W20240211 03:26:37.571676 45126 grad_async_v2.h:257] pq is empty
========== Step 181 ========== 
========== Step 182 ========== 
========== Step 183 ========== 
+---------------------------+---------------------------+---------------------------+
| Name                      | P50                       | P99                       |
+---------------------------+---------------------------+---------------------------+
| GenInput:CircleBuffer     | 101.445 us                | 688.191 us                |
| GenInput                  | 478.356 us                | 4.659 ms                  |
| NN                        | 813.177 us                | 6.323 ms                  |
| Forward                   | 1.010 ms                  | 6.565 ms                  |
| Backward                  | 2.720 ms                  | 10.343 ms                 |
| Optimize                  | 250.520 us                | 800.553 us                |
| BarrierTimeBeforeRank0    | 501.830 us                | 2.310 ms                  |
| AfterBackward             | 11.022 ms                 | 353.725 ms                |
| BlockToStepN              | 301.756 us                | 1.364 ms                  |
| OneStep                   | 17.246 ms                 | 359.722 ms                |
+---------------------------+---------------------------+---------------------------+
========== Step 184 ========== 
========== Step 185 ========== 
========== Step 186 ========== 
========== Step 187 ========== 
========== Step 188 ========== 
========== Step 189 ========== 
========== Step 190 ========== 
========== Step 191 ========== 
W20240211 03:26:37.808516 45126 grad_async_v2.h:257] pq is empty
========== Step 192 ========== 
W20240211 03:26:37.844292 45126 grad_async_v2.h:257] pq is empty
========== Step 193 ========== 
W20240211 03:26:37.936691 53411 grad_async_v2.h:137] Detect new sample comes, old_end5, new_end4
========== Step 194 ========== 
========== Step 195 ========== 
========== Step 196 ========== 
========== Step 197 ========== 
========== Step 198 ========== 
========== Step 199 ========== 
Step199:rank0, time: 4.815, per_step: 0.047671
Step199:rank1, time: 4.814, per_step: 0.047668
Step199:rank3, time: 4.815, per_step: 0.047671
Step199:rank2, time: 4.815, per_step: 0.047670
Step199:rank4, time: 4.815, per_step: 0.047671
Step199:rank7, time: 4.814, per_step: 0.047668
Step199:rank5, time: 4.814, per_step: 0.047667
Step199:rank6, time: 4.815, per_step: 0.047671
+---------------------------+---------------------------+---------------------------+
| Name                      | P50                       | P99                       |
+---------------------------+---------------------------+---------------------------+
| GenInput:CircleBuffer     | 98.959 us                 | 688.191 us                |
| GenInput                  | 478.581 us                | 4.659 ms                  |
| NN                        | 801.788 us                | 6.323 ms                  |
| Forward                   | 1.002 ms                  | 6.565 ms                  |
| Backward                  | 2.712 ms                  | 10.343 ms                 |
| Optimize                  | 246.430 us                | 800.553 us                |
| BarrierTimeBeforeRank0    | 456.466 us                | 2.310 ms                  |
| AfterBackward             | 11.015 ms                 | 353.725 ms                |
| BlockToStepN              | 320.687 us                | 1.364 ms                  |
| OneStep                   | 17.177 ms                 | 359.722 ms                |
+---------------------------+---------------------------+---------------------------+
========== Step 200 ========== 
========== Step 201 ========== 
========== Step 202 ========== 
========== Step 203 ========== 
W20240211 03:26:38.292876 45126 grad_async_v2.h:257] pq is empty
========== Step 204 ========== 
========== Step 205 ========== 
+---------------------------+---------------------------+---------------------------+
| Name                      | P50                       | P99                       |
+---------------------------+---------------------------+---------------------------+
| clean                     | 104.122 us                | 266.199 us                |
| ProcessBack:Shuffle       | 7.321 ms                  | 15.876 ms                 |
| ProcessBack:UpdateCache   | 2.564 ms                  | 16.949 ms                 |
| ProcessBack:UpsertPq      | 37.449 us                 | 312.448 us                |
| ProcessOneStep            | 10.935 ms                 | 353.698 ms                |
| BlockToStepN              | 261.086 us                | 1.285 ms                  |
+---------------------------+---------------------------+---------------------------+
E20240211 03:26:38.484103 53411 parallel_pq_v2.h:79] insert failed, size(hashtable)=12
========== Step 206 ========== 
========== Step 207 ========== 
========== Step 208 ========== 
========== Step 209 ========== 
========== Step 210 ========== 
========== Step 211 ========== 
========== Step 212 ========== 
========== Step 213 ========== 
W20240211 03:26:38.754004 45126 grad_async_v2.h:257] pq is empty
========== Step 214 ========== 
========== Step 215 ========== 
W20240211 03:26:38.790771 45126 grad_async_v2.h:257] pq is empty
========== Step 216 ========== 
E20240211 03:26:38.807509 45126 grad_async_v2.h:404] Stalled in ProcessBackward: rank=1, step_no=216, sample_step_cpp_seen_[rank]=215
W20240211 03:26:38.856078 45126 grad_async_v2.h:257] pq is empty
========== Step 217 ========== 
W20240211 03:26:38.954968 53411 grad_async_v2.h:137] Detect new sample comes, old_end9, new_end8
========== Step 218 ========== 
========== Step 219 ========== 
========== Step 220 ========== 
========== Step 221 ========== 
========== Step 222 ========== 
========== Step 223 ========== 
========== Step 224 ========== 
========== Step 225 ========== 
========== Step 226 ========== 
========== Step 227 ========== 
========== Step 228 ========== 
========== Step 229 ========== 
E20240211 03:26:39.484244 53411 parallel_pq_v2.h:79] insert failed, size(hashtable)=1
========== Step 230 ========== 
W20240211 03:26:39.834129 45126 grad_async_v2.h:257] pq is empty
========== Step 231 ========== 
========== Step 232 ========== 
========== Step 233 ========== 
========== Step 234 ========== 
========== Step 235 ========== 
========== Step 236 ========== 
========== Step 237 ========== 
========== Step 238 ========== 
========== Step 239 ========== 
========== Step 240 ========== 
W20240211 03:26:40.028906 53411 grad_async_v2.h:137] Detect new sample comes, old_end0, new_end1
========== Step 241 ========== 
========== Step 242 ========== 
========== Step 243 ========== 
========== Step 244 ========== 
W20240211 03:26:40.462103 45126 grad_async_v2.h:257] pq is empty
========== Step 245 ========== 
========== Step 246 ========== 
E20240211 03:26:40.484097 53411 parallel_pq_v2.h:79] insert failed, size(hashtable)=1
========== Step 247 ========== 
========== Step 248 ========== 
========== Step 249 ========== 
========== Step 250 ========== 
========== Step 251 ========== 
========== Step 252 ========== 
========== Step 253 ========== 
========== Step 254 ========== 
========== Step 255 ========== 
W20240211 03:26:41.032523 53411 grad_async_v2.h:137] Detect new sample comes, old_end3, new_end6
W20240211 03:26:41.036795 45126 grad_async_v2.h:257] pq is empty
========== Step 256 ========== 
========== Step 257 ========== 
========== Step 258 ========== 
========== Step 259 ========== 
W20240211 03:26:41.102499 45126 grad_async_v2.h:257] pq is empty
========== Step 260 ========== 
========== Step 261 ========== 
========== Step 262 ========== 
========== Step 263 ========== 
W20240211 03:26:41.216457 45126 grad_async_v2.h:257] pq is empty
========== Step 264 ========== 
E20240211 03:26:41.484035 53411 parallel_pq_v2.h:79] insert failed, size(hashtable)=1
========== Step 265 ========== 
========== Step 266 ========== 
========== Step 267 ========== 
========== Step 268 ========== 
