WARNING: Logging before InitGoogleLogging() is written to STDERR
I20240211 12:00:38.441608 47991 IPC_barrier.h:128] MultiProcessBarrierFactory->ClearIPCMemory()
W20240211 12:00:38.449433 47991 IPCTensor.h:369] NewIPCTensor: full_emb [33762578, 32]0x100000002000 4.025 GB
/data/home/xieminhui/RecStore/src/framework_adapters/torch/python/perf_rec_model.py:152: DeprecationWarning: The 'warn' function is deprecated, use 'warning' instead
  XLOG.warn("After init DistEmbedding")
WARNING [47991 perf_rec_model.py:152] After init DistEmbedding
========== Running Perf with routine <function routine_local_cache_helper at 0x7fdc909598a0>==========
Worker 1 pid=48139
Worker 2 pid=48140
Worker 3 pid=48141
Worker 4 pid=48142
Worker 5 pid=48143
Worker 6 pid=48144
INFO [47991 distributed_c10d.py:442] Added key: store_based_barrier_key:1 to store for rank: 0
INFO [48139 distributed_c10d.py:442] Added key: store_based_barrier_key:1 to store for rank: 1
INFO [48140 distributed_c10d.py:442] Added key: store_based_barrier_key:1 to store for rank: 2
INFO [48141 distributed_c10d.py:442] Added key: store_based_barrier_key:1 to store for rank: 3
INFO [48142 distributed_c10d.py:442] Added key: store_based_barrier_key:1 to store for rank: 4
INFO [48143 distributed_c10d.py:442] Added key: store_based_barrier_key:1 to store for rank: 5
INFO [48144 distributed_c10d.py:442] Added key: store_based_barrier_key:1 to store for rank: 6
INFO [48145 distributed_c10d.py:442] Added key: store_based_barrier_key:1 to store for rank: 7
INFO [48140 distributed_c10d.py:476] Rank 2: Completed store-based barrier for key:store_based_barrier_key:1 with 8 nodes.
INFO [48144 distributed_c10d.py:476] Rank 6: Completed store-based barrier for key:store_based_barrier_key:1 with 8 nodes.
INFO [48143 distributed_c10d.py:476] Rank 5: Completed store-based barrier for key:store_based_barrier_key:1 with 8 nodes.
INFO [48145 distributed_c10d.py:476] Rank 7: Completed store-based barrier for key:store_based_barrier_key:1 with 8 nodes.
INFO [48142 distributed_c10d.py:476] Rank 4: Completed store-based barrier for key:store_based_barrier_key:1 with 8 nodes.
INFO [48139 distributed_c10d.py:476] Rank 1: Completed store-based barrier for key:store_based_barrier_key:1 with 8 nodes.
INFO [48141 distributed_c10d.py:476] Rank 3: Completed store-based barrier for key:store_based_barrier_key:1 with 8 nodes.
E20240211 12:00:56.755059 48140 IPCTensor.h:348] IPCTensor full_emb already exists
E20240211 12:00:56.755069 48144 IPCTensor.h:348] IPCTensor full_emb already exists
E20240211 12:00:56.755101 48145 IPCTensor.h:348] IPCTensor full_emb already exists
E20240211 12:00:56.755110 48143 IPCTensor.h:348] IPCTensor full_emb already exists
E20240211 12:00:56.755167 48142 IPCTensor.h:348] IPCTensor full_emb already exists
E20240211 12:00:56.755275 48139 IPCTensor.h:348] IPCTensor full_emb already exists
E20240211 12:00:56.755318 48141 IPCTensor.h:348] IPCTensor full_emb already exists
INFO [47991 distributed_c10d.py:476] Rank 0: Completed store-based barrier for key:store_based_barrier_key:1 with 8 nodes.
E20240211 12:00:56.759151 47991 IPCTensor.h:348] IPCTensor full_emb already exists
W20240211 12:01:15.593278 48143 IPCTensor.h:409] NewIPCGPUTensor: embedding_cache_5 [3376257, 32]; dev=5; size=412.1 MB
W20240211 12:01:15.595883 48144 IPCTensor.h:409] NewIPCGPUTensor: embedding_cache_6 [3376257, 32]; dev=6; size=412.1 MB
W20240211 12:01:15.595988 48141 IPCTensor.h:409] NewIPCGPUTensor: embedding_cache_3 [3376257, 32]; dev=3; size=412.1 MB
W20240211 12:01:15.597368 48145 IPCTensor.h:409] NewIPCGPUTensor: embedding_cache_7 [3376257, 32]; dev=7; size=412.1 MB
W20240211 12:01:15.597477 48142 IPCTensor.h:409] NewIPCGPUTensor: embedding_cache_4 [3376257, 32]; dev=4; size=412.1 MB
W20240211 12:01:15.597497 48140 IPCTensor.h:409] NewIPCGPUTensor: embedding_cache_2 [3376257, 32]; dev=2; size=412.1 MB
W20240211 12:01:15.599002 47991 IPCTensor.h:409] NewIPCGPUTensor: embedding_cache_0 [3376257, 32]; dev=0; size=412.1 MB
W20240211 12:01:15.603623 48139 IPCTensor.h:409] NewIPCGPUTensor: embedding_cache_1 [3376257, 32]; dev=1; size=412.1 MB
W20240211 12:01:16.307281 48142 IPCTensor.h:369] NewIPCTensor: input_keys_4 [1000000]0x10010196e000 7.629 MB
W20240211 12:01:16.307494 48142 IPCTensor.h:369] NewIPCTensor: input_keys_neg_4 [1000000]0x100102111000 7.629 MB
W20240211 12:01:16.307570 48142 IPCTensor.h:369] NewIPCTensor: backward_grads_4 [1000000, 32]0x1001028b4000 122.1 MB
W20240211 12:01:16.307622 48142 IPCTensor.h:369] NewIPCTensor: backward_grads_neg_4 [1000000, 32]0x10010a2c8000 122.1 MB
W20240211 12:01:16.307660 48142 IPCTensor.h:409] NewIPCGPUTensor: backward_grads_4_gpu [1000000, 32]; dev=4; size=122.1 MB
W20240211 12:01:16.326651 48142 IPCTensor.h:409] NewIPCGPUTensor: backward_grads_neg_4_gpu [1000000, 32]; dev=4; size=122.1 MB
W20240211 12:01:16.383536 48139 IPCTensor.h:369] NewIPCTensor: input_keys_1 [1000000]0x100111ce2000 7.629 MB
W20240211 12:01:16.383736 48139 IPCTensor.h:369] NewIPCTensor: input_keys_neg_1 [1000000]0x100112485000 7.629 MB
W20240211 12:01:16.383800 48139 IPCTensor.h:369] NewIPCTensor: backward_grads_1 [1000000, 32]0x100112c28000 122.1 MB
W20240211 12:01:16.383845 48139 IPCTensor.h:369] NewIPCTensor: backward_grads_neg_1 [1000000, 32]0x10011a63c000 122.1 MB
W20240211 12:01:16.383889 48139 IPCTensor.h:409] NewIPCGPUTensor: backward_grads_1_gpu [1000000, 32]; dev=1; size=122.1 MB
W20240211 12:01:16.391204 48139 IPCTensor.h:409] NewIPCGPUTensor: backward_grads_neg_1_gpu [1000000, 32]; dev=1; size=122.1 MB
W20240211 12:01:16.411293 48141 IPCTensor.h:369] NewIPCTensor: input_keys_3 [1000000]0x100122056000 7.629 MB
W20240211 12:01:16.411620 48141 IPCTensor.h:369] NewIPCTensor: input_keys_neg_3 [1000000]0x1001227fb000 7.629 MB
W20240211 12:01:16.411691 48141 IPCTensor.h:369] NewIPCTensor: backward_grads_3 [1000000, 32]0x100122f9e000 122.1 MB
W20240211 12:01:16.411885 48141 IPCTensor.h:369] NewIPCTensor: backward_grads_neg_3 [1000000, 32]0x10012a9b2000 122.1 MB
W20240211 12:01:16.411927 48141 IPCTensor.h:409] NewIPCGPUTensor: backward_grads_3_gpu [1000000, 32]; dev=3; size=122.1 MB
W20240211 12:01:16.412700 48145 IPCTensor.h:369] NewIPCTensor: input_keys_7 [1000000]0x1001323c6000 7.629 MB
W20240211 12:01:16.412976 48145 IPCTensor.h:369] NewIPCTensor: input_keys_neg_7 [1000000]0x100132b69000 7.629 MB
W20240211 12:01:16.413058 48145 IPCTensor.h:369] NewIPCTensor: backward_grads_7 [1000000, 32]0x10013330c000 122.1 MB
W20240211 12:01:16.413112 48145 IPCTensor.h:369] NewIPCTensor: backward_grads_neg_7 [1000000, 32]0x10013ad20000 122.1 MB
W20240211 12:01:16.413162 48145 IPCTensor.h:409] NewIPCGPUTensor: backward_grads_7_gpu [1000000, 32]; dev=7; size=122.1 MB
W20240211 12:01:16.417222 48141 IPCTensor.h:409] NewIPCGPUTensor: backward_grads_neg_3_gpu [1000000, 32]; dev=3; size=122.1 MB
W20240211 12:01:16.417475 48145 IPCTensor.h:409] NewIPCGPUTensor: backward_grads_neg_7_gpu [1000000, 32]; dev=7; size=122.1 MB
W20240211 12:01:16.418751 48140 IPCTensor.h:369] NewIPCTensor: input_keys_2 [1000000]0x10014273e000 7.629 MB
W20240211 12:01:16.418879 48140 IPCTensor.h:369] NewIPCTensor: input_keys_neg_2 [1000000]0x100142ee1000 7.629 MB
W20240211 12:01:16.418943 48140 IPCTensor.h:369] NewIPCTensor: backward_grads_2 [1000000, 32]0x100143684000 122.1 MB
W20240211 12:01:16.418982 48140 IPCTensor.h:369] NewIPCTensor: backward_grads_neg_2 [1000000, 32]0x10014b098000 122.1 MB
W20240211 12:01:16.419019 48140 IPCTensor.h:409] NewIPCGPUTensor: backward_grads_2_gpu [1000000, 32]; dev=2; size=122.1 MB
W20240211 12:01:16.419378 48140 IPCTensor.h:409] NewIPCGPUTensor: backward_grads_neg_2_gpu [1000000, 32]; dev=2; size=122.1 MB
W20240211 12:01:16.427572 47991 IPCTensor.h:369] NewIPCTensor: input_keys_0 [1000000]0x100152ab2000 7.629 MB
W20240211 12:01:16.427814 47991 IPCTensor.h:369] NewIPCTensor: input_keys_neg_0 [1000000]0x100153255000 7.629 MB
W20240211 12:01:16.427889 47991 IPCTensor.h:369] NewIPCTensor: backward_grads_0 [1000000, 32]0x1001539f8000 122.1 MB
W20240211 12:01:16.427953 47991 IPCTensor.h:369] NewIPCTensor: backward_grads_neg_0 [1000000, 32]0x10015b40c000 122.1 MB
W20240211 12:01:16.428009 47991 IPCTensor.h:409] NewIPCGPUTensor: backward_grads_0_gpu [1000000, 32]; dev=0; size=122.1 MB
W20240211 12:01:16.428400 47991 IPCTensor.h:409] NewIPCGPUTensor: backward_grads_neg_0_gpu [1000000, 32]; dev=0; size=122.1 MB
W20240211 12:01:16.431015 48143 IPCTensor.h:369] NewIPCTensor: input_keys_5 [1000000]0x100162e26000 7.629 MB
W20240211 12:01:16.431167 48143 IPCTensor.h:369] NewIPCTensor: input_keys_neg_5 [1000000]0x1001635c9000 7.629 MB
W20240211 12:01:16.431224 48143 IPCTensor.h:369] NewIPCTensor: backward_grads_5 [1000000, 32]0x100163d6c000 122.1 MB
W20240211 12:01:16.431265 48143 IPCTensor.h:369] NewIPCTensor: backward_grads_neg_5 [1000000, 32]0x10016b780000 122.1 MB
W20240211 12:01:16.431308 48143 IPCTensor.h:409] NewIPCGPUTensor: backward_grads_5_gpu [1000000, 32]; dev=5; size=122.1 MB
W20240211 12:01:16.431663 48143 IPCTensor.h:409] NewIPCGPUTensor: backward_grads_neg_5_gpu [1000000, 32]; dev=5; size=122.1 MB
W20240211 12:01:16.440269 48144 IPCTensor.h:369] NewIPCTensor: input_keys_6 [1000000]0x10017319a000 7.629 MB
W20240211 12:01:16.440408 48144 IPCTensor.h:369] NewIPCTensor: input_keys_neg_6 [1000000]0x10017393d000 7.629 MB
W20240211 12:01:16.440477 48144 IPCTensor.h:369] NewIPCTensor: backward_grads_6 [1000000, 32]0x1001740e0000 122.1 MB
W20240211 12:01:16.440519 48144 IPCTensor.h:369] NewIPCTensor: backward_grads_neg_6 [1000000, 32]0x10017baf4000 122.1 MB
W20240211 12:01:16.440559 48144 IPCTensor.h:409] NewIPCGPUTensor: backward_grads_6_gpu [1000000, 32]; dev=6; size=122.1 MB
W20240211 12:01:16.440907 48144 IPCTensor.h:409] NewIPCGPUTensor: backward_grads_neg_6_gpu [1000000, 32]; dev=6; size=122.1 MB
cudaHostRegister 0x100000002000
6: KnownLocalCachedEmbedding init done
cudaHostRegister 0x100000002000
5: KnownLocalCachedEmbedding init done
cudaHostRegister 0x100000002000
7: KnownLocalCachedEmbedding init done
Worker 7 pid=48145
New CachedEmbedding, name=full_emb, shape=(33762578, 32), cache_type=KnownLocalCachedEmbeddingSoftware
fixed cache_range is [(0, 3376257), (3376257, 6752514), (6752514, 10128771), (10128771, 13505028), (13505028, 16881285), (16881285, 20257542), (20257542, 23633799), (23633799, 27010056)]
cudaHostRegister 0x100000002000
0: KnownLocalCachedEmbedding init done
cudaHostRegister 0x100000002000
1: KnownLocalCachedEmbedding init done
cudaHostRegister 0x100000002000
3: KnownLocalCachedEmbedding init done
cudaHostRegister 0x100000002000
4: KnownLocalCachedEmbedding init done
cudaHostRegister 0x100000002000
2: KnownLocalCachedEmbedding init done
W20240211 12:01:24.252799 47991 IPCTensor.h:369] NewIPCTensor: cached_sampler_r0_0 [1000000]0x10018350c000 7.629 MB
W20240211 12:01:24.253024 47991 IPCTensor.h:369] NewIPCTensor: cached_sampler_r0_1 [1000000]0x100183caf000 7.629 MB
W20240211 12:01:24.253063 47991 IPCTensor.h:369] NewIPCTensor: cached_sampler_r0_2 [1000000]0x100184452000 7.629 MB
W20240211 12:01:24.253095 47991 IPCTensor.h:369] NewIPCTensor: cached_sampler_r0_3 [1000000]0x100184bf5000 7.629 MB
W20240211 12:01:24.253132 47991 IPCTensor.h:369] NewIPCTensor: cached_sampler_r0_4 [1000000]0x100185398000 7.629 MB
W20240211 12:01:24.253178 47991 IPCTensor.h:369] NewIPCTensor: cached_sampler_r0_5 [1000000]0x100185b3b000 7.629 MB
W20240211 12:01:24.253217 47991 IPCTensor.h:369] NewIPCTensor: cached_sampler_r0_6 [1000000]0x1001862de000 7.629 MB
W20240211 12:01:24.253280 47991 IPCTensor.h:369] NewIPCTensor: cached_sampler_r0_7 [1000000]0x100186a81000 7.629 MB
W20240211 12:01:24.253330 47991 IPCTensor.h:369] NewIPCTensor: cached_sampler_r0_8 [1000000]0x100187224000 7.629 MB
W20240211 12:01:24.253377 47991 IPCTensor.h:369] NewIPCTensor: cached_sampler_r0_9 [1000000]0x1001879c7000 7.629 MB
W20240211 12:01:24.253418 47991 IPCTensor.h:369] NewIPCTensor: step_r0 [10]0x10018816a000 80 B 
W20240211 12:01:24.253450 47991 IPCTensor.h:369] NewIPCTensor: circle_buffer_end_r0 [1]0x10018816c000 8 B 
W20240211 12:01:24.253494 47991 IPCTensor.h:369] NewIPCTensor: circle_buffer_end_cppseen_r0 [1]0x10018816e000 8 B 
Dataset:  /home/xieminhui/RecStoreDataset/criteo_binary
Dataset loaded
np.max =  33762577
np.min=  1
Construct RecModelSampler done
Construct KGCacheControllerWrapper done
E20240211 12:01:24.254235 47991 recstore.cc:66] init folly done
W20240211 12:01:24.303860 48144 IPCTensor.h:369] NewIPCTensor: cached_sampler_r6_0 [1000000]0x100188170000 7.629 MB
W20240211 12:01:24.304641 48144 IPCTensor.h:369] NewIPCTensor: cached_sampler_r6_1 [1000000]0x100188913000 7.629 MB
W20240211 12:01:24.304726 48144 IPCTensor.h:369] NewIPCTensor: cached_sampler_r6_2 [1000000]0x1001890b6000 7.629 MB
W20240211 12:01:24.304792 48144 IPCTensor.h:369] NewIPCTensor: cached_sampler_r6_3 [1000000]0x100189859000 7.629 MB
W20240211 12:01:24.304850 48144 IPCTensor.h:369] NewIPCTensor: cached_sampler_r6_4 [1000000]0x100189ffc000 7.629 MB
W20240211 12:01:24.304911 48144 IPCTensor.h:369] NewIPCTensor: cached_sampler_r6_5 [1000000]0x10018a79f000 7.629 MB
W20240211 12:01:24.304948 48144 IPCTensor.h:369] NewIPCTensor: cached_sampler_r6_6 [1000000]0x10018af42000 7.629 MB
W20240211 12:01:24.305076 48144 IPCTensor.h:369] NewIPCTensor: cached_sampler_r6_7 [1000000]0x10018b6e5000 7.629 MB
W20240211 12:01:24.305145 48144 IPCTensor.h:369] NewIPCTensor: cached_sampler_r6_8 [1000000]0x10018be88000 7.629 MB
W20240211 12:01:24.305186 48144 IPCTensor.h:369] NewIPCTensor: cached_sampler_r6_9 [1000000]0x10018c62b000 7.629 MB
W20240211 12:01:24.305229 48144 IPCTensor.h:369] NewIPCTensor: step_r6 [10]0x10018cdce000 80 B 
W20240211 12:01:24.305265 48144 IPCTensor.h:369] NewIPCTensor: circle_buffer_end_r6 [1]0x10018cdd0000 8 B 
W20240211 12:01:24.305346 48144 IPCTensor.h:369] NewIPCTensor: circle_buffer_end_cppseen_r6 [1]0x10018cdd2000 8 B 
Dataset:  /home/xieminhui/RecStoreDataset/criteo_binary
Dataset loaded
np.max =  33762577
np.min=  1
Construct RecModelSampler done
Construct KGCacheControllerWrapper done
E20240211 12:01:24.306344 48144 recstore.cc:66] init folly done
W20240211 12:01:24.683028 48145 IPCTensor.h:369] NewIPCTensor: cached_sampler_r7_0 [1000000]0x10018cdd4000 7.629 MB
W20240211 12:01:24.683230 48145 IPCTensor.h:369] NewIPCTensor: cached_sampler_r7_1 [1000000]0x10018d577000 7.629 MB
W20240211 12:01:24.683293 48145 IPCTensor.h:369] NewIPCTensor: cached_sampler_r7_2 [1000000]0x10018dd1a000 7.629 MB
W20240211 12:01:24.683348 48145 IPCTensor.h:369] NewIPCTensor: cached_sampler_r7_3 [1000000]0x10018e4bd000 7.629 MB
W20240211 12:01:24.683418 48145 IPCTensor.h:369] NewIPCTensor: cached_sampler_r7_4 [1000000]0x10018ec60000 7.629 MB
W20240211 12:01:24.683472 48145 IPCTensor.h:369] NewIPCTensor: cached_sampler_r7_5 [1000000]0x10018f403000 7.629 MB
W20240211 12:01:24.683523 48145 IPCTensor.h:369] NewIPCTensor: cached_sampler_r7_6 [1000000]0x10018fba6000 7.629 MB
W20240211 12:01:24.683600 48145 IPCTensor.h:369] NewIPCTensor: cached_sampler_r7_7 [1000000]0x100190349000 7.629 MB
W20240211 12:01:24.683656 48145 IPCTensor.h:369] NewIPCTensor: cached_sampler_r7_8 [1000000]0x100190aec000 7.629 MB
W20240211 12:01:24.683701 48145 IPCTensor.h:369] NewIPCTensor: cached_sampler_r7_9 [1000000]0x10019128f000 7.629 MB
W20240211 12:01:24.683758 48145 IPCTensor.h:369] NewIPCTensor: step_r7 [10]0x100191a32000 80 B 
W20240211 12:01:24.683815 48145 IPCTensor.h:369] NewIPCTensor: circle_buffer_end_r7 [1]0x100191a34000 8 B 
W20240211 12:01:24.683867 48145 IPCTensor.h:369] NewIPCTensor: circle_buffer_end_cppseen_r7 [1]0x100191a36000 8 B 
Dataset:  /home/xieminhui/RecStoreDataset/criteo_binary
Dataset loaded
np.max =  33762577
np.min=  1
Construct RecModelSampler done
Construct KGCacheControllerWrapper done
E20240211 12:01:24.684438 48145 recstore.cc:66] init folly done
W20240211 12:01:24.999639 48140 IPCTensor.h:369] NewIPCTensor: cached_sampler_r2_0 [1000000]0x100191a38000 7.629 MB
W20240211 12:01:24.999820 48140 IPCTensor.h:369] NewIPCTensor: cached_sampler_r2_1 [1000000]0x1001921db000 7.629 MB
W20240211 12:01:24.999876 48140 IPCTensor.h:369] NewIPCTensor: cached_sampler_r2_2 [1000000]0x10019297e000 7.629 MB
W20240211 12:01:24.999925 48140 IPCTensor.h:369] NewIPCTensor: cached_sampler_r2_3 [1000000]0x100193121000 7.629 MB
W20240211 12:01:24.999975 48140 IPCTensor.h:369] NewIPCTensor: cached_sampler_r2_4 [1000000]0x1001938c4000 7.629 MB
W20240211 12:01:25.000028 48140 IPCTensor.h:369] NewIPCTensor: cached_sampler_r2_5 [1000000]0x100194067000 7.629 MB
W20240211 12:01:25.000087 48140 IPCTensor.h:369] NewIPCTensor: cached_sampler_r2_6 [1000000]0x10019480a000 7.629 MB
W20240211 12:01:25.000155 48140 IPCTensor.h:369] NewIPCTensor: cached_sampler_r2_7 [1000000]0x100194fad000 7.629 MB
W20240211 12:01:25.000200 48140 IPCTensor.h:369] NewIPCTensor: cached_sampler_r2_8 [1000000]0x100195750000 7.629 MB
W20240211 12:01:25.000237 48140 IPCTensor.h:369] NewIPCTensor: cached_sampler_r2_9 [1000000]0x100195ef3000 7.629 MB
W20240211 12:01:25.000285 48140 IPCTensor.h:369] NewIPCTensor: step_r2 [10]0x100196696000 80 B 
W20240211 12:01:25.000324 48140 IPCTensor.h:369] NewIPCTensor: circle_buffer_end_r2 [1]0x100196698000 8 B 
W20240211 12:01:25.000375 48140 IPCTensor.h:369] NewIPCTensor: circle_buffer_end_cppseen_r2 [1]0x10019669a000 8 B 
Dataset:  /home/xieminhui/RecStoreDataset/criteo_binary
Dataset loaded
np.max =  33762577
np.min=  1
Construct RecModelSampler done
Construct KGCacheControllerWrapper done
E20240211 12:01:25.000866 48140 recstore.cc:66] init folly done
W20240211 12:01:25.071470 48139 IPCTensor.h:369] NewIPCTensor: cached_sampler_r1_0 [1000000]0x10019669c000 7.629 MB
W20240211 12:01:25.071714 48139 IPCTensor.h:369] NewIPCTensor: cached_sampler_r1_1 [1000000]0x100196e3f000 7.629 MB
W20240211 12:01:25.071766 48139 IPCTensor.h:369] NewIPCTensor: cached_sampler_r1_2 [1000000]0x1001975e2000 7.629 MB
W20240211 12:01:25.071810 48139 IPCTensor.h:369] NewIPCTensor: cached_sampler_r1_3 [1000000]0x100197d85000 7.629 MB
W20240211 12:01:25.071861 48139 IPCTensor.h:369] NewIPCTensor: cached_sampler_r1_4 [1000000]0x100198528000 7.629 MB
W20240211 12:01:25.071910 48139 IPCTensor.h:369] NewIPCTensor: cached_sampler_r1_5 [1000000]0x100198ccb000 7.629 MB
W20240211 12:01:25.071947 48139 IPCTensor.h:369] NewIPCTensor: cached_sampler_r1_6 [1000000]0x10019946e000 7.629 MB
W20240211 12:01:25.072010 48139 IPCTensor.h:369] NewIPCTensor: cached_sampler_r1_7 [1000000]0x100199c11000 7.629 MB
W20240211 12:01:25.072062 48139 IPCTensor.h:369] NewIPCTensor: cached_sampler_r1_8 [1000000]0x10019a3b4000 7.629 MB
W20240211 12:01:25.072093 48139 IPCTensor.h:369] NewIPCTensor: cached_sampler_r1_9 [1000000]0x10019ab57000 7.629 MB
W20240211 12:01:25.072134 48139 IPCTensor.h:369] NewIPCTensor: step_r1 [10]0x10019b2fa000 80 B 
W20240211 12:01:25.072173 48139 IPCTensor.h:369] NewIPCTensor: circle_buffer_end_r1 [1]0x10019b2fc000 8 B 
W20240211 12:01:25.072209 48139 IPCTensor.h:369] NewIPCTensor: circle_buffer_end_cppseen_r1 [1]0x10019b2fe000 8 B 
Dataset:  /home/xieminhui/RecStoreDataset/criteo_binary
Dataset loaded
np.max =  33762577
np.min=  1
Construct RecModelSampler done
Construct KGCacheControllerWrapper done
E20240211 12:01:25.072844 48139 recstore.cc:66] init folly done
W20240211 12:01:25.117605 48142 IPCTensor.h:369] NewIPCTensor: cached_sampler_r4_0 [1000000]0x10019b300000 7.629 MB
W20240211 12:01:25.118109 48142 IPCTensor.h:369] NewIPCTensor: cached_sampler_r4_1 [1000000]0x10019baa3000 7.629 MB
W20240211 12:01:25.118172 48142 IPCTensor.h:369] NewIPCTensor: cached_sampler_r4_2 [1000000]0x10019c246000 7.629 MB
W20240211 12:01:25.118223 48142 IPCTensor.h:369] NewIPCTensor: cached_sampler_r4_3 [1000000]0x10019c9e9000 7.629 MB
W20240211 12:01:25.118279 48142 IPCTensor.h:369] NewIPCTensor: cached_sampler_r4_4 [1000000]0x10019d18c000 7.629 MB
W20240211 12:01:25.118327 48142 IPCTensor.h:369] NewIPCTensor: cached_sampler_r4_5 [1000000]0x10019d92f000 7.629 MB
W20240211 12:01:25.118371 48142 IPCTensor.h:369] NewIPCTensor: cached_sampler_r4_6 [1000000]0x10019e0d2000 7.629 MB
W20240211 12:01:25.118441 48142 IPCTensor.h:369] NewIPCTensor: cached_sampler_r4_7 [1000000]0x10019e875000 7.629 MB
W20240211 12:01:25.118499 48142 IPCTensor.h:369] NewIPCTensor: cached_sampler_r4_8 [1000000]0x10019f018000 7.629 MB
W20240211 12:01:25.118536 48142 IPCTensor.h:369] NewIPCTensor: cached_sampler_r4_9 [1000000]0x10019f7bb000 7.629 MB
W20240211 12:01:25.118577 48142 IPCTensor.h:369] NewIPCTensor: step_r4 [10]0x10019ff5e000 80 B 
W20240211 12:01:25.118625 48142 IPCTensor.h:369] NewIPCTensor: circle_buffer_end_r4 [1]0x10019ff60000 8 B 
W20240211 12:01:25.118687 48142 IPCTensor.h:369] NewIPCTensor: circle_buffer_end_cppseen_r4 [1]0x10019ff62000 8 B 
Dataset:  /home/xieminhui/RecStoreDataset/criteo_binary
Dataset loaded
np.max =  33762577
np.min=  1
Construct RecModelSampler done
Construct KGCacheControllerWrapper done
E20240211 12:01:25.119946 48142 recstore.cc:66] init folly done
W20240211 12:01:25.304133 48141 IPCTensor.h:369] NewIPCTensor: cached_sampler_r3_0 [1000000]0x10019ff64000 7.629 MB
W20240211 12:01:25.304353 48141 IPCTensor.h:369] NewIPCTensor: cached_sampler_r3_1 [1000000]0x1001a0707000 7.629 MB
W20240211 12:01:25.304417 48141 IPCTensor.h:369] NewIPCTensor: cached_sampler_r3_2 [1000000]0x1001a0eaa000 7.629 MB
W20240211 12:01:25.304469 48141 IPCTensor.h:369] NewIPCTensor: cached_sampler_r3_3 [1000000]0x1001a164d000 7.629 MB
W20240211 12:01:25.304524 48141 IPCTensor.h:369] NewIPCTensor: cached_sampler_r3_4 [1000000]0x1001a1df0000 7.629 MB
W20240211 12:01:25.304579 48141 IPCTensor.h:369] NewIPCTensor: cached_sampler_r3_5 [1000000]0x1001a2593000 7.629 MB
W20240211 12:01:25.304620 48141 IPCTensor.h:369] NewIPCTensor: cached_sampler_r3_6 [1000000]0x1001a2d36000 7.629 MB
W20240211 12:01:25.304689 48141 IPCTensor.h:369] NewIPCTensor: cached_sampler_r3_7 [1000000]0x1001a34d9000 7.629 MB
W20240211 12:01:25.304737 48141 IPCTensor.h:369] NewIPCTensor: cached_sampler_r3_8 [1000000]0x1001a3c7c000 7.629 MB
W20240211 12:01:25.304777 48141 IPCTensor.h:369] NewIPCTensor: cached_sampler_r3_9 [1000000]0x1001a441f000 7.629 MB
W20240211 12:01:25.304821 48141 IPCTensor.h:369] NewIPCTensor: step_r3 [10]0x1001a4bc2000 80 B 
W20240211 12:01:25.304867 48141 IPCTensor.h:369] NewIPCTensor: circle_buffer_end_r3 [1]0x1001a4bc4000 8 B 
W20240211 12:01:25.304917 48141 IPCTensor.h:369] NewIPCTensor: circle_buffer_end_cppseen_r3 [1]0x1001a4bc6000 8 B 
Dataset:  /home/xieminhui/RecStoreDataset/criteo_binary
Dataset loaded
np.max =  33762577
np.min=  1
Construct RecModelSampler done
Construct KGCacheControllerWrapper done
E20240211 12:01:25.305465 48141 recstore.cc:66] init folly done
W20240211 12:01:25.437795 48143 IPCTensor.h:369] NewIPCTensor: cached_sampler_r5_0 [1000000]0x1001a4bc8000 7.629 MB
W20240211 12:01:25.437973 48143 IPCTensor.h:369] NewIPCTensor: cached_sampler_r5_1 [1000000]0x1001a536b000 7.629 MB
W20240211 12:01:25.438028 48143 IPCTensor.h:369] NewIPCTensor: cached_sampler_r5_2 [1000000]0x1001a5b0e000 7.629 MB
W20240211 12:01:25.438078 48143 IPCTensor.h:369] NewIPCTensor: cached_sampler_r5_3 [1000000]0x1001a62b1000 7.629 MB
W20240211 12:01:25.438134 48143 IPCTensor.h:369] NewIPCTensor: cached_sampler_r5_4 [1000000]0x1001a6a54000 7.629 MB
W20240211 12:01:25.438189 48143 IPCTensor.h:369] NewIPCTensor: cached_sampler_r5_5 [1000000]0x1001a71f7000 7.629 MB
W20240211 12:01:25.438230 48143 IPCTensor.h:369] NewIPCTensor: cached_sampler_r5_6 [1000000]0x1001a799a000 7.629 MB
W20240211 12:01:25.438295 48143 IPCTensor.h:369] NewIPCTensor: cached_sampler_r5_7 [1000000]0x1001a813d000 7.629 MB
W20240211 12:01:25.438341 48143 IPCTensor.h:369] NewIPCTensor: cached_sampler_r5_8 [1000000]0x1001a88e0000 7.629 MB
W20240211 12:01:25.438387 48143 IPCTensor.h:369] NewIPCTensor: cached_sampler_r5_9 [1000000]0x1001a9083000 7.629 MB
W20240211 12:01:25.438429 48143 IPCTensor.h:369] NewIPCTensor: step_r5 [10]0x1001a9826000 80 B 
W20240211 12:01:25.438468 48143 IPCTensor.h:369] NewIPCTensor: circle_buffer_end_r5 [1]0x1001a9828000 8 B 
W20240211 12:01:25.438524 48143 IPCTensor.h:369] NewIPCTensor: circle_buffer_end_cppseen_r5 [1]0x1001a982a000 8 B 
Dataset:  /home/xieminhui/RecStoreDataset/criteo_binary
Dataset loaded
np.max =  33762577
np.min=  1
Construct RecModelSampler done
Construct KGCacheControllerWrapper done
E20240211 12:01:25.438982 48143 recstore.cc:66] init folly done
Before Training
Before Training
Before Training
I20240211 12:01:26.244561 48143 IPC_barrier.h:118] CreateBarrier: new barrier, name: start_barrier, count: 8
I20240211 12:01:26.244592 48139 IPC_barrier.h:112] CreateBarrier: find existing barrier, name: start_barrier, count: 8
I20240211 12:01:26.244627 48141 IPC_barrier.h:112] CreateBarrier: find existing barrier, name: start_barrier, count: 8
Before Training
I20240211 12:01:26.244782 48145 IPC_barrier.h:112] CreateBarrier: find existing barrier, name: start_barrier, count: 8
Before Training
Before Training
I20240211 12:01:26.244901 48142 IPC_barrier.h:112] CreateBarrier: find existing barrier, name: start_barrier, count: 8
I20240211 12:01:26.244951 48140 IPC_barrier.h:112] CreateBarrier: find existing barrier, name: start_barrier, count: 8
Before Training
Before Training
I20240211 12:01:26.245990 48144 IPC_barrier.h:112] CreateBarrier: find existing barrier, name: start_barrier, count: 8
I20240211 12:01:26.246057 47991 IPC_barrier.h:112] CreateBarrier: find existing barrier, name: start_barrier, count: 8
========== Step 0 ========== 
+---------------------------+---------------------------+---------------------------+
| Name                      | P50                       | P99                       |
+---------------------------+---------------------------+---------------------------+
| GenInput:CircleBuffer     | 163.179 us                | 163.179 us                |
| GenInput                  | 468.310 us                | 468.310 us                |
| bucket keys               | 61.461 ms                 | 61.461 ms                 |
| forward: join             | 41.771 ms                 | 41.771 ms                 |
| NN                        | 169.261 ms                | 169.261 ms                |
| Forward                   | 342.302 ms                | 342.302 ms                |
| back: bucket keys         | 592.364 us                | 592.364 us                |
+---------------------------+---------------------------+---------------------------+
+---------------------------+---------------------------+---------------------------+
| Name                      | P50                       | P99                       |
+---------------------------+---------------------------+---------------------------+
| GenInput:CircleBuffer     | 163.179 us                | 163.179 us                |
| GenInput                  | 468.310 us                | 468.310 us                |
| bucket keys               | 61.461 ms                 | 61.461 ms                 |
| forward: join             | 41.771 ms                 | 41.771 ms                 |
| NN                        | 169.261 ms                | 169.261 ms                |
| Forward                   | 342.302 ms                | 342.302 ms                |
| back: bucket keys         | 592.364 us                | 592.364 us                |
+---------------------------+---------------------------+---------------------------+
+---------------------------+---------------------------+---------------------------+
| Name                      | P50                       | P99                       |
+---------------------------+---------------------------+---------------------------+
| GenInput:CircleBuffer     | 163.179 us                | 163.179 us                |
| GenInput                  | 468.310 us                | 468.310 us                |
| bucket keys               | 61.461 ms                 | 61.461 ms                 |
| forward: join             | 41.771 ms                 | 41.771 ms                 |
| NN                        | 169.261 ms                | 169.261 ms                |
| Forward                   | 342.302 ms                | 342.302 ms                |
| back: bucket keys         | 592.364 us                | 592.364 us                |
+---------------------------+---------------------------+---------------------------+
+---------------------------+---------------------------+---------------------------+
| Name                      | P50                       | P99                       |
+---------------------------+---------------------------+---------------------------+
| GenInput:CircleBuffer     | 163.179 us                | 163.179 us                |
| GenInput                  | 468.310 us                | 468.310 us                |
| bucket keys               | 61.461 ms                 | 61.461 ms                 |
| forward: join             | 41.771 ms                 | 41.771 ms                 |
| NN                        | 169.261 ms                | 169.261 ms                |
| Forward                   | 342.302 ms                | 342.302 ms                |
| back: bucket keys         | 592.364 us                | 592.364 us                |
+---------------------------+---------------------------+---------------------------+
+---------------------------+---------------------------+---------------------------+
| Name                      | P50                       | P99                       |
+---------------------------+---------------------------+---------------------------+
| GenInput:CircleBuffer     | 163.179 us                | 163.179 us                |
| GenInput                  | 468.310 us                | 468.310 us                |
| bucket keys               | 61.461 ms                 | 61.461 ms                 |
| forward: join             | 41.771 ms                 | 41.771 ms                 |
| NN                        | 169.261 ms                | 169.261 ms                |
| Forward                   | 342.302 ms                | 342.302 ms                |
| back: bucket keys         | 592.364 us                | 592.364 us                |
+---------------------------+---------------------------+---------------------------+
+---------------------------+---------------------------+---------------------------+
| Name                      | P50                       | P99                       |
+---------------------------+---------------------------+---------------------------+
| GenInput:CircleBuffer     | 163.179 us                | 163.179 us                |
| GenInput                  | 468.310 us                | 468.310 us                |
| bucket keys               | 61.461 ms                 | 61.461 ms                 |
| forward: join             | 41.771 ms                 | 41.771 ms                 |
| NN                        | 169.261 ms                | 169.261 ms                |
| Forward                   | 342.302 ms                | 342.302 ms                |
| back: bucket keys         | 592.364 us                | 592.364 us                |
+---------------------------+---------------------------+---------------------------+
+---------------------------+---------------------------+---------------------------+
| Name                      | P50                       | P99                       |
+---------------------------+---------------------------+---------------------------+
| GenInput:CircleBuffer     | 163.179 us                | 163.179 us                |
| GenInput                  | 468.310 us                | 468.310 us                |
| bucket keys               | 61.461 ms                 | 61.461 ms                 |
| forward: join             | 41.771 ms                 | 41.771 ms                 |
| NN                        | 169.261 ms                | 169.261 ms                |
| Forward                   | 342.302 ms                | 342.302 ms                |
| back: bucket keys         | 592.364 us                | 592.364 us                |
+---------------------------+---------------------------+---------------------------+
+---------------------------+---------------------------+---------------------------+
| Name                      | P50                       | P99                       |
+---------------------------+---------------------------+---------------------------+
| GenInput:CircleBuffer     | 163.179 us                | 163.179 us                |
| GenInput                  | 468.310 us                | 468.310 us                |
| bucket keys               | 61.461 ms                 | 61.461 ms                 |
| forward: join             | 41.771 ms                 | 41.771 ms                 |
| NN                        | 169.261 ms                | 169.261 ms                |
| Forward                   | 342.302 ms                | 342.302 ms                |
| back: bucket keys         | 592.364 us                | 592.364 us                |
+---------------------------+---------------------------+---------------------------+
+---------------------------+---------------------------+---------------------------+
| Name                      | P50                       | P99                       |
+---------------------------+---------------------------+---------------------------+
| GenInput:CircleBuffer     | 163.179 us                | 163.179 us                |
| GenInput                  | 468.310 us                | 468.310 us                |
| bucket keys               | 61.461 ms                 | 61.461 ms                 |
| forward: join             | 41.771 ms                 | 41.771 ms                 |
| NN                        | 169.261 ms                | 169.261 ms                |
| Forward                   | 342.302 ms                | 342.302 ms                |
| back: bucket keys         | 592.364 us                | 592.364 us                |
+---------------------------+---------------------------+---------------------------+
+---------------------------+---------------------------+---------------------------+
| Name                      | P50                       | P99                       |
+---------------------------+---------------------------+---------------------------+
| GenInput:CircleBuffer     | 163.179 us                | 163.179 us                |
| GenInput                  | 468.310 us                | 468.310 us                |
| bucket keys               | 61.461 ms                 | 61.461 ms                 |
| forward: join             | 41.771 ms                 | 41.771 ms                 |
| NN                        | 169.261 ms                | 169.261 ms                |
| Forward                   | 342.302 ms                | 342.302 ms                |
| back: bucket keys         | 592.364 us                | 592.364 us                |
+---------------------------+---------------------------+---------------------------+
+---------------------------+---------------------------+---------------------------+
| Name                      | P50                       | P99                       |
+---------------------------+---------------------------+---------------------------+
| GenInput:CircleBuffer     | 163.179 us                | 163.179 us                |
| GenInput                  | 468.310 us                | 468.310 us                |
| bucket keys               | 61.461 ms                 | 61.461 ms                 |
| forward: join             | 41.771 ms                 | 41.771 ms                 |
| NN                        | 169.261 ms                | 169.261 ms                |
| Forward                   | 342.302 ms                | 342.302 ms                |
| back: bucket keys         | 592.364 us                | 592.364 us                |
| back: a2a                 | 51.630 s                  | 51.630 s                  |
| back: cache               | 21.759 ms                 | 21.759 ms                 |
+---------------------------+---------------------------+---------------------------+
========== Step 1 ========== 
INFO [47991 distributed.py:1140] Reducer buckets have been rebuilt in this iteration.
INFO [48139 distributed.py:1140] Reducer buckets have been rebuilt in this iteration.
INFO [48140 distributed.py:1140] Reducer buckets have been rebuilt in this iteration.
INFO [48142 distributed.py:1140] Reducer buckets have been rebuilt in this iteration.
INFO [48141 distributed.py:1140] Reducer buckets have been rebuilt in this iteration.
INFO [48143 distributed.py:1140] Reducer buckets have been rebuilt in this iteration.
INFO [48144 distributed.py:1140] Reducer buckets have been rebuilt in this iteration.
INFO [48145 distributed.py:1140] Reducer buckets have been rebuilt in this iteration.
========== Step 2 ========== 
========== Step 3 ========== 
========== Step 4 ========== 
========== Step 5 ========== 
========== Step 6 ========== 
========== Step 7 ========== 
========== Step 8 ========== 
========== Step 9 ========== 
========== Step 10 ========== 
========== Step 11 ========== 
========== Step 12 ========== 
========== Step 13 ========== 
========== Step 14 ========== 
========== Step 15 ========== 
========== Step 16 ========== 
========== Step 17 ========== 
========== Step 18 ========== 
========== Step 19 ========== 
========== Step 20 ========== 
========== Step 21 ========== 
========== Step 22 ========== 
========== Step 23 ========== 
========== Step 24 ========== 
========== Step 25 ========== 
========== Step 26 ========== 
========== Step 27 ========== 
+---------------------------+---------------------------+---------------------------+
| Name                      | P50                       | P99                       |
+---------------------------+---------------------------+---------------------------+
| GenInput:CircleBuffer     | 123.694 us                | 493.844 us                |
| GenInput                  | 747.297 us                | 9.988 ms                  |
| bucket keys               | 486.572 us                | 61.461 ms                 |
| forward: join             | 68.277 ms                 | 95.814 ms                 |
| NN                        | 1.022 ms                  | 169.261 ms                |
| Forward                   | 81.856 ms                 | 342.302 ms                |
| back: bucket keys         | 396.561 us                | 664.725 us                |
| back: a2a                 | 24.708 ms                 | 51.630 s                  |
| back: cache               | 1.908 ms                  | 21.759 ms                 |
| back: aggr dram keys      | 53.555 ms                 | 1.011 s                   |
| back: set dram grad       | 370.195 us                | 873.443 us                |
| Backward                  | 88.104 ms                 | 52.747 s                  |
| Optimize                  | 10.251 ms                 | 125.139 ms                |
| OneStep                   | 180.900 ms                | 53.218 s                  |
+---------------------------+---------------------------+---------------------------+
========== Step 28 ========== 
========== Step 29 ========== 
========== Step 30 ========== 
========== Step 31 ========== 
========== Step 32 ========== 
========== Step 33 ========== 
========== Step 34 ========== 
========== Step 35 ========== 
========== Step 36 ========== 
========== Step 37 ========== 
========== Step 38 ========== 
========== Step 39 ========== 
Successfully xmh
