WARNING: Logging before InitGoogleLogging() is written to STDERR
I20240206 16:24:57.136216 63305 IPC_barrier.h:128] MultiProcessBarrierFactory->ClearIPCMemory()
/data/home/xieminhui/RecStore/src/framework_adapters/torch/kg/dgl-0.9.1/python/dgl/_deprecate/graph.py:1023: DGLWarning: multigraph will be deprecated.DGL will treat all graphs as multigraph in the future.
  dgl_warning("multigraph will be deprecated." \
/data/home/xieminhui/RecStore/src/framework_adapters/torch/kg/dgl-0.9.1/python/dgl/heterograph.py:72: DGLWarning: Recommend creating graphs by `dgl.graph(data)` instead of `dgl.DGLGraph(data)`.
  dgl_warning('Recommend creating graphs by `dgl.graph(data)`'
Reading train triples....
Finished. Read 304727650 train triples.
Reading valid triples....
Finished. Read 16929318 valid triples.
Reading test triples....
Finished. Read 16929308 test triples.
ARGS:  Namespace(model_name='SimplE', data_path='/home/xieminhui/dgl-data', dataset='Freebase', format='built_in', data_files=None, delimiter='\t', save_path='/tmp/ckpts/SimplE_Freebase_8', no_save_emb=True, max_step=500, batch_size=2000, batch_size_eval=16, neg_sample_size=200, neg_deg_sample=False, neg_deg_sample_eval=False, neg_sample_size_eval=86054151, eval_percent=1, no_eval_filter=False, log_interval=100, eval_interval=10000, test=False, num_proc=8, num_thread=1, force_sync_interval=1, hidden_dim=400, lr=0.01, gamma=16.0, double_ent=False, double_rel=False, neg_adversarial_sampling=False, adversarial_temperature=1.0, regularization_coef=0.0, regularization_norm=3, pairwise=False, loss_genre='Logsigmoid', margin=1.0, nr_gpus=8, gpu=[0, 1, 2, 3, 4, 5, 6, 7], mix_cpu_gpu=True, valid=False, rel_part=False, async_update=None, has_edge_importance=False, cached_emb_type='KnownLocalCachedEmbedding', use_my_emb=True, cache_ratio=0.05, shuffle=False, backwardMode='CppAsync', L=10, nr_background_threads=32, update_cache_use_omp=0, update_pq_use_omp=0, kForwardItersPerStep=2, backgrad_init='both', eval_filter=True, soft_rel_part=False)
|Train|: 304727650
original graph:  DGLGraph(num_nodes=86054151, num_edges=338586276,
         ndata_schemes={}
         edata_schemes={'tid': Scheme(shape=(), dtype=torch.int64)})
Loading cached metis
WARNING [63305 sampler.py:454] Start PreSampling
WARNING [63305 sampler.py:532] Before construct renumbering_dict
WARNING [63305 sampler.py:555] PreSampling done
W20240206 16:45:44.315601 63305 IPCTensor.h:369] NewIPCTensor: cached_sampler_r0_0 [1000000]0x100000002000 7.629 MB
W20240206 16:45:44.315814 63305 IPCTensor.h:369] NewIPCTensor: cached_sampler_r0_1 [1000000]0x1000007a5000 7.629 MB
W20240206 16:45:44.315863 63305 IPCTensor.h:369] NewIPCTensor: cached_sampler_r0_2 [1000000]0x100000f48000 7.629 MB
W20240206 16:45:44.315898 63305 IPCTensor.h:369] NewIPCTensor: cached_sampler_r0_3 [1000000]0x1000016eb000 7.629 MB
W20240206 16:45:44.315933 63305 IPCTensor.h:369] NewIPCTensor: cached_sampler_r0_4 [1000000]0x100001e8e000 7.629 MB
W20240206 16:45:44.315968 63305 IPCTensor.h:369] NewIPCTensor: cached_sampler_r0_5 [1000000]0x100002631000 7.629 MB
W20240206 16:45:44.316000 63305 IPCTensor.h:369] NewIPCTensor: cached_sampler_r0_6 [1000000]0x100002dd4000 7.629 MB
W20240206 16:45:44.316047 63305 IPCTensor.h:369] NewIPCTensor: cached_sampler_r0_7 [1000000]0x100003577000 7.629 MB
W20240206 16:45:44.316097 63305 IPCTensor.h:369] NewIPCTensor: cached_sampler_r0_8 [1000000]0x100003d1a000 7.629 MB
W20240206 16:45:44.316128 63305 IPCTensor.h:369] NewIPCTensor: cached_sampler_r0_9 [1000000]0x1000044bd000 7.629 MB
W20240206 16:45:44.316174 63305 IPCTensor.h:369] NewIPCTensor: step_r0 [10]0x100004c60000 80 B 
W20240206 16:45:44.316205 63305 IPCTensor.h:369] NewIPCTensor: circle_buffer_end_r0 [1]0x100004c62000 8 B 
W20240206 16:45:44.316231 63305 IPCTensor.h:369] NewIPCTensor: circle_buffer_end_cppseen_r0 [1]0x100004c64000 8 B 
W20240206 16:45:44.316397 63305 IPCTensor.h:369] NewIPCTensor: cached_sampler_r1_0 [1000000]0x100004c66000 7.629 MB
W20240206 16:45:44.316438 63305 IPCTensor.h:369] NewIPCTensor: cached_sampler_r1_1 [1000000]0x100005409000 7.629 MB
W20240206 16:45:44.316474 63305 IPCTensor.h:369] NewIPCTensor: cached_sampler_r1_2 [1000000]0x100005bac000 7.629 MB
W20240206 16:45:44.316519 63305 IPCTensor.h:369] NewIPCTensor: cached_sampler_r1_3 [1000000]0x10000634f000 7.629 MB
W20240206 16:45:44.316545 63305 IPCTensor.h:369] NewIPCTensor: cached_sampler_r1_4 [1000000]0x100006af2000 7.629 MB
W20240206 16:45:44.316577 63305 IPCTensor.h:369] NewIPCTensor: cached_sampler_r1_5 [1000000]0x100007295000 7.629 MB
W20240206 16:45:44.316612 63305 IPCTensor.h:369] NewIPCTensor: cached_sampler_r1_6 [1000000]0x100007a38000 7.629 MB
W20240206 16:45:44.316644 63305 IPCTensor.h:369] NewIPCTensor: cached_sampler_r1_7 [1000000]0x1000081db000 7.629 MB
W20240206 16:45:44.316677 63305 IPCTensor.h:369] NewIPCTensor: cached_sampler_r1_8 [1000000]0x10000897e000 7.629 MB
W20240206 16:45:44.316715 63305 IPCTensor.h:369] NewIPCTensor: cached_sampler_r1_9 [1000000]0x100009121000 7.629 MB
W20240206 16:45:44.316743 63305 IPCTensor.h:369] NewIPCTensor: step_r1 [10]0x1000098c4000 80 B 
W20240206 16:45:44.316767 63305 IPCTensor.h:369] NewIPCTensor: circle_buffer_end_r1 [1]0x1000098c6000 8 B 
W20240206 16:45:44.316792 63305 IPCTensor.h:369] NewIPCTensor: circle_buffer_end_cppseen_r1 [1]0x1000098c8000 8 B 
W20240206 16:45:44.316852 63305 IPCTensor.h:369] NewIPCTensor: cached_sampler_r2_0 [1000000]0x1000098ca000 7.629 MB
W20240206 16:45:44.316884 63305 IPCTensor.h:369] NewIPCTensor: cached_sampler_r2_1 [1000000]0x10000a06d000 7.629 MB
W20240206 16:45:44.316920 63305 IPCTensor.h:369] NewIPCTensor: cached_sampler_r2_2 [1000000]0x10000a810000 7.629 MB
W20240206 16:45:44.316951 63305 IPCTensor.h:369] NewIPCTensor: cached_sampler_r2_3 [1000000]0x10000afb3000 7.629 MB
W20240206 16:45:44.316979 63305 IPCTensor.h:369] NewIPCTensor: cached_sampler_r2_4 [1000000]0x10000b756000 7.629 MB
W20240206 16:45:44.317008 63305 IPCTensor.h:369] NewIPCTensor: cached_sampler_r2_5 [1000000]0x10000bef9000 7.629 MB
W20240206 16:45:44.317036 63305 IPCTensor.h:369] NewIPCTensor: cached_sampler_r2_6 [1000000]0x10000c69c000 7.629 MB
W20240206 16:45:44.317075 63305 IPCTensor.h:369] NewIPCTensor: cached_sampler_r2_7 [1000000]0x10000ce3f000 7.629 MB
W20240206 16:45:44.317103 63305 IPCTensor.h:369] NewIPCTensor: cached_sampler_r2_8 [1000000]0x10000d5e2000 7.629 MB
W20240206 16:45:44.317142 63305 IPCTensor.h:369] NewIPCTensor: cached_sampler_r2_9 [1000000]0x10000dd85000 7.629 MB
W20240206 16:45:44.317178 63305 IPCTensor.h:369] NewIPCTensor: step_r2 [10]0x10000e528000 80 B 
W20240206 16:45:44.317202 63305 IPCTensor.h:369] NewIPCTensor: circle_buffer_end_r2 [1]0x10000e52a000 8 B 
W20240206 16:45:44.317231 63305 IPCTensor.h:369] NewIPCTensor: circle_buffer_end_cppseen_r2 [1]0x10000e52c000 8 B 
W20240206 16:45:44.317291 63305 IPCTensor.h:369] NewIPCTensor: cached_sampler_r3_0 [1000000]0x10000e52e000 7.629 MB
W20240206 16:45:44.317332 63305 IPCTensor.h:369] NewIPCTensor: cached_sampler_r3_1 [1000000]0x10000ecd1000 7.629 MB
W20240206 16:45:44.317368 63305 IPCTensor.h:369] NewIPCTensor: cached_sampler_r3_2 [1000000]0x10000f474000 7.629 MB
W20240206 16:45:44.317400 63305 IPCTensor.h:369] NewIPCTensor: cached_sampler_r3_3 [1000000]0x10000fc17000 7.629 MB
W20240206 16:45:44.317428 63305 IPCTensor.h:369] NewIPCTensor: cached_sampler_r3_4 [1000000]0x1000103ba000 7.629 MB
W20240206 16:45:44.317466 63305 IPCTensor.h:369] NewIPCTensor: cached_sampler_r3_5 [1000000]0x100010b5d000 7.629 MB
W20240206 16:45:44.317494 63305 IPCTensor.h:369] NewIPCTensor: cached_sampler_r3_6 [1000000]0x100011300000 7.629 MB
W20240206 16:45:44.317521 63305 IPCTensor.h:369] NewIPCTensor: cached_sampler_r3_7 [1000000]0x100011aa3000 7.629 MB
W20240206 16:45:44.317549 63305 IPCTensor.h:369] NewIPCTensor: cached_sampler_r3_8 [1000000]0x100012246000 7.629 MB
W20240206 16:45:44.317577 63305 IPCTensor.h:369] NewIPCTensor: cached_sampler_r3_9 [1000000]0x1000129e9000 7.629 MB
W20240206 16:45:44.317605 63305 IPCTensor.h:369] NewIPCTensor: step_r3 [10]0x10001318c000 80 B 
W20240206 16:45:44.317628 63305 IPCTensor.h:369] NewIPCTensor: circle_buffer_end_r3 [1]0x10001318e000 8 B 
W20240206 16:45:44.317657 63305 IPCTensor.h:369] NewIPCTensor: circle_buffer_end_cppseen_r3 [1]0x100013190000 8 B 
W20240206 16:45:44.317718 63305 IPCTensor.h:369] NewIPCTensor: cached_sampler_r4_0 [1000000]0x100013192000 7.629 MB
W20240206 16:45:44.317754 63305 IPCTensor.h:369] NewIPCTensor: cached_sampler_r4_1 [1000000]0x100013935000 7.629 MB
W20240206 16:45:44.317783 63305 IPCTensor.h:369] NewIPCTensor: cached_sampler_r4_2 [1000000]0x1000140d8000 7.629 MB
W20240206 16:45:44.317816 63305 IPCTensor.h:369] NewIPCTensor: cached_sampler_r4_3 [1000000]0x10001487b000 7.629 MB
W20240206 16:45:44.317847 63305 IPCTensor.h:369] NewIPCTensor: cached_sampler_r4_4 [1000000]0x10001501e000 7.629 MB
W20240206 16:45:44.317881 63305 IPCTensor.h:369] NewIPCTensor: cached_sampler_r4_5 [1000000]0x1000157c1000 7.629 MB
W20240206 16:45:44.317916 63305 IPCTensor.h:369] NewIPCTensor: cached_sampler_r4_6 [1000000]0x100015f64000 7.629 MB
W20240206 16:45:44.317951 63305 IPCTensor.h:369] NewIPCTensor: cached_sampler_r4_7 [1000000]0x100016707000 7.629 MB
W20240206 16:45:44.317987 63305 IPCTensor.h:369] NewIPCTensor: cached_sampler_r4_8 [1000000]0x100016eaa000 7.629 MB
W20240206 16:45:44.318020 63305 IPCTensor.h:369] NewIPCTensor: cached_sampler_r4_9 [1000000]0x10001764d000 7.629 MB
W20240206 16:45:44.318053 63305 IPCTensor.h:369] NewIPCTensor: step_r4 [10]0x100017df0000 80 B 
W20240206 16:45:44.318076 63305 IPCTensor.h:369] NewIPCTensor: circle_buffer_end_r4 [1]0x100017df2000 8 B 
W20240206 16:45:44.318100 63305 IPCTensor.h:369] NewIPCTensor: circle_buffer_end_cppseen_r4 [1]0x100017df4000 8 B 
W20240206 16:45:44.318157 63305 IPCTensor.h:369] NewIPCTensor: cached_sampler_r5_0 [1000000]0x100017df6000 7.629 MB
W20240206 16:45:44.318189 63305 IPCTensor.h:369] NewIPCTensor: cached_sampler_r5_1 [1000000]0x100018599000 7.629 MB
W20240206 16:45:44.318218 63305 IPCTensor.h:369] NewIPCTensor: cached_sampler_r5_2 [1000000]0x100018d3c000 7.629 MB
W20240206 16:45:44.318253 63305 IPCTensor.h:369] NewIPCTensor: cached_sampler_r5_3 [1000000]0x1000194df000 7.629 MB
W20240206 16:45:44.318286 63305 IPCTensor.h:369] NewIPCTensor: cached_sampler_r5_4 [1000000]0x100019c82000 7.629 MB
W20240206 16:45:44.318317 63305 IPCTensor.h:369] NewIPCTensor: cached_sampler_r5_5 [1000000]0x10001a425000 7.629 MB
W20240206 16:45:44.318353 63305 IPCTensor.h:369] NewIPCTensor: cached_sampler_r5_6 [1000000]0x10001abc8000 7.629 MB
W20240206 16:45:44.318389 63305 IPCTensor.h:369] NewIPCTensor: cached_sampler_r5_7 [1000000]0x10001b36b000 7.629 MB
W20240206 16:45:44.318420 63305 IPCTensor.h:369] NewIPCTensor: cached_sampler_r5_8 [1000000]0x10001bb0e000 7.629 MB
W20240206 16:45:44.318451 63305 IPCTensor.h:369] NewIPCTensor: cached_sampler_r5_9 [1000000]0x10001c2b1000 7.629 MB
W20240206 16:45:44.318480 63305 IPCTensor.h:369] NewIPCTensor: step_r5 [10]0x10001ca54000 80 B 
W20240206 16:45:44.318503 63305 IPCTensor.h:369] NewIPCTensor: circle_buffer_end_r5 [1]0x10001ca56000 8 B 
W20240206 16:45:44.318527 63305 IPCTensor.h:369] NewIPCTensor: circle_buffer_end_cppseen_r5 [1]0x10001ca58000 8 B 
W20240206 16:45:44.318581 63305 IPCTensor.h:369] NewIPCTensor: cached_sampler_r6_0 [1000000]0x10001ca5a000 7.629 MB
W20240206 16:45:44.318617 63305 IPCTensor.h:369] NewIPCTensor: cached_sampler_r6_1 [1000000]0x10001d1fd000 7.629 MB
W20240206 16:45:44.318648 63305 IPCTensor.h:369] NewIPCTensor: cached_sampler_r6_2 [1000000]0x10001d9a0000 7.629 MB
W20240206 16:45:44.318677 63305 IPCTensor.h:369] NewIPCTensor: cached_sampler_r6_3 [1000000]0x10001e143000 7.629 MB
W20240206 16:45:44.318710 63305 IPCTensor.h:369] NewIPCTensor: cached_sampler_r6_4 [1000000]0x10001e8e6000 7.629 MB
W20240206 16:45:44.318740 63305 IPCTensor.h:369] NewIPCTensor: cached_sampler_r6_5 [1000000]0x10001f089000 7.629 MB
W20240206 16:45:44.318773 63305 IPCTensor.h:369] NewIPCTensor: cached_sampler_r6_6 [1000000]0x10001f82c000 7.629 MB
W20240206 16:45:44.318802 63305 IPCTensor.h:369] NewIPCTensor: cached_sampler_r6_7 [1000000]0x10001ffcf000 7.629 MB
W20240206 16:45:44.318831 63305 IPCTensor.h:369] NewIPCTensor: cached_sampler_r6_8 [1000000]0x100020772000 7.629 MB
W20240206 16:45:44.318864 63305 IPCTensor.h:369] NewIPCTensor: cached_sampler_r6_9 [1000000]0x100020f15000 7.629 MB
W20240206 16:45:44.318897 63305 IPCTensor.h:369] NewIPCTensor: step_r6 [10]0x1000216b8000 80 B 
W20240206 16:45:44.318921 63305 IPCTensor.h:369] NewIPCTensor: circle_buffer_end_r6 [1]0x1000216ba000 8 B 
W20240206 16:45:44.318951 63305 IPCTensor.h:369] NewIPCTensor: circle_buffer_end_cppseen_r6 [1]0x1000216bc000 8 B 
W20240206 16:45:44.319010 63305 IPCTensor.h:369] NewIPCTensor: cached_sampler_r7_0 [1000000]0x1000216be000 7.629 MB
W20240206 16:45:44.319043 63305 IPCTensor.h:369] NewIPCTensor: cached_sampler_r7_1 [1000000]0x100021e61000 7.629 MB
W20240206 16:45:44.319073 63305 IPCTensor.h:369] NewIPCTensor: cached_sampler_r7_2 [1000000]0x100022604000 7.629 MB
W20240206 16:45:44.319104 63305 IPCTensor.h:369] NewIPCTensor: cached_sampler_r7_3 [1000000]0x100022da7000 7.629 MB
W20240206 16:45:44.319134 63305 IPCTensor.h:369] NewIPCTensor: cached_sampler_r7_4 [1000000]0x10002354a000 7.629 MB
W20240206 16:45:44.319171 63305 IPCTensor.h:369] NewIPCTensor: cached_sampler_r7_5 [1000000]0x100023ced000 7.629 MB
W20240206 16:45:44.319208 63305 IPCTensor.h:369] NewIPCTensor: cached_sampler_r7_6 [1000000]0x100024490000 7.629 MB
W20240206 16:45:44.319249 63305 IPCTensor.h:369] NewIPCTensor: cached_sampler_r7_7 [1000000]0x100024c33000 7.629 MB
W20240206 16:45:44.319286 63305 IPCTensor.h:369] NewIPCTensor: cached_sampler_r7_8 [1000000]0x1000253d6000 7.629 MB
W20240206 16:45:44.319322 63305 IPCTensor.h:369] NewIPCTensor: cached_sampler_r7_9 [1000000]0x100025b79000 7.629 MB
W20240206 16:45:44.319351 63305 IPCTensor.h:369] NewIPCTensor: step_r7 [10]0x10002631c000 80 B 
W20240206 16:45:44.319375 63305 IPCTensor.h:369] NewIPCTensor: circle_buffer_end_r7 [1]0x10002631e000 8 B 
W20240206 16:45:44.319404 63305 IPCTensor.h:369] NewIPCTensor: circle_buffer_end_cppseen_r7 [1]0x100026320000 8 B 
W20240206 16:45:44.753041 63305 IPCTensor.h:369] NewIPCTensor: full_emb [86054151, 400]0x100026322000 128.2 GB
W20240206 16:54:24.875208 63305 IPCTensor.h:369] NewIPCTensor: full_emb_SparseRowWiseAdaGrad_sum [86054151]0x102034f5a000 328.3 MB
{0: Graph(num_nodes=18863774, num_edges=55186826,
      ndata_schemes={'_ID': Scheme(shape=(), dtype=torch.int64), 'inner_node': Scheme(shape=(), dtype=torch.int32), 'part_id': Scheme(shape=(), dtype=torch.int64)}
      edata_schemes={'_ID': Scheme(shape=(), dtype=torch.int64), 'inner_edge': Scheme(shape=(), dtype=torch.int8)}), 1: Graph(num_nodes=13493829, num_edges=51786811,
      ndata_schemes={'_ID': Scheme(shape=(), dtype=torch.int64), 'inner_node': Scheme(shape=(), dtype=torch.int32), 'part_id': Scheme(shape=(), dtype=torch.int64)}
      edata_schemes={'_ID': Scheme(shape=(), dtype=torch.int64), 'inner_edge': Scheme(shape=(), dtype=torch.int8)}), 2: Graph(num_nodes=12506959, num_edges=45797296,
      ndata_schemes={'_ID': Scheme(shape=(), dtype=torch.int64), 'inner_node': Scheme(shape=(), dtype=torch.int32), 'part_id': Scheme(shape=(), dtype=torch.int64)}
      edata_schemes={'_ID': Scheme(shape=(), dtype=torch.int64), 'inner_edge': Scheme(shape=(), dtype=torch.int8)}), 3: Graph(num_nodes=12605014, num_edges=52067933,
      ndata_schemes={'_ID': Scheme(shape=(), dtype=torch.int64), 'inner_node': Scheme(shape=(), dtype=torch.int32), 'part_id': Scheme(shape=(), dtype=torch.int64)}
      edata_schemes={'_ID': Scheme(shape=(), dtype=torch.int64), 'inner_edge': Scheme(shape=(), dtype=torch.int8)}), 4: Graph(num_nodes=14435508, num_edges=39101576,
      ndata_schemes={'_ID': Scheme(shape=(), dtype=torch.int64), 'inner_node': Scheme(shape=(), dtype=torch.int32), 'part_id': Scheme(shape=(), dtype=torch.int64)}
      edata_schemes={'_ID': Scheme(shape=(), dtype=torch.int64), 'inner_edge': Scheme(shape=(), dtype=torch.int8)}), 5: Graph(num_nodes=13252778, num_edges=37365728,
      ndata_schemes={'_ID': Scheme(shape=(), dtype=torch.int64), 'inner_node': Scheme(shape=(), dtype=torch.int32), 'part_id': Scheme(shape=(), dtype=torch.int64)}
      edata_schemes={'_ID': Scheme(shape=(), dtype=torch.int64), 'inner_edge': Scheme(shape=(), dtype=torch.int8)}), 6: Graph(num_nodes=14444909, num_edges=60122064,
      ndata_schemes={'_ID': Scheme(shape=(), dtype=torch.int64), 'inner_node': Scheme(shape=(), dtype=torch.int32), 'part_id': Scheme(shape=(), dtype=torch.int64)}
      edata_schemes={'_ID': Scheme(shape=(), dtype=torch.int64), 'inner_edge': Scheme(shape=(), dtype=torch.int8)}), 7: Graph(num_nodes=14493336, num_edges=37760331,
      ndata_schemes={'_ID': Scheme(shape=(), dtype=torch.int64), 'inner_node': Scheme(shape=(), dtype=torch.int32), 'part_id': Scheme(shape=(), dtype=torch.int64)}
      edata_schemes={'_ID': Scheme(shape=(), dtype=torch.int64), 'inner_edge': Scheme(shape=(), dtype=torch.int8)})}
MertisPartition: part 0 has 18863774 N 55186826 E
MertisPartition: part 1 has 13493829 N 51786811 E
MertisPartition: part 2 has 12506959 N 45797296 E
MertisPartition: part 3 has 12605014 N 52067933 E
MertisPartition: part 4 has 14435508 N 39101576 E
MertisPartition: part 5 has 13252778 N 37365728 E
MertisPartition: part 6 has 14444909 N 60122064 E
MertisPartition: part 7 has 14493336 N 37760331 E
Rank0: cached key size 537838
Rank1: cached key size 537838
Rank2: cached key size 537838
Rank3: cached key size 537838
Rank4: cached key size 537838
Rank5: cached key size 537838
Rank6: cached key size 537838
Rank7: cached key size 537838
Before renumbering graph:  {'_ID': tensor([       0,        1,        2,  ..., 39512110,  9797409, 32293938]), 'inner_node': tensor([1, 1, 1,  ..., 0, 0, 0], dtype=torch.int32), 'part_id': tensor([0, 0, 0,  ..., 6, 6, 6])}
After renumbering graph:  {'_ID': tensor([ 4302709,  4302738,    84839,  ..., 57085915, 60564191,  4918782]), 'inner_node': tensor([1, 1, 1,  ..., 0, 0, 0], dtype=torch.int32), 'part_id': tensor([0, 0, 0,  ..., 6, 6, 6])}
part_g: DGLGraph(num_nodes=18863774, num_edges=55186826,
         ndata_schemes={'_ID': Scheme(shape=(), dtype=torch.int64)}
         edata_schemes={'tid': Scheme(shape=(), dtype=torch.int64)})
part_g: DGLGraph(num_nodes=18863774, num_edges=55186826,
         ndata_schemes={'_ID': Scheme(shape=(), dtype=torch.int64)}
         edata_schemes={'tid': Scheme(shape=(), dtype=torch.int64)})
Total initialize time 2274.100 seconds
[Rank1] pid = 64435
[Rank2] pid = 64530
[Rank3] pid = 64597
[Rank4] pid = 64666
[Rank5] pid = 64733
[Rank6] pid = 64800
INFO [63305 distributed_c10d.py:442] Added key: store_based_barrier_key:1 to store for rank: 0
INFO [64435 distributed_c10d.py:442] Added key: store_based_barrier_key:1 to store for rank: 1
INFO [64530 distributed_c10d.py:442] Added key: store_based_barrier_key:1 to store for rank: 2
INFO [64597 distributed_c10d.py:442] Added key: store_based_barrier_key:1 to store for rank: 3
INFO [64666 distributed_c10d.py:442] Added key: store_based_barrier_key:1 to store for rank: 4
INFO [64733 distributed_c10d.py:442] Added key: store_based_barrier_key:1 to store for rank: 5
INFO [64869 distributed_c10d.py:442] Added key: store_based_barrier_key:1 to store for rank: 7
INFO [64800 distributed_c10d.py:442] Added key: store_based_barrier_key:1 to store for rank: 6
INFO [64869 distributed_c10d.py:476] Rank 7: Completed store-based barrier for key:store_based_barrier_key:1 with 8 nodes.
INFO [64800 distributed_c10d.py:476] Rank 6: Completed store-based barrier for key:store_based_barrier_key:1 with 8 nodes.
INFO [64597 distributed_c10d.py:476] Rank 3: Completed store-based barrier for key:store_based_barrier_key:1 with 8 nodes.
INFO [64666 distributed_c10d.py:476] Rank 4: Completed store-based barrier for key:store_based_barrier_key:1 with 8 nodes.
INFO [64733 distributed_c10d.py:476] Rank 5: Completed store-based barrier for key:store_based_barrier_key:1 with 8 nodes.
W20240206 17:03:03.040242 64913 IPCTensor.h:409] NewIPCGPUTensor: embedding_cache_7 [4302707, 400]; dev=7; size=6.412 GB
W20240206 17:03:03.040530 64598 IPCTensor.h:409] NewIPCGPUTensor: embedding_cache_3 [4302707, 400]; dev=3; size=6.412 GB
W20240206 17:03:03.040539 64801 IPCTensor.h:409] NewIPCGPUTensor: embedding_cache_6 [4302707, 400]; dev=6; size=6.412 GB
W20240206 17:03:03.041191 64667 IPCTensor.h:409] NewIPCGPUTensor: embedding_cache_4 [4302707, 400]; dev=4; size=6.412 GB
W20240206 17:03:03.042476 64734 IPCTensor.h:409] NewIPCGPUTensor: embedding_cache_5 [4302707, 400]; dev=5; size=6.412 GB
INFO [63305 distributed_c10d.py:476] Rank 0: Completed store-based barrier for key:store_based_barrier_key:1 with 8 nodes.
INFO [64435 distributed_c10d.py:476] Rank 1: Completed store-based barrier for key:store_based_barrier_key:1 with 8 nodes.
INFO [64530 distributed_c10d.py:476] Rank 2: Completed store-based barrier for key:store_based_barrier_key:1 with 8 nodes.
W20240206 17:03:03.044418 64870 IPCTensor.h:409] NewIPCGPUTensor: embedding_cache_0 [4302707, 400]; dev=0; size=6.412 GB
W20240206 17:03:03.045855 64531 IPCTensor.h:409] NewIPCGPUTensor: embedding_cache_2 [4302707, 400]; dev=2; size=6.412 GB
W20240206 17:03:03.045948 64436 IPCTensor.h:409] NewIPCGPUTensor: embedding_cache_1 [4302707, 400]; dev=1; size=6.412 GB
W20240206 17:03:03.117722 64801 IPCTensor.h:369] NewIPCTensor: input_keys_6 [1000000]0x1020497a9000 7.629 MB
W20240206 17:03:03.117870 64913 IPCTensor.h:369] NewIPCTensor: input_keys_7 [1000000]0x10204a6f7000 7.629 MB
W20240206 17:03:03.117867 64870 IPCTensor.h:369] NewIPCTensor: input_keys_0 [1000000]0x102049f54000 7.629 MB
W20240206 17:03:03.117875 64598 IPCTensor.h:369] NewIPCTensor: input_keys_3 [1000000]0x10204ae9a000 7.629 MB
W20240206 17:03:03.117893 64667 IPCTensor.h:369] NewIPCTensor: input_keys_4 [1000000]0x10204b63d000 7.629 MB
W20240206 17:03:03.117928 64801 IPCTensor.h:369] NewIPCTensor: input_keys_neg_6 [1000000]0x10204cd26000 7.629 MB
W20240206 17:03:03.117921 64436 IPCTensor.h:369] NewIPCTensor: input_keys_1 [1000000]0x10204bde0000 7.629 MB
W20240206 17:03:03.117926 64734 IPCTensor.h:369] NewIPCTensor: input_keys_5 [1000000]0x10204c583000 7.629 MB
W20240206 17:03:03.117935 64531 IPCTensor.h:369] NewIPCTensor: input_keys_2 [1000000]0x10204d4c9000 7.629 MB
W20240206 17:03:03.118007 64801 IPCTensor.h:369] NewIPCTensor: backward_grads_6 [1000000, 400]0x10204dc6c000 1.49 GB
W20240206 17:03:03.118017 64870 IPCTensor.h:369] NewIPCTensor: input_keys_neg_0 [1000000]0x1020ad24f000 7.629 MB
W20240206 17:03:03.118044 64913 IPCTensor.h:369] NewIPCTensor: input_keys_neg_7 [1000000]0x1020ad9f2000 7.629 MB
W20240206 17:03:03.118057 64801 IPCTensor.h:369] NewIPCTensor: backward_grads_neg_6 [1000000, 400]0x1020ae195000 1.49 GB
W20240206 17:03:03.118074 64598 IPCTensor.h:369] NewIPCTensor: input_keys_neg_3 [1000000]0x10210d778000 7.629 MB
W20240206 17:03:03.118083 64870 IPCTensor.h:369] NewIPCTensor: backward_grads_0 [1000000, 400]0x10210df1b000 1.49 GB
W20240206 17:03:03.118091 64667 IPCTensor.h:369] NewIPCTensor: input_keys_neg_4 [1000000]0x10216d4fe000 7.629 MB
W20240206 17:03:03.118129 64436 IPCTensor.h:369] NewIPCTensor: input_keys_neg_1 [1000000]0x10216dca1000 7.629 MB
W20240206 17:03:03.118134 64734 IPCTensor.h:369] NewIPCTensor: input_keys_neg_5 [1000000]0x10216e444000 7.629 MB
W20240206 17:03:03.118139 64531 IPCTensor.h:369] NewIPCTensor: input_keys_neg_2 [1000000]0x10216ebe7000 7.629 MB
W20240206 17:03:03.118145 64870 IPCTensor.h:369] NewIPCTensor: backward_grads_neg_0 [1000000, 400]0x10216f38a000 1.49 GB
W20240206 17:03:03.118157 64801 IPCTensor.h:409] NewIPCGPUTensor: backward_grads_6_gpu [1000000, 400]; dev=6; size=1.49 GB
W20240206 17:03:03.118165 64913 IPCTensor.h:369] NewIPCTensor: backward_grads_7 [1000000, 400]0x1021ce96d000 1.49 GB
W20240206 17:03:03.118181 64598 IPCTensor.h:369] NewIPCTensor: backward_grads_3 [1000000, 400]0x10222df50000 1.49 GB
W20240206 17:03:03.118196 64870 IPCTensor.h:409] NewIPCGPUTensor: backward_grads_0_gpu [1000000, 400]; dev=0; size=1.49 GB
W20240206 17:03:03.118201 64667 IPCTensor.h:369] NewIPCTensor: backward_grads_4 [1000000, 400]0x10228d533000 1.49 GB
W20240206 17:03:03.118221 64913 IPCTensor.h:369] NewIPCTensor: backward_grads_neg_7 [1000000, 400]0x1022ecb16000 1.49 GB
W20240206 17:03:03.118234 64598 IPCTensor.h:369] NewIPCTensor: backward_grads_neg_3 [1000000, 400]0x10234c0f9000 1.49 GB
W20240206 17:03:03.118242 64436 IPCTensor.h:369] NewIPCTensor: backward_grads_1 [1000000, 400]0x1023ab6dc000 1.49 GB
W20240206 17:03:03.118247 64734 IPCTensor.h:369] NewIPCTensor: backward_grads_5 [1000000, 400]0x10240acbf000 1.49 GB
W20240206 17:03:03.118263 64531 IPCTensor.h:369] NewIPCTensor: backward_grads_2 [1000000, 400]0x10246a2a2000 1.49 GB
W20240206 17:03:03.118286 64667 IPCTensor.h:369] NewIPCTensor: backward_grads_neg_4 [1000000, 400]0x1024c9885000 1.49 GB
W20240206 17:03:03.118312 64913 IPCTensor.h:409] NewIPCGPUTensor: backward_grads_7_gpu [1000000, 400]; dev=7; size=1.49 GB
W20240206 17:03:03.118314 64598 IPCTensor.h:409] NewIPCGPUTensor: backward_grads_3_gpu [1000000, 400]; dev=3; size=1.49 GB
W20240206 17:03:03.118320 64531 IPCTensor.h:369] NewIPCTensor: backward_grads_neg_2 [1000000, 400]0x102528e68000 1.49 GB
W20240206 17:03:03.118326 64734 IPCTensor.h:369] NewIPCTensor: backward_grads_neg_5 [1000000, 400]0x10258844b000 1.49 GB
W20240206 17:03:03.118340 64436 IPCTensor.h:369] NewIPCTensor: backward_grads_neg_1 [1000000, 400]0x1025e7a2e000 1.49 GB
W20240206 17:03:03.118356 64667 IPCTensor.h:409] NewIPCGPUTensor: backward_grads_4_gpu [1000000, 400]; dev=4; size=1.49 GB
W20240206 17:03:03.118376 64531 IPCTensor.h:409] NewIPCGPUTensor: backward_grads_2_gpu [1000000, 400]; dev=2; size=1.49 GB
W20240206 17:03:03.118382 64436 IPCTensor.h:409] NewIPCGPUTensor: backward_grads_1_gpu [1000000, 400]; dev=1; size=1.49 GB
W20240206 17:03:03.118389 64734 IPCTensor.h:409] NewIPCGPUTensor: backward_grads_5_gpu [1000000, 400]; dev=5; size=1.49 GB
W20240206 17:03:03.131067 64870 IPCTensor.h:409] NewIPCGPUTensor: backward_grads_neg_0_gpu [1000000, 400]; dev=0; size=1.49 GB
W20240206 17:03:03.131090 64667 IPCTensor.h:409] NewIPCGPUTensor: backward_grads_neg_4_gpu [1000000, 400]; dev=4; size=1.49 GB
W20240206 17:03:03.131093 64598 IPCTensor.h:409] NewIPCGPUTensor: backward_grads_neg_3_gpu [1000000, 400]; dev=3; size=1.49 GB
W20240206 17:03:03.131119 64913 IPCTensor.h:409] NewIPCGPUTensor: backward_grads_neg_7_gpu [1000000, 400]; dev=7; size=1.49 GB
W20240206 17:03:03.131121 64531 IPCTensor.h:409] NewIPCGPUTensor: backward_grads_neg_2_gpu [1000000, 400]; dev=2; size=1.49 GB
W20240206 17:03:03.131127 64734 IPCTensor.h:409] NewIPCGPUTensor: backward_grads_neg_5_gpu [1000000, 400]; dev=5; size=1.49 GB
W20240206 17:03:03.131134 64436 IPCTensor.h:409] NewIPCGPUTensor: backward_grads_neg_1_gpu [1000000, 400]; dev=1; size=1.49 GB
W20240206 17:03:03.131148 64801 IPCTensor.h:409] NewIPCGPUTensor: backward_grads_neg_6_gpu [1000000, 400]; dev=6; size=1.49 GB
cudaHostRegister 0x100026322000
5: KnownLocalCachedEmbedding init done
WARNING [64733 DistTensor.py:59] The tensor name already exists in the kvstore
cudaHostRegister 0x100026322000
2: KnownLocalCachedEmbedding init done
WARNING [64530 DistTensor.py:59] The tensor name already exists in the kvstore
cudaHostRegister 0x100026322000
3: KnownLocalCachedEmbedding init done
WARNING [64597 DistTensor.py:59] The tensor name already exists in the kvstore
[Rank7] pid = 64869
New CachedEmbedding, name=full_emb, shape=(86054151, 400), cache_type=KnownLocalCachedEmbedding
fixed cache_range is [(0, 4302707), (4302707, 8605414), (8605414, 12908121), (12908121, 17210828), (17210828, 21513535), (21513535, 25816242), (25816242, 30118949), (30118949, 34421656)]
cudaHostRegister 0x100026322000
0: KnownLocalCachedEmbedding init done
WARNING [63305 DistTensor.py:59] The tensor name already exists in the kvstore
cudaHostRegister 0x100026322000
6: KnownLocalCachedEmbedding init done
WARNING [64800 DistTensor.py:59] The tensor name already exists in the kvstore
cudaHostRegister 0x100026322000
1: KnownLocalCachedEmbedding init done
cudaHostRegister 0x100026322000
4: KnownLocalCachedEmbedding init done
WARNING [64435 DistTensor.py:59] The tensor name already exists in the kvstore
WARNING [64666 DistTensor.py:59] The tensor name already exists in the kvstore
cudaHostRegister 0x100026322000
7: KnownLocalCachedEmbedding init done
WARNING [64869 DistTensor.py:59] The tensor name already exists in the kvstore
I20240206 17:03:53.787204 64913 IPC_barrier.h:118] CreateBarrier: new barrier, name: kgcachecontroller, count: 8
I20240206 17:03:53.787319 64436 IPC_barrier.h:112] CreateBarrier: find existing barrier, name: kgcachecontroller, count: 8
I20240206 17:03:53.787398 64801 IPC_barrier.h:112] CreateBarrier: find existing barrier, name: kgcachecontroller, count: 8
I20240206 17:03:53.787544 64598 IPC_barrier.h:112] CreateBarrier: find existing barrier, name: kgcachecontroller, count: 8
I20240206 17:03:53.787719 64870 IPC_barrier.h:112] CreateBarrier: find existing barrier, name: kgcachecontroller, count: 8
I20240206 17:03:53.788094 64667 IPC_barrier.h:112] CreateBarrier: find existing barrier, name: kgcachecontroller, count: 8
I20240206 17:03:53.788246 64531 IPC_barrier.h:112] CreateBarrier: find existing barrier, name: kgcachecontroller, count: 8
I20240206 17:03:53.788671 64734 IPC_barrier.h:112] CreateBarrier: find existing barrier, name: kgcachecontroller, count: 8
W20240206 17:03:53.792028 64870 grad_base.h:55] KGCacheController, config={
        "num_gpus": 8,
        "L": 10,
        "backgrad_init": "both", 
        "kForwardItersPerStep": 2,
        "clr": 0.01,
        "nr_background_threads": 32,
        "backwardMode": "CppAsync",
        "cache_ratio": 0.05,
        "update_cache_use_omp":  0,
        "update_pq_use_omp":  0
        }
W20240206 17:03:53.792589 64870 grad_base.h:184] Init GradProcessingBase done
I20240206 17:04:06.190608 64870 grad_async_v1.h:203] Use main thread to update emb.
W20240206 17:04:06.190757 64870 kg_controller.h:75] after init GradAsyncProcessing
I20240206 17:04:06.190766 64870 kg_controller.h:84] Construct KGCacheController done
E20240206 17:04:07.997095 64913 recstore.cc:66] init folly done
E20240206 17:04:07.997414 64667 recstore.cc:66] init folly done
E20240206 17:04:07.997488 64734 recstore.cc:66] init folly done
E20240206 17:04:07.997881 64870 recstore.cc:66] init folly done
E20240206 17:04:07.997947 64531 recstore.cc:66] init folly done
E20240206 17:04:07.998016 64801 recstore.cc:66] init folly done
E20240206 17:04:07.998030 64598 recstore.cc:66] init folly done
E20240206 17:04:07.998613 64436 recstore.cc:66] init folly done
I20240206 17:04:07.999503 64870 grad_base.h:60] GraphEnv RegTensorsPerProcess
I20240206 17:04:28.925792 64734 IPC_barrier.h:118] CreateBarrier: new barrier, name: start_barrier, count: 8
I20240206 17:04:29.309648 64913 IPC_barrier.h:112] CreateBarrier: find existing barrier, name: start_barrier, count: 8
I20240206 17:04:29.860504 64667 IPC_barrier.h:112] CreateBarrier: find existing barrier, name: start_barrier, count: 8
I20240206 17:04:30.969048 64531 IPC_barrier.h:112] CreateBarrier: find existing barrier, name: start_barrier, count: 8
I20240206 17:04:31.532123 64436 IPC_barrier.h:112] CreateBarrier: find existing barrier, name: start_barrier, count: 8
I20240206 17:04:31.914256 64598 IPC_barrier.h:112] CreateBarrier: find existing barrier, name: start_barrier, count: 8
I20240206 17:04:31.929749 64870 IPC_barrier.h:112] CreateBarrier: find existing barrier, name: start_barrier, count: 8
I20240206 17:04:32.515096 64801 IPC_barrier.h:112] CreateBarrier: find existing barrier, name: start_barrier, count: 8
+---------------------------+---------------------------+---------------------------+
| Name                      | P50                       | P99                       |
+---------------------------+---------------------------+---------------------------+
| GenInput                  | 25.392 ms                 | 25.392 ms                 |
| Forward                   | 518.444 ms                | 518.444 ms                |
| Backward                  | 202.473 ms                | 202.473 ms                |
| Optimize                  | 43.649 ms                 | 43.649 ms                 |
| BarrierTimeBeforeRank0    | 22.691 ms                 | 22.691 ms                 |
+---------------------------+---------------------------+---------------------------+
W20240206 17:04:34.575160 64870 grad_async_v1.h:429] Sleep in <BlockToStepN>, step_no=1, pq.top=1
W20240206 17:04:35.640082 64870 grad_async_v1.h:429] Sleep in <BlockToStepN>, step_no=3, pq.top=3
W20240206 17:04:36.677686 64870 grad_async_v1.h:429] Sleep in <BlockToStepN>, step_no=5, pq.top=5
+---------------------------+---------------------------+---------------------------+
| Name                      | P50                       | P99                       |
+---------------------------+---------------------------+---------------------------+
| ProcessBack:Shuffle       | 10.395 ms                 | 325.722 ms                |
| ProcessBack:UpdateCache   | 9.814 ms                  | 658.704 ms                |
| ProcessBack:UpsertPq      | 39.189 ms                 | 41.228 ms                 |
| ProcessOneStep            | 61.681 ms                 | 1.246 s                   |
| BlockToStepN              | 9.581 ms                  | 834.088 ms                |
+---------------------------+---------------------------+---------------------------+
W20240206 17:04:38.116815 64870 grad_async_v1.h:429] Sleep in <BlockToStepN>, step_no=7, pq.top=7
+---------------------------+---------------------------+---------------------------+
| Name                      | P50                       | P99                       |
+---------------------------+---------------------------+---------------------------+
| GenInput                  | 22.962 ms                 | 100.751 ms                |
| Forward                   | 5.375 ms                  | 518.444 ms                |
| Backward                  | 11.978 ms                 | 202.473 ms                |
| Optimize                  | 4.466 ms                  | 43.649 ms                 |
| BarrierTimeBeforeRank0    | 935.125 us                | 302.053 ms                |
| AfterBackward             | 61.884 ms                 | 1.246 s                   |
| BlockToStepN              | 9.625 ms                  | 836.129 ms                |
| OneStep                   | 114.551 ms                | 2.897 s                   |
+---------------------------+---------------------------+---------------------------+
W20240206 17:04:39.149190 64870 grad_async_v1.h:429] Sleep in <BlockToStepN>, step_no=8, pq.top=8
W20240206 17:04:40.169682 64870 grad_async_v1.h:429] Sleep in <BlockToStepN>, step_no=10, pq.top=10
W20240206 17:04:41.342696 64870 grad_async_v1.h:429] Sleep in <BlockToStepN>, step_no=13, pq.top=13
W20240206 17:04:42.432307 64870 grad_async_v1.h:429] Sleep in <BlockToStepN>, step_no=15, pq.top=15
+---------------------------+---------------------------+---------------------------+
| Name                      | P50                       | P99                       |
+---------------------------+---------------------------+---------------------------+
| ProcessBack:Shuffle       | 9.168 ms                  | 325.722 ms                |
| ProcessBack:UpdateCache   | 10.003 ms                 | 658.704 ms                |
| ProcessBack:UpsertPq      | 40.864 ms                 | 96.334 ms                 |
| ProcessOneStep            | 67.037 ms                 | 1.246 s                   |
| BlockToStepN              | 9.581 ms                  | 834.088 ms                |
+---------------------------+---------------------------+---------------------------+
W20240206 17:04:43.464288 64870 grad_async_v1.h:429] Sleep in <BlockToStepN>, step_no=17, pq.top=17
+---------------------------+---------------------------+---------------------------+
| Name                      | P50                       | P99                       |
+---------------------------+---------------------------+---------------------------+
| GenInput                  | 12.122 ms                 | 113.775 ms                |
| Forward                   | 5.413 ms                  | 518.444 ms                |
| Backward                  | 11.978 ms                 | 202.473 ms                |
| Optimize                  | 2.582 ms                  | 43.649 ms                 |
| BarrierTimeBeforeRank0    | 935.125 us                | 302.053 ms                |
| AfterBackward             | 70.731 ms                 | 1.246 s                   |
| BlockToStepN              | 9.625 ms                  | 836.129 ms                |
| OneStep                   | 208.894 ms                | 2.897 s                   |
+---------------------------+---------------------------+---------------------------+
W20240206 17:04:44.475731 64870 grad_async_v1.h:429] Sleep in <BlockToStepN>, step_no=19, pq.top=19
W20240206 17:04:45.488535 64870 grad_async_v1.h:429] Sleep in <BlockToStepN>, step_no=21, pq.top=21
W20240206 17:04:46.826471 64870 grad_async_v1.h:429] Sleep in <BlockToStepN>, step_no=23, pq.top=23
W20240206 17:04:47.923040 64870 grad_async_v1.h:429] Sleep in <BlockToStepN>, step_no=25, pq.top=25
+---------------------------+---------------------------+---------------------------+
| Name                      | P50                       | P99                       |
+---------------------------+---------------------------+---------------------------+
| ProcessBack:Shuffle       | 8.941 ms                  | 325.722 ms                |
| ProcessBack:UpdateCache   | 10.724 ms                 | 658.704 ms                |
| ProcessBack:UpsertPq      | 41.228 ms                 | 96.334 ms                 |
| ProcessOneStep            | 69.690 ms                 | 1.246 s                   |
| BlockToStepN              | 9.581 ms                  | 834.088 ms                |
+---------------------------+---------------------------+---------------------------+
+---------------------------+---------------------------+---------------------------+
| Name                      | P50                       | P99                       |
+---------------------------+---------------------------+---------------------------+
| GenInput                  | 12.131 ms                 | 125.176 ms                |
| Forward                   | 5.244 ms                  | 518.444 ms                |
| Backward                  | 11.924 ms                 | 202.473 ms                |
| Optimize                  | 2.794 ms                  | 43.649 ms                 |
| BarrierTimeBeforeRank0    | 981.495 us                | 302.053 ms                |
| AfterBackward             | 67.071 ms                 | 1.246 s                   |
| BlockToStepN              | 751.152 ms                | 836.129 ms                |
| OneStep                   | 887.226 ms                | 2.897 s                   |
+---------------------------+---------------------------+---------------------------+
W20240206 17:04:48.923007 64870 grad_async_v1.h:429] Sleep in <BlockToStepN>, step_no=27, pq.top=27
W20240206 17:04:49.923005 64870 grad_async_v1.h:429] Sleep in <BlockToStepN>, step_no=29, pq.top=29
W20240206 17:04:50.983467 64870 grad_async_v1.h:429] Sleep in <BlockToStepN>, step_no=33, pq.top=33
W20240206 17:04:52.050861 64870 grad_async_v1.h:429] Sleep in <BlockToStepN>, step_no=37, pq.top=37
+---------------------------+---------------------------+---------------------------+
| Name                      | P50                       | P99                       |
+---------------------------+---------------------------+---------------------------+
| ProcessBack:Shuffle       | 8.819 ms                  | 293.795 ms                |
| ProcessBack:UpdateCache   | 10.238 ms                 | 657.337 ms                |
| ProcessBack:UpsertPq      | 37.075 ms                 | 96.032 ms                 |
| ProcessOneStep            | 61.681 ms                 | 1.246 s                   |
| BlockToStepN              | 9.581 ms                  | 834.088 ms                |
+---------------------------+---------------------------+---------------------------+
W20240206 17:04:53.050004 64870 grad_async_v1.h:429] Sleep in <BlockToStepN>, step_no=39, pq.top=39
+---------------------------+---------------------------+---------------------------+
| Name                      | P50                       | P99                       |
+---------------------------+---------------------------+---------------------------+
| GenInput                  | 8.799 ms                  | 125.176 ms                |
| Forward                   | 5.051 ms                  | 518.444 ms                |
| Backward                  | 11.520 ms                 | 202.473 ms                |
| Optimize                  | 2.643 ms                  | 43.649 ms                 |
| BarrierTimeBeforeRank0    | 6.168 ms                  | 302.053 ms                |
| AfterBackward             | 61.468 ms                 | 1.246 s                   |
| BlockToStepN              | 9.625 ms                  | 836.129 ms                |
| OneStep                   | 208.894 ms                | 2.897 s                   |
+---------------------------+---------------------------+---------------------------+
W20240206 17:04:54.050010 64870 grad_async_v1.h:429] Sleep in <BlockToStepN>, step_no=41, pq.top=41
W20240206 17:04:55.050009 64870 grad_async_v1.h:429] Sleep in <BlockToStepN>, step_no=43, pq.top=43
W20240206 17:04:56.050009 64870 grad_async_v1.h:429] Sleep in <BlockToStepN>, step_no=45, pq.top=45
W20240206 17:04:57.050009 64870 grad_async_v1.h:429] Sleep in <BlockToStepN>, step_no=47, pq.top=47
+---------------------------+---------------------------+---------------------------+
| Name                      | P50                       | P99                       |
+---------------------------+---------------------------+---------------------------+
| ProcessBack:Shuffle       | 8.668 ms                  | 293.795 ms                |
| ProcessBack:UpdateCache   | 10.003 ms                 | 657.337 ms                |
| ProcessBack:UpsertPq      | 35.644 ms                 | 96.032 ms                 |
| ProcessOneStep            | 60.869 ms                 | 1.246 s                   |
| BlockToStepN              | 9.581 ms                  | 834.088 ms                |
+---------------------------+---------------------------+---------------------------+
W20240206 17:04:58.050005 64870 grad_async_v1.h:429] Sleep in <BlockToStepN>, step_no=49, pq.top=49
+---------------------------+---------------------------+---------------------------+
| Name                      | P50                       | P99                       |
+---------------------------+---------------------------+---------------------------+
| GenInput                  | 7.376 ms                  | 113.775 ms                |
| Forward                   | 5.028 ms                  | 9.294 ms                  |
| Backward                  | 11.208 ms                 | 36.041 ms                 |
| Optimize                  | 2.821 ms                  | 5.933 ms                  |
| BarrierTimeBeforeRank0    | 5.431 ms                  | 223.962 ms                |
| AfterBackward             | 60.485 ms                 | 119.266 ms                |
| BlockToStepN              | 9.992 ms                  | 836.129 ms                |
| OneStep                   | 208.894 ms                | 2.897 s                   |
+---------------------------+---------------------------+---------------------------+
W20240206 17:04:59.050012 64870 grad_async_v1.h:429] Sleep in <BlockToStepN>, step_no=51, pq.top=51
W20240206 17:05:00.050009 64870 grad_async_v1.h:429] Sleep in <BlockToStepN>, step_no=53, pq.top=53
W20240206 17:05:01.050006 64870 grad_async_v1.h:429] Sleep in <BlockToStepN>, step_no=55, pq.top=55
W20240206 17:05:02.085196 64870 grad_async_v1.h:429] Sleep in <BlockToStepN>, step_no=57, pq.top=57
+---------------------------+---------------------------+---------------------------+
| Name                      | P50                       | P99                       |
+---------------------------+---------------------------+---------------------------+
| ProcessBack:Shuffle       | 8.668 ms                  | 293.795 ms                |
| ProcessBack:UpdateCache   | 9.841 ms                  | 657.337 ms                |
| ProcessBack:UpsertPq      | 36.593 ms                 | 96.032 ms                 |
| ProcessOneStep            | 60.869 ms                 | 119.226 ms                |
| BlockToStepN              | 9.937 ms                  | 828.913 ms                |
+---------------------------+---------------------------+---------------------------+
W20240206 17:05:03.085004 64870 grad_async_v1.h:429] Sleep in <BlockToStepN>, step_no=59, pq.top=59
+---------------------------+---------------------------+---------------------------+
| Name                      | P50                       | P99                       |
+---------------------------+---------------------------+---------------------------+
| GenInput                  | 6.879 ms                  | 113.775 ms                |
| Forward                   | 5.057 ms                  | 9.294 ms                  |
| Backward                  | 11.208 ms                 | 36.041 ms                 |
| Optimize                  | 2.821 ms                  | 5.933 ms                  |
| BarrierTimeBeforeRank0    | 4.061 ms                  | 242.857 ms                |
| AfterBackward             | 61.094 ms                 | 119.266 ms                |
| BlockToStepN              | 9.992 ms                  | 829.029 ms                |
| OneStep                   | 223.516 ms                | 1.325 s                   |
+---------------------------+---------------------------+---------------------------+
W20240206 17:05:04.085007 64870 grad_async_v1.h:429] Sleep in <BlockToStepN>, step_no=61, pq.top=61
W20240206 17:05:05.085016 64870 grad_async_v1.h:429] Sleep in <BlockToStepN>, step_no=63, pq.top=63
W20240206 17:05:06.104574 64870 grad_async_v1.h:429] Sleep in <BlockToStepN>, step_no=65, pq.top=65
W20240206 17:05:07.104007 64870 grad_async_v1.h:429] Sleep in <BlockToStepN>, step_no=67, pq.top=67
+---------------------------+---------------------------+---------------------------+
| Name                      | P50                       | P99                       |
+---------------------------+---------------------------+---------------------------+
| ProcessBack:Shuffle       | 8.645 ms                  | 293.795 ms                |
| ProcessBack:UpdateCache   | 9.849 ms                  | 657.337 ms                |
| ProcessBack:UpsertPq      | 36.602 ms                 | 96.032 ms                 |
| ProcessOneStep            | 61.060 ms                 | 119.226 ms                |
| BlockToStepN              | 9.937 ms                  | 828.913 ms                |
+---------------------------+---------------------------+---------------------------+
W20240206 17:05:08.104005 64870 grad_async_v1.h:429] Sleep in <BlockToStepN>, step_no=69, pq.top=69
+---------------------------+---------------------------+---------------------------+
| Name                      | P50                       | P99                       |
+---------------------------+---------------------------+---------------------------+
| GenInput                  | 7.900 ms                  | 113.775 ms                |
| Forward                   | 5.113 ms                  | 12.286 ms                 |
| Backward                  | 11.205 ms                 | 36.041 ms                 |
| Optimize                  | 2.821 ms                  | 7.678 ms                  |
| BarrierTimeBeforeRank0    | 4.968 ms                  | 242.857 ms                |
| AfterBackward             | 61.094 ms                 | 119.266 ms                |
| BlockToStepN              | 9.992 ms                  | 829.029 ms                |
| OneStep                   | 223.516 ms                | 1.325 s                   |
+---------------------------+---------------------------+---------------------------+
W20240206 17:05:09.359870 64870 grad_async_v1.h:429] Sleep in <BlockToStepN>, step_no=71, pq.top=71
W20240206 17:05:10.400133 64870 grad_async_v1.h:429] Sleep in <BlockToStepN>, step_no=73, pq.top=73
W20240206 17:05:11.400005 64870 grad_async_v1.h:429] Sleep in <BlockToStepN>, step_no=75, pq.top=75
W20240206 17:05:12.400007 64870 grad_async_v1.h:429] Sleep in <BlockToStepN>, step_no=77, pq.top=77
+---------------------------+---------------------------+---------------------------+
| Name                      | P50                       | P99                       |
+---------------------------+---------------------------+---------------------------+
| ProcessBack:Shuffle       | 8.645 ms                  | 42.334 ms                 |
| ProcessBack:UpdateCache   | 9.851 ms                  | 20.081 ms                 |
| ProcessBack:UpsertPq      | 35.910 ms                 | 87.673 ms                 |
| ProcessOneStep            | 59.653 ms                 | 119.226 ms                |
| BlockToStepN              | 9.937 ms                  | 828.913 ms                |
+---------------------------+---------------------------+---------------------------+
W20240206 17:05:13.400007 64870 grad_async_v1.h:429] Sleep in <BlockToStepN>, step_no=79, pq.top=79
+---------------------------+---------------------------+---------------------------+
| Name                      | P50                       | P99                       |
