WARNING: Logging before InitGoogleLogging() is written to STDERR
I20240212 13:49:13.804618 52169 IPC_barrier.h:128] MultiProcessBarrierFactory->ClearIPCMemory()
/data/home/xieminhui/RecStore/src/framework_adapters/torch/kg/dgl-0.9.1/python/dgl/_deprecate/graph.py:1023: DGLWarning: multigraph will be deprecated.DGL will treat all graphs as multigraph in the future.
  dgl_warning("multigraph will be deprecated." \
/data/home/xieminhui/RecStore/src/framework_adapters/torch/kg/dgl-0.9.1/python/dgl/heterograph.py:72: DGLWarning: Recommend creating graphs by `dgl.graph(data)` instead of `dgl.DGLGraph(data)`.
  dgl_warning('Recommend creating graphs by `dgl.graph(data)`'
Reading train triples....
Finished. Read 483142 train triples.
Reading valid triples....
Finished. Read 50000 valid triples.
Reading test triples....
Finished. Read 59071 test triples.
ARGS:  Namespace(model_name='TransE', data_path='/home/xieminhui/dgl-data', dataset='FB15k', format='built_in', data_files=None, delimiter='\t', save_path='/tmp/ckpts/TransE_FB15k_248', no_save_emb=True, max_step=500, batch_size=1200, batch_size_eval=16, neg_sample_size=200, neg_deg_sample=False, neg_deg_sample_eval=False, neg_sample_size_eval=14951, eval_percent=1, no_eval_filter=False, log_interval=100, eval_interval=10000, test=False, num_proc=8, num_thread=1, force_sync_interval=1, hidden_dim=400, lr=0.01, gamma=16.0, double_ent=False, double_rel=False, neg_adversarial_sampling=False, adversarial_temperature=1.0, regularization_coef=0.0, regularization_norm=3, pairwise=False, loss_genre='Logsigmoid', margin=1.0, nr_gpus=8, gpu=[0, 1, 2, 3, 4, 5, 6, 7], mix_cpu_gpu=True, valid=False, rel_part=False, async_update=None, has_edge_importance=False, cached_emb_type='KnownLocalCachedEmbedding', use_my_emb=True, cache_ratio=0.05, shuffle=False, backwardMode='CppAsyncV2', L=10, nr_background_threads=32, update_cache_use_omp=1, update_pq_use_omp=2, kForwardItersPerStep=2, backgrad_init='both', eval_filter=True, soft_rel_part=False)
|Train|: 483142
original graph:  DGLGraph(num_nodes=14951, num_edges=592213,
         ndata_schemes={}
         edata_schemes={'tid': Scheme(shape=(), dtype=torch.int64)})
Loading cached metis
WARNING [52169 sampler.py:454] Start PreSampling
WARNING [52169 sampler.py:532] Before construct renumbering_dict
WARNING [52169 sampler.py:555] PreSampling done
W20240212 13:49:19.362819 52169 IPCTensor.h:369] NewIPCTensor: cached_sampler_r0_0 [1000000]0x100000002000 7.629 MB
W20240212 13:49:19.363027 52169 IPCTensor.h:369] NewIPCTensor: cached_sampler_r0_1 [1000000]0x1000007a5000 7.629 MB
W20240212 13:49:19.363066 52169 IPCTensor.h:369] NewIPCTensor: cached_sampler_r0_2 [1000000]0x100000f48000 7.629 MB
W20240212 13:49:19.363128 52169 IPCTensor.h:369] NewIPCTensor: cached_sampler_r0_3 [1000000]0x1000016eb000 7.629 MB
W20240212 13:49:19.363158 52169 IPCTensor.h:369] NewIPCTensor: cached_sampler_r0_4 [1000000]0x100001e8e000 7.629 MB
W20240212 13:49:19.363188 52169 IPCTensor.h:369] NewIPCTensor: cached_sampler_r0_5 [1000000]0x100002631000 7.629 MB
W20240212 13:49:19.363215 52169 IPCTensor.h:369] NewIPCTensor: cached_sampler_r0_6 [1000000]0x100002dd4000 7.629 MB
W20240212 13:49:19.363250 52169 IPCTensor.h:369] NewIPCTensor: cached_sampler_r0_7 [1000000]0x100003577000 7.629 MB
W20240212 13:49:19.363292 52169 IPCTensor.h:369] NewIPCTensor: cached_sampler_r0_8 [1000000]0x100003d1a000 7.629 MB
W20240212 13:49:19.363327 52169 IPCTensor.h:369] NewIPCTensor: cached_sampler_r0_9 [1000000]0x1000044bd000 7.629 MB
W20240212 13:49:19.363389 52169 IPCTensor.h:369] NewIPCTensor: step_r0 [10]0x100004c60000 80 B 
W20240212 13:49:19.363446 52169 IPCTensor.h:369] NewIPCTensor: circle_buffer_end_r0 [1]0x100004c62000 8 B 
W20240212 13:49:19.363482 52169 IPCTensor.h:369] NewIPCTensor: circle_buffer_end_cppseen_r0 [1]0x100004c64000 8 B 
W20240212 13:49:19.363615 52169 IPCTensor.h:369] NewIPCTensor: cached_sampler_r1_0 [1000000]0x100004c66000 7.629 MB
W20240212 13:49:19.363654 52169 IPCTensor.h:369] NewIPCTensor: cached_sampler_r1_1 [1000000]0x100005409000 7.629 MB
W20240212 13:49:19.363683 52169 IPCTensor.h:369] NewIPCTensor: cached_sampler_r1_2 [1000000]0x100005bac000 7.629 MB
W20240212 13:49:19.363729 52169 IPCTensor.h:369] NewIPCTensor: cached_sampler_r1_3 [1000000]0x10000634f000 7.629 MB
W20240212 13:49:19.363759 52169 IPCTensor.h:369] NewIPCTensor: cached_sampler_r1_4 [1000000]0x100006af2000 7.629 MB
W20240212 13:49:19.363796 52169 IPCTensor.h:369] NewIPCTensor: cached_sampler_r1_5 [1000000]0x100007295000 7.629 MB
W20240212 13:49:19.363852 52169 IPCTensor.h:369] NewIPCTensor: cached_sampler_r1_6 [1000000]0x100007a38000 7.629 MB
W20240212 13:49:19.363888 52169 IPCTensor.h:369] NewIPCTensor: cached_sampler_r1_7 [1000000]0x1000081db000 7.629 MB
W20240212 13:49:19.363924 52169 IPCTensor.h:369] NewIPCTensor: cached_sampler_r1_8 [1000000]0x10000897e000 7.629 MB
W20240212 13:49:19.363963 52169 IPCTensor.h:369] NewIPCTensor: cached_sampler_r1_9 [1000000]0x100009121000 7.629 MB
W20240212 13:49:19.364001 52169 IPCTensor.h:369] NewIPCTensor: step_r1 [10]0x1000098c4000 80 B 
W20240212 13:49:19.364027 52169 IPCTensor.h:369] NewIPCTensor: circle_buffer_end_r1 [1]0x1000098c6000 8 B 
W20240212 13:49:19.364069 52169 IPCTensor.h:369] NewIPCTensor: circle_buffer_end_cppseen_r1 [1]0x1000098c8000 8 B 
W20240212 13:49:19.364127 52169 IPCTensor.h:369] NewIPCTensor: cached_sampler_r2_0 [1000000]0x1000098ca000 7.629 MB
W20240212 13:49:19.364171 52169 IPCTensor.h:369] NewIPCTensor: cached_sampler_r2_1 [1000000]0x10000a06d000 7.629 MB
W20240212 13:49:19.364212 52169 IPCTensor.h:369] NewIPCTensor: cached_sampler_r2_2 [1000000]0x10000a810000 7.629 MB
W20240212 13:49:19.364248 52169 IPCTensor.h:369] NewIPCTensor: cached_sampler_r2_3 [1000000]0x10000afb3000 7.629 MB
W20240212 13:49:19.364282 52169 IPCTensor.h:369] NewIPCTensor: cached_sampler_r2_4 [1000000]0x10000b756000 7.629 MB
W20240212 13:49:19.364316 52169 IPCTensor.h:369] NewIPCTensor: cached_sampler_r2_5 [1000000]0x10000bef9000 7.629 MB
W20240212 13:49:19.364356 52169 IPCTensor.h:369] NewIPCTensor: cached_sampler_r2_6 [1000000]0x10000c69c000 7.629 MB
W20240212 13:49:19.364403 52169 IPCTensor.h:369] NewIPCTensor: cached_sampler_r2_7 [1000000]0x10000ce3f000 7.629 MB
W20240212 13:49:19.364444 52169 IPCTensor.h:369] NewIPCTensor: cached_sampler_r2_8 [1000000]0x10000d5e2000 7.629 MB
W20240212 13:49:19.364477 52169 IPCTensor.h:369] NewIPCTensor: cached_sampler_r2_9 [1000000]0x10000dd85000 7.629 MB
W20240212 13:49:19.364511 52169 IPCTensor.h:369] NewIPCTensor: step_r2 [10]0x10000e528000 80 B 
W20240212 13:49:19.364535 52169 IPCTensor.h:369] NewIPCTensor: circle_buffer_end_r2 [1]0x10000e52a000 8 B 
W20240212 13:49:19.364569 52169 IPCTensor.h:369] NewIPCTensor: circle_buffer_end_cppseen_r2 [1]0x10000e52c000 8 B 
W20240212 13:49:19.364627 52169 IPCTensor.h:369] NewIPCTensor: cached_sampler_r3_0 [1000000]0x10000e52e000 7.629 MB
W20240212 13:49:19.364672 52169 IPCTensor.h:369] NewIPCTensor: cached_sampler_r3_1 [1000000]0x10000ecd1000 7.629 MB
W20240212 13:49:19.364701 52169 IPCTensor.h:369] NewIPCTensor: cached_sampler_r3_2 [1000000]0x10000f474000 7.629 MB
W20240212 13:49:19.364737 52169 IPCTensor.h:369] NewIPCTensor: cached_sampler_r3_3 [1000000]0x10000fc17000 7.629 MB
W20240212 13:49:19.364773 52169 IPCTensor.h:369] NewIPCTensor: cached_sampler_r3_4 [1000000]0x1000103ba000 7.629 MB
W20240212 13:49:19.364809 52169 IPCTensor.h:369] NewIPCTensor: cached_sampler_r3_5 [1000000]0x100010b5d000 7.629 MB
W20240212 13:49:19.364845 52169 IPCTensor.h:369] NewIPCTensor: cached_sampler_r3_6 [1000000]0x100011300000 7.629 MB
W20240212 13:49:19.364873 52169 IPCTensor.h:369] NewIPCTensor: cached_sampler_r3_7 [1000000]0x100011aa3000 7.629 MB
W20240212 13:49:19.364914 52169 IPCTensor.h:369] NewIPCTensor: cached_sampler_r3_8 [1000000]0x100012246000 7.629 MB
W20240212 13:49:19.364951 52169 IPCTensor.h:369] NewIPCTensor: cached_sampler_r3_9 [1000000]0x1000129e9000 7.629 MB
W20240212 13:49:19.364987 52169 IPCTensor.h:369] NewIPCTensor: step_r3 [10]0x10001318c000 80 B 
W20240212 13:49:19.365011 52169 IPCTensor.h:369] NewIPCTensor: circle_buffer_end_r3 [1]0x10001318e000 8 B 
W20240212 13:49:19.365036 52169 IPCTensor.h:369] NewIPCTensor: circle_buffer_end_cppseen_r3 [1]0x100013190000 8 B 
W20240212 13:49:19.365101 52169 IPCTensor.h:369] NewIPCTensor: cached_sampler_r4_0 [1000000]0x100013192000 7.629 MB
W20240212 13:49:19.365149 52169 IPCTensor.h:369] NewIPCTensor: cached_sampler_r4_1 [1000000]0x100013935000 7.629 MB
W20240212 13:49:19.365182 52169 IPCTensor.h:369] NewIPCTensor: cached_sampler_r4_2 [1000000]0x1000140d8000 7.629 MB
W20240212 13:49:19.365219 52169 IPCTensor.h:369] NewIPCTensor: cached_sampler_r4_3 [1000000]0x10001487b000 7.629 MB
W20240212 13:49:19.365248 52169 IPCTensor.h:369] NewIPCTensor: cached_sampler_r4_4 [1000000]0x10001501e000 7.629 MB
W20240212 13:49:19.365279 52169 IPCTensor.h:369] NewIPCTensor: cached_sampler_r4_5 [1000000]0x1000157c1000 7.629 MB
W20240212 13:49:19.365312 52169 IPCTensor.h:369] NewIPCTensor: cached_sampler_r4_6 [1000000]0x100015f64000 7.629 MB
W20240212 13:49:19.365366 52169 IPCTensor.h:369] NewIPCTensor: cached_sampler_r4_7 [1000000]0x100016707000 7.629 MB
W20240212 13:49:19.365404 52169 IPCTensor.h:369] NewIPCTensor: cached_sampler_r4_8 [1000000]0x100016eaa000 7.629 MB
W20240212 13:49:19.365434 52169 IPCTensor.h:369] NewIPCTensor: cached_sampler_r4_9 [1000000]0x10001764d000 7.629 MB
W20240212 13:49:19.365468 52169 IPCTensor.h:369] NewIPCTensor: step_r4 [10]0x100017df0000 80 B 
W20240212 13:49:19.365492 52169 IPCTensor.h:369] NewIPCTensor: circle_buffer_end_r4 [1]0x100017df2000 8 B 
W20240212 13:49:19.365516 52169 IPCTensor.h:369] NewIPCTensor: circle_buffer_end_cppseen_r4 [1]0x100017df4000 8 B 
W20240212 13:49:19.365567 52169 IPCTensor.h:369] NewIPCTensor: cached_sampler_r5_0 [1000000]0x100017df6000 7.629 MB
W20240212 13:49:19.365607 52169 IPCTensor.h:369] NewIPCTensor: cached_sampler_r5_1 [1000000]0x100018599000 7.629 MB
W20240212 13:49:19.365648 52169 IPCTensor.h:369] NewIPCTensor: cached_sampler_r5_2 [1000000]0x100018d3c000 7.629 MB
W20240212 13:49:19.365676 52169 IPCTensor.h:369] NewIPCTensor: cached_sampler_r5_3 [1000000]0x1000194df000 7.629 MB
W20240212 13:49:19.365711 52169 IPCTensor.h:369] NewIPCTensor: cached_sampler_r5_4 [1000000]0x100019c82000 7.629 MB
W20240212 13:49:19.365741 52169 IPCTensor.h:369] NewIPCTensor: cached_sampler_r5_5 [1000000]0x10001a425000 7.629 MB
W20240212 13:49:19.365782 52169 IPCTensor.h:369] NewIPCTensor: cached_sampler_r5_6 [1000000]0x10001abc8000 7.629 MB
W20240212 13:49:19.365821 52169 IPCTensor.h:369] NewIPCTensor: cached_sampler_r5_7 [1000000]0x10001b36b000 7.629 MB
W20240212 13:49:19.365860 52169 IPCTensor.h:369] NewIPCTensor: cached_sampler_r5_8 [1000000]0x10001bb0e000 7.629 MB
W20240212 13:49:19.365919 52169 IPCTensor.h:369] NewIPCTensor: cached_sampler_r5_9 [1000000]0x10001c2b1000 7.629 MB
W20240212 13:49:19.365949 52169 IPCTensor.h:369] NewIPCTensor: step_r5 [10]0x10001ca54000 80 B 
W20240212 13:49:19.365973 52169 IPCTensor.h:369] NewIPCTensor: circle_buffer_end_r5 [1]0x10001ca56000 8 B 
W20240212 13:49:19.365998 52169 IPCTensor.h:369] NewIPCTensor: circle_buffer_end_cppseen_r5 [1]0x10001ca58000 8 B 
W20240212 13:49:19.366058 52169 IPCTensor.h:369] NewIPCTensor: cached_sampler_r6_0 [1000000]0x10001ca5a000 7.629 MB
W20240212 13:49:19.366091 52169 IPCTensor.h:369] NewIPCTensor: cached_sampler_r6_1 [1000000]0x10001d1fd000 7.629 MB
W20240212 13:49:19.366122 52169 IPCTensor.h:369] NewIPCTensor: cached_sampler_r6_2 [1000000]0x10001d9a0000 7.629 MB
W20240212 13:49:19.366168 52169 IPCTensor.h:369] NewIPCTensor: cached_sampler_r6_3 [1000000]0x10001e143000 7.629 MB
W20240212 13:49:19.366199 52169 IPCTensor.h:369] NewIPCTensor: cached_sampler_r6_4 [1000000]0x10001e8e6000 7.629 MB
W20240212 13:49:19.366233 52169 IPCTensor.h:369] NewIPCTensor: cached_sampler_r6_5 [1000000]0x10001f089000 7.629 MB
W20240212 13:49:19.366271 52169 IPCTensor.h:369] NewIPCTensor: cached_sampler_r6_6 [1000000]0x10001f82c000 7.629 MB
W20240212 13:49:19.366307 52169 IPCTensor.h:369] NewIPCTensor: cached_sampler_r6_7 [1000000]0x10001ffcf000 7.629 MB
W20240212 13:49:19.366341 52169 IPCTensor.h:369] NewIPCTensor: cached_sampler_r6_8 [1000000]0x100020772000 7.629 MB
W20240212 13:49:19.366372 52169 IPCTensor.h:369] NewIPCTensor: cached_sampler_r6_9 [1000000]0x100020f15000 7.629 MB
W20240212 13:49:19.366417 52169 IPCTensor.h:369] NewIPCTensor: step_r6 [10]0x1000216b8000 80 B 
W20240212 13:49:19.366442 52169 IPCTensor.h:369] NewIPCTensor: circle_buffer_end_r6 [1]0x1000216ba000 8 B 
W20240212 13:49:19.366473 52169 IPCTensor.h:369] NewIPCTensor: circle_buffer_end_cppseen_r6 [1]0x1000216bc000 8 B 
W20240212 13:49:19.366528 52169 IPCTensor.h:369] NewIPCTensor: cached_sampler_r7_0 [1000000]0x1000216be000 7.629 MB
W20240212 13:49:19.366560 52169 IPCTensor.h:369] NewIPCTensor: cached_sampler_r7_1 [1000000]0x100021e61000 7.629 MB
W20240212 13:49:19.366590 52169 IPCTensor.h:369] NewIPCTensor: cached_sampler_r7_2 [1000000]0x100022604000 7.629 MB
W20240212 13:49:19.366622 52169 IPCTensor.h:369] NewIPCTensor: cached_sampler_r7_3 [1000000]0x100022da7000 7.629 MB
W20240212 13:49:19.366652 52169 IPCTensor.h:369] NewIPCTensor: cached_sampler_r7_4 [1000000]0x10002354a000 7.629 MB
W20240212 13:49:19.366689 52169 IPCTensor.h:369] NewIPCTensor: cached_sampler_r7_5 [1000000]0x100023ced000 7.629 MB
W20240212 13:49:19.366719 52169 IPCTensor.h:369] NewIPCTensor: cached_sampler_r7_6 [1000000]0x100024490000 7.629 MB
W20240212 13:49:19.366748 52169 IPCTensor.h:369] NewIPCTensor: cached_sampler_r7_7 [1000000]0x100024c33000 7.629 MB
W20240212 13:49:19.366780 52169 IPCTensor.h:369] NewIPCTensor: cached_sampler_r7_8 [1000000]0x1000253d6000 7.629 MB
W20240212 13:49:19.366811 52169 IPCTensor.h:369] NewIPCTensor: cached_sampler_r7_9 [1000000]0x100025b79000 7.629 MB
W20240212 13:49:19.366838 52169 IPCTensor.h:369] NewIPCTensor: step_r7 [10]0x10002631c000 80 B 
W20240212 13:49:19.366863 52169 IPCTensor.h:369] NewIPCTensor: circle_buffer_end_r7 [1]0x10002631e000 8 B 
W20240212 13:49:19.366886 52169 IPCTensor.h:369] NewIPCTensor: circle_buffer_end_cppseen_r7 [1]0x100026320000 8 B 
W20240212 13:49:19.606711 52169 IPCTensor.h:369] NewIPCTensor: full_emb [14951, 400]0x100026322000 22.81 MB
W20240212 13:49:19.636751 52169 IPCTensor.h:369] NewIPCTensor: full_emb_SparseRowWiseAdaGrad_sum [14951]0x1000279f4000 58.4 kB
{0: Graph(num_nodes=8499, num_edges=86694,
      ndata_schemes={'_ID': Scheme(shape=(), dtype=torch.int64), 'inner_node': Scheme(shape=(), dtype=torch.int32), 'part_id': Scheme(shape=(), dtype=torch.int64)}
      edata_schemes={'_ID': Scheme(shape=(), dtype=torch.int64), 'inner_edge': Scheme(shape=(), dtype=torch.int8)}), 1: Graph(num_nodes=6140, num_edges=88951,
      ndata_schemes={'_ID': Scheme(shape=(), dtype=torch.int64), 'inner_node': Scheme(shape=(), dtype=torch.int32), 'part_id': Scheme(shape=(), dtype=torch.int64)}
      edata_schemes={'_ID': Scheme(shape=(), dtype=torch.int64), 'inner_edge': Scheme(shape=(), dtype=torch.int8)}), 2: Graph(num_nodes=8646, num_edges=109741,
      ndata_schemes={'_ID': Scheme(shape=(), dtype=torch.int64), 'inner_node': Scheme(shape=(), dtype=torch.int32), 'part_id': Scheme(shape=(), dtype=torch.int64)}
      edata_schemes={'_ID': Scheme(shape=(), dtype=torch.int64), 'inner_edge': Scheme(shape=(), dtype=torch.int8)}), 3: Graph(num_nodes=8503, num_edges=86907,
      ndata_schemes={'_ID': Scheme(shape=(), dtype=torch.int64), 'inner_node': Scheme(shape=(), dtype=torch.int32), 'part_id': Scheme(shape=(), dtype=torch.int64)}
      edata_schemes={'_ID': Scheme(shape=(), dtype=torch.int64), 'inner_edge': Scheme(shape=(), dtype=torch.int8)}), 4: Graph(num_nodes=10597, num_edges=122217,
      ndata_schemes={'_ID': Scheme(shape=(), dtype=torch.int64), 'inner_node': Scheme(shape=(), dtype=torch.int32), 'part_id': Scheme(shape=(), dtype=torch.int64)}
      edata_schemes={'_ID': Scheme(shape=(), dtype=torch.int64), 'inner_edge': Scheme(shape=(), dtype=torch.int8)}), 5: Graph(num_nodes=8255, num_edges=102550,
      ndata_schemes={'_ID': Scheme(shape=(), dtype=torch.int64), 'inner_node': Scheme(shape=(), dtype=torch.int32), 'part_id': Scheme(shape=(), dtype=torch.int64)}
      edata_schemes={'_ID': Scheme(shape=(), dtype=torch.int64), 'inner_edge': Scheme(shape=(), dtype=torch.int8)}), 6: Graph(num_nodes=7422, num_edges=104094,
      ndata_schemes={'_ID': Scheme(shape=(), dtype=torch.int64), 'inner_node': Scheme(shape=(), dtype=torch.int32), 'part_id': Scheme(shape=(), dtype=torch.int64)}
      edata_schemes={'_ID': Scheme(shape=(), dtype=torch.int64), 'inner_edge': Scheme(shape=(), dtype=torch.int8)}), 7: Graph(num_nodes=7815, num_edges=137832,
      ndata_schemes={'_ID': Scheme(shape=(), dtype=torch.int64), 'inner_node': Scheme(shape=(), dtype=torch.int32), 'part_id': Scheme(shape=(), dtype=torch.int64)}
      edata_schemes={'_ID': Scheme(shape=(), dtype=torch.int64), 'inner_edge': Scheme(shape=(), dtype=torch.int8)})}
MertisPartition: part 0 has 8499 N 86694 E
MertisPartition: part 1 has 6140 N 88951 E
MertisPartition: part 2 has 8646 N 109741 E
MertisPartition: part 3 has 8503 N 86907 E
MertisPartition: part 4 has 10597 N 122217 E
MertisPartition: part 5 has 8255 N 102550 E
MertisPartition: part 6 has 7422 N 104094 E
MertisPartition: part 7 has 7815 N 137832 E
Rank0: cached key size 93
Rank1: cached key size 93
Rank2: cached key size 93
Rank3: cached key size 93
Rank4: cached key size 93
Rank5: cached key size 93
Rank6: cached key size 93
Rank7: cached key size 93
Before renumbering graph:  {'_ID': tensor([    0,    15,    36,  ..., 11946,  9147, 13282]), 'inner_node': tensor([1, 1, 1,  ..., 0, 0, 0], dtype=torch.int32), 'part_id': tensor([0, 0, 0,  ..., 6, 3, 7])}
After renumbering graph:  {'_ID': tensor([  766,  1272,  1875,  ..., 10353, 10398,  6406]), 'inner_node': tensor([1, 1, 1,  ..., 0, 0, 0], dtype=torch.int32), 'part_id': tensor([0, 0, 0,  ..., 6, 3, 7])}
part_g: DGLGraph(num_nodes=8499, num_edges=86694,
         ndata_schemes={'_ID': Scheme(shape=(), dtype=torch.int64)}
         edata_schemes={'tid': Scheme(shape=(), dtype=torch.int64)})
part_g: DGLGraph(num_nodes=8499, num_edges=86694,
         ndata_schemes={'_ID': Scheme(shape=(), dtype=torch.int64)}
         edata_schemes={'tid': Scheme(shape=(), dtype=torch.int64)})
Total initialize time 5.863 seconds
[Rank1] pid = 52382
[Rank2] pid = 52446
[Rank3] pid = 52447
[Rank4] pid = 52574
[Rank5] pid = 52630
[Rank6] pid = 52645
INFO [52169 distributed_c10d.py:442] Added key: store_based_barrier_key:1 to store for rank: 0
INFO [52382 distributed_c10d.py:442] Added key: store_based_barrier_key:1 to store for rank: 1
INFO [52446 distributed_c10d.py:442] Added key: store_based_barrier_key:1 to store for rank: 2
INFO [52574 distributed_c10d.py:442] Added key: store_based_barrier_key:1 to store for rank: 4
INFO [52447 distributed_c10d.py:442] Added key: store_based_barrier_key:1 to store for rank: 3
INFO [52630 distributed_c10d.py:442] Added key: store_based_barrier_key:1 to store for rank: 5
INFO [52711 distributed_c10d.py:442] Added key: store_based_barrier_key:1 to store for rank: 7
INFO [52645 distributed_c10d.py:442] Added key: store_based_barrier_key:1 to store for rank: 6
INFO [52711 distributed_c10d.py:476] Rank 7: Completed store-based barrier for key:store_based_barrier_key:1 with 8 nodes.
INFO [52645 distributed_c10d.py:476] Rank 6: Completed store-based barrier for key:store_based_barrier_key:1 with 8 nodes.
INFO [52574 distributed_c10d.py:476] Rank 4: Completed store-based barrier for key:store_based_barrier_key:1 with 8 nodes.
INFO [52447 distributed_c10d.py:476] Rank 3: Completed store-based barrier for key:store_based_barrier_key:1 with 8 nodes.
INFO [52630 distributed_c10d.py:476] Rank 5: Completed store-based barrier for key:store_based_barrier_key:1 with 8 nodes.
W20240212 13:49:22.153017 52774 IPCTensor.h:409] NewIPCGPUTensor: embedding_cache_7 [747, 400]; dev=7; size=1.14 MB
W20240212 13:49:22.153040 52710 IPCTensor.h:409] NewIPCGPUTensor: embedding_cache_6 [747, 400]; dev=6; size=1.14 MB
W20240212 13:49:22.153457 52449 IPCTensor.h:409] NewIPCGPUTensor: embedding_cache_3 [747, 400]; dev=3; size=1.14 MB
W20240212 13:49:22.153528 52639 IPCTensor.h:409] NewIPCGPUTensor: embedding_cache_5 [747, 400]; dev=5; size=1.14 MB
W20240212 13:49:22.153538 52575 IPCTensor.h:409] NewIPCGPUTensor: embedding_cache_4 [747, 400]; dev=4; size=1.14 MB
INFO [52382 distributed_c10d.py:476] Rank 1: Completed store-based barrier for key:store_based_barrier_key:1 with 8 nodes.
INFO [52446 distributed_c10d.py:476] Rank 2: Completed store-based barrier for key:store_based_barrier_key:1 with 8 nodes.
INFO [52169 distributed_c10d.py:476] Rank 0: Completed store-based barrier for key:store_based_barrier_key:1 with 8 nodes.
W20240212 13:49:22.159644 52775 IPCTensor.h:409] NewIPCGPUTensor: embedding_cache_0 [747, 400]; dev=0; size=1.14 MB
W20240212 13:49:22.159932 52383 IPCTensor.h:409] NewIPCGPUTensor: embedding_cache_1 [747, 400]; dev=1; size=1.14 MB
W20240212 13:49:22.159933 52448 IPCTensor.h:409] NewIPCGPUTensor: embedding_cache_2 [747, 400]; dev=2; size=1.14 MB
W20240212 13:49:22.187880 52774 IPCTensor.h:369] NewIPCTensor: input_keys_7 [1000000]0x100027a08000 7.629 MB
W20240212 13:49:22.187884 52639 IPCTensor.h:369] NewIPCTensor: input_keys_5 [1000000]0x1000281ab000 7.629 MB
W20240212 13:49:22.188097 52774 IPCTensor.h:369] NewIPCTensor: input_keys_neg_7 [1000000]0x10002894e000 7.629 MB
W20240212 13:49:22.188112 52639 IPCTensor.h:369] NewIPCTensor: input_keys_neg_5 [1000000]0x1000290f1000 7.629 MB
W20240212 13:49:22.188176 52639 IPCTensor.h:369] NewIPCTensor: backward_grads_5 [1000000, 400]0x100029894000 1.49 GB
W20240212 13:49:22.188184 52774 IPCTensor.h:369] NewIPCTensor: backward_grads_7 [1000000, 400]0x100088e77000 1.49 GB
W20240212 13:49:22.188236 52639 IPCTensor.h:369] NewIPCTensor: backward_grads_neg_5 [1000000, 400]0x1000e845c000 1.49 GB
W20240212 13:49:22.188246 52774 IPCTensor.h:369] NewIPCTensor: backward_grads_neg_7 [1000000, 400]0x100147a3f000 1.49 GB
W20240212 13:49:22.188290 52774 IPCTensor.h:409] NewIPCGPUTensor: backward_grads_7_gpu [1000000, 400]; dev=7; size=1.49 GB
W20240212 13:49:22.188299 52639 IPCTensor.h:409] NewIPCGPUTensor: backward_grads_5_gpu [1000000, 400]; dev=5; size=1.49 GB
W20240212 13:49:22.188441 52449 IPCTensor.h:369] NewIPCTensor: input_keys_3 [1000000]0x1001a7022000 7.629 MB
W20240212 13:49:22.188593 52449 IPCTensor.h:369] NewIPCTensor: input_keys_neg_3 [1000000]0x1001a77c5000 7.629 MB
W20240212 13:49:22.188655 52449 IPCTensor.h:369] NewIPCTensor: backward_grads_3 [1000000, 400]0x1001a7f68000 1.49 GB
W20240212 13:49:22.188704 52449 IPCTensor.h:369] NewIPCTensor: backward_grads_neg_3 [1000000, 400]0x10020754b000 1.49 GB
W20240212 13:49:22.188750 52449 IPCTensor.h:409] NewIPCGPUTensor: backward_grads_3_gpu [1000000, 400]; dev=3; size=1.49 GB
W20240212 13:49:22.191831 52575 IPCTensor.h:369] NewIPCTensor: input_keys_4 [1000000]0x100266b32000 7.629 MB
W20240212 13:49:22.191973 52575 IPCTensor.h:369] NewIPCTensor: input_keys_neg_4 [1000000]0x1002672d5000 7.629 MB
W20240212 13:49:22.192046 52575 IPCTensor.h:369] NewIPCTensor: backward_grads_4 [1000000, 400]0x10026821b000 1.49 GB
W20240212 13:49:22.192044 52448 IPCTensor.h:369] NewIPCTensor: input_keys_2 [1000000]0x100267a78000 7.629 MB
W20240212 13:49:22.192122 52575 IPCTensor.h:369] NewIPCTensor: backward_grads_neg_4 [1000000, 400]0x1002c77fe000 1.49 GB
W20240212 13:49:22.192174 52575 IPCTensor.h:409] NewIPCGPUTensor: backward_grads_4_gpu [1000000, 400]; dev=4; size=1.49 GB
W20240212 13:49:22.192250 52448 IPCTensor.h:369] NewIPCTensor: input_keys_neg_2 [1000000]0x100326de1000 7.629 MB
W20240212 13:49:22.192312 52448 IPCTensor.h:369] NewIPCTensor: backward_grads_2 [1000000, 400]0x100327584000 1.49 GB
W20240212 13:49:22.192373 52448 IPCTensor.h:369] NewIPCTensor: backward_grads_neg_2 [1000000, 400]0x100386b67000 1.49 GB
W20240212 13:49:22.192422 52448 IPCTensor.h:409] NewIPCGPUTensor: backward_grads_2_gpu [1000000, 400]; dev=2; size=1.49 GB
W20240212 13:49:22.193754 52775 IPCTensor.h:369] NewIPCTensor: input_keys_0 [1000000]0x1003e614e000 7.629 MB
W20240212 13:49:22.193923 52710 IPCTensor.h:369] NewIPCTensor: input_keys_6 [1000000]0x1003e68f1000 7.629 MB
W20240212 13:49:22.194070 52710 IPCTensor.h:369] NewIPCTensor: input_keys_neg_6 [1000000]0x1003e7094000 7.629 MB
W20240212 13:49:22.194130 52710 IPCTensor.h:369] NewIPCTensor: backward_grads_6 [1000000, 400]0x1003e7837000 1.49 GB
W20240212 13:49:22.194181 52710 IPCTensor.h:369] NewIPCTensor: backward_grads_neg_6 [1000000, 400]0x100446e1a000 1.49 GB
W20240212 13:49:22.194236 52710 IPCTensor.h:409] NewIPCGPUTensor: backward_grads_6_gpu [1000000, 400]; dev=6; size=1.49 GB
W20240212 13:49:22.196844 52775 IPCTensor.h:369] NewIPCTensor: input_keys_neg_0 [1000000]0x1004a63fd000 7.629 MB
W20240212 13:49:22.196933 52775 IPCTensor.h:369] NewIPCTensor: backward_grads_0 [1000000, 400]0x1004a6ba0000 1.49 GB
W20240212 13:49:22.196980 52775 IPCTensor.h:369] NewIPCTensor: backward_grads_neg_0 [1000000, 400]0x100506183000 1.49 GB
W20240212 13:49:22.197044 52775 IPCTensor.h:409] NewIPCGPUTensor: backward_grads_0_gpu [1000000, 400]; dev=0; size=1.49 GB
W20240212 13:49:22.199213 52774 IPCTensor.h:409] NewIPCGPUTensor: backward_grads_neg_7_gpu [1000000, 400]; dev=7; size=1.49 GB
W20240212 13:49:22.199242 52639 IPCTensor.h:409] NewIPCGPUTensor: backward_grads_neg_5_gpu [1000000, 400]; dev=5; size=1.49 GB
W20240212 13:49:22.199401 52383 IPCTensor.h:369] NewIPCTensor: input_keys_1 [1000000]0x10056576c000 7.629 MB
W20240212 13:49:22.199523 52383 IPCTensor.h:369] NewIPCTensor: input_keys_neg_1 [1000000]0x100565f0f000 7.629 MB
W20240212 13:49:22.199579 52383 IPCTensor.h:369] NewIPCTensor: backward_grads_1 [1000000, 400]0x1005666b2000 1.49 GB
W20240212 13:49:22.199623 52383 IPCTensor.h:369] NewIPCTensor: backward_grads_neg_1 [1000000, 400]0x1005c5c95000 1.49 GB
W20240212 13:49:22.199663 52383 IPCTensor.h:409] NewIPCGPUTensor: backward_grads_1_gpu [1000000, 400]; dev=1; size=1.49 GB
W20240212 13:49:22.201246 52449 IPCTensor.h:409] NewIPCGPUTensor: backward_grads_neg_3_gpu [1000000, 400]; dev=3; size=1.49 GB
W20240212 13:49:22.205657 52448 IPCTensor.h:409] NewIPCGPUTensor: backward_grads_neg_2_gpu [1000000, 400]; dev=2; size=1.49 GB
W20240212 13:49:22.205682 52575 IPCTensor.h:409] NewIPCGPUTensor: backward_grads_neg_4_gpu [1000000, 400]; dev=4; size=1.49 GB
W20240212 13:49:22.207368 52710 IPCTensor.h:409] NewIPCGPUTensor: backward_grads_neg_6_gpu [1000000, 400]; dev=6; size=1.49 GB
W20240212 13:49:22.210393 52775 IPCTensor.h:409] NewIPCGPUTensor: backward_grads_neg_0_gpu [1000000, 400]; dev=0; size=1.49 GB
W20240212 13:49:22.212311 52383 IPCTensor.h:409] NewIPCGPUTensor: backward_grads_neg_1_gpu [1000000, 400]; dev=1; size=1.49 GB
cudaHostRegister 0x100026322000
2: KnownLocalCachedEmbedding init done
WARNING [52446 DistTensor.py:59] The tensor name already exists in the kvstore
cudaHostRegister 0x100026322000
1: KnownLocalCachedEmbedding init done
WARNING [52382 DistTensor.py:59] The tensor name already exists in the kvstore
cudaHostRegister 0x100026322000
3: KnownLocalCachedEmbedding init done
WARNING [52447 DistTensor.py:59] The tensor name already exists in the kvstore
cudaHostRegister 0x100026322000
7: KnownLocalCachedEmbedding init done
cudaHostRegister 0x100026322000
5: KnownLocalCachedEmbedding init done
WARNING [52711 DistTensor.py:59] The tensor name already exists in the kvstore
WARNING [52630 DistTensor.py:59] The tensor name already exists in the kvstore
cudaHostRegister 0x100026322000
4: KnownLocalCachedEmbedding init done
WARNING [52574 DistTensor.py:59] The tensor name already exists in the kvstore
cudaHostRegister 0x100026322000
6: KnownLocalCachedEmbedding init done
WARNING [52645 DistTensor.py:59] The tensor name already exists in the kvstore
[Rank7] pid = 52711
New CachedEmbedding, name=full_emb, shape=(14951, 400), cache_type=KnownLocalCachedEmbedding
fixed cache_range is [(0, 747), (747, 1494), (1494, 2241), (2241, 2988), (2988, 3735), (3735, 4482), (4482, 5229), (5229, 5976)]
cudaHostRegister 0x100026322000
0: KnownLocalCachedEmbedding init done
WARNING [52169 DistTensor.py:59] The tensor name already exists in the kvstore
I20240212 13:49:25.225778 52775 IPC_barrier.h:118] CreateBarrier: new barrier, name: kgcachecontroller, count: 8
I20240212 13:49:25.226316 52639 IPC_barrier.h:112] CreateBarrier: find existing barrier, name: kgcachecontroller, count: 8
I20240212 13:49:25.226538 52449 IPC_barrier.h:112] CreateBarrier: find existing barrier, name: kgcachecontroller, count: 8
I20240212 13:49:25.226648 52575 IPC_barrier.h:112] CreateBarrier: find existing barrier, name: kgcachecontroller, count: 8
I20240212 13:49:25.226791 52448 IPC_barrier.h:112] CreateBarrier: find existing barrier, name: kgcachecontroller, count: 8
I20240212 13:49:25.226912 52383 IPC_barrier.h:112] CreateBarrier: find existing barrier, name: kgcachecontroller, count: 8
I20240212 13:49:25.227011 52774 IPC_barrier.h:112] CreateBarrier: find existing barrier, name: kgcachecontroller, count: 8
I20240212 13:49:25.232870 52710 IPC_barrier.h:112] CreateBarrier: find existing barrier, name: kgcachecontroller, count: 8
W20240212 13:49:25.237684 52775 grad_base.h:55] KGCacheController, config={
        "num_gpus": 8,
        "L": 10,
        "backgrad_init": "both", 
        "kForwardItersPerStep": 2,
        "clr": 0.01,
        "nr_background_threads": 32,
        "backwardMode": "CppAsyncV2",
        "cache_ratio": 0.05,
        "update_cache_use_omp":  1,
        "update_pq_use_omp":  2
        }
W20240212 13:49:25.238018 52775 grad_base.h:184] Init GradProcessingBase done
I20240212 13:49:25.249842 52775 grad_async_v2.h:42] Use main thread to update emb.
W20240212 13:49:25.250262 52775 kg_controller.h:78] after init GradAsyncProcessingV2
I20240212 13:49:25.250294 52775 kg_controller.h:84] Construct KGCacheController done
E20240212 13:49:27.058491 52448 recstore.cc:66] init folly done
E20240212 13:49:27.058483 52575 recstore.cc:66] init folly done
E20240212 13:49:27.058596 52774 recstore.cc:66] init folly done
E20240212 13:49:27.058658 52639 recstore.cc:66] init folly done
E20240212 13:49:27.058774 52449 recstore.cc:66] init folly done
E20240212 13:49:27.059389 52383 recstore.cc:66] init folly done
E20240212 13:49:27.059546 52710 recstore.cc:66] init folly done
E20240212 13:49:27.059639 52775 recstore.cc:66] init folly done
I20240212 13:49:27.060998 52775 grad_base.h:60] GraphEnv RegTensorsPerProcess
W20240212 13:49:27.816193 53372 grad_async_v2.h:137] Detect new sample comes, old_end0, new_end1
E20240212 13:49:27.816583 53372 parallel_pq_v2.h:79] insert failed, size(hashtable)=0
I20240212 13:49:27.867588 52639 IPC_barrier.h:118] CreateBarrier: new barrier, name: start_barrier, count: 8
I20240212 13:49:27.867733 52774 IPC_barrier.h:112] CreateBarrier: find existing barrier, name: start_barrier, count: 8
I20240212 13:49:27.869465 52449 IPC_barrier.h:112] CreateBarrier: find existing barrier, name: start_barrier, count: 8
I20240212 13:49:27.873149 52575 IPC_barrier.h:112] CreateBarrier: find existing barrier, name: start_barrier, count: 8
I20240212 13:49:27.873347 52383 IPC_barrier.h:112] CreateBarrier: find existing barrier, name: start_barrier, count: 8
I20240212 13:49:27.879155 52448 IPC_barrier.h:112] CreateBarrier: find existing barrier, name: start_barrier, count: 8
I20240212 13:49:27.880817 52710 IPC_barrier.h:112] CreateBarrier: find existing barrier, name: start_barrier, count: 8
I20240212 13:49:27.881345 52775 IPC_barrier.h:112] CreateBarrier: find existing barrier, name: start_barrier, count: 8
E20240212 13:49:30.183382 53484 parallel_pq_v2.h:79] insert failed, size(hashtable)=0
+---------------------------+---------------------------+---------------------------+
| Name                      | P50                       | P99                       |
+---------------------------+---------------------------+---------------------------+
| GenInput                  | 703.191 us                | 703.191 us                |
| Forward                   | 659.541 ms                | 659.541 ms                |
| Backward                  | 228.945 ms                | 228.945 ms                |
| Optimize                  | 2.375 ms                  | 2.375 ms                  |
| BarrierTimeBeforeRank0    | 93.109 ms                 | 93.109 ms                 |
+---------------------------+---------------------------+---------------------------+
+---------------------------+---------------------------+---------------------------+
| Name                      | P50                       | P99                       |
+---------------------------+---------------------------+---------------------------+
| clean                     | 147.182 us                | 2.618 ms                  |
| ProcessBack:Shuffle       | 302.358 ms                | 335.134 ms                |
| ProcessBack:UpdateCache   | 744.690 ms                | 745.638 ms                |
+---------------------------+---------------------------+---------------------------+
+---------------------------+---------------------------+---------------------------+
| Name                      | P50                       | P99                       |
+---------------------------+---------------------------+---------------------------+
| GenInput                  | 703.191 us                | 703.191 us                |
| Forward                   | 659.541 ms                | 659.541 ms                |
| Backward                  | 228.945 ms                | 228.945 ms                |
| Optimize                  | 2.375 ms                  | 2.375 ms                  |
| BarrierTimeBeforeRank0    | 93.109 ms                 | 93.109 ms                 |
+---------------------------+---------------------------+---------------------------+
+---------------------------+---------------------------+---------------------------+
| Name                      | P50                       | P99                       |
+---------------------------+---------------------------+---------------------------+
| clean                     | 147.182 us                | 2.618 ms                  |
| ProcessBack:Shuffle       | 302.358 ms                | 335.134 ms                |
| ProcessBack:UpdateCache   | 744.690 ms                | 745.638 ms                |
+---------------------------+---------------------------+---------------------------+
+---------------------------+---------------------------+---------------------------+
| Name                      | P50                       | P99                       |
+---------------------------+---------------------------+---------------------------+
| GenInput                  | 703.191 us                | 703.191 us                |
| Forward                   | 659.541 ms                | 659.541 ms                |
| Backward                  | 228.945 ms                | 228.945 ms                |
| Optimize                  | 2.375 ms                  | 2.375 ms                  |
| BarrierTimeBeforeRank0    | 93.109 ms                 | 93.109 ms                 |
+---------------------------+---------------------------+---------------------------+
+---------------------------+---------------------------+---------------------------+
| Name                      | P50                       | P99                       |
+---------------------------+---------------------------+---------------------------+
| clean                     | 147.182 us                | 2.618 ms                  |
| ProcessBack:Shuffle       | 302.358 ms                | 335.134 ms                |
| ProcessBack:UpdateCache   | 744.690 ms                | 745.638 ms                |
+---------------------------+---------------------------+---------------------------+
+---------------------------+---------------------------+---------------------------+
| Name                      | P50                       | P99                       |
+---------------------------+---------------------------+---------------------------+
| GenInput                  | 703.191 us                | 703.191 us                |
| Forward                   | 659.541 ms                | 659.541 ms                |
| Backward                  | 228.945 ms                | 228.945 ms                |
| Optimize                  | 2.375 ms                  | 2.375 ms                  |
| BarrierTimeBeforeRank0    | 93.109 ms                 | 93.109 ms                 |
+---------------------------+---------------------------+---------------------------+
+---------------------------+---------------------------+---------------------------+
| Name                      | P50                       | P99                       |
+---------------------------+---------------------------+---------------------------+
| clean                     | 147.182 us                | 2.618 ms                  |
| ProcessBack:Shuffle       | 302.358 ms                | 335.134 ms                |
| ProcessBack:UpdateCache   | 744.690 ms                | 745.638 ms                |
+---------------------------+---------------------------+---------------------------+
+---------------------------+---------------------------+---------------------------+
| Name                      | P50                       | P99                       |
+---------------------------+---------------------------+---------------------------+
| GenInput                  | 703.191 us                | 703.191 us                |
| Forward                   | 659.541 ms                | 659.541 ms                |
| Backward                  | 228.945 ms                | 228.945 ms                |
| Optimize                  | 2.375 ms                  | 2.375 ms                  |
| BarrierTimeBeforeRank0    | 93.109 ms                 | 93.109 ms                 |
+---------------------------+---------------------------+---------------------------+
+---------------------------+---------------------------+---------------------------+
| Name                      | P50                       | P99                       |
+---------------------------+---------------------------+---------------------------+
| clean                     | 147.182 us                | 2.618 ms                  |
| ProcessBack:Shuffle       | 302.358 ms                | 335.134 ms                |
| ProcessBack:UpdateCache   | 744.690 ms                | 745.638 ms                |
+---------------------------+---------------------------+---------------------------+
+---------------------------+---------------------------+---------------------------+
| Name                      | P50                       | P99                       |
+---------------------------+---------------------------+---------------------------+
| GenInput                  | 703.191 us                | 703.191 us                |
| Forward                   | 659.541 ms                | 659.541 ms                |
| Backward                  | 228.945 ms                | 228.945 ms                |
| Optimize                  | 2.375 ms                  | 2.375 ms                  |
| BarrierTimeBeforeRank0    | 93.109 ms                 | 93.109 ms                 |
+---------------------------+---------------------------+---------------------------+
+---------------------------+---------------------------+---------------------------+
| Name                      | P50                       | P99                       |
+---------------------------+---------------------------+---------------------------+
| clean                     | 147.182 us                | 2.618 ms                  |
| ProcessBack:Shuffle       | 302.358 ms                | 335.134 ms                |
| ProcessBack:UpdateCache   | 744.690 ms                | 745.638 ms                |
+---------------------------+---------------------------+---------------------------+
+---------------------------+---------------------------+---------------------------+
| Name                      | P50                       | P99                       |
+---------------------------+---------------------------+---------------------------+
| GenInput                  | 703.191 us                | 703.191 us                |
| Forward                   | 659.541 ms                | 659.541 ms                |
| Backward                  | 228.945 ms                | 228.945 ms                |
| Optimize                  | 2.375 ms                  | 2.375 ms                  |
| BarrierTimeBeforeRank0    | 93.109 ms                 | 93.109 ms                 |
+---------------------------+---------------------------+---------------------------+
+---------------------------+---------------------------+---------------------------+
| Name                      | P50                       | P99                       |
+---------------------------+---------------------------+---------------------------+
| clean                     | 147.182 us                | 2.618 ms                  |
| ProcessBack:Shuffle       | 302.358 ms                | 335.134 ms                |
| ProcessBack:UpdateCache   | 744.690 ms                | 745.638 ms                |
+---------------------------+---------------------------+---------------------------+
+---------------------------+---------------------------+---------------------------+
| Name                      | P50                       | P99                       |
+---------------------------+---------------------------+---------------------------+
| GenInput                  | 703.191 us                | 703.191 us                |
| Forward                   | 659.541 ms                | 659.541 ms                |
| Backward                  | 228.945 ms                | 228.945 ms                |
| Optimize                  | 2.375 ms                  | 2.375 ms                  |
| BarrierTimeBeforeRank0    | 93.109 ms                 | 93.109 ms                 |
+---------------------------+---------------------------+---------------------------+
+---------------------------+---------------------------+---------------------------+
| Name                      | P50                       | P99                       |
+---------------------------+---------------------------+---------------------------+
| clean                     | 147.182 us                | 2.618 ms                  |
| ProcessBack:Shuffle       | 302.358 ms                | 335.134 ms                |
| ProcessBack:UpdateCache   | 744.690 ms                | 745.638 ms                |
+---------------------------+---------------------------+---------------------------+
+---------------------------+---------------------------+---------------------------+
| Name                      | P50                       | P99                       |
+---------------------------+---------------------------+---------------------------+
| GenInput                  | 703.191 us                | 703.191 us                |
| Forward                   | 659.541 ms                | 659.541 ms                |
| Backward                  | 228.945 ms                | 228.945 ms                |
| Optimize                  | 2.375 ms                  | 2.375 ms                  |
| BarrierTimeBeforeRank0    | 93.109 ms                 | 93.109 ms                 |
+---------------------------+---------------------------+---------------------------+
+---------------------------+---------------------------+---------------------------+
| Name                      | P50                       | P99                       |
+---------------------------+---------------------------+---------------------------+
| clean                     | 147.182 us                | 2.618 ms                  |
| ProcessBack:Shuffle       | 302.358 ms                | 335.134 ms                |
| ProcessBack:UpdateCache   | 744.690 ms                | 745.638 ms                |
+---------------------------+---------------------------+---------------------------+
+---------------------------+---------------------------+---------------------------+
| Name                      | P50                       | P99                       |
+---------------------------+---------------------------+---------------------------+
| GenInput                  | 703.191 us                | 703.191 us                |
| Forward                   | 659.541 ms                | 659.541 ms                |
| Backward                  | 228.945 ms                | 228.945 ms                |
| Optimize                  | 2.375 ms                  | 2.375 ms                  |
| BarrierTimeBeforeRank0    | 93.109 ms                 | 93.109 ms                 |
+---------------------------+---------------------------+---------------------------+
+---------------------------+---------------------------+---------------------------+
| Name                      | P50                       | P99                       |
+---------------------------+---------------------------+---------------------------+
| clean                     | 147.182 us                | 2.618 ms                  |
| ProcessBack:Shuffle       | 302.358 ms                | 335.134 ms                |
| ProcessBack:UpdateCache   | 744.690 ms                | 745.638 ms                |
+---------------------------+---------------------------+---------------------------+
+---------------------------+---------------------------+---------------------------+
| Name                      | P50                       | P99                       |
+---------------------------+---------------------------+---------------------------+
| GenInput                  | 703.191 us                | 703.191 us                |
| Forward                   | 659.541 ms                | 659.541 ms                |
| Backward                  | 228.945 ms                | 228.945 ms                |
| Optimize                  | 2.375 ms                  | 2.375 ms                  |
| BarrierTimeBeforeRank0    | 93.109 ms                 | 93.109 ms                 |
+---------------------------+---------------------------+---------------------------+
+---------------------------+---------------------------+---------------------------+
| Name                      | P50                       | P99                       |
+---------------------------+---------------------------+---------------------------+
| clean                     | 147.182 us                | 2.618 ms                  |
| ProcessBack:Shuffle       | 302.358 ms                | 335.134 ms                |
| ProcessBack:UpdateCache   | 744.690 ms                | 745.638 ms                |
+---------------------------+---------------------------+---------------------------+
+---------------------------+---------------------------+---------------------------+
| Name                      | P50                       | P99                       |
+---------------------------+---------------------------+---------------------------+
| GenInput                  | 703.191 us                | 703.191 us                |
| Forward                   | 659.541 ms                | 659.541 ms                |
| Backward                  | 228.945 ms                | 228.945 ms                |
| Optimize                  | 2.375 ms                  | 2.375 ms                  |
| BarrierTimeBeforeRank0    | 93.109 ms                 | 93.109 ms                 |
+---------------------------+---------------------------+---------------------------+
+---------------------------+---------------------------+---------------------------+
| Name                      | P50                       | P99                       |
+---------------------------+---------------------------+---------------------------+
| clean                     | 147.182 us                | 2.618 ms                  |
| ProcessBack:Shuffle       | 302.358 ms                | 335.134 ms                |
| ProcessBack:UpdateCache   | 744.690 ms                | 745.638 ms                |
+---------------------------+---------------------------+---------------------------+
+---------------------------+---------------------------+---------------------------+
| Name                      | P50                       | P99                       |
+---------------------------+---------------------------+---------------------------+
| GenInput                  | 703.191 us                | 703.191 us                |
| Forward                   | 659.541 ms                | 659.541 ms                |
| Backward                  | 228.945 ms                | 228.945 ms                |
| Optimize                  | 2.375 ms                  | 2.375 ms                  |
| BarrierTimeBeforeRank0    | 93.109 ms                 | 93.109 ms                 |
+---------------------------+---------------------------+---------------------------+
+---------------------------+---------------------------+---------------------------+
| Name                      | P50                       | P99                       |
+---------------------------+---------------------------+---------------------------+
| clean                     | 147.182 us                | 2.618 ms                  |
| ProcessBack:Shuffle       | 302.358 ms                | 335.134 ms                |
| ProcessBack:UpdateCache   | 744.690 ms                | 745.638 ms                |
+---------------------------+---------------------------+---------------------------+
+---------------------------+---------------------------+---------------------------+
| Name                      | P50                       | P99                       |
+---------------------------+---------------------------+---------------------------+
