WARNING: Logging before InitGoogleLogging() is written to STDERR
I20240124 13:34:57.261624 65308 IPC_barrier.h:128] MultiProcessBarrierFactory->ClearIPCMemory()
/home/xieminhui/RecStore/src/framework_adapters/torch/kg/dgl-0.9.1/python/dgl/_deprecate/graph.py:1023: DGLWarning: multigraph will be deprecated.DGL will treat all graphs as multigraph in the future.
  dgl_warning("multigraph will be deprecated." \
/home/xieminhui/RecStore/src/framework_adapters/torch/kg/dgl-0.9.1/python/dgl/heterograph.py:72: DGLWarning: Recommend creating graphs by `dgl.graph(data)` instead of `dgl.DGLGraph(data)`.
  dgl_warning('Recommend creating graphs by `dgl.graph(data)`'
Reading train triples....
Finished. Read 483142 train triples.
Reading valid triples....
Finished. Read 50000 valid triples.
Reading test triples....
Finished. Read 59071 test triples.
ARGS:  Namespace(model_name='SimplE', data_path='/home/xieminhui/dgl-data', dataset='FB15k', format='built_in', data_files=None, delimiter='\t', save_path='/tmp/ckpts/SimplE_FB15k_20', no_save_emb=True, max_step=500, batch_size=1200, batch_size_eval=16, neg_sample_size=200, neg_deg_sample=False, neg_deg_sample_eval=False, neg_sample_size_eval=14951, eval_percent=1, no_eval_filter=False, log_interval=100, eval_interval=10000, test=False, num_proc=8, num_thread=1, force_sync_interval=1, hidden_dim=400, lr=0.01, gamma=16.0, double_ent=False, double_rel=False, neg_adversarial_sampling=False, adversarial_temperature=1.0, regularization_coef=0.0, regularization_norm=3, pairwise=False, loss_genre='Logsigmoid', margin=1.0, nr_gpus=8, gpu=[0, 1, 2, 3, 4, 5, 6, 7], mix_cpu_gpu=True, valid=False, rel_part=False, async_update=None, has_edge_importance=False, cached_emb_type='KnownLocalCachedEmbedding', use_my_emb=True, cache_ratio=0.1, shuffle=False, backwardMode='CppAsyncV2', L=10, kForwardItersPerStep=2, backgrad_init='both', eval_filter=True, soft_rel_part=False)
|Train|: 483142
original graph:  DGLGraph(num_nodes=14951, num_edges=592213,
         ndata_schemes={}
         edata_schemes={'tid': Scheme(shape=(), dtype=torch.int64)})
Loading cached metis
WARNING [65308 sampler.py:454] Start PreSampling
WARNING [65308 sampler.py:532] Before construct renumbering_dict
WARNING [65308 sampler.py:555] PreSampling done
W20240124 13:35:00.553071 65308 IPCTensor.h:365] NewIPCTensor: cached_sampler_r0_0 [100000]0x100000002000 781.2 kB
W20240124 13:35:00.553319 65308 IPCTensor.h:365] NewIPCTensor: cached_sampler_r0_1 [100000]0x1000000c7000 781.2 kB
W20240124 13:35:00.553390 65308 IPCTensor.h:365] NewIPCTensor: cached_sampler_r0_2 [100000]0x10000018c000 781.2 kB
W20240124 13:35:00.553442 65308 IPCTensor.h:365] NewIPCTensor: cached_sampler_r0_3 [100000]0x100000251000 781.2 kB
W20240124 13:35:00.553493 65308 IPCTensor.h:365] NewIPCTensor: cached_sampler_r0_4 [100000]0x100000316000 781.2 kB
W20240124 13:35:00.553536 65308 IPCTensor.h:365] NewIPCTensor: cached_sampler_r0_5 [100000]0x1000003db000 781.2 kB
W20240124 13:35:00.553580 65308 IPCTensor.h:365] NewIPCTensor: cached_sampler_r0_6 [100000]0x1000004a0000 781.2 kB
W20240124 13:35:00.553625 65308 IPCTensor.h:365] NewIPCTensor: cached_sampler_r0_7 [100000]0x100000565000 781.2 kB
W20240124 13:35:00.553665 65308 IPCTensor.h:365] NewIPCTensor: cached_sampler_r0_8 [100000]0x10000062a000 781.2 kB
W20240124 13:35:00.553709 65308 IPCTensor.h:365] NewIPCTensor: cached_sampler_r0_9 [100000]0x1000006ef000 781.2 kB
W20240124 13:35:00.553766 65308 IPCTensor.h:365] NewIPCTensor: step_r0 [10]0x1000007b4000 80 B 
W20240124 13:35:00.553802 65308 IPCTensor.h:365] NewIPCTensor: circle_buffer_end_r0 [1]0x1000007b6000 8 B 
W20240124 13:35:00.553840 65308 IPCTensor.h:365] NewIPCTensor: circle_buffer_end_cppseen_r0 [1]0x1000007b8000 8 B 
W20240124 13:35:00.554064 65308 IPCTensor.h:365] NewIPCTensor: cached_sampler_r1_0 [100000]0x1000007ba000 781.2 kB
W20240124 13:35:00.554122 65308 IPCTensor.h:365] NewIPCTensor: cached_sampler_r1_1 [100000]0x10000087f000 781.2 kB
W20240124 13:35:00.554158 65308 IPCTensor.h:365] NewIPCTensor: cached_sampler_r1_2 [100000]0x100000944000 781.2 kB
W20240124 13:35:00.554193 65308 IPCTensor.h:365] NewIPCTensor: cached_sampler_r1_3 [100000]0x100000a09000 781.2 kB
W20240124 13:35:00.554248 65308 IPCTensor.h:365] NewIPCTensor: cached_sampler_r1_4 [100000]0x100000ace000 781.2 kB
W20240124 13:35:00.554291 65308 IPCTensor.h:365] NewIPCTensor: cached_sampler_r1_5 [100000]0x100000b93000 781.2 kB
W20240124 13:35:00.554342 65308 IPCTensor.h:365] NewIPCTensor: cached_sampler_r1_6 [100000]0x100000c58000 781.2 kB
W20240124 13:35:00.554378 65308 IPCTensor.h:365] NewIPCTensor: cached_sampler_r1_7 [100000]0x100000d1d000 781.2 kB
W20240124 13:35:00.554421 65308 IPCTensor.h:365] NewIPCTensor: cached_sampler_r1_8 [100000]0x100000de2000 781.2 kB
W20240124 13:35:00.554471 65308 IPCTensor.h:365] NewIPCTensor: cached_sampler_r1_9 [100000]0x100000ea7000 781.2 kB
W20240124 13:35:00.554517 65308 IPCTensor.h:365] NewIPCTensor: step_r1 [10]0x100000f6c000 80 B 
W20240124 13:35:00.554548 65308 IPCTensor.h:365] NewIPCTensor: circle_buffer_end_r1 [1]0x100000f6e000 8 B 
W20240124 13:35:00.554591 65308 IPCTensor.h:365] NewIPCTensor: circle_buffer_end_cppseen_r1 [1]0x100000f70000 8 B 
W20240124 13:35:00.554665 65308 IPCTensor.h:365] NewIPCTensor: cached_sampler_r2_0 [100000]0x100000f72000 781.2 kB
W20240124 13:35:00.554709 65308 IPCTensor.h:365] NewIPCTensor: cached_sampler_r2_1 [100000]0x100001037000 781.2 kB
W20240124 13:35:00.554749 65308 IPCTensor.h:365] NewIPCTensor: cached_sampler_r2_2 [100000]0x1000010fc000 781.2 kB
W20240124 13:35:00.554793 65308 IPCTensor.h:365] NewIPCTensor: cached_sampler_r2_3 [100000]0x1000011c1000 781.2 kB
W20240124 13:35:00.554836 65308 IPCTensor.h:365] NewIPCTensor: cached_sampler_r2_4 [100000]0x100001286000 781.2 kB
W20240124 13:35:00.554873 65308 IPCTensor.h:365] NewIPCTensor: cached_sampler_r2_5 [100000]0x10000134b000 781.2 kB
W20240124 13:35:00.554916 65308 IPCTensor.h:365] NewIPCTensor: cached_sampler_r2_6 [100000]0x100001410000 781.2 kB
W20240124 13:35:00.554970 65308 IPCTensor.h:365] NewIPCTensor: cached_sampler_r2_7 [100000]0x1000014d5000 781.2 kB
W20240124 13:35:00.555004 65308 IPCTensor.h:365] NewIPCTensor: cached_sampler_r2_8 [100000]0x10000159a000 781.2 kB
W20240124 13:35:00.555045 65308 IPCTensor.h:365] NewIPCTensor: cached_sampler_r2_9 [100000]0x10000165f000 781.2 kB
W20240124 13:35:00.555090 65308 IPCTensor.h:365] NewIPCTensor: step_r2 [10]0x100001724000 80 B 
W20240124 13:35:00.555120 65308 IPCTensor.h:365] NewIPCTensor: circle_buffer_end_r2 [1]0x100001726000 8 B 
W20240124 13:35:00.555160 65308 IPCTensor.h:365] NewIPCTensor: circle_buffer_end_cppseen_r2 [1]0x100001728000 8 B 
W20240124 13:35:00.555236 65308 IPCTensor.h:365] NewIPCTensor: cached_sampler_r3_0 [100000]0x10000172a000 781.2 kB
W20240124 13:35:00.555281 65308 IPCTensor.h:365] NewIPCTensor: cached_sampler_r3_1 [100000]0x1000017ef000 781.2 kB
W20240124 13:35:00.555321 65308 IPCTensor.h:365] NewIPCTensor: cached_sampler_r3_2 [100000]0x1000018b4000 781.2 kB
W20240124 13:35:00.555356 65308 IPCTensor.h:365] NewIPCTensor: cached_sampler_r3_3 [100000]0x100001979000 781.2 kB
W20240124 13:35:00.555402 65308 IPCTensor.h:365] NewIPCTensor: cached_sampler_r3_4 [100000]0x100001a3e000 781.2 kB
W20240124 13:35:00.555439 65308 IPCTensor.h:365] NewIPCTensor: cached_sampler_r3_5 [100000]0x100001b03000 781.2 kB
W20240124 13:35:00.555478 65308 IPCTensor.h:365] NewIPCTensor: cached_sampler_r3_6 [100000]0x100001bc8000 781.2 kB
W20240124 13:35:00.555521 65308 IPCTensor.h:365] NewIPCTensor: cached_sampler_r3_7 [100000]0x100001c8d000 781.2 kB
W20240124 13:35:00.555564 65308 IPCTensor.h:365] NewIPCTensor: cached_sampler_r3_8 [100000]0x100001d52000 781.2 kB
W20240124 13:35:00.555601 65308 IPCTensor.h:365] NewIPCTensor: cached_sampler_r3_9 [100000]0x100001e17000 781.2 kB
W20240124 13:35:00.555644 65308 IPCTensor.h:365] NewIPCTensor: step_r3 [10]0x100001edc000 80 B 
W20240124 13:35:00.555675 65308 IPCTensor.h:365] NewIPCTensor: circle_buffer_end_r3 [1]0x100001ede000 8 B 
W20240124 13:35:00.555712 65308 IPCTensor.h:365] NewIPCTensor: circle_buffer_end_cppseen_r3 [1]0x100001ee0000 8 B 
W20240124 13:35:00.555790 65308 IPCTensor.h:365] NewIPCTensor: cached_sampler_r4_0 [100000]0x100001ee2000 781.2 kB
W20240124 13:35:00.555845 65308 IPCTensor.h:365] NewIPCTensor: cached_sampler_r4_1 [100000]0x100001fa7000 781.2 kB
W20240124 13:35:00.555883 65308 IPCTensor.h:365] NewIPCTensor: cached_sampler_r4_2 [100000]0x10000206c000 781.2 kB
W20240124 13:35:00.555923 65308 IPCTensor.h:365] NewIPCTensor: cached_sampler_r4_3 [100000]0x100002131000 781.2 kB
W20240124 13:35:00.555969 65308 IPCTensor.h:365] NewIPCTensor: cached_sampler_r4_4 [100000]0x1000021f6000 781.2 kB
W20240124 13:35:00.556011 65308 IPCTensor.h:365] NewIPCTensor: cached_sampler_r4_5 [100000]0x1000022bb000 781.2 kB
W20240124 13:35:00.556051 65308 IPCTensor.h:365] NewIPCTensor: cached_sampler_r4_6 [100000]0x100002380000 781.2 kB
W20240124 13:35:00.556098 65308 IPCTensor.h:365] NewIPCTensor: cached_sampler_r4_7 [100000]0x100002445000 781.2 kB
W20240124 13:35:00.556147 65308 IPCTensor.h:365] NewIPCTensor: cached_sampler_r4_8 [100000]0x10000250a000 781.2 kB
W20240124 13:35:00.556185 65308 IPCTensor.h:365] NewIPCTensor: cached_sampler_r4_9 [100000]0x1000025cf000 781.2 kB
W20240124 13:35:00.556221 65308 IPCTensor.h:365] NewIPCTensor: step_r4 [10]0x100002694000 80 B 
W20240124 13:35:00.556250 65308 IPCTensor.h:365] NewIPCTensor: circle_buffer_end_r4 [1]0x100002696000 8 B 
W20240124 13:35:00.556283 65308 IPCTensor.h:365] NewIPCTensor: circle_buffer_end_cppseen_r4 [1]0x100002698000 8 B 
W20240124 13:35:00.556354 65308 IPCTensor.h:365] NewIPCTensor: cached_sampler_r5_0 [100000]0x10000269a000 781.2 kB
W20240124 13:35:00.556396 65308 IPCTensor.h:365] NewIPCTensor: cached_sampler_r5_1 [100000]0x10000275f000 781.2 kB
W20240124 13:35:00.556435 65308 IPCTensor.h:365] NewIPCTensor: cached_sampler_r5_2 [100000]0x100002824000 781.2 kB
W20240124 13:35:00.556478 65308 IPCTensor.h:365] NewIPCTensor: cached_sampler_r5_3 [100000]0x1000028e9000 781.2 kB
W20240124 13:35:00.556519 65308 IPCTensor.h:365] NewIPCTensor: cached_sampler_r5_4 [100000]0x1000029ae000 781.2 kB
W20240124 13:35:00.556565 65308 IPCTensor.h:365] NewIPCTensor: cached_sampler_r5_5 [100000]0x100002a73000 781.2 kB
W20240124 13:35:00.556613 65308 IPCTensor.h:365] NewIPCTensor: cached_sampler_r5_6 [100000]0x100002b38000 781.2 kB
W20240124 13:35:00.556649 65308 IPCTensor.h:365] NewIPCTensor: cached_sampler_r5_7 [100000]0x100002bfd000 781.2 kB
W20240124 13:35:00.556691 65308 IPCTensor.h:365] NewIPCTensor: cached_sampler_r5_8 [100000]0x100002cc2000 781.2 kB
W20240124 13:35:00.556735 65308 IPCTensor.h:365] NewIPCTensor: cached_sampler_r5_9 [100000]0x100002d87000 781.2 kB
W20240124 13:35:00.556780 65308 IPCTensor.h:365] NewIPCTensor: step_r5 [10]0x100002e4c000 80 B 
W20240124 13:35:00.556819 65308 IPCTensor.h:365] NewIPCTensor: circle_buffer_end_r5 [1]0x100002e4e000 8 B 
W20240124 13:35:00.556864 65308 IPCTensor.h:365] NewIPCTensor: circle_buffer_end_cppseen_r5 [1]0x100002e50000 8 B 
W20240124 13:35:00.556941 65308 IPCTensor.h:365] NewIPCTensor: cached_sampler_r6_0 [100000]0x100002e52000 781.2 kB
W20240124 13:35:00.556982 65308 IPCTensor.h:365] NewIPCTensor: cached_sampler_r6_1 [100000]0x100002f17000 781.2 kB
W20240124 13:35:00.557026 65308 IPCTensor.h:365] NewIPCTensor: cached_sampler_r6_2 [100000]0x100002fdc000 781.2 kB
W20240124 13:35:00.557066 65308 IPCTensor.h:365] NewIPCTensor: cached_sampler_r6_3 [100000]0x1000030a1000 781.2 kB
W20240124 13:35:00.557103 65308 IPCTensor.h:365] NewIPCTensor: cached_sampler_r6_4 [100000]0x100003166000 781.2 kB
W20240124 13:35:00.557164 65308 IPCTensor.h:365] NewIPCTensor: cached_sampler_r6_5 [100000]0x10000322b000 781.2 kB
W20240124 13:35:00.557215 65308 IPCTensor.h:365] NewIPCTensor: cached_sampler_r6_6 [100000]0x1000032f0000 781.2 kB
W20240124 13:35:00.557251 65308 IPCTensor.h:365] NewIPCTensor: cached_sampler_r6_7 [100000]0x1000033b5000 781.2 kB
W20240124 13:35:00.557293 65308 IPCTensor.h:365] NewIPCTensor: cached_sampler_r6_8 [100000]0x10000347a000 781.2 kB
W20240124 13:35:00.557339 65308 IPCTensor.h:365] NewIPCTensor: cached_sampler_r6_9 [100000]0x10000353f000 781.2 kB
W20240124 13:35:00.557374 65308 IPCTensor.h:365] NewIPCTensor: step_r6 [10]0x100003604000 80 B 
W20240124 13:35:00.557413 65308 IPCTensor.h:365] NewIPCTensor: circle_buffer_end_r6 [1]0x100003606000 8 B 
W20240124 13:35:00.557447 65308 IPCTensor.h:365] NewIPCTensor: circle_buffer_end_cppseen_r6 [1]0x100003608000 8 B 
W20240124 13:35:00.557528 65308 IPCTensor.h:365] NewIPCTensor: cached_sampler_r7_0 [100000]0x10000360a000 781.2 kB
W20240124 13:35:00.557574 65308 IPCTensor.h:365] NewIPCTensor: cached_sampler_r7_1 [100000]0x1000036cf000 781.2 kB
W20240124 13:35:00.557624 65308 IPCTensor.h:365] NewIPCTensor: cached_sampler_r7_2 [100000]0x100003794000 781.2 kB
W20240124 13:35:00.557662 65308 IPCTensor.h:365] NewIPCTensor: cached_sampler_r7_3 [100000]0x100003859000 781.2 kB
W20240124 13:35:00.557704 65308 IPCTensor.h:365] NewIPCTensor: cached_sampler_r7_4 [100000]0x10000391e000 781.2 kB
W20240124 13:35:00.557747 65308 IPCTensor.h:365] NewIPCTensor: cached_sampler_r7_5 [100000]0x1000039e3000 781.2 kB
W20240124 13:35:00.557790 65308 IPCTensor.h:365] NewIPCTensor: cached_sampler_r7_6 [100000]0x100003aa8000 781.2 kB
W20240124 13:35:00.557833 65308 IPCTensor.h:365] NewIPCTensor: cached_sampler_r7_7 [100000]0x100003b6d000 781.2 kB
W20240124 13:35:00.557880 65308 IPCTensor.h:365] NewIPCTensor: cached_sampler_r7_8 [100000]0x100003c32000 781.2 kB
W20240124 13:35:00.557917 65308 IPCTensor.h:365] NewIPCTensor: cached_sampler_r7_9 [100000]0x100003cf7000 781.2 kB
W20240124 13:35:00.557953 65308 IPCTensor.h:365] NewIPCTensor: step_r7 [10]0x100003dbc000 80 B 
W20240124 13:35:00.557983 65308 IPCTensor.h:365] NewIPCTensor: circle_buffer_end_r7 [1]0x100003dbe000 8 B 
W20240124 13:35:00.558012 65308 IPCTensor.h:365] NewIPCTensor: circle_buffer_end_cppseen_r7 [1]0x100003dc0000 8 B 
W20240124 13:35:00.761039 65308 IPCTensor.h:365] NewIPCTensor: full_emb [14951, 400]0x100003dc2000 22.81 MB
W20240124 13:35:00.761222 65308 IPCTensor.h:365] NewIPCTensor: full_emb_SparseRowWiseAdaGrad_sum [14951]0x100005494000 58.4 kB
{0: Graph(num_nodes=8499, num_edges=86694,
      ndata_schemes={'_ID': Scheme(shape=(), dtype=torch.int64), 'inner_node': Scheme(shape=(), dtype=torch.int32), 'part_id': Scheme(shape=(), dtype=torch.int64)}
      edata_schemes={'_ID': Scheme(shape=(), dtype=torch.int64), 'inner_edge': Scheme(shape=(), dtype=torch.int8)}), 1: Graph(num_nodes=6140, num_edges=88951,
      ndata_schemes={'_ID': Scheme(shape=(), dtype=torch.int64), 'inner_node': Scheme(shape=(), dtype=torch.int32), 'part_id': Scheme(shape=(), dtype=torch.int64)}
      edata_schemes={'_ID': Scheme(shape=(), dtype=torch.int64), 'inner_edge': Scheme(shape=(), dtype=torch.int8)}), 2: Graph(num_nodes=8646, num_edges=109741,
      ndata_schemes={'_ID': Scheme(shape=(), dtype=torch.int64), 'inner_node': Scheme(shape=(), dtype=torch.int32), 'part_id': Scheme(shape=(), dtype=torch.int64)}
      edata_schemes={'_ID': Scheme(shape=(), dtype=torch.int64), 'inner_edge': Scheme(shape=(), dtype=torch.int8)}), 3: Graph(num_nodes=8503, num_edges=86907,
      ndata_schemes={'_ID': Scheme(shape=(), dtype=torch.int64), 'inner_node': Scheme(shape=(), dtype=torch.int32), 'part_id': Scheme(shape=(), dtype=torch.int64)}
      edata_schemes={'_ID': Scheme(shape=(), dtype=torch.int64), 'inner_edge': Scheme(shape=(), dtype=torch.int8)}), 4: Graph(num_nodes=10597, num_edges=122217,
      ndata_schemes={'_ID': Scheme(shape=(), dtype=torch.int64), 'inner_node': Scheme(shape=(), dtype=torch.int32), 'part_id': Scheme(shape=(), dtype=torch.int64)}
      edata_schemes={'_ID': Scheme(shape=(), dtype=torch.int64), 'inner_edge': Scheme(shape=(), dtype=torch.int8)}), 5: Graph(num_nodes=8255, num_edges=102550,
      ndata_schemes={'_ID': Scheme(shape=(), dtype=torch.int64), 'inner_node': Scheme(shape=(), dtype=torch.int32), 'part_id': Scheme(shape=(), dtype=torch.int64)}
      edata_schemes={'_ID': Scheme(shape=(), dtype=torch.int64), 'inner_edge': Scheme(shape=(), dtype=torch.int8)}), 6: Graph(num_nodes=7422, num_edges=104094,
      ndata_schemes={'_ID': Scheme(shape=(), dtype=torch.int64), 'inner_node': Scheme(shape=(), dtype=torch.int32), 'part_id': Scheme(shape=(), dtype=torch.int64)}
      edata_schemes={'_ID': Scheme(shape=(), dtype=torch.int64), 'inner_edge': Scheme(shape=(), dtype=torch.int8)}), 7: Graph(num_nodes=7815, num_edges=137832,
      ndata_schemes={'_ID': Scheme(shape=(), dtype=torch.int64), 'inner_node': Scheme(shape=(), dtype=torch.int32), 'part_id': Scheme(shape=(), dtype=torch.int64)}
      edata_schemes={'_ID': Scheme(shape=(), dtype=torch.int64), 'inner_edge': Scheme(shape=(), dtype=torch.int8)})}
MertisPartition: part 0 has 8499 N 86694 E
MertisPartition: part 1 has 6140 N 88951 E
MertisPartition: part 2 has 8646 N 109741 E
MertisPartition: part 3 has 8503 N 86907 E
MertisPartition: part 4 has 10597 N 122217 E
MertisPartition: part 5 has 8255 N 102550 E
MertisPartition: part 6 has 7422 N 104094 E
MertisPartition: part 7 has 7815 N 137832 E
Rank0: cached key size 186
Rank1: cached key size 186
Rank2: cached key size 186
Rank3: cached key size 186
Rank4: cached key size 186
Rank5: cached key size 186
Rank6: cached key size 186
Rank7: cached key size 186
Before renumbering graph:  {'_ID': tensor([    0,    15,    36,  ..., 11946,  9147, 13282]), 'inner_node': tensor([1, 1, 1,  ..., 0, 0, 0], dtype=torch.int32), 'part_id': tensor([0, 0, 0,  ..., 6, 3, 7])}
After renumbering graph:  {'_ID': tensor([1503, 1961, 2579,  ..., 8661, 9600, 8348]), 'inner_node': tensor([1, 1, 1,  ..., 0, 0, 0], dtype=torch.int32), 'part_id': tensor([0, 0, 0,  ..., 6, 3, 7])}
part_g: DGLGraph(num_nodes=8499, num_edges=86694,
         ndata_schemes={'_ID': Scheme(shape=(), dtype=torch.int64)}
         edata_schemes={'tid': Scheme(shape=(), dtype=torch.int64)})
part_g: DGLGraph(num_nodes=8499, num_edges=86694,
         ndata_schemes={'_ID': Scheme(shape=(), dtype=torch.int64)}
         edata_schemes={'tid': Scheme(shape=(), dtype=torch.int64)})
Total initialize time 3.537 seconds
[Rank1] pid = 766
[Rank2] pid = 851
[Rank3] pid = 916
[Rank4] pid = 980
[Rank5] pid = 1048
[Rank6] pid = 1049
INFO [65308 distributed_c10d.py:442] Added key: store_based_barrier_key:1 to store for rank: 0
INFO [766 distributed_c10d.py:442] Added key: store_based_barrier_key:1 to store for rank: 1
INFO [851 distributed_c10d.py:442] Added key: store_based_barrier_key:1 to store for rank: 2
INFO [916 distributed_c10d.py:442] Added key: store_based_barrier_key:1 to store for rank: 3
INFO [1049 distributed_c10d.py:442] Added key: store_based_barrier_key:1 to store for rank: 6
INFO [980 distributed_c10d.py:442] Added key: store_based_barrier_key:1 to store for rank: 4
INFO [1048 distributed_c10d.py:442] Added key: store_based_barrier_key:1 to store for rank: 5
INFO [1196 distributed_c10d.py:442] Added key: store_based_barrier_key:1 to store for rank: 7
INFO [1196 distributed_c10d.py:476] Rank 7: Completed store-based barrier for key:store_based_barrier_key:1 with 8 nodes.
INFO [1048 distributed_c10d.py:476] Rank 5: Completed store-based barrier for key:store_based_barrier_key:1 with 8 nodes.
INFO [916 distributed_c10d.py:476] Rank 3: Completed store-based barrier for key:store_based_barrier_key:1 with 8 nodes.
INFO [1049 distributed_c10d.py:476] Rank 6: Completed store-based barrier for key:store_based_barrier_key:1 with 8 nodes.
INFO [980 distributed_c10d.py:476] Rank 4: Completed store-based barrier for key:store_based_barrier_key:1 with 8 nodes.
INFO [851 distributed_c10d.py:476] Rank 2: Completed store-based barrier for key:store_based_barrier_key:1 with 8 nodes.
INFO [766 distributed_c10d.py:476] Rank 1: Completed store-based barrier for key:store_based_barrier_key:1 with 8 nodes.
INFO [65308 distributed_c10d.py:476] Rank 0: Completed store-based barrier for key:store_based_barrier_key:1 with 8 nodes.
W20240124 13:35:04.405474  1197 IPCTensor.h:405] NewIPCGPUTensor: embedding_cache_0 [1495, 400]; dev=0; size=2.281 MB
W20240124 13:35:04.405766  1050 IPCTensor.h:405] NewIPCGPUTensor: embedding_cache_5 [1495, 400]; dev=5; size=2.281 MB
W20240124 13:35:04.405906   852 IPCTensor.h:405] NewIPCGPUTensor: embedding_cache_2 [1495, 400]; dev=2; size=2.281 MB
W20240124 13:35:04.405916  1273 IPCTensor.h:405] NewIPCGPUTensor: embedding_cache_7 [1495, 400]; dev=7; size=2.281 MB
W20240124 13:35:04.405957   981 IPCTensor.h:405] NewIPCGPUTensor: embedding_cache_4 [1495, 400]; dev=4; size=2.281 MB
W20240124 13:35:04.406112  1051 IPCTensor.h:405] NewIPCGPUTensor: embedding_cache_6 [1495, 400]; dev=6; size=2.281 MB
W20240124 13:35:04.406236   917 IPCTensor.h:405] NewIPCGPUTensor: embedding_cache_3 [1495, 400]; dev=3; size=2.281 MB
W20240124 13:35:04.406275   767 IPCTensor.h:405] NewIPCGPUTensor: embedding_cache_1 [1495, 400]; dev=1; size=2.281 MB
W20240124 13:35:04.444967  1051 IPCTensor.h:365] NewIPCTensor: input_keys_6 [100000]0x100005573000 781.2 kB
W20240124 13:35:04.444964  1050 IPCTensor.h:365] NewIPCTensor: input_keys_5 [100000]0x1000054ae000 781.2 kB
W20240124 13:35:04.444996   767 IPCTensor.h:365] NewIPCTensor: input_keys_1 [100000]0x100005638000 781.2 kB
W20240124 13:35:04.445133   852 IPCTensor.h:365] NewIPCTensor: input_keys_2 [100000]0x100005703000 781.2 kB
W20240124 13:35:04.445137   981 IPCTensor.h:365] NewIPCTensor: input_keys_4 [100000]0x1000057c8000 781.2 kB
W20240124 13:35:04.445168  1197 IPCTensor.h:365] NewIPCTensor: input_keys_0 [100000]0x10000588d000 781.2 kB
W20240124 13:35:04.445211  1050 IPCTensor.h:365] NewIPCTensor: input_keys_neg_5 [100000]0x100005952000 781.2 kB
W20240124 13:35:04.445216  1051 IPCTensor.h:365] NewIPCTensor: input_keys_neg_6 [100000]0x100005a17000 781.2 kB
W20240124 13:35:04.445230   767 IPCTensor.h:365] NewIPCTensor: input_keys_neg_1 [100000]0x100005adc000 781.2 kB
W20240124 13:35:04.445274  1050 IPCTensor.h:365] NewIPCTensor: backward_grads_5 [100000, 400]0x100005ba1000 152.6 MB
W20240124 13:35:04.445302  1051 IPCTensor.h:365] NewIPCTensor: backward_grads_6 [100000, 400]0x10000f5c3000 152.6 MB
W20240124 13:35:04.445297  1273 IPCTensor.h:365] NewIPCTensor: input_keys_7 [100000]0x10000f439000 781.2 kB
W20240124 13:35:04.445318  1197 IPCTensor.h:365] NewIPCTensor: input_keys_neg_0 [100000]0x1000226f3000 781.2 kB
W20240124 13:35:04.445298   917 IPCTensor.h:365] NewIPCTensor: input_keys_3 [100000]0x10000f4fe000 781.2 kB
W20240124 13:35:04.445315   767 IPCTensor.h:365] NewIPCTensor: backward_grads_1 [100000, 400]0x100018e5b000 152.6 MB
W20240124 13:35:04.445335  1050 IPCTensor.h:365] NewIPCTensor: backward_grads_neg_5 [100000, 400]0x1000227b8000 152.6 MB
W20240124 13:35:04.445360   981 IPCTensor.h:365] NewIPCTensor: input_keys_neg_4 [100000]0x10002c050000 781.2 kB
W20240124 13:35:04.445375  1051 IPCTensor.h:365] NewIPCTensor: backward_grads_neg_6 [100000, 400]0x10002c115000 152.6 MB
W20240124 13:35:04.445382   852 IPCTensor.h:365] NewIPCTensor: input_keys_neg_2 [100000]0x1000359ad000 781.2 kB
W20240124 13:35:04.445389  1197 IPCTensor.h:365] NewIPCTensor: backward_grads_0 [100000, 400]0x100035a72000 152.6 MB
W20240124 13:35:04.445400  1050 IPCTensor.h:405] NewIPCGPUTensor: backward_grads_5_gpu [100000, 400]; dev=5; size=152.6 MB
W20240124 13:35:04.445418   767 IPCTensor.h:365] NewIPCTensor: backward_grads_neg_1 [100000, 400]0x10003f30a000 152.6 MB
W20240124 13:35:04.445444  1051 IPCTensor.h:405] NewIPCGPUTensor: backward_grads_6_gpu [100000, 400]; dev=6; size=152.6 MB
W20240124 13:35:04.445446   981 IPCTensor.h:365] NewIPCTensor: backward_grads_4 [100000, 400]0x100048ba2000 152.6 MB
W20240124 13:35:04.445449  1197 IPCTensor.h:365] NewIPCTensor: backward_grads_neg_0 [100000, 400]0x10005243a000 152.6 MB
W20240124 13:35:04.445475   767 IPCTensor.h:405] NewIPCGPUTensor: backward_grads_1_gpu [100000, 400]; dev=1; size=152.6 MB
W20240124 13:35:04.445497  1197 IPCTensor.h:405] NewIPCGPUTensor: backward_grads_0_gpu [100000, 400]; dev=0; size=152.6 MB
W20240124 13:35:04.445498   981 IPCTensor.h:365] NewIPCTensor: backward_grads_neg_4 [100000, 400]0x10005bcd2000 152.6 MB
W20240124 13:35:04.445508   852 IPCTensor.h:365] NewIPCTensor: backward_grads_2 [100000, 400]0x10006556a000 152.6 MB
W20240124 13:35:04.445546   981 IPCTensor.h:405] NewIPCGPUTensor: backward_grads_4_gpu [100000, 400]; dev=4; size=152.6 MB
W20240124 13:35:04.445566  1273 IPCTensor.h:365] NewIPCTensor: input_keys_neg_7 [100000]0x10006eec7000 781.2 kB
W20240124 13:35:04.445562   917 IPCTensor.h:365] NewIPCTensor: input_keys_neg_3 [100000]0x10006ee02000 781.2 kB
W20240124 13:35:04.445600   852 IPCTensor.h:365] NewIPCTensor: backward_grads_neg_2 [100000, 400]0x10006ef8c000 152.6 MB
W20240124 13:35:04.445643   852 IPCTensor.h:405] NewIPCGPUTensor: backward_grads_2_gpu [100000, 400]; dev=2; size=152.6 MB
W20240124 13:35:04.445654  1273 IPCTensor.h:365] NewIPCTensor: backward_grads_7 [100000, 400]0x100078824000 152.6 MB
W20240124 13:35:04.445662   917 IPCTensor.h:365] NewIPCTensor: backward_grads_3 [100000, 400]0x1000820bc000 152.6 MB
W20240124 13:35:04.445722  1273 IPCTensor.h:365] NewIPCTensor: backward_grads_neg_7 [100000, 400]0x10008b954000 152.6 MB
W20240124 13:35:04.445741   917 IPCTensor.h:365] NewIPCTensor: backward_grads_neg_3 [100000, 400]0x1000951ec000 152.6 MB
W20240124 13:35:04.445777  1273 IPCTensor.h:405] NewIPCGPUTensor: backward_grads_7_gpu [100000, 400]; dev=7; size=152.6 MB
W20240124 13:35:04.445791   917 IPCTensor.h:405] NewIPCGPUTensor: backward_grads_3_gpu [100000, 400]; dev=3; size=152.6 MB
W20240124 13:35:04.448212  1050 IPCTensor.h:405] NewIPCGPUTensor: backward_grads_neg_5_gpu [100000, 400]; dev=5; size=152.6 MB
W20240124 13:35:04.448369  1197 IPCTensor.h:405] NewIPCGPUTensor: backward_grads_neg_0_gpu [100000, 400]; dev=0; size=152.6 MB
W20240124 13:35:04.448415   852 IPCTensor.h:405] NewIPCGPUTensor: backward_grads_neg_2_gpu [100000, 400]; dev=2; size=152.6 MB
W20240124 13:35:04.448427   917 IPCTensor.h:405] NewIPCGPUTensor: backward_grads_neg_3_gpu [100000, 400]; dev=3; size=152.6 MB
W20240124 13:35:04.448444   981 IPCTensor.h:405] NewIPCGPUTensor: backward_grads_neg_4_gpu [100000, 400]; dev=4; size=152.6 MB
W20240124 13:35:04.448443  1051 IPCTensor.h:405] NewIPCGPUTensor: backward_grads_neg_6_gpu [100000, 400]; dev=6; size=152.6 MB
W20240124 13:35:04.448449   767 IPCTensor.h:405] NewIPCGPUTensor: backward_grads_neg_1_gpu [100000, 400]; dev=1; size=152.6 MB
W20240124 13:35:04.448585  1273 IPCTensor.h:405] NewIPCGPUTensor: backward_grads_neg_7_gpu [100000, 400]; dev=7; size=152.6 MB
cudaHostRegister 0x100003dc2000
3: KnownLocalCachedEmbedding init done
WARNING [916 DistTensor.py:56] The tensor name already exists in the kvstore
cudaHostRegister 0x100003dc2000
7: KnownLocalCachedEmbedding init done
WARNING [1196 DistTensor.py:56] The tensor name already exists in the kvstore
cudaHostRegister 0x100003dc2000
2: KnownLocalCachedEmbedding init done
WARNING [851 DistTensor.py:56] The tensor name already exists in the kvstore
cudaHostRegister 0x100003dc2000
1: KnownLocalCachedEmbedding init done
WARNING [766 DistTensor.py:56] The tensor name already exists in the kvstore
cudaHostRegister 0x100003dc2000
5: KnownLocalCachedEmbedding init done
cudaHostRegister 0x100003dc2000
4: KnownLocalCachedEmbedding init done
WARNING [1048 DistTensor.py:56] The tensor name already exists in the kvstore
WARNING [980 DistTensor.py:56] The tensor name already exists in the kvstore
cudaHostRegister 0x100003dc2000
6: KnownLocalCachedEmbedding init done
WARNING [1049 DistTensor.py:56] The tensor name already exists in the kvstore
[Rank7] pid = 1196
New CachedEmbedding, name=full_emb, shape=(14951, 400), cache_type=KnownLocalCachedEmbedding
fixed cache_range is [(0, 1495), (1495, 2990), (2990, 4485), (4485, 5980), (5980, 7475), (7475, 8970), (8970, 10465), (10465, 11960)]
cudaHostRegister 0x100003dc2000
0: KnownLocalCachedEmbedding init done
WARNING [65308 DistTensor.py:56] The tensor name already exists in the kvstore
I20240124 13:35:04.640653  1197 IPC_barrier.h:118] CreateBarrier: new barrier, name: kgcachecontroller, count: 8
I20240124 13:35:04.640689   917 IPC_barrier.h:112] CreateBarrier: find existing barrier, name: kgcachecontroller, count: 8
I20240124 13:35:04.640722  1051 IPC_barrier.h:112] CreateBarrier: find existing barrier, name: kgcachecontroller, count: 8
I20240124 13:35:04.640748   767 IPC_barrier.h:112] CreateBarrier: find existing barrier, name: kgcachecontroller, count: 8
I20240124 13:35:04.640784  1273 IPC_barrier.h:112] CreateBarrier: find existing barrier, name: kgcachecontroller, count: 8
I20240124 13:35:04.640839   981 IPC_barrier.h:112] CreateBarrier: find existing barrier, name: kgcachecontroller, count: 8
I20240124 13:35:04.640873   852 IPC_barrier.h:112] CreateBarrier: find existing barrier, name: kgcachecontroller, count: 8
I20240124 13:35:04.640902  1050 IPC_barrier.h:112] CreateBarrier: find existing barrier, name: kgcachecontroller, count: 8
W20240124 13:35:04.642073  1197 grad_base.h:55] KGCacheController, config={
        "num_gpus": 8,
        "L": 10,
        "backgrad_init": "both", 
        "kForwardItersPerStep": 2,
        "clr": 1,
        "nr_background_threads": 32,
        "backwardMode": "CppAsyncV2",
        "cache_ratio": 0.1
        }
W20240124 13:35:04.642164  1197 grad_base.h:172] Init GradProcessingBase done
I20240124 13:35:04.645705  1197 grad_async_v2.h:32] Use background thread to update emb. nr_background_threads=32
W20240124 13:35:04.645820  1197 kg_controller.h:78] after init GradAsyncProcessingV2
I20240124 13:35:04.645826  1197 kg_controller.h:84] Construct KGCacheController done
I20240124 13:35:05.347573  1197 grad_base.h:60] GraphEnv RegTensorsPerProcess
W20240124 13:35:06.536037  1982 grad_async_v2.h:120] Detect new sample comes, old_end0, new_end1
E20240124 13:35:06.536684  1982 parallel_pq_v2.h:76] insert failed, size(hashtable)=1
I20240124 13:35:06.564359   767 IPC_barrier.h:118] CreateBarrier: new barrier, name: start_barrier, count: 8
I20240124 13:35:06.564481   852 IPC_barrier.h:112] CreateBarrier: find existing barrier, name: start_barrier, count: 8
I20240124 13:35:06.564540  1051 IPC_barrier.h:112] CreateBarrier: find existing barrier, name: start_barrier, count: 8
I20240124 13:35:06.564767   917 IPC_barrier.h:112] CreateBarrier: find existing barrier, name: start_barrier, count: 8
I20240124 13:35:06.565115  1050 IPC_barrier.h:112] CreateBarrier: find existing barrier, name: start_barrier, count: 8
I20240124 13:35:06.565820  1273 IPC_barrier.h:112] CreateBarrier: find existing barrier, name: start_barrier, count: 8
I20240124 13:35:06.576468   981 IPC_barrier.h:112] CreateBarrier: find existing barrier, name: start_barrier, count: 8
I20240124 13:35:06.580214  1197 IPC_barrier.h:112] CreateBarrier: find existing barrier, name: start_barrier, count: 8
E20240124 13:35:08.734253  1197 parallel_pq_v2.h:76] insert failed, size(hashtable)=2
W20240124 13:35:08.757827  1982 grad_async_v2.h:120] Detect new sample comes, old_end1, new_end2
W20240124 13:35:09.331964  1197 grad_async_v2.h:249] Sleep in <BlockToStepN>, step_no=10, pq.top=10
+---------------------------+---------------------------+---------------------------+
| Name                      | P50                       | P99                       |
+---------------------------+---------------------------+---------------------------+
| GenInput                  | 2.856 ms                  | 27.332 ms                 |
| Forward                   | 6.214 ms                  | 463.084 ms                |
| Backward                  | 5.784 ms                  | 299.126 ms                |
| Optimize                  | 1.826 ms                  | 39.209 ms                 |
| BarrierTimeBeforeRank0    | 181.124 us                | 205.057 ms                |
| AfterBackward             | 38.102 ms                 | 1.164 s                   |
| BlockToStepN              | 67.756 us                 | 77.137 ms                 |
| OneStep                   | 66.031 ms                 | 2.176 s                   |
+---------------------------+---------------------------+---------------------------+
E20240124 13:35:09.734261  1981 parallel_pq_v2.h:76] insert failed, size(hashtable)=8074
W20240124 13:35:09.776449  1982 grad_async_v2.h:120] Detect new sample comes, old_end3, new_end5
+---------------------------+---------------------------+---------------------------+
| Name                      | P50                       | P99                       |
+---------------------------+---------------------------+---------------------------+
| ProcessBack:Shuffle       | 9.058 ms                  | 280.039 ms                |
| ProcessBack:UpdateCache   | 11.865 ms                 | 856.791 ms                |
| ProcessBack:UpsertPq      | 17.769 ms                 | 24.833 ms                 |
| ProcessOneStep            | 42.431 ms                 | 1.163 s                   |
| BlockToStepN              | 113.045 us                | 76.971 ms                 |
+---------------------------+---------------------------+---------------------------+
W20240124 13:35:10.361979  1197 grad_async_v2.h:249] Sleep in <BlockToStepN>, step_no=24, pq.top=24
E20240124 13:35:10.734009  1981 parallel_pq_v2.h:76] insert failed, size(hashtable)=5266
W20240124 13:35:10.786773  1982 grad_async_v2.h:120] Detect new sample comes, old_end5, new_end8
W20240124 13:35:11.405505  1197 grad_async_v2.h:249] Sleep in <BlockToStepN>, step_no=37, pq.top=37
E20240124 13:35:11.734020  1981 parallel_pq_v2.h:76] insert failed, size(hashtable)=5199
W20240124 13:35:11.795233  1982 grad_async_v2.h:120] Detect new sample comes, old_end2, new_end3
W20240124 13:35:12.428225  1197 grad_async_v2.h:249] Sleep in <BlockToStepN>, step_no=51, pq.top=51
E20240124 13:35:12.734010  1197 parallel_pq_v2.h:76] insert failed, size(hashtable)=1122
W20240124 13:35:12.803472  1982 grad_async_v2.h:120] Detect new sample comes, old_end5, new_end6
W20240124 13:35:13.461287  1197 grad_async_v2.h:249] Sleep in <BlockToStepN>, step_no=64, pq.top=64
E20240124 13:35:13.734005  1981 parallel_pq_v2.h:76] insert failed, size(hashtable)=6128
W20240124 13:35:13.804441  1982 grad_async_v2.h:120] Detect new sample comes, old_end8, new_end9
W20240124 13:35:14.461117  1197 grad_async_v2.h:249] Sleep in <BlockToStepN>, step_no=76, pq.top=76
+---------------------------+---------------------------+---------------------------+
| Name                      | P50                       | P99                       |
+---------------------------+---------------------------+---------------------------+
| GenInput                  | 1.387 ms                  | 20.273 ms                 |
| Forward                   | 4.886 ms                  | 14.544 ms                 |
| Backward                  | 5.643 ms                  | 8.318 ms                  |
| Optimize                  | 1.910 ms                  | 8.047 ms                  |
| BarrierTimeBeforeRank0    | 489.686 us                | 9.817 ms                  |
| AfterBackward             | 42.313 ms                 | 49.197 ms                 |
| BlockToStepN              | 14.097 ms                 | 62.779 ms                 |
| OneStep                   | 75.637 ms                 | 139.505 ms                |
+---------------------------+---------------------------+---------------------------+
E20240124 13:35:14.734009  1981 parallel_pq_v2.h:76] insert failed, size(hashtable)=5568
W20240124 13:35:14.811359  1982 grad_async_v2.h:120] Detect new sample comes, old_end0, new_end1
+---------------------------+---------------------------+---------------------------+
| Name                      | P50                       | P99                       |
+---------------------------+---------------------------+---------------------------+
| ProcessBack:Shuffle       | 8.879 ms                  | 10.393 ms                 |
| ProcessBack:UpdateCache   | 11.840 ms                 | 15.430 ms                 |
| ProcessBack:UpsertPq      | 20.493 ms                 | 24.164 ms                 |
| ProcessOneStep            | 42.113 ms                 | 49.086 ms                 |
| BlockToStepN              | 15.262 ms                 | 62.661 ms                 |
+---------------------------+---------------------------+---------------------------+
W20240124 13:35:15.496206  1197 grad_async_v2.h:249] Sleep in <BlockToStepN>, step_no=88, pq.top=88
E20240124 13:35:15.735106  1981 parallel_pq_v2.h:76] insert failed, size(hashtable)=3022
W20240124 13:35:15.835747  1982 grad_async_v2.h:120] Detect new sample comes, old_end2, new_end3
W20240124 13:35:16.531394  1197 grad_async_v2.h:249] Sleep in <BlockToStepN>, step_no=100, pq.top=100
train_sampler.Prefill()
before start barrier
start train
[proc 7] 100 steps, total: 9.988, sample: 0.355, forward: 1.103, backward: 0.750, update: 0.221
train_sampler.Prefill()
before start barrier
start train
[proc 4] 100 steps, total: 9.977, sample: 0.355, forward: 1.134, backward: 0.794, update: 0.228
train_sampler.Prefill()
before start barrier
start train
[proc 1] 100 steps, total: 9.990, sample: 0.307, forward: 1.014, backward: 0.810, update: 0.215
train_sampler.Prefill()
before start barrier
start train
[proc 5] 100 steps, total: 9.989, sample: 0.284, forward: 0.930, backward: 0.734, update: 0.208
train_sampler.Prefill()
before start barrier
start train
[proc 3] 100 steps, total: 9.989, sample: 0.344, forward: 0.992, backward: 0.702, update: 0.224
train_sampler.Prefill()
before start barrier
start train
[proc 2] 100 steps, total: 9.989, sample: 0.334, forward: 1.014, backward: 0.759, update: 0.235
train_sampler.Prefill()
before start barrier
start train
[proc 6] 100 steps, total: 9.989, sample: 0.348, forward: 0.991, backward: 0.664, update: 0.202
train_sampler.Prefill()
-------Step 0-------
tensor([  108,   174,  3788,    98, 11328, 14348,  1877,  6987, 13287, 12175]) tensor([ 2579,  8892,  5841, 11709,    67,  1746,  1294,  5406,  1068, 11823])
-------Step 1-------
tensor([  108,   174,  3788,    98, 11328, 14348,  1877,  6987, 13287, 12175]) tensor([  952,   247, 14667,  2188,  1817,  8220, 13597, 10304,  5438, 12043])
-------Step 2-------
tensor([ 7160, 11374,  5938,  4441,   105,  8796, 11078,  5490, 12219,  1617]) tensor([ 4835,  5542,  4080,  8137,   363,  8756, 14594,  9739, 12805, 10139])
-------Step 3-------
tensor([ 7160, 11374,  5938,  4441,   105,  8796, 11078,  5490, 12219,  1617]) tensor([ 8199,  6452,  8665, 12483,  7504,  1384,   560,  2774, 12923,  2879])
-------Step 4-------
tensor([  174, 14262,  9881,  5571,  7217,  3998,   106,  7828,    35,  1722]) tensor([1229, 1861,  561, 3416, 3446, 3319, 6987, 7163, 5599, 2567])
-------Step 5-------
tensor([  174, 14262,  9881,  5571,  7217,  3998,   106,  7828,    35,  1722]) tensor([10479,  5467,   553,  2455,  3868,  1568,  1550,  2154,  6750,  8253])
-------Step 6-------
tensor([ 2418,  8049,   129,    55,  9862,  3641,  8711, 12232, 13888,    73]) tensor([11374,  3580,  8105,  4414, 10413,  9684,  4735,  7695,  9859, 11239])
-------Step 7-------
tensor([ 2418,  8049,   129,    55,  9862,  3641,  8711, 12232, 13888,    73]) tensor([13328,   800,  4594,  6363,  2041,  1457,  7688,  4865,  8752,  1438])
-------Step 8-------
tensor([ 3849,  7040,  5617, 12999,    53,    15,  8877, 11597,    22,  2804]) tensor([ 6522,  6262,  4495,  8071,  3854, 14373,  9927,  2123, 11438,  3967])
-------Step 9-------
tensor([ 3849,  7040,  5617, 12999,    53,    15,  8877, 11597,    22,  2804]) tensor([11460,  4199, 12107,  8564, 14799,   777, 13063, 10304,  1434, 13591])
before start barrier
start train
[proc 0] 100 steps, total: 9.974, sample: 0.398, forward: 0.978, backward: 0.812, update: 0.237
E20240124 13:35:16.735010  1981 parallel_pq_v2.h:76] insert failed, size(hashtable)=3747
W20240124 13:35:16.840632  1982 grad_async_v2.h:120] Detect new sample comes, old_end3, new_end4
W20240124 13:35:17.531037  1197 grad_async_v2.h:249] Sleep in <BlockToStepN>, step_no=111, pq.top=111
E20240124 13:35:17.735008  1981 parallel_pq_v2.h:76] insert failed, size(hashtable)=5333
W20240124 13:35:17.842561  1982 grad_async_v2.h:120] Detect new sample comes, old_end4, new_end5
W20240124 13:35:18.531044  1197 grad_async_v2.h:249] Sleep in <BlockToStepN>, step_no=122, pq.top=122
E20240124 13:35:18.735023  1981 parallel_pq_v2.h:76] insert failed, size(hashtable)=8024
W20240124 13:35:18.846733  1982 grad_async_v2.h:120] Detect new sample comes, old_end5, new_end6
W20240124 13:35:19.580415  1197 grad_async_v2.h:249] Sleep in <BlockToStepN>, step_no=134, pq.top=134
+---------------------------+---------------------------+---------------------------+
| Name                      | P50                       | P99                       |
+---------------------------+---------------------------+---------------------------+
| GenInput                  | 1.431 ms                  | 24.662 ms                 |
| Forward                   | 4.870 ms                  | 14.544 ms                 |
| Backward                  | 5.293 ms                  | 8.318 ms                  |
| Optimize                  | 1.934 ms                  | 8.047 ms                  |
| BarrierTimeBeforeRank0    | 586.591 us                | 9.817 ms                  |
| AfterBackward             | 42.170 ms                 | 62.900 ms                 |
| BlockToStepN              | 19.312 ms                 | 62.779 ms                 |
| OneStep                   | 81.643 ms                 | 139.505 ms                |
+---------------------------+---------------------------+---------------------------+
E20240124 13:35:19.735006  1981 parallel_pq_v2.h:76] insert failed, size(hashtable)=7866
W20240124 13:35:19.898880  1982 grad_async_v2.h:120] Detect new sample comes, old_end7, new_end8
+---------------------------+---------------------------+---------------------------+
| Name                      | P50                       | P99                       |
+---------------------------+---------------------------+---------------------------+
| ProcessBack:Shuffle       | 8.825 ms                  | 10.698 ms                 |
| ProcessBack:UpdateCache   | 11.564 ms                 | 16.244 ms                 |
| ProcessBack:UpsertPq      | 20.436 ms                 | 37.077 ms                 |
| ProcessOneStep            | 42.010 ms                 | 62.868 ms                 |
| BlockToStepN              | 18.254 ms                 | 62.661 ms                 |
+---------------------------+---------------------------+---------------------------+
W20240124 13:35:20.589972  1197 grad_async_v2.h:249] Sleep in <BlockToStepN>, step_no=148, pq.top=148
E20240124 13:35:20.735322  1981 parallel_pq_v2.h:76] insert failed, size(hashtable)=4445
W20240124 13:35:20.933329  1982 grad_async_v2.h:120] Detect new sample comes, old_end8, new_end3
W20240124 13:35:21.660385  1197 grad_async_v2.h:249] Sleep in <BlockToStepN>, step_no=161, pq.top=161
E20240124 13:35:21.735011  1981 parallel_pq_v2.h:76] insert failed, size(hashtable)=5597
W20240124 13:35:21.959154  1982 grad_async_v2.h:120] Detect new sample comes, old_end3, new_end4
W20240124 13:35:22.685662  1197 grad_async_v2.h:249] Sleep in <BlockToStepN>, step_no=170, pq.top=170
E20240124 13:35:22.735008  1981 parallel_pq_v2.h:76] insert failed, size(hashtable)=6840
W20240124 13:35:23.003158  1982 grad_async_v2.h:120] Detect new sample comes, old_end3, new_end4
W20240124 13:35:23.720958  1197 grad_async_v2.h:249] Sleep in <BlockToStepN>, step_no=181, pq.top=181
E20240124 13:35:23.735020  1981 parallel_pq_v2.h:76] insert failed, size(hashtable)=2475
W20240124 13:35:24.052947  1982 grad_async_v2.h:120] Detect new sample comes, old_end4, new_end5
+---------------------------+---------------------------+---------------------------+
| Name                      | P50                       | P99                       |
+---------------------------+---------------------------+---------------------------+
| GenInput                  | 1.467 ms                  | 24.592 ms                 |
| Forward                   | 4.817 ms                  | 11.728 ms                 |
| Backward                  | 4.915 ms                  | 7.569 ms                  |
| Optimize                  | 1.875 ms                  | 3.463 ms                  |
| BarrierTimeBeforeRank0    | 856.914 us                | 24.337 ms                 |
| AfterBackward             | 41.603 ms                 | 66.370 ms                 |
| BlockToStepN              | 19.743 ms                 | 67.481 ms                 |
| OneStep                   | 82.791 ms                 | 139.505 ms                |
+---------------------------+---------------------------+---------------------------+
W20240124 13:35:24.720304  1197 grad_async_v2.h:249] Sleep in <BlockToStepN>, step_no=191, pq.top=191
E20240124 13:35:24.739051  1981 parallel_pq_v2.h:76] insert failed, size(hashtable)=3297
W20240124 13:35:25.052059  1982 grad_async_v2.h:120] Detect new sample comes, old_end4, new_end5
+---------------------------+---------------------------+---------------------------+
| Name                      | P50                       | P99                       |
+---------------------------+---------------------------+---------------------------+
| ProcessBack:Shuffle       | 8.705 ms                  | 10.698 ms                 |
| ProcessBack:UpdateCache   | 11.314 ms                 | 15.430 ms                 |
| ProcessBack:UpsertPq      | 20.130 ms                 | 40.067 ms                 |
| ProcessOneStep            | 41.436 ms                 | 66.329 ms                 |
| BlockToStepN              | 20.584 ms                 | 67.403 ms                 |
+---------------------------+---------------------------+---------------------------+
[proc 6] 200 steps, total: 9.014, sample: 0.316, forward: 0.425, backward: 0.496, update: 0.155
[proc 4] 200 steps, total: 9.014, sample: 0.397, forward: 0.466, backward: 0.455, update: 0.193
[proc 2] 200 steps, total: 9.014, sample: 0.341, forward: 0.462, backward: 0.447, update: 0.181
[proc 1] 200 steps, total: 9.014, sample: 0.300, forward: 0.428, backward: 0.460, update: 0.167
[proc 3] 200 steps, total: 9.014, sample: 0.376, forward: 0.422, backward: 0.441, update: 0.166
[proc 7] 200 steps, total: 9.014, sample: 0.347, forward: 0.440, backward: 0.451, update: 0.166
[proc 5] 200 steps, total: 9.014, sample: 0.354, forward: 0.447, backward: 0.489, update: 0.176
[proc 0] 200 steps, total: 9.014, sample: 0.440, forward: 0.490, backward: 0.488, update: 0.181
W20240124 13:35:25.720041  1197 grad_async_v2.h:249] Sleep in <BlockToStepN>, step_no=202, pq.top=202
E20240124 13:35:25.739024  1981 parallel_pq_v2.h:76] insert failed, size(hashtable)=3409
W20240124 13:35:26.054503  1982 grad_async_v2.h:120] Detect new sample comes, old_end5, new_end6
W20240124 13:35:26.720247  1197 grad_async_v2.h:249] Sleep in <BlockToStepN>, step_no=213, pq.top=213
E20240124 13:35:26.739008  1981 parallel_pq_v2.h:76] insert failed, size(hashtable)=3029
W20240124 13:35:27.057404  1982 grad_async_v2.h:120] Detect new sample comes, old_end6, new_end7
W20240124 13:35:27.720038  1197 grad_async_v2.h:249] Sleep in <BlockToStepN>, step_no=224, pq.top=224
E20240124 13:35:27.739005  1981 parallel_pq_v2.h:76] insert failed, size(hashtable)=5467
W20240124 13:35:28.064455  1982 grad_async_v2.h:120] Detect new sample comes, old_end7, new_end8
E20240124 13:35:28.739009  1197 parallel_pq_v2.h:76] insert failed, size(hashtable)=1575
W20240124 13:35:28.744233  1197 grad_async_v2.h:249] Sleep in <BlockToStepN>, step_no=235, pq.top=235
W20240124 13:35:29.069269  1982 grad_async_v2.h:120] Detect new sample comes, old_end8, new_end9
+---------------------------+---------------------------+---------------------------+
| Name                      | P50                       | P99                       |
+---------------------------+---------------------------+---------------------------+
| GenInput                  | 1.496 ms                  | 24.592 ms                 |
| Forward                   | 4.870 ms                  | 11.728 ms                 |
| Backward                  | 4.915 ms                  | 8.318 ms                  |
| Optimize                  | 1.864 ms                  | 3.463 ms                  |
| BarrierTimeBeforeRank0    | 1.253 ms                  | 24.337 ms                 |
| AfterBackward             | 40.898 ms                 | 66.370 ms                 |
| BlockToStepN              | 22.247 ms                 | 67.481 ms                 |
| OneStep                   | 84.907 ms                 | 139.505 ms                |
+---------------------------+---------------------------+---------------------------+
E20240124 13:35:29.739032  1981 parallel_pq_v2.h:76] insert failed, size(hashtable)=3225
W20240124 13:35:29.744043  1197 grad_async_v2.h:249] Sleep in <BlockToStepN>, step_no=246, pq.top=246
W20240124 13:35:30.070609  1982 grad_async_v2.h:120] Detect new sample comes, old_end9, new_end0
+---------------------------+---------------------------+---------------------------+
| Name                      | P50                       | P99                       |
+---------------------------+---------------------------+---------------------------+
| ProcessBack:Shuffle       | 8.633 ms                  | 10.698 ms                 |
| ProcessBack:UpdateCache   | 11.206 ms                 | 15.081 ms                 |
| ProcessBack:UpsertPq      | 19.889 ms                 | 39.068 ms                 |
| ProcessOneStep            | 40.862 ms                 | 64.598 ms                 |
| BlockToStepN              | 22.159 ms                 | 66.629 ms                 |
+---------------------------+---------------------------+---------------------------+
