WARNING: Logging before InitGoogleLogging() is written to STDERR
I20240129 04:27:20.352483 12374 IPC_barrier.h:128] MultiProcessBarrierFactory->ClearIPCMemory()
W20240129 04:27:20.362373 12374 IPCTensor.h:369] NewIPCTensor: full_emb [9449206, 32]0x100000002000 1.126 GB
/data/home/xieminhui/RecStore/src/framework_adapters/torch/python/perf_rec_model.py:151: DeprecationWarning: The 'warn' function is deprecated, use 'warning' instead
  XLOG.warn("After init DistEmbedding")
WARNING [12374 perf_rec_model.py:151] After init DistEmbedding
========== Running Perf with routine <function routine_local_cache_helper at 0x7fb24b1598a0>==========
Worker 1 pid=12624
Worker 2 pid=12625
Worker 3 pid=12626
Worker 4 pid=12627
Worker 5 pid=12628
Worker 6 pid=12629
INFO [12374 distributed_c10d.py:442] Added key: store_based_barrier_key:1 to store for rank: 0
INFO [12624 distributed_c10d.py:442] Added key: store_based_barrier_key:1 to store for rank: 1
INFO [12625 distributed_c10d.py:442] Added key: store_based_barrier_key:1 to store for rank: 2
INFO [12626 distributed_c10d.py:442] Added key: store_based_barrier_key:1 to store for rank: 3
INFO [12627 distributed_c10d.py:442] Added key: store_based_barrier_key:1 to store for rank: 4
INFO [12628 distributed_c10d.py:442] Added key: store_based_barrier_key:1 to store for rank: 5
INFO [12627 distributed_c10d.py:476] Rank 4: Completed store-based barrier for key:store_based_barrier_key:1 with 8 nodes.
INFO [12629 distributed_c10d.py:442] Added key: store_based_barrier_key:1 to store for rank: 6
INFO [12630 distributed_c10d.py:442] Added key: store_based_barrier_key:1 to store for rank: 7
INFO [12624 distributed_c10d.py:476] Rank 1: Completed store-based barrier for key:store_based_barrier_key:1 with 8 nodes.
INFO [12628 distributed_c10d.py:476] Rank 5: Completed store-based barrier for key:store_based_barrier_key:1 with 8 nodes.
INFO [12625 distributed_c10d.py:476] Rank 2: Completed store-based barrier for key:store_based_barrier_key:1 with 8 nodes.
INFO [12626 distributed_c10d.py:476] Rank 3: Completed store-based barrier for key:store_based_barrier_key:1 with 8 nodes.
INFO [12374 distributed_c10d.py:476] Rank 0: Completed store-based barrier for key:store_based_barrier_key:1 with 8 nodes.
INFO [12629 distributed_c10d.py:476] Rank 6: Completed store-based barrier for key:store_based_barrier_key:1 with 8 nodes.
INFO [12630 distributed_c10d.py:476] Rank 7: Completed store-based barrier for key:store_based_barrier_key:1 with 8 nodes.
E20240129 04:27:21.998072 12627 IPCTensor.h:348] IPCTensor full_emb already exists
E20240129 04:27:21.998224 12624 IPCTensor.h:348] IPCTensor full_emb already exists
E20240129 04:27:21.998257 12628 IPCTensor.h:348] IPCTensor full_emb already exists
E20240129 04:27:21.998266 12625 IPCTensor.h:348] IPCTensor full_emb already exists
E20240129 04:27:21.998270 12626 IPCTensor.h:348] IPCTensor full_emb already exists
E20240129 04:27:21.998322 12374 IPCTensor.h:348] IPCTensor full_emb already exists
E20240129 04:27:21.998608 12630 IPCTensor.h:348] IPCTensor full_emb already exists
E20240129 04:27:21.998610 12629 IPCTensor.h:348] IPCTensor full_emb already exists
W20240129 04:27:22.034559 12374 IPCTensor.h:409] NewIPCGPUTensor: embedding_cache_0 [472460, 32]; dev=0; size=57.67 MB
W20240129 04:27:22.034579 12630 IPCTensor.h:409] NewIPCGPUTensor: embedding_cache_7 [472460, 32]; dev=7; size=57.67 MB
W20240129 04:27:22.034610 12626 IPCTensor.h:409] NewIPCGPUTensor: embedding_cache_3 [472460, 32]; dev=3; size=57.67 MB
W20240129 04:27:22.034607 12625 IPCTensor.h:409] NewIPCGPUTensor: embedding_cache_2 [472460, 32]; dev=2; size=57.67 MB
W20240129 04:27:22.034618 12624 IPCTensor.h:409] NewIPCGPUTensor: embedding_cache_1 [472460, 32]; dev=1; size=57.67 MB
W20240129 04:27:22.034626 12628 IPCTensor.h:409] NewIPCGPUTensor: embedding_cache_5 [472460, 32]; dev=5; size=57.67 MB
W20240129 04:27:22.034612 12627 IPCTensor.h:409] NewIPCGPUTensor: embedding_cache_4 [472460, 32]; dev=4; size=57.67 MB
W20240129 04:27:22.034633 12629 IPCTensor.h:409] NewIPCGPUTensor: embedding_cache_6 [472460, 32]; dev=6; size=57.67 MB
W20240129 04:27:22.804086 12630 IPCTensor.h:369] NewIPCTensor: input_keys_7 [1000000]0x10004817d000 7.629 MB
W20240129 04:27:22.804324 12630 IPCTensor.h:369] NewIPCTensor: input_keys_neg_7 [1000000]0x100048920000 7.629 MB
W20240129 04:27:22.804395 12630 IPCTensor.h:369] NewIPCTensor: backward_grads_7 [1000000, 32]0x1000490c3000 122.1 MB
W20240129 04:27:22.804461 12630 IPCTensor.h:369] NewIPCTensor: backward_grads_neg_7 [1000000, 32]0x100050ad7000 122.1 MB
W20240129 04:27:22.804502 12630 IPCTensor.h:409] NewIPCGPUTensor: backward_grads_7_gpu [1000000, 32]; dev=7; size=122.1 MB
W20240129 04:27:22.816133 12630 IPCTensor.h:409] NewIPCGPUTensor: backward_grads_neg_7_gpu [1000000, 32]; dev=7; size=122.1 MB
W20240129 04:27:22.817816 12374 IPCTensor.h:369] NewIPCTensor: input_keys_0 [1000000]0x1000584ef000 7.629 MB
W20240129 04:27:22.817970 12374 IPCTensor.h:369] NewIPCTensor: input_keys_neg_0 [1000000]0x100058c92000 7.629 MB
W20240129 04:27:22.818014 12374 IPCTensor.h:369] NewIPCTensor: backward_grads_0 [1000000, 32]0x100059435000 122.1 MB
W20240129 04:27:22.818053 12374 IPCTensor.h:369] NewIPCTensor: backward_grads_neg_0 [1000000, 32]0x100060e49000 122.1 MB
W20240129 04:27:22.818094 12374 IPCTensor.h:409] NewIPCGPUTensor: backward_grads_0_gpu [1000000, 32]; dev=0; size=122.1 MB
W20240129 04:27:22.818706 12374 IPCTensor.h:409] NewIPCGPUTensor: backward_grads_neg_0_gpu [1000000, 32]; dev=0; size=122.1 MB
W20240129 04:27:22.818830 12626 IPCTensor.h:369] NewIPCTensor: input_keys_3 [1000000]0x100068863000 7.629 MB
W20240129 04:27:22.818946 12626 IPCTensor.h:369] NewIPCTensor: input_keys_neg_3 [1000000]0x100069006000 7.629 MB
W20240129 04:27:22.818991 12626 IPCTensor.h:369] NewIPCTensor: backward_grads_3 [1000000, 32]0x1000697a9000 122.1 MB
W20240129 04:27:22.819046 12626 IPCTensor.h:369] NewIPCTensor: backward_grads_neg_3 [1000000, 32]0x1000711bd000 122.1 MB
W20240129 04:27:22.819077 12626 IPCTensor.h:409] NewIPCGPUTensor: backward_grads_3_gpu [1000000, 32]; dev=3; size=122.1 MB
W20240129 04:27:22.820163 12626 IPCTensor.h:409] NewIPCGPUTensor: backward_grads_neg_3_gpu [1000000, 32]; dev=3; size=122.1 MB
W20240129 04:27:22.856084 12625 IPCTensor.h:369] NewIPCTensor: input_keys_2 [1000000]0x100078bd9000 7.629 MB
W20240129 04:27:22.856211 12625 IPCTensor.h:369] NewIPCTensor: input_keys_neg_2 [1000000]0x10007937c000 7.629 MB
W20240129 04:27:22.856271 12625 IPCTensor.h:369] NewIPCTensor: backward_grads_2 [1000000, 32]0x100079b1f000 122.1 MB
W20240129 04:27:22.856323 12625 IPCTensor.h:369] NewIPCTensor: backward_grads_neg_2 [1000000, 32]0x100081533000 122.1 MB
W20240129 04:27:22.856353 12625 IPCTensor.h:409] NewIPCGPUTensor: backward_grads_2_gpu [1000000, 32]; dev=2; size=122.1 MB
W20240129 04:27:22.856948 12625 IPCTensor.h:409] NewIPCGPUTensor: backward_grads_neg_2_gpu [1000000, 32]; dev=2; size=122.1 MB
W20240129 04:27:22.857291 12624 IPCTensor.h:369] NewIPCTensor: input_keys_1 [1000000]0x100088f4b000 7.629 MB
W20240129 04:27:22.857410 12624 IPCTensor.h:369] NewIPCTensor: input_keys_neg_1 [1000000]0x1000896ee000 7.629 MB
W20240129 04:27:22.857456 12624 IPCTensor.h:369] NewIPCTensor: backward_grads_1 [1000000, 32]0x100089e91000 122.1 MB
W20240129 04:27:22.857510 12624 IPCTensor.h:369] NewIPCTensor: backward_grads_neg_1 [1000000, 32]0x1000918a7000 122.1 MB
W20240129 04:27:22.857542 12624 IPCTensor.h:409] NewIPCGPUTensor: backward_grads_1_gpu [1000000, 32]; dev=1; size=122.1 MB
W20240129 04:27:22.860368 12624 IPCTensor.h:409] NewIPCGPUTensor: backward_grads_neg_1_gpu [1000000, 32]; dev=1; size=122.1 MB
W20240129 04:27:22.886610 12628 IPCTensor.h:369] NewIPCTensor: input_keys_5 [1000000]0x1000992c3000 7.629 MB
W20240129 04:27:22.886744 12628 IPCTensor.h:369] NewIPCTensor: input_keys_neg_5 [1000000]0x100099a66000 7.629 MB
W20240129 04:27:22.886773 12629 IPCTensor.h:369] NewIPCTensor: input_keys_6 [1000000]0x10009a209000 7.629 MB
W20240129 04:27:22.886794 12628 IPCTensor.h:369] NewIPCTensor: backward_grads_5 [1000000, 32]0x10009a9ac000 122.1 MB
W20240129 04:27:22.886857 12628 IPCTensor.h:369] NewIPCTensor: backward_grads_neg_5 [1000000, 32]0x1000a23c0000 122.1 MB
W20240129 04:27:22.886898 12629 IPCTensor.h:369] NewIPCTensor: input_keys_neg_6 [1000000]0x1000a9dd4000 7.629 MB
W20240129 04:27:22.886904 12628 IPCTensor.h:409] NewIPCGPUTensor: backward_grads_5_gpu [1000000, 32]; dev=5; size=122.1 MB
W20240129 04:27:22.886945 12629 IPCTensor.h:369] NewIPCTensor: backward_grads_6 [1000000, 32]0x1000aa577000 122.1 MB
W20240129 04:27:22.886998 12629 IPCTensor.h:369] NewIPCTensor: backward_grads_neg_6 [1000000, 32]0x1000b1f8b000 122.1 MB
W20240129 04:27:22.887029 12629 IPCTensor.h:409] NewIPCGPUTensor: backward_grads_6_gpu [1000000, 32]; dev=6; size=122.1 MB
W20240129 04:27:22.887508 12628 IPCTensor.h:409] NewIPCGPUTensor: backward_grads_neg_5_gpu [1000000, 32]; dev=5; size=122.1 MB
W20240129 04:27:22.887557 12629 IPCTensor.h:409] NewIPCGPUTensor: backward_grads_neg_6_gpu [1000000, 32]; dev=6; size=122.1 MB
W20240129 04:27:22.923583 12627 IPCTensor.h:369] NewIPCTensor: input_keys_4 [1000000]0x1000b99a9000 7.629 MB
W20240129 04:27:22.923745 12627 IPCTensor.h:369] NewIPCTensor: input_keys_neg_4 [1000000]0x1000ba14c000 7.629 MB
W20240129 04:27:22.923835 12627 IPCTensor.h:369] NewIPCTensor: backward_grads_4 [1000000, 32]0x1000ba8ef000 122.1 MB
W20240129 04:27:22.923938 12627 IPCTensor.h:369] NewIPCTensor: backward_grads_neg_4 [1000000, 32]0x1000c2303000 122.1 MB
W20240129 04:27:22.924003 12627 IPCTensor.h:409] NewIPCGPUTensor: backward_grads_4_gpu [1000000, 32]; dev=4; size=122.1 MB
W20240129 04:27:22.924633 12627 IPCTensor.h:409] NewIPCGPUTensor: backward_grads_neg_4_gpu [1000000, 32]; dev=4; size=122.1 MB
cudaHostRegister 0x100000002000
5: KnownLocalCachedEmbedding init done
cudaHostRegister 0x100000002000
2: KnownLocalCachedEmbedding init done
cudaHostRegister 0x100000002000
3: KnownLocalCachedEmbedding init done
cudaHostRegister 0x100000002000
6: KnownLocalCachedEmbedding init done
Worker 7 pid=12630
New CachedEmbedding, name=full_emb, shape=(9449206, 32), cache_type=KnownLocalCachedEmbedding
fixed cache_range is [(0, 472460), (472460, 944920), (944920, 1417380), (1417380, 1889840), (1889840, 2362300), (2362300, 2834760), (2834760, 3307220), (3307220, 3779680)]
cudaHostRegister 0x100000002000
0: KnownLocalCachedEmbedding init done
cudaHostRegister 0x100000002000
1: KnownLocalCachedEmbedding init done
cudaHostRegister 0x100000002000
7: KnownLocalCachedEmbedding init done
cudaHostRegister 0x100000002000
4: KnownLocalCachedEmbedding init done
W20240129 04:27:28.010661 12625 IPCTensor.h:369] NewIPCTensor: cached_sampler_r2_0 [1000000]0x1000c9d1b000 7.629 MB
W20240129 04:27:28.010905 12625 IPCTensor.h:369] NewIPCTensor: cached_sampler_r2_1 [1000000]0x1000ca4be000 7.629 MB
W20240129 04:27:28.010973 12625 IPCTensor.h:369] NewIPCTensor: cached_sampler_r2_2 [1000000]0x1000cac61000 7.629 MB
W20240129 04:27:28.011021 12625 IPCTensor.h:369] NewIPCTensor: cached_sampler_r2_3 [1000000]0x1000cb404000 7.629 MB
W20240129 04:27:28.011073 12625 IPCTensor.h:369] NewIPCTensor: cached_sampler_r2_4 [1000000]0x1000cbba7000 7.629 MB
W20240129 04:27:28.011128 12625 IPCTensor.h:369] NewIPCTensor: cached_sampler_r2_5 [1000000]0x1000cc34a000 7.629 MB
W20240129 04:27:28.011185 12625 IPCTensor.h:369] NewIPCTensor: cached_sampler_r2_6 [1000000]0x1000ccaed000 7.629 MB
W20240129 04:27:28.011251 12625 IPCTensor.h:369] NewIPCTensor: cached_sampler_r2_7 [1000000]0x1000cd290000 7.629 MB
W20240129 04:27:28.011303 12625 IPCTensor.h:369] NewIPCTensor: cached_sampler_r2_8 [1000000]0x1000cda33000 7.629 MB
W20240129 04:27:28.011339 12625 IPCTensor.h:369] NewIPCTensor: cached_sampler_r2_9 [1000000]0x1000ce1d6000 7.629 MB
W20240129 04:27:28.011390 12625 IPCTensor.h:369] NewIPCTensor: step_r2 [10]0x1000ce979000 80 B 
W20240129 04:27:28.011433 12625 IPCTensor.h:369] NewIPCTensor: circle_buffer_end_r2 [1]0x1000ce97b000 8 B 
W20240129 04:27:28.011472 12625 IPCTensor.h:369] NewIPCTensor: circle_buffer_end_cppseen_r2 [1]0x1000ce97d000 8 B 
Dataset:  /home/xieminhui/RecStoreDataset/avazu_binary
Dataset loaded
np.max =  9449205
np.min=  1
Construct RecModelSampler done
I20240129 04:27:28.012001 12625 IPC_barrier.h:118] CreateBarrier: new barrier, name: kgcachecontroller, count: 8
W20240129 04:27:28.031932 12374 IPCTensor.h:369] NewIPCTensor: cached_sampler_r0_0 [1000000]0x1000ce97f000 7.629 MB
W20240129 04:27:28.032236 12374 IPCTensor.h:369] NewIPCTensor: cached_sampler_r0_1 [1000000]0x1000cf122000 7.629 MB
W20240129 04:27:28.032284 12374 IPCTensor.h:369] NewIPCTensor: cached_sampler_r0_2 [1000000]0x1000cf8c5000 7.629 MB
W20240129 04:27:28.032334 12374 IPCTensor.h:369] NewIPCTensor: cached_sampler_r0_3 [1000000]0x1000d0068000 7.629 MB
W20240129 04:27:28.032400 12374 IPCTensor.h:369] NewIPCTensor: cached_sampler_r0_4 [1000000]0x1000d080b000 7.629 MB
W20240129 04:27:28.032445 12374 IPCTensor.h:369] NewIPCTensor: cached_sampler_r0_5 [1000000]0x1000d0fae000 7.629 MB
W20240129 04:27:28.032495 12374 IPCTensor.h:369] NewIPCTensor: cached_sampler_r0_6 [1000000]0x1000d1751000 7.629 MB
W20240129 04:27:28.032560 12374 IPCTensor.h:369] NewIPCTensor: cached_sampler_r0_7 [1000000]0x1000d1ef4000 7.629 MB
W20240129 04:27:28.032634 12374 IPCTensor.h:369] NewIPCTensor: cached_sampler_r0_8 [1000000]0x1000d2697000 7.629 MB
W20240129 04:27:28.032687 12374 IPCTensor.h:369] NewIPCTensor: cached_sampler_r0_9 [1000000]0x1000d2e3a000 7.629 MB
W20240129 04:27:28.032729 12374 IPCTensor.h:369] NewIPCTensor: step_r0 [10]0x1000d35dd000 80 B 
W20240129 04:27:28.032776 12374 IPCTensor.h:369] NewIPCTensor: circle_buffer_end_r0 [1]0x1000d35df000 8 B 
W20240129 04:27:28.032809 12374 IPCTensor.h:369] NewIPCTensor: circle_buffer_end_cppseen_r0 [1]0x1000d35e1000 8 B 
Dataset:  /home/xieminhui/RecStoreDataset/avazu_binary
Dataset loaded
np.max =  9449205
np.min=  1
Construct RecModelSampler done
I20240129 04:27:28.033399 12374 IPC_barrier.h:112] CreateBarrier: find existing barrier, name: kgcachecontroller, count: 8
W20240129 04:27:28.063400 12626 IPCTensor.h:369] NewIPCTensor: cached_sampler_r3_0 [1000000]0x1000d35e3000 7.629 MB
W20240129 04:27:28.063552 12626 IPCTensor.h:369] NewIPCTensor: cached_sampler_r3_1 [1000000]0x1000d3d86000 7.629 MB
W20240129 04:27:28.063609 12626 IPCTensor.h:369] NewIPCTensor: cached_sampler_r3_2 [1000000]0x1000d4529000 7.629 MB
W20240129 04:27:28.063650 12626 IPCTensor.h:369] NewIPCTensor: cached_sampler_r3_3 [1000000]0x1000d4ccc000 7.629 MB
W20240129 04:27:28.063692 12626 IPCTensor.h:369] NewIPCTensor: cached_sampler_r3_4 [1000000]0x1000d546f000 7.629 MB
W20240129 04:27:28.063745 12626 IPCTensor.h:369] NewIPCTensor: cached_sampler_r3_5 [1000000]0x1000d5c12000 7.629 MB
W20240129 04:27:28.063798 12626 IPCTensor.h:369] NewIPCTensor: cached_sampler_r3_6 [1000000]0x1000d63b5000 7.629 MB
W20240129 04:27:28.063858 12626 IPCTensor.h:369] NewIPCTensor: cached_sampler_r3_7 [1000000]0x1000d6b58000 7.629 MB
W20240129 04:27:28.063923 12626 IPCTensor.h:369] NewIPCTensor: cached_sampler_r3_8 [1000000]0x1000d72fb000 7.629 MB
W20240129 04:27:28.063961 12626 IPCTensor.h:369] NewIPCTensor: cached_sampler_r3_9 [1000000]0x1000d7a9e000 7.629 MB
W20240129 04:27:28.064007 12626 IPCTensor.h:369] NewIPCTensor: step_r3 [10]0x1000d8241000 80 B 
W20240129 04:27:28.064043 12626 IPCTensor.h:369] NewIPCTensor: circle_buffer_end_r3 [1]0x1000d8243000 8 B 
W20240129 04:27:28.064082 12626 IPCTensor.h:369] NewIPCTensor: circle_buffer_end_cppseen_r3 [1]0x1000d8245000 8 B 
Dataset:  /home/xieminhui/RecStoreDataset/avazu_binary
Dataset loaded
np.max =  9449205
np.min=  1
Construct RecModelSampler done
I20240129 04:27:28.064414 12626 IPC_barrier.h:112] CreateBarrier: find existing barrier, name: kgcachecontroller, count: 8
W20240129 04:27:28.217587 12628 IPCTensor.h:369] NewIPCTensor: cached_sampler_r5_0 [1000000]0x1000d8247000 7.629 MB
W20240129 04:27:28.217752 12628 IPCTensor.h:369] NewIPCTensor: cached_sampler_r5_1 [1000000]0x1000d89ea000 7.629 MB
W20240129 04:27:28.217824 12628 IPCTensor.h:369] NewIPCTensor: cached_sampler_r5_2 [1000000]0x1000d918d000 7.629 MB
W20240129 04:27:28.217865 12628 IPCTensor.h:369] NewIPCTensor: cached_sampler_r5_3 [1000000]0x1000d9930000 7.629 MB
W20240129 04:27:28.217911 12628 IPCTensor.h:369] NewIPCTensor: cached_sampler_r5_4 [1000000]0x1000da0d3000 7.629 MB
W20240129 04:27:28.217962 12628 IPCTensor.h:369] NewIPCTensor: cached_sampler_r5_5 [1000000]0x1000da876000 7.629 MB
W20240129 04:27:28.218016 12628 IPCTensor.h:369] NewIPCTensor: cached_sampler_r5_6 [1000000]0x1000db019000 7.629 MB
W20240129 04:27:28.218080 12628 IPCTensor.h:369] NewIPCTensor: cached_sampler_r5_7 [1000000]0x1000db7bc000 7.629 MB
W20240129 04:27:28.218132 12628 IPCTensor.h:369] NewIPCTensor: cached_sampler_r5_8 [1000000]0x1000dbf5f000 7.629 MB
W20240129 04:27:28.218179 12628 IPCTensor.h:369] NewIPCTensor: cached_sampler_r5_9 [1000000]0x1000dc702000 7.629 MB
W20240129 04:27:28.218225 12628 IPCTensor.h:369] NewIPCTensor: step_r5 [10]0x1000dcea5000 80 B 
W20240129 04:27:28.218262 12628 IPCTensor.h:369] NewIPCTensor: circle_buffer_end_r5 [1]0x1000dcea7000 8 B 
W20240129 04:27:28.218295 12628 IPCTensor.h:369] NewIPCTensor: circle_buffer_end_cppseen_r5 [1]0x1000dcea9000 8 B 
Dataset:  /home/xieminhui/RecStoreDataset/avazu_binary
Dataset loaded
np.max =  9449205
np.min=  1
Construct RecModelSampler done
I20240129 04:27:28.218606 12628 IPC_barrier.h:112] CreateBarrier: find existing barrier, name: kgcachecontroller, count: 8
W20240129 04:27:28.889218 12627 IPCTensor.h:369] NewIPCTensor: cached_sampler_r4_0 [1000000]0x1000dceab000 7.629 MB
W20240129 04:27:28.889415 12627 IPCTensor.h:369] NewIPCTensor: cached_sampler_r4_1 [1000000]0x1000dd64e000 7.629 MB
W20240129 04:27:28.889470 12627 IPCTensor.h:369] NewIPCTensor: cached_sampler_r4_2 [1000000]0x1000dddf1000 7.629 MB
W20240129 04:27:28.889511 12627 IPCTensor.h:369] NewIPCTensor: cached_sampler_r4_3 [1000000]0x1000de594000 7.629 MB
W20240129 04:27:28.889545 12627 IPCTensor.h:369] NewIPCTensor: cached_sampler_r4_4 [1000000]0x1000ded37000 7.629 MB
W20240129 04:27:28.889586 12627 IPCTensor.h:369] NewIPCTensor: cached_sampler_r4_5 [1000000]0x1000df4da000 7.629 MB
W20240129 04:27:28.889640 12627 IPCTensor.h:369] NewIPCTensor: cached_sampler_r4_6 [1000000]0x1000dfc7d000 7.629 MB
W20240129 04:27:28.889696 12627 IPCTensor.h:369] NewIPCTensor: cached_sampler_r4_7 [1000000]0x1000e0420000 7.629 MB
W20240129 04:27:28.889743 12627 IPCTensor.h:369] NewIPCTensor: cached_sampler_r4_8 [1000000]0x1000e0bc3000 7.629 MB
W20240129 04:27:28.889793 12627 IPCTensor.h:369] NewIPCTensor: cached_sampler_r4_9 [1000000]0x1000e1366000 7.629 MB
W20240129 04:27:28.889839 12627 IPCTensor.h:369] NewIPCTensor: step_r4 [10]0x1000e1b09000 80 B 
W20240129 04:27:28.889874 12627 IPCTensor.h:369] NewIPCTensor: circle_buffer_end_r4 [1]0x1000e1b0b000 8 B 
W20240129 04:27:28.889904 12627 IPCTensor.h:369] NewIPCTensor: circle_buffer_end_cppseen_r4 [1]0x1000e1b0d000 8 B 
Dataset:  /home/xieminhui/RecStoreDataset/avazu_binary
Dataset loaded
np.max =  9449205
np.min=  1
Construct RecModelSampler done
I20240129 04:27:28.890287 12627 IPC_barrier.h:112] CreateBarrier: find existing barrier, name: kgcachecontroller, count: 8
W20240129 04:27:29.245538 12624 IPCTensor.h:369] NewIPCTensor: cached_sampler_r1_0 [1000000]0x1000e1b0f000 7.629 MB
W20240129 04:27:29.245734 12624 IPCTensor.h:369] NewIPCTensor: cached_sampler_r1_1 [1000000]0x1000e22b2000 7.629 MB
W20240129 04:27:29.245793 12624 IPCTensor.h:369] NewIPCTensor: cached_sampler_r1_2 [1000000]0x1000e2a55000 7.629 MB
W20240129 04:27:29.245836 12624 IPCTensor.h:369] NewIPCTensor: cached_sampler_r1_3 [1000000]0x1000e31f8000 7.629 MB
W20240129 04:27:29.245878 12624 IPCTensor.h:369] NewIPCTensor: cached_sampler_r1_4 [1000000]0x1000e399b000 7.629 MB
W20240129 04:27:29.245926 12624 IPCTensor.h:369] NewIPCTensor: cached_sampler_r1_5 [1000000]0x1000e413e000 7.629 MB
W20240129 04:27:29.245980 12624 IPCTensor.h:369] NewIPCTensor: cached_sampler_r1_6 [1000000]0x1000e48e1000 7.629 MB
W20240129 04:27:29.246055 12624 IPCTensor.h:369] NewIPCTensor: cached_sampler_r1_7 [1000000]0x1000e5084000 7.629 MB
W20240129 04:27:29.246109 12624 IPCTensor.h:369] NewIPCTensor: cached_sampler_r1_8 [1000000]0x1000e5827000 7.629 MB
W20240129 04:27:29.246146 12624 IPCTensor.h:369] NewIPCTensor: cached_sampler_r1_9 [1000000]0x1000e5fca000 7.629 MB
W20240129 04:27:29.246193 12624 IPCTensor.h:369] NewIPCTensor: step_r1 [10]0x1000e676d000 80 B 
W20240129 04:27:29.246243 12624 IPCTensor.h:369] NewIPCTensor: circle_buffer_end_r1 [1]0x1000e676f000 8 B 
W20240129 04:27:29.246275 12624 IPCTensor.h:369] NewIPCTensor: circle_buffer_end_cppseen_r1 [1]0x1000e6771000 8 B 
Dataset:  /home/xieminhui/RecStoreDataset/avazu_binary
Dataset loaded
np.max =  9449205
np.min=  1
Construct RecModelSampler done
I20240129 04:27:29.246661 12624 IPC_barrier.h:112] CreateBarrier: find existing barrier, name: kgcachecontroller, count: 8
W20240129 04:27:29.354458 12630 IPCTensor.h:369] NewIPCTensor: cached_sampler_r7_0 [1000000]0x1000e6773000 7.629 MB
W20240129 04:27:29.354651 12630 IPCTensor.h:369] NewIPCTensor: cached_sampler_r7_1 [1000000]0x1000e6f16000 7.629 MB
W20240129 04:27:29.354715 12630 IPCTensor.h:369] NewIPCTensor: cached_sampler_r7_2 [1000000]0x1000e76b9000 7.629 MB
W20240129 04:27:29.354759 12630 IPCTensor.h:369] NewIPCTensor: cached_sampler_r7_3 [1000000]0x1000e7e5c000 7.629 MB
W20240129 04:27:29.354807 12630 IPCTensor.h:369] NewIPCTensor: cached_sampler_r7_4 [1000000]0x1000e85ff000 7.629 MB
W20240129 04:27:29.354852 12630 IPCTensor.h:369] NewIPCTensor: cached_sampler_r7_5 [1000000]0x1000e8da2000 7.629 MB
W20240129 04:27:29.354904 12630 IPCTensor.h:369] NewIPCTensor: cached_sampler_r7_6 [1000000]0x1000e9545000 7.629 MB
W20240129 04:27:29.354970 12630 IPCTensor.h:369] NewIPCTensor: cached_sampler_r7_7 [1000000]0x1000e9ce8000 7.629 MB
W20240129 04:27:29.355021 12630 IPCTensor.h:369] NewIPCTensor: cached_sampler_r7_8 [1000000]0x1000ea48b000 7.629 MB
W20240129 04:27:29.355062 12630 IPCTensor.h:369] NewIPCTensor: cached_sampler_r7_9 [1000000]0x1000eac2e000 7.629 MB
W20240129 04:27:29.355121 12630 IPCTensor.h:369] NewIPCTensor: step_r7 [10]0x1000eb3d1000 80 B 
W20240129 04:27:29.355170 12630 IPCTensor.h:369] NewIPCTensor: circle_buffer_end_r7 [1]0x1000eb3d3000 8 B 
W20240129 04:27:29.355202 12630 IPCTensor.h:369] NewIPCTensor: circle_buffer_end_cppseen_r7 [1]0x1000eb3d5000 8 B 
Dataset:  /home/xieminhui/RecStoreDataset/avazu_binary
Dataset loaded
np.max =  9449205
np.min=  1
Construct RecModelSampler done
I20240129 04:27:29.355618 12630 IPC_barrier.h:112] CreateBarrier: find existing barrier, name: kgcachecontroller, count: 8
W20240129 04:27:29.511749 12629 IPCTensor.h:369] NewIPCTensor: cached_sampler_r6_0 [1000000]0x1000eb3d7000 7.629 MB
W20240129 04:27:29.511972 12629 IPCTensor.h:369] NewIPCTensor: cached_sampler_r6_1 [1000000]0x1000ebb7a000 7.629 MB
W20240129 04:27:29.512043 12629 IPCTensor.h:369] NewIPCTensor: cached_sampler_r6_2 [1000000]0x1000ec31d000 7.629 MB
W20240129 04:27:29.512104 12629 IPCTensor.h:369] NewIPCTensor: cached_sampler_r6_3 [1000000]0x1000ecac0000 7.629 MB
W20240129 04:27:29.512149 12629 IPCTensor.h:369] NewIPCTensor: cached_sampler_r6_4 [1000000]0x1000ed263000 7.629 MB
W20240129 04:27:29.512207 12629 IPCTensor.h:369] NewIPCTensor: cached_sampler_r6_5 [1000000]0x1000eda06000 7.629 MB
W20240129 04:27:29.512261 12629 IPCTensor.h:369] NewIPCTensor: cached_sampler_r6_6 [1000000]0x1000ee1a9000 7.629 MB
W20240129 04:27:29.512326 12629 IPCTensor.h:369] NewIPCTensor: cached_sampler_r6_7 [1000000]0x1000ee94c000 7.629 MB
W20240129 04:27:29.512378 12629 IPCTensor.h:369] NewIPCTensor: cached_sampler_r6_8 [1000000]0x1000ef0ef000 7.629 MB
W20240129 04:27:29.512421 12629 IPCTensor.h:369] NewIPCTensor: cached_sampler_r6_9 [1000000]0x1000ef892000 7.629 MB
W20240129 04:27:29.512471 12629 IPCTensor.h:369] NewIPCTensor: step_r6 [10]0x1000f0035000 80 B 
W20240129 04:27:29.512514 12629 IPCTensor.h:369] NewIPCTensor: circle_buffer_end_r6 [1]0x1000f0037000 8 B 
W20240129 04:27:29.512553 12629 IPCTensor.h:369] NewIPCTensor: circle_buffer_end_cppseen_r6 [1]0x1000f0039000 8 B 
Dataset:  /home/xieminhui/RecStoreDataset/avazu_binary
Dataset loaded
np.max =  9449205
np.min=  1
Construct RecModelSampler done
I20240129 04:27:29.512997 12629 IPC_barrier.h:112] CreateBarrier: find existing barrier, name: kgcachecontroller, count: 8
W20240129 04:27:29.515381 12374 grad_base.h:55] KGCacheController, config={
        "num_gpus": 8,
        "L": 10,
        "kForwardItersPerStep": 1,
        "clr": 1,
        "backwardMode": "CppAsyncV2",
        "nr_background_threads": 16, 
        "cache_ratio": 0.05,
        "backgrad_init": "both"
    }
W20240129 04:27:29.515676 12374 grad_base.h:184] Init GradProcessingBase done
I20240129 04:27:30.657639 12374 grad_async_v2.h:32] Use background thread to update emb. nr_background_threads=16
W20240129 04:27:30.657783 12374 kg_controller.h:78] after init GradAsyncProcessingV2
I20240129 04:27:30.657792 12374 kg_controller.h:84] Construct KGCacheController done
E20240129 04:27:32.409466 12628 recstore.cc:66] init folly done
E20240129 04:27:32.409514 12624 recstore.cc:66] init folly done
Construct KGCacheControllerWrapper done
Construct KGCacheControllerWrapper done
E20240129 04:27:32.409634 12629 recstore.cc:66] init folly done
Construct KGCacheControllerWrapper done
E20240129 04:27:32.410020 12374 recstore.cc:66] init folly done
E20240129 04:27:32.410082 12626 recstore.cc:66] init folly done
E20240129 04:27:32.410090 12630 recstore.cc:66] init folly done
Construct KGCacheControllerWrapper done
E20240129 04:27:32.410110 12627 recstore.cc:66] init folly done
E20240129 04:27:32.410135 12625 recstore.cc:66] init folly done
Construct KGCacheControllerWrapper done
Construct KGCacheControllerWrapper done
Construct KGCacheControllerWrapper done
Construct KGCacheControllerWrapper done
I20240129 04:27:32.411449 12374 grad_base.h:60] GraphEnv RegTensorsPerProcess
W20240129 04:27:33.296173 13601 grad_async_v2.h:121] Detect new sample comes, old_end0, new_end1
E20240129 04:27:33.296643 13601 parallel_pq_v2.h:76] insert failed, size(hashtable)=1
E20240129 04:27:34.296103 13601 parallel_pq_v2.h:76] insert failed, size(hashtable)=0
W20240129 04:27:34.314389 13601 grad_async_v2.h:121] Detect new sample comes, old_end7, new_end8
Before Training
Before Training
Before Training
I20240129 04:27:36.018999 12628 IPC_barrier.h:118] CreateBarrier: new barrier, name: start_barrier, count: 8
I20240129 04:27:36.019039 12627 IPC_barrier.h:112] CreateBarrier: find existing barrier, name: start_barrier, count: 8
I20240129 04:27:36.019076 12630 IPC_barrier.h:112] CreateBarrier: find existing barrier, name: start_barrier, count: 8
Before Training
I20240129 04:27:36.019718 12624 IPC_barrier.h:112] CreateBarrier: find existing barrier, name: start_barrier, count: 8
Before Training
I20240129 04:27:36.020466 12625 IPC_barrier.h:112] CreateBarrier: find existing barrier, name: start_barrier, count: 8
Before Training
Before Training
I20240129 04:27:36.020763 12629 IPC_barrier.h:112] CreateBarrier: find existing barrier, name: start_barrier, count: 8
I20240129 04:27:36.020794 12626 IPC_barrier.h:112] CreateBarrier: find existing barrier, name: start_barrier, count: 8
Before Training
I20240129 04:27:36.021477 12374 IPC_barrier.h:112] CreateBarrier: find existing barrier, name: start_barrier, count: 8
========== Step 0 ========== 
========== Step 0 ========== 
========== Step 0 ========== 
========== Step 0 ========== 
========== Step 0 ========== 
W20240129 04:27:36.023658 13601 grad_async_v2.h:121] Detect new sample comes, old_end0, new_end1
========== Step 0 ========== 
========== Step 0 ========== 
E20240129 04:27:36.023988 13601 parallel_pq_v2.h:76] insert failed, size(hashtable)=1
========== Step 0 ========== 
+---------------------------+---------------------------+---------------------------+
| Name                      | P50                       | P99                       |
+---------------------------+---------------------------+---------------------------+
| ProcessBack:Shuffle       | 392.211 ms                | 392.211 ms                |
+---------------------------+---------------------------+---------------------------+
E20240129 04:27:37.498932 12861 parallel_pq_v2.h:76] insert failed, size(hashtable)=10
W20240129 04:27:37.542948 12374 grad_async_v2.h:250] Sleep in <BlockToStepN>, step_no=1, pq.top=0
========== Step 1 ========== 
========== Step 1 ========== 
========== Step 1 ========== 
========== Step 1 ========== 
========== Step 1 ========== 
W20240129 04:27:38.110037 13601 grad_async_v2.h:121] Detect new sample comes, old_end1, new_end2
========== Step 1 ========== 
========== Step 1 ========== 
========== Step 1 ========== 
INFO [12624 distributed.py:1140] Reducer buckets have been rebuilt in this iteration.
INFO [12625 distributed.py:1140] Reducer buckets have been rebuilt in this iteration.
INFO [12629 distributed.py:1140] Reducer buckets have been rebuilt in this iteration.
INFO [12628 distributed.py:1140] Reducer buckets have been rebuilt in this iteration.
INFO [12630 distributed.py:1140] Reducer buckets have been rebuilt in this iteration.
INFO [12374 distributed.py:1140] Reducer buckets have been rebuilt in this iteration.
INFO [12626 distributed.py:1140] Reducer buckets have been rebuilt in this iteration.
INFO [12627 distributed.py:1140] Reducer buckets have been rebuilt in this iteration.
E20240129 04:27:38.507275 13600 parallel_pq_v2.h:76] insert failed, size(hashtable)=2721
W20240129 04:27:38.542006 12374 grad_async_v2.h:250] Sleep in <BlockToStepN>, step_no=2, pq.top=2
========== Step 2 ========== 
========== Step 2 ========== 
========== Step 2 ========== 
========== Step 2 ========== 
========== Step 2 ========== 
========== Step 2 ========== 
========== Step 2 ========== 
========== Step 2 ========== 
========== Step 3 ========== 
========== Step 3 ========== 
========== Step 3 ========== 
========== Step 3 ========== 
========== Step 3 ========== 
========== Step 3 ========== 
========== Step 3 ========== 
W20240129 04:27:39.391862 13601 grad_async_v2.h:121] Detect new sample comes, old_end3, new_end4
========== Step 3 ========== 
E20240129 04:27:39.507107 13601 parallel_pq_v2.h:76] insert failed, size(hashtable)=648
+---------------------------+---------------------------+---------------------------+
| Name                      | P50                       | P99                       |
+---------------------------+---------------------------+---------------------------+
| GenInput:CircleBuffer     | 185.651 us                | 454.884 us                |
| GenInput                  | 1.904 ms                  | 6.060 ms                  |
| NN                        | 3.249 ms                  | 155.004 ms                |
| Forward                   | 4.009 ms                  | 156.890 ms                |
| Backward                  | 3.045 ms                  | 46.815 ms                 |
| Optimize                  | 537.995 us                | 6.187 ms                  |
| BarrierTimeBeforeRank0    | 1.022 ms                  | 14.618 ms                 |
| AfterBackward             | 46.037 ms                 | 1.293 s                   |
| BlockToStepN              | 577.670 ms                | 583.357 ms                |
| OneStep                   | 649.359 ms                | 2.085 s                   |
+---------------------------+---------------------------+---------------------------+
W20240129 04:27:39.542007 12374 grad_async_v2.h:250] Sleep in <BlockToStepN>, step_no=4, pq.top=4
========== Step 4 ========== 
========== Step 4 ========== 
========== Step 4 ========== 
========== Step 4 ========== 
========== Step 4 ========== 
========== Step 4 ========== 
========== Step 4 ========== 
========== Step 4 ========== 
E20240129 04:27:40.509431 13600 parallel_pq_v2.h:76] insert failed, size(hashtable)=2971
W20240129 04:27:40.542017 12374 grad_async_v2.h:250] Sleep in <BlockToStepN>, step_no=5, pq.top=5
========== Step 5 ========== 
========== Step 5 ========== 
========== Step 5 ========== 
========== Step 5 ========== 
========== Step 5 ========== 
========== Step 5 ========== 
W20240129 04:27:40.624342 13601 grad_async_v2.h:121] Detect new sample comes, old_end5, new_end6
========== Step 5 ========== 
========== Step 5 ========== 
========== Step 6 ========== 
========== Step 6 ========== 
========== Step 6 ========== 
========== Step 6 ========== 
========== Step 6 ========== 
========== Step 6 ========== 
========== Step 6 ========== 
========== Step 6 ========== 
E20240129 04:27:41.510068 13600 parallel_pq_v2.h:76] insert failed, size(hashtable)=2033
W20240129 04:27:41.542006 12374 grad_async_v2.h:250] Sleep in <BlockToStepN>, step_no=7, pq.top=7
========== Step 7 ========== 
========== Step 7 ========== 
========== Step 7 ========== 
========== Step 7 ========== 
========== Step 7 ========== 
========== Step 7 ========== 
========== Step 7 ========== 
W20240129 04:27:41.814702 13601 grad_async_v2.h:121] Detect new sample comes, old_end7, new_end8
========== Step 7 ========== 
+---------------------------+---------------------------+---------------------------+
| Name                      | P50                       | P99                       |
+---------------------------+---------------------------+---------------------------+
| ProcessBack:Shuffle       | 9.278 ms                  | 392.211 ms                |
| ProcessBack:UpdateCache   | 2.404 ms                  | 840.802 ms                |
| ProcessBack:UpsertPq      | 33.885 ms                 | 43.038 ms                 |
| ProcessOneStep            | 46.002 ms                 | 1.292 s                   |
| BlockToStepN              | 573.596 ms                | 582.988 ms                |
+---------------------------+---------------------------+---------------------------+
========== Step 8 ========== 
========== Step 8 ========== 
========== Step 8 ========== 
========== Step 8 ========== 
========== Step 8 ========== 
========== Step 8 ========== 
========== Step 8 ========== 
========== Step 8 ========== 
E20240129 04:27:42.510025 13601 parallel_pq_v2.h:76] insert failed, size(hashtable)=783
W20240129 04:27:42.542006 12374 grad_async_v2.h:250] Sleep in <BlockToStepN>, step_no=9, pq.top=8
========== Step 9 ========== 
========== Step 9 ========== 
========== Step 9 ========== 
========== Step 9 ========== 
========== Step 9 ========== 
========== Step 9 ========== 
W20240129 04:27:43.048779 13601 grad_async_v2.h:121] Detect new sample comes, old_end9, new_end0
========== Step 9 ========== 
========== Step 9 ========== 
E20240129 04:27:43.540957 13600 parallel_pq_v2.h:76] insert failed, size(hashtable)=2749
W20240129 04:27:43.542009 12374 grad_async_v2.h:250] Sleep in <BlockToStepN>, step_no=10, pq.top=10
========== Step 10 ========== 
========== Step 10 ========== 
========== Step 10 ========== 
========== Step 10 ========== 
========== Step 10 ========== 
========== Step 10 ========== 
========== Step 10 ========== 
========== Step 10 ========== 
========== Step 11 ========== 
========== Step 11 ========== 
========== Step 11 ========== 
========== Step 11 ========== 
========== Step 11 ========== 
========== Step 11 ========== 
W20240129 04:27:44.240805 13601 grad_async_v2.h:121] Detect new sample comes, old_end1, new_end2
========== Step 11 ========== 
========== Step 11 ========== 
+---------------------------+---------------------------+---------------------------+
| Name                      | P50                       | P99                       |
+---------------------------+---------------------------+---------------------------+
| GenInput:CircleBuffer     | 252.942 us                | 459.258 us                |
| GenInput                  | 4.397 ms                  | 12.715 ms                 |
| NN                        | 1.114 ms                  | 155.004 ms                |
| Forward                   | 1.496 ms                  | 156.890 ms                |
| Backward                  | 3.045 ms                  | 46.815 ms                 |
| Optimize                  | 410.135 us                | 6.187 ms                  |
| BarrierTimeBeforeRank0    | 1.582 ms                  | 14.618 ms                 |
| AfterBackward             | 44.818 ms                 | 1.293 s                   |
| BlockToStepN              | 564.015 ms                | 583.357 ms                |
| OneStep                   | 617.721 ms                | 2.085 s                   |
+---------------------------+---------------------------+---------------------------+
W20240129 04:27:44.542012 12374 grad_async_v2.h:250] Sleep in <BlockToStepN>, step_no=12, pq.top=12
E20240129 04:27:44.549786 13600 parallel_pq_v2.h:76] insert failed, size(hashtable)=1770
========== Step 12 ========== 
========== Step 12 ========== 
========== Step 12 ========== 
========== Step 12 ========== 
========== Step 12 ========== 
========== Step 12 ========== 
========== Step 12 ========== 
========== Step 12 ========== 
========== Step 13 ========== 
========== Step 13 ========== 
========== Step 13 ========== 
W20240129 04:27:45.486341 13601 grad_async_v2.h:121] Detect new sample comes, old_end3, new_end4
========== Step 13 ========== 
========== Step 13 ========== 
========== Step 13 ========== 
========== Step 13 ========== 
========== Step 13 ========== 
E20240129 04:27:45.549026 12840 parallel_pq_v2.h:76] insert failed, size(hashtable)=181
W20240129 04:27:45.569141 12374 grad_async_v2.h:250] Sleep in <BlockToStepN>, step_no=14, pq.top=13
========== Step 14 ========== 
========== Step 14 ========== 
========== Step 14 ========== 
========== Step 14 ========== 
========== Step 14 ========== 
========== Step 14 ========== 
========== Step 14 ========== 
========== Step 14 ========== 
E20240129 04:27:46.556005 13600 parallel_pq_v2.h:76] insert failed, size(hashtable)=1558
W20240129 04:27:46.569013 12374 grad_async_v2.h:250] Sleep in <BlockToStepN>, step_no=15, pq.top=15
========== Step 15 ========== 
========== Step 15 ========== 
========== Step 15 ========== 
========== Step 15 ========== 
========== Step 15 ========== 
========== Step 15 ========== 
W20240129 04:27:46.791779 13601 grad_async_v2.h:121] Detect new sample comes, old_end5, new_end6
========== Step 15 ========== 
========== Step 15 ========== 
+---------------------------+---------------------------+---------------------------+
| Name                      | P50                       | P99                       |
+---------------------------+---------------------------+---------------------------+
| ProcessBack:Shuffle       | 9.278 ms                  | 392.211 ms                |
| ProcessBack:UpdateCache   | 2.380 ms                  | 840.802 ms                |
| ProcessBack:UpsertPq      | 33.162 ms                 | 43.038 ms                 |
| ProcessOneStep            | 44.794 ms                 | 1.292 s                   |
| BlockToStepN              | 573.596 ms                | 586.420 ms                |
+---------------------------+---------------------------+---------------------------+
========== Step 16 ========== 
========== Step 16 ========== 
========== Step 16 ========== 
========== Step 16 ========== 
========== Step 16 ========== 
========== Step 16 ========== 
========== Step 16 ========== 
========== Step 16 ========== 
E20240129 04:27:47.555056 13601 parallel_pq_v2.h:76] insert failed, size(hashtable)=1104
W20240129 04:27:47.569025 12374 grad_async_v2.h:250] Sleep in <BlockToStepN>, step_no=17, pq.top=16
========== Step 17 ========== 
========== Step 17 ========== 
========== Step 17 ========== 
========== Step 17 ========== 
========== Step 17 ========== 
========== Step 17 ========== 
W20240129 04:27:48.064410 13601 grad_async_v2.h:121] Detect new sample comes, old_end7, new_end8
========== Step 17 ========== 
========== Step 17 ========== 
E20240129 04:27:48.564929 13600 parallel_pq_v2.h:76] insert failed, size(hashtable)=2301
W20240129 04:27:48.569012 12374 grad_async_v2.h:250] Sleep in <BlockToStepN>, step_no=18, pq.top=18
========== Step 18 ========== 
========== Step 18 ========== 
========== Step 18 ========== 
========== Step 18 ========== 
========== Step 18 ========== 
========== Step 18 ========== 
========== Step 18 ========== 
========== Step 18 ========== 
========== Step 19 ========== 
========== Step 19 ========== 
========== Step 19 ========== 
========== Step 19 ========== 
========== Step 19 ========== 
========== Step 19 ========== 
========== Step 19 ========== 
W20240129 04:27:49.322089 13601 grad_async_v2.h:121] Detect new sample comes, old_end9, new_end0
========== Step 19 ========== 
+---------------------------+---------------------------+---------------------------+
| Name                      | P50                       | P99                       |
+---------------------------+---------------------------+---------------------------+
| GenInput:CircleBuffer     | 214.741 us                | 494.179 us                |
| GenInput                  | 1.967 ms                  | 12.715 ms                 |
| NN                        | 1.101 ms                  | 155.004 ms                |
| Forward                   | 1.462 ms                  | 156.890 ms                |
| Backward                  | 3.045 ms                  | 46.815 ms                 |
| Optimize                  | 378.783 us                | 6.187 ms                  |
| BarrierTimeBeforeRank0    | 1.582 ms                  | 14.618 ms                 |
| AfterBackward             | 45.294 ms                 | 1.293 s                   |
| BlockToStepN              | 573.725 ms                | 586.505 ms                |
| OneStep                   | 633.992 ms                | 2.085 s                   |
+---------------------------+---------------------------+---------------------------+
W20240129 04:27:49.569010 12374 grad_async_v2.h:250] Sleep in <BlockToStepN>, step_no=20, pq.top=20
E20240129 04:27:49.577368 13600 parallel_pq_v2.h:76] insert failed, size(hashtable)=1531
========== Step 20 ========== 
========== Step 20 ========== 
========== Step 20 ========== 
========== Step 20 ========== 
========== Step 20 ========== 
========== Step 20 ========== 
========== Step 20 ========== 
========== Step 20 ========== 
W20240129 04:27:50.569016 12374 grad_async_v2.h:250] Sleep in <BlockToStepN>, step_no=21, pq.top=21
E20240129 04:27:50.579746 13600 parallel_pq_v2.h:76] insert failed, size(hashtable)=2560
========== Step 21 ========== 
========== Step 21 ========== 
========== Step 21 ========== 
========== Step 21 ========== 
========== Step 21 ========== 
========== Step 21 ========== 
W20240129 04:27:50.588765 13601 grad_async_v2.h:121] Detect new sample comes, old_end1, new_end2
========== Step 21 ========== 
========== Step 21 ========== 
========== Step 22 ========== 
========== Step 22 ========== 
========== Step 22 ========== 
========== Step 22 ========== 
========== Step 22 ========== 
========== Step 22 ========== 
========== Step 22 ========== 
========== Step 22 ========== 
W20240129 04:27:51.569062 12374 grad_async_v2.h:250] Sleep in <BlockToStepN>, step_no=23, pq.top=23
E20240129 04:27:51.579360 13600 parallel_pq_v2.h:76] insert failed, size(hashtable)=1859
========== Step 23 ========== 
========== Step 23 ========== 
========== Step 23 ========== 
========== Step 23 ========== 
W20240129 04:27:51.837852 13601 grad_async_v2.h:121] Detect new sample comes, old_end3, new_end4
========== Step 23 ========== 
========== Step 23 ========== 
========== Step 23 ========== 
========== Step 23 ========== 
========== Step 24 ========== 
========== Step 24 ========== 
========== Step 24 ========== 
========== Step 24 ========== 
========== Step 24 ========== 
========== Step 24 ========== 
========== Step 24 ========== 
========== Step 24 ========== 
+---------------------------+---------------------------+---------------------------+
| Name                      | P50                       | P99                       |
+---------------------------+---------------------------+---------------------------+
| ProcessBack:Shuffle       | 9.508 ms                  | 392.211 ms                |
| ProcessBack:UpdateCache   | 2.377 ms                  | 840.802 ms                |
| ProcessBack:UpsertPq      | 33.149 ms                 | 43.038 ms                 |
| ProcessOneStep            | 46.002 ms                 | 1.292 s                   |
| BlockToStepN              | 572.528 ms                | 592.356 ms                |
+---------------------------+---------------------------+---------------------------+
W20240129 04:27:52.569020 12374 grad_async_v2.h:250] Sleep in <BlockToStepN>, step_no=25, pq.top=24
E20240129 04:27:52.579185 13601 parallel_pq_v2.h:76] insert failed, size(hashtable)=1353
========== Step 25 ========== 
========== Step 25 ========== 
========== Step 25 ========== 
========== Step 25 ========== 
========== Step 25 ========== 
========== Step 25 ========== 
========== Step 25 ========== 
W20240129 04:27:52.985599 13601 grad_async_v2.h:121] Detect new sample comes, old_end5, new_end6
========== Step 25 ========== 
W20240129 04:27:53.569025 12374 grad_async_v2.h:250] Sleep in <BlockToStepN>, step_no=26, pq.top=26
E20240129 04:27:53.596746 13600 parallel_pq_v2.h:76] insert failed, size(hashtable)=2763
========== Step 26 ========== 
========== Step 26 ========== 
========== Step 26 ========== 
========== Step 26 ========== 
========== Step 26 ========== 
========== Step 26 ========== 
========== Step 26 ========== 
========== Step 26 ========== 
========== Step 27 ========== 
========== Step 27 ========== 
W20240129 04:27:54.202513 13601 grad_async_v2.h:121] Detect new sample comes, old_end7, new_end8
========== Step 27 ========== 
========== Step 27 ========== 
========== Step 27 ========== 
========== Step 27 ========== 
========== Step 27 ========== 
========== Step 27 ========== 
+---------------------------+---------------------------+---------------------------+
| Name                      | P50                       | P99                       |
+---------------------------+---------------------------+---------------------------+
| GenInput:CircleBuffer     | 190.566 us                | 494.179 us                |
| GenInput                  | 2.461 ms                  | 12.715 ms                 |
| NN                        | 1.101 ms                  | 155.004 ms                |
| Forward                   | 1.462 ms                  | 156.890 ms                |
| Backward                  | 3.307 ms                  | 46.815 ms                 |
| Optimize                  | 389.813 us                | 6.187 ms                  |
| BarrierTimeBeforeRank0    | 1.237 ms                  | 14.618 ms                 |
| AfterBackward             | 45.294 ms                 | 1.293 s                   |
| BlockToStepN              | 572.407 ms                | 592.510 ms                |
| OneStep                   | 620.277 ms                | 2.085 s                   |
+---------------------------+---------------------------+---------------------------+
W20240129 04:27:54.569013 12374 grad_async_v2.h:250] Sleep in <BlockToStepN>, step_no=28, pq.top=28
E20240129 04:27:54.596016 13600 parallel_pq_v2.h:76] insert failed, size(hashtable)=2023
========== Step 28 ========== 
========== Step 28 ========== 
========== Step 28 ========== 
========== Step 28 ========== 
========== Step 28 ========== 
========== Step 28 ========== 
========== Step 28 ========== 
========== Step 28 ========== 
========== Step 29 ========== 
========== Step 29 ========== 
========== Step 29 ========== 
========== Step 29 ========== 
========== Step 29 ========== 
========== Step 29 ========== 
========== Step 29 ========== 
W20240129 04:27:55.459595 13601 grad_async_v2.h:121] Detect new sample comes, old_end9, new_end0
========== Step 29 ========== 
W20240129 04:27:55.569028 12374 grad_async_v2.h:250] Sleep in <BlockToStepN>, step_no=30, pq.top=29
E20240129 04:27:55.596146 13601 parallel_pq_v2.h:76] insert failed, size(hashtable)=883
========== Step 30 ========== 
========== Step 30 ========== 
========== Step 30 ========== 
========== Step 30 ========== 
========== Step 30 ========== 
========== Step 30 ========== 
========== Step 30 ========== 
========== Step 30 ========== 
W20240129 04:27:56.569037 12374 grad_async_v2.h:250] Sleep in <BlockToStepN>, step_no=31, pq.top=31
E20240129 04:27:56.596987 13600 parallel_pq_v2.h:76] insert failed, size(hashtable)=2818
========== Step 31 ========== 
========== Step 31 ========== 
========== Step 31 ========== 
========== Step 31 ========== 
========== Step 31 ========== 
========== Step 31 ========== 
========== Step 31 ========== 
W20240129 04:27:56.662520 13601 grad_async_v2.h:121] Detect new sample comes, old_end1, new_end2
========== Step 31 ========== 
========== Step 32 ========== 
========== Step 32 ========== 
========== Step 32 ========== 
========== Step 32 ========== 
========== Step 32 ========== 
========== Step 32 ========== 
========== Step 32 ========== 
========== Step 32 ========== 
+---------------------------+---------------------------+---------------------------+
| Name                      | P50                       | P99                       |
+---------------------------+---------------------------+---------------------------+
| ProcessBack:Shuffle       | 9.278 ms                  | 392.211 ms                |
| ProcessBack:UpdateCache   | 2.279 ms                  | 840.802 ms                |
| ProcessBack:UpsertPq      | 30.787 ms                 | 43.038 ms                 |
| ProcessOneStep            | 44.114 ms                 | 1.292 s                   |
