WARNING: Logging before InitGoogleLogging() is written to STDERR
I20240212 22:30:13.410491 52156 IPC_barrier.h:128] MultiProcessBarrierFactory->ClearIPCMemory()
/data/home/xieminhui/RecStore/src/framework_adapters/torch/kg/dgl-0.9.1/python/dgl/_deprecate/graph.py:1023: DGLWarning: multigraph will be deprecated.DGL will treat all graphs as multigraph in the future.
  dgl_warning("multigraph will be deprecated." \
/data/home/xieminhui/RecStore/src/framework_adapters/torch/kg/dgl-0.9.1/python/dgl/heterograph.py:72: DGLWarning: Recommend creating graphs by `dgl.graph(data)` instead of `dgl.DGLGraph(data)`.
  dgl_warning('Recommend creating graphs by `dgl.graph(data)`'
Reading train triples....
Finished. Read 483142 train triples.
Reading valid triples....
Finished. Read 50000 valid triples.
Reading test triples....
Finished. Read 59071 test triples.
ARGS:  Namespace(model_name='SimplE', data_path='/home/xieminhui/dgl-data', dataset='FB15k', format='built_in', data_files=None, delimiter='\t', save_path='/tmp/ckpts/SimplE_FB15k_120', no_save_emb=True, max_step=500, batch_size=1200, batch_size_eval=16, neg_sample_size=200, neg_deg_sample=False, neg_deg_sample_eval=False, neg_sample_size_eval=14951, eval_percent=1, no_eval_filter=False, log_interval=100, eval_interval=10000, test=False, num_proc=8, num_thread=1, force_sync_interval=1, hidden_dim=400, lr=0.01, gamma=16.0, double_ent=False, double_rel=False, neg_adversarial_sampling=False, adversarial_temperature=1.0, regularization_coef=0.0, regularization_norm=3, pairwise=False, loss_genre='Logsigmoid', margin=1.0, nr_gpus=8, gpu=[0, 1, 2, 3, 4, 5, 6, 7], mix_cpu_gpu=True, valid=False, rel_part=False, async_update=None, has_edge_importance=False, cached_emb_type='KnownLocalCachedEmbedding', use_my_emb=True, cache_ratio=0.1, shuffle=False, backwardMode='PySync', L=10, nr_background_threads=32, update_cache_use_omp=1, update_pq_use_omp=2, kForwardItersPerStep=2, backgrad_init='both', eval_filter=True, soft_rel_part=False)
|Train|: 483142
original graph:  DGLGraph(num_nodes=14951, num_edges=592213,
         ndata_schemes={}
         edata_schemes={'tid': Scheme(shape=(), dtype=torch.int64)})
Loading cached metis
WARNING [52156 sampler.py:454] Start PreSampling
WARNING [52156 sampler.py:532] Before construct renumbering_dict
WARNING [52156 sampler.py:555] PreSampling done
W20240212 22:30:18.845427 52156 IPCTensor.h:369] NewIPCTensor: cached_sampler_r0_0 [1000000]0x100000002000 7.629 MB
W20240212 22:30:18.845582 52156 IPCTensor.h:369] NewIPCTensor: cached_sampler_r0_1 [1000000]0x1000007a5000 7.629 MB
W20240212 22:30:18.845616 52156 IPCTensor.h:369] NewIPCTensor: cached_sampler_r0_2 [1000000]0x100000f48000 7.629 MB
W20240212 22:30:18.845651 52156 IPCTensor.h:369] NewIPCTensor: cached_sampler_r0_3 [1000000]0x1000016eb000 7.629 MB
W20240212 22:30:18.845682 52156 IPCTensor.h:369] NewIPCTensor: cached_sampler_r0_4 [1000000]0x100001e8e000 7.629 MB
W20240212 22:30:18.845710 52156 IPCTensor.h:369] NewIPCTensor: cached_sampler_r0_5 [1000000]0x100002631000 7.629 MB
W20240212 22:30:18.845754 52156 IPCTensor.h:369] NewIPCTensor: cached_sampler_r0_6 [1000000]0x100002dd4000 7.629 MB
W20240212 22:30:18.845790 52156 IPCTensor.h:369] NewIPCTensor: cached_sampler_r0_7 [1000000]0x100003577000 7.629 MB
W20240212 22:30:18.845825 52156 IPCTensor.h:369] NewIPCTensor: cached_sampler_r0_8 [1000000]0x100003d1a000 7.629 MB
W20240212 22:30:18.845858 52156 IPCTensor.h:369] NewIPCTensor: cached_sampler_r0_9 [1000000]0x1000044bd000 7.629 MB
W20240212 22:30:18.845893 52156 IPCTensor.h:369] NewIPCTensor: step_r0 [10]0x100004c60000 80 B 
W20240212 22:30:18.845921 52156 IPCTensor.h:369] NewIPCTensor: circle_buffer_end_r0 [1]0x100004c62000 8 B 
W20240212 22:30:18.845952 52156 IPCTensor.h:369] NewIPCTensor: circle_buffer_end_cppseen_r0 [1]0x100004c64000 8 B 
W20240212 22:30:18.846063 52156 IPCTensor.h:369] NewIPCTensor: cached_sampler_r1_0 [1000000]0x100004c66000 7.629 MB
W20240212 22:30:18.846098 52156 IPCTensor.h:369] NewIPCTensor: cached_sampler_r1_1 [1000000]0x100005409000 7.629 MB
W20240212 22:30:18.846127 52156 IPCTensor.h:369] NewIPCTensor: cached_sampler_r1_2 [1000000]0x100005bac000 7.629 MB
W20240212 22:30:18.846177 52156 IPCTensor.h:369] NewIPCTensor: cached_sampler_r1_3 [1000000]0x10000634f000 7.629 MB
W20240212 22:30:18.846205 52156 IPCTensor.h:369] NewIPCTensor: cached_sampler_r1_4 [1000000]0x100006af2000 7.629 MB
W20240212 22:30:18.846253 52156 IPCTensor.h:369] NewIPCTensor: cached_sampler_r1_5 [1000000]0x100007295000 7.629 MB
W20240212 22:30:18.846287 52156 IPCTensor.h:369] NewIPCTensor: cached_sampler_r1_6 [1000000]0x100007a38000 7.629 MB
W20240212 22:30:18.846323 52156 IPCTensor.h:369] NewIPCTensor: cached_sampler_r1_7 [1000000]0x1000081db000 7.629 MB
W20240212 22:30:18.846350 52156 IPCTensor.h:369] NewIPCTensor: cached_sampler_r1_8 [1000000]0x10000897e000 7.629 MB
W20240212 22:30:18.846381 52156 IPCTensor.h:369] NewIPCTensor: cached_sampler_r1_9 [1000000]0x100009121000 7.629 MB
W20240212 22:30:18.846411 52156 IPCTensor.h:369] NewIPCTensor: step_r1 [10]0x1000098c4000 80 B 
W20240212 22:30:18.846436 52156 IPCTensor.h:369] NewIPCTensor: circle_buffer_end_r1 [1]0x1000098c6000 8 B 
W20240212 22:30:18.846462 52156 IPCTensor.h:369] NewIPCTensor: circle_buffer_end_cppseen_r1 [1]0x1000098c8000 8 B 
W20240212 22:30:18.846520 52156 IPCTensor.h:369] NewIPCTensor: cached_sampler_r2_0 [1000000]0x1000098ca000 7.629 MB
W20240212 22:30:18.846560 52156 IPCTensor.h:369] NewIPCTensor: cached_sampler_r2_1 [1000000]0x10000a06d000 7.629 MB
W20240212 22:30:18.846596 52156 IPCTensor.h:369] NewIPCTensor: cached_sampler_r2_2 [1000000]0x10000a810000 7.629 MB
W20240212 22:30:18.846629 52156 IPCTensor.h:369] NewIPCTensor: cached_sampler_r2_3 [1000000]0x10000afb3000 7.629 MB
W20240212 22:30:18.846661 52156 IPCTensor.h:369] NewIPCTensor: cached_sampler_r2_4 [1000000]0x10000b756000 7.629 MB
W20240212 22:30:18.846695 52156 IPCTensor.h:369] NewIPCTensor: cached_sampler_r2_5 [1000000]0x10000bef9000 7.629 MB
W20240212 22:30:18.846726 52156 IPCTensor.h:369] NewIPCTensor: cached_sampler_r2_6 [1000000]0x10000c69c000 7.629 MB
W20240212 22:30:18.846765 52156 IPCTensor.h:369] NewIPCTensor: cached_sampler_r2_7 [1000000]0x10000ce3f000 7.629 MB
W20240212 22:30:18.846797 52156 IPCTensor.h:369] NewIPCTensor: cached_sampler_r2_8 [1000000]0x10000d5e2000 7.629 MB
W20240212 22:30:18.846830 52156 IPCTensor.h:369] NewIPCTensor: cached_sampler_r2_9 [1000000]0x10000dd85000 7.629 MB
W20240212 22:30:18.846863 52156 IPCTensor.h:369] NewIPCTensor: step_r2 [10]0x10000e528000 80 B 
W20240212 22:30:18.846886 52156 IPCTensor.h:369] NewIPCTensor: circle_buffer_end_r2 [1]0x10000e52a000 8 B 
W20240212 22:30:18.846909 52156 IPCTensor.h:369] NewIPCTensor: circle_buffer_end_cppseen_r2 [1]0x10000e52c000 8 B 
W20240212 22:30:18.846959 52156 IPCTensor.h:369] NewIPCTensor: cached_sampler_r3_0 [1000000]0x10000e52e000 7.629 MB
W20240212 22:30:18.846988 52156 IPCTensor.h:369] NewIPCTensor: cached_sampler_r3_1 [1000000]0x10000ecd1000 7.629 MB
W20240212 22:30:18.847019 52156 IPCTensor.h:369] NewIPCTensor: cached_sampler_r3_2 [1000000]0x10000f474000 7.629 MB
W20240212 22:30:18.847054 52156 IPCTensor.h:369] NewIPCTensor: cached_sampler_r3_3 [1000000]0x10000fc17000 7.629 MB
W20240212 22:30:18.847081 52156 IPCTensor.h:369] NewIPCTensor: cached_sampler_r3_4 [1000000]0x1000103ba000 7.629 MB
W20240212 22:30:18.847115 52156 IPCTensor.h:369] NewIPCTensor: cached_sampler_r3_5 [1000000]0x100010b5d000 7.629 MB
W20240212 22:30:18.847151 52156 IPCTensor.h:369] NewIPCTensor: cached_sampler_r3_6 [1000000]0x100011300000 7.629 MB
W20240212 22:30:18.847184 52156 IPCTensor.h:369] NewIPCTensor: cached_sampler_r3_7 [1000000]0x100011aa3000 7.629 MB
W20240212 22:30:18.847214 52156 IPCTensor.h:369] NewIPCTensor: cached_sampler_r3_8 [1000000]0x100012246000 7.629 MB
W20240212 22:30:18.847252 52156 IPCTensor.h:369] NewIPCTensor: cached_sampler_r3_9 [1000000]0x1000129e9000 7.629 MB
W20240212 22:30:18.847280 52156 IPCTensor.h:369] NewIPCTensor: step_r3 [10]0x10001318c000 80 B 
W20240212 22:30:18.847303 52156 IPCTensor.h:369] NewIPCTensor: circle_buffer_end_r3 [1]0x10001318e000 8 B 
W20240212 22:30:18.847327 52156 IPCTensor.h:369] NewIPCTensor: circle_buffer_end_cppseen_r3 [1]0x100013190000 8 B 
W20240212 22:30:18.847383 52156 IPCTensor.h:369] NewIPCTensor: cached_sampler_r4_0 [1000000]0x100013192000 7.629 MB
W20240212 22:30:18.847414 52156 IPCTensor.h:369] NewIPCTensor: cached_sampler_r4_1 [1000000]0x100013935000 7.629 MB
W20240212 22:30:18.847442 52156 IPCTensor.h:369] NewIPCTensor: cached_sampler_r4_2 [1000000]0x1000140d8000 7.629 MB
W20240212 22:30:18.847479 52156 IPCTensor.h:369] NewIPCTensor: cached_sampler_r4_3 [1000000]0x10001487b000 7.629 MB
W20240212 22:30:18.847507 52156 IPCTensor.h:369] NewIPCTensor: cached_sampler_r4_4 [1000000]0x10001501e000 7.629 MB
W20240212 22:30:18.847539 52156 IPCTensor.h:369] NewIPCTensor: cached_sampler_r4_5 [1000000]0x1000157c1000 7.629 MB
W20240212 22:30:18.847568 52156 IPCTensor.h:369] NewIPCTensor: cached_sampler_r4_6 [1000000]0x100015f64000 7.629 MB
W20240212 22:30:18.847595 52156 IPCTensor.h:369] NewIPCTensor: cached_sampler_r4_7 [1000000]0x100016707000 7.629 MB
W20240212 22:30:18.847628 52156 IPCTensor.h:369] NewIPCTensor: cached_sampler_r4_8 [1000000]0x100016eaa000 7.629 MB
W20240212 22:30:18.847662 52156 IPCTensor.h:369] NewIPCTensor: cached_sampler_r4_9 [1000000]0x10001764d000 7.629 MB
W20240212 22:30:18.847690 52156 IPCTensor.h:369] NewIPCTensor: step_r4 [10]0x100017df0000 80 B 
W20240212 22:30:18.847714 52156 IPCTensor.h:369] NewIPCTensor: circle_buffer_end_r4 [1]0x100017df2000 8 B 
W20240212 22:30:18.847738 52156 IPCTensor.h:369] NewIPCTensor: circle_buffer_end_cppseen_r4 [1]0x100017df4000 8 B 
W20240212 22:30:18.847787 52156 IPCTensor.h:369] NewIPCTensor: cached_sampler_r5_0 [1000000]0x100017df6000 7.629 MB
W20240212 22:30:18.847822 52156 IPCTensor.h:369] NewIPCTensor: cached_sampler_r5_1 [1000000]0x100018599000 7.629 MB
W20240212 22:30:18.847851 52156 IPCTensor.h:369] NewIPCTensor: cached_sampler_r5_2 [1000000]0x100018d3c000 7.629 MB
W20240212 22:30:18.847887 52156 IPCTensor.h:369] NewIPCTensor: cached_sampler_r5_3 [1000000]0x1000194df000 7.629 MB
W20240212 22:30:18.847918 52156 IPCTensor.h:369] NewIPCTensor: cached_sampler_r5_4 [1000000]0x100019c82000 7.629 MB
W20240212 22:30:18.847947 52156 IPCTensor.h:369] NewIPCTensor: cached_sampler_r5_5 [1000000]0x10001a425000 7.629 MB
W20240212 22:30:18.847990 52156 IPCTensor.h:369] NewIPCTensor: cached_sampler_r5_6 [1000000]0x10001abc8000 7.629 MB
W20240212 22:30:18.848019 52156 IPCTensor.h:369] NewIPCTensor: cached_sampler_r5_7 [1000000]0x10001b36b000 7.629 MB
W20240212 22:30:18.848060 52156 IPCTensor.h:369] NewIPCTensor: cached_sampler_r5_8 [1000000]0x10001bb0e000 7.629 MB
W20240212 22:30:18.848095 52156 IPCTensor.h:369] NewIPCTensor: cached_sampler_r5_9 [1000000]0x10001c2b1000 7.629 MB
W20240212 22:30:18.848124 52156 IPCTensor.h:369] NewIPCTensor: step_r5 [10]0x10001ca54000 80 B 
W20240212 22:30:18.848147 52156 IPCTensor.h:369] NewIPCTensor: circle_buffer_end_r5 [1]0x10001ca56000 8 B 
W20240212 22:30:18.848171 52156 IPCTensor.h:369] NewIPCTensor: circle_buffer_end_cppseen_r5 [1]0x10001ca58000 8 B 
W20240212 22:30:18.848242 52156 IPCTensor.h:369] NewIPCTensor: cached_sampler_r6_0 [1000000]0x10001ca5a000 7.629 MB
W20240212 22:30:18.848286 52156 IPCTensor.h:369] NewIPCTensor: cached_sampler_r6_1 [1000000]0x10001d1fd000 7.629 MB
W20240212 22:30:18.848321 52156 IPCTensor.h:369] NewIPCTensor: cached_sampler_r6_2 [1000000]0x10001d9a0000 7.629 MB
W20240212 22:30:18.848412 52156 IPCTensor.h:369] NewIPCTensor: cached_sampler_r6_3 [1000000]0x10001e143000 7.629 MB
W20240212 22:30:18.848448 52156 IPCTensor.h:369] NewIPCTensor: cached_sampler_r6_4 [1000000]0x10001e8e6000 7.629 MB
W20240212 22:30:18.848484 52156 IPCTensor.h:369] NewIPCTensor: cached_sampler_r6_5 [1000000]0x10001f089000 7.629 MB
W20240212 22:30:18.848520 52156 IPCTensor.h:369] NewIPCTensor: cached_sampler_r6_6 [1000000]0x10001f82c000 7.629 MB
W20240212 22:30:18.848548 52156 IPCTensor.h:369] NewIPCTensor: cached_sampler_r6_7 [1000000]0x10001ffcf000 7.629 MB
W20240212 22:30:18.848583 52156 IPCTensor.h:369] NewIPCTensor: cached_sampler_r6_8 [1000000]0x100020772000 7.629 MB
W20240212 22:30:18.848618 52156 IPCTensor.h:369] NewIPCTensor: cached_sampler_r6_9 [1000000]0x100020f15000 7.629 MB
W20240212 22:30:18.848651 52156 IPCTensor.h:369] NewIPCTensor: step_r6 [10]0x1000216b8000 80 B 
W20240212 22:30:18.848680 52156 IPCTensor.h:369] NewIPCTensor: circle_buffer_end_r6 [1]0x1000216ba000 8 B 
W20240212 22:30:18.848708 52156 IPCTensor.h:369] NewIPCTensor: circle_buffer_end_cppseen_r6 [1]0x1000216bc000 8 B 
W20240212 22:30:18.848819 52156 IPCTensor.h:369] NewIPCTensor: cached_sampler_r7_0 [1000000]0x1000216be000 7.629 MB
W20240212 22:30:18.848855 52156 IPCTensor.h:369] NewIPCTensor: cached_sampler_r7_1 [1000000]0x100021e61000 7.629 MB
W20240212 22:30:18.848887 52156 IPCTensor.h:369] NewIPCTensor: cached_sampler_r7_2 [1000000]0x100022604000 7.629 MB
W20240212 22:30:18.848917 52156 IPCTensor.h:369] NewIPCTensor: cached_sampler_r7_3 [1000000]0x100022da7000 7.629 MB
W20240212 22:30:18.848951 52156 IPCTensor.h:369] NewIPCTensor: cached_sampler_r7_4 [1000000]0x10002354a000 7.629 MB
W20240212 22:30:18.848981 52156 IPCTensor.h:369] NewIPCTensor: cached_sampler_r7_5 [1000000]0x100023ced000 7.629 MB
W20240212 22:30:18.849011 52156 IPCTensor.h:369] NewIPCTensor: cached_sampler_r7_6 [1000000]0x100024490000 7.629 MB
W20240212 22:30:18.849043 52156 IPCTensor.h:369] NewIPCTensor: cached_sampler_r7_7 [1000000]0x100024c33000 7.629 MB
W20240212 22:30:18.849076 52156 IPCTensor.h:369] NewIPCTensor: cached_sampler_r7_8 [1000000]0x1000253d6000 7.629 MB
W20240212 22:30:18.849112 52156 IPCTensor.h:369] NewIPCTensor: cached_sampler_r7_9 [1000000]0x100025b79000 7.629 MB
W20240212 22:30:18.849145 52156 IPCTensor.h:369] NewIPCTensor: step_r7 [10]0x10002631c000 80 B 
W20240212 22:30:18.849169 52156 IPCTensor.h:369] NewIPCTensor: circle_buffer_end_r7 [1]0x10002631e000 8 B 
W20240212 22:30:18.849197 52156 IPCTensor.h:369] NewIPCTensor: circle_buffer_end_cppseen_r7 [1]0x100026320000 8 B 
W20240212 22:30:19.086207 52156 IPCTensor.h:369] NewIPCTensor: full_emb [14951, 400]0x100026322000 22.81 MB
W20240212 22:30:19.177632 52156 IPCTensor.h:369] NewIPCTensor: full_emb_SparseRowWiseAdaGrad_sum [14951]0x1000279f4000 58.4 kB
{0: Graph(num_nodes=8499, num_edges=86694,
      ndata_schemes={'_ID': Scheme(shape=(), dtype=torch.int64), 'inner_node': Scheme(shape=(), dtype=torch.int32), 'part_id': Scheme(shape=(), dtype=torch.int64)}
      edata_schemes={'_ID': Scheme(shape=(), dtype=torch.int64), 'inner_edge': Scheme(shape=(), dtype=torch.int8)}), 1: Graph(num_nodes=6140, num_edges=88951,
      ndata_schemes={'_ID': Scheme(shape=(), dtype=torch.int64), 'inner_node': Scheme(shape=(), dtype=torch.int32), 'part_id': Scheme(shape=(), dtype=torch.int64)}
      edata_schemes={'_ID': Scheme(shape=(), dtype=torch.int64), 'inner_edge': Scheme(shape=(), dtype=torch.int8)}), 2: Graph(num_nodes=8646, num_edges=109741,
      ndata_schemes={'_ID': Scheme(shape=(), dtype=torch.int64), 'inner_node': Scheme(shape=(), dtype=torch.int32), 'part_id': Scheme(shape=(), dtype=torch.int64)}
      edata_schemes={'_ID': Scheme(shape=(), dtype=torch.int64), 'inner_edge': Scheme(shape=(), dtype=torch.int8)}), 3: Graph(num_nodes=8503, num_edges=86907,
      ndata_schemes={'_ID': Scheme(shape=(), dtype=torch.int64), 'inner_node': Scheme(shape=(), dtype=torch.int32), 'part_id': Scheme(shape=(), dtype=torch.int64)}
      edata_schemes={'_ID': Scheme(shape=(), dtype=torch.int64), 'inner_edge': Scheme(shape=(), dtype=torch.int8)}), 4: Graph(num_nodes=10597, num_edges=122217,
      ndata_schemes={'_ID': Scheme(shape=(), dtype=torch.int64), 'inner_node': Scheme(shape=(), dtype=torch.int32), 'part_id': Scheme(shape=(), dtype=torch.int64)}
      edata_schemes={'_ID': Scheme(shape=(), dtype=torch.int64), 'inner_edge': Scheme(shape=(), dtype=torch.int8)}), 5: Graph(num_nodes=8255, num_edges=102550,
      ndata_schemes={'_ID': Scheme(shape=(), dtype=torch.int64), 'inner_node': Scheme(shape=(), dtype=torch.int32), 'part_id': Scheme(shape=(), dtype=torch.int64)}
      edata_schemes={'_ID': Scheme(shape=(), dtype=torch.int64), 'inner_edge': Scheme(shape=(), dtype=torch.int8)}), 6: Graph(num_nodes=7422, num_edges=104094,
      ndata_schemes={'_ID': Scheme(shape=(), dtype=torch.int64), 'inner_node': Scheme(shape=(), dtype=torch.int32), 'part_id': Scheme(shape=(), dtype=torch.int64)}
      edata_schemes={'_ID': Scheme(shape=(), dtype=torch.int64), 'inner_edge': Scheme(shape=(), dtype=torch.int8)}), 7: Graph(num_nodes=7815, num_edges=137832,
      ndata_schemes={'_ID': Scheme(shape=(), dtype=torch.int64), 'inner_node': Scheme(shape=(), dtype=torch.int32), 'part_id': Scheme(shape=(), dtype=torch.int64)}
      edata_schemes={'_ID': Scheme(shape=(), dtype=torch.int64), 'inner_edge': Scheme(shape=(), dtype=torch.int8)})}
MertisPartition: part 0 has 8499 N 86694 E
MertisPartition: part 1 has 6140 N 88951 E
MertisPartition: part 2 has 8646 N 109741 E
MertisPartition: part 3 has 8503 N 86907 E
MertisPartition: part 4 has 10597 N 122217 E
MertisPartition: part 5 has 8255 N 102550 E
MertisPartition: part 6 has 7422 N 104094 E
MertisPartition: part 7 has 7815 N 137832 E
Rank0: cached key size 186
Rank1: cached key size 186
Rank2: cached key size 186
Rank3: cached key size 186
Rank4: cached key size 186
Rank5: cached key size 186
Rank6: cached key size 186
Rank7: cached key size 186
Before renumbering graph:  {'_ID': tensor([    0,    15,    36,  ..., 11946,  9147, 13282]), 'inner_node': tensor([1, 1, 1,  ..., 0, 0, 0], dtype=torch.int32), 'part_id': tensor([0, 0, 0,  ..., 6, 3, 7])}
After renumbering graph:  {'_ID': tensor([1488, 1699, 2034,  ..., 9339, 9361, 7589]), 'inner_node': tensor([1, 1, 1,  ..., 0, 0, 0], dtype=torch.int32), 'part_id': tensor([0, 0, 0,  ..., 6, 3, 7])}
part_g: DGLGraph(num_nodes=8499, num_edges=86694,
         ndata_schemes={'_ID': Scheme(shape=(), dtype=torch.int64)}
         edata_schemes={'tid': Scheme(shape=(), dtype=torch.int64)})
part_g: DGLGraph(num_nodes=8499, num_edges=86694,
         ndata_schemes={'_ID': Scheme(shape=(), dtype=torch.int64)}
         edata_schemes={'tid': Scheme(shape=(), dtype=torch.int64)})
Total initialize time 5.866 seconds
[Rank1] pid = 52364
[Rank2] pid = 52418
[Rank3] pid = 52492
[Rank4] pid = 52556
[Rank5] pid = 52620
[Rank6] pid = 52684
INFO [52156 distributed_c10d.py:442] Added key: store_based_barrier_key:1 to store for rank: 0
INFO [52364 distributed_c10d.py:442] Added key: store_based_barrier_key:1 to store for rank: 1
INFO [52418 distributed_c10d.py:442] Added key: store_based_barrier_key:1 to store for rank: 2
INFO [52620 distributed_c10d.py:442] Added key: store_based_barrier_key:1 to store for rank: 5
INFO [52492 distributed_c10d.py:442] Added key: store_based_barrier_key:1 to store for rank: 3
INFO [52556 distributed_c10d.py:442] Added key: store_based_barrier_key:1 to store for rank: 4
INFO [52684 distributed_c10d.py:442] Added key: store_based_barrier_key:1 to store for rank: 6
INFO [52748 distributed_c10d.py:442] Added key: store_based_barrier_key:1 to store for rank: 7
INFO [52556 distributed_c10d.py:476] Rank 4: Completed store-based barrier for key:store_based_barrier_key:1 with 8 nodes.
INFO [52418 distributed_c10d.py:476] Rank 2: Completed store-based barrier for key:store_based_barrier_key:1 with 8 nodes.
INFO [52684 distributed_c10d.py:476] Rank 6: Completed store-based barrier for key:store_based_barrier_key:1 with 8 nodes.
INFO [52492 distributed_c10d.py:476] Rank 3: Completed store-based barrier for key:store_based_barrier_key:1 with 8 nodes.
INFO [52748 distributed_c10d.py:476] Rank 7: Completed store-based barrier for key:store_based_barrier_key:1 with 8 nodes.
INFO [52620 distributed_c10d.py:476] Rank 5: Completed store-based barrier for key:store_based_barrier_key:1 with 8 nodes.
INFO [52156 distributed_c10d.py:476] Rank 0: Completed store-based barrier for key:store_based_barrier_key:1 with 8 nodes.
INFO [52364 distributed_c10d.py:476] Rank 1: Completed store-based barrier for key:store_based_barrier_key:1 with 8 nodes.
W20240212 22:30:22.212082 52749 IPCTensor.h:409] NewIPCGPUTensor: embedding_cache_0 [1495, 400]; dev=0; size=2.281 MB
W20240212 22:30:22.212208 52557 IPCTensor.h:409] NewIPCGPUTensor: embedding_cache_4 [1495, 400]; dev=4; size=2.281 MB
W20240212 22:30:22.212550 52493 IPCTensor.h:409] NewIPCGPUTensor: embedding_cache_3 [1495, 400]; dev=3; size=2.281 MB
W20240212 22:30:22.212546 52685 IPCTensor.h:409] NewIPCGPUTensor: embedding_cache_6 [1495, 400]; dev=6; size=2.281 MB
W20240212 22:30:22.212555 52429 IPCTensor.h:409] NewIPCGPUTensor: embedding_cache_2 [1495, 400]; dev=2; size=2.281 MB
W20240212 22:30:22.213542 52763 IPCTensor.h:409] NewIPCGPUTensor: embedding_cache_7 [1495, 400]; dev=7; size=2.281 MB
W20240212 22:30:22.213542 52621 IPCTensor.h:409] NewIPCGPUTensor: embedding_cache_5 [1495, 400]; dev=5; size=2.281 MB
W20240212 22:30:22.216029 52365 IPCTensor.h:409] NewIPCGPUTensor: embedding_cache_1 [1495, 400]; dev=1; size=2.281 MB
W20240212 22:30:26.435156 52685 IPCTensor.h:369] NewIPCTensor: input_keys_6 [1000000]0x100027a06000 7.629 MB
W20240212 22:30:26.435618 52685 IPCTensor.h:369] NewIPCTensor: input_keys_neg_6 [1000000]0x1000281a9000 7.629 MB
W20240212 22:30:26.435825 52685 IPCTensor.h:369] NewIPCTensor: backward_grads_6 [1000000, 400]0x10002894c000 1.49 GB
W20240212 22:30:26.435988 52685 IPCTensor.h:369] NewIPCTensor: backward_grads_neg_6 [1000000, 400]0x100087f2f000 1.49 GB
W20240212 22:30:26.436179 52685 IPCTensor.h:409] NewIPCGPUTensor: backward_grads_6_gpu [1000000, 400]; dev=6; size=1.49 GB
W20240212 22:30:26.446254 52749 IPCTensor.h:369] NewIPCTensor: input_keys_0 [1000000]0x1000e7514000 7.629 MB
W20240212 22:30:26.446558 52749 IPCTensor.h:369] NewIPCTensor: input_keys_neg_0 [1000000]0x1000e7cb9000 7.629 MB
W20240212 22:30:26.446650 52685 IPCTensor.h:409] NewIPCGPUTensor: backward_grads_neg_6_gpu [1000000, 400]; dev=6; size=1.49 GB
W20240212 22:30:26.446703 52749 IPCTensor.h:369] NewIPCTensor: backward_grads_0 [1000000, 400]0x1000e845c000 1.49 GB
W20240212 22:30:26.446851 52749 IPCTensor.h:369] NewIPCTensor: backward_grads_neg_0 [1000000, 400]0x100147a3f000 1.49 GB
W20240212 22:30:26.446990 52749 IPCTensor.h:409] NewIPCGPUTensor: backward_grads_0_gpu [1000000, 400]; dev=0; size=1.49 GB
W20240212 22:30:26.454946 52749 IPCTensor.h:409] NewIPCGPUTensor: backward_grads_neg_0_gpu [1000000, 400]; dev=0; size=1.49 GB
W20240212 22:30:26.460961 52365 IPCTensor.h:369] NewIPCTensor: input_keys_1 [1000000]0x1001a702a000 7.629 MB
W20240212 22:30:26.461287 52365 IPCTensor.h:369] NewIPCTensor: input_keys_neg_1 [1000000]0x1001a77cd000 7.629 MB
W20240212 22:30:26.461478 52365 IPCTensor.h:369] NewIPCTensor: backward_grads_1 [1000000, 400]0x1001a7f70000 1.49 GB
W20240212 22:30:26.461599 52365 IPCTensor.h:369] NewIPCTensor: backward_grads_neg_1 [1000000, 400]0x100207553000 1.49 GB
W20240212 22:30:26.461707 52365 IPCTensor.h:409] NewIPCGPUTensor: backward_grads_1_gpu [1000000, 400]; dev=1; size=1.49 GB
W20240212 22:30:26.468631 52493 IPCTensor.h:369] NewIPCTensor: input_keys_3 [1000000]0x100266b3a000 7.629 MB
W20240212 22:30:26.468688 52365 IPCTensor.h:409] NewIPCGPUTensor: backward_grads_neg_1_gpu [1000000, 400]; dev=1; size=1.49 GB
W20240212 22:30:26.468938 52493 IPCTensor.h:369] NewIPCTensor: input_keys_neg_3 [1000000]0x1002672dd000 7.629 MB
W20240212 22:30:26.469128 52493 IPCTensor.h:369] NewIPCTensor: backward_grads_3 [1000000, 400]0x100267a80000 1.49 GB
W20240212 22:30:26.469270 52493 IPCTensor.h:369] NewIPCTensor: backward_grads_neg_3 [1000000, 400]0x1002c7063000 1.49 GB
W20240212 22:30:26.469411 52493 IPCTensor.h:409] NewIPCGPUTensor: backward_grads_3_gpu [1000000, 400]; dev=3; size=1.49 GB
W20240212 22:30:26.480477 52493 IPCTensor.h:409] NewIPCGPUTensor: backward_grads_neg_3_gpu [1000000, 400]; dev=3; size=1.49 GB
W20240212 22:30:26.491382 52429 IPCTensor.h:369] NewIPCTensor: input_keys_2 [1000000]0x10032664e000 7.629 MB
W20240212 22:30:26.491652 52429 IPCTensor.h:369] NewIPCTensor: input_keys_neg_2 [1000000]0x100326df1000 7.629 MB
W20240212 22:30:26.491827 52429 IPCTensor.h:369] NewIPCTensor: backward_grads_2 [1000000, 400]0x100327594000 1.49 GB
W20240212 22:30:26.491947 52429 IPCTensor.h:369] NewIPCTensor: backward_grads_neg_2 [1000000, 400]0x100386b77000 1.49 GB
W20240212 22:30:26.492106 52429 IPCTensor.h:409] NewIPCGPUTensor: backward_grads_2_gpu [1000000, 400]; dev=2; size=1.49 GB
W20240212 22:30:26.498989 52621 IPCTensor.h:369] NewIPCTensor: input_keys_5 [1000000]0x1003e615e000 7.629 MB
W20240212 22:30:26.499070 52429 IPCTensor.h:409] NewIPCGPUTensor: backward_grads_neg_2_gpu [1000000, 400]; dev=2; size=1.49 GB
W20240212 22:30:26.499349 52621 IPCTensor.h:369] NewIPCTensor: input_keys_neg_5 [1000000]0x1003e6901000 7.629 MB
W20240212 22:30:26.499560 52621 IPCTensor.h:369] NewIPCTensor: backward_grads_5 [1000000, 400]0x1003e70a4000 1.49 GB
W20240212 22:30:26.499719 52621 IPCTensor.h:369] NewIPCTensor: backward_grads_neg_5 [1000000, 400]0x100446687000 1.49 GB
W20240212 22:30:26.499877 52621 IPCTensor.h:409] NewIPCGPUTensor: backward_grads_5_gpu [1000000, 400]; dev=5; size=1.49 GB
W20240212 22:30:26.512213 52621 IPCTensor.h:409] NewIPCGPUTensor: backward_grads_neg_5_gpu [1000000, 400]; dev=5; size=1.49 GB
W20240212 22:30:26.529479 52763 IPCTensor.h:369] NewIPCTensor: input_keys_7 [1000000]0x1004a5c74000 7.629 MB
W20240212 22:30:26.529583 52763 IPCTensor.h:369] NewIPCTensor: input_keys_neg_7 [1000000]0x1004a6417000 7.629 MB
W20240212 22:30:26.529640 52763 IPCTensor.h:369] NewIPCTensor: backward_grads_7 [1000000, 400]0x1004a6bba000 1.49 GB
W20240212 22:30:26.529683 52763 IPCTensor.h:369] NewIPCTensor: backward_grads_neg_7 [1000000, 400]0x10050619d000 1.49 GB
W20240212 22:30:26.529724 52763 IPCTensor.h:409] NewIPCGPUTensor: backward_grads_7_gpu [1000000, 400]; dev=7; size=1.49 GB
W20240212 22:30:26.529788 52557 IPCTensor.h:369] NewIPCTensor: input_keys_4 [1000000]0x100565780000 7.629 MB
W20240212 22:30:26.530056 52557 IPCTensor.h:369] NewIPCTensor: input_keys_neg_4 [1000000]0x100565f23000 7.629 MB
W20240212 22:30:26.530228 52557 IPCTensor.h:369] NewIPCTensor: backward_grads_4 [1000000, 400]0x1005666c6000 1.49 GB
W20240212 22:30:26.530376 52557 IPCTensor.h:369] NewIPCTensor: backward_grads_neg_4 [1000000, 400]0x1005c5ca9000 1.49 GB
W20240212 22:30:26.530506 52557 IPCTensor.h:409] NewIPCGPUTensor: backward_grads_4_gpu [1000000, 400]; dev=4; size=1.49 GB
W20240212 22:30:26.539187 52763 IPCTensor.h:409] NewIPCGPUTensor: backward_grads_neg_7_gpu [1000000, 400]; dev=7; size=1.49 GB
W20240212 22:30:26.539278 52557 IPCTensor.h:409] NewIPCGPUTensor: backward_grads_neg_4_gpu [1000000, 400]; dev=4; size=1.49 GB
cudaHostRegister 0x100026322000
2: KnownLocalCachedEmbedding init done
WARNING [52418 DistTensor.py:59] The tensor name already exists in the kvstore
cudaHostRegister 0x100026322000
6: KnownLocalCachedEmbedding init done
cudaHostRegister 0x100026322000
3: KnownLocalCachedEmbedding init done
WARNING [52492 DistTensor.py:59] The tensor name already exists in the kvstore
WARNING [52684 DistTensor.py:59] The tensor name already exists in the kvstore
cudaHostRegister 0x100026322000
5: KnownLocalCachedEmbedding init done
WARNING [52620 DistTensor.py:59] The tensor name already exists in the kvstore
cudaHostRegister 0x100026322000
4: KnownLocalCachedEmbedding init done
WARNING [52556 DistTensor.py:59] The tensor name already exists in the kvstore
cudaHostRegister 0x100026322000
1: KnownLocalCachedEmbedding init done
WARNING [52364 DistTensor.py:59] The tensor name already exists in the kvstore
cudaHostRegister 0x100026322000
7: KnownLocalCachedEmbedding init done
WARNING [52748 DistTensor.py:59] The tensor name already exists in the kvstore
[Rank7] pid = 52748
New CachedEmbedding, name=full_emb, shape=(14951, 400), cache_type=KnownLocalCachedEmbedding
fixed cache_range is [(0, 1495), (1495, 2990), (2990, 4485), (4485, 5980), (5980, 7475), (7475, 8970), (8970, 10465), (10465, 11960)]
cudaHostRegister 0x100026322000
0: KnownLocalCachedEmbedding init done
WARNING [52156 DistTensor.py:59] The tensor name already exists in the kvstore
I20240212 22:30:29.480811 52749 IPC_barrier.h:118] CreateBarrier: new barrier, name: kgcachecontroller, count: 8
I20240212 22:30:29.481071 52685 IPC_barrier.h:112] CreateBarrier: find existing barrier, name: kgcachecontroller, count: 8
I20240212 22:30:29.481410 52621 IPC_barrier.h:112] CreateBarrier: find existing barrier, name: kgcachecontroller, count: 8
I20240212 22:30:29.481505 52493 IPC_barrier.h:112] CreateBarrier: find existing barrier, name: kgcachecontroller, count: 8
I20240212 22:30:29.481583 52429 IPC_barrier.h:112] CreateBarrier: find existing barrier, name: kgcachecontroller, count: 8
I20240212 22:30:29.481735 52557 IPC_barrier.h:112] CreateBarrier: find existing barrier, name: kgcachecontroller, count: 8
I20240212 22:30:29.481853 52763 IPC_barrier.h:112] CreateBarrier: find existing barrier, name: kgcachecontroller, count: 8
I20240212 22:30:29.481983 52365 IPC_barrier.h:112] CreateBarrier: find existing barrier, name: kgcachecontroller, count: 8
E20240212 22:30:30.297984 52365 recstore.cc:66] init folly done
E20240212 22:30:30.297971 52429 recstore.cc:66] init folly done
E20240212 22:30:30.298043 52557 recstore.cc:66] init folly done
E20240212 22:30:30.298018 52685 recstore.cc:66] init folly done
E20240212 22:30:30.298077 52763 recstore.cc:66] init folly done
E20240212 22:30:30.298409 52749 recstore.cc:66] init folly done
E20240212 22:30:30.298714 52621 recstore.cc:66] init folly done
E20240212 22:30:30.298728 52493 recstore.cc:66] init folly done
I20240212 22:30:30.370723 52763 IPC_barrier.h:118] CreateBarrier: new barrier, name: start_barrier, count: 8
I20240212 22:30:30.372967 52685 IPC_barrier.h:112] CreateBarrier: find existing barrier, name: start_barrier, count: 8
I20240212 22:30:30.377831 52621 IPC_barrier.h:112] CreateBarrier: find existing barrier, name: start_barrier, count: 8
I20240212 22:30:30.378023 52429 IPC_barrier.h:112] CreateBarrier: find existing barrier, name: start_barrier, count: 8
I20240212 22:30:30.380160 52493 IPC_barrier.h:112] CreateBarrier: find existing barrier, name: start_barrier, count: 8
I20240212 22:30:30.387975 52557 IPC_barrier.h:112] CreateBarrier: find existing barrier, name: start_barrier, count: 8
I20240212 22:30:30.391783 52749 IPC_barrier.h:112] CreateBarrier: find existing barrier, name: start_barrier, count: 8
I20240212 22:30:30.409327 52365 IPC_barrier.h:112] CreateBarrier: find existing barrier, name: start_barrier, count: 8
+---------------------------+---------------------------+---------------------------+
| Name                      | P50                       | P99                       |
+---------------------------+---------------------------+---------------------------+
| GenInput                  | 772.315 us                | 772.315 us                |
| Forward                   | 476.969 ms                | 476.969 ms                |
| back: bucket keys         | 21.085 ms                 | 21.085 ms                 |
+---------------------------+---------------------------+---------------------------+
+---------------------------+---------------------------+---------------------------+
| Name                      | P50                       | P99                       |
+---------------------------+---------------------------+---------------------------+
| GenInput                  | 772.315 us                | 772.315 us                |
| Forward                   | 476.969 ms                | 476.969 ms                |
| back: bucket keys         | 21.085 ms                 | 21.085 ms                 |
+---------------------------+---------------------------+---------------------------+
+---------------------------+---------------------------+---------------------------+
| Name                      | P50                       | P99                       |
+---------------------------+---------------------------+---------------------------+
| GenInput                  | 772.315 us                | 772.315 us                |
| Forward                   | 476.969 ms                | 476.969 ms                |
| back: bucket keys         | 21.085 ms                 | 21.085 ms                 |
+---------------------------+---------------------------+---------------------------+
+---------------------------+---------------------------+---------------------------+
| Name                      | P50                       | P99                       |
+---------------------------+---------------------------+---------------------------+
| GenInput                  | 772.315 us                | 772.315 us                |
| Forward                   | 476.969 ms                | 476.969 ms                |
| back: bucket keys         | 21.085 ms                 | 21.085 ms                 |
+---------------------------+---------------------------+---------------------------+
+---------------------------+---------------------------+---------------------------+
| Name                      | P50                       | P99                       |
+---------------------------+---------------------------+---------------------------+
| GenInput                  | 772.315 us                | 772.315 us                |
| Forward                   | 476.969 ms                | 476.969 ms                |
| back: bucket keys         | 21.085 ms                 | 21.085 ms                 |
+---------------------------+---------------------------+---------------------------+
+---------------------------+---------------------------+---------------------------+
| Name                      | P50                       | P99                       |
+---------------------------+---------------------------+---------------------------+
| GenInput                  | 772.315 us                | 772.315 us                |
| Forward                   | 476.969 ms                | 476.969 ms                |
| back: bucket keys         | 21.085 ms                 | 21.085 ms                 |
+---------------------------+---------------------------+---------------------------+
+---------------------------+---------------------------+---------------------------+
| Name                      | P50                       | P99                       |
+---------------------------+---------------------------+---------------------------+
| GenInput                  | 772.315 us                | 772.315 us                |
| Forward                   | 476.969 ms                | 476.969 ms                |
| back: bucket keys         | 21.085 ms                 | 21.085 ms                 |
+---------------------------+---------------------------+---------------------------+
+---------------------------+---------------------------+---------------------------+
| Name                      | P50                       | P99                       |
+---------------------------+---------------------------+---------------------------+
| GenInput                  | 772.315 us                | 772.315 us                |
| Forward                   | 476.969 ms                | 476.969 ms                |
| back: bucket keys         | 21.085 ms                 | 21.085 ms                 |
+---------------------------+---------------------------+---------------------------+
+---------------------------+---------------------------+---------------------------+
| Name                      | P50                       | P99                       |
+---------------------------+---------------------------+---------------------------+
| GenInput                  | 772.315 us                | 772.315 us                |
| Forward                   | 476.969 ms                | 476.969 ms                |
| back: bucket keys         | 21.085 ms                 | 21.085 ms                 |
+---------------------------+---------------------------+---------------------------+
+---------------------------+---------------------------+---------------------------+
| Name                      | P50                       | P99                       |
+---------------------------+---------------------------+---------------------------+
| GenInput                  | 772.315 us                | 772.315 us                |
| Forward                   | 476.969 ms                | 476.969 ms                |
| back: bucket keys         | 21.085 ms                 | 21.085 ms                 |
+---------------------------+---------------------------+---------------------------+
+---------------------------+---------------------------+---------------------------+
| Name                      | P50                       | P99                       |
+---------------------------+---------------------------+---------------------------+
| GenInput                  | 1.788 ms                  | 18.830 ms                 |
| Forward                   | 4.925 ms                  | 476.969 ms                |
| back: bucket keys         | 675.917 us                | 21.085 ms                 |
| back: a2a                 | 13.153 ms                 | 48.889 s                  |
| back: cache               | 8.400 ms                  | 17.844 ms                 |
| back: aggr dram keys      | 42.666 ms                 | 1.029 s                   |
| back: set dram grad       | 2.328 ms                  | 7.093 ms                  |
| Backward                  | 143.762 ms                | 50.276 s                  |
| Optimize                  | 27.755 ms                 | 70.572 ms                 |
| BarrierTimeBeforeRank0    | 67.473 us                 | 144.732 us                |
| BlockToStepN              | 54.090 us                 | 393.280 us                |
| OneStep                   | 183.289 ms                | 50.826 s                  |
+---------------------------+---------------------------+---------------------------+
+---------------------------+---------------------------+---------------------------+
| Name                      | P50                       | P99                       |
+---------------------------+---------------------------+---------------------------+
| GenInput                  | 1.676 ms                  | 19.081 ms                 |
| Forward                   | 4.849 ms                  | 476.969 ms                |
| back: bucket keys         | 676.155 us                | 2.063 ms                  |
| back: a2a                 | 13.017 ms                 | 25.926 ms                 |
| back: cache               | 8.373 ms                  | 13.928 ms                 |
| back: aggr dram keys      | 42.308 ms                 | 73.753 ms                 |
| back: set dram grad       | 2.439 ms                  | 7.585 ms                  |
| Backward                  | 144.224 ms                | 50.276 s                  |
| Optimize                  | 28.473 ms                 | 70.572 ms                 |
| BarrierTimeBeforeRank0    | 63.948 us                 | 213.060 us                |
| BlockToStepN              | 70.007 us                 | 1.844 ms                  |
| OneStep                   | 185.798 ms                | 50.826 s                  |
+---------------------------+---------------------------+---------------------------+
+---------------------------+---------------------------+---------------------------+
| Name                      | P50                       | P99                       |
+---------------------------+---------------------------+---------------------------+
| GenInput                  | 1.639 ms                  | 20.018 ms                 |
| Forward                   | 4.885 ms                  | 7.498 ms                  |
| back: bucket keys         | 674.725 us                | 2.063 ms                  |
| back: a2a                 | 12.230 ms                 | 25.926 ms                 |
| back: cache               | 8.192 ms                  | 13.928 ms                 |
| back: aggr dram keys      | 42.308 ms                 | 73.753 ms                 |
| back: set dram grad       | 2.430 ms                  | 7.585 ms                  |
| Backward                  | 144.224 ms                | 187.636 ms                |
| Optimize                  | 27.903 ms                 | 44.196 ms                 |
| BarrierTimeBeforeRank0    | 62.454 us                 | 170.315 us                |
| BlockToStepN              | 94.033 us                 | 677.278 us                |
| OneStep                   | 183.478 ms                | 240.702 ms                |
+---------------------------+---------------------------+---------------------------+
+---------------------------+---------------------------+---------------------------+
| Name                      | P50                       | P99                       |
+---------------------------+---------------------------+---------------------------+
| GenInput                  | 1.675 ms                  | 20.018 ms                 |
| Forward                   | 4.901 ms                  | 18.721 ms                 |
| back: bucket keys         | 679.970 us                | 2.063 ms                  |
| back: a2a                 | 13.017 ms                 | 25.652 ms                 |
| back: cache               | 8.123 ms                  | 13.564 ms                 |
| back: aggr dram keys      | 43.449 ms                 | 72.605 ms                 |
| back: set dram grad       | 2.439 ms                  | 8.195 ms                  |
| Backward                  | 144.636 ms                | 187.636 ms                |
| Optimize                  | 27.903 ms                 | 44.196 ms                 |
| BarrierTimeBeforeRank0    | 59.548 us                 | 213.060 us                |
| BlockToStepN              | 93.823 us                 | 1.844 ms                  |
| OneStep                   | 186.542 ms                | 244.484 ms                |
+---------------------------+---------------------------+---------------------------+
train_sampler.Prefill()
before start barrier
start train
[proc 6] 100 steps, total: 69.259, sample: 0.356, forward: 0.890, backward: 61.157, update: 0.422
train_sampler.Prefill()
before start barrier
start train
[proc 7] 100 steps, total: 69.261, sample: 0.321, forward: 0.840, backward: 61.325, update: 0.312
train_sampler.Prefill()
before start barrier
start train
[proc 5] 100 steps, total: 69.254, sample: 0.350, forward: 0.921, backward: 61.201, update: 0.405
train_sampler.Prefill()
before start barrier
start train
[proc 2] 100 steps, total: 69.254, sample: 0.356, forward: 0.839, backward: 61.306, update: 0.379
train_sampler.Prefill()
before start barrier
start train
[proc 1] 100 steps, total: 69.222, sample: 0.374, forward: 0.928, backward: 61.206, update: 0.420
train_sampler.Prefill()
before start barrier
start train
[proc 3] 100 steps, total: 69.252, sample: 0.366, forward: 0.929, backward: 60.930, update: 0.428
train_sampler.Prefill()
-------Step 0-------
tensor([  132,   182,  3942,   126, 12041, 13216,  1874,  7895, 12411, 10579]) tensor([ 2034,  9743,  6297, 11540,    84,  1804,  1278,  5605,  1083, 12730])
-------Step 1-------
tensor([  132,   182,  3942,   126, 12041, 13216,  1874,  7895, 12411, 10579]) tensor([  936,   221, 14916,  2215,  1801,  9270, 14493,  9823,  5886, 13042])
-------Step 2-------
tensor([ 7817,  9954,  5818,  4232,   175,  8379, 10347,  6026, 11123,  1686]) tensor([ 3360,  5404,  4358,  8905,   324,  9119, 13465,  9249, 13685, 10138])
-------Step 3-------
tensor([ 7817,  9954,  5818,  4232,   175,  8379, 10347,  6026, 11123,  1686]) tensor([ 8915,  7147,  7850, 11378,  7211,  1385,   559,  2841, 12739,  2846])
-------Step 4-------
tensor([  182,  9184, 10757,  6056,  4860,  3998,    47,  7360,   160,  1667]) tensor([1230, 2032,  588, 3717, 3690, 2999, 7895, 7114, 5410, 2552])
-------Step 5-------
tensor([  182,  9184, 10757,  6056,  4860,  3998,    47,  7360,   160,  1667]) tensor([11354,  5331,   516,  2468,  3869,  1553,  1545,  2076,  6373,  6815])
-------Step 6-------
tensor([ 2374,  8697,    80,    60,  6454,  4128,  8525, 11382, 14158,    85]) tensor([ 9954,  3451,  9115,  4856,  9526,  8524,  4642,  8739, 10598, 12072])
-------Step 7-------
tensor([ 2374,  8697,    80,    60,  6454,  4128,  8525, 11382, 14158,    85]) tensor([13100,   798,  4996,  7057,  1955,  1446,  7387,  3384,  9916,  1440])
-------Step 8-------
tensor([ 4080,  7760,  5494, 12799,    95,    26,  9470, 12605,     7,  2748]) tensor([ 6251,  7213,  5014,  7047,  3421, 14083,  8728,  2151,  7415,  3877])
-------Step 9-------
tensor([ 4080,  7760,  5494, 12799,    95,    26,  9470, 12605,     7,  2748]) tensor([12178,  4553, 12869,  9697, 14778,   796, 12438,  9823,  1459, 12894])
before start barrier
start train
[proc 0] 100 steps, total: 69.240, sample: 0.392, forward: 0.980, backward: 64.757, update: 2.959
train_sampler.Prefill()
before start barrier
start train
[proc 4] 100 steps, total: 69.244, sample: 0.372, forward: 0.962, backward: 61.127, update: 0.427
+---------------------------+---------------------------+---------------------------+
| Name                      | P50                       | P99                       |
+---------------------------+---------------------------+---------------------------+
| GenInput                  | 1.704 ms                  | 20.018 ms                 |
| Forward                   | 4.901 ms                  | 18.721 ms                 |
| back: bucket keys         | 680.685 us                | 2.142 ms                  |
| back: a2a                 | 12.695 ms                 | 25.926 ms                 |
| back: cache               | 8.141 ms                  | 13.897 ms                 |
| back: aggr dram keys      | 43.449 ms                 | 72.605 ms                 |
| back: set dram grad       | 2.451 ms                  | 7.846 ms                  |
| Backward                  | 145.988 ms                | 197.692 ms                |
| Optimize                  | 28.455 ms                 | 44.196 ms                 |
| BarrierTimeBeforeRank0    | 58.314 us                 | 213.060 us                |
| BlockToStepN              | 104.485 us                | 2.170 ms                  |
| OneStep                   | 186.692 ms                | 247.916 ms                |
+---------------------------+---------------------------+---------------------------+
+---------------------------+---------------------------+---------------------------+
| Name                      | P50                       | P99                       |
+---------------------------+---------------------------+---------------------------+
| GenInput                  | 1.742 ms                  | 22.670 ms                 |
| Forward                   | 4.910 ms                  | 10.318 ms                 |
| back: bucket keys         | 667.334 us                | 2.267 ms                  |
| back: a2a                 | 13.013 ms                 | 30.705 ms                 |
| back: cache               | 8.123 ms                  | 16.143 ms                 |
| back: aggr dram keys      | 43.965 ms                 | 73.753 ms                 |
| back: set dram grad       | 2.472 ms                  | 8.454 ms                  |
| Backward                  | 146.474 ms                | 224.678 ms                |
| Optimize                  | 28.195 ms                 | 44.196 ms                 |
| BarrierTimeBeforeRank0    | 57.270 us                 | 213.060 us                |
| BlockToStepN              | 112.761 us                | 2.170 ms                  |
| OneStep                   | 187.574 ms                | 261.633 ms                |
+---------------------------+---------------------------+---------------------------+
+---------------------------+---------------------------+---------------------------+
| Name                      | P50                       | P99                       |
+---------------------------+---------------------------+---------------------------+
| GenInput                  | 1.788 ms                  | 22.670 ms                 |
| Forward                   | 4.910 ms                  | 10.318 ms                 |
| back: bucket keys         | 667.334 us                | 2.267 ms                  |
| back: a2a                 | 13.064 ms                 | 35.256 ms                 |
| back: cache               | 8.123 ms                  | 16.915 ms                 |
| back: aggr dram keys      | 44.219 ms                 | 74.397 ms                 |
| back: set dram grad       | 2.499 ms                  | 8.588 ms                  |
| Backward                  | 148.353 ms                | 212.753 ms                |
| Optimize                  | 27.874 ms                 | 43.718 ms                 |
| BarrierTimeBeforeRank0    | 58.314 us                 | 176.977 us                |
| BlockToStepN              | 112.761 us                | 1.844 ms                  |
| OneStep                   | 189.037 ms                | 252.635 ms                |
+---------------------------+---------------------------+---------------------------+
[proc 5] 200 steps, total: 19.609, sample: 0.363, forward: 0.451, backward: 11.985, update: 0.302
[proc 6] 200 steps, total: 19.609, sample: 0.394, forward: 0.479, backward: 11.715, update: 0.381
[proc 2] 200 steps, total: 19.609, sample: 0.391, forward: 0.462, backward: 11.905, update: 0.366
[proc 3] 200 steps, total: 19.609, sample: 0.424, forward: 0.487, backward: 11.795, update: 0.362
[proc 0] 200 steps, total: 19.609, sample: 0.463, forward: 0.541, backward: 15.672, update: 2.790
