WARNING: Logging before InitGoogleLogging() is written to STDERR
I20240217 16:32:26.297211  9785 IPC_barrier.h:128] MultiProcessBarrierFactory->ClearIPCMemory()
W20240217 16:32:26.305735  9785 IPCTensor.h:369] NewIPCTensor: full_emb [10000000, 32]0x100000002000 1.192 GB
/data/home/xieminhui/RecStore/src/framework_adapters/torch/python/perf_emb.py:148: DeprecationWarning: The 'warn' function is deprecated, use 'warning' instead
  XLOG.warn("After init DistEmbedding")
WARNING [9785 perf_emb.py:148] After init DistEmbedding
========== Running Perf with routine <function routine_local_cache_helper at 0x7f8290ee5b20>==========
Worker 1 pid=10147
Worker 2 pid=10148
Worker 3 pid=10149
Worker 4 pid=10150
Worker 5 pid=10151
Worker 6 pid=10152
INFO [9785 distributed_c10d.py:442] Added key: store_based_barrier_key:1 to store for rank: 0
INFO [10147 distributed_c10d.py:442] Added key: store_based_barrier_key:1 to store for rank: 1
INFO [10150 distributed_c10d.py:442] Added key: store_based_barrier_key:1 to store for rank: 4
INFO [10148 distributed_c10d.py:442] Added key: store_based_barrier_key:1 to store for rank: 2
INFO [10149 distributed_c10d.py:442] Added key: store_based_barrier_key:1 to store for rank: 3
INFO [10151 distributed_c10d.py:442] Added key: store_based_barrier_key:1 to store for rank: 5
INFO [10152 distributed_c10d.py:442] Added key: store_based_barrier_key:1 to store for rank: 6
INFO [10153 distributed_c10d.py:442] Added key: store_based_barrier_key:1 to store for rank: 7
INFO [10151 distributed_c10d.py:476] Rank 5: Completed store-based barrier for key:store_based_barrier_key:1 with 8 nodes.
INFO [10152 distributed_c10d.py:476] Rank 6: Completed store-based barrier for key:store_based_barrier_key:1 with 8 nodes.
INFO [10149 distributed_c10d.py:476] Rank 3: Completed store-based barrier for key:store_based_barrier_key:1 with 8 nodes.
INFO [10153 distributed_c10d.py:476] Rank 7: Completed store-based barrier for key:store_based_barrier_key:1 with 8 nodes.
INFO [10150 distributed_c10d.py:476] Rank 4: Completed store-based barrier for key:store_based_barrier_key:1 with 8 nodes.
INFO [10148 distributed_c10d.py:476] Rank 2: Completed store-based barrier for key:store_based_barrier_key:1 with 8 nodes.
E20240217 16:32:32.814134 10152 IPCTensor.h:348] IPCTensor full_emb already exists
E20240217 16:32:32.814134 10153 IPCTensor.h:348] IPCTensor full_emb already exists
E20240217 16:32:32.814143 10151 IPCTensor.h:348] IPCTensor full_emb already exists
E20240217 16:32:32.814139 10150 IPCTensor.h:348] IPCTensor full_emb already exists
E20240217 16:32:32.814134 10149 IPCTensor.h:348] IPCTensor full_emb already exists
E20240217 16:32:32.814134 10148 IPCTensor.h:348] IPCTensor full_emb already exists
INFO [9785 distributed_c10d.py:476] Rank 0: Completed store-based barrier for key:store_based_barrier_key:1 with 8 nodes.
INFO [10147 distributed_c10d.py:476] Rank 1: Completed store-based barrier for key:store_based_barrier_key:1 with 8 nodes.
E20240217 16:32:32.817868  9785 IPCTensor.h:348] IPCTensor full_emb already exists
E20240217 16:32:32.817994 10147 IPCTensor.h:348] IPCTensor full_emb already exists
W20240217 16:32:38.408577 10148 IPCTensor.h:409] NewIPCGPUTensor: embedding_cache_2 [500000, 32]; dev=2; size=61.04 MB
W20240217 16:32:38.408775 10152 IPCTensor.h:409] NewIPCGPUTensor: embedding_cache_6 [500000, 32]; dev=6; size=61.04 MB
W20240217 16:32:38.409214 10151 IPCTensor.h:409] NewIPCGPUTensor: embedding_cache_5 [500000, 32]; dev=5; size=61.04 MB
W20240217 16:32:38.409430 10150 IPCTensor.h:409] NewIPCGPUTensor: embedding_cache_4 [500000, 32]; dev=4; size=61.04 MB
W20240217 16:32:38.409693 10149 IPCTensor.h:409] NewIPCGPUTensor: embedding_cache_3 [500000, 32]; dev=3; size=61.04 MB
W20240217 16:32:38.410513 10153 IPCTensor.h:409] NewIPCGPUTensor: embedding_cache_7 [500000, 32]; dev=7; size=61.04 MB
W20240217 16:32:38.431552  9785 IPCTensor.h:409] NewIPCGPUTensor: embedding_cache_0 [500000, 32]; dev=0; size=61.04 MB
W20240217 16:32:38.431560 10147 IPCTensor.h:409] NewIPCGPUTensor: embedding_cache_1 [500000, 32]; dev=1; size=61.04 MB
W20240217 16:32:39.181459 10151 IPCTensor.h:369] NewIPCTensor: input_keys_5 [1000000]0x10004c4ba000 7.629 MB
W20240217 16:32:39.181658 10151 IPCTensor.h:369] NewIPCTensor: input_keys_neg_5 [1000000]0x10004cc5d000 7.629 MB
W20240217 16:32:39.181720 10151 IPCTensor.h:369] NewIPCTensor: backward_grads_5 [1000000, 32]0x10004d400000 122.1 MB
W20240217 16:32:39.181777 10151 IPCTensor.h:369] NewIPCTensor: backward_grads_neg_5 [1000000, 32]0x100054e14000 122.1 MB
W20240217 16:32:39.181829 10151 IPCTensor.h:409] NewIPCGPUTensor: backward_grads_5_gpu [1000000, 32]; dev=5; size=122.1 MB
W20240217 16:32:39.182443 10151 IPCTensor.h:409] NewIPCGPUTensor: backward_grads_neg_5_gpu [1000000, 32]; dev=5; size=122.1 MB
W20240217 16:32:39.183248 10148 IPCTensor.h:369] NewIPCTensor: input_keys_2 [1000000]0x10005c82e000 7.629 MB
W20240217 16:32:39.183414 10148 IPCTensor.h:369] NewIPCTensor: input_keys_neg_2 [1000000]0x10005cfd1000 7.629 MB
W20240217 16:32:39.183470 10148 IPCTensor.h:369] NewIPCTensor: backward_grads_2 [1000000, 32]0x10005d774000 122.1 MB
W20240217 16:32:39.183518 10148 IPCTensor.h:369] NewIPCTensor: backward_grads_neg_2 [1000000, 32]0x100065188000 122.1 MB
W20240217 16:32:39.183570 10148 IPCTensor.h:409] NewIPCGPUTensor: backward_grads_2_gpu [1000000, 32]; dev=2; size=122.1 MB
W20240217 16:32:39.184649 10148 IPCTensor.h:409] NewIPCGPUTensor: backward_grads_neg_2_gpu [1000000, 32]; dev=2; size=122.1 MB
W20240217 16:32:39.185748 10152 IPCTensor.h:369] NewIPCTensor: input_keys_6 [1000000]0x10006cba2000 7.629 MB
W20240217 16:32:39.185961 10152 IPCTensor.h:369] NewIPCTensor: input_keys_neg_6 [1000000]0x10006d345000 7.629 MB
W20240217 16:32:39.186022 10152 IPCTensor.h:369] NewIPCTensor: backward_grads_6 [1000000, 32]0x10006dae8000 122.1 MB
W20240217 16:32:39.186110 10152 IPCTensor.h:369] NewIPCTensor: backward_grads_neg_6 [1000000, 32]0x1000754fc000 122.1 MB
W20240217 16:32:39.186194 10152 IPCTensor.h:409] NewIPCGPUTensor: backward_grads_6_gpu [1000000, 32]; dev=6; size=122.1 MB
W20240217 16:32:39.209548 10150 IPCTensor.h:369] NewIPCTensor: input_keys_4 [1000000]0x10007cf12000 7.629 MB
W20240217 16:32:39.209712 10150 IPCTensor.h:369] NewIPCTensor: input_keys_neg_4 [1000000]0x10007d6b7000 7.629 MB
W20240217 16:32:39.209757 10150 IPCTensor.h:369] NewIPCTensor: backward_grads_4 [1000000, 32]0x10007de5a000 122.1 MB
W20240217 16:32:39.209807 10150 IPCTensor.h:369] NewIPCTensor: backward_grads_neg_4 [1000000, 32]0x10008586e000 122.1 MB
W20240217 16:32:39.209802 10152 IPCTensor.h:409] NewIPCGPUTensor: backward_grads_neg_6_gpu [1000000, 32]; dev=6; size=122.1 MB
W20240217 16:32:39.209847 10150 IPCTensor.h:409] NewIPCGPUTensor: backward_grads_4_gpu [1000000, 32]; dev=4; size=122.1 MB
W20240217 16:32:39.210155 10153 IPCTensor.h:369] NewIPCTensor: input_keys_7 [1000000]0x10008d284000 7.629 MB
W20240217 16:32:39.210336 10153 IPCTensor.h:369] NewIPCTensor: input_keys_neg_7 [1000000]0x10008da27000 7.629 MB
W20240217 16:32:39.210412 10153 IPCTensor.h:369] NewIPCTensor: backward_grads_7 [1000000, 32]0x10008e1ca000 122.1 MB
W20240217 16:32:39.210490 10153 IPCTensor.h:369] NewIPCTensor: backward_grads_neg_7 [1000000, 32]0x100095bde000 122.1 MB
W20240217 16:32:39.210570 10153 IPCTensor.h:409] NewIPCGPUTensor: backward_grads_7_gpu [1000000, 32]; dev=7; size=122.1 MB
W20240217 16:32:39.213215 10153 IPCTensor.h:409] NewIPCGPUTensor: backward_grads_neg_7_gpu [1000000, 32]; dev=7; size=122.1 MB
W20240217 16:32:39.213784 10150 IPCTensor.h:409] NewIPCGPUTensor: backward_grads_neg_4_gpu [1000000, 32]; dev=4; size=122.1 MB
W20240217 16:32:39.214015 10149 IPCTensor.h:369] NewIPCTensor: input_keys_3 [1000000]0x10009d5fa000 7.629 MB
W20240217 16:32:39.214156 10149 IPCTensor.h:369] NewIPCTensor: input_keys_neg_3 [1000000]0x10009dd9f000 7.629 MB
W20240217 16:32:39.214210 10149 IPCTensor.h:369] NewIPCTensor: backward_grads_3 [1000000, 32]0x10009e542000 122.1 MB
W20240217 16:32:39.214264 10149 IPCTensor.h:369] NewIPCTensor: backward_grads_neg_3 [1000000, 32]0x1000a5f58000 122.1 MB
W20240217 16:32:39.214316 10149 IPCTensor.h:409] NewIPCGPUTensor: backward_grads_3_gpu [1000000, 32]; dev=3; size=122.1 MB
W20240217 16:32:39.216411 10149 IPCTensor.h:409] NewIPCGPUTensor: backward_grads_neg_3_gpu [1000000, 32]; dev=3; size=122.1 MB
W20240217 16:32:39.231652  9785 IPCTensor.h:369] NewIPCTensor: input_keys_0 [1000000]0x1000ad972000 7.629 MB
W20240217 16:32:39.231914  9785 IPCTensor.h:369] NewIPCTensor: input_keys_neg_0 [1000000]0x1000ae115000 7.629 MB
W20240217 16:32:39.231974  9785 IPCTensor.h:369] NewIPCTensor: backward_grads_0 [1000000, 32]0x1000ae8b8000 122.1 MB
W20240217 16:32:39.232023  9785 IPCTensor.h:369] NewIPCTensor: backward_grads_neg_0 [1000000, 32]0x1000b62cc000 122.1 MB
W20240217 16:32:39.232067  9785 IPCTensor.h:409] NewIPCGPUTensor: backward_grads_0_gpu [1000000, 32]; dev=0; size=122.1 MB
W20240217 16:32:39.232417  9785 IPCTensor.h:409] NewIPCGPUTensor: backward_grads_neg_0_gpu [1000000, 32]; dev=0; size=122.1 MB
W20240217 16:32:39.409948 10147 IPCTensor.h:369] NewIPCTensor: input_keys_1 [1000000]0x1000bdce6000 7.629 MB
W20240217 16:32:39.410339 10147 IPCTensor.h:369] NewIPCTensor: input_keys_neg_1 [1000000]0x1000be489000 7.629 MB
W20240217 16:32:39.410507 10147 IPCTensor.h:369] NewIPCTensor: backward_grads_1 [1000000, 32]0x1000bec2c000 122.1 MB
W20240217 16:32:39.410676 10147 IPCTensor.h:369] NewIPCTensor: backward_grads_neg_1 [1000000, 32]0x1000c6640000 122.1 MB
W20240217 16:32:39.410836 10147 IPCTensor.h:409] NewIPCGPUTensor: backward_grads_1_gpu [1000000, 32]; dev=1; size=122.1 MB
W20240217 16:32:39.470189 10147 IPCTensor.h:409] NewIPCGPUTensor: backward_grads_neg_1_gpu [1000000, 32]; dev=1; size=122.1 MB
Worker 7 pid=10153
New CachedEmbedding, name=full_emb, shape=(10000000, 32), cache_type=KnownLocalCachedEmbedding
fixed cache_range is [(0, 500000), (500000, 1000000), (1000000, 1500000), (1500000, 2000000), (2000000, 2500000), (2500000, 3000000), (3000000, 3500000), (3500000, 4000000)]
cudaHostRegister 0x100000002000
0: KnownLocalCachedEmbedding init done
cudaHostRegister 0x100000002000
5: KnownLocalCachedEmbedding init done
cudaHostRegister 0x100000002000
3: KnownLocalCachedEmbedding init done
cudaHostRegister 0x100000002000
6: KnownLocalCachedEmbedding init done
cudaHostRegister 0x100000002000
2: KnownLocalCachedEmbedding init done
cudaHostRegister 0x100000002000
1: KnownLocalCachedEmbedding init done
cudaHostRegister 0x100000002000
4: KnownLocalCachedEmbedding init done
cudaHostRegister 0x100000002000
7: KnownLocalCachedEmbedding init done
W20240217 16:32:39.811645 10150 IPCTensor.h:369] NewIPCTensor: cached_sampler_r4_0 [1000000]0x1000ce058000 7.629 MB
W20240217 16:32:39.811672 10153 IPCTensor.h:369] NewIPCTensor: cached_sampler_r7_0 [1000000]0x1000ce7fb000 7.629 MB
W20240217 16:32:39.811692 10149 IPCTensor.h:369] NewIPCTensor: cached_sampler_r3_0 [1000000]0x1000cef9e000 7.629 MB
W20240217 16:32:39.811784 10150 IPCTensor.h:369] NewIPCTensor: cached_sampler_r4_1 [1000000]0x1000cf741000 7.629 MB
W20240217 16:32:39.811795 10153 IPCTensor.h:369] NewIPCTensor: cached_sampler_r7_1 [1000000]0x1000cfee4000 7.629 MB
W20240217 16:32:39.811802 10149 IPCTensor.h:369] NewIPCTensor: cached_sampler_r3_1 [1000000]0x1000d0687000 7.629 MB
W20240217 16:32:39.811851 10150 IPCTensor.h:369] NewIPCTensor: cached_sampler_r4_2 [1000000]0x1000d15cd000 7.629 MB
W20240217 16:32:39.811851 10147 IPCTensor.h:369] NewIPCTensor: cached_sampler_r1_0 [1000000]0x1000d0e2a000 7.629 MB
W20240217 16:32:39.811877 10153 IPCTensor.h:369] NewIPCTensor: cached_sampler_r7_2 [1000000]0x1000d1d70000 7.629 MB
W20240217 16:32:39.811893 10149 IPCTensor.h:369] NewIPCTensor: cached_sampler_r3_2 [1000000]0x1000d2513000 7.629 MB
W20240217 16:32:39.811918 10150 IPCTensor.h:369] NewIPCTensor: cached_sampler_r4_3 [1000000]0x1000d2cb6000 7.629 MB
W20240217 16:32:39.811936 10152 IPCTensor.h:369] NewIPCTensor: cached_sampler_r6_0 [1000000]0x1000d3459000 7.629 MB
W20240217 16:32:39.811959 10153 IPCTensor.h:369] NewIPCTensor: cached_sampler_r7_3 [1000000]0x1000d3bfc000 7.629 MB
W20240217 16:32:39.811964 10149 IPCTensor.h:369] NewIPCTensor: cached_sampler_r3_3 [1000000]0x1000d439f000 7.629 MB
W20240217 16:32:39.811983 10150 IPCTensor.h:369] NewIPCTensor: cached_sampler_r4_4 [1000000]0x1000d4b42000 7.629 MB
W20240217 16:32:39.811990 10147 IPCTensor.h:369] NewIPCTensor: cached_sampler_r1_1 [1000000]0x1000d52e5000 7.629 MB
W20240217 16:32:39.812036 10153 IPCTensor.h:369] NewIPCTensor: cached_sampler_r7_4 [1000000]0x1000d622b000 7.629 MB
W20240217 16:32:39.812024 10148 IPCTensor.h:369] NewIPCTensor: cached_sampler_r2_0 [1000000]0x1000d5a88000 7.629 MB
W20240217 16:32:39.812072 10149 IPCTensor.h:369] NewIPCTensor: cached_sampler_r3_4 [1000000]0x1000d7171000 7.629 MB
W20240217 16:32:39.812075 10150 IPCTensor.h:369] NewIPCTensor: cached_sampler_r4_5 [1000000]0x1000d7914000 7.629 MB
W20240217 16:32:39.812047  9785 IPCTensor.h:369] NewIPCTensor: cached_sampler_r0_0 [1000000]0x1000d69ce000 7.629 MB
W20240217 16:32:39.812094 10147 IPCTensor.h:369] NewIPCTensor: cached_sampler_r1_2 [1000000]0x1000d80b7000 7.629 MB
W20240217 16:32:39.812101 10152 IPCTensor.h:369] NewIPCTensor: cached_sampler_r6_1 [1000000]0x1000d885a000 7.629 MB
W20240217 16:32:39.812129 10153 IPCTensor.h:369] NewIPCTensor: cached_sampler_r7_5 [1000000]0x1000d8ffd000 7.629 MB
W20240217 16:32:39.812160 10148 IPCTensor.h:369] NewIPCTensor: cached_sampler_r2_1 [1000000]0x1000d97a0000 7.629 MB
W20240217 16:32:39.812171 10149 IPCTensor.h:369] NewIPCTensor: cached_sampler_r3_5 [1000000]0x1000d9f43000 7.629 MB
W20240217 16:32:39.812177 10147 IPCTensor.h:369] NewIPCTensor: cached_sampler_r1_3 [1000000]0x1000da6e6000 7.629 MB
W20240217 16:32:39.812191 10150 IPCTensor.h:369] NewIPCTensor: cached_sampler_r4_6 [1000000]0x1000dae89000 7.629 MB
W20240217 16:32:39.812197 10152 IPCTensor.h:369] NewIPCTensor: cached_sampler_r6_2 [1000000]0x1000db62c000 7.629 MB
W20240217 16:32:39.812223  9785 IPCTensor.h:369] NewIPCTensor: cached_sampler_r0_1 [1000000]0x1000dc572000 7.629 MB
W20240217 16:32:39.812228 10153 IPCTensor.h:369] NewIPCTensor: cached_sampler_r7_6 [1000000]0x1000dcd15000 7.629 MB
W20240217 16:32:39.812225 10151 IPCTensor.h:369] NewIPCTensor: cached_sampler_r5_0 [1000000]0x1000dbdcf000 7.629 MB
W20240217 16:32:39.812261 10148 IPCTensor.h:369] NewIPCTensor: cached_sampler_r2_2 [1000000]0x1000dd4b8000 7.629 MB
W20240217 16:32:39.812268 10147 IPCTensor.h:369] NewIPCTensor: cached_sampler_r1_4 [1000000]0x1000ddc5b000 7.629 MB
W20240217 16:32:39.812273 10150 IPCTensor.h:369] NewIPCTensor: cached_sampler_r4_7 [1000000]0x1000de3fe000 7.629 MB
W20240217 16:32:39.812287 10149 IPCTensor.h:369] NewIPCTensor: cached_sampler_r3_6 [1000000]0x1000deba1000 7.629 MB
W20240217 16:32:39.812294  9785 IPCTensor.h:369] NewIPCTensor: cached_sampler_r0_2 [1000000]0x1000df344000 7.629 MB
W20240217 16:32:39.812300 10152 IPCTensor.h:369] NewIPCTensor: cached_sampler_r6_3 [1000000]0x1000dfae7000 7.629 MB
W20240217 16:32:39.812328 10153 IPCTensor.h:369] NewIPCTensor: cached_sampler_r7_7 [1000000]0x1000e028a000 7.629 MB
W20240217 16:32:39.812342 10148 IPCTensor.h:369] NewIPCTensor: cached_sampler_r2_3 [1000000]0x1000e0a2d000 7.629 MB
W20240217 16:32:39.812348  9785 IPCTensor.h:369] NewIPCTensor: cached_sampler_r0_3 [1000000]0x1000e11d0000 7.629 MB
W20240217 16:32:39.812384 10147 IPCTensor.h:369] NewIPCTensor: cached_sampler_r1_5 [1000000]0x1000e2116000 7.629 MB
W20240217 16:32:39.812377 10150 IPCTensor.h:369] NewIPCTensor: cached_sampler_r4_8 [1000000]0x1000e1973000 7.629 MB
W20240217 16:32:39.812395 10152 IPCTensor.h:369] NewIPCTensor: cached_sampler_r6_4 [1000000]0x1000e28b9000 7.629 MB
W20240217 16:32:39.812402 10149 IPCTensor.h:369] NewIPCTensor: cached_sampler_r3_7 [1000000]0x1000e305c000 7.629 MB
W20240217 16:32:39.812407 10151 IPCTensor.h:369] NewIPCTensor: cached_sampler_r5_1 [1000000]0x1000e37ff000 7.629 MB
W20240217 16:32:39.812426  9785 IPCTensor.h:369] NewIPCTensor: cached_sampler_r0_4 [1000000]0x1000e3fa2000 7.629 MB
W20240217 16:32:39.812438 10148 IPCTensor.h:369] NewIPCTensor: cached_sampler_r2_4 [1000000]0x1000e4745000 7.629 MB
W20240217 16:32:39.812464 10150 IPCTensor.h:369] NewIPCTensor: cached_sampler_r4_9 [1000000]0x1000e4ee8000 7.629 MB
W20240217 16:32:39.812479 10153 IPCTensor.h:369] NewIPCTensor: cached_sampler_r7_8 [1000000]0x1000e568b000 7.629 MB
W20240217 16:32:39.812500 10147 IPCTensor.h:369] NewIPCTensor: cached_sampler_r1_6 [1000000]0x1000e5e2e000 7.629 MB
W20240217 16:32:39.812505 10152 IPCTensor.h:369] NewIPCTensor: cached_sampler_r6_5 [1000000]0x1000e65d1000 7.629 MB
W20240217 16:32:39.812507  9785 IPCTensor.h:369] NewIPCTensor: cached_sampler_r0_5 [1000000]0x1000e6d74000 7.629 MB
W20240217 16:32:39.812527 10149 IPCTensor.h:369] NewIPCTensor: cached_sampler_r3_8 [1000000]0x1000e7517000 7.629 MB
W20240217 16:32:39.812533 10151 IPCTensor.h:369] NewIPCTensor: cached_sampler_r5_2 [1000000]0x1000e7cba000 7.629 MB
W20240217 16:32:39.812537 10150 IPCTensor.h:369] NewIPCTensor: step_r4 [10]0x1000e845d000 80 B 
W20240217 16:32:39.812543 10148 IPCTensor.h:369] NewIPCTensor: cached_sampler_r2_5 [1000000]0x1000e845f000 7.629 MB
W20240217 16:32:39.812569  9785 IPCTensor.h:369] NewIPCTensor: cached_sampler_r0_6 [1000000]0x1000e8c02000 7.629 MB
W20240217 16:32:39.812594 10150 IPCTensor.h:369] NewIPCTensor: circle_buffer_end_r4 [1]0x1000e93a5000 8 B 
W20240217 16:32:39.812615 10153 IPCTensor.h:369] NewIPCTensor: cached_sampler_r7_9 [1000000]0x1000e93a7000 7.629 MB
W20240217 16:32:39.812624  9785 IPCTensor.h:369] NewIPCTensor: cached_sampler_r0_7 [1000000]0x1000ea2ed000 7.629 MB
W20240217 16:32:39.812623 10147 IPCTensor.h:369] NewIPCTensor: cached_sampler_r1_7 [1000000]0x1000e9b4a000 7.629 MB
W20240217 16:32:39.812640 10150 IPCTensor.h:369] NewIPCTensor: circle_buffer_end_cppseen_r4 [1]0x1000eaa90000 8 B 
W20240217 16:32:39.812655 10152 IPCTensor.h:369] NewIPCTensor: cached_sampler_r6_6 [1000000]0x1000eaa92000 7.629 MB
W20240217 16:32:39.812670 10151 IPCTensor.h:369] NewIPCTensor: cached_sampler_r5_3 [1000000]0x1000eb235000 7.629 MB
W20240217 16:32:39.812677 10149 IPCTensor.h:369] NewIPCTensor: cached_sampler_r3_9 [1000000]0x1000eb9d8000 7.629 MB
W20240217 16:32:39.812700  9785 IPCTensor.h:369] NewIPCTensor: cached_sampler_r0_8 [1000000]0x1000ec91e000 7.629 MB
W20240217 16:32:39.812698 10148 IPCTensor.h:369] NewIPCTensor: cached_sampler_r2_6 [1000000]0x1000ec17b000 7.629 MB
W20240217 16:32:39.812758 10153 IPCTensor.h:369] NewIPCTensor: step_r7 [10]0x1000ed0c1000 80 B 
W20240217 16:32:39.812767  9785 IPCTensor.h:369] NewIPCTensor: cached_sampler_r0_9 [1000000]0x1000ed866000 7.629 MB
W20240217 16:32:39.812764 10147 IPCTensor.h:369] NewIPCTensor: cached_sampler_r1_8 [1000000]0x1000ed0c3000 7.629 MB
W20240217 16:32:39.812786 10151 IPCTensor.h:369] NewIPCTensor: cached_sampler_r5_4 [1000000]0x1000ee009000 7.629 MB
W20240217 16:32:39.812793 10152 IPCTensor.h:369] NewIPCTensor: cached_sampler_r6_7 [1000000]0x1000ee7ac000 7.629 MB
W20240217 16:32:39.812808 10148 IPCTensor.h:369] NewIPCTensor: cached_sampler_r2_7 [1000000]0x1000eef4f000 7.629 MB
W20240217 16:32:39.812816  9785 IPCTensor.h:369] NewIPCTensor: step_r0 [10]0x1000ef6f4000 80 B 
W20240217 16:32:39.812815 10149 IPCTensor.h:369] NewIPCTensor: step_r3 [10]0x1000ef6f2000 80 B 
W20240217 16:32:39.812847 10153 IPCTensor.h:369] NewIPCTensor: circle_buffer_end_r7 [1]0x1000ef6f6000 8 B 
W20240217 16:32:39.812852  9785 IPCTensor.h:369] NewIPCTensor: circle_buffer_end_r0 [1]0x1000ef6f8000 8 B 
W20240217 16:32:39.812885 10149 IPCTensor.h:369] NewIPCTensor: circle_buffer_end_r3 [1]0x1000ef6fa000 8 B 
W20240217 16:32:39.812888 10147 IPCTensor.h:369] NewIPCTensor: cached_sampler_r1_9 [1000000]0x1000ef6fc000 7.629 MB
W20240217 16:32:39.812896 10151 IPCTensor.h:369] NewIPCTensor: cached_sampler_r5_5 [1000000]0x1000efe9f000 7.629 MB
W20240217 16:32:39.812902 10153 IPCTensor.h:369] NewIPCTensor: circle_buffer_end_cppseen_r7 [1]0x1000f0642000 8 B 
W20240217 16:32:39.812911  9785 IPCTensor.h:369] NewIPCTensor: circle_buffer_end_cppseen_r0 [1]0x1000f0de7000 8 B 
W20240217 16:32:39.812909 10148 IPCTensor.h:369] NewIPCTensor: cached_sampler_r2_8 [1000000]0x1000f0644000 7.629 MB
W20240217 16:32:39.812924 10152 IPCTensor.h:369] NewIPCTensor: cached_sampler_r6_8 [1000000]0x1000f0de9000 7.629 MB
Construct PerfSampler done
W20240217 16:32:39.812964 10149 IPCTensor.h:369] NewIPCTensor: circle_buffer_end_cppseen_r3 [1]0x1000f158c000 8 B 
W20240217 16:32:39.812999 10147 IPCTensor.h:369] NewIPCTensor: step_r1 [10]0x1000f158e000 80 B 
W20240217 16:32:39.813009 10151 IPCTensor.h:369] NewIPCTensor: cached_sampler_r5_6 [1000000]0x1000f1590000 7.629 MB
W20240217 16:32:39.813019 10148 IPCTensor.h:369] NewIPCTensor: cached_sampler_r2_9 [1000000]0x1000f1d33000 7.629 MB
I20240217 16:32:39.813027 10150 IPC_barrier.h:118] CreateBarrier: new barrier, name: kgcachecontroller, count: 8
W20240217 16:32:39.813026 10152 IPCTensor.h:369] NewIPCTensor: cached_sampler_r6_9 [1000000]0x1000f24d6000 7.629 MB
W20240217 16:32:39.813078 10147 IPCTensor.h:369] NewIPCTensor: circle_buffer_end_r1 [1]0x1000f2c79000 8 B 
W20240217 16:32:39.813107 10148 IPCTensor.h:369] NewIPCTensor: step_r2 [10]0x1000f2c7b000 80 B 
W20240217 16:32:39.813114 10151 IPCTensor.h:369] NewIPCTensor: cached_sampler_r5_7 [1000000]0x1000f2c7d000 7.629 MB
W20240217 16:32:39.813122 10152 IPCTensor.h:369] NewIPCTensor: step_r6 [10]0x1000f3420000 80 B 
W20240217 16:32:39.813148 10147 IPCTensor.h:369] NewIPCTensor: circle_buffer_end_cppseen_r1 [1]0x1000f3422000 8 B 
W20240217 16:32:39.813170 10148 IPCTensor.h:369] NewIPCTensor: circle_buffer_end_r2 [1]0x1000f3424000 8 B 
W20240217 16:32:39.813182 10152 IPCTensor.h:369] NewIPCTensor: circle_buffer_end_r6 [1]0x1000f3426000 8 B 
W20240217 16:32:39.813215 10151 IPCTensor.h:369] NewIPCTensor: cached_sampler_r5_8 [1000000]0x1000f3428000 7.629 MB
W20240217 16:32:39.813222 10148 IPCTensor.h:369] NewIPCTensor: circle_buffer_end_cppseen_r2 [1]0x1000f3bcb000 8 B 
W20240217 16:32:39.813239 10152 IPCTensor.h:369] NewIPCTensor: circle_buffer_end_cppseen_r6 [1]0x1000f3bcd000 8 B 
W20240217 16:32:39.813314 10151 IPCTensor.h:369] NewIPCTensor: cached_sampler_r5_9 [1000000]0x1000f3bcf000 7.629 MB
Construct PerfSampler done
Construct PerfSampler done
Construct PerfSampler done
W20240217 16:32:39.813412 10151 IPCTensor.h:369] NewIPCTensor: step_r5 [10]0x1000f4372000 80 B 
W20240217 16:32:39.813480 10151 IPCTensor.h:369] NewIPCTensor: circle_buffer_end_r5 [1]0x1000f4374000 8 B 
I20240217 16:32:39.813488 10153 IPC_barrier.h:112] CreateBarrier: find existing barrier, name: kgcachecontroller, count: 8
I20240217 16:32:39.813544  9785 IPC_barrier.h:112] CreateBarrier: find existing barrier, name: kgcachecontroller, count: 8
W20240217 16:32:39.813539 10151 IPCTensor.h:369] NewIPCTensor: circle_buffer_end_cppseen_r5 [1]0x1000f4376000 8 B 
Construct PerfSampler done
I20240217 16:32:39.813563 10149 IPC_barrier.h:112] CreateBarrier: find existing barrier, name: kgcachecontroller, count: 8
Construct PerfSampler done
Construct PerfSampler done
I20240217 16:32:39.813678 10147 IPC_barrier.h:112] CreateBarrier: find existing barrier, name: kgcachecontroller, count: 8
I20240217 16:32:39.813748 10148 IPC_barrier.h:112] CreateBarrier: find existing barrier, name: kgcachecontroller, count: 8
I20240217 16:32:39.813795 10152 IPC_barrier.h:112] CreateBarrier: find existing barrier, name: kgcachecontroller, count: 8
Construct PerfSampler done
I20240217 16:32:39.814121 10151 IPC_barrier.h:112] CreateBarrier: find existing barrier, name: kgcachecontroller, count: 8
W20240217 16:32:39.815580  9785 grad_base.h:55] KGCacheController, config={
        "num_gpus": 8,
        "L": 10,
        "kForwardItersPerStep": 1,
        "clr": 1,
        "backwardMode": "CppAsyncV2",
        "nr_background_threads": 16,
        "cache_ratio": 0.05,
        "backgrad_init": "both"
    }
W20240217 16:32:39.815699  9785 grad_base.h:184] Init GradProcessingBase done
I20240217 16:32:41.015002  9785 grad_async_v2.h:42] Use main thread to update emb.
W20240217 16:32:41.015352  9785 kg_controller.h:78] after init GradAsyncProcessingV2
I20240217 16:32:41.015365  9785 kg_controller.h:84] Construct KGCacheController done
E20240217 16:32:41.857040 10153 recstore.cc:66] init folly done
Construct KGCacheControllerWrapper done
E20240217 16:32:41.857236 10152 recstore.cc:66] init folly done
Construct KGCacheControllerWrapper done
E20240217 16:32:41.857620 10149 recstore.cc:66] init folly done
E20240217 16:32:41.857628 10148 recstore.cc:66] init folly done
E20240217 16:32:41.857693  9785 recstore.cc:66] init folly done
Construct KGCacheControllerWrapper done
Construct KGCacheControllerWrapper done
E20240217 16:32:41.857874 10147 recstore.cc:66] init folly done
Construct KGCacheControllerWrapper done
Construct KGCacheControllerWrapper done
E20240217 16:32:41.858129 10151 recstore.cc:66] init folly done
Construct KGCacheControllerWrapper done
E20240217 16:32:41.858268 10150 recstore.cc:66] init folly done
Construct KGCacheControllerWrapper done
I20240217 16:32:41.859313  9785 grad_base.h:60] GraphEnv RegTensorsPerProcess
W20240217 16:32:42.722113 11203 grad_async_v2.h:137] Detect new sample comes, old_end0, new_end1
E20240217 16:32:42.722452 11203 parallel_pq_v2.h:79] insert failed, size(hashtable)=0
E20240217 16:32:43.722016 11203 parallel_pq_v2.h:79] insert failed, size(hashtable)=11
W20240217 16:32:43.731395 11203 grad_async_v2.h:137] Detect new sample comes, old_end3, new_end4
E20240217 16:32:44.722033 11203 parallel_pq_v2.h:79] insert failed, size(hashtable)=3
W20240217 16:32:44.734601 11203 grad_async_v2.h:137] Detect new sample comes, old_end8, new_end9
Before Training
I20240217 16:32:44.884220  9785 IPC_barrier.h:118] CreateBarrier: new barrier, name: start_barrier, count: 8
Before Training
I20240217 16:32:44.935950 10148 IPC_barrier.h:112] CreateBarrier: find existing barrier, name: start_barrier, count: 8
Before Training
I20240217 16:32:44.960775 10149 IPC_barrier.h:112] CreateBarrier: find existing barrier, name: start_barrier, count: 8
Before Training
I20240217 16:32:44.984815 10150 IPC_barrier.h:112] CreateBarrier: find existing barrier, name: start_barrier, count: 8
Before Training
I20240217 16:32:45.009285 10151 IPC_barrier.h:112] CreateBarrier: find existing barrier, name: start_barrier, count: 8
Before Training
I20240217 16:32:45.041430 10152 IPC_barrier.h:112] CreateBarrier: find existing barrier, name: start_barrier, count: 8
Before Training
I20240217 16:32:45.069357 10153 IPC_barrier.h:112] CreateBarrier: find existing barrier, name: start_barrier, count: 8
Before Training
I20240217 16:32:45.095212 10147 IPC_barrier.h:112] CreateBarrier: find existing barrier, name: start_barrier, count: 8
========== Step 0 ========== 
========== Step 0 ========== 
========== Step 0 ========== 
========== Step 0 ========== 
========== Step 0 ========== 
========== Step 0 ========== 
========== Step 0 ========== 
========== Step 0 ========== 
+---------------------------+---------------------------+---------------------------+
| Name                      | P50                       | P99                       |
+---------------------------+---------------------------+---------------------------+
| clean                     | 143.345 us                | 869.088 us                |
| ProcessBack:Shuffle       | 514.304 ms                | 514.304 ms                |
+---------------------------+---------------------------+---------------------------+
E20240217 16:32:46.887326 11636 parallel_pq_v2.h:79] insert failed, size(hashtable)=0
W20240217 16:32:46.967945  9785 grad_async_v2.h:270] Sleep in <BlockToStepN>, step_no=1, pq.top=1
========== Step 1 ========== 
========== Step 1 ========== 
========== Step 1 ========== 
W20240217 16:32:47.129396 11203 grad_async_v2.h:137] Detect new sample comes, old_end1, new_end2
========== Step 1 ========== 
========== Step 1 ========== 
========== Step 1 ========== 
========== Step 1 ========== 
========== Step 1 ========== 
========== Step 2 ========== 
========== Step 2 ========== 
========== Step 2 ========== 
========== Step 2 ========== 
========== Step 2 ========== 
========== Step 2 ========== 
========== Step 2 ========== 
========== Step 2 ========== 
========== Step 3 ========== 
========== Step 3 ========== 
========== Step 3 ========== 
========== Step 3 ========== 
========== Step 3 ========== 
========== Step 3 ========== 
========== Step 3 ========== 
========== Step 3 ========== 
========== Step 4 ========== 
========== Step 4 ========== 
========== Step 4 ========== 
========== Step 4 ========== 
========== Step 4 ========== 
========== Step 4 ========== 
========== Step 4 ========== 
========== Step 4 ========== 
E20240217 16:32:47.887028 11203 parallel_pq_v2.h:79] insert failed, size(hashtable)=183
========== Step 5 ========== 
========== Step 5 ========== 
========== Step 5 ========== 
========== Step 5 ========== 
========== Step 5 ========== 
========== Step 5 ========== 
========== Step 5 ========== 
========== Step 5 ========== 
W20240217 16:32:48.159018 11203 grad_async_v2.h:137] Detect new sample comes, old_end4, new_end6
========== Step 6 ========== 
========== Step 6 ========== 
========== Step 6 ========== 
========== Step 6 ========== 
========== Step 6 ========== 
========== Step 6 ========== 
========== Step 6 ========== 
========== Step 6 ========== 
W20240217 16:32:48.652478  9785 grad_async_v2.h:257] pq is empty
========== Step 7 ========== 
========== Step 7 ========== 
========== Step 7 ========== 
========== Step 7 ========== 
========== Step 7 ========== 
========== Step 7 ========== 
========== Step 7 ========== 
========== Step 7 ========== 
E20240217 16:32:48.887010 11203 parallel_pq_v2.h:79] insert failed, size(hashtable)=11730
========== Step 8 ========== 
========== Step 8 ========== 
========== Step 8 ========== 
========== Step 8 ========== 
========== Step 8 ========== 
========== Step 8 ========== 
========== Step 8 ========== 
========== Step 8 ========== 
W20240217 16:32:49.160482 11203 grad_async_v2.h:137] Detect new sample comes, old_end8, new_end9
========== Step 9 ========== 
========== Step 9 ========== 
========== Step 9 ========== 
========== Step 9 ========== 
========== Step 9 ========== 
========== Step 9 ========== 
========== Step 9 ========== 
========== Step 9 ========== 
W20240217 16:32:49.463165  9785 grad_async_v2.h:257] pq is empty
========== Step 10 ========== 
========== Step 10 ========== 
========== Step 10 ========== 
========== Step 10 ========== 
========== Step 10 ========== 
========== Step 10 ========== 
========== Step 10 ========== 
========== Step 10 ========== 
W20240217 16:32:49.780061  9785 grad_async_v2.h:257] pq is empty
========== Step 11 ========== 
========== Step 11 ========== 
========== Step 11 ========== 
========== Step 11 ========== 
========== Step 11 ========== 
========== Step 11 ========== 
========== Step 11 ========== 
========== Step 11 ========== 
+---------------------------+---------------------------+---------------------------+
| Name                      | P50                       | P99                       |
+---------------------------+---------------------------+---------------------------+
| GenInput:CircleBuffer     | 162.319 us                | 440.485 us                |
| GenInput                  | 2.028 ms                  | 3.666 ms                  |
| forward: NN               | 164.601 us                | 56.177 ms                 |
| Forward                   | 1.415 ms                  | 59.736 ms                 |
| Backward                  | 1.181 ms                  | 43.573 ms                 |
| Optimize                  | 220.837 us                | 972.238 us                |
| BarrierTimeBeforeRank0    | 300.988 us                | 1.855 ms                  |
| AfterBackward             | 266.545 ms                | 1.761 s                   |
| BlockToStepN              | 176.862 us                | 161.062 ms                |
| OneStep                   | 271.015 ms                | 2.033 s                   |
+---------------------------+---------------------------+---------------------------+
E20240217 16:32:49.887004 11203 parallel_pq_v2.h:79] insert failed, size(hashtable)=6823
W20240217 16:32:50.020918  9785 grad_async_v2.h:257] pq is empty
========== Step 12 ========== 
========== Step 12 ========== 
========== Step 12 ========== 
========== Step 12 ========== 
========== Step 12 ========== 
========== Step 12 ========== 
========== Step 12 ========== 
========== Step 12 ========== 
========== Step 13 ========== 
========== Step 13 ========== 
========== Step 13 ========== 
========== Step 13 ========== 
========== Step 13 ========== 
========== Step 13 ========== 
========== Step 13 ========== 
========== Step 13 ========== 
W20240217 16:32:50.175536 11203 grad_async_v2.h:137] Detect new sample comes, old_end2, new_end4
========== Step 14 ========== 
========== Step 14 ========== 
========== Step 14 ========== 
========== Step 14 ========== 
========== Step 14 ========== 
========== Step 14 ========== 
========== Step 14 ========== 
========== Step 14 ========== 
========== Step 15 ========== 
========== Step 15 ========== 
========== Step 15 ========== 
========== Step 15 ========== 
========== Step 15 ========== 
========== Step 15 ========== 
========== Step 15 ========== 
========== Step 15 ========== 
========== Step 16 ========== 
========== Step 16 ========== 
========== Step 16 ========== 
========== Step 16 ========== 
========== Step 16 ========== 
========== Step 16 ========== 
========== Step 16 ========== 
========== Step 16 ========== 
E20240217 16:32:50.887022 11203 parallel_pq_v2.h:79] insert failed, size(hashtable)=7240
========== Step 17 ========== 
========== Step 17 ========== 
========== Step 17 ========== 
========== Step 17 ========== 
========== Step 17 ========== 
========== Step 17 ========== 
========== Step 17 ========== 
========== Step 17 ========== 
========== Step 18 ========== 
========== Step 18 ========== 
========== Step 18 ========== 
========== Step 18 ========== 
========== Step 18 ========== 
========== Step 18 ========== 
========== Step 18 ========== 
========== Step 18 ========== 
W20240217 16:32:51.337029 11203 grad_async_v2.h:137] Detect new sample comes, old_end5, new_end9
========== Step 19 ========== 
========== Step 19 ========== 
========== Step 19 ========== 
========== Step 19 ========== 
========== Step 19 ========== 
========== Step 19 ========== 
========== Step 19 ========== 
========== Step 19 ========== 
========== Step 20 ========== 
========== Step 20 ========== 
========== Step 20 ========== 
========== Step 20 ========== 
========== Step 20 ========== 
========== Step 20 ========== 
========== Step 20 ========== 
========== Step 20 ========== 
+---------------------------+---------------------------+---------------------------+
| Name                      | P50                       | P99                       |
+---------------------------+---------------------------+---------------------------+
| clean                     | 187.209 us                | 33.782 ms                 |
| ProcessBack:Shuffle       | 241.941 ms                | 514.304 ms                |
| ProcessBack:UpdateCache   | 12.948 ms                 | 1.146 s                   |
| ProcessBack:UpsertPq      | 73.668 us                 | 79.052 ms                 |
| ProcessOneStep            | 254.779 ms                | 1.760 s                   |
| BlockToStepN              | 70.161 us                 | 145.073 ms                |
+---------------------------+---------------------------+---------------------------+
E20240217 16:32:51.887022 11203 parallel_pq_v2.h:79] insert failed, size(hashtable)=7794
========== Step 21 ========== 
========== Step 21 ========== 
========== Step 21 ========== 
========== Step 21 ========== 
========== Step 21 ========== 
========== Step 21 ========== 
========== Step 21 ========== 
========== Step 21 ========== 
========== Step 22 ========== 
========== Step 22 ========== 
========== Step 22 ========== 
========== Step 22 ========== 
========== Step 22 ========== 
========== Step 22 ========== 
========== Step 22 ========== 
========== Step 22 ========== 
W20240217 16:32:52.370364 11203 grad_async_v2.h:137] Detect new sample comes, old_end0, new_end3
========== Step 23 ========== 
========== Step 23 ========== 
========== Step 23 ========== 
========== Step 23 ========== 
========== Step 23 ========== 
========== Step 23 ========== 
========== Step 23 ========== 
========== Step 23 ========== 
========== Step 24 ========== 
========== Step 24 ========== 
========== Step 24 ========== 
========== Step 24 ========== 
========== Step 24 ========== 
========== Step 24 ========== 
========== Step 24 ========== 
========== Step 24 ========== 
E20240217 16:32:52.892076 11203 parallel_pq_v2.h:79] insert failed, size(hashtable)=3325
========== Step 25 ========== 
========== Step 25 ========== 
========== Step 25 ========== 
========== Step 25 ========== 
========== Step 25 ========== 
========== Step 25 ========== 
========== Step 25 ========== 
========== Step 25 ========== 
========== Step 26 ========== 
========== Step 26 ========== 
========== Step 26 ========== 
========== Step 26 ========== 
========== Step 26 ========== 
========== Step 26 ========== 
========== Step 26 ========== 
========== Step 26 ========== 
W20240217 16:32:53.375290 11203 grad_async_v2.h:137] Detect new sample comes, old_end6, new_end7
========== Step 27 ========== 
========== Step 27 ========== 
========== Step 27 ========== 
========== Step 27 ========== 
========== Step 27 ========== 
========== Step 27 ========== 
========== Step 27 ========== 
========== Step 27 ========== 
W20240217 16:32:53.851729  9785 grad_async_v2.h:257] pq is empty
========== Step 28 ========== 
========== Step 28 ========== 
========== Step 28 ========== 
========== Step 28 ========== 
========== Step 28 ========== 
========== Step 28 ========== 
========== Step 28 ========== 
========== Step 28 ========== 
E20240217 16:32:53.892024 11203 parallel_pq_v2.h:79] insert failed, size(hashtable)=384
========== Step 29 ========== 
========== Step 29 ========== 
========== Step 29 ========== 
========== Step 29 ========== 
========== Step 29 ========== 
========== Step 29 ========== 
========== Step 29 ========== 
========== Step 29 ========== 
W20240217 16:32:54.314652  9785 grad_async_v2.h:257] pq is empty
========== Step 30 ========== 
========== Step 30 ========== 
========== Step 30 ========== 
========== Step 30 ========== 
========== Step 30 ========== 
========== Step 30 ========== 
========== Step 30 ========== 
========== Step 30 ========== 
W20240217 16:32:54.415374 11203 grad_async_v2.h:137] Detect new sample comes, old_end0, new_end1
========== Step 31 ========== 
========== Step 31 ========== 
========== Step 31 ========== 
========== Step 31 ========== 
========== Step 31 ========== 
========== Step 31 ========== 
========== Step 31 ========== 
========== Step 31 ========== 
+---------------------------+---------------------------+---------------------------+
| Name                      | P50                       | P99                       |
+---------------------------+---------------------------+---------------------------+
| GenInput:CircleBuffer     | 133.690 us                | 440.485 us                |
| GenInput                  | 1.905 ms                  | 3.666 ms                  |
| forward: NN               | 105.251 us                | 56.177 ms                 |
| Forward                   | 425.542 us                | 59.736 ms                 |
| Backward                  | 1.091 ms                  | 43.573 ms                 |
| Optimize                  | 171.642 us                | 972.238 us                |
| BarrierTimeBeforeRank0    | 455.897 us                | 2.313 ms                  |
| AfterBackward             | 260.093 ms                | 1.761 s                   |
| BlockToStepN              | 176.862 us                | 161.062 ms                |
| OneStep                   | 262.864 ms                | 2.033 s                   |
+---------------------------+---------------------------+---------------------------+
W20240217 16:32:54.868759  9785 grad_async_v2.h:257] pq is empty
========== Step 32 ========== 
========== Step 32 ========== 
========== Step 32 ========== 
========== Step 32 ========== 
========== Step 32 ========== 
========== Step 32 ========== 
========== Step 32 ========== 
========== Step 32 ========== 
E20240217 16:32:54.892796 11203 parallel_pq_v2.h:79] insert failed, size(hashtable)=1
W20240217 16:32:55.147270  9785 grad_async_v2.h:257] pq is empty
========== Step 33 ========== 
========== Step 33 ========== 
========== Step 33 ========== 
========== Step 33 ========== 
========== Step 33 ========== 
========== Step 33 ========== 
========== Step 33 ========== 
========== Step 33 ========== 
W20240217 16:32:55.424459  9785 grad_async_v2.h:257] pq is empty
========== Step 34 ========== 
========== Step 34 ========== 
========== Step 34 ========== 
========== Step 34 ========== 
========== Step 34 ========== 
========== Step 34 ========== 
========== Step 34 ========== 
========== Step 34 ========== 
W20240217 16:32:55.425202 11203 grad_async_v2.h:137] Detect new sample comes, old_end4, new_end5
========== Step 35 ========== 
========== Step 35 ========== 
========== Step 35 ========== 
========== Step 35 ========== 
========== Step 35 ========== 
========== Step 35 ========== 
========== Step 35 ========== 
========== Step 35 ========== 
========== Step 36 ========== 
========== Step 36 ========== 
========== Step 36 ========== 
========== Step 36 ========== 
========== Step 36 ========== 
========== Step 36 ========== 
========== Step 36 ========== 
========== Step 36 ========== 
E20240217 16:32:55.892014 11203 parallel_pq_v2.h:79] insert failed, size(hashtable)=320
W20240217 16:32:56.127666  9785 grad_async_v2.h:257] pq is empty
========== Step 37 ========== 
========== Step 37 ========== 
========== Step 37 ========== 
========== Step 37 ========== 
========== Step 37 ========== 
========== Step 37 ========== 
========== Step 37 ========== 
========== Step 37 ========== 
W20240217 16:32:56.379881  9785 grad_async_v2.h:257] pq is empty
========== Step 38 ========== 
========== Step 38 ========== 
========== Step 38 ========== 
========== Step 38 ========== 
========== Step 38 ========== 
========== Step 38 ========== 
========== Step 38 ========== 
========== Step 38 ========== 
W20240217 16:32:56.461068 11203 grad_async_v2.h:137] Detect new sample comes, old_end8, new_end9
========== Step 39 ========== 
========== Step 39 ========== 
========== Step 39 ========== 
========== Step 39 ========== 
========== Step 39 ========== 
========== Step 39 ========== 
========== Step 39 ========== 
========== Step 39 ========== 
+---------------------------+---------------------------+---------------------------+
| Name                      | P50                       | P99                       |
+---------------------------+---------------------------+---------------------------+
| clean                     | 197.292 us                | 36.961 ms                 |
| ProcessBack:Shuffle       | 244.248 ms                | 514.304 ms                |
| ProcessBack:UpdateCache   | 17.607 ms                 | 1.146 s                   |
| ProcessBack:UpsertPq      | 57.426 us                 | 79.052 ms                 |
| ProcessOneStep            | 260.055 ms                | 1.760 s                   |
| BlockToStepN              | 88.162 us                 | 145.073 ms                |
+---------------------------+---------------------------+---------------------------+
W20240217 16:32:56.881798  9785 grad_async_v2.h:257] pq is empty
========== Step 40 ========== 
========== Step 40 ========== 
========== Step 40 ========== 
========== Step 40 ========== 
========== Step 40 ========== 
========== Step 40 ========== 
========== Step 40 ========== 
========== Step 40 ========== 
E20240217 16:32:56.892009 11203 parallel_pq_v2.h:79] insert failed, size(hashtable)=587
W20240217 16:32:57.162564  9785 grad_async_v2.h:257] pq is empty
========== Step 41 ========== 
========== Step 41 ========== 
========== Step 41 ========== 
========== Step 41 ========== 
========== Step 41 ========== 
========== Step 41 ========== 
========== Step 41 ========== 
========== Step 41 ========== 
========== Step 42 ========== 
========== Step 42 ========== 
========== Step 42 ========== 
========== Step 42 ========== 
========== Step 42 ========== 
========== Step 42 ========== 
========== Step 42 ========== 
========== Step 42 ========== 
W20240217 16:32:57.478413 11203 grad_async_v2.h:137] Detect new sample comes, old_end2, new_end3
========== Step 43 ========== 
========== Step 43 ========== 
========== Step 43 ========== 
========== Step 43 ========== 
========== Step 43 ========== 
========== Step 43 ========== 
========== Step 43 ========== 
========== Step 43 ========== 
E20240217 16:32:57.892010 11203 parallel_pq_v2.h:79] insert failed, size(hashtable)=9995
========== Step 44 ========== 
========== Step 44 ========== 
========== Step 44 ========== 
========== Step 44 ========== 
========== Step 44 ========== 
========== Step 44 ========== 
========== Step 44 ========== 
========== Step 44 ========== 
W20240217 16:32:58.179885  9785 grad_async_v2.h:257] pq is empty
========== Step 45 ========== 
========== Step 45 ========== 
========== Step 45 ========== 
========== Step 45 ========== 
========== Step 45 ========== 
========== Step 45 ========== 
========== Step 45 ========== 
========== Step 45 ========== 
W20240217 16:32:58.456089  9785 grad_async_v2.h:257] pq is empty
========== Step 46 ========== 
========== Step 46 ========== 
========== Step 46 ========== 
========== Step 46 ========== 
========== Step 46 ========== 
========== Step 46 ========== 
========== Step 46 ========== 
========== Step 46 ========== 
W20240217 16:32:58.478282 11203 grad_async_v2.h:137] Detect new sample comes, old_end6, new_end7
W20240217 16:32:58.700857  9785 grad_async_v2.h:257] pq is empty
========== Step 47 ========== 
========== Step 47 ========== 
========== Step 47 ========== 
========== Step 47 ========== 
========== Step 47 ========== 
========== Step 47 ========== 
========== Step 47 ========== 
========== Step 47 ========== 
========== Step 48 ========== 
========== Step 48 ========== 
========== Step 48 ========== 
========== Step 48 ========== 
========== Step 48 ========== 
========== Step 48 ========== 
========== Step 48 ========== 
========== Step 48 ========== 
E20240217 16:32:58.892025 11203 parallel_pq_v2.h:79] insert failed, size(hashtable)=338
W20240217 16:32:59.153267  9785 grad_async_v2.h:257] pq is empty
========== Step 49 ========== 
========== Step 49 ========== 
========== Step 49 ========== 
========== Step 49 ========== 
========== Step 49 ========== 
========== Step 49 ========== 
========== Step 49 ========== 
========== Step 49 ========== 
W20240217 16:32:59.420545  9785 grad_async_v2.h:257] pq is empty
========== Step 50 ========== 
========== Step 50 ========== 
========== Step 50 ========== 
========== Step 50 ========== 
========== Step 50 ========== 
========== Step 50 ========== 
========== Step 50 ========== 
========== Step 50 ========== 
W20240217 16:32:59.504832 11203 grad_async_v2.h:137] Detect new sample comes, old_end0, new_end1
W20240217 16:32:59.708282  9785 grad_async_v2.h:257] pq is empty
========== Step 51 ========== 
========== Step 51 ========== 
========== Step 51 ========== 
========== Step 51 ========== 
========== Step 51 ========== 
========== Step 51 ========== 
========== Step 51 ========== 
========== Step 51 ========== 
+---------------------------+---------------------------+---------------------------+
| Name                      | P50                       | P99                       |
+---------------------------+---------------------------+---------------------------+
| GenInput:CircleBuffer     | 119.354 us                | 295.287 us                |
| GenInput                  | 1.405 ms                  | 3.607 ms                  |
| forward: NN               | 98.582 us                 | 343.349 us                |
| Forward                   | 363.468 us                | 6.597 ms                  |
| Backward                  | 1.080 ms                  | 3.071 ms                  |
| Optimize                  | 147.358 us                | 404.659 us                |
| BarrierTimeBeforeRank0    | 511.859 us                | 2.138 ms                  |
| AfterBackward             | 260.409 ms                | 319.768 ms                |
| BlockToStepN              | 188.613 us                | 455.707 us                |
| OneStep                   | 264.525 ms                | 323.689 ms                |
+---------------------------+---------------------------+---------------------------+
W20240217 16:32:59.927779  9785 grad_async_v2.h:257] pq is empty
========== Step 52 ========== 
========== Step 52 ========== 
========== Step 52 ========== 
========== Step 52 ========== 
========== Step 52 ========== 
========== Step 52 ========== 
========== Step 52 ========== 
========== Step 52 ========== 
E20240217 16:32:59.928445 11203 parallel_pq_v2.h:79] insert failed, size(hashtable)=1
W20240217 16:33:00.200016  9785 grad_async_v2.h:257] pq is empty
========== Step 53 ========== 
========== Step 53 ========== 
========== Step 53 ========== 
========== Step 53 ========== 
========== Step 53 ========== 
========== Step 53 ========== 
========== Step 53 ========== 
========== Step 53 ========== 
