WARNING: Logging before InitGoogleLogging() is written to STDERR
I20240211 08:55:38.253077  6085 IPC_barrier.h:128] MultiProcessBarrierFactory->ClearIPCMemory()
W20240211 08:55:38.260593  6085 IPCTensor.h:369] NewIPCTensor: full_emb [9449206, 32]0x100000002000 1.126 GB
/data/home/xieminhui/RecStore/src/framework_adapters/torch/python/perf_rec_model.py:152: DeprecationWarning: The 'warn' function is deprecated, use 'warning' instead
  XLOG.warn("After init DistEmbedding")
WARNING [6085 perf_rec_model.py:152] After init DistEmbedding
========== Running Perf with routine <function routine_local_cache_helper at 0x7f2fe36058a0>==========
Worker 1 pid=7767
Worker 2 pid=7768
Worker 3 pid=7769
Worker 4 pid=7770
Worker 5 pid=7771
Worker 6 pid=7772
INFO [6085 distributed_c10d.py:442] Added key: store_based_barrier_key:1 to store for rank: 0
INFO [7767 distributed_c10d.py:442] Added key: store_based_barrier_key:1 to store for rank: 1
INFO [7768 distributed_c10d.py:442] Added key: store_based_barrier_key:1 to store for rank: 2
INFO [7769 distributed_c10d.py:442] Added key: store_based_barrier_key:1 to store for rank: 3
INFO [7770 distributed_c10d.py:442] Added key: store_based_barrier_key:1 to store for rank: 4
INFO [7771 distributed_c10d.py:442] Added key: store_based_barrier_key:1 to store for rank: 5
INFO [7773 distributed_c10d.py:442] Added key: store_based_barrier_key:1 to store for rank: 7
INFO [7772 distributed_c10d.py:442] Added key: store_based_barrier_key:1 to store for rank: 6
INFO [7769 distributed_c10d.py:476] Rank 3: Completed store-based barrier for key:store_based_barrier_key:1 with 8 nodes.
INFO [7771 distributed_c10d.py:476] Rank 5: Completed store-based barrier for key:store_based_barrier_key:1 with 8 nodes.
INFO [7770 distributed_c10d.py:476] Rank 4: Completed store-based barrier for key:store_based_barrier_key:1 with 8 nodes.
INFO [7773 distributed_c10d.py:476] Rank 7: Completed store-based barrier for key:store_based_barrier_key:1 with 8 nodes.
INFO [7772 distributed_c10d.py:476] Rank 6: Completed store-based barrier for key:store_based_barrier_key:1 with 8 nodes.
E20240211 08:55:44.623998  7769 IPCTensor.h:348] IPCTensor full_emb already exists
E20240211 08:55:44.624013  7773 IPCTensor.h:348] IPCTensor full_emb already exists
E20240211 08:55:44.624011  7772 IPCTensor.h:348] IPCTensor full_emb already exists
E20240211 08:55:44.624011  7771 IPCTensor.h:348] IPCTensor full_emb already exists
E20240211 08:55:44.624043  7770 IPCTensor.h:348] IPCTensor full_emb already exists
INFO [7768 distributed_c10d.py:476] Rank 2: Completed store-based barrier for key:store_based_barrier_key:1 with 8 nodes.
INFO [6085 distributed_c10d.py:476] Rank 0: Completed store-based barrier for key:store_based_barrier_key:1 with 8 nodes.
INFO [7767 distributed_c10d.py:476] Rank 1: Completed store-based barrier for key:store_based_barrier_key:1 with 8 nodes.
E20240211 08:55:44.629606  7768 IPCTensor.h:348] IPCTensor full_emb already exists
E20240211 08:55:44.629642  6085 IPCTensor.h:348] IPCTensor full_emb already exists
E20240211 08:55:44.630002  7767 IPCTensor.h:348] IPCTensor full_emb already exists
W20240211 08:55:49.993896  7773 IPCTensor.h:409] NewIPCGPUTensor: embedding_cache_7 [94492, 32]; dev=7; size=11.53 MB
W20240211 08:55:49.994926  7767 IPCTensor.h:409] NewIPCGPUTensor: embedding_cache_1 [94492, 32]; dev=1; size=11.53 MB
W20240211 08:55:49.994925  7768 IPCTensor.h:409] NewIPCGPUTensor: embedding_cache_2 [94492, 32]; dev=2; size=11.53 MB
W20240211 08:55:49.994897  7769 IPCTensor.h:409] NewIPCGPUTensor: embedding_cache_3 [94492, 32]; dev=3; size=11.53 MB
W20240211 08:55:49.996536  7770 IPCTensor.h:409] NewIPCGPUTensor: embedding_cache_4 [94492, 32]; dev=4; size=11.53 MB
W20240211 08:55:49.996599  7771 IPCTensor.h:409] NewIPCGPUTensor: embedding_cache_5 [94492, 32]; dev=5; size=11.53 MB
W20240211 08:55:49.997128  7772 IPCTensor.h:409] NewIPCGPUTensor: embedding_cache_6 [94492, 32]; dev=6; size=11.53 MB
W20240211 08:55:50.003087  6085 IPCTensor.h:409] NewIPCGPUTensor: embedding_cache_0 [94492, 32]; dev=0; size=11.53 MB
W20240211 08:55:50.711589  7768 IPCTensor.h:369] NewIPCTensor: input_keys_2 [1000000]0x10004817d000 7.629 MB
W20240211 08:55:50.711803  7768 IPCTensor.h:369] NewIPCTensor: input_keys_neg_2 [1000000]0x100048920000 7.629 MB
W20240211 08:55:50.711876  7768 IPCTensor.h:369] NewIPCTensor: backward_grads_2 [1000000, 32]0x1000490c3000 122.1 MB
W20240211 08:55:50.711933  7768 IPCTensor.h:369] NewIPCTensor: backward_grads_neg_2 [1000000, 32]0x100050ad7000 122.1 MB
W20240211 08:55:50.711984  7768 IPCTensor.h:409] NewIPCGPUTensor: backward_grads_2_gpu [1000000, 32]; dev=2; size=122.1 MB
W20240211 08:55:50.712623  7768 IPCTensor.h:409] NewIPCGPUTensor: backward_grads_neg_2_gpu [1000000, 32]; dev=2; size=122.1 MB
W20240211 08:55:50.747951  7773 IPCTensor.h:369] NewIPCTensor: input_keys_7 [1000000]0x1000584f1000 7.629 MB
W20240211 08:55:50.748144  7773 IPCTensor.h:369] NewIPCTensor: input_keys_neg_7 [1000000]0x100058c94000 7.629 MB
W20240211 08:55:50.748206  7773 IPCTensor.h:369] NewIPCTensor: backward_grads_7 [1000000, 32]0x100059437000 122.1 MB
W20240211 08:55:50.748270  7773 IPCTensor.h:369] NewIPCTensor: backward_grads_neg_7 [1000000, 32]0x100060e4b000 122.1 MB
W20240211 08:55:50.748324  7773 IPCTensor.h:409] NewIPCGPUTensor: backward_grads_7_gpu [1000000, 32]; dev=7; size=122.1 MB
W20240211 08:55:50.748445  7771 IPCTensor.h:369] NewIPCTensor: input_keys_5 [1000000]0x100068861000 7.629 MB
W20240211 08:55:50.748589  7771 IPCTensor.h:369] NewIPCTensor: input_keys_neg_5 [1000000]0x100069004000 7.629 MB
W20240211 08:55:50.748648  7771 IPCTensor.h:369] NewIPCTensor: backward_grads_5 [1000000, 32]0x1000697a7000 122.1 MB
W20240211 08:55:50.748703  7771 IPCTensor.h:369] NewIPCTensor: backward_grads_neg_5 [1000000, 32]0x1000711bb000 122.1 MB
W20240211 08:55:50.748766  7771 IPCTensor.h:409] NewIPCGPUTensor: backward_grads_5_gpu [1000000, 32]; dev=5; size=122.1 MB
W20240211 08:55:50.755206  7771 IPCTensor.h:409] NewIPCGPUTensor: backward_grads_neg_5_gpu [1000000, 32]; dev=5; size=122.1 MB
W20240211 08:55:50.755216  7773 IPCTensor.h:409] NewIPCGPUTensor: backward_grads_neg_7_gpu [1000000, 32]; dev=7; size=122.1 MB
W20240211 08:55:50.797991  7769 IPCTensor.h:369] NewIPCTensor: input_keys_3 [1000000]0x100078bd9000 7.629 MB
W20240211 08:55:50.798170  7769 IPCTensor.h:369] NewIPCTensor: input_keys_neg_3 [1000000]0x10007937c000 7.629 MB
W20240211 08:55:50.798238  7769 IPCTensor.h:369] NewIPCTensor: backward_grads_3 [1000000, 32]0x100079b1f000 122.1 MB
W20240211 08:55:50.798295  7769 IPCTensor.h:369] NewIPCTensor: backward_grads_neg_3 [1000000, 32]0x100081533000 122.1 MB
W20240211 08:55:50.798348  7769 IPCTensor.h:409] NewIPCGPUTensor: backward_grads_3_gpu [1000000, 32]; dev=3; size=122.1 MB
W20240211 08:55:50.802175  7769 IPCTensor.h:409] NewIPCGPUTensor: backward_grads_neg_3_gpu [1000000, 32]; dev=3; size=122.1 MB
W20240211 08:55:50.810958  6085 IPCTensor.h:369] NewIPCTensor: input_keys_0 [1000000]0x100088f4d000 7.629 MB
W20240211 08:55:50.811374  6085 IPCTensor.h:369] NewIPCTensor: input_keys_neg_0 [1000000]0x1000896f0000 7.629 MB
W20240211 08:55:50.811522  6085 IPCTensor.h:369] NewIPCTensor: backward_grads_0 [1000000, 32]0x100089e93000 122.1 MB
W20240211 08:55:50.811628  6085 IPCTensor.h:369] NewIPCTensor: backward_grads_neg_0 [1000000, 32]0x1000918a7000 122.1 MB
W20240211 08:55:50.811743  6085 IPCTensor.h:409] NewIPCGPUTensor: backward_grads_0_gpu [1000000, 32]; dev=0; size=122.1 MB
W20240211 08:55:50.885130  6085 IPCTensor.h:409] NewIPCGPUTensor: backward_grads_neg_0_gpu [1000000, 32]; dev=0; size=122.1 MB
W20240211 08:55:50.927383  7772 IPCTensor.h:369] NewIPCTensor: input_keys_6 [1000000]0x1000992bf000 7.629 MB
W20240211 08:55:50.927762  7772 IPCTensor.h:369] NewIPCTensor: input_keys_neg_6 [1000000]0x100099a62000 7.629 MB
W20240211 08:55:50.927888  7772 IPCTensor.h:369] NewIPCTensor: backward_grads_6 [1000000, 32]0x10009a205000 122.1 MB
W20240211 08:55:50.927984  7772 IPCTensor.h:369] NewIPCTensor: backward_grads_neg_6 [1000000, 32]0x1000a1c19000 122.1 MB
W20240211 08:55:50.928058  7772 IPCTensor.h:409] NewIPCGPUTensor: backward_grads_6_gpu [1000000, 32]; dev=6; size=122.1 MB
W20240211 08:55:50.931257  7772 IPCTensor.h:409] NewIPCGPUTensor: backward_grads_neg_6_gpu [1000000, 32]; dev=6; size=122.1 MB
W20240211 08:55:50.934197  7770 IPCTensor.h:369] NewIPCTensor: input_keys_4 [1000000]0x1000a9631000 7.629 MB
W20240211 08:55:50.934356  7770 IPCTensor.h:369] NewIPCTensor: input_keys_neg_4 [1000000]0x1000a9dd4000 7.629 MB
W20240211 08:55:50.934439  7770 IPCTensor.h:369] NewIPCTensor: backward_grads_4 [1000000, 32]0x1000aa577000 122.1 MB
W20240211 08:55:50.934492  7770 IPCTensor.h:369] NewIPCTensor: backward_grads_neg_4 [1000000, 32]0x1000b1f8d000 122.1 MB
W20240211 08:55:50.934638  7770 IPCTensor.h:409] NewIPCGPUTensor: backward_grads_4_gpu [1000000, 32]; dev=4; size=122.1 MB
W20240211 08:55:50.936939  7770 IPCTensor.h:409] NewIPCGPUTensor: backward_grads_neg_4_gpu [1000000, 32]; dev=4; size=122.1 MB
W20240211 08:55:50.972291  7767 IPCTensor.h:369] NewIPCTensor: input_keys_1 [1000000]0x1000b99a9000 7.629 MB
W20240211 08:55:50.972419  7767 IPCTensor.h:369] NewIPCTensor: input_keys_neg_1 [1000000]0x1000ba14c000 7.629 MB
W20240211 08:55:50.972477  7767 IPCTensor.h:369] NewIPCTensor: backward_grads_1 [1000000, 32]0x1000ba8ef000 122.1 MB
W20240211 08:55:50.972537  7767 IPCTensor.h:369] NewIPCTensor: backward_grads_neg_1 [1000000, 32]0x1000c2303000 122.1 MB
W20240211 08:55:50.972590  7767 IPCTensor.h:409] NewIPCGPUTensor: backward_grads_1_gpu [1000000, 32]; dev=1; size=122.1 MB
W20240211 08:55:50.972951  7767 IPCTensor.h:409] NewIPCGPUTensor: backward_grads_neg_1_gpu [1000000, 32]; dev=1; size=122.1 MB
cudaHostRegister 0x100000002000
5: KnownLocalCachedEmbedding init done
cudaHostRegister 0x100000002000
7: KnownLocalCachedEmbedding init done
cudaHostRegister 0x100000002000
2: KnownLocalCachedEmbedding init done
cudaHostRegister 0x100000002000
1: KnownLocalCachedEmbedding init done
cudaHostRegister 0x100000002000
3: KnownLocalCachedEmbedding init done
cudaHostRegister 0x100000002000
6: KnownLocalCachedEmbedding init done
cudaHostRegister 0x100000002000
4: KnownLocalCachedEmbedding init done
Worker 7 pid=7773
New CachedEmbedding, name=full_emb, shape=(9449206, 32), cache_type=KnownLocalCachedEmbeddingSoftware
fixed cache_range is [(0, 94492), (94492, 188984), (188984, 283476), (283476, 377968), (377968, 472460), (472460, 566952), (566952, 661444), (661444, 755936)]
cudaHostRegister 0x100000002000
0: KnownLocalCachedEmbedding init done
W20240211 08:55:55.735744  6085 IPCTensor.h:369] NewIPCTensor: cached_sampler_r0_0 [1000000]0x1000c9d1b000 7.629 MB
W20240211 08:55:55.736092  6085 IPCTensor.h:369] NewIPCTensor: cached_sampler_r0_1 [1000000]0x1000ca4be000 7.629 MB
W20240211 08:55:55.736146  6085 IPCTensor.h:369] NewIPCTensor: cached_sampler_r0_2 [1000000]0x1000cb404000 7.629 MB
W20240211 08:55:55.736155  7770 IPCTensor.h:369] NewIPCTensor: cached_sampler_r4_0 [1000000]0x1000cac61000 7.629 MB
W20240211 08:55:55.736203  6085 IPCTensor.h:369] NewIPCTensor: cached_sampler_r0_3 [1000000]0x1000cbba7000 7.629 MB
W20240211 08:55:55.736238  6085 IPCTensor.h:369] NewIPCTensor: cached_sampler_r0_4 [1000000]0x1000cc34a000 7.629 MB
W20240211 08:55:55.736301  6085 IPCTensor.h:369] NewIPCTensor: cached_sampler_r0_5 [1000000]0x1000ccaed000 7.629 MB
W20240211 08:55:55.736328  7770 IPCTensor.h:369] NewIPCTensor: cached_sampler_r4_1 [1000000]0x1000cd290000 7.629 MB
W20240211 08:55:55.736336  6085 IPCTensor.h:369] NewIPCTensor: cached_sampler_r0_6 [1000000]0x1000cda33000 7.629 MB
W20240211 08:55:55.736388  6085 IPCTensor.h:369] NewIPCTensor: cached_sampler_r0_7 [1000000]0x1000ce1d6000 7.629 MB
W20240211 08:55:55.736421  6085 IPCTensor.h:369] NewIPCTensor: cached_sampler_r0_8 [1000000]0x1000ce979000 7.629 MB
W20240211 08:55:55.736438  7770 IPCTensor.h:369] NewIPCTensor: cached_sampler_r4_2 [1000000]0x1000cf11c000 7.629 MB
W20240211 08:55:55.736452  6085 IPCTensor.h:369] NewIPCTensor: cached_sampler_r0_9 [1000000]0x1000cf8bf000 7.629 MB
W20240211 08:55:55.736496  7770 IPCTensor.h:369] NewIPCTensor: cached_sampler_r4_3 [1000000]0x1000d0062000 7.629 MB
W20240211 08:55:55.736503  6085 IPCTensor.h:369] NewIPCTensor: step_r0 [10]0x1000d0805000 80 B 
W20240211 08:55:55.736548  6085 IPCTensor.h:369] NewIPCTensor: circle_buffer_end_r0 [1]0x1000d0807000 8 B 
W20240211 08:55:55.736567  7770 IPCTensor.h:369] NewIPCTensor: cached_sampler_r4_4 [1000000]0x1000d0809000 7.629 MB
W20240211 08:55:55.736600  6085 IPCTensor.h:369] NewIPCTensor: circle_buffer_end_cppseen_r0 [1]0x1000d0fac000 8 B 
W20240211 08:55:55.736620  7770 IPCTensor.h:369] NewIPCTensor: cached_sampler_r4_5 [1000000]0x1000d0fae000 7.629 MB
W20240211 08:55:55.736701  7770 IPCTensor.h:369] NewIPCTensor: cached_sampler_r4_6 [1000000]0x1000d1751000 7.629 MB
W20240211 08:55:55.736747  7770 IPCTensor.h:369] NewIPCTensor: cached_sampler_r4_7 [1000000]0x1000d1ef4000 7.629 MB
W20240211 08:55:55.736812  7770 IPCTensor.h:369] NewIPCTensor: cached_sampler_r4_8 [1000000]0x1000d2697000 7.629 MB
W20240211 08:55:55.736853  7770 IPCTensor.h:369] NewIPCTensor: cached_sampler_r4_9 [1000000]0x1000d2e3a000 7.629 MB
W20240211 08:55:55.736912  7770 IPCTensor.h:369] NewIPCTensor: step_r4 [10]0x1000d35dd000 80 B 
W20240211 08:55:55.736946  7770 IPCTensor.h:369] NewIPCTensor: circle_buffer_end_r4 [1]0x1000d35df000 8 B 
W20240211 08:55:55.736980  7770 IPCTensor.h:369] NewIPCTensor: circle_buffer_end_cppseen_r4 [1]0x1000d35e1000 8 B 
Dataset:  /home/xieminhui/RecStoreDataset/avazu_binary
Dataset loaded
np.max =  9449205
np.min=  1
Construct RecModelSampler done
Construct KGCacheControllerWrapper done
Dataset:  /home/xieminhui/RecStoreDataset/avazu_binary
Dataset loaded
np.max =  9449205
np.min=  1
Construct RecModelSampler done
Construct KGCacheControllerWrapper done
E20240211 08:55:55.737797  7770 recstore.cc:66] init folly done
E20240211 08:55:55.737844  6085 recstore.cc:66] init folly done
W20240211 08:55:55.739507  7772 IPCTensor.h:369] NewIPCTensor: cached_sampler_r6_0 [1000000]0x1000d35e3000 7.629 MB
W20240211 08:55:55.739629  7772 IPCTensor.h:369] NewIPCTensor: cached_sampler_r6_1 [1000000]0x1000d3d86000 7.629 MB
W20240211 08:55:55.739766  7772 IPCTensor.h:369] NewIPCTensor: cached_sampler_r6_2 [1000000]0x1000d4529000 7.629 MB
W20240211 08:55:55.739840  7772 IPCTensor.h:369] NewIPCTensor: cached_sampler_r6_3 [1000000]0x1000d4ccc000 7.629 MB
W20240211 08:55:55.739917  7772 IPCTensor.h:369] NewIPCTensor: cached_sampler_r6_4 [1000000]0x1000d546f000 7.629 MB
W20240211 08:55:55.739959  7772 IPCTensor.h:369] NewIPCTensor: cached_sampler_r6_5 [1000000]0x1000d5c12000 7.629 MB
W20240211 08:55:55.740025  7772 IPCTensor.h:369] NewIPCTensor: cached_sampler_r6_6 [1000000]0x1000d63b5000 7.629 MB
W20240211 08:55:55.740088  7772 IPCTensor.h:369] NewIPCTensor: cached_sampler_r6_7 [1000000]0x1000d6b58000 7.629 MB
W20240211 08:55:55.740155  7772 IPCTensor.h:369] NewIPCTensor: cached_sampler_r6_8 [1000000]0x1000d72fb000 7.629 MB
W20240211 08:55:55.740200  7772 IPCTensor.h:369] NewIPCTensor: cached_sampler_r6_9 [1000000]0x1000d7a9e000 7.629 MB
W20240211 08:55:55.740262  7772 IPCTensor.h:369] NewIPCTensor: step_r6 [10]0x1000d8241000 80 B 
W20240211 08:55:55.740299  7772 IPCTensor.h:369] NewIPCTensor: circle_buffer_end_r6 [1]0x1000d8243000 8 B 
W20240211 08:55:55.740334  7772 IPCTensor.h:369] NewIPCTensor: circle_buffer_end_cppseen_r6 [1]0x1000d8245000 8 B 
Dataset:  /home/xieminhui/RecStoreDataset/avazu_binary
Dataset loaded
np.max =  9449205
np.min=  1
Construct RecModelSampler done
Construct KGCacheControllerWrapper done
E20240211 08:55:55.740773  7772 recstore.cc:66] init folly done
W20240211 08:55:55.795526  7767 IPCTensor.h:369] NewIPCTensor: cached_sampler_r1_0 [1000000]0x1000d8247000 7.629 MB
W20240211 08:55:55.795720  7767 IPCTensor.h:369] NewIPCTensor: cached_sampler_r1_1 [1000000]0x1000d89ea000 7.629 MB
W20240211 08:55:55.795787  7767 IPCTensor.h:369] NewIPCTensor: cached_sampler_r1_2 [1000000]0x1000d918d000 7.629 MB
W20240211 08:55:55.795836  7767 IPCTensor.h:369] NewIPCTensor: cached_sampler_r1_3 [1000000]0x1000d9930000 7.629 MB
W20240211 08:55:55.795887  7767 IPCTensor.h:369] NewIPCTensor: cached_sampler_r1_4 [1000000]0x1000da0d3000 7.629 MB
W20240211 08:55:55.795924  7767 IPCTensor.h:369] NewIPCTensor: cached_sampler_r1_5 [1000000]0x1000da876000 7.629 MB
W20240211 08:55:55.795989  7767 IPCTensor.h:369] NewIPCTensor: cached_sampler_r1_6 [1000000]0x1000db019000 7.629 MB
W20240211 08:55:55.796039  7767 IPCTensor.h:369] NewIPCTensor: cached_sampler_r1_7 [1000000]0x1000db7bc000 7.629 MB
W20240211 08:55:55.796097  7767 IPCTensor.h:369] NewIPCTensor: cached_sampler_r1_8 [1000000]0x1000dbf5f000 7.629 MB
W20240211 08:55:55.796139  7767 IPCTensor.h:369] NewIPCTensor: cached_sampler_r1_9 [1000000]0x1000dc702000 7.629 MB
W20240211 08:55:55.796182  7767 IPCTensor.h:369] NewIPCTensor: step_r1 [10]0x1000dcea5000 80 B 
W20240211 08:55:55.796221  7767 IPCTensor.h:369] NewIPCTensor: circle_buffer_end_r1 [1]0x1000dcea7000 8 B 
W20240211 08:55:55.796252  7767 IPCTensor.h:369] NewIPCTensor: circle_buffer_end_cppseen_r1 [1]0x1000dcea9000 8 B 
Dataset:  /home/xieminhui/RecStoreDataset/avazu_binary
Dataset loaded
np.max =  9449205
np.min=  1
Construct RecModelSampler done
Construct KGCacheControllerWrapper done
E20240211 08:55:55.797199  7767 recstore.cc:66] init folly done
W20240211 08:55:55.818775  7768 IPCTensor.h:369] NewIPCTensor: cached_sampler_r2_0 [1000000]0x1000dd64e000 7.629 MB
W20240211 08:55:55.818754  7773 IPCTensor.h:369] NewIPCTensor: cached_sampler_r7_0 [1000000]0x1000dceab000 7.629 MB
W20240211 08:55:55.820438  7768 IPCTensor.h:369] NewIPCTensor: cached_sampler_r2_1 [1000000]0x1000dddf1000 7.629 MB
W20240211 08:55:55.820451  7773 IPCTensor.h:369] NewIPCTensor: cached_sampler_r7_1 [1000000]0x1000de594000 7.629 MB
W20240211 08:55:55.820533  7768 IPCTensor.h:369] NewIPCTensor: cached_sampler_r2_2 [1000000]0x1000ded37000 7.629 MB
W20240211 08:55:55.820541  7773 IPCTensor.h:369] NewIPCTensor: cached_sampler_r7_2 [1000000]0x1000df4da000 7.629 MB
W20240211 08:55:55.820587  7768 IPCTensor.h:369] NewIPCTensor: cached_sampler_r2_3 [1000000]0x1000dfc7d000 7.629 MB
W20240211 08:55:55.820612  7773 IPCTensor.h:369] NewIPCTensor: cached_sampler_r7_3 [1000000]0x1000e0420000 7.629 MB
W20240211 08:55:55.820647  7768 IPCTensor.h:369] NewIPCTensor: cached_sampler_r2_4 [1000000]0x1000e0bc3000 7.629 MB
W20240211 08:55:55.820679  7773 IPCTensor.h:369] NewIPCTensor: cached_sampler_r7_4 [1000000]0x1000e1366000 7.629 MB
W20240211 08:55:55.820685  7768 IPCTensor.h:369] NewIPCTensor: cached_sampler_r2_5 [1000000]0x1000e1b09000 7.629 MB
W20240211 08:55:55.820732  7773 IPCTensor.h:369] NewIPCTensor: cached_sampler_r7_5 [1000000]0x1000e22ac000 7.629 MB
W20240211 08:55:55.820745  7768 IPCTensor.h:369] NewIPCTensor: cached_sampler_r2_6 [1000000]0x1000e2a4f000 7.629 MB
W20240211 08:55:55.820792  7773 IPCTensor.h:369] NewIPCTensor: cached_sampler_r7_6 [1000000]0x1000e31f2000 7.629 MB
W20240211 08:55:55.820828  7768 IPCTensor.h:369] NewIPCTensor: cached_sampler_r2_7 [1000000]0x1000e3995000 7.629 MB
W20240211 08:55:55.820875  7768 IPCTensor.h:369] NewIPCTensor: cached_sampler_r2_8 [1000000]0x1000e4138000 7.629 MB
W20240211 08:55:55.820887  7773 IPCTensor.h:369] NewIPCTensor: cached_sampler_r7_7 [1000000]0x1000e48db000 7.629 MB
W20240211 08:55:55.820920  7768 IPCTensor.h:369] NewIPCTensor: cached_sampler_r2_9 [1000000]0x1000e507e000 7.629 MB
W20240211 08:55:55.820950  7773 IPCTensor.h:369] NewIPCTensor: cached_sampler_r7_8 [1000000]0x1000e5821000 7.629 MB
W20240211 08:55:55.820971  7768 IPCTensor.h:369] NewIPCTensor: step_r2 [10]0x1000e5fc4000 80 B 
W20240211 08:55:55.821002  7773 IPCTensor.h:369] NewIPCTensor: cached_sampler_r7_9 [1000000]0x1000e5fc6000 7.629 MB
W20240211 08:55:55.821022  7768 IPCTensor.h:369] NewIPCTensor: circle_buffer_end_r2 [1]0x1000e6769000 8 B 
W20240211 08:55:55.821056  7768 IPCTensor.h:369] NewIPCTensor: circle_buffer_end_cppseen_r2 [1]0x1000e676b000 8 B 
W20240211 08:55:55.821059  7773 IPCTensor.h:369] NewIPCTensor: step_r7 [10]0x1000e676d000 80 B 
W20240211 08:55:55.821102  7773 IPCTensor.h:369] NewIPCTensor: circle_buffer_end_r7 [1]0x1000e676f000 8 B 
W20240211 08:55:55.821146  7773 IPCTensor.h:369] NewIPCTensor: circle_buffer_end_cppseen_r7 [1]0x1000e6771000 8 B 
Dataset:  /home/xieminhui/RecStoreDataset/avazu_binary
Dataset loaded
np.max =  9449205
np.min=  1
Construct RecModelSampler done
Dataset:  /home/xieminhui/RecStoreDataset/avazu_binary
Dataset loaded
np.max =  9449205
np.min=  1
Construct RecModelSampler done
Construct KGCacheControllerWrapper done
Construct KGCacheControllerWrapper done
E20240211 08:55:55.824218  7768 recstore.cc:66] init folly done
E20240211 08:55:55.824218  7773 recstore.cc:66] init folly done
W20240211 08:55:55.829849  7769 IPCTensor.h:369] NewIPCTensor: cached_sampler_r3_0 [1000000]0x1000e6773000 7.629 MB
W20240211 08:55:55.830029  7769 IPCTensor.h:369] NewIPCTensor: cached_sampler_r3_1 [1000000]0x1000e6f16000 7.629 MB
W20240211 08:55:55.830098  7769 IPCTensor.h:369] NewIPCTensor: cached_sampler_r3_2 [1000000]0x1000e76b9000 7.629 MB
W20240211 08:55:55.830152  7769 IPCTensor.h:369] NewIPCTensor: cached_sampler_r3_3 [1000000]0x1000e7e5c000 7.629 MB
W20240211 08:55:55.830204  7769 IPCTensor.h:369] NewIPCTensor: cached_sampler_r3_4 [1000000]0x1000e85ff000 7.629 MB
W20240211 08:55:55.830247  7769 IPCTensor.h:369] NewIPCTensor: cached_sampler_r3_5 [1000000]0x1000e8da2000 7.629 MB
W20240211 08:55:55.830303  7769 IPCTensor.h:369] NewIPCTensor: cached_sampler_r3_6 [1000000]0x1000e9545000 7.629 MB
W20240211 08:55:55.830364  7769 IPCTensor.h:369] NewIPCTensor: cached_sampler_r3_7 [1000000]0x1000e9ce8000 7.629 MB
W20240211 08:55:55.830416  7769 IPCTensor.h:369] NewIPCTensor: cached_sampler_r3_8 [1000000]0x1000ea48b000 7.629 MB
W20240211 08:55:55.830456  7769 IPCTensor.h:369] NewIPCTensor: cached_sampler_r3_9 [1000000]0x1000eac2e000 7.629 MB
W20240211 08:55:55.830502  7769 IPCTensor.h:369] NewIPCTensor: step_r3 [10]0x1000eb3d1000 80 B 
W20240211 08:55:55.830540  7769 IPCTensor.h:369] NewIPCTensor: circle_buffer_end_r3 [1]0x1000eb3d3000 8 B 
W20240211 08:55:55.830575  7769 IPCTensor.h:369] NewIPCTensor: circle_buffer_end_cppseen_r3 [1]0x1000eb3d5000 8 B 
Dataset:  /home/xieminhui/RecStoreDataset/avazu_binary
Dataset loaded
np.max =  9449205
np.min=  1
Construct RecModelSampler done
Construct KGCacheControllerWrapper done
E20240211 08:55:55.831151  7769 recstore.cc:66] init folly done
W20240211 08:55:56.203610  7771 IPCTensor.h:369] NewIPCTensor: cached_sampler_r5_0 [1000000]0x1000eb3d7000 7.629 MB
W20240211 08:55:56.203786  7771 IPCTensor.h:369] NewIPCTensor: cached_sampler_r5_1 [1000000]0x1000ebb7a000 7.629 MB
W20240211 08:55:56.203856  7771 IPCTensor.h:369] NewIPCTensor: cached_sampler_r5_2 [1000000]0x1000ec31d000 7.629 MB
W20240211 08:55:56.203903  7771 IPCTensor.h:369] NewIPCTensor: cached_sampler_r5_3 [1000000]0x1000ecac0000 7.629 MB
W20240211 08:55:56.203974  7771 IPCTensor.h:369] NewIPCTensor: cached_sampler_r5_4 [1000000]0x1000ed263000 7.629 MB
W20240211 08:55:56.204025  7771 IPCTensor.h:369] NewIPCTensor: cached_sampler_r5_5 [1000000]0x1000eda06000 7.629 MB
W20240211 08:55:56.204089  7771 IPCTensor.h:369] NewIPCTensor: cached_sampler_r5_6 [1000000]0x1000ee1a9000 7.629 MB
W20240211 08:55:56.204144  7771 IPCTensor.h:369] NewIPCTensor: cached_sampler_r5_7 [1000000]0x1000ee94c000 7.629 MB
W20240211 08:55:56.204200  7771 IPCTensor.h:369] NewIPCTensor: cached_sampler_r5_8 [1000000]0x1000ef0ef000 7.629 MB
W20240211 08:55:56.204247  7771 IPCTensor.h:369] NewIPCTensor: cached_sampler_r5_9 [1000000]0x1000ef892000 7.629 MB
W20240211 08:55:56.204300  7771 IPCTensor.h:369] NewIPCTensor: step_r5 [10]0x1000f0035000 80 B 
W20240211 08:55:56.204350  7771 IPCTensor.h:369] NewIPCTensor: circle_buffer_end_r5 [1]0x1000f0037000 8 B 
W20240211 08:55:56.204393  7771 IPCTensor.h:369] NewIPCTensor: circle_buffer_end_cppseen_r5 [1]0x1000f0039000 8 B 
Dataset:  /home/xieminhui/RecStoreDataset/avazu_binary
Dataset loaded
np.max =  9449205
np.min=  1
Construct RecModelSampler done
Construct KGCacheControllerWrapper done
E20240211 08:55:56.204893  7771 recstore.cc:66] init folly done
Before Training
Before Training
Before Training
Before Training
Before Training
I20240211 08:55:57.027767  7767 IPC_barrier.h:118] CreateBarrier: new barrier, name: start_barrier, count: 8
I20240211 08:55:57.027805  7771 IPC_barrier.h:112] CreateBarrier: find existing barrier, name: start_barrier, count: 8
I20240211 08:55:57.027835  7768 IPC_barrier.h:112] CreateBarrier: find existing barrier, name: start_barrier, count: 8
I20240211 08:55:57.027856  7773 IPC_barrier.h:112] CreateBarrier: find existing barrier, name: start_barrier, count: 8
I20240211 08:55:57.027879  7770 IPC_barrier.h:112] CreateBarrier: find existing barrier, name: start_barrier, count: 8
Before Training
Before Training
I20240211 08:55:57.028113  7769 IPC_barrier.h:112] CreateBarrier: find existing barrier, name: start_barrier, count: 8
I20240211 08:55:57.028138  7772 IPC_barrier.h:112] CreateBarrier: find existing barrier, name: start_barrier, count: 8
Before Training
I20240211 08:55:57.028757  6085 IPC_barrier.h:112] CreateBarrier: find existing barrier, name: start_barrier, count: 8
========== Step 0 ========== 
+---------------------------+---------------------------+---------------------------+
| Name                      | P50                       | P99                       |
+---------------------------+---------------------------+---------------------------+
| GenInput:CircleBuffer     | 147.364 us                | 147.364 us                |
| GenInput                  | 957.843 us                | 957.843 us                |
| bucket keys               | 63.330 ms                 | 63.330 ms                 |
| forward: join             | 84.992 ms                 | 84.992 ms                 |
| NN                        | 161.075 ms                | 161.075 ms                |
| Forward                   | 389.798 ms                | 389.798 ms                |
| back: bucket keys         | 653.180 us                | 653.180 us                |
+---------------------------+---------------------------+---------------------------+
+---------------------------+---------------------------+---------------------------+
| Name                      | P50                       | P99                       |
+---------------------------+---------------------------+---------------------------+
| GenInput:CircleBuffer     | 147.364 us                | 147.364 us                |
| GenInput                  | 957.843 us                | 957.843 us                |
| bucket keys               | 63.330 ms                 | 63.330 ms                 |
| forward: join             | 84.992 ms                 | 84.992 ms                 |
| NN                        | 161.075 ms                | 161.075 ms                |
| Forward                   | 389.798 ms                | 389.798 ms                |
| back: bucket keys         | 653.180 us                | 653.180 us                |
+---------------------------+---------------------------+---------------------------+
+---------------------------+---------------------------+---------------------------+
| Name                      | P50                       | P99                       |
+---------------------------+---------------------------+---------------------------+
| GenInput:CircleBuffer     | 147.364 us                | 147.364 us                |
| GenInput                  | 957.843 us                | 957.843 us                |
| bucket keys               | 63.330 ms                 | 63.330 ms                 |
| forward: join             | 84.992 ms                 | 84.992 ms                 |
| NN                        | 161.075 ms                | 161.075 ms                |
| Forward                   | 389.798 ms                | 389.798 ms                |
| back: bucket keys         | 653.180 us                | 653.180 us                |
+---------------------------+---------------------------+---------------------------+
+---------------------------+---------------------------+---------------------------+
| Name                      | P50                       | P99                       |
+---------------------------+---------------------------+---------------------------+
| GenInput:CircleBuffer     | 147.364 us                | 147.364 us                |
| GenInput                  | 957.843 us                | 957.843 us                |
| bucket keys               | 63.330 ms                 | 63.330 ms                 |
| forward: join             | 84.992 ms                 | 84.992 ms                 |
| NN                        | 161.075 ms                | 161.075 ms                |
| Forward                   | 389.798 ms                | 389.798 ms                |
| back: bucket keys         | 653.180 us                | 653.180 us                |
+---------------------------+---------------------------+---------------------------+
+---------------------------+---------------------------+---------------------------+
| Name                      | P50                       | P99                       |
+---------------------------+---------------------------+---------------------------+
| GenInput:CircleBuffer     | 147.364 us                | 147.364 us                |
| GenInput                  | 957.843 us                | 957.843 us                |
| bucket keys               | 63.330 ms                 | 63.330 ms                 |
| forward: join             | 84.992 ms                 | 84.992 ms                 |
| NN                        | 161.075 ms                | 161.075 ms                |
| Forward                   | 389.798 ms                | 389.798 ms                |
| back: bucket keys         | 653.180 us                | 653.180 us                |
+---------------------------+---------------------------+---------------------------+
+---------------------------+---------------------------+---------------------------+
| Name                      | P50                       | P99                       |
+---------------------------+---------------------------+---------------------------+
| GenInput:CircleBuffer     | 147.364 us                | 147.364 us                |
| GenInput                  | 957.843 us                | 957.843 us                |
| bucket keys               | 63.330 ms                 | 63.330 ms                 |
| forward: join             | 84.992 ms                 | 84.992 ms                 |
| NN                        | 161.075 ms                | 161.075 ms                |
| Forward                   | 389.798 ms                | 389.798 ms                |
| back: bucket keys         | 653.180 us                | 653.180 us                |
+---------------------------+---------------------------+---------------------------+
+---------------------------+---------------------------+---------------------------+
| Name                      | P50                       | P99                       |
+---------------------------+---------------------------+---------------------------+
| GenInput:CircleBuffer     | 147.364 us                | 147.364 us                |
| GenInput                  | 957.843 us                | 957.843 us                |
| bucket keys               | 63.330 ms                 | 63.330 ms                 |
| forward: join             | 84.992 ms                 | 84.992 ms                 |
| NN                        | 161.075 ms                | 161.075 ms                |
| Forward                   | 389.798 ms                | 389.798 ms                |
| back: bucket keys         | 653.180 us                | 653.180 us                |
+---------------------------+---------------------------+---------------------------+
+---------------------------+---------------------------+---------------------------+
| Name                      | P50                       | P99                       |
+---------------------------+---------------------------+---------------------------+
| GenInput:CircleBuffer     | 147.364 us                | 147.364 us                |
| GenInput                  | 957.843 us                | 957.843 us                |
| bucket keys               | 63.330 ms                 | 63.330 ms                 |
| forward: join             | 84.992 ms                 | 84.992 ms                 |
| NN                        | 161.075 ms                | 161.075 ms                |
| Forward                   | 389.798 ms                | 389.798 ms                |
| back: bucket keys         | 653.180 us                | 653.180 us                |
+---------------------------+---------------------------+---------------------------+
+---------------------------+---------------------------+---------------------------+
| Name                      | P50                       | P99                       |
+---------------------------+---------------------------+---------------------------+
| GenInput:CircleBuffer     | 147.364 us                | 147.364 us                |
| GenInput                  | 957.843 us                | 957.843 us                |
| bucket keys               | 63.330 ms                 | 63.330 ms                 |
| forward: join             | 84.992 ms                 | 84.992 ms                 |
| NN                        | 161.075 ms                | 161.075 ms                |
| Forward                   | 389.798 ms                | 389.798 ms                |
| back: bucket keys         | 653.180 us                | 653.180 us                |
+---------------------------+---------------------------+---------------------------+
+---------------------------+---------------------------+---------------------------+
| Name                      | P50                       | P99                       |
+---------------------------+---------------------------+---------------------------+
| GenInput:CircleBuffer     | 147.364 us                | 147.364 us                |
| GenInput                  | 957.843 us                | 957.843 us                |
| bucket keys               | 63.330 ms                 | 63.330 ms                 |
| forward: join             | 84.992 ms                 | 84.992 ms                 |
| NN                        | 161.075 ms                | 161.075 ms                |
| Forward                   | 389.798 ms                | 389.798 ms                |
| back: bucket keys         | 653.180 us                | 653.180 us                |
+---------------------------+---------------------------+---------------------------+
========== Step 1 ========== 
INFO [6085 distributed.py:1140] Reducer buckets have been rebuilt in this iteration.
INFO [7767 distributed.py:1140] Reducer buckets have been rebuilt in this iteration.
INFO [7768 distributed.py:1140] Reducer buckets have been rebuilt in this iteration.
INFO [7769 distributed.py:1140] Reducer buckets have been rebuilt in this iteration.
INFO [7773 distributed.py:1140] Reducer buckets have been rebuilt in this iteration.
INFO [7772 distributed.py:1140] Reducer buckets have been rebuilt in this iteration.
INFO [7770 distributed.py:1140] Reducer buckets have been rebuilt in this iteration.
INFO [7771 distributed.py:1140] Reducer buckets have been rebuilt in this iteration.
========== Step 2 ========== 
========== Step 3 ========== 
========== Step 4 ========== 
========== Step 5 ========== 
========== Step 6 ========== 
========== Step 7 ========== 
========== Step 8 ========== 
========== Step 9 ========== 
========== Step 10 ========== 
========== Step 11 ========== 
+---------------------------+---------------------------+---------------------------+
| Name                      | P50                       | P99                       |
+---------------------------+---------------------------+---------------------------+
| GenInput:CircleBuffer     | 136.663 us                | 404.477 us                |
| GenInput                  | 510.193 us                | 3.768 ms                  |
| bucket keys               | 652.453 us                | 63.330 ms                 |
| forward: join             | 78.917 ms                 | 89.634 ms                 |
| NN                        | 1.125 ms                  | 161.075 ms                |
| Forward                   | 81.122 ms                 | 389.798 ms                |
| back: bucket keys         | 404.156 us                | 653.180 us                |
| back: a2a                 | 32.500 ms                 | 50.568 s                  |
| back: cache               | 5.912 ms                  | 33.746 ms                 |
| back: aggr dram keys      | 17.685 ms                 | 906.774 ms                |
| back: set dram grad       | 277.055 us                | 1.107 ms                  |
| Backward                  | 60.759 ms                 | 51.597 s                  |
| Optimize                  | 16.417 ms                 | 124.916 ms                |
| OneStep                   | 151.728 ms                | 52.116 s                  |
+---------------------------+---------------------------+---------------------------+
========== Step 12 ========== 
========== Step 13 ========== 
========== Step 14 ========== 
========== Step 15 ========== 
========== Step 16 ========== 
========== Step 17 ========== 
========== Step 18 ========== 
========== Step 19 ========== 
========== Step 20 ========== 
========== Step 21 ========== 
========== Step 22 ========== 
========== Step 23 ========== 
========== Step 24 ========== 
========== Step 25 ========== 
========== Step 26 ========== 
========== Step 27 ========== 
========== Step 28 ========== 
========== Step 29 ========== 
========== Step 30 ========== 
========== Step 31 ========== 
========== Step 32 ========== 
========== Step 33 ========== 
========== Step 34 ========== 
========== Step 35 ========== 
========== Step 36 ========== 
========== Step 37 ========== 
========== Step 38 ========== 
========== Step 39 ========== 
========== Step 40 ========== 
========== Step 41 ========== 
========== Step 42 ========== 
========== Step 43 ========== 
========== Step 44 ========== 
+---------------------------+---------------------------+---------------------------+
| Name                      | P50                       | P99                       |
+---------------------------+---------------------------+---------------------------+
| GenInput:CircleBuffer     | 129.283 us                | 6.645 ms                  |
| GenInput                  | 598.253 us                | 6.994 ms                  |
| bucket keys               | 487.279 us                | 63.330 ms                 |
| forward: join             | 61.335 ms                 | 105.371 ms                |
| NN                        | 1.032 ms                  | 161.075 ms                |
| Forward                   | 66.724 ms                 | 389.798 ms                |
| back: bucket keys         | 397.376 us                | 681.086 us                |
| back: a2a                 | 35.767 ms                 | 50.568 s                  |
| back: cache               | 5.590 ms                  | 33.746 ms                 |
| back: aggr dram keys      | 17.685 ms                 | 906.774 ms                |
| back: set dram grad       | 256.277 us                | 1.107 ms                  |
| Backward                  | 65.652 ms                 | 51.597 s                  |
| Optimize                  | 16.306 ms                 | 124.916 ms                |
| OneStep                   | 151.704 ms                | 52.116 s                  |
+---------------------------+---------------------------+---------------------------+
========== Step 45 ========== 
========== Step 46 ========== 
========== Step 47 ========== 
========== Step 48 ========== 
========== Step 49 ========== 
========== Step 50 ========== 
========== Step 51 ========== 
========== Step 52 ========== 
========== Step 53 ========== 
========== Step 54 ========== 
========== Step 55 ========== 
========== Step 56 ========== 
========== Step 57 ========== 
========== Step 58 ========== 
========== Step 59 ========== 
Successfully xmh
