WARNING: Logging before InitGoogleLogging() is written to STDERR
I20240211 04:03:52.770627  2582 IPC_barrier.h:128] MultiProcessBarrierFactory->ClearIPCMemory()
W20240211 04:03:52.778862  2582 IPCTensor.h:369] NewIPCTensor: full_emb [33762578, 32]0x100000002000 4.025 GB
/data/home/xieminhui/RecStore/src/framework_adapters/torch/python/perf_rec_model.py:152: DeprecationWarning: The 'warn' function is deprecated, use 'warning' instead
  XLOG.warn("After init DistEmbedding")
WARNING [2582 perf_rec_model.py:152] After init DistEmbedding
========== Running Perf with routine <function routine_local_cache_helper at 0x7f3671a7d8a0>==========
Worker 1 pid=2738
Worker 2 pid=2739
Worker 3 pid=2740
Worker 4 pid=2741
Worker 5 pid=2742
Worker 6 pid=2743
INFO [2582 distributed_c10d.py:442] Added key: store_based_barrier_key:1 to store for rank: 0
INFO [2738 distributed_c10d.py:442] Added key: store_based_barrier_key:1 to store for rank: 1
INFO [2739 distributed_c10d.py:442] Added key: store_based_barrier_key:1 to store for rank: 2
INFO [2740 distributed_c10d.py:442] Added key: store_based_barrier_key:1 to store for rank: 3
INFO [2741 distributed_c10d.py:442] Added key: store_based_barrier_key:1 to store for rank: 4
INFO [2742 distributed_c10d.py:442] Added key: store_based_barrier_key:1 to store for rank: 5
INFO [2582 distributed_c10d.py:476] Rank 0: Completed store-based barrier for key:store_based_barrier_key:1 with 8 nodes.
INFO [2738 distributed_c10d.py:476] Rank 1: Completed store-based barrier for key:store_based_barrier_key:1 with 8 nodes.
INFO [2743 distributed_c10d.py:442] Added key: store_based_barrier_key:1 to store for rank: 6
INFO [2744 distributed_c10d.py:442] Added key: store_based_barrier_key:1 to store for rank: 7
INFO [2741 distributed_c10d.py:476] Rank 4: Completed store-based barrier for key:store_based_barrier_key:1 with 8 nodes.
INFO [2740 distributed_c10d.py:476] Rank 3: Completed store-based barrier for key:store_based_barrier_key:1 with 8 nodes.
INFO [2742 distributed_c10d.py:476] Rank 5: Completed store-based barrier for key:store_based_barrier_key:1 with 8 nodes.
INFO [2744 distributed_c10d.py:476] Rank 7: Completed store-based barrier for key:store_based_barrier_key:1 with 8 nodes.
INFO [2743 distributed_c10d.py:476] Rank 6: Completed store-based barrier for key:store_based_barrier_key:1 with 8 nodes.
INFO [2739 distributed_c10d.py:476] Rank 2: Completed store-based barrier for key:store_based_barrier_key:1 with 8 nodes.
E20240211 04:04:10.780303  2582 IPCTensor.h:348] IPCTensor full_emb already exists
E20240211 04:04:10.780449  2738 IPCTensor.h:348] IPCTensor full_emb already exists
E20240211 04:04:10.780486  2741 IPCTensor.h:348] IPCTensor full_emb already exists
E20240211 04:04:10.780573  2740 IPCTensor.h:348] IPCTensor full_emb already exists
E20240211 04:04:10.780576  2742 IPCTensor.h:348] IPCTensor full_emb already exists
E20240211 04:04:10.780699  2744 IPCTensor.h:348] IPCTensor full_emb already exists
E20240211 04:04:10.780723  2743 IPCTensor.h:348] IPCTensor full_emb already exists
E20240211 04:04:10.780843  2739 IPCTensor.h:348] IPCTensor full_emb already exists
W20240211 04:04:29.493260  2742 IPCTensor.h:409] NewIPCGPUTensor: embedding_cache_5 [337625, 32]; dev=5; size=41.21 MB
W20240211 04:04:29.494565  2744 IPCTensor.h:409] NewIPCGPUTensor: embedding_cache_7 [337625, 32]; dev=7; size=41.21 MB
W20240211 04:04:29.494973  2739 IPCTensor.h:409] NewIPCGPUTensor: embedding_cache_2 [337625, 32]; dev=2; size=41.21 MB
W20240211 04:04:29.495908  2738 IPCTensor.h:409] NewIPCGPUTensor: embedding_cache_1 [337625, 32]; dev=1; size=41.21 MB
W20240211 04:04:29.496182  2582 IPCTensor.h:409] NewIPCGPUTensor: embedding_cache_0 [337625, 32]; dev=0; size=41.21 MB
W20240211 04:04:29.496234  2741 IPCTensor.h:409] NewIPCGPUTensor: embedding_cache_4 [337625, 32]; dev=4; size=41.21 MB
W20240211 04:04:29.498091  2743 IPCTensor.h:409] NewIPCGPUTensor: embedding_cache_6 [337625, 32]; dev=6; size=41.21 MB
W20240211 04:04:29.497655  2740 IPCTensor.h:409] NewIPCGPUTensor: embedding_cache_3 [337625, 32]; dev=3; size=41.21 MB
W20240211 04:04:30.304591  2741 IPCTensor.h:369] NewIPCTensor: input_keys_4 [1000000]0x10010196e000 7.629 MB
W20240211 04:04:30.304800  2741 IPCTensor.h:369] NewIPCTensor: input_keys_neg_4 [1000000]0x100102111000 7.629 MB
W20240211 04:04:30.304875  2741 IPCTensor.h:369] NewIPCTensor: backward_grads_4 [1000000, 32]0x1001028b4000 122.1 MB
W20240211 04:04:30.304949  2741 IPCTensor.h:369] NewIPCTensor: backward_grads_neg_4 [1000000, 32]0x10010a2c8000 122.1 MB
W20240211 04:04:30.305009  2741 IPCTensor.h:409] NewIPCGPUTensor: backward_grads_4_gpu [1000000, 32]; dev=4; size=122.1 MB
W20240211 04:04:30.321369  2741 IPCTensor.h:409] NewIPCGPUTensor: backward_grads_neg_4_gpu [1000000, 32]; dev=4; size=122.1 MB
W20240211 04:04:30.328963  2738 IPCTensor.h:369] NewIPCTensor: input_keys_1 [1000000]0x100111ce2000 7.629 MB
W20240211 04:04:30.329123  2738 IPCTensor.h:369] NewIPCTensor: input_keys_neg_1 [1000000]0x100112485000 7.629 MB
W20240211 04:04:30.329172  2738 IPCTensor.h:369] NewIPCTensor: backward_grads_1 [1000000, 32]0x100112c28000 122.1 MB
W20240211 04:04:30.329237  2738 IPCTensor.h:369] NewIPCTensor: backward_grads_neg_1 [1000000, 32]0x10011a63c000 122.1 MB
W20240211 04:04:30.329278  2738 IPCTensor.h:409] NewIPCGPUTensor: backward_grads_1_gpu [1000000, 32]; dev=1; size=122.1 MB
W20240211 04:04:30.345085  2738 IPCTensor.h:409] NewIPCGPUTensor: backward_grads_neg_1_gpu [1000000, 32]; dev=1; size=122.1 MB
W20240211 04:04:30.345135  2739 IPCTensor.h:369] NewIPCTensor: input_keys_2 [1000000]0x100122054000 7.629 MB
W20240211 04:04:30.345353  2739 IPCTensor.h:369] NewIPCTensor: input_keys_neg_2 [1000000]0x1001227f7000 7.629 MB
W20240211 04:04:30.345407  2739 IPCTensor.h:369] NewIPCTensor: backward_grads_2 [1000000, 32]0x100122f9a000 122.1 MB
W20240211 04:04:30.345456  2739 IPCTensor.h:369] NewIPCTensor: backward_grads_neg_2 [1000000, 32]0x10012a9ae000 122.1 MB
W20240211 04:04:30.345500  2739 IPCTensor.h:409] NewIPCGPUTensor: backward_grads_2_gpu [1000000, 32]; dev=2; size=122.1 MB
W20240211 04:04:30.347041  2739 IPCTensor.h:409] NewIPCGPUTensor: backward_grads_neg_2_gpu [1000000, 32]; dev=2; size=122.1 MB
W20240211 04:04:30.351495  2742 IPCTensor.h:369] NewIPCTensor: input_keys_5 [1000000]0x1001323ca000 7.629 MB
W20240211 04:04:30.351684  2742 IPCTensor.h:369] NewIPCTensor: input_keys_neg_5 [1000000]0x100132b6d000 7.629 MB
W20240211 04:04:30.351742  2742 IPCTensor.h:369] NewIPCTensor: backward_grads_5 [1000000, 32]0x100133310000 122.1 MB
W20240211 04:04:30.351806  2742 IPCTensor.h:369] NewIPCTensor: backward_grads_neg_5 [1000000, 32]0x10013ad24000 122.1 MB
W20240211 04:04:30.351861  2742 IPCTensor.h:409] NewIPCGPUTensor: backward_grads_5_gpu [1000000, 32]; dev=5; size=122.1 MB
W20240211 04:04:30.353931  2742 IPCTensor.h:409] NewIPCGPUTensor: backward_grads_neg_5_gpu [1000000, 32]; dev=5; size=122.1 MB
W20240211 04:04:30.358008  2744 IPCTensor.h:369] NewIPCTensor: input_keys_7 [1000000]0x10014273e000 7.629 MB
W20240211 04:04:30.358155  2744 IPCTensor.h:369] NewIPCTensor: input_keys_neg_7 [1000000]0x100142ee1000 7.629 MB
W20240211 04:04:30.358206  2744 IPCTensor.h:369] NewIPCTensor: backward_grads_7 [1000000, 32]0x100143684000 122.1 MB
W20240211 04:04:30.358258  2744 IPCTensor.h:369] NewIPCTensor: backward_grads_neg_7 [1000000, 32]0x10014b098000 122.1 MB
W20240211 04:04:30.358305  2744 IPCTensor.h:409] NewIPCGPUTensor: backward_grads_7_gpu [1000000, 32]; dev=7; size=122.1 MB
W20240211 04:04:30.394992  2744 IPCTensor.h:409] NewIPCGPUTensor: backward_grads_neg_7_gpu [1000000, 32]; dev=7; size=122.1 MB
W20240211 04:04:30.409788  2582 IPCTensor.h:369] NewIPCTensor: input_keys_0 [1000000]0x100152ab2000 7.629 MB
W20240211 04:04:30.410003  2582 IPCTensor.h:369] NewIPCTensor: input_keys_neg_0 [1000000]0x100153255000 7.629 MB
W20240211 04:04:30.410070  2582 IPCTensor.h:369] NewIPCTensor: backward_grads_0 [1000000, 32]0x1001539f8000 122.1 MB
W20240211 04:04:30.410120  2582 IPCTensor.h:369] NewIPCTensor: backward_grads_neg_0 [1000000, 32]0x10015b40c000 122.1 MB
W20240211 04:04:30.410168  2582 IPCTensor.h:409] NewIPCGPUTensor: backward_grads_0_gpu [1000000, 32]; dev=0; size=122.1 MB
W20240211 04:04:30.415457  2582 IPCTensor.h:409] NewIPCGPUTensor: backward_grads_neg_0_gpu [1000000, 32]; dev=0; size=122.1 MB
W20240211 04:04:30.419621  2743 IPCTensor.h:369] NewIPCTensor: input_keys_6 [1000000]0x100162e26000 7.629 MB
W20240211 04:04:30.419804  2743 IPCTensor.h:369] NewIPCTensor: input_keys_neg_6 [1000000]0x1001635c9000 7.629 MB
W20240211 04:04:30.419864  2743 IPCTensor.h:369] NewIPCTensor: backward_grads_6 [1000000, 32]0x100163d6c000 122.1 MB
W20240211 04:04:30.419945  2743 IPCTensor.h:369] NewIPCTensor: backward_grads_neg_6 [1000000, 32]0x10016b780000 122.1 MB
W20240211 04:04:30.419988  2743 IPCTensor.h:409] NewIPCGPUTensor: backward_grads_6_gpu [1000000, 32]; dev=6; size=122.1 MB
W20240211 04:04:30.420364  2743 IPCTensor.h:409] NewIPCGPUTensor: backward_grads_neg_6_gpu [1000000, 32]; dev=6; size=122.1 MB
W20240211 04:04:30.429744  2740 IPCTensor.h:369] NewIPCTensor: input_keys_3 [1000000]0x10017319a000 7.629 MB
W20240211 04:04:30.429873  2740 IPCTensor.h:369] NewIPCTensor: input_keys_neg_3 [1000000]0x10017393d000 7.629 MB
W20240211 04:04:30.429927  2740 IPCTensor.h:369] NewIPCTensor: backward_grads_3 [1000000, 32]0x1001740e0000 122.1 MB
W20240211 04:04:30.429976  2740 IPCTensor.h:369] NewIPCTensor: backward_grads_neg_3 [1000000, 32]0x10017baf4000 122.1 MB
W20240211 04:04:30.430016  2740 IPCTensor.h:409] NewIPCGPUTensor: backward_grads_3_gpu [1000000, 32]; dev=3; size=122.1 MB
W20240211 04:04:30.430382  2740 IPCTensor.h:409] NewIPCGPUTensor: backward_grads_neg_3_gpu [1000000, 32]; dev=3; size=122.1 MB
cudaHostRegister 0x100000002000
2: KnownLocalCachedEmbedding init done
Worker 7 pid=2744
New CachedEmbedding, name=full_emb, shape=(33762578, 32), cache_type=KnownLocalCachedEmbeddingSoftware
fixed cache_range is [(0, 337625), (337625, 675250), (675250, 1012875), (1012875, 1350500), (1350500, 1688125), (1688125, 2025750), (2025750, 2363375), (2363375, 2701000)]
cudaHostRegister 0x100000002000
0: KnownLocalCachedEmbedding init done
cudaHostRegister 0x100000002000
6: KnownLocalCachedEmbedding init done
cudaHostRegister 0x100000002000
7: KnownLocalCachedEmbedding init done
cudaHostRegister 0x100000002000
5: KnownLocalCachedEmbedding init done
cudaHostRegister 0x100000002000
3: KnownLocalCachedEmbedding init done
cudaHostRegister 0x100000002000
1: KnownLocalCachedEmbedding init done
cudaHostRegister 0x100000002000
4: KnownLocalCachedEmbedding init done
W20240211 04:04:38.228385  2739 IPCTensor.h:369] NewIPCTensor: cached_sampler_r2_0 [1000000]0x10018350c000 7.629 MB
W20240211 04:04:38.228643  2739 IPCTensor.h:369] NewIPCTensor: cached_sampler_r2_1 [1000000]0x100183caf000 7.629 MB
W20240211 04:04:38.228763  2739 IPCTensor.h:369] NewIPCTensor: cached_sampler_r2_2 [1000000]0x100184452000 7.629 MB
W20240211 04:04:38.228817  2739 IPCTensor.h:369] NewIPCTensor: cached_sampler_r2_3 [1000000]0x100184bf5000 7.629 MB
W20240211 04:04:38.228860  2739 IPCTensor.h:369] NewIPCTensor: cached_sampler_r2_4 [1000000]0x100185398000 7.629 MB
W20240211 04:04:38.228927  2739 IPCTensor.h:369] NewIPCTensor: cached_sampler_r2_5 [1000000]0x100185b3b000 7.629 MB
W20240211 04:04:38.228986  2739 IPCTensor.h:369] NewIPCTensor: cached_sampler_r2_6 [1000000]0x1001862de000 7.629 MB
W20240211 04:04:38.229074  2739 IPCTensor.h:369] NewIPCTensor: cached_sampler_r2_7 [1000000]0x100186a81000 7.629 MB
W20240211 04:04:38.229126  2739 IPCTensor.h:369] NewIPCTensor: cached_sampler_r2_8 [1000000]0x100187224000 7.629 MB
W20240211 04:04:38.229172  2739 IPCTensor.h:369] NewIPCTensor: cached_sampler_r2_9 [1000000]0x1001879c7000 7.629 MB
W20240211 04:04:38.229219  2739 IPCTensor.h:369] NewIPCTensor: step_r2 [10]0x10018816a000 80 B 
W20240211 04:04:38.229264  2739 IPCTensor.h:369] NewIPCTensor: circle_buffer_end_r2 [1]0x10018816c000 8 B 
W20240211 04:04:38.229317  2739 IPCTensor.h:369] NewIPCTensor: circle_buffer_end_cppseen_r2 [1]0x10018816e000 8 B 
Dataset:  /home/xieminhui/RecStoreDataset/criteo_binary
Dataset loaded
np.max =  33762577
np.min=  1
Construct RecModelSampler done
Construct KGCacheControllerWrapper done
E20240211 04:04:38.230059  2739 recstore.cc:66] init folly done
W20240211 04:04:38.294623  2741 IPCTensor.h:369] NewIPCTensor: cached_sampler_r4_0 [1000000]0x100188170000 7.629 MB
W20240211 04:04:38.294811  2741 IPCTensor.h:369] NewIPCTensor: cached_sampler_r4_1 [1000000]0x100188913000 7.629 MB
W20240211 04:04:38.294862  2741 IPCTensor.h:369] NewIPCTensor: cached_sampler_r4_2 [1000000]0x1001890b6000 7.629 MB
W20240211 04:04:38.294899  2741 IPCTensor.h:369] NewIPCTensor: cached_sampler_r4_3 [1000000]0x100189859000 7.629 MB
W20240211 04:04:38.294939  2741 IPCTensor.h:369] NewIPCTensor: cached_sampler_r4_4 [1000000]0x100189ffc000 7.629 MB
W20240211 04:04:38.294986  2741 IPCTensor.h:369] NewIPCTensor: cached_sampler_r4_5 [1000000]0x10018a79f000 7.629 MB
W20240211 04:04:38.295028  2741 IPCTensor.h:369] NewIPCTensor: cached_sampler_r4_6 [1000000]0x10018af42000 7.629 MB
W20240211 04:04:38.295089  2741 IPCTensor.h:369] NewIPCTensor: cached_sampler_r4_7 [1000000]0x10018b6e5000 7.629 MB
W20240211 04:04:38.295132  2741 IPCTensor.h:369] NewIPCTensor: cached_sampler_r4_8 [1000000]0x10018be88000 7.629 MB
W20240211 04:04:38.295176  2741 IPCTensor.h:369] NewIPCTensor: cached_sampler_r4_9 [1000000]0x10018c62b000 7.629 MB
W20240211 04:04:38.295223  2741 IPCTensor.h:369] NewIPCTensor: step_r4 [10]0x10018cdce000 80 B 
W20240211 04:04:38.295265  2741 IPCTensor.h:369] NewIPCTensor: circle_buffer_end_r4 [1]0x10018cdd0000 8 B 
W20240211 04:04:38.295312  2741 IPCTensor.h:369] NewIPCTensor: circle_buffer_end_cppseen_r4 [1]0x10018cdd2000 8 B 
Dataset:  /home/xieminhui/RecStoreDataset/criteo_binary
Dataset loaded
np.max =  33762577
np.min=  1
Construct RecModelSampler done
Construct KGCacheControllerWrapper done
E20240211 04:04:38.296198  2741 recstore.cc:66] init folly done
W20240211 04:04:38.821099  2582 IPCTensor.h:369] NewIPCTensor: cached_sampler_r0_0 [1000000]0x10018cdd4000 7.629 MB
W20240211 04:04:38.821309  2582 IPCTensor.h:369] NewIPCTensor: cached_sampler_r0_1 [1000000]0x10018d577000 7.629 MB
W20240211 04:04:38.821370  2582 IPCTensor.h:369] NewIPCTensor: cached_sampler_r0_2 [1000000]0x10018dd1a000 7.629 MB
W20240211 04:04:38.821405  2582 IPCTensor.h:369] NewIPCTensor: cached_sampler_r0_3 [1000000]0x10018e4bd000 7.629 MB
W20240211 04:04:38.821439  2582 IPCTensor.h:369] NewIPCTensor: cached_sampler_r0_4 [1000000]0x10018ec60000 7.629 MB
W20240211 04:04:38.821488  2582 IPCTensor.h:369] NewIPCTensor: cached_sampler_r0_5 [1000000]0x10018f403000 7.629 MB
W20240211 04:04:38.821521  2582 IPCTensor.h:369] NewIPCTensor: cached_sampler_r0_6 [1000000]0x10018fba6000 7.629 MB
W20240211 04:04:38.821589  2582 IPCTensor.h:369] NewIPCTensor: cached_sampler_r0_7 [1000000]0x100190349000 7.629 MB
W20240211 04:04:38.821650  2582 IPCTensor.h:369] NewIPCTensor: cached_sampler_r0_8 [1000000]0x100190aec000 7.629 MB
W20240211 04:04:38.821702  2582 IPCTensor.h:369] NewIPCTensor: cached_sampler_r0_9 [1000000]0x10019128f000 7.629 MB
W20240211 04:04:38.821749  2582 IPCTensor.h:369] NewIPCTensor: step_r0 [10]0x100191a32000 80 B 
W20240211 04:04:38.821784  2582 IPCTensor.h:369] NewIPCTensor: circle_buffer_end_r0 [1]0x100191a34000 8 B 
W20240211 04:04:38.821812  2582 IPCTensor.h:369] NewIPCTensor: circle_buffer_end_cppseen_r0 [1]0x100191a36000 8 B 
Dataset:  /home/xieminhui/RecStoreDataset/criteo_binary
Dataset loaded
np.max =  33762577
np.min=  1
Construct RecModelSampler done
Construct KGCacheControllerWrapper done
E20240211 04:04:38.823017  2582 recstore.cc:66] init folly done
W20240211 04:04:38.851734  2742 IPCTensor.h:369] NewIPCTensor: cached_sampler_r5_0 [1000000]0x100191a38000 7.629 MB
W20240211 04:04:38.851963  2742 IPCTensor.h:369] NewIPCTensor: cached_sampler_r5_1 [1000000]0x1001921db000 7.629 MB
W20240211 04:04:38.852034  2742 IPCTensor.h:369] NewIPCTensor: cached_sampler_r5_2 [1000000]0x10019297e000 7.629 MB
W20240211 04:04:38.852103  2742 IPCTensor.h:369] NewIPCTensor: cached_sampler_r5_3 [1000000]0x100193121000 7.629 MB
W20240211 04:04:38.852156  2742 IPCTensor.h:369] NewIPCTensor: cached_sampler_r5_4 [1000000]0x1001938c4000 7.629 MB
W20240211 04:04:38.852209  2742 IPCTensor.h:369] NewIPCTensor: cached_sampler_r5_5 [1000000]0x100194067000 7.629 MB
W20240211 04:04:38.852273  2742 IPCTensor.h:369] NewIPCTensor: cached_sampler_r5_6 [1000000]0x10019480a000 7.629 MB
W20240211 04:04:38.852339  2742 IPCTensor.h:369] NewIPCTensor: cached_sampler_r5_7 [1000000]0x100194fad000 7.629 MB
W20240211 04:04:38.852388  2742 IPCTensor.h:369] NewIPCTensor: cached_sampler_r5_8 [1000000]0x100195750000 7.629 MB
W20240211 04:04:38.852437  2742 IPCTensor.h:369] NewIPCTensor: cached_sampler_r5_9 [1000000]0x100195ef3000 7.629 MB
W20240211 04:04:38.852491  2742 IPCTensor.h:369] NewIPCTensor: step_r5 [10]0x100196696000 80 B 
W20240211 04:04:38.852540  2742 IPCTensor.h:369] NewIPCTensor: circle_buffer_end_r5 [1]0x100196698000 8 B 
W20240211 04:04:38.852588  2742 IPCTensor.h:369] NewIPCTensor: circle_buffer_end_cppseen_r5 [1]0x10019669a000 8 B 
Dataset:  /home/xieminhui/RecStoreDataset/criteo_binary
Dataset loaded
np.max =  33762577
np.min=  1
Construct RecModelSampler done
Construct KGCacheControllerWrapper done
W20240211 04:04:38.852865  2743 IPCTensor.h:369] NewIPCTensor: cached_sampler_r6_0 [1000000]0x10019669c000 7.629 MB
W20240211 04:04:38.853026  2743 IPCTensor.h:369] NewIPCTensor: cached_sampler_r6_1 [1000000]0x100196e3f000 7.629 MB
W20240211 04:04:38.853092  2743 IPCTensor.h:369] NewIPCTensor: cached_sampler_r6_2 [1000000]0x1001975e2000 7.629 MB
W20240211 04:04:38.853142  2743 IPCTensor.h:369] NewIPCTensor: cached_sampler_r6_3 [1000000]0x100197d85000 7.629 MB
E20240211 04:04:38.853173  2742 recstore.cc:66] init folly done
W20240211 04:04:38.853191  2743 IPCTensor.h:369] NewIPCTensor: cached_sampler_r6_4 [1000000]0x100198528000 7.629 MB
W20240211 04:04:38.853252  2743 IPCTensor.h:369] NewIPCTensor: cached_sampler_r6_5 [1000000]0x100198ccb000 7.629 MB
W20240211 04:04:38.853304  2743 IPCTensor.h:369] NewIPCTensor: cached_sampler_r6_6 [1000000]0x10019946e000 7.629 MB
W20240211 04:04:38.853377  2743 IPCTensor.h:369] NewIPCTensor: cached_sampler_r6_7 [1000000]0x100199c11000 7.629 MB
W20240211 04:04:38.853430  2743 IPCTensor.h:369] NewIPCTensor: cached_sampler_r6_8 [1000000]0x10019a3b4000 7.629 MB
W20240211 04:04:38.853485  2743 IPCTensor.h:369] NewIPCTensor: cached_sampler_r6_9 [1000000]0x10019ab57000 7.629 MB
W20240211 04:04:38.853535  2743 IPCTensor.h:369] NewIPCTensor: step_r6 [10]0x10019b2fa000 80 B 
W20240211 04:04:38.853580  2743 IPCTensor.h:369] NewIPCTensor: circle_buffer_end_r6 [1]0x10019b2fc000 8 B 
W20240211 04:04:38.853626  2743 IPCTensor.h:369] NewIPCTensor: circle_buffer_end_cppseen_r6 [1]0x10019b2fe000 8 B 
Dataset:  /home/xieminhui/RecStoreDataset/criteo_binary
Dataset loaded
np.max =  33762577
np.min=  1
Construct RecModelSampler done
Construct KGCacheControllerWrapper done
E20240211 04:04:38.854194  2743 recstore.cc:66] init folly done
W20240211 04:04:39.104355  2738 IPCTensor.h:369] NewIPCTensor: cached_sampler_r1_0 [1000000]0x10019b300000 7.629 MB
W20240211 04:04:39.104586  2738 IPCTensor.h:369] NewIPCTensor: cached_sampler_r1_1 [1000000]0x10019baa3000 7.629 MB
W20240211 04:04:39.104657  2738 IPCTensor.h:369] NewIPCTensor: cached_sampler_r1_2 [1000000]0x10019c246000 7.629 MB
W20240211 04:04:39.104697  2738 IPCTensor.h:369] NewIPCTensor: cached_sampler_r1_3 [1000000]0x10019c9e9000 7.629 MB
W20240211 04:04:39.104734  2738 IPCTensor.h:369] NewIPCTensor: cached_sampler_r1_4 [1000000]0x10019d18c000 7.629 MB
W20240211 04:04:39.104777  2738 IPCTensor.h:369] NewIPCTensor: cached_sampler_r1_5 [1000000]0x10019d92f000 7.629 MB
W20240211 04:04:39.104818  2738 IPCTensor.h:369] NewIPCTensor: cached_sampler_r1_6 [1000000]0x10019e0d2000 7.629 MB
W20240211 04:04:39.104874  2738 IPCTensor.h:369] NewIPCTensor: cached_sampler_r1_7 [1000000]0x10019e875000 7.629 MB
W20240211 04:04:39.104918  2738 IPCTensor.h:369] NewIPCTensor: cached_sampler_r1_8 [1000000]0x10019f018000 7.629 MB
W20240211 04:04:39.104964  2738 IPCTensor.h:369] NewIPCTensor: cached_sampler_r1_9 [1000000]0x10019f7bb000 7.629 MB
W20240211 04:04:39.105007  2738 IPCTensor.h:369] NewIPCTensor: step_r1 [10]0x10019ff5e000 80 B 
W20240211 04:04:39.105046  2738 IPCTensor.h:369] NewIPCTensor: circle_buffer_end_r1 [1]0x10019ff60000 8 B 
W20240211 04:04:39.105087  2738 IPCTensor.h:369] NewIPCTensor: circle_buffer_end_cppseen_r1 [1]0x10019ff62000 8 B 
Dataset:  /home/xieminhui/RecStoreDataset/criteo_binary
Dataset loaded
np.max =  33762577
np.min=  1
Construct RecModelSampler done
Construct KGCacheControllerWrapper done
E20240211 04:04:39.105681  2738 recstore.cc:66] init folly done
W20240211 04:04:39.308307  2740 IPCTensor.h:369] NewIPCTensor: cached_sampler_r3_0 [1000000]0x10019ff64000 7.629 MB
W20240211 04:04:39.308504  2740 IPCTensor.h:369] NewIPCTensor: cached_sampler_r3_1 [1000000]0x1001a0707000 7.629 MB
W20240211 04:04:39.308563  2740 IPCTensor.h:369] NewIPCTensor: cached_sampler_r3_2 [1000000]0x1001a0eaa000 7.629 MB
W20240211 04:04:39.308602  2740 IPCTensor.h:369] NewIPCTensor: cached_sampler_r3_3 [1000000]0x1001a164d000 7.629 MB
W20240211 04:04:39.308640  2740 IPCTensor.h:369] NewIPCTensor: cached_sampler_r3_4 [1000000]0x1001a1df0000 7.629 MB
W20240211 04:04:39.308683  2740 IPCTensor.h:369] NewIPCTensor: cached_sampler_r3_5 [1000000]0x1001a2593000 7.629 MB
W20240211 04:04:39.308725  2740 IPCTensor.h:369] NewIPCTensor: cached_sampler_r3_6 [1000000]0x1001a2d36000 7.629 MB
W20240211 04:04:39.308784  2740 IPCTensor.h:369] NewIPCTensor: cached_sampler_r3_7 [1000000]0x1001a34d9000 7.629 MB
W20240211 04:04:39.308826  2740 IPCTensor.h:369] NewIPCTensor: cached_sampler_r3_8 [1000000]0x1001a3c7c000 7.629 MB
W20240211 04:04:39.308871  2740 IPCTensor.h:369] NewIPCTensor: cached_sampler_r3_9 [1000000]0x1001a441f000 7.629 MB
W20240211 04:04:39.308912  2740 IPCTensor.h:369] NewIPCTensor: step_r3 [10]0x1001a4bc2000 80 B 
W20240211 04:04:39.308949  2740 IPCTensor.h:369] NewIPCTensor: circle_buffer_end_r3 [1]0x1001a4bc4000 8 B 
W20240211 04:04:39.308987  2740 IPCTensor.h:369] NewIPCTensor: circle_buffer_end_cppseen_r3 [1]0x1001a4bc6000 8 B 
Dataset:  /home/xieminhui/RecStoreDataset/criteo_binary
Dataset loaded
np.max =  33762577
np.min=  1
Construct RecModelSampler done
Construct KGCacheControllerWrapper done
E20240211 04:04:39.309520  2740 recstore.cc:66] init folly done
W20240211 04:04:39.439857  2744 IPCTensor.h:369] NewIPCTensor: cached_sampler_r7_0 [1000000]0x1001a4bc8000 7.629 MB
W20240211 04:04:39.440105  2744 IPCTensor.h:369] NewIPCTensor: cached_sampler_r7_1 [1000000]0x1001a536b000 7.629 MB
W20240211 04:04:39.440169  2744 IPCTensor.h:369] NewIPCTensor: cached_sampler_r7_2 [1000000]0x1001a5b0e000 7.629 MB
W20240211 04:04:39.440212  2744 IPCTensor.h:369] NewIPCTensor: cached_sampler_r7_3 [1000000]0x1001a62b1000 7.629 MB
W20240211 04:04:39.440250  2744 IPCTensor.h:369] NewIPCTensor: cached_sampler_r7_4 [1000000]0x1001a6a54000 7.629 MB
W20240211 04:04:39.440300  2744 IPCTensor.h:369] NewIPCTensor: cached_sampler_r7_5 [1000000]0x1001a71f7000 7.629 MB
W20240211 04:04:39.440347  2744 IPCTensor.h:369] NewIPCTensor: cached_sampler_r7_6 [1000000]0x1001a799a000 7.629 MB
W20240211 04:04:39.440407  2744 IPCTensor.h:369] NewIPCTensor: cached_sampler_r7_7 [1000000]0x1001a813d000 7.629 MB
W20240211 04:04:39.440456  2744 IPCTensor.h:369] NewIPCTensor: cached_sampler_r7_8 [1000000]0x1001a88e0000 7.629 MB
W20240211 04:04:39.440497  2744 IPCTensor.h:369] NewIPCTensor: cached_sampler_r7_9 [1000000]0x1001a9083000 7.629 MB
W20240211 04:04:39.440547  2744 IPCTensor.h:369] NewIPCTensor: step_r7 [10]0x1001a9826000 80 B 
W20240211 04:04:39.440588  2744 IPCTensor.h:369] NewIPCTensor: circle_buffer_end_r7 [1]0x1001a9828000 8 B 
W20240211 04:04:39.440626  2744 IPCTensor.h:369] NewIPCTensor: circle_buffer_end_cppseen_r7 [1]0x1001a982a000 8 B 
Dataset:  /home/xieminhui/RecStoreDataset/criteo_binary
Dataset loaded
np.max =  33762577
np.min=  1
Construct RecModelSampler done
Construct KGCacheControllerWrapper done
E20240211 04:04:39.441162  2744 recstore.cc:66] init folly done
Before Training
I20240211 04:04:40.231680  2582 IPC_barrier.h:118] CreateBarrier: new barrier, name: start_barrier, count: 8
Before Training
I20240211 04:04:40.231951  2742 IPC_barrier.h:112] CreateBarrier: find existing barrier, name: start_barrier, count: 8
Before Training
I20240211 04:04:40.232162  2744 IPC_barrier.h:112] CreateBarrier: find existing barrier, name: start_barrier, count: 8
Before Training
Before Training
Before Training
Before Training
I20240211 04:04:40.232316  2740 IPC_barrier.h:112] CreateBarrier: find existing barrier, name: start_barrier, count: 8
I20240211 04:04:40.232342  2741 IPC_barrier.h:112] CreateBarrier: find existing barrier, name: start_barrier, count: 8
I20240211 04:04:40.232365  2743 IPC_barrier.h:112] CreateBarrier: find existing barrier, name: start_barrier, count: 8
I20240211 04:04:40.232388  2739 IPC_barrier.h:112] CreateBarrier: find existing barrier, name: start_barrier, count: 8
Before Training
I20240211 04:04:40.233774  2738 IPC_barrier.h:112] CreateBarrier: find existing barrier, name: start_barrier, count: 8
========== Step 0 ========== 
+---------------------------+---------------------------+---------------------------+
| Name                      | P50                       | P99                       |
+---------------------------+---------------------------+---------------------------+
| GenInput:CircleBuffer     | 161.849 us                | 161.849 us                |
| GenInput                  | 2.138 ms                  | 2.138 ms                  |
| bucket keys               | 69.531 ms                 | 69.531 ms                 |
| forward: join             | 42.504 ms                 | 42.504 ms                 |
| NN                        | 217.141 ms                | 217.141 ms                |
| Forward                   | 395.891 ms                | 395.891 ms                |
| back: bucket keys         | 740.818 us                | 740.818 us                |
+---------------------------+---------------------------+---------------------------+
+---------------------------+---------------------------+---------------------------+
| Name                      | P50                       | P99                       |
+---------------------------+---------------------------+---------------------------+
| GenInput:CircleBuffer     | 161.849 us                | 161.849 us                |
| GenInput                  | 2.138 ms                  | 2.138 ms                  |
| bucket keys               | 69.531 ms                 | 69.531 ms                 |
| forward: join             | 42.504 ms                 | 42.504 ms                 |
| NN                        | 217.141 ms                | 217.141 ms                |
| Forward                   | 395.891 ms                | 395.891 ms                |
| back: bucket keys         | 740.818 us                | 740.818 us                |
+---------------------------+---------------------------+---------------------------+
+---------------------------+---------------------------+---------------------------+
| Name                      | P50                       | P99                       |
+---------------------------+---------------------------+---------------------------+
| GenInput:CircleBuffer     | 161.849 us                | 161.849 us                |
| GenInput                  | 2.138 ms                  | 2.138 ms                  |
| bucket keys               | 69.531 ms                 | 69.531 ms                 |
| forward: join             | 42.504 ms                 | 42.504 ms                 |
| NN                        | 217.141 ms                | 217.141 ms                |
| Forward                   | 395.891 ms                | 395.891 ms                |
| back: bucket keys         | 740.818 us                | 740.818 us                |
+---------------------------+---------------------------+---------------------------+
+---------------------------+---------------------------+---------------------------+
| Name                      | P50                       | P99                       |
+---------------------------+---------------------------+---------------------------+
| GenInput:CircleBuffer     | 161.849 us                | 161.849 us                |
| GenInput                  | 2.138 ms                  | 2.138 ms                  |
| bucket keys               | 69.531 ms                 | 69.531 ms                 |
| forward: join             | 42.504 ms                 | 42.504 ms                 |
| NN                        | 217.141 ms                | 217.141 ms                |
| Forward                   | 395.891 ms                | 395.891 ms                |
| back: bucket keys         | 740.818 us                | 740.818 us                |
+---------------------------+---------------------------+---------------------------+
+---------------------------+---------------------------+---------------------------+
| Name                      | P50                       | P99                       |
+---------------------------+---------------------------+---------------------------+
| GenInput:CircleBuffer     | 161.849 us                | 161.849 us                |
| GenInput                  | 2.138 ms                  | 2.138 ms                  |
| bucket keys               | 69.531 ms                 | 69.531 ms                 |
| forward: join             | 42.504 ms                 | 42.504 ms                 |
| NN                        | 217.141 ms                | 217.141 ms                |
| Forward                   | 395.891 ms                | 395.891 ms                |
| back: bucket keys         | 740.818 us                | 740.818 us                |
+---------------------------+---------------------------+---------------------------+
+---------------------------+---------------------------+---------------------------+
| Name                      | P50                       | P99                       |
+---------------------------+---------------------------+---------------------------+
| GenInput:CircleBuffer     | 161.849 us                | 161.849 us                |
| GenInput                  | 2.138 ms                  | 2.138 ms                  |
| bucket keys               | 69.531 ms                 | 69.531 ms                 |
| forward: join             | 42.504 ms                 | 42.504 ms                 |
| NN                        | 217.141 ms                | 217.141 ms                |
| Forward                   | 395.891 ms                | 395.891 ms                |
| back: bucket keys         | 740.818 us                | 740.818 us                |
+---------------------------+---------------------------+---------------------------+
+---------------------------+---------------------------+---------------------------+
| Name                      | P50                       | P99                       |
+---------------------------+---------------------------+---------------------------+
| GenInput:CircleBuffer     | 161.849 us                | 161.849 us                |
| GenInput                  | 2.138 ms                  | 2.138 ms                  |
| bucket keys               | 69.531 ms                 | 69.531 ms                 |
| forward: join             | 42.504 ms                 | 42.504 ms                 |
| NN                        | 217.141 ms                | 217.141 ms                |
| Forward                   | 395.891 ms                | 395.891 ms                |
| back: bucket keys         | 740.818 us                | 740.818 us                |
+---------------------------+---------------------------+---------------------------+
+---------------------------+---------------------------+---------------------------+
| Name                      | P50                       | P99                       |
+---------------------------+---------------------------+---------------------------+
| GenInput:CircleBuffer     | 161.849 us                | 161.849 us                |
| GenInput                  | 2.138 ms                  | 2.138 ms                  |
| bucket keys               | 69.531 ms                 | 69.531 ms                 |
| forward: join             | 42.504 ms                 | 42.504 ms                 |
| NN                        | 217.141 ms                | 217.141 ms                |
| Forward                   | 395.891 ms                | 395.891 ms                |
| back: bucket keys         | 740.818 us                | 740.818 us                |
+---------------------------+---------------------------+---------------------------+
+---------------------------+---------------------------+---------------------------+
| Name                      | P50                       | P99                       |
+---------------------------+---------------------------+---------------------------+
| GenInput:CircleBuffer     | 161.849 us                | 161.849 us                |
| GenInput                  | 2.138 ms                  | 2.138 ms                  |
| bucket keys               | 69.531 ms                 | 69.531 ms                 |
| forward: join             | 42.504 ms                 | 42.504 ms                 |
| NN                        | 217.141 ms                | 217.141 ms                |
| Forward                   | 395.891 ms                | 395.891 ms                |
| back: bucket keys         | 740.818 us                | 740.818 us                |
+---------------------------+---------------------------+---------------------------+
+---------------------------+---------------------------+---------------------------+
| Name                      | P50                       | P99                       |
+---------------------------+---------------------------+---------------------------+
| GenInput:CircleBuffer     | 161.849 us                | 161.849 us                |
| GenInput                  | 2.138 ms                  | 2.138 ms                  |
| bucket keys               | 69.531 ms                 | 69.531 ms                 |
| forward: join             | 42.504 ms                 | 42.504 ms                 |
| NN                        | 217.141 ms                | 217.141 ms                |
| Forward                   | 395.891 ms                | 395.891 ms                |
| back: bucket keys         | 740.818 us                | 740.818 us                |
+---------------------------+---------------------------+---------------------------+
========== Step 1 ========== 
INFO [2582 distributed.py:1140] Reducer buckets have been rebuilt in this iteration.
INFO [2740 distributed.py:1140] Reducer buckets have been rebuilt in this iteration.
INFO [2738 distributed.py:1140] Reducer buckets have been rebuilt in this iteration.
INFO [2739 distributed.py:1140] Reducer buckets have been rebuilt in this iteration.
INFO [2743 distributed.py:1140] Reducer buckets have been rebuilt in this iteration.
INFO [2741 distributed.py:1140] Reducer buckets have been rebuilt in this iteration.
INFO [2742 distributed.py:1140] Reducer buckets have been rebuilt in this iteration.
INFO [2744 distributed.py:1140] Reducer buckets have been rebuilt in this iteration.
========== Step 2 ========== 
========== Step 3 ========== 
========== Step 4 ========== 
========== Step 5 ========== 
========== Step 6 ========== 
========== Step 7 ========== 
========== Step 8 ========== 
========== Step 9 ========== 
========== Step 10 ========== 
========== Step 11 ========== 
+---------------------------+---------------------------+---------------------------+
| Name                      | P50                       | P99                       |
+---------------------------+---------------------------+---------------------------+
| GenInput:CircleBuffer     | 140.511 us                | 220.115 us                |
| GenInput                  | 957.787 us                | 10.783 ms                 |
| bucket keys               | 651.579 us                | 69.531 ms                 |
| forward: join             | 43.606 ms                 | 87.750 ms                 |
| NN                        | 1.197 ms                  | 217.141 ms                |
| Forward                   | 48.183 ms                 | 395.891 ms                |
| back: bucket keys         | 401.836 us                | 740.818 us                |
| back: a2a                 | 51.744 ms                 | 50.240 s                  |
| back: cache               | 4.445 ms                  | 28.213 ms                 |
| back: aggr dram keys      | 23.847 ms                 | 907.800 ms                |
| back: set dram grad       | 1.088 ms                  | 1.351 ms                  |
| Backward                  | 108.110 ms                | 51.262 s                  |
| Optimize                  | 22.267 ms                 | 129.647 ms                |
| OneStep                   | 173.211 ms                | 51.792 s                  |
+---------------------------+---------------------------+---------------------------+
========== Step 12 ========== 
========== Step 13 ========== 
========== Step 14 ========== 
========== Step 15 ========== 
========== Step 16 ========== 
========== Step 17 ========== 
========== Step 18 ========== 
========== Step 19 ========== 
========== Step 20 ========== 
========== Step 21 ========== 
========== Step 22 ========== 
========== Step 23 ========== 
========== Step 24 ========== 
========== Step 25 ========== 
========== Step 26 ========== 
========== Step 27 ========== 
========== Step 28 ========== 
========== Step 29 ========== 
========== Step 30 ========== 
========== Step 31 ========== 
========== Step 32 ========== 
========== Step 33 ========== 
========== Step 34 ========== 
========== Step 35 ========== 
========== Step 36 ========== 
========== Step 37 ========== 
========== Step 38 ========== 
========== Step 39 ========== 
========== Step 40 ========== 
+---------------------------+---------------------------+---------------------------+
| Name                      | P50                       | P99                       |
+---------------------------+---------------------------+---------------------------+
| GenInput:CircleBuffer     | 149.573 us                | 369.092 us                |
| GenInput                  | 874.866 us                | 10.783 ms                 |
| bucket keys               | 651.579 us                | 69.531 ms                 |
| forward: join             | 47.479 ms                 | 121.732 ms                |
| NN                        | 1.110 ms                  | 217.141 ms                |
| Forward                   | 67.906 ms                 | 395.891 ms                |
| back: bucket keys         | 414.379 us                | 767.852 us                |
| back: a2a                 | 37.051 ms                 | 50.240 s                  |
| back: cache               | 4.585 ms                  | 28.213 ms                 |
| back: aggr dram keys      | 23.847 ms                 | 907.800 ms                |
| back: set dram grad       | 1.261 ms                  | 2.628 ms                  |
| Backward                  | 88.351 ms                 | 51.262 s                  |
| Optimize                  | 20.450 ms                 | 129.647 ms                |
| OneStep                   | 173.142 ms                | 51.792 s                  |
+---------------------------+---------------------------+---------------------------+
========== Step 41 ========== 
========== Step 42 ========== 
========== Step 43 ========== 
========== Step 44 ========== 
========== Step 45 ========== 
========== Step 46 ========== 
========== Step 47 ========== 
========== Step 48 ========== 
========== Step 49 ========== 
Successfully xmh
