WARNING: Logging before InitGoogleLogging() is written to STDERR
I20240211 04:33:34.245766 11349 IPC_barrier.h:128] MultiProcessBarrierFactory->ClearIPCMemory()
W20240211 04:33:34.253861 11349 IPCTensor.h:369] NewIPCTensor: full_emb [33762578, 32]0x100000002000 4.025 GB
/data/home/xieminhui/RecStore/src/framework_adapters/torch/python/perf_rec_model.py:152: DeprecationWarning: The 'warn' function is deprecated, use 'warning' instead
  XLOG.warn("After init DistEmbedding")
WARNING [11349 perf_rec_model.py:152] After init DistEmbedding
========== Running Perf with routine <function routine_local_cache_helper at 0x7f2f741798a0>==========
Worker 1 pid=11497
Worker 2 pid=11498
Worker 3 pid=11499
Worker 4 pid=11500
Worker 5 pid=11501
Worker 6 pid=11502
INFO [11349 distributed_c10d.py:442] Added key: store_based_barrier_key:1 to store for rank: 0
INFO [11497 distributed_c10d.py:442] Added key: store_based_barrier_key:1 to store for rank: 1
INFO [11498 distributed_c10d.py:442] Added key: store_based_barrier_key:1 to store for rank: 2
INFO [11499 distributed_c10d.py:442] Added key: store_based_barrier_key:1 to store for rank: 3
INFO [11500 distributed_c10d.py:442] Added key: store_based_barrier_key:1 to store for rank: 4
INFO [11502 distributed_c10d.py:442] Added key: store_based_barrier_key:1 to store for rank: 6
INFO [11503 distributed_c10d.py:442] Added key: store_based_barrier_key:1 to store for rank: 7
INFO [11501 distributed_c10d.py:442] Added key: store_based_barrier_key:1 to store for rank: 5
INFO [11503 distributed_c10d.py:476] Rank 7: Completed store-based barrier for key:store_based_barrier_key:1 with 8 nodes.
INFO [11501 distributed_c10d.py:476] Rank 5: Completed store-based barrier for key:store_based_barrier_key:1 with 8 nodes.
INFO [11498 distributed_c10d.py:476] Rank 2: Completed store-based barrier for key:store_based_barrier_key:1 with 8 nodes.
INFO [11499 distributed_c10d.py:476] Rank 3: Completed store-based barrier for key:store_based_barrier_key:1 with 8 nodes.
INFO [11497 distributed_c10d.py:476] Rank 1: Completed store-based barrier for key:store_based_barrier_key:1 with 8 nodes.
INFO [11349 distributed_c10d.py:476] Rank 0: Completed store-based barrier for key:store_based_barrier_key:1 with 8 nodes.
INFO [11500 distributed_c10d.py:476] Rank 4: Completed store-based barrier for key:store_based_barrier_key:1 with 8 nodes.
E20240211 04:33:52.080420 11503 IPCTensor.h:348] IPCTensor full_emb already exists
E20240211 04:33:52.080417 11501 IPCTensor.h:348] IPCTensor full_emb already exists
E20240211 04:33:52.080591 11498 IPCTensor.h:348] IPCTensor full_emb already exists
E20240211 04:33:52.080669 11499 IPCTensor.h:348] IPCTensor full_emb already exists
E20240211 04:33:52.080693 11349 IPCTensor.h:348] IPCTensor full_emb already exists
E20240211 04:33:52.080715 11497 IPCTensor.h:348] IPCTensor full_emb already exists
E20240211 04:33:52.081334 11500 IPCTensor.h:348] IPCTensor full_emb already exists
INFO [11502 distributed_c10d.py:476] Rank 6: Completed store-based barrier for key:store_based_barrier_key:1 with 8 nodes.
E20240211 04:33:52.084196 11502 IPCTensor.h:348] IPCTensor full_emb already exists
W20240211 04:34:10.810181 11501 IPCTensor.h:409] NewIPCGPUTensor: embedding_cache_5 [3376257, 32]; dev=5; size=412.1 MB
W20240211 04:34:10.813333 11498 IPCTensor.h:409] NewIPCGPUTensor: embedding_cache_2 [3376257, 32]; dev=2; size=412.1 MB
W20240211 04:34:10.813357 11502 IPCTensor.h:409] NewIPCGPUTensor: embedding_cache_6 [3376257, 32]; dev=6; size=412.1 MB
W20240211 04:34:10.813519 11500 IPCTensor.h:409] NewIPCGPUTensor: embedding_cache_4 [3376257, 32]; dev=4; size=412.1 MB
W20240211 04:34:10.813876 11349 IPCTensor.h:409] NewIPCGPUTensor: embedding_cache_0 [3376257, 32]; dev=0; size=412.1 MB
W20240211 04:34:10.813889 11497 IPCTensor.h:409] NewIPCGPUTensor: embedding_cache_1 [3376257, 32]; dev=1; size=412.1 MB
W20240211 04:34:10.813942 11503 IPCTensor.h:409] NewIPCGPUTensor: embedding_cache_7 [3376257, 32]; dev=7; size=412.1 MB
W20240211 04:34:10.813954 11499 IPCTensor.h:409] NewIPCGPUTensor: embedding_cache_3 [3376257, 32]; dev=3; size=412.1 MB
W20240211 04:34:11.585328 11500 IPCTensor.h:369] NewIPCTensor: input_keys_4 [1000000]0x10010196e000 7.629 MB
W20240211 04:34:11.585515 11500 IPCTensor.h:369] NewIPCTensor: input_keys_neg_4 [1000000]0x100102111000 7.629 MB
W20240211 04:34:11.585598 11500 IPCTensor.h:369] NewIPCTensor: backward_grads_4 [1000000, 32]0x1001028b6000 122.1 MB
W20240211 04:34:11.585642 11500 IPCTensor.h:369] NewIPCTensor: backward_grads_neg_4 [1000000, 32]0x10010a2ca000 122.1 MB
W20240211 04:34:11.585707 11500 IPCTensor.h:409] NewIPCGPUTensor: backward_grads_4_gpu [1000000, 32]; dev=4; size=122.1 MB
W20240211 04:34:11.585763 11502 IPCTensor.h:369] NewIPCTensor: input_keys_6 [1000000]0x100111cde000 7.629 MB
W20240211 04:34:11.585934 11502 IPCTensor.h:369] NewIPCTensor: input_keys_neg_6 [1000000]0x100112481000 7.629 MB
W20240211 04:34:11.586040 11502 IPCTensor.h:369] NewIPCTensor: backward_grads_6 [1000000, 32]0x100112c24000 122.1 MB
W20240211 04:34:11.586084 11502 IPCTensor.h:369] NewIPCTensor: backward_grads_neg_6 [1000000, 32]0x10011a638000 122.1 MB
W20240211 04:34:11.586125 11502 IPCTensor.h:409] NewIPCGPUTensor: backward_grads_6_gpu [1000000, 32]; dev=6; size=122.1 MB
W20240211 04:34:11.590539 11500 IPCTensor.h:409] NewIPCGPUTensor: backward_grads_neg_4_gpu [1000000, 32]; dev=4; size=122.1 MB
W20240211 04:34:11.591477 11502 IPCTensor.h:409] NewIPCGPUTensor: backward_grads_neg_6_gpu [1000000, 32]; dev=6; size=122.1 MB
W20240211 04:34:11.602015 11501 IPCTensor.h:369] NewIPCTensor: input_keys_5 [1000000]0x100122056000 7.629 MB
W20240211 04:34:11.602182 11501 IPCTensor.h:369] NewIPCTensor: input_keys_neg_5 [1000000]0x1001227f9000 7.629 MB
W20240211 04:34:11.602248 11501 IPCTensor.h:369] NewIPCTensor: backward_grads_5 [1000000, 32]0x100122f9c000 122.1 MB
W20240211 04:34:11.602294 11501 IPCTensor.h:369] NewIPCTensor: backward_grads_neg_5 [1000000, 32]0x10012a9b0000 122.1 MB
W20240211 04:34:11.602340 11501 IPCTensor.h:409] NewIPCGPUTensor: backward_grads_5_gpu [1000000, 32]; dev=5; size=122.1 MB
W20240211 04:34:11.604179 11501 IPCTensor.h:409] NewIPCGPUTensor: backward_grads_neg_5_gpu [1000000, 32]; dev=5; size=122.1 MB
W20240211 04:34:11.605059 11499 IPCTensor.h:369] NewIPCTensor: input_keys_3 [1000000]0x1001323c8000 7.629 MB
W20240211 04:34:11.605232 11499 IPCTensor.h:369] NewIPCTensor: input_keys_neg_3 [1000000]0x100132b6b000 7.629 MB
W20240211 04:34:11.605311 11499 IPCTensor.h:369] NewIPCTensor: backward_grads_3 [1000000, 32]0x10013330e000 122.1 MB
W20240211 04:34:11.605356 11499 IPCTensor.h:369] NewIPCTensor: backward_grads_neg_3 [1000000, 32]0x10013ad22000 122.1 MB
W20240211 04:34:11.605406 11499 IPCTensor.h:409] NewIPCGPUTensor: backward_grads_3_gpu [1000000, 32]; dev=3; size=122.1 MB
W20240211 04:34:11.625631 11499 IPCTensor.h:409] NewIPCGPUTensor: backward_grads_neg_3_gpu [1000000, 32]; dev=3; size=122.1 MB
W20240211 04:34:11.626077 11497 IPCTensor.h:369] NewIPCTensor: input_keys_1 [1000000]0x10014273c000 7.629 MB
W20240211 04:34:11.626250 11497 IPCTensor.h:369] NewIPCTensor: input_keys_neg_1 [1000000]0x100142edf000 7.629 MB
W20240211 04:34:11.626317 11497 IPCTensor.h:369] NewIPCTensor: backward_grads_1 [1000000, 32]0x100143682000 122.1 MB
W20240211 04:34:11.626364 11497 IPCTensor.h:369] NewIPCTensor: backward_grads_neg_1 [1000000, 32]0x10014b096000 122.1 MB
W20240211 04:34:11.626410 11497 IPCTensor.h:409] NewIPCGPUTensor: backward_grads_1_gpu [1000000, 32]; dev=1; size=122.1 MB
W20240211 04:34:11.627918 11497 IPCTensor.h:409] NewIPCGPUTensor: backward_grads_neg_1_gpu [1000000, 32]; dev=1; size=122.1 MB
W20240211 04:34:11.643014 11498 IPCTensor.h:369] NewIPCTensor: input_keys_2 [1000000]0x100152ab4000 7.629 MB
W20240211 04:34:11.643170 11498 IPCTensor.h:369] NewIPCTensor: input_keys_neg_2 [1000000]0x100153257000 7.629 MB
W20240211 04:34:11.643236 11498 IPCTensor.h:369] NewIPCTensor: backward_grads_2 [1000000, 32]0x1001539fa000 122.1 MB
W20240211 04:34:11.643285 11498 IPCTensor.h:369] NewIPCTensor: backward_grads_neg_2 [1000000, 32]0x10015b40e000 122.1 MB
W20240211 04:34:11.643337 11498 IPCTensor.h:409] NewIPCGPUTensor: backward_grads_2_gpu [1000000, 32]; dev=2; size=122.1 MB
W20240211 04:34:11.643330 11349 IPCTensor.h:369] NewIPCTensor: input_keys_0 [1000000]0x100162e22000 7.629 MB
W20240211 04:34:11.643499 11349 IPCTensor.h:369] NewIPCTensor: input_keys_neg_0 [1000000]0x1001635c5000 7.629 MB
W20240211 04:34:11.643550 11349 IPCTensor.h:369] NewIPCTensor: backward_grads_0 [1000000, 32]0x100163d68000 122.1 MB
W20240211 04:34:11.643610 11349 IPCTensor.h:369] NewIPCTensor: backward_grads_neg_0 [1000000, 32]0x10016b77c000 122.1 MB
W20240211 04:34:11.643656 11349 IPCTensor.h:409] NewIPCGPUTensor: backward_grads_0_gpu [1000000, 32]; dev=0; size=122.1 MB
W20240211 04:34:11.644199 11498 IPCTensor.h:409] NewIPCGPUTensor: backward_grads_neg_2_gpu [1000000, 32]; dev=2; size=122.1 MB
W20240211 04:34:11.644222 11349 IPCTensor.h:409] NewIPCGPUTensor: backward_grads_neg_0_gpu [1000000, 32]; dev=0; size=122.1 MB
W20240211 04:34:11.656067 11503 IPCTensor.h:369] NewIPCTensor: input_keys_7 [1000000]0x10017319a000 7.629 MB
W20240211 04:34:11.656230 11503 IPCTensor.h:369] NewIPCTensor: input_keys_neg_7 [1000000]0x10017393d000 7.629 MB
W20240211 04:34:11.656301 11503 IPCTensor.h:369] NewIPCTensor: backward_grads_7 [1000000, 32]0x1001740e0000 122.1 MB
W20240211 04:34:11.656351 11503 IPCTensor.h:369] NewIPCTensor: backward_grads_neg_7 [1000000, 32]0x10017baf4000 122.1 MB
W20240211 04:34:11.656423 11503 IPCTensor.h:409] NewIPCGPUTensor: backward_grads_7_gpu [1000000, 32]; dev=7; size=122.1 MB
W20240211 04:34:11.656813 11503 IPCTensor.h:409] NewIPCGPUTensor: backward_grads_neg_7_gpu [1000000, 32]; dev=7; size=122.1 MB
cudaHostRegister 0x100000002000
3: KnownLocalCachedEmbedding init done
cudaHostRegister 0x100000002000
6: KnownLocalCachedEmbedding init done
cudaHostRegister 0x100000002000
5: KnownLocalCachedEmbedding init done
cudaHostRegister 0x100000002000
1: KnownLocalCachedEmbedding init done
cudaHostRegister 0x100000002000
7: KnownLocalCachedEmbedding init done
cudaHostRegister 0x100000002000
4: KnownLocalCachedEmbedding init done
cudaHostRegister 0x100000002000
2: KnownLocalCachedEmbedding init done
Worker 7 pid=11503
New CachedEmbedding, name=full_emb, shape=(33762578, 32), cache_type=KnownLocalCachedEmbeddingSoftware
fixed cache_range is [(0, 3376257), (3376257, 6752514), (6752514, 10128771), (10128771, 13505028), (13505028, 16881285), (16881285, 20257542), (20257542, 23633799), (23633799, 27010056)]
cudaHostRegister 0x100000002000
0: KnownLocalCachedEmbedding init done
W20240211 04:34:19.045433 11499 IPCTensor.h:369] NewIPCTensor: cached_sampler_r3_0 [1000000]0x10018350c000 7.629 MB
W20240211 04:34:19.045670 11499 IPCTensor.h:369] NewIPCTensor: cached_sampler_r3_1 [1000000]0x100183caf000 7.629 MB
W20240211 04:34:19.045723 11499 IPCTensor.h:369] NewIPCTensor: cached_sampler_r3_2 [1000000]0x100184452000 7.629 MB
W20240211 04:34:19.045760 11499 IPCTensor.h:369] NewIPCTensor: cached_sampler_r3_3 [1000000]0x100184bf5000 7.629 MB
W20240211 04:34:19.045819 11499 IPCTensor.h:369] NewIPCTensor: cached_sampler_r3_4 [1000000]0x100185398000 7.629 MB
W20240211 04:34:19.045868 11499 IPCTensor.h:369] NewIPCTensor: cached_sampler_r3_5 [1000000]0x100185b3b000 7.629 MB
W20240211 04:34:19.045960 11499 IPCTensor.h:369] NewIPCTensor: cached_sampler_r3_6 [1000000]0x1001862de000 7.629 MB
W20240211 04:34:19.046041 11499 IPCTensor.h:369] NewIPCTensor: cached_sampler_r3_7 [1000000]0x100186a81000 7.629 MB
W20240211 04:34:19.046085 11499 IPCTensor.h:369] NewIPCTensor: cached_sampler_r3_8 [1000000]0x100187224000 7.629 MB
W20240211 04:34:19.046149 11499 IPCTensor.h:369] NewIPCTensor: cached_sampler_r3_9 [1000000]0x1001879c7000 7.629 MB
W20240211 04:34:19.046187 11499 IPCTensor.h:369] NewIPCTensor: step_r3 [10]0x10018816a000 80 B 
W20240211 04:34:19.046224 11499 IPCTensor.h:369] NewIPCTensor: circle_buffer_end_r3 [1]0x10018816c000 8 B 
W20240211 04:34:19.046258 11499 IPCTensor.h:369] NewIPCTensor: circle_buffer_end_cppseen_r3 [1]0x10018816e000 8 B 
Dataset:  /home/xieminhui/RecStoreDataset/criteo_binary
Dataset loaded
np.max =  33762577
np.min=  1
Construct RecModelSampler done
Construct KGCacheControllerWrapper done
E20240211 04:34:19.046975 11499 recstore.cc:66] init folly done
W20240211 04:34:19.363737 11503 IPCTensor.h:369] NewIPCTensor: cached_sampler_r7_0 [1000000]0x100188170000 7.629 MB
W20240211 04:34:19.363924 11503 IPCTensor.h:369] NewIPCTensor: cached_sampler_r7_1 [1000000]0x100188913000 7.629 MB
W20240211 04:34:19.363972 11503 IPCTensor.h:369] NewIPCTensor: cached_sampler_r7_2 [1000000]0x1001890b6000 7.629 MB
W20240211 04:34:19.364010 11503 IPCTensor.h:369] NewIPCTensor: cached_sampler_r7_3 [1000000]0x100189859000 7.629 MB
W20240211 04:34:19.364068 11503 IPCTensor.h:369] NewIPCTensor: cached_sampler_r7_4 [1000000]0x100189ffc000 7.629 MB
W20240211 04:34:19.364113 11503 IPCTensor.h:369] NewIPCTensor: cached_sampler_r7_5 [1000000]0x10018a79f000 7.629 MB
W20240211 04:34:19.364166 11503 IPCTensor.h:369] NewIPCTensor: cached_sampler_r7_6 [1000000]0x10018af42000 7.629 MB
W20240211 04:34:19.364219 11503 IPCTensor.h:369] NewIPCTensor: cached_sampler_r7_7 [1000000]0x10018b6e5000 7.629 MB
W20240211 04:34:19.364257 11503 IPCTensor.h:369] NewIPCTensor: cached_sampler_r7_8 [1000000]0x10018be88000 7.629 MB
W20240211 04:34:19.364310 11503 IPCTensor.h:369] NewIPCTensor: cached_sampler_r7_9 [1000000]0x10018c62b000 7.629 MB
W20240211 04:34:19.364352 11503 IPCTensor.h:369] NewIPCTensor: step_r7 [10]0x10018cdce000 80 B 
W20240211 04:34:19.364394 11503 IPCTensor.h:369] NewIPCTensor: circle_buffer_end_r7 [1]0x10018cdd0000 8 B 
W20240211 04:34:19.364428 11503 IPCTensor.h:369] NewIPCTensor: circle_buffer_end_cppseen_r7 [1]0x10018cdd2000 8 B 
W20240211 04:34:19.364599 11502 IPCTensor.h:369] NewIPCTensor: cached_sampler_r6_0 [1000000]0x10018cdd4000 7.629 MB
Dataset:  /home/xieminhui/RecStoreDataset/criteo_binary
Dataset loaded
np.max =  33762577
np.min=  1
Construct RecModelSampler done
Construct KGCacheControllerWrapper done
W20240211 04:34:19.364809 11502 IPCTensor.h:369] NewIPCTensor: cached_sampler_r6_1 [1000000]0x10018d577000 7.629 MB
W20240211 04:34:19.364871 11502 IPCTensor.h:369] NewIPCTensor: cached_sampler_r6_2 [1000000]0x10018dd1a000 7.629 MB
W20240211 04:34:19.364919 11502 IPCTensor.h:369] NewIPCTensor: cached_sampler_r6_3 [1000000]0x10018e4bd000 7.629 MB
W20240211 04:34:19.364969 11502 IPCTensor.h:369] NewIPCTensor: cached_sampler_r6_4 [1000000]0x10018ec60000 7.629 MB
W20240211 04:34:19.365015 11502 IPCTensor.h:369] NewIPCTensor: cached_sampler_r6_5 [1000000]0x10018f403000 7.629 MB
W20240211 04:34:19.365080 11502 IPCTensor.h:369] NewIPCTensor: cached_sampler_r6_6 [1000000]0x10018fba6000 7.629 MB
W20240211 04:34:19.365134 11502 IPCTensor.h:369] NewIPCTensor: cached_sampler_r6_7 [1000000]0x100190349000 7.629 MB
W20240211 04:34:19.365185 11502 IPCTensor.h:369] NewIPCTensor: cached_sampler_r6_8 [1000000]0x100190aec000 7.629 MB
W20240211 04:34:19.365228 11502 IPCTensor.h:369] NewIPCTensor: cached_sampler_r6_9 [1000000]0x10019128f000 7.629 MB
W20240211 04:34:19.365270 11502 IPCTensor.h:369] NewIPCTensor: step_r6 [10]0x100191a32000 80 B 
W20240211 04:34:19.365319 11502 IPCTensor.h:369] NewIPCTensor: circle_buffer_end_r6 [1]0x100191a34000 8 B 
W20240211 04:34:19.365355 11502 IPCTensor.h:369] NewIPCTensor: circle_buffer_end_cppseen_r6 [1]0x100191a36000 8 B 
E20240211 04:34:19.365356 11503 recstore.cc:66] init folly done
Dataset:  /home/xieminhui/RecStoreDataset/criteo_binary
Dataset loaded
np.max =  33762577
np.min=  1
Construct RecModelSampler done
Construct KGCacheControllerWrapper done
E20240211 04:34:19.365990 11502 recstore.cc:66] init folly done
W20240211 04:34:19.411664 11501 IPCTensor.h:369] NewIPCTensor: cached_sampler_r5_0 [1000000]0x100191a38000 7.629 MB
W20240211 04:34:19.411856 11501 IPCTensor.h:369] NewIPCTensor: cached_sampler_r5_1 [1000000]0x1001921db000 7.629 MB
W20240211 04:34:19.411909 11501 IPCTensor.h:369] NewIPCTensor: cached_sampler_r5_2 [1000000]0x10019297e000 7.629 MB
W20240211 04:34:19.411947 11501 IPCTensor.h:369] NewIPCTensor: cached_sampler_r5_3 [1000000]0x100193121000 7.629 MB
W20240211 04:34:19.411991 11501 IPCTensor.h:369] NewIPCTensor: cached_sampler_r5_4 [1000000]0x1001938c4000 7.629 MB
W20240211 04:34:19.412062 11501 IPCTensor.h:369] NewIPCTensor: cached_sampler_r5_5 [1000000]0x100194067000 7.629 MB
W20240211 04:34:19.412122 11501 IPCTensor.h:369] NewIPCTensor: cached_sampler_r5_6 [1000000]0x10019480a000 7.629 MB
W20240211 04:34:19.412176 11501 IPCTensor.h:369] NewIPCTensor: cached_sampler_r5_7 [1000000]0x100194fad000 7.629 MB
W20240211 04:34:19.412212 11501 IPCTensor.h:369] NewIPCTensor: cached_sampler_r5_8 [1000000]0x100195750000 7.629 MB
W20240211 04:34:19.412261 11501 IPCTensor.h:369] NewIPCTensor: cached_sampler_r5_9 [1000000]0x100195ef3000 7.629 MB
W20240211 04:34:19.412302 11501 IPCTensor.h:369] NewIPCTensor: step_r5 [10]0x100196696000 80 B 
W20240211 04:34:19.412339 11501 IPCTensor.h:369] NewIPCTensor: circle_buffer_end_r5 [1]0x100196698000 8 B 
W20240211 04:34:19.412375 11501 IPCTensor.h:369] NewIPCTensor: circle_buffer_end_cppseen_r5 [1]0x10019669a000 8 B 
Dataset:  /home/xieminhui/RecStoreDataset/criteo_binary
Dataset loaded
np.max =  33762577
np.min=  1
Construct RecModelSampler done
Construct KGCacheControllerWrapper done
E20240211 04:34:19.412969 11501 recstore.cc:66] init folly done
W20240211 04:34:19.425248 11500 IPCTensor.h:369] NewIPCTensor: cached_sampler_r4_0 [1000000]0x10019669c000 7.629 MB
W20240211 04:34:19.425413 11500 IPCTensor.h:369] NewIPCTensor: cached_sampler_r4_1 [1000000]0x100196e3f000 7.629 MB
W20240211 04:34:19.425462 11500 IPCTensor.h:369] NewIPCTensor: cached_sampler_r4_2 [1000000]0x1001975e2000 7.629 MB
W20240211 04:34:19.425498 11500 IPCTensor.h:369] NewIPCTensor: cached_sampler_r4_3 [1000000]0x100197d85000 7.629 MB
W20240211 04:34:19.425539 11500 IPCTensor.h:369] NewIPCTensor: cached_sampler_r4_4 [1000000]0x100198528000 7.629 MB
W20240211 04:34:19.425580 11500 IPCTensor.h:369] NewIPCTensor: cached_sampler_r4_5 [1000000]0x100198ccb000 7.629 MB
W20240211 04:34:19.425629 11500 IPCTensor.h:369] NewIPCTensor: cached_sampler_r4_6 [1000000]0x10019946e000 7.629 MB
W20240211 04:34:19.425675 11500 IPCTensor.h:369] NewIPCTensor: cached_sampler_r4_7 [1000000]0x100199c11000 7.629 MB
W20240211 04:34:19.425711 11500 IPCTensor.h:369] NewIPCTensor: cached_sampler_r4_8 [1000000]0x10019a3b4000 7.629 MB
W20240211 04:34:19.425751 11500 IPCTensor.h:369] NewIPCTensor: cached_sampler_r4_9 [1000000]0x10019ab57000 7.629 MB
W20240211 04:34:19.425808 11500 IPCTensor.h:369] NewIPCTensor: step_r4 [10]0x10019b2fa000 80 B 
W20240211 04:34:19.425844 11500 IPCTensor.h:369] NewIPCTensor: circle_buffer_end_r4 [1]0x10019b2fc000 8 B 
W20240211 04:34:19.425879 11500 IPCTensor.h:369] NewIPCTensor: circle_buffer_end_cppseen_r4 [1]0x10019b2fe000 8 B 
Dataset:  /home/xieminhui/RecStoreDataset/criteo_binary
Dataset loaded
np.max =  33762577
np.min=  1
Construct RecModelSampler done
Construct KGCacheControllerWrapper done
E20240211 04:34:19.426302 11500 recstore.cc:66] init folly done
W20240211 04:34:19.474769 11349 IPCTensor.h:369] NewIPCTensor: cached_sampler_r0_0 [1000000]0x10019b300000 7.629 MB
W20240211 04:34:19.474938 11349 IPCTensor.h:369] NewIPCTensor: cached_sampler_r0_1 [1000000]0x10019baa3000 7.629 MB
W20240211 04:34:19.474989 11349 IPCTensor.h:369] NewIPCTensor: cached_sampler_r0_2 [1000000]0x10019c246000 7.629 MB
W20240211 04:34:19.475029 11349 IPCTensor.h:369] NewIPCTensor: cached_sampler_r0_3 [1000000]0x10019c9e9000 7.629 MB
W20240211 04:34:19.475078 11349 IPCTensor.h:369] NewIPCTensor: cached_sampler_r0_4 [1000000]0x10019d18c000 7.629 MB
W20240211 04:34:19.475121 11349 IPCTensor.h:369] NewIPCTensor: cached_sampler_r0_5 [1000000]0x10019d92f000 7.629 MB
W20240211 04:34:19.475169 11349 IPCTensor.h:369] NewIPCTensor: cached_sampler_r0_6 [1000000]0x10019e0d2000 7.629 MB
W20240211 04:34:19.475212 11349 IPCTensor.h:369] NewIPCTensor: cached_sampler_r0_7 [1000000]0x10019e875000 7.629 MB
W20240211 04:34:19.475263 11349 IPCTensor.h:369] NewIPCTensor: cached_sampler_r0_8 [1000000]0x10019f018000 7.629 MB
W20240211 04:34:19.475303 11349 IPCTensor.h:369] NewIPCTensor: cached_sampler_r0_9 [1000000]0x10019f7bb000 7.629 MB
W20240211 04:34:19.475349 11349 IPCTensor.h:369] NewIPCTensor: step_r0 [10]0x10019ff5e000 80 B 
W20240211 04:34:19.475405 11349 IPCTensor.h:369] NewIPCTensor: circle_buffer_end_r0 [1]0x10019ff60000 8 B 
W20240211 04:34:19.475450 11349 IPCTensor.h:369] NewIPCTensor: circle_buffer_end_cppseen_r0 [1]0x10019ff62000 8 B 
Dataset:  /home/xieminhui/RecStoreDataset/criteo_binary
Dataset loaded
np.max =  33762577
np.min=  1
Construct RecModelSampler done
Construct KGCacheControllerWrapper done
E20240211 04:34:19.476022 11349 recstore.cc:66] init folly done
W20240211 04:34:19.626789 11498 IPCTensor.h:369] NewIPCTensor: cached_sampler_r2_0 [1000000]0x10019ff64000 7.629 MB
W20240211 04:34:19.626963 11498 IPCTensor.h:369] NewIPCTensor: cached_sampler_r2_1 [1000000]0x1001a0707000 7.629 MB
W20240211 04:34:19.627012 11498 IPCTensor.h:369] NewIPCTensor: cached_sampler_r2_2 [1000000]0x1001a0eaa000 7.629 MB
W20240211 04:34:19.627048 11498 IPCTensor.h:369] NewIPCTensor: cached_sampler_r2_3 [1000000]0x1001a164d000 7.629 MB
W20240211 04:34:19.627089 11498 IPCTensor.h:369] NewIPCTensor: cached_sampler_r2_4 [1000000]0x1001a1df0000 7.629 MB
W20240211 04:34:19.627132 11498 IPCTensor.h:369] NewIPCTensor: cached_sampler_r2_5 [1000000]0x1001a2593000 7.629 MB
W20240211 04:34:19.627185 11498 IPCTensor.h:369] NewIPCTensor: cached_sampler_r2_6 [1000000]0x1001a2d36000 7.629 MB
W20240211 04:34:19.627243 11498 IPCTensor.h:369] NewIPCTensor: cached_sampler_r2_7 [1000000]0x1001a34d9000 7.629 MB
W20240211 04:34:19.627286 11498 IPCTensor.h:369] NewIPCTensor: cached_sampler_r2_8 [1000000]0x1001a3c7c000 7.629 MB
W20240211 04:34:19.627328 11498 IPCTensor.h:369] NewIPCTensor: cached_sampler_r2_9 [1000000]0x1001a441f000 7.629 MB
W20240211 04:34:19.627372 11498 IPCTensor.h:369] NewIPCTensor: step_r2 [10]0x1001a4bc2000 80 B 
W20240211 04:34:19.627408 11498 IPCTensor.h:369] NewIPCTensor: circle_buffer_end_r2 [1]0x1001a4bc4000 8 B 
W20240211 04:34:19.627440 11498 IPCTensor.h:369] NewIPCTensor: circle_buffer_end_cppseen_r2 [1]0x1001a4bc6000 8 B 
Dataset:  /home/xieminhui/RecStoreDataset/criteo_binary
Dataset loaded
np.max =  33762577
np.min=  1
Construct RecModelSampler done
Construct KGCacheControllerWrapper done
E20240211 04:34:19.627931 11498 recstore.cc:66] init folly done
W20240211 04:34:19.999963 11497 IPCTensor.h:369] NewIPCTensor: cached_sampler_r1_0 [1000000]0x1001a4bc8000 7.629 MB
W20240211 04:34:20.000255 11497 IPCTensor.h:369] NewIPCTensor: cached_sampler_r1_1 [1000000]0x1001a536b000 7.629 MB
W20240211 04:34:20.000308 11497 IPCTensor.h:369] NewIPCTensor: cached_sampler_r1_2 [1000000]0x1001a5b0e000 7.629 MB
W20240211 04:34:20.000341 11497 IPCTensor.h:369] NewIPCTensor: cached_sampler_r1_3 [1000000]0x1001a62b1000 7.629 MB
W20240211 04:34:20.000381 11497 IPCTensor.h:369] NewIPCTensor: cached_sampler_r1_4 [1000000]0x1001a6a54000 7.629 MB
W20240211 04:34:20.000427 11497 IPCTensor.h:369] NewIPCTensor: cached_sampler_r1_5 [1000000]0x1001a71f7000 7.629 MB
W20240211 04:34:20.000476 11497 IPCTensor.h:369] NewIPCTensor: cached_sampler_r1_6 [1000000]0x1001a799a000 7.629 MB
W20240211 04:34:20.000530 11497 IPCTensor.h:369] NewIPCTensor: cached_sampler_r1_7 [1000000]0x1001a813d000 7.629 MB
W20240211 04:34:20.000563 11497 IPCTensor.h:369] NewIPCTensor: cached_sampler_r1_8 [1000000]0x1001a88e0000 7.629 MB
W20240211 04:34:20.000605 11497 IPCTensor.h:369] NewIPCTensor: cached_sampler_r1_9 [1000000]0x1001a9083000 7.629 MB
W20240211 04:34:20.000638 11497 IPCTensor.h:369] NewIPCTensor: step_r1 [10]0x1001a9826000 80 B 
W20240211 04:34:20.000669 11497 IPCTensor.h:369] NewIPCTensor: circle_buffer_end_r1 [1]0x1001a9828000 8 B 
W20240211 04:34:20.000694 11497 IPCTensor.h:369] NewIPCTensor: circle_buffer_end_cppseen_r1 [1]0x1001a982a000 8 B 
Dataset:  /home/xieminhui/RecStoreDataset/criteo_binary
Dataset loaded
np.max =  33762577
np.min=  1
Construct RecModelSampler done
Construct KGCacheControllerWrapper done
E20240211 04:34:20.001255 11497 recstore.cc:66] init folly done
Before Training
I20240211 04:34:20.791034 11349 IPC_barrier.h:118] CreateBarrier: new barrier, name: start_barrier, count: 8
Before Training
I20240211 04:34:20.791160 11501 IPC_barrier.h:112] CreateBarrier: find existing barrier, name: start_barrier, count: 8
Before Training
Before Training
Before Training
Before Training
Before Training
I20240211 04:34:20.791349 11503 IPC_barrier.h:112] CreateBarrier: find existing barrier, name: start_barrier, count: 8
I20240211 04:34:20.791376 11500 IPC_barrier.h:112] CreateBarrier: find existing barrier, name: start_barrier, count: 8
Before Training
I20240211 04:34:20.791397 11498 IPC_barrier.h:112] CreateBarrier: find existing barrier, name: start_barrier, count: 8
I20240211 04:34:20.791425 11502 IPC_barrier.h:112] CreateBarrier: find existing barrier, name: start_barrier, count: 8
I20240211 04:34:20.791446 11497 IPC_barrier.h:112] CreateBarrier: find existing barrier, name: start_barrier, count: 8
I20240211 04:34:20.791471 11499 IPC_barrier.h:112] CreateBarrier: find existing barrier, name: start_barrier, count: 8
========== Step 0 ========== 
+---------------------------+---------------------------+---------------------------+
| Name                      | P50                       | P99                       |
+---------------------------+---------------------------+---------------------------+
| GenInput:CircleBuffer     | 127.177 us                | 127.177 us                |
| GenInput                  | 822.640 us                | 822.640 us                |
| bucket keys               | 65.444 ms                 | 65.444 ms                 |
| forward: join             | 72.498 ms                 | 72.498 ms                 |
| NN                        | 177.866 ms                | 177.866 ms                |
| Forward                   | 387.885 ms                | 387.885 ms                |
| back: bucket keys         | 686.782 us                | 686.782 us                |
+---------------------------+---------------------------+---------------------------+
+---------------------------+---------------------------+---------------------------+
| Name                      | P50                       | P99                       |
+---------------------------+---------------------------+---------------------------+
| GenInput:CircleBuffer     | 127.177 us                | 127.177 us                |
| GenInput                  | 822.640 us                | 822.640 us                |
| bucket keys               | 65.444 ms                 | 65.444 ms                 |
| forward: join             | 72.498 ms                 | 72.498 ms                 |
| NN                        | 177.866 ms                | 177.866 ms                |
| Forward                   | 387.885 ms                | 387.885 ms                |
| back: bucket keys         | 686.782 us                | 686.782 us                |
+---------------------------+---------------------------+---------------------------+
+---------------------------+---------------------------+---------------------------+
| Name                      | P50                       | P99                       |
+---------------------------+---------------------------+---------------------------+
| GenInput:CircleBuffer     | 127.177 us                | 127.177 us                |
| GenInput                  | 822.640 us                | 822.640 us                |
| bucket keys               | 65.444 ms                 | 65.444 ms                 |
| forward: join             | 72.498 ms                 | 72.498 ms                 |
| NN                        | 177.866 ms                | 177.866 ms                |
| Forward                   | 387.885 ms                | 387.885 ms                |
| back: bucket keys         | 686.782 us                | 686.782 us                |
+---------------------------+---------------------------+---------------------------+
+---------------------------+---------------------------+---------------------------+
| Name                      | P50                       | P99                       |
+---------------------------+---------------------------+---------------------------+
| GenInput:CircleBuffer     | 127.177 us                | 127.177 us                |
| GenInput                  | 822.640 us                | 822.640 us                |
| bucket keys               | 65.444 ms                 | 65.444 ms                 |
| forward: join             | 72.498 ms                 | 72.498 ms                 |
| NN                        | 177.866 ms                | 177.866 ms                |
| Forward                   | 387.885 ms                | 387.885 ms                |
| back: bucket keys         | 686.782 us                | 686.782 us                |
+---------------------------+---------------------------+---------------------------+
+---------------------------+---------------------------+---------------------------+
| Name                      | P50                       | P99                       |
+---------------------------+---------------------------+---------------------------+
| GenInput:CircleBuffer     | 127.177 us                | 127.177 us                |
| GenInput                  | 822.640 us                | 822.640 us                |
| bucket keys               | 65.444 ms                 | 65.444 ms                 |
| forward: join             | 72.498 ms                 | 72.498 ms                 |
| NN                        | 177.866 ms                | 177.866 ms                |
| Forward                   | 387.885 ms                | 387.885 ms                |
| back: bucket keys         | 686.782 us                | 686.782 us                |
+---------------------------+---------------------------+---------------------------+
+---------------------------+---------------------------+---------------------------+
| Name                      | P50                       | P99                       |
+---------------------------+---------------------------+---------------------------+
| GenInput:CircleBuffer     | 127.177 us                | 127.177 us                |
| GenInput                  | 822.640 us                | 822.640 us                |
| bucket keys               | 65.444 ms                 | 65.444 ms                 |
| forward: join             | 72.498 ms                 | 72.498 ms                 |
| NN                        | 177.866 ms                | 177.866 ms                |
| Forward                   | 387.885 ms                | 387.885 ms                |
| back: bucket keys         | 686.782 us                | 686.782 us                |
+---------------------------+---------------------------+---------------------------+
+---------------------------+---------------------------+---------------------------+
| Name                      | P50                       | P99                       |
+---------------------------+---------------------------+---------------------------+
| GenInput:CircleBuffer     | 127.177 us                | 127.177 us                |
| GenInput                  | 822.640 us                | 822.640 us                |
| bucket keys               | 65.444 ms                 | 65.444 ms                 |
| forward: join             | 72.498 ms                 | 72.498 ms                 |
| NN                        | 177.866 ms                | 177.866 ms                |
| Forward                   | 387.885 ms                | 387.885 ms                |
| back: bucket keys         | 686.782 us                | 686.782 us                |
+---------------------------+---------------------------+---------------------------+
+---------------------------+---------------------------+---------------------------+
| Name                      | P50                       | P99                       |
+---------------------------+---------------------------+---------------------------+
| GenInput:CircleBuffer     | 127.177 us                | 127.177 us                |
| GenInput                  | 822.640 us                | 822.640 us                |
| bucket keys               | 65.444 ms                 | 65.444 ms                 |
| forward: join             | 72.498 ms                 | 72.498 ms                 |
| NN                        | 177.866 ms                | 177.866 ms                |
| Forward                   | 387.885 ms                | 387.885 ms                |
| back: bucket keys         | 686.782 us                | 686.782 us                |
+---------------------------+---------------------------+---------------------------+
+---------------------------+---------------------------+---------------------------+
| Name                      | P50                       | P99                       |
+---------------------------+---------------------------+---------------------------+
| GenInput:CircleBuffer     | 127.177 us                | 127.177 us                |
| GenInput                  | 822.640 us                | 822.640 us                |
| bucket keys               | 65.444 ms                 | 65.444 ms                 |
| forward: join             | 72.498 ms                 | 72.498 ms                 |
| NN                        | 177.866 ms                | 177.866 ms                |
| Forward                   | 387.885 ms                | 387.885 ms                |
| back: bucket keys         | 686.782 us                | 686.782 us                |
+---------------------------+---------------------------+---------------------------+
+---------------------------+---------------------------+---------------------------+
| Name                      | P50                       | P99                       |
+---------------------------+---------------------------+---------------------------+
| GenInput:CircleBuffer     | 127.177 us                | 127.177 us                |
| GenInput                  | 822.640 us                | 822.640 us                |
| bucket keys               | 65.444 ms                 | 65.444 ms                 |
| forward: join             | 72.498 ms                 | 72.498 ms                 |
| NN                        | 177.866 ms                | 177.866 ms                |
| Forward                   | 387.885 ms                | 387.885 ms                |
| back: bucket keys         | 686.782 us                | 686.782 us                |
+---------------------------+---------------------------+---------------------------+
========== Step 1 ========== 
INFO [11349 distributed.py:1140] Reducer buckets have been rebuilt in this iteration.
INFO [11497 distributed.py:1140] Reducer buckets have been rebuilt in this iteration.
INFO [11498 distributed.py:1140] Reducer buckets have been rebuilt in this iteration.
INFO [11499 distributed.py:1140] Reducer buckets have been rebuilt in this iteration.
INFO [11500 distributed.py:1140] Reducer buckets have been rebuilt in this iteration.
INFO [11501 distributed.py:1140] Reducer buckets have been rebuilt in this iteration.
INFO [11502 distributed.py:1140] Reducer buckets have been rebuilt in this iteration.
INFO [11503 distributed.py:1140] Reducer buckets have been rebuilt in this iteration.
========== Step 2 ========== 
========== Step 3 ========== 
========== Step 4 ========== 
+---------------------------+---------------------------+---------------------------+
| Name                      | P50                       | P99                       |
+---------------------------+---------------------------+---------------------------+
| GenInput:CircleBuffer     | 179.068 us                | 249.760 us                |
| GenInput                  | 1.446 ms                  | 3.558 ms                  |
| bucket keys               | 913.707 us                | 65.444 ms                 |
| forward: join             | 96.512 ms                 | 106.681 ms                |
| NN                        | 2.783 ms                  | 177.866 ms                |
| Forward                   | 104.463 ms                | 387.885 ms                |
| back: bucket keys         | 589.521 us                | 686.782 us                |
| back: a2a                 | 8.367 ms                  | 50.165 s                  |
| back: cache               | 286.110 ms                | 291.997 ms                |
| back: aggr dram keys      | 59.549 ms                 | 957.591 ms                |
| back: set dram grad       | 1.090 ms                  | 1.772 ms                  |
| Backward                  | 357.628 ms                | 51.501 s                  |
| Optimize                  | 19.223 ms                 | 135.379 ms                |
| OneStep                   | 488.380 ms                | 52.028 s                  |
+---------------------------+---------------------------+---------------------------+
========== Step 5 ========== 
========== Step 6 ========== 
========== Step 7 ========== 
========== Step 8 ========== 
========== Step 9 ========== 
========== Step 10 ========== 
========== Step 11 ========== 
========== Step 12 ========== 
========== Step 13 ========== 
========== Step 14 ========== 
========== Step 15 ========== 
+---------------------------+---------------------------+---------------------------+
| Name                      | P50                       | P99                       |
+---------------------------+---------------------------+---------------------------+
| GenInput:CircleBuffer     | 159.857 us                | 964.588 us                |
| GenInput                  | 932.214 us                | 3.558 ms                  |
| bucket keys               | 684.498 us                | 65.444 ms                 |
| forward: join             | 79.511 ms                 | 106.681 ms                |
| NN                        | 1.752 ms                  | 177.866 ms                |
| Forward                   | 88.234 ms                 | 387.885 ms                |
| back: bucket keys         | 420.311 us                | 686.782 us                |
| back: a2a                 | 23.745 ms                 | 50.165 s                  |
| back: cache               | 286.110 ms                | 318.750 ms                |
| back: aggr dram keys      | 59.549 ms                 | 957.591 ms                |
| back: set dram grad       | 1.403 ms                  | 3.800 ms                  |
| Backward                  | 385.290 ms                | 51.501 s                  |
| Optimize                  | 20.811 ms                 | 135.379 ms                |
| OneStep                   | 485.952 ms                | 52.028 s                  |
+---------------------------+---------------------------+---------------------------+
========== Step 16 ========== 
========== Step 17 ========== 
========== Step 18 ========== 
========== Step 19 ========== 
Successfully xmh
