WARNING: Logging before InitGoogleLogging() is written to STDERR
I20240128 01:01:24.730170 3873993 IPC_barrier.h:128] MultiProcessBarrierFactory->ClearIPCMemory()
W20240128 01:01:24.731819 3873993 IPCTensor.h:368] NewIPCTensor: full_emb [9449206, 32]0x100000002000 1.126 GB
/home/xieminhui/RecStore/src/framework_adapters/torch/python/perf_rec_model.py:151: DeprecationWarning: The 'warn' function is deprecated, use 'warning' instead
  XLOG.warn("After init DistEmbedding")
WARNING [3873993 perf_rec_model.py:151] After init DistEmbedding
========== Running Perf with routine <function routine_local_cache_helper at 0x7f348e95cfe0>==========
Worker 1 pid=3874134
Worker 2 pid=3874136
INFO [3873993 distributed_c10d.py:442] Added key: store_based_barrier_key:1 to store for rank: 0
INFO [3874134 distributed_c10d.py:442] Added key: store_based_barrier_key:1 to store for rank: 1
INFO [3873993 distributed_c10d.py:476] Rank 0: Completed store-based barrier for key:store_based_barrier_key:1 with 4 nodes.
INFO [3874136 distributed_c10d.py:442] Added key: store_based_barrier_key:1 to store for rank: 2
INFO [3874138 distributed_c10d.py:442] Added key: store_based_barrier_key:1 to store for rank: 3
INFO [3874138 distributed_c10d.py:476] Rank 3: Completed store-based barrier for key:store_based_barrier_key:1 with 4 nodes.
E20240128 01:01:28.066434 3873993 IPCTensor.h:347] IPCTensor full_emb already exists
INFO [3874136 distributed_c10d.py:476] Rank 2: Completed store-based barrier for key:store_based_barrier_key:1 with 4 nodes.
INFO [3874134 distributed_c10d.py:476] Rank 1: Completed store-based barrier for key:store_based_barrier_key:1 with 4 nodes.
E20240128 01:01:28.067035 3874138 IPCTensor.h:347] IPCTensor full_emb already exists
E20240128 01:01:28.067042 3874136 IPCTensor.h:347] IPCTensor full_emb already exists
E20240128 01:01:28.067395 3874134 IPCTensor.h:347] IPCTensor full_emb already exists
W20240128 01:01:28.072121 3873993 IPCTensor.h:408] NewIPCGPUTensor: embedding_cache_0 [944920, 32]; dev=0; size=115.3 MB
W20240128 01:01:28.072144 3874138 IPCTensor.h:408] NewIPCGPUTensor: embedding_cache_3 [944920, 32]; dev=3; size=115.3 MB
W20240128 01:01:28.072795 3873993 IPCTensor.h:368] NewIPCTensor: input_keys_0 [1000000]0x10004817f000 7.629 MB
W20240128 01:01:28.072826 3874138 IPCTensor.h:368] NewIPCTensor: input_keys_3 [1000000]0x100048922000 7.629 MB
W20240128 01:01:28.072880 3873993 IPCTensor.h:368] NewIPCTensor: input_keys_neg_0 [1000000]0x1000490c5000 7.629 MB
W20240128 01:01:28.072919 3873993 IPCTensor.h:368] NewIPCTensor: backward_grads_0 [1000000, 32]0x100049868000 122.1 MB
W20240128 01:01:28.072922 3874138 IPCTensor.h:368] NewIPCTensor: input_keys_neg_3 [1000000]0x10005127c000 7.629 MB
W20240128 01:01:28.072947 3873993 IPCTensor.h:368] NewIPCTensor: backward_grads_neg_0 [1000000, 32]0x100051a1f000 122.1 MB
W20240128 01:01:28.072970 3873993 IPCTensor.h:408] NewIPCGPUTensor: backward_grads_0_gpu [1000000, 32]; dev=0; size=122.1 MB
W20240128 01:01:28.072975 3874138 IPCTensor.h:368] NewIPCTensor: backward_grads_3 [1000000, 32]0x100059433000 122.1 MB
W20240128 01:01:28.073009 3874138 IPCTensor.h:368] NewIPCTensor: backward_grads_neg_3 [1000000, 32]0x100060e47000 122.1 MB
W20240128 01:01:28.073035 3874138 IPCTensor.h:408] NewIPCGPUTensor: backward_grads_3_gpu [1000000, 32]; dev=3; size=122.1 MB
W20240128 01:01:28.073204 3874136 IPCTensor.h:408] NewIPCGPUTensor: embedding_cache_2 [944920, 32]; dev=2; size=115.3 MB
W20240128 01:01:28.073261 3874134 IPCTensor.h:408] NewIPCGPUTensor: embedding_cache_1 [944920, 32]; dev=1; size=115.3 MB
W20240128 01:01:28.073725 3873993 IPCTensor.h:408] NewIPCGPUTensor: backward_grads_neg_0_gpu [1000000, 32]; dev=0; size=122.1 MB
W20240128 01:01:28.074045 3874138 IPCTensor.h:408] NewIPCGPUTensor: backward_grads_neg_3_gpu [1000000, 32]; dev=3; size=122.1 MB
W20240128 01:01:28.074642 3874136 IPCTensor.h:368] NewIPCTensor: input_keys_2 [1000000]0x100068867000 7.629 MB
W20240128 01:01:28.074741 3874134 IPCTensor.h:368] NewIPCTensor: input_keys_1 [1000000]0x10006900a000 7.629 MB
W20240128 01:01:28.074834 3874136 IPCTensor.h:368] NewIPCTensor: input_keys_neg_2 [1000000]0x1000697ad000 7.629 MB
W20240128 01:01:28.074939 3874136 IPCTensor.h:368] NewIPCTensor: backward_grads_2 [1000000, 32]0x100069f50000 122.1 MB
W20240128 01:01:28.074954 3874134 IPCTensor.h:368] NewIPCTensor: input_keys_neg_1 [1000000]0x100071964000 7.629 MB
W20240128 01:01:28.075006 3874136 IPCTensor.h:368] NewIPCTensor: backward_grads_neg_2 [1000000, 32]0x100072107000 122.1 MB
W20240128 01:01:28.075047 3874134 IPCTensor.h:368] NewIPCTensor: backward_grads_1 [1000000, 32]0x100079b1b000 122.1 MB
W20240128 01:01:28.075065 3874136 IPCTensor.h:408] NewIPCGPUTensor: backward_grads_2_gpu [1000000, 32]; dev=2; size=122.1 MB
W20240128 01:01:28.075099 3874134 IPCTensor.h:368] NewIPCTensor: backward_grads_neg_1 [1000000, 32]0x10008152f000 122.1 MB
W20240128 01:01:28.075155 3874134 IPCTensor.h:408] NewIPCGPUTensor: backward_grads_1_gpu [1000000, 32]; dev=1; size=122.1 MB
W20240128 01:01:28.076035 3874136 IPCTensor.h:408] NewIPCGPUTensor: backward_grads_neg_2_gpu [1000000, 32]; dev=2; size=122.1 MB
W20240128 01:01:28.076036 3874134 IPCTensor.h:408] NewIPCGPUTensor: backward_grads_neg_1_gpu [1000000, 32]; dev=1; size=122.1 MB
cudaHostRegister 0x100000002000
3: KnownLocalCachedEmbedding init done
cudaHostRegister 0x100000002000
2: KnownLocalCachedEmbedding init done
cudaHostRegister 0x100000002000
1: KnownLocalCachedEmbedding init done
Worker 3 pid=3874138
New CachedEmbedding, name=full_emb, shape=(9449206, 32), cache_type=KnownLocalCachedEmbedding
fixed cache_range is [(0, 944920), (944920, 1889840), (1889840, 2834760), (2834760, 3779680)]
cudaHostRegister 0x100000002000
0: KnownLocalCachedEmbedding init done
W20240128 01:01:31.985335 3874138 IPCTensor.h:368] NewIPCTensor: cached_sampler_r3_0 [1000000]0x100088f4b000 7.629 MB
W20240128 01:01:31.985514 3874138 IPCTensor.h:368] NewIPCTensor: cached_sampler_r3_1 [1000000]0x1000896ee000 7.629 MB
W20240128 01:01:31.985551 3874138 IPCTensor.h:368] NewIPCTensor: cached_sampler_r3_2 [1000000]0x100089e91000 7.629 MB
W20240128 01:01:31.985582 3874138 IPCTensor.h:368] NewIPCTensor: cached_sampler_r3_3 [1000000]0x10008a634000 7.629 MB
W20240128 01:01:31.985610 3874138 IPCTensor.h:368] NewIPCTensor: cached_sampler_r3_4 [1000000]0x10008add7000 7.629 MB
W20240128 01:01:31.985646 3874138 IPCTensor.h:368] NewIPCTensor: cached_sampler_r3_5 [1000000]0x10008b57a000 7.629 MB
W20240128 01:01:31.985687 3874138 IPCTensor.h:368] NewIPCTensor: cached_sampler_r3_6 [1000000]0x10008bd1d000 7.629 MB
W20240128 01:01:31.985736 3874138 IPCTensor.h:368] NewIPCTensor: cached_sampler_r3_7 [1000000]0x10008c4c0000 7.629 MB
W20240128 01:01:31.985761 3874138 IPCTensor.h:368] NewIPCTensor: cached_sampler_r3_8 [1000000]0x10008cc63000 7.629 MB
W20240128 01:01:31.985792 3874138 IPCTensor.h:368] NewIPCTensor: cached_sampler_r3_9 [1000000]0x10008d406000 7.629 MB
W20240128 01:01:31.985823 3874138 IPCTensor.h:368] NewIPCTensor: step_r3 [10]0x10008dba9000 80 B 
W20240128 01:01:31.985854 3874138 IPCTensor.h:368] NewIPCTensor: circle_buffer_end_r3 [1]0x10008dbab000 8 B 
W20240128 01:01:31.985882 3874138 IPCTensor.h:368] NewIPCTensor: circle_buffer_end_cppseen_r3 [1]0x10008dbad000 8 B 
Dataset:  /home/xieminhui/RecStoreDataset/avazu_binary
Dataset loaded
np.max =  9449205
np.min=  1
Construct RecModelSampler done
I20240128 01:01:31.986212 3874138 IPC_barrier.h:118] CreateBarrier: new barrier, name: kgcachecontroller, count: 4
W20240128 01:01:31.996095 3874134 IPCTensor.h:368] NewIPCTensor: cached_sampler_r1_0 [1000000]0x10008dbaf000 7.629 MB
W20240128 01:01:31.996259 3874134 IPCTensor.h:368] NewIPCTensor: cached_sampler_r1_1 [1000000]0x10008e352000 7.629 MB
W20240128 01:01:31.996291 3874134 IPCTensor.h:368] NewIPCTensor: cached_sampler_r1_2 [1000000]0x10008eaf5000 7.629 MB
W20240128 01:01:31.996317 3874134 IPCTensor.h:368] NewIPCTensor: cached_sampler_r1_3 [1000000]0x10008f298000 7.629 MB
W20240128 01:01:31.996343 3874134 IPCTensor.h:368] NewIPCTensor: cached_sampler_r1_4 [1000000]0x10008fa3b000 7.629 MB
W20240128 01:01:31.996374 3874134 IPCTensor.h:368] NewIPCTensor: cached_sampler_r1_5 [1000000]0x1000901de000 7.629 MB
W20240128 01:01:31.996410 3874134 IPCTensor.h:368] NewIPCTensor: cached_sampler_r1_6 [1000000]0x100090981000 7.629 MB
W20240128 01:01:31.996454 3874134 IPCTensor.h:368] NewIPCTensor: cached_sampler_r1_7 [1000000]0x100091124000 7.629 MB
W20240128 01:01:31.996487 3874134 IPCTensor.h:368] NewIPCTensor: cached_sampler_r1_8 [1000000]0x1000918c7000 7.629 MB
W20240128 01:01:31.996519 3874134 IPCTensor.h:368] NewIPCTensor: cached_sampler_r1_9 [1000000]0x10009206a000 7.629 MB
W20240128 01:01:31.996551 3874134 IPCTensor.h:368] NewIPCTensor: step_r1 [10]0x10009280d000 80 B 
W20240128 01:01:31.996574 3874134 IPCTensor.h:368] NewIPCTensor: circle_buffer_end_r1 [1]0x10009280f000 8 B 
W20240128 01:01:31.996596 3874134 IPCTensor.h:368] NewIPCTensor: circle_buffer_end_cppseen_r1 [1]0x100092811000 8 B 
Dataset:  /home/xieminhui/RecStoreDataset/avazu_binary
Dataset loaded
np.max =  9449205
np.min=  1
Construct RecModelSampler done
I20240128 01:01:31.996897 3874134 IPC_barrier.h:112] CreateBarrier: find existing barrier, name: kgcachecontroller, count: 4
W20240128 01:01:32.205559 3874136 IPCTensor.h:368] NewIPCTensor: cached_sampler_r2_0 [1000000]0x100092813000 7.629 MB
W20240128 01:01:32.205686 3874136 IPCTensor.h:368] NewIPCTensor: cached_sampler_r2_1 [1000000]0x100092fb6000 7.629 MB
W20240128 01:01:32.205713 3874136 IPCTensor.h:368] NewIPCTensor: cached_sampler_r2_2 [1000000]0x100093759000 7.629 MB
W20240128 01:01:32.205736 3874136 IPCTensor.h:368] NewIPCTensor: cached_sampler_r2_3 [1000000]0x100093efc000 7.629 MB
W20240128 01:01:32.205761 3874136 IPCTensor.h:368] NewIPCTensor: cached_sampler_r2_4 [1000000]0x10009469f000 7.629 MB
W20240128 01:01:32.205786 3874136 IPCTensor.h:368] NewIPCTensor: cached_sampler_r2_5 [1000000]0x100094e42000 7.629 MB
W20240128 01:01:32.205807 3874136 IPCTensor.h:368] NewIPCTensor: cached_sampler_r2_6 [1000000]0x1000955e5000 7.629 MB
W20240128 01:01:32.205840 3874136 IPCTensor.h:368] NewIPCTensor: cached_sampler_r2_7 [1000000]0x100095d88000 7.629 MB
W20240128 01:01:32.205859 3874136 IPCTensor.h:368] NewIPCTensor: cached_sampler_r2_8 [1000000]0x10009652b000 7.629 MB
W20240128 01:01:32.205883 3874136 IPCTensor.h:368] NewIPCTensor: cached_sampler_r2_9 [1000000]0x100096cce000 7.629 MB
W20240128 01:01:32.205906 3874136 IPCTensor.h:368] NewIPCTensor: step_r2 [10]0x100097471000 80 B 
W20240128 01:01:32.205929 3874136 IPCTensor.h:368] NewIPCTensor: circle_buffer_end_r2 [1]0x100097473000 8 B 
W20240128 01:01:32.205950 3874136 IPCTensor.h:368] NewIPCTensor: circle_buffer_end_cppseen_r2 [1]0x100097475000 8 B 
Dataset:  /home/xieminhui/RecStoreDataset/avazu_binary
Dataset loaded
np.max =  9449205
np.min=  1
Construct RecModelSampler done
I20240128 01:01:32.206187 3874136 IPC_barrier.h:112] CreateBarrier: find existing barrier, name: kgcachecontroller, count: 4
W20240128 01:01:32.234397 3873993 IPCTensor.h:368] NewIPCTensor: cached_sampler_r0_0 [1000000]0x100097477000 7.629 MB
W20240128 01:01:32.234530 3873993 IPCTensor.h:368] NewIPCTensor: cached_sampler_r0_1 [1000000]0x100097c1a000 7.629 MB
W20240128 01:01:32.234551 3873993 IPCTensor.h:368] NewIPCTensor: cached_sampler_r0_2 [1000000]0x1000983bd000 7.629 MB
W20240128 01:01:32.234570 3873993 IPCTensor.h:368] NewIPCTensor: cached_sampler_r0_3 [1000000]0x100098b60000 7.629 MB
W20240128 01:01:32.234588 3873993 IPCTensor.h:368] NewIPCTensor: cached_sampler_r0_4 [1000000]0x100099303000 7.629 MB
W20240128 01:01:32.234616 3873993 IPCTensor.h:368] NewIPCTensor: cached_sampler_r0_5 [1000000]0x100099aa6000 7.629 MB
W20240128 01:01:32.234635 3873993 IPCTensor.h:368] NewIPCTensor: cached_sampler_r0_6 [1000000]0x10009a249000 7.629 MB
W20240128 01:01:32.234661 3873993 IPCTensor.h:368] NewIPCTensor: cached_sampler_r0_7 [1000000]0x10009a9ec000 7.629 MB
W20240128 01:01:32.234690 3873993 IPCTensor.h:368] NewIPCTensor: cached_sampler_r0_8 [1000000]0x10009b18f000 7.629 MB
W20240128 01:01:32.234711 3873993 IPCTensor.h:368] NewIPCTensor: cached_sampler_r0_9 [1000000]0x10009b932000 7.629 MB
W20240128 01:01:32.234730 3873993 IPCTensor.h:368] NewIPCTensor: step_r0 [10]0x10009c0d5000 80 B 
W20240128 01:01:32.234767 3873993 IPCTensor.h:368] NewIPCTensor: circle_buffer_end_r0 [1]0x10009c0d7000 8 B 
W20240128 01:01:32.234786 3873993 IPCTensor.h:368] NewIPCTensor: circle_buffer_end_cppseen_r0 [1]0x10009c0d9000 8 B 
Dataset:  /home/xieminhui/RecStoreDataset/avazu_binary
Dataset loaded
np.max =  9449205
np.min=  1
Construct RecModelSampler done
I20240128 01:01:32.235036 3873993 IPC_barrier.h:112] CreateBarrier: find existing barrier, name: kgcachecontroller, count: 4
W20240128 01:01:32.236096 3873993 grad_base.h:55] KGCacheController, config={
        "num_gpus": 4,
        "L": 10,
        "kForwardItersPerStep": 1,
        "clr": 1,
        "backwardMode": "CppAsyncV2",
        "nr_background_threads": 16, 
        "cache_ratio": 0.1,
        "backgrad_init": "both"
    }
W20240128 01:01:32.236224 3873993 grad_base.h:184] Init GradProcessingBase done
I20240128 01:01:32.840487 3873993 grad_async_v2.h:32] Use background thread to update emb. nr_background_threads=16
W20240128 01:01:32.840582 3873993 kg_controller.h:78] after init GradAsyncProcessingV2
I20240128 01:01:32.840587 3873993 kg_controller.h:84] Construct KGCacheController done
Construct KGCacheControllerWrapper done
Construct KGCacheControllerWrapper done
Construct KGCacheControllerWrapper done
Construct KGCacheControllerWrapper done
I20240128 01:01:33.175375 3873993 grad_base.h:60] GraphEnv RegTensorsPerProcess
W20240128 01:01:33.908794 3874651 grad_async_v2.h:120] Detect new sample comes, old_end0, new_end1
E20240128 01:01:33.909021 3874651 parallel_pq_v2.h:76] insert failed, size(hashtable)=1
E20240128 01:01:34.909029 3874651 parallel_pq_v2.h:76] insert failed, size(hashtable)=1
W20240128 01:01:34.951357 3874651 grad_async_v2.h:120] Detect new sample comes, old_end3, new_end4
E20240128 01:01:35.909040 3874651 parallel_pq_v2.h:76] insert failed, size(hashtable)=0
W20240128 01:01:35.969194 3874651 grad_async_v2.h:120] Detect new sample comes, old_end7, new_end8
Before Training
Before Training
I20240128 01:01:38.474423 3874134 IPC_barrier.h:118] CreateBarrier: new barrier, name: start_barrier, count: 4
I20240128 01:01:38.474447 3874138 IPC_barrier.h:112] CreateBarrier: find existing barrier, name: start_barrier, count: 4
Before Training
I20240128 01:01:38.476713 3874136 IPC_barrier.h:112] CreateBarrier: find existing barrier, name: start_barrier, count: 4
Before Training
I20240128 01:01:38.477094 3873993 IPC_barrier.h:112] CreateBarrier: find existing barrier, name: start_barrier, count: 4
========== Step 0 ========== 
========== Step 0 ========== 
========== Step 0 ========== 
========== Step 0 ========== 
W20240128 01:01:38.478374 3874651 grad_async_v2.h:120] Detect new sample comes, old_end0, new_end1
E20240128 01:01:38.478484 3874651 parallel_pq_v2.h:76] insert failed, size(hashtable)=1
E20240128 01:01:39.835145 3874310 parallel_pq_v2.h:76] insert failed, size(hashtable)=5
W20240128 01:01:40.026361 3873993 grad_async_v2.h:249] Sleep in <BlockToStepN>, step_no=1, pq.top=1
========== Step 1 ========== 
========== Step 1 ========== 
========== Step 1 ========== 
========== Step 1 ========== 
W20240128 01:01:40.566119 3874651 grad_async_v2.h:120] Detect new sample comes, old_end1, new_end2
INFO [3874136 distributed.py:1140] Reducer buckets have been rebuilt in this iteration.
INFO [3874138 distributed.py:1140] Reducer buckets have been rebuilt in this iteration.
INFO [3874134 distributed.py:1140] Reducer buckets have been rebuilt in this iteration.
INFO [3873993 distributed.py:1140] Reducer buckets have been rebuilt in this iteration.
E20240128 01:01:40.835105 3874651 parallel_pq_v2.h:76] insert failed, size(hashtable)=3889
W20240128 01:01:41.026010 3873993 grad_async_v2.h:249] Sleep in <BlockToStepN>, step_no=2, pq.top=2
========== Step 2 ========== 
========== Step 2 ========== 
========== Step 2 ========== 
========== Step 2 ========== 
E20240128 01:01:41.839998 3874650 parallel_pq_v2.h:76] insert failed, size(hashtable)=4823
========== Step 3 ========== 
========== Step 3 ========== 
========== Step 3 ========== 
========== Step 3 ========== 
W20240128 01:01:41.918720 3874651 grad_async_v2.h:120] Detect new sample comes, old_end3, new_end4
W20240128 01:01:42.108347 3873993 grad_async_v2.h:249] Sleep in <BlockToStepN>, step_no=4, pq.top=4
+---------------------------+---------------------------+---------------------------+
| Name                      | P50                       | P99                       |
+---------------------------+---------------------------+---------------------------+
| GenInput:CircleBuffer     | 138.817 us                | 165.354 us                |
| GenInput                  | 628.598 us                | 876.737 us                |
| NN                        | 635.855 us                | 207.351 ms                |
| Forward                   | 884.217 us                | 208.374 ms                |
| Backward                  | 1.902 ms                  | 53.641 ms                 |
| Optimize                  | 209.256 us                | 10.378 ms                 |
| BarrierTimeBeforeRank0    | 65.265 us                 | 2.836 ms                  |
| AfterBackward             | 186.551 ms                | 1.271 s                   |
| BlockToStepN              | 485.813 ms                | 539.017 ms                |
| OneStep                   | 682.268 ms                | 2.088 s                   |
+---------------------------+---------------------------+---------------------------+
========== Step 4 ========== 
========== Step 4 ========== 
========== Step 4 ========== 
========== Step 4 ========== 
E20240128 01:01:42.839083 3874651 parallel_pq_v2.h:76] insert failed, size(hashtable)=4269
W20240128 01:01:43.108008 3873993 grad_async_v2.h:249] Sleep in <BlockToStepN>, step_no=5, pq.top=5
+---------------------------+---------------------------+---------------------------+
| Name                      | P50                       | P99                       |
+---------------------------+---------------------------+---------------------------+
| ProcessBack:Shuffle       | 15.336 ms                 | 342.478 ms                |
| ProcessBack:UpdateCache   | 1.052 ms                  | 704.210 ms                |
| ProcessBack:UpsertPq      | 171.177 ms                | 190.726 ms                |
| ProcessOneStep            | 186.657 ms                | 1.271 s                   |
| BlockToStepN              | 483.533 ms                | 538.593 ms                |
+---------------------------+---------------------------+---------------------------+
========== Step 5 ========== 
========== Step 5 ========== 
========== Step 5 ========== 
========== Step 5 ========== 
W20240128 01:01:43.234766 3874651 grad_async_v2.h:120] Detect new sample comes, old_end5, new_end6
E20240128 01:01:43.840314 3874650 parallel_pq_v2.h:76] insert failed, size(hashtable)=4744
========== Step 6 ========== 
========== Step 6 ========== 
========== Step 6 ========== 
========== Step 6 ========== 
W20240128 01:01:44.108007 3873993 grad_async_v2.h:249] Sleep in <BlockToStepN>, step_no=7, pq.top=7
========== Step 7 ========== 
========== Step 7 ========== 
========== Step 7 ========== 
========== Step 7 ========== 
W20240128 01:01:44.551107 3874651 grad_async_v2.h:120] Detect new sample comes, old_end7, new_end8
E20240128 01:01:44.858032 3874650 parallel_pq_v2.h:76] insert failed, size(hashtable)=4431
W20240128 01:01:45.108004 3873993 grad_async_v2.h:249] Sleep in <BlockToStepN>, step_no=8, pq.top=8
========== Step 8 ========== 
========== Step 8 ========== 
========== Step 8 ========== 
========== Step 8 ========== 
E20240128 01:01:45.867990 3874650 parallel_pq_v2.h:76] insert failed, size(hashtable)=4466
========== Step 9 ========== 
========== Step 9 ========== 
========== Step 9 ========== 
========== Step 9 ========== 
W20240128 01:01:45.869264 3874651 grad_async_v2.h:120] Detect new sample comes, old_end9, new_end0
W20240128 01:01:46.108012 3873993 grad_async_v2.h:249] Sleep in <BlockToStepN>, step_no=10, pq.top=10
========== Step 10 ========== 
========== Step 10 ========== 
========== Step 10 ========== 
========== Step 10 ========== 
E20240128 01:01:46.868824 3874650 parallel_pq_v2.h:76] insert failed, size(hashtable)=4284
W20240128 01:01:47.108004 3873993 grad_async_v2.h:249] Sleep in <BlockToStepN>, step_no=11, pq.top=11
========== Step 11 ========== 
========== Step 11 ========== 
========== Step 11 ========== 
========== Step 11 ========== 
W20240128 01:01:47.176229 3874651 grad_async_v2.h:120] Detect new sample comes, old_end1, new_end2
+---------------------------+---------------------------+---------------------------+
| Name                      | P50                       | P99                       |
+---------------------------+---------------------------+---------------------------+
| GenInput:CircleBuffer     | 119.000 us                | 165.354 us                |
| GenInput                  | 566.884 us                | 876.737 us                |
| NN                        | 623.116 us                | 207.351 ms                |
| Forward                   | 884.217 us                | 208.374 ms                |
| Backward                  | 1.853 ms                  | 53.641 ms                 |
| Optimize                  | 200.187 us                | 10.378 ms                 |
| BarrierTimeBeforeRank0    | 580.758 us                | 2.836 ms                  |
| AfterBackward             | 185.669 ms                | 1.271 s                   |
| BlockToStepN              | 468.726 ms                | 539.017 ms                |
| OneStep                   | 662.051 ms                | 2.088 s                   |
+---------------------------+---------------------------+---------------------------+
========== Step 12 ========== 
========== Step 12 ========== 
========== Step 12 ========== 
========== Step 12 ========== 
E20240128 01:01:47.868009 3874650 parallel_pq_v2.h:76] insert failed, size(hashtable)=896
W20240128 01:01:48.108006 3873993 grad_async_v2.h:249] Sleep in <BlockToStepN>, step_no=13, pq.top=13
+---------------------------+---------------------------+---------------------------+
| Name                      | P50                       | P99                       |
+---------------------------+---------------------------+---------------------------+
| ProcessBack:Shuffle       | 13.650 ms                 | 342.478 ms                |
| ProcessBack:UpdateCache   | 977.046 us                | 704.210 ms                |
| ProcessBack:UpsertPq      | 170.222 ms                | 190.726 ms                |
| ProcessOneStep            | 185.636 ms                | 1.271 s                   |
| BlockToStepN              | 468.481 ms                | 538.593 ms                |
+---------------------------+---------------------------+---------------------------+
========== Step 13 ========== 
========== Step 13 ========== 
========== Step 13 ========== 
========== Step 13 ========== 
W20240128 01:01:48.505620 3874651 grad_async_v2.h:120] Detect new sample comes, old_end3, new_end4
E20240128 01:01:48.868366 3874650 parallel_pq_v2.h:76] insert failed, size(hashtable)=4392
========== Step 14 ========== 
========== Step 14 ========== 
========== Step 14 ========== 
========== Step 14 ========== 
W20240128 01:01:49.242614 3873993 grad_async_v2.h:249] Sleep in <BlockToStepN>, step_no=15, pq.top=15
========== Step 15 ========== 
========== Step 15 ========== 
========== Step 15 ========== 
========== Step 15 ========== 
W20240128 01:01:49.707146 3874651 grad_async_v2.h:120] Detect new sample comes, old_end5, new_end6
E20240128 01:01:49.868036 3874651 parallel_pq_v2.h:76] insert failed, size(hashtable)=2904
W20240128 01:01:50.242012 3873993 grad_async_v2.h:249] Sleep in <BlockToStepN>, step_no=16, pq.top=16
========== Step 16 ========== 
========== Step 16 ========== 
========== Step 16 ========== 
========== Step 16 ========== 
E20240128 01:01:50.876293 3874650 parallel_pq_v2.h:76] insert failed, size(hashtable)=4219
========== Step 17 ========== 
========== Step 17 ========== 
========== Step 17 ========== 
========== Step 17 ========== 
W20240128 01:01:50.923681 3874651 grad_async_v2.h:120] Detect new sample comes, old_end7, new_end8
W20240128 01:01:51.242015 3873993 grad_async_v2.h:249] Sleep in <BlockToStepN>, step_no=18, pq.top=18
========== Step 18 ========== 
========== Step 18 ========== 
========== Step 18 ========== 
========== Step 18 ========== 
E20240128 01:01:51.885126 3874650 parallel_pq_v2.h:76] insert failed, size(hashtable)=1936
========== Step 19 ========== 
========== Step 19 ========== 
========== Step 19 ========== 
========== Step 19 ========== 
W20240128 01:01:52.221010 3874651 grad_async_v2.h:120] Detect new sample comes, old_end9, new_end0
+---------------------------+---------------------------+---------------------------+
| Name                      | P50                       | P99                       |
+---------------------------+---------------------------+---------------------------+
| GenInput:CircleBuffer     | 119.000 us                | 165.354 us                |
| GenInput                  | 426.677 us                | 876.737 us                |
| NN                        | 570.849 us                | 207.351 ms                |
| Forward                   | 834.471 us                | 208.374 ms                |
| Backward                  | 1.884 ms                  | 53.641 ms                 |
| Optimize                  | 193.419 us                | 10.378 ms                 |
| BarrierTimeBeforeRank0    | 287.618 us                | 2.836 ms                  |
| AfterBackward             | 182.656 ms                | 1.271 s                   |
| BlockToStepN              | 468.725 ms                | 539.017 ms                |
| OneStep                   | 657.265 ms                | 2.088 s                   |
+---------------------------+---------------------------+---------------------------+
W20240128 01:01:52.357606 3873993 grad_async_v2.h:249] Sleep in <BlockToStepN>, step_no=20, pq.top=20
========== Step 20 ========== 
========== Step 20 ========== 
========== Step 20 ========== 
========== Step 20 ========== 
E20240128 01:01:52.885011 3874650 parallel_pq_v2.h:76] insert failed, size(hashtable)=369
+---------------------------+---------------------------+---------------------------+
| Name                      | P50                       | P99                       |
+---------------------------+---------------------------+---------------------------+
| ProcessBack:Shuffle       | 14.185 ms                 | 342.478 ms                |
| ProcessBack:UpdateCache   | 934.890 us                | 704.210 ms                |
| ProcessBack:UpsertPq      | 168.570 ms                | 190.726 ms                |
| ProcessOneStep            | 182.082 ms                | 1.271 s                   |
| BlockToStepN              | 468.621 ms                | 538.593 ms                |
+---------------------------+---------------------------+---------------------------+
W20240128 01:01:53.357013 3873993 grad_async_v2.h:249] Sleep in <BlockToStepN>, step_no=21, pq.top=21
========== Step 21 ========== 
========== Step 21 ========== 
========== Step 21 ========== 
========== Step 21 ========== 
W20240128 01:01:53.475574 3874651 grad_async_v2.h:120] Detect new sample comes, old_end1, new_end2
E20240128 01:01:53.910883 3874650 parallel_pq_v2.h:76] insert failed, size(hashtable)=4113
========== Step 22 ========== 
========== Step 22 ========== 
========== Step 22 ========== 
========== Step 22 ========== 
W20240128 01:01:54.357015 3873993 grad_async_v2.h:249] Sleep in <BlockToStepN>, step_no=23, pq.top=23
========== Step 23 ========== 
========== Step 23 ========== 
========== Step 23 ========== 
========== Step 23 ========== 
W20240128 01:01:54.710561 3874651 grad_async_v2.h:120] Detect new sample comes, old_end3, new_end4
E20240128 01:01:54.910030 3874651 parallel_pq_v2.h:76] insert failed, size(hashtable)=793
========== Step 24 ========== 
========== Step 24 ========== 
========== Step 24 ========== 
========== Step 24 ========== 
W20240128 01:01:55.474440 3873993 grad_async_v2.h:249] Sleep in <BlockToStepN>, step_no=25, pq.top=24
E20240128 01:01:55.923282 3874650 parallel_pq_v2.h:76] insert failed, size(hashtable)=4144
========== Step 25 ========== 
========== Step 25 ========== 
========== Step 25 ========== 
========== Step 25 ========== 
W20240128 01:01:55.925627 3874651 grad_async_v2.h:120] Detect new sample comes, old_end5, new_end6
W20240128 01:01:56.474009 3873993 grad_async_v2.h:249] Sleep in <BlockToStepN>, step_no=26, pq.top=26
========== Step 26 ========== 
========== Step 26 ========== 
========== Step 26 ========== 
========== Step 26 ========== 
E20240128 01:01:56.928778 3874650 parallel_pq_v2.h:76] insert failed, size(hashtable)=4063
========== Step 27 ========== 
========== Step 27 ========== 
========== Step 27 ========== 
========== Step 27 ========== 
W20240128 01:01:57.196827 3874651 grad_async_v2.h:120] Detect new sample comes, old_end7, new_end8
+---------------------------+---------------------------+---------------------------+
| Name                      | P50                       | P99                       |
+---------------------------+---------------------------+---------------------------+
| GenInput:CircleBuffer     | 118.835 us                | 165.354 us                |
| GenInput                  | 476.666 us                | 876.737 us                |
| NN                        | 548.799 us                | 207.351 ms                |
| Forward                   | 781.411 us                | 208.374 ms                |
| Backward                  | 1.889 ms                  | 53.641 ms                 |
| Optimize                  | 184.607 us                | 10.378 ms                 |
| BarrierTimeBeforeRank0    | 566.234 us                | 2.836 ms                  |
| AfterBackward             | 173.666 ms                | 1.271 s                   |
| BlockToStepN              | 472.706 ms                | 539.017 ms                |
| OneStep                   | 644.302 ms                | 2.088 s                   |
+---------------------------+---------------------------+---------------------------+
W20240128 01:01:57.474017 3873993 grad_async_v2.h:249] Sleep in <BlockToStepN>, step_no=28, pq.top=28
========== Step 28 ========== 
========== Step 28 ========== 
========== Step 28 ========== 
========== Step 28 ========== 
E20240128 01:01:57.928031 3874306 parallel_pq_v2.h:76] insert failed, size(hashtable)=270
+---------------------------+---------------------------+---------------------------+
| Name                      | P50                       | P99                       |
+---------------------------+---------------------------+---------------------------+
| ProcessBack:Shuffle       | 13.868 ms                 | 342.478 ms                |
| ProcessBack:UpdateCache   | 882.690 us                | 704.210 ms                |
| ProcessBack:UpsertPq      | 127.757 ms                | 190.726 ms                |
| ProcessOneStep            | 145.466 ms                | 1.271 s                   |
| BlockToStepN              | 472.605 ms                | 538.593 ms                |
+---------------------------+---------------------------+---------------------------+
W20240128 01:01:58.474022 3873993 grad_async_v2.h:249] Sleep in <BlockToStepN>, step_no=29, pq.top=29
========== Step 29 ========== 
========== Step 29 ========== 
========== Step 29 ========== 
========== Step 29 ========== 
W20240128 01:01:58.486693 3874651 grad_async_v2.h:120] Detect new sample comes, old_end9, new_end0
E20240128 01:01:58.949030 3874650 parallel_pq_v2.h:76] insert failed, size(hashtable)=3997
========== Step 30 ========== 
========== Step 30 ========== 
========== Step 30 ========== 
========== Step 30 ========== 
W20240128 01:01:59.474021 3873993 grad_async_v2.h:249] Sleep in <BlockToStepN>, step_no=31, pq.top=31
========== Step 31 ========== 
========== Step 31 ========== 
========== Step 31 ========== 
========== Step 31 ========== 
W20240128 01:01:59.768021 3874651 grad_async_v2.h:120] Detect new sample comes, old_end1, new_end2
E20240128 01:01:59.949110 3874651 parallel_pq_v2.h:76] insert failed, size(hashtable)=2866
========== Step 32 ========== 
========== Step 32 ========== 
========== Step 32 ========== 
========== Step 32 ========== 
W20240128 01:02:00.532615 3873993 grad_async_v2.h:249] Sleep in <BlockToStepN>, step_no=33, pq.top=33
E20240128 01:02:00.961068 3874650 parallel_pq_v2.h:76] insert failed, size(hashtable)=3889
========== Step 33 ========== 
========== Step 33 ========== 
========== Step 33 ========== 
========== Step 33 ========== 
W20240128 01:02:01.023603 3874651 grad_async_v2.h:120] Detect new sample comes, old_end3, new_end4
W20240128 01:02:01.532044 3873993 grad_async_v2.h:249] Sleep in <BlockToStepN>, step_no=34, pq.top=34
========== Step 34 ========== 
========== Step 34 ========== 
========== Step 34 ========== 
========== Step 34 ========== 
E20240128 01:02:02.012233 3874650 parallel_pq_v2.h:76] insert failed, size(hashtable)=3606
+---------------------------+---------------------------+---------------------------+
| Name                      | P50                       | P99                       |
+---------------------------+---------------------------+---------------------------+
| GenInput:CircleBuffer     | 119.000 us                | 213.262 us                |
| GenInput                  | 476.170 us                | 914.615 us                |
| NN                        | 560.230 us                | 207.351 ms                |
| Forward                   | 809.872 us                | 208.374 ms                |
| Backward                  | 1.884 ms                  | 53.641 ms                 |
| Optimize                  | 191.179 us                | 10.378 ms                 |
| BarrierTimeBeforeRank0    | 454.561 us                | 2.836 ms                  |
| AfterBackward             | 145.424 ms                | 1.271 s                   |
| BlockToStepN              | 475.627 ms                | 546.114 ms                |
| OneStep                   | 643.958 ms                | 2.088 s                   |
+---------------------------+---------------------------+---------------------------+
========== Step 35 ========== 
========== Step 35 ========== 
========== Step 35 ========== 
========== Step 35 ========== 
W20240128 01:02:02.349967 3874651 grad_async_v2.h:120] Detect new sample comes, old_end5, new_end6
W20240128 01:02:02.542176 3873993 grad_async_v2.h:249] Sleep in <BlockToStepN>, step_no=36, pq.top=36
E20240128 01:02:03.013216 3874650 parallel_pq_v2.h:76] insert failed, size(hashtable)=3539
========== Step 36 ========== 
========== Step 36 ========== 
========== Step 36 ========== 
========== Step 36 ========== 
+---------------------------+---------------------------+---------------------------+
| Name                      | P50                       | P99                       |
+---------------------------+---------------------------+---------------------------+
| ProcessBack:Shuffle       | 14.033 ms                 | 342.478 ms                |
| ProcessBack:UpdateCache   | 891.955 us                | 704.210 ms                |
| ProcessBack:UpsertPq      | 126.002 ms                | 190.726 ms                |
| ProcessOneStep            | 145.394 ms                | 1.271 s                   |
| BlockToStepN              | 475.529 ms                | 546.011 ms                |
+---------------------------+---------------------------+---------------------------+
W20240128 01:02:03.542029 3873993 grad_async_v2.h:249] Sleep in <BlockToStepN>, step_no=37, pq.top=37
========== Step 37 ========== 
========== Step 37 ========== 
========== Step 37 ========== 
========== Step 37 ========== 
W20240128 01:02:03.663749 3874651 grad_async_v2.h:120] Detect new sample comes, old_end7, new_end8
E20240128 01:02:04.025624 3874650 parallel_pq_v2.h:76] insert failed, size(hashtable)=3789
========== Step 38 ========== 
========== Step 38 ========== 
========== Step 38 ========== 
========== Step 38 ========== 
W20240128 01:02:04.542027 3873993 grad_async_v2.h:249] Sleep in <BlockToStepN>, step_no=39, pq.top=39
========== Step 39 ========== 
========== Step 39 ========== 
========== Step 39 ========== 
========== Step 39 ========== 
W20240128 01:02:04.887384 3874651 grad_async_v2.h:120] Detect new sample comes, old_end9, new_end0
E20240128 01:02:05.025091 3874651 parallel_pq_v2.h:76] insert failed, size(hashtable)=492
========== Step 40 ========== 
========== Step 40 ========== 
========== Step 40 ========== 
========== Step 40 ========== 
W20240128 01:02:05.644153 3873993 grad_async_v2.h:249] Sleep in <BlockToStepN>, step_no=41, pq.top=40
E20240128 01:02:06.033080 3874650 parallel_pq_v2.h:76] insert failed, size(hashtable)=3281
========== Step 41 ========== 
========== Step 41 ========== 
========== Step 41 ========== 
========== Step 41 ========== 
W20240128 01:02:06.089705 3874651 grad_async_v2.h:120] Detect new sample comes, old_end1, new_end2
W20240128 01:02:06.644023 3873993 grad_async_v2.h:249] Sleep in <BlockToStepN>, step_no=42, pq.top=42
========== Step 42 ========== 
========== Step 42 ========== 
========== Step 42 ========== 
========== Step 42 ========== 
E20240128 01:02:07.039191 3874650 parallel_pq_v2.h:76] insert failed, size(hashtable)=3752
+---------------------------+---------------------------+---------------------------+
| Name                      | P50                       | P99                       |
+---------------------------+---------------------------+---------------------------+
| GenInput:CircleBuffer     | 120.362 us                | 213.262 us                |
| GenInput                  | 476.170 us                | 1.032 ms                  |
| NN                        | 560.230 us                | 207.351 ms                |
| Forward                   | 809.872 us                | 208.374 ms                |
| Backward                  | 1.860 ms                  | 53.641 ms                 |
| Optimize                  | 191.179 us                | 10.378 ms                 |
| BarrierTimeBeforeRank0    | 335.822 us                | 2.836 ms                  |
| AfterBackward             | 137.852 ms                | 1.271 s                   |
| BlockToStepN              | 475.627 ms                | 546.114 ms                |
| OneStep                   | 637.226 ms                | 2.088 s                   |
+---------------------------+---------------------------+---------------------------+
========== Step 43 ========== 
========== Step 43 ========== 
========== Step 43 ========== 
========== Step 43 ========== 
W20240128 01:02:07.337182 3874651 grad_async_v2.h:120] Detect new sample comes, old_end3, new_end4
W20240128 01:02:07.644037 3873993 grad_async_v2.h:249] Sleep in <BlockToStepN>, step_no=44, pq.top=44
========== Step 44 ========== 
========== Step 44 ========== 
========== Step 44 ========== 
========== Step 44 ========== 
E20240128 01:02:08.039007 3874650 parallel_pq_v2.h:76] insert failed, size(hashtable)=1574
+---------------------------+---------------------------+---------------------------+
| Name                      | P50                       | P99                       |
+---------------------------+---------------------------+---------------------------+
| ProcessBack:Shuffle       | 14.185 ms                 | 342.478 ms                |
| ProcessBack:UpdateCache   | 873.837 us                | 704.210 ms                |
| ProcessBack:UpsertPq      | 122.934 ms                | 190.726 ms                |
| ProcessOneStep            | 137.459 ms                | 1.271 s                   |
| BlockToStepN              | 475.529 ms                | 546.011 ms                |
+---------------------------+---------------------------+---------------------------+
W20240128 01:02:08.644024 3873993 grad_async_v2.h:249] Sleep in <BlockToStepN>, step_no=45, pq.top=45
========== Step 45 ========== 
========== Step 45 ========== 
========== Step 45 ========== 
========== Step 45 ========== 
W20240128 01:02:08.644997 3874651 grad_async_v2.h:120] Detect new sample comes, old_end5, new_end6
E20240128 01:02:09.052978 3874650 parallel_pq_v2.h:76] insert failed, size(hashtable)=3205
========== Step 46 ========== 
========== Step 46 ========== 
========== Step 46 ========== 
========== Step 46 ========== 
W20240128 01:02:09.644035 3873993 grad_async_v2.h:249] Sleep in <BlockToStepN>, step_no=47, pq.top=47
========== Step 47 ========== 
========== Step 47 ========== 
========== Step 47 ========== 
========== Step 47 ========== 
W20240128 01:02:09.869028 3874651 grad_async_v2.h:120] Detect new sample comes, old_end7, new_end8
E20240128 01:02:10.052043 3874651 parallel_pq_v2.h:76] insert failed, size(hashtable)=3169
========== Step 48 ========== 
========== Step 48 ========== 
========== Step 48 ========== 
========== Step 48 ========== 
W20240128 01:02:10.644039 3873993 grad_async_v2.h:249] Sleep in <BlockToStepN>, step_no=49, pq.top=48
E20240128 01:02:11.052395 3874650 parallel_pq_v2.h:76] insert failed, size(hashtable)=8793
========== Step 49 ========== 
========== Step 49 ========== 
========== Step 49 ========== 
========== Step 49 ========== 
W20240128 01:02:11.054384 3874651 grad_async_v2.h:120] Detect new sample comes, old_end9, new_end0
W20240128 01:02:11.644048 3873993 grad_async_v2.h:249] Sleep in <BlockToStepN>, step_no=50, pq.top=50
========== Step 50 ========== 
========== Step 50 ========== 
========== Step 50 ========== 
========== Step 50 ========== 
E20240128 01:02:12.056078 3874650 parallel_pq_v2.h:76] insert failed, size(hashtable)=3694
+---------------------------+---------------------------+---------------------------+
| Name                      | P50                       | P99                       |
+---------------------------+---------------------------+---------------------------+
| GenInput:CircleBuffer     | 121.684 us                | 177.639 us                |
| GenInput                  | 466.964 us                | 914.615 us                |
| NN                        | 548.799 us                | 1.744 ms                  |
| Forward                   | 805.344 us                | 2.496 ms                  |
| Backward                  | 1.864 ms                  | 4.536 ms                  |
| Optimize                  | 191.179 us                | 558.107 us                |
| BarrierTimeBeforeRank0    | 330.153 us                | 1.784 ms                  |
| AfterBackward             | 137.187 ms                | 199.768 ms                |
| BlockToStepN              | 476.163 ms                | 561.167 ms                |
| OneStep                   | 633.463 ms                | 2.088 s                   |
+---------------------------+---------------------------+---------------------------+
========== Step 51 ========== 
========== Step 51 ========== 
========== Step 51 ========== 
========== Step 51 ========== 
W20240128 01:02:12.393328 3874651 grad_async_v2.h:120] Detect new sample comes, old_end1, new_end2
W20240128 01:02:12.644008 3873993 grad_async_v2.h:249] Sleep in <BlockToStepN>, step_no=52, pq.top=52
========== Step 52 ========== 
========== Step 52 ========== 
========== Step 52 ========== 
========== Step 52 ========== 
E20240128 01:02:13.056010 3874310 parallel_pq_v2.h:76] insert failed, size(hashtable)=153
+---------------------------+---------------------------+---------------------------+
| Name                      | P50                       | P99                       |
+---------------------------+---------------------------+---------------------------+
| ProcessBack:Shuffle       | 14.185 ms                 | 60.196 ms                 |
| ProcessBack:UpdateCache   | 873.837 us                | 1.275 ms                  |
| ProcessBack:UpsertPq      | 121.162 ms                | 175.378 ms                |
| ProcessOneStep            | 136.988 ms                | 199.733 ms                |
| BlockToStepN              | 476.099 ms                | 546.011 ms                |
+---------------------------+---------------------------+---------------------------+
W20240128 01:02:13.644030 3873993 grad_async_v2.h:249] Sleep in <BlockToStepN>, step_no=53, pq.top=53
========== Step 53 ========== 
========== Step 53 ========== 
========== Step 53 ========== 
========== Step 53 ========== 
W20240128 01:02:13.664211 3874651 grad_async_v2.h:120] Detect new sample comes, old_end3, new_end4
E20240128 01:02:14.056504 3874650 parallel_pq_v2.h:76] insert failed, size(hashtable)=3202
========== Step 54 ========== 
========== Step 54 ========== 
========== Step 54 ========== 
========== Step 54 ========== 
W20240128 01:02:14.644057 3873993 grad_async_v2.h:249] Sleep in <BlockToStepN>, step_no=55, pq.top=55
========== Step 55 ========== 
========== Step 55 ========== 
========== Step 55 ========== 
========== Step 55 ========== 
W20240128 01:02:15.043474 3874651 grad_async_v2.h:120] Detect new sample comes, old_end5, new_end6
E20240128 01:02:15.056053 3874651 parallel_pq_v2.h:76] insert failed, size(hashtable)=5
W20240128 01:02:15.644021 3873993 grad_async_v2.h:249] Sleep in <BlockToStepN>, step_no=56, pq.top=56
========== Step 56 ========== 
========== Step 56 ========== 
========== Step 56 ========== 
========== Step 56 ========== 
E20240128 01:02:16.060739 3874650 parallel_pq_v2.h:76] insert failed, size(hashtable)=3261
========== Step 57 ========== 
========== Step 57 ========== 
========== Step 57 ========== 
========== Step 57 ========== 
W20240128 01:02:16.380038 3874651 grad_async_v2.h:120] Detect new sample comes, old_end7, new_end8
W20240128 01:02:16.646301 3873993 grad_async_v2.h:249] Sleep in <BlockToStepN>, step_no=58, pq.top=58
========== Step 58 ========== 
========== Step 58 ========== 
========== Step 58 ========== 
========== Step 58 ========== 
E20240128 01:02:17.060009 3874650 parallel_pq_v2.h:76] insert failed, size(hashtable)=6597
+---------------------------+---------------------------+---------------------------+
| Name                      | P50                       | P99                       |
+---------------------------+---------------------------+---------------------------+
| GenInput:CircleBuffer     | 121.684 us                | 177.639 us                |
| GenInput                  | 466.964 us                | 1.004 ms                  |
| NN                        | 545.790 us                | 1.744 ms                  |
| Forward                   | 787.803 us                | 2.496 ms                  |
| Backward                  | 1.866 ms                  | 4.536 ms                  |
| Optimize                  | 188.033 us                | 558.107 us                |
| BarrierTimeBeforeRank0    | 335.822 us                | 1.784 ms                  |
| AfterBackward             | 137.852 ms                | 199.768 ms                |
| BlockToStepN              | 479.290 ms                | 546.114 ms                |
| OneStep                   | 637.967 ms                | 700.945 ms                |
+---------------------------+---------------------------+---------------------------+
W20240128 01:02:17.646042 3873993 grad_async_v2.h:249] Sleep in <BlockToStepN>, step_no=59, pq.top=59
========== Step 59 ========== 
========== Step 59 ========== 
========== Step 59 ========== 
========== Step 59 ========== 
W20240128 01:02:17.702994 3874651 grad_async_v2.h:120] Detect new sample comes, old_end9, new_end0
E20240128 01:02:18.063985 3874650 parallel_pq_v2.h:76] insert failed, size(hashtable)=3743
+---------------------------+---------------------------+---------------------------+
| Name                      | P50                       | P99                       |
+---------------------------+---------------------------+---------------------------+
| ProcessBack:Shuffle       | 14.521 ms                 | 65.492 ms                 |
| ProcessBack:UpdateCache   | 874.909 us                | 7.145 ms                  |
| ProcessBack:UpsertPq      | 120.771 ms                | 175.378 ms                |
| ProcessOneStep            | 137.816 ms                | 199.733 ms                |
| BlockToStepN              | 479.186 ms                | 546.011 ms                |
+---------------------------+---------------------------+---------------------------+
========== Step 60 ========== 
========== Step 60 ========== 
========== Step 60 ========== 
========== Step 60 ========== 
W20240128 01:02:18.646039 3873993 grad_async_v2.h:249] Sleep in <BlockToStepN>, step_no=61, pq.top=61
========== Step 61 ========== 
========== Step 61 ========== 
========== Step 61 ========== 
========== Step 61 ========== 
W20240128 01:02:19.022781 3874651 grad_async_v2.h:120] Detect new sample comes, old_end1, new_end2
E20240128 01:02:19.063009 3874650 parallel_pq_v2.h:76] insert failed, size(hashtable)=783
W20240128 01:02:19.646044 3873993 grad_async_v2.h:249] Sleep in <BlockToStepN>, step_no=62, pq.top=62
========== Step 62 ========== 
========== Step 62 ========== 
========== Step 62 ========== 
========== Step 62 ========== 
E20240128 01:02:20.081804 3874650 parallel_pq_v2.h:76] insert failed, size(hashtable)=3846
========== Step 63 ========== 
========== Step 63 ========== 
========== Step 63 ========== 
========== Step 63 ========== 
