WARNING: Logging before InitGoogleLogging() is written to STDERR
I20240120 01:31:37.771018 63888 IPC_barrier.h:128] MultiProcessBarrierFactory->ClearIPCMemory()
W20240120 01:31:37.777350 63888 IPCTensor.h:367] NewIPCTensor: full_emb [100000000, 32]0x100000002000
/home/xieminhui/RecStore/src/framework_adapters/torch/python/perf_emb.py:148: DeprecationWarning: The 'warn' function is deprecated, use 'warning' instead
  XLOG.warn("After init DistEmbedding")
WARNING [63888 perf_emb.py:148] After init DistEmbedding
========== Running Perf with routine <function routine_local_cache_helper at 0x7fcfc0449bc0>==========
Worker 1 pid=64282
Worker 2 pid=64283
Worker 3 pid=64284
Worker 4 pid=64285
Worker 5 pid=64287
Worker 6 pid=64288
INFO [63888 distributed_c10d.py:442] Added key: store_based_barrier_key:1 to store for rank: 0
INFO [64282 distributed_c10d.py:442] Added key: store_based_barrier_key:1 to store for rank: 1
INFO [64283 distributed_c10d.py:442] Added key: store_based_barrier_key:1 to store for rank: 2
INFO [64284 distributed_c10d.py:442] Added key: store_based_barrier_key:1 to store for rank: 3
INFO [64285 distributed_c10d.py:442] Added key: store_based_barrier_key:1 to store for rank: 4
INFO [64287 distributed_c10d.py:442] Added key: store_based_barrier_key:1 to store for rank: 5
INFO [64289 distributed_c10d.py:442] Added key: store_based_barrier_key:1 to store for rank: 7
INFO [64288 distributed_c10d.py:442] Added key: store_based_barrier_key:1 to store for rank: 6
INFO [64288 distributed_c10d.py:476] Rank 6: Completed store-based barrier for key:store_based_barrier_key:1 with 8 nodes.
INFO [64289 distributed_c10d.py:476] Rank 7: Completed store-based barrier for key:store_based_barrier_key:1 with 8 nodes.
INFO [64287 distributed_c10d.py:476] Rank 5: Completed store-based barrier for key:store_based_barrier_key:1 with 8 nodes.
E20240120 01:31:40.188429 64288 IPCTensor.h:346] IPCTensor full_emb already exists
E20240120 01:31:40.188486 64289 IPCTensor.h:346] IPCTensor full_emb already exists
E20240120 01:31:40.188570 64287 IPCTensor.h:346] IPCTensor full_emb already exists
INFO [64284 distributed_c10d.py:476] Rank 3: Completed store-based barrier for key:store_based_barrier_key:1 with 8 nodes.
INFO [63888 distributed_c10d.py:476] Rank 0: Completed store-based barrier for key:store_based_barrier_key:1 with 8 nodes.
E20240120 01:31:40.194074 64284 IPCTensor.h:346] IPCTensor full_emb already exists
INFO [64285 distributed_c10d.py:476] Rank 4: Completed store-based barrier for key:store_based_barrier_key:1 with 8 nodes.
INFO [64283 distributed_c10d.py:476] Rank 2: Completed store-based barrier for key:store_based_barrier_key:1 with 8 nodes.
E20240120 01:31:40.194182 63888 IPCTensor.h:346] IPCTensor full_emb already exists
INFO [64282 distributed_c10d.py:476] Rank 1: Completed store-based barrier for key:store_based_barrier_key:1 with 8 nodes.
E20240120 01:31:40.194777 64285 IPCTensor.h:346] IPCTensor full_emb already exists
E20240120 01:31:40.194823 64283 IPCTensor.h:346] IPCTensor full_emb already exists
E20240120 01:31:40.194835 64282 IPCTensor.h:346] IPCTensor full_emb already exists
W20240120 01:31:40.226377 63888 IPCTensor.h:406] NewIPCGPUTensor: embedding_cache_0 [10000000, 32]; dev=0; size=1.192 GB
W20240120 01:31:40.226424 64287 IPCTensor.h:406] NewIPCGPUTensor: embedding_cache_5 [10000000, 32]; dev=5; size=1.192 GB
W20240120 01:31:40.226467 64284 IPCTensor.h:406] NewIPCGPUTensor: embedding_cache_3 [10000000, 32]; dev=3; size=1.192 GB
W20240120 01:31:40.226485 64282 IPCTensor.h:406] NewIPCGPUTensor: embedding_cache_1 [10000000, 32]; dev=1; size=1.192 GB
W20240120 01:31:40.226495 64283 IPCTensor.h:406] NewIPCGPUTensor: embedding_cache_2 [10000000, 32]; dev=2; size=1.192 GB
W20240120 01:31:40.226485 64288 IPCTensor.h:406] NewIPCGPUTensor: embedding_cache_6 [10000000, 32]; dev=6; size=1.192 GB
W20240120 01:31:40.226498 64285 IPCTensor.h:406] NewIPCGPUTensor: embedding_cache_4 [10000000, 32]; dev=4; size=1.192 GB
W20240120 01:31:40.226492 64289 IPCTensor.h:406] NewIPCGPUTensor: embedding_cache_7 [10000000, 32]; dev=7; size=1.192 GB
W20240120 01:31:41.374722 63888 IPCTensor.h:367] NewIPCTensor: input_keys_0 [100000]0x1002faf0e000
W20240120 01:31:41.375041 63888 IPCTensor.h:367] NewIPCTensor: input_keys_neg_0 [100000]0x1002fafd3000
W20240120 01:31:41.375182 63888 IPCTensor.h:367] NewIPCTensor: backward_grads_0 [100000, 32]0x1002fb098000
W20240120 01:31:41.375267 63888 IPCTensor.h:367] NewIPCTensor: backward_grads_neg_0 [100000, 32]0x1002fbccf000
W20240120 01:31:41.375325 63888 IPCTensor.h:406] NewIPCGPUTensor: backward_grads_0_gpu [100000, 32]; dev=0; size=12.21 MB
W20240120 01:31:41.377460 64282 IPCTensor.h:367] NewIPCTensor: input_keys_1 [100000]0x1002fc908000
W20240120 01:31:41.377614 64282 IPCTensor.h:367] NewIPCTensor: input_keys_neg_1 [100000]0x1002fc9cd000
W20240120 01:31:41.377663 64282 IPCTensor.h:367] NewIPCTensor: backward_grads_1 [100000, 32]0x1002fca92000
W20240120 01:31:41.377699 64282 IPCTensor.h:367] NewIPCTensor: backward_grads_neg_1 [100000, 32]0x1002fd6c9000
W20240120 01:31:41.377727 64282 IPCTensor.h:406] NewIPCGPUTensor: backward_grads_1_gpu [100000, 32]; dev=1; size=12.21 MB
W20240120 01:31:41.379535 63888 IPCTensor.h:406] NewIPCGPUTensor: backward_grads_neg_0_gpu [100000, 32]; dev=0; size=12.21 MB
W20240120 01:31:41.392099 64282 IPCTensor.h:406] NewIPCGPUTensor: backward_grads_neg_1_gpu [100000, 32]; dev=1; size=12.21 MB
W20240120 01:31:41.399585 64288 IPCTensor.h:367] NewIPCTensor: input_keys_6 [100000]0x1002fe308000
W20240120 01:31:41.399744 64288 IPCTensor.h:367] NewIPCTensor: input_keys_neg_6 [100000]0x1002fe3cd000
W20240120 01:31:41.399816 64288 IPCTensor.h:367] NewIPCTensor: backward_grads_6 [100000, 32]0x1002fe492000
W20240120 01:31:41.399848 64288 IPCTensor.h:367] NewIPCTensor: backward_grads_neg_6 [100000, 32]0x1002ff0c9000
W20240120 01:31:41.399888 64288 IPCTensor.h:406] NewIPCGPUTensor: backward_grads_6_gpu [100000, 32]; dev=6; size=12.21 MB
W20240120 01:31:41.432008 64288 IPCTensor.h:406] NewIPCGPUTensor: backward_grads_neg_6_gpu [100000, 32]; dev=6; size=12.21 MB
W20240120 01:31:41.434706 64284 IPCTensor.h:367] NewIPCTensor: input_keys_3 [100000]0x1002ffd06000
W20240120 01:31:41.434911 64284 IPCTensor.h:367] NewIPCTensor: input_keys_neg_3 [100000]0x1002ffdcb000
W20240120 01:31:41.434990 64284 IPCTensor.h:367] NewIPCTensor: backward_grads_3 [100000, 32]0x1002ffe90000
W20240120 01:31:41.435045 64284 IPCTensor.h:367] NewIPCTensor: backward_grads_neg_3 [100000, 32]0x100300ac7000
W20240120 01:31:41.435110 64284 IPCTensor.h:406] NewIPCGPUTensor: backward_grads_3_gpu [100000, 32]; dev=3; size=12.21 MB
W20240120 01:31:41.435299 64287 IPCTensor.h:367] NewIPCTensor: input_keys_5 [100000]0x100301700000
W20240120 01:31:41.435422 64287 IPCTensor.h:367] NewIPCTensor: input_keys_neg_5 [100000]0x1003017c5000
W20240120 01:31:41.435474 64287 IPCTensor.h:367] NewIPCTensor: backward_grads_5 [100000, 32]0x10030188a000
W20240120 01:31:41.435535 64287 IPCTensor.h:367] NewIPCTensor: backward_grads_neg_5 [100000, 32]0x1003024c1000
W20240120 01:31:41.435571 64287 IPCTensor.h:406] NewIPCGPUTensor: backward_grads_5_gpu [100000, 32]; dev=5; size=12.21 MB
W20240120 01:31:41.436372 64289 IPCTensor.h:367] NewIPCTensor: input_keys_7 [100000]0x1003030fa000
W20240120 01:31:41.436497 64289 IPCTensor.h:367] NewIPCTensor: input_keys_neg_7 [100000]0x1003031bf000
W20240120 01:31:41.436539 64289 IPCTensor.h:367] NewIPCTensor: backward_grads_7 [100000, 32]0x100303284000
W20240120 01:31:41.436568 64289 IPCTensor.h:367] NewIPCTensor: backward_grads_neg_7 [100000, 32]0x100303ebb000
W20240120 01:31:41.436594 64289 IPCTensor.h:406] NewIPCGPUTensor: backward_grads_7_gpu [100000, 32]; dev=7; size=12.21 MB
W20240120 01:31:41.437896 64284 IPCTensor.h:406] NewIPCGPUTensor: backward_grads_neg_3_gpu [100000, 32]; dev=3; size=12.21 MB
W20240120 01:31:41.438449 64287 IPCTensor.h:406] NewIPCGPUTensor: backward_grads_neg_5_gpu [100000, 32]; dev=5; size=12.21 MB
W20240120 01:31:41.438787 64289 IPCTensor.h:406] NewIPCGPUTensor: backward_grads_neg_7_gpu [100000, 32]; dev=7; size=12.21 MB
W20240120 01:31:41.442615 64285 IPCTensor.h:367] NewIPCTensor: input_keys_4 [100000]0x100304b02000
W20240120 01:31:41.442750 64285 IPCTensor.h:367] NewIPCTensor: input_keys_neg_4 [100000]0x100304bc7000
W20240120 01:31:41.442801 64285 IPCTensor.h:367] NewIPCTensor: backward_grads_4 [100000, 32]0x100304c8c000
W20240120 01:31:41.442831 64285 IPCTensor.h:367] NewIPCTensor: backward_grads_neg_4 [100000, 32]0x1003058c3000
W20240120 01:31:41.442862 64285 IPCTensor.h:406] NewIPCGPUTensor: backward_grads_4_gpu [100000, 32]; dev=4; size=12.21 MB
W20240120 01:31:41.445072 64285 IPCTensor.h:406] NewIPCGPUTensor: backward_grads_neg_4_gpu [100000, 32]; dev=4; size=12.21 MB
W20240120 01:31:41.448182 64283 IPCTensor.h:367] NewIPCTensor: input_keys_2 [100000]0x100306500000
W20240120 01:31:41.448287 64283 IPCTensor.h:367] NewIPCTensor: input_keys_neg_2 [100000]0x1003065c5000
W20240120 01:31:41.448334 64283 IPCTensor.h:367] NewIPCTensor: backward_grads_2 [100000, 32]0x10030668a000
W20240120 01:31:41.448364 64283 IPCTensor.h:367] NewIPCTensor: backward_grads_neg_2 [100000, 32]0x1003072c1000
W20240120 01:31:41.448400 64283 IPCTensor.h:406] NewIPCGPUTensor: backward_grads_2_gpu [100000, 32]; dev=2; size=12.21 MB
W20240120 01:31:41.450431 64283 IPCTensor.h:406] NewIPCGPUTensor: backward_grads_neg_2_gpu [100000, 32]; dev=2; size=12.21 MB
cudaHostRegister 0x100000002000
4: KnownLocalCachedEmbedding init done
cudaHostRegister 0x100000002000
2: KnownLocalCachedEmbedding init done
cudaHostRegister 0x100000002000
5: KnownLocalCachedEmbedding init done
cudaHostRegister 0x100000002000
1: KnownLocalCachedEmbedding init done
cudaHostRegister 0x100000002000
6: KnownLocalCachedEmbedding init done
cudaHostRegister 0x100000002000
7: KnownLocalCachedEmbedding init done
Worker 7 pid=64289
New CachedEmbedding, name=full_emb, shape=(100000000, 32), cache_type=KnownLocalCachedEmbedding
fixed cache_range is [(0, 10000000), (10000000, 20000000), (20000000, 30000000), (30000000, 40000000), (40000000, 50000000), (50000000, 60000000), (60000000, 70000000), (70000000, 80000000)]
cudaHostRegister 0x100000002000
0: KnownLocalCachedEmbedding init done
cudaHostRegister 0x100000002000
3: KnownLocalCachedEmbedding init done
W20240120 01:31:46.230808 64288 IPCTensor.h:367] NewIPCTensor: cached_sampler_r6_0 [100000]0x100307efc000
W20240120 01:31:46.231063 64288 IPCTensor.h:367] NewIPCTensor: cached_sampler_r6_1 [100000]0x100307fc1000
W20240120 01:31:46.231220 64282 IPCTensor.h:367] NewIPCTensor: cached_sampler_r1_0 [100000]0x100308086000
W20240120 01:31:46.231501 64288 IPCTensor.h:367] NewIPCTensor: cached_sampler_r6_2 [100000]0x10030839a000
W20240120 01:31:46.231608 64288 IPCTensor.h:367] NewIPCTensor: cached_sampler_r6_3 [100000]0x1003086ae000
W20240120 01:31:46.231642 64288 IPCTensor.h:367] NewIPCTensor: cached_sampler_r6_4 [100000]0x100308773000
W20240120 01:31:46.231369 64284 IPCTensor.h:367] NewIPCTensor: cached_sampler_r3_0 [100000]0x100308210000
W20240120 01:31:46.231359 64289 IPCTensor.h:367] NewIPCTensor: cached_sampler_r7_0 [100000]0x10030814b000
W20240120 01:31:46.231673 64288 IPCTensor.h:367] NewIPCTensor: cached_sampler_r6_5 [100000]0x1003088fd000
W20240120 01:31:46.231534 64282 IPCTensor.h:367] NewIPCTensor: cached_sampler_r1_1 [100000]0x100308524000
W20240120 01:31:46.231556 63888 IPCTensor.h:367] NewIPCTensor: cached_sampler_r0_0 [100000]0x10030845f000
W20240120 01:31:46.231729 64288 IPCTensor.h:367] NewIPCTensor: cached_sampler_r6_6 [100000]0x1003089c2000
W20240120 01:31:46.231791 64288 IPCTensor.h:367] NewIPCTensor: cached_sampler_r6_7 [100000]0x100308a87000
W20240120 01:31:46.231433 64285 IPCTensor.h:367] NewIPCTensor: cached_sampler_r4_0 [100000]0x1003082d5000
W20240120 01:31:46.231564 64283 IPCTensor.h:367] NewIPCTensor: cached_sampler_r2_0 [100000]0x1003085e9000
W20240120 01:31:46.232007 64284 IPCTensor.h:367] NewIPCTensor: cached_sampler_r3_1 [100000]0x100308cd6000
W20240120 01:31:46.232038 64282 IPCTensor.h:367] NewIPCTensor: cached_sampler_r1_2 [100000]0x100308d9b000
W20240120 01:31:46.231853 64288 IPCTensor.h:367] NewIPCTensor: cached_sampler_r6_8 [100000]0x100308b4c000
W20240120 01:31:46.231915 63888 IPCTensor.h:367] NewIPCTensor: cached_sampler_r0_1 [100000]0x100308c11000
W20240120 01:31:46.232057 64285 IPCTensor.h:367] NewIPCTensor: cached_sampler_r4_1 [100000]0x100308e60000
W20240120 01:31:46.232064 64284 IPCTensor.h:367] NewIPCTensor: cached_sampler_r3_2 [100000]0x100308f25000
W20240120 01:31:46.232092 64282 IPCTensor.h:367] NewIPCTensor: cached_sampler_r1_3 [100000]0x100308fea000
W20240120 01:31:46.231750 64287 IPCTensor.h:367] NewIPCTensor: cached_sampler_r5_0 [100000]0x100308838000
W20240120 01:31:46.232148 64288 IPCTensor.h:367] NewIPCTensor: cached_sampler_r6_9 [100000]0x1003090af000
W20240120 01:31:46.232159 64282 IPCTensor.h:367] NewIPCTensor: cached_sampler_r1_4 [100000]0x100309174000
W20240120 01:31:46.232183 63888 IPCTensor.h:367] NewIPCTensor: cached_sampler_r0_2 [100000]0x100309239000
W20240120 01:31:46.232192 64285 IPCTensor.h:367] NewIPCTensor: cached_sampler_r4_2 [100000]0x1003092fe000
W20240120 01:31:46.232195 64284 IPCTensor.h:367] NewIPCTensor: cached_sampler_r3_3 [100000]0x1003093c3000
W20240120 01:31:46.232206 64282 IPCTensor.h:367] NewIPCTensor: cached_sampler_r1_5 [100000]0x100309488000
W20240120 01:31:46.232232 64289 IPCTensor.h:367] NewIPCTensor: cached_sampler_r7_1 [100000]0x10030954d000
W20240120 01:31:46.232240 64288 IPCTensor.h:367] NewIPCTensor: step_r6 [10]0x1003096d7000
W20240120 01:31:46.232236 64283 IPCTensor.h:367] NewIPCTensor: cached_sampler_r2_1 [100000]0x100309612000
W20240120 01:31:46.232255 64285 IPCTensor.h:367] NewIPCTensor: cached_sampler_r4_3 [100000]0x1003096d9000
W20240120 01:31:46.232275 64288 IPCTensor.h:367] NewIPCTensor: circle_buffer_end_r6 [1]0x10030979e000
W20240120 01:31:46.232280 64285 IPCTensor.h:367] NewIPCTensor: cached_sampler_r4_4 [100000]0x1003097a0000
W20240120 01:31:46.232297 64283 IPCTensor.h:367] NewIPCTensor: cached_sampler_r2_2 [100000]0x100309865000
W20240120 01:31:46.232306 64288 IPCTensor.h:367] NewIPCTensor: circle_buffer_end_cppseen_r6 [1]0x10030992a000
W20240120 01:31:46.232319 64284 IPCTensor.h:367] NewIPCTensor: cached_sampler_r3_4 [100000]0x10030992c000
W20240120 01:31:46.232349 64284 IPCTensor.h:367] NewIPCTensor: cached_sampler_r3_5 [100000]0x1003099f1000
W20240120 01:31:46.232352 63888 IPCTensor.h:367] NewIPCTensor: cached_sampler_r0_3 [100000]0x100309ab6000
W20240120 01:31:46.232380 63888 IPCTensor.h:367] NewIPCTensor: cached_sampler_r0_4 [100000]0x100309b7b000
W20240120 01:31:46.232391 64289 IPCTensor.h:367] NewIPCTensor: cached_sampler_r7_2 [100000]0x100309c40000
W20240120 01:31:46.232407 64284 IPCTensor.h:367] NewIPCTensor: cached_sampler_r3_6 [100000]0x100309d05000
W20240120 01:31:46.232447 63888 IPCTensor.h:367] NewIPCTensor: cached_sampler_r0_5 [100000]0x100309dca000
W20240120 01:31:46.232465 64284 IPCTensor.h:367] NewIPCTensor: cached_sampler_r3_7 [100000]0x100309e8f000
W20240120 01:31:46.232474 64285 IPCTensor.h:367] NewIPCTensor: cached_sampler_r4_5 [100000]0x100309f54000
W20240120 01:31:46.232498 63888 IPCTensor.h:367] NewIPCTensor: cached_sampler_r0_6 [100000]0x10030a019000
W20240120 01:31:46.232510 64284 IPCTensor.h:367] NewIPCTensor: cached_sampler_r3_8 [100000]0x10030a0de000
W20240120 01:31:46.232553 64285 IPCTensor.h:367] NewIPCTensor: cached_sampler_r4_6 [100000]0x10030a1a3000
W20240120 01:31:46.232560 64284 IPCTensor.h:367] NewIPCTensor: cached_sampler_r3_9 [100000]0x10030a268000
W20240120 01:31:46.232563 63888 IPCTensor.h:367] NewIPCTensor: cached_sampler_r0_7 [100000]0x10030a32d000
W20240120 01:31:46.232578 64289 IPCTensor.h:367] NewIPCTensor: cached_sampler_r7_3 [100000]0x10030a3f2000
W20240120 01:31:46.232597 64283 IPCTensor.h:367] NewIPCTensor: cached_sampler_r2_3 [100000]0x10030a4b7000
W20240120 01:31:46.232612 64282 IPCTensor.h:367] NewIPCTensor: cached_sampler_r1_6 [100000]0x10030a57c000
W20240120 01:31:46.232623 64289 IPCTensor.h:367] NewIPCTensor: cached_sampler_r7_4 [100000]0x10030a641000
W20240120 01:31:46.232640 64283 IPCTensor.h:367] NewIPCTensor: cached_sampler_r2_4 [100000]0x10030a706000
Construct PerfSampler done
W20240120 01:31:46.232704 63888 IPCTensor.h:367] NewIPCTensor: cached_sampler_r0_8 [100000]0x10030a7cb000
W20240120 01:31:46.232722 64285 IPCTensor.h:367] NewIPCTensor: cached_sampler_r4_7 [100000]0x10030a890000
W20240120 01:31:46.232744 64284 IPCTensor.h:367] NewIPCTensor: step_r3 [10]0x10030a955000
I20240120 01:31:46.232765 64288 IPC_barrier.h:118] CreateBarrier: new barrier, name: kgcachecontroller, count: 8
W20240120 01:31:46.232770 63888 IPCTensor.h:367] NewIPCTensor: cached_sampler_r0_9 [100000]0x10030a957000
W20240120 01:31:46.232779 64284 IPCTensor.h:367] NewIPCTensor: circle_buffer_end_r3 [1]0x10030aa1c000
W20240120 01:31:46.232807 64283 IPCTensor.h:367] NewIPCTensor: cached_sampler_r2_5 [100000]0x10030aa1e000
W20240120 01:31:46.232815 63888 IPCTensor.h:367] NewIPCTensor: step_r0 [10]0x10030aae3000
W20240120 01:31:46.232818 64284 IPCTensor.h:367] NewIPCTensor: circle_buffer_end_cppseen_r3 [1]0x10030aae5000
W20240120 01:31:46.232842 63888 IPCTensor.h:367] NewIPCTensor: circle_buffer_end_r0 [1]0x10030aae7000
W20240120 01:31:46.232872 64289 IPCTensor.h:367] NewIPCTensor: cached_sampler_r7_5 [100000]0x10030aae9000
W20240120 01:31:46.232877 63888 IPCTensor.h:367] NewIPCTensor: circle_buffer_end_cppseen_r0 [1]0x10030abae000
W20240120 01:31:46.232913 64283 IPCTensor.h:367] NewIPCTensor: cached_sampler_r2_6 [100000]0x10030abb0000
W20240120 01:31:46.232935 64285 IPCTensor.h:367] NewIPCTensor: cached_sampler_r4_8 [100000]0x10030ac75000
W20240120 01:31:46.232939 64282 IPCTensor.h:367] NewIPCTensor: cached_sampler_r1_7 [100000]0x10030ad3a000
W20240120 01:31:46.232990 64285 IPCTensor.h:367] NewIPCTensor: cached_sampler_r4_9 [100000]0x10030adff000
W20240120 01:31:46.232995 64283 IPCTensor.h:367] NewIPCTensor: cached_sampler_r2_7 [100000]0x10030aec4000
W20240120 01:31:46.233083 64289 IPCTensor.h:367] NewIPCTensor: cached_sampler_r7_6 [100000]0x10030af89000
W20240120 01:31:46.233136 64289 IPCTensor.h:367] NewIPCTensor: cached_sampler_r7_7 [100000]0x10030b04e000
W20240120 01:31:46.233183 64289 IPCTensor.h:367] NewIPCTensor: cached_sampler_r7_8 [100000]0x10030b113000
W20240120 01:31:46.233191 64283 IPCTensor.h:367] NewIPCTensor: cached_sampler_r2_8 [100000]0x10030b1d8000
W20240120 01:31:46.233232 64285 IPCTensor.h:367] NewIPCTensor: step_r4 [10]0x10030b29d000
W20240120 01:31:46.233232 64289 IPCTensor.h:367] NewIPCTensor: cached_sampler_r7_9 [100000]0x10030b29f000
W20240120 01:31:46.233244 64282 IPCTensor.h:367] NewIPCTensor: cached_sampler_r1_8 [100000]0x10030b364000
W20240120 01:31:46.233269 64285 IPCTensor.h:367] NewIPCTensor: circle_buffer_end_r4 [1]0x10030b429000
W20240120 01:31:46.233285 64289 IPCTensor.h:367] NewIPCTensor: step_r7 [10]0x10030b42b000
W20240120 01:31:46.233297 64285 IPCTensor.h:367] NewIPCTensor: circle_buffer_end_cppseen_r4 [1]0x10030b42d000
W20240120 01:31:46.233314 64289 IPCTensor.h:367] NewIPCTensor: circle_buffer_end_r7 [1]0x10030b42f000
W20240120 01:31:46.233325 64283 IPCTensor.h:367] NewIPCTensor: cached_sampler_r2_9 [100000]0x10030b431000
W20240120 01:31:46.233356 64289 IPCTensor.h:367] NewIPCTensor: circle_buffer_end_cppseen_r7 [1]0x10030b4f6000
W20240120 01:31:46.233484 64283 IPCTensor.h:367] NewIPCTensor: step_r2 [10]0x10030b4f8000
W20240120 01:31:46.233510 64282 IPCTensor.h:367] NewIPCTensor: cached_sampler_r1_9 [100000]0x10030b4fa000
W20240120 01:31:46.233520 64283 IPCTensor.h:367] NewIPCTensor: circle_buffer_end_r2 [1]0x10030b5bf000
W20240120 01:31:46.233548 64283 IPCTensor.h:367] NewIPCTensor: circle_buffer_end_cppseen_r2 [1]0x10030b5c1000
Construct PerfSampler done
Construct PerfSampler done
Construct PerfSampler done
Construct PerfSampler done
I20240120 01:31:46.233788 64289 IPC_barrier.h:112] CreateBarrier: find existing barrier, name: kgcachecontroller, count: 8
W20240120 01:31:46.233793 64282 IPCTensor.h:367] NewIPCTensor: step_r1 [10]0x10030b5c3000
I20240120 01:31:46.233803 64285 IPC_barrier.h:112] CreateBarrier: find existing barrier, name: kgcachecontroller, count: 8
I20240120 01:31:46.233815 64284 IPC_barrier.h:112] CreateBarrier: find existing barrier, name: kgcachecontroller, count: 8
W20240120 01:31:46.233825 64282 IPCTensor.h:367] NewIPCTensor: circle_buffer_end_r1 [1]0x10030b5c5000
I20240120 01:31:46.233829 63888 IPC_barrier.h:112] CreateBarrier: find existing barrier, name: kgcachecontroller, count: 8
W20240120 01:31:46.233853 64282 IPCTensor.h:367] NewIPCTensor: circle_buffer_end_cppseen_r1 [1]0x10030b5c7000
Construct PerfSampler done
I20240120 01:31:46.233999 64283 IPC_barrier.h:112] CreateBarrier: find existing barrier, name: kgcachecontroller, count: 8
Construct PerfSampler done
I20240120 01:31:46.234267 64282 IPC_barrier.h:112] CreateBarrier: find existing barrier, name: kgcachecontroller, count: 8
W20240120 01:31:46.234670 64287 IPCTensor.h:367] NewIPCTensor: cached_sampler_r5_1 [100000]0x10030b5c9000
W20240120 01:31:46.234731 64287 IPCTensor.h:367] NewIPCTensor: cached_sampler_r5_2 [100000]0x10030b68e000
W20240120 01:31:46.234782 64287 IPCTensor.h:367] NewIPCTensor: cached_sampler_r5_3 [100000]0x10030b753000
W20240120 01:31:46.234810 64287 IPCTensor.h:367] NewIPCTensor: cached_sampler_r5_4 [100000]0x10030b818000
W20240120 01:31:46.234841 64287 IPCTensor.h:367] NewIPCTensor: cached_sampler_r5_5 [100000]0x10030b8dd000
W20240120 01:31:46.234898 64287 IPCTensor.h:367] NewIPCTensor: cached_sampler_r5_6 [100000]0x10030b9a2000
W20240120 01:31:46.234944 64287 IPCTensor.h:367] NewIPCTensor: cached_sampler_r5_7 [100000]0x10030ba67000
W20240120 01:31:46.234982 64287 IPCTensor.h:367] NewIPCTensor: cached_sampler_r5_8 [100000]0x10030bb2c000
W20240120 01:31:46.235041 64287 IPCTensor.h:367] NewIPCTensor: cached_sampler_r5_9 [100000]0x10030bbf1000
W20240120 01:31:46.235076 64287 IPCTensor.h:367] NewIPCTensor: step_r5 [10]0x10030bcb6000
W20240120 01:31:46.235103 64287 IPCTensor.h:367] NewIPCTensor: circle_buffer_end_r5 [1]0x10030bcb8000
W20240120 01:31:46.235127 64287 IPCTensor.h:367] NewIPCTensor: circle_buffer_end_cppseen_r5 [1]0x10030bcba000
Construct PerfSampler done
I20240120 01:31:46.235575 64287 IPC_barrier.h:112] CreateBarrier: find existing barrier, name: kgcachecontroller, count: 8
W20240120 01:31:46.237239 63888 grad_base.h:55] KGCacheController, config={
        "num_gpus": 8,
        "L": 10,
        "kForwardItersPerStep": 1,
        "clr": 1,
        "backwardMode": "CppAsyncV2",
        "nr_background_threads": 16, 
        "cache_ratio": 0.1,
        "backgrad_init": "both"
    }
W20240120 01:31:46.237339 63888 grad_base.h:172] Init GradProcessingBase done
I20240120 01:31:55.734361 63888 grad_async_v2.h:32] Use background thread to update emb. nr_background_threads=16
W20240120 01:31:55.734753 63888 kg_controller.h:78] after init GradAsyncProcessingV2
I20240120 01:31:55.734767 63888 kg_controller.h:84] Construct KGCacheController done
[W socket.cpp:601] [c10d] The client socket has failed to connect to [localhost]:29500 (errno: 101 - Network is unreachable).
[W socket.cpp:601] [c10d] The client socket has failed to connect to [localhost]:29500 (errno: 101 - Network is unreachable).
[W socket.cpp:601] [c10d] The client socket has failed to connect to [localhost]:29500 (errno: 101 - Network is unreachable).
[W socket.cpp:601] [c10d] The client socket has failed to connect to [localhost]:29500 (errno: 101 - Network is unreachable).
[W socket.cpp:601] [c10d] The client socket has failed to connect to [localhost]:29500 (errno: 101 - Network is unreachable).
[W socket.cpp:601] [c10d] The client socket has failed to connect to [localhost]:29500 (errno: 101 - Network is unreachable).
Construct KGCacheControllerWrapper done
Construct KGCacheControllerWrapper done
Construct KGCacheControllerWrapper done
Construct KGCacheControllerWrapper done
Construct KGCacheControllerWrapper done
Construct KGCacheControllerWrapper done
Construct KGCacheControllerWrapper done
Construct KGCacheControllerWrapper done
I20240120 01:31:57.525770 63888 grad_base.h:60] GraphEnv RegTensorsPerProcess
W20240120 01:31:59.797361  2101 grad_async_v2.h:120] Detect new sample comes, old_end0, new_end1
E20240120 01:31:59.797839  2101 parallel_pq_v2.h:76] insert failed, size(hashtable)=1
E20240120 01:32:00.797017  2101 parallel_pq_v2.h:76] insert failed, size(hashtable)=0
W20240120 01:32:00.822751  2101 grad_async_v2.h:120] Detect new sample comes, old_end2, new_end3
E20240120 01:32:01.797017  2101 parallel_pq_v2.h:76] insert failed, size(hashtable)=0
W20240120 01:32:01.852777  2101 grad_async_v2.h:120] Detect new sample comes, old_end5, new_end6
Before Training
I20240120 01:32:02.611914 63888 IPC_barrier.h:118] CreateBarrier: new barrier, name: start_barrier, count: 8
Before Training
I20240120 01:32:02.663689 64283 IPC_barrier.h:112] CreateBarrier: find existing barrier, name: start_barrier, count: 8
Before Training
I20240120 01:32:02.766182 64288 IPC_barrier.h:112] CreateBarrier: find existing barrier, name: start_barrier, count: 8
E20240120 01:32:02.797010  2101 parallel_pq_v2.h:76] insert failed, size(hashtable)=5
Before Training
I20240120 01:32:02.817451 64282 IPC_barrier.h:112] CreateBarrier: find existing barrier, name: start_barrier, count: 8
Before Training
I20240120 01:32:02.842996 64284 IPC_barrier.h:112] CreateBarrier: find existing barrier, name: start_barrier, count: 8
W20240120 01:32:02.867940  2101 grad_async_v2.h:120] Detect new sample comes, old_end8, new_end9
Before Training
I20240120 01:32:02.869693 64285 IPC_barrier.h:112] CreateBarrier: find existing barrier, name: start_barrier, count: 8
Before Training
I20240120 01:32:02.920423 64289 IPC_barrier.h:112] CreateBarrier: find existing barrier, name: start_barrier, count: 8
Before Training
I20240120 01:32:02.946695 64287 IPC_barrier.h:112] CreateBarrier: find existing barrier, name: start_barrier, count: 8
========== Step 0 ========== 
========== Step 0 ========== 
========== Step 0 ========== 
========== Step 0 ========== 
========== Step 0 ========== 
========== Step 0 ========== 
========== Step 0 ========== 
========== Step 0 ========== 
W20240120 01:32:03.060012  2100 HazptrDomain.h:767] 10 request backlog for hazptr asynchronous reclamation executor
E20240120 01:32:04.914827 63888 parallel_pq_v2.h:76] insert failed, size(hashtable)=0
W20240120 01:32:05.036280 63888 grad_async_v2.h:249] Sleep in <BlockToStepN>, step_no=1, pq.top=1
========== Step 1 ========== 
========== Step 1 ========== 
========== Step 1 ========== 
========== Step 1 ========== 
========== Step 1 ========== 
========== Step 1 ========== 
========== Step 1 ========== 
W20240120 01:32:05.135179  2101 grad_async_v2.h:120] Detect new sample comes, old_end1, new_end2
========== Step 1 ========== 
========== Step 2 ========== 
========== Step 2 ========== 
========== Step 2 ========== 
========== Step 2 ========== 
========== Step 2 ========== 
========== Step 2 ========== 
========== Step 2 ========== 
========== Step 2 ========== 
E20240120 01:32:05.914011 63888 parallel_pq_v2.h:76] insert failed, size(hashtable)=37
W20240120 01:32:06.036006 63888 grad_async_v2.h:249] Sleep in <BlockToStepN>, step_no=3, pq.top=3
========== Step 3 ========== 
========== Step 3 ========== 
========== Step 3 ========== 
========== Step 3 ========== 
========== Step 3 ========== 
========== Step 3 ========== 
========== Step 3 ========== 
========== Step 3 ========== 
W20240120 01:32:06.155133  2101 grad_async_v2.h:120] Detect new sample comes, old_end3, new_end4
+---------------------------+---------------------------+---------------------------+
| Name                      | P50                       | P99                       |
+---------------------------+---------------------------+---------------------------+
| GenInput:CircleBuffer     | 132.258 us                | 609.581 us                |
| GenInput                  | 1.828 ms                  | 7.346 ms                  |
| Forward                   | 410.856 us                | 51.252 ms                 |
| Backward                  | 1.104 ms                  | 27.026 ms                 |
| Optimize                  | 119.550 us                | 381.291 us                |
| BarrierTimeBeforeRank0    | 882.328 us                | 18.017 ms                 |
| AfterBackward             | 349.150 ms                | 1.986 s                   |
| BlockToStepN              | 96.709 ms                 | 120.746 ms                |
| OneStep                   | 474.454 ms                | 2.186 s                   |
+---------------------------+---------------------------+---------------------------+
========== Step 4 ========== 
========== Step 4 ========== 
========== Step 4 ========== 
========== Step 4 ========== 
========== Step 4 ========== 
========== Step 4 ========== 
========== Step 4 ========== 
========== Step 4 ========== 
E20240120 01:32:06.917160  2100 parallel_pq_v2.h:76] insert failed, size(hashtable)=9863
========== Step 5 ========== 
========== Step 5 ========== 
========== Step 5 ========== 
========== Step 5 ========== 
========== Step 5 ========== 
========== Step 5 ========== 
========== Step 5 ========== 
========== Step 5 ========== 
W20240120 01:32:07.239995 63888 grad_async_v2.h:249] Sleep in <BlockToStepN>, step_no=6, pq.top=6
========== Step 6 ========== 
========== Step 6 ========== 
========== Step 6 ========== 
========== Step 6 ========== 
========== Step 6 ========== 
========== Step 6 ========== 
========== Step 6 ========== 
========== Step 6 ========== 
W20240120 01:32:07.345127  2101 grad_async_v2.h:120] Detect new sample comes, old_end6, new_end7
+---------------------------+---------------------------+---------------------------+
| Name                      | P50                       | P99                       |
+---------------------------+---------------------------+---------------------------+
| ProcessBack:Shuffle       | 195.521 ms                | 453.386 ms                |
| ProcessBack:UpdateCache   | 23.071 ms                 | 1.407 s                   |
| ProcessBack:UpsertPq      | 111.741 ms                | 121.222 ms                |
| ProcessOneStep            | 345.899 ms                | 1.986 s                   |
| BlockToStepN              | 99.193 ms                 | 120.646 ms                |
+---------------------------+---------------------------+---------------------------+
========== Step 7 ========== 
========== Step 7 ========== 
========== Step 7 ========== 
========== Step 7 ========== 
========== Step 7 ========== 
========== Step 7 ========== 
========== Step 7 ========== 
========== Step 7 ========== 
E20240120 01:32:07.917021  2101 parallel_pq_v2.h:76] insert failed, size(hashtable)=1114
W20240120 01:32:08.239007 63888 grad_async_v2.h:249] Sleep in <BlockToStepN>, step_no=8, pq.top=8
========== Step 8 ========== 
========== Step 8 ========== 
========== Step 8 ========== 
========== Step 8 ========== 
========== Step 8 ========== 
========== Step 8 ========== 
========== Step 8 ========== 
W20240120 01:32:08.377003  2101 grad_async_v2.h:120] Detect new sample comes, old_end8, new_end9
========== Step 8 ========== 
========== Step 9 ========== 
========== Step 9 ========== 
========== Step 9 ========== 
========== Step 9 ========== 
========== Step 9 ========== 
========== Step 9 ========== 
========== Step 9 ========== 
========== Step 9 ========== 
E20240120 01:32:08.917013  2101 parallel_pq_v2.h:76] insert failed, size(hashtable)=23905
W20240120 01:32:09.239012 63888 grad_async_v2.h:249] Sleep in <BlockToStepN>, step_no=10, pq.top=10
========== Step 10 ========== 
========== Step 10 ========== 
========== Step 10 ========== 
========== Step 10 ========== 
========== Step 10 ========== 
========== Step 10 ========== 
========== Step 10 ========== 
========== Step 10 ========== 
W20240120 01:32:09.420531  2101 grad_async_v2.h:120] Detect new sample comes, old_end0, new_end1
========== Step 11 ========== 
========== Step 11 ========== 
========== Step 11 ========== 
========== Step 11 ========== 
========== Step 11 ========== 
========== Step 11 ========== 
========== Step 11 ========== 
========== Step 11 ========== 
E20240120 01:32:09.917019 63888 parallel_pq_v2.h:76] insert failed, size(hashtable)=673
========== Step 12 ========== 
========== Step 12 ========== 
========== Step 12 ========== 
========== Step 12 ========== 
========== Step 12 ========== 
========== Step 12 ========== 
========== Step 12 ========== 
========== Step 12 ========== 
W20240120 01:32:10.366758 63888 grad_async_v2.h:249] Sleep in <BlockToStepN>, step_no=13, pq.top=13
W20240120 01:32:10.437965  2101 grad_async_v2.h:120] Detect new sample comes, old_end2, new_end3
========== Step 13 ========== 
========== Step 13 ========== 
========== Step 13 ========== 
========== Step 13 ========== 
========== Step 13 ========== 
========== Step 13 ========== 
========== Step 13 ========== 
========== Step 13 ========== 
E20240120 01:32:10.917012  2101 parallel_pq_v2.h:76] insert failed, size(hashtable)=17322
========== Step 14 ========== 
========== Step 14 ========== 
========== Step 14 ========== 
========== Step 14 ========== 
========== Step 14 ========== 
========== Step 14 ========== 
========== Step 14 ========== 
========== Step 14 ========== 
+---------------------------+---------------------------+---------------------------+
| Name                      | P50                       | P99                       |
+---------------------------+---------------------------+---------------------------+
| GenInput:CircleBuffer     | 151.347 us                | 985.641 us                |
| GenInput                  | 1.926 ms                  | 17.489 ms                 |
| Forward                   | 594.426 us                | 51.252 ms                 |
| Backward                  | 1.040 ms                  | 27.026 ms                 |
| Optimize                  | 142.192 us                | 492.474 us                |
| BarrierTimeBeforeRank0    | 1.380 ms                  | 18.017 ms                 |
| AfterBackward             | 337.741 ms                | 1.986 s                   |
| BlockToStepN              | 104.580 ms                | 138.361 ms                |
| OneStep                   | 448.691 ms                | 2.186 s                   |
+---------------------------+---------------------------+---------------------------+
========== Step 15 ========== 
========== Step 15 ========== 
========== Step 15 ========== 
========== Step 15 ========== 
========== Step 15 ========== 
========== Step 15 ========== 
========== Step 15 ========== 
========== Step 15 ========== 
W20240120 01:32:11.444785  2101 grad_async_v2.h:120] Detect new sample comes, old_end5, new_end6
W20240120 01:32:11.668414 63888 grad_async_v2.h:249] Sleep in <BlockToStepN>, step_no=16, pq.top=16
========== Step 16 ========== 
========== Step 16 ========== 
========== Step 16 ========== 
========== Step 16 ========== 
========== Step 16 ========== 
========== Step 16 ========== 
========== Step 16 ========== 
========== Step 16 ========== 
E20240120 01:32:11.917011  2101 parallel_pq_v2.h:76] insert failed, size(hashtable)=5166
========== Step 17 ========== 
========== Step 17 ========== 
========== Step 17 ========== 
========== Step 17 ========== 
========== Step 17 ========== 
========== Step 17 ========== 
========== Step 17 ========== 
========== Step 17 ========== 
+---------------------------+---------------------------+---------------------------+
| Name                      | P50                       | P99                       |
+---------------------------+---------------------------+---------------------------+
| ProcessBack:Shuffle       | 163.291 ms                | 453.386 ms                |
| ProcessBack:UpdateCache   | 24.351 ms                 | 1.407 s                   |
| ProcessBack:UpsertPq      | 120.760 ms                | 198.035 ms                |
| ProcessOneStep            | 311.264 ms                | 1.986 s                   |
| BlockToStepN              | 106.259 ms                | 138.224 ms                |
+---------------------------+---------------------------+---------------------------+
========== Step 18 ========== 
========== Step 18 ========== 
========== Step 18 ========== 
========== Step 18 ========== 
========== Step 18 ========== 
========== Step 18 ========== 
========== Step 18 ========== 
========== Step 18 ========== 
W20240120 01:32:12.549690  2101 grad_async_v2.h:120] Detect new sample comes, old_end8, new_end9
W20240120 01:32:12.775745 63888 grad_async_v2.h:249] Sleep in <BlockToStepN>, step_no=19, pq.top=19
========== Step 19 ========== 
========== Step 19 ========== 
========== Step 19 ========== 
========== Step 19 ========== 
========== Step 19 ========== 
========== Step 19 ========== 
========== Step 19 ========== 
========== Step 19 ========== 
E20240120 01:32:12.917022  2101 parallel_pq_v2.h:76] insert failed, size(hashtable)=52058
========== Step 20 ========== 
========== Step 20 ========== 
========== Step 20 ========== 
========== Step 20 ========== 
========== Step 20 ========== 
========== Step 20 ========== 
========== Step 20 ========== 
========== Step 20 ========== 
W20240120 01:32:13.573165  2101 grad_async_v2.h:120] Detect new sample comes, old_end0, new_end1
========== Step 21 ========== 
========== Step 21 ========== 
========== Step 21 ========== 
========== Step 21 ========== 
========== Step 21 ========== 
========== Step 21 ========== 
========== Step 21 ========== 
========== Step 21 ========== 
E20240120 01:32:13.917011  2101 parallel_pq_v2.h:76] insert failed, size(hashtable)=518
W20240120 01:32:14.067730 63888 grad_async_v2.h:249] Sleep in <BlockToStepN>, step_no=22, pq.top=21
========== Step 22 ========== 
========== Step 22 ========== 
========== Step 22 ========== 
========== Step 22 ========== 
========== Step 22 ========== 
========== Step 22 ========== 
========== Step 22 ========== 
========== Step 22 ========== 
========== Step 23 ========== 
========== Step 23 ========== 
========== Step 23 ========== 
========== Step 23 ========== 
========== Step 23 ========== 
========== Step 23 ========== 
========== Step 23 ========== 
========== Step 23 ========== 
W20240120 01:32:14.604506  2101 grad_async_v2.h:120] Detect new sample comes, old_end3, new_end4
E20240120 01:32:14.917251  2100 parallel_pq_v2.h:76] insert failed, size(hashtable)=4580
========== Step 24 ========== 
========== Step 24 ========== 
========== Step 24 ========== 
========== Step 24 ========== 
========== Step 24 ========== 
========== Step 24 ========== 
========== Step 24 ========== 
========== Step 24 ========== 
W20240120 01:32:15.231312 63888 grad_async_v2.h:249] Sleep in <BlockToStepN>, step_no=25, pq.top=25
========== Step 25 ========== 
========== Step 25 ========== 
========== Step 25 ========== 
========== Step 25 ========== 
========== Step 25 ========== 
========== Step 25 ========== 
========== Step 25 ========== 
========== Step 25 ========== 
========== Step 26 ========== 
========== Step 26 ========== 
========== Step 26 ========== 
========== Step 26 ========== 
========== Step 26 ========== 
========== Step 26 ========== 
W20240120 01:32:15.802843  2101 grad_async_v2.h:120] Detect new sample comes, old_end6, new_end7
========== Step 26 ========== 
========== Step 26 ========== 
E20240120 01:32:15.917011  2101 parallel_pq_v2.h:76] insert failed, size(hashtable)=3720
========== Step 27 ========== 
========== Step 27 ========== 
========== Step 27 ========== 
========== Step 27 ========== 
========== Step 27 ========== 
========== Step 27 ========== 
========== Step 27 ========== 
========== Step 27 ========== 
+---------------------------+---------------------------+---------------------------+
| Name                      | P50                       | P99                       |
+---------------------------+---------------------------+---------------------------+
| GenInput:CircleBuffer     | 139.896 us                | 985.641 us                |
| GenInput                  | 1.831 ms                  | 20.108 ms                 |
| Forward                   | 469.251 us                | 51.252 ms                 |
| Backward                  | 993.948 us                | 27.026 ms                 |
| Optimize                  | 128.041 us                | 492.474 us                |
| BarrierTimeBeforeRank0    | 1.177 ms                  | 18.017 ms                 |
| AfterBackward             | 305.466 ms                | 1.986 s                   |
| BlockToStepN              | 116.423 ms                | 138.361 ms                |
| OneStep                   | 430.578 ms                | 2.186 s                   |
+---------------------------+---------------------------+---------------------------+
W20240120 01:32:16.540031 63888 grad_async_v2.h:249] Sleep in <BlockToStepN>, step_no=28, pq.top=28
========== Step 28 ========== 
========== Step 28 ========== 
========== Step 28 ========== 
========== Step 28 ========== 
========== Step 28 ========== 
========== Step 28 ========== 
========== Step 28 ========== 
========== Step 28 ========== 
W20240120 01:32:16.804867  2101 grad_async_v2.h:120] Detect new sample comes, old_end8, new_end9
E20240120 01:32:16.917008 63888 parallel_pq_v2.h:76] insert failed, size(hashtable)=982
========== Step 29 ========== 
========== Step 29 ========== 
========== Step 29 ========== 
========== Step 29 ========== 
========== Step 29 ========== 
========== Step 29 ========== 
========== Step 29 ========== 
========== Step 29 ========== 
+---------------------------+---------------------------+---------------------------+
| Name                      | P50                       | P99                       |
+---------------------------+---------------------------+---------------------------+
| ProcessBack:Shuffle       | 163.291 ms                | 453.386 ms                |
| ProcessBack:UpdateCache   | 24.074 ms                 | 1.407 s                   |
| ProcessBack:UpsertPq      | 116.189 ms                | 198.035 ms                |
| ProcessOneStep            | 305.426 ms                | 1.986 s                   |
| BlockToStepN              | 115.173 ms                | 138.224 ms                |
+---------------------------+---------------------------+---------------------------+
========== Step 30 ========== 
========== Step 30 ========== 
========== Step 30 ========== 
========== Step 30 ========== 
========== Step 30 ========== 
========== Step 30 ========== 
========== Step 30 ========== 
========== Step 30 ========== 
W20240120 01:32:17.828411 63888 grad_async_v2.h:249] Sleep in <BlockToStepN>, step_no=31, pq.top=31
E20240120 01:32:17.917008  2100 parallel_pq_v2.h:76] insert failed, size(hashtable)=22197
========== Step 31 ========== 
========== Step 31 ========== 
========== Step 31 ========== 
========== Step 31 ========== 
========== Step 31 ========== 
========== Step 31 ========== 
========== Step 31 ========== 
========== Step 31 ========== 
W20240120 01:32:17.926616  2101 grad_async_v2.h:120] Detect new sample comes, old_end1, new_end2
========== Step 32 ========== 
========== Step 32 ========== 
========== Step 32 ========== 
========== Step 32 ========== 
========== Step 32 ========== 
========== Step 32 ========== 
========== Step 32 ========== 
========== Step 32 ========== 
========== Step 33 ========== 
========== Step 33 ========== 
========== Step 33 ========== 
========== Step 33 ========== 
========== Step 33 ========== 
========== Step 33 ========== 
========== Step 33 ========== 
========== Step 33 ========== 
E20240120 01:32:18.917011  2101 parallel_pq_v2.h:76] insert failed, size(hashtable)=2
W20240120 01:32:18.937064  2101 grad_async_v2.h:120] Detect new sample comes, old_end3, new_end4
W20240120 01:32:19.085606 63888 grad_async_v2.h:249] Sleep in <BlockToStepN>, step_no=34, pq.top=34
========== Step 34 ========== 
========== Step 34 ========== 
========== Step 34 ========== 
========== Step 34 ========== 
========== Step 34 ========== 
========== Step 34 ========== 
========== Step 34 ========== 
========== Step 34 ========== 
========== Step 35 ========== 
========== Step 35 ========== 
========== Step 35 ========== 
========== Step 35 ========== 
========== Step 35 ========== 
========== Step 35 ========== 
========== Step 35 ========== 
========== Step 35 ========== 
E20240120 01:32:19.917013 63888 parallel_pq_v2.h:76] insert failed, size(hashtable)=38
W20240120 01:32:20.085016 63888 grad_async_v2.h:249] Sleep in <BlockToStepN>, step_no=36, pq.top=36
========== Step 36 ========== 
========== Step 36 ========== 
========== Step 36 ========== 
========== Step 36 ========== 
========== Step 36 ========== 
========== Step 36 ========== 
========== Step 36 ========== 
========== Step 36 ========== 
W20240120 01:32:20.108355  2101 grad_async_v2.h:120] Detect new sample comes, old_end6, new_end7
========== Step 37 ========== 
========== Step 37 ========== 
========== Step 37 ========== 
========== Step 37 ========== 
========== Step 37 ========== 
========== Step 37 ========== 
========== Step 37 ========== 
========== Step 37 ========== 
E20240120 01:32:20.917009 63888 parallel_pq_v2.h:76] insert failed, size(hashtable)=2327
========== Step 38 ========== 
========== Step 38 ========== 
========== Step 38 ========== 
========== Step 38 ========== 
========== Step 38 ========== 
========== Step 38 ========== 
========== Step 38 ========== 
========== Step 38 ========== 
W20240120 01:32:21.123036  2101 grad_async_v2.h:120] Detect new sample comes, old_end8, new_end9
+---------------------------+---------------------------+---------------------------+
| Name                      | P50                       | P99                       |
+---------------------------+---------------------------+---------------------------+
| GenInput:CircleBuffer     | 145.975 us                | 985.641 us                |
| GenInput                  | 1.831 ms                  | 20.108 ms                 |
| Forward                   | 524.854 us                | 51.252 ms                 |
| Backward                  | 993.948 us                | 27.026 ms                 |
| Optimize                  | 127.700 us                | 492.474 us                |
| BarrierTimeBeforeRank0    | 1.380 ms                  | 18.017 ms                 |
| AfterBackward             | 312.916 ms                | 1.986 s                   |
| BlockToStepN              | 109.800 ms                | 138.361 ms                |
| OneStep                   | 443.443 ms                | 2.186 s                   |
+---------------------------+---------------------------+---------------------------+
W20240120 01:32:21.330626 63888 grad_async_v2.h:249] Sleep in <BlockToStepN>, step_no=39, pq.top=39
========== Step 39 ========== 
========== Step 39 ========== 
========== Step 39 ========== 
========== Step 39 ========== 
========== Step 39 ========== 
========== Step 39 ========== 
========== Step 39 ========== 
========== Step 39 ========== 
E20240120 01:32:21.922816  2100 parallel_pq_v2.h:76] insert failed, size(hashtable)=9297
========== Step 40 ========== 
========== Step 40 ========== 
========== Step 40 ========== 
========== Step 40 ========== 
========== Step 40 ========== 
========== Step 40 ========== 
========== Step 40 ========== 
========== Step 40 ========== 
W20240120 01:32:22.138334  2101 grad_async_v2.h:120] Detect new sample comes, old_end0, new_end1
========== Step 41 ========== 
========== Step 41 ========== 
========== Step 41 ========== 
========== Step 41 ========== 
========== Step 41 ========== 
========== Step 41 ========== 
========== Step 41 ========== 
========== Step 41 ========== 
+---------------------------+---------------------------+---------------------------+
| Name                      | P50                       | P99                       |
+---------------------------+---------------------------+---------------------------+
| ProcessBack:Shuffle       | 182.335 ms                | 453.386 ms                |
| ProcessBack:UpdateCache   | 23.823 ms                 | 1.407 s                   |
| ProcessBack:UpsertPq      | 122.059 ms                | 198.035 ms                |
| ProcessOneStep            | 312.852 ms                | 1.986 s                   |
| BlockToStepN              | 108.857 ms                | 138.224 ms                |
+---------------------------+---------------------------+---------------------------+
W20240120 01:32:22.666991 63888 grad_async_v2.h:249] Sleep in <BlockToStepN>, step_no=42, pq.top=41
========== Step 42 ========== 
========== Step 42 ========== 
========== Step 42 ========== 
========== Step 42 ========== 
========== Step 42 ========== 
========== Step 42 ========== 
========== Step 42 ========== 
========== Step 42 ========== 
E20240120 01:32:22.922013  2101 parallel_pq_v2.h:76] insert failed, size(hashtable)=3
========== Step 43 ========== 
========== Step 43 ========== 
========== Step 43 ========== 
========== Step 43 ========== 
========== Step 43 ========== 
========== Step 43 ========== 
========== Step 43 ========== 
========== Step 43 ========== 
W20240120 01:32:23.261464  2101 grad_async_v2.h:120] Detect new sample comes, old_end3, new_end4
========== Step 44 ========== 
========== Step 44 ========== 
========== Step 44 ========== 
========== Step 44 ========== 
========== Step 44 ========== 
========== Step 44 ========== 
========== Step 44 ========== 
========== Step 44 ========== 
W20240120 01:32:23.869314 63888 grad_async_v2.h:249] Sleep in <BlockToStepN>, step_no=45, pq.top=45
