WARNING: Logging before InitGoogleLogging() is written to STDERR
I20240212 09:47:48.422642 45051 IPC_barrier.h:128] MultiProcessBarrierFactory->ClearIPCMemory()
/data/home/xieminhui/RecStore/src/framework_adapters/torch/kg/dgl-0.9.1/python/dgl/_deprecate/graph.py:1023: DGLWarning: multigraph will be deprecated.DGL will treat all graphs as multigraph in the future.
  dgl_warning("multigraph will be deprecated." \
/data/home/xieminhui/RecStore/src/framework_adapters/torch/kg/dgl-0.9.1/python/dgl/heterograph.py:72: DGLWarning: Recommend creating graphs by `dgl.graph(data)` instead of `dgl.DGLGraph(data)`.
  dgl_warning('Recommend creating graphs by `dgl.graph(data)`'
Reading train triples....
Finished. Read 483142 train triples.
Reading valid triples....
Finished. Read 50000 valid triples.
Reading test triples....
Finished. Read 59071 test triples.
ARGS:  Namespace(model_name='TransE', data_path='/home/xieminhui/dgl-data', dataset='FB15k', format='built_in', data_files=None, delimiter='\t', save_path='/tmp/ckpts/TransE_FB15k_244', no_save_emb=True, max_step=500, batch_size=1200, batch_size_eval=16, neg_sample_size=200, neg_deg_sample=False, neg_deg_sample_eval=False, neg_sample_size_eval=14951, eval_percent=1, no_eval_filter=False, log_interval=100, eval_interval=10000, test=False, num_proc=8, num_thread=1, force_sync_interval=1, hidden_dim=400, lr=0.01, gamma=16.0, double_ent=False, double_rel=False, neg_adversarial_sampling=False, adversarial_temperature=1.0, regularization_coef=0.0, regularization_norm=3, pairwise=False, loss_genre='Logsigmoid', margin=1.0, nr_gpus=8, gpu=[0, 1, 2, 3, 4, 5, 6, 7], mix_cpu_gpu=True, valid=False, rel_part=False, async_update=None, has_edge_importance=False, cached_emb_type='KnownLocalCachedEmbedding', use_my_emb=True, cache_ratio=0.1, shuffle=False, backwardMode='CppAsyncV2', L=10, nr_background_threads=32, update_cache_use_omp=1, update_pq_use_omp=2, kForwardItersPerStep=2, backgrad_init='both', eval_filter=True, soft_rel_part=False)
|Train|: 483142
original graph:  DGLGraph(num_nodes=14951, num_edges=592213,
         ndata_schemes={}
         edata_schemes={'tid': Scheme(shape=(), dtype=torch.int64)})
Loading cached metis
WARNING [45051 sampler.py:454] Start PreSampling
WARNING [45051 sampler.py:532] Before construct renumbering_dict
WARNING [45051 sampler.py:555] PreSampling done
W20240212 09:47:54.098187 45051 IPCTensor.h:369] NewIPCTensor: cached_sampler_r0_0 [1000000]0x100000002000 7.629 MB
W20240212 09:47:54.098397 45051 IPCTensor.h:369] NewIPCTensor: cached_sampler_r0_1 [1000000]0x1000007a5000 7.629 MB
W20240212 09:47:54.098441 45051 IPCTensor.h:369] NewIPCTensor: cached_sampler_r0_2 [1000000]0x100000f48000 7.629 MB
W20240212 09:47:54.098492 45051 IPCTensor.h:369] NewIPCTensor: cached_sampler_r0_3 [1000000]0x1000016eb000 7.629 MB
W20240212 09:47:54.098527 45051 IPCTensor.h:369] NewIPCTensor: cached_sampler_r0_4 [1000000]0x100001e8e000 7.629 MB
W20240212 09:47:54.098568 45051 IPCTensor.h:369] NewIPCTensor: cached_sampler_r0_5 [1000000]0x100002631000 7.629 MB
W20240212 09:47:54.098615 45051 IPCTensor.h:369] NewIPCTensor: cached_sampler_r0_6 [1000000]0x100002dd4000 7.629 MB
W20240212 09:47:54.098670 45051 IPCTensor.h:369] NewIPCTensor: cached_sampler_r0_7 [1000000]0x100003577000 7.629 MB
W20240212 09:47:54.098707 45051 IPCTensor.h:369] NewIPCTensor: cached_sampler_r0_8 [1000000]0x100003d1a000 7.629 MB
W20240212 09:47:54.098742 45051 IPCTensor.h:369] NewIPCTensor: cached_sampler_r0_9 [1000000]0x1000044bd000 7.629 MB
W20240212 09:47:54.098788 45051 IPCTensor.h:369] NewIPCTensor: step_r0 [10]0x100004c60000 80 B 
W20240212 09:47:54.098817 45051 IPCTensor.h:369] NewIPCTensor: circle_buffer_end_r0 [1]0x100004c62000 8 B 
W20240212 09:47:54.098846 45051 IPCTensor.h:369] NewIPCTensor: circle_buffer_end_cppseen_r0 [1]0x100004c64000 8 B 
W20240212 09:47:54.098984 45051 IPCTensor.h:369] NewIPCTensor: cached_sampler_r1_0 [1000000]0x100004c66000 7.629 MB
W20240212 09:47:54.099020 45051 IPCTensor.h:369] NewIPCTensor: cached_sampler_r1_1 [1000000]0x100005409000 7.629 MB
W20240212 09:47:54.099045 45051 IPCTensor.h:369] NewIPCTensor: cached_sampler_r1_2 [1000000]0x100005bac000 7.629 MB
W20240212 09:47:54.099088 45051 IPCTensor.h:369] NewIPCTensor: cached_sampler_r1_3 [1000000]0x10000634f000 7.629 MB
W20240212 09:47:54.099123 45051 IPCTensor.h:369] NewIPCTensor: cached_sampler_r1_4 [1000000]0x100006af2000 7.629 MB
W20240212 09:47:54.099149 45051 IPCTensor.h:369] NewIPCTensor: cached_sampler_r1_5 [1000000]0x100007295000 7.629 MB
W20240212 09:47:54.099186 45051 IPCTensor.h:369] NewIPCTensor: cached_sampler_r1_6 [1000000]0x100007a38000 7.629 MB
W20240212 09:47:54.099215 45051 IPCTensor.h:369] NewIPCTensor: cached_sampler_r1_7 [1000000]0x1000081db000 7.629 MB
W20240212 09:47:54.099241 45051 IPCTensor.h:369] NewIPCTensor: cached_sampler_r1_8 [1000000]0x10000897e000 7.629 MB
W20240212 09:47:54.099270 45051 IPCTensor.h:369] NewIPCTensor: cached_sampler_r1_9 [1000000]0x100009121000 7.629 MB
W20240212 09:47:54.099296 45051 IPCTensor.h:369] NewIPCTensor: step_r1 [10]0x1000098c4000 80 B 
W20240212 09:47:54.099323 45051 IPCTensor.h:369] NewIPCTensor: circle_buffer_end_r1 [1]0x1000098c6000 8 B 
W20240212 09:47:54.099351 45051 IPCTensor.h:369] NewIPCTensor: circle_buffer_end_cppseen_r1 [1]0x1000098c8000 8 B 
W20240212 09:47:54.099411 45051 IPCTensor.h:369] NewIPCTensor: cached_sampler_r2_0 [1000000]0x1000098ca000 7.629 MB
W20240212 09:47:54.099453 45051 IPCTensor.h:369] NewIPCTensor: cached_sampler_r2_1 [1000000]0x10000a06d000 7.629 MB
W20240212 09:47:54.099483 45051 IPCTensor.h:369] NewIPCTensor: cached_sampler_r2_2 [1000000]0x10000a810000 7.629 MB
W20240212 09:47:54.099515 45051 IPCTensor.h:369] NewIPCTensor: cached_sampler_r2_3 [1000000]0x10000afb3000 7.629 MB
W20240212 09:47:54.099550 45051 IPCTensor.h:369] NewIPCTensor: cached_sampler_r2_4 [1000000]0x10000b756000 7.629 MB
W20240212 09:47:54.099584 45051 IPCTensor.h:369] NewIPCTensor: cached_sampler_r2_5 [1000000]0x10000bef9000 7.629 MB
W20240212 09:47:54.099610 45051 IPCTensor.h:369] NewIPCTensor: cached_sampler_r2_6 [1000000]0x10000c69c000 7.629 MB
W20240212 09:47:54.099648 45051 IPCTensor.h:369] NewIPCTensor: cached_sampler_r2_7 [1000000]0x10000ce3f000 7.629 MB
W20240212 09:47:54.099694 45051 IPCTensor.h:369] NewIPCTensor: cached_sampler_r2_8 [1000000]0x10000d5e2000 7.629 MB
W20240212 09:47:54.099727 45051 IPCTensor.h:369] NewIPCTensor: cached_sampler_r2_9 [1000000]0x10000dd85000 7.629 MB
W20240212 09:47:54.099753 45051 IPCTensor.h:369] NewIPCTensor: step_r2 [10]0x10000e528000 80 B 
W20240212 09:47:54.099778 45051 IPCTensor.h:369] NewIPCTensor: circle_buffer_end_r2 [1]0x10000e52a000 8 B 
W20240212 09:47:54.099799 45051 IPCTensor.h:369] NewIPCTensor: circle_buffer_end_cppseen_r2 [1]0x10000e52c000 8 B 
W20240212 09:47:54.099865 45051 IPCTensor.h:369] NewIPCTensor: cached_sampler_r3_0 [1000000]0x10000e52e000 7.629 MB
W20240212 09:47:54.099892 45051 IPCTensor.h:369] NewIPCTensor: cached_sampler_r3_1 [1000000]0x10000ecd1000 7.629 MB
W20240212 09:47:54.099936 45051 IPCTensor.h:369] NewIPCTensor: cached_sampler_r3_2 [1000000]0x10000f474000 7.629 MB
W20240212 09:47:54.099978 45051 IPCTensor.h:369] NewIPCTensor: cached_sampler_r3_3 [1000000]0x10000fc17000 7.629 MB
W20240212 09:47:54.100026 45051 IPCTensor.h:369] NewIPCTensor: cached_sampler_r3_4 [1000000]0x1000103ba000 7.629 MB
W20240212 09:47:54.100073 45051 IPCTensor.h:369] NewIPCTensor: cached_sampler_r3_5 [1000000]0x100010b5d000 7.629 MB
W20240212 09:47:54.100111 45051 IPCTensor.h:369] NewIPCTensor: cached_sampler_r3_6 [1000000]0x100011300000 7.629 MB
W20240212 09:47:54.100136 45051 IPCTensor.h:369] NewIPCTensor: cached_sampler_r3_7 [1000000]0x100011aa3000 7.629 MB
W20240212 09:47:54.100171 45051 IPCTensor.h:369] NewIPCTensor: cached_sampler_r3_8 [1000000]0x100012246000 7.629 MB
W20240212 09:47:54.100209 45051 IPCTensor.h:369] NewIPCTensor: cached_sampler_r3_9 [1000000]0x1000129e9000 7.629 MB
W20240212 09:47:54.100245 45051 IPCTensor.h:369] NewIPCTensor: step_r3 [10]0x10001318c000 80 B 
W20240212 09:47:54.100271 45051 IPCTensor.h:369] NewIPCTensor: circle_buffer_end_r3 [1]0x10001318e000 8 B 
W20240212 09:47:54.100302 45051 IPCTensor.h:369] NewIPCTensor: circle_buffer_end_cppseen_r3 [1]0x100013190000 8 B 
W20240212 09:47:54.100368 45051 IPCTensor.h:369] NewIPCTensor: cached_sampler_r4_0 [1000000]0x100013192000 7.629 MB
W20240212 09:47:54.100402 45051 IPCTensor.h:369] NewIPCTensor: cached_sampler_r4_1 [1000000]0x100013935000 7.629 MB
W20240212 09:47:54.100428 45051 IPCTensor.h:369] NewIPCTensor: cached_sampler_r4_2 [1000000]0x1000140d8000 7.629 MB
W20240212 09:47:54.100466 45051 IPCTensor.h:369] NewIPCTensor: cached_sampler_r4_3 [1000000]0x10001487b000 7.629 MB
W20240212 09:47:54.100492 45051 IPCTensor.h:369] NewIPCTensor: cached_sampler_r4_4 [1000000]0x10001501e000 7.629 MB
W20240212 09:47:54.100528 45051 IPCTensor.h:369] NewIPCTensor: cached_sampler_r4_5 [1000000]0x1000157c1000 7.629 MB
W20240212 09:47:54.100570 45051 IPCTensor.h:369] NewIPCTensor: cached_sampler_r4_6 [1000000]0x100015f64000 7.629 MB
W20240212 09:47:54.100602 45051 IPCTensor.h:369] NewIPCTensor: cached_sampler_r4_7 [1000000]0x100016707000 7.629 MB
W20240212 09:47:54.100629 45051 IPCTensor.h:369] NewIPCTensor: cached_sampler_r4_8 [1000000]0x100016eaa000 7.629 MB
W20240212 09:47:54.100665 45051 IPCTensor.h:369] NewIPCTensor: cached_sampler_r4_9 [1000000]0x10001764d000 7.629 MB
W20240212 09:47:54.100690 45051 IPCTensor.h:369] NewIPCTensor: step_r4 [10]0x100017df0000 80 B 
W20240212 09:47:54.100714 45051 IPCTensor.h:369] NewIPCTensor: circle_buffer_end_r4 [1]0x100017df2000 8 B 
W20240212 09:47:54.100740 45051 IPCTensor.h:369] NewIPCTensor: circle_buffer_end_cppseen_r4 [1]0x100017df4000 8 B 
W20240212 09:47:54.100805 45051 IPCTensor.h:369] NewIPCTensor: cached_sampler_r5_0 [1000000]0x100017df6000 7.629 MB
W20240212 09:47:54.100850 45051 IPCTensor.h:369] NewIPCTensor: cached_sampler_r5_1 [1000000]0x100018599000 7.629 MB
W20240212 09:47:54.100898 45051 IPCTensor.h:369] NewIPCTensor: cached_sampler_r5_2 [1000000]0x100018d3c000 7.629 MB
W20240212 09:47:54.100924 45051 IPCTensor.h:369] NewIPCTensor: cached_sampler_r5_3 [1000000]0x1000194df000 7.629 MB
W20240212 09:47:54.100963 45051 IPCTensor.h:369] NewIPCTensor: cached_sampler_r5_4 [1000000]0x100019c82000 7.629 MB
W20240212 09:47:54.101004 45051 IPCTensor.h:369] NewIPCTensor: cached_sampler_r5_5 [1000000]0x10001a425000 7.629 MB
W20240212 09:47:54.101042 45051 IPCTensor.h:369] NewIPCTensor: cached_sampler_r5_6 [1000000]0x10001abc8000 7.629 MB
W20240212 09:47:54.101068 45051 IPCTensor.h:369] NewIPCTensor: cached_sampler_r5_7 [1000000]0x10001b36b000 7.629 MB
W20240212 09:47:54.101119 45051 IPCTensor.h:369] NewIPCTensor: cached_sampler_r5_8 [1000000]0x10001bb0e000 7.629 MB
W20240212 09:47:54.101158 45051 IPCTensor.h:369] NewIPCTensor: cached_sampler_r5_9 [1000000]0x10001c2b1000 7.629 MB
W20240212 09:47:54.101188 45051 IPCTensor.h:369] NewIPCTensor: step_r5 [10]0x10001ca54000 80 B 
W20240212 09:47:54.101209 45051 IPCTensor.h:369] NewIPCTensor: circle_buffer_end_r5 [1]0x10001ca56000 8 B 
W20240212 09:47:54.101240 45051 IPCTensor.h:369] NewIPCTensor: circle_buffer_end_cppseen_r5 [1]0x10001ca58000 8 B 
W20240212 09:47:54.101290 45051 IPCTensor.h:369] NewIPCTensor: cached_sampler_r6_0 [1000000]0x10001ca5a000 7.629 MB
W20240212 09:47:54.101320 45051 IPCTensor.h:369] NewIPCTensor: cached_sampler_r6_1 [1000000]0x10001d1fd000 7.629 MB
W20240212 09:47:54.101346 45051 IPCTensor.h:369] NewIPCTensor: cached_sampler_r6_2 [1000000]0x10001d9a0000 7.629 MB
W20240212 09:47:54.101373 45051 IPCTensor.h:369] NewIPCTensor: cached_sampler_r6_3 [1000000]0x10001e143000 7.629 MB
W20240212 09:47:54.101405 45051 IPCTensor.h:369] NewIPCTensor: cached_sampler_r6_4 [1000000]0x10001e8e6000 7.629 MB
W20240212 09:47:54.101431 45051 IPCTensor.h:369] NewIPCTensor: cached_sampler_r6_5 [1000000]0x10001f089000 7.629 MB
W20240212 09:47:54.101459 45051 IPCTensor.h:369] NewIPCTensor: cached_sampler_r6_6 [1000000]0x10001f82c000 7.629 MB
W20240212 09:47:54.101493 45051 IPCTensor.h:369] NewIPCTensor: cached_sampler_r6_7 [1000000]0x10001ffcf000 7.629 MB
W20240212 09:47:54.101526 45051 IPCTensor.h:369] NewIPCTensor: cached_sampler_r6_8 [1000000]0x100020772000 7.629 MB
W20240212 09:47:54.101552 45051 IPCTensor.h:369] NewIPCTensor: cached_sampler_r6_9 [1000000]0x100020f15000 7.629 MB
W20240212 09:47:54.101589 45051 IPCTensor.h:369] NewIPCTensor: step_r6 [10]0x1000216b8000 80 B 
W20240212 09:47:54.101612 45051 IPCTensor.h:369] NewIPCTensor: circle_buffer_end_r6 [1]0x1000216ba000 8 B 
W20240212 09:47:54.101632 45051 IPCTensor.h:369] NewIPCTensor: circle_buffer_end_cppseen_r6 [1]0x1000216bc000 8 B 
W20240212 09:47:54.101681 45051 IPCTensor.h:369] NewIPCTensor: cached_sampler_r7_0 [1000000]0x1000216be000 7.629 MB
W20240212 09:47:54.101718 45051 IPCTensor.h:369] NewIPCTensor: cached_sampler_r7_1 [1000000]0x100021e61000 7.629 MB
W20240212 09:47:54.101748 45051 IPCTensor.h:369] NewIPCTensor: cached_sampler_r7_2 [1000000]0x100022604000 7.629 MB
W20240212 09:47:54.101780 45051 IPCTensor.h:369] NewIPCTensor: cached_sampler_r7_3 [1000000]0x100022da7000 7.629 MB
W20240212 09:47:54.101805 45051 IPCTensor.h:369] NewIPCTensor: cached_sampler_r7_4 [1000000]0x10002354a000 7.629 MB
W20240212 09:47:54.101851 45051 IPCTensor.h:369] NewIPCTensor: cached_sampler_r7_5 [1000000]0x100023ced000 7.629 MB
W20240212 09:47:54.101886 45051 IPCTensor.h:369] NewIPCTensor: cached_sampler_r7_6 [1000000]0x100024490000 7.629 MB
W20240212 09:47:54.101910 45051 IPCTensor.h:369] NewIPCTensor: cached_sampler_r7_7 [1000000]0x100024c33000 7.629 MB
W20240212 09:47:54.101936 45051 IPCTensor.h:369] NewIPCTensor: cached_sampler_r7_8 [1000000]0x1000253d6000 7.629 MB
W20240212 09:47:54.101970 45051 IPCTensor.h:369] NewIPCTensor: cached_sampler_r7_9 [1000000]0x100025b79000 7.629 MB
W20240212 09:47:54.101995 45051 IPCTensor.h:369] NewIPCTensor: step_r7 [10]0x10002631c000 80 B 
W20240212 09:47:54.102020 45051 IPCTensor.h:369] NewIPCTensor: circle_buffer_end_r7 [1]0x10002631e000 8 B 
W20240212 09:47:54.102041 45051 IPCTensor.h:369] NewIPCTensor: circle_buffer_end_cppseen_r7 [1]0x100026320000 8 B 
W20240212 09:47:54.379204 45051 IPCTensor.h:369] NewIPCTensor: full_emb [14951, 400]0x100026322000 22.81 MB
W20240212 09:47:54.472599 45051 IPCTensor.h:369] NewIPCTensor: full_emb_SparseRowWiseAdaGrad_sum [14951]0x1000279f4000 58.4 kB
{0: Graph(num_nodes=8499, num_edges=86694,
      ndata_schemes={'_ID': Scheme(shape=(), dtype=torch.int64), 'inner_node': Scheme(shape=(), dtype=torch.int32), 'part_id': Scheme(shape=(), dtype=torch.int64)}
      edata_schemes={'_ID': Scheme(shape=(), dtype=torch.int64), 'inner_edge': Scheme(shape=(), dtype=torch.int8)}), 1: Graph(num_nodes=6140, num_edges=88951,
      ndata_schemes={'_ID': Scheme(shape=(), dtype=torch.int64), 'inner_node': Scheme(shape=(), dtype=torch.int32), 'part_id': Scheme(shape=(), dtype=torch.int64)}
      edata_schemes={'_ID': Scheme(shape=(), dtype=torch.int64), 'inner_edge': Scheme(shape=(), dtype=torch.int8)}), 2: Graph(num_nodes=8646, num_edges=109741,
      ndata_schemes={'_ID': Scheme(shape=(), dtype=torch.int64), 'inner_node': Scheme(shape=(), dtype=torch.int32), 'part_id': Scheme(shape=(), dtype=torch.int64)}
      edata_schemes={'_ID': Scheme(shape=(), dtype=torch.int64), 'inner_edge': Scheme(shape=(), dtype=torch.int8)}), 3: Graph(num_nodes=8503, num_edges=86907,
      ndata_schemes={'_ID': Scheme(shape=(), dtype=torch.int64), 'inner_node': Scheme(shape=(), dtype=torch.int32), 'part_id': Scheme(shape=(), dtype=torch.int64)}
      edata_schemes={'_ID': Scheme(shape=(), dtype=torch.int64), 'inner_edge': Scheme(shape=(), dtype=torch.int8)}), 4: Graph(num_nodes=10597, num_edges=122217,
      ndata_schemes={'_ID': Scheme(shape=(), dtype=torch.int64), 'inner_node': Scheme(shape=(), dtype=torch.int32), 'part_id': Scheme(shape=(), dtype=torch.int64)}
      edata_schemes={'_ID': Scheme(shape=(), dtype=torch.int64), 'inner_edge': Scheme(shape=(), dtype=torch.int8)}), 5: Graph(num_nodes=8255, num_edges=102550,
      ndata_schemes={'_ID': Scheme(shape=(), dtype=torch.int64), 'inner_node': Scheme(shape=(), dtype=torch.int32), 'part_id': Scheme(shape=(), dtype=torch.int64)}
      edata_schemes={'_ID': Scheme(shape=(), dtype=torch.int64), 'inner_edge': Scheme(shape=(), dtype=torch.int8)}), 6: Graph(num_nodes=7422, num_edges=104094,
      ndata_schemes={'_ID': Scheme(shape=(), dtype=torch.int64), 'inner_node': Scheme(shape=(), dtype=torch.int32), 'part_id': Scheme(shape=(), dtype=torch.int64)}
      edata_schemes={'_ID': Scheme(shape=(), dtype=torch.int64), 'inner_edge': Scheme(shape=(), dtype=torch.int8)}), 7: Graph(num_nodes=7815, num_edges=137832,
      ndata_schemes={'_ID': Scheme(shape=(), dtype=torch.int64), 'inner_node': Scheme(shape=(), dtype=torch.int32), 'part_id': Scheme(shape=(), dtype=torch.int64)}
      edata_schemes={'_ID': Scheme(shape=(), dtype=torch.int64), 'inner_edge': Scheme(shape=(), dtype=torch.int8)})}
MertisPartition: part 0 has 8499 N 86694 E
MertisPartition: part 1 has 6140 N 88951 E
MertisPartition: part 2 has 8646 N 109741 E
MertisPartition: part 3 has 8503 N 86907 E
MertisPartition: part 4 has 10597 N 122217 E
MertisPartition: part 5 has 8255 N 102550 E
MertisPartition: part 6 has 7422 N 104094 E
MertisPartition: part 7 has 7815 N 137832 E
Rank0: cached key size 186
Rank1: cached key size 186
Rank2: cached key size 186
Rank3: cached key size 186
Rank4: cached key size 186
Rank5: cached key size 186
Rank6: cached key size 186
Rank7: cached key size 186
Before renumbering graph:  {'_ID': tensor([    0,    15,    36,  ..., 11946,  9147, 13282]), 'inner_node': tensor([1, 1, 1,  ..., 0, 0, 0], dtype=torch.int32), 'part_id': tensor([0, 0, 0,  ..., 6, 3, 7])}
After renumbering graph:  {'_ID': tensor([ 1489,  1919,  2473,  ...,  7537, 11018,  7333]), 'inner_node': tensor([1, 1, 1,  ..., 0, 0, 0], dtype=torch.int32), 'part_id': tensor([0, 0, 0,  ..., 6, 3, 7])}
part_g: DGLGraph(num_nodes=8499, num_edges=86694,
         ndata_schemes={'_ID': Scheme(shape=(), dtype=torch.int64)}
         edata_schemes={'tid': Scheme(shape=(), dtype=torch.int64)})
part_g: DGLGraph(num_nodes=8499, num_edges=86694,
         ndata_schemes={'_ID': Scheme(shape=(), dtype=torch.int64)}
         edata_schemes={'tid': Scheme(shape=(), dtype=torch.int64)})
Total initialize time 6.147 seconds
[Rank1] pid = 47470
[Rank2] pid = 47522
[Rank3] pid = 47598
[Rank4] pid = 47662
[Rank5] pid = 47715
[Rank6] pid = 47785
INFO [45051 distributed_c10d.py:442] Added key: store_based_barrier_key:1 to store for rank: 0
INFO [47470 distributed_c10d.py:442] Added key: store_based_barrier_key:1 to store for rank: 1
INFO [47522 distributed_c10d.py:442] Added key: store_based_barrier_key:1 to store for rank: 2
INFO [47598 distributed_c10d.py:442] Added key: store_based_barrier_key:1 to store for rank: 3
INFO [47662 distributed_c10d.py:442] Added key: store_based_barrier_key:1 to store for rank: 4
INFO [47715 distributed_c10d.py:442] Added key: store_based_barrier_key:1 to store for rank: 5
INFO [47785 distributed_c10d.py:442] Added key: store_based_barrier_key:1 to store for rank: 6
INFO [47794 distributed_c10d.py:442] Added key: store_based_barrier_key:1 to store for rank: 7
INFO [47598 distributed_c10d.py:476] Rank 3: Completed store-based barrier for key:store_based_barrier_key:1 with 8 nodes.
INFO [47785 distributed_c10d.py:476] Rank 6: Completed store-based barrier for key:store_based_barrier_key:1 with 8 nodes.
INFO [47662 distributed_c10d.py:476] Rank 4: Completed store-based barrier for key:store_based_barrier_key:1 with 8 nodes.
INFO [47794 distributed_c10d.py:476] Rank 7: Completed store-based barrier for key:store_based_barrier_key:1 with 8 nodes.
INFO [47715 distributed_c10d.py:476] Rank 5: Completed store-based barrier for key:store_based_barrier_key:1 with 8 nodes.
INFO [47522 distributed_c10d.py:476] Rank 2: Completed store-based barrier for key:store_based_barrier_key:1 with 8 nodes.
INFO [45051 distributed_c10d.py:476] Rank 0: Completed store-based barrier for key:store_based_barrier_key:1 with 8 nodes.
INFO [47470 distributed_c10d.py:476] Rank 1: Completed store-based barrier for key:store_based_barrier_key:1 with 8 nodes.
W20240212 09:47:56.231746 47727 IPCTensor.h:409] NewIPCGPUTensor: embedding_cache_5 [1495, 400]; dev=5; size=2.281 MB
W20240212 09:47:56.231779 47797 IPCTensor.h:409] NewIPCGPUTensor: embedding_cache_6 [1495, 400]; dev=6; size=2.281 MB
W20240212 09:47:56.231784 47599 IPCTensor.h:409] NewIPCGPUTensor: embedding_cache_3 [1495, 400]; dev=3; size=2.281 MB
W20240212 09:47:56.231784 47663 IPCTensor.h:409] NewIPCGPUTensor: embedding_cache_4 [1495, 400]; dev=4; size=2.281 MB
W20240212 09:47:56.232147 47805 IPCTensor.h:409] NewIPCGPUTensor: embedding_cache_0 [1495, 400]; dev=0; size=2.281 MB
W20240212 09:47:56.232245 47862 IPCTensor.h:409] NewIPCGPUTensor: embedding_cache_7 [1495, 400]; dev=7; size=2.281 MB
W20240212 09:47:56.233374 47535 IPCTensor.h:409] NewIPCGPUTensor: embedding_cache_2 [1495, 400]; dev=2; size=2.281 MB
W20240212 09:47:56.234421 47471 IPCTensor.h:409] NewIPCGPUTensor: embedding_cache_1 [1495, 400]; dev=1; size=2.281 MB
W20240212 09:47:56.259184 47797 IPCTensor.h:369] NewIPCTensor: input_keys_6 [1000000]0x100027a06000 7.629 MB
W20240212 09:47:56.259392 47797 IPCTensor.h:369] NewIPCTensor: input_keys_neg_6 [1000000]0x1000281a9000 7.629 MB
W20240212 09:47:56.259464 47797 IPCTensor.h:369] NewIPCTensor: backward_grads_6 [1000000, 400]0x10002894c000 1.49 GB
W20240212 09:47:56.259512 47797 IPCTensor.h:369] NewIPCTensor: backward_grads_neg_6 [1000000, 400]0x100087f2f000 1.49 GB
W20240212 09:47:56.259560 47797 IPCTensor.h:409] NewIPCGPUTensor: backward_grads_6_gpu [1000000, 400]; dev=6; size=1.49 GB
W20240212 09:47:56.261984 47797 IPCTensor.h:409] NewIPCGPUTensor: backward_grads_neg_6_gpu [1000000, 400]; dev=6; size=1.49 GB
W20240212 09:47:56.262137 47663 IPCTensor.h:369] NewIPCTensor: input_keys_4 [1000000]0x1000e7cbd000 7.629 MB
W20240212 09:47:56.262133 47727 IPCTensor.h:369] NewIPCTensor: input_keys_5 [1000000]0x1000e751a000 7.629 MB
W20240212 09:47:56.262143 47599 IPCTensor.h:369] NewIPCTensor: input_keys_3 [1000000]0x1000e8460000 7.629 MB
W20240212 09:47:56.262303 47663 IPCTensor.h:369] NewIPCTensor: input_keys_neg_4 [1000000]0x1000e8c03000 7.629 MB
W20240212 09:47:56.262321 47599 IPCTensor.h:369] NewIPCTensor: input_keys_neg_3 [1000000]0x1000e93a6000 7.629 MB
W20240212 09:47:56.262333 47727 IPCTensor.h:369] NewIPCTensor: input_keys_neg_5 [1000000]0x1000e9b49000 7.629 MB
W20240212 09:47:56.262408 47663 IPCTensor.h:369] NewIPCTensor: backward_grads_4 [1000000, 400]0x1000ea2ec000 1.49 GB
W20240212 09:47:56.262423 47599 IPCTensor.h:369] NewIPCTensor: backward_grads_3 [1000000, 400]0x1001498cf000 1.49 GB
W20240212 09:47:56.262431 47727 IPCTensor.h:369] NewIPCTensor: backward_grads_5 [1000000, 400]0x1001a8eb2000 1.49 GB
W20240212 09:47:56.262480 47663 IPCTensor.h:369] NewIPCTensor: backward_grads_neg_4 [1000000, 400]0x100208495000 1.49 GB
W20240212 09:47:56.262497 47599 IPCTensor.h:369] NewIPCTensor: backward_grads_neg_3 [1000000, 400]0x100267a78000 1.49 GB
W20240212 09:47:56.262516 47727 IPCTensor.h:369] NewIPCTensor: backward_grads_neg_5 [1000000, 400]0x1002c705b000 1.49 GB
W20240212 09:47:56.262555 47663 IPCTensor.h:409] NewIPCGPUTensor: backward_grads_4_gpu [1000000, 400]; dev=4; size=1.49 GB
W20240212 09:47:56.262562 47599 IPCTensor.h:409] NewIPCGPUTensor: backward_grads_3_gpu [1000000, 400]; dev=3; size=1.49 GB
W20240212 09:47:56.262574 47727 IPCTensor.h:409] NewIPCGPUTensor: backward_grads_5_gpu [1000000, 400]; dev=5; size=1.49 GB
W20240212 09:47:56.270118 47663 IPCTensor.h:409] NewIPCGPUTensor: backward_grads_neg_4_gpu [1000000, 400]; dev=4; size=1.49 GB
W20240212 09:47:56.270151 47727 IPCTensor.h:409] NewIPCGPUTensor: backward_grads_neg_5_gpu [1000000, 400]; dev=5; size=1.49 GB
W20240212 09:47:56.270167 47599 IPCTensor.h:409] NewIPCGPUTensor: backward_grads_neg_3_gpu [1000000, 400]; dev=3; size=1.49 GB
W20240212 09:47:56.270224 47805 IPCTensor.h:369] NewIPCTensor: input_keys_0 [1000000]0x10032664e000 7.629 MB
W20240212 09:47:56.270282 47535 IPCTensor.h:369] NewIPCTensor: input_keys_2 [1000000]0x100326df1000 7.629 MB
W20240212 09:47:56.270354 47805 IPCTensor.h:369] NewIPCTensor: input_keys_neg_0 [1000000]0x100327594000 7.629 MB
W20240212 09:47:56.270408 47805 IPCTensor.h:369] NewIPCTensor: backward_grads_0 [1000000, 400]0x100327d37000 1.49 GB
W20240212 09:47:56.270422 47535 IPCTensor.h:369] NewIPCTensor: input_keys_neg_2 [1000000]0x10038731a000 7.629 MB
W20240212 09:47:56.270460 47805 IPCTensor.h:369] NewIPCTensor: backward_grads_neg_0 [1000000, 400]0x100388a03000 1.49 GB
W20240212 09:47:56.270457 47471 IPCTensor.h:369] NewIPCTensor: input_keys_1 [1000000]0x100387abd000 7.629 MB
W20240212 09:47:56.270459 47862 IPCTensor.h:369] NewIPCTensor: input_keys_7 [1000000]0x100388260000 7.629 MB
W20240212 09:47:56.270514 47805 IPCTensor.h:409] NewIPCGPUTensor: backward_grads_0_gpu [1000000, 400]; dev=0; size=1.49 GB
W20240212 09:47:56.270526 47535 IPCTensor.h:369] NewIPCTensor: backward_grads_2 [1000000, 400]0x1003e7fe6000 1.49 GB
W20240212 09:47:56.270579 47535 IPCTensor.h:369] NewIPCTensor: backward_grads_neg_2 [1000000, 400]0x1004475c9000 1.49 GB
W20240212 09:47:56.270627 47535 IPCTensor.h:409] NewIPCGPUTensor: backward_grads_2_gpu [1000000, 400]; dev=2; size=1.49 GB
W20240212 09:47:56.270669 47862 IPCTensor.h:369] NewIPCTensor: input_keys_neg_7 [1000000]0x1004a6bac000 7.629 MB
W20240212 09:47:56.270675 47471 IPCTensor.h:369] NewIPCTensor: input_keys_neg_1 [1000000]0x1004a734f000 7.629 MB
W20240212 09:47:56.270781 47471 IPCTensor.h:369] NewIPCTensor: backward_grads_1 [1000000, 400]0x1004a7af2000 1.49 GB
W20240212 09:47:56.270788 47862 IPCTensor.h:369] NewIPCTensor: backward_grads_7 [1000000, 400]0x1005070d5000 1.49 GB
W20240212 09:47:56.270841 47471 IPCTensor.h:369] NewIPCTensor: backward_grads_neg_1 [1000000, 400]0x1005666b8000 1.49 GB
W20240212 09:47:56.270859 47862 IPCTensor.h:369] NewIPCTensor: backward_grads_neg_7 [1000000, 400]0x1005c5c9b000 1.49 GB
W20240212 09:47:56.270910 47471 IPCTensor.h:409] NewIPCGPUTensor: backward_grads_1_gpu [1000000, 400]; dev=1; size=1.49 GB
W20240212 09:47:56.270917 47862 IPCTensor.h:409] NewIPCGPUTensor: backward_grads_7_gpu [1000000, 400]; dev=7; size=1.49 GB
W20240212 09:47:56.282743 47805 IPCTensor.h:409] NewIPCGPUTensor: backward_grads_neg_0_gpu [1000000, 400]; dev=0; size=1.49 GB
W20240212 09:47:56.282781 47535 IPCTensor.h:409] NewIPCGPUTensor: backward_grads_neg_2_gpu [1000000, 400]; dev=2; size=1.49 GB
W20240212 09:47:56.284409 47862 IPCTensor.h:409] NewIPCGPUTensor: backward_grads_neg_7_gpu [1000000, 400]; dev=7; size=1.49 GB
W20240212 09:47:56.284408 47471 IPCTensor.h:409] NewIPCGPUTensor: backward_grads_neg_1_gpu [1000000, 400]; dev=1; size=1.49 GB
cudaHostRegister 0x100026322000
3: KnownLocalCachedEmbedding init done
cudaHostRegister 0x100026322000
2: KnownLocalCachedEmbedding init done
WARNING [47598 DistTensor.py:59] The tensor name already exists in the kvstore
WARNING [47522 DistTensor.py:59] The tensor name already exists in the kvstore
cudaHostRegister 0x100026322000
1: KnownLocalCachedEmbedding init done
WARNING [47470 DistTensor.py:59] The tensor name already exists in the kvstore
cudaHostRegister 0x100026322000
5: KnownLocalCachedEmbedding init done
cudaHostRegister 0x100026322000
4: KnownLocalCachedEmbedding init done
WARNING [47715 DistTensor.py:59] The tensor name already exists in the kvstore
WARNING [47662 DistTensor.py:59] The tensor name already exists in the kvstore
cudaHostRegister 0x100026322000
6: KnownLocalCachedEmbedding init done
cudaHostRegister 0x100026322000
7: KnownLocalCachedEmbedding init done
WARNING [47785 DistTensor.py:59] The tensor name already exists in the kvstore
WARNING [47794 DistTensor.py:59] The tensor name already exists in the kvstore
[Rank7] pid = 47794
New CachedEmbedding, name=full_emb, shape=(14951, 400), cache_type=KnownLocalCachedEmbedding
fixed cache_range is [(0, 1495), (1495, 2990), (2990, 4485), (4485, 5980), (5980, 7475), (7475, 8970), (8970, 10465), (10465, 11960)]
cudaHostRegister 0x100026322000
0: KnownLocalCachedEmbedding init done
WARNING [45051 DistTensor.py:59] The tensor name already exists in the kvstore
I20240212 09:47:58.466920 47805 IPC_barrier.h:118] CreateBarrier: new barrier, name: kgcachecontroller, count: 8
I20240212 09:47:58.467170 47727 IPC_barrier.h:112] CreateBarrier: find existing barrier, name: kgcachecontroller, count: 8
I20240212 09:47:58.467291 47471 IPC_barrier.h:112] CreateBarrier: find existing barrier, name: kgcachecontroller, count: 8
I20240212 09:47:58.467429 47663 IPC_barrier.h:112] CreateBarrier: find existing barrier, name: kgcachecontroller, count: 8
I20240212 09:47:58.467553 47535 IPC_barrier.h:112] CreateBarrier: find existing barrier, name: kgcachecontroller, count: 8
I20240212 09:47:58.467669 47599 IPC_barrier.h:112] CreateBarrier: find existing barrier, name: kgcachecontroller, count: 8
I20240212 09:47:58.467792 47862 IPC_barrier.h:112] CreateBarrier: find existing barrier, name: kgcachecontroller, count: 8
I20240212 09:47:58.467917 47797 IPC_barrier.h:112] CreateBarrier: find existing barrier, name: kgcachecontroller, count: 8
W20240212 09:47:58.470376 47805 grad_base.h:55] KGCacheController, config={
        "num_gpus": 8,
        "L": 10,
        "backgrad_init": "both", 
        "kForwardItersPerStep": 2,
        "clr": 0.01,
        "nr_background_threads": 32,
        "backwardMode": "CppAsyncV2",
        "cache_ratio": 0.1,
        "update_cache_use_omp":  1,
        "update_pq_use_omp":  2
        }
W20240212 09:47:58.470542 47805 grad_base.h:184] Init GradProcessingBase done
I20240212 09:47:58.474880 47805 grad_async_v2.h:42] Use main thread to update emb.
W20240212 09:47:58.475090 47805 kg_controller.h:78] after init GradAsyncProcessingV2
I20240212 09:47:58.475102 47805 kg_controller.h:84] Construct KGCacheController done
E20240212 09:47:59.261495 47663 recstore.cc:66] init folly done
E20240212 09:47:59.263641 47471 recstore.cc:66] init folly done
E20240212 09:47:59.263798 47862 recstore.cc:66] init folly done
E20240212 09:47:59.263823 47535 recstore.cc:66] init folly done
E20240212 09:47:59.263852 47805 recstore.cc:66] init folly done
E20240212 09:47:59.263864 47599 recstore.cc:66] init folly done
E20240212 09:47:59.263926 47727 recstore.cc:66] init folly done
E20240212 09:47:59.264035 47797 recstore.cc:66] init folly done
I20240212 09:47:59.265203 47805 grad_base.h:60] GraphEnv RegTensorsPerProcess
W20240212 09:48:00.071914 49061 grad_async_v2.h:137] Detect new sample comes, old_end0, new_end1
E20240212 09:48:00.072414 49061 parallel_pq_v2.h:79] insert failed, size(hashtable)=0
I20240212 09:48:00.103880 47805 IPC_barrier.h:118] CreateBarrier: new barrier, name: start_barrier, count: 8
I20240212 09:48:00.112947 47862 IPC_barrier.h:112] CreateBarrier: find existing barrier, name: start_barrier, count: 8
I20240212 09:48:00.117892 47535 IPC_barrier.h:112] CreateBarrier: find existing barrier, name: start_barrier, count: 8
I20240212 09:48:00.118311 47471 IPC_barrier.h:112] CreateBarrier: find existing barrier, name: start_barrier, count: 8
I20240212 09:48:00.120131 47599 IPC_barrier.h:112] CreateBarrier: find existing barrier, name: start_barrier, count: 8
I20240212 09:48:00.125658 47797 IPC_barrier.h:112] CreateBarrier: find existing barrier, name: start_barrier, count: 8
I20240212 09:48:00.125850 47663 IPC_barrier.h:112] CreateBarrier: find existing barrier, name: start_barrier, count: 8
I20240212 09:48:00.128450 47727 IPC_barrier.h:112] CreateBarrier: find existing barrier, name: start_barrier, count: 8
E20240212 09:48:02.326833 49393 parallel_pq_v2.h:79] insert failed, size(hashtable)=0
+---------------------------+---------------------------+---------------------------+
| Name                      | P50                       | P99                       |
+---------------------------+---------------------------+---------------------------+
| GenInput                  | 1.059 ms                  | 1.059 ms                  |
| Forward                   | 648.087 ms                | 648.087 ms                |
| Backward                  | 193.303 ms                | 193.303 ms                |
| Optimize                  | 4.046 ms                  | 4.046 ms                  |
| BarrierTimeBeforeRank0    | 49.428 ms                 | 49.428 ms                 |
+---------------------------+---------------------------+---------------------------+
+---------------------------+---------------------------+---------------------------+
| Name                      | P50                       | P99                       |
+---------------------------+---------------------------+---------------------------+
| clean                     | 120.736 us                | 2.087 ms                  |
| ProcessBack:Shuffle       | 283.441 ms                | 323.857 ms                |
| ProcessBack:UpdateCache   | 724.798 ms                | 725.313 ms                |
+---------------------------+---------------------------+---------------------------+
+---------------------------+---------------------------+---------------------------+
| Name                      | P50                       | P99                       |
+---------------------------+---------------------------+---------------------------+
| GenInput                  | 1.059 ms                  | 1.059 ms                  |
| Forward                   | 648.087 ms                | 648.087 ms                |
| Backward                  | 193.303 ms                | 193.303 ms                |
| Optimize                  | 4.046 ms                  | 4.046 ms                  |
| BarrierTimeBeforeRank0    | 49.428 ms                 | 49.428 ms                 |
+---------------------------+---------------------------+---------------------------+
+---------------------------+---------------------------+---------------------------+
| Name                      | P50                       | P99                       |
+---------------------------+---------------------------+---------------------------+
| clean                     | 120.736 us                | 2.087 ms                  |
| ProcessBack:Shuffle       | 283.441 ms                | 323.857 ms                |
| ProcessBack:UpdateCache   | 724.798 ms                | 725.313 ms                |
+---------------------------+---------------------------+---------------------------+
+---------------------------+---------------------------+---------------------------+
| Name                      | P50                       | P99                       |
+---------------------------+---------------------------+---------------------------+
| GenInput                  | 1.059 ms                  | 1.059 ms                  |
| Forward                   | 648.087 ms                | 648.087 ms                |
| Backward                  | 193.303 ms                | 193.303 ms                |
| Optimize                  | 4.046 ms                  | 4.046 ms                  |
| BarrierTimeBeforeRank0    | 49.428 ms                 | 49.428 ms                 |
+---------------------------+---------------------------+---------------------------+
+---------------------------+---------------------------+---------------------------+
| Name                      | P50                       | P99                       |
+---------------------------+---------------------------+---------------------------+
| clean                     | 120.736 us                | 2.087 ms                  |
| ProcessBack:Shuffle       | 283.441 ms                | 323.857 ms                |
| ProcessBack:UpdateCache   | 724.798 ms                | 725.313 ms                |
+---------------------------+---------------------------+---------------------------+
+---------------------------+---------------------------+---------------------------+
| Name                      | P50                       | P99                       |
+---------------------------+---------------------------+---------------------------+
| GenInput                  | 1.059 ms                  | 1.059 ms                  |
| Forward                   | 648.087 ms                | 648.087 ms                |
| Backward                  | 193.303 ms                | 193.303 ms                |
| Optimize                  | 4.046 ms                  | 4.046 ms                  |
| BarrierTimeBeforeRank0    | 49.428 ms                 | 49.428 ms                 |
+---------------------------+---------------------------+---------------------------+
+---------------------------+---------------------------+---------------------------+
| Name                      | P50                       | P99                       |
+---------------------------+---------------------------+---------------------------+
| clean                     | 120.736 us                | 2.087 ms                  |
| ProcessBack:Shuffle       | 283.441 ms                | 323.857 ms                |
| ProcessBack:UpdateCache   | 724.798 ms                | 725.313 ms                |
+---------------------------+---------------------------+---------------------------+
+---------------------------+---------------------------+---------------------------+
| Name                      | P50                       | P99                       |
+---------------------------+---------------------------+---------------------------+
| GenInput                  | 1.059 ms                  | 1.059 ms                  |
| Forward                   | 648.087 ms                | 648.087 ms                |
| Backward                  | 193.303 ms                | 193.303 ms                |
| Optimize                  | 4.046 ms                  | 4.046 ms                  |
| BarrierTimeBeforeRank0    | 49.428 ms                 | 49.428 ms                 |
+---------------------------+---------------------------+---------------------------+
+---------------------------+---------------------------+---------------------------+
| Name                      | P50                       | P99                       |
+---------------------------+---------------------------+---------------------------+
| clean                     | 120.736 us                | 2.087 ms                  |
| ProcessBack:Shuffle       | 283.441 ms                | 323.857 ms                |
| ProcessBack:UpdateCache   | 724.798 ms                | 725.313 ms                |
+---------------------------+---------------------------+---------------------------+
+---------------------------+---------------------------+---------------------------+
| Name                      | P50                       | P99                       |
+---------------------------+---------------------------+---------------------------+
| GenInput                  | 1.059 ms                  | 1.059 ms                  |
| Forward                   | 648.087 ms                | 648.087 ms                |
| Backward                  | 193.303 ms                | 193.303 ms                |
| Optimize                  | 4.046 ms                  | 4.046 ms                  |
| BarrierTimeBeforeRank0    | 49.428 ms                 | 49.428 ms                 |
+---------------------------+---------------------------+---------------------------+
+---------------------------+---------------------------+---------------------------+
| Name                      | P50                       | P99                       |
+---------------------------+---------------------------+---------------------------+
| clean                     | 120.736 us                | 2.087 ms                  |
| ProcessBack:Shuffle       | 283.441 ms                | 323.857 ms                |
| ProcessBack:UpdateCache   | 724.798 ms                | 725.313 ms                |
+---------------------------+---------------------------+---------------------------+
+---------------------------+---------------------------+---------------------------+
| Name                      | P50                       | P99                       |
+---------------------------+---------------------------+---------------------------+
| GenInput                  | 1.059 ms                  | 1.059 ms                  |
| Forward                   | 648.087 ms                | 648.087 ms                |
| Backward                  | 193.303 ms                | 193.303 ms                |
| Optimize                  | 4.046 ms                  | 4.046 ms                  |
| BarrierTimeBeforeRank0    | 49.428 ms                 | 49.428 ms                 |
+---------------------------+---------------------------+---------------------------+
+---------------------------+---------------------------+---------------------------+
| Name                      | P50                       | P99                       |
+---------------------------+---------------------------+---------------------------+
| clean                     | 120.736 us                | 2.087 ms                  |
| ProcessBack:Shuffle       | 283.441 ms                | 323.857 ms                |
| ProcessBack:UpdateCache   | 724.798 ms                | 725.313 ms                |
+---------------------------+---------------------------+---------------------------+
+---------------------------+---------------------------+---------------------------+
| Name                      | P50                       | P99                       |
+---------------------------+---------------------------+---------------------------+
| GenInput                  | 1.059 ms                  | 1.059 ms                  |
| Forward                   | 648.087 ms                | 648.087 ms                |
| Backward                  | 193.303 ms                | 193.303 ms                |
| Optimize                  | 4.046 ms                  | 4.046 ms                  |
| BarrierTimeBeforeRank0    | 49.428 ms                 | 49.428 ms                 |
+---------------------------+---------------------------+---------------------------+
+---------------------------+---------------------------+---------------------------+
| Name                      | P50                       | P99                       |
+---------------------------+---------------------------+---------------------------+
| clean                     | 120.736 us                | 2.087 ms                  |
| ProcessBack:Shuffle       | 283.441 ms                | 323.857 ms                |
| ProcessBack:UpdateCache   | 724.798 ms                | 725.313 ms                |
+---------------------------+---------------------------+---------------------------+
+---------------------------+---------------------------+---------------------------+
| Name                      | P50                       | P99                       |
+---------------------------+---------------------------+---------------------------+
| GenInput                  | 1.059 ms                  | 1.059 ms                  |
| Forward                   | 648.087 ms                | 648.087 ms                |
| Backward                  | 193.303 ms                | 193.303 ms                |
| Optimize                  | 4.046 ms                  | 4.046 ms                  |
| BarrierTimeBeforeRank0    | 49.428 ms                 | 49.428 ms                 |
+---------------------------+---------------------------+---------------------------+
+---------------------------+---------------------------+---------------------------+
| Name                      | P50                       | P99                       |
+---------------------------+---------------------------+---------------------------+
| clean                     | 120.736 us                | 2.087 ms                  |
| ProcessBack:Shuffle       | 283.441 ms                | 323.857 ms                |
| ProcessBack:UpdateCache   | 724.798 ms                | 725.313 ms                |
+---------------------------+---------------------------+---------------------------+
+---------------------------+---------------------------+---------------------------+
| Name                      | P50                       | P99                       |
+---------------------------+---------------------------+---------------------------+
| GenInput                  | 1.059 ms                  | 1.059 ms                  |
| Forward                   | 648.087 ms                | 648.087 ms                |
| Backward                  | 193.303 ms                | 193.303 ms                |
| Optimize                  | 4.046 ms                  | 4.046 ms                  |
| BarrierTimeBeforeRank0    | 49.428 ms                 | 49.428 ms                 |
+---------------------------+---------------------------+---------------------------+
+---------------------------+---------------------------+---------------------------+
| Name                      | P50                       | P99                       |
+---------------------------+---------------------------+---------------------------+
| clean                     | 120.736 us                | 2.087 ms                  |
| ProcessBack:Shuffle       | 283.441 ms                | 323.857 ms                |
| ProcessBack:UpdateCache   | 724.798 ms                | 725.313 ms                |
+---------------------------+---------------------------+---------------------------+
+---------------------------+---------------------------+---------------------------+
| Name                      | P50                       | P99                       |
+---------------------------+---------------------------+---------------------------+
| GenInput                  | 1.059 ms                  | 1.059 ms                  |
| Forward                   | 648.087 ms                | 648.087 ms                |
| Backward                  | 193.303 ms                | 193.303 ms                |
| Optimize                  | 4.046 ms                  | 4.046 ms                  |
| BarrierTimeBeforeRank0    | 49.428 ms                 | 49.428 ms                 |
+---------------------------+---------------------------+---------------------------+
+---------------------------+---------------------------+---------------------------+
| Name                      | P50                       | P99                       |
+---------------------------+---------------------------+---------------------------+
| clean                     | 120.736 us                | 2.087 ms                  |
| ProcessBack:Shuffle       | 283.441 ms                | 323.857 ms                |
| ProcessBack:UpdateCache   | 724.798 ms                | 725.313 ms                |
+---------------------------+---------------------------+---------------------------+
+---------------------------+---------------------------+---------------------------+
| Name                      | P50                       | P99                       |
+---------------------------+---------------------------+---------------------------+
| GenInput                  | 1.059 ms                  | 1.059 ms                  |
| Forward                   | 648.087 ms                | 648.087 ms                |
| Backward                  | 193.303 ms                | 193.303 ms                |
| Optimize                  | 4.046 ms                  | 4.046 ms                  |
| BarrierTimeBeforeRank0    | 49.428 ms                 | 49.428 ms                 |
+---------------------------+---------------------------+---------------------------+
+---------------------------+---------------------------+---------------------------+
| Name                      | P50                       | P99                       |
+---------------------------+---------------------------+---------------------------+
| clean                     | 120.736 us                | 2.087 ms                  |
| ProcessBack:Shuffle       | 283.441 ms                | 323.857 ms                |
| ProcessBack:UpdateCache   | 724.798 ms                | 725.313 ms                |
+---------------------------+---------------------------+---------------------------+
+---------------------------+---------------------------+---------------------------+
| Name                      | P50                       | P99                       |
+---------------------------+---------------------------+---------------------------+
| GenInput                  | 1.059 ms                  | 1.059 ms                  |
| Forward                   | 648.087 ms                | 648.087 ms                |
| Backward                  | 193.303 ms                | 193.303 ms                |
| Optimize                  | 4.046 ms                  | 4.046 ms                  |
| BarrierTimeBeforeRank0    | 49.428 ms                 | 49.428 ms                 |
+---------------------------+---------------------------+---------------------------+
+---------------------------+---------------------------+---------------------------+
| Name                      | P50                       | P99                       |
+---------------------------+---------------------------+---------------------------+
| clean                     | 120.736 us                | 2.087 ms                  |
| ProcessBack:Shuffle       | 283.441 ms                | 323.857 ms                |
| ProcessBack:UpdateCache   | 724.798 ms                | 725.313 ms                |
+---------------------------+---------------------------+---------------------------+
+---------------------------+---------------------------+---------------------------+
| Name                      | P50                       | P99                       |
+---------------------------+---------------------------+---------------------------+
