WARNING: Logging before InitGoogleLogging() is written to STDERR
I20240128 02:47:31.762533 4020915 IPC_barrier.h:128] MultiProcessBarrierFactory->ClearIPCMemory()
/home/xieminhui/RecStore/src/framework_adapters/torch/kg/dgl-0.9.1/python/dgl/_deprecate/graph.py:1023: DGLWarning: multigraph will be deprecated.DGL will treat all graphs as multigraph in the future.
  dgl_warning("multigraph will be deprecated." \
/home/xieminhui/RecStore/src/framework_adapters/torch/kg/dgl-0.9.1/python/dgl/heterograph.py:72: DGLWarning: Recommend creating graphs by `dgl.graph(data)` instead of `dgl.DGLGraph(data)`.
  dgl_warning('Recommend creating graphs by `dgl.graph(data)`'
Reading train triples....
Finished. Read 483142 train triples.
Reading valid triples....
Finished. Read 50000 valid triples.
Reading test triples....
Finished. Read 59071 test triples.
ARGS:  Namespace(model_name='TransE', data_path='/home/xieminhui/dgl-data', dataset='FB15k', format='built_in', data_files=None, delimiter='\t', save_path='/tmp/ckpts/TransE_FB15k_19', no_save_emb=True, max_step=500, batch_size=1200, batch_size_eval=16, neg_sample_size=200, neg_deg_sample=False, neg_deg_sample_eval=False, neg_sample_size_eval=14951, eval_percent=1, no_eval_filter=False, log_interval=100, eval_interval=10000, test=False, num_proc=4, num_thread=1, force_sync_interval=1, hidden_dim=400, lr=0.01, gamma=16.0, double_ent=False, double_rel=False, neg_adversarial_sampling=False, adversarial_temperature=1.0, regularization_coef=0.0, regularization_norm=3, pairwise=False, loss_genre='Logsigmoid', margin=1.0, nr_gpus=4, gpu=[0, 1, 2, 3], mix_cpu_gpu=True, valid=False, rel_part=False, async_update=None, has_edge_importance=False, cached_emb_type='KnownLocalCachedEmbedding', use_my_emb=True, cache_ratio=0.1, shuffle=False, backwardMode='CppAsyncV2', L=10, update_cache_use_omp=1, update_pq_use_omp=1, kForwardItersPerStep=2, backgrad_init='both', eval_filter=True, soft_rel_part=False)
|Train|: 483142
original graph:  DGLGraph(num_nodes=14951, num_edges=592213,
         ndata_schemes={}
         edata_schemes={'tid': Scheme(shape=(), dtype=torch.int64)})
Loading cached metis
WARNING [4020915 sampler.py:454] Start PreSampling
WARNING [4020915 sampler.py:532] Before construct renumbering_dict
WARNING [4020915 sampler.py:555] PreSampling done
W20240128 02:47:34.363849 4020915 IPCTensor.h:368] NewIPCTensor: cached_sampler_r0_0 [1000000]0x100000002000 7.629 MB
W20240128 02:47:34.363999 4020915 IPCTensor.h:368] NewIPCTensor: cached_sampler_r0_1 [1000000]0x1000007a5000 7.629 MB
W20240128 02:47:34.364022 4020915 IPCTensor.h:368] NewIPCTensor: cached_sampler_r0_2 [1000000]0x100000f48000 7.629 MB
W20240128 02:47:34.364049 4020915 IPCTensor.h:368] NewIPCTensor: cached_sampler_r0_3 [1000000]0x1000016eb000 7.629 MB
W20240128 02:47:34.364068 4020915 IPCTensor.h:368] NewIPCTensor: cached_sampler_r0_4 [1000000]0x100001e8e000 7.629 MB
W20240128 02:47:34.364089 4020915 IPCTensor.h:368] NewIPCTensor: cached_sampler_r0_5 [1000000]0x100002631000 7.629 MB
W20240128 02:47:34.364109 4020915 IPCTensor.h:368] NewIPCTensor: cached_sampler_r0_6 [1000000]0x100002dd4000 7.629 MB
W20240128 02:47:34.364127 4020915 IPCTensor.h:368] NewIPCTensor: cached_sampler_r0_7 [1000000]0x100003577000 7.629 MB
W20240128 02:47:34.364145 4020915 IPCTensor.h:368] NewIPCTensor: cached_sampler_r0_8 [1000000]0x100003d1a000 7.629 MB
W20240128 02:47:34.364162 4020915 IPCTensor.h:368] NewIPCTensor: cached_sampler_r0_9 [1000000]0x1000044bd000 7.629 MB
W20240128 02:47:34.364182 4020915 IPCTensor.h:368] NewIPCTensor: step_r0 [10]0x100004c60000 80 B 
W20240128 02:47:34.364199 4020915 IPCTensor.h:368] NewIPCTensor: circle_buffer_end_r0 [1]0x100004c62000 8 B 
W20240128 02:47:34.364215 4020915 IPCTensor.h:368] NewIPCTensor: circle_buffer_end_cppseen_r0 [1]0x100004c64000 8 B 
W20240128 02:47:34.364293 4020915 IPCTensor.h:368] NewIPCTensor: cached_sampler_r1_0 [1000000]0x100004c66000 7.629 MB
W20240128 02:47:34.364312 4020915 IPCTensor.h:368] NewIPCTensor: cached_sampler_r1_1 [1000000]0x100005409000 7.629 MB
W20240128 02:47:34.364339 4020915 IPCTensor.h:368] NewIPCTensor: cached_sampler_r1_2 [1000000]0x100005bac000 7.629 MB
W20240128 02:47:34.364374 4020915 IPCTensor.h:368] NewIPCTensor: cached_sampler_r1_3 [1000000]0x10000634f000 7.629 MB
W20240128 02:47:34.364393 4020915 IPCTensor.h:368] NewIPCTensor: cached_sampler_r1_4 [1000000]0x100006af2000 7.629 MB
W20240128 02:47:34.364408 4020915 IPCTensor.h:368] NewIPCTensor: cached_sampler_r1_5 [1000000]0x100007295000 7.629 MB
W20240128 02:47:34.364429 4020915 IPCTensor.h:368] NewIPCTensor: cached_sampler_r1_6 [1000000]0x100007a38000 7.629 MB
W20240128 02:47:34.364446 4020915 IPCTensor.h:368] NewIPCTensor: cached_sampler_r1_7 [1000000]0x1000081db000 7.629 MB
W20240128 02:47:34.364461 4020915 IPCTensor.h:368] NewIPCTensor: cached_sampler_r1_8 [1000000]0x10000897e000 7.629 MB
W20240128 02:47:34.364480 4020915 IPCTensor.h:368] NewIPCTensor: cached_sampler_r1_9 [1000000]0x100009121000 7.629 MB
W20240128 02:47:34.364495 4020915 IPCTensor.h:368] NewIPCTensor: step_r1 [10]0x1000098c4000 80 B 
W20240128 02:47:34.364507 4020915 IPCTensor.h:368] NewIPCTensor: circle_buffer_end_r1 [1]0x1000098c6000 8 B 
W20240128 02:47:34.364522 4020915 IPCTensor.h:368] NewIPCTensor: circle_buffer_end_cppseen_r1 [1]0x1000098c8000 8 B 
W20240128 02:47:34.364554 4020915 IPCTensor.h:368] NewIPCTensor: cached_sampler_r2_0 [1000000]0x1000098ca000 7.629 MB
W20240128 02:47:34.364571 4020915 IPCTensor.h:368] NewIPCTensor: cached_sampler_r2_1 [1000000]0x10000a06d000 7.629 MB
W20240128 02:47:34.364593 4020915 IPCTensor.h:368] NewIPCTensor: cached_sampler_r2_2 [1000000]0x10000a810000 7.629 MB
W20240128 02:47:34.364615 4020915 IPCTensor.h:368] NewIPCTensor: cached_sampler_r2_3 [1000000]0x10000afb3000 7.629 MB
W20240128 02:47:34.364634 4020915 IPCTensor.h:368] NewIPCTensor: cached_sampler_r2_4 [1000000]0x10000b756000 7.629 MB
W20240128 02:47:34.364650 4020915 IPCTensor.h:368] NewIPCTensor: cached_sampler_r2_5 [1000000]0x10000bef9000 7.629 MB
W20240128 02:47:34.364666 4020915 IPCTensor.h:368] NewIPCTensor: cached_sampler_r2_6 [1000000]0x10000c69c000 7.629 MB
W20240128 02:47:34.364681 4020915 IPCTensor.h:368] NewIPCTensor: cached_sampler_r2_7 [1000000]0x10000ce3f000 7.629 MB
W20240128 02:47:34.364699 4020915 IPCTensor.h:368] NewIPCTensor: cached_sampler_r2_8 [1000000]0x10000d5e2000 7.629 MB
W20240128 02:47:34.364720 4020915 IPCTensor.h:368] NewIPCTensor: cached_sampler_r2_9 [1000000]0x10000dd85000 7.629 MB
W20240128 02:47:34.364742 4020915 IPCTensor.h:368] NewIPCTensor: step_r2 [10]0x10000e528000 80 B 
W20240128 02:47:34.364755 4020915 IPCTensor.h:368] NewIPCTensor: circle_buffer_end_r2 [1]0x10000e52a000 8 B 
W20240128 02:47:34.364768 4020915 IPCTensor.h:368] NewIPCTensor: circle_buffer_end_cppseen_r2 [1]0x10000e52c000 8 B 
W20240128 02:47:34.364800 4020915 IPCTensor.h:368] NewIPCTensor: cached_sampler_r3_0 [1000000]0x10000e52e000 7.629 MB
W20240128 02:47:34.364820 4020915 IPCTensor.h:368] NewIPCTensor: cached_sampler_r3_1 [1000000]0x10000ecd1000 7.629 MB
W20240128 02:47:34.364835 4020915 IPCTensor.h:368] NewIPCTensor: cached_sampler_r3_2 [1000000]0x10000f474000 7.629 MB
W20240128 02:47:34.364854 4020915 IPCTensor.h:368] NewIPCTensor: cached_sampler_r3_3 [1000000]0x10000fc17000 7.629 MB
W20240128 02:47:34.364878 4020915 IPCTensor.h:368] NewIPCTensor: cached_sampler_r3_4 [1000000]0x1000103ba000 7.629 MB
W20240128 02:47:34.364898 4020915 IPCTensor.h:368] NewIPCTensor: cached_sampler_r3_5 [1000000]0x100010b5d000 7.629 MB
W20240128 02:47:34.364917 4020915 IPCTensor.h:368] NewIPCTensor: cached_sampler_r3_6 [1000000]0x100011300000 7.629 MB
W20240128 02:47:34.364943 4020915 IPCTensor.h:368] NewIPCTensor: cached_sampler_r3_7 [1000000]0x100011aa3000 7.629 MB
W20240128 02:47:34.364967 4020915 IPCTensor.h:368] NewIPCTensor: cached_sampler_r3_8 [1000000]0x100012246000 7.629 MB
W20240128 02:47:34.364992 4020915 IPCTensor.h:368] NewIPCTensor: cached_sampler_r3_9 [1000000]0x1000129e9000 7.629 MB
W20240128 02:47:34.365007 4020915 IPCTensor.h:368] NewIPCTensor: step_r3 [10]0x10001318c000 80 B 
W20240128 02:47:34.365020 4020915 IPCTensor.h:368] NewIPCTensor: circle_buffer_end_r3 [1]0x10001318e000 8 B 
W20240128 02:47:34.365042 4020915 IPCTensor.h:368] NewIPCTensor: circle_buffer_end_cppseen_r3 [1]0x100013190000 8 B 
W20240128 02:47:34.518038 4020915 IPCTensor.h:368] NewIPCTensor: full_emb [14951, 400]0x100013192000 22.81 MB
W20240128 02:47:34.518186 4020915 IPCTensor.h:368] NewIPCTensor: full_emb_SparseRowWiseAdaGrad_sum [14951]0x100014864000 58.4 kB
{0: Graph(num_nodes=10523, num_edges=182012,
      ndata_schemes={'_ID': Scheme(shape=(), dtype=torch.int64), 'inner_node': Scheme(shape=(), dtype=torch.int32), 'part_id': Scheme(shape=(), dtype=torch.int64)}
      edata_schemes={'_ID': Scheme(shape=(), dtype=torch.int64), 'inner_edge': Scheme(shape=(), dtype=torch.int8)}), 1: Graph(num_nodes=10996, num_edges=244360,
      ndata_schemes={'_ID': Scheme(shape=(), dtype=torch.int64), 'inner_node': Scheme(shape=(), dtype=torch.int32), 'part_id': Scheme(shape=(), dtype=torch.int64)}
      edata_schemes={'_ID': Scheme(shape=(), dtype=torch.int64), 'inner_edge': Scheme(shape=(), dtype=torch.int8)}), 2: Graph(num_nodes=9404, num_edges=143355,
      ndata_schemes={'_ID': Scheme(shape=(), dtype=torch.int64), 'inner_node': Scheme(shape=(), dtype=torch.int32), 'part_id': Scheme(shape=(), dtype=torch.int64)}
      edata_schemes={'_ID': Scheme(shape=(), dtype=torch.int64), 'inner_edge': Scheme(shape=(), dtype=torch.int8)}), 3: Graph(num_nodes=10954, num_edges=175447,
      ndata_schemes={'_ID': Scheme(shape=(), dtype=torch.int64), 'inner_node': Scheme(shape=(), dtype=torch.int32), 'part_id': Scheme(shape=(), dtype=torch.int64)}
      edata_schemes={'_ID': Scheme(shape=(), dtype=torch.int64), 'inner_edge': Scheme(shape=(), dtype=torch.int8)})}
MertisPartition: part 0 has 10523 N 182012 E
MertisPartition: part 1 has 10996 N 244360 E
MertisPartition: part 2 has 9404 N 143355 E
MertisPartition: part 3 has 10954 N 175447 E
Rank0: cached key size 373
Rank1: cached key size 373
Rank2: cached key size 373
Rank3: cached key size 373
Before renumbering graph:  {'_ID': tensor([    5,    14,    17,  ..., 11245,  2040,  3009]), 'inner_node': tensor([1, 1, 1,  ..., 0, 0, 0], dtype=torch.int32), 'part_id': tensor([0, 0, 0,  ..., 2, 3, 3])}
After renumbering graph:  {'_ID': tensor([1608, 1845, 1907,  ..., 2343, 6285, 7819]), 'inner_node': tensor([1, 1, 1,  ..., 0, 0, 0], dtype=torch.int32), 'part_id': tensor([0, 0, 0,  ..., 2, 3, 3])}
part_g: DGLGraph(num_nodes=10523, num_edges=182012,
         ndata_schemes={'_ID': Scheme(shape=(), dtype=torch.int64)}
         edata_schemes={'tid': Scheme(shape=(), dtype=torch.int64)})
part_g: DGLGraph(num_nodes=10523, num_edges=182012,
         ndata_schemes={'_ID': Scheme(shape=(), dtype=torch.int64)}
         edata_schemes={'tid': Scheme(shape=(), dtype=torch.int64)})
Total initialize time 2.788 seconds
[Rank1] pid = 4021128
[Rank2] pid = 4021193
INFO [4020915 distributed_c10d.py:442] Added key: store_based_barrier_key:1 to store for rank: 0
INFO [4021128 distributed_c10d.py:442] Added key: store_based_barrier_key:1 to store for rank: 1
INFO [4021128 distributed_c10d.py:476] Rank 1: Completed store-based barrier for key:store_based_barrier_key:1 with 4 nodes.
INFO [4021193 distributed_c10d.py:442] Added key: store_based_barrier_key:1 to store for rank: 2
INFO [4021257 distributed_c10d.py:442] Added key: store_based_barrier_key:1 to store for rank: 3
INFO [4021257 distributed_c10d.py:476] Rank 3: Completed store-based barrier for key:store_based_barrier_key:1 with 4 nodes.
INFO [4021193 distributed_c10d.py:476] Rank 2: Completed store-based barrier for key:store_based_barrier_key:1 with 4 nodes.
W20240128 02:47:37.810945 4021129 IPCTensor.h:408] NewIPCGPUTensor: embedding_cache_1 [1495, 400]; dev=1; size=2.281 MB
INFO [4020915 distributed_c10d.py:476] Rank 0: Completed store-based barrier for key:store_based_barrier_key:1 with 4 nodes.
W20240128 02:47:37.811547 4021129 IPCTensor.h:368] NewIPCTensor: input_keys_1 [1000000]0x100014876000 7.629 MB
W20240128 02:47:37.811707 4021129 IPCTensor.h:368] NewIPCTensor: input_keys_neg_1 [1000000]0x100015019000 7.629 MB
W20240128 02:47:37.811800 4021129 IPCTensor.h:368] NewIPCTensor: backward_grads_1 [1000000, 400]0x1000157bc000 1.49 GB
W20240128 02:47:37.811754 4021194 IPCTensor.h:408] NewIPCGPUTensor: embedding_cache_2 [1495, 400]; dev=2; size=2.281 MB
W20240128 02:47:37.811863 4021129 IPCTensor.h:368] NewIPCTensor: backward_grads_neg_1 [1000000, 400]0x100074d9f000 1.49 GB
W20240128 02:47:37.811902 4021129 IPCTensor.h:408] NewIPCGPUTensor: backward_grads_1_gpu [1000000, 400]; dev=1; size=1.49 GB
W20240128 02:47:37.811995 4021258 IPCTensor.h:408] NewIPCGPUTensor: embedding_cache_0 [1495, 400]; dev=0; size=2.281 MB
W20240128 02:47:37.812482 4021259 IPCTensor.h:408] NewIPCGPUTensor: embedding_cache_3 [1495, 400]; dev=3; size=2.281 MB
W20240128 02:47:37.813994 4021129 IPCTensor.h:408] NewIPCGPUTensor: backward_grads_neg_1_gpu [1000000, 400]; dev=1; size=1.49 GB
W20240128 02:47:37.814049 4021258 IPCTensor.h:368] NewIPCTensor: input_keys_0 [1000000]0x1000d438a000 7.629 MB
W20240128 02:47:37.814054 4021194 IPCTensor.h:368] NewIPCTensor: input_keys_2 [1000000]0x1000d4b2d000 7.629 MB
W20240128 02:47:37.814157 4021258 IPCTensor.h:368] NewIPCTensor: input_keys_neg_0 [1000000]0x1000d52d0000 7.629 MB
W20240128 02:47:37.814190 4021194 IPCTensor.h:368] NewIPCTensor: input_keys_neg_2 [1000000]0x1000d5a73000 7.629 MB
W20240128 02:47:37.814195 4021258 IPCTensor.h:368] NewIPCTensor: backward_grads_0 [1000000, 400]0x1000d6216000 1.49 GB
W20240128 02:47:37.814229 4021258 IPCTensor.h:368] NewIPCTensor: backward_grads_neg_0 [1000000, 400]0x1001357f9000 1.49 GB
W20240128 02:47:37.814256 4021194 IPCTensor.h:368] NewIPCTensor: backward_grads_2 [1000000, 400]0x100194ddc000 1.49 GB
W20240128 02:47:37.814275 4021258 IPCTensor.h:408] NewIPCGPUTensor: backward_grads_0_gpu [1000000, 400]; dev=0; size=1.49 GB
W20240128 02:47:37.814303 4021194 IPCTensor.h:368] NewIPCTensor: backward_grads_neg_2 [1000000, 400]0x1001f43bf000 1.49 GB
W20240128 02:47:37.814321 4021259 IPCTensor.h:368] NewIPCTensor: input_keys_3 [1000000]0x1002539a2000 7.629 MB
W20240128 02:47:37.814360 4021194 IPCTensor.h:408] NewIPCGPUTensor: backward_grads_2_gpu [1000000, 400]; dev=2; size=1.49 GB
W20240128 02:47:37.814553 4021259 IPCTensor.h:368] NewIPCTensor: input_keys_neg_3 [1000000]0x100254145000 7.629 MB
W20240128 02:47:37.814646 4021259 IPCTensor.h:368] NewIPCTensor: backward_grads_3 [1000000, 400]0x1002548e8000 1.49 GB
W20240128 02:47:37.814724 4021259 IPCTensor.h:368] NewIPCTensor: backward_grads_neg_3 [1000000, 400]0x1002b3ecb000 1.49 GB
W20240128 02:47:37.814826 4021259 IPCTensor.h:408] NewIPCGPUTensor: backward_grads_3_gpu [1000000, 400]; dev=3; size=1.49 GB
W20240128 02:47:37.823812 4021258 IPCTensor.h:408] NewIPCGPUTensor: backward_grads_neg_0_gpu [1000000, 400]; dev=0; size=1.49 GB
W20240128 02:47:37.824206 4021194 IPCTensor.h:408] NewIPCGPUTensor: backward_grads_neg_2_gpu [1000000, 400]; dev=2; size=1.49 GB
W20240128 02:47:37.824239 4021259 IPCTensor.h:408] NewIPCGPUTensor: backward_grads_neg_3_gpu [1000000, 400]; dev=3; size=1.49 GB
cudaHostRegister 0x100013192000
3: KnownLocalCachedEmbedding init done
WARNING [4021257 DistTensor.py:56] The tensor name already exists in the kvstore
cudaHostRegister 0x100013192000
1: KnownLocalCachedEmbedding init done
cudaHostRegister 0x100013192000
2: KnownLocalCachedEmbedding init done
WARNING [4021193 DistTensor.py:56] The tensor name already exists in the kvstore
WARNING [4021128 DistTensor.py:56] The tensor name already exists in the kvstore
[Rank3] pid = 4021257
New CachedEmbedding, name=full_emb, shape=(14951, 400), cache_type=KnownLocalCachedEmbedding
fixed cache_range is [(0, 1495), (1495, 2990), (2990, 4485), (4485, 5980)]
cudaHostRegister 0x100013192000
0: KnownLocalCachedEmbedding init done
WARNING [4020915 DistTensor.py:56] The tensor name already exists in the kvstore
I20240128 02:47:38.972424 4021258 IPC_barrier.h:118] CreateBarrier: new barrier, name: kgcachecontroller, count: 4
I20240128 02:47:38.972509 4021194 IPC_barrier.h:112] CreateBarrier: find existing barrier, name: kgcachecontroller, count: 4
I20240128 02:47:38.972620 4021259 IPC_barrier.h:112] CreateBarrier: find existing barrier, name: kgcachecontroller, count: 4
I20240128 02:47:38.972724 4021129 IPC_barrier.h:112] CreateBarrier: find existing barrier, name: kgcachecontroller, count: 4
W20240128 02:47:38.974067 4021258 grad_base.h:55] KGCacheController, config={
        "num_gpus": 4,
        "L": 10,
        "backgrad_init": "both", 
        "kForwardItersPerStep": 2,
        "clr": 1,
        "nr_background_threads": 32,
        "backwardMode": "CppAsyncV2",
        "cache_ratio": 0.1,
        "update_cache_use_omp":  1,
        "update_pq_use_omp":  1
        }
W20240128 02:47:38.974179 4021258 grad_base.h:184] Init GradProcessingBase done
I20240128 02:47:38.978356 4021258 grad_async_v2.h:32] Use background thread to update emb. nr_background_threads=32
W20240128 02:47:38.978454 4021258 kg_controller.h:78] after init GradAsyncProcessingV2
I20240128 02:47:38.978461 4021258 kg_controller.h:84] Construct KGCacheController done
I20240128 02:47:39.361521 4021258 grad_base.h:60] GraphEnv RegTensorsPerProcess
W20240128 02:47:40.094573 4021669 grad_async_v2.h:120] Detect new sample comes, old_end0, new_end1
E20240128 02:47:40.095000 4021669 parallel_pq_v2.h:76] insert failed, size(hashtable)=1
I20240128 02:47:40.113363 4021129 IPC_barrier.h:118] CreateBarrier: new barrier, name: start_barrier, count: 4
I20240128 02:47:40.125958 4021258 IPC_barrier.h:112] CreateBarrier: find existing barrier, name: start_barrier, count: 4
I20240128 02:47:40.147202 4021194 IPC_barrier.h:112] CreateBarrier: find existing barrier, name: start_barrier, count: 4
I20240128 02:47:40.148044 4021259 IPC_barrier.h:112] CreateBarrier: find existing barrier, name: start_barrier, count: 4
E20240128 02:47:42.665585 4021696 parallel_pq_v2.h:76] insert failed, size(hashtable)=17
W20240128 02:47:42.670745 4021258 grad_async_v2.h:249] Sleep in <BlockToStepN>, step_no=1, pq.top=0
W20240128 02:47:42.675735 4021669 grad_async_v2.h:120] Detect new sample comes, old_end1, new_end2
E20240128 02:47:43.665017 4021669 parallel_pq_v2.h:76] insert failed, size(hashtable)=1376
W20240128 02:47:43.670042 4021258 grad_async_v2.h:249] Sleep in <BlockToStepN>, step_no=31, pq.top=31
W20240128 02:47:43.701436 4021669 grad_async_v2.h:120] Detect new sample comes, old_end6, new_end2
+---------------------------+---------------------------+---------------------------+
| Name                      | P50                       | P99                       |
+---------------------------+---------------------------+---------------------------+
| GenInput                  | 1.008 ms                  | 15.017 ms                 |
| Forward                   | 3.069 ms                  | 1.086 s                   |
| Backward                  | 2.821 ms                  | 294.996 ms                |
| Optimize                  | 1.098 ms                  | 2.833 ms                  |
| BarrierTimeBeforeRank0    | 188.423 us                | 270.242 ms                |
| AfterBackward             | 8.510 ms                  | 867.391 ms                |
| BlockToStepN              | 7.311 ms                  | 32.295 ms                 |
| OneStep                   | 30.245 ms                 | 2.526 s                   |
+---------------------------+---------------------------+---------------------------+
+---------------------------+---------------------------+---------------------------+
| Name                      | P50                       | P99                       |
+---------------------------+---------------------------+---------------------------+
| ProcessBack:Shuffle       | 2.179 ms                  | 77.598 ms                 |
| ProcessBack:UpdateCache   | 1.253 ms                  | 284.242 ms                |
| ProcessBack:UpsertPq      | 4.836 ms                  | 6.848 ms                  |
| ProcessOneStep            | 8.620 ms                  | 867.072 ms                |
| BlockToStepN              | 9.350 ms                  | 32.248 ms                 |
+---------------------------+---------------------------+---------------------------+
E20240128 02:47:44.665053 4021668 parallel_pq_v2.h:76] insert failed, size(hashtable)=4510
W20240128 02:47:44.686216 4021258 grad_async_v2.h:249] Sleep in <BlockToStepN>, step_no=57, pq.top=57
W20240128 02:47:44.713625 4021669 grad_async_v2.h:120] Detect new sample comes, old_end6, new_end8
E20240128 02:47:45.665060 4021445 parallel_pq_v2.h:76] insert failed, size(hashtable)=1019
W20240128 02:47:45.686066 4021258 grad_async_v2.h:249] Sleep in <BlockToStepN>, step_no=83, pq.top=83
W20240128 02:47:45.715191 4021669 grad_async_v2.h:120] Detect new sample comes, old_end3, new_end4
train_sampler.Prefill()
before start barrier
start train
[proc 3] 100 steps, total: 6.198, sample: 0.227, forward: 1.640, backward: 0.573, update: 0.124
train_sampler.Prefill()
before start barrier
start train
[proc 1] 100 steps, total: 6.233, sample: 0.226, forward: 1.162, backward: 0.621, update: 0.122
train_sampler.Prefill()
before start barrier
start train
[proc 2] 100 steps, total: 6.199, sample: 0.220, forward: 1.412, backward: 0.595, update: 0.121
train_sampler.Prefill()
-------Step 0-------
tensor([ 8491,   275, 10033,  9292,  7671,  4771, 12392,  4474, 11806,    84]) tensor([ 1907,  7978, 10110,  1455,  7745,  8103, 12659,  8390,  8474, 10125])
-------Step 1-------
tensor([ 8491,   275, 10033,  9292,  7671,  4771, 12392,  4474, 11806,    84]) tensor([ 6903, 12297, 11926, 14114,  6931, 11411,  5863,  2267,  2799,  8424])
-------Step 2-------
tensor([ 9189,  2695,  4772,    11,   729,   267,   228, 12418, 11460,  8078]) tensor([13588,  4070,  4728, 12018,  2279,  2768, 14380,  6141, 10935,  7136])
-------Step 3-------
tensor([ 9189,  2695,  4772,    11,   729,   267,   228, 12418, 11460,  8078]) tensor([  549, 11648,  6629, 14739,   306,   569,  2566, 12130,  5010,   203])
-------Step 4-------
tensor([ 3306, 14358, 10650, 10156,  5308,  5866, 11635,  6381,  3841,  2321]) tensor([14837,   983, 11244, 13856,  4578,   648,  6043,  1053, 11212, 13004])
-------Step 5-------
tensor([ 3306, 14358, 10650, 10156,  5308,  5866, 11635,  6381,  3841,  2321]) tensor([ 7195,  7364, 10644, 13059,  1304, 14112,  3415, 13234,  9999,  6457])
-------Step 6-------
tensor([11841,   564,  6685,    19, 11045, 13716, 13296, 10650,  9238,  6940]) tensor([ 3921,  7239,  5895, 10438, 12007, 11106,  2039,  2788, 14234,  1337])
-------Step 7-------
tensor([11841,   564,  6685,    19, 11045, 13716, 13296, 10650,  9238,  6940]) tensor([ 5862, 13639,  9610,  7684,  4972,   901,  8000,   973, 13813, 12747])
-------Step 8-------
tensor([11389, 10449, 12556, 10117,  5040,  7132,  1785,  4998,  4795, 11808]) tensor([ 6685,  9288, 13958,  1853, 10797, 11413,  2182,  9636,  7252,  9023])
-------Step 9-------
tensor([11389, 10449, 12556, 10117,  5040,  7132,  1785,  4998,  4795, 11808]) tensor([10190, 13485,  1688,  3696,  2404,   580,  6063,  3149,  2799, 14658])
before start barrier
start train
[proc 0] 100 steps, total: 6.220, sample: 0.259, forward: 1.396, backward: 0.574, update: 0.124
E20240128 02:47:46.665205 4021668 parallel_pq_v2.h:76] insert failed, size(hashtable)=5370
W20240128 02:47:46.686136 4021258 grad_async_v2.h:249] Sleep in <BlockToStepN>, step_no=109, pq.top=109
W20240128 02:47:46.717463 4021669 grad_async_v2.h:120] Detect new sample comes, old_end9, new_end0
E20240128 02:47:47.665026 4021669 parallel_pq_v2.h:76] insert failed, size(hashtable)=7
W20240128 02:47:47.686164 4021258 grad_async_v2.h:249] Sleep in <BlockToStepN>, step_no=134, pq.top=134
W20240128 02:47:47.726863 4021669 grad_async_v2.h:120] Detect new sample comes, old_end4, new_end5
E20240128 02:47:48.665032 4021668 parallel_pq_v2.h:76] insert failed, size(hashtable)=7020
W20240128 02:47:48.686049 4021258 grad_async_v2.h:249] Sleep in <BlockToStepN>, step_no=159, pq.top=159
W20240128 02:47:48.732859 4021669 grad_async_v2.h:120] Detect new sample comes, old_end0, new_end1
+---------------------------+---------------------------+---------------------------+
| Name                      | P50                       | P99                       |
+---------------------------+---------------------------+---------------------------+
| GenInput                  | 1.049 ms                  | 14.249 ms                 |
| Forward                   | 3.145 ms                  | 4.430 ms                  |
| Backward                  | 2.914 ms                  | 6.890 ms                  |
| Optimize                  | 1.112 ms                  | 2.487 ms                  |
| BarrierTimeBeforeRank0    | 35.960 us                 | 2.600 ms                  |
| AfterBackward             | 10.284 ms                 | 20.551 ms                 |
| BlockToStepN              | 16.420 ms                 | 28.255 ms                 |
| OneStep                   | 37.742 ms                 | 73.590 ms                 |
+---------------------------+---------------------------+---------------------------+
+---------------------------+---------------------------+---------------------------+
| Name                      | P50                       | P99                       |
+---------------------------+---------------------------+---------------------------+
| ProcessBack:Shuffle       | 2.177 ms                  | 2.387 ms                  |
| ProcessBack:UpdateCache   | 1.324 ms                  | 1.680 ms                  |
| ProcessBack:UpsertPq      | 5.742 ms                  | 9.133 ms                  |
| ProcessOneStep            | 10.077 ms                 | 20.528 ms                 |
| BlockToStepN              | 16.575 ms                 | 28.205 ms                 |
+---------------------------+---------------------------+---------------------------+
E20240128 02:47:49.665067 4021669 parallel_pq_v2.h:76] insert failed, size(hashtable)=82
W20240128 02:47:49.690857 4021258 grad_async_v2.h:249] Sleep in <BlockToStepN>, step_no=185, pq.top=185
W20240128 02:47:49.737550 4021669 grad_async_v2.h:120] Detect new sample comes, old_end5, new_end6
[proc 3] 200 steps, total: 3.980, sample: 0.250, forward: 0.302, backward: 0.269, update: 0.126
[proc 2] 200 steps, total: 3.980, sample: 0.212, forward: 0.278, backward: 0.272, update: 0.116
[proc 1] 200 steps, total: 3.980, sample: 0.241, forward: 0.299, backward: 0.283, update: 0.120
[proc 0] 200 steps, total: 3.980, sample: 0.280, forward: 0.316, backward: 0.312, update: 0.127
E20240128 02:47:50.665014 4021668 parallel_pq_v2.h:76] insert failed, size(hashtable)=6403
W20240128 02:47:50.690323 4021258 grad_async_v2.h:249] Sleep in <BlockToStepN>, step_no=209, pq.top=209
W20240128 02:47:50.743000 4021669 grad_async_v2.h:120] Detect new sample comes, old_end0, new_end1
E20240128 02:47:51.665009 4021668 parallel_pq_v2.h:76] insert failed, size(hashtable)=5398
W20240128 02:47:51.716065 4021258 grad_async_v2.h:249] Sleep in <BlockToStepN>, step_no=231, pq.top=231
W20240128 02:47:51.748176 4021669 grad_async_v2.h:120] Detect new sample comes, old_end1, new_end2
E20240128 02:47:52.665045 4021697 parallel_pq_v2.h:76] insert failed, size(hashtable)=2038
W20240128 02:47:52.716415 4021258 grad_async_v2.h:249] Sleep in <BlockToStepN>, step_no=254, pq.top=254
W20240128 02:47:52.770850 4021669 grad_async_v2.h:120] Detect new sample comes, old_end5, new_end6
E20240128 02:47:53.665011 4021668 parallel_pq_v2.h:76] insert failed, size(hashtable)=6160
W20240128 02:47:53.743280 4021258 grad_async_v2.h:249] Sleep in <BlockToStepN>, step_no=278, pq.top=278
W20240128 02:47:53.799572 4021669 grad_async_v2.h:120] Detect new sample comes, old_end9, new_end0
+---------------------------+---------------------------+---------------------------+
| Name                      | P50                       | P99                       |
+---------------------------+---------------------------+---------------------------+
| GenInput                  | 1.077 ms                  | 14.961 ms                 |
| Forward                   | 3.214 ms                  | 5.738 ms                  |
| Backward                  | 2.845 ms                  | 6.044 ms                  |
| Optimize                  | 1.136 ms                  | 2.833 ms                  |
| BarrierTimeBeforeRank0    | 33.081 us                 | 13.336 ms                 |
| AfterBackward             | 10.783 ms                 | 16.180 ms                 |
| BlockToStepN              | 16.903 ms                 | 43.148 ms                 |
| OneStep                   | 39.045 ms                 | 92.180 ms                 |
+---------------------------+---------------------------+---------------------------+
+---------------------------+---------------------------+---------------------------+
| Name                      | P50                       | P99                       |
+---------------------------+---------------------------+---------------------------+
| ProcessBack:Shuffle       | 2.203 ms                  | 2.491 ms                  |
| ProcessBack:UpdateCache   | 1.368 ms                  | 1.675 ms                  |
| ProcessBack:UpsertPq      | 6.492 ms                  | 9.133 ms                  |
| ProcessOneStep            | 10.904 ms                 | 16.079 ms                 |
| BlockToStepN              | 16.858 ms                 | 43.080 ms                 |
+---------------------------+---------------------------+---------------------------+
E20240128 02:47:54.665014 4021668 parallel_pq_v2.h:76] insert failed, size(hashtable)=8271
[proc 3] 300 steps, total: 4.415, sample: 0.223, forward: 0.307, backward: 0.266, update: 0.113
[proc 1] 300 steps, total: 4.415, sample: 0.239, forward: 0.321, backward: 0.272, update: 0.117
[proc 2] 300 steps, total: 4.415, sample: 0.240, forward: 0.322, backward: 0.273, update: 0.126
[proc 0] 300 steps, total: 4.414, sample: 0.282, forward: 0.346, backward: 0.267, update: 0.118
W20240128 02:47:54.762667 4021258 grad_async_v2.h:249] Sleep in <BlockToStepN>, step_no=301, pq.top=301
W20240128 02:47:54.803398 4021669 grad_async_v2.h:120] Detect new sample comes, old_end1, new_end2
E20240128 02:47:55.665016 4021668 parallel_pq_v2.h:76] insert failed, size(hashtable)=3425
W20240128 02:47:55.762410 4021258 grad_async_v2.h:249] Sleep in <BlockToStepN>, step_no=323, pq.top=323
W20240128 02:47:55.807258 4021669 grad_async_v2.h:120] Detect new sample comes, old_end4, new_end5
E20240128 02:47:56.665009 4021668 parallel_pq_v2.h:76] insert failed, size(hashtable)=8205
W20240128 02:47:56.763857 4021258 grad_async_v2.h:249] Sleep in <BlockToStepN>, step_no=346, pq.top=346
W20240128 02:47:56.822365 4021669 grad_async_v2.h:120] Detect new sample comes, old_end7, new_end8
E20240128 02:47:57.665011 4021668 parallel_pq_v2.h:76] insert failed, size(hashtable)=6462
W20240128 02:47:57.766893 4021258 grad_async_v2.h:249] Sleep in <BlockToStepN>, step_no=369, pq.top=369
W20240128 02:47:57.826545 4021669 grad_async_v2.h:120] Detect new sample comes, old_end0, new_end1
E20240128 02:47:58.665014 4021668 parallel_pq_v2.h:76] insert failed, size(hashtable)=4151
W20240128 02:47:58.801923 4021258 grad_async_v2.h:249] Sleep in <BlockToStepN>, step_no=390, pq.top=390
W20240128 02:47:58.827117 4021669 grad_async_v2.h:120] Detect new sample comes, old_end0, new_end1
+---------------------------+---------------------------+---------------------------+
| Name                      | P50                       | P99                       |
+---------------------------+---------------------------+---------------------------+
| GenInput                  | 1.095 ms                  | 15.177 ms                 |
| Forward                   | 3.322 ms                  | 5.610 ms                  |
| Backward                  | 2.803 ms                  | 5.428 ms                  |
| Optimize                  | 1.137 ms                  | 2.826 ms                  |
| BarrierTimeBeforeRank0    | 33.103 us                 | 13.171 ms                 |
| AfterBackward             | 11.763 ms                 | 14.610 ms                 |
| BlockToStepN              | 16.627 ms                 | 55.100 ms                 |
| OneStep                   | 39.771 ms                 | 94.535 ms                 |
+---------------------------+---------------------------+---------------------------+
[proc 1] 400 steps, total: 4.544, sample: 0.262, forward: 0.327, backward: 0.274, update: 0.114
[proc 2] 400 steps, total: 4.544, sample: 0.237, forward: 0.320, backward: 0.269, update: 0.108
[proc 0] 400 steps, total: 4.544, sample: 0.272, forward: 0.334, backward: 0.270, update: 0.111
[proc 3] 400 steps, total: 4.544, sample: 0.207, forward: 0.314, backward: 0.267, update: 0.111
+---------------------------+---------------------------+---------------------------+
| Name                      | P50                       | P99                       |
+---------------------------+---------------------------+---------------------------+
| ProcessBack:Shuffle       | 2.304 ms                  | 2.556 ms                  |
| ProcessBack:UpdateCache   | 1.419 ms                  | 1.686 ms                  |
| ProcessBack:UpsertPq      | 6.926 ms                  | 9.251 ms                  |
| ProcessOneStep            | 11.753 ms                 | 14.561 ms                 |
| BlockToStepN              | 16.494 ms                 | 55.041 ms                 |
+---------------------------+---------------------------+---------------------------+
E20240128 02:47:59.674337 4021668 parallel_pq_v2.h:76] insert failed, size(hashtable)=2978
W20240128 02:47:59.818346 4021258 grad_async_v2.h:249] Sleep in <BlockToStepN>, step_no=412, pq.top=412
W20240128 02:47:59.827418 4021669 grad_async_v2.h:120] Detect new sample comes, old_end2, new_end3
E20240128 02:48:00.674039 4021668 parallel_pq_v2.h:76] insert failed, size(hashtable)=3581
W20240128 02:48:00.818850 4021258 grad_async_v2.h:249] Sleep in <BlockToStepN>, step_no=434, pq.top=434
W20240128 02:48:00.835382 4021669 grad_async_v2.h:120] Detect new sample comes, old_end4, new_end5
E20240128 02:48:01.674986 4021668 parallel_pq_v2.h:76] insert failed, size(hashtable)=6608
W20240128 02:48:01.833110 4021258 grad_async_v2.h:249] Sleep in <BlockToStepN>, step_no=456, pq.top=456
W20240128 02:48:01.847494 4021669 grad_async_v2.h:120] Detect new sample comes, old_end6, new_end7
E20240128 02:48:02.680505 4021668 parallel_pq_v2.h:76] insert failed, size(hashtable)=3737
W20240128 02:48:02.863410 4021258 grad_async_v2.h:249] Sleep in <BlockToStepN>, step_no=478, pq.top=478
W20240128 02:48:02.870126 4021669 grad_async_v2.h:120] Detect new sample comes, old_end8, new_end9
E20240128 02:48:03.680012 4021668 parallel_pq_v2.h:76] insert failed, size(hashtable)=8320
[proc 0] 500 steps, total: 4.579, sample: 0.279, forward: 0.337, backward: 0.270, update: 0.107
[proc 1] 500 steps, total: 4.579, sample: 0.241, forward: 0.332, backward: 0.281, update: 0.110
[proc 3] 500 steps, total: 4.579, sample: 0.240, forward: 0.331, backward: 0.287, update: 0.109
[proc 2] 500 steps, total: 4.579, sample: 0.263, forward: 0.331, backward: 0.271, update: 0.111
Successfully xmh. training takes 23.73828101158142 seconds
before call kg_cache_controller.StopThreads()
W20240128 02:48:03.864293 4021258 grad_async_v2.h:71] call StopThreads. PID = 4020915
W20240128 02:48:03.864331 4021258 grad_base.h:212] before processOneStepNegThread_.join();
W20240128 02:48:03.864564 4021258 grad_base.h:214] after processOneStepNegThread_.join();
W20240128 02:48:03.864573 4021258 grad_async_v2.h:73] call GradProcessingBase::StopThreads.
[W tensorpipe_agent.cpp:725] RPC agent for worker0 encountered error when reading incoming request from worker1: eof (this error originated at tensorpipe/transport/shm/connection_impl.cc:259)
[W tensorpipe_agent.cpp:725] RPC agent for worker0 encountered error when reading incoming request from worker3: eof (this error originated at tensorpipe/transport/shm/connection_impl.cc:259)
W20240128 02:48:03.874456 4021258 grad_async_v2.h:91] StopThreads done.
[W tensorpipe_agent.cpp:725] RPC agent for worker0 encountered error when reading incoming request from worker2: eof (this error originated at tensorpipe/transport/shm/connection_impl.cc:259)
+---------------------------+---------------------------+---------------------------+
| Name                      | P50                       | P99                       |
+---------------------------+---------------------------+---------------------------+
| GenInput                  | 1.107 ms                  | 15.279 ms                 |
| Forward                   | 3.376 ms                  | 4.717 ms                  |
| Backward                  | 2.794 ms                  | 5.408 ms                  |
| Optimize                  | 1.138 ms                  | 2.626 ms                  |
| BarrierTimeBeforeRank0    | 35.813 us                 | 13.969 ms                 |
| AfterBackward             | 11.884 ms                 | 14.229 ms                 |
| BlockToStepN              | 16.420 ms                 | 55.100 ms                 |
| OneStep                   | 41.047 ms                 | 94.535 ms                 |
+---------------------------+---------------------------+---------------------------+
+---------------------------+---------------------------+---------------------------+
| Name                      | P50                       | P99                       |
+---------------------------+---------------------------+---------------------------+
| ProcessBack:Shuffle       | 2.364 ms                  | 2.562 ms                  |
| ProcessBack:UpdateCache   | 1.441 ms                  | 1.741 ms                  |
| ProcessBack:UpsertPq      | 7.149 ms                  | 9.480 ms                  |
| ProcessOneStep            | 11.860 ms                 | 14.197 ms                 |
| BlockToStepN              | 16.370 ms                 | 55.041 ms                 |
+---------------------------+---------------------------+---------------------------+
On rank0, prepare to call self.controller.StopThreads(), self=<python.controller_process.KGCacheControllerWrapper object at 0x7f7e74c3f950>
