WARNING: Logging before InitGoogleLogging() is written to STDERR
I20240220 15:53:32.981361  5213 IPC_barrier.h:128] MultiProcessBarrierFactory->ClearIPCMemory()
W20240220 15:53:32.989329  5213 IPCTensor.h:369] NewIPCTensor: full_emb [9449206, 32]0x100000002000 1.126 GB
/data/home/xieminhui/RecStore/src/framework_adapters/torch/python/perf_rec_model.py:152: DeprecationWarning: The 'warn' function is deprecated, use 'warning' instead
  XLOG.warn("After init DistEmbedding")
WARNING [5213 perf_rec_model.py:152] After init DistEmbedding
========== Running Perf with routine <function routine_local_cache_helper at 0x7f019a0ddb20>==========
Worker 1 pid=5578
Worker 2 pid=5579
Worker 3 pid=5580
Worker 4 pid=5581
Worker 5 pid=5582
Worker 6 pid=5583
INFO [5213 distributed_c10d.py:442] Added key: store_based_barrier_key:1 to store for rank: 0
INFO [5578 distributed_c10d.py:442] Added key: store_based_barrier_key:1 to store for rank: 1
INFO [5579 distributed_c10d.py:442] Added key: store_based_barrier_key:1 to store for rank: 2
INFO [5580 distributed_c10d.py:442] Added key: store_based_barrier_key:1 to store for rank: 3
INFO [5581 distributed_c10d.py:442] Added key: store_based_barrier_key:1 to store for rank: 4
INFO [5582 distributed_c10d.py:442] Added key: store_based_barrier_key:1 to store for rank: 5
INFO [5583 distributed_c10d.py:442] Added key: store_based_barrier_key:1 to store for rank: 6
INFO [5584 distributed_c10d.py:442] Added key: store_based_barrier_key:1 to store for rank: 7
INFO [5582 distributed_c10d.py:476] Rank 5: Completed store-based barrier for key:store_based_barrier_key:1 with 8 nodes.
INFO [5581 distributed_c10d.py:476] Rank 4: Completed store-based barrier for key:store_based_barrier_key:1 with 8 nodes.
INFO [5213 distributed_c10d.py:476] Rank 0: Completed store-based barrier for key:store_based_barrier_key:1 with 8 nodes.
INFO [5583 distributed_c10d.py:476] Rank 6: Completed store-based barrier for key:store_based_barrier_key:1 with 8 nodes.
INFO [5584 distributed_c10d.py:476] Rank 7: Completed store-based barrier for key:store_based_barrier_key:1 with 8 nodes.
INFO [5580 distributed_c10d.py:476] Rank 3: Completed store-based barrier for key:store_based_barrier_key:1 with 8 nodes.
INFO [5578 distributed_c10d.py:476] Rank 1: Completed store-based barrier for key:store_based_barrier_key:1 with 8 nodes.
E20240220 15:53:39.750291  5582 IPCTensor.h:348] IPCTensor full_emb already exists
E20240220 15:53:39.750464  5213 IPCTensor.h:348] IPCTensor full_emb already exists
E20240220 15:53:39.750555  5584 IPCTensor.h:348] IPCTensor full_emb already exists
E20240220 15:53:39.750758  5583 IPCTensor.h:348] IPCTensor full_emb already exists
INFO [5579 distributed_c10d.py:476] Rank 2: Completed store-based barrier for key:store_based_barrier_key:1 with 8 nodes.
E20240220 15:53:39.751116  5581 IPCTensor.h:348] IPCTensor full_emb already exists
E20240220 15:53:39.751154  5580 IPCTensor.h:348] IPCTensor full_emb already exists
E20240220 15:53:39.751164  5578 IPCTensor.h:348] IPCTensor full_emb already exists
E20240220 15:53:39.751485  5579 IPCTensor.h:348] IPCTensor full_emb already exists
W20240220 15:53:45.576846  5584 IPCTensor.h:409] NewIPCGPUTensor: embedding_cache_7 [472460, 32]; dev=7; size=57.67 MB
W20240220 15:53:45.582135  5579 IPCTensor.h:409] NewIPCGPUTensor: embedding_cache_2 [472460, 32]; dev=2; size=57.67 MB
W20240220 15:53:45.582285  5582 IPCTensor.h:409] NewIPCGPUTensor: embedding_cache_5 [472460, 32]; dev=5; size=57.67 MB
W20240220 15:53:45.582293  5583 IPCTensor.h:409] NewIPCGPUTensor: embedding_cache_6 [472460, 32]; dev=6; size=57.67 MB
W20240220 15:53:45.582370  5213 IPCTensor.h:409] NewIPCGPUTensor: embedding_cache_0 [472460, 32]; dev=0; size=57.67 MB
W20240220 15:53:45.582345  5578 IPCTensor.h:409] NewIPCGPUTensor: embedding_cache_1 [472460, 32]; dev=1; size=57.67 MB
W20240220 15:53:45.582345  5581 IPCTensor.h:409] NewIPCGPUTensor: embedding_cache_4 [472460, 32]; dev=4; size=57.67 MB
W20240220 15:53:45.582341  5580 IPCTensor.h:409] NewIPCGPUTensor: embedding_cache_3 [472460, 32]; dev=3; size=57.67 MB
W20240220 15:53:46.334142  5584 IPCTensor.h:369] NewIPCTensor: input_keys_7 [1000000]0x10004817d000 7.629 MB
W20240220 15:53:46.334403  5584 IPCTensor.h:369] NewIPCTensor: input_keys_neg_7 [1000000]0x100048920000 7.629 MB
W20240220 15:53:46.334448  5584 IPCTensor.h:369] NewIPCTensor: backward_grads_7 [1000000, 32]0x1000490c3000 122.1 MB
W20240220 15:53:46.334492  5584 IPCTensor.h:369] NewIPCTensor: backward_grads_neg_7 [1000000, 32]0x100050ad7000 122.1 MB
W20240220 15:53:46.334569  5584 IPCTensor.h:409] NewIPCGPUTensor: backward_grads_7_gpu [1000000, 32]; dev=7; size=122.1 MB
W20240220 15:53:46.340451  5584 IPCTensor.h:409] NewIPCGPUTensor: backward_grads_neg_7_gpu [1000000, 32]; dev=7; size=122.1 MB
W20240220 15:53:46.358142  5582 IPCTensor.h:369] NewIPCTensor: input_keys_5 [1000000]0x1000584f1000 7.629 MB
W20240220 15:53:46.358310  5582 IPCTensor.h:369] NewIPCTensor: input_keys_neg_5 [1000000]0x100058c94000 7.629 MB
W20240220 15:53:46.358376  5582 IPCTensor.h:369] NewIPCTensor: backward_grads_5 [1000000, 32]0x100059437000 122.1 MB
W20240220 15:53:46.358428  5582 IPCTensor.h:369] NewIPCTensor: backward_grads_neg_5 [1000000, 32]0x100060e4b000 122.1 MB
W20240220 15:53:46.358489  5582 IPCTensor.h:409] NewIPCGPUTensor: backward_grads_5_gpu [1000000, 32]; dev=5; size=122.1 MB
W20240220 15:53:46.358892  5582 IPCTensor.h:409] NewIPCGPUTensor: backward_grads_neg_5_gpu [1000000, 32]; dev=5; size=122.1 MB
W20240220 15:53:46.374866  5583 IPCTensor.h:369] NewIPCTensor: input_keys_6 [1000000]0x100068867000 7.629 MB
W20240220 15:53:46.374892  5580 IPCTensor.h:369] NewIPCTensor: input_keys_3 [1000000]0x10006900a000 7.629 MB
W20240220 15:53:46.375052  5583 IPCTensor.h:369] NewIPCTensor: input_keys_neg_6 [1000000]0x1000697ad000 7.629 MB
W20240220 15:53:46.375074  5580 IPCTensor.h:369] NewIPCTensor: input_keys_neg_3 [1000000]0x100069f50000 7.629 MB
W20240220 15:53:46.375114  5583 IPCTensor.h:369] NewIPCTensor: backward_grads_6 [1000000, 32]0x10006a6f3000 122.1 MB
W20240220 15:53:46.375147  5580 IPCTensor.h:369] NewIPCTensor: backward_grads_3 [1000000, 32]0x100072107000 122.1 MB
W20240220 15:53:46.375165  5583 IPCTensor.h:369] NewIPCTensor: backward_grads_neg_6 [1000000, 32]0x100079b1b000 122.1 MB
W20240220 15:53:46.375228  5580 IPCTensor.h:369] NewIPCTensor: backward_grads_neg_3 [1000000, 32]0x10008152f000 122.1 MB
W20240220 15:53:46.375236  5583 IPCTensor.h:409] NewIPCGPUTensor: backward_grads_6_gpu [1000000, 32]; dev=6; size=122.1 MB
W20240220 15:53:46.375310  5580 IPCTensor.h:409] NewIPCGPUTensor: backward_grads_3_gpu [1000000, 32]; dev=3; size=122.1 MB
W20240220 15:53:46.376147  5583 IPCTensor.h:409] NewIPCGPUTensor: backward_grads_neg_6_gpu [1000000, 32]; dev=6; size=122.1 MB
W20240220 15:53:46.376168  5580 IPCTensor.h:409] NewIPCGPUTensor: backward_grads_neg_3_gpu [1000000, 32]; dev=3; size=122.1 MB
W20240220 15:53:46.383767  5581 IPCTensor.h:369] NewIPCTensor: input_keys_4 [1000000]0x100088f4d000 7.629 MB
W20240220 15:53:46.383929  5581 IPCTensor.h:369] NewIPCTensor: input_keys_neg_4 [1000000]0x1000896f2000 7.629 MB
W20240220 15:53:46.383985  5581 IPCTensor.h:369] NewIPCTensor: backward_grads_4 [1000000, 32]0x100089e95000 122.1 MB
W20240220 15:53:46.384040  5581 IPCTensor.h:369] NewIPCTensor: backward_grads_neg_4 [1000000, 32]0x1000918a9000 122.1 MB
W20240220 15:53:46.384115  5579 IPCTensor.h:369] NewIPCTensor: input_keys_2 [1000000]0x1000992bd000 7.629 MB
W20240220 15:53:46.384127  5581 IPCTensor.h:409] NewIPCGPUTensor: backward_grads_4_gpu [1000000, 32]; dev=4; size=122.1 MB
W20240220 15:53:46.384258  5579 IPCTensor.h:369] NewIPCTensor: input_keys_neg_2 [1000000]0x100099a60000 7.629 MB
W20240220 15:53:46.384310  5579 IPCTensor.h:369] NewIPCTensor: backward_grads_2 [1000000, 32]0x10009a203000 122.1 MB
W20240220 15:53:46.384357  5579 IPCTensor.h:369] NewIPCTensor: backward_grads_neg_2 [1000000, 32]0x1000a1c17000 122.1 MB
W20240220 15:53:46.384411  5579 IPCTensor.h:409] NewIPCGPUTensor: backward_grads_2_gpu [1000000, 32]; dev=2; size=122.1 MB
W20240220 15:53:46.384712  5581 IPCTensor.h:409] NewIPCGPUTensor: backward_grads_neg_4_gpu [1000000, 32]; dev=4; size=122.1 MB
W20240220 15:53:46.384814  5579 IPCTensor.h:409] NewIPCGPUTensor: backward_grads_neg_2_gpu [1000000, 32]; dev=2; size=122.1 MB
W20240220 15:53:46.389070  5213 IPCTensor.h:369] NewIPCTensor: input_keys_0 [1000000]0x1000a9635000 7.629 MB
W20240220 15:53:46.389281  5213 IPCTensor.h:369] NewIPCTensor: input_keys_neg_0 [1000000]0x1000a9dd8000 7.629 MB
W20240220 15:53:46.389355  5213 IPCTensor.h:369] NewIPCTensor: backward_grads_0 [1000000, 32]0x1000aa57b000 122.1 MB
W20240220 15:53:46.389407  5213 IPCTensor.h:369] NewIPCTensor: backward_grads_neg_0 [1000000, 32]0x1000b1f8f000 122.1 MB
W20240220 15:53:46.389446  5213 IPCTensor.h:409] NewIPCGPUTensor: backward_grads_0_gpu [1000000, 32]; dev=0; size=122.1 MB
W20240220 15:53:46.389807  5213 IPCTensor.h:409] NewIPCGPUTensor: backward_grads_neg_0_gpu [1000000, 32]; dev=0; size=122.1 MB
W20240220 15:53:46.543897  5578 IPCTensor.h:369] NewIPCTensor: input_keys_1 [1000000]0x1000b99a9000 7.629 MB
W20240220 15:53:46.544257  5578 IPCTensor.h:369] NewIPCTensor: input_keys_neg_1 [1000000]0x1000ba14c000 7.629 MB
W20240220 15:53:46.544437  5578 IPCTensor.h:369] NewIPCTensor: backward_grads_1 [1000000, 32]0x1000ba8ef000 122.1 MB
W20240220 15:53:46.544557  5578 IPCTensor.h:369] NewIPCTensor: backward_grads_neg_1 [1000000, 32]0x1000c2303000 122.1 MB
W20240220 15:53:46.544711  5578 IPCTensor.h:409] NewIPCGPUTensor: backward_grads_1_gpu [1000000, 32]; dev=1; size=122.1 MB
W20240220 15:53:46.732592  5578 IPCTensor.h:409] NewIPCGPUTensor: backward_grads_neg_1_gpu [1000000, 32]; dev=1; size=122.1 MB
cudaHostRegister 0x100000002000
6: KnownLocalCachedEmbedding init done
cudaHostRegister 0x100000002000
2: KnownLocalCachedEmbedding init done
cudaHostRegister 0x100000002000
3: KnownLocalCachedEmbedding init done
cudaHostRegister 0x100000002000
1: KnownLocalCachedEmbedding init done
cudaHostRegister 0x100000002000
7: KnownLocalCachedEmbedding init done
cudaHostRegister 0x100000002000
4: KnownLocalCachedEmbedding init done
Worker 7 pid=5584
New CachedEmbedding, name=full_emb, shape=(9449206, 32), cache_type=KnownLocalCachedEmbedding
fixed cache_range is [(0, 472460), (472460, 944920), (944920, 1417380), (1417380, 1889840), (1889840, 2362300), (2362300, 2834760), (2834760, 3307220), (3307220, 3779680)]
cudaHostRegister 0x100000002000
0: KnownLocalCachedEmbedding init done
cudaHostRegister 0x100000002000
5: KnownLocalCachedEmbedding init done
W20240220 15:53:53.334759  5581 IPCTensor.h:369] NewIPCTensor: cached_sampler_r4_0 [1000000]0x1000c9d1b000 7.629 MB
W20240220 15:53:53.334985  5581 IPCTensor.h:369] NewIPCTensor: cached_sampler_r4_1 [1000000]0x1000ca4be000 7.629 MB
W20240220 15:53:53.335078  5581 IPCTensor.h:369] NewIPCTensor: cached_sampler_r4_2 [1000000]0x1000cac61000 7.629 MB
W20240220 15:53:53.335126  5581 IPCTensor.h:369] NewIPCTensor: cached_sampler_r4_3 [1000000]0x1000cb404000 7.629 MB
W20240220 15:53:53.335182  5581 IPCTensor.h:369] NewIPCTensor: cached_sampler_r4_4 [1000000]0x1000cbba7000 7.629 MB
W20240220 15:53:53.335240  5581 IPCTensor.h:369] NewIPCTensor: cached_sampler_r4_5 [1000000]0x1000cc34a000 7.629 MB
W20240220 15:53:53.335294  5581 IPCTensor.h:369] NewIPCTensor: cached_sampler_r4_6 [1000000]0x1000ccaed000 7.629 MB
W20240220 15:53:53.335363  5581 IPCTensor.h:369] NewIPCTensor: cached_sampler_r4_7 [1000000]0x1000cd290000 7.629 MB
W20240220 15:53:53.335424  5581 IPCTensor.h:369] NewIPCTensor: cached_sampler_r4_8 [1000000]0x1000cda33000 7.629 MB
W20240220 15:53:53.335474  5581 IPCTensor.h:369] NewIPCTensor: cached_sampler_r4_9 [1000000]0x1000ce1d6000 7.629 MB
W20240220 15:53:53.335534  5581 IPCTensor.h:369] NewIPCTensor: step_r4 [10]0x1000ce979000 80 B 
W20240220 15:53:53.335580  5581 IPCTensor.h:369] NewIPCTensor: circle_buffer_end_r4 [1]0x1000ce97b000 8 B 
W20240220 15:53:53.335625  5581 IPCTensor.h:369] NewIPCTensor: circle_buffer_end_cppseen_r4 [1]0x1000ce97d000 8 B 
Dataset:  /home/xieminhui/RecStoreDataset/avazu_binary
Dataset loaded
np.max =  9449205
np.min=  1
Construct RecModelSampler done
I20240220 15:53:53.336145  5581 IPC_barrier.h:118] CreateBarrier: new barrier, name: kgcachecontroller, count: 8
W20240220 15:53:53.357410  5583 IPCTensor.h:369] NewIPCTensor: cached_sampler_r6_0 [1000000]0x1000ce97f000 7.629 MB
W20240220 15:53:53.357581  5583 IPCTensor.h:369] NewIPCTensor: cached_sampler_r6_1 [1000000]0x1000cf122000 7.629 MB
W20240220 15:53:53.357666  5583 IPCTensor.h:369] NewIPCTensor: cached_sampler_r6_2 [1000000]0x1000cf8c5000 7.629 MB
W20240220 15:53:53.357715  5583 IPCTensor.h:369] NewIPCTensor: cached_sampler_r6_3 [1000000]0x1000d0068000 7.629 MB
W20240220 15:53:53.357767  5583 IPCTensor.h:369] NewIPCTensor: cached_sampler_r6_4 [1000000]0x1000d080b000 7.629 MB
W20240220 15:53:53.357818  5583 IPCTensor.h:369] NewIPCTensor: cached_sampler_r6_5 [1000000]0x1000d0fae000 7.629 MB
W20240220 15:53:53.357869  5583 IPCTensor.h:369] NewIPCTensor: cached_sampler_r6_6 [1000000]0x1000d1751000 7.629 MB
W20240220 15:53:53.357929  5583 IPCTensor.h:369] NewIPCTensor: cached_sampler_r6_7 [1000000]0x1000d1ef4000 7.629 MB
W20240220 15:53:53.357990  5583 IPCTensor.h:369] NewIPCTensor: cached_sampler_r6_8 [1000000]0x1000d2697000 7.629 MB
W20240220 15:53:53.358031  5583 IPCTensor.h:369] NewIPCTensor: cached_sampler_r6_9 [1000000]0x1000d2e3a000 7.629 MB
W20240220 15:53:53.358084  5583 IPCTensor.h:369] NewIPCTensor: step_r6 [10]0x1000d35dd000 80 B 
W20240220 15:53:53.358127  5583 IPCTensor.h:369] NewIPCTensor: circle_buffer_end_r6 [1]0x1000d35df000 8 B 
W20240220 15:53:53.358170  5583 IPCTensor.h:369] NewIPCTensor: circle_buffer_end_cppseen_r6 [1]0x1000d35e1000 8 B 
Dataset:  /home/xieminhui/RecStoreDataset/avazu_binary
Dataset loaded
np.max =  9449205
np.min=  1
Construct RecModelSampler done
I20240220 15:53:53.358538  5583 IPC_barrier.h:112] CreateBarrier: find existing barrier, name: kgcachecontroller, count: 8
W20240220 15:53:53.418215  5584 IPCTensor.h:369] NewIPCTensor: cached_sampler_r7_0 [1000000]0x1000d35e3000 7.629 MB
W20240220 15:53:53.418413  5584 IPCTensor.h:369] NewIPCTensor: cached_sampler_r7_1 [1000000]0x1000d3d86000 7.629 MB
W20240220 15:53:53.418495  5584 IPCTensor.h:369] NewIPCTensor: cached_sampler_r7_2 [1000000]0x1000d4529000 7.629 MB
W20240220 15:53:53.418545  5584 IPCTensor.h:369] NewIPCTensor: cached_sampler_r7_3 [1000000]0x1000d4ccc000 7.629 MB
W20240220 15:53:53.418598  5584 IPCTensor.h:369] NewIPCTensor: cached_sampler_r7_4 [1000000]0x1000d546f000 7.629 MB
W20240220 15:53:53.418649  5584 IPCTensor.h:369] NewIPCTensor: cached_sampler_r7_5 [1000000]0x1000d5c12000 7.629 MB
W20240220 15:53:53.418701  5584 IPCTensor.h:369] NewIPCTensor: cached_sampler_r7_6 [1000000]0x1000d63b5000 7.629 MB
W20240220 15:53:53.418766  5584 IPCTensor.h:369] NewIPCTensor: cached_sampler_r7_7 [1000000]0x1000d6b58000 7.629 MB
W20240220 15:53:53.418826  5584 IPCTensor.h:369] NewIPCTensor: cached_sampler_r7_8 [1000000]0x1000d72fb000 7.629 MB
W20240220 15:53:53.418869  5584 IPCTensor.h:369] NewIPCTensor: cached_sampler_r7_9 [1000000]0x1000d7a9e000 7.629 MB
W20240220 15:53:53.418928  5584 IPCTensor.h:369] NewIPCTensor: step_r7 [10]0x1000d8241000 80 B 
W20240220 15:53:53.418973  5584 IPCTensor.h:369] NewIPCTensor: circle_buffer_end_r7 [1]0x1000d8243000 8 B 
W20240220 15:53:53.419018  5584 IPCTensor.h:369] NewIPCTensor: circle_buffer_end_cppseen_r7 [1]0x1000d8245000 8 B 
Dataset:  /home/xieminhui/RecStoreDataset/avazu_binary
Dataset loaded
np.max =  9449205
np.min=  1
Construct RecModelSampler done
I20240220 15:53:53.419426  5584 IPC_barrier.h:112] CreateBarrier: find existing barrier, name: kgcachecontroller, count: 8
W20240220 15:53:53.421015  5578 IPCTensor.h:369] NewIPCTensor: cached_sampler_r1_0 [1000000]0x1000d8247000 7.629 MB
W20240220 15:53:53.421180  5578 IPCTensor.h:369] NewIPCTensor: cached_sampler_r1_1 [1000000]0x1000d89ea000 7.629 MB
W20240220 15:53:53.421273  5578 IPCTensor.h:369] NewIPCTensor: cached_sampler_r1_2 [1000000]0x1000d918d000 7.629 MB
W20240220 15:53:53.421324  5578 IPCTensor.h:369] NewIPCTensor: cached_sampler_r1_3 [1000000]0x1000d9930000 7.629 MB
W20240220 15:53:53.421379  5578 IPCTensor.h:369] NewIPCTensor: cached_sampler_r1_4 [1000000]0x1000da0d3000 7.629 MB
W20240220 15:53:53.421439  5578 IPCTensor.h:369] NewIPCTensor: cached_sampler_r1_5 [1000000]0x1000da876000 7.629 MB
W20240220 15:53:53.421496  5578 IPCTensor.h:369] NewIPCTensor: cached_sampler_r1_6 [1000000]0x1000db019000 7.629 MB
W20240220 15:53:53.421556  5578 IPCTensor.h:369] NewIPCTensor: cached_sampler_r1_7 [1000000]0x1000db7bc000 7.629 MB
W20240220 15:53:53.421622  5578 IPCTensor.h:369] NewIPCTensor: cached_sampler_r1_8 [1000000]0x1000dbf5f000 7.629 MB
W20240220 15:53:53.421670  5578 IPCTensor.h:369] NewIPCTensor: cached_sampler_r1_9 [1000000]0x1000dc702000 7.629 MB
W20240220 15:53:53.421730  5578 IPCTensor.h:369] NewIPCTensor: step_r1 [10]0x1000dcea5000 80 B 
W20240220 15:53:53.421772  5578 IPCTensor.h:369] NewIPCTensor: circle_buffer_end_r1 [1]0x1000dcea7000 8 B 
W20240220 15:53:53.421820  5578 IPCTensor.h:369] NewIPCTensor: circle_buffer_end_cppseen_r1 [1]0x1000dcea9000 8 B 
Dataset:  /home/xieminhui/RecStoreDataset/avazu_binary
Dataset loaded
np.max =  9449205
np.min=  1
Construct RecModelSampler done
I20240220 15:53:53.422158  5578 IPC_barrier.h:112] CreateBarrier: find existing barrier, name: kgcachecontroller, count: 8
W20240220 15:53:53.512779  5580 IPCTensor.h:369] NewIPCTensor: cached_sampler_r3_0 [1000000]0x1000dceab000 7.629 MB
W20240220 15:53:53.512992  5580 IPCTensor.h:369] NewIPCTensor: cached_sampler_r3_1 [1000000]0x1000dd64e000 7.629 MB
W20240220 15:53:53.513098  5580 IPCTensor.h:369] NewIPCTensor: cached_sampler_r3_2 [1000000]0x1000dddf1000 7.629 MB
W20240220 15:53:53.513160  5580 IPCTensor.h:369] NewIPCTensor: cached_sampler_r3_3 [1000000]0x1000de594000 7.629 MB
W20240220 15:53:53.513219  5580 IPCTensor.h:369] NewIPCTensor: cached_sampler_r3_4 [1000000]0x1000ded37000 7.629 MB
W20240220 15:53:53.513275  5580 IPCTensor.h:369] NewIPCTensor: cached_sampler_r3_5 [1000000]0x1000df4da000 7.629 MB
W20240220 15:53:53.513332  5580 IPCTensor.h:369] NewIPCTensor: cached_sampler_r3_6 [1000000]0x1000dfc7d000 7.629 MB
W20240220 15:53:53.513399  5580 IPCTensor.h:369] NewIPCTensor: cached_sampler_r3_7 [1000000]0x1000e0420000 7.629 MB
W20240220 15:53:53.513473  5580 IPCTensor.h:369] NewIPCTensor: cached_sampler_r3_8 [1000000]0x1000e0bc3000 7.629 MB
W20240220 15:53:53.513528  5580 IPCTensor.h:369] NewIPCTensor: cached_sampler_r3_9 [1000000]0x1000e1366000 7.629 MB
W20240220 15:53:53.513593  5580 IPCTensor.h:369] NewIPCTensor: step_r3 [10]0x1000e1b09000 80 B 
W20240220 15:53:53.513643  5580 IPCTensor.h:369] NewIPCTensor: circle_buffer_end_r3 [1]0x1000e1b0b000 8 B 
W20240220 15:53:53.513695  5580 IPCTensor.h:369] NewIPCTensor: circle_buffer_end_cppseen_r3 [1]0x1000e1b0d000 8 B 
Dataset:  /home/xieminhui/RecStoreDataset/avazu_binary
Dataset loaded
np.max =  9449205
np.min=  1
Construct RecModelSampler done
I20240220 15:53:53.514106  5580 IPC_barrier.h:112] CreateBarrier: find existing barrier, name: kgcachecontroller, count: 8
W20240220 15:53:53.532493  5213 IPCTensor.h:369] NewIPCTensor: cached_sampler_r0_0 [1000000]0x1000e1b0f000 7.629 MB
W20240220 15:53:53.532696  5213 IPCTensor.h:369] NewIPCTensor: cached_sampler_r0_1 [1000000]0x1000e22b2000 7.629 MB
W20240220 15:53:53.532748  5213 IPCTensor.h:369] NewIPCTensor: cached_sampler_r0_2 [1000000]0x1000e2a55000 7.629 MB
W20240220 15:53:53.532800  5213 IPCTensor.h:369] NewIPCTensor: cached_sampler_r0_3 [1000000]0x1000e31f8000 7.629 MB
W20240220 15:53:53.532868  5213 IPCTensor.h:369] NewIPCTensor: cached_sampler_r0_4 [1000000]0x1000e399b000 7.629 MB
W20240220 15:53:53.532938  5213 IPCTensor.h:369] NewIPCTensor: cached_sampler_r0_5 [1000000]0x1000e413e000 7.629 MB
W20240220 15:53:53.533002  5213 IPCTensor.h:369] NewIPCTensor: cached_sampler_r0_6 [1000000]0x1000e48e1000 7.629 MB
W20240220 15:53:53.533066  5213 IPCTensor.h:369] NewIPCTensor: cached_sampler_r0_7 [1000000]0x1000e5084000 7.629 MB
W20240220 15:53:53.533124  5213 IPCTensor.h:369] NewIPCTensor: cached_sampler_r0_8 [1000000]0x1000e5827000 7.629 MB
W20240220 15:53:53.533206  5213 IPCTensor.h:369] NewIPCTensor: cached_sampler_r0_9 [1000000]0x1000e5fca000 7.629 MB
W20240220 15:53:53.533246  5213 IPCTensor.h:369] NewIPCTensor: step_r0 [10]0x1000e676d000 80 B 
W20240220 15:53:53.533285  5213 IPCTensor.h:369] NewIPCTensor: circle_buffer_end_r0 [1]0x1000e676f000 8 B 
W20240220 15:53:53.533321  5213 IPCTensor.h:369] NewIPCTensor: circle_buffer_end_cppseen_r0 [1]0x1000e6771000 8 B 
Dataset:  /home/xieminhui/RecStoreDataset/avazu_binary
Dataset loaded
np.max =  9449205
np.min=  1
Construct RecModelSampler done
I20240220 15:53:53.533646  5213 IPC_barrier.h:112] CreateBarrier: find existing barrier, name: kgcachecontroller, count: 8
W20240220 15:53:53.553417  5582 IPCTensor.h:369] NewIPCTensor: cached_sampler_r5_0 [1000000]0x1000e6773000 7.629 MB
W20240220 15:53:53.553580  5582 IPCTensor.h:369] NewIPCTensor: cached_sampler_r5_1 [1000000]0x1000e6f16000 7.629 MB
W20240220 15:53:53.553663  5582 IPCTensor.h:369] NewIPCTensor: cached_sampler_r5_2 [1000000]0x1000e76b9000 7.629 MB
W20240220 15:53:53.553714  5582 IPCTensor.h:369] NewIPCTensor: cached_sampler_r5_3 [1000000]0x1000e7e5c000 7.629 MB
W20240220 15:53:53.553768  5582 IPCTensor.h:369] NewIPCTensor: cached_sampler_r5_4 [1000000]0x1000e85ff000 7.629 MB
W20240220 15:53:53.553822  5582 IPCTensor.h:369] NewIPCTensor: cached_sampler_r5_5 [1000000]0x1000e8da2000 7.629 MB
W20240220 15:53:53.553882  5582 IPCTensor.h:369] NewIPCTensor: cached_sampler_r5_6 [1000000]0x1000e9545000 7.629 MB
W20240220 15:53:53.553956  5582 IPCTensor.h:369] NewIPCTensor: cached_sampler_r5_7 [1000000]0x1000e9ce8000 7.629 MB
W20240220 15:53:53.554023  5582 IPCTensor.h:369] NewIPCTensor: cached_sampler_r5_8 [1000000]0x1000ea48b000 7.629 MB
W20240220 15:53:53.554069  5582 IPCTensor.h:369] NewIPCTensor: cached_sampler_r5_9 [1000000]0x1000eac2e000 7.629 MB
W20240220 15:53:53.554126  5582 IPCTensor.h:369] NewIPCTensor: step_r5 [10]0x1000eb3d1000 80 B 
W20240220 15:53:53.554168  5582 IPCTensor.h:369] NewIPCTensor: circle_buffer_end_r5 [1]0x1000eb3d3000 8 B 
W20240220 15:53:53.554214  5582 IPCTensor.h:369] NewIPCTensor: circle_buffer_end_cppseen_r5 [1]0x1000eb3d5000 8 B 
Dataset:  /home/xieminhui/RecStoreDataset/avazu_binary
Dataset loaded
np.max =  9449205
np.min=  1
Construct RecModelSampler done
I20240220 15:53:53.554533  5582 IPC_barrier.h:112] CreateBarrier: find existing barrier, name: kgcachecontroller, count: 8
W20240220 15:53:53.559561  5579 IPCTensor.h:369] NewIPCTensor: cached_sampler_r2_0 [1000000]0x1000eb3d7000 7.629 MB
W20240220 15:53:53.559757  5579 IPCTensor.h:369] NewIPCTensor: cached_sampler_r2_1 [1000000]0x1000ebb7a000 7.629 MB
W20240220 15:53:53.559863  5579 IPCTensor.h:369] NewIPCTensor: cached_sampler_r2_2 [1000000]0x1000ec31d000 7.629 MB
W20240220 15:53:53.559937  5579 IPCTensor.h:369] NewIPCTensor: cached_sampler_r2_3 [1000000]0x1000ecac0000 7.629 MB
W20240220 15:53:53.560002  5579 IPCTensor.h:369] NewIPCTensor: cached_sampler_r2_4 [1000000]0x1000ed263000 7.629 MB
W20240220 15:53:53.560101  5579 IPCTensor.h:369] NewIPCTensor: cached_sampler_r2_5 [1000000]0x1000eda06000 7.629 MB
W20240220 15:53:53.560173  5579 IPCTensor.h:369] NewIPCTensor: cached_sampler_r2_6 [1000000]0x1000ee1a9000 7.629 MB
W20240220 15:53:53.560249  5579 IPCTensor.h:369] NewIPCTensor: cached_sampler_r2_7 [1000000]0x1000ee94c000 7.629 MB
W20240220 15:53:53.560320  5579 IPCTensor.h:369] NewIPCTensor: cached_sampler_r2_8 [1000000]0x1000ef0ef000 7.629 MB
W20240220 15:53:53.560374  5579 IPCTensor.h:369] NewIPCTensor: cached_sampler_r2_9 [1000000]0x1000ef892000 7.629 MB
W20240220 15:53:53.560454  5579 IPCTensor.h:369] NewIPCTensor: step_r2 [10]0x1000f0035000 80 B 
W20240220 15:53:53.560505  5579 IPCTensor.h:369] NewIPCTensor: circle_buffer_end_r2 [1]0x1000f0037000 8 B 
W20240220 15:53:53.560557  5579 IPCTensor.h:369] NewIPCTensor: circle_buffer_end_cppseen_r2 [1]0x1000f0039000 8 B 
Dataset:  /home/xieminhui/RecStoreDataset/avazu_binary
Dataset loaded
np.max =  9449205
np.min=  1
Construct RecModelSampler done
I20240220 15:53:53.560923  5579 IPC_barrier.h:112] CreateBarrier: find existing barrier, name: kgcachecontroller, count: 8
W20240220 15:53:53.562923  5213 grad_base.h:55] KGCacheController, config={
        "num_gpus": 8,
        "L": 10,
        "kForwardItersPerStep": 1,
        "clr": 0.01,
        "backwardMode": "CppAsyncV2",
        "nr_background_threads": 16, 
        "cache_ratio": 0.05,
        "backgrad_init": "both",
        "update_pq_use_omp": 2,
        "kUpdatePqWorkerNum": 8
    }
W20240220 15:53:53.563169  5213 grad_base.h:184] Init GradProcessingBase done
I20240220 15:53:54.824548  5213 grad_async_v2.h:42] Use main thread to update emb.
W20240220 15:53:54.824879  5213 kg_controller.h:78] after init GradAsyncProcessingV2
I20240220 15:53:54.824892  5213 kg_controller.h:84] Construct KGCacheController done
E20240220 15:53:55.744760  5579 recstore.cc:67] init folly done
Construct KGCacheControllerWrapper done
E20240220 15:53:55.744948  5583 recstore.cc:67] init folly done
Construct KGCacheControllerWrapper done
E20240220 15:53:55.745059  5584 recstore.cc:67] init folly done
E20240220 15:53:55.745064  5581 recstore.cc:67] init folly done
E20240220 15:53:55.745064  5578 recstore.cc:67] init folly done
E20240220 15:53:55.745064  5582 recstore.cc:67] init folly done
E20240220 15:53:55.745067  5213 recstore.cc:67] init folly done
Construct KGCacheControllerWrapper done
E20240220 15:53:55.745064  5580 recstore.cc:67] init folly done
Construct KGCacheControllerWrapper done
Construct KGCacheControllerWrapper done
Construct KGCacheControllerWrapper done
Construct KGCacheControllerWrapper done
Construct KGCacheControllerWrapper done
I20240220 15:53:55.746140  5213 grad_base.h:60] GraphEnv RegTensorsPerProcess
W20240220 15:53:56.720500  7585 grad_async_v2.h:137] Detect new sample comes, old_end0, new_end1
E20240220 15:53:56.721071  7585 parallel_pq_v2.h:79] insert failed, size(hashtable)=0
Before Training
I20240220 15:53:59.085615  5578 IPC_barrier.h:118] CreateBarrier: new barrier, name: start_barrier, count: 8
Before Training
Before Training
Before Training
I20240220 15:53:59.085983  5579 IPC_barrier.h:112] CreateBarrier: find existing barrier, name: start_barrier, count: 8
I20240220 15:53:59.086027  5213 IPC_barrier.h:112] CreateBarrier: find existing barrier, name: start_barrier, count: 8
I20240220 15:53:59.086074  5580 IPC_barrier.h:112] CreateBarrier: find existing barrier, name: start_barrier, count: 8
Before Training
Before Training
I20240220 15:53:59.086344  5581 IPC_barrier.h:112] CreateBarrier: find existing barrier, name: start_barrier, count: 8
I20240220 15:53:59.086396  5584 IPC_barrier.h:112] CreateBarrier: find existing barrier, name: start_barrier, count: 8
Before Training
I20240220 15:53:59.087304  5582 IPC_barrier.h:112] CreateBarrier: find existing barrier, name: start_barrier, count: 8
Before Training
I20240220 15:53:59.089816  5583 IPC_barrier.h:112] CreateBarrier: find existing barrier, name: start_barrier, count: 8
W20240220 15:53:59.092553  7585 grad_async_v2.h:137] Detect new sample comes, old_end0, new_end1
E20240220 15:53:59.092873  7585 parallel_pq_v2.h:79] insert failed, size(hashtable)=1
========== Step 0 ========== 
+---------------------------+---------------------------+---------------------------+
| Name                      | P50                       | P99                       |
+---------------------------+---------------------------+---------------------------+
| clean                     | 139.378 us                | 1.050 ms                  |
| ProcessBack:Shuffle       | 478.141 ms                | 478.141 ms                |
+---------------------------+---------------------------+---------------------------+
E20240220 15:54:00.983675  8046 parallel_pq_v2.h:79] insert failed, size(hashtable)=0
W20240220 15:54:01.026949  5213 grad_async_v2.h:270] Sleep in <BlockToStepN>, step_no=1, pq.top=1
W20240220 15:54:01.083348  7585 grad_async_v2.h:137] Detect new sample comes, old_end1, new_end2
========== Step 1 ========== 
INFO [5213 distributed.py:1140] Reducer buckets have been rebuilt in this iteration.
INFO [5581 distributed.py:1140] Reducer buckets have been rebuilt in this iteration.
INFO [5579 distributed.py:1140] Reducer buckets have been rebuilt in this iteration.
INFO [5578 distributed.py:1140] Reducer buckets have been rebuilt in this iteration.
INFO [5583 distributed.py:1140] Reducer buckets have been rebuilt in this iteration.
INFO [5580 distributed.py:1140] Reducer buckets have been rebuilt in this iteration.
INFO [5584 distributed.py:1140] Reducer buckets have been rebuilt in this iteration.
INFO [5582 distributed.py:1140] Reducer buckets have been rebuilt in this iteration.
========== Step 2 ========== 
W20240220 15:54:01.120833  5213 grad_async_v2.h:257] pq is empty
========== Step 3 ========== 
========== Step 4 ========== 
========== Step 5 ========== 
========== Step 6 ========== 
W20240220 15:54:01.156472  5213 grad_async_v2.h:257] pq is empty
========== Step 7 ========== 
========== Step 8 ========== 
W20240220 15:54:01.175814  5213 grad_async_v2.h:257] pq is empty
========== Step 9 ========== 
W20240220 15:54:01.184446  5213 grad_async_v2.h:257] pq is empty
========== Step 10 ========== 
========== Step 11 ========== 
E20240220 15:54:01.200707  5213 grad_async_v2.h:404] Stalled in ProcessBackward: rank=0, step_no=11, sample_step_cpp_seen_[rank]=10
========== Step 12 ========== 
========== Step 13 ========== 
========== Step 14 ========== 
========== Step 15 ========== 
========== Step 16 ========== 
========== Step 17 ========== 
========== Step 18 ========== 
========== Step 19 ========== 
========== Step 20 ========== 
W20240220 15:54:01.741508  5213 grad_async_v2.h:257] pq is empty
========== Step 21 ========== 
========== Step 22 ========== 
========== Step 23 ========== 
========== Step 24 ========== 
E20240220 15:54:01.983068  7585 parallel_pq_v2.h:79] insert failed, size(hashtable)=2
========== Step 25 ========== 
========== Step 26 ========== 
========== Step 27 ========== 
========== Step 28 ========== 
========== Step 29 ========== 
W20240220 15:54:02.092723  7585 grad_async_v2.h:137] Detect new sample comes, old_end5, new_end0
========== Step 30 ========== 
========== Step 31 ========== 
========== Step 32 ========== 
========== Step 33 ========== 
========== Step 34 ========== 
========== Step 35 ========== 
========== Step 36 ========== 
========== Step 37 ========== 
========== Step 38 ========== 
========== Step 39 ========== 
========== Step 40 ========== 
========== Step 41 ========== 
========== Step 42 ========== 
========== Step 43 ========== 
========== Step 44 ========== 
========== Step 45 ========== 
========== Step 46 ========== 
========== Step 47 ========== 
========== Step 48 ========== 
========== Step 49 ========== 
========== Step 50 ========== 
========== Step 51 ========== 
========== Step 52 ========== 
========== Step 53 ========== 
========== Step 54 ========== 
========== Step 55 ========== 
========== Step 56 ========== 
W20240220 15:54:02.945209  5213 grad_async_v2.h:257] pq is empty
========== Step 57 ========== 
========== Step 58 ========== 
========== Step 59 ========== 
E20240220 15:54:02.983239  7585 parallel_pq_v2.h:79] insert failed, size(hashtable)=1
========== Step 60 ========== 
W20240220 15:54:03.215536  7585 grad_async_v2.h:137] Detect new sample comes, old_end0, new_end1
========== Step 61 ========== 
========== Step 62 ========== 
========== Step 63 ========== 
W20240220 15:54:03.386174  5213 grad_async_v2.h:257] pq is empty
========== Step 64 ========== 
========== Step 65 ========== 
W20240220 15:54:03.417086  5213 grad_async_v2.h:257] pq is empty
========== Step 66 ========== 
========== Step 67 ========== 
========== Step 68 ========== 
========== Step 69 ========== 
========== Step 70 ========== 
========== Step 71 ========== 
+---------------------------+---------------------------+---------------------------+
| Name                      | P50                       | P99                       |
+---------------------------+---------------------------+---------------------------+
| GenInput:CircleBuffer     | 102.702 us                | 197.471 us                |
| GenInput                  | 463.657 us                | 7.714 ms                  |
| NN                        | 906.568 us                | 3.625 ms                  |
| Forward                   | 1.110 ms                  | 4.072 ms                  |
| Backward                  | 2.583 ms                  | 8.638 ms                  |
| Optimize                  | 250.496 us                | 2.044 ms                  |
| BarrierTimeBeforeRank0    | 297.362 us                | 2.573 ms                  |
| AfterBackward             | 4.682 ms                  | 315.467 ms                |
| BlockToStepN              | 184.636 us                | 521.975 us                |
| OneStep                   | 10.363 ms                 | 323.852 ms                |
+---------------------------+---------------------------+---------------------------+
========== Step 72 ========== 
========== Step 73 ========== 
========== Step 74 ========== 
========== Step 75 ========== 
========== Step 76 ========== 
========== Step 77 ========== 
========== Step 78 ========== 
========== Step 79 ========== 
========== Step 80 ========== 
W20240220 15:54:03.792815  5213 grad_async_v2.h:257] pq is empty
========== Step 81 ========== 
========== Step 82 ========== 
========== Step 83 ========== 
========== Step 84 ========== 
========== Step 85 ========== 
========== Step 86 ========== 
========== Step 87 ========== 
E20240220 15:54:03.983085  7585 parallel_pq_v2.h:79] insert failed, size(hashtable)=1
W20240220 15:54:04.222028  7585 grad_async_v2.h:137] Detect new sample comes, old_end3, new_end8
========== Step 88 ========== 
========== Step 89 ========== 
========== Step 90 ========== 
========== Step 91 ========== 
W20240220 15:54:04.342857  5213 grad_async_v2.h:257] pq is empty
========== Step 92 ========== 
========== Step 93 ========== 
========== Step 94 ========== 
========== Step 95 ========== 
========== Step 96 ========== 
========== Step 97 ========== 
========== Step 98 ========== 
========== Step 99 ========== 
Step99:rank0, time: 17.597, per_step: 0.175974
Step99:rank3, time: 17.597, per_step: 0.175974
Step99:rank5, time: 17.598, per_step: 0.175975
Step99:rank2, time: 17.597, per_step: 0.175974
Step99:rank1, time: 17.597, per_step: 0.175974
Step99:rank4, time: 17.597, per_step: 0.175975
Step99:rank6, time: 17.597, per_step: 0.175975
Step99:rank7, time: 17.598, per_step: 0.175977
+---------------------------+---------------------------+---------------------------+
| Name                      | P50                       | P99                       |
+---------------------------+---------------------------+---------------------------+
| GenInput:CircleBuffer     | 99.366 us                 | 197.471 us                |
| GenInput                  | 452.358 us                | 7.714 ms                  |
| NN                        | 911.895 us                | 16.208 ms                 |
| Forward                   | 1.135 ms                  | 16.412 ms                 |
| Backward                  | 2.565 ms                  | 19.270 ms                 |
| Optimize                  | 254.226 us                | 3.111 ms                  |
| BarrierTimeBeforeRank0    | 292.876 us                | 9.835 ms                  |
| AfterBackward             | 4.734 ms                  | 315.467 ms                |
| BlockToStepN              | 229.504 us                | 521.975 us                |
| OneStep                   | 10.563 ms                 | 323.852 ms                |
+---------------------------+---------------------------+---------------------------+
========== Step 100 ========== 
========== Step 101 ========== 
========== Step 102 ========== 
========== Step 103 ========== 
========== Step 104 ========== 
========== Step 105 ========== 
========== Step 106 ========== 
========== Step 107 ========== 
========== Step 108 ========== 
========== Step 109 ========== 
========== Step 110 ========== 
========== Step 111 ========== 
E20240220 15:54:04.983071  7585 parallel_pq_v2.h:79] insert failed, size(hashtable)=3
========== Step 112 ========== 
========== Step 113 ========== 
========== Step 114 ========== 
========== Step 115 ========== 
========== Step 116 ========== 
W20240220 15:54:05.255326  7585 grad_async_v2.h:137] Detect new sample comes, old_end2, new_end7
========== Step 117 ========== 
========== Step 118 ========== 
========== Step 119 ========== 
========== Step 120 ========== 
========== Step 121 ========== 
========== Step 122 ========== 
========== Step 123 ========== 
========== Step 124 ========== 
========== Step 125 ========== 
========== Step 126 ========== 
========== Step 127 ========== 
========== Step 128 ========== 
========== Step 129 ========== 
+---------------------------+---------------------------+---------------------------+
| Name                      | P50                       | P99                       |
+---------------------------+---------------------------+---------------------------+
| clean                     | 112.783 us                | 988.035 us                |
| ProcessBack:Shuffle       | 1.665 ms                  | 21.385 ms                 |
| ProcessBack:UpdateCache   | 2.195 ms                  | 33.471 ms                 |
| ProcessBack:UpsertPq      | 52.006 us                 | 250.208 us                |
| ProcessOneStep            | 4.699 ms                  | 315.368 ms                |
| BlockToStepN              | 185.665 us                | 530.394 us                |
+---------------------------+---------------------------+---------------------------+
========== Step 130 ========== 
========== Step 131 ========== 
========== Step 132 ========== 
========== Step 133 ========== 
========== Step 134 ========== 
========== Step 135 ========== 
========== Step 136 ========== 
E20240220 15:54:05.983063  7585 parallel_pq_v2.h:79] insert failed, size(hashtable)=2
========== Step 137 ========== 
========== Step 138 ========== 
========== Step 139 ========== 
========== Step 140 ========== 
========== Step 141 ========== 
========== Step 142 ========== 
========== Step 143 ========== 
========== Step 144 ========== 
========== Step 145 ========== 
========== Step 146 ========== 
========== Step 147 ========== 
E20240220 15:54:06.285710  5213 grad_async_v2.h:404] Stalled in ProcessBackward: rank=0, step_no=147, sample_step_cpp_seen_[rank]=146
W20240220 15:54:06.346345  7585 grad_async_v2.h:137] Detect new sample comes, old_end7, new_end8
========== Step 148 ========== 
========== Step 149 ========== 
========== Step 150 ========== 
========== Step 151 ========== 
========== Step 152 ========== 
========== Step 153 ========== 
========== Step 154 ========== 
========== Step 155 ========== 
========== Step 156 ========== 
========== Step 157 ========== 
========== Step 158 ========== 
========== Step 159 ========== 
========== Step 160 ========== 
E20240220 15:54:06.983083  7585 parallel_pq_v2.h:79] insert failed, size(hashtable)=1
========== Step 161 ========== 
========== Step 162 ========== 
W20240220 15:54:07.232820  5213 grad_async_v2.h:257] pq is empty
========== Step 163 ========== 
========== Step 164 ========== 
========== Step 165 ========== 
W20240220 15:54:07.267814  5213 grad_async_v2.h:257] pq is empty
========== Step 166 ========== 
========== Step 167 ========== 
========== Step 168 ========== 
========== Step 169 ========== 
========== Step 170 ========== 
========== Step 171 ========== 
W20240220 15:54:07.391047  7585 grad_async_v2.h:137] Detect new sample comes, old_end1, new_end2
========== Step 172 ========== 
========== Step 173 ========== 
========== Step 174 ========== 
========== Step 175 ========== 
========== Step 176 ========== 
========== Step 177 ========== 
========== Step 178 ========== 
========== Step 179 ========== 
E20240220 15:54:07.983034  7585 parallel_pq_v2.h:79] insert failed, size(hashtable)=1
========== Step 180 ========== 
========== Step 181 ========== 
========== Step 182 ========== 
========== Step 183 ========== 
========== Step 184 ========== 
========== Step 185 ========== 
========== Step 186 ========== 
========== Step 187 ========== 
========== Step 188 ========== 
========== Step 189 ========== 
========== Step 190 ========== 
========== Step 191 ========== 
========== Step 192 ========== 
========== Step 193 ========== 
========== Step 194 ========== 
W20240220 15:54:08.422598  7585 grad_async_v2.h:137] Detect new sample comes, old_end4, new_end5
========== Step 195 ========== 
+---------------------------+---------------------------+---------------------------+
| Name                      | P50                       | P99                       |
+---------------------------+---------------------------+---------------------------+
| GenInput:CircleBuffer     | 98.688 us                 | 402.081 us                |
| GenInput                  | 458.020 us                | 9.554 ms                  |
| NN                        | 884.260 us                | 4.853 ms                  |
| Forward                   | 1.104 ms                  | 6.466 ms                  |
| Backward                  | 2.737 ms                  | 18.089 ms                 |
| Optimize                  | 255.703 us                | 2.670 ms                  |
| BarrierTimeBeforeRank0    | 297.362 us                | 9.835 ms                  |
| AfterBackward             | 4.630 ms                  | 360.321 ms                |
| BlockToStepN              | 317.048 us                | 3.236 ms                  |
| OneStep                   | 11.331 ms                 | 366.220 ms                |
+---------------------------+---------------------------+---------------------------+
========== Step 196 ========== 
========== Step 197 ========== 
========== Step 198 ========== 
========== Step 199 ========== 
Step199:rank0, time: 4.059, per_step: 0.040183
Step199:rank1, time: 4.058, per_step: 0.040182
Step199:rank6, time: 4.058, per_step: 0.040182
Step199:rank3, time: 4.058, per_step: 0.040183
Step199:rank7, time: 4.058, per_step: 0.040179
+---------------------------+---------------------------+---------------------------+
| Name                      | P50                       | P99                       |
+---------------------------+---------------------------+---------------------------+
| GenInput:CircleBuffer     | 99.121 us                 | 543.068 us                |
| GenInput                  | 461.625 us                | 9.554 ms                  |
| NN                        | 884.260 us                | 4.853 ms                  |
| Forward                   | 1.104 ms                  | 6.466 ms                  |
| Backward                  | 2.737 ms                  | 18.089 ms                 |
| Optimize                  | 255.848 us                | 2.670 ms                  |
| BarrierTimeBeforeRank0    | 297.362 us                | 9.835 ms                  |
| AfterBackward             | 4.630 ms                  | 360.321 ms                |
| BlockToStepN              | 319.913 us                | 3.236 ms                  |
| OneStep                   | 11.399 ms                 | 366.220 ms                |
+---------------------------+---------------------------+---------------------------+
Step199:rank5, time: 4.058, per_step: 0.040183
========== Step 200 ========== 
Step199:rank2, time: 4.058, per_step: 0.040182
Step199:rank4, time: 4.058, per_step: 0.040182
========== Step 201 ========== 
========== Step 202 ========== 
========== Step 203 ========== 
========== Step 204 ========== 
========== Step 205 ========== 
========== Step 206 ========== 
========== Step 207 ========== 
E20240220 15:54:08.983060  7585 parallel_pq_v2.h:79] insert failed, size(hashtable)=3
========== Step 208 ========== 
W20240220 15:54:09.362527  5213 grad_async_v2.h:257] pq is empty
========== Step 209 ========== 
========== Step 210 ========== 
========== Step 211 ========== 
========== Step 212 ========== 
W20240220 15:54:09.432441  7585 grad_async_v2.h:137] Detect new sample comes, old_end8, new_end3
========== Step 213 ========== 
========== Step 214 ========== 
========== Step 215 ========== 
========== Step 216 ========== 
========== Step 217 ========== 
========== Step 218 ========== 
========== Step 219 ========== 
E20240220 15:54:09.983021  7585 parallel_pq_v2.h:79] insert failed, size(hashtable)=2
========== Step 220 ========== 
========== Step 221 ========== 
========== Step 222 ========== 
========== Step 223 ========== 
========== Step 224 ========== 
========== Step 225 ========== 
========== Step 226 ========== 
========== Step 227 ========== 
========== Step 228 ========== 
========== Step 229 ========== 
========== Step 230 ========== 
========== Step 231 ========== 
W20240220 15:54:10.436348  7585 grad_async_v2.h:137] Detect new sample comes, old_end1, new_end2
========== Step 232 ========== 
========== Step 233 ========== 
========== Step 234 ========== 
========== Step 235 ========== 
========== Step 236 ========== 
========== Step 237 ========== 
========== Step 238 ========== 
========== Step 239 ========== 
========== Step 240 ========== 
========== Step 241 ========== 
W20240220 15:54:10.644678  5213 grad_async_v2.h:257] pq is empty
========== Step 242 ========== 
========== Step 243 ========== 
+---------------------------+---------------------------+---------------------------+
| Name                      | P50                       | P99                       |
+---------------------------+---------------------------+---------------------------+
| clean                     | 178.007 us                | 2.521 ms                  |
| ProcessBack:Shuffle       | 1.629 ms                  | 16.384 ms                 |
| ProcessBack:UpdateCache   | 2.176 ms                  | 31.174 ms                 |
| ProcessBack:UpsertPq      | 50.459 us                 | 250.208 us                |
| ProcessOneStep            | 4.603 ms                  | 421.315 ms                |
| BlockToStepN              | 284.221 us                | 1.227 ms                  |
+---------------------------+---------------------------+---------------------------+
E20240220 15:54:10.983096  7585 parallel_pq_v2.h:79] insert failed, size(hashtable)=3
========== Step 244 ========== 
========== Step 245 ========== 
========== Step 246 ========== 
========== Step 247 ========== 
========== Step 248 ========== 
========== Step 249 ========== 
========== Step 250 ========== 
========== Step 251 ========== 
========== Step 252 ========== 
========== Step 253 ========== 
========== Step 254 ========== 
========== Step 255 ========== 
E20240220 15:54:11.340456  5213 grad_async_v2.h:404] Stalled in ProcessBackward: rank=6, step_no=255, sample_step_cpp_seen_[rank]=254
========== Step 256 ========== 
W20240220 15:54:11.444151  7585 grad_async_v2.h:137] Detect new sample comes, old_end8, new_end7
========== Step 257 ========== 
W20240220 15:54:11.691164  5213 grad_async_v2.h:257] pq is empty
========== Step 258 ========== 
========== Step 259 ========== 
========== Step 260 ========== 
W20240220 15:54:11.722195  5213 grad_async_v2.h:257] pq is empty
========== Step 261 ========== 
========== Step 262 ========== 
========== Step 263 ========== 
========== Step 264 ========== 
========== Step 265 ========== 
========== Step 266 ========== 
========== Step 267 ========== 
========== Step 268 ========== 
E20240220 15:54:11.983071  7585 parallel_pq_v2.h:79] insert failed, size(hashtable)=0
========== Step 269 ========== 
========== Step 270 ========== 
========== Step 271 ========== 
========== Step 272 ========== 
========== Step 273 ========== 
========== Step 274 ========== 
========== Step 275 ========== 
========== Step 276 ========== 
========== Step 277 ========== 
========== Step 278 ========== 
========== Step 279 ========== 
========== Step 280 ========== 
W20240220 15:54:12.499908  7585 grad_async_v2.h:137] Detect new sample comes, old_end5, new_end1
========== Step 281 ========== 
========== Step 282 ========== 
========== Step 283 ========== 
========== Step 284 ========== 
========== Step 285 ========== 
========== Step 286 ========== 
========== Step 287 ========== 
========== Step 288 ========== 
========== Step 289 ========== 
========== Step 290 ========== 
========== Step 291 ========== 
========== Step 292 ========== 
E20240220 15:54:12.983148  7585 parallel_pq_v2.h:79] insert failed, size(hashtable)=8
========== Step 293 ========== 
========== Step 294 ========== 
========== Step 295 ========== 
========== Step 296 ========== 
========== Step 297 ========== 
========== Step 298 ========== 
========== Step 299 ========== 
Step299:rank0, time: 4.349, per_step: 0.043055
Step299:rank2, time: 4.348, per_step: 0.043051
Step299:rank4, time: 4.348, per_step: 0.043051
Step299:rank6, time: 4.349, per_step: 0.043055
Step299:rank7, time: 4.348, per_step: 0.043054
Step299:rank1, time: 4.349, per_step: 0.043055
Step299:rank3, time: 4.349, per_step: 0.043055
Step299:rank5, time: 4.348, per_step: 0.043051
+---------------------------+---------------------------+---------------------------+
| Name                      | P50                       | P99                       |
+---------------------------+---------------------------+---------------------------+
