WARNING: Logging before InitGoogleLogging() is written to STDERR
I20240128 18:07:43.295392 613696 IPC_barrier.h:128] MultiProcessBarrierFactory->ClearIPCMemory()
/home/xieminhui/RecStore/src/framework_adapters/torch/kg/dgl-0.9.1/python/dgl/_deprecate/graph.py:1023: DGLWarning: multigraph will be deprecated.DGL will treat all graphs as multigraph in the future.
  dgl_warning("multigraph will be deprecated." \
/home/xieminhui/RecStore/src/framework_adapters/torch/kg/dgl-0.9.1/python/dgl/heterograph.py:72: DGLWarning: Recommend creating graphs by `dgl.graph(data)` instead of `dgl.DGLGraph(data)`.
  dgl_warning('Recommend creating graphs by `dgl.graph(data)`'
Reading train triples....
Finished. Read 483142 train triples.
Reading valid triples....
Finished. Read 50000 valid triples.
Reading test triples....
Finished. Read 59071 test triples.
ARGS:  Namespace(model_name='SimplE', data_path='/home/xieminhui/dgl-data', dataset='FB15k', format='built_in', data_files=None, delimiter='\t', save_path='/tmp/ckpts/SimplE_FB15k_20', no_save_emb=True, max_step=500, batch_size=600, batch_size_eval=16, neg_sample_size=200, neg_deg_sample=False, neg_deg_sample_eval=False, neg_sample_size_eval=14951, eval_percent=1, no_eval_filter=False, log_interval=100, eval_interval=10000, test=False, num_proc=4, num_thread=1, force_sync_interval=1, hidden_dim=400, lr=0.01, gamma=16.0, double_ent=False, double_rel=False, neg_adversarial_sampling=False, adversarial_temperature=1.0, regularization_coef=0.0, regularization_norm=3, pairwise=False, loss_genre='Logsigmoid', margin=1.0, nr_gpus=4, gpu=[0, 1, 2, 3], mix_cpu_gpu=True, valid=False, rel_part=False, async_update=None, has_edge_importance=False, cached_emb_type='KnownLocalCachedEmbedding', use_my_emb=True, cache_ratio=0.05, shuffle=False, backwardMode='CppAsyncV2', L=10, update_cache_use_omp=0, update_pq_use_omp=0, kForwardItersPerStep=2, backgrad_init='both', eval_filter=True, soft_rel_part=False)
|Train|: 483142
original graph:  DGLGraph(num_nodes=14951, num_edges=592213,
         ndata_schemes={}
         edata_schemes={'tid': Scheme(shape=(), dtype=torch.int64)})
Loading cached metis
WARNING [613696 sampler.py:454] Start PreSampling
WARNING [613696 sampler.py:532] Before construct renumbering_dict
WARNING [613696 sampler.py:555] PreSampling done
W20240128 18:07:46.842811 613696 IPCTensor.h:368] NewIPCTensor: cached_sampler_r0_0 [1000000]0x100000002000 7.629 MB
W20240128 18:07:46.842941 613696 IPCTensor.h:368] NewIPCTensor: cached_sampler_r0_1 [1000000]0x1000007a5000 7.629 MB
W20240128 18:07:46.842965 613696 IPCTensor.h:368] NewIPCTensor: cached_sampler_r0_2 [1000000]0x100000f48000 7.629 MB
W20240128 18:07:46.842990 613696 IPCTensor.h:368] NewIPCTensor: cached_sampler_r0_3 [1000000]0x1000016eb000 7.629 MB
W20240128 18:07:46.843006 613696 IPCTensor.h:368] NewIPCTensor: cached_sampler_r0_4 [1000000]0x100001e8e000 7.629 MB
W20240128 18:07:46.843026 613696 IPCTensor.h:368] NewIPCTensor: cached_sampler_r0_5 [1000000]0x100002631000 7.629 MB
W20240128 18:07:46.843044 613696 IPCTensor.h:368] NewIPCTensor: cached_sampler_r0_6 [1000000]0x100002dd4000 7.629 MB
W20240128 18:07:46.843065 613696 IPCTensor.h:368] NewIPCTensor: cached_sampler_r0_7 [1000000]0x100003577000 7.629 MB
W20240128 18:07:46.843084 613696 IPCTensor.h:368] NewIPCTensor: cached_sampler_r0_8 [1000000]0x100003d1a000 7.629 MB
W20240128 18:07:46.843103 613696 IPCTensor.h:368] NewIPCTensor: cached_sampler_r0_9 [1000000]0x1000044bd000 7.629 MB
W20240128 18:07:46.843125 613696 IPCTensor.h:368] NewIPCTensor: step_r0 [10]0x100004c60000 80 B 
W20240128 18:07:46.843143 613696 IPCTensor.h:368] NewIPCTensor: circle_buffer_end_r0 [1]0x100004c62000 8 B 
W20240128 18:07:46.843160 613696 IPCTensor.h:368] NewIPCTensor: circle_buffer_end_cppseen_r0 [1]0x100004c64000 8 B 
W20240128 18:07:46.843257 613696 IPCTensor.h:368] NewIPCTensor: cached_sampler_r1_0 [1000000]0x100004c66000 7.629 MB
W20240128 18:07:46.843282 613696 IPCTensor.h:368] NewIPCTensor: cached_sampler_r1_1 [1000000]0x100005409000 7.629 MB
W20240128 18:07:46.843302 613696 IPCTensor.h:368] NewIPCTensor: cached_sampler_r1_2 [1000000]0x100005bac000 7.629 MB
W20240128 18:07:46.843331 613696 IPCTensor.h:368] NewIPCTensor: cached_sampler_r1_3 [1000000]0x10000634f000 7.629 MB
W20240128 18:07:46.843351 613696 IPCTensor.h:368] NewIPCTensor: cached_sampler_r1_4 [1000000]0x100006af2000 7.629 MB
W20240128 18:07:46.843367 613696 IPCTensor.h:368] NewIPCTensor: cached_sampler_r1_5 [1000000]0x100007295000 7.629 MB
W20240128 18:07:46.843382 613696 IPCTensor.h:368] NewIPCTensor: cached_sampler_r1_6 [1000000]0x100007a38000 7.629 MB
W20240128 18:07:46.843400 613696 IPCTensor.h:368] NewIPCTensor: cached_sampler_r1_7 [1000000]0x1000081db000 7.629 MB
W20240128 18:07:46.843422 613696 IPCTensor.h:368] NewIPCTensor: cached_sampler_r1_8 [1000000]0x10000897e000 7.629 MB
W20240128 18:07:46.843441 613696 IPCTensor.h:368] NewIPCTensor: cached_sampler_r1_9 [1000000]0x100009121000 7.629 MB
W20240128 18:07:46.843456 613696 IPCTensor.h:368] NewIPCTensor: step_r1 [10]0x1000098c4000 80 B 
W20240128 18:07:46.843468 613696 IPCTensor.h:368] NewIPCTensor: circle_buffer_end_r1 [1]0x1000098c6000 8 B 
W20240128 18:07:46.843487 613696 IPCTensor.h:368] NewIPCTensor: circle_buffer_end_cppseen_r1 [1]0x1000098c8000 8 B 
W20240128 18:07:46.843523 613696 IPCTensor.h:368] NewIPCTensor: cached_sampler_r2_0 [1000000]0x1000098ca000 7.629 MB
W20240128 18:07:46.843541 613696 IPCTensor.h:368] NewIPCTensor: cached_sampler_r2_1 [1000000]0x10000a06d000 7.629 MB
W20240128 18:07:46.843556 613696 IPCTensor.h:368] NewIPCTensor: cached_sampler_r2_2 [1000000]0x10000a810000 7.629 MB
W20240128 18:07:46.843573 613696 IPCTensor.h:368] NewIPCTensor: cached_sampler_r2_3 [1000000]0x10000afb3000 7.629 MB
W20240128 18:07:46.843591 613696 IPCTensor.h:368] NewIPCTensor: cached_sampler_r2_4 [1000000]0x10000b756000 7.629 MB
W20240128 18:07:46.843609 613696 IPCTensor.h:368] NewIPCTensor: cached_sampler_r2_5 [1000000]0x10000bef9000 7.629 MB
W20240128 18:07:46.843631 613696 IPCTensor.h:368] NewIPCTensor: cached_sampler_r2_6 [1000000]0x10000c69c000 7.629 MB
W20240128 18:07:46.843652 613696 IPCTensor.h:368] NewIPCTensor: cached_sampler_r2_7 [1000000]0x10000ce3f000 7.629 MB
W20240128 18:07:46.843670 613696 IPCTensor.h:368] NewIPCTensor: cached_sampler_r2_8 [1000000]0x10000d5e2000 7.629 MB
W20240128 18:07:46.843688 613696 IPCTensor.h:368] NewIPCTensor: cached_sampler_r2_9 [1000000]0x10000dd85000 7.629 MB
W20240128 18:07:46.843704 613696 IPCTensor.h:368] NewIPCTensor: step_r2 [10]0x10000e528000 80 B 
W20240128 18:07:46.843717 613696 IPCTensor.h:368] NewIPCTensor: circle_buffer_end_r2 [1]0x10000e52a000 8 B 
W20240128 18:07:46.843730 613696 IPCTensor.h:368] NewIPCTensor: circle_buffer_end_cppseen_r2 [1]0x10000e52c000 8 B 
W20240128 18:07:46.843770 613696 IPCTensor.h:368] NewIPCTensor: cached_sampler_r3_0 [1000000]0x10000e52e000 7.629 MB
W20240128 18:07:46.843791 613696 IPCTensor.h:368] NewIPCTensor: cached_sampler_r3_1 [1000000]0x10000ecd1000 7.629 MB
W20240128 18:07:46.843813 613696 IPCTensor.h:368] NewIPCTensor: cached_sampler_r3_2 [1000000]0x10000f474000 7.629 MB
W20240128 18:07:46.843830 613696 IPCTensor.h:368] NewIPCTensor: cached_sampler_r3_3 [1000000]0x10000fc17000 7.629 MB
W20240128 18:07:46.843847 613696 IPCTensor.h:368] NewIPCTensor: cached_sampler_r3_4 [1000000]0x1000103ba000 7.629 MB
W20240128 18:07:46.843864 613696 IPCTensor.h:368] NewIPCTensor: cached_sampler_r3_5 [1000000]0x100010b5d000 7.629 MB
W20240128 18:07:46.843886 613696 IPCTensor.h:368] NewIPCTensor: cached_sampler_r3_6 [1000000]0x100011300000 7.629 MB
W20240128 18:07:46.843904 613696 IPCTensor.h:368] NewIPCTensor: cached_sampler_r3_7 [1000000]0x100011aa3000 7.629 MB
W20240128 18:07:46.843920 613696 IPCTensor.h:368] NewIPCTensor: cached_sampler_r3_8 [1000000]0x100012246000 7.629 MB
W20240128 18:07:46.843935 613696 IPCTensor.h:368] NewIPCTensor: cached_sampler_r3_9 [1000000]0x1000129e9000 7.629 MB
W20240128 18:07:46.843951 613696 IPCTensor.h:368] NewIPCTensor: step_r3 [10]0x10001318c000 80 B 
W20240128 18:07:46.843964 613696 IPCTensor.h:368] NewIPCTensor: circle_buffer_end_r3 [1]0x10001318e000 8 B 
W20240128 18:07:46.843977 613696 IPCTensor.h:368] NewIPCTensor: circle_buffer_end_cppseen_r3 [1]0x100013190000 8 B 
W20240128 18:07:46.980747 613696 IPCTensor.h:368] NewIPCTensor: full_emb [14951, 400]0x100013192000 22.81 MB
W20240128 18:07:46.980880 613696 IPCTensor.h:368] NewIPCTensor: full_emb_SparseRowWiseAdaGrad_sum [14951]0x100014864000 58.4 kB
{0: Graph(num_nodes=10523, num_edges=182012,
      ndata_schemes={'_ID': Scheme(shape=(), dtype=torch.int64), 'inner_node': Scheme(shape=(), dtype=torch.int32), 'part_id': Scheme(shape=(), dtype=torch.int64)}
      edata_schemes={'_ID': Scheme(shape=(), dtype=torch.int64), 'inner_edge': Scheme(shape=(), dtype=torch.int8)}), 1: Graph(num_nodes=10996, num_edges=244360,
      ndata_schemes={'_ID': Scheme(shape=(), dtype=torch.int64), 'inner_node': Scheme(shape=(), dtype=torch.int32), 'part_id': Scheme(shape=(), dtype=torch.int64)}
      edata_schemes={'_ID': Scheme(shape=(), dtype=torch.int64), 'inner_edge': Scheme(shape=(), dtype=torch.int8)}), 2: Graph(num_nodes=9404, num_edges=143355,
      ndata_schemes={'_ID': Scheme(shape=(), dtype=torch.int64), 'inner_node': Scheme(shape=(), dtype=torch.int32), 'part_id': Scheme(shape=(), dtype=torch.int64)}
      edata_schemes={'_ID': Scheme(shape=(), dtype=torch.int64), 'inner_edge': Scheme(shape=(), dtype=torch.int8)}), 3: Graph(num_nodes=10954, num_edges=175447,
      ndata_schemes={'_ID': Scheme(shape=(), dtype=torch.int64), 'inner_node': Scheme(shape=(), dtype=torch.int32), 'part_id': Scheme(shape=(), dtype=torch.int64)}
      edata_schemes={'_ID': Scheme(shape=(), dtype=torch.int64), 'inner_edge': Scheme(shape=(), dtype=torch.int8)})}
MertisPartition: part 0 has 10523 N 182012 E
MertisPartition: part 1 has 10996 N 244360 E
MertisPartition: part 2 has 9404 N 143355 E
MertisPartition: part 3 has 10954 N 175447 E
Rank0: cached key size 186
Rank1: cached key size 186
Rank2: cached key size 186
Rank3: cached key size 186
Before renumbering graph:  {'_ID': tensor([    5,    14,    17,  ..., 11245,  2040,  3009]), 'inner_node': tensor([1, 1, 1,  ..., 0, 0, 0], dtype=torch.int32), 'part_id': tensor([0, 0, 0,  ..., 2, 3, 3])}
After renumbering graph:  {'_ID': tensor([ 856, 1044, 1119,  ..., 1650, 5827, 6792]), 'inner_node': tensor([1, 1, 1,  ..., 0, 0, 0], dtype=torch.int32), 'part_id': tensor([0, 0, 0,  ..., 2, 3, 3])}
part_g: DGLGraph(num_nodes=10523, num_edges=182012,
         ndata_schemes={'_ID': Scheme(shape=(), dtype=torch.int64)}
         edata_schemes={'tid': Scheme(shape=(), dtype=torch.int64)})
part_g: DGLGraph(num_nodes=10523, num_edges=182012,
         ndata_schemes={'_ID': Scheme(shape=(), dtype=torch.int64)}
         edata_schemes={'tid': Scheme(shape=(), dtype=torch.int64)})
Total initialize time 3.717 seconds
[Rank1] pid = 613911
[Rank2] pid = 613976
INFO [613976 distributed_c10d.py:442] Added key: store_based_barrier_key:1 to store for rank: 2
INFO [613696 distributed_c10d.py:442] Added key: store_based_barrier_key:1 to store for rank: 0
INFO [613911 distributed_c10d.py:442] Added key: store_based_barrier_key:1 to store for rank: 1
INFO [613911 distributed_c10d.py:476] Rank 1: Completed store-based barrier for key:store_based_barrier_key:1 with 4 nodes.
INFO [613976 distributed_c10d.py:476] Rank 2: Completed store-based barrier for key:store_based_barrier_key:1 with 4 nodes.
INFO [613696 distributed_c10d.py:476] Rank 0: Completed store-based barrier for key:store_based_barrier_key:1 with 4 nodes.
INFO [614040 distributed_c10d.py:442] Added key: store_based_barrier_key:1 to store for rank: 3
INFO [614040 distributed_c10d.py:476] Rank 3: Completed store-based barrier for key:store_based_barrier_key:1 with 4 nodes.
W20240128 18:07:49.404399 613912 IPCTensor.h:408] NewIPCGPUTensor: embedding_cache_1 [747, 400]; dev=1; size=1.14 MB
W20240128 18:07:49.404422 614041 IPCTensor.h:408] NewIPCGPUTensor: embedding_cache_0 [747, 400]; dev=0; size=1.14 MB
W20240128 18:07:49.404531 613977 IPCTensor.h:408] NewIPCGPUTensor: embedding_cache_2 [747, 400]; dev=2; size=1.14 MB
W20240128 18:07:49.404847 614042 IPCTensor.h:408] NewIPCGPUTensor: embedding_cache_3 [747, 400]; dev=3; size=1.14 MB
W20240128 18:07:49.405304 613912 IPCTensor.h:368] NewIPCTensor: input_keys_1 [1000000]0x10001487a000 7.629 MB
W20240128 18:07:49.405316 614041 IPCTensor.h:368] NewIPCTensor: input_keys_0 [1000000]0x10001501d000 7.629 MB
W20240128 18:07:49.405334 613977 IPCTensor.h:368] NewIPCTensor: input_keys_2 [1000000]0x1000157c0000 7.629 MB
W20240128 18:07:49.405467 613912 IPCTensor.h:368] NewIPCTensor: input_keys_neg_1 [1000000]0x100015f65000 7.629 MB
W20240128 18:07:49.405505 613977 IPCTensor.h:368] NewIPCTensor: input_keys_neg_2 [1000000]0x100016708000 7.629 MB
W20240128 18:07:49.405524 614041 IPCTensor.h:368] NewIPCTensor: input_keys_neg_0 [1000000]0x100016eab000 7.629 MB
W20240128 18:07:49.405541 613912 IPCTensor.h:368] NewIPCTensor: backward_grads_1 [1000000, 400]0x10001764e000 1.49 GB
W20240128 18:07:49.405552 614042 IPCTensor.h:368] NewIPCTensor: input_keys_3 [1000000]0x100076c31000 7.629 MB
W20240128 18:07:49.405579 613977 IPCTensor.h:368] NewIPCTensor: backward_grads_2 [1000000, 400]0x1000773d4000 1.49 GB
W20240128 18:07:49.405609 614041 IPCTensor.h:368] NewIPCTensor: backward_grads_0 [1000000, 400]0x1000d69b7000 1.49 GB
W20240128 18:07:49.405622 613912 IPCTensor.h:368] NewIPCTensor: backward_grads_neg_1 [1000000, 400]0x100135f9a000 1.49 GB
W20240128 18:07:49.405643 613977 IPCTensor.h:368] NewIPCTensor: backward_grads_neg_2 [1000000, 400]0x10019557d000 1.49 GB
W20240128 18:07:49.405670 613912 IPCTensor.h:408] NewIPCGPUTensor: backward_grads_1_gpu [1000000, 400]; dev=1; size=1.49 GB
W20240128 18:07:49.405680 614041 IPCTensor.h:368] NewIPCTensor: backward_grads_neg_0 [1000000, 400]0x1001f4b60000 1.49 GB
W20240128 18:07:49.405689 613977 IPCTensor.h:408] NewIPCGPUTensor: backward_grads_2_gpu [1000000, 400]; dev=2; size=1.49 GB
W20240128 18:07:49.405750 614042 IPCTensor.h:368] NewIPCTensor: input_keys_neg_3 [1000000]0x100254143000 7.629 MB
W20240128 18:07:49.405751 614041 IPCTensor.h:408] NewIPCGPUTensor: backward_grads_0_gpu [1000000, 400]; dev=0; size=1.49 GB
W20240128 18:07:49.405845 614042 IPCTensor.h:368] NewIPCTensor: backward_grads_3 [1000000, 400]0x1002548e6000 1.49 GB
W20240128 18:07:49.405896 614042 IPCTensor.h:368] NewIPCTensor: backward_grads_neg_3 [1000000, 400]0x1002b3ec9000 1.49 GB
W20240128 18:07:49.405951 614042 IPCTensor.h:408] NewIPCGPUTensor: backward_grads_3_gpu [1000000, 400]; dev=3; size=1.49 GB
W20240128 18:07:49.417932 613977 IPCTensor.h:408] NewIPCGPUTensor: backward_grads_neg_2_gpu [1000000, 400]; dev=2; size=1.49 GB
W20240128 18:07:49.420323 614041 IPCTensor.h:408] NewIPCGPUTensor: backward_grads_neg_0_gpu [1000000, 400]; dev=0; size=1.49 GB
W20240128 18:07:49.420360 614042 IPCTensor.h:408] NewIPCGPUTensor: backward_grads_neg_3_gpu [1000000, 400]; dev=3; size=1.49 GB
W20240128 18:07:49.420395 613912 IPCTensor.h:408] NewIPCGPUTensor: backward_grads_neg_1_gpu [1000000, 400]; dev=1; size=1.49 GB
cudaHostRegister 0x100013192000
1: KnownLocalCachedEmbedding init done
WARNING [613911 DistTensor.py:56] The tensor name already exists in the kvstore
cudaHostRegister 0x100013192000
2: KnownLocalCachedEmbedding init done
WARNING [613976 DistTensor.py:56] The tensor name already exists in the kvstore
cudaHostRegister 0x100013192000
3: KnownLocalCachedEmbedding init done
WARNING [614040 DistTensor.py:56] The tensor name already exists in the kvstore
[Rank3] pid = 614040
New CachedEmbedding, name=full_emb, shape=(14951, 400), cache_type=KnownLocalCachedEmbedding
fixed cache_range is [(0, 747), (747, 1494), (1494, 2241), (2241, 2988)]
cudaHostRegister 0x100013192000
0: KnownLocalCachedEmbedding init done
WARNING [613696 DistTensor.py:56] The tensor name already exists in the kvstore
I20240128 18:07:50.838243 614041 IPC_barrier.h:118] CreateBarrier: new barrier, name: kgcachecontroller, count: 4
I20240128 18:07:50.838352 614042 IPC_barrier.h:112] CreateBarrier: find existing barrier, name: kgcachecontroller, count: 4
I20240128 18:07:50.838587 613912 IPC_barrier.h:112] CreateBarrier: find existing barrier, name: kgcachecontroller, count: 4
I20240128 18:07:50.838671 613977 IPC_barrier.h:112] CreateBarrier: find existing barrier, name: kgcachecontroller, count: 4
W20240128 18:07:50.839965 614041 grad_base.h:55] KGCacheController, config={
        "num_gpus": 4,
        "L": 10,
        "backgrad_init": "both", 
        "kForwardItersPerStep": 2,
        "clr": 1,
        "nr_background_threads": 32,
        "backwardMode": "CppAsyncV2",
        "cache_ratio": 0.05,
        "update_cache_use_omp":  0,
        "update_pq_use_omp":  0
        }
W20240128 18:07:50.840160 614041 grad_base.h:184] Init GradProcessingBase done
I20240128 18:07:50.844244 614041 grad_async_v2.h:32] Use background thread to update emb. nr_background_threads=32
W20240128 18:07:50.844350 614041 kg_controller.h:78] after init GradAsyncProcessingV2
I20240128 18:07:50.844357 614041 kg_controller.h:84] Construct KGCacheController done
E20240128 18:07:51.203310 614041 recstore.cc:66] init folly done
E20240128 18:07:51.203466 613977 recstore.cc:66] init folly done
E20240128 18:07:51.203476 613912 recstore.cc:66] init folly done
E20240128 18:07:51.203533 614042 recstore.cc:66] init folly done
I20240128 18:07:51.204325 614041 grad_base.h:60] GraphEnv RegTensorsPerProcess
W20240128 18:07:51.898736 614450 grad_async_v2.h:121] Detect new sample comes, old_end0, new_end1
E20240128 18:07:51.899283 614450 parallel_pq_v2.h:76] insert failed, size(hashtable)=1
I20240128 18:07:51.919152 614041 IPC_barrier.h:118] CreateBarrier: new barrier, name: start_barrier, count: 4
I20240128 18:07:51.936595 614042 IPC_barrier.h:112] CreateBarrier: find existing barrier, name: start_barrier, count: 4
I20240128 18:07:51.941769 613977 IPC_barrier.h:112] CreateBarrier: find existing barrier, name: start_barrier, count: 4
I20240128 18:07:51.950250 613912 IPC_barrier.h:112] CreateBarrier: find existing barrier, name: start_barrier, count: 4
E20240128 18:07:54.341176 614041 parallel_pq_v2.h:76] insert failed, size(hashtable)=3
W20240128 18:07:54.352963 614450 grad_async_v2.h:121] Detect new sample comes, old_end1, new_end2
W20240128 18:07:54.375653 614041 grad_async_v2.h:250] Sleep in <BlockToStepN>, step_no=2, pq.top=0
E20240128 18:07:55.341010 614450 parallel_pq_v2.h:76] insert failed, size(hashtable)=34
W20240128 18:07:55.360550 614450 grad_async_v2.h:121] Detect new sample comes, old_end4, new_end5
W20240128 18:07:55.379906 614041 grad_async_v2.h:250] Sleep in <BlockToStepN>, step_no=45, pq.top=45
+---------------------------+---------------------------+---------------------------+
| Name                      | P50                       | P99                       |
+---------------------------+---------------------------+---------------------------+
| GenInput                  | 907.191 us                | 9.266 ms                  |
| Forward                   | 2.735 ms                  | 7.505 ms                  |
| Backward                  | 2.449 ms                  | 3.126 ms                  |
| Optimize                  | 882.460 us                | 1.571 ms                  |
| BarrierTimeBeforeRank0    | 35.085 us                 | 692.741 us                |
| AfterBackward             | 13.787 ms                 | 16.810 ms                 |
| BlockToStepN              | 1.831 ms                  | 5.351 ms                  |
| OneStep                   | 23.738 ms                 | 36.088 ms                 |
+---------------------------+---------------------------+---------------------------+
+---------------------------+---------------------------+---------------------------+
| Name                      | P50                       | P99                       |
+---------------------------+---------------------------+---------------------------+
| ProcessBack:Shuffle       | 2.008 ms                  | 3.960 ms                  |
| ProcessBack:UpdateCache   | 1.870 ms                  | 3.722 ms                  |
| ProcessBack:UpsertPq      | 8.336 ms                  | 10.922 ms                 |
| ProcessOneStep            | 13.655 ms                 | 16.790 ms                 |
| BlockToStepN              | 2.016 ms                  | 6.346 ms                  |
+---------------------------+---------------------------+---------------------------+
E20240128 18:07:56.341058 614449 parallel_pq_v2.h:76] insert failed, size(hashtable)=10085
W20240128 18:07:56.361482 614450 grad_async_v2.h:121] Detect new sample comes, old_end2, new_end3
W20240128 18:07:56.379060 614041 grad_async_v2.h:250] Sleep in <BlockToStepN>, step_no=83, pq.top=83
train_sampler.Prefill()
before start barrier
start train
[proc 3] 100 steps, total: 4.949, sample: 0.156, forward: 1.183, backward: 0.543, update: 0.118
train_sampler.Prefill()
before start barrier
start train
[proc 1] 100 steps, total: 4.935, sample: 0.165, forward: 1.316, backward: 0.467, update: 0.124
train_sampler.Prefill()
before start barrier
start train
[proc 2] 100 steps, total: 4.944, sample: 0.173, forward: 1.095, backward: 0.558, update: 0.122
train_sampler.Prefill()
-------Step 0-------
tensor([ 8375,  4328,  8389,  6600,  7313,  4309,   708,  4535, 12660,  9824]) tensor([ 1119,  8323,  8461,  3882,  7426,  7944, 12313,  8238,  7397,  7598])
-------Step 1-------
tensor([ 8375,  4328,  8389,  6600,  7313,  4309,   708,  4535, 12660,  9824]) tensor([  418, 11034, 14141,  1030, 11286, 10055,  1648, 11676,  6634,  7951])
-------Step 2-------
tensor([ 5811, 14247,  7228,  4632,  4845,  8033, 11150,  9166, 12658,    78]) tensor([10721,  2645,  1926,  8510,  5052,   713,  6866,  4834,  8443,  6195])
-------Step 3-------
tensor([ 5811, 14247,  7228,  4632,  4845,  8033, 11150,  9166, 12658,    78]) tensor([ 7041, 10381,  6627, 11735,  7167,  1529,  9041, 11293, 10692, 13092])
-------Step 4-------
tensor([10866,  1994,  3376,   127, 10405,  7579,  4751, 11079,  9989,  8616]) tensor([11136,  3789,  3383, 13509,  1574,  1939, 11763,  5216, 10776,  6880])
-------Step 5-------
tensor([10866,  1994,  3376,   127, 10405,  7579,  4751, 11079,  9989,  8616]) tensor([ 6185, 10519,  4889,  7471, 11614,  7266,  4707,  3087,  7958, 12960])
-------Step 6-------
tensor([ 8687,  8832,  5026,  7338,  1490,  7754,  6978,  2383, 12492,    13]) tensor([ 7461,  5008,  2805,  9375,  7648,   629,  3994, 14126, 12184,  3376])
-------Step 7-------
tensor([ 8687,  8832,  5026,  7338,  1490,  7754,  6978,  2383, 12492,    13]) tensor([ 6203,  6927,  7656,  9551,   536,   181, 13490, 10116,  3977, 13339])
-------Step 8-------
tensor([   71, 14912, 11759,  9755,  5228,  5026, 13634,  6619,  3557,  1441]) tensor([13201,  5102, 10194, 11450,  3220,  9468,  6251,   404,  9903, 14806])
-------Step 9-------
tensor([   71, 14912, 11759,  9755,  5228,  5026, 13634,  6619,  3557,  1441]) tensor([12335, 10423, 13028,   524, 11608,  8838,  6118,  1798,  6761,  9178])
before start barrier
start train
[proc 0] 100 steps, total: 4.966, sample: 0.196, forward: 1.442, backward: 0.461, update: 0.134
E20240128 18:07:57.341017 614449 parallel_pq_v2.h:76] insert failed, size(hashtable)=9883
W20240128 18:07:57.383200 614450 grad_async_v2.h:121] Detect new sample comes, old_end9, new_end0
W20240128 18:07:57.402993 614041 grad_async_v2.h:250] Sleep in <BlockToStepN>, step_no=120, pq.top=120
E20240128 18:07:58.341013 614449 parallel_pq_v2.h:76] insert failed, size(hashtable)=8797
W20240128 18:07:58.384842 614450 grad_async_v2.h:121] Detect new sample comes, old_end6, new_end7
W20240128 18:07:58.422335 614041 grad_async_v2.h:250] Sleep in <BlockToStepN>, step_no=158, pq.top=158
E20240128 18:07:59.341007 614041 parallel_pq_v2.h:76] insert failed, size(hashtable)=874
W20240128 18:07:59.385630 614450 grad_async_v2.h:121] Detect new sample comes, old_end2, new_end3
W20240128 18:07:59.425808 614041 grad_async_v2.h:250] Sleep in <BlockToStepN>, step_no=194, pq.top=194
[proc 1] 200 steps, total: 2.719, sample: 0.187, forward: 0.274, backward: 0.296, update: 0.077
[proc 0] 200 steps, total: 2.719, sample: 0.197, forward: 0.269, backward: 0.244, update: 0.079
[proc 3] 200 steps, total: 2.719, sample: 0.162, forward: 0.238, backward: 0.240, update: 0.071
[proc 2] 200 steps, total: 2.719, sample: 0.177, forward: 0.249, backward: 0.273, update: 0.074
E20240128 18:08:00.341902 614449 parallel_pq_v2.h:76] insert failed, size(hashtable)=8184
W20240128 18:08:00.388891 614450 grad_async_v2.h:121] Detect new sample comes, old_end9, new_end0
W20240128 18:08:00.425225 614041 grad_async_v2.h:250] Sleep in <BlockToStepN>, step_no=231, pq.top=231
+---------------------------+---------------------------+---------------------------+
| Name                      | P50                       | P99                       |
+---------------------------+---------------------------+---------------------------+
| GenInput                  | 999.180 us                | 9.266 ms                  |
| Forward                   | 2.744 ms                  | 3.755 ms                  |
| Backward                  | 2.496 ms                  | 2.770 ms                  |
| Optimize                  | 853.288 us                | 1.478 ms                  |
| BarrierTimeBeforeRank0    | 41.612 us                 | 2.976 ms                  |
| AfterBackward             | 12.429 ms                 | 15.773 ms                 |
| BlockToStepN              | 5.055 ms                  | 12.063 ms                 |
| OneStep                   | 25.822 ms                 | 38.941 ms                 |
+---------------------------+---------------------------+---------------------------+
+---------------------------+---------------------------+---------------------------+
| Name                      | P50                       | P99                       |
+---------------------------+---------------------------+---------------------------+
| ProcessBack:Shuffle       | 1.981 ms                  | 3.455 ms                  |
| ProcessBack:UpdateCache   | 1.867 ms                  | 3.844 ms                  |
| ProcessBack:UpsertPq      | 7.562 ms                  | 10.775 ms                 |
| ProcessOneStep            | 12.419 ms                 | 15.283 ms                 |
| BlockToStepN              | 5.191 ms                  | 12.316 ms                 |
+---------------------------+---------------------------+---------------------------+
E20240128 18:08:01.341015 614449 parallel_pq_v2.h:76] insert failed, size(hashtable)=10744
W20240128 18:08:01.391786 614450 grad_async_v2.h:121] Detect new sample comes, old_end3, new_end4
W20240128 18:08:01.425328 614041 grad_async_v2.h:250] Sleep in <BlockToStepN>, step_no=265, pq.top=265
E20240128 18:08:02.341018 614449 parallel_pq_v2.h:76] insert failed, size(hashtable)=10923
W20240128 18:08:02.400786 614450 grad_async_v2.h:121] Detect new sample comes, old_end7, new_end8
W20240128 18:08:02.425242 614041 grad_async_v2.h:250] Sleep in <BlockToStepN>, step_no=298, pq.top=298
[proc 1] 300 steps, total: 2.881, sample: 0.172, forward: 0.278, backward: 0.253, update: 0.077
[proc 3] 300 steps, total: 2.881, sample: 0.156, forward: 0.239, backward: 0.232, update: 0.070
[proc 0] 300 steps, total: 2.881, sample: 0.192, forward: 0.271, backward: 0.248, update: 0.077
[proc 2] 300 steps, total: 2.881, sample: 0.150, forward: 0.239, backward: 0.249, update: 0.067
E20240128 18:08:03.341018 614449 parallel_pq_v2.h:76] insert failed, size(hashtable)=9278
W20240128 18:08:03.403651 614450 grad_async_v2.h:121] Detect new sample comes, old_end0, new_end1
W20240128 18:08:03.425418 614041 grad_async_v2.h:250] Sleep in <BlockToStepN>, step_no=331, pq.top=331
E20240128 18:08:04.341027 614449 parallel_pq_v2.h:76] insert failed, size(hashtable)=11380
W20240128 18:08:04.404376 614450 grad_async_v2.h:121] Detect new sample comes, old_end1, new_end2
W20240128 18:08:04.445818 614041 grad_async_v2.h:250] Sleep in <BlockToStepN>, step_no=363, pq.top=363
E20240128 18:08:05.341010 614041 parallel_pq_v2.h:76] insert failed, size(hashtable)=859
W20240128 18:08:05.409713 614450 grad_async_v2.h:121] Detect new sample comes, old_end4, new_end5
W20240128 18:08:05.459048 614041 grad_async_v2.h:250] Sleep in <BlockToStepN>, step_no=396, pq.top=396
[proc 0] 400 steps, total: 3.099, sample: 0.201, forward: 0.279, backward: 0.248, update: 0.077
[proc 1] 400 steps, total: 3.099, sample: 0.161, forward: 0.273, backward: 0.277, update: 0.077
[proc 3] 400 steps, total: 3.099, sample: 0.157, forward: 0.240, backward: 0.237, update: 0.069
[proc 2] 400 steps, total: 3.099, sample: 0.145, forward: 0.238, backward: 0.254, update: 0.070
+---------------------------+---------------------------+---------------------------+
| Name                      | P50                       | P99                       |
+---------------------------+---------------------------+---------------------------+
| GenInput                  | 1.054 ms                  | 9.222 ms                  |
| Forward                   | 2.811 ms                  | 3.755 ms                  |
| Backward                  | 2.522 ms                  | 2.742 ms                  |
| Optimize                  | 840.555 us                | 1.479 ms                  |
| BarrierTimeBeforeRank0    | 24.941 us                 | 2.976 ms                  |
| AfterBackward             | 12.395 ms                 | 15.265 ms                 |
| BlockToStepN              | 6.617 ms                  | 15.922 ms                 |
| OneStep                   | 27.182 ms                 | 41.245 ms                 |
+---------------------------+---------------------------+---------------------------+
+---------------------------+---------------------------+---------------------------+
| Name                      | P50                       | P99                       |
+---------------------------+---------------------------+---------------------------+
| ProcessBack:Shuffle       | 1.971 ms                  | 2.150 ms                  |
| ProcessBack:UpdateCache   | 1.870 ms                  | 3.402 ms                  |
| ProcessBack:UpsertPq      | 7.527 ms                  | 10.735 ms                 |
| ProcessOneStep            | 12.331 ms                 | 15.244 ms                 |
| BlockToStepN              | 6.698 ms                  | 15.885 ms                 |
+---------------------------+---------------------------+---------------------------+
E20240128 18:08:06.341015 614449 parallel_pq_v2.h:76] insert failed, size(hashtable)=6439
W20240128 18:08:06.410383 614450 grad_async_v2.h:121] Detect new sample comes, old_end7, new_end8
W20240128 18:08:06.459029 614041 grad_async_v2.h:250] Sleep in <BlockToStepN>, step_no=429, pq.top=429
E20240128 18:08:07.342088 614449 parallel_pq_v2.h:76] insert failed, size(hashtable)=6987
W20240128 18:08:07.411688 614450 grad_async_v2.h:121] Detect new sample comes, old_end0, new_end1
W20240128 18:08:07.459064 614041 grad_async_v2.h:250] Sleep in <BlockToStepN>, step_no=462, pq.top=462
E20240128 18:08:08.342007 614041 parallel_pq_v2.h:76] insert failed, size(hashtable)=745
W20240128 18:08:08.414304 614450 grad_async_v2.h:121] Detect new sample comes, old_end2, new_end3
W20240128 18:08:08.465868 614041 grad_async_v2.h:250] Sleep in <BlockToStepN>, step_no=494, pq.top=494
[proc 2] 500 steps, total: 3.085, sample: 0.176, forward: 0.251, backward: 0.249, update: 0.070
[proc 3] 500 steps, total: 3.085, sample: 0.168, forward: 0.250, backward: 0.234, update: 0.071
[proc 1] 500 steps, total: 3.085, sample: 0.173, forward: 0.281, backward: 0.254, update: 0.077
[proc 0] 500 steps, total: 3.085, sample: 0.170, forward: 0.255, backward: 0.249, update: 0.069
Successfully xmh. training takes 16.7505099773407 seconds
before call kg_cache_controller.StopThreads()
W20240128 18:08:08.669706 614041 grad_async_v2.h:71] call StopThreads. PID = 613696
W20240128 18:08:08.669735 614041 grad_base.h:212] before processOneStepNegThread_.join();
W20240128 18:08:08.669943 614041 grad_base.h:214] after processOneStepNegThread_.join();
W20240128 18:08:08.669948 614041 grad_async_v2.h:73] call GradProcessingBase::StopThreads.
[W tensorpipe_agent.cpp:725] RPC agent for worker0 encountered error when reading incoming request from worker2: eof (this error originated at tensorpipe/transport/shm/connection_impl.cc:259)
[W tensorpipe_agent.cpp:725] RPC agent for worker0 encountered error when reading incoming request from worker1: eof (this error originated at tensorpipe/transport/shm/connection_impl.cc:259)
W20240128 18:08:08.674145 614041 grad_async_v2.h:92] StopThreads done.
[W tensorpipe_agent.cpp:725] RPC agent for worker0 encountered error when reading incoming request from worker3: eof (this error originated at tensorpipe/transport/shm/connection_impl.cc:259)
