WARNING: Logging before InitGoogleLogging() is written to STDERR
I20240129 04:36:21.580982 52544 IPC_barrier.h:128] MultiProcessBarrierFactory->ClearIPCMemory()
W20240129 04:36:21.590426 52544 IPCTensor.h:369] NewIPCTensor: full_emb [9449206, 32]0x100000002000 1.126 GB
/data/home/xieminhui/RecStore/src/framework_adapters/torch/python/perf_rec_model.py:151: DeprecationWarning: The 'warn' function is deprecated, use 'warning' instead
  XLOG.warn("After init DistEmbedding")
WARNING [52544 perf_rec_model.py:151] After init DistEmbedding
========== Running Perf with routine <function routine_local_cache_helper at 0x7fa3a31298a0>==========
Worker 1 pid=52904
Worker 2 pid=52905
Worker 3 pid=52906
Worker 4 pid=52907
Worker 5 pid=52908
Worker 6 pid=52909
INFO [52544 distributed_c10d.py:442] Added key: store_based_barrier_key:1 to store for rank: 0
INFO [52904 distributed_c10d.py:442] Added key: store_based_barrier_key:1 to store for rank: 1
INFO [52909 distributed_c10d.py:442] Added key: store_based_barrier_key:1 to store for rank: 6
INFO [52905 distributed_c10d.py:442] Added key: store_based_barrier_key:1 to store for rank: 2
INFO [52908 distributed_c10d.py:442] Added key: store_based_barrier_key:1 to store for rank: 5
INFO [52907 distributed_c10d.py:442] Added key: store_based_barrier_key:1 to store for rank: 4
INFO [52906 distributed_c10d.py:442] Added key: store_based_barrier_key:1 to store for rank: 3
INFO [52906 distributed_c10d.py:476] Rank 3: Completed store-based barrier for key:store_based_barrier_key:1 with 8 nodes.
INFO [52910 distributed_c10d.py:442] Added key: store_based_barrier_key:1 to store for rank: 7
INFO [52909 distributed_c10d.py:476] Rank 6: Completed store-based barrier for key:store_based_barrier_key:1 with 8 nodes.
INFO [52910 distributed_c10d.py:476] Rank 7: Completed store-based barrier for key:store_based_barrier_key:1 with 8 nodes.
E20240129 04:36:23.228305 52906 IPCTensor.h:348] IPCTensor full_emb already exists
E20240129 04:36:23.228778 52909 IPCTensor.h:348] IPCTensor full_emb already exists
INFO [52908 distributed_c10d.py:476] Rank 5: Completed store-based barrier for key:store_based_barrier_key:1 with 8 nodes.
INFO [52905 distributed_c10d.py:476] Rank 2: Completed store-based barrier for key:store_based_barrier_key:1 with 8 nodes.
E20240129 04:36:23.228870 52910 IPCTensor.h:348] IPCTensor full_emb already exists
INFO [52907 distributed_c10d.py:476] Rank 4: Completed store-based barrier for key:store_based_barrier_key:1 with 8 nodes.
E20240129 04:36:23.229466 52908 IPCTensor.h:348] IPCTensor full_emb already exists
E20240129 04:36:23.229460 52905 IPCTensor.h:348] IPCTensor full_emb already exists
E20240129 04:36:23.229511 52907 IPCTensor.h:348] IPCTensor full_emb already exists
INFO [52544 distributed_c10d.py:476] Rank 0: Completed store-based barrier for key:store_based_barrier_key:1 with 8 nodes.
INFO [52904 distributed_c10d.py:476] Rank 1: Completed store-based barrier for key:store_based_barrier_key:1 with 8 nodes.
E20240129 04:36:23.233899 52544 IPCTensor.h:348] IPCTensor full_emb already exists
E20240129 04:36:23.234030 52904 IPCTensor.h:348] IPCTensor full_emb already exists
W20240129 04:36:23.267032 52906 IPCTensor.h:409] NewIPCGPUTensor: embedding_cache_3 [472460, 32]; dev=3; size=57.67 MB
W20240129 04:36:23.268077 52544 IPCTensor.h:409] NewIPCGPUTensor: embedding_cache_0 [472460, 32]; dev=0; size=57.67 MB
W20240129 04:36:23.268222 52904 IPCTensor.h:409] NewIPCGPUTensor: embedding_cache_1 [472460, 32]; dev=1; size=57.67 MB
W20240129 04:36:23.268235 52910 IPCTensor.h:409] NewIPCGPUTensor: embedding_cache_7 [472460, 32]; dev=7; size=57.67 MB
W20240129 04:36:23.268353 52905 IPCTensor.h:409] NewIPCGPUTensor: embedding_cache_2 [472460, 32]; dev=2; size=57.67 MB
W20240129 04:36:23.268353 52907 IPCTensor.h:409] NewIPCGPUTensor: embedding_cache_4 [472460, 32]; dev=4; size=57.67 MB
W20240129 04:36:23.268353 52908 IPCTensor.h:409] NewIPCGPUTensor: embedding_cache_5 [472460, 32]; dev=5; size=57.67 MB
W20240129 04:36:23.268354 52909 IPCTensor.h:409] NewIPCGPUTensor: embedding_cache_6 [472460, 32]; dev=6; size=57.67 MB
W20240129 04:36:24.037886 52908 IPCTensor.h:369] NewIPCTensor: input_keys_5 [1000000]0x10004817d000 7.629 MB
W20240129 04:36:24.038034 52908 IPCTensor.h:369] NewIPCTensor: input_keys_neg_5 [1000000]0x100048920000 7.629 MB
W20240129 04:36:24.038084 52908 IPCTensor.h:369] NewIPCTensor: backward_grads_5 [1000000, 32]0x1000490c3000 122.1 MB
W20240129 04:36:24.038120 52908 IPCTensor.h:369] NewIPCTensor: backward_grads_neg_5 [1000000, 32]0x100050ad7000 122.1 MB
W20240129 04:36:24.038149 52908 IPCTensor.h:409] NewIPCGPUTensor: backward_grads_5_gpu [1000000, 32]; dev=5; size=122.1 MB
W20240129 04:36:24.053243 52908 IPCTensor.h:409] NewIPCGPUTensor: backward_grads_neg_5_gpu [1000000, 32]; dev=5; size=122.1 MB
W20240129 04:36:24.056447 52909 IPCTensor.h:369] NewIPCTensor: input_keys_6 [1000000]0x1000584f1000 7.629 MB
W20240129 04:36:24.056548 52909 IPCTensor.h:369] NewIPCTensor: input_keys_neg_6 [1000000]0x100058c94000 7.629 MB
W20240129 04:36:24.056591 52909 IPCTensor.h:369] NewIPCTensor: backward_grads_6 [1000000, 32]0x100059437000 122.1 MB
W20240129 04:36:24.056629 52909 IPCTensor.h:369] NewIPCTensor: backward_grads_neg_6 [1000000, 32]0x100060e4b000 122.1 MB
W20240129 04:36:24.056659 52909 IPCTensor.h:409] NewIPCGPUTensor: backward_grads_6_gpu [1000000, 32]; dev=6; size=122.1 MB
W20240129 04:36:24.056995 52544 IPCTensor.h:369] NewIPCTensor: input_keys_0 [1000000]0x100068861000 7.629 MB
W20240129 04:36:24.057085 52544 IPCTensor.h:369] NewIPCTensor: input_keys_neg_0 [1000000]0x100069004000 7.629 MB
W20240129 04:36:24.057137 52544 IPCTensor.h:369] NewIPCTensor: backward_grads_0 [1000000, 32]0x1000697a7000 122.1 MB
W20240129 04:36:24.057168 52544 IPCTensor.h:369] NewIPCTensor: backward_grads_neg_0 [1000000, 32]0x1000711bb000 122.1 MB
W20240129 04:36:24.057197 52544 IPCTensor.h:409] NewIPCGPUTensor: backward_grads_0_gpu [1000000, 32]; dev=0; size=122.1 MB
W20240129 04:36:24.057258 52909 IPCTensor.h:409] NewIPCGPUTensor: backward_grads_neg_6_gpu [1000000, 32]; dev=6; size=122.1 MB
W20240129 04:36:24.058068 52544 IPCTensor.h:409] NewIPCGPUTensor: backward_grads_neg_0_gpu [1000000, 32]; dev=0; size=122.1 MB
W20240129 04:36:24.061182 52905 IPCTensor.h:369] NewIPCTensor: input_keys_2 [1000000]0x100078bd9000 7.629 MB
W20240129 04:36:24.061282 52905 IPCTensor.h:369] NewIPCTensor: input_keys_neg_2 [1000000]0x10007937c000 7.629 MB
W20240129 04:36:24.061324 52905 IPCTensor.h:369] NewIPCTensor: backward_grads_2 [1000000, 32]0x100079b1f000 122.1 MB
W20240129 04:36:24.061362 52905 IPCTensor.h:369] NewIPCTensor: backward_grads_neg_2 [1000000, 32]0x100081533000 122.1 MB
W20240129 04:36:24.061390 52905 IPCTensor.h:409] NewIPCGPUTensor: backward_grads_2_gpu [1000000, 32]; dev=2; size=122.1 MB
W20240129 04:36:24.061722 52905 IPCTensor.h:409] NewIPCGPUTensor: backward_grads_neg_2_gpu [1000000, 32]; dev=2; size=122.1 MB
W20240129 04:36:24.076211 52904 IPCTensor.h:369] NewIPCTensor: input_keys_1 [1000000]0x100088f4d000 7.629 MB
W20240129 04:36:24.076351 52904 IPCTensor.h:369] NewIPCTensor: input_keys_neg_1 [1000000]0x1000896f0000 7.629 MB
W20240129 04:36:24.076390 52904 IPCTensor.h:369] NewIPCTensor: backward_grads_1 [1000000, 32]0x100089e93000 122.1 MB
W20240129 04:36:24.076426 52904 IPCTensor.h:369] NewIPCTensor: backward_grads_neg_1 [1000000, 32]0x1000918a7000 122.1 MB
W20240129 04:36:24.076462 52904 IPCTensor.h:409] NewIPCGPUTensor: backward_grads_1_gpu [1000000, 32]; dev=1; size=122.1 MB
W20240129 04:36:24.076989 52904 IPCTensor.h:409] NewIPCGPUTensor: backward_grads_neg_1_gpu [1000000, 32]; dev=1; size=122.1 MB
W20240129 04:36:24.082646 52910 IPCTensor.h:369] NewIPCTensor: input_keys_7 [1000000]0x1000992c1000 7.629 MB
W20240129 04:36:24.082756 52910 IPCTensor.h:369] NewIPCTensor: input_keys_neg_7 [1000000]0x100099a64000 7.629 MB
W20240129 04:36:24.082810 52910 IPCTensor.h:369] NewIPCTensor: backward_grads_7 [1000000, 32]0x10009a207000 122.1 MB
W20240129 04:36:24.082847 52910 IPCTensor.h:369] NewIPCTensor: backward_grads_neg_7 [1000000, 32]0x1000a1c1b000 122.1 MB
W20240129 04:36:24.082887 52910 IPCTensor.h:409] NewIPCGPUTensor: backward_grads_7_gpu [1000000, 32]; dev=7; size=122.1 MB
W20240129 04:36:24.083130 52907 IPCTensor.h:369] NewIPCTensor: input_keys_4 [1000000]0x1000a9631000 7.629 MB
W20240129 04:36:24.083243 52907 IPCTensor.h:369] NewIPCTensor: input_keys_neg_4 [1000000]0x1000a9dd4000 7.629 MB
W20240129 04:36:24.083293 52907 IPCTensor.h:369] NewIPCTensor: backward_grads_4 [1000000, 32]0x1000aa577000 122.1 MB
W20240129 04:36:24.083329 52907 IPCTensor.h:369] NewIPCTensor: backward_grads_neg_4 [1000000, 32]0x1000b1f8b000 122.1 MB
W20240129 04:36:24.083364 52907 IPCTensor.h:409] NewIPCGPUTensor: backward_grads_4_gpu [1000000, 32]; dev=4; size=122.1 MB
W20240129 04:36:24.083482 52910 IPCTensor.h:409] NewIPCGPUTensor: backward_grads_neg_7_gpu [1000000, 32]; dev=7; size=122.1 MB
W20240129 04:36:24.083904 52907 IPCTensor.h:409] NewIPCGPUTensor: backward_grads_neg_4_gpu [1000000, 32]; dev=4; size=122.1 MB
W20240129 04:36:24.087473 52906 IPCTensor.h:369] NewIPCTensor: input_keys_3 [1000000]0x1000b99a9000 7.629 MB
W20240129 04:36:24.087568 52906 IPCTensor.h:369] NewIPCTensor: input_keys_neg_3 [1000000]0x1000ba14c000 7.629 MB
W20240129 04:36:24.087611 52906 IPCTensor.h:369] NewIPCTensor: backward_grads_3 [1000000, 32]0x1000ba8ef000 122.1 MB
W20240129 04:36:24.087651 52906 IPCTensor.h:369] NewIPCTensor: backward_grads_neg_3 [1000000, 32]0x1000c2303000 122.1 MB
W20240129 04:36:24.087682 52906 IPCTensor.h:409] NewIPCGPUTensor: backward_grads_3_gpu [1000000, 32]; dev=3; size=122.1 MB
W20240129 04:36:24.088011 52906 IPCTensor.h:409] NewIPCGPUTensor: backward_grads_neg_3_gpu [1000000, 32]; dev=3; size=122.1 MB
cudaHostRegister 0x100000002000
3: KnownLocalCachedEmbedding init done
cudaHostRegister 0x100000002000
7: KnownLocalCachedEmbedding init done
cudaHostRegister 0x100000002000
4: KnownLocalCachedEmbedding init done
cudaHostRegister 0x100000002000
2: KnownLocalCachedEmbedding init done
Worker 7 pid=52910
New CachedEmbedding, name=full_emb, shape=(9449206, 32), cache_type=KnownLocalCachedEmbedding
fixed cache_range is [(0, 472460), (472460, 944920), (944920, 1417380), (1417380, 1889840), (1889840, 2362300), (2362300, 2834760), (2834760, 3307220), (3307220, 3779680)]
cudaHostRegister 0x100000002000
0: KnownLocalCachedEmbedding init done
cudaHostRegister 0x100000002000
5: KnownLocalCachedEmbedding init done
cudaHostRegister 0x100000002000
6: KnownLocalCachedEmbedding init done
cudaHostRegister 0x100000002000
1: KnownLocalCachedEmbedding init done
W20240129 04:36:29.110361 52907 IPCTensor.h:369] NewIPCTensor: cached_sampler_r4_0 [1000000]0x1000c9d1b000 7.629 MB
W20240129 04:36:29.110641 52907 IPCTensor.h:369] NewIPCTensor: cached_sampler_r4_1 [1000000]0x1000ca4be000 7.629 MB
W20240129 04:36:29.110702 52907 IPCTensor.h:369] NewIPCTensor: cached_sampler_r4_2 [1000000]0x1000cac61000 7.629 MB
W20240129 04:36:29.110761 52907 IPCTensor.h:369] NewIPCTensor: cached_sampler_r4_3 [1000000]0x1000cb404000 7.629 MB
W20240129 04:36:29.110810 52907 IPCTensor.h:369] NewIPCTensor: cached_sampler_r4_4 [1000000]0x1000cbba7000 7.629 MB
W20240129 04:36:29.110862 52907 IPCTensor.h:369] NewIPCTensor: cached_sampler_r4_5 [1000000]0x1000cc34a000 7.629 MB
W20240129 04:36:29.110908 52907 IPCTensor.h:369] NewIPCTensor: cached_sampler_r4_6 [1000000]0x1000ccaed000 7.629 MB
W20240129 04:36:29.110967 52907 IPCTensor.h:369] NewIPCTensor: cached_sampler_r4_7 [1000000]0x1000cd290000 7.629 MB
W20240129 04:36:29.111011 52907 IPCTensor.h:369] NewIPCTensor: cached_sampler_r4_8 [1000000]0x1000cda33000 7.629 MB
W20240129 04:36:29.111047 52907 IPCTensor.h:369] NewIPCTensor: cached_sampler_r4_9 [1000000]0x1000ce1d6000 7.629 MB
W20240129 04:36:29.111091 52907 IPCTensor.h:369] NewIPCTensor: step_r4 [10]0x1000ce979000 80 B 
W20240129 04:36:29.111128 52907 IPCTensor.h:369] NewIPCTensor: circle_buffer_end_r4 [1]0x1000ce97b000 8 B 
W20240129 04:36:29.111162 52907 IPCTensor.h:369] NewIPCTensor: circle_buffer_end_cppseen_r4 [1]0x1000ce97d000 8 B 
W20240129 04:36:29.111415 52906 IPCTensor.h:369] NewIPCTensor: cached_sampler_r3_0 [1000000]0x1000ce97f000 7.629 MB
Dataset:  /home/xieminhui/RecStoreDataset/avazu_binary
Dataset loaded
np.max =  9449205
np.min=  1
Construct RecModelSampler done
W20240129 04:36:29.111614 52906 IPCTensor.h:369] NewIPCTensor: cached_sampler_r3_1 [1000000]0x1000cf122000 7.629 MB
W20240129 04:36:29.111656 52906 IPCTensor.h:369] NewIPCTensor: cached_sampler_r3_2 [1000000]0x1000cf8c5000 7.629 MB
W20240129 04:36:29.111707 52906 IPCTensor.h:369] NewIPCTensor: cached_sampler_r3_3 [1000000]0x1000d0068000 7.629 MB
W20240129 04:36:29.111748 52906 IPCTensor.h:369] NewIPCTensor: cached_sampler_r3_4 [1000000]0x1000d080b000 7.629 MB
I20240129 04:36:29.111748 52907 IPC_barrier.h:118] CreateBarrier: new barrier, name: kgcachecontroller, count: 8
W20240129 04:36:29.111789 52906 IPCTensor.h:369] NewIPCTensor: cached_sampler_r3_5 [1000000]0x1000d0fae000 7.629 MB
W20240129 04:36:29.111836 52906 IPCTensor.h:369] NewIPCTensor: cached_sampler_r3_6 [1000000]0x1000d1751000 7.629 MB
W20240129 04:36:29.111887 52906 IPCTensor.h:369] NewIPCTensor: cached_sampler_r3_7 [1000000]0x1000d1ef4000 7.629 MB
W20240129 04:36:29.111930 52906 IPCTensor.h:369] NewIPCTensor: cached_sampler_r3_8 [1000000]0x1000d2697000 7.629 MB
W20240129 04:36:29.111964 52906 IPCTensor.h:369] NewIPCTensor: cached_sampler_r3_9 [1000000]0x1000d2e3a000 7.629 MB
W20240129 04:36:29.112023 52906 IPCTensor.h:369] NewIPCTensor: step_r3 [10]0x1000d35dd000 80 B 
W20240129 04:36:29.112066 52906 IPCTensor.h:369] NewIPCTensor: circle_buffer_end_r3 [1]0x1000d35df000 8 B 
W20240129 04:36:29.112123 52906 IPCTensor.h:369] NewIPCTensor: circle_buffer_end_cppseen_r3 [1]0x1000d35e1000 8 B 
Dataset:  /home/xieminhui/RecStoreDataset/avazu_binary
Dataset loaded
np.max =  9449205
np.min=  1
Construct RecModelSampler done
I20240129 04:36:29.112661 52906 IPC_barrier.h:112] CreateBarrier: find existing barrier, name: kgcachecontroller, count: 8
W20240129 04:36:29.332181 52909 IPCTensor.h:369] NewIPCTensor: cached_sampler_r6_0 [1000000]0x1000d35e3000 7.629 MB
W20240129 04:36:29.332372 52909 IPCTensor.h:369] NewIPCTensor: cached_sampler_r6_1 [1000000]0x1000d3d86000 7.629 MB
W20240129 04:36:29.332428 52909 IPCTensor.h:369] NewIPCTensor: cached_sampler_r6_2 [1000000]0x1000d4529000 7.629 MB
W20240129 04:36:29.332486 52909 IPCTensor.h:369] NewIPCTensor: cached_sampler_r6_3 [1000000]0x1000d4ccc000 7.629 MB
W20240129 04:36:29.332528 52909 IPCTensor.h:369] NewIPCTensor: cached_sampler_r6_4 [1000000]0x1000d546f000 7.629 MB
W20240129 04:36:29.332584 52909 IPCTensor.h:369] NewIPCTensor: cached_sampler_r6_5 [1000000]0x1000d5c12000 7.629 MB
W20240129 04:36:29.332633 52909 IPCTensor.h:369] NewIPCTensor: cached_sampler_r6_6 [1000000]0x1000d63b5000 7.629 MB
W20240129 04:36:29.332688 52909 IPCTensor.h:369] NewIPCTensor: cached_sampler_r6_7 [1000000]0x1000d6b58000 7.629 MB
W20240129 04:36:29.332736 52909 IPCTensor.h:369] NewIPCTensor: cached_sampler_r6_8 [1000000]0x1000d72fb000 7.629 MB
W20240129 04:36:29.332778 52909 IPCTensor.h:369] NewIPCTensor: cached_sampler_r6_9 [1000000]0x1000d7a9e000 7.629 MB
W20240129 04:36:29.332819 52909 IPCTensor.h:369] NewIPCTensor: step_r6 [10]0x1000d8241000 80 B 
W20240129 04:36:29.332855 52909 IPCTensor.h:369] NewIPCTensor: circle_buffer_end_r6 [1]0x1000d8243000 8 B 
W20240129 04:36:29.332891 52909 IPCTensor.h:369] NewIPCTensor: circle_buffer_end_cppseen_r6 [1]0x1000d8245000 8 B 
Dataset:  /home/xieminhui/RecStoreDataset/avazu_binary
Dataset loaded
np.max =  9449205
np.min=  1
Construct RecModelSampler done
I20240129 04:36:29.333284 52909 IPC_barrier.h:112] CreateBarrier: find existing barrier, name: kgcachecontroller, count: 8
W20240129 04:36:29.356559 52904 IPCTensor.h:369] NewIPCTensor: cached_sampler_r1_0 [1000000]0x1000d8247000 7.629 MB
W20240129 04:36:29.356694 52904 IPCTensor.h:369] NewIPCTensor: cached_sampler_r1_1 [1000000]0x1000d89ea000 7.629 MB
W20240129 04:36:29.356739 52904 IPCTensor.h:369] NewIPCTensor: cached_sampler_r1_2 [1000000]0x1000d918d000 7.629 MB
W20240129 04:36:29.356791 52904 IPCTensor.h:369] NewIPCTensor: cached_sampler_r1_3 [1000000]0x1000d9930000 7.629 MB
W20240129 04:36:29.356832 52904 IPCTensor.h:369] NewIPCTensor: cached_sampler_r1_4 [1000000]0x1000da0d3000 7.629 MB
W20240129 04:36:29.356882 52904 IPCTensor.h:369] NewIPCTensor: cached_sampler_r1_5 [1000000]0x1000da876000 7.629 MB
W20240129 04:36:29.356927 52904 IPCTensor.h:369] NewIPCTensor: cached_sampler_r1_6 [1000000]0x1000db019000 7.629 MB
W20240129 04:36:29.356976 52904 IPCTensor.h:369] NewIPCTensor: cached_sampler_r1_7 [1000000]0x1000db7bc000 7.629 MB
W20240129 04:36:29.357021 52904 IPCTensor.h:369] NewIPCTensor: cached_sampler_r1_8 [1000000]0x1000dbf5f000 7.629 MB
W20240129 04:36:29.357059 52904 IPCTensor.h:369] NewIPCTensor: cached_sampler_r1_9 [1000000]0x1000dc702000 7.629 MB
W20240129 04:36:29.357100 52904 IPCTensor.h:369] NewIPCTensor: step_r1 [10]0x1000dcea5000 80 B 
W20240129 04:36:29.357136 52904 IPCTensor.h:369] NewIPCTensor: circle_buffer_end_r1 [1]0x1000dcea7000 8 B 
W20240129 04:36:29.357168 52904 IPCTensor.h:369] NewIPCTensor: circle_buffer_end_cppseen_r1 [1]0x1000dcea9000 8 B 
Dataset:  /home/xieminhui/RecStoreDataset/avazu_binary
Dataset loaded
np.max =  9449205
np.min=  1
Construct RecModelSampler done
I20240129 04:36:29.357511 52904 IPC_barrier.h:112] CreateBarrier: find existing barrier, name: kgcachecontroller, count: 8
W20240129 04:36:30.215353 52905 IPCTensor.h:369] NewIPCTensor: cached_sampler_r2_0 [1000000]0x1000dceab000 7.629 MB
W20240129 04:36:30.215586 52905 IPCTensor.h:369] NewIPCTensor: cached_sampler_r2_1 [1000000]0x1000dd64e000 7.629 MB
W20240129 04:36:30.215637 52905 IPCTensor.h:369] NewIPCTensor: cached_sampler_r2_2 [1000000]0x1000dddf1000 7.629 MB
W20240129 04:36:30.215696 52905 IPCTensor.h:369] NewIPCTensor: cached_sampler_r2_3 [1000000]0x1000de594000 7.629 MB
W20240129 04:36:30.215740 52905 IPCTensor.h:369] NewIPCTensor: cached_sampler_r2_4 [1000000]0x1000ded37000 7.629 MB
W20240129 04:36:30.215790 52905 IPCTensor.h:369] NewIPCTensor: cached_sampler_r2_5 [1000000]0x1000df4da000 7.629 MB
W20240129 04:36:30.215842 52905 IPCTensor.h:369] NewIPCTensor: cached_sampler_r2_6 [1000000]0x1000dfc7d000 7.629 MB
W20240129 04:36:30.215903 52905 IPCTensor.h:369] NewIPCTensor: cached_sampler_r2_7 [1000000]0x1000e0420000 7.629 MB
W20240129 04:36:30.215951 52905 IPCTensor.h:369] NewIPCTensor: cached_sampler_r2_8 [1000000]0x1000e0bc3000 7.629 MB
W20240129 04:36:30.215988 52905 IPCTensor.h:369] NewIPCTensor: cached_sampler_r2_9 [1000000]0x1000e1366000 7.629 MB
W20240129 04:36:30.216030 52905 IPCTensor.h:369] NewIPCTensor: step_r2 [10]0x1000e1b09000 80 B 
W20240129 04:36:30.216080 52905 IPCTensor.h:369] NewIPCTensor: circle_buffer_end_r2 [1]0x1000e1b0b000 8 B 
W20240129 04:36:30.216120 52905 IPCTensor.h:369] NewIPCTensor: circle_buffer_end_cppseen_r2 [1]0x1000e1b0d000 8 B 
Dataset:  /home/xieminhui/RecStoreDataset/avazu_binary
Dataset loaded
np.max =  9449205
np.min=  1
Construct RecModelSampler done
I20240129 04:36:30.216615 52905 IPC_barrier.h:112] CreateBarrier: find existing barrier, name: kgcachecontroller, count: 8
W20240129 04:36:30.232545 52544 IPCTensor.h:369] NewIPCTensor: cached_sampler_r0_0 [1000000]0x1000e1b0f000 7.629 MB
W20240129 04:36:30.232764 52544 IPCTensor.h:369] NewIPCTensor: cached_sampler_r0_1 [1000000]0x1000e22b2000 7.629 MB
W20240129 04:36:30.232833 52544 IPCTensor.h:369] NewIPCTensor: cached_sampler_r0_2 [1000000]0x1000e2a55000 7.629 MB
W20240129 04:36:30.232898 52544 IPCTensor.h:369] NewIPCTensor: cached_sampler_r0_3 [1000000]0x1000e31f8000 7.629 MB
W20240129 04:36:30.232936 52544 IPCTensor.h:369] NewIPCTensor: cached_sampler_r0_4 [1000000]0x1000e399b000 7.629 MB
W20240129 04:36:30.232977 52544 IPCTensor.h:369] NewIPCTensor: cached_sampler_r0_5 [1000000]0x1000e413e000 7.629 MB
W20240129 04:36:30.233011 52544 IPCTensor.h:369] NewIPCTensor: cached_sampler_r0_6 [1000000]0x1000e48e1000 7.629 MB
W20240129 04:36:30.233080 52544 IPCTensor.h:369] NewIPCTensor: cached_sampler_r0_7 [1000000]0x1000e5084000 7.629 MB
W20240129 04:36:30.233124 52544 IPCTensor.h:369] NewIPCTensor: cached_sampler_r0_8 [1000000]0x1000e5827000 7.629 MB
W20240129 04:36:30.233158 52544 IPCTensor.h:369] NewIPCTensor: cached_sampler_r0_9 [1000000]0x1000e5fca000 7.629 MB
W20240129 04:36:30.233201 52544 IPCTensor.h:369] NewIPCTensor: step_r0 [10]0x1000e676d000 80 B 
W20240129 04:36:30.233254 52544 IPCTensor.h:369] NewIPCTensor: circle_buffer_end_r0 [1]0x1000e676f000 8 B 
W20240129 04:36:30.233283 52544 IPCTensor.h:369] NewIPCTensor: circle_buffer_end_cppseen_r0 [1]0x1000e6771000 8 B 
Dataset:  /home/xieminhui/RecStoreDataset/avazu_binary
Dataset loaded
np.max =  9449205
np.min=  1
Construct RecModelSampler done
I20240129 04:36:30.233633 52544 IPC_barrier.h:112] CreateBarrier: find existing barrier, name: kgcachecontroller, count: 8
W20240129 04:36:30.658779 52908 IPCTensor.h:369] NewIPCTensor: cached_sampler_r5_0 [1000000]0x1000e6773000 7.629 MB
W20240129 04:36:30.658967 52908 IPCTensor.h:369] NewIPCTensor: cached_sampler_r5_1 [1000000]0x1000e6f16000 7.629 MB
W20240129 04:36:30.659018 52908 IPCTensor.h:369] NewIPCTensor: cached_sampler_r5_2 [1000000]0x1000e76b9000 7.629 MB
W20240129 04:36:30.659080 52908 IPCTensor.h:369] NewIPCTensor: cached_sampler_r5_3 [1000000]0x1000e7e5c000 7.629 MB
W20240129 04:36:30.659124 52908 IPCTensor.h:369] NewIPCTensor: cached_sampler_r5_4 [1000000]0x1000e85ff000 7.629 MB
W20240129 04:36:30.659180 52908 IPCTensor.h:369] NewIPCTensor: cached_sampler_r5_5 [1000000]0x1000e8da2000 7.629 MB
W20240129 04:36:30.659235 52908 IPCTensor.h:369] NewIPCTensor: cached_sampler_r5_6 [1000000]0x1000e9545000 7.629 MB
W20240129 04:36:30.659294 52908 IPCTensor.h:369] NewIPCTensor: cached_sampler_r5_7 [1000000]0x1000e9ce8000 7.629 MB
W20240129 04:36:30.659343 52908 IPCTensor.h:369] NewIPCTensor: cached_sampler_r5_8 [1000000]0x1000ea48b000 7.629 MB
W20240129 04:36:30.659389 52908 IPCTensor.h:369] NewIPCTensor: cached_sampler_r5_9 [1000000]0x1000eac2e000 7.629 MB
W20240129 04:36:30.659435 52908 IPCTensor.h:369] NewIPCTensor: step_r5 [10]0x1000eb3d1000 80 B 
W20240129 04:36:30.659476 52908 IPCTensor.h:369] NewIPCTensor: circle_buffer_end_r5 [1]0x1000eb3d3000 8 B 
W20240129 04:36:30.659511 52908 IPCTensor.h:369] NewIPCTensor: circle_buffer_end_cppseen_r5 [1]0x1000eb3d5000 8 B 
Dataset:  /home/xieminhui/RecStoreDataset/avazu_binary
Dataset loaded
np.max =  9449205
np.min=  1
Construct RecModelSampler done
I20240129 04:36:30.659936 52908 IPC_barrier.h:112] CreateBarrier: find existing barrier, name: kgcachecontroller, count: 8
W20240129 04:36:30.829030 52910 IPCTensor.h:369] NewIPCTensor: cached_sampler_r7_0 [1000000]0x1000eb3d7000 7.629 MB
W20240129 04:36:30.829540 52910 IPCTensor.h:369] NewIPCTensor: cached_sampler_r7_1 [1000000]0x1000ebb7a000 7.629 MB
W20240129 04:36:30.829686 52910 IPCTensor.h:369] NewIPCTensor: cached_sampler_r7_2 [1000000]0x1000ec31d000 7.629 MB
W20240129 04:36:30.829852 52910 IPCTensor.h:369] NewIPCTensor: cached_sampler_r7_3 [1000000]0x1000ecac0000 7.629 MB
W20240129 04:36:30.829982 52910 IPCTensor.h:369] NewIPCTensor: cached_sampler_r7_4 [1000000]0x1000ed263000 7.629 MB
W20240129 04:36:30.830135 52910 IPCTensor.h:369] NewIPCTensor: cached_sampler_r7_5 [1000000]0x1000eda06000 7.629 MB
W20240129 04:36:30.830272 52910 IPCTensor.h:369] NewIPCTensor: cached_sampler_r7_6 [1000000]0x1000ee1a9000 7.629 MB
W20240129 04:36:30.830446 52910 IPCTensor.h:369] NewIPCTensor: cached_sampler_r7_7 [1000000]0x1000ee94c000 7.629 MB
W20240129 04:36:30.830586 52910 IPCTensor.h:369] NewIPCTensor: cached_sampler_r7_8 [1000000]0x1000ef0ef000 7.629 MB
W20240129 04:36:30.830701 52910 IPCTensor.h:369] NewIPCTensor: cached_sampler_r7_9 [1000000]0x1000ef892000 7.629 MB
W20240129 04:36:30.830826 52910 IPCTensor.h:369] NewIPCTensor: step_r7 [10]0x1000f0035000 80 B 
W20240129 04:36:30.830950 52910 IPCTensor.h:369] NewIPCTensor: circle_buffer_end_r7 [1]0x1000f0037000 8 B 
W20240129 04:36:30.831061 52910 IPCTensor.h:369] NewIPCTensor: circle_buffer_end_cppseen_r7 [1]0x1000f0039000 8 B 
Dataset:  /home/xieminhui/RecStoreDataset/avazu_binary
Dataset loaded
np.max =  9449205
np.min=  1
Construct RecModelSampler done
I20240129 04:36:30.832125 52910 IPC_barrier.h:112] CreateBarrier: find existing barrier, name: kgcachecontroller, count: 8
W20240129 04:36:30.834483 52544 grad_base.h:55] KGCacheController, config={
        "num_gpus": 8,
        "L": 10,
        "kForwardItersPerStep": 1,
        "clr": 1,
        "backwardMode": "CppAsyncV2",
        "nr_background_threads": 16, 
        "cache_ratio": 0.05,
        "backgrad_init": "both"
    }
W20240129 04:36:30.834782 52544 grad_base.h:184] Init GradProcessingBase done
I20240129 04:36:31.903975 52544 grad_async_v2.h:32] Use background thread to update emb. nr_background_threads=16
W20240129 04:36:31.904135 52544 kg_controller.h:78] after init GradAsyncProcessingV2
I20240129 04:36:31.904145 52544 kg_controller.h:84] Construct KGCacheController done
E20240129 04:36:32.697105 52910 recstore.cc:66] init folly done
E20240129 04:36:32.697119 52544 recstore.cc:66] init folly done
E20240129 04:36:32.697117 52906 recstore.cc:66] init folly done
E20240129 04:36:32.697132 52907 recstore.cc:66] init folly done
E20240129 04:36:32.697189 52905 recstore.cc:66] init folly done
Construct KGCacheControllerWrapper done
Construct KGCacheControllerWrapper done
E20240129 04:36:32.697254 52909 recstore.cc:66] init folly done
Construct KGCacheControllerWrapper done
Construct KGCacheControllerWrapper done
Construct KGCacheControllerWrapper done
Construct KGCacheControllerWrapper done
E20240129 04:36:32.697502 52908 recstore.cc:66] init folly done
E20240129 04:36:32.697507 52904 recstore.cc:66] init folly done
Construct KGCacheControllerWrapper done
Construct KGCacheControllerWrapper done
I20240129 04:36:32.698405 52544 grad_base.h:60] GraphEnv RegTensorsPerProcess
W20240129 04:36:33.538151 53753 grad_async_v2.h:121] Detect new sample comes, old_end0, new_end1
E20240129 04:36:33.538826 53753 parallel_pq_v2.h:76] insert failed, size(hashtable)=1
E20240129 04:36:34.538033 53753 parallel_pq_v2.h:76] insert failed, size(hashtable)=0
W20240129 04:36:34.542045 53753 grad_async_v2.h:121] Detect new sample comes, old_end3, new_end4
E20240129 04:36:35.538072 53753 parallel_pq_v2.h:76] insert failed, size(hashtable)=1
W20240129 04:36:35.551908 53753 grad_async_v2.h:121] Detect new sample comes, old_end6, new_end7
E20240129 04:36:36.538167 53753 parallel_pq_v2.h:76] insert failed, size(hashtable)=0
W20240129 04:36:36.557685 53753 grad_async_v2.h:121] Detect new sample comes, old_end9, new_end0
Before Training
Before Training
Before Training
Before Training
I20240129 04:36:37.808327 52909 IPC_barrier.h:118] CreateBarrier: new barrier, name: start_barrier, count: 8
I20240129 04:36:37.808362 52907 IPC_barrier.h:112] CreateBarrier: find existing barrier, name: start_barrier, count: 8
I20240129 04:36:37.808389 52910 IPC_barrier.h:112] CreateBarrier: find existing barrier, name: start_barrier, count: 8
I20240129 04:36:37.808420 52904 IPC_barrier.h:112] CreateBarrier: find existing barrier, name: start_barrier, count: 8
Before Training
I20240129 04:36:37.808943 52906 IPC_barrier.h:112] CreateBarrier: find existing barrier, name: start_barrier, count: 8
Before Training
I20240129 04:36:37.809459 52544 IPC_barrier.h:112] CreateBarrier: find existing barrier, name: start_barrier, count: 8
Before Training
I20240129 04:36:37.809826 52908 IPC_barrier.h:112] CreateBarrier: find existing barrier, name: start_barrier, count: 8
Before Training
I20240129 04:36:37.810371 52905 IPC_barrier.h:112] CreateBarrier: find existing barrier, name: start_barrier, count: 8
========== Step 0 ========== 
========== Step 0 ========== 
========== Step 0 ========== 
========== Step 0 ========== 
========== Step 0 ========== 
========== Step 0 ========== 
========== Step 0 ========== 
W20240129 04:36:37.812544 53753 grad_async_v2.h:121] Detect new sample comes, old_end0, new_end1
========== Step 0 ========== 
E20240129 04:36:37.813704 53753 parallel_pq_v2.h:76] insert failed, size(hashtable)=1
E20240129 04:36:39.614959 53063 parallel_pq_v2.h:76] insert failed, size(hashtable)=0
W20240129 04:36:39.749722 52544 grad_async_v2.h:250] Sleep in <BlockToStepN>, step_no=1, pq.top=1
E20240129 04:36:40.660473 53752 parallel_pq_v2.h:76] insert failed, size(hashtable)=2056
W20240129 04:36:40.749049 52544 grad_async_v2.h:250] Sleep in <BlockToStepN>, step_no=1, pq.top=1
+---------------------------+---------------------------+---------------------------+
| Name                      | P50                       | P99                       |
+---------------------------+---------------------------+---------------------------+
| GenInput:CircleBuffer     | 210.678 us                | 210.678 us                |
| GenInput                  | 653.796 us                | 653.796 us                |
| NN                        | 135.028 ms                | 135.028 ms                |
| Forward                   | 137.122 ms                | 137.122 ms                |
| Backward                  | 56.760 ms                 | 56.760 ms                 |
| Optimize                  | 6.651 ms                  | 6.651 ms                  |
| BarrierTimeBeforeRank0    | 22.134 ms                 | 22.134 ms                 |
| AfterBackward             | 1.713 s                   | 1.713 s                   |
+---------------------------+---------------------------+---------------------------+
========== Step 1 ========== 
========== Step 1 ========== 
========== Step 1 ========== 
========== Step 1 ========== 
========== Step 1 ========== 
========== Step 1 ========== 
========== Step 1 ========== 
W20240129 04:36:40.950947 53753 grad_async_v2.h:121] Detect new sample comes, old_end1, new_end2
========== Step 1 ========== 
INFO [52910 distributed.py:1140] Reducer buckets have been rebuilt in this iteration.
INFO [52908 distributed.py:1140] Reducer buckets have been rebuilt in this iteration.
INFO [52906 distributed.py:1140] Reducer buckets have been rebuilt in this iteration.
INFO [52904 distributed.py:1140] Reducer buckets have been rebuilt in this iteration.
INFO [52905 distributed.py:1140] Reducer buckets have been rebuilt in this iteration.
INFO [52544 distributed.py:1140] Reducer buckets have been rebuilt in this iteration.
INFO [52907 distributed.py:1140] Reducer buckets have been rebuilt in this iteration.
INFO [52909 distributed.py:1140] Reducer buckets have been rebuilt in this iteration.
E20240129 04:36:41.722867 53752 parallel_pq_v2.h:76] insert failed, size(hashtable)=4231
W20240129 04:36:41.749011 52544 grad_async_v2.h:250] Sleep in <BlockToStepN>, step_no=2, pq.top=2
========== Step 2 ========== 
========== Step 2 ========== 
========== Step 2 ========== 
========== Step 2 ========== 
W20240129 04:36:42.426725 53753 grad_async_v2.h:121] Detect new sample comes, old_end2, new_end3
========== Step 2 ========== 
========== Step 2 ========== 
========== Step 2 ========== 
========== Step 2 ========== 
+---------------------------+---------------------------+---------------------------+
| Name                      | P50                       | P99                       |
+---------------------------+---------------------------+---------------------------+
| ProcessBack:Shuffle       | 113.588 ms                | 509.298 ms                |
| ProcessBack:UpdateCache   | 5.071 ms                  | 1.050 s                   |
| ProcessBack:UpsertPq      | 135.588 ms                | 139.593 ms                |
| ProcessOneStep            | 258.118 ms                | 1.713 s                   |
| BlockToStepN              | 1.198 s                   | 1.201 s                   |
+---------------------------+---------------------------+---------------------------+
E20240129 04:36:42.722064 53753 parallel_pq_v2.h:76] insert failed, size(hashtable)=2981
W20240129 04:36:42.749003 52544 grad_async_v2.h:250] Sleep in <BlockToStepN>, step_no=3, pq.top=3
E20240129 04:36:43.727830 53752 parallel_pq_v2.h:76] insert failed, size(hashtable)=4687
W20240129 04:36:43.749059 52544 grad_async_v2.h:250] Sleep in <BlockToStepN>, step_no=3, pq.top=3
========== Step 3 ========== 
========== Step 3 ========== 
========== Step 3 ========== 
========== Step 3 ========== 
W20240129 04:36:43.884697 53753 grad_async_v2.h:121] Detect new sample comes, old_end3, new_end4
========== Step 3 ========== 
========== Step 3 ========== 
========== Step 3 ========== 
========== Step 3 ========== 
E20240129 04:36:44.735392 53752 parallel_pq_v2.h:76] insert failed, size(hashtable)=2067
W20240129 04:36:44.749003 52544 grad_async_v2.h:250] Sleep in <BlockToStepN>, step_no=4, pq.top=4
========== Step 4 ========== 
========== Step 4 ========== 
========== Step 4 ========== 
========== Step 4 ========== 
W20240129 04:36:45.511572 53753 grad_async_v2.h:121] Detect new sample comes, old_end4, new_end5
========== Step 4 ========== 
========== Step 4 ========== 
========== Step 4 ========== 
========== Step 4 ========== 
E20240129 04:36:45.735042 53753 parallel_pq_v2.h:76] insert failed, size(hashtable)=1
+---------------------------+---------------------------+---------------------------+
| Name                      | P50                       | P99                       |
+---------------------------+---------------------------+---------------------------+
| GenInput:CircleBuffer     | 274.554 us                | 490.008 us                |
| GenInput                  | 2.147 ms                  | 4.277 ms                  |
| NN                        | 5.965 ms                  | 135.028 ms                |
| Forward                   | 7.566 ms                  | 137.122 ms                |
| Backward                  | 9.953 ms                  | 56.760 ms                 |
| Optimize                  | 1.120 ms                  | 6.651 ms                  |
| BarrierTimeBeforeRank0    | 49.093 us                 | 22.134 ms                 |
| AfterBackward             | 258.910 ms                | 1.713 s                   |
| BlockToStepN              | 1.199 s                   | 1.245 s                   |
| OneStep                   | 1.477 s                   | 3.138 s                   |
+---------------------------+---------------------------+---------------------------+
W20240129 04:36:45.891423 52544 grad_async_v2.h:250] Sleep in <BlockToStepN>, step_no=5, pq.top=5
E20240129 04:36:46.771278 53752 parallel_pq_v2.h:76] insert failed, size(hashtable)=2351
W20240129 04:36:46.891017 52544 grad_async_v2.h:250] Sleep in <BlockToStepN>, step_no=5, pq.top=5
========== Step 5 ========== 
========== Step 5 ========== 
========== Step 5 ========== 
========== Step 5 ========== 
========== Step 5 ========== 
W20240129 04:36:47.054656 53753 grad_async_v2.h:121] Detect new sample comes, old_end5, new_end6
========== Step 5 ========== 
========== Step 5 ========== 
========== Step 5 ========== 
+---------------------------+---------------------------+---------------------------+
| Name                      | P50                       | P99                       |
+---------------------------+---------------------------+---------------------------+
| ProcessBack:Shuffle       | 209.054 ms                | 509.298 ms                |
| ProcessBack:UpdateCache   | 13.862 ms                 | 1.050 s                   |
| ProcessBack:UpsertPq      | 135.588 ms                | 150.487 ms                |
| ProcessOneStep            | 359.446 ms                | 1.713 s                   |
| BlockToStepN              | 1.198 s                   | 1.244 s                   |
+---------------------------+---------------------------+---------------------------+
E20240129 04:36:47.779625 53752 parallel_pq_v2.h:76] insert failed, size(hashtable)=2111
W20240129 04:36:47.891007 52544 grad_async_v2.h:250] Sleep in <BlockToStepN>, step_no=6, pq.top=6
========== Step 6 ========== 
========== Step 6 ========== 
========== Step 6 ========== 
========== Step 6 ========== 
W20240129 04:36:48.695680 53753 grad_async_v2.h:121] Detect new sample comes, old_end6, new_end7
========== Step 6 ========== 
========== Step 6 ========== 
========== Step 6 ========== 
========== Step 6 ========== 
E20240129 04:36:48.779079 53753 parallel_pq_v2.h:76] insert failed, size(hashtable)=1
W20240129 04:36:48.973275 52544 grad_async_v2.h:250] Sleep in <BlockToStepN>, step_no=7, pq.top=7
E20240129 04:36:49.782420 53752 parallel_pq_v2.h:76] insert failed, size(hashtable)=3545
W20240129 04:36:49.973011 52544 grad_async_v2.h:250] Sleep in <BlockToStepN>, step_no=7, pq.top=7
========== Step 7 ========== 
========== Step 7 ========== 
========== Step 7 ========== 
========== Step 7 ========== 
W20240129 04:36:50.224898 53753 grad_async_v2.h:121] Detect new sample comes, old_end7, new_end8
========== Step 7 ========== 
========== Step 7 ========== 
========== Step 7 ========== 
========== Step 7 ========== 
E20240129 04:36:50.823413 53752 parallel_pq_v2.h:76] insert failed, size(hashtable)=3139
+---------------------------+---------------------------+---------------------------+
| Name                      | P50                       | P99                       |
+---------------------------+---------------------------+---------------------------+
| GenInput:CircleBuffer     | 236.252 us                | 490.008 us                |
| GenInput                  | 1.487 ms                  | 4.277 ms                  |
| NN                        | 3.816 ms                  | 135.028 ms                |
| Forward                   | 5.978 ms                  | 137.122 ms                |
| Backward                  | 6.327 ms                  | 56.760 ms                 |
| Optimize                  | 541.727 us                | 6.651 ms                  |
| BarrierTimeBeforeRank0    | 49.093 us                 | 22.134 ms                 |
| AfterBackward             | 261.810 ms                | 1.713 s                   |
| BlockToStepN              | 1.202 s                   | 1.251 s                   |
| OneStep                   | 1.543 s                   | 3.138 s                   |
+---------------------------+---------------------------+---------------------------+
W20240129 04:36:50.973008 52544 grad_async_v2.h:250] Sleep in <BlockToStepN>, step_no=8, pq.top=8
========== Step 8 ========== 
========== Step 8 ========== 
========== Step 8 ========== 
========== Step 8 ========== 
W20240129 04:36:51.694680 53753 grad_async_v2.h:121] Detect new sample comes, old_end8, new_end9
========== Step 8 ========== 
========== Step 8 ========== 
========== Step 8 ========== 
========== Step 8 ========== 
E20240129 04:36:51.823029 53020 parallel_pq_v2.h:76] insert failed, size(hashtable)=609
W20240129 04:36:51.973012 52544 grad_async_v2.h:250] Sleep in <BlockToStepN>, step_no=9, pq.top=9
+---------------------------+---------------------------+---------------------------+
| Name                      | P50                       | P99                       |
+---------------------------+---------------------------+---------------------------+
| ProcessBack:Shuffle       | 137.819 ms                | 509.298 ms                |
| ProcessBack:UpdateCache   | 5.071 ms                  | 1.050 s                   |
| ProcessBack:UpsertPq      | 135.162 ms                | 150.487 ms                |
| ProcessOneStep            | 261.471 ms                | 1.713 s                   |
| BlockToStepN              | 1.201 s                   | 1.330 s                   |
+---------------------------+---------------------------+---------------------------+
E20240129 04:36:52.847663 53752 parallel_pq_v2.h:76] insert failed, size(hashtable)=4737
W20240129 04:36:52.973022 52544 grad_async_v2.h:250] Sleep in <BlockToStepN>, step_no=9, pq.top=9
========== Step 9 ========== 
========== Step 9 ========== 
========== Step 9 ========== 
========== Step 9 ========== 
========== Step 9 ========== 
W20240129 04:36:53.085592 53753 grad_async_v2.h:121] Detect new sample comes, old_end9, new_end0
========== Step 9 ========== 
========== Step 9 ========== 
========== Step 9 ========== 
E20240129 04:36:53.905578 53752 parallel_pq_v2.h:76] insert failed, size(hashtable)=4088
W20240129 04:36:53.973009 52544 grad_async_v2.h:250] Sleep in <BlockToStepN>, step_no=10, pq.top=10
========== Step 10 ========== 
========== Step 10 ========== 
========== Step 10 ========== 
========== Step 10 ========== 
========== Step 10 ========== 
W20240129 04:36:54.537031 53753 grad_async_v2.h:121] Detect new sample comes, old_end0, new_end1
========== Step 10 ========== 
========== Step 10 ========== 
========== Step 10 ========== 
E20240129 04:36:54.905012 53752 parallel_pq_v2.h:76] insert failed, size(hashtable)=1304
W20240129 04:36:54.973017 52544 grad_async_v2.h:250] Sleep in <BlockToStepN>, step_no=11, pq.top=11
+---------------------------+---------------------------+---------------------------+
| Name                      | P50                       | P99                       |
+---------------------------+---------------------------+---------------------------+
| GenInput:CircleBuffer     | 211.658 us                | 490.008 us                |
| GenInput                  | 1.487 ms                  | 4.277 ms                  |
| NN                        | 2.284 ms                  | 135.028 ms                |
| Forward                   | 3.856 ms                  | 137.122 ms                |
| Backward                  | 6.327 ms                  | 56.760 ms                 |
| Optimize                  | 531.701 us                | 6.651 ms                  |
| BarrierTimeBeforeRank0    | 49.599 us                 | 22.134 ms                 |
| AfterBackward             | 261.810 ms                | 1.713 s                   |
| BlockToStepN              | 1.222 s                   | 1.330 s                   |
| OneStep                   | 1.477 s                   | 3.138 s                   |
+---------------------------+---------------------------+---------------------------+
E20240129 04:36:55.908218 53752 parallel_pq_v2.h:76] insert failed, size(hashtable)=2675
W20240129 04:36:55.973021 52544 grad_async_v2.h:250] Sleep in <BlockToStepN>, step_no=11, pq.top=11
========== Step 11 ========== 
========== Step 11 ========== 
========== Step 11 ========== 
========== Step 11 ========== 
========== Step 11 ========== 
========== Step 11 ========== 
W20240129 04:36:56.157758 53753 grad_async_v2.h:121] Detect new sample comes, old_end1, new_end2
========== Step 11 ========== 
========== Step 11 ========== 
E20240129 04:36:56.915827 53752 parallel_pq_v2.h:76] insert failed, size(hashtable)=2405
W20240129 04:36:56.973021 52544 grad_async_v2.h:250] Sleep in <BlockToStepN>, step_no=12, pq.top=12
========== Step 12 ========== 
========== Step 12 ========== 
========== Step 12 ========== 
========== Step 12 ========== 
========== Step 12 ========== 
========== Step 12 ========== 
W20240129 04:36:57.588670 53753 grad_async_v2.h:121] Detect new sample comes, old_end2, new_end3
========== Step 12 ========== 
========== Step 12 ========== 
+---------------------------+---------------------------+---------------------------+
| Name                      | P50                       | P99                       |
+---------------------------+---------------------------+---------------------------+
| ProcessBack:Shuffle       | 113.588 ms                | 509.298 ms                |
| ProcessBack:UpdateCache   | 4.402 ms                  | 1.050 s                   |
| ProcessBack:UpsertPq      | 133.953 ms                | 172.564 ms                |
| ProcessOneStep            | 258.118 ms                | 1.713 s                   |
| BlockToStepN              | 1.221 s                   | 1.330 s                   |
+---------------------------+---------------------------+---------------------------+
E20240129 04:36:57.915059 53753 parallel_pq_v2.h:76] insert failed, size(hashtable)=4095
W20240129 04:36:57.973009 52544 grad_async_v2.h:250] Sleep in <BlockToStepN>, step_no=13, pq.top=13
E20240129 04:36:58.928331 53752 parallel_pq_v2.h:76] insert failed, size(hashtable)=4539
W20240129 04:36:58.973008 52544 grad_async_v2.h:250] Sleep in <BlockToStepN>, step_no=13, pq.top=13
========== Step 13 ========== 
========== Step 13 ========== 
========== Step 13 ========== 
========== Step 13 ========== 
========== Step 13 ========== 
========== Step 13 ========== 
========== Step 13 ========== 
========== Step 13 ========== 
W20240129 04:36:59.010046 53753 grad_async_v2.h:121] Detect new sample comes, old_end3, new_end4
W20240129 04:36:59.973018 52544 grad_async_v2.h:250] Sleep in <BlockToStepN>, step_no=14, pq.top=14
E20240129 04:36:59.994257 53752 parallel_pq_v2.h:76] insert failed, size(hashtable)=3445
========== Step 14 ========== 
========== Step 14 ========== 
========== Step 14 ========== 
========== Step 14 ========== 
W20240129 04:37:00.416699 53753 grad_async_v2.h:121] Detect new sample comes, old_end4, new_end5
========== Step 14 ========== 
========== Step 14 ========== 
========== Step 14 ========== 
========== Step 14 ========== 
+---------------------------+---------------------------+---------------------------+
| Name                      | P50                       | P99                       |
+---------------------------+---------------------------+---------------------------+
| GenInput:CircleBuffer     | 210.678 us                | 490.008 us                |
| GenInput                  | 1.482 ms                  | 4.277 ms                  |
| NN                        | 1.547 ms                  | 135.028 ms                |
| Forward                   | 3.064 ms                  | 137.122 ms                |
| Backward                  | 5.090 ms                  | 56.760 ms                 |
| Optimize                  | 530.190 us                | 6.651 ms                  |
| BarrierTimeBeforeRank0    | 586.081 us                | 22.134 ms                 |
| AfterBackward             | 258.910 ms                | 1.713 s                   |
| BlockToStepN              | 1.222 s                   | 1.330 s                   |
| OneStep                   | 1.469 s                   | 3.138 s                   |
+---------------------------+---------------------------+---------------------------+
W20240129 04:37:00.973009 52544 grad_async_v2.h:250] Sleep in <BlockToStepN>, step_no=15, pq.top=15
E20240129 04:37:01.033233 53752 parallel_pq_v2.h:76] insert failed, size(hashtable)=3040
========== Step 15 ========== 
========== Step 15 ========== 
========== Step 15 ========== 
========== Step 15 ========== 
========== Step 15 ========== 
========== Step 15 ========== 
========== Step 15 ========== 
========== Step 15 ========== 
W20240129 04:37:01.852602 53753 grad_async_v2.h:121] Detect new sample comes, old_end5, new_end6
E20240129 04:37:02.033018 53752 parallel_pq_v2.h:76] insert failed, size(hashtable)=542
W20240129 04:37:02.068200 52544 grad_async_v2.h:250] Sleep in <BlockToStepN>, step_no=16, pq.top=15
+---------------------------+---------------------------+---------------------------+
| Name                      | P50                       | P99                       |
+---------------------------+---------------------------+---------------------------+
| ProcessBack:Shuffle       | 111.594 ms                | 509.298 ms                |
| ProcessBack:UpdateCache   | 3.515 ms                  | 1.050 s                   |
| ProcessBack:UpsertPq      | 132.161 ms                | 172.564 ms                |
| ProcessOneStep            | 228.277 ms                | 1.713 s                   |
| BlockToStepN              | 1.221 s                   | 1.330 s                   |
+---------------------------+---------------------------+---------------------------+
E20240129 04:37:03.043637 53752 parallel_pq_v2.h:76] insert failed, size(hashtable)=3434
W20240129 04:37:03.068013 52544 grad_async_v2.h:250] Sleep in <BlockToStepN>, step_no=16, pq.top=16
========== Step 16 ========== 
========== Step 16 ========== 
========== Step 16 ========== 
========== Step 16 ========== 
========== Step 16 ========== 
========== Step 16 ========== 
========== Step 16 ========== 
W20240129 04:37:03.278898 53753 grad_async_v2.h:121] Detect new sample comes, old_end6, new_end7
========== Step 16 ========== 
E20240129 04:37:04.053647 53752 parallel_pq_v2.h:76] insert failed, size(hashtable)=3772
W20240129 04:37:04.068006 52544 grad_async_v2.h:250] Sleep in <BlockToStepN>, step_no=17, pq.top=17
========== Step 17 ========== 
========== Step 17 ========== 
========== Step 17 ========== 
========== Step 17 ========== 
========== Step 17 ========== 
W20240129 04:37:04.567816 53753 grad_async_v2.h:121] Detect new sample comes, old_end7, new_end8
========== Step 17 ========== 
========== Step 17 ========== 
========== Step 17 ========== 
W20240129 04:37:05.068027 52544 grad_async_v2.h:250] Sleep in <BlockToStepN>, step_no=18, pq.top=18
E20240129 04:37:05.083642 53752 parallel_pq_v2.h:76] insert failed, size(hashtable)=4249
========== Step 18 ========== 
========== Step 18 ========== 
========== Step 18 ========== 
========== Step 18 ========== 
========== Step 18 ========== 
========== Step 18 ========== 
========== Step 18 ========== 
W20240129 04:37:05.841701 53753 grad_async_v2.h:121] Detect new sample comes, old_end8, new_end9
========== Step 18 ========== 
+---------------------------+---------------------------+---------------------------+
| Name                      | P50                       | P99                       |
+---------------------------+---------------------------+---------------------------+
