WARNING: Logging before InitGoogleLogging() is written to STDERR
I20240211 03:17:15.178257 45934 IPC_barrier.h:128] MultiProcessBarrierFactory->ClearIPCMemory()
W20240211 03:17:15.186614 45934 IPCTensor.h:369] NewIPCTensor: full_emb [33762578, 32]0x100000002000 4.025 GB
/data/home/xieminhui/RecStore/src/framework_adapters/torch/python/perf_rec_model.py:152: DeprecationWarning: The 'warn' function is deprecated, use 'warning' instead
  XLOG.warn("After init DistEmbedding")
WARNING [45934 perf_rec_model.py:152] After init DistEmbedding
========== Running Perf with routine <function routine_local_cache_helper at 0x7f8b55bd18a0>==========
Worker 1 pid=49380
Worker 2 pid=49381
Worker 3 pid=49382
Worker 4 pid=49383
Worker 5 pid=49384
Worker 6 pid=49385
INFO [45934 distributed_c10d.py:442] Added key: store_based_barrier_key:1 to store for rank: 0
INFO [49380 distributed_c10d.py:442] Added key: store_based_barrier_key:1 to store for rank: 1
INFO [49381 distributed_c10d.py:442] Added key: store_based_barrier_key:1 to store for rank: 2
INFO [49382 distributed_c10d.py:442] Added key: store_based_barrier_key:1 to store for rank: 3
INFO [49383 distributed_c10d.py:442] Added key: store_based_barrier_key:1 to store for rank: 4
INFO [49384 distributed_c10d.py:442] Added key: store_based_barrier_key:1 to store for rank: 5
INFO [49386 distributed_c10d.py:442] Added key: store_based_barrier_key:1 to store for rank: 7
INFO [49385 distributed_c10d.py:442] Added key: store_based_barrier_key:1 to store for rank: 6
INFO [49385 distributed_c10d.py:476] Rank 6: Completed store-based barrier for key:store_based_barrier_key:1 with 8 nodes.
E20240211 03:17:33.530160 49385 IPCTensor.h:348] IPCTensor full_emb already exists
INFO [45934 distributed_c10d.py:476] Rank 0: Completed store-based barrier for key:store_based_barrier_key:1 with 8 nodes.
INFO [49381 distributed_c10d.py:476] Rank 2: Completed store-based barrier for key:store_based_barrier_key:1 with 8 nodes.
INFO [49383 distributed_c10d.py:476] Rank 4: Completed store-based barrier for key:store_based_barrier_key:1 with 8 nodes.
INFO [49380 distributed_c10d.py:476] Rank 1: Completed store-based barrier for key:store_based_barrier_key:1 with 8 nodes.
INFO [49384 distributed_c10d.py:476] Rank 5: Completed store-based barrier for key:store_based_barrier_key:1 with 8 nodes.
INFO [49386 distributed_c10d.py:476] Rank 7: Completed store-based barrier for key:store_based_barrier_key:1 with 8 nodes.
INFO [49382 distributed_c10d.py:476] Rank 3: Completed store-based barrier for key:store_based_barrier_key:1 with 8 nodes.
E20240211 03:17:33.538753 49384 IPCTensor.h:348] IPCTensor full_emb already exists
E20240211 03:17:33.539301 45934 IPCTensor.h:348] IPCTensor full_emb already exists
E20240211 03:17:33.539650 49382 IPCTensor.h:348] IPCTensor full_emb already exists
E20240211 03:17:33.539722 49383 IPCTensor.h:348] IPCTensor full_emb already exists
E20240211 03:17:33.539726 49381 IPCTensor.h:348] IPCTensor full_emb already exists
E20240211 03:17:33.539731 49380 IPCTensor.h:348] IPCTensor full_emb already exists
E20240211 03:17:33.539762 49386 IPCTensor.h:348] IPCTensor full_emb already exists
W20240211 03:17:52.452062 49384 IPCTensor.h:409] NewIPCGPUTensor: embedding_cache_5 [1688128, 32]; dev=5; size=206.1 MB
W20240211 03:17:52.453399 49381 IPCTensor.h:409] NewIPCGPUTensor: embedding_cache_2 [1688128, 32]; dev=2; size=206.1 MB
W20240211 03:17:52.453421 49383 IPCTensor.h:409] NewIPCGPUTensor: embedding_cache_4 [1688128, 32]; dev=4; size=206.1 MB
W20240211 03:17:52.454197 49382 IPCTensor.h:409] NewIPCGPUTensor: embedding_cache_3 [1688128, 32]; dev=3; size=206.1 MB
W20240211 03:17:52.454913 49385 IPCTensor.h:409] NewIPCGPUTensor: embedding_cache_6 [1688128, 32]; dev=6; size=206.1 MB
W20240211 03:17:52.459491 49386 IPCTensor.h:409] NewIPCGPUTensor: embedding_cache_7 [1688128, 32]; dev=7; size=206.1 MB
W20240211 03:17:52.466992 49380 IPCTensor.h:409] NewIPCGPUTensor: embedding_cache_1 [1688128, 32]; dev=1; size=206.1 MB
W20240211 03:17:52.467618 45934 IPCTensor.h:409] NewIPCGPUTensor: embedding_cache_0 [1688128, 32]; dev=0; size=206.1 MB
W20240211 03:17:53.174975 49382 IPCTensor.h:369] NewIPCTensor: input_keys_3 [1000000]0x10010196e000 7.629 MB
W20240211 03:17:53.175177 49382 IPCTensor.h:369] NewIPCTensor: input_keys_neg_3 [1000000]0x100102111000 7.629 MB
W20240211 03:17:53.175256 49382 IPCTensor.h:369] NewIPCTensor: backward_grads_3 [1000000, 32]0x1001028b4000 122.1 MB
W20240211 03:17:53.175307 49382 IPCTensor.h:369] NewIPCTensor: backward_grads_neg_3 [1000000, 32]0x10010a2c8000 122.1 MB
W20240211 03:17:53.175344 49382 IPCTensor.h:409] NewIPCGPUTensor: backward_grads_3_gpu [1000000, 32]; dev=3; size=122.1 MB
W20240211 03:17:53.180758 49382 IPCTensor.h:409] NewIPCGPUTensor: backward_grads_neg_3_gpu [1000000, 32]; dev=3; size=122.1 MB
W20240211 03:17:53.219357 49386 IPCTensor.h:369] NewIPCTensor: input_keys_7 [1000000]0x100111ce2000 7.629 MB
W20240211 03:17:53.219558 49386 IPCTensor.h:369] NewIPCTensor: input_keys_neg_7 [1000000]0x100112485000 7.629 MB
W20240211 03:17:53.219635 49386 IPCTensor.h:369] NewIPCTensor: backward_grads_7 [1000000, 32]0x100112c28000 122.1 MB
W20240211 03:17:53.219686 49386 IPCTensor.h:369] NewIPCTensor: backward_grads_neg_7 [1000000, 32]0x10011a63c000 122.1 MB
W20240211 03:17:53.219722 49386 IPCTensor.h:409] NewIPCGPUTensor: backward_grads_7_gpu [1000000, 32]; dev=7; size=122.1 MB
W20240211 03:17:53.221345 49386 IPCTensor.h:409] NewIPCGPUTensor: backward_grads_neg_7_gpu [1000000, 32]; dev=7; size=122.1 MB
W20240211 03:17:53.245659 49380 IPCTensor.h:369] NewIPCTensor: input_keys_1 [1000000]0x100122056000 7.629 MB
W20240211 03:17:53.245833 49380 IPCTensor.h:369] NewIPCTensor: input_keys_neg_1 [1000000]0x1001227f9000 7.629 MB
W20240211 03:17:53.245905 49380 IPCTensor.h:369] NewIPCTensor: backward_grads_1 [1000000, 32]0x100122f9c000 122.1 MB
W20240211 03:17:53.245958 49380 IPCTensor.h:369] NewIPCTensor: backward_grads_neg_1 [1000000, 32]0x10012a9b0000 122.1 MB
W20240211 03:17:53.245990 49380 IPCTensor.h:409] NewIPCGPUTensor: backward_grads_1_gpu [1000000, 32]; dev=1; size=122.1 MB
W20240211 03:17:53.247437 49380 IPCTensor.h:409] NewIPCGPUTensor: backward_grads_neg_1_gpu [1000000, 32]; dev=1; size=122.1 MB
W20240211 03:17:53.251269 49381 IPCTensor.h:369] NewIPCTensor: input_keys_2 [1000000]0x1001323ca000 7.629 MB
W20240211 03:17:53.251430 49381 IPCTensor.h:369] NewIPCTensor: input_keys_neg_2 [1000000]0x100132b6d000 7.629 MB
W20240211 03:17:53.251536 49381 IPCTensor.h:369] NewIPCTensor: backward_grads_2 [1000000, 32]0x100133310000 122.1 MB
W20240211 03:17:53.251588 49381 IPCTensor.h:369] NewIPCTensor: backward_grads_neg_2 [1000000, 32]0x10013ad24000 122.1 MB
W20240211 03:17:53.251619 49381 IPCTensor.h:409] NewIPCGPUTensor: backward_grads_2_gpu [1000000, 32]; dev=2; size=122.1 MB
W20240211 03:17:53.252032 49381 IPCTensor.h:409] NewIPCGPUTensor: backward_grads_neg_2_gpu [1000000, 32]; dev=2; size=122.1 MB
W20240211 03:17:53.275617 49384 IPCTensor.h:369] NewIPCTensor: input_keys_5 [1000000]0x10014273e000 7.629 MB
W20240211 03:17:53.275782 49384 IPCTensor.h:369] NewIPCTensor: input_keys_neg_5 [1000000]0x100142ee1000 7.629 MB
W20240211 03:17:53.275861 49384 IPCTensor.h:369] NewIPCTensor: backward_grads_5 [1000000, 32]0x100143684000 122.1 MB
W20240211 03:17:53.275911 49384 IPCTensor.h:369] NewIPCTensor: backward_grads_neg_5 [1000000, 32]0x10014b098000 122.1 MB
W20240211 03:17:53.275967 49384 IPCTensor.h:409] NewIPCGPUTensor: backward_grads_5_gpu [1000000, 32]; dev=5; size=122.1 MB
W20240211 03:17:53.277364 49384 IPCTensor.h:409] NewIPCGPUTensor: backward_grads_neg_5_gpu [1000000, 32]; dev=5; size=122.1 MB
W20240211 03:17:53.277881 45934 IPCTensor.h:369] NewIPCTensor: input_keys_0 [1000000]0x100152ab0000 7.629 MB
W20240211 03:17:53.278159 45934 IPCTensor.h:369] NewIPCTensor: input_keys_neg_0 [1000000]0x100153255000 7.629 MB
W20240211 03:17:53.278293 45934 IPCTensor.h:369] NewIPCTensor: backward_grads_0 [1000000, 32]0x1001539f8000 122.1 MB
W20240211 03:17:53.278353 45934 IPCTensor.h:369] NewIPCTensor: backward_grads_neg_0 [1000000, 32]0x10015b40c000 122.1 MB
W20240211 03:17:53.278414 45934 IPCTensor.h:409] NewIPCGPUTensor: backward_grads_0_gpu [1000000, 32]; dev=0; size=122.1 MB
W20240211 03:17:53.279036 45934 IPCTensor.h:409] NewIPCGPUTensor: backward_grads_neg_0_gpu [1000000, 32]; dev=0; size=122.1 MB
W20240211 03:17:53.300516 49385 IPCTensor.h:369] NewIPCTensor: input_keys_6 [1000000]0x100162e26000 7.629 MB
W20240211 03:17:53.300925 49385 IPCTensor.h:369] NewIPCTensor: input_keys_neg_6 [1000000]0x1001635cb000 7.629 MB
W20240211 03:17:53.301050 49385 IPCTensor.h:369] NewIPCTensor: backward_grads_6 [1000000, 32]0x100163d6e000 122.1 MB
W20240211 03:17:53.301101 49385 IPCTensor.h:369] NewIPCTensor: backward_grads_neg_6 [1000000, 32]0x10016b782000 122.1 MB
W20240211 03:17:53.301156 49385 IPCTensor.h:409] NewIPCGPUTensor: backward_grads_6_gpu [1000000, 32]; dev=6; size=122.1 MB
W20240211 03:17:53.301153 49383 IPCTensor.h:369] NewIPCTensor: input_keys_4 [1000000]0x100173196000 7.629 MB
W20240211 03:17:53.301295 49383 IPCTensor.h:369] NewIPCTensor: input_keys_neg_4 [1000000]0x100173939000 7.629 MB
W20240211 03:17:53.301357 49383 IPCTensor.h:369] NewIPCTensor: backward_grads_4 [1000000, 32]0x1001740dc000 122.1 MB
W20240211 03:17:53.301402 49383 IPCTensor.h:369] NewIPCTensor: backward_grads_neg_4 [1000000, 32]0x10017baf0000 122.1 MB
W20240211 03:17:53.301436 49383 IPCTensor.h:409] NewIPCGPUTensor: backward_grads_4_gpu [1000000, 32]; dev=4; size=122.1 MB
W20240211 03:17:53.301554 49385 IPCTensor.h:409] NewIPCGPUTensor: backward_grads_neg_6_gpu [1000000, 32]; dev=6; size=122.1 MB
W20240211 03:17:53.301986 49383 IPCTensor.h:409] NewIPCGPUTensor: backward_grads_neg_4_gpu [1000000, 32]; dev=4; size=122.1 MB
cudaHostRegister 0x100000002000
4: KnownLocalCachedEmbedding init done
cudaHostRegister 0x100000002000
6: KnownLocalCachedEmbedding init done
cudaHostRegister 0x100000002000
3: KnownLocalCachedEmbedding init done
Worker 7 pid=49386
New CachedEmbedding, name=full_emb, shape=(33762578, 32), cache_type=KnownLocalCachedEmbeddingSoftware
fixed cache_range is [(0, 1688128), (1688128, 3376256), (3376256, 5064384), (5064384, 6752512), (6752512, 8440640), (8440640, 10128768), (10128768, 11816896), (11816896, 13505024)]
cudaHostRegister 0x100000002000
0: KnownLocalCachedEmbedding init done
cudaHostRegister 0x100000002000
7: KnownLocalCachedEmbedding init done
cudaHostRegister 0x100000002000
5: KnownLocalCachedEmbedding init done
cudaHostRegister 0x100000002000
2: KnownLocalCachedEmbedding init done
cudaHostRegister 0x100000002000
1: KnownLocalCachedEmbedding init done
W20240211 03:18:00.941040 49385 IPCTensor.h:369] NewIPCTensor: cached_sampler_r6_0 [1000000]0x10018350c000 7.629 MB
W20240211 03:18:00.941211 49385 IPCTensor.h:369] NewIPCTensor: cached_sampler_r6_1 [1000000]0x100183caf000 7.629 MB
W20240211 03:18:00.941272 49385 IPCTensor.h:369] NewIPCTensor: cached_sampler_r6_2 [1000000]0x100184452000 7.629 MB
W20240211 03:18:00.941324 49385 IPCTensor.h:369] NewIPCTensor: cached_sampler_r6_3 [1000000]0x100184bf5000 7.629 MB
W20240211 03:18:00.941362 49385 IPCTensor.h:369] NewIPCTensor: cached_sampler_r6_4 [1000000]0x100185398000 7.629 MB
W20240211 03:18:00.941395 49385 IPCTensor.h:369] NewIPCTensor: cached_sampler_r6_5 [1000000]0x100185b3b000 7.629 MB
W20240211 03:18:00.941440 49385 IPCTensor.h:369] NewIPCTensor: cached_sampler_r6_6 [1000000]0x1001862de000 7.629 MB
W20240211 03:18:00.941501 49385 IPCTensor.h:369] NewIPCTensor: cached_sampler_r6_7 [1000000]0x100186a81000 7.629 MB
W20240211 03:18:00.941553 49385 IPCTensor.h:369] NewIPCTensor: cached_sampler_r6_8 [1000000]0x100187224000 7.629 MB
W20240211 03:18:00.941605 49385 IPCTensor.h:369] NewIPCTensor: cached_sampler_r6_9 [1000000]0x1001879c7000 7.629 MB
W20240211 03:18:00.941648 49385 IPCTensor.h:369] NewIPCTensor: step_r6 [10]0x10018816a000 80 B 
W20240211 03:18:00.941682 49385 IPCTensor.h:369] NewIPCTensor: circle_buffer_end_r6 [1]0x10018816c000 8 B 
W20240211 03:18:00.941721 49385 IPCTensor.h:369] NewIPCTensor: circle_buffer_end_cppseen_r6 [1]0x10018816e000 8 B 
Dataset:  /home/xieminhui/RecStoreDataset/criteo_binary
Dataset loaded
np.max =  33762577
np.min=  1
Construct RecModelSampler done
Construct KGCacheControllerWrapper done
E20240211 03:18:00.942399 49385 recstore.cc:66] init folly done
W20240211 03:18:00.945468 49386 IPCTensor.h:369] NewIPCTensor: cached_sampler_r7_0 [1000000]0x100188170000 7.629 MB
W20240211 03:18:00.945626 49386 IPCTensor.h:369] NewIPCTensor: cached_sampler_r7_1 [1000000]0x100188913000 7.629 MB
W20240211 03:18:00.945694 49386 IPCTensor.h:369] NewIPCTensor: cached_sampler_r7_2 [1000000]0x1001890b6000 7.629 MB
W20240211 03:18:00.945741 49386 IPCTensor.h:369] NewIPCTensor: cached_sampler_r7_3 [1000000]0x100189859000 7.629 MB
W20240211 03:18:00.945783 49386 IPCTensor.h:369] NewIPCTensor: cached_sampler_r7_4 [1000000]0x100189ffc000 7.629 MB
W20240211 03:18:00.945818 49386 IPCTensor.h:369] NewIPCTensor: cached_sampler_r7_5 [1000000]0x10018a79f000 7.629 MB
W20240211 03:18:00.945861 49386 IPCTensor.h:369] NewIPCTensor: cached_sampler_r7_6 [1000000]0x10018af42000 7.629 MB
W20240211 03:18:00.945928 49386 IPCTensor.h:369] NewIPCTensor: cached_sampler_r7_7 [1000000]0x10018b6e5000 7.629 MB
W20240211 03:18:00.945979 49386 IPCTensor.h:369] NewIPCTensor: cached_sampler_r7_8 [1000000]0x10018be88000 7.629 MB
W20240211 03:18:00.946018 49386 IPCTensor.h:369] NewIPCTensor: cached_sampler_r7_9 [1000000]0x10018c62b000 7.629 MB
W20240211 03:18:00.946069 49386 IPCTensor.h:369] NewIPCTensor: step_r7 [10]0x10018cdce000 80 B 
W20240211 03:18:00.946101 49386 IPCTensor.h:369] NewIPCTensor: circle_buffer_end_r7 [1]0x10018cdd0000 8 B 
W20240211 03:18:00.946142 49386 IPCTensor.h:369] NewIPCTensor: circle_buffer_end_cppseen_r7 [1]0x10018cdd2000 8 B 
Dataset:  /home/xieminhui/RecStoreDataset/criteo_binary
Dataset loaded
np.max =  33762577
np.min=  1
Construct RecModelSampler done
Construct KGCacheControllerWrapper done
E20240211 03:18:00.946565 49386 recstore.cc:66] init folly done
W20240211 03:18:00.971530 45934 IPCTensor.h:369] NewIPCTensor: cached_sampler_r0_0 [1000000]0x10018cdd4000 7.629 MB
W20240211 03:18:00.971776 45934 IPCTensor.h:369] NewIPCTensor: cached_sampler_r0_1 [1000000]0x10018d577000 7.629 MB
W20240211 03:18:00.971841 45934 IPCTensor.h:369] NewIPCTensor: cached_sampler_r0_2 [1000000]0x10018dd1a000 7.629 MB
W20240211 03:18:00.971921 45934 IPCTensor.h:369] NewIPCTensor: cached_sampler_r0_3 [1000000]0x10018e4bd000 7.629 MB
W20240211 03:18:00.971967 45934 IPCTensor.h:369] NewIPCTensor: cached_sampler_r0_4 [1000000]0x10018ec60000 7.629 MB
W20240211 03:18:00.972064 45934 IPCTensor.h:369] NewIPCTensor: cached_sampler_r0_5 [1000000]0x10018f403000 7.629 MB
W20240211 03:18:00.972118 45934 IPCTensor.h:369] NewIPCTensor: cached_sampler_r0_6 [1000000]0x10018fba6000 7.629 MB
W20240211 03:18:00.972174 45934 IPCTensor.h:369] NewIPCTensor: cached_sampler_r0_7 [1000000]0x100190349000 7.629 MB
W20240211 03:18:00.972209 45934 IPCTensor.h:369] NewIPCTensor: cached_sampler_r0_8 [1000000]0x100190aec000 7.629 MB
W20240211 03:18:00.972240 45934 IPCTensor.h:369] NewIPCTensor: cached_sampler_r0_9 [1000000]0x10019128f000 7.629 MB
W20240211 03:18:00.972276 45934 IPCTensor.h:369] NewIPCTensor: step_r0 [10]0x100191a32000 80 B 
W20240211 03:18:00.972311 45934 IPCTensor.h:369] NewIPCTensor: circle_buffer_end_r0 [1]0x100191a34000 8 B 
W20240211 03:18:00.972348 45934 IPCTensor.h:369] NewIPCTensor: circle_buffer_end_cppseen_r0 [1]0x100191a36000 8 B 
Dataset:  /home/xieminhui/RecStoreDataset/criteo_binary
Dataset loaded
np.max =  33762577
np.min=  1
Construct RecModelSampler done
Construct KGCacheControllerWrapper done
E20240211 03:18:00.973606 45934 recstore.cc:66] init folly done
W20240211 03:18:01.429293 49381 IPCTensor.h:369] NewIPCTensor: cached_sampler_r2_0 [1000000]0x100191a38000 7.629 MB
W20240211 03:18:01.429564 49381 IPCTensor.h:369] NewIPCTensor: cached_sampler_r2_1 [1000000]0x1001921db000 7.629 MB
W20240211 03:18:01.429678 49381 IPCTensor.h:369] NewIPCTensor: cached_sampler_r2_2 [1000000]0x10019297e000 7.629 MB
W20240211 03:18:01.429780 49381 IPCTensor.h:369] NewIPCTensor: cached_sampler_r2_3 [1000000]0x100193121000 7.629 MB
W20240211 03:18:01.429858 49381 IPCTensor.h:369] NewIPCTensor: cached_sampler_r2_4 [1000000]0x1001938c4000 7.629 MB
W20240211 03:18:01.429948 49381 IPCTensor.h:369] NewIPCTensor: cached_sampler_r2_5 [1000000]0x100194067000 7.629 MB
W20240211 03:18:01.430032 49381 IPCTensor.h:369] NewIPCTensor: cached_sampler_r2_6 [1000000]0x10019480a000 7.629 MB
W20240211 03:18:01.430147 49381 IPCTensor.h:369] NewIPCTensor: cached_sampler_r2_7 [1000000]0x100194fad000 7.629 MB
W20240211 03:18:01.430248 49381 IPCTensor.h:369] NewIPCTensor: cached_sampler_r2_8 [1000000]0x100195750000 7.629 MB
W20240211 03:18:01.430318 49381 IPCTensor.h:369] NewIPCTensor: cached_sampler_r2_9 [1000000]0x100195ef3000 7.629 MB
W20240211 03:18:01.430394 49381 IPCTensor.h:369] NewIPCTensor: step_r2 [10]0x100196696000 80 B 
W20240211 03:18:01.430464 49381 IPCTensor.h:369] NewIPCTensor: circle_buffer_end_r2 [1]0x100196698000 8 B 
W20240211 03:18:01.430537 49381 IPCTensor.h:369] NewIPCTensor: circle_buffer_end_cppseen_r2 [1]0x10019669a000 8 B 
Dataset:  /home/xieminhui/RecStoreDataset/criteo_binary
Dataset loaded
np.max =  33762577
np.min=  1
Construct RecModelSampler done
Construct KGCacheControllerWrapper done
E20240211 03:18:01.431257 49381 recstore.cc:66] init folly done
W20240211 03:18:01.461727 49383 IPCTensor.h:369] NewIPCTensor: cached_sampler_r4_0 [1000000]0x10019669c000 7.629 MB
W20240211 03:18:01.461935 49383 IPCTensor.h:369] NewIPCTensor: cached_sampler_r4_1 [1000000]0x100196e3f000 7.629 MB
W20240211 03:18:01.462018 49383 IPCTensor.h:369] NewIPCTensor: cached_sampler_r4_2 [1000000]0x1001975e2000 7.629 MB
W20240211 03:18:01.462083 49383 IPCTensor.h:369] NewIPCTensor: cached_sampler_r4_3 [1000000]0x100197d85000 7.629 MB
W20240211 03:18:01.462147 49383 IPCTensor.h:369] NewIPCTensor: cached_sampler_r4_4 [1000000]0x100198528000 7.629 MB
W20240211 03:18:01.462204 49383 IPCTensor.h:369] NewIPCTensor: cached_sampler_r4_5 [1000000]0x100198ccb000 7.629 MB
W20240211 03:18:01.462297 49383 IPCTensor.h:369] NewIPCTensor: cached_sampler_r4_6 [1000000]0x10019946e000 7.629 MB
W20240211 03:18:01.462385 49383 IPCTensor.h:369] NewIPCTensor: cached_sampler_r4_7 [1000000]0x100199c11000 7.629 MB
W20240211 03:18:01.462460 49383 IPCTensor.h:369] NewIPCTensor: cached_sampler_r4_8 [1000000]0x10019a3b4000 7.629 MB
W20240211 03:18:01.462508 49383 IPCTensor.h:369] NewIPCTensor: cached_sampler_r4_9 [1000000]0x10019ab57000 7.629 MB
W20240211 03:18:01.462563 49383 IPCTensor.h:369] NewIPCTensor: step_r4 [10]0x10019b2fa000 80 B 
W20240211 03:18:01.462610 49383 IPCTensor.h:369] NewIPCTensor: circle_buffer_end_r4 [1]0x10019b2fc000 8 B 
W20240211 03:18:01.462661 49383 IPCTensor.h:369] NewIPCTensor: circle_buffer_end_cppseen_r4 [1]0x10019b2fe000 8 B 
Dataset:  /home/xieminhui/RecStoreDataset/criteo_binary
Dataset loaded
np.max =  33762577
np.min=  1
Construct RecModelSampler done
Construct KGCacheControllerWrapper done
E20240211 03:18:01.463248 49383 recstore.cc:66] init folly done
W20240211 03:18:01.585232 49384 IPCTensor.h:369] NewIPCTensor: cached_sampler_r5_0 [1000000]0x10019b300000 7.629 MB
W20240211 03:18:01.585415 49384 IPCTensor.h:369] NewIPCTensor: cached_sampler_r5_1 [1000000]0x10019baa3000 7.629 MB
W20240211 03:18:01.585487 49384 IPCTensor.h:369] NewIPCTensor: cached_sampler_r5_2 [1000000]0x10019c246000 7.629 MB
W20240211 03:18:01.585546 49384 IPCTensor.h:369] NewIPCTensor: cached_sampler_r5_3 [1000000]0x10019c9e9000 7.629 MB
W20240211 03:18:01.585597 49384 IPCTensor.h:369] NewIPCTensor: cached_sampler_r5_4 [1000000]0x10019d18c000 7.629 MB
W20240211 03:18:01.585641 49384 IPCTensor.h:369] NewIPCTensor: cached_sampler_r5_5 [1000000]0x10019d92f000 7.629 MB
W20240211 03:18:01.585688 49384 IPCTensor.h:369] NewIPCTensor: cached_sampler_r5_6 [1000000]0x10019e0d2000 7.629 MB
W20240211 03:18:01.585758 49384 IPCTensor.h:369] NewIPCTensor: cached_sampler_r5_7 [1000000]0x10019e875000 7.629 MB
W20240211 03:18:01.585813 49384 IPCTensor.h:369] NewIPCTensor: cached_sampler_r5_8 [1000000]0x10019f018000 7.629 MB
W20240211 03:18:01.585852 49384 IPCTensor.h:369] NewIPCTensor: cached_sampler_r5_9 [1000000]0x10019f7bb000 7.629 MB
W20240211 03:18:01.585901 49384 IPCTensor.h:369] NewIPCTensor: step_r5 [10]0x10019ff5e000 80 B 
W20240211 03:18:01.585948 49384 IPCTensor.h:369] NewIPCTensor: circle_buffer_end_r5 [1]0x10019ff60000 8 B 
W20240211 03:18:01.585994 49384 IPCTensor.h:369] NewIPCTensor: circle_buffer_end_cppseen_r5 [1]0x10019ff62000 8 B 
Dataset:  /home/xieminhui/RecStoreDataset/criteo_binary
Dataset loaded
np.max =  33762577
np.min=  1
Construct RecModelSampler done
Construct KGCacheControllerWrapper done
E20240211 03:18:01.586531 49384 recstore.cc:66] init folly done
W20240211 03:18:01.624907 49382 IPCTensor.h:369] NewIPCTensor: cached_sampler_r3_0 [1000000]0x10019ff64000 7.629 MB
W20240211 03:18:01.625129 49382 IPCTensor.h:369] NewIPCTensor: cached_sampler_r3_1 [1000000]0x1001a0707000 7.629 MB
W20240211 03:18:01.625205 49382 IPCTensor.h:369] NewIPCTensor: cached_sampler_r3_2 [1000000]0x1001a0eaa000 7.629 MB
W20240211 03:18:01.625270 49382 IPCTensor.h:369] NewIPCTensor: cached_sampler_r3_3 [1000000]0x1001a164d000 7.629 MB
W20240211 03:18:01.625326 49382 IPCTensor.h:369] NewIPCTensor: cached_sampler_r3_4 [1000000]0x1001a1df0000 7.629 MB
W20240211 03:18:01.625376 49382 IPCTensor.h:369] NewIPCTensor: cached_sampler_r3_5 [1000000]0x1001a2593000 7.629 MB
W20240211 03:18:01.625447 49382 IPCTensor.h:369] NewIPCTensor: cached_sampler_r3_6 [1000000]0x1001a2d36000 7.629 MB
W20240211 03:18:01.625535 49382 IPCTensor.h:369] NewIPCTensor: cached_sampler_r3_7 [1000000]0x1001a34d9000 7.629 MB
W20240211 03:18:01.625610 49382 IPCTensor.h:369] NewIPCTensor: cached_sampler_r3_8 [1000000]0x1001a3c7c000 7.629 MB
W20240211 03:18:01.625665 49382 IPCTensor.h:369] NewIPCTensor: cached_sampler_r3_9 [1000000]0x1001a441f000 7.629 MB
W20240211 03:18:01.625720 49382 IPCTensor.h:369] NewIPCTensor: step_r3 [10]0x1001a4bc2000 80 B 
W20240211 03:18:01.625768 49382 IPCTensor.h:369] NewIPCTensor: circle_buffer_end_r3 [1]0x1001a4bc4000 8 B 
W20240211 03:18:01.625818 49382 IPCTensor.h:369] NewIPCTensor: circle_buffer_end_cppseen_r3 [1]0x1001a4bc6000 8 B 
Dataset:  /home/xieminhui/RecStoreDataset/criteo_binary
Dataset loaded
np.max =  33762577
np.min=  1
Construct RecModelSampler done
Construct KGCacheControllerWrapper done
E20240211 03:18:01.626428 49382 recstore.cc:66] init folly done
W20240211 03:18:01.704128 49380 IPCTensor.h:369] NewIPCTensor: cached_sampler_r1_0 [1000000]0x1001a4bc8000 7.629 MB
W20240211 03:18:01.704324 49380 IPCTensor.h:369] NewIPCTensor: cached_sampler_r1_1 [1000000]0x1001a536b000 7.629 MB
W20240211 03:18:01.704411 49380 IPCTensor.h:369] NewIPCTensor: cached_sampler_r1_2 [1000000]0x1001a5b0e000 7.629 MB
W20240211 03:18:01.704483 49380 IPCTensor.h:369] NewIPCTensor: cached_sampler_r1_3 [1000000]0x1001a62b1000 7.629 MB
W20240211 03:18:01.704538 49380 IPCTensor.h:369] NewIPCTensor: cached_sampler_r1_4 [1000000]0x1001a6a54000 7.629 MB
W20240211 03:18:01.704593 49380 IPCTensor.h:369] NewIPCTensor: cached_sampler_r1_5 [1000000]0x1001a71f7000 7.629 MB
W20240211 03:18:01.704689 49380 IPCTensor.h:369] NewIPCTensor: cached_sampler_r1_6 [1000000]0x1001a799a000 7.629 MB
W20240211 03:18:01.704779 49380 IPCTensor.h:369] NewIPCTensor: cached_sampler_r1_7 [1000000]0x1001a813d000 7.629 MB
W20240211 03:18:01.704854 49380 IPCTensor.h:369] NewIPCTensor: cached_sampler_r1_8 [1000000]0x1001a88e0000 7.629 MB
W20240211 03:18:01.704907 49380 IPCTensor.h:369] NewIPCTensor: cached_sampler_r1_9 [1000000]0x1001a9083000 7.629 MB
W20240211 03:18:01.704963 49380 IPCTensor.h:369] NewIPCTensor: step_r1 [10]0x1001a9826000 80 B 
W20240211 03:18:01.705013 49380 IPCTensor.h:369] NewIPCTensor: circle_buffer_end_r1 [1]0x1001a9828000 8 B 
W20240211 03:18:01.705070 49380 IPCTensor.h:369] NewIPCTensor: circle_buffer_end_cppseen_r1 [1]0x1001a982a000 8 B 
Dataset:  /home/xieminhui/RecStoreDataset/criteo_binary
Dataset loaded
np.max =  33762577
np.min=  1
Construct RecModelSampler done
Construct KGCacheControllerWrapper done
E20240211 03:18:01.705601 49380 recstore.cc:66] init folly done
Before Training
Before Training
Before Training
I20240211 03:18:02.478775 49386 IPC_barrier.h:118] CreateBarrier: new barrier, name: start_barrier, count: 8
I20240211 03:18:02.478807 49382 IPC_barrier.h:112] CreateBarrier: find existing barrier, name: start_barrier, count: 8
I20240211 03:18:02.478844 49384 IPC_barrier.h:112] CreateBarrier: find existing barrier, name: start_barrier, count: 8
Before Training
I20240211 03:18:02.479247 49385 IPC_barrier.h:112] CreateBarrier: find existing barrier, name: start_barrier, count: 8
Before Training
Before Training
Before Training
I20240211 03:18:02.479451 49381 IPC_barrier.h:112] CreateBarrier: find existing barrier, name: start_barrier, count: 8
I20240211 03:18:02.479475 49380 IPC_barrier.h:112] CreateBarrier: find existing barrier, name: start_barrier, count: 8
I20240211 03:18:02.479496 45934 IPC_barrier.h:112] CreateBarrier: find existing barrier, name: start_barrier, count: 8
Before Training
I20240211 03:18:02.480769 49383 IPC_barrier.h:112] CreateBarrier: find existing barrier, name: start_barrier, count: 8
========== Step 0 ========== 
+---------------------------+---------------------------+---------------------------+
| Name                      | P50                       | P99                       |
+---------------------------+---------------------------+---------------------------+
| GenInput:CircleBuffer     | 117.963 us                | 117.963 us                |
| GenInput                  | 667.615 us                | 667.615 us                |
| bucket keys               | 60.677 ms                 | 60.677 ms                 |
| forward: join             | 69.187 ms                 | 69.187 ms                 |
| NN                        | 209.994 ms                | 209.994 ms                |
| Forward                   | 428.122 ms                | 428.122 ms                |
| back: bucket keys         | 615.805 us                | 615.805 us                |
+---------------------------+---------------------------+---------------------------+
+---------------------------+---------------------------+---------------------------+
| Name                      | P50                       | P99                       |
+---------------------------+---------------------------+---------------------------+
| GenInput:CircleBuffer     | 117.963 us                | 117.963 us                |
| GenInput                  | 667.615 us                | 667.615 us                |
| bucket keys               | 60.677 ms                 | 60.677 ms                 |
| forward: join             | 69.187 ms                 | 69.187 ms                 |
| NN                        | 209.994 ms                | 209.994 ms                |
| Forward                   | 428.122 ms                | 428.122 ms                |
| back: bucket keys         | 615.805 us                | 615.805 us                |
+---------------------------+---------------------------+---------------------------+
+---------------------------+---------------------------+---------------------------+
| Name                      | P50                       | P99                       |
+---------------------------+---------------------------+---------------------------+
| GenInput:CircleBuffer     | 117.963 us                | 117.963 us                |
| GenInput                  | 667.615 us                | 667.615 us                |
| bucket keys               | 60.677 ms                 | 60.677 ms                 |
| forward: join             | 69.187 ms                 | 69.187 ms                 |
| NN                        | 209.994 ms                | 209.994 ms                |
| Forward                   | 428.122 ms                | 428.122 ms                |
| back: bucket keys         | 615.805 us                | 615.805 us                |
+---------------------------+---------------------------+---------------------------+
+---------------------------+---------------------------+---------------------------+
| Name                      | P50                       | P99                       |
+---------------------------+---------------------------+---------------------------+
| GenInput:CircleBuffer     | 117.963 us                | 117.963 us                |
| GenInput                  | 667.615 us                | 667.615 us                |
| bucket keys               | 60.677 ms                 | 60.677 ms                 |
| forward: join             | 69.187 ms                 | 69.187 ms                 |
| NN                        | 209.994 ms                | 209.994 ms                |
| Forward                   | 428.122 ms                | 428.122 ms                |
| back: bucket keys         | 615.805 us                | 615.805 us                |
+---------------------------+---------------------------+---------------------------+
+---------------------------+---------------------------+---------------------------+
| Name                      | P50                       | P99                       |
+---------------------------+---------------------------+---------------------------+
| GenInput:CircleBuffer     | 117.963 us                | 117.963 us                |
| GenInput                  | 667.615 us                | 667.615 us                |
| bucket keys               | 60.677 ms                 | 60.677 ms                 |
| forward: join             | 69.187 ms                 | 69.187 ms                 |
| NN                        | 209.994 ms                | 209.994 ms                |
| Forward                   | 428.122 ms                | 428.122 ms                |
| back: bucket keys         | 615.805 us                | 615.805 us                |
+---------------------------+---------------------------+---------------------------+
+---------------------------+---------------------------+---------------------------+
| Name                      | P50                       | P99                       |
+---------------------------+---------------------------+---------------------------+
| GenInput:CircleBuffer     | 117.963 us                | 117.963 us                |
| GenInput                  | 667.615 us                | 667.615 us                |
| bucket keys               | 60.677 ms                 | 60.677 ms                 |
| forward: join             | 69.187 ms                 | 69.187 ms                 |
| NN                        | 209.994 ms                | 209.994 ms                |
| Forward                   | 428.122 ms                | 428.122 ms                |
| back: bucket keys         | 615.805 us                | 615.805 us                |
+---------------------------+---------------------------+---------------------------+
+---------------------------+---------------------------+---------------------------+
| Name                      | P50                       | P99                       |
+---------------------------+---------------------------+---------------------------+
| GenInput:CircleBuffer     | 117.963 us                | 117.963 us                |
| GenInput                  | 667.615 us                | 667.615 us                |
| bucket keys               | 60.677 ms                 | 60.677 ms                 |
| forward: join             | 69.187 ms                 | 69.187 ms                 |
| NN                        | 209.994 ms                | 209.994 ms                |
| Forward                   | 428.122 ms                | 428.122 ms                |
| back: bucket keys         | 615.805 us                | 615.805 us                |
+---------------------------+---------------------------+---------------------------+
+---------------------------+---------------------------+---------------------------+
| Name                      | P50                       | P99                       |
+---------------------------+---------------------------+---------------------------+
| GenInput:CircleBuffer     | 117.963 us                | 117.963 us                |
| GenInput                  | 667.615 us                | 667.615 us                |
| bucket keys               | 60.677 ms                 | 60.677 ms                 |
| forward: join             | 69.187 ms                 | 69.187 ms                 |
| NN                        | 209.994 ms                | 209.994 ms                |
| Forward                   | 428.122 ms                | 428.122 ms                |
| back: bucket keys         | 615.805 us                | 615.805 us                |
+---------------------------+---------------------------+---------------------------+
+---------------------------+---------------------------+---------------------------+
| Name                      | P50                       | P99                       |
+---------------------------+---------------------------+---------------------------+
| GenInput:CircleBuffer     | 117.963 us                | 117.963 us                |
| GenInput                  | 667.615 us                | 667.615 us                |
| bucket keys               | 60.677 ms                 | 60.677 ms                 |
| forward: join             | 69.187 ms                 | 69.187 ms                 |
| NN                        | 209.994 ms                | 209.994 ms                |
| Forward                   | 428.122 ms                | 428.122 ms                |
| back: bucket keys         | 615.805 us                | 615.805 us                |
+---------------------------+---------------------------+---------------------------+
+---------------------------+---------------------------+---------------------------+
| Name                      | P50                       | P99                       |
+---------------------------+---------------------------+---------------------------+
| GenInput:CircleBuffer     | 117.963 us                | 117.963 us                |
| GenInput                  | 667.615 us                | 667.615 us                |
| bucket keys               | 60.677 ms                 | 60.677 ms                 |
| forward: join             | 69.187 ms                 | 69.187 ms                 |
| NN                        | 209.994 ms                | 209.994 ms                |
| Forward                   | 428.122 ms                | 428.122 ms                |
| back: bucket keys         | 615.805 us                | 615.805 us                |
+---------------------------+---------------------------+---------------------------+
========== Step 1 ========== 
INFO [45934 distributed.py:1140] Reducer buckets have been rebuilt in this iteration.
INFO [49383 distributed.py:1140] Reducer buckets have been rebuilt in this iteration.
INFO [49382 distributed.py:1140] Reducer buckets have been rebuilt in this iteration.
INFO [49381 distributed.py:1140] Reducer buckets have been rebuilt in this iteration.
INFO [49384 distributed.py:1140] Reducer buckets have been rebuilt in this iteration.
INFO [49380 distributed.py:1140] Reducer buckets have been rebuilt in this iteration.
INFO [49386 distributed.py:1140] Reducer buckets have been rebuilt in this iteration.
INFO [49385 distributed.py:1140] Reducer buckets have been rebuilt in this iteration.
========== Step 2 ========== 
========== Step 3 ========== 
========== Step 4 ========== 
========== Step 5 ========== 
========== Step 6 ========== 
========== Step 7 ========== 
========== Step 8 ========== 
========== Step 9 ========== 
========== Step 10 ========== 
========== Step 11 ========== 
========== Step 12 ========== 
========== Step 13 ========== 
========== Step 14 ========== 
========== Step 15 ========== 
+---------------------------+---------------------------+---------------------------+
| Name                      | P50                       | P99                       |
+---------------------------+---------------------------+---------------------------+
| GenInput:CircleBuffer     | 152.850 us                | 424.640 us                |
| GenInput                  | 792.357 us                | 3.934 ms                  |
| bucket keys               | 496.375 us                | 60.677 ms                 |
| forward: join             | 79.205 ms                 | 97.280 ms                 |
| NN                        | 1.349 ms                  | 209.994 ms                |
| Forward                   | 83.969 ms                 | 428.122 ms                |
| back: bucket keys         | 433.038 us                | 821.028 us                |
| back: a2a                 | 19.462 ms                 | 49.179 s                  |
| back: cache               | 34.004 ms                 | 84.141 ms                 |
| back: aggr dram keys      | 17.204 ms                 | 920.150 ms                |
| back: set dram grad       | 812.349 us                | 1.231 ms                  |
| Backward                  | 79.105 ms                 | 50.217 s                  |
| Optimize                  | 16.637 ms                 | 116.637 ms                |
| OneStep                   | 181.189 ms                | 50.765 s                  |
+---------------------------+---------------------------+---------------------------+
========== Step 16 ========== 
========== Step 17 ========== 
========== Step 18 ========== 
========== Step 19 ========== 
========== Step 20 ========== 
========== Step 21 ========== 
========== Step 22 ========== 
========== Step 23 ========== 
========== Step 24 ========== 
========== Step 25 ========== 
========== Step 26 ========== 
========== Step 27 ========== 
========== Step 28 ========== 
========== Step 29 ========== 
========== Step 30 ========== 
========== Step 31 ========== 
========== Step 32 ========== 
========== Step 33 ========== 
========== Step 34 ========== 
========== Step 35 ========== 
========== Step 36 ========== 
========== Step 37 ========== 
========== Step 38 ========== 
========== Step 39 ========== 
========== Step 40 ========== 
========== Step 41 ========== 
========== Step 42 ========== 
========== Step 43 ========== 
========== Step 44 ========== 
+---------------------------+---------------------------+---------------------------+
| Name                      | P50                       | P99                       |
+---------------------------+---------------------------+---------------------------+
| GenInput:CircleBuffer     | 138.824 us                | 479.949 us                |
| GenInput                  | 654.171 us                | 4.951 ms                  |
| bucket keys               | 486.934 us                | 72.880 ms                 |
| forward: join             | 78.092 ms                 | 97.721 ms                 |
| NN                        | 998.429 us                | 209.994 ms                |
| Forward                   | 83.969 ms                 | 428.122 ms                |
| back: bucket keys         | 424.663 us                | 821.028 us                |
| back: a2a                 | 20.052 ms                 | 49.179 s                  |
| back: cache               | 27.602 ms                 | 84.141 ms                 |
| back: aggr dram keys      | 23.633 ms                 | 920.150 ms                |
| back: set dram grad       | 825.909 us                | 1.231 ms                  |
| Backward                  | 78.287 ms                 | 50.217 s                  |
| Optimize                  | 15.867 ms                 | 116.637 ms                |
| OneStep                   | 175.904 ms                | 50.765 s                  |
+---------------------------+---------------------------+---------------------------+
========== Step 45 ========== 
========== Step 46 ========== 
========== Step 47 ========== 
========== Step 48 ========== 
========== Step 49 ========== 
========== Step 50 ========== 
========== Step 51 ========== 
========== Step 52 ========== 
========== Step 53 ========== 
========== Step 54 ========== 
========== Step 55 ========== 
========== Step 56 ========== 
========== Step 57 ========== 
========== Step 58 ========== 
========== Step 59 ========== 
Successfully xmh
