WARNING: Logging before InitGoogleLogging() is written to STDERR
I20240220 15:39:40.816324  6011 IPC_barrier.h:128] MultiProcessBarrierFactory->ClearIPCMemory()
W20240220 15:39:40.821170  6011 IPCTensor.h:369] NewIPCTensor: full_emb [9449206, 32]0x100000002000 1.126 GB
/data/home/xieminhui/RecStore/src/framework_adapters/torch/python/perf_rec_model.py:152: DeprecationWarning: The 'warn' function is deprecated, use 'warning' instead
  XLOG.warn("After init DistEmbedding")
WARNING [6011 perf_rec_model.py:152] After init DistEmbedding
========== Running Perf with routine <function routine_local_cache_helper at 0x7fa8d1915b20>==========
Worker 1 pid=6536
Worker 2 pid=6537
Worker 3 pid=6538
Worker 4 pid=6539
Worker 5 pid=6540
Worker 6 pid=6541
INFO [6011 distributed_c10d.py:442] Added key: store_based_barrier_key:1 to store for rank: 0
INFO [6536 distributed_c10d.py:442] Added key: store_based_barrier_key:1 to store for rank: 1
INFO [6537 distributed_c10d.py:442] Added key: store_based_barrier_key:1 to store for rank: 2
INFO [6539 distributed_c10d.py:442] Added key: store_based_barrier_key:1 to store for rank: 4
INFO [6538 distributed_c10d.py:442] Added key: store_based_barrier_key:1 to store for rank: 3
INFO [6540 distributed_c10d.py:442] Added key: store_based_barrier_key:1 to store for rank: 5
INFO [6542 distributed_c10d.py:442] Added key: store_based_barrier_key:1 to store for rank: 7
INFO [6541 distributed_c10d.py:442] Added key: store_based_barrier_key:1 to store for rank: 6
INFO [6537 distributed_c10d.py:476] Rank 2: Completed store-based barrier for key:store_based_barrier_key:1 with 8 nodes.
INFO [6539 distributed_c10d.py:476] Rank 4: Completed store-based barrier for key:store_based_barrier_key:1 with 8 nodes.
INFO [6542 distributed_c10d.py:476] Rank 7: Completed store-based barrier for key:store_based_barrier_key:1 with 8 nodes.
INFO [6541 distributed_c10d.py:476] Rank 6: Completed store-based barrier for key:store_based_barrier_key:1 with 8 nodes.
INFO [6540 distributed_c10d.py:476] Rank 5: Completed store-based barrier for key:store_based_barrier_key:1 with 8 nodes.
INFO [6536 distributed_c10d.py:476] Rank 1: Completed store-based barrier for key:store_based_barrier_key:1 with 8 nodes.
E20240220 15:39:47.592010  6537 IPCTensor.h:348] IPCTensor full_emb already exists
E20240220 15:39:47.592065  6542 IPCTensor.h:348] IPCTensor full_emb already exists
E20240220 15:39:47.592221  6540 IPCTensor.h:348] IPCTensor full_emb already exists
E20240220 15:39:47.592216  6539 IPCTensor.h:348] IPCTensor full_emb already exists
E20240220 15:39:47.592371  6541 IPCTensor.h:348] IPCTensor full_emb already exists
E20240220 15:39:47.592787  6536 IPCTensor.h:348] IPCTensor full_emb already exists
INFO [6011 distributed_c10d.py:476] Rank 0: Completed store-based barrier for key:store_based_barrier_key:1 with 8 nodes.
E20240220 15:39:47.593487  6011 IPCTensor.h:348] IPCTensor full_emb already exists
INFO [6538 distributed_c10d.py:476] Rank 3: Completed store-based barrier for key:store_based_barrier_key:1 with 8 nodes.
E20240220 15:39:47.600904  6538 IPCTensor.h:348] IPCTensor full_emb already exists
W20240220 15:39:53.299625  6537 IPCTensor.h:409] NewIPCGPUTensor: embedding_cache_2 [94492, 32]; dev=2; size=11.53 MB
W20240220 15:39:53.300096  6541 IPCTensor.h:409] NewIPCGPUTensor: embedding_cache_6 [94492, 32]; dev=6; size=11.53 MB
W20240220 15:39:53.300555  6536 IPCTensor.h:409] NewIPCGPUTensor: embedding_cache_1 [94492, 32]; dev=1; size=11.53 MB
W20240220 15:39:53.302160  6011 IPCTensor.h:409] NewIPCGPUTensor: embedding_cache_0 [94492, 32]; dev=0; size=11.53 MB
W20240220 15:39:53.302546  6539 IPCTensor.h:409] NewIPCGPUTensor: embedding_cache_4 [94492, 32]; dev=4; size=11.53 MB
W20240220 15:39:53.302549  6542 IPCTensor.h:409] NewIPCGPUTensor: embedding_cache_7 [94492, 32]; dev=7; size=11.53 MB
W20240220 15:39:53.303076  6538 IPCTensor.h:409] NewIPCGPUTensor: embedding_cache_3 [94492, 32]; dev=3; size=11.53 MB
W20240220 15:39:53.303401  6540 IPCTensor.h:409] NewIPCGPUTensor: embedding_cache_5 [94492, 32]; dev=5; size=11.53 MB
W20240220 15:39:54.004323  6541 IPCTensor.h:369] NewIPCTensor: input_keys_6 [1000000]0x10004817d000 7.629 MB
W20240220 15:39:54.004551  6541 IPCTensor.h:369] NewIPCTensor: input_keys_neg_6 [1000000]0x100048920000 7.629 MB
W20240220 15:39:54.004637  6541 IPCTensor.h:369] NewIPCTensor: backward_grads_6 [1000000, 32]0x1000490c3000 122.1 MB
W20240220 15:39:54.004698  6541 IPCTensor.h:369] NewIPCTensor: backward_grads_neg_6 [1000000, 32]0x100050ad7000 122.1 MB
W20240220 15:39:54.004740  6541 IPCTensor.h:409] NewIPCGPUTensor: backward_grads_6_gpu [1000000, 32]; dev=6; size=122.1 MB
W20240220 15:39:54.005573  6541 IPCTensor.h:409] NewIPCGPUTensor: backward_grads_neg_6_gpu [1000000, 32]; dev=6; size=122.1 MB
W20240220 15:39:54.029525  6537 IPCTensor.h:369] NewIPCTensor: input_keys_2 [1000000]0x1000584f1000 7.629 MB
W20240220 15:39:54.029711  6537 IPCTensor.h:369] NewIPCTensor: input_keys_neg_2 [1000000]0x100058c94000 7.629 MB
W20240220 15:39:54.029770  6537 IPCTensor.h:369] NewIPCTensor: backward_grads_2 [1000000, 32]0x100059437000 122.1 MB
W20240220 15:39:54.029830  6537 IPCTensor.h:369] NewIPCTensor: backward_grads_neg_2 [1000000, 32]0x100060e4b000 122.1 MB
W20240220 15:39:54.029862  6537 IPCTensor.h:409] NewIPCGPUTensor: backward_grads_2_gpu [1000000, 32]; dev=2; size=122.1 MB
W20240220 15:39:54.031873  6537 IPCTensor.h:409] NewIPCGPUTensor: backward_grads_neg_2_gpu [1000000, 32]; dev=2; size=122.1 MB
W20240220 15:39:54.032143  6536 IPCTensor.h:369] NewIPCTensor: input_keys_1 [1000000]0x100068863000 7.629 MB
W20240220 15:39:54.032305  6536 IPCTensor.h:369] NewIPCTensor: input_keys_neg_1 [1000000]0x100069006000 7.629 MB
W20240220 15:39:54.032367  6536 IPCTensor.h:369] NewIPCTensor: backward_grads_1 [1000000, 32]0x1000697a9000 122.1 MB
W20240220 15:39:54.032423  6536 IPCTensor.h:369] NewIPCTensor: backward_grads_neg_1 [1000000, 32]0x1000711bd000 122.1 MB
W20240220 15:39:54.032467  6536 IPCTensor.h:409] NewIPCGPUTensor: backward_grads_1_gpu [1000000, 32]; dev=1; size=122.1 MB
W20240220 15:39:54.033069  6536 IPCTensor.h:409] NewIPCGPUTensor: backward_grads_neg_1_gpu [1000000, 32]; dev=1; size=122.1 MB
W20240220 15:39:54.077217  6540 IPCTensor.h:369] NewIPCTensor: input_keys_5 [1000000]0x10007937e000 7.629 MB
W20240220 15:39:54.077217  6542 IPCTensor.h:369] NewIPCTensor: input_keys_7 [1000000]0x100078bdb000 7.629 MB
W20240220 15:39:54.077405  6540 IPCTensor.h:369] NewIPCTensor: input_keys_neg_5 [1000000]0x100079b21000 7.629 MB
W20240220 15:39:54.077417  6542 IPCTensor.h:369] NewIPCTensor: input_keys_neg_7 [1000000]0x10007a2c4000 7.629 MB
W20240220 15:39:54.077484  6540 IPCTensor.h:369] NewIPCTensor: backward_grads_5 [1000000, 32]0x10007aa67000 122.1 MB
W20240220 15:39:54.077498  6542 IPCTensor.h:369] NewIPCTensor: backward_grads_7 [1000000, 32]0x10008247b000 122.1 MB
W20240220 15:39:54.077554  6540 IPCTensor.h:369] NewIPCTensor: backward_grads_neg_5 [1000000, 32]0x100089e8f000 122.1 MB
W20240220 15:39:54.077564  6542 IPCTensor.h:369] NewIPCTensor: backward_grads_neg_7 [1000000, 32]0x1000918a3000 122.1 MB
W20240220 15:39:54.077594  6540 IPCTensor.h:409] NewIPCGPUTensor: backward_grads_5_gpu [1000000, 32]; dev=5; size=122.1 MB
W20240220 15:39:54.077600  6542 IPCTensor.h:409] NewIPCGPUTensor: backward_grads_7_gpu [1000000, 32]; dev=7; size=122.1 MB
W20240220 15:39:54.081758  6540 IPCTensor.h:409] NewIPCGPUTensor: backward_grads_neg_5_gpu [1000000, 32]; dev=5; size=122.1 MB
W20240220 15:39:54.082571  6538 IPCTensor.h:369] NewIPCTensor: input_keys_3 [1000000]0x1000992bb000 7.629 MB
W20240220 15:39:54.082727  6538 IPCTensor.h:369] NewIPCTensor: input_keys_neg_3 [1000000]0x100099a5e000 7.629 MB
W20240220 15:39:54.082799  6538 IPCTensor.h:369] NewIPCTensor: backward_grads_3 [1000000, 32]0x10009a201000 122.1 MB
W20240220 15:39:54.082867  6538 IPCTensor.h:369] NewIPCTensor: backward_grads_neg_3 [1000000, 32]0x1000a1c15000 122.1 MB
W20240220 15:39:54.082906  6538 IPCTensor.h:409] NewIPCGPUTensor: backward_grads_3_gpu [1000000, 32]; dev=3; size=122.1 MB
W20240220 15:39:54.106949  6538 IPCTensor.h:409] NewIPCGPUTensor: backward_grads_neg_3_gpu [1000000, 32]; dev=3; size=122.1 MB
W20240220 15:39:54.107332  6011 IPCTensor.h:369] NewIPCTensor: input_keys_0 [1000000]0x1000a9631000 7.629 MB
W20240220 15:39:54.107451  6542 IPCTensor.h:409] NewIPCGPUTensor: backward_grads_neg_7_gpu [1000000, 32]; dev=7; size=122.1 MB
W20240220 15:39:54.107532  6011 IPCTensor.h:369] NewIPCTensor: input_keys_neg_0 [1000000]0x1000a9dd4000 7.629 MB
W20240220 15:39:54.107600  6011 IPCTensor.h:369] NewIPCTensor: backward_grads_0 [1000000, 32]0x1000aa577000 122.1 MB
W20240220 15:39:54.107641  6011 IPCTensor.h:369] NewIPCTensor: backward_grads_neg_0 [1000000, 32]0x1000b1f8b000 122.1 MB
W20240220 15:39:54.107672  6011 IPCTensor.h:409] NewIPCGPUTensor: backward_grads_0_gpu [1000000, 32]; dev=0; size=122.1 MB
W20240220 15:39:54.108629  6011 IPCTensor.h:409] NewIPCGPUTensor: backward_grads_neg_0_gpu [1000000, 32]; dev=0; size=122.1 MB
W20240220 15:39:54.483916  6539 IPCTensor.h:369] NewIPCTensor: input_keys_4 [1000000]0x1000b99a9000 7.629 MB
W20240220 15:39:54.484120  6539 IPCTensor.h:369] NewIPCTensor: input_keys_neg_4 [1000000]0x1000ba14c000 7.629 MB
W20240220 15:39:54.484189  6539 IPCTensor.h:369] NewIPCTensor: backward_grads_4 [1000000, 32]0x1000ba8ef000 122.1 MB
W20240220 15:39:54.484254  6539 IPCTensor.h:369] NewIPCTensor: backward_grads_neg_4 [1000000, 32]0x1000c2303000 122.1 MB
W20240220 15:39:54.484299  6539 IPCTensor.h:409] NewIPCGPUTensor: backward_grads_4_gpu [1000000, 32]; dev=4; size=122.1 MB
W20240220 15:39:54.486495  6539 IPCTensor.h:409] NewIPCGPUTensor: backward_grads_neg_4_gpu [1000000, 32]; dev=4; size=122.1 MB
Worker 7 pid=6542
New CachedEmbedding, name=full_emb, shape=(9449206, 32), cache_type=KnownLocalCachedEmbedding
fixed cache_range is [(0, 94492), (94492, 188984), (188984, 283476), (283476, 377968), (377968, 472460), (472460, 566952), (566952, 661444), (661444, 755936)]
cudaHostRegister 0x100000002000
0: KnownLocalCachedEmbedding init done
cudaHostRegister 0x100000002000
6: KnownLocalCachedEmbedding init done
cudaHostRegister 0x100000002000
2: KnownLocalCachedEmbedding init done
cudaHostRegister 0x100000002000
1: KnownLocalCachedEmbedding init done
cudaHostRegister 0x100000002000
7: KnownLocalCachedEmbedding init done
cudaHostRegister 0x100000002000
4: KnownLocalCachedEmbedding init done
cudaHostRegister 0x100000002000
5: KnownLocalCachedEmbedding init done
cudaHostRegister 0x100000002000
3: KnownLocalCachedEmbedding init done
W20240220 15:39:59.585065  6542 IPCTensor.h:369] NewIPCTensor: cached_sampler_r7_0 [1000000]0x1000c9d1b000 7.629 MB
W20240220 15:39:59.585188  6541 IPCTensor.h:369] NewIPCTensor: cached_sampler_r6_0 [1000000]0x1000ca4be000 7.629 MB
W20240220 15:39:59.585290  6542 IPCTensor.h:369] NewIPCTensor: cached_sampler_r7_1 [1000000]0x1000cac61000 7.629 MB
W20240220 15:39:59.585325  6541 IPCTensor.h:369] NewIPCTensor: cached_sampler_r6_1 [1000000]0x1000cb404000 7.629 MB
W20240220 15:39:59.585361  6542 IPCTensor.h:369] NewIPCTensor: cached_sampler_r7_2 [1000000]0x1000cbba7000 7.629 MB
W20240220 15:39:59.585388  6541 IPCTensor.h:369] NewIPCTensor: cached_sampler_r6_2 [1000000]0x1000cc34a000 7.629 MB
W20240220 15:39:59.585427  6542 IPCTensor.h:369] NewIPCTensor: cached_sampler_r7_3 [1000000]0x1000ccaed000 7.629 MB
W20240220 15:39:59.585464  6541 IPCTensor.h:369] NewIPCTensor: cached_sampler_r6_3 [1000000]0x1000cd290000 7.629 MB
W20240220 15:39:59.585498  6542 IPCTensor.h:369] NewIPCTensor: cached_sampler_r7_4 [1000000]0x1000cda33000 7.629 MB
W20240220 15:39:59.585548  6541 IPCTensor.h:369] NewIPCTensor: cached_sampler_r6_4 [1000000]0x1000ce1d6000 7.629 MB
W20240220 15:39:59.585554  6542 IPCTensor.h:369] NewIPCTensor: cached_sampler_r7_5 [1000000]0x1000ce979000 7.629 MB
W20240220 15:39:59.585603  6542 IPCTensor.h:369] NewIPCTensor: cached_sampler_r7_6 [1000000]0x1000cf11c000 7.629 MB
W20240220 15:39:59.585608  6541 IPCTensor.h:369] NewIPCTensor: cached_sampler_r6_5 [1000000]0x1000cf8bf000 7.629 MB
W20240220 15:39:59.585664  6541 IPCTensor.h:369] NewIPCTensor: cached_sampler_r6_6 [1000000]0x1000d0062000 7.629 MB
W20240220 15:39:59.585670  6542 IPCTensor.h:369] NewIPCTensor: cached_sampler_r7_7 [1000000]0x1000d0805000 7.629 MB
W20240220 15:39:59.585731  6541 IPCTensor.h:369] NewIPCTensor: cached_sampler_r6_7 [1000000]0x1000d0fa8000 7.629 MB
W20240220 15:39:59.585736  6542 IPCTensor.h:369] NewIPCTensor: cached_sampler_r7_8 [1000000]0x1000d174b000 7.629 MB
W20240220 15:39:59.585781  6541 IPCTensor.h:369] NewIPCTensor: cached_sampler_r6_8 [1000000]0x1000d1eee000 7.629 MB
W20240220 15:39:59.585808  6542 IPCTensor.h:369] NewIPCTensor: cached_sampler_r7_9 [1000000]0x1000d2691000 7.629 MB
W20240220 15:39:59.585839  6541 IPCTensor.h:369] NewIPCTensor: cached_sampler_r6_9 [1000000]0x1000d2e34000 7.629 MB
W20240220 15:39:59.585865  6542 IPCTensor.h:369] NewIPCTensor: step_r7 [10]0x1000d35d7000 80 B 
W20240220 15:39:59.585891  6541 IPCTensor.h:369] NewIPCTensor: step_r6 [10]0x1000d35d9000 80 B 
W20240220 15:39:59.585911  6542 IPCTensor.h:369] NewIPCTensor: circle_buffer_end_r7 [1]0x1000d35db000 8 B 
W20240220 15:39:59.585928  6541 IPCTensor.h:369] NewIPCTensor: circle_buffer_end_r6 [1]0x1000d35dd000 8 B 
W20240220 15:39:59.585948  6542 IPCTensor.h:369] NewIPCTensor: circle_buffer_end_cppseen_r7 [1]0x1000d35df000 8 B 
W20240220 15:39:59.585964  6541 IPCTensor.h:369] NewIPCTensor: circle_buffer_end_cppseen_r6 [1]0x1000d35e1000 8 B 
Dataset:  /home/xieminhui/RecStoreDataset/avazu_binary
Dataset loaded
np.max =  9449205
np.min=  1
Construct RecModelSampler done
Dataset:  /home/xieminhui/RecStoreDataset/avazu_binary
Dataset loaded
np.max =  9449205
np.min=  1
Construct RecModelSampler done
I20240220 15:39:59.586328  6541 IPC_barrier.h:118] CreateBarrier: new barrier, name: kgcachecontroller, count: 8
I20240220 15:39:59.586365  6542 IPC_barrier.h:112] CreateBarrier: find existing barrier, name: kgcachecontroller, count: 8
W20240220 15:39:59.592980  6011 IPCTensor.h:369] NewIPCTensor: cached_sampler_r0_0 [1000000]0x1000d35e3000 7.629 MB
W20240220 15:39:59.593211  6011 IPCTensor.h:369] NewIPCTensor: cached_sampler_r0_1 [1000000]0x1000d3d86000 7.629 MB
W20240220 15:39:59.593267  6011 IPCTensor.h:369] NewIPCTensor: cached_sampler_r0_2 [1000000]0x1000d4529000 7.629 MB
W20240220 15:39:59.593312  6011 IPCTensor.h:369] NewIPCTensor: cached_sampler_r0_3 [1000000]0x1000d4ccc000 7.629 MB
W20240220 15:39:59.593362  6011 IPCTensor.h:369] NewIPCTensor: cached_sampler_r0_4 [1000000]0x1000d546f000 7.629 MB
W20240220 15:39:59.593411  6011 IPCTensor.h:369] NewIPCTensor: cached_sampler_r0_5 [1000000]0x1000d5c12000 7.629 MB
W20240220 15:39:59.593478  6011 IPCTensor.h:369] NewIPCTensor: cached_sampler_r0_6 [1000000]0x1000d63b5000 7.629 MB
W20240220 15:39:59.593533  6011 IPCTensor.h:369] NewIPCTensor: cached_sampler_r0_7 [1000000]0x1000d6b58000 7.629 MB
W20240220 15:39:59.593593  6011 IPCTensor.h:369] NewIPCTensor: cached_sampler_r0_8 [1000000]0x1000d72fb000 7.629 MB
W20240220 15:39:59.593641  6011 IPCTensor.h:369] NewIPCTensor: cached_sampler_r0_9 [1000000]0x1000d7a9e000 7.629 MB
W20240220 15:39:59.593699  6011 IPCTensor.h:369] NewIPCTensor: step_r0 [10]0x1000d8241000 80 B 
W20240220 15:39:59.593750  6011 IPCTensor.h:369] NewIPCTensor: circle_buffer_end_r0 [1]0x1000d8243000 8 B 
W20240220 15:39:59.593791  6011 IPCTensor.h:369] NewIPCTensor: circle_buffer_end_cppseen_r0 [1]0x1000d8245000 8 B 
Dataset:  /home/xieminhui/RecStoreDataset/avazu_binary
Dataset loaded
np.max =  9449205
np.min=  1
Construct RecModelSampler done
I20240220 15:39:59.594161  6011 IPC_barrier.h:112] CreateBarrier: find existing barrier, name: kgcachecontroller, count: 8
W20240220 15:39:59.595315  6538 IPCTensor.h:369] NewIPCTensor: cached_sampler_r3_0 [1000000]0x1000d8247000 7.629 MB
W20240220 15:39:59.595474  6538 IPCTensor.h:369] NewIPCTensor: cached_sampler_r3_1 [1000000]0x1000d89ea000 7.629 MB
W20240220 15:39:59.595553  6538 IPCTensor.h:369] NewIPCTensor: cached_sampler_r3_2 [1000000]0x1000d918d000 7.629 MB
W20240220 15:39:59.595610  6538 IPCTensor.h:369] NewIPCTensor: cached_sampler_r3_3 [1000000]0x1000d9930000 7.629 MB
W20240220 15:39:59.595642  6537 IPCTensor.h:369] NewIPCTensor: cached_sampler_r2_0 [1000000]0x1000da0d3000 7.629 MB
W20240220 15:39:59.595683  6538 IPCTensor.h:369] NewIPCTensor: cached_sampler_r3_4 [1000000]0x1000da876000 7.629 MB
W20240220 15:39:59.595742  6538 IPCTensor.h:369] NewIPCTensor: cached_sampler_r3_5 [1000000]0x1000db019000 7.629 MB
W20240220 15:39:59.595785  6538 IPCTensor.h:369] NewIPCTensor: cached_sampler_r3_6 [1000000]0x1000db7bc000 7.629 MB
W20240220 15:39:59.595822  6537 IPCTensor.h:369] NewIPCTensor: cached_sampler_r2_1 [1000000]0x1000dbf5f000 7.629 MB
W20240220 15:39:59.595863  6538 IPCTensor.h:369] NewIPCTensor: cached_sampler_r3_7 [1000000]0x1000dc702000 7.629 MB
W20240220 15:39:59.595898  6537 IPCTensor.h:369] NewIPCTensor: cached_sampler_r2_2 [1000000]0x1000dcea5000 7.629 MB
W20240220 15:39:59.595914  6538 IPCTensor.h:369] NewIPCTensor: cached_sampler_r3_8 [1000000]0x1000dd648000 7.629 MB
W20240220 15:39:59.595957  6537 IPCTensor.h:369] NewIPCTensor: cached_sampler_r2_3 [1000000]0x1000dddeb000 7.629 MB
W20240220 15:39:59.595973  6538 IPCTensor.h:369] NewIPCTensor: cached_sampler_r3_9 [1000000]0x1000de58e000 7.629 MB
W20240220 15:39:59.596019  6537 IPCTensor.h:369] NewIPCTensor: cached_sampler_r2_4 [1000000]0x1000ded31000 7.629 MB
W20240220 15:39:59.596024  6538 IPCTensor.h:369] NewIPCTensor: step_r3 [10]0x1000df4d4000 80 B 
W20240220 15:39:59.596100  6538 IPCTensor.h:369] NewIPCTensor: circle_buffer_end_r3 [1]0x1000df4d6000 8 B 
W20240220 15:39:59.596107  6537 IPCTensor.h:369] NewIPCTensor: cached_sampler_r2_5 [1000000]0x1000df4d8000 7.629 MB
W20240220 15:39:59.596148  6538 IPCTensor.h:369] NewIPCTensor: circle_buffer_end_cppseen_r3 [1]0x1000dfc7b000 8 B 
W20240220 15:39:59.596159  6537 IPCTensor.h:369] NewIPCTensor: cached_sampler_r2_6 [1000000]0x1000dfc7d000 7.629 MB
W20240220 15:39:59.596220  6537 IPCTensor.h:369] NewIPCTensor: cached_sampler_r2_7 [1000000]0x1000e0420000 7.629 MB
W20240220 15:39:59.596268  6537 IPCTensor.h:369] NewIPCTensor: cached_sampler_r2_8 [1000000]0x1000e0bc3000 7.629 MB
W20240220 15:39:59.596324  6537 IPCTensor.h:369] NewIPCTensor: cached_sampler_r2_9 [1000000]0x1000e1366000 7.629 MB
W20240220 15:39:59.596379  6537 IPCTensor.h:369] NewIPCTensor: step_r2 [10]0x1000e1b09000 80 B 
Dataset:  /home/xieminhui/RecStoreDataset/avazu_binary
Dataset loaded
np.max =  9449205
np.min=  1
Construct RecModelSampler done
W20240220 15:39:59.596423  6537 IPCTensor.h:369] NewIPCTensor: circle_buffer_end_r2 [1]0x1000e1b0b000 8 B 
W20240220 15:39:59.596465  6537 IPCTensor.h:369] NewIPCTensor: circle_buffer_end_cppseen_r2 [1]0x1000e1b0d000 8 B 
I20240220 15:39:59.596495  6538 IPC_barrier.h:112] CreateBarrier: find existing barrier, name: kgcachecontroller, count: 8
Dataset:  /home/xieminhui/RecStoreDataset/avazu_binary
Dataset loaded
np.max =  9449205
np.min=  1
Construct RecModelSampler done
I20240220 15:39:59.596822  6537 IPC_barrier.h:112] CreateBarrier: find existing barrier, name: kgcachecontroller, count: 8
W20240220 15:39:59.625202  6536 IPCTensor.h:369] NewIPCTensor: cached_sampler_r1_0 [1000000]0x1000e1b0f000 7.629 MB
W20240220 15:39:59.625360  6536 IPCTensor.h:369] NewIPCTensor: cached_sampler_r1_1 [1000000]0x1000e22b2000 7.629 MB
W20240220 15:39:59.625433  6536 IPCTensor.h:369] NewIPCTensor: cached_sampler_r1_2 [1000000]0x1000e2a55000 7.629 MB
W20240220 15:39:59.625516  6536 IPCTensor.h:369] NewIPCTensor: cached_sampler_r1_3 [1000000]0x1000e31f8000 7.629 MB
W20240220 15:39:59.625573  6536 IPCTensor.h:369] NewIPCTensor: cached_sampler_r1_4 [1000000]0x1000e399b000 7.629 MB
W20240220 15:39:59.625635  6536 IPCTensor.h:369] NewIPCTensor: cached_sampler_r1_5 [1000000]0x1000e413e000 7.629 MB
W20240220 15:39:59.625680  6536 IPCTensor.h:369] NewIPCTensor: cached_sampler_r1_6 [1000000]0x1000e48e1000 7.629 MB
W20240220 15:39:59.625741  6536 IPCTensor.h:369] NewIPCTensor: cached_sampler_r1_7 [1000000]0x1000e5084000 7.629 MB
W20240220 15:39:59.625792  6536 IPCTensor.h:369] NewIPCTensor: cached_sampler_r1_8 [1000000]0x1000e5827000 7.629 MB
W20240220 15:39:59.625845  6536 IPCTensor.h:369] NewIPCTensor: cached_sampler_r1_9 [1000000]0x1000e5fca000 7.629 MB
W20240220 15:39:59.625895  6536 IPCTensor.h:369] NewIPCTensor: step_r1 [10]0x1000e676d000 80 B 
W20240220 15:39:59.625964  6536 IPCTensor.h:369] NewIPCTensor: circle_buffer_end_r1 [1]0x1000e676f000 8 B 
W20240220 15:39:59.626003  6536 IPCTensor.h:369] NewIPCTensor: circle_buffer_end_cppseen_r1 [1]0x1000e6771000 8 B 
Dataset:  /home/xieminhui/RecStoreDataset/avazu_binary
Dataset loaded
np.max =  9449205
np.min=  1
Construct RecModelSampler done
I20240220 15:39:59.626295  6536 IPC_barrier.h:112] CreateBarrier: find existing barrier, name: kgcachecontroller, count: 8
W20240220 15:39:59.649143  6539 IPCTensor.h:369] NewIPCTensor: cached_sampler_r4_0 [1000000]0x1000e6773000 7.629 MB
W20240220 15:39:59.649251  6539 IPCTensor.h:369] NewIPCTensor: cached_sampler_r4_1 [1000000]0x1000e6f16000 7.629 MB
W20240220 15:39:59.649317  6539 IPCTensor.h:369] NewIPCTensor: cached_sampler_r4_2 [1000000]0x1000e76b9000 7.629 MB
W20240220 15:39:59.649360  6539 IPCTensor.h:369] NewIPCTensor: cached_sampler_r4_3 [1000000]0x1000e7e5c000 7.629 MB
W20240220 15:39:59.649407  6539 IPCTensor.h:369] NewIPCTensor: cached_sampler_r4_4 [1000000]0x1000e85ff000 7.629 MB
W20240220 15:39:59.649452  6539 IPCTensor.h:369] NewIPCTensor: cached_sampler_r4_5 [1000000]0x1000e8da2000 7.629 MB
W20240220 15:39:59.649492  6539 IPCTensor.h:369] NewIPCTensor: cached_sampler_r4_6 [1000000]0x1000e9545000 7.629 MB
W20240220 15:39:59.649536  6539 IPCTensor.h:369] NewIPCTensor: cached_sampler_r4_7 [1000000]0x1000e9ce8000 7.629 MB
W20240220 15:39:59.649585  6539 IPCTensor.h:369] NewIPCTensor: cached_sampler_r4_8 [1000000]0x1000ea48b000 7.629 MB
W20240220 15:39:59.649631  6539 IPCTensor.h:369] NewIPCTensor: cached_sampler_r4_9 [1000000]0x1000eac2e000 7.629 MB
W20240220 15:39:59.649673  6539 IPCTensor.h:369] NewIPCTensor: step_r4 [10]0x1000eb3d1000 80 B 
W20240220 15:39:59.649708  6539 IPCTensor.h:369] NewIPCTensor: circle_buffer_end_r4 [1]0x1000eb3d3000 8 B 
W20240220 15:39:59.649740  6539 IPCTensor.h:369] NewIPCTensor: circle_buffer_end_cppseen_r4 [1]0x1000eb3d5000 8 B 
Dataset:  /home/xieminhui/RecStoreDataset/avazu_binary
Dataset loaded
np.max =  9449205
np.min=  1
Construct RecModelSampler done
I20240220 15:39:59.649999  6539 IPC_barrier.h:112] CreateBarrier: find existing barrier, name: kgcachecontroller, count: 8
W20240220 15:40:00.166930  6540 IPCTensor.h:369] NewIPCTensor: cached_sampler_r5_0 [1000000]0x1000eb3d7000 7.629 MB
W20240220 15:40:00.167119  6540 IPCTensor.h:369] NewIPCTensor: cached_sampler_r5_1 [1000000]0x1000ebb7a000 7.629 MB
W20240220 15:40:00.167179  6540 IPCTensor.h:369] NewIPCTensor: cached_sampler_r5_2 [1000000]0x1000ec31d000 7.629 MB
W20240220 15:40:00.167227  6540 IPCTensor.h:369] NewIPCTensor: cached_sampler_r5_3 [1000000]0x1000ecac0000 7.629 MB
W20240220 15:40:00.167284  6540 IPCTensor.h:369] NewIPCTensor: cached_sampler_r5_4 [1000000]0x1000ed263000 7.629 MB
W20240220 15:40:00.167331  6540 IPCTensor.h:369] NewIPCTensor: cached_sampler_r5_5 [1000000]0x1000eda06000 7.629 MB
W20240220 15:40:00.167371  6540 IPCTensor.h:369] NewIPCTensor: cached_sampler_r5_6 [1000000]0x1000ee1a9000 7.629 MB
W20240220 15:40:00.167418  6540 IPCTensor.h:369] NewIPCTensor: cached_sampler_r5_7 [1000000]0x1000ee94c000 7.629 MB
W20240220 15:40:00.167459  6540 IPCTensor.h:369] NewIPCTensor: cached_sampler_r5_8 [1000000]0x1000ef0ef000 7.629 MB
W20240220 15:40:00.167511  6540 IPCTensor.h:369] NewIPCTensor: cached_sampler_r5_9 [1000000]0x1000ef892000 7.629 MB
W20240220 15:40:00.167554  6540 IPCTensor.h:369] NewIPCTensor: step_r5 [10]0x1000f0035000 80 B 
W20240220 15:40:00.167593  6540 IPCTensor.h:369] NewIPCTensor: circle_buffer_end_r5 [1]0x1000f0037000 8 B 
W20240220 15:40:00.167635  6540 IPCTensor.h:369] NewIPCTensor: circle_buffer_end_cppseen_r5 [1]0x1000f0039000 8 B 
Dataset:  /home/xieminhui/RecStoreDataset/avazu_binary
Dataset loaded
np.max =  9449205
np.min=  1
Construct RecModelSampler done
I20240220 15:40:00.167968  6540 IPC_barrier.h:112] CreateBarrier: find existing barrier, name: kgcachecontroller, count: 8
W20240220 15:40:00.170022  6011 grad_base.h:55] KGCacheController, config={
        "num_gpus": 8,
        "L": 10,
        "kForwardItersPerStep": 1,
        "clr": 0.01,
        "backwardMode": "CppAsync",
        "nr_background_threads": 16, 
        "cache_ratio": 0.01,
        "backgrad_init": "both",
        "update_pq_use_omp": 2,
        "kUpdatePqWorkerNum": 8
    }
W20240220 15:40:00.170385  6011 grad_base.h:184] Init GradProcessingBase done
I20240220 15:40:01.396121  6011 grad_async_v1.h:203] Use main thread to update emb.
W20240220 15:40:01.396517  6011 kg_controller.h:75] after init GradAsyncProcessing
I20240220 15:40:01.396533  6011 kg_controller.h:84] Construct KGCacheController done
E20240220 15:40:03.332854  6541 recstore.cc:67] init folly done
E20240220 15:40:03.332856  6537 recstore.cc:67] init folly done
Construct KGCacheControllerWrapper done
E20240220 15:40:03.332948  6540 recstore.cc:67] init folly done
E20240220 15:40:03.332947  6536 recstore.cc:67] init folly done
E20240220 15:40:03.332955  6542 recstore.cc:67] init folly done
E20240220 15:40:03.332955  6011 recstore.cc:67] init folly done
E20240220 15:40:03.332948  6538 recstore.cc:67] init folly done
Construct KGCacheControllerWrapper done
Construct KGCacheControllerWrapper done
Construct KGCacheControllerWrapper done
E20240220 15:40:03.333055  6539 recstore.cc:67] init folly done
Construct KGCacheControllerWrapper done
Construct KGCacheControllerWrapper done
Construct KGCacheControllerWrapper done
Construct KGCacheControllerWrapper done
I20240220 15:40:03.333947  6011 grad_base.h:60] GraphEnv RegTensorsPerProcess
Before Training
I20240220 15:40:14.453918  6536 IPC_barrier.h:118] CreateBarrier: new barrier, name: start_barrier, count: 8
Before Training
Before Training
Before Training
Before Training
Before Training
Before Training
Before Training
I20240220 15:40:14.454105  6541 IPC_barrier.h:112] CreateBarrier: find existing barrier, name: start_barrier, count: 8
I20240220 15:40:14.454142  6538 IPC_barrier.h:112] CreateBarrier: find existing barrier, name: start_barrier, count: 8
I20240220 15:40:14.454177  6540 IPC_barrier.h:112] CreateBarrier: find existing barrier, name: start_barrier, count: 8
I20240220 15:40:14.454221  6011 IPC_barrier.h:112] CreateBarrier: find existing barrier, name: start_barrier, count: 8
I20240220 15:40:14.454260  6537 IPC_barrier.h:112] CreateBarrier: find existing barrier, name: start_barrier, count: 8
I20240220 15:40:14.454294  6539 IPC_barrier.h:112] CreateBarrier: find existing barrier, name: start_barrier, count: 8
I20240220 15:40:14.454327  6542 IPC_barrier.h:112] CreateBarrier: find existing barrier, name: start_barrier, count: 8
========== Step 0 ========== 
+---------------------------+---------------------------+---------------------------+
| Name                      | P50                       | P99                       |
+---------------------------+---------------------------+---------------------------+
| GenInput:CircleBuffer     | 178.858 us                | 178.858 us                |
| GenInput                  | 503.025 us                | 503.025 us                |
| NN                        | 227.385 ms                | 227.385 ms                |
| Forward                   | 228.669 ms                | 228.669 ms                |
| Backward                  | 112.077 ms                | 112.077 ms                |
| Optimize                  | 7.456 ms                  | 7.456 ms                  |
| BarrierTimeBeforeRank0    | 20.429 ms                 | 20.429 ms                 |
+---------------------------+---------------------------+---------------------------+
W20240220 15:40:16.988091  6011 grad_async_v1.h:429] Sleep in <BlockToStepN>, step_no=1, pq.top=1
W20240220 15:40:17.988018  6011 grad_async_v1.h:429] Sleep in <BlockToStepN>, step_no=1, pq.top=1
+---------------------------+---------------------------+---------------------------+
| Name                      | P50                       | P99                       |
+---------------------------+---------------------------+---------------------------+
| ProcessBack:Shuffle       | 478.650 ms                | 478.650 ms                |
| ProcessBack:UpdateCache   | 808.127 ms                | 808.127 ms                |
| ProcessBack:UpsertPq      | 861.473 ms                | 861.473 ms                |
| ProcessOneStep            | 2.161 s                   | 2.161 s                   |
+---------------------------+---------------------------+---------------------------+
W20240220 15:40:18.988034  6011 grad_async_v1.h:429] Sleep in <BlockToStepN>, step_no=1, pq.top=1
W20240220 15:40:19.988008  6011 grad_async_v1.h:429] Sleep in <BlockToStepN>, step_no=1, pq.top=1
+---------------------------+---------------------------+---------------------------+
| Name                      | P50                       | P99                       |
+---------------------------+---------------------------+---------------------------+
| GenInput:CircleBuffer     | 178.858 us                | 178.858 us                |
| GenInput                  | 503.025 us                | 503.025 us                |
| NN                        | 227.385 ms                | 227.385 ms                |
| Forward                   | 228.669 ms                | 228.669 ms                |
| Backward                  | 112.077 ms                | 112.077 ms                |
| Optimize                  | 7.456 ms                  | 7.456 ms                  |
| BarrierTimeBeforeRank0    | 20.429 ms                 | 20.429 ms                 |
| AfterBackward             | 2.161 s                   | 2.161 s                   |
+---------------------------+---------------------------+---------------------------+
========== Step 1 ========== 
INFO [6537 distributed.py:1140] Reducer buckets have been rebuilt in this iteration.
INFO [6536 distributed.py:1140] Reducer buckets have been rebuilt in this iteration.
INFO [6011 distributed.py:1140] Reducer buckets have been rebuilt in this iteration.
INFO [6539 distributed.py:1140] Reducer buckets have been rebuilt in this iteration.
INFO [6538 distributed.py:1140] Reducer buckets have been rebuilt in this iteration.
INFO [6541 distributed.py:1140] Reducer buckets have been rebuilt in this iteration.
INFO [6542 distributed.py:1140] Reducer buckets have been rebuilt in this iteration.
INFO [6540 distributed.py:1140] Reducer buckets have been rebuilt in this iteration.
========== Step 2 ========== 
========== Step 3 ========== 
========== Step 4 ========== 
========== Step 5 ========== 
========== Step 6 ========== 
========== Step 7 ========== 
========== Step 8 ========== 
========== Step 9 ========== 
========== Step 10 ========== 
========== Step 11 ========== 
E20240220 15:40:20.493418  6011 grad_async_v1.h:533] Stalled in ProcessBackward: rank=1, step_no=11, sample_step_cpp_seen_[rank]=10
========== Step 12 ========== 
========== Step 13 ========== 
========== Step 14 ========== 
========== Step 15 ========== 
========== Step 16 ========== 
========== Step 17 ========== 
========== Step 18 ========== 
========== Step 19 ========== 
========== Step 20 ========== 
========== Step 21 ========== 
+---------------------------+---------------------------+---------------------------+
| Name                      | P50                       | P99                       |
+---------------------------+---------------------------+---------------------------+
| ProcessBack:Shuffle       | 4.065 ms                  | 478.650 ms                |
| ProcessBack:UpdateCache   | 2.313 ms                  | 808.127 ms                |
| ProcessBack:UpsertPq      | 66.022 us                 | 861.473 ms                |
| ProcessOneStep            | 6.836 ms                  | 2.161 s                   |
| BlockToStepN              | 5.255 us                  | 3.325 s                   |
+---------------------------+---------------------------+---------------------------+
========== Step 22 ========== 
========== Step 23 ========== 
========== Step 24 ========== 
========== Step 25 ========== 
========== Step 26 ========== 
========== Step 27 ========== 
========== Step 28 ========== 
========== Step 29 ========== 
+---------------------------+---------------------------+---------------------------+
| Name                      | P50                       | P99                       |
+---------------------------+---------------------------+---------------------------+
| GenInput:CircleBuffer     | 127.940 us                | 306.374 us                |
| GenInput                  | 532.526 us                | 2.216 ms                  |
| NN                        | 1.001 ms                  | 227.385 ms                |
| Forward                   | 1.272 ms                  | 228.669 ms                |
| Backward                  | 3.593 ms                  | 112.077 ms                |
| Optimize                  | 257.267 us                | 7.456 ms                  |
| BarrierTimeBeforeRank0    | 1.433 ms                  | 20.429 ms                 |
| AfterBackward             | 6.860 ms                  | 2.161 s                   |
| BlockToStepN              | 42.624 us                 | 3.326 s                   |
| OneStep                   | 14.293 ms                 | 5.860 s                   |
+---------------------------+---------------------------+---------------------------+
========== Step 30 ========== 
========== Step 31 ========== 
========== Step 32 ========== 
========== Step 33 ========== 
========== Step 34 ========== 
E20240220 15:40:25.493019  6011 grad_async_v1.h:533] Stalled in ProcessBackward: rank=0, step_no=34, sample_step_cpp_seen_[rank]=33
========== Step 35 ========== 
========== Step 36 ========== 
========== Step 37 ========== 
========== Step 38 ========== 
========== Step 39 ========== 
========== Step 40 ========== 
========== Step 41 ========== 
========== Step 42 ========== 
========== Step 43 ========== 
========== Step 44 ========== 
========== Step 45 ========== 
========== Step 46 ========== 
+---------------------------+---------------------------+---------------------------+
| Name                      | P50                       | P99                       |
+---------------------------+---------------------------+---------------------------+
| ProcessBack:Shuffle       | 3.999 ms                  | 478.650 ms                |
| ProcessBack:UpdateCache   | 2.240 ms                  | 808.127 ms                |
| ProcessBack:UpsertPq      | 66.671 us                 | 861.473 ms                |
| ProcessOneStep            | 6.759 ms                  | 2.161 s                   |
| BlockToStepN              | 5.140 us                  | 3.325 s                   |
+---------------------------+---------------------------+---------------------------+
========== Step 47 ========== 
========== Step 48 ========== 
========== Step 49 ========== 
========== Step 50 ========== 
========== Step 51 ========== 
========== Step 52 ========== 
========== Step 53 ========== 
========== Step 54 ========== 
========== Step 55 ========== 
========== Step 56 ========== 
========== Step 57 ========== 
+---------------------------+---------------------------+---------------------------+
| Name                      | P50                       | P99                       |
+---------------------------+---------------------------+---------------------------+
| GenInput:CircleBuffer     | 128.810 us                | 306.374 us                |
| GenInput                  | 521.296 us                | 1.636 ms                  |
| NN                        | 989.364 us                | 4.397 ms                  |
| Forward                   | 1.231 ms                  | 5.361 ms                  |
| Backward                  | 3.653 ms                  | 11.297 ms                 |
| Optimize                  | 253.159 us                | 735.419 us                |
| BarrierTimeBeforeRank0    | 1.372 ms                  | 2.573 ms                  |
| AfterBackward             | 6.772 ms                  | 1.757 s                   |
| BlockToStepN              | 44.363 us                 | 401.056 us                |
| OneStep                   | 13.824 ms                 | 1.764 s                   |
+---------------------------+---------------------------+---------------------------+
E20240220 15:40:30.493021  6011 grad_async_v1.h:533] Stalled in ProcessBackward: rank=2, step_no=57, sample_step_cpp_seen_[rank]=56
========== Step 58 ========== 
========== Step 59 ========== 
========== Step 60 ========== 
========== Step 61 ========== 
========== Step 62 ========== 
========== Step 63 ========== 
========== Step 64 ========== 
========== Step 65 ========== 
========== Step 66 ========== 
========== Step 67 ========== 
========== Step 68 ========== 
========== Step 69 ========== 
========== Step 70 ========== 
========== Step 71 ========== 
========== Step 72 ========== 
========== Step 73 ========== 
========== Step 74 ========== 
========== Step 75 ========== 
========== Step 76 ========== 
========== Step 77 ========== 
========== Step 78 ========== 
========== Step 79 ========== 
+---------------------------+---------------------------+---------------------------+
| Name                      | P50                       | P99                       |
+---------------------------+---------------------------+---------------------------+
| ProcessBack:Shuffle       | 3.990 ms                  | 10.667 ms                 |
| ProcessBack:UpdateCache   | 2.218 ms                  | 5.491 ms                  |
| ProcessBack:UpsertPq      | 66.181 us                 | 251.772 us                |
| ProcessOneStep            | 6.611 ms                  | 1.844 s                   |
| BlockToStepN              | 5.045 us                  | 10.578 us                 |
+---------------------------+---------------------------+---------------------------+
========== Step 80 ========== 
+---------------------------+---------------------------+---------------------------+
| Name                      | P50                       | P99                       |
+---------------------------+---------------------------+---------------------------+
| GenInput:CircleBuffer     | 131.712 us                | 306.374 us                |
| GenInput                  | 521.296 us                | 1.636 ms                  |
| NN                        | 989.438 us                | 4.397 ms                  |
| Forward                   | 1.265 ms                  | 5.361 ms                  |
| Backward                  | 3.593 ms                  | 11.297 ms                 |
| Optimize                  | 257.267 us                | 735.419 us                |
| BarrierTimeBeforeRank0    | 1.401 ms                  | 4.351 ms                  |
| AfterBackward             | 6.642 ms                  | 1.844 s                   |
| BlockToStepN              | 43.366 us                 | 401.056 us                |
| OneStep                   | 13.727 ms                 | 1.852 s                   |
+---------------------------+---------------------------+---------------------------+
========== Step 81 ========== 
========== Step 82 ========== 
========== Step 83 ========== 
========== Step 84 ========== 
========== Step 85 ========== 
========== Step 86 ========== 
========== Step 87 ========== 
========== Step 88 ========== 
========== Step 89 ========== 
========== Step 90 ========== 
========== Step 91 ========== 
E20240220 15:40:35.493018  6011 grad_async_v1.h:533] Stalled in ProcessBackward: rank=0, step_no=91, sample_step_cpp_seen_[rank]=90
========== Step 92 ========== 
========== Step 93 ========== 
========== Step 94 ========== 
========== Step 95 ========== 
========== Step 96 ========== 
========== Step 97 ========== 
========== Step 98 ========== 
========== Step 99 ========== 
Step99:rank0, time: 42.489, per_step: 0.424891
Step99:rank3, time: 42.489, per_step: 0.424893
Step99:rank6, time: 42.489, per_step: 0.424892
Step99:rank1, time: 42.489, per_step: 0.424893
Step99:rank7, time: 42.489, per_step: 0.424891
Step99:rank4, time: 42.489, per_step: 0.424892
Step99:rank2, time: 42.489, per_step: 0.424892
Step99:rank5, time: 42.489, per_step: 0.424891
+---------------------------+---------------------------+---------------------------+
| Name                      | P50                       | P99                       |
+---------------------------+---------------------------+---------------------------+
| GenInput:CircleBuffer     | 131.712 us                | 306.374 us                |
| GenInput                  | 553.793 us                | 1.636 ms                  |
| NN                        | 998.160 us                | 4.397 ms                  |
| Forward                   | 1.268 ms                  | 5.361 ms                  |
| Backward                  | 3.523 ms                  | 11.297 ms                 |
| Optimize                  | 259.271 us                | 735.419 us                |
| BarrierTimeBeforeRank0    | 1.404 ms                  | 5.793 ms                  |
| AfterBackward             | 6.529 ms                  | 1.844 s                   |
| BlockToStepN              | 43.870 us                 | 401.056 us                |
| OneStep                   | 13.700 ms                 | 1.852 s                   |
+---------------------------+---------------------------+---------------------------+
========== Step 100 ========== 
========== Step 101 ========== 
========== Step 102 ========== 
+---------------------------+---------------------------+---------------------------+
| Name                      | P50                       | P99                       |
+---------------------------+---------------------------+---------------------------+
| ProcessBack:Shuffle       | 3.959 ms                  | 10.667 ms                 |
| ProcessBack:UpdateCache   | 2.218 ms                  | 5.491 ms                  |
| ProcessBack:UpsertPq      | 64.974 us                 | 251.772 us                |
| ProcessOneStep            | 6.509 ms                  | 1.844 s                   |
| BlockToStepN              | 5.023 us                  | 10.578 us                 |
+---------------------------+---------------------------+---------------------------+
========== Step 103 ========== 
========== Step 104 ========== 
========== Step 105 ========== 
========== Step 106 ========== 
========== Step 107 ========== 
========== Step 108 ========== 
========== Step 109 ========== 
========== Step 110 ========== 
========== Step 111 ========== 
========== Step 112 ========== 
========== Step 113 ========== 
+---------------------------+---------------------------+---------------------------+
| Name                      | P50                       | P99                       |
+---------------------------+---------------------------+---------------------------+
| GenInput:CircleBuffer     | 133.276 us                | 306.374 us                |
| GenInput                  | 534.900 us                | 1.636 ms                  |
| NN                        | 989.438 us                | 4.397 ms                  |
| Forward                   | 1.265 ms                  | 5.361 ms                  |
| Backward                  | 3.593 ms                  | 11.297 ms                 |
| Optimize                  | 257.267 us                | 735.419 us                |
| BarrierTimeBeforeRank0    | 1.372 ms                  | 5.793 ms                  |
| AfterBackward             | 6.510 ms                  | 1.844 s                   |
| BlockToStepN              | 44.363 us                 | 401.056 us                |
| OneStep                   | 13.695 ms                 | 1.852 s                   |
+---------------------------+---------------------------+---------------------------+
========== Step 114 ========== 
E20240220 15:40:40.493017  6011 grad_async_v1.h:533] Stalled in ProcessBackward: rank=3, step_no=114, sample_step_cpp_seen_[rank]=113
========== Step 115 ========== 
========== Step 116 ========== 
========== Step 117 ========== 
========== Step 118 ========== 
========== Step 119 ========== 
========== Step 120 ========== 
========== Step 121 ========== 
========== Step 122 ========== 
========== Step 123 ========== 
========== Step 124 ========== 
========== Step 125 ========== 
+---------------------------+---------------------------+---------------------------+
| Name                      | P50                       | P99                       |
+---------------------------+---------------------------+---------------------------+
| ProcessBack:Shuffle       | 3.747 ms                  | 10.667 ms                 |
| ProcessBack:UpdateCache   | 2.202 ms                  | 6.446 ms                  |
| ProcessBack:UpsertPq      | 63.894 us                 | 251.772 us                |
| ProcessOneStep            | 6.459 ms                  | 1.844 s                   |
| BlockToStepN              | 4.952 us                  | 10.578 us                 |
+---------------------------+---------------------------+---------------------------+
========== Step 126 ========== 
========== Step 127 ========== 
========== Step 128 ========== 
========== Step 129 ========== 
========== Step 130 ========== 
========== Step 131 ========== 
========== Step 132 ========== 
========== Step 133 ========== 
========== Step 134 ========== 
========== Step 135 ========== 
========== Step 136 ========== 
========== Step 137 ========== 
========== Step 138 ========== 
========== Step 139 ========== 
========== Step 140 ========== 
========== Step 141 ========== 
========== Step 142 ========== 
========== Step 143 ========== 
========== Step 144 ========== 
========== Step 145 ========== 
========== Step 146 ========== 
========== Step 147 ========== 
+---------------------------+---------------------------+---------------------------+
| Name                      | P50                       | P99                       |
+---------------------------+---------------------------+---------------------------+
| GenInput:CircleBuffer     | 133.863 us                | 306.374 us                |
| GenInput                  | 537.547 us                | 1.636 ms                  |
| NN                        | 975.919 us                | 4.397 ms                  |
| Forward                   | 1.241 ms                  | 5.361 ms                  |
| Backward                  | 3.614 ms                  | 11.297 ms                 |
| Optimize                  | 259.906 us                | 1.250 ms                  |
| BarrierTimeBeforeRank0    | 1.372 ms                  | 5.793 ms                  |
| AfterBackward             | 6.481 ms                  | 1.844 s                   |
| BlockToStepN              | 43.870 us                 | 401.056 us                |
| OneStep                   | 13.711 ms                 | 1.852 s                   |
+---------------------------+---------------------------+---------------------------+
E20240220 15:40:45.493021  6011 grad_async_v1.h:533] Stalled in ProcessBackward: rank=0, step_no=147, sample_step_cpp_seen_[rank]=146
========== Step 148 ========== 
========== Step 149 ========== 
========== Step 150 ========== 
========== Step 151 ========== 
========== Step 152 ========== 
========== Step 153 ========== 
========== Step 154 ========== 
========== Step 155 ========== 
========== Step 156 ========== 
========== Step 157 ========== 
========== Step 158 ========== 
========== Step 159 ========== 
+---------------------------+---------------------------+---------------------------+
| Name                      | P50                       | P99                       |
+---------------------------+---------------------------+---------------------------+
| ProcessBack:Shuffle       | 3.679 ms                  | 9.869 ms                  |
| ProcessBack:UpdateCache   | 2.186 ms                  | 5.491 ms                  |
| ProcessBack:UpsertPq      | 66.181 us                 | 243.557 us                |
| ProcessOneStep            | 6.456 ms                  | 1.791 s                   |
| BlockToStepN              | 4.805 us                  | 7.593 us                  |
+---------------------------+---------------------------+---------------------------+
========== Step 160 ========== 
========== Step 161 ========== 
========== Step 162 ========== 
========== Step 163 ========== 
========== Step 164 ========== 
========== Step 165 ========== 
========== Step 166 ========== 
========== Step 167 ========== 
========== Step 168 ========== 
========== Step 169 ========== 
========== Step 170 ========== 
+---------------------------+---------------------------+---------------------------+
| Name                      | P50                       | P99                       |
+---------------------------+---------------------------+---------------------------+
| GenInput:CircleBuffer     | 134.740 us                | 206.886 us                |
| GenInput                  | 556.970 us                | 1.636 ms                  |
| NN                        | 989.438 us                | 2.372 ms                  |
| Forward                   | 1.268 ms                  | 3.290 ms                  |
| Backward                  | 3.688 ms                  | 11.297 ms                 |
