WARNING: Logging before InitGoogleLogging() is written to STDERR
I20240130 02:50:57.998502 3036411 IPC_barrier.h:128] MultiProcessBarrierFactory->ClearIPCMemory()
W20240130 02:50:58.000001 3036411 IPCTensor.h:369] NewIPCTensor: full_emb [33762578, 32]0x100000002000 4.025 GB
/home/xieminhui/RecStore/src/framework_adapters/torch/python/perf_rec_model.py:151: DeprecationWarning: The 'warn' function is deprecated, use 'warning' instead
  XLOG.warn("After init DistEmbedding")
WARNING [3036411 perf_rec_model.py:151] After init DistEmbedding
========== Running Perf with routine <function routine_local_cache_helper at 0x7f99b4925120>==========
Worker 1 pid=3036602
Worker 2 pid=3036604
INFO [3036411 distributed_c10d.py:442] Added key: store_based_barrier_key:1 to store for rank: 0
INFO [3036602 distributed_c10d.py:442] Added key: store_based_barrier_key:1 to store for rank: 1
INFO [3036604 distributed_c10d.py:442] Added key: store_based_barrier_key:1 to store for rank: 2
INFO [3036602 distributed_c10d.py:476] Rank 1: Completed store-based barrier for key:store_based_barrier_key:1 with 4 nodes.
INFO [3036604 distributed_c10d.py:476] Rank 2: Completed store-based barrier for key:store_based_barrier_key:1 with 4 nodes.
INFO [3036606 distributed_c10d.py:442] Added key: store_based_barrier_key:1 to store for rank: 3
E20240130 02:51:01.259150 3036602 IPCTensor.h:348] IPCTensor full_emb already exists
E20240130 02:51:01.259177 3036604 IPCTensor.h:348] IPCTensor full_emb already exists
INFO [3036606 distributed_c10d.py:476] Rank 3: Completed store-based barrier for key:store_based_barrier_key:1 with 4 nodes.
E20240130 02:51:01.259869 3036606 IPCTensor.h:348] IPCTensor full_emb already exists
INFO [3036411 distributed_c10d.py:476] Rank 0: Completed store-based barrier for key:store_based_barrier_key:1 with 4 nodes.
E20240130 02:51:01.268910 3036411 IPCTensor.h:348] IPCTensor full_emb already exists
W20240130 02:51:01.274518 3036604 IPCTensor.h:409] NewIPCGPUTensor: embedding_cache_2 [3376257, 32]; dev=2; size=412.1 MB
W20240130 02:51:01.274924 3036602 IPCTensor.h:409] NewIPCGPUTensor: embedding_cache_1 [3376257, 32]; dev=1; size=412.1 MB
W20240130 02:51:01.275493 3036606 IPCTensor.h:409] NewIPCGPUTensor: embedding_cache_3 [3376257, 32]; dev=3; size=412.1 MB
W20240130 02:51:01.275734 3036411 IPCTensor.h:409] NewIPCGPUTensor: embedding_cache_0 [3376257, 32]; dev=0; size=412.1 MB
W20240130 02:51:01.279575 3036602 IPCTensor.h:369] NewIPCTensor: input_keys_1 [1000000]0x100101972000 7.629 MB
W20240130 02:51:01.279603 3036604 IPCTensor.h:369] NewIPCTensor: input_keys_2 [1000000]0x100102115000 7.629 MB
W20240130 02:51:01.279712 3036602 IPCTensor.h:369] NewIPCTensor: input_keys_neg_1 [1000000]0x1001028b8000 7.629 MB
W20240130 02:51:01.279767 3036602 IPCTensor.h:369] NewIPCTensor: backward_grads_1 [1000000, 32]0x1001037fe000 122.1 MB
W20240130 02:51:01.279750 3036606 IPCTensor.h:369] NewIPCTensor: input_keys_3 [1000000]0x10010305b000 7.629 MB
W20240130 02:51:01.279795 3036604 IPCTensor.h:369] NewIPCTensor: input_keys_neg_2 [1000000]0x10010b214000 7.629 MB
W20240130 02:51:01.279811 3036602 IPCTensor.h:369] NewIPCTensor: backward_grads_neg_1 [1000000, 32]0x10010b9b7000 122.1 MB
W20240130 02:51:01.279843 3036602 IPCTensor.h:409] NewIPCGPUTensor: backward_grads_1_gpu [1000000, 32]; dev=1; size=122.1 MB
W20240130 02:51:01.279875 3036604 IPCTensor.h:369] NewIPCTensor: backward_grads_2 [1000000, 32]0x1001133cb000 122.1 MB
W20240130 02:51:01.279923 3036604 IPCTensor.h:369] NewIPCTensor: backward_grads_neg_2 [1000000, 32]0x10011addf000 122.1 MB
W20240130 02:51:01.279990 3036604 IPCTensor.h:409] NewIPCGPUTensor: backward_grads_2_gpu [1000000, 32]; dev=2; size=122.1 MB
W20240130 02:51:01.279978 3036411 IPCTensor.h:369] NewIPCTensor: input_keys_0 [1000000]0x1001227f3000 7.629 MB
W20240130 02:51:01.280018 3036606 IPCTensor.h:369] NewIPCTensor: input_keys_neg_3 [1000000]0x100122f96000 7.629 MB
W20240130 02:51:01.280095 3036606 IPCTensor.h:369] NewIPCTensor: backward_grads_3 [1000000, 32]0x100123739000 122.1 MB
W20240130 02:51:01.280139 3036411 IPCTensor.h:369] NewIPCTensor: input_keys_neg_0 [1000000]0x10012b14d000 7.629 MB
W20240130 02:51:01.280169 3036606 IPCTensor.h:369] NewIPCTensor: backward_grads_neg_3 [1000000, 32]0x10012b8f0000 122.1 MB
W20240130 02:51:01.280238 3036411 IPCTensor.h:369] NewIPCTensor: backward_grads_0 [1000000, 32]0x100133304000 122.1 MB
W20240130 02:51:01.280263 3036606 IPCTensor.h:409] NewIPCGPUTensor: backward_grads_3_gpu [1000000, 32]; dev=3; size=122.1 MB
W20240130 02:51:01.280313 3036411 IPCTensor.h:369] NewIPCTensor: backward_grads_neg_0 [1000000, 32]0x10013ad18000 122.1 MB
W20240130 02:51:01.280421 3036411 IPCTensor.h:409] NewIPCGPUTensor: backward_grads_0_gpu [1000000, 32]; dev=0; size=122.1 MB
W20240130 02:51:01.281386 3036602 IPCTensor.h:409] NewIPCGPUTensor: backward_grads_neg_1_gpu [1000000, 32]; dev=1; size=122.1 MB
W20240130 02:51:01.281522 3036604 IPCTensor.h:409] NewIPCGPUTensor: backward_grads_neg_2_gpu [1000000, 32]; dev=2; size=122.1 MB
W20240130 02:51:01.281775 3036606 IPCTensor.h:409] NewIPCGPUTensor: backward_grads_neg_3_gpu [1000000, 32]; dev=3; size=122.1 MB
W20240130 02:51:01.282063 3036411 IPCTensor.h:409] NewIPCGPUTensor: backward_grads_neg_0_gpu [1000000, 32]; dev=0; size=122.1 MB
Worker 3 pid=3036606
New CachedEmbedding, name=full_emb, shape=(33762578, 32), cache_type=KnownLocalCachedEmbedding
fixed cache_range is [(0, 3376257), (3376257, 6752514), (6752514, 10128771), (10128771, 13505028)]
cudaHostRegister 0x100000002000
0: KnownLocalCachedEmbedding init done
cudaHostRegister 0x100000002000
2: KnownLocalCachedEmbedding init done
cudaHostRegister 0x100000002000
3: KnownLocalCachedEmbedding init done
cudaHostRegister 0x100000002000
1: KnownLocalCachedEmbedding init done
W20240130 02:51:07.032146 3036411 IPCTensor.h:369] NewIPCTensor: cached_sampler_r0_0 [1000000]0x10014273c000 7.629 MB
W20240130 02:51:07.032301 3036411 IPCTensor.h:369] NewIPCTensor: cached_sampler_r0_1 [1000000]0x100142edf000 7.629 MB
W20240130 02:51:07.032326 3036411 IPCTensor.h:369] NewIPCTensor: cached_sampler_r0_2 [1000000]0x100143682000 7.629 MB
W20240130 02:51:07.032346 3036411 IPCTensor.h:369] NewIPCTensor: cached_sampler_r0_3 [1000000]0x100143e25000 7.629 MB
W20240130 02:51:07.032362 3036411 IPCTensor.h:369] NewIPCTensor: cached_sampler_r0_4 [1000000]0x1001445c8000 7.629 MB
W20240130 02:51:07.032377 3036411 IPCTensor.h:369] NewIPCTensor: cached_sampler_r0_5 [1000000]0x100144d6b000 7.629 MB
W20240130 02:51:07.032392 3036411 IPCTensor.h:369] NewIPCTensor: cached_sampler_r0_6 [1000000]0x10014550e000 7.629 MB
W20240130 02:51:07.032419 3036411 IPCTensor.h:369] NewIPCTensor: cached_sampler_r0_7 [1000000]0x100145cb1000 7.629 MB
W20240130 02:51:07.032439 3036411 IPCTensor.h:369] NewIPCTensor: cached_sampler_r0_8 [1000000]0x100146454000 7.629 MB
W20240130 02:51:07.032461 3036411 IPCTensor.h:369] NewIPCTensor: cached_sampler_r0_9 [1000000]0x100146bf7000 7.629 MB
W20240130 02:51:07.032480 3036411 IPCTensor.h:369] NewIPCTensor: step_r0 [10]0x10014739a000 80 B 
W20240130 02:51:07.032500 3036411 IPCTensor.h:369] NewIPCTensor: circle_buffer_end_r0 [1]0x10014739c000 8 B 
W20240130 02:51:07.032516 3036411 IPCTensor.h:369] NewIPCTensor: circle_buffer_end_cppseen_r0 [1]0x10014739e000 8 B 
Dataset:  /home/xieminhui/RecStoreDataset/criteo_binary
Dataset loaded
np.max =  33762577
np.min=  1
Construct RecModelSampler done
I20240130 02:51:07.032821 3036411 IPC_barrier.h:118] CreateBarrier: new barrier, name: kgcachecontroller, count: 4
W20240130 02:51:07.103770 3036604 IPCTensor.h:369] NewIPCTensor: cached_sampler_r2_0 [1000000]0x1001473a0000 7.629 MB
W20240130 02:51:07.103890 3036604 IPCTensor.h:369] NewIPCTensor: cached_sampler_r2_1 [1000000]0x100147b43000 7.629 MB
W20240130 02:51:07.103927 3036604 IPCTensor.h:369] NewIPCTensor: cached_sampler_r2_2 [1000000]0x1001482e6000 7.629 MB
W20240130 02:51:07.103950 3036604 IPCTensor.h:369] NewIPCTensor: cached_sampler_r2_3 [1000000]0x100148a89000 7.629 MB
W20240130 02:51:07.103976 3036604 IPCTensor.h:369] NewIPCTensor: cached_sampler_r2_4 [1000000]0x10014922c000 7.629 MB
W20240130 02:51:07.103997 3036604 IPCTensor.h:369] NewIPCTensor: cached_sampler_r2_5 [1000000]0x1001499cf000 7.629 MB
W20240130 02:51:07.104025 3036604 IPCTensor.h:369] NewIPCTensor: cached_sampler_r2_6 [1000000]0x10014a172000 7.629 MB
W20240130 02:51:07.104060 3036604 IPCTensor.h:369] NewIPCTensor: cached_sampler_r2_7 [1000000]0x10014a915000 7.629 MB
W20240130 02:51:07.104084 3036604 IPCTensor.h:369] NewIPCTensor: cached_sampler_r2_8 [1000000]0x10014b0b8000 7.629 MB
W20240130 02:51:07.104099 3036604 IPCTensor.h:369] NewIPCTensor: cached_sampler_r2_9 [1000000]0x10014b85b000 7.629 MB
W20240130 02:51:07.104125 3036604 IPCTensor.h:369] NewIPCTensor: step_r2 [10]0x10014bffe000 80 B 
W20240130 02:51:07.104151 3036604 IPCTensor.h:369] NewIPCTensor: circle_buffer_end_r2 [1]0x10014c000000 8 B 
W20240130 02:51:07.104173 3036604 IPCTensor.h:369] NewIPCTensor: circle_buffer_end_cppseen_r2 [1]0x10014c002000 8 B 
Dataset:  /home/xieminhui/RecStoreDataset/criteo_binary
Dataset loaded
np.max =  33762577
np.min=  1
Construct RecModelSampler done
I20240130 02:51:07.104411 3036604 IPC_barrier.h:112] CreateBarrier: find existing barrier, name: kgcachecontroller, count: 4
W20240130 02:51:07.136777 3036606 IPCTensor.h:369] NewIPCTensor: cached_sampler_r3_0 [1000000]0x10014c004000 7.629 MB
W20240130 02:51:07.136888 3036606 IPCTensor.h:369] NewIPCTensor: cached_sampler_r3_1 [1000000]0x10014c7a7000 7.629 MB
W20240130 02:51:07.136915 3036606 IPCTensor.h:369] NewIPCTensor: cached_sampler_r3_2 [1000000]0x10014cf4a000 7.629 MB
W20240130 02:51:07.136942 3036606 IPCTensor.h:369] NewIPCTensor: cached_sampler_r3_3 [1000000]0x10014d6ed000 7.629 MB
W20240130 02:51:07.136968 3036606 IPCTensor.h:369] NewIPCTensor: cached_sampler_r3_4 [1000000]0x10014de90000 7.629 MB
W20240130 02:51:07.136987 3036606 IPCTensor.h:369] NewIPCTensor: cached_sampler_r3_5 [1000000]0x10014e633000 7.629 MB
W20240130 02:51:07.137017 3036606 IPCTensor.h:369] NewIPCTensor: cached_sampler_r3_6 [1000000]0x10014edd6000 7.629 MB
W20240130 02:51:07.137050 3036606 IPCTensor.h:369] NewIPCTensor: cached_sampler_r3_7 [1000000]0x10014f579000 7.629 MB
W20240130 02:51:07.137076 3036606 IPCTensor.h:369] NewIPCTensor: cached_sampler_r3_8 [1000000]0x10014fd1c000 7.629 MB
W20240130 02:51:07.137094 3036606 IPCTensor.h:369] NewIPCTensor: cached_sampler_r3_9 [1000000]0x1001504bf000 7.629 MB
W20240130 02:51:07.137116 3036606 IPCTensor.h:369] NewIPCTensor: step_r3 [10]0x100150c62000 80 B 
W20240130 02:51:07.137136 3036606 IPCTensor.h:369] NewIPCTensor: circle_buffer_end_r3 [1]0x100150c64000 8 B 
W20240130 02:51:07.137156 3036606 IPCTensor.h:369] NewIPCTensor: circle_buffer_end_cppseen_r3 [1]0x100150c66000 8 B 
Dataset:  /home/xieminhui/RecStoreDataset/criteo_binary
Dataset loaded
np.max =  33762577
np.min=  1
Construct RecModelSampler done
I20240130 02:51:07.137384 3036606 IPC_barrier.h:112] CreateBarrier: find existing barrier, name: kgcachecontroller, count: 4
W20240130 02:51:07.186216 3036602 IPCTensor.h:369] NewIPCTensor: cached_sampler_r1_0 [1000000]0x100150c68000 7.629 MB
W20240130 02:51:07.186342 3036602 IPCTensor.h:369] NewIPCTensor: cached_sampler_r1_1 [1000000]0x10015140b000 7.629 MB
W20240130 02:51:07.186381 3036602 IPCTensor.h:369] NewIPCTensor: cached_sampler_r1_2 [1000000]0x100151bae000 7.629 MB
W20240130 02:51:07.186405 3036602 IPCTensor.h:369] NewIPCTensor: cached_sampler_r1_3 [1000000]0x100152351000 7.629 MB
W20240130 02:51:07.186436 3036602 IPCTensor.h:369] NewIPCTensor: cached_sampler_r1_4 [1000000]0x100152af4000 7.629 MB
W20240130 02:51:07.186457 3036602 IPCTensor.h:369] NewIPCTensor: cached_sampler_r1_5 [1000000]0x100153297000 7.629 MB
W20240130 02:51:07.186481 3036602 IPCTensor.h:369] NewIPCTensor: cached_sampler_r1_6 [1000000]0x100153a3a000 7.629 MB
W20240130 02:51:07.186517 3036602 IPCTensor.h:369] NewIPCTensor: cached_sampler_r1_7 [1000000]0x1001541dd000 7.629 MB
W20240130 02:51:07.186548 3036602 IPCTensor.h:369] NewIPCTensor: cached_sampler_r1_8 [1000000]0x100154980000 7.629 MB
W20240130 02:51:07.186571 3036602 IPCTensor.h:369] NewIPCTensor: cached_sampler_r1_9 [1000000]0x100155123000 7.629 MB
W20240130 02:51:07.186602 3036602 IPCTensor.h:369] NewIPCTensor: step_r1 [10]0x1001558c6000 80 B 
W20240130 02:51:07.186646 3036602 IPCTensor.h:369] NewIPCTensor: circle_buffer_end_r1 [1]0x1001558c8000 8 B 
W20240130 02:51:07.186673 3036602 IPCTensor.h:369] NewIPCTensor: circle_buffer_end_cppseen_r1 [1]0x1001558ca000 8 B 
Dataset:  /home/xieminhui/RecStoreDataset/criteo_binary
Dataset loaded
np.max =  33762577
np.min=  1
Construct RecModelSampler done
I20240130 02:51:07.186930 3036602 IPC_barrier.h:112] CreateBarrier: find existing barrier, name: kgcachecontroller, count: 4
W20240130 02:51:07.188127 3036411 grad_base.h:55] KGCacheController, config={
        "num_gpus": 4,
        "L": 10,
        "kForwardItersPerStep": 1,
        "clr": 1,
        "backwardMode": "CppAsyncV2",
        "nr_background_threads": 16, 
        "cache_ratio": 0.1,
        "backgrad_init": "both"
    }
W20240130 02:51:07.188201 3036411 grad_base.h:184] Init GradProcessingBase done
I20240130 02:51:09.319370 3036411 grad_async_v2.h:32] Use background thread to update emb. nr_background_threads=16
W20240130 02:51:09.319465 3036411 kg_controller.h:78] after init GradAsyncProcessingV2
I20240130 02:51:09.319468 3036411 kg_controller.h:84] Construct KGCacheController done
E20240130 02:51:09.663302 3036604 recstore.cc:66] init folly done
Construct KGCacheControllerWrapper done
E20240130 02:51:09.663403 3036606 recstore.cc:66] init folly done
E20240130 02:51:09.663416 3036411 recstore.cc:66] init folly done
E20240130 02:51:09.663441 3036602 recstore.cc:66] init folly done
Construct KGCacheControllerWrapper done
Construct KGCacheControllerWrapper done
Construct KGCacheControllerWrapper done
I20240130 02:51:09.664678 3036411 grad_base.h:60] GraphEnv RegTensorsPerProcess
W20240130 02:51:10.681470 3037063 grad_async_v2.h:121] Detect new sample comes, old_end0, new_end1
E20240130 02:51:10.681692 3037063 parallel_pq_v2.h:76] insert failed, size(hashtable)=1
E20240130 02:51:11.681011 3037063 parallel_pq_v2.h:76] insert failed, size(hashtable)=0
W20240130 02:51:11.687713 3037063 grad_async_v2.h:121] Detect new sample comes, old_end2, new_end3
E20240130 02:51:12.681047 3037063 parallel_pq_v2.h:76] insert failed, size(hashtable)=0
W20240130 02:51:12.722347 3037063 grad_async_v2.h:121] Detect new sample comes, old_end5, new_end6
Before Training
Before Training
I20240130 02:51:15.018404 3036602 IPC_barrier.h:118] CreateBarrier: new barrier, name: start_barrier, count: 4
I20240130 02:51:15.018424 3036604 IPC_barrier.h:112] CreateBarrier: find existing barrier, name: start_barrier, count: 4
Before Training
Before Training
I20240130 02:51:15.018857 3036606 IPC_barrier.h:112] CreateBarrier: find existing barrier, name: start_barrier, count: 4
I20240130 02:51:15.018925 3036411 IPC_barrier.h:112] CreateBarrier: find existing barrier, name: start_barrier, count: 4
========== Step 0 ========== 
========== Step 0 ========== 
========== Step 0 ========== 
========== Step 0 ========== 
W20240130 02:51:15.020200 3037063 grad_async_v2.h:121] Detect new sample comes, old_end0, new_end1
E20240130 02:51:15.020275 3037063 parallel_pq_v2.h:76] insert failed, size(hashtable)=1
E20240130 02:51:16.204643 3036669 parallel_pq_v2.h:76] insert failed, size(hashtable)=10
W20240130 02:51:16.304973 3036411 grad_async_v2.h:250] Sleep in <BlockToStepN>, step_no=1, pq.top=0
========== Step 1 ========== 
========== Step 1 ========== 
========== Step 1 ========== 
========== Step 1 ========== 
W20240130 02:51:16.713874 3037063 grad_async_v2.h:121] Detect new sample comes, old_end1, new_end2
INFO [3036604 distributed.py:1140] Reducer buckets have been rebuilt in this iteration.
INFO [3036602 distributed.py:1140] Reducer buckets have been rebuilt in this iteration.
INFO [3036411 distributed.py:1140] Reducer buckets have been rebuilt in this iteration.
INFO [3036606 distributed.py:1140] Reducer buckets have been rebuilt in this iteration.
+---------------------------+---------------------------+---------------------------+
| Name                      | P50                       | P99                       |
+---------------------------+---------------------------+---------------------------+
| GenInput:CircleBuffer     | 144.053 us                | 154.625 us                |
| GenInput                  | 500.908 us                | 551.440 us                |
| NN                        | 1.289 ms                  | 130.115 ms                |
| Forward                   | 1.578 ms                  | 130.968 ms                |
| Backward                  | 108.893 ms                | 454.472 ms                |
| Optimize                  | 281.092 us                | 6.946 ms                  |
| BarrierTimeBeforeRank0    | 598.412 us                | 16.970 ms                 |
| AfterBackward             | 1.020 s                   | 1.020 s                   |
| BlockToStepN              | 408.051 ms                | 408.051 ms                |
| OneStep                   | 1.694 s                   | 1.694 s                   |
+---------------------------+---------------------------+---------------------------+
E20240130 02:51:17.204073 3037062 parallel_pq_v2.h:76] insert failed, size(hashtable)=531
W20240130 02:51:17.304008 3036411 grad_async_v2.h:250] Sleep in <BlockToStepN>, step_no=2, pq.top=2
========== Step 2 ========== 
========== Step 2 ========== 
========== Step 2 ========== 
========== Step 2 ========== 
W20240130 02:51:17.781426 3037063 grad_async_v2.h:121] Detect new sample comes, old_end2, new_end3
E20240130 02:51:18.208868 3037062 parallel_pq_v2.h:76] insert failed, size(hashtable)=20909
========== Step 3 ========== 
========== Step 3 ========== 
========== Step 3 ========== 
========== Step 3 ========== 
W20240130 02:51:18.333523 3036411 grad_async_v2.h:250] Sleep in <BlockToStepN>, step_no=4, pq.top=3
========== Step 4 ========== 
========== Step 4 ========== 
========== Step 4 ========== 
========== Step 4 ========== 
W20240130 02:51:18.867332 3037063 grad_async_v2.h:121] Detect new sample comes, old_end4, new_end5
E20240130 02:51:19.208222 3037062 parallel_pq_v2.h:76] insert failed, size(hashtable)=37912
W20240130 02:51:19.333009 3036411 grad_async_v2.h:250] Sleep in <BlockToStepN>, step_no=5, pq.top=5
========== Step 5 ========== 
========== Step 5 ========== 
========== Step 5 ========== 
========== Step 5 ========== 
+---------------------------+---------------------------+---------------------------+
| Name                      | P50                       | P99                       |
+---------------------------+---------------------------+---------------------------+
| ProcessBack:Shuffle       | 18.152 ms                 | 267.969 ms                |
| ProcessBack:UpdateCache   | 763.718 us                | 608.713 ms                |
| ProcessBack:UpsertPq      | 85.073 ms                 | 99.880 ms                 |
| ProcessOneStep            | 102.727 ms                | 1.020 s                   |
| BlockToStepN              | 439.295 ms                | 477.749 ms                |
+---------------------------+---------------------------+---------------------------+
========== Step 6 ========== 
========== Step 6 ========== 
========== Step 6 ========== 
========== Step 6 ========== 
W20240130 02:51:19.907763 3037063 grad_async_v2.h:121] Detect new sample comes, old_end6, new_end7
E20240130 02:51:20.211951 3037062 parallel_pq_v2.h:76] insert failed, size(hashtable)=54585
W20240130 02:51:20.333009 3036411 grad_async_v2.h:250] Sleep in <BlockToStepN>, step_no=7, pq.top=7
========== Step 7 ========== 
========== Step 7 ========== 
========== Step 7 ========== 
========== Step 7 ========== 
========== Step 8 ========== 
========== Step 8 ========== 
========== Step 8 ========== 
========== Step 8 ========== 
W20240130 02:51:21.015601 3037063 grad_async_v2.h:121] Detect new sample comes, old_end8, new_end9
E20240130 02:51:21.211127 3037063 parallel_pq_v2.h:76] insert failed, size(hashtable)=72948
W20240130 02:51:21.333009 3036411 grad_async_v2.h:250] Sleep in <BlockToStepN>, step_no=9, pq.top=9
========== Step 9 ========== 
========== Step 9 ========== 
========== Step 9 ========== 
========== Step 9 ========== 
========== Step 10 ========== 
========== Step 10 ========== 
========== Step 10 ========== 
========== Step 10 ========== 
W20240130 02:51:22.087961 3037063 grad_async_v2.h:121] Detect new sample comes, old_end0, new_end1
+---------------------------+---------------------------+---------------------------+
| Name                      | P50                       | P99                       |
+---------------------------+---------------------------+---------------------------+
| GenInput:CircleBuffer     | 132.682 us                | 169.462 us                |
| GenInput                  | 654.521 us                | 729.675 us                |
| NN                        | 593.167 us                | 130.115 ms                |
| Forward                   | 862.763 us                | 130.968 ms                |
| Backward                  | 2.029 ms                  | 454.472 ms                |
| Optimize                  | 194.118 us                | 6.946 ms                  |
| BarrierTimeBeforeRank0    | 598.412 us                | 16.970 ms                 |
| AfterBackward             | 102.765 ms                | 1.020 s                   |
| BlockToStepN              | 439.373 ms                | 477.810 ms                |
| OneStep                   | 551.785 ms                | 1.694 s                   |
+---------------------------+---------------------------+---------------------------+
E20240130 02:51:22.211030 3037063 parallel_pq_v2.h:76] insert failed, size(hashtable)=669
W20240130 02:51:22.333009 3036411 grad_async_v2.h:250] Sleep in <BlockToStepN>, step_no=11, pq.top=11
========== Step 11 ========== 
========== Step 11 ========== 
========== Step 11 ========== 
========== Step 11 ========== 
========== Step 12 ========== 
========== Step 12 ========== 
========== Step 12 ========== 
========== Step 12 ========== 
W20240130 02:51:23.197747 3037063 grad_async_v2.h:121] Detect new sample comes, old_end2, new_end3
E20240130 02:51:23.211004 3037063 parallel_pq_v2.h:76] insert failed, size(hashtable)=112349
W20240130 02:51:23.333009 3036411 grad_async_v2.h:250] Sleep in <BlockToStepN>, step_no=13, pq.top=12
========== Step 13 ========== 
========== Step 13 ========== 
========== Step 13 ========== 
========== Step 13 ========== 
E20240130 02:51:24.223990 3037062 parallel_pq_v2.h:76] insert failed, size(hashtable)=122544
========== Step 14 ========== 
========== Step 14 ========== 
========== Step 14 ========== 
========== Step 14 ========== 
W20240130 02:51:24.310755 3037063 grad_async_v2.h:121] Detect new sample comes, old_end4, new_end5
W20240130 02:51:24.411420 3036411 grad_async_v2.h:250] Sleep in <BlockToStepN>, step_no=15, pq.top=14
+---------------------------+---------------------------+---------------------------+
| Name                      | P50                       | P99                       |
+---------------------------+---------------------------+---------------------------+
| ProcessBack:Shuffle       | 20.243 ms                 | 267.969 ms                |
| ProcessBack:UpdateCache   | 800.920 us                | 608.713 ms                |
| ProcessBack:UpsertPq      | 83.457 ms                 | 99.880 ms                 |
| ProcessOneStep            | 102.727 ms                | 1.020 s                   |
| BlockToStepN              | 441.472 ms                | 477.749 ms                |
+---------------------------+---------------------------+---------------------------+
========== Step 15 ========== 
========== Step 15 ========== 
========== Step 15 ========== 
========== Step 15 ========== 
E20240130 02:51:25.227680 3037062 parallel_pq_v2.h:76] insert failed, size(hashtable)=133308
========== Step 16 ========== 
========== Step 16 ========== 
========== Step 16 ========== 
========== Step 16 ========== 
W20240130 02:51:25.407930 3037063 grad_async_v2.h:121] Detect new sample comes, old_end6, new_end7
W20240130 02:51:25.525171 3036411 grad_async_v2.h:250] Sleep in <BlockToStepN>, step_no=17, pq.top=16
========== Step 17 ========== 
========== Step 17 ========== 
========== Step 17 ========== 
========== Step 17 ========== 
E20240130 02:51:26.227795 3037062 parallel_pq_v2.h:76] insert failed, size(hashtable)=149750
========== Step 18 ========== 
========== Step 18 ========== 
========== Step 18 ========== 
========== Step 18 ========== 
W20240130 02:51:26.468223 3037063 grad_async_v2.h:121] Detect new sample comes, old_end8, new_end9
W20240130 02:51:26.581100 3036411 grad_async_v2.h:250] Sleep in <BlockToStepN>, step_no=19, pq.top=18
========== Step 19 ========== 
========== Step 19 ========== 
========== Step 19 ========== 
========== Step 19 ========== 
+---------------------------+---------------------------+---------------------------+
| Name                      | P50                       | P99                       |
+---------------------------+---------------------------+---------------------------+
| GenInput:CircleBuffer     | 131.730 us                | 169.462 us                |
| GenInput                  | 600.658 us                | 772.562 us                |
| NN                        | 570.187 us                | 130.115 ms                |
| Forward                   | 832.186 us                | 130.968 ms                |
| Backward                  | 1.964 ms                  | 454.472 ms                |
| Optimize                  | 184.363 us                | 6.946 ms                  |
| BarrierTimeBeforeRank0    | 598.412 us                | 16.970 ms                 |
| AfterBackward             | 106.029 ms                | 1.020 s                   |
| BlockToStepN              | 439.373 ms                | 477.810 ms                |
| OneStep                   | 551.785 ms                | 1.694 s                   |
+---------------------------+---------------------------+---------------------------+
E20240130 02:51:27.227007 3037062 parallel_pq_v2.h:76] insert failed, size(hashtable)=162342
========== Step 20 ========== 
========== Step 20 ========== 
========== Step 20 ========== 
========== Step 20 ========== 
W20240130 02:51:27.526598 3037063 grad_async_v2.h:121] Detect new sample comes, old_end0, new_end1
W20240130 02:51:27.639545 3036411 grad_async_v2.h:250] Sleep in <BlockToStepN>, step_no=21, pq.top=20
========== Step 21 ========== 
========== Step 21 ========== 
========== Step 21 ========== 
========== Step 21 ========== 
E20240130 02:51:28.227088 3037063 parallel_pq_v2.h:76] insert failed, size(hashtable)=1278
========== Step 22 ========== 
========== Step 22 ========== 
========== Step 22 ========== 
========== Step 22 ========== 
W20240130 02:51:28.565703 3037063 grad_async_v2.h:121] Detect new sample comes, old_end2, new_end3
W20240130 02:51:28.686462 3036411 grad_async_v2.h:250] Sleep in <BlockToStepN>, step_no=23, pq.top=22
========== Step 23 ========== 
========== Step 23 ========== 
========== Step 23 ========== 
========== Step 23 ========== 
E20240130 02:51:29.227031 3037063 parallel_pq_v2.h:76] insert failed, size(hashtable)=187134
+---------------------------+---------------------------+---------------------------+
| Name                      | P50                       | P99                       |
+---------------------------+---------------------------+---------------------------+
| ProcessBack:Shuffle       | 21.893 ms                 | 267.969 ms                |
| ProcessBack:UpdateCache   | 790.692 us                | 608.713 ms                |
| ProcessBack:UpsertPq      | 83.457 ms                 | 99.880 ms                 |
| ProcessOneStep            | 106.318 ms                | 1.020 s                   |
| BlockToStepN              | 431.395 ms                | 477.749 ms                |
+---------------------------+---------------------------+---------------------------+
========== Step 24 ========== 
========== Step 24 ========== 
========== Step 24 ========== 
========== Step 24 ========== 
W20240130 02:51:29.682940 3037063 grad_async_v2.h:121] Detect new sample comes, old_end4, new_end5
W20240130 02:51:29.791126 3036411 grad_async_v2.h:250] Sleep in <BlockToStepN>, step_no=25, pq.top=24
E20240130 02:51:30.233486 3037062 parallel_pq_v2.h:76] insert failed, size(hashtable)=200397
========== Step 25 ========== 
========== Step 25 ========== 
========== Step 25 ========== 
========== Step 25 ========== 
W20240130 02:51:30.791025 3036411 grad_async_v2.h:250] Sleep in <BlockToStepN>, step_no=26, pq.top=26
========== Step 26 ========== 
========== Step 26 ========== 
========== Step 26 ========== 
========== Step 26 ========== 
W20240130 02:51:30.848798 3037063 grad_async_v2.h:121] Detect new sample comes, old_end6, new_end7
E20240130 02:51:31.233889 3037062 parallel_pq_v2.h:76] insert failed, size(hashtable)=213264
========== Step 27 ========== 
========== Step 27 ========== 
========== Step 27 ========== 
========== Step 27 ========== 
W20240130 02:51:31.791028 3036411 grad_async_v2.h:250] Sleep in <BlockToStepN>, step_no=28, pq.top=27
========== Step 28 ========== 
========== Step 28 ========== 
========== Step 28 ========== 
========== Step 28 ========== 
W20240130 02:51:32.142633 3037063 grad_async_v2.h:121] Detect new sample comes, old_end8, new_end9
+---------------------------+---------------------------+---------------------------+
| Name                      | P50                       | P99                       |
+---------------------------+---------------------------+---------------------------+
| GenInput:CircleBuffer     | 131.730 us                | 170.568 us                |
| GenInput                  | 654.521 us                | 1.222 ms                  |
| NN                        | 563.687 us                | 130.115 ms                |
| Forward                   | 862.763 us                | 130.968 ms                |
| Backward                  | 2.010 ms                  | 454.472 ms                |
| Optimize                  | 186.425 us                | 6.946 ms                  |
| BarrierTimeBeforeRank0    | 587.594 us                | 16.970 ms                 |
| AfterBackward             | 106.029 ms                | 1.020 s                   |
| BlockToStepN              | 439.373 ms                | 527.294 ms                |
| OneStep                   | 551.785 ms                | 1.694 s                   |
+---------------------------+---------------------------+---------------------------+
E20240130 02:51:32.233026 3036665 parallel_pq_v2.h:76] insert failed, size(hashtable)=713
W20240130 02:51:32.791018 3036411 grad_async_v2.h:250] Sleep in <BlockToStepN>, step_no=29, pq.top=29
========== Step 29 ========== 
========== Step 29 ========== 
========== Step 29 ========== 
========== Step 29 ========== 
E20240130 02:51:33.233022 3037062 parallel_pq_v2.h:76] insert failed, size(hashtable)=233879
========== Step 30 ========== 
========== Step 30 ========== 
========== Step 30 ========== 
W20240130 02:51:33.388466 3037063 grad_async_v2.h:121] Detect new sample comes, old_end0, new_end1
========== Step 30 ========== 
W20240130 02:51:33.791019 3036411 grad_async_v2.h:250] Sleep in <BlockToStepN>, step_no=31, pq.top=31
========== Step 31 ========== 
========== Step 31 ========== 
========== Step 31 ========== 
========== Step 31 ========== 
E20240130 02:51:34.233043 3037063 parallel_pq_v2.h:76] insert failed, size(hashtable)=246766
========== Step 32 ========== 
========== Step 32 ========== 
========== Step 32 ========== 
========== Step 32 ========== 
W20240130 02:51:34.573963 3037063 grad_async_v2.h:121] Detect new sample comes, old_end2, new_end3
+---------------------------+---------------------------+---------------------------+
| Name                      | P50                       | P99                       |
+---------------------------+---------------------------+---------------------------+
| ProcessBack:Shuffle       | 22.065 ms                 | 267.969 ms                |
| ProcessBack:UpdateCache   | 810.852 us                | 608.713 ms                |
| ProcessBack:UpsertPq      | 83.928 ms                 | 114.276 ms                |
| ProcessOneStep            | 107.867 ms                | 1.020 s                   |
| BlockToStepN              | 439.295 ms                | 527.186 ms                |
+---------------------------+---------------------------+---------------------------+
W20240130 02:51:34.791026 3036411 grad_async_v2.h:250] Sleep in <BlockToStepN>, step_no=33, pq.top=32
========== Step 33 ========== 
========== Step 33 ========== 
========== Step 33 ========== 
========== Step 33 ========== 
E20240130 02:51:35.233008 3037062 parallel_pq_v2.h:76] insert failed, size(hashtable)=265748
W20240130 02:51:35.791014 3036411 grad_async_v2.h:250] Sleep in <BlockToStepN>, step_no=34, pq.top=34
========== Step 34 ========== 
========== Step 34 ========== 
========== Step 34 ========== 
========== Step 34 ========== 
W20240130 02:51:35.852247 3037063 grad_async_v2.h:121] Detect new sample comes, old_end4, new_end5
E20240130 02:51:36.233040 3037062 parallel_pq_v2.h:76] insert failed, size(hashtable)=266707
========== Step 35 ========== 
========== Step 35 ========== 
========== Step 35 ========== 
========== Step 35 ========== 
W20240130 02:51:36.791035 3036411 grad_async_v2.h:250] Sleep in <BlockToStepN>, step_no=36, pq.top=35
+---------------------------+---------------------------+---------------------------+
| Name                      | P50                       | P99                       |
+---------------------------+---------------------------+---------------------------+
| GenInput:CircleBuffer     | 132.682 us                | 211.744 us                |
| GenInput                  | 675.020 us                | 1.237 ms                  |
| NN                        | 562.078 us                | 130.115 ms                |
| Forward                   | 862.763 us                | 130.968 ms                |
| Backward                  | 2.029 ms                  | 454.472 ms                |
| Optimize                  | 191.659 us                | 6.946 ms                  |
| BarrierTimeBeforeRank0    | 598.412 us                | 16.970 ms                 |
| AfterBackward             | 108.702 ms                | 1.020 s                   |
| BlockToStepN              | 441.748 ms                | 527.294 ms                |
| OneStep                   | 556.603 ms                | 1.694 s                   |
+---------------------------+---------------------------+---------------------------+
========== Step 36 ========== 
========== Step 36 ========== 
========== Step 36 ========== 
========== Step 36 ========== 
W20240130 02:51:37.198506 3037063 grad_async_v2.h:121] Detect new sample comes, old_end6, new_end7
E20240130 02:51:37.233006 3037062 parallel_pq_v2.h:76] insert failed, size(hashtable)=288059
W20240130 02:51:37.791038 3036411 grad_async_v2.h:250] Sleep in <BlockToStepN>, step_no=37, pq.top=37
========== Step 37 ========== 
========== Step 37 ========== 
========== Step 37 ========== 
========== Step 37 ========== 
E20240130 02:51:38.233139 3037062 parallel_pq_v2.h:76] insert failed, size(hashtable)=292683
========== Step 38 ========== 
========== Step 38 ========== 
========== Step 38 ========== 
W20240130 02:51:38.442695 3037063 grad_async_v2.h:121] Detect new sample comes, old_end8, new_end9
========== Step 38 ========== 
W20240130 02:51:38.791040 3036411 grad_async_v2.h:250] Sleep in <BlockToStepN>, step_no=39, pq.top=38
========== Step 39 ========== 
========== Step 39 ========== 
========== Step 39 ========== 
========== Step 39 ========== 
E20240130 02:51:39.233011 3036669 parallel_pq_v2.h:76] insert failed, size(hashtable)=6698
========== Step 40 ========== 
========== Step 40 ========== 
========== Step 40 ========== 
========== Step 40 ========== 
W20240130 02:51:39.646194 3037063 grad_async_v2.h:121] Detect new sample comes, old_end0, new_end1
+---------------------------+---------------------------+---------------------------+
| Name                      | P50                       | P99                       |
+---------------------------+---------------------------+---------------------------+
| ProcessBack:Shuffle       | 22.929 ms                 | 267.969 ms                |
| ProcessBack:UpdateCache   | 844.572 us                | 608.713 ms                |
| ProcessBack:UpsertPq      | 85.456 ms                 | 120.314 ms                |
| ProcessOneStep            | 109.820 ms                | 1.020 s                   |
| BlockToStepN              | 447.981 ms                | 527.186 ms                |
+---------------------------+---------------------------+---------------------------+
W20240130 02:51:39.825248 3036411 grad_async_v2.h:250] Sleep in <BlockToStepN>, step_no=41, pq.top=40
E20240130 02:51:40.252318 3037062 parallel_pq_v2.h:76] insert failed, size(hashtable)=323857
========== Step 41 ========== 
========== Step 41 ========== 
========== Step 41 ========== 
========== Step 41 ========== 
W20240130 02:51:40.825016 3036411 grad_async_v2.h:250] Sleep in <BlockToStepN>, step_no=42, pq.top=42
========== Step 42 ========== 
========== Step 42 ========== 
========== Step 42 ========== 
========== Step 42 ========== 
W20240130 02:51:40.888900 3037063 grad_async_v2.h:121] Detect new sample comes, old_end2, new_end3
E20240130 02:51:41.255026 3037062 parallel_pq_v2.h:76] insert failed, size(hashtable)=333225
========== Step 43 ========== 
========== Step 43 ========== 
========== Step 43 ========== 
========== Step 43 ========== 
W20240130 02:51:41.825021 3036411 grad_async_v2.h:250] Sleep in <BlockToStepN>, step_no=44, pq.top=43
========== Step 44 ========== 
========== Step 44 ========== 
========== Step 44 ========== 
========== Step 44 ========== 
W20240130 02:51:42.117214 3037063 grad_async_v2.h:121] Detect new sample comes, old_end4, new_end5
+---------------------------+---------------------------+---------------------------+
| Name                      | P50                       | P99                       |
+---------------------------+---------------------------+---------------------------+
| GenInput:CircleBuffer     | 132.682 us                | 211.744 us                |
| GenInput                  | 676.040 us                | 1.293 ms                  |
| NN                        | 554.799 us                | 130.115 ms                |
| Forward                   | 832.186 us                | 130.968 ms                |
| Backward                  | 2.096 ms                  | 454.472 ms                |
| Optimize                  | 198.406 us                | 6.946 ms                  |
| BarrierTimeBeforeRank0    | 778.998 us                | 16.970 ms                 |
| AfterBackward             | 111.856 ms                | 1.020 s                   |
| BlockToStepN              | 442.808 ms                | 527.294 ms                |
| OneStep                   | 579.981 ms                | 1.694 s                   |
+---------------------------+---------------------------+---------------------------+
E20240130 02:51:42.255008 3036411 parallel_pq_v2.h:76] insert failed, size(hashtable)=2642
========== Step 45 ========== 
========== Step 45 ========== 
========== Step 45 ========== 
========== Step 45 ========== 
W20240130 02:51:42.891041 3036411 grad_async_v2.h:250] Sleep in <BlockToStepN>, step_no=46, pq.top=45
E20240130 02:51:43.260232 3037062 parallel_pq_v2.h:76] insert failed, size(hashtable)=362845
========== Step 46 ========== 
========== Step 46 ========== 
========== Step 46 ========== 
========== Step 46 ========== 
W20240130 02:51:43.343210 3037063 grad_async_v2.h:121] Detect new sample comes, old_end6, new_end7
========== Step 47 ========== 
========== Step 47 ========== 
========== Step 47 ========== 
========== Step 47 ========== 
W20240130 02:51:43.977180 3036411 grad_async_v2.h:250] Sleep in <BlockToStepN>, step_no=48, pq.top=47
E20240130 02:51:44.260079 3037062 parallel_pq_v2.h:76] insert failed, size(hashtable)=367310
========== Step 48 ========== 
========== Step 48 ========== 
========== Step 48 ========== 
========== Step 48 ========== 
W20240130 02:51:44.421447 3037063 grad_async_v2.h:121] Detect new sample comes, old_end8, new_end9
+---------------------------+---------------------------+---------------------------+
| Name                      | P50                       | P99                       |
+---------------------------+---------------------------+---------------------------+
| ProcessBack:Shuffle       | 24.731 ms                 | 267.969 ms                |
| ProcessBack:UpdateCache   | 870.447 us                | 608.713 ms                |
| ProcessBack:UpsertPq      | 87.081 ms                 | 120.540 ms                |
| ProcessOneStep            | 115.979 ms                | 1.020 s                   |
| BlockToStepN              | 441.679 ms                | 527.186 ms                |
+---------------------------+---------------------------+---------------------------+
========== Step 49 ========== 
========== Step 49 ========== 
========== Step 49 ========== 
========== Step 49 ========== 
W20240130 02:51:44.988049 3036411 grad_async_v2.h:250] Sleep in <BlockToStepN>, step_no=50, pq.top=49
E20240130 02:51:45.260027 3037062 parallel_pq_v2.h:76] insert failed, size(hashtable)=379330
========== Step 50 ========== 
========== Step 50 ========== 
========== Step 50 ========== 
========== Step 50 ========== 
W20240130 02:51:45.424455 3037063 grad_async_v2.h:121] Detect new sample comes, old_end0, new_end1
W20240130 02:51:45.988046 3036411 grad_async_v2.h:250] Sleep in <BlockToStepN>, step_no=51, pq.top=51
========== Step 51 ========== 
========== Step 51 ========== 
========== Step 51 ========== 
========== Step 51 ========== 
E20240130 02:51:46.260043 3037063 parallel_pq_v2.h:76] insert failed, size(hashtable)=2778
========== Step 52 ========== 
========== Step 52 ========== 
========== Step 52 ========== 
========== Step 52 ========== 
W20240130 02:51:46.567206 3037063 grad_async_v2.h:121] Detect new sample comes, old_end2, new_end3
W20240130 02:51:46.988023 3036411 grad_async_v2.h:250] Sleep in <BlockToStepN>, step_no=53, pq.top=53
========== Step 53 ========== 
========== Step 53 ========== 
========== Step 53 ========== 
========== Step 53 ========== 
+---------------------------+---------------------------+---------------------------+
| Name                      | P50                       | P99                       |
+---------------------------+---------------------------+---------------------------+
| GenInput:CircleBuffer     | 132.182 us                | 205.267 us                |
| GenInput                  | 690.236 us                | 1.237 ms                  |
| NN                        | 535.616 us                | 1.289 ms                  |
| Forward                   | 831.002 us                | 5.548 ms                  |
| Backward                  | 2.113 ms                  | 108.893 ms                |
| Optimize                  | 195.571 us                | 707.711 us                |
| BarrierTimeBeforeRank0    | 674.165 us                | 1.934 ms                  |
| AfterBackward             | 117.423 ms                | 188.571 ms                |
| BlockToStepN              | 441.536 ms                | 527.063 ms                |
| OneStep                   | 579.040 ms                | 961.789 ms                |
+---------------------------+---------------------------+---------------------------+
E20240130 02:51:47.260007 3036411 parallel_pq_v2.h:76] insert failed, size(hashtable)=6119
W20240130 02:51:47.988041 3036411 grad_async_v2.h:250] Sleep in <BlockToStepN>, step_no=54, pq.top=54
E20240130 02:51:48.280346 3037062 parallel_pq_v2.h:76] insert failed, size(hashtable)=16174
========== Step 54 ========== 
========== Step 54 ========== 
========== Step 54 ========== 
========== Step 54 ========== 
W20240130 02:51:48.845819 3037063 grad_async_v2.h:121] Detect new sample comes, old_end4, new_end5
W20240130 02:51:49.027057 3036411 grad_async_v2.h:250] Sleep in <BlockToStepN>, step_no=55, pq.top=54
E20240130 02:51:49.282557 3037062 parallel_pq_v2.h:76] insert failed, size(hashtable)=7286
========== Step 55 ========== 
========== Step 55 ========== 
========== Step 55 ========== 
========== Step 55 ========== 
+---------------------------+---------------------------+---------------------------+
| Name                      | P50                       | P99                       |
+---------------------------+---------------------------+---------------------------+
| ProcessBack:Shuffle       | 24.731 ms                 | 62.625 ms                 |
| ProcessBack:UpdateCache   | 874.371 us                | 6.311 ms                  |
| ProcessBack:UpsertPq      | 90.206 ms                 | 120.540 ms                |
| ProcessOneStep            | 117.642 ms                | 188.536 ms                |
| BlockToStepN              | 441.679 ms                | 597.192 ms                |
+---------------------------+---------------------------+---------------------------+
W20240130 02:51:49.866643 3037063 grad_async_v2.h:121] Detect new sample comes, old_end5, new_end6
W20240130 02:51:50.027060 3036411 grad_async_v2.h:250] Sleep in <BlockToStepN>, step_no=56, pq.top=56
========== Step 56 ========== 
========== Step 56 ========== 
========== Step 56 ========== 
========== Step 56 ========== 
E20240130 02:51:50.282025 3037062 parallel_pq_v2.h:76] insert failed, size(hashtable)=26325
========== Step 57 ========== 
========== Step 57 ========== 
========== Step 57 ========== 
========== Step 57 ========== 
W20240130 02:51:50.912041 3037063 grad_async_v2.h:121] Detect new sample comes, old_end7, new_end8
W20240130 02:51:51.027040 3036411 grad_async_v2.h:250] Sleep in <BlockToStepN>, step_no=58, pq.top=58
========== Step 58 ========== 
========== Step 58 ========== 
========== Step 58 ========== 
========== Step 58 ========== 
E20240130 02:51:51.282012 3036665 parallel_pq_v2.h:76] insert failed, size(hashtable)=1917
========== Step 59 ========== 
========== Step 59 ========== 
========== Step 59 ========== 
========== Step 59 ========== 
W20240130 02:51:52.027047 3036411 grad_async_v2.h:250] Sleep in <BlockToStepN>, step_no=60, pq.top=60
+---------------------------+---------------------------+---------------------------+
| Name                      | P50                       | P99                       |
+---------------------------+---------------------------+---------------------------+
| GenInput:CircleBuffer     | 132.182 us                | 205.267 us                |
| GenInput                  | 711.092 us                | 1.293 ms                  |
| NN                        | 533.995 us                | 1.289 ms                  |
| Forward                   | 831.002 us                | 5.548 ms                  |
| Backward                  | 2.113 ms                  | 108.893 ms                |
| Optimize                  | 197.045 us                | 707.711 us                |
| BarrierTimeBeforeRank0    | 660.093 us                | 1.934 ms                  |
| AfterBackward             | 120.154 ms                | 188.571 ms                |
| BlockToStepN              | 439.373 ms                | 597.353 ms                |
| OneStep                   | 572.775 ms                | 1.694 s                   |
+---------------------------+---------------------------+---------------------------+
========== Step 60 ========== 
========== Step 60 ========== 
========== Step 60 ========== 
========== Step 60 ========== 
W20240130 02:51:52.231272 3037063 grad_async_v2.h:121] Detect new sample comes, old_end0, new_end1
E20240130 02:51:52.282008 3036411 parallel_pq_v2.h:76] insert failed, size(hashtable)=867
========== Step 61 ========== 
========== Step 61 ========== 
========== Step 61 ========== 
========== Step 61 ========== 
W20240130 02:51:53.027046 3036411 grad_async_v2.h:250] Sleep in <BlockToStepN>, step_no=62, pq.top=62
E20240130 02:51:53.289815 3037062 parallel_pq_v2.h:76] insert failed, size(hashtable)=71051
========== Step 62 ========== 
========== Step 62 ========== 
========== Step 62 ========== 
========== Step 62 ========== 
W20240130 02:51:53.377544 3037063 grad_async_v2.h:121] Detect new sample comes, old_end2, new_end3
========== Step 63 ========== 
========== Step 63 ========== 
========== Step 63 ========== 
========== Step 63 ========== 
W20240130 02:51:54.028852 3036411 grad_async_v2.h:250] Sleep in <BlockToStepN>, step_no=64, pq.top=63
E20240130 02:51:54.289404 3037062 parallel_pq_v2.h:76] insert failed, size(hashtable)=79930
========== Step 64 ========== 
========== Step 64 ========== 
========== Step 64 ========== 
========== Step 64 ========== 
W20240130 02:51:54.475278 3037063 grad_async_v2.h:121] Detect new sample comes, old_end4, new_end5
+---------------------------+---------------------------+---------------------------+
| Name                      | P50                       | P99                       |
+---------------------------+---------------------------+---------------------------+
| ProcessBack:Shuffle       | 22.929 ms                 | 62.625 ms                 |
| ProcessBack:UpdateCache   | 874.371 us                | 6.311 ms                  |
| ProcessBack:UpsertPq      | 104.106 ms                | 120.540 ms                |
