WARNING: Logging before InitGoogleLogging() is written to STDERR
I20240116 12:09:44.029404 32747 IPC_barrier.h:128] MultiProcessBarrierFactory->ClearIPCMemory()
W20240116 12:09:44.030719 32747 IPCTensor.h:367] NewIPCTensor: full_emb [100000000, 32]0x100000002000
/home/xieminhui/RecStore/src/framework_adapters/torch/python/perf_emb.py:165: DeprecationWarning: The 'warn' function is deprecated, use 'warning' instead
  XLOG.warn("After init DistEmbedding")
WARNING [32747 perf_emb.py:165] After init DistEmbedding
========== Running Perf with routine <function routine_local_cache_helper at 0x7f67ffc90860>==========
Worker 1 pid=32894
Worker 2 pid=32896
INFO [32747 distributed_c10d.py:442] Added key: store_based_barrier_key:1 to store for rank: 0
INFO [32894 distributed_c10d.py:442] Added key: store_based_barrier_key:1 to store for rank: 1
INFO [32898 distributed_c10d.py:442] Added key: store_based_barrier_key:1 to store for rank: 3
INFO [32898 distributed_c10d.py:476] Rank 3: Completed store-based barrier for key:store_based_barrier_key:1 with 4 nodes.
INFO [32896 distributed_c10d.py:442] Added key: store_based_barrier_key:1 to store for rank: 2
E20240116 12:09:47.230821 32898 IPCTensor.h:346] IPCTensor full_emb already exists
INFO [32896 distributed_c10d.py:476] Rank 2: Completed store-based barrier for key:store_based_barrier_key:1 with 4 nodes.
E20240116 12:09:47.231639 32896 IPCTensor.h:346] IPCTensor full_emb already exists
INFO [32747 distributed_c10d.py:476] Rank 0: Completed store-based barrier for key:store_based_barrier_key:1 with 4 nodes.
INFO [32894 distributed_c10d.py:476] Rank 1: Completed store-based barrier for key:store_based_barrier_key:1 with 4 nodes.
E20240116 12:09:47.235538 32747 IPCTensor.h:346] IPCTensor full_emb already exists
E20240116 12:09:47.235599 32894 IPCTensor.h:346] IPCTensor full_emb already exists
W20240116 12:09:47.238631 32894 IPCTensor.h:406] NewIPCGPUTensor: embedding_cache_1 [20000000, 32]; dev=1; size=2.384 GB
W20240116 12:09:47.241006 32747 IPCTensor.h:406] NewIPCGPUTensor: embedding_cache_0 [20000000, 32]; dev=0; size=2.384 GB
W20240116 12:09:47.241253 32896 IPCTensor.h:406] NewIPCGPUTensor: embedding_cache_2 [20000000, 32]; dev=2; size=2.384 GB
W20240116 12:09:47.245344 32898 IPCTensor.h:406] NewIPCGPUTensor: embedding_cache_3 [20000000, 32]; dev=3; size=2.384 GB
W20240116 12:09:47.264088 32894 IPCTensor.h:367] NewIPCTensor: input_keys_1 [100000]0x1002faf12000
W20240116 12:09:47.264227 32894 IPCTensor.h:367] NewIPCTensor: input_keys_neg_1 [100000]0x1002fafd9000
W20240116 12:09:47.264295 32894 IPCTensor.h:367] NewIPCTensor: backward_grads_1 [100000, 32]0x1002fb163000
W20240116 12:09:47.264286 32747 IPCTensor.h:367] NewIPCTensor: input_keys_0 [100000]0x1002fb09e000
W20240116 12:09:47.264343 32894 IPCTensor.h:367] NewIPCTensor: backward_grads_neg_1 [100000, 32]0x1002fbd9a000
W20240116 12:09:47.264359 32896 IPCTensor.h:367] NewIPCTensor: input_keys_2 [100000]0x1002fc9d1000
W20240116 12:09:47.264430 32894 IPCTensor.h:406] NewIPCGPUTensor: backward_grads_1_gpu [100000, 32]; dev=1; size=12.21 MB
W20240116 12:09:47.264552 32747 IPCTensor.h:367] NewIPCTensor: input_keys_neg_0 [100000]0x1002fcb5b000
W20240116 12:09:47.264549 32898 IPCTensor.h:367] NewIPCTensor: input_keys_3 [100000]0x1002fca96000
W20240116 12:09:47.264679 32896 IPCTensor.h:367] NewIPCTensor: input_keys_neg_2 [100000]0x1002fcc22000
W20240116 12:09:47.264711 32747 IPCTensor.h:367] NewIPCTensor: backward_grads_0 [100000, 32]0x1002fcce7000
W20240116 12:09:47.264726 32894 IPCTensor.h:406] NewIPCGPUTensor: backward_grads_neg_1_gpu [100000, 32]; dev=1; size=12.21 MB
W20240116 12:09:47.264863 32747 IPCTensor.h:367] NewIPCTensor: backward_grads_neg_0 [100000, 32]0x1002fd91e000
W20240116 12:09:47.264920 32896 IPCTensor.h:367] NewIPCTensor: backward_grads_2 [100000, 32]0x1002fe557000
W20240116 12:09:47.265022 32747 IPCTensor.h:406] NewIPCGPUTensor: backward_grads_0_gpu [100000, 32]; dev=0; size=12.21 MB
W20240116 12:09:47.265084 32896 IPCTensor.h:367] NewIPCTensor: backward_grads_neg_2 [100000, 32]0x1002ff18e000
W20240116 12:09:47.265198 32898 IPCTensor.h:367] NewIPCTensor: input_keys_neg_3 [100000]0x1002ffdc5000
W20240116 12:09:47.265224 32896 IPCTensor.h:406] NewIPCGPUTensor: backward_grads_2_gpu [100000, 32]; dev=2; size=12.21 MB
W20240116 12:09:47.265440 32898 IPCTensor.h:367] NewIPCTensor: backward_grads_3 [100000, 32]0x1002ffe8a000
W20240116 12:09:47.265594 32898 IPCTensor.h:367] NewIPCTensor: backward_grads_neg_3 [100000, 32]0x100300ac3000
W20240116 12:09:47.265719 32747 IPCTensor.h:406] NewIPCGPUTensor: backward_grads_neg_0_gpu [100000, 32]; dev=0; size=12.21 MB
W20240116 12:09:47.265782 32898 IPCTensor.h:406] NewIPCGPUTensor: backward_grads_3_gpu [100000, 32]; dev=3; size=12.21 MB
W20240116 12:09:47.265849 32896 IPCTensor.h:406] NewIPCGPUTensor: backward_grads_neg_2_gpu [100000, 32]; dev=2; size=12.21 MB
W20240116 12:09:47.266664 32898 IPCTensor.h:406] NewIPCGPUTensor: backward_grads_neg_3_gpu [100000, 32]; dev=3; size=12.21 MB
cudaHostRegister 0x100000002000
3: KnownLocalCachedEmbedding init done
cudaHostRegister 0x100000002000
2: KnownLocalCachedEmbedding init done
Worker 3 pid=32898
New CachedEmbedding, name=full_emb, shape=(100000000, 32), cache_type=KnownLocalCachedEmbedding
fixed cache_range is [(0, 20000000), (20000000, 40000000), (40000000, 60000000), (60000000, 80000000)]
cudaHostRegister 0x100000002000
0: KnownLocalCachedEmbedding init done
cudaHostRegister 0x100000002000
1: KnownLocalCachedEmbedding init done
W20240116 12:09:50.405895 32747 IPCTensor.h:367] NewIPCTensor: cached_sampler_r0_0 [100000]0x100301704000
W20240116 12:09:50.405902 32896 IPCTensor.h:367] NewIPCTensor: cached_sampler_r2_0 [100000]0x1003017c9000
W20240116 12:09:50.405953 32898 IPCTensor.h:367] NewIPCTensor: cached_sampler_r3_0 [100000]0x10030188e000
W20240116 12:09:50.405977 32894 IPCTensor.h:367] NewIPCTensor: cached_sampler_r1_0 [100000]0x100301953000
W20240116 12:09:50.406085 32896 IPCTensor.h:367] NewIPCTensor: cached_sampler_r2_1 [100000]0x100301a18000
W20240116 12:09:50.406093 32747 IPCTensor.h:367] NewIPCTensor: cached_sampler_r0_1 [100000]0x100301add000
W20240116 12:09:50.406114 32898 IPCTensor.h:367] NewIPCTensor: cached_sampler_r3_1 [100000]0x100301ba2000
W20240116 12:09:50.406119 32894 IPCTensor.h:367] NewIPCTensor: cached_sampler_r1_1 [100000]0x100301c67000
W20240116 12:09:50.406144 32896 IPCTensor.h:367] NewIPCTensor: cached_sampler_r2_2 [100000]0x100301d2c000
W20240116 12:09:50.406152 32747 IPCTensor.h:367] NewIPCTensor: cached_sampler_r0_2 [100000]0x100301df1000
W20240116 12:09:50.406172 32898 IPCTensor.h:367] NewIPCTensor: cached_sampler_r3_2 [100000]0x100301eb6000
W20240116 12:09:50.406193 32896 IPCTensor.h:367] NewIPCTensor: cached_sampler_r2_3 [100000]0x100301f7b000
W20240116 12:09:50.406199 32747 IPCTensor.h:367] NewIPCTensor: cached_sampler_r0_3 [100000]0x100302040000
W20240116 12:09:50.406208 32894 IPCTensor.h:367] NewIPCTensor: cached_sampler_r1_2 [100000]0x100302105000
W20240116 12:09:50.406213 32898 IPCTensor.h:367] NewIPCTensor: cached_sampler_r3_3 [100000]0x1003021ca000
W20240116 12:09:50.406239 32747 IPCTensor.h:367] NewIPCTensor: cached_sampler_r0_4 [100000]0x10030228f000
W20240116 12:09:50.406250 32896 IPCTensor.h:367] NewIPCTensor: cached_sampler_r2_4 [100000]0x100302354000
W20240116 12:09:50.406253 32898 IPCTensor.h:367] NewIPCTensor: cached_sampler_r3_4 [100000]0x100302419000
W20240116 12:09:50.406273 32747 IPCTensor.h:367] NewIPCTensor: cached_sampler_r0_5 [100000]0x1003024de000
W20240116 12:09:50.406289 32894 IPCTensor.h:367] NewIPCTensor: cached_sampler_r1_3 [100000]0x1003025a3000
W20240116 12:09:50.406301 32898 IPCTensor.h:367] NewIPCTensor: cached_sampler_r3_5 [100000]0x100302668000
W20240116 12:09:50.406312 32896 IPCTensor.h:367] NewIPCTensor: cached_sampler_r2_5 [100000]0x10030272d000
W20240116 12:09:50.406323 32747 IPCTensor.h:367] NewIPCTensor: cached_sampler_r0_6 [100000]0x1003027f2000
W20240116 12:09:50.406340 32898 IPCTensor.h:367] NewIPCTensor: cached_sampler_r3_6 [100000]0x1003028b7000
W20240116 12:09:50.406365 32894 IPCTensor.h:367] NewIPCTensor: cached_sampler_r1_4 [100000]0x10030297c000
W20240116 12:09:50.406368 32896 IPCTensor.h:367] NewIPCTensor: cached_sampler_r2_6 [100000]0x100302a41000
W20240116 12:09:50.406383 32747 IPCTensor.h:367] NewIPCTensor: cached_sampler_r0_7 [100000]0x100302b06000
W20240116 12:09:50.406399 32898 IPCTensor.h:367] NewIPCTensor: cached_sampler_r3_7 [100000]0x100302bcb000
W20240116 12:09:50.406420 32747 IPCTensor.h:367] NewIPCTensor: cached_sampler_r0_8 [100000]0x100302c90000
W20240116 12:09:50.406436 32898 IPCTensor.h:367] NewIPCTensor: cached_sampler_r3_8 [100000]0x100302d55000
W20240116 12:09:50.406453 32894 IPCTensor.h:367] NewIPCTensor: cached_sampler_r1_5 [100000]0x100302e1a000
W20240116 12:09:50.406455 32747 IPCTensor.h:367] NewIPCTensor: cached_sampler_r0_9 [100000]0x100302edf000
W20240116 12:09:50.406468 32896 IPCTensor.h:367] NewIPCTensor: cached_sampler_r2_7 [100000]0x100302fa4000
W20240116 12:09:50.406484 32898 IPCTensor.h:367] NewIPCTensor: cached_sampler_r3_9 [100000]0x100303069000
W20240116 12:09:50.406507 32894 IPCTensor.h:367] NewIPCTensor: cached_sampler_r1_6 [100000]0x10030312e000
W20240116 12:09:50.406512 32747 IPCTensor.h:367] NewIPCTensor: step_r0 [10]0x1003031f3000
W20240116 12:09:50.406515 32896 IPCTensor.h:367] NewIPCTensor: cached_sampler_r2_8 [100000]0x1003031f5000
W20240116 12:09:50.406533 32898 IPCTensor.h:367] NewIPCTensor: step_r3 [10]0x1003032ba000
W20240116 12:09:50.406551 32747 IPCTensor.h:367] NewIPCTensor: circle_buffer_end_r0 [1]0x1003032bc000
W20240116 12:09:50.406570 32898 IPCTensor.h:367] NewIPCTensor: circle_buffer_end_r3 [1]0x1003032be000
W20240116 12:09:50.406572 32896 IPCTensor.h:367] NewIPCTensor: cached_sampler_r2_9 [100000]0x1003032c0000
W20240116 12:09:50.406579 32894 IPCTensor.h:367] NewIPCTensor: cached_sampler_r1_7 [100000]0x100303385000
W20240116 12:09:50.406581 32747 IPCTensor.h:367] NewIPCTensor: circle_buffer_end_cppseen_r0 [1]0x10030344a000
W20240116 12:09:50.406616 32898 IPCTensor.h:367] NewIPCTensor: circle_buffer_end_cppseen_r3 [1]0x10030344c000
W20240116 12:09:50.406631 32896 IPCTensor.h:367] NewIPCTensor: step_r2 [10]0x10030344e000
W20240116 12:09:50.406636 32894 IPCTensor.h:367] NewIPCTensor: cached_sampler_r1_8 [100000]0x100303450000
W20240116 12:09:50.406669 32896 IPCTensor.h:367] NewIPCTensor: circle_buffer_end_r2 [1]0x100303515000
W20240116 12:09:50.406685 32894 IPCTensor.h:367] NewIPCTensor: cached_sampler_r1_9 [100000]0x100303517000
W20240116 12:09:50.406714 32896 IPCTensor.h:367] NewIPCTensor: circle_buffer_end_cppseen_r2 [1]0x1003035dc000
W20240116 12:09:50.406745 32894 IPCTensor.h:367] NewIPCTensor: step_r1 [10]0x1003035de000
W20240116 12:09:50.406795 32894 IPCTensor.h:367] NewIPCTensor: circle_buffer_end_r1 [1]0x1003035e0000
Construct PerfSampler done
W20240116 12:09:50.406834 32894 IPCTensor.h:367] NewIPCTensor: circle_buffer_end_cppseen_r1 [1]0x1003035e2000
Construct PerfSampler done
I20240116 12:09:50.406872 32747 IPC_barrier.h:118] CreateBarrier: new barrier, name: kgcachecontroller, count: 4
I20240116 12:09:50.406909 32898 IPC_barrier.h:112] CreateBarrier: find existing barrier, name: kgcachecontroller, count: 4
Construct PerfSampler done
I20240116 12:09:50.407001 32896 IPC_barrier.h:112] CreateBarrier: find existing barrier, name: kgcachecontroller, count: 4
Construct PerfSampler done
I20240116 12:09:50.407143 32894 IPC_barrier.h:112] CreateBarrier: find existing barrier, name: kgcachecontroller, count: 4
W20240116 12:09:50.407958 32747 grad_base.h:54] KGCacheController, config={
        "num_gpus": 4,
        "L": 10,
        "kForwardItersPerStep": 1,
        "clr": 1,
        "backwardMode": "CppAsyncV2",
        "nr_background_threads": 16, 
        "cache_ratio": 0.2,
        "backgrad_init": "both"
    }
W20240116 12:09:50.408224 32747 grad_base.h:169] Init GradProcessingBase done
I20240116 12:10:05.555228 32747 grad_async_v2.h:32] Use background thread to update emb.
W20240116 12:10:05.555496 32747 kg_controller.h:78] after init GradAsyncProcessingV2
I20240116 12:10:05.555505 32747 kg_controller.h:84] Construct KGCacheController done
Construct KGCacheControllerWrapper done
Construct KGCacheControllerWrapper done
Construct KGCacheControllerWrapper done
Construct KGCacheControllerWrapper done
I20240116 12:10:05.932787 32747 grad_base.h:59] GraphEnv RegTensorsPerProcess
W20240116 12:10:09.381364 33607 grad_async_v2.h:109] Detect new sample comes, old_end0, new_end1
E20240116 12:10:09.381703 33607 parallel_pq_v2.h:76] insert failed, size(hashtable)=1
E20240116 12:10:10.381129 33607 parallel_pq_v2.h:76] insert failed, size(hashtable)=6383
W20240116 12:10:10.398819 33607 grad_async_v2.h:109] Detect new sample comes, old_end2, new_end3
E20240116 12:10:11.381029 33607 parallel_pq_v2.h:76] insert failed, size(hashtable)=1038
W20240116 12:10:11.432801 33607 grad_async_v2.h:109] Detect new sample comes, old_end3, new_end4
Before Training
I20240116 12:10:11.651430 32896 IPC_barrier.h:118] CreateBarrier: new barrier, name: start_barrier, count: 4
E20240116 12:10:12.381071 33607 parallel_pq_v2.h:76] insert failed, size(hashtable)=4674
W20240116 12:10:12.504958 33607 grad_async_v2.h:109] Detect new sample comes, old_end8, new_end9
Before Training
I20240116 12:10:12.790652 32747 IPC_barrier.h:112] CreateBarrier: find existing barrier, name: start_barrier, count: 4
Before Training
I20240116 12:10:12.929284 32898 IPC_barrier.h:112] CreateBarrier: find existing barrier, name: start_barrier, count: 4
Before Training
I20240116 12:10:13.106096 32894 IPC_barrier.h:112] CreateBarrier: find existing barrier, name: start_barrier, count: 4
========== Step 0 ========== 
========== Step 0 ========== 
========== Step 0 ========== 
========== Step 0 ========== 
E20240116 12:10:13.381011 33607 parallel_pq_v2.h:76] insert failed, size(hashtable)=7324
+---------------------------+---------------------------+---------------------------+
| Name                      | P50                       | P99                       |
+---------------------------+---------------------------+---------------------------+
| Forward                   | 30.013 ms                 | 30.013 ms                 |
| Backward                  | 26.664 ms                 | 26.664 ms                 |
| Optimize                  | 283.018 us                | 283.018 us                |
| BarrierTimeBeforeRank0    | 2.096 ms                  | 2.096 ms                  |
+---------------------------+---------------------------+---------------------------+
E20240116 12:10:15.443715 32747 parallel_pq_v2.h:76] insert failed, size(hashtable)=0
W20240116 12:10:15.700868 32747 grad_async_v2.h:222] Sleep in <BlockToStepN>, step_no=1, pq.top=0
========== Step 1 ========== 
========== Step 1 ========== 
========== Step 1 ========== 
========== Step 1 ========== 
W20240116 12:10:15.729076 33607 grad_async_v2.h:109] Detect new sample comes, old_end1, new_end2
+---------------------------+---------------------------+---------------------------+
| Name                      | P50                       | P99                       |
+---------------------------+---------------------------+---------------------------+
| ProcessBack:Shuffle       | 164.060 ms                | 164.060 ms                |
| ProcessBack:UpdateCache   | 1.678 s                   | 1.678 s                   |
| ProcessBack:UpsertPq      | 256.785 ms                | 256.785 ms                |
| ProcessOneStep            | 2.229 s                   | 2.229 s                   |
| BlockToStepN              | 21.649 ms                 | 21.649 ms                 |
+---------------------------+---------------------------+---------------------------+
E20240116 12:10:16.867100 32747 parallel_pq_v2.h:76] insert failed, size(hashtable)=1
W20240116 12:10:17.084821 32747 grad_async_v2.h:222] Sleep in <BlockToStepN>, step_no=2, pq.top=2
========== Step 2 ========== 
========== Step 2 ========== 
========== Step 2 ========== 
========== Step 2 ========== 
W20240116 12:10:17.126675 33607 grad_async_v2.h:109] Detect new sample comes, old_end2, new_end3
========== Step 3 ========== 
========== Step 3 ========== 
========== Step 3 ========== 
========== Step 3 ========== 
E20240116 12:10:17.867013 33607 parallel_pq_v2.h:76] insert failed, size(hashtable)=15990
W20240116 12:10:18.195281 32747 grad_async_v2.h:222] Sleep in <BlockToStepN>, step_no=4, pq.top=4
========== Step 4 ========== 
========== Step 4 ========== 
========== Step 4 ========== 
========== Step 4 ========== 
W20240116 12:10:18.223742 33607 grad_async_v2.h:109] Detect new sample comes, old_end4, new_end5
========== Step 5 ========== 
========== Step 5 ========== 
========== Step 5 ========== 
========== Step 5 ========== 
E20240116 12:10:18.867035 33607 parallel_pq_v2.h:76] insert failed, size(hashtable)=115
W20240116 12:10:19.308636 32747 grad_async_v2.h:222] Sleep in <BlockToStepN>, step_no=6, pq.top=6
========== Step 6 ========== 
========== Step 6 ========== 
========== Step 6 ========== 
========== Step 6 ========== 
W20240116 12:10:19.336771 33607 grad_async_v2.h:109] Detect new sample comes, old_end6, new_end7
E20240116 12:10:19.867072 32747 parallel_pq_v2.h:76] insert failed, size(hashtable)=755
========== Step 7 ========== 
========== Step 7 ========== 
========== Step 7 ========== 
========== Step 7 ========== 
+---------------------------+---------------------------+---------------------------+
| Name                      | P50                       | P99                       |
+---------------------------+---------------------------+---------------------------+
| Forward                   | 427.766 us                | 30.013 ms                 |
| Backward                  | 736.499 us                | 26.664 ms                 |
| Optimize                  | 147.147 us                | 389.615 us                |
| BarrierTimeBeforeRank0    | 719.712 us                | 834.795 ms                |
| AfterBackward             | 231.019 ms                | 2.229 s                   |
| BlockToStepN              | 21.913 ms                 | 35.528 ms                 |
+---------------------------+---------------------------+---------------------------+
W20240116 12:10:20.427454 32747 grad_async_v2.h:222] Sleep in <BlockToStepN>, step_no=8, pq.top=8
========== Step 8 ========== 
========== Step 8 ========== 
========== Step 8 ========== 
========== Step 8 ========== 
W20240116 12:10:20.461283 33607 grad_async_v2.h:109] Detect new sample comes, old_end8, new_end9
E20240116 12:10:20.867074 32747 parallel_pq_v2.h:76] insert failed, size(hashtable)=646
+---------------------------+---------------------------+---------------------------+
| Name                      | P50                       | P99                       |
+---------------------------+---------------------------+---------------------------+
| ProcessBack:Shuffle       | 3.334 ms                  | 164.060 ms                |
| ProcessBack:UpdateCache   | 6.887 ms                  | 1.678 s                   |
| ProcessBack:UpsertPq      | 220.599 ms                | 256.785 ms                |
| ProcessOneStep            | 230.949 ms                | 2.229 s                   |
| BlockToStepN              | 21.708 ms                 | 35.417 ms                 |
+---------------------------+---------------------------+---------------------------+
========== Step 9 ========== 
========== Step 9 ========== 
========== Step 9 ========== 
========== Step 9 ========== 
W20240116 12:10:21.564318 32747 grad_async_v2.h:222] Sleep in <BlockToStepN>, step_no=10, pq.top=9
========== Step 10 ========== 
========== Step 10 ========== 
========== Step 10 ========== 
========== Step 10 ========== 
W20240116 12:10:21.592103 33607 grad_async_v2.h:109] Detect new sample comes, old_end0, new_end1
E20240116 12:10:21.867009 33607 parallel_pq_v2.h:76] insert failed, size(hashtable)=76154
========== Step 11 ========== 
========== Step 11 ========== 
========== Step 11 ========== 
========== Step 11 ========== 
W20240116 12:10:22.702639 32747 grad_async_v2.h:222] Sleep in <BlockToStepN>, step_no=12, pq.top=12
========== Step 12 ========== 
========== Step 12 ========== 
========== Step 12 ========== 
========== Step 12 ========== 
W20240116 12:10:22.737941 33607 grad_async_v2.h:109] Detect new sample comes, old_end2, new_end3
E20240116 12:10:22.867003 33607 parallel_pq_v2.h:76] insert failed, size(hashtable)=325
========== Step 13 ========== 
========== Step 13 ========== 
========== Step 13 ========== 
========== Step 13 ========== 
W20240116 12:10:23.826719 32747 grad_async_v2.h:222] Sleep in <BlockToStepN>, step_no=14, pq.top=14
========== Step 14 ========== 
========== Step 14 ========== 
========== Step 14 ========== 
========== Step 14 ========== 
W20240116 12:10:23.855203 33607 grad_async_v2.h:109] Detect new sample comes, old_end4, new_end5
E20240116 12:10:23.867008 33607 parallel_pq_v2.h:76] insert failed, size(hashtable)=101322
========== Step 15 ========== 
========== Step 15 ========== 
========== Step 15 ========== 
========== Step 15 ========== 
E20240116 12:10:24.867095 32747 parallel_pq_v2.h:76] insert failed, size(hashtable)=565
W20240116 12:10:24.933197 32747 grad_async_v2.h:222] Sleep in <BlockToStepN>, step_no=16, pq.top=16
========== Step 16 ========== 
========== Step 16 ========== 
========== Step 16 ========== 
========== Step 16 ========== 
W20240116 12:10:24.969099 33607 grad_async_v2.h:109] Detect new sample comes, old_end6, new_end7
+---------------------------+---------------------------+---------------------------+
| Name                      | P50                       | P99                       |
+---------------------------+---------------------------+---------------------------+
| Forward                   | 399.395 us                | 30.013 ms                 |
| Backward                  | 757.972 us                | 26.664 ms                 |
| Optimize                  | 148.196 us                | 389.615 us                |
| BarrierTimeBeforeRank0    | 674.040 us                | 834.795 ms                |
| AfterBackward             | 231.786 ms                | 2.229 s                   |
| BlockToStepN              | 22.163 ms                 | 35.528 ms                 |
+---------------------------+---------------------------+---------------------------+
========== Step 17 ========== 
========== Step 17 ========== 
========== Step 17 ========== 
========== Step 17 ========== 
E20240116 12:10:25.867008 33607 parallel_pq_v2.h:76] insert failed, size(hashtable)=131479
+---------------------------+---------------------------+---------------------------+
| Name                      | P50                       | P99                       |
+---------------------------+---------------------------+---------------------------+
| ProcessBack:Shuffle       | 3.276 ms                  | 164.060 ms                |
| ProcessBack:UpdateCache   | 6.887 ms                  | 1.678 s                   |
| ProcessBack:UpsertPq      | 221.650 ms                | 256.785 ms                |
| ProcessOneStep            | 232.035 ms                | 2.229 s                   |
| BlockToStepN              | 22.548 ms                 | 35.417 ms                 |
+---------------------------+---------------------------+---------------------------+
W20240116 12:10:26.068653 32747 grad_async_v2.h:222] Sleep in <BlockToStepN>, step_no=18, pq.top=18
========== Step 18 ========== 
========== Step 18 ========== 
========== Step 18 ========== 
========== Step 18 ========== 
W20240116 12:10:26.102998 33607 grad_async_v2.h:109] Detect new sample comes, old_end8, new_end9
========== Step 19 ========== 
========== Step 19 ========== 
========== Step 19 ========== 
========== Step 19 ========== 
E20240116 12:10:26.867151 33607 parallel_pq_v2.h:76] insert failed, size(hashtable)=141403
W20240116 12:10:27.251657 32747 grad_async_v2.h:222] Sleep in <BlockToStepN>, step_no=20, pq.top=20
========== Step 20 ========== 
========== Step 20 ========== 
========== Step 20 ========== 
========== Step 20 ========== 
W20240116 12:10:27.286852 33607 grad_async_v2.h:109] Detect new sample comes, old_end0, new_end1
========== Step 21 ========== 
========== Step 21 ========== 
========== Step 21 ========== 
========== Step 21 ========== 
E20240116 12:10:27.867008 33607 parallel_pq_v2.h:76] insert failed, size(hashtable)=152431
W20240116 12:10:28.398948 32747 grad_async_v2.h:222] Sleep in <BlockToStepN>, step_no=22, pq.top=22
========== Step 22 ========== 
========== Step 22 ========== 
========== Step 22 ========== 
========== Step 22 ========== 
W20240116 12:10:28.435711 33607 grad_async_v2.h:109] Detect new sample comes, old_end2, new_end3
E20240116 12:10:28.867010 32747 parallel_pq_v2.h:76] insert failed, size(hashtable)=1300
========== Step 23 ========== 
========== Step 23 ========== 
========== Step 23 ========== 
========== Step 23 ========== 
W20240116 12:10:29.532197 32747 grad_async_v2.h:222] Sleep in <BlockToStepN>, step_no=24, pq.top=24
========== Step 24 ========== 
========== Step 24 ========== 
========== Step 24 ========== 
========== Step 24 ========== 
W20240116 12:10:29.568660 33607 grad_async_v2.h:109] Detect new sample comes, old_end4, new_end5
E20240116 12:10:29.867008 33607 parallel_pq_v2.h:76] insert failed, size(hashtable)=1075
========== Step 25 ========== 
========== Step 25 ========== 
========== Step 25 ========== 
========== Step 25 ========== 
+---------------------------+---------------------------+---------------------------+
| Name                      | P50                       | P99                       |
+---------------------------+---------------------------+---------------------------+
| Forward                   | 408.216 us                | 30.013 ms                 |
| Backward                  | 758.226 us                | 26.664 ms                 |
| Optimize                  | 148.505 us                | 404.004 us                |
| BarrierTimeBeforeRank0    | 568.508 us                | 834.795 ms                |
| AfterBackward             | 232.175 ms                | 2.229 s                   |
| BlockToStepN              | 29.134 ms                 | 35.528 ms                 |
+---------------------------+---------------------------+---------------------------+
W20240116 12:10:30.667632 32747 grad_async_v2.h:222] Sleep in <BlockToStepN>, step_no=26, pq.top=26
========== Step 26 ========== 
========== Step 26 ========== 
========== Step 26 ========== 
========== Step 26 ========== 
W20240116 12:10:30.704293 33607 grad_async_v2.h:109] Detect new sample comes, old_end6, new_end7
E20240116 12:10:30.867084 33607 parallel_pq_v2.h:76] insert failed, size(hashtable)=191399
+---------------------------+---------------------------+---------------------------+
| Name                      | P50                       | P99                       |
+---------------------------+---------------------------+---------------------------+
| ProcessBack:Shuffle       | 3.276 ms                  | 164.060 ms                |
| ProcessBack:UpdateCache   | 6.890 ms                  | 1.678 s                   |
| ProcessBack:UpsertPq      | 221.397 ms                | 256.785 ms                |
| ProcessOneStep            | 232.035 ms                | 2.229 s                   |
| BlockToStepN              | 29.049 ms                 | 35.417 ms                 |
+---------------------------+---------------------------+---------------------------+
========== Step 27 ========== 
========== Step 27 ========== 
========== Step 27 ========== 
========== Step 27 ========== 
W20240116 12:10:31.792166 32747 grad_async_v2.h:222] Sleep in <BlockToStepN>, step_no=28, pq.top=28
========== Step 28 ========== 
========== Step 28 ========== 
========== Step 28 ========== 
========== Step 28 ========== 
W20240116 12:10:31.829046 33607 grad_async_v2.h:109] Detect new sample comes, old_end8, new_end9
E20240116 12:10:31.867053 33607 parallel_pq_v2.h:76] insert failed, size(hashtable)=203114
========== Step 29 ========== 
========== Step 29 ========== 
========== Step 29 ========== 
========== Step 29 ========== 
E20240116 12:10:32.867007 32747 parallel_pq_v2.h:76] insert failed, size(hashtable)=13
W20240116 12:10:32.914408 32747 grad_async_v2.h:222] Sleep in <BlockToStepN>, step_no=30, pq.top=30
========== Step 30 ========== 
========== Step 30 ========== 
========== Step 30 ========== 
========== Step 30 ========== 
W20240116 12:10:32.951964 33607 grad_async_v2.h:109] Detect new sample comes, old_end0, new_end1
========== Step 31 ========== 
========== Step 31 ========== 
========== Step 31 ========== 
========== Step 31 ========== 
E20240116 12:10:33.867005 33607 parallel_pq_v2.h:76] insert failed, size(hashtable)=231276
W20240116 12:10:34.032620 32747 grad_async_v2.h:222] Sleep in <BlockToStepN>, step_no=32, pq.top=32
========== Step 32 ========== 
========== Step 32 ========== 
========== Step 32 ========== 
========== Step 32 ========== 
W20240116 12:10:34.068881 33607 grad_async_v2.h:109] Detect new sample comes, old_end2, new_end3
========== Step 33 ========== 
========== Step 33 ========== 
========== Step 33 ========== 
========== Step 33 ========== 
E20240116 12:10:34.867094 33607 parallel_pq_v2.h:76] insert failed, size(hashtable)=242119
W20240116 12:10:35.138799 32747 grad_async_v2.h:222] Sleep in <BlockToStepN>, step_no=34, pq.top=34
========== Step 34 ========== 
========== Step 34 ========== 
========== Step 34 ========== 
========== Step 34 ========== 
W20240116 12:10:35.175228 33607 grad_async_v2.h:109] Detect new sample comes, old_end4, new_end5
+---------------------------+---------------------------+---------------------------+
| Name                      | P50                       | P99                       |
+---------------------------+---------------------------+---------------------------+
| Forward                   | 372.624 us                | 30.013 ms                 |
| Backward                  | 742.316 us                | 26.664 ms                 |
| Optimize                  | 147.147 us                | 404.004 us                |
| BarrierTimeBeforeRank0    | 519.798 us                | 834.795 ms                |
| AfterBackward             | 231.786 ms                | 2.229 s                   |
| BlockToStepN              | 29.723 ms                 | 35.528 ms                 |
+---------------------------+---------------------------+---------------------------+
========== Step 35 ========== 
========== Step 35 ========== 
========== Step 35 ========== 
========== Step 35 ========== 
E20240116 12:10:35.867053 33607 parallel_pq_v2.h:76] insert failed, size(hashtable)=254044
+---------------------------+---------------------------+---------------------------+
| Name                      | P50                       | P99                       |
+---------------------------+---------------------------+---------------------------+
| ProcessBack:Shuffle       | 3.270 ms                  | 164.060 ms                |
| ProcessBack:UpdateCache   | 6.890 ms                  | 1.678 s                   |
| ProcessBack:UpsertPq      | 221.215 ms                | 256.785 ms                |
| ProcessOneStep            | 231.739 ms                | 2.229 s                   |
| BlockToStepN              | 30.143 ms                 | 35.417 ms                 |
+---------------------------+---------------------------+---------------------------+
W20240116 12:10:36.239248 32747 grad_async_v2.h:222] Sleep in <BlockToStepN>, step_no=36, pq.top=36
========== Step 36 ========== 
========== Step 36 ========== 
========== Step 36 ========== 
========== Step 36 ========== 
W20240116 12:10:36.275022 33607 grad_async_v2.h:109] Detect new sample comes, old_end6, new_end7
========== Step 37 ========== 
========== Step 37 ========== 
========== Step 37 ========== 
========== Step 37 ========== 
E20240116 12:10:36.867022 33607 parallel_pq_v2.h:76] insert failed, size(hashtable)=265196
W20240116 12:10:37.390841 32747 grad_async_v2.h:222] Sleep in <BlockToStepN>, step_no=38, pq.top=38
========== Step 38 ========== 
========== Step 38 ========== 
========== Step 38 ========== 
========== Step 38 ========== 
W20240116 12:10:37.427462 33607 grad_async_v2.h:109] Detect new sample comes, old_end8, new_end9
E20240116 12:10:37.867005 32747 parallel_pq_v2.h:76] insert failed, size(hashtable)=8
========== Step 39 ========== 
========== Step 39 ========== 
========== Step 39 ========== 
========== Step 39 ========== 
W20240116 12:10:38.573247 32747 grad_async_v2.h:222] Sleep in <BlockToStepN>, step_no=40, pq.top=40
========== Step 40 ========== 
========== Step 40 ========== 
========== Step 40 ========== 
========== Step 40 ========== 
W20240116 12:10:38.609591 33607 grad_async_v2.h:109] Detect new sample comes, old_end0, new_end1
E20240116 12:10:38.867012 33607 parallel_pq_v2.h:76] insert failed, size(hashtable)=1127
========== Step 41 ========== 
========== Step 41 ========== 
========== Step 41 ========== 
========== Step 41 ========== 
W20240116 12:10:39.720674 32747 grad_async_v2.h:222] Sleep in <BlockToStepN>, step_no=42, pq.top=42
========== Step 42 ========== 
========== Step 42 ========== 
========== Step 42 ========== 
========== Step 42 ========== 
W20240116 12:10:39.757951 33607 grad_async_v2.h:109] Detect new sample comes, old_end2, new_end3
E20240116 12:10:39.867028 33607 parallel_pq_v2.h:76] insert failed, size(hashtable)=300530
========== Step 43 ========== 
========== Step 43 ========== 
========== Step 43 ========== 
========== Step 43 ========== 
+---------------------------+---------------------------+---------------------------+
| Name                      | P50                       | P99                       |
+---------------------------+---------------------------+---------------------------+
| Forward                   | 365.237 us                | 30.013 ms                 |
| Backward                  | 754.690 us                | 26.664 ms                 |
| Optimize                  | 148.196 us                | 404.004 us                |
| BarrierTimeBeforeRank0    | 431.138 us                | 834.795 ms                |
| AfterBackward             | 228.956 ms                | 2.229 s                   |
| BlockToStepN              | 30.275 ms                 | 35.528 ms                 |
+---------------------------+---------------------------+---------------------------+
W20240116 12:10:40.852541 32747 grad_async_v2.h:222] Sleep in <BlockToStepN>, step_no=44, pq.top=44
E20240116 12:10:40.867009 33607 parallel_pq_v2.h:76] insert failed, size(hashtable)=310330
========== Step 44 ========== 
========== Step 44 ========== 
========== Step 44 ========== 
========== Step 44 ========== 
W20240116 12:10:40.888450 33607 grad_async_v2.h:109] Detect new sample comes, old_end4, new_end5
+---------------------------+---------------------------+---------------------------+
| Name                      | P50                       | P99                       |
+---------------------------+---------------------------+---------------------------+
| ProcessBack:Shuffle       | 3.267 ms                  | 164.060 ms                |
| ProcessBack:UpdateCache   | 6.883 ms                  | 1.678 s                   |
| ProcessBack:UpsertPq      | 218.098 ms                | 256.785 ms                |
| ProcessOneStep            | 228.890 ms                | 2.229 s                   |
| BlockToStepN              | 30.143 ms                 | 35.417 ms                 |
+---------------------------+---------------------------+---------------------------+
========== Step 45 ========== 
========== Step 45 ========== 
========== Step 45 ========== 
========== Step 45 ========== 
E20240116 12:10:41.867019 33607 parallel_pq_v2.h:76] insert failed, size(hashtable)=325433
W20240116 12:10:41.995954 32747 grad_async_v2.h:222] Sleep in <BlockToStepN>, step_no=46, pq.top=46
========== Step 46 ========== 
========== Step 46 ========== 
========== Step 46 ========== 
========== Step 46 ========== 
W20240116 12:10:42.033056 33607 grad_async_v2.h:109] Detect new sample comes, old_end6, new_end7
========== Step 47 ========== 
========== Step 47 ========== 
========== Step 47 ========== 
========== Step 47 ========== 
E20240116 12:10:42.867012 33607 parallel_pq_v2.h:76] insert failed, size(hashtable)=335904
W20240116 12:10:43.161370 32747 grad_async_v2.h:222] Sleep in <BlockToStepN>, step_no=48, pq.top=48
========== Step 48 ========== 
========== Step 48 ========== 
========== Step 48 ========== 
========== Step 48 ========== 
W20240116 12:10:43.198060 33607 grad_async_v2.h:109] Detect new sample comes, old_end8, new_end9
========== Step 49 ========== 
========== Step 49 ========== 
========== Step 49 ========== 
========== Step 49 ========== 
E20240116 12:10:43.867070 33607 parallel_pq_v2.h:76] insert failed, size(hashtable)=346247
W20240116 12:10:44.329281 32747 grad_async_v2.h:222] Sleep in <BlockToStepN>, step_no=50, pq.top=50
========== Step 50 ========== 
========== Step 50 ========== 
========== Step 50 ========== 
========== Step 50 ========== 
W20240116 12:10:44.367906 33607 grad_async_v2.h:109] Detect new sample comes, old_end0, new_end1
E20240116 12:10:44.867053 32747 parallel_pq_v2.h:76] insert failed, size(hashtable)=19
========== Step 51 ========== 
========== Step 51 ========== 
========== Step 51 ========== 
========== Step 51 ========== 
+---------------------------+---------------------------+---------------------------+
| Name                      | P50                       | P99                       |
+---------------------------+---------------------------+---------------------------+
| Forward                   | 362.556 us                | 674.506 us                |
| Backward                  | 742.316 us                | 1.051 ms                  |
| Optimize                  | 145.887 us                | 389.615 us                |
| BarrierTimeBeforeRank0    | 397.803 us                | 2.096 ms                  |
| AfterBackward             | 231.019 ms                | 244.993 ms                |
| BlockToStepN              | 30.637 ms                 | 33.910 ms                 |
+---------------------------+---------------------------+---------------------------+
W20240116 12:10:45.495621 32747 grad_async_v2.h:222] Sleep in <BlockToStepN>, step_no=52, pq.top=52
========== Step 52 ========== 
========== Step 52 ========== 
========== Step 52 ========== 
========== Step 52 ========== 
W20240116 12:10:45.531272 33607 grad_async_v2.h:109] Detect new sample comes, old_end2, new_end3
E20240116 12:10:45.867007 33607 parallel_pq_v2.h:76] insert failed, size(hashtable)=370804
+---------------------------+---------------------------+---------------------------+
| Name                      | P50                       | P99                       |
+---------------------------+---------------------------+---------------------------+
| ProcessBack:Shuffle       | 3.263 ms                  | 8.166 ms                  |
| ProcessBack:UpdateCache   | 6.894 ms                  | 7.354 ms                  |
| ProcessBack:UpsertPq      | 220.599 ms                | 234.197 ms                |
| ProcessOneStep            | 230.949 ms                | 244.946 ms                |
| BlockToStepN              | 30.500 ms                 | 33.830 ms                 |
+---------------------------+---------------------------+---------------------------+
========== Step 53 ========== 
========== Step 53 ========== 
========== Step 53 ========== 
========== Step 53 ========== 
W20240116 12:10:46.649749 32747 grad_async_v2.h:222] Sleep in <BlockToStepN>, step_no=54, pq.top=54
========== Step 54 ========== 
========== Step 54 ========== 
========== Step 54 ========== 
========== Step 54 ========== 
W20240116 12:10:46.687472 33607 grad_async_v2.h:109] Detect new sample comes, old_end4, new_end5
E20240116 12:10:46.867184 33607 parallel_pq_v2.h:76] insert failed, size(hashtable)=380390
========== Step 55 ========== 
========== Step 55 ========== 
========== Step 55 ========== 
========== Step 55 ========== 
W20240116 12:10:47.782794 32747 grad_async_v2.h:222] Sleep in <BlockToStepN>, step_no=56, pq.top=56
========== Step 56 ========== 
========== Step 56 ========== 
========== Step 56 ========== 
========== Step 56 ========== 
W20240116 12:10:47.821121 33607 grad_async_v2.h:109] Detect new sample comes, old_end6, new_end7
E20240116 12:10:47.867007 33607 parallel_pq_v2.h:76] insert failed, size(hashtable)=276
========== Step 57 ========== 
========== Step 57 ========== 
========== Step 57 ========== 
========== Step 57 ========== 
E20240116 12:10:48.867022 33607 parallel_pq_v2.h:76] insert failed, size(hashtable)=402682
W20240116 12:10:48.941480 32747 grad_async_v2.h:222] Sleep in <BlockToStepN>, step_no=58, pq.top=58
========== Step 58 ========== 
========== Step 58 ========== 
========== Step 58 ========== 
========== Step 58 ========== 
W20240116 12:10:48.980297 33607 grad_async_v2.h:109] Detect new sample comes, old_end8, new_end9
========== Step 59 ========== 
========== Step 59 ========== 
========== Step 59 ========== 
========== Step 59 ========== 
E20240116 12:10:49.867009 33607 parallel_pq_v2.h:76] insert failed, size(hashtable)=415494
W20240116 12:10:50.080668 32747 grad_async_v2.h:222] Sleep in <BlockToStepN>, step_no=60, pq.top=60
========== Step 60 ========== 
========== Step 60 ========== 
========== Step 60 ========== 
========== Step 60 ========== 
W20240116 12:10:50.118484 33607 grad_async_v2.h:109] Detect new sample comes, old_end0, new_end1
+---------------------------+---------------------------+---------------------------+
| Name                      | P50                       | P99                       |
+---------------------------+---------------------------+---------------------------+
| Forward                   | 359.474 us                | 674.506 us                |
| Backward                  | 742.316 us                | 1.051 ms                  |
| Optimize                  | 145.887 us                | 389.615 us                |
| BarrierTimeBeforeRank0    | 367.287 us                | 2.096 ms                  |
| AfterBackward             | 230.733 ms                | 244.993 ms                |
| BlockToStepN              | 30.664 ms                 | 33.910 ms                 |
+---------------------------+---------------------------+---------------------------+
========== Step 61 ========== 
========== Step 61 ========== 
========== Step 61 ========== 
========== Step 61 ========== 
E20240116 12:10:50.867022 33607 parallel_pq_v2.h:76] insert failed, size(hashtable)=425381
+---------------------------+---------------------------+---------------------------+
| Name                      | P50                       | P99                       |
+---------------------------+---------------------------+---------------------------+
| ProcessBack:Shuffle       | 3.267 ms                  | 10.324 ms                 |
| ProcessBack:UpdateCache   | 6.901 ms                  | 7.354 ms                  |
| ProcessBack:UpsertPq      | 220.280 ms                | 234.197 ms                |
| ProcessOneStep            | 230.676 ms                | 244.946 ms                |
| BlockToStepN              | 30.579 ms                 | 33.830 ms                 |
+---------------------------+---------------------------+---------------------------+
W20240116 12:10:51.220569 32747 grad_async_v2.h:222] Sleep in <BlockToStepN>, step_no=62, pq.top=62
========== Step 62 ========== 
========== Step 62 ========== 
========== Step 62 ========== 
========== Step 62 ========== 
W20240116 12:10:51.260437 33607 grad_async_v2.h:109] Detect new sample comes, old_end2, new_end3
========== Step 63 ========== 
========== Step 63 ========== 
========== Step 63 ========== 
========== Step 63 ========== 
E20240116 12:10:51.867007 33607 parallel_pq_v2.h:76] insert failed, size(hashtable)=435718
W20240116 12:10:52.365394 32747 grad_async_v2.h:222] Sleep in <BlockToStepN>, step_no=64, pq.top=64
========== Step 64 ========== 
========== Step 64 ========== 
========== Step 64 ========== 
========== Step 64 ========== 
W20240116 12:10:52.399667 33607 grad_async_v2.h:109] Detect new sample comes, old_end4, new_end5
E20240116 12:10:52.867004 32747 parallel_pq_v2.h:76] insert failed, size(hashtable)=2
========== Step 65 ========== 
========== Step 65 ========== 
========== Step 65 ========== 
========== Step 65 ========== 
W20240116 12:10:53.490355 32747 grad_async_v2.h:222] Sleep in <BlockToStepN>, step_no=66, pq.top=66
========== Step 66 ========== 
========== Step 66 ========== 
========== Step 66 ========== 
========== Step 66 ========== 
W20240116 12:10:53.526930 33607 grad_async_v2.h:109] Detect new sample comes, old_end6, new_end7
E20240116 12:10:53.867015 33607 parallel_pq_v2.h:76] insert failed, size(hashtable)=461033
========== Step 67 ========== 
========== Step 67 ========== 
========== Step 67 ========== 
========== Step 67 ========== 
W20240116 12:10:54.721442 32747 grad_async_v2.h:222] Sleep in <BlockToStepN>, step_no=68, pq.top=68
========== Step 68 ========== 
========== Step 68 ========== 
========== Step 68 ========== 
========== Step 68 ========== 
W20240116 12:10:54.760876 33607 grad_async_v2.h:109] Detect new sample comes, old_end8, new_end9
E20240116 12:10:54.867158 33607 parallel_pq_v2.h:76] insert failed, size(hashtable)=468602
========== Step 69 ========== 
========== Step 69 ========== 
========== Step 69 ========== 
========== Step 69 ========== 
+---------------------------+---------------------------+---------------------------+
| Name                      | P50                       | P99                       |
+---------------------------+---------------------------+---------------------------+
| Forward                   | 359.228 us                | 674.506 us                |
| Backward                  | 736.499 us                | 1.051 ms                  |
| Optimize                  | 145.109 us                | 389.615 us                |
| BarrierTimeBeforeRank0    | 397.803 us                | 2.096 ms                  |
| AfterBackward             | 230.733 ms                | 311.465 ms                |
| BlockToStepN              | 30.664 ms                 | 33.910 ms                 |
+---------------------------+---------------------------+---------------------------+
E20240116 12:10:55.867014 33607 parallel_pq_v2.h:76] insert failed, size(hashtable)=479522
+---------------------------+---------------------------+---------------------------+
| Name                      | P50                       | P99                       |
+---------------------------+---------------------------+---------------------------+
| ProcessBack:Shuffle       | 3.276 ms                  | 10.556 ms                 |
| ProcessBack:UpdateCache   | 6.901 ms                  | 7.582 ms                  |
| ProcessBack:UpsertPq      | 220.280 ms                | 292.049 ms                |
| ProcessOneStep            | 230.676 ms                | 311.399 ms                |
| BlockToStepN              | 30.577 ms                 | 33.830 ms                 |
+---------------------------+---------------------------+---------------------------+
W20240116 12:10:56.017352 32747 grad_async_v2.h:222] Sleep in <BlockToStepN>, step_no=70, pq.top=70
========== Step 70 ========== 
========== Step 70 ========== 
========== Step 70 ========== 
========== Step 70 ========== 
W20240116 12:10:56.052949 33607 grad_async_v2.h:109] Detect new sample comes, old_end0, new_end1
========== Step 71 ========== 
========== Step 71 ========== 
========== Step 71 ========== 
========== Step 71 ========== 
E20240116 12:10:56.867118 33607 parallel_pq_v2.h:76] insert failed, size(hashtable)=488056
W20240116 12:10:57.261401 32747 grad_async_v2.h:222] Sleep in <BlockToStepN>, step_no=72, pq.top=72
========== Step 72 ========== 
========== Step 72 ========== 
========== Step 72 ========== 
========== Step 72 ========== 
W20240116 12:10:57.298139 33607 grad_async_v2.h:109] Detect new sample comes, old_end2, new_end3
E20240116 12:10:57.867182 33607 parallel_pq_v2.h:76] insert failed, size(hashtable)=496439
========== Step 73 ========== 
========== Step 73 ========== 
========== Step 73 ========== 
========== Step 73 ========== 
W20240116 12:10:58.488572 32747 grad_async_v2.h:222] Sleep in <BlockToStepN>, step_no=74, pq.top=74
========== Step 74 ========== 
========== Step 74 ========== 
========== Step 74 ========== 
========== Step 74 ========== 
W20240116 12:10:58.525501 33607 grad_async_v2.h:109] Detect new sample comes, old_end4, new_end5
E20240116 12:10:58.867012 32747 parallel_pq_v2.h:76] insert failed, size(hashtable)=37
========== Step 75 ========== 
========== Step 75 ========== 
========== Step 75 ========== 
========== Step 75 ========== 
W20240116 12:10:59.696594 32747 grad_async_v2.h:222] Sleep in <BlockToStepN>, step_no=76, pq.top=76
========== Step 76 ========== 
========== Step 76 ========== 
========== Step 76 ========== 
========== Step 76 ========== 
W20240116 12:10:59.734201 33607 grad_async_v2.h:109] Detect new sample comes, old_end6, new_end7
E20240116 12:10:59.867012 33607 parallel_pq_v2.h:76] insert failed, size(hashtable)=518743
========== Step 77 ========== 
========== Step 77 ========== 
========== Step 77 ========== 
========== Step 77 ========== 
+---------------------------+---------------------------+---------------------------+
| Name                      | P50                       | P99                       |
+---------------------------+---------------------------+---------------------------+
