WARNING: Logging before InitGoogleLogging() is written to STDERR
I20240212 15:49:57.971653 61125 IPC_barrier.h:128] MultiProcessBarrierFactory->ClearIPCMemory()
/data/home/xieminhui/RecStore/src/framework_adapters/torch/kg/dgl-0.9.1/python/dgl/_deprecate/graph.py:1023: DGLWarning: multigraph will be deprecated.DGL will treat all graphs as multigraph in the future.
  dgl_warning("multigraph will be deprecated." \
/data/home/xieminhui/RecStore/src/framework_adapters/torch/kg/dgl-0.9.1/python/dgl/heterograph.py:72: DGLWarning: Recommend creating graphs by `dgl.graph(data)` instead of `dgl.DGLGraph(data)`.
  dgl_warning('Recommend creating graphs by `dgl.graph(data)`'
Reading train triples....
Finished. Read 483142 train triples.
Reading valid triples....
Finished. Read 50000 valid triples.
Reading test triples....
Finished. Read 59071 test triples.
ARGS:  Namespace(model_name='SimplE', data_path='/home/xieminhui/dgl-data', dataset='FB15k', format='built_in', data_files=None, delimiter='\t', save_path='/tmp/ckpts/SimplE_FB15k_105', no_save_emb=True, max_step=500, batch_size=1200, batch_size_eval=16, neg_sample_size=200, neg_deg_sample=False, neg_deg_sample_eval=False, neg_sample_size_eval=14951, eval_percent=1, no_eval_filter=False, log_interval=100, eval_interval=10000, test=False, num_proc=8, num_thread=1, force_sync_interval=1, hidden_dim=400, lr=0.01, gamma=16.0, double_ent=False, double_rel=False, neg_adversarial_sampling=False, adversarial_temperature=1.0, regularization_coef=0.0, regularization_norm=3, pairwise=False, loss_genre='Logsigmoid', margin=1.0, nr_gpus=8, gpu=[0, 1, 2, 3, 4, 5, 6, 7], mix_cpu_gpu=True, valid=False, rel_part=False, async_update=None, has_edge_importance=False, cached_emb_type='KnownLocalCachedEmbedding', use_my_emb=True, cache_ratio=0.1, shuffle=False, backwardMode='CppAsyncV2', L=10, nr_background_threads=32, update_cache_use_omp=1, update_pq_use_omp=2, kForwardItersPerStep=2, backgrad_init='both', eval_filter=True, soft_rel_part=False)
|Train|: 483142
original graph:  DGLGraph(num_nodes=14951, num_edges=592213,
         ndata_schemes={}
         edata_schemes={'tid': Scheme(shape=(), dtype=torch.int64)})
Loading cached metis
WARNING [61125 sampler.py:454] Start PreSampling
WARNING [61125 sampler.py:532] Before construct renumbering_dict
WARNING [61125 sampler.py:555] PreSampling done
W20240212 15:50:03.530959 61125 IPCTensor.h:369] NewIPCTensor: cached_sampler_r0_0 [1000000]0x100000002000 7.629 MB
W20240212 15:50:03.531173 61125 IPCTensor.h:369] NewIPCTensor: cached_sampler_r0_1 [1000000]0x1000007a5000 7.629 MB
W20240212 15:50:03.531224 61125 IPCTensor.h:369] NewIPCTensor: cached_sampler_r0_2 [1000000]0x100000f48000 7.629 MB
W20240212 15:50:03.531261 61125 IPCTensor.h:369] NewIPCTensor: cached_sampler_r0_3 [1000000]0x1000016eb000 7.629 MB
W20240212 15:50:03.531291 61125 IPCTensor.h:369] NewIPCTensor: cached_sampler_r0_4 [1000000]0x100001e8e000 7.629 MB
W20240212 15:50:03.531328 61125 IPCTensor.h:369] NewIPCTensor: cached_sampler_r0_5 [1000000]0x100002631000 7.629 MB
W20240212 15:50:03.531371 61125 IPCTensor.h:369] NewIPCTensor: cached_sampler_r0_6 [1000000]0x100002dd4000 7.629 MB
W20240212 15:50:03.531427 61125 IPCTensor.h:369] NewIPCTensor: cached_sampler_r0_7 [1000000]0x100003577000 7.629 MB
W20240212 15:50:03.531471 61125 IPCTensor.h:369] NewIPCTensor: cached_sampler_r0_8 [1000000]0x100003d1a000 7.629 MB
W20240212 15:50:03.531512 61125 IPCTensor.h:369] NewIPCTensor: cached_sampler_r0_9 [1000000]0x1000044bd000 7.629 MB
W20240212 15:50:03.531556 61125 IPCTensor.h:369] NewIPCTensor: step_r0 [10]0x100004c60000 80 B 
W20240212 15:50:03.531592 61125 IPCTensor.h:369] NewIPCTensor: circle_buffer_end_r0 [1]0x100004c62000 8 B 
W20240212 15:50:03.531623 61125 IPCTensor.h:369] NewIPCTensor: circle_buffer_end_cppseen_r0 [1]0x100004c64000 8 B 
W20240212 15:50:03.531761 61125 IPCTensor.h:369] NewIPCTensor: cached_sampler_r1_0 [1000000]0x100004c66000 7.629 MB
W20240212 15:50:03.531806 61125 IPCTensor.h:369] NewIPCTensor: cached_sampler_r1_1 [1000000]0x100005409000 7.629 MB
W20240212 15:50:03.531836 61125 IPCTensor.h:369] NewIPCTensor: cached_sampler_r1_2 [1000000]0x100005bac000 7.629 MB
W20240212 15:50:03.531883 61125 IPCTensor.h:369] NewIPCTensor: cached_sampler_r1_3 [1000000]0x10000634f000 7.629 MB
W20240212 15:50:03.531921 61125 IPCTensor.h:369] NewIPCTensor: cached_sampler_r1_4 [1000000]0x100006af2000 7.629 MB
W20240212 15:50:03.531950 61125 IPCTensor.h:369] NewIPCTensor: cached_sampler_r1_5 [1000000]0x100007295000 7.629 MB
W20240212 15:50:03.531986 61125 IPCTensor.h:369] NewIPCTensor: cached_sampler_r1_6 [1000000]0x100007a38000 7.629 MB
W20240212 15:50:03.532025 61125 IPCTensor.h:369] NewIPCTensor: cached_sampler_r1_7 [1000000]0x1000081db000 7.629 MB
W20240212 15:50:03.532061 61125 IPCTensor.h:369] NewIPCTensor: cached_sampler_r1_8 [1000000]0x10000897e000 7.629 MB
W20240212 15:50:03.532090 61125 IPCTensor.h:369] NewIPCTensor: cached_sampler_r1_9 [1000000]0x100009121000 7.629 MB
W20240212 15:50:03.532132 61125 IPCTensor.h:369] NewIPCTensor: step_r1 [10]0x1000098c4000 80 B 
W20240212 15:50:03.532166 61125 IPCTensor.h:369] NewIPCTensor: circle_buffer_end_r1 [1]0x1000098c6000 8 B 
W20240212 15:50:03.532191 61125 IPCTensor.h:369] NewIPCTensor: circle_buffer_end_cppseen_r1 [1]0x1000098c8000 8 B 
W20240212 15:50:03.532263 61125 IPCTensor.h:369] NewIPCTensor: cached_sampler_r2_0 [1000000]0x1000098ca000 7.629 MB
W20240212 15:50:03.532305 61125 IPCTensor.h:369] NewIPCTensor: cached_sampler_r2_1 [1000000]0x10000a06d000 7.629 MB
W20240212 15:50:03.532342 61125 IPCTensor.h:369] NewIPCTensor: cached_sampler_r2_2 [1000000]0x10000a810000 7.629 MB
W20240212 15:50:03.532374 61125 IPCTensor.h:369] NewIPCTensor: cached_sampler_r2_3 [1000000]0x10000afb3000 7.629 MB
W20240212 15:50:03.532409 61125 IPCTensor.h:369] NewIPCTensor: cached_sampler_r2_4 [1000000]0x10000b756000 7.629 MB
W20240212 15:50:03.532442 61125 IPCTensor.h:369] NewIPCTensor: cached_sampler_r2_5 [1000000]0x10000bef9000 7.629 MB
W20240212 15:50:03.532470 61125 IPCTensor.h:369] NewIPCTensor: cached_sampler_r2_6 [1000000]0x10000c69c000 7.629 MB
W20240212 15:50:03.532516 61125 IPCTensor.h:369] NewIPCTensor: cached_sampler_r2_7 [1000000]0x10000ce3f000 7.629 MB
W20240212 15:50:03.532557 61125 IPCTensor.h:369] NewIPCTensor: cached_sampler_r2_8 [1000000]0x10000d5e2000 7.629 MB
W20240212 15:50:03.532601 61125 IPCTensor.h:369] NewIPCTensor: cached_sampler_r2_9 [1000000]0x10000dd85000 7.629 MB
W20240212 15:50:03.532635 61125 IPCTensor.h:369] NewIPCTensor: step_r2 [10]0x10000e528000 80 B 
W20240212 15:50:03.532663 61125 IPCTensor.h:369] NewIPCTensor: circle_buffer_end_r2 [1]0x10000e52a000 8 B 
W20240212 15:50:03.532696 61125 IPCTensor.h:369] NewIPCTensor: circle_buffer_end_cppseen_r2 [1]0x10000e52c000 8 B 
W20240212 15:50:03.532755 61125 IPCTensor.h:369] NewIPCTensor: cached_sampler_r3_0 [1000000]0x10000e52e000 7.629 MB
W20240212 15:50:03.532799 61125 IPCTensor.h:369] NewIPCTensor: cached_sampler_r3_1 [1000000]0x10000ecd1000 7.629 MB
W20240212 15:50:03.532828 61125 IPCTensor.h:369] NewIPCTensor: cached_sampler_r3_2 [1000000]0x10000f474000 7.629 MB
W20240212 15:50:03.532857 61125 IPCTensor.h:369] NewIPCTensor: cached_sampler_r3_3 [1000000]0x10000fc17000 7.629 MB
W20240212 15:50:03.532886 61125 IPCTensor.h:369] NewIPCTensor: cached_sampler_r3_4 [1000000]0x1000103ba000 7.629 MB
W20240212 15:50:03.532922 61125 IPCTensor.h:369] NewIPCTensor: cached_sampler_r3_5 [1000000]0x100010b5d000 7.629 MB
W20240212 15:50:03.532949 61125 IPCTensor.h:369] NewIPCTensor: cached_sampler_r3_6 [1000000]0x100011300000 7.629 MB
W20240212 15:50:03.532992 61125 IPCTensor.h:369] NewIPCTensor: cached_sampler_r3_7 [1000000]0x100011aa3000 7.629 MB
W20240212 15:50:03.533038 61125 IPCTensor.h:369] NewIPCTensor: cached_sampler_r3_8 [1000000]0x100012246000 7.629 MB
W20240212 15:50:03.533074 61125 IPCTensor.h:369] NewIPCTensor: cached_sampler_r3_9 [1000000]0x1000129e9000 7.629 MB
W20240212 15:50:03.533111 61125 IPCTensor.h:369] NewIPCTensor: step_r3 [10]0x10001318c000 80 B 
W20240212 15:50:03.533140 61125 IPCTensor.h:369] NewIPCTensor: circle_buffer_end_r3 [1]0x10001318e000 8 B 
W20240212 15:50:03.533172 61125 IPCTensor.h:369] NewIPCTensor: circle_buffer_end_cppseen_r3 [1]0x100013190000 8 B 
W20240212 15:50:03.533249 61125 IPCTensor.h:369] NewIPCTensor: cached_sampler_r4_0 [1000000]0x100013192000 7.629 MB
W20240212 15:50:03.533294 61125 IPCTensor.h:369] NewIPCTensor: cached_sampler_r4_1 [1000000]0x100013935000 7.629 MB
W20240212 15:50:03.533339 61125 IPCTensor.h:369] NewIPCTensor: cached_sampler_r4_2 [1000000]0x1000140d8000 7.629 MB
W20240212 15:50:03.533382 61125 IPCTensor.h:369] NewIPCTensor: cached_sampler_r4_3 [1000000]0x10001487b000 7.629 MB
W20240212 15:50:03.533411 61125 IPCTensor.h:369] NewIPCTensor: cached_sampler_r4_4 [1000000]0x10001501e000 7.629 MB
W20240212 15:50:03.533448 61125 IPCTensor.h:369] NewIPCTensor: cached_sampler_r4_5 [1000000]0x1000157c1000 7.629 MB
W20240212 15:50:03.533480 61125 IPCTensor.h:369] NewIPCTensor: cached_sampler_r4_6 [1000000]0x100015f64000 7.629 MB
W20240212 15:50:03.533515 61125 IPCTensor.h:369] NewIPCTensor: cached_sampler_r4_7 [1000000]0x100016707000 7.629 MB
W20240212 15:50:03.533556 61125 IPCTensor.h:369] NewIPCTensor: cached_sampler_r4_8 [1000000]0x100016eaa000 7.629 MB
W20240212 15:50:03.533591 61125 IPCTensor.h:369] NewIPCTensor: cached_sampler_r4_9 [1000000]0x10001764d000 7.629 MB
W20240212 15:50:03.533630 61125 IPCTensor.h:369] NewIPCTensor: step_r4 [10]0x100017df0000 80 B 
W20240212 15:50:03.533659 61125 IPCTensor.h:369] NewIPCTensor: circle_buffer_end_r4 [1]0x100017df2000 8 B 
W20240212 15:50:03.533684 61125 IPCTensor.h:369] NewIPCTensor: circle_buffer_end_cppseen_r4 [1]0x100017df4000 8 B 
W20240212 15:50:03.533748 61125 IPCTensor.h:369] NewIPCTensor: cached_sampler_r5_0 [1000000]0x100017df6000 7.629 MB
W20240212 15:50:03.533780 61125 IPCTensor.h:369] NewIPCTensor: cached_sampler_r5_1 [1000000]0x100018599000 7.629 MB
W20240212 15:50:03.533815 61125 IPCTensor.h:369] NewIPCTensor: cached_sampler_r5_2 [1000000]0x100018d3c000 7.629 MB
W20240212 15:50:03.533849 61125 IPCTensor.h:369] NewIPCTensor: cached_sampler_r5_3 [1000000]0x1000194df000 7.629 MB
W20240212 15:50:03.533885 61125 IPCTensor.h:369] NewIPCTensor: cached_sampler_r5_4 [1000000]0x100019c82000 7.629 MB
W20240212 15:50:03.533926 61125 IPCTensor.h:369] NewIPCTensor: cached_sampler_r5_5 [1000000]0x10001a425000 7.629 MB
W20240212 15:50:03.533955 61125 IPCTensor.h:369] NewIPCTensor: cached_sampler_r5_6 [1000000]0x10001abc8000 7.629 MB
W20240212 15:50:03.533989 61125 IPCTensor.h:369] NewIPCTensor: cached_sampler_r5_7 [1000000]0x10001b36b000 7.629 MB
W20240212 15:50:03.534031 61125 IPCTensor.h:369] NewIPCTensor: cached_sampler_r5_8 [1000000]0x10001bb0e000 7.629 MB
W20240212 15:50:03.534078 61125 IPCTensor.h:369] NewIPCTensor: cached_sampler_r5_9 [1000000]0x10001c2b1000 7.629 MB
W20240212 15:50:03.534107 61125 IPCTensor.h:369] NewIPCTensor: step_r5 [10]0x10001ca54000 80 B 
W20240212 15:50:03.534134 61125 IPCTensor.h:369] NewIPCTensor: circle_buffer_end_r5 [1]0x10001ca56000 8 B 
W20240212 15:50:03.534158 61125 IPCTensor.h:369] NewIPCTensor: circle_buffer_end_cppseen_r5 [1]0x10001ca58000 8 B 
W20240212 15:50:03.534219 61125 IPCTensor.h:369] NewIPCTensor: cached_sampler_r6_0 [1000000]0x10001ca5a000 7.629 MB
W20240212 15:50:03.534261 61125 IPCTensor.h:369] NewIPCTensor: cached_sampler_r6_1 [1000000]0x10001d1fd000 7.629 MB
W20240212 15:50:03.534291 61125 IPCTensor.h:369] NewIPCTensor: cached_sampler_r6_2 [1000000]0x10001d9a0000 7.629 MB
W20240212 15:50:03.534324 61125 IPCTensor.h:369] NewIPCTensor: cached_sampler_r6_3 [1000000]0x10001e143000 7.629 MB
W20240212 15:50:03.534354 61125 IPCTensor.h:369] NewIPCTensor: cached_sampler_r6_4 [1000000]0x10001e8e6000 7.629 MB
W20240212 15:50:03.534387 61125 IPCTensor.h:369] NewIPCTensor: cached_sampler_r6_5 [1000000]0x10001f089000 7.629 MB
W20240212 15:50:03.534425 61125 IPCTensor.h:369] NewIPCTensor: cached_sampler_r6_6 [1000000]0x10001f82c000 7.629 MB
W20240212 15:50:03.534469 61125 IPCTensor.h:369] NewIPCTensor: cached_sampler_r6_7 [1000000]0x10001ffcf000 7.629 MB
W20240212 15:50:03.534512 61125 IPCTensor.h:369] NewIPCTensor: cached_sampler_r6_8 [1000000]0x100020772000 7.629 MB
W20240212 15:50:03.534555 61125 IPCTensor.h:369] NewIPCTensor: cached_sampler_r6_9 [1000000]0x100020f15000 7.629 MB
W20240212 15:50:03.534595 61125 IPCTensor.h:369] NewIPCTensor: step_r6 [10]0x1000216b8000 80 B 
W20240212 15:50:03.534623 61125 IPCTensor.h:369] NewIPCTensor: circle_buffer_end_r6 [1]0x1000216ba000 8 B 
W20240212 15:50:03.534648 61125 IPCTensor.h:369] NewIPCTensor: circle_buffer_end_cppseen_r6 [1]0x1000216bc000 8 B 
W20240212 15:50:03.534711 61125 IPCTensor.h:369] NewIPCTensor: cached_sampler_r7_0 [1000000]0x1000216be000 7.629 MB
W20240212 15:50:03.534754 61125 IPCTensor.h:369] NewIPCTensor: cached_sampler_r7_1 [1000000]0x100021e61000 7.629 MB
W20240212 15:50:03.534782 61125 IPCTensor.h:369] NewIPCTensor: cached_sampler_r7_2 [1000000]0x100022604000 7.629 MB
W20240212 15:50:03.534823 61125 IPCTensor.h:369] NewIPCTensor: cached_sampler_r7_3 [1000000]0x100022da7000 7.629 MB
W20240212 15:50:03.534857 61125 IPCTensor.h:369] NewIPCTensor: cached_sampler_r7_4 [1000000]0x10002354a000 7.629 MB
W20240212 15:50:03.534896 61125 IPCTensor.h:369] NewIPCTensor: cached_sampler_r7_5 [1000000]0x100023ced000 7.629 MB
W20240212 15:50:03.534942 61125 IPCTensor.h:369] NewIPCTensor: cached_sampler_r7_6 [1000000]0x100024490000 7.629 MB
W20240212 15:50:03.534974 61125 IPCTensor.h:369] NewIPCTensor: cached_sampler_r7_7 [1000000]0x100024c33000 7.629 MB
W20240212 15:50:03.535018 61125 IPCTensor.h:369] NewIPCTensor: cached_sampler_r7_8 [1000000]0x1000253d6000 7.629 MB
W20240212 15:50:03.535049 61125 IPCTensor.h:369] NewIPCTensor: cached_sampler_r7_9 [1000000]0x100025b79000 7.629 MB
W20240212 15:50:03.535089 61125 IPCTensor.h:369] NewIPCTensor: step_r7 [10]0x10002631c000 80 B 
W20240212 15:50:03.535113 61125 IPCTensor.h:369] NewIPCTensor: circle_buffer_end_r7 [1]0x10002631e000 8 B 
W20240212 15:50:03.535141 61125 IPCTensor.h:369] NewIPCTensor: circle_buffer_end_cppseen_r7 [1]0x100026320000 8 B 
W20240212 15:50:03.782617 61125 IPCTensor.h:369] NewIPCTensor: full_emb [14951, 400]0x100026322000 22.81 MB
W20240212 15:50:03.873853 61125 IPCTensor.h:369] NewIPCTensor: full_emb_SparseRowWiseAdaGrad_sum [14951]0x1000279f4000 58.4 kB
{0: Graph(num_nodes=8499, num_edges=86694,
      ndata_schemes={'_ID': Scheme(shape=(), dtype=torch.int64), 'inner_node': Scheme(shape=(), dtype=torch.int32), 'part_id': Scheme(shape=(), dtype=torch.int64)}
      edata_schemes={'_ID': Scheme(shape=(), dtype=torch.int64), 'inner_edge': Scheme(shape=(), dtype=torch.int8)}), 1: Graph(num_nodes=6140, num_edges=88951,
      ndata_schemes={'_ID': Scheme(shape=(), dtype=torch.int64), 'inner_node': Scheme(shape=(), dtype=torch.int32), 'part_id': Scheme(shape=(), dtype=torch.int64)}
      edata_schemes={'_ID': Scheme(shape=(), dtype=torch.int64), 'inner_edge': Scheme(shape=(), dtype=torch.int8)}), 2: Graph(num_nodes=8646, num_edges=109741,
      ndata_schemes={'_ID': Scheme(shape=(), dtype=torch.int64), 'inner_node': Scheme(shape=(), dtype=torch.int32), 'part_id': Scheme(shape=(), dtype=torch.int64)}
      edata_schemes={'_ID': Scheme(shape=(), dtype=torch.int64), 'inner_edge': Scheme(shape=(), dtype=torch.int8)}), 3: Graph(num_nodes=8503, num_edges=86907,
      ndata_schemes={'_ID': Scheme(shape=(), dtype=torch.int64), 'inner_node': Scheme(shape=(), dtype=torch.int32), 'part_id': Scheme(shape=(), dtype=torch.int64)}
      edata_schemes={'_ID': Scheme(shape=(), dtype=torch.int64), 'inner_edge': Scheme(shape=(), dtype=torch.int8)}), 4: Graph(num_nodes=10597, num_edges=122217,
      ndata_schemes={'_ID': Scheme(shape=(), dtype=torch.int64), 'inner_node': Scheme(shape=(), dtype=torch.int32), 'part_id': Scheme(shape=(), dtype=torch.int64)}
      edata_schemes={'_ID': Scheme(shape=(), dtype=torch.int64), 'inner_edge': Scheme(shape=(), dtype=torch.int8)}), 5: Graph(num_nodes=8255, num_edges=102550,
      ndata_schemes={'_ID': Scheme(shape=(), dtype=torch.int64), 'inner_node': Scheme(shape=(), dtype=torch.int32), 'part_id': Scheme(shape=(), dtype=torch.int64)}
      edata_schemes={'_ID': Scheme(shape=(), dtype=torch.int64), 'inner_edge': Scheme(shape=(), dtype=torch.int8)}), 6: Graph(num_nodes=7422, num_edges=104094,
      ndata_schemes={'_ID': Scheme(shape=(), dtype=torch.int64), 'inner_node': Scheme(shape=(), dtype=torch.int32), 'part_id': Scheme(shape=(), dtype=torch.int64)}
      edata_schemes={'_ID': Scheme(shape=(), dtype=torch.int64), 'inner_edge': Scheme(shape=(), dtype=torch.int8)}), 7: Graph(num_nodes=7815, num_edges=137832,
      ndata_schemes={'_ID': Scheme(shape=(), dtype=torch.int64), 'inner_node': Scheme(shape=(), dtype=torch.int32), 'part_id': Scheme(shape=(), dtype=torch.int64)}
      edata_schemes={'_ID': Scheme(shape=(), dtype=torch.int64), 'inner_edge': Scheme(shape=(), dtype=torch.int8)})}
MertisPartition: part 0 has 8499 N 86694 E
MertisPartition: part 1 has 6140 N 88951 E
MertisPartition: part 2 has 8646 N 109741 E
MertisPartition: part 3 has 8503 N 86907 E
MertisPartition: part 4 has 10597 N 122217 E
MertisPartition: part 5 has 8255 N 102550 E
MertisPartition: part 6 has 7422 N 104094 E
MertisPartition: part 7 has 7815 N 137832 E
Rank0: cached key size 186
Rank1: cached key size 186
Rank2: cached key size 186
Rank3: cached key size 186
Rank4: cached key size 186
Rank5: cached key size 186
Rank6: cached key size 186
Rank7: cached key size 186
Before renumbering graph:  {'_ID': tensor([    0,    15,    36,  ..., 11946,  9147, 13282]), 'inner_node': tensor([1, 1, 1,  ..., 0, 0, 0], dtype=torch.int32), 'part_id': tensor([0, 0, 0,  ..., 6, 3, 7])}
After renumbering graph:  {'_ID': tensor([ 1497,  1986,  2556,  ..., 11563,  7000,  5698]), 'inner_node': tensor([1, 1, 1,  ..., 0, 0, 0], dtype=torch.int32), 'part_id': tensor([0, 0, 0,  ..., 6, 3, 7])}
part_g: DGLGraph(num_nodes=8499, num_edges=86694,
         ndata_schemes={'_ID': Scheme(shape=(), dtype=torch.int64)}
         edata_schemes={'tid': Scheme(shape=(), dtype=torch.int64)})
part_g: DGLGraph(num_nodes=8499, num_edges=86694,
         ndata_schemes={'_ID': Scheme(shape=(), dtype=torch.int64)}
         edata_schemes={'tid': Scheme(shape=(), dtype=torch.int64)})
Total initialize time 5.996 seconds
[Rank1] pid = 61329
[Rank2] pid = 61378
[Rank3] pid = 61457
[Rank4] pid = 61521
[Rank5] pid = 61578
[Rank6] pid = 61586
INFO [61125 distributed_c10d.py:442] Added key: store_based_barrier_key:1 to store for rank: 0
INFO [61329 distributed_c10d.py:442] Added key: store_based_barrier_key:1 to store for rank: 1
INFO [61578 distributed_c10d.py:442] Added key: store_based_barrier_key:1 to store for rank: 5
INFO [61378 distributed_c10d.py:442] Added key: store_based_barrier_key:1 to store for rank: 2
INFO [61457 distributed_c10d.py:442] Added key: store_based_barrier_key:1 to store for rank: 3
INFO [61521 distributed_c10d.py:442] Added key: store_based_barrier_key:1 to store for rank: 4
INFO [61651 distributed_c10d.py:442] Added key: store_based_barrier_key:1 to store for rank: 7
INFO [61586 distributed_c10d.py:442] Added key: store_based_barrier_key:1 to store for rank: 6
INFO [61586 distributed_c10d.py:476] Rank 6: Completed store-based barrier for key:store_based_barrier_key:1 with 8 nodes.
INFO [61651 distributed_c10d.py:476] Rank 7: Completed store-based barrier for key:store_based_barrier_key:1 with 8 nodes.
INFO [61521 distributed_c10d.py:476] Rank 4: Completed store-based barrier for key:store_based_barrier_key:1 with 8 nodes.
INFO [61125 distributed_c10d.py:476] Rank 0: Completed store-based barrier for key:store_based_barrier_key:1 with 8 nodes.
INFO [61378 distributed_c10d.py:476] Rank 2: Completed store-based barrier for key:store_based_barrier_key:1 with 8 nodes.
INFO [61578 distributed_c10d.py:476] Rank 5: Completed store-based barrier for key:store_based_barrier_key:1 with 8 nodes.
INFO [61457 distributed_c10d.py:476] Rank 3: Completed store-based barrier for key:store_based_barrier_key:1 with 8 nodes.
INFO [61329 distributed_c10d.py:476] Rank 1: Completed store-based barrier for key:store_based_barrier_key:1 with 8 nodes.
W20240212 15:50:06.617472 61714 IPCTensor.h:409] NewIPCGPUTensor: embedding_cache_0 [1495, 400]; dev=0; size=2.281 MB
W20240212 15:50:06.618045 61588 IPCTensor.h:409] NewIPCGPUTensor: embedding_cache_6 [1495, 400]; dev=6; size=2.281 MB
W20240212 15:50:06.618353 61715 IPCTensor.h:409] NewIPCGPUTensor: embedding_cache_7 [1495, 400]; dev=7; size=2.281 MB
W20240212 15:50:06.618649 61587 IPCTensor.h:409] NewIPCGPUTensor: embedding_cache_5 [1495, 400]; dev=5; size=2.281 MB
W20240212 15:50:06.618930 61522 IPCTensor.h:409] NewIPCGPUTensor: embedding_cache_4 [1495, 400]; dev=4; size=2.281 MB
W20240212 15:50:06.619069 61458 IPCTensor.h:409] NewIPCGPUTensor: embedding_cache_3 [1495, 400]; dev=3; size=2.281 MB
W20240212 15:50:06.619237 61394 IPCTensor.h:409] NewIPCGPUTensor: embedding_cache_2 [1495, 400]; dev=2; size=2.281 MB
W20240212 15:50:06.619434 61330 IPCTensor.h:409] NewIPCGPUTensor: embedding_cache_1 [1495, 400]; dev=1; size=2.281 MB
W20240212 15:50:06.655982 61715 IPCTensor.h:369] NewIPCTensor: input_keys_7 [1000000]0x100027a0c000 7.629 MB
W20240212 15:50:06.656154 61458 IPCTensor.h:369] NewIPCTensor: input_keys_3 [1000000]0x1000281af000 7.629 MB
W20240212 15:50:06.656164 61588 IPCTensor.h:369] NewIPCTensor: input_keys_6 [1000000]0x100028952000 7.629 MB
W20240212 15:50:06.656180 61587 IPCTensor.h:369] NewIPCTensor: input_keys_5 [1000000]0x1000290f5000 7.629 MB
W20240212 15:50:06.656255 61715 IPCTensor.h:369] NewIPCTensor: input_keys_neg_7 [1000000]0x100029898000 7.629 MB
W20240212 15:50:06.656373 61715 IPCTensor.h:369] NewIPCTensor: backward_grads_7 [1000000, 400]0x10002a03b000 1.49 GB
W20240212 15:50:06.656381 61588 IPCTensor.h:369] NewIPCTensor: input_keys_neg_6 [1000000]0x10008961e000 7.629 MB
W20240212 15:50:06.656407 61458 IPCTensor.h:369] NewIPCTensor: input_keys_neg_3 [1000000]0x100089dc1000 7.629 MB
W20240212 15:50:06.656441 61715 IPCTensor.h:369] NewIPCTensor: backward_grads_neg_7 [1000000, 400]0x10008a564000 1.49 GB
W20240212 15:50:06.656471 61588 IPCTensor.h:369] NewIPCTensor: backward_grads_6 [1000000, 400]0x1000e9b47000 1.49 GB
W20240212 15:50:06.656493 61587 IPCTensor.h:369] NewIPCTensor: input_keys_neg_5 [1000000]0x10014912a000 7.629 MB
W20240212 15:50:06.656510 61715 IPCTensor.h:409] NewIPCGPUTensor: backward_grads_7_gpu [1000000, 400]; dev=7; size=1.49 GB
W20240212 15:50:06.656529 61458 IPCTensor.h:369] NewIPCTensor: backward_grads_3 [1000000, 400]0x1001498cd000 1.49 GB
W20240212 15:50:06.656549 61588 IPCTensor.h:369] NewIPCTensor: backward_grads_neg_6 [1000000, 400]0x1001a8eb0000 1.49 GB
W20240212 15:50:06.656579 61587 IPCTensor.h:369] NewIPCTensor: backward_grads_5 [1000000, 400]0x100208493000 1.49 GB
W20240212 15:50:06.656603 61588 IPCTensor.h:409] NewIPCGPUTensor: backward_grads_6_gpu [1000000, 400]; dev=6; size=1.49 GB
W20240212 15:50:06.656616 61458 IPCTensor.h:369] NewIPCTensor: backward_grads_neg_3 [1000000, 400]0x100267a76000 1.49 GB
W20240212 15:50:06.656652 61587 IPCTensor.h:369] NewIPCTensor: backward_grads_neg_5 [1000000, 400]0x1002c7059000 1.49 GB
W20240212 15:50:06.656670 61458 IPCTensor.h:409] NewIPCGPUTensor: backward_grads_3_gpu [1000000, 400]; dev=3; size=1.49 GB
W20240212 15:50:06.656700 61587 IPCTensor.h:409] NewIPCGPUTensor: backward_grads_5_gpu [1000000, 400]; dev=5; size=1.49 GB
W20240212 15:50:06.663970 61715 IPCTensor.h:409] NewIPCGPUTensor: backward_grads_neg_7_gpu [1000000, 400]; dev=7; size=1.49 GB
W20240212 15:50:06.664026 61458 IPCTensor.h:409] NewIPCGPUTensor: backward_grads_neg_3_gpu [1000000, 400]; dev=3; size=1.49 GB
W20240212 15:50:06.664036 61588 IPCTensor.h:409] NewIPCGPUTensor: backward_grads_neg_6_gpu [1000000, 400]; dev=6; size=1.49 GB
W20240212 15:50:06.664126 61587 IPCTensor.h:409] NewIPCGPUTensor: backward_grads_neg_5_gpu [1000000, 400]; dev=5; size=1.49 GB
W20240212 15:50:06.664182 61714 IPCTensor.h:369] NewIPCTensor: input_keys_0 [1000000]0x10032664c000 7.629 MB
W20240212 15:50:06.664337 61714 IPCTensor.h:369] NewIPCTensor: input_keys_neg_0 [1000000]0x100327d35000 7.629 MB
W20240212 15:50:06.664336 61522 IPCTensor.h:369] NewIPCTensor: input_keys_4 [1000000]0x100327592000 7.629 MB
W20240212 15:50:06.664333 61330 IPCTensor.h:369] NewIPCTensor: input_keys_1 [1000000]0x100326def000 7.629 MB
W20240212 15:50:06.664361 61394 IPCTensor.h:369] NewIPCTensor: input_keys_2 [1000000]0x1003284d8000 7.629 MB
W20240212 15:50:06.664410 61714 IPCTensor.h:369] NewIPCTensor: backward_grads_0 [1000000, 400]0x100328c7b000 1.49 GB
W20240212 15:50:06.664474 61714 IPCTensor.h:369] NewIPCTensor: backward_grads_neg_0 [1000000, 400]0x10038825e000 1.49 GB
W20240212 15:50:06.664512 61714 IPCTensor.h:409] NewIPCGPUTensor: backward_grads_0_gpu [1000000, 400]; dev=0; size=1.49 GB
W20240212 15:50:06.664553 61330 IPCTensor.h:369] NewIPCTensor: input_keys_neg_1 [1000000]0x1003e7841000 7.629 MB
W20240212 15:50:06.664561 61522 IPCTensor.h:369] NewIPCTensor: input_keys_neg_4 [1000000]0x1003e7fe4000 7.629 MB
W20240212 15:50:06.664570 61394 IPCTensor.h:369] NewIPCTensor: input_keys_neg_2 [1000000]0x1003e8787000 7.629 MB
W20240212 15:50:06.664647 61330 IPCTensor.h:369] NewIPCTensor: backward_grads_1 [1000000, 400]0x1003e8f2a000 1.49 GB
W20240212 15:50:06.664656 61522 IPCTensor.h:369] NewIPCTensor: backward_grads_4 [1000000, 400]0x10044850d000 1.49 GB
W20240212 15:50:06.664665 61394 IPCTensor.h:369] NewIPCTensor: backward_grads_2 [1000000, 400]0x1004a7af0000 1.49 GB
W20240212 15:50:06.664736 61330 IPCTensor.h:369] NewIPCTensor: backward_grads_neg_1 [1000000, 400]0x1005070d3000 1.49 GB
W20240212 15:50:06.664745 61522 IPCTensor.h:369] NewIPCTensor: backward_grads_neg_4 [1000000, 400]0x1005666b6000 1.49 GB
W20240212 15:50:06.664753 61394 IPCTensor.h:369] NewIPCTensor: backward_grads_neg_2 [1000000, 400]0x1005c5c99000 1.49 GB
W20240212 15:50:06.664811 61522 IPCTensor.h:409] NewIPCGPUTensor: backward_grads_4_gpu [1000000, 400]; dev=4; size=1.49 GB
W20240212 15:50:06.664813 61330 IPCTensor.h:409] NewIPCGPUTensor: backward_grads_1_gpu [1000000, 400]; dev=1; size=1.49 GB
W20240212 15:50:06.664817 61394 IPCTensor.h:409] NewIPCGPUTensor: backward_grads_2_gpu [1000000, 400]; dev=2; size=1.49 GB
W20240212 15:50:06.678088 61522 IPCTensor.h:409] NewIPCGPUTensor: backward_grads_neg_4_gpu [1000000, 400]; dev=4; size=1.49 GB
W20240212 15:50:06.678086 61330 IPCTensor.h:409] NewIPCGPUTensor: backward_grads_neg_1_gpu [1000000, 400]; dev=1; size=1.49 GB
W20240212 15:50:06.678120 61714 IPCTensor.h:409] NewIPCGPUTensor: backward_grads_neg_0_gpu [1000000, 400]; dev=0; size=1.49 GB
W20240212 15:50:06.678120 61394 IPCTensor.h:409] NewIPCGPUTensor: backward_grads_neg_2_gpu [1000000, 400]; dev=2; size=1.49 GB
cudaHostRegister 0x100026322000
3: KnownLocalCachedEmbedding init done
WARNING [61457 DistTensor.py:59] The tensor name already exists in the kvstore
cudaHostRegister 0x100026322000
2: KnownLocalCachedEmbedding init done
WARNING [61378 DistTensor.py:59] The tensor name already exists in the kvstore
cudaHostRegister 0x100026322000
6: KnownLocalCachedEmbedding init done
WARNING [61586 DistTensor.py:59] The tensor name already exists in the kvstore
cudaHostRegister 0x100026322000
1: KnownLocalCachedEmbedding init done
WARNING [61329 DistTensor.py:59] The tensor name already exists in the kvstore
cudaHostRegister 0x100026322000
5: KnownLocalCachedEmbedding init done
WARNING [61578 DistTensor.py:59] The tensor name already exists in the kvstore
cudaHostRegister 0x100026322000
4: KnownLocalCachedEmbedding init done
WARNING [61521 DistTensor.py:59] The tensor name already exists in the kvstore
cudaHostRegister 0x100026322000
7: KnownLocalCachedEmbedding init done
WARNING [61651 DistTensor.py:59] The tensor name already exists in the kvstore
[Rank7] pid = 61651
New CachedEmbedding, name=full_emb, shape=(14951, 400), cache_type=KnownLocalCachedEmbedding
fixed cache_range is [(0, 1495), (1495, 2990), (2990, 4485), (4485, 5980), (5980, 7475), (7475, 8970), (8970, 10465), (10465, 11960)]
cudaHostRegister 0x100026322000
0: KnownLocalCachedEmbedding init done
WARNING [61125 DistTensor.py:59] The tensor name already exists in the kvstore
I20240212 15:50:08.946521 61714 IPC_barrier.h:118] CreateBarrier: new barrier, name: kgcachecontroller, count: 8
I20240212 15:50:08.947027 61458 IPC_barrier.h:112] CreateBarrier: find existing barrier, name: kgcachecontroller, count: 8
I20240212 15:50:08.947144 61715 IPC_barrier.h:112] CreateBarrier: find existing barrier, name: kgcachecontroller, count: 8
I20240212 15:50:08.947254 61587 IPC_barrier.h:112] CreateBarrier: find existing barrier, name: kgcachecontroller, count: 8
I20240212 15:50:08.947343 61330 IPC_barrier.h:112] CreateBarrier: find existing barrier, name: kgcachecontroller, count: 8
I20240212 15:50:08.947471 61394 IPC_barrier.h:112] CreateBarrier: find existing barrier, name: kgcachecontroller, count: 8
I20240212 15:50:08.947687 61522 IPC_barrier.h:112] CreateBarrier: find existing barrier, name: kgcachecontroller, count: 8
I20240212 15:50:08.947988 61588 IPC_barrier.h:112] CreateBarrier: find existing barrier, name: kgcachecontroller, count: 8
W20240212 15:50:08.950876 61714 grad_base.h:55] KGCacheController, config={
        "num_gpus": 8,
        "L": 10,
        "backgrad_init": "both", 
        "kForwardItersPerStep": 2,
        "clr": 0.01,
        "nr_background_threads": 32,
        "backwardMode": "CppAsyncV2",
        "cache_ratio": 0.1,
        "update_cache_use_omp":  1,
        "update_pq_use_omp":  2
        }
W20240212 15:50:08.950996 61714 grad_base.h:184] Init GradProcessingBase done
I20240212 15:50:08.955534 61714 grad_async_v2.h:42] Use main thread to update emb.
W20240212 15:50:08.955734 61714 kg_controller.h:78] after init GradAsyncProcessingV2
I20240212 15:50:08.955745 61714 kg_controller.h:84] Construct KGCacheController done
E20240212 15:50:09.692977 61714 recstore.cc:66] init folly done
E20240212 15:50:09.692982 61458 recstore.cc:66] init folly done
E20240212 15:50:09.693003 61587 recstore.cc:66] init folly done
E20240212 15:50:09.693102 61715 recstore.cc:66] init folly done
E20240212 15:50:09.693142 61588 recstore.cc:66] init folly done
E20240212 15:50:09.693163 61394 recstore.cc:66] init folly done
E20240212 15:50:09.693174 61330 recstore.cc:66] init folly done
E20240212 15:50:09.693194 61522 recstore.cc:66] init folly done
I20240212 15:50:09.694591 61714 grad_base.h:60] GraphEnv RegTensorsPerProcess
W20240212 15:50:10.502620 62312 grad_async_v2.h:137] Detect new sample comes, old_end0, new_end1
E20240212 15:50:10.503007 62312 parallel_pq_v2.h:79] insert failed, size(hashtable)=1
I20240212 15:50:10.536599 61330 IPC_barrier.h:118] CreateBarrier: new barrier, name: start_barrier, count: 8
I20240212 15:50:10.536746 61714 IPC_barrier.h:112] CreateBarrier: find existing barrier, name: start_barrier, count: 8
I20240212 15:50:10.538607 61458 IPC_barrier.h:112] CreateBarrier: find existing barrier, name: start_barrier, count: 8
I20240212 15:50:10.540633 61587 IPC_barrier.h:112] CreateBarrier: find existing barrier, name: start_barrier, count: 8
I20240212 15:50:10.544138 61522 IPC_barrier.h:112] CreateBarrier: find existing barrier, name: start_barrier, count: 8
I20240212 15:50:10.544622 61588 IPC_barrier.h:112] CreateBarrier: find existing barrier, name: start_barrier, count: 8
I20240212 15:50:10.546057 61394 IPC_barrier.h:112] CreateBarrier: find existing barrier, name: start_barrier, count: 8
I20240212 15:50:10.549803 61715 IPC_barrier.h:112] CreateBarrier: find existing barrier, name: start_barrier, count: 8
E20240212 15:50:12.590831 62422 parallel_pq_v2.h:79] insert failed, size(hashtable)=0
+---------------------------+---------------------------+---------------------------+
| Name                      | P50                       | P99                       |
+---------------------------+---------------------------+---------------------------+
| GenInput                  | 843.911 us                | 843.911 us                |
| Forward                   | 464.712 ms                | 464.712 ms                |
| Backward                  | 197.501 ms                | 197.501 ms                |
| Optimize                  | 44.105 ms                 | 44.105 ms                 |
| BarrierTimeBeforeRank0    | 29.626 ms                 | 29.626 ms                 |
+---------------------------+---------------------------+---------------------------+
+---------------------------+---------------------------+---------------------------+
| Name                      | P50                       | P99                       |
+---------------------------+---------------------------+---------------------------+
| clean                     | 155.499 us                | 3.675 ms                  |
| ProcessBack:Shuffle       | 300.263 ms                | 339.613 ms                |
| ProcessBack:UpdateCache   | 723.009 ms                | 724.013 ms                |
+---------------------------+---------------------------+---------------------------+
+---------------------------+---------------------------+---------------------------+
| Name                      | P50                       | P99                       |
+---------------------------+---------------------------+---------------------------+
| GenInput                  | 843.911 us                | 843.911 us                |
| Forward                   | 464.712 ms                | 464.712 ms                |
| Backward                  | 197.501 ms                | 197.501 ms                |
| Optimize                  | 44.105 ms                 | 44.105 ms                 |
| BarrierTimeBeforeRank0    | 29.626 ms                 | 29.626 ms                 |
+---------------------------+---------------------------+---------------------------+
+---------------------------+---------------------------+---------------------------+
| Name                      | P50                       | P99                       |
+---------------------------+---------------------------+---------------------------+
| clean                     | 155.499 us                | 3.675 ms                  |
| ProcessBack:Shuffle       | 300.263 ms                | 339.613 ms                |
| ProcessBack:UpdateCache   | 723.009 ms                | 724.013 ms                |
+---------------------------+---------------------------+---------------------------+
+---------------------------+---------------------------+---------------------------+
| Name                      | P50                       | P99                       |
+---------------------------+---------------------------+---------------------------+
| GenInput                  | 843.911 us                | 843.911 us                |
| Forward                   | 464.712 ms                | 464.712 ms                |
| Backward                  | 197.501 ms                | 197.501 ms                |
| Optimize                  | 44.105 ms                 | 44.105 ms                 |
| BarrierTimeBeforeRank0    | 29.626 ms                 | 29.626 ms                 |
+---------------------------+---------------------------+---------------------------+
+---------------------------+---------------------------+---------------------------+
| Name                      | P50                       | P99                       |
+---------------------------+---------------------------+---------------------------+
| clean                     | 155.499 us                | 3.675 ms                  |
| ProcessBack:Shuffle       | 300.263 ms                | 339.613 ms                |
| ProcessBack:UpdateCache   | 723.009 ms                | 724.013 ms                |
+---------------------------+---------------------------+---------------------------+
+---------------------------+---------------------------+---------------------------+
| Name                      | P50                       | P99                       |
+---------------------------+---------------------------+---------------------------+
| GenInput                  | 843.911 us                | 843.911 us                |
| Forward                   | 464.712 ms                | 464.712 ms                |
| Backward                  | 197.501 ms                | 197.501 ms                |
| Optimize                  | 44.105 ms                 | 44.105 ms                 |
| BarrierTimeBeforeRank0    | 29.626 ms                 | 29.626 ms                 |
+---------------------------+---------------------------+---------------------------+
+---------------------------+---------------------------+---------------------------+
| Name                      | P50                       | P99                       |
+---------------------------+---------------------------+---------------------------+
| clean                     | 155.499 us                | 3.675 ms                  |
| ProcessBack:Shuffle       | 300.263 ms                | 339.613 ms                |
| ProcessBack:UpdateCache   | 723.009 ms                | 724.013 ms                |
+---------------------------+---------------------------+---------------------------+
+---------------------------+---------------------------+---------------------------+
| Name                      | P50                       | P99                       |
+---------------------------+---------------------------+---------------------------+
| GenInput                  | 843.911 us                | 843.911 us                |
| Forward                   | 464.712 ms                | 464.712 ms                |
| Backward                  | 197.501 ms                | 197.501 ms                |
| Optimize                  | 44.105 ms                 | 44.105 ms                 |
| BarrierTimeBeforeRank0    | 29.626 ms                 | 29.626 ms                 |
+---------------------------+---------------------------+---------------------------+
+---------------------------+---------------------------+---------------------------+
| Name                      | P50                       | P99                       |
+---------------------------+---------------------------+---------------------------+
| clean                     | 155.499 us                | 3.675 ms                  |
| ProcessBack:Shuffle       | 300.263 ms                | 339.613 ms                |
| ProcessBack:UpdateCache   | 723.009 ms                | 724.013 ms                |
+---------------------------+---------------------------+---------------------------+
+---------------------------+---------------------------+---------------------------+
| Name                      | P50                       | P99                       |
+---------------------------+---------------------------+---------------------------+
| GenInput                  | 843.911 us                | 843.911 us                |
| Forward                   | 464.712 ms                | 464.712 ms                |
| Backward                  | 197.501 ms                | 197.501 ms                |
| Optimize                  | 44.105 ms                 | 44.105 ms                 |
| BarrierTimeBeforeRank0    | 29.626 ms                 | 29.626 ms                 |
+---------------------------+---------------------------+---------------------------+
+---------------------------+---------------------------+---------------------------+
| Name                      | P50                       | P99                       |
+---------------------------+---------------------------+---------------------------+
| clean                     | 155.499 us                | 3.675 ms                  |
| ProcessBack:Shuffle       | 300.263 ms                | 339.613 ms                |
| ProcessBack:UpdateCache   | 723.009 ms                | 724.013 ms                |
+---------------------------+---------------------------+---------------------------+
+---------------------------+---------------------------+---------------------------+
| Name                      | P50                       | P99                       |
+---------------------------+---------------------------+---------------------------+
| GenInput                  | 843.911 us                | 843.911 us                |
| Forward                   | 464.712 ms                | 464.712 ms                |
| Backward                  | 197.501 ms                | 197.501 ms                |
| Optimize                  | 44.105 ms                 | 44.105 ms                 |
| BarrierTimeBeforeRank0    | 29.626 ms                 | 29.626 ms                 |
+---------------------------+---------------------------+---------------------------+
+---------------------------+---------------------------+---------------------------+
| Name                      | P50                       | P99                       |
+---------------------------+---------------------------+---------------------------+
| clean                     | 155.499 us                | 3.675 ms                  |
| ProcessBack:Shuffle       | 300.263 ms                | 339.613 ms                |
| ProcessBack:UpdateCache   | 723.009 ms                | 724.013 ms                |
+---------------------------+---------------------------+---------------------------+
+---------------------------+---------------------------+---------------------------+
| Name                      | P50                       | P99                       |
+---------------------------+---------------------------+---------------------------+
| GenInput                  | 843.911 us                | 843.911 us                |
| Forward                   | 464.712 ms                | 464.712 ms                |
| Backward                  | 197.501 ms                | 197.501 ms                |
| Optimize                  | 44.105 ms                 | 44.105 ms                 |
| BarrierTimeBeforeRank0    | 29.626 ms                 | 29.626 ms                 |
+---------------------------+---------------------------+---------------------------+
+---------------------------+---------------------------+---------------------------+
| Name                      | P50                       | P99                       |
+---------------------------+---------------------------+---------------------------+
| clean                     | 155.499 us                | 3.675 ms                  |
| ProcessBack:Shuffle       | 300.263 ms                | 339.613 ms                |
| ProcessBack:UpdateCache   | 723.009 ms                | 724.013 ms                |
+---------------------------+---------------------------+---------------------------+
+---------------------------+---------------------------+---------------------------+
| Name                      | P50                       | P99                       |
+---------------------------+---------------------------+---------------------------+
| GenInput                  | 843.911 us                | 843.911 us                |
| Forward                   | 464.712 ms                | 464.712 ms                |
| Backward                  | 197.501 ms                | 197.501 ms                |
| Optimize                  | 44.105 ms                 | 44.105 ms                 |
| BarrierTimeBeforeRank0    | 29.626 ms                 | 29.626 ms                 |
+---------------------------+---------------------------+---------------------------+
+---------------------------+---------------------------+---------------------------+
| Name                      | P50                       | P99                       |
+---------------------------+---------------------------+---------------------------+
| clean                     | 155.499 us                | 3.675 ms                  |
| ProcessBack:Shuffle       | 300.263 ms                | 339.613 ms                |
| ProcessBack:UpdateCache   | 723.009 ms                | 724.013 ms                |
+---------------------------+---------------------------+---------------------------+
+---------------------------+---------------------------+---------------------------+
| Name                      | P50                       | P99                       |
+---------------------------+---------------------------+---------------------------+
| GenInput                  | 843.911 us                | 843.911 us                |
| Forward                   | 464.712 ms                | 464.712 ms                |
| Backward                  | 197.501 ms                | 197.501 ms                |
| Optimize                  | 44.105 ms                 | 44.105 ms                 |
| BarrierTimeBeforeRank0    | 29.626 ms                 | 29.626 ms                 |
+---------------------------+---------------------------+---------------------------+
+---------------------------+---------------------------+---------------------------+
| Name                      | P50                       | P99                       |
+---------------------------+---------------------------+---------------------------+
| clean                     | 155.499 us                | 3.675 ms                  |
| ProcessBack:Shuffle       | 300.263 ms                | 339.613 ms                |
| ProcessBack:UpdateCache   | 723.009 ms                | 724.013 ms                |
+---------------------------+---------------------------+---------------------------+
+---------------------------+---------------------------+---------------------------+
| Name                      | P50                       | P99                       |
+---------------------------+---------------------------+---------------------------+
| GenInput                  | 843.911 us                | 843.911 us                |
| Forward                   | 464.712 ms                | 464.712 ms                |
| Backward                  | 197.501 ms                | 197.501 ms                |
| Optimize                  | 44.105 ms                 | 44.105 ms                 |
| BarrierTimeBeforeRank0    | 29.626 ms                 | 29.626 ms                 |
+---------------------------+---------------------------+---------------------------+
+---------------------------+---------------------------+---------------------------+
| Name                      | P50                       | P99                       |
+---------------------------+---------------------------+---------------------------+
| clean                     | 155.499 us                | 3.675 ms                  |
| ProcessBack:Shuffle       | 300.263 ms                | 339.613 ms                |
| ProcessBack:UpdateCache   | 723.009 ms                | 724.013 ms                |
+---------------------------+---------------------------+---------------------------+
+---------------------------+---------------------------+---------------------------+
| Name                      | P50                       | P99                       |
+---------------------------+---------------------------+---------------------------+
| GenInput                  | 843.911 us                | 843.911 us                |
| Forward                   | 464.712 ms                | 464.712 ms                |
| Backward                  | 197.501 ms                | 197.501 ms                |
| Optimize                  | 44.105 ms                 | 44.105 ms                 |
| BarrierTimeBeforeRank0    | 29.626 ms                 | 29.626 ms                 |
+---------------------------+---------------------------+---------------------------+
+---------------------------+---------------------------+---------------------------+
| Name                      | P50                       | P99                       |
+---------------------------+---------------------------+---------------------------+
| clean                     | 155.499 us                | 3.675 ms                  |
| ProcessBack:Shuffle       | 300.263 ms                | 339.613 ms                |
| ProcessBack:UpdateCache   | 723.009 ms                | 724.013 ms                |
+---------------------------+---------------------------+---------------------------+
+---------------------------+---------------------------+---------------------------+
| Name                      | P50                       | P99                       |
+---------------------------+---------------------------+---------------------------+
| GenInput                  | 843.911 us                | 843.911 us                |
| Forward                   | 464.712 ms                | 464.712 ms                |
| Backward                  | 197.501 ms                | 197.501 ms                |
| Optimize                  | 44.105 ms                 | 44.105 ms                 |
| BarrierTimeBeforeRank0    | 29.626 ms                 | 29.626 ms                 |
+---------------------------+---------------------------+---------------------------+
+---------------------------+---------------------------+---------------------------+
| Name                      | P50                       | P99                       |
+---------------------------+---------------------------+---------------------------+
| clean                     | 155.499 us                | 3.675 ms                  |
| ProcessBack:Shuffle       | 300.263 ms                | 339.613 ms                |
| ProcessBack:UpdateCache   | 723.009 ms                | 724.013 ms                |
+---------------------------+---------------------------+---------------------------+
+---------------------------+---------------------------+---------------------------+
| Name                      | P50                       | P99                       |
+---------------------------+---------------------------+---------------------------+
