WARNING: Logging before InitGoogleLogging() is written to STDERR
I20240124 20:36:03.960397 38991 IPC_barrier.h:128] MultiProcessBarrierFactory->ClearIPCMemory()
/home/xieminhui/RecStore/src/framework_adapters/torch/kg/dgl-0.9.1/python/dgl/_deprecate/graph.py:1023: DGLWarning: multigraph will be deprecated.DGL will treat all graphs as multigraph in the future.
  dgl_warning("multigraph will be deprecated." \
/home/xieminhui/RecStore/src/framework_adapters/torch/kg/dgl-0.9.1/python/dgl/heterograph.py:72: DGLWarning: Recommend creating graphs by `dgl.graph(data)` instead of `dgl.DGLGraph(data)`.
  dgl_warning('Recommend creating graphs by `dgl.graph(data)`'
Reading train triples....
Finished. Read 304727650 train triples.
Reading valid triples....
Finished. Read 16929318 valid triples.
Reading test triples....
Finished. Read 16929308 test triples.
ARGS:  Namespace(model_name='DistMult', data_path='/home/xieminhui/dgl-data', dataset='Freebase', format='built_in', data_files=None, delimiter='\t', save_path='/tmp/ckpts/DistMult_Freebase_0', no_save_emb=True, max_step=500, batch_size=400, batch_size_eval=16, neg_sample_size=200, neg_deg_sample=False, neg_deg_sample_eval=False, neg_sample_size_eval=86054151, eval_percent=1, no_eval_filter=False, log_interval=100, eval_interval=10000, test=False, num_proc=8, num_thread=1, force_sync_interval=1, hidden_dim=400, lr=0.01, gamma=16.0, double_ent=False, double_rel=False, neg_adversarial_sampling=False, adversarial_temperature=1.0, regularization_coef=0.0, regularization_norm=3, pairwise=False, loss_genre='Logsigmoid', margin=1.0, nr_gpus=8, gpu=[0, 1, 2, 3, 4, 5, 6, 7], mix_cpu_gpu=True, valid=False, rel_part=False, async_update=None, has_edge_importance=False, cached_emb_type='KnownLocalCachedEmbedding', use_my_emb=True, cache_ratio=0.05, shuffle=False, backwardMode='CppAsyncV2', L=10, kForwardItersPerStep=2, backgrad_init='both', eval_filter=True, soft_rel_part=False)
|Train|: 304727650
original graph:  DGLGraph(num_nodes=86054151, num_edges=338586276,
         ndata_schemes={}
         edata_schemes={'tid': Scheme(shape=(), dtype=torch.int64)})
Loading cached metis
WARNING [38991 sampler.py:454] Start PreSampling
WARNING [38991 sampler.py:532] Before construct renumbering_dict
WARNING [38991 sampler.py:555] PreSampling done
W20240124 20:47:57.235612 38991 IPCTensor.h:365] NewIPCTensor: cached_sampler_r0_0 [100000]0x100000002000 781.2 kB
W20240124 20:47:57.235834 38991 IPCTensor.h:365] NewIPCTensor: cached_sampler_r0_1 [100000]0x1000000c7000 781.2 kB
W20240124 20:47:57.235864 38991 IPCTensor.h:365] NewIPCTensor: cached_sampler_r0_2 [100000]0x10000018c000 781.2 kB
W20240124 20:47:57.235898 38991 IPCTensor.h:365] NewIPCTensor: cached_sampler_r0_3 [100000]0x100000251000 781.2 kB
W20240124 20:47:57.235925 38991 IPCTensor.h:365] NewIPCTensor: cached_sampler_r0_4 [100000]0x100000316000 781.2 kB
W20240124 20:47:57.235960 38991 IPCTensor.h:365] NewIPCTensor: cached_sampler_r0_5 [100000]0x1000003db000 781.2 kB
W20240124 20:47:57.235986 38991 IPCTensor.h:365] NewIPCTensor: cached_sampler_r0_6 [100000]0x1000004a0000 781.2 kB
W20240124 20:47:57.236019 38991 IPCTensor.h:365] NewIPCTensor: cached_sampler_r0_7 [100000]0x100000565000 781.2 kB
W20240124 20:47:57.236042 38991 IPCTensor.h:365] NewIPCTensor: cached_sampler_r0_8 [100000]0x10000062a000 781.2 kB
W20240124 20:47:57.236061 38991 IPCTensor.h:365] NewIPCTensor: cached_sampler_r0_9 [100000]0x1000006ef000 781.2 kB
W20240124 20:47:57.236099 38991 IPCTensor.h:365] NewIPCTensor: step_r0 [10]0x1000007b4000 80 B 
W20240124 20:47:57.236120 38991 IPCTensor.h:365] NewIPCTensor: circle_buffer_end_r0 [1]0x1000007b6000 8 B 
W20240124 20:47:57.236145 38991 IPCTensor.h:365] NewIPCTensor: circle_buffer_end_cppseen_r0 [1]0x1000007b8000 8 B 
W20240124 20:47:57.236312 38991 IPCTensor.h:365] NewIPCTensor: cached_sampler_r1_0 [100000]0x1000007ba000 781.2 kB
W20240124 20:47:57.236346 38991 IPCTensor.h:365] NewIPCTensor: cached_sampler_r1_1 [100000]0x10000087f000 781.2 kB
W20240124 20:47:57.236367 38991 IPCTensor.h:365] NewIPCTensor: cached_sampler_r1_2 [100000]0x100000944000 781.2 kB
W20240124 20:47:57.236409 38991 IPCTensor.h:365] NewIPCTensor: cached_sampler_r1_3 [100000]0x100000a09000 781.2 kB
W20240124 20:47:57.236444 38991 IPCTensor.h:365] NewIPCTensor: cached_sampler_r1_4 [100000]0x100000ace000 781.2 kB
W20240124 20:47:57.236465 38991 IPCTensor.h:365] NewIPCTensor: cached_sampler_r1_5 [100000]0x100000b93000 781.2 kB
W20240124 20:47:57.236490 38991 IPCTensor.h:365] NewIPCTensor: cached_sampler_r1_6 [100000]0x100000c58000 781.2 kB
W20240124 20:47:57.236516 38991 IPCTensor.h:365] NewIPCTensor: cached_sampler_r1_7 [100000]0x100000d1d000 781.2 kB
W20240124 20:47:57.236539 38991 IPCTensor.h:365] NewIPCTensor: cached_sampler_r1_8 [100000]0x100000de2000 781.2 kB
W20240124 20:47:57.236564 38991 IPCTensor.h:365] NewIPCTensor: cached_sampler_r1_9 [100000]0x100000ea7000 781.2 kB
W20240124 20:47:57.236590 38991 IPCTensor.h:365] NewIPCTensor: step_r1 [10]0x100000f6c000 80 B 
W20240124 20:47:57.236609 38991 IPCTensor.h:365] NewIPCTensor: circle_buffer_end_r1 [1]0x100000f6e000 8 B 
W20240124 20:47:57.236634 38991 IPCTensor.h:365] NewIPCTensor: circle_buffer_end_cppseen_r1 [1]0x100000f70000 8 B 
W20240124 20:47:57.236678 38991 IPCTensor.h:365] NewIPCTensor: cached_sampler_r2_0 [100000]0x100000f72000 781.2 kB
W20240124 20:47:57.236706 38991 IPCTensor.h:365] NewIPCTensor: cached_sampler_r2_1 [100000]0x100001037000 781.2 kB
W20240124 20:47:57.236734 38991 IPCTensor.h:365] NewIPCTensor: cached_sampler_r2_2 [100000]0x1000010fc000 781.2 kB
W20240124 20:47:57.236757 38991 IPCTensor.h:365] NewIPCTensor: cached_sampler_r2_3 [100000]0x1000011c1000 781.2 kB
W20240124 20:47:57.236780 38991 IPCTensor.h:365] NewIPCTensor: cached_sampler_r2_4 [100000]0x100001286000 781.2 kB
W20240124 20:47:57.236814 38991 IPCTensor.h:365] NewIPCTensor: cached_sampler_r2_5 [100000]0x10000134b000 781.2 kB
W20240124 20:47:57.236845 38991 IPCTensor.h:365] NewIPCTensor: cached_sampler_r2_6 [100000]0x100001410000 781.2 kB
W20240124 20:47:57.236873 38991 IPCTensor.h:365] NewIPCTensor: cached_sampler_r2_7 [100000]0x1000014d5000 781.2 kB
W20240124 20:47:57.236894 38991 IPCTensor.h:365] NewIPCTensor: cached_sampler_r2_8 [100000]0x10000159a000 781.2 kB
W20240124 20:47:57.236928 38991 IPCTensor.h:365] NewIPCTensor: cached_sampler_r2_9 [100000]0x10000165f000 781.2 kB
W20240124 20:47:57.236953 38991 IPCTensor.h:365] NewIPCTensor: step_r2 [10]0x100001724000 80 B 
W20240124 20:47:57.236970 38991 IPCTensor.h:365] NewIPCTensor: circle_buffer_end_r2 [1]0x100001726000 8 B 
W20240124 20:47:57.236992 38991 IPCTensor.h:365] NewIPCTensor: circle_buffer_end_cppseen_r2 [1]0x100001728000 8 B 
W20240124 20:47:57.237042 38991 IPCTensor.h:365] NewIPCTensor: cached_sampler_r3_0 [100000]0x10000172a000 781.2 kB
W20240124 20:47:57.237076 38991 IPCTensor.h:365] NewIPCTensor: cached_sampler_r3_1 [100000]0x1000017ef000 781.2 kB
W20240124 20:47:57.237097 38991 IPCTensor.h:365] NewIPCTensor: cached_sampler_r3_2 [100000]0x1000018b4000 781.2 kB
W20240124 20:47:57.237128 38991 IPCTensor.h:365] NewIPCTensor: cached_sampler_r3_3 [100000]0x100001979000 781.2 kB
W20240124 20:47:57.237157 38991 IPCTensor.h:365] NewIPCTensor: cached_sampler_r3_4 [100000]0x100001a3e000 781.2 kB
W20240124 20:47:57.237188 38991 IPCTensor.h:365] NewIPCTensor: cached_sampler_r3_5 [100000]0x100001b03000 781.2 kB
W20240124 20:47:57.237215 38991 IPCTensor.h:365] NewIPCTensor: cached_sampler_r3_6 [100000]0x100001bc8000 781.2 kB
W20240124 20:47:57.237236 38991 IPCTensor.h:365] NewIPCTensor: cached_sampler_r3_7 [100000]0x100001c8d000 781.2 kB
W20240124 20:47:57.237264 38991 IPCTensor.h:365] NewIPCTensor: cached_sampler_r3_8 [100000]0x100001d52000 781.2 kB
W20240124 20:47:57.237286 38991 IPCTensor.h:365] NewIPCTensor: cached_sampler_r3_9 [100000]0x100001e17000 781.2 kB
W20240124 20:47:57.237308 38991 IPCTensor.h:365] NewIPCTensor: step_r3 [10]0x100001edc000 80 B 
W20240124 20:47:57.237325 38991 IPCTensor.h:365] NewIPCTensor: circle_buffer_end_r3 [1]0x100001ede000 8 B 
W20240124 20:47:57.237344 38991 IPCTensor.h:365] NewIPCTensor: circle_buffer_end_cppseen_r3 [1]0x100001ee0000 8 B 
W20240124 20:47:57.237385 38991 IPCTensor.h:365] NewIPCTensor: cached_sampler_r4_0 [100000]0x100001ee2000 781.2 kB
W20240124 20:47:57.237421 38991 IPCTensor.h:365] NewIPCTensor: cached_sampler_r4_1 [100000]0x100001fa7000 781.2 kB
W20240124 20:47:57.237447 38991 IPCTensor.h:365] NewIPCTensor: cached_sampler_r4_2 [100000]0x10000206c000 781.2 kB
W20240124 20:47:57.237473 38991 IPCTensor.h:365] NewIPCTensor: cached_sampler_r4_3 [100000]0x100002131000 781.2 kB
W20240124 20:47:57.237502 38991 IPCTensor.h:365] NewIPCTensor: cached_sampler_r4_4 [100000]0x1000021f6000 781.2 kB
W20240124 20:47:57.237534 38991 IPCTensor.h:365] NewIPCTensor: cached_sampler_r4_5 [100000]0x1000022bb000 781.2 kB
W20240124 20:47:57.237560 38991 IPCTensor.h:365] NewIPCTensor: cached_sampler_r4_6 [100000]0x100002380000 781.2 kB
W20240124 20:47:57.237596 38991 IPCTensor.h:365] NewIPCTensor: cached_sampler_r4_7 [100000]0x100002445000 781.2 kB
W20240124 20:47:57.237618 38991 IPCTensor.h:365] NewIPCTensor: cached_sampler_r4_8 [100000]0x10000250a000 781.2 kB
W20240124 20:47:57.237646 38991 IPCTensor.h:365] NewIPCTensor: cached_sampler_r4_9 [100000]0x1000025cf000 781.2 kB
W20240124 20:47:57.237666 38991 IPCTensor.h:365] NewIPCTensor: step_r4 [10]0x100002694000 80 B 
W20240124 20:47:57.237684 38991 IPCTensor.h:365] NewIPCTensor: circle_buffer_end_r4 [1]0x100002696000 8 B 
W20240124 20:47:57.237701 38991 IPCTensor.h:365] NewIPCTensor: circle_buffer_end_cppseen_r4 [1]0x100002698000 8 B 
W20240124 20:47:57.237743 38991 IPCTensor.h:365] NewIPCTensor: cached_sampler_r5_0 [100000]0x10000269a000 781.2 kB
W20240124 20:47:57.237771 38991 IPCTensor.h:365] NewIPCTensor: cached_sampler_r5_1 [100000]0x10000275f000 781.2 kB
W20240124 20:47:57.237800 38991 IPCTensor.h:365] NewIPCTensor: cached_sampler_r5_2 [100000]0x100002824000 781.2 kB
W20240124 20:47:57.237820 38991 IPCTensor.h:365] NewIPCTensor: cached_sampler_r5_3 [100000]0x1000028e9000 781.2 kB
W20240124 20:47:57.237840 38991 IPCTensor.h:365] NewIPCTensor: cached_sampler_r5_4 [100000]0x1000029ae000 781.2 kB
W20240124 20:47:57.237864 38991 IPCTensor.h:365] NewIPCTensor: cached_sampler_r5_5 [100000]0x100002a73000 781.2 kB
W20240124 20:47:57.237884 38991 IPCTensor.h:365] NewIPCTensor: cached_sampler_r5_6 [100000]0x100002b38000 781.2 kB
W20240124 20:47:57.237906 38991 IPCTensor.h:365] NewIPCTensor: cached_sampler_r5_7 [100000]0x100002bfd000 781.2 kB
W20240124 20:47:57.237929 38991 IPCTensor.h:365] NewIPCTensor: cached_sampler_r5_8 [100000]0x100002cc2000 781.2 kB
W20240124 20:47:57.237953 38991 IPCTensor.h:365] NewIPCTensor: cached_sampler_r5_9 [100000]0x100002d87000 781.2 kB
W20240124 20:47:57.237973 38991 IPCTensor.h:365] NewIPCTensor: step_r5 [10]0x100002e4c000 80 B 
W20240124 20:47:57.237990 38991 IPCTensor.h:365] NewIPCTensor: circle_buffer_end_r5 [1]0x100002e4e000 8 B 
W20240124 20:47:57.238008 38991 IPCTensor.h:365] NewIPCTensor: circle_buffer_end_cppseen_r5 [1]0x100002e50000 8 B 
W20240124 20:47:57.238045 38991 IPCTensor.h:365] NewIPCTensor: cached_sampler_r6_0 [100000]0x100002e52000 781.2 kB
W20240124 20:47:57.238075 38991 IPCTensor.h:365] NewIPCTensor: cached_sampler_r6_1 [100000]0x100002f17000 781.2 kB
W20240124 20:47:57.238101 38991 IPCTensor.h:365] NewIPCTensor: cached_sampler_r6_2 [100000]0x100002fdc000 781.2 kB
W20240124 20:47:57.238121 38991 IPCTensor.h:365] NewIPCTensor: cached_sampler_r6_3 [100000]0x1000030a1000 781.2 kB
W20240124 20:47:57.238144 38991 IPCTensor.h:365] NewIPCTensor: cached_sampler_r6_4 [100000]0x100003166000 781.2 kB
W20240124 20:47:57.238180 38991 IPCTensor.h:365] NewIPCTensor: cached_sampler_r6_5 [100000]0x10000322b000 781.2 kB
W20240124 20:47:57.238204 38991 IPCTensor.h:365] NewIPCTensor: cached_sampler_r6_6 [100000]0x1000032f0000 781.2 kB
W20240124 20:47:57.238232 38991 IPCTensor.h:365] NewIPCTensor: cached_sampler_r6_7 [100000]0x1000033b5000 781.2 kB
W20240124 20:47:57.238253 38991 IPCTensor.h:365] NewIPCTensor: cached_sampler_r6_8 [100000]0x10000347a000 781.2 kB
W20240124 20:47:57.238277 38991 IPCTensor.h:365] NewIPCTensor: cached_sampler_r6_9 [100000]0x10000353f000 781.2 kB
W20240124 20:47:57.238301 38991 IPCTensor.h:365] NewIPCTensor: step_r6 [10]0x100003604000 80 B 
W20240124 20:47:57.238322 38991 IPCTensor.h:365] NewIPCTensor: circle_buffer_end_r6 [1]0x100003606000 8 B 
W20240124 20:47:57.238344 38991 IPCTensor.h:365] NewIPCTensor: circle_buffer_end_cppseen_r6 [1]0x100003608000 8 B 
W20240124 20:47:57.238389 38991 IPCTensor.h:365] NewIPCTensor: cached_sampler_r7_0 [100000]0x10000360a000 781.2 kB
W20240124 20:47:57.238420 38991 IPCTensor.h:365] NewIPCTensor: cached_sampler_r7_1 [100000]0x1000036cf000 781.2 kB
W20240124 20:47:57.238445 38991 IPCTensor.h:365] NewIPCTensor: cached_sampler_r7_2 [100000]0x100003794000 781.2 kB
W20240124 20:47:57.238466 38991 IPCTensor.h:365] NewIPCTensor: cached_sampler_r7_3 [100000]0x100003859000 781.2 kB
W20240124 20:47:57.238492 38991 IPCTensor.h:365] NewIPCTensor: cached_sampler_r7_4 [100000]0x10000391e000 781.2 kB
W20240124 20:47:57.238516 38991 IPCTensor.h:365] NewIPCTensor: cached_sampler_r7_5 [100000]0x1000039e3000 781.2 kB
W20240124 20:47:57.238536 38991 IPCTensor.h:365] NewIPCTensor: cached_sampler_r7_6 [100000]0x100003aa8000 781.2 kB
W20240124 20:47:57.238556 38991 IPCTensor.h:365] NewIPCTensor: cached_sampler_r7_7 [100000]0x100003b6d000 781.2 kB
W20240124 20:47:57.238579 38991 IPCTensor.h:365] NewIPCTensor: cached_sampler_r7_8 [100000]0x100003c32000 781.2 kB
W20240124 20:47:57.238606 38991 IPCTensor.h:365] NewIPCTensor: cached_sampler_r7_9 [100000]0x100003cf7000 781.2 kB
W20240124 20:47:57.238632 38991 IPCTensor.h:365] NewIPCTensor: step_r7 [10]0x100003dbc000 80 B 
W20240124 20:47:57.238649 38991 IPCTensor.h:365] NewIPCTensor: circle_buffer_end_r7 [1]0x100003dbe000 8 B 
W20240124 20:47:57.238665 38991 IPCTensor.h:365] NewIPCTensor: circle_buffer_end_cppseen_r7 [1]0x100003dc0000 8 B 
W20240124 20:47:57.613080 38991 IPCTensor.h:365] NewIPCTensor: full_emb [86054151, 400]0x100003dc2000 128.2 GB
W20240124 20:47:57.613253 38991 IPCTensor.h:365] NewIPCTensor: full_emb_SparseRowWiseAdaGrad_sum [86054151]0x1020129fa000 328.3 MB
{0: Graph(num_nodes=18933917, num_edges=55424977,
      ndata_schemes={'_ID': Scheme(shape=(), dtype=torch.int64), 'inner_node': Scheme(shape=(), dtype=torch.int32), 'part_id': Scheme(shape=(), dtype=torch.int64)}
      edata_schemes={'_ID': Scheme(shape=(), dtype=torch.int64), 'inner_edge': Scheme(shape=(), dtype=torch.int8)}), 1: Graph(num_nodes=13553612, num_edges=52144637,
      ndata_schemes={'_ID': Scheme(shape=(), dtype=torch.int64), 'inner_node': Scheme(shape=(), dtype=torch.int32), 'part_id': Scheme(shape=(), dtype=torch.int64)}
      edata_schemes={'_ID': Scheme(shape=(), dtype=torch.int64), 'inner_edge': Scheme(shape=(), dtype=torch.int8)}), 2: Graph(num_nodes=12534799, num_edges=46200271,
      ndata_schemes={'_ID': Scheme(shape=(), dtype=torch.int64), 'inner_node': Scheme(shape=(), dtype=torch.int32), 'part_id': Scheme(shape=(), dtype=torch.int64)}
      edata_schemes={'_ID': Scheme(shape=(), dtype=torch.int64), 'inner_edge': Scheme(shape=(), dtype=torch.int8)}), 3: Graph(num_nodes=12686041, num_edges=52326269,
      ndata_schemes={'_ID': Scheme(shape=(), dtype=torch.int64), 'inner_node': Scheme(shape=(), dtype=torch.int32), 'part_id': Scheme(shape=(), dtype=torch.int64)}
      edata_schemes={'_ID': Scheme(shape=(), dtype=torch.int64), 'inner_edge': Scheme(shape=(), dtype=torch.int8)}), 4: Graph(num_nodes=15590560, num_edges=56579771,
      ndata_schemes={'_ID': Scheme(shape=(), dtype=torch.int64), 'inner_node': Scheme(shape=(), dtype=torch.int32), 'part_id': Scheme(shape=(), dtype=torch.int64)}
      edata_schemes={'_ID': Scheme(shape=(), dtype=torch.int64), 'inner_edge': Scheme(shape=(), dtype=torch.int8)}), 5: Graph(num_nodes=14580085, num_edges=37397287,
      ndata_schemes={'_ID': Scheme(shape=(), dtype=torch.int64), 'inner_node': Scheme(shape=(), dtype=torch.int32), 'part_id': Scheme(shape=(), dtype=torch.int64)}
      edata_schemes={'_ID': Scheme(shape=(), dtype=torch.int64), 'inner_edge': Scheme(shape=(), dtype=torch.int8)}), 6: Graph(num_nodes=12323776, num_edges=47000589,
      ndata_schemes={'_ID': Scheme(shape=(), dtype=torch.int64), 'inner_node': Scheme(shape=(), dtype=torch.int32), 'part_id': Scheme(shape=(), dtype=torch.int64)}
      edata_schemes={'_ID': Scheme(shape=(), dtype=torch.int64), 'inner_edge': Scheme(shape=(), dtype=torch.int8)}), 7: Graph(num_nodes=13847704, num_edges=34618513,
      ndata_schemes={'_ID': Scheme(shape=(), dtype=torch.int64), 'inner_node': Scheme(shape=(), dtype=torch.int32), 'part_id': Scheme(shape=(), dtype=torch.int64)}
      edata_schemes={'_ID': Scheme(shape=(), dtype=torch.int64), 'inner_edge': Scheme(shape=(), dtype=torch.int8)})}
MertisPartition: part 0 has 18933917 N 55424977 E
MertisPartition: part 1 has 13553612 N 52144637 E
MertisPartition: part 2 has 12534799 N 46200271 E
MertisPartition: part 3 has 12686041 N 52326269 E
MertisPartition: part 4 has 15590560 N 56579771 E
MertisPartition: part 5 has 14580085 N 37397287 E
MertisPartition: part 6 has 12323776 N 47000589 E
MertisPartition: part 7 has 13847704 N 34618513 E
Rank0: cached key size 537838
Rank1: cached key size 537838
Rank2: cached key size 537838
Rank3: cached key size 537838
Rank4: cached key size 537838
Rank5: cached key size 537838
Rank6: cached key size 537838
Rank7: cached key size 537838
Before renumbering graph:  {'_ID': tensor([       0,        1,        2,  ..., 20485189,  3195844, 27748820]), 'inner_node': tensor([1, 1, 1,  ..., 0, 0, 0], dtype=torch.int32), 'part_id': tensor([0, 0, 0,  ..., 4, 6, 4])}
After renumbering graph:  {'_ID': tensor([ 4302783,  4302822,    45011,  ..., 49765074, 19462819, 28964729]), 'inner_node': tensor([1, 1, 1,  ..., 0, 0, 0], dtype=torch.int32), 'part_id': tensor([0, 0, 0,  ..., 4, 6, 4])}
part_g: DGLGraph(num_nodes=18933917, num_edges=55424977,
         ndata_schemes={'_ID': Scheme(shape=(), dtype=torch.int64)}
         edata_schemes={'tid': Scheme(shape=(), dtype=torch.int64)})
part_g: DGLGraph(num_nodes=18933917, num_edges=55424977,
         ndata_schemes={'_ID': Scheme(shape=(), dtype=torch.int64)}
         edata_schemes={'tid': Scheme(shape=(), dtype=torch.int64)})
Total initialize time 890.935 seconds
[Rank1] pid = 63802
[Rank2] pid = 63891
[Rank3] pid = 63973
[Rank4] pid = 64055
[Rank5] pid = 64137
[Rank6] pid = 64297
INFO [38991 distributed_c10d.py:442] Added key: store_based_barrier_key:1 to store for rank: 0
INFO [63802 distributed_c10d.py:442] Added key: store_based_barrier_key:1 to store for rank: 1
INFO [64449 distributed_c10d.py:442] Added key: store_based_barrier_key:1 to store for rank: 7
INFO [63891 distributed_c10d.py:442] Added key: store_based_barrier_key:1 to store for rank: 2
INFO [63973 distributed_c10d.py:442] Added key: store_based_barrier_key:1 to store for rank: 3
INFO [64449 distributed_c10d.py:476] Rank 7: Completed store-based barrier for key:store_based_barrier_key:1 with 8 nodes.
INFO [64137 distributed_c10d.py:442] Added key: store_based_barrier_key:1 to store for rank: 5
INFO [64055 distributed_c10d.py:442] Added key: store_based_barrier_key:1 to store for rank: 4
INFO [64297 distributed_c10d.py:442] Added key: store_based_barrier_key:1 to store for rank: 6
INFO [64137 distributed_c10d.py:476] Rank 5: Completed store-based barrier for key:store_based_barrier_key:1 with 8 nodes.
INFO [63891 distributed_c10d.py:476] Rank 2: Completed store-based barrier for key:store_based_barrier_key:1 with 8 nodes.
INFO [64297 distributed_c10d.py:476] Rank 6: Completed store-based barrier for key:store_based_barrier_key:1 with 8 nodes.
INFO [64055 distributed_c10d.py:476] Rank 4: Completed store-based barrier for key:store_based_barrier_key:1 with 8 nodes.
INFO [63973 distributed_c10d.py:476] Rank 3: Completed store-based barrier for key:store_based_barrier_key:1 with 8 nodes.
INFO [63802 distributed_c10d.py:476] Rank 1: Completed store-based barrier for key:store_based_barrier_key:1 with 8 nodes.
W20240124 20:51:02.719132 64513 IPCTensor.h:405] NewIPCGPUTensor: embedding_cache_7 [4302707, 400]; dev=7; size=6.412 GB
INFO [38991 distributed_c10d.py:476] Rank 0: Completed store-based barrier for key:store_based_barrier_key:1 with 8 nodes.
W20240124 20:51:02.721627 64056 IPCTensor.h:405] NewIPCGPUTensor: embedding_cache_4 [4302707, 400]; dev=4; size=6.412 GB
W20240124 20:51:02.721783 63892 IPCTensor.h:405] NewIPCGPUTensor: embedding_cache_2 [4302707, 400]; dev=2; size=6.412 GB
W20240124 20:51:02.721789 63803 IPCTensor.h:405] NewIPCGPUTensor: embedding_cache_1 [4302707, 400]; dev=1; size=6.412 GB
W20240124 20:51:02.721794 64298 IPCTensor.h:405] NewIPCGPUTensor: embedding_cache_6 [4302707, 400]; dev=6; size=6.412 GB
W20240124 20:51:02.722048 63974 IPCTensor.h:405] NewIPCGPUTensor: embedding_cache_3 [4302707, 400]; dev=3; size=6.412 GB
W20240124 20:51:02.722047 64138 IPCTensor.h:405] NewIPCGPUTensor: embedding_cache_5 [4302707, 400]; dev=5; size=6.412 GB
W20240124 20:51:02.745878 64450 IPCTensor.h:405] NewIPCGPUTensor: embedding_cache_0 [4302707, 400]; dev=0; size=6.412 GB
W20240124 20:51:02.866402 64513 IPCTensor.h:365] NewIPCTensor: input_keys_7 [100000]0x102027251000 781.2 kB
W20240124 20:51:02.866542 64298 IPCTensor.h:365] NewIPCTensor: input_keys_6 [100000]0x102027316000 781.2 kB
W20240124 20:51:02.866596 64138 IPCTensor.h:365] NewIPCTensor: input_keys_5 [100000]0x1020273db000 781.2 kB
W20240124 20:51:02.866607 64450 IPCTensor.h:365] NewIPCTensor: input_keys_0 [100000]0x1020274a0000 781.2 kB
W20240124 20:51:02.866641 63892 IPCTensor.h:365] NewIPCTensor: input_keys_2 [100000]0x102027565000 781.2 kB
W20240124 20:51:02.866744 64056 IPCTensor.h:365] NewIPCTensor: input_keys_4 [100000]0x10202762a000 781.2 kB
W20240124 20:51:02.866765 63974 IPCTensor.h:365] NewIPCTensor: input_keys_3 [100000]0x1020277b4000 781.2 kB
W20240124 20:51:02.866755 63803 IPCTensor.h:365] NewIPCTensor: input_keys_1 [100000]0x1020276ef000 781.2 kB
W20240124 20:51:02.867120 64138 IPCTensor.h:365] NewIPCTensor: input_keys_neg_5 [100000]0x102027879000 781.2 kB
W20240124 20:51:02.867313 64138 IPCTensor.h:365] NewIPCTensor: backward_grads_5 [100000, 400]0x10202793e000 152.6 MB
W20240124 20:51:02.867489 64138 IPCTensor.h:365] NewIPCTensor: backward_grads_neg_5 [100000, 400]0x1020311d6000 152.6 MB
W20240124 20:51:02.867520 64298 IPCTensor.h:365] NewIPCTensor: input_keys_neg_6 [100000]0x10203aa6e000 781.2 kB
W20240124 20:51:02.867560 64450 IPCTensor.h:365] NewIPCTensor: input_keys_neg_0 [100000]0x10203ab33000 781.2 kB
W20240124 20:51:02.867635 63974 IPCTensor.h:365] NewIPCTensor: input_keys_neg_3 [100000]0x10203abf8000 781.2 kB
W20240124 20:51:02.867645 64138 IPCTensor.h:405] NewIPCGPUTensor: backward_grads_5_gpu [100000, 400]; dev=5; size=152.6 MB
W20240124 20:51:02.867655 64450 IPCTensor.h:365] NewIPCTensor: backward_grads_0 [100000, 400]0x10203ad82000 152.6 MB
W20240124 20:51:02.867652 64056 IPCTensor.h:365] NewIPCTensor: input_keys_neg_4 [100000]0x10203acbd000 781.2 kB
W20240124 20:51:02.867683 63892 IPCTensor.h:365] NewIPCTensor: input_keys_neg_2 [100000]0x10204461a000 781.2 kB
W20240124 20:51:02.867693 64298 IPCTensor.h:365] NewIPCTensor: backward_grads_6 [100000, 400]0x1020446df000 152.6 MB
W20240124 20:51:02.867712 64450 IPCTensor.h:365] NewIPCTensor: backward_grads_neg_0 [100000, 400]0x10204e03c000 152.6 MB
W20240124 20:51:02.867704 63803 IPCTensor.h:365] NewIPCTensor: input_keys_neg_1 [100000]0x10204df77000 781.2 kB
W20240124 20:51:02.867749 64513 IPCTensor.h:365] NewIPCTensor: input_keys_neg_7 [100000]0x1020578d4000 781.2 kB
W20240124 20:51:02.867801 64450 IPCTensor.h:405] NewIPCGPUTensor: backward_grads_0_gpu [100000, 400]; dev=0; size=152.6 MB
W20240124 20:51:02.867816 64056 IPCTensor.h:365] NewIPCTensor: backward_grads_4 [100000, 400]0x102057999000 152.6 MB
W20240124 20:51:02.867828 63974 IPCTensor.h:365] NewIPCTensor: backward_grads_3 [100000, 400]0x102061231000 152.6 MB
W20240124 20:51:02.867851 63892 IPCTensor.h:365] NewIPCTensor: backward_grads_2 [100000, 400]0x10206aac9000 152.6 MB
W20240124 20:51:02.867877 63803 IPCTensor.h:365] NewIPCTensor: backward_grads_1 [100000, 400]0x102074361000 152.6 MB
W20240124 20:51:02.867910 64513 IPCTensor.h:365] NewIPCTensor: backward_grads_7 [100000, 400]0x10207dbf9000 152.6 MB
W20240124 20:51:02.867923 64298 IPCTensor.h:365] NewIPCTensor: backward_grads_neg_6 [100000, 400]0x102087491000 152.6 MB
W20240124 20:51:02.867977 64056 IPCTensor.h:365] NewIPCTensor: backward_grads_neg_4 [100000, 400]0x102090d29000 152.6 MB
W20240124 20:51:02.867987 63974 IPCTensor.h:365] NewIPCTensor: backward_grads_neg_3 [100000, 400]0x10209a5c1000 152.6 MB
W20240124 20:51:02.868052 64513 IPCTensor.h:365] NewIPCTensor: backward_grads_neg_7 [100000, 400]0x1020a3e59000 152.6 MB
W20240124 20:51:02.868062 63803 IPCTensor.h:365] NewIPCTensor: backward_grads_neg_1 [100000, 400]0x1020ad6f1000 152.6 MB
W20240124 20:51:02.868073 63892 IPCTensor.h:365] NewIPCTensor: backward_grads_neg_2 [100000, 400]0x1020b6f89000 152.6 MB
W20240124 20:51:02.869099 64056 IPCTensor.h:405] NewIPCGPUTensor: backward_grads_4_gpu [100000, 400]; dev=4; size=152.6 MB
W20240124 20:51:02.869204 64513 IPCTensor.h:405] NewIPCGPUTensor: backward_grads_7_gpu [100000, 400]; dev=7; size=152.6 MB
W20240124 20:51:02.869222 63974 IPCTensor.h:405] NewIPCGPUTensor: backward_grads_3_gpu [100000, 400]; dev=3; size=152.6 MB
W20240124 20:51:02.869228 64298 IPCTensor.h:405] NewIPCGPUTensor: backward_grads_6_gpu [100000, 400]; dev=6; size=152.6 MB
W20240124 20:51:02.869501 63803 IPCTensor.h:405] NewIPCGPUTensor: backward_grads_1_gpu [100000, 400]; dev=1; size=152.6 MB
W20240124 20:51:02.869509 63892 IPCTensor.h:405] NewIPCGPUTensor: backward_grads_2_gpu [100000, 400]; dev=2; size=152.6 MB
W20240124 20:51:02.870174 64138 IPCTensor.h:405] NewIPCGPUTensor: backward_grads_neg_5_gpu [100000, 400]; dev=5; size=152.6 MB
W20240124 20:51:02.871559 64450 IPCTensor.h:405] NewIPCGPUTensor: backward_grads_neg_0_gpu [100000, 400]; dev=0; size=152.6 MB
W20240124 20:51:02.875365 64056 IPCTensor.h:405] NewIPCGPUTensor: backward_grads_neg_4_gpu [100000, 400]; dev=4; size=152.6 MB
W20240124 20:51:02.875556 64513 IPCTensor.h:405] NewIPCGPUTensor: backward_grads_neg_7_gpu [100000, 400]; dev=7; size=152.6 MB
W20240124 20:51:02.875600 63974 IPCTensor.h:405] NewIPCGPUTensor: backward_grads_neg_3_gpu [100000, 400]; dev=3; size=152.6 MB
W20240124 20:51:02.875653 64298 IPCTensor.h:405] NewIPCGPUTensor: backward_grads_neg_6_gpu [100000, 400]; dev=6; size=152.6 MB
W20240124 20:51:02.875788 63803 IPCTensor.h:405] NewIPCGPUTensor: backward_grads_neg_1_gpu [100000, 400]; dev=1; size=152.6 MB
W20240124 20:51:02.875898 63892 IPCTensor.h:405] NewIPCGPUTensor: backward_grads_neg_2_gpu [100000, 400]; dev=2; size=152.6 MB
cudaHostRegister 0x100003dc2000
7: KnownLocalCachedEmbedding init done
WARNING [64449 DistTensor.py:56] The tensor name already exists in the kvstore
cudaHostRegister 0x100003dc2000
1: KnownLocalCachedEmbedding init done
WARNING [63802 DistTensor.py:56] The tensor name already exists in the kvstore
cudaHostRegister 0x100003dc2000
4: KnownLocalCachedEmbedding init done
WARNING [64055 DistTensor.py:56] The tensor name already exists in the kvstore
cudaHostRegister 0x100003dc2000
6: KnownLocalCachedEmbedding init done
cudaHostRegister 0x100003dc2000
3: KnownLocalCachedEmbedding init done
WARNING [64297 DistTensor.py:56] The tensor name already exists in the kvstore
WARNING [63973 DistTensor.py:56] The tensor name already exists in the kvstore
cudaHostRegister 0x100003dc2000
5: KnownLocalCachedEmbedding init done
WARNING [64137 DistTensor.py:56] The tensor name already exists in the kvstore
[Rank7] pid = 64449
New CachedEmbedding, name=full_emb, shape=(86054151, 400), cache_type=KnownLocalCachedEmbedding
fixed cache_range is [(0, 4302707), (4302707, 8605414), (8605414, 12908121), (12908121, 17210828), (17210828, 21513535), (21513535, 25816242), (25816242, 30118949), (30118949, 34421656)]
cudaHostRegister 0x100003dc2000
0: KnownLocalCachedEmbedding init done
cudaHostRegister 0x100003dc2000
2: KnownLocalCachedEmbedding init done
WARNING [38991 DistTensor.py:56] The tensor name already exists in the kvstore
WARNING [63891 DistTensor.py:56] The tensor name already exists in the kvstore
I20240124 20:51:51.027981 63892 IPC_barrier.h:118] CreateBarrier: new barrier, name: kgcachecontroller, count: 8
I20240124 20:51:51.028020 64298 IPC_barrier.h:112] CreateBarrier: find existing barrier, name: kgcachecontroller, count: 8
I20240124 20:51:51.028095 64513 IPC_barrier.h:112] CreateBarrier: find existing barrier, name: kgcachecontroller, count: 8
I20240124 20:51:51.028143 64138 IPC_barrier.h:112] CreateBarrier: find existing barrier, name: kgcachecontroller, count: 8
I20240124 20:51:51.028170 63803 IPC_barrier.h:112] CreateBarrier: find existing barrier, name: kgcachecontroller, count: 8
I20240124 20:51:51.028215 64056 IPC_barrier.h:112] CreateBarrier: find existing barrier, name: kgcachecontroller, count: 8
I20240124 20:51:51.028286 64450 IPC_barrier.h:112] CreateBarrier: find existing barrier, name: kgcachecontroller, count: 8
I20240124 20:51:51.028391 63974 IPC_barrier.h:112] CreateBarrier: find existing barrier, name: kgcachecontroller, count: 8
W20240124 20:51:51.029592 64450 grad_base.h:55] KGCacheController, config={
        "num_gpus": 8,
        "L": 10,
        "backgrad_init": "both", 
        "kForwardItersPerStep": 2,
        "clr": 1,
        "nr_background_threads": 32,
        "backwardMode": "CppAsyncV2",
        "cache_ratio": 0.05
        }
W20240124 20:51:51.029683 64450 grad_base.h:172] Init GradProcessingBase done
I20240124 20:52:00.249186 64450 grad_async_v2.h:32] Use background thread to update emb. nr_background_threads=32
W20240124 20:52:00.249434 64450 kg_controller.h:78] after init GradAsyncProcessingV2
I20240124 20:52:00.249440 64450 kg_controller.h:84] Construct KGCacheController done
I20240124 20:52:01.102304 64450 grad_base.h:60] GraphEnv RegTensorsPerProcess
W20240124 20:52:17.692174  1581 grad_async_v2.h:120] Detect new sample comes, old_end0, new_end1
E20240124 20:52:17.692526  1581 parallel_pq_v2.h:76] insert failed, size(hashtable)=1
W20240124 20:52:18.927379  1581 grad_async_v2.h:120] Detect new sample comes, old_end0, new_end1
E20240124 20:52:18.927485  1581 parallel_pq_v2.h:76] insert failed, size(hashtable)=1
W20240124 20:52:20.274855  1581 grad_async_v2.h:120] Detect new sample comes, old_end0, new_end1
E20240124 20:52:20.274967  1581 parallel_pq_v2.h:76] insert failed, size(hashtable)=1
I20240124 20:52:20.465700 64138 IPC_barrier.h:118] CreateBarrier: new barrier, name: start_barrier, count: 8
W20240124 20:52:21.292042  1581 grad_async_v2.h:120] Detect new sample comes, old_end0, new_end1
E20240124 20:52:21.292155  1581 parallel_pq_v2.h:76] insert failed, size(hashtable)=1
W20240124 20:52:23.320937  1581 grad_async_v2.h:120] Detect new sample comes, old_end1, new_end2
E20240124 20:52:23.332026  1581 parallel_pq_v2.h:76] insert failed, size(hashtable)=0
I20240124 20:52:23.349300 64056 IPC_barrier.h:112] CreateBarrier: find existing barrier, name: start_barrier, count: 8
I20240124 20:52:23.375152 64513 IPC_barrier.h:112] CreateBarrier: find existing barrier, name: start_barrier, count: 8
W20240124 20:52:26.829246  1581 grad_async_v2.h:120] Detect new sample comes, old_end1, new_end2
E20240124 20:52:26.833279  1581 parallel_pq_v2.h:76] insert failed, size(hashtable)=1
I20240124 20:52:26.845355 63892 IPC_barrier.h:112] CreateBarrier: find existing barrier, name: start_barrier, count: 8
I20240124 20:52:27.118818 64298 IPC_barrier.h:112] CreateBarrier: find existing barrier, name: start_barrier, count: 8
W20240124 20:52:27.913807  1581 grad_async_v2.h:120] Detect new sample comes, old_end1, new_end2
E20240124 20:52:27.917654  1581 parallel_pq_v2.h:76] insert failed, size(hashtable)=0
I20240124 20:52:27.942658 63803 IPC_barrier.h:112] CreateBarrier: find existing barrier, name: start_barrier, count: 8
I20240124 20:52:27.946866 63974 IPC_barrier.h:112] CreateBarrier: find existing barrier, name: start_barrier, count: 8
I20240124 20:52:28.256261 64450 IPC_barrier.h:112] CreateBarrier: find existing barrier, name: start_barrier, count: 8
E20240124 20:52:30.275130 64450 parallel_pq_v2.h:76] insert failed, size(hashtable)=0
W20240124 20:52:30.295439 64450 grad_async_v2.h:249] Sleep in <BlockToStepN>, step_no=1, pq.top=1
W20240124 20:52:30.312855  1581 grad_async_v2.h:120] Detect new sample comes, old_end1, new_end2
+---------------------------+---------------------------+---------------------------+
| Name                      | P50                       | P99                       |
+---------------------------+---------------------------+---------------------------+
| GenInput                  | 8.187 ms                  | 91.016 ms                 |
| Forward                   | 3.058 ms                  | 558.347 ms                |
| Backward                  | 2.470 ms                  | 148.850 ms                |
| Optimize                  | 863.638 us                | 34.766 ms                 |
| BarrierTimeBeforeRank0    | 1.716 ms                  | 139.787 ms                |
| AfterBackward             | 27.292 ms                 | 1.148 s                   |
| BlockToStepN              | 14.287 ms                 | 22.249 ms                 |
| OneStep                   | 65.136 ms                 | 2.055 s                   |
+---------------------------+---------------------------+---------------------------+
+---------------------------+---------------------------+---------------------------+
| Name                      | P50                       | P99                       |
+---------------------------+---------------------------+---------------------------+
| ProcessBack:Shuffle       | 5.747 ms                  | 370.162 ms                |
| ProcessBack:UpdateCache   | 9.299 ms                  | 749.406 ms                |
| ProcessBack:UpsertPq      | 5.985 ms                  | 19.696 ms                 |
| ProcessOneStep            | 25.936 ms                 | 1.147 s                   |
| BlockToStepN              | 1.096 ms                  | 22.175 ms                 |
+---------------------------+---------------------------+---------------------------+
E20240124 20:52:31.275007  1581 parallel_pq_v2.h:76] insert failed, size(hashtable)=70
W20240124 20:52:31.295004 64450 grad_async_v2.h:249] Sleep in <BlockToStepN>, step_no=19, pq.top=19
W20240124 20:52:31.312403  1581 grad_async_v2.h:120] Detect new sample comes, old_end7, new_end9
E20240124 20:52:32.275007  1581 parallel_pq_v2.h:76] insert failed, size(hashtable)=5399
W20240124 20:52:32.315249  1581 grad_async_v2.h:120] Detect new sample comes, old_end5, new_end6
W20240124 20:52:32.325006 64450 grad_async_v2.h:249] Sleep in <BlockToStepN>, step_no=36, pq.top=36
E20240124 20:52:33.275010 64450 parallel_pq_v2.h:76] insert failed, size(hashtable)=2303
W20240124 20:52:33.316150  1581 grad_async_v2.h:120] Detect new sample comes, old_end1, new_end2
W20240124 20:52:33.348496 64450 grad_async_v2.h:249] Sleep in <BlockToStepN>, step_no=52, pq.top=52
E20240124 20:52:34.275012  1581 parallel_pq_v2.h:76] insert failed, size(hashtable)=801
W20240124 20:52:34.319151  1581 grad_async_v2.h:120] Detect new sample comes, old_end6, new_end7
W20240124 20:52:34.348114 64450 grad_async_v2.h:249] Sleep in <BlockToStepN>, step_no=67, pq.top=67
E20240124 20:52:35.275009 64450 parallel_pq_v2.h:76] insert failed, size(hashtable)=1948
W20240124 20:52:35.348094  1581 grad_async_v2.h:120] Detect new sample comes, old_end3, new_end4
W20240124 20:52:35.369052 64450 grad_async_v2.h:249] Sleep in <BlockToStepN>, step_no=84, pq.top=83
+---------------------------+---------------------------+---------------------------+
| Name                      | P50                       | P99                       |
+---------------------------+---------------------------+---------------------------+
| GenInput                  | 3.552 ms                  | 95.710 ms                 |
| Forward                   | 3.077 ms                  | 21.230 ms                 |
| Backward                  | 2.510 ms                  | 36.849 ms                 |
| Optimize                  | 1.069 ms                  | 10.214 ms                 |
| BarrierTimeBeforeRank0    | 33.832 us                 | 19.165 ms                 |
| AfterBackward             | 26.947 ms                 | 40.063 ms                 |
| BlockToStepN              | 14.287 ms                 | 43.242 ms                 |
| OneStep                   | 64.669 ms                 | 180.970 ms                |
+---------------------------+---------------------------+---------------------------+
+---------------------------+---------------------------+---------------------------+
| Name                      | P50                       | P99                       |
+---------------------------+---------------------------+---------------------------+
| ProcessBack:Shuffle       | 5.912 ms                  | 20.049 ms                 |
| ProcessBack:UpdateCache   | 9.247 ms                  | 13.556 ms                 |
| ProcessBack:UpsertPq      | 4.744 ms                  | 18.505 ms                 |
| ProcessOneStep            | 26.907 ms                 | 40.034 ms                 |
| BlockToStepN              | 13.726 ms                 | 43.116 ms                 |
+---------------------------+---------------------------+---------------------------+
E20240124 20:52:36.275050  1580 parallel_pq_v2.h:76] insert failed, size(hashtable)=5499
train_sampler.Prefill()
before start barrier
start train
[proc 6] 100 steps, total: 9.204, sample: 0.449, forward: 0.898, backward: 0.402, update: 0.141
train_sampler.Prefill()
before start barrier
start train
[proc 5] 100 steps, total: 15.857, sample: 0.465, forward: 0.836, backward: 0.407, update: 0.120
train_sampler.Prefill()
before start barrier
start train
[proc 7] 100 steps, total: 12.948, sample: 0.480, forward: 1.028, backward: 0.405, update: 0.145
train_sampler.Prefill()
before start barrier
start train
[proc 1] 100 steps, total: 8.380, sample: 0.409, forward: 0.783, backward: 0.399, update: 0.119
train_sampler.Prefill()
before start barrier
start train
[proc 4] 100 steps, total: 12.974, sample: 0.498, forward: 0.840, backward: 0.403, update: 0.121
train_sampler.Prefill()
before start barrier
start train
[proc 2] 100 steps, total: 9.477, sample: 0.398, forward: 0.910, backward: 0.412, update: 0.135
train_sampler.Prefill()
before start barrier
start train
[proc 3] 100 steps, total: 8.376, sample: 0.546, forward: 0.862, backward: 0.410, update: 0.125
train_sampler.Prefill()
-------Step 0-------
tensor([88943, 88976, 90116, 89010, 89046, 89076, 90152, 89109, 89145, 89187]) tensor([ 4732820, 11520594, 58165205, 50175531, 17143523,   449527, 15258394,
        64390934, 47474923, 51316464])
-------Step 1-------
tensor([88943, 88976, 90116, 89010, 89046, 89076, 90152, 89109, 89145, 89187]) tensor([76424055, 60214373, 70587558, 39897558,   510988,  4342988, 23900959,
        49138850, 64393646,  7511147])
-------Step 2-------
tensor([  108133,   108174, 25035055,   108209, 68767431,    91851,   108236,
          108268,   108297,   108322]) tensor([81061323, 61944041,   258202,   722438, 40503951, 81163134, 22698441,
        59790635, 29361554,  5397690])
-------Step 3-------
tensor([  108133,   108174, 25035055,   108209, 68767431,    91851,   108236,
          108268,   108297,   108322]) tensor([58304430, 53246165, 35795429, 81217874,  7319994, 30890880, 39724116,
        46434858,  4834290, 17369787])
-------Step 4-------
tensor([460220, 128848, 128871, 128902, 460261,  90419, 128929, 128967, 128994,
        129028]) tensor([81464104, 85857597, 43764192, 10840087, 41111756, 80834987, 47414684,
        39861007, 22469663, 83586958])
-------Step 5-------
tensor([460220, 128848, 128871, 128902, 460261,  90419, 128929, 128967, 128994,
        129028]) tensor([31118210, 22705362, 81663273, 34582272, 10831091, 15864829, 39135887,
        14460509, 67527082, 85057225])
-------Step 6-------
tensor([148531, 148555,    320, 148590, 148621,  94703, 148654, 461048, 148684,
        148707]) tensor([53619090, 13172173, 38768085,  1012263, 42760350, 11691872, 22004311,
        33401337, 69511233, 28378996])
-------Step 7-------
tensor([148531, 148555,    320, 148590, 148621,  94703, 148654, 461048, 148684,
        148707]) tensor([ 8591241,  7734099, 43016254, 60318773, 82913485, 52764632, 33758822,
        57346647, 43882282, 75139458])
-------Step 8-------
tensor([7236854,  168402,   28651,   28679,  168435,  168461,  168504,  168533,
         168572,  168593]) tensor([57245560, 30839497,  1325568, 27242849, 25639468, 23254990,  8731253,
        56284450, 71412074, 27905132])
-------Step 9-------
tensor([7236854,  168402,   28651,   28679,  168435,  168461,  168504,  168533,
         168572,  168593]) tensor([44245819,   325749, 47636627, 16747030, 20276392, 40056167, 16812779,
          337723, 78447699, 51385960])
before start barrier
start train
[proc 0] 100 steps, total: 8.066, sample: 1.024, forward: 0.891, backward: 0.465, update: 0.140
W20240124 20:52:36.351676  1581 grad_async_v2.h:120] Detect new sample comes, old_end9, new_end1
W20240124 20:52:36.369148 64450 grad_async_v2.h:249] Sleep in <BlockToStepN>, step_no=101, pq.top=101
E20240124 20:52:37.275007 64450 parallel_pq_v2.h:76] insert failed, size(hashtable)=1438
W20240124 20:52:37.357592  1581 grad_async_v2.h:120] Detect new sample comes, old_end7, new_end8
W20240124 20:52:37.394307 64450 grad_async_v2.h:249] Sleep in <BlockToStepN>, step_no=118, pq.top=118
E20240124 20:52:38.275024  1581 parallel_pq_v2.h:76] insert failed, size(hashtable)=19
W20240124 20:52:38.383350  1581 grad_async_v2.h:120] Detect new sample comes, old_end5, new_end6
W20240124 20:52:38.419075 64450 grad_async_v2.h:249] Sleep in <BlockToStepN>, step_no=136, pq.top=136
E20240124 20:52:39.275013  1581 parallel_pq_v2.h:76] insert failed, size(hashtable)=341
W20240124 20:52:39.394604  1581 grad_async_v2.h:120] Detect new sample comes, old_end1, new_end2
W20240124 20:52:39.480569 64450 grad_async_v2.h:249] Sleep in <BlockToStepN>, step_no=152, pq.top=152
E20240124 20:52:40.275022  1581 parallel_pq_v2.h:76] insert failed, size(hashtable)=275
W20240124 20:52:40.424947  1581 grad_async_v2.h:120] Detect new sample comes, old_end0, new_end6
W20240124 20:52:40.524199 64450 grad_async_v2.h:249] Sleep in <BlockToStepN>, step_no=167, pq.top=167
+---------------------------+---------------------------+---------------------------+
| Name                      | P50                       | P99                       |
+---------------------------+---------------------------+---------------------------+
| GenInput                  | 2.807 ms                  | 91.016 ms                 |
| Forward                   | 3.086 ms                  | 7.939 ms                  |
| Backward                  | 2.580 ms                  | 17.508 ms                 |
| Optimize                  | 1.069 ms                  | 2.378 ms                  |
| BarrierTimeBeforeRank0    | 148.388 us                | 35.153 ms                 |
| AfterBackward             | 25.013 ms                 | 52.528 ms                 |
| BlockToStepN              | 5.841 ms                  | 48.287 ms                 |
| OneStep                   | 63.340 ms                 | 164.652 ms                |
+---------------------------+---------------------------+---------------------------+
+---------------------------+---------------------------+---------------------------+
| Name                      | P50                       | P99                       |
+---------------------------+---------------------------+---------------------------+
| ProcessBack:Shuffle       | 5.949 ms                  | 19.416 ms                 |
| ProcessBack:UpdateCache   | 9.245 ms                  | 13.556 ms                 |
| ProcessBack:UpsertPq      | 4.744 ms                  | 26.912 ms                 |
| ProcessOneStep            | 25.527 ms                 | 52.457 ms                 |
| BlockToStepN              | 5.791 ms                  | 48.194 ms                 |
+---------------------------+---------------------------+---------------------------+
E20240124 20:52:41.275343  1580 parallel_pq_v2.h:76] insert failed, size(hashtable)=539
W20240124 20:52:41.439844  1581 grad_async_v2.h:120] Detect new sample comes, old_end2, new_end0
W20240124 20:52:41.762796 64450 grad_async_v2.h:249] Sleep in <BlockToStepN>, step_no=180, pq.top=180
E20240124 20:52:42.275018  1580 parallel_pq_v2.h:76] insert failed, size(hashtable)=8957
W20240124 20:52:42.440351  1581 grad_async_v2.h:120] Detect new sample comes, old_end9, new_end0
W20240124 20:52:42.786252 64450 grad_async_v2.h:249] Sleep in <BlockToStepN>, step_no=196, pq.top=196
[proc 3] 200 steps, total: 6.761, sample: 0.533, forward: 0.315, backward: 0.316, update: 0.093
[proc 1] 200 steps, total: 6.761, sample: 0.396, forward: 0.321, backward: 0.247, update: 0.098
[proc 2] 200 steps, total: 6.761, sample: 0.512, forward: 0.336, backward: 0.268, update: 0.103
[proc 6] 200 steps, total: 6.761, sample: 0.365, forward: 0.296, backward: 0.273, update: 0.086
[proc 5] 200 steps, total: 6.761, sample: 0.439, forward: 0.335, backward: 0.265, update: 0.093
[proc 0] 200 steps, total: 6.760, sample: 0.562, forward: 0.335, backward: 0.290, update: 0.105
[proc 7] 200 steps, total: 6.761, sample: 0.387, forward: 0.316, backward: 0.284, update: 0.092
[proc 4] 200 steps, total: 6.761, sample: 0.465, forward: 0.315, backward: 0.275, update: 0.092
E20240124 20:52:43.275014  1581 parallel_pq_v2.h:76] insert failed, size(hashtable)=13900
W20240124 20:52:43.446161  1581 grad_async_v2.h:120] Detect new sample comes, old_end5, new_end6
W20240124 20:52:43.804558 64450 grad_async_v2.h:249] Sleep in <BlockToStepN>, step_no=211, pq.top=211
E20240124 20:52:44.275015  1580 parallel_pq_v2.h:76] insert failed, size(hashtable)=14472
W20240124 20:52:44.447196  1581 grad_async_v2.h:120] Detect new sample comes, old_end9, new_end0
W20240124 20:52:44.804217 64450 grad_async_v2.h:249] Sleep in <BlockToStepN>, step_no=225, pq.top=225
E20240124 20:52:45.275019  1580 parallel_pq_v2.h:76] insert failed, size(hashtable)=4289
W20240124 20:52:45.451542  1581 grad_async_v2.h:120] Detect new sample comes, old_end3, new_end4
W20240124 20:52:45.822490 64450 grad_async_v2.h:249] Sleep in <BlockToStepN>, step_no=239, pq.top=238
+---------------------------+---------------------------+---------------------------+
| Name                      | P50                       | P99                       |
+---------------------------+---------------------------+---------------------------+
| GenInput                  | 2.962 ms                  | 91.016 ms                 |
| Forward                   | 3.041 ms                  | 7.939 ms                  |
| Backward                  | 2.565 ms                  | 17.508 ms                 |
| Optimize                  | 1.018 ms                  | 2.378 ms                  |
| BarrierTimeBeforeRank0    | 680.963 us                | 37.428 ms                 |
| AfterBackward             | 25.352 ms                 | 55.601 ms                 |
| BlockToStepN              | 15.675 ms                 | 48.381 ms                 |
| OneStep                   | 65.311 ms                 | 180.970 ms                |
+---------------------------+---------------------------+---------------------------+
+---------------------------+---------------------------+---------------------------+
| Name                      | P50                       | P99                       |
+---------------------------+---------------------------+---------------------------+
| ProcessBack:Shuffle       | 5.949 ms                  | 17.937 ms                 |
| ProcessBack:UpdateCache   | 9.203 ms                  | 14.829 ms                 |
| ProcessBack:UpsertPq      | 5.002 ms                  | 25.013 ms                 |
| ProcessOneStep            | 25.329 ms                 | 55.533 ms                 |
| BlockToStepN              | 15.607 ms                 | 48.323 ms                 |
+---------------------------+---------------------------+---------------------------+
E20240124 20:52:46.275022  1580 parallel_pq_v2.h:76] insert failed, size(hashtable)=15789
W20240124 20:52:46.483368  1581 grad_async_v2.h:120] Detect new sample comes, old_end7, new_end8
W20240124 20:52:46.844453 64450 grad_async_v2.h:249] Sleep in <BlockToStepN>, step_no=253, pq.top=253
E20240124 20:52:47.275010  1580 parallel_pq_v2.h:76] insert failed, size(hashtable)=8539
W20240124 20:52:47.483491  1581 grad_async_v2.h:120] Detect new sample comes, old_end2, new_end3
W20240124 20:52:47.858006 64450 grad_async_v2.h:249] Sleep in <BlockToStepN>, step_no=267, pq.top=267
E20240124 20:52:48.276281  1581 parallel_pq_v2.h:76] insert failed, size(hashtable)=786
W20240124 20:52:48.501091  1581 grad_async_v2.h:120] Detect new sample comes, old_end7, new_end8
W20240124 20:52:48.904534 64450 grad_async_v2.h:249] Sleep in <BlockToStepN>, step_no=283, pq.top=283
E20240124 20:52:49.276010  1580 parallel_pq_v2.h:76] insert failed, size(hashtable)=8308
W20240124 20:52:49.508266  1581 grad_async_v2.h:120] Detect new sample comes, old_end2, new_end3
W20240124 20:52:49.916394 64450 grad_async_v2.h:249] Sleep in <BlockToStepN>, step_no=298, pq.top=298
[proc 0] 300 steps, total: 6.978, sample: 0.724, forward: 0.326, backward: 0.257, update: 0.094
[proc 5] 300 steps, total: 6.978, sample: 0.355, forward: 0.295, backward: 0.265, update: 0.090
