WARNING: Logging before InitGoogleLogging() is written to STDERR
I20240123 02:15:21.801193 13126 IPC_barrier.h:128] MultiProcessBarrierFactory->ClearIPCMemory()
/home/xieminhui/RecStore/src/framework_adapters/torch/kg/dgl-0.9.1/python/dgl/_deprecate/graph.py:1023: DGLWarning: multigraph will be deprecated.DGL will treat all graphs as multigraph in the future.
  dgl_warning("multigraph will be deprecated." \
/home/xieminhui/RecStore/src/framework_adapters/torch/kg/dgl-0.9.1/python/dgl/heterograph.py:72: DGLWarning: Recommend creating graphs by `dgl.graph(data)` instead of `dgl.DGLGraph(data)`.
  dgl_warning('Recommend creating graphs by `dgl.graph(data)`'
Reading train triples....
Finished. Read 483142 train triples.
Reading valid triples....
Finished. Read 50000 valid triples.
Reading test triples....
Finished. Read 59071 test triples.
ARGS:  Namespace(model_name='TransE', data_path='/home/xieminhui/dgl-data', dataset='FB15k', format='built_in', data_files=None, delimiter='\t', save_path='/tmp/ckpts/TransE_FB15k_50', no_save_emb=True, max_step=500, batch_size=800, batch_size_eval=16, neg_sample_size=200, neg_deg_sample=False, neg_deg_sample_eval=False, neg_sample_size_eval=14951, eval_percent=1, no_eval_filter=False, log_interval=100, eval_interval=10000, test=False, num_proc=6, num_thread=1, force_sync_interval=1, hidden_dim=400, lr=0.01, gamma=16.0, double_ent=False, double_rel=False, neg_adversarial_sampling=False, adversarial_temperature=1.0, regularization_coef=0.0, regularization_norm=3, pairwise=False, loss_genre='Logsigmoid', margin=1.0, nr_gpus=6, gpu=[0, 1, 2, 3, 4, 5], mix_cpu_gpu=True, valid=False, rel_part=False, async_update=None, has_edge_importance=False, cached_emb_type='KnownLocalCachedEmbedding', use_my_emb=True, cache_ratio=0.05, shuffle=False, backwardMode='CppAsyncV2', L=10, kForwardItersPerStep=2, backgrad_init='both', eval_filter=True, soft_rel_part=False)
|Train|: 483142
original graph:  DGLGraph(num_nodes=14951, num_edges=592213,
         ndata_schemes={}
         edata_schemes={'tid': Scheme(shape=(), dtype=torch.int64)})
Loading cached metis
WARNING [13126 sampler.py:454] Start PreSampling
WARNING [13126 sampler.py:532] Before construct renumbering_dict
WARNING [13126 sampler.py:555] PreSampling done
W20240123 02:15:25.494804 13126 IPCTensor.h:367] NewIPCTensor: cached_sampler_r0_0 [100000]0x100000002000
W20240123 02:15:25.495023 13126 IPCTensor.h:367] NewIPCTensor: cached_sampler_r0_1 [100000]0x1000000c7000
W20240123 02:15:25.495066 13126 IPCTensor.h:367] NewIPCTensor: cached_sampler_r0_2 [100000]0x10000018c000
W20240123 02:15:25.495105 13126 IPCTensor.h:367] NewIPCTensor: cached_sampler_r0_3 [100000]0x100000251000
W20240123 02:15:25.495133 13126 IPCTensor.h:367] NewIPCTensor: cached_sampler_r0_4 [100000]0x100000316000
W20240123 02:15:25.495167 13126 IPCTensor.h:367] NewIPCTensor: cached_sampler_r0_5 [100000]0x1000003db000
W20240123 02:15:25.495201 13126 IPCTensor.h:367] NewIPCTensor: cached_sampler_r0_6 [100000]0x1000004a0000
W20240123 02:15:25.495246 13126 IPCTensor.h:367] NewIPCTensor: cached_sampler_r0_7 [100000]0x100000565000
W20240123 02:15:25.495275 13126 IPCTensor.h:367] NewIPCTensor: cached_sampler_r0_8 [100000]0x10000062a000
W20240123 02:15:25.495313 13126 IPCTensor.h:367] NewIPCTensor: cached_sampler_r0_9 [100000]0x1000006ef000
W20240123 02:15:25.495357 13126 IPCTensor.h:367] NewIPCTensor: step_r0 [10]0x1000007b4000
W20240123 02:15:25.495390 13126 IPCTensor.h:367] NewIPCTensor: circle_buffer_end_r0 [1]0x1000007b6000
W20240123 02:15:25.495420 13126 IPCTensor.h:367] NewIPCTensor: circle_buffer_end_cppseen_r0 [1]0x1000007b8000
W20240123 02:15:25.495560 13126 IPCTensor.h:367] NewIPCTensor: cached_sampler_r1_0 [100000]0x1000007ba000
W20240123 02:15:25.495601 13126 IPCTensor.h:367] NewIPCTensor: cached_sampler_r1_1 [100000]0x10000087f000
W20240123 02:15:25.495632 13126 IPCTensor.h:367] NewIPCTensor: cached_sampler_r1_2 [100000]0x100000944000
W20240123 02:15:25.495668 13126 IPCTensor.h:367] NewIPCTensor: cached_sampler_r1_3 [100000]0x100000a09000
W20240123 02:15:25.495698 13126 IPCTensor.h:367] NewIPCTensor: cached_sampler_r1_4 [100000]0x100000ace000
W20240123 02:15:25.495757 13126 IPCTensor.h:367] NewIPCTensor: cached_sampler_r1_5 [100000]0x100000b93000
W20240123 02:15:25.495795 13126 IPCTensor.h:367] NewIPCTensor: cached_sampler_r1_6 [100000]0x100000c58000
W20240123 02:15:25.495836 13126 IPCTensor.h:367] NewIPCTensor: cached_sampler_r1_7 [100000]0x100000d1d000
W20240123 02:15:25.495872 13126 IPCTensor.h:367] NewIPCTensor: cached_sampler_r1_8 [100000]0x100000de2000
W20240123 02:15:25.495908 13126 IPCTensor.h:367] NewIPCTensor: cached_sampler_r1_9 [100000]0x100000ea7000
W20240123 02:15:25.495939 13126 IPCTensor.h:367] NewIPCTensor: step_r1 [10]0x100000f6c000
W20240123 02:15:25.495962 13126 IPCTensor.h:367] NewIPCTensor: circle_buffer_end_r1 [1]0x100000f6e000
W20240123 02:15:25.495985 13126 IPCTensor.h:367] NewIPCTensor: circle_buffer_end_cppseen_r1 [1]0x100000f70000
W20240123 02:15:25.496057 13126 IPCTensor.h:367] NewIPCTensor: cached_sampler_r2_0 [100000]0x100000f72000
W20240123 02:15:25.496095 13126 IPCTensor.h:367] NewIPCTensor: cached_sampler_r2_1 [100000]0x100001037000
W20240123 02:15:25.496122 13126 IPCTensor.h:367] NewIPCTensor: cached_sampler_r2_2 [100000]0x1000010fc000
W20240123 02:15:25.496165 13126 IPCTensor.h:367] NewIPCTensor: cached_sampler_r2_3 [100000]0x1000011c1000
W20240123 02:15:25.496196 13126 IPCTensor.h:367] NewIPCTensor: cached_sampler_r2_4 [100000]0x100001286000
W20240123 02:15:25.496237 13126 IPCTensor.h:367] NewIPCTensor: cached_sampler_r2_5 [100000]0x10000134b000
W20240123 02:15:25.496276 13126 IPCTensor.h:367] NewIPCTensor: cached_sampler_r2_6 [100000]0x100001410000
W20240123 02:15:25.496304 13126 IPCTensor.h:367] NewIPCTensor: cached_sampler_r2_7 [100000]0x1000014d5000
W20240123 02:15:25.496340 13126 IPCTensor.h:367] NewIPCTensor: cached_sampler_r2_8 [100000]0x10000159a000
W20240123 02:15:25.496376 13126 IPCTensor.h:367] NewIPCTensor: cached_sampler_r2_9 [100000]0x10000165f000
W20240123 02:15:25.496413 13126 IPCTensor.h:367] NewIPCTensor: step_r2 [10]0x100001724000
W20240123 02:15:25.496436 13126 IPCTensor.h:367] NewIPCTensor: circle_buffer_end_r2 [1]0x100001726000
W20240123 02:15:25.496459 13126 IPCTensor.h:367] NewIPCTensor: circle_buffer_end_cppseen_r2 [1]0x100001728000
W20240123 02:15:25.496520 13126 IPCTensor.h:367] NewIPCTensor: cached_sampler_r3_0 [100000]0x10000172a000
W20240123 02:15:25.496556 13126 IPCTensor.h:367] NewIPCTensor: cached_sampler_r3_1 [100000]0x1000017ef000
W20240123 02:15:25.496587 13126 IPCTensor.h:367] NewIPCTensor: cached_sampler_r3_2 [100000]0x1000018b4000
W20240123 02:15:25.496620 13126 IPCTensor.h:367] NewIPCTensor: cached_sampler_r3_3 [100000]0x100001979000
W20240123 02:15:25.496654 13126 IPCTensor.h:367] NewIPCTensor: cached_sampler_r3_4 [100000]0x100001a3e000
W20240123 02:15:25.496681 13126 IPCTensor.h:367] NewIPCTensor: cached_sampler_r3_5 [100000]0x100001b03000
W20240123 02:15:25.496721 13126 IPCTensor.h:367] NewIPCTensor: cached_sampler_r3_6 [100000]0x100001bc8000
W20240123 02:15:25.496748 13126 IPCTensor.h:367] NewIPCTensor: cached_sampler_r3_7 [100000]0x100001c8d000
W20240123 02:15:25.496779 13126 IPCTensor.h:367] NewIPCTensor: cached_sampler_r3_8 [100000]0x100001d52000
W20240123 02:15:25.496840 13126 IPCTensor.h:367] NewIPCTensor: cached_sampler_r3_9 [100000]0x100001e17000
W20240123 02:15:25.496878 13126 IPCTensor.h:367] NewIPCTensor: step_r3 [10]0x100001edc000
W20240123 02:15:25.496901 13126 IPCTensor.h:367] NewIPCTensor: circle_buffer_end_r3 [1]0x100001ede000
W20240123 02:15:25.496927 13126 IPCTensor.h:367] NewIPCTensor: circle_buffer_end_cppseen_r3 [1]0x100001ee0000
W20240123 02:15:25.496994 13126 IPCTensor.h:367] NewIPCTensor: cached_sampler_r4_0 [100000]0x100001ee2000
W20240123 02:15:25.497040 13126 IPCTensor.h:367] NewIPCTensor: cached_sampler_r4_1 [100000]0x100001fa7000
W20240123 02:15:25.497076 13126 IPCTensor.h:367] NewIPCTensor: cached_sampler_r4_2 [100000]0x10000206c000
W20240123 02:15:25.497115 13126 IPCTensor.h:367] NewIPCTensor: cached_sampler_r4_3 [100000]0x100002131000
W20240123 02:15:25.497154 13126 IPCTensor.h:367] NewIPCTensor: cached_sampler_r4_4 [100000]0x1000021f6000
W20240123 02:15:25.497198 13126 IPCTensor.h:367] NewIPCTensor: cached_sampler_r4_5 [100000]0x1000022bb000
W20240123 02:15:25.497229 13126 IPCTensor.h:367] NewIPCTensor: cached_sampler_r4_6 [100000]0x100002380000
W20240123 02:15:25.497263 13126 IPCTensor.h:367] NewIPCTensor: cached_sampler_r4_7 [100000]0x100002445000
W20240123 02:15:25.497300 13126 IPCTensor.h:367] NewIPCTensor: cached_sampler_r4_8 [100000]0x10000250a000
W20240123 02:15:25.497335 13126 IPCTensor.h:367] NewIPCTensor: cached_sampler_r4_9 [100000]0x1000025cf000
W20240123 02:15:25.497371 13126 IPCTensor.h:367] NewIPCTensor: step_r4 [10]0x100002694000
W20240123 02:15:25.497395 13126 IPCTensor.h:367] NewIPCTensor: circle_buffer_end_r4 [1]0x100002696000
W20240123 02:15:25.497418 13126 IPCTensor.h:367] NewIPCTensor: circle_buffer_end_cppseen_r4 [1]0x100002698000
W20240123 02:15:25.497481 13126 IPCTensor.h:367] NewIPCTensor: cached_sampler_r5_0 [100000]0x10000269a000
W20240123 02:15:25.497516 13126 IPCTensor.h:367] NewIPCTensor: cached_sampler_r5_1 [100000]0x10000275f000
W20240123 02:15:25.497545 13126 IPCTensor.h:367] NewIPCTensor: cached_sampler_r5_2 [100000]0x100002824000
W20240123 02:15:25.497579 13126 IPCTensor.h:367] NewIPCTensor: cached_sampler_r5_3 [100000]0x1000028e9000
W20240123 02:15:25.497606 13126 IPCTensor.h:367] NewIPCTensor: cached_sampler_r5_4 [100000]0x1000029ae000
W20240123 02:15:25.497648 13126 IPCTensor.h:367] NewIPCTensor: cached_sampler_r5_5 [100000]0x100002a73000
W20240123 02:15:25.497689 13126 IPCTensor.h:367] NewIPCTensor: cached_sampler_r5_6 [100000]0x100002b38000
W20240123 02:15:25.497720 13126 IPCTensor.h:367] NewIPCTensor: cached_sampler_r5_7 [100000]0x100002bfd000
W20240123 02:15:25.497758 13126 IPCTensor.h:367] NewIPCTensor: cached_sampler_r5_8 [100000]0x100002cc2000
W20240123 02:15:25.497787 13126 IPCTensor.h:367] NewIPCTensor: cached_sampler_r5_9 [100000]0x100002d87000
W20240123 02:15:25.497818 13126 IPCTensor.h:367] NewIPCTensor: step_r5 [10]0x100002e4c000
W20240123 02:15:25.497841 13126 IPCTensor.h:367] NewIPCTensor: circle_buffer_end_r5 [1]0x100002e4e000
W20240123 02:15:25.497864 13126 IPCTensor.h:367] NewIPCTensor: circle_buffer_end_cppseen_r5 [1]0x100002e50000
W20240123 02:15:25.700251 13126 IPCTensor.h:367] NewIPCTensor: full_emb [14951, 400]0x100002e52000
W20240123 02:15:25.700418 13126 IPCTensor.h:367] NewIPCTensor: full_emb_SparseRowWiseAdaGrad_sum [14951]0x100004524000
{0: Graph(num_nodes=9651, num_edges=125221,
      ndata_schemes={'_ID': Scheme(shape=(), dtype=torch.int64), 'inner_node': Scheme(shape=(), dtype=torch.int32), 'part_id': Scheme(shape=(), dtype=torch.int64)}
      edata_schemes={'_ID': Scheme(shape=(), dtype=torch.int64), 'inner_edge': Scheme(shape=(), dtype=torch.int8)}), 1: Graph(num_nodes=10501, num_edges=116771,
      ndata_schemes={'_ID': Scheme(shape=(), dtype=torch.int64), 'inner_node': Scheme(shape=(), dtype=torch.int32), 'part_id': Scheme(shape=(), dtype=torch.int64)}
      edata_schemes={'_ID': Scheme(shape=(), dtype=torch.int64), 'inner_edge': Scheme(shape=(), dtype=torch.int8)}), 2: Graph(num_nodes=7364, num_edges=103565,
      ndata_schemes={'_ID': Scheme(shape=(), dtype=torch.int64), 'inner_node': Scheme(shape=(), dtype=torch.int32), 'part_id': Scheme(shape=(), dtype=torch.int64)}
      edata_schemes={'_ID': Scheme(shape=(), dtype=torch.int64), 'inner_edge': Scheme(shape=(), dtype=torch.int8)}), 3: Graph(num_nodes=9587, num_edges=131823,
      ndata_schemes={'_ID': Scheme(shape=(), dtype=torch.int64), 'inner_node': Scheme(shape=(), dtype=torch.int32), 'part_id': Scheme(shape=(), dtype=torch.int64)}
      edata_schemes={'_ID': Scheme(shape=(), dtype=torch.int64), 'inner_edge': Scheme(shape=(), dtype=torch.int8)}), 4: Graph(num_nodes=8718, num_edges=169929,
      ndata_schemes={'_ID': Scheme(shape=(), dtype=torch.int64), 'inner_node': Scheme(shape=(), dtype=torch.int32), 'part_id': Scheme(shape=(), dtype=torch.int64)}
      edata_schemes={'_ID': Scheme(shape=(), dtype=torch.int64), 'inner_edge': Scheme(shape=(), dtype=torch.int8)}), 5: Graph(num_nodes=9639, num_edges=154972,
      ndata_schemes={'_ID': Scheme(shape=(), dtype=torch.int64), 'inner_node': Scheme(shape=(), dtype=torch.int32), 'part_id': Scheme(shape=(), dtype=torch.int64)}
      edata_schemes={'_ID': Scheme(shape=(), dtype=torch.int64), 'inner_edge': Scheme(shape=(), dtype=torch.int8)})}
MertisPartition: part 0 has 9651 N 125221 E
MertisPartition: part 1 has 10501 N 116771 E
MertisPartition: part 2 has 7364 N 103565 E
MertisPartition: part 3 has 9587 N 131823 E
MertisPartition: part 4 has 8718 N 169929 E
MertisPartition: part 5 has 9639 N 154972 E
Rank0: cached key size 124
Rank1: cached key size 124
Rank2: cached key size 124
Rank3: cached key size 124
Rank4: cached key size 124
Rank5: cached key size 124
Before renumbering graph:  {'_ID': tensor([    7,    16,    24,  ..., 10345,  3788,  5916]), 'inner_node': tensor([1, 1, 1,  ..., 0, 0, 0], dtype=torch.int32), 'part_id': tensor([0, 0, 0,  ..., 1, 4, 2])}
After renumbering graph:  {'_ID': tensor([ 896, 1012, 1141,  ..., 3197, 1831, 8134]), 'inner_node': tensor([1, 1, 1,  ..., 0, 0, 0], dtype=torch.int32), 'part_id': tensor([0, 0, 0,  ..., 1, 4, 2])}
part_g: DGLGraph(num_nodes=9651, num_edges=125221,
         ndata_schemes={'_ID': Scheme(shape=(), dtype=torch.int64)}
         edata_schemes={'tid': Scheme(shape=(), dtype=torch.int64)})
part_g: DGLGraph(num_nodes=9651, num_edges=125221,
         ndata_schemes={'_ID': Scheme(shape=(), dtype=torch.int64)}
         edata_schemes={'tid': Scheme(shape=(), dtype=torch.int64)})
Total initialize time 3.933 seconds
[Rank1] pid = 13527
[Rank2] pid = 13591
[Rank3] pid = 13592
[Rank4] pid = 13719
INFO [13126 distributed_c10d.py:442] Added key: store_based_barrier_key:1 to store for rank: 0
INFO [13527 distributed_c10d.py:442] Added key: store_based_barrier_key:1 to store for rank: 1
INFO [13591 distributed_c10d.py:442] Added key: store_based_barrier_key:1 to store for rank: 2
INFO [13592 distributed_c10d.py:442] Added key: store_based_barrier_key:1 to store for rank: 3
INFO [13592 distributed_c10d.py:476] Rank 3: Completed store-based barrier for key:store_based_barrier_key:1 with 6 nodes.
INFO [13591 distributed_c10d.py:476] Rank 2: Completed store-based barrier for key:store_based_barrier_key:1 with 6 nodes.
INFO [13126 distributed_c10d.py:476] Rank 0: Completed store-based barrier for key:store_based_barrier_key:1 with 6 nodes.
INFO [13527 distributed_c10d.py:476] Rank 1: Completed store-based barrier for key:store_based_barrier_key:1 with 6 nodes.
INFO [13719 distributed_c10d.py:442] Added key: store_based_barrier_key:1 to store for rank: 4
INFO [13735 distributed_c10d.py:442] Added key: store_based_barrier_key:1 to store for rank: 5
INFO [13719 distributed_c10d.py:476] Rank 4: Completed store-based barrier for key:store_based_barrier_key:1 with 6 nodes.
INFO [13735 distributed_c10d.py:476] Rank 5: Completed store-based barrier for key:store_based_barrier_key:1 with 6 nodes.
W20240123 02:15:28.782245 13784 IPCTensor.h:406] NewIPCGPUTensor: embedding_cache_0 [747, 400]; dev=0; size=1.14 MB
W20240123 02:15:28.783046 13593 IPCTensor.h:406] NewIPCGPUTensor: embedding_cache_2 [747, 400]; dev=2; size=1.14 MB
W20240123 02:15:28.783123 13624 IPCTensor.h:406] NewIPCGPUTensor: embedding_cache_3 [747, 400]; dev=3; size=1.14 MB
W20240123 02:15:28.783170 13528 IPCTensor.h:406] NewIPCGPUTensor: embedding_cache_1 [747, 400]; dev=1; size=1.14 MB
W20240123 02:15:28.784205 13840 IPCTensor.h:406] NewIPCGPUTensor: embedding_cache_5 [747, 400]; dev=5; size=1.14 MB
W20240123 02:15:28.784198 13720 IPCTensor.h:406] NewIPCGPUTensor: embedding_cache_4 [747, 400]; dev=4; size=1.14 MB
W20240123 02:15:28.809253 13784 IPCTensor.h:367] NewIPCTensor: input_keys_0 [100000]0x100004536000
W20240123 02:15:28.809419 13784 IPCTensor.h:367] NewIPCTensor: input_keys_neg_0 [100000]0x1000045fb000
W20240123 02:15:28.809470 13784 IPCTensor.h:367] NewIPCTensor: backward_grads_0 [100000, 400]0x1000046c0000
W20240123 02:15:28.809510 13784 IPCTensor.h:367] NewIPCTensor: backward_grads_neg_0 [100000, 400]0x10000df58000
W20240123 02:15:28.809551 13784 IPCTensor.h:406] NewIPCGPUTensor: backward_grads_0_gpu [100000, 400]; dev=0; size=152.6 MB
W20240123 02:15:28.810225 13528 IPCTensor.h:367] NewIPCTensor: input_keys_1 [100000]0x1000177f8000
W20240123 02:15:28.810243 13784 IPCTensor.h:406] NewIPCGPUTensor: backward_grads_neg_0_gpu [100000, 400]; dev=0; size=152.6 MB
W20240123 02:15:28.810247 13624 IPCTensor.h:367] NewIPCTensor: input_keys_3 [100000]0x1000178bd000
W20240123 02:15:28.810252 13593 IPCTensor.h:367] NewIPCTensor: input_keys_2 [100000]0x100017982000
W20240123 02:15:28.810371 13528 IPCTensor.h:367] NewIPCTensor: input_keys_neg_1 [100000]0x100017a47000
W20240123 02:15:28.810393 13593 IPCTensor.h:367] NewIPCTensor: input_keys_neg_2 [100000]0x100017b0c000
W20240123 02:15:28.810401 13624 IPCTensor.h:367] NewIPCTensor: input_keys_neg_3 [100000]0x100017bd1000
W20240123 02:15:28.810449 13528 IPCTensor.h:367] NewIPCTensor: backward_grads_1 [100000, 400]0x100017c96000
W20240123 02:15:28.810456 13593 IPCTensor.h:367] NewIPCTensor: backward_grads_2 [100000, 400]0x10002152e000
W20240123 02:15:28.810470 13624 IPCTensor.h:367] NewIPCTensor: backward_grads_3 [100000, 400]0x10002adc6000
W20240123 02:15:28.810499 13528 IPCTensor.h:367] NewIPCTensor: backward_grads_neg_1 [100000, 400]0x10003465e000
W20240123 02:15:28.810511 13593 IPCTensor.h:367] NewIPCTensor: backward_grads_neg_2 [100000, 400]0x10003def6000
W20240123 02:15:28.810518 13624 IPCTensor.h:367] NewIPCTensor: backward_grads_neg_3 [100000, 400]0x10004778e000
W20240123 02:15:28.810564 13528 IPCTensor.h:406] NewIPCGPUTensor: backward_grads_1_gpu [100000, 400]; dev=1; size=152.6 MB
W20240123 02:15:28.810914 13593 IPCTensor.h:406] NewIPCGPUTensor: backward_grads_2_gpu [100000, 400]; dev=2; size=152.6 MB
W20240123 02:15:28.810917 13624 IPCTensor.h:406] NewIPCGPUTensor: backward_grads_3_gpu [100000, 400]; dev=3; size=152.6 MB
W20240123 02:15:28.811545 13528 IPCTensor.h:406] NewIPCGPUTensor: backward_grads_neg_1_gpu [100000, 400]; dev=1; size=152.6 MB
W20240123 02:15:28.812001 13593 IPCTensor.h:406] NewIPCGPUTensor: backward_grads_neg_2_gpu [100000, 400]; dev=2; size=152.6 MB
W20240123 02:15:28.812055 13624 IPCTensor.h:406] NewIPCGPUTensor: backward_grads_neg_3_gpu [100000, 400]; dev=3; size=152.6 MB
W20240123 02:15:28.816351 13840 IPCTensor.h:367] NewIPCTensor: input_keys_5 [100000]0x100051038000
W20240123 02:15:28.816535 13840 IPCTensor.h:367] NewIPCTensor: input_keys_neg_5 [100000]0x1000510fd000
W20240123 02:15:28.816574 13720 IPCTensor.h:367] NewIPCTensor: input_keys_4 [100000]0x1000511c2000
W20240123 02:15:28.816620 13840 IPCTensor.h:367] NewIPCTensor: backward_grads_5 [100000, 400]0x100051287000
W20240123 02:15:28.816671 13840 IPCTensor.h:367] NewIPCTensor: backward_grads_neg_5 [100000, 400]0x10005ab1f000
W20240123 02:15:28.816706 13720 IPCTensor.h:367] NewIPCTensor: input_keys_neg_4 [100000]0x1000643b7000
W20240123 02:15:28.816723 13840 IPCTensor.h:406] NewIPCGPUTensor: backward_grads_5_gpu [100000, 400]; dev=5; size=152.6 MB
W20240123 02:15:28.816767 13720 IPCTensor.h:367] NewIPCTensor: backward_grads_4 [100000, 400]0x10006447c000
W20240123 02:15:28.816826 13720 IPCTensor.h:367] NewIPCTensor: backward_grads_neg_4 [100000, 400]0x10006dd14000
W20240123 02:15:28.816862 13720 IPCTensor.h:406] NewIPCGPUTensor: backward_grads_4_gpu [100000, 400]; dev=4; size=152.6 MB
W20240123 02:15:28.818840 13840 IPCTensor.h:406] NewIPCGPUTensor: backward_grads_neg_5_gpu [100000, 400]; dev=5; size=152.6 MB
W20240123 02:15:28.818890 13720 IPCTensor.h:406] NewIPCGPUTensor: backward_grads_neg_4_gpu [100000, 400]; dev=4; size=152.6 MB
cudaHostRegister 0x100002e52000
2: KnownLocalCachedEmbedding init done
WARNING [13591 DistTensor.py:56] The tensor name already exists in the kvstore
cudaHostRegister 0x100002e52000
3: KnownLocalCachedEmbedding init done
cudaHostRegister 0x100002e52000
1: KnownLocalCachedEmbedding init done
WARNING [13592 DistTensor.py:56] The tensor name already exists in the kvstore
WARNING [13527 DistTensor.py:56] The tensor name already exists in the kvstore
cudaHostRegister 0x100002e52000
5: KnownLocalCachedEmbedding init done
WARNING [13735 DistTensor.py:56] The tensor name already exists in the kvstore
cudaHostRegister 0x100002e52000
4: KnownLocalCachedEmbedding init done
WARNING [13719 DistTensor.py:56] The tensor name already exists in the kvstore
[Rank5] pid = 13735
New CachedEmbedding, name=full_emb, shape=(14951, 400), cache_type=KnownLocalCachedEmbedding
fixed cache_range is [(0, 747), (747, 1494), (1494, 2241), (2241, 2988), (2988, 3735), (3735, 4482)]
cudaHostRegister 0x100002e52000
0: KnownLocalCachedEmbedding init done
WARNING [13126 DistTensor.py:56] The tensor name already exists in the kvstore
I20240123 02:15:29.022375 13784 IPC_barrier.h:118] CreateBarrier: new barrier, name: kgcachecontroller, count: 6
I20240123 02:15:29.022423 13593 IPC_barrier.h:112] CreateBarrier: find existing barrier, name: kgcachecontroller, count: 6
I20240123 02:15:29.022492 13840 IPC_barrier.h:112] CreateBarrier: find existing barrier, name: kgcachecontroller, count: 6
I20240123 02:15:29.022552 13528 IPC_barrier.h:112] CreateBarrier: find existing barrier, name: kgcachecontroller, count: 6
I20240123 02:15:29.022615 13720 IPC_barrier.h:112] CreateBarrier: find existing barrier, name: kgcachecontroller, count: 6
I20240123 02:15:29.022673 13624 IPC_barrier.h:112] CreateBarrier: find existing barrier, name: kgcachecontroller, count: 6
W20240123 02:15:29.024302 13784 grad_base.h:55] KGCacheController, config={
        "num_gpus": 6,
        "L": 10,
        "backgrad_init": "both", 
        "kForwardItersPerStep": 2,
        "clr": 1,
        "nr_background_threads": 32,
        "backwardMode": "CppAsyncV2",
        "cache_ratio": 0.05
        }
W20240123 02:15:29.024391 13784 grad_base.h:172] Init GradProcessingBase done
I20240123 02:15:29.027590 13784 grad_async_v2.h:32] Use background thread to update emb. nr_background_threads=32
W20240123 02:15:29.027673 13784 kg_controller.h:78] after init GradAsyncProcessingV2
I20240123 02:15:29.027678 13784 kg_controller.h:84] Construct KGCacheController done
I20240123 02:15:29.640285 13784 grad_base.h:60] GraphEnv RegTensorsPerProcess
W20240123 02:15:30.398429 14346 grad_async_v2.h:120] Detect new sample comes, old_end0, new_end1
E20240123 02:15:30.398929 14346 parallel_pq_v2.h:76] insert failed, size(hashtable)=1
I20240123 02:15:30.423882 13593 IPC_barrier.h:118] CreateBarrier: new barrier, name: start_barrier, count: 6
I20240123 02:15:30.429111 13528 IPC_barrier.h:112] CreateBarrier: find existing barrier, name: start_barrier, count: 6
I20240123 02:15:30.432484 13624 IPC_barrier.h:112] CreateBarrier: find existing barrier, name: start_barrier, count: 6
I20240123 02:15:30.444224 13840 IPC_barrier.h:112] CreateBarrier: find existing barrier, name: start_barrier, count: 6
I20240123 02:15:30.445905 13720 IPC_barrier.h:112] CreateBarrier: find existing barrier, name: start_barrier, count: 6
I20240123 02:15:30.446656 13784 IPC_barrier.h:112] CreateBarrier: find existing barrier, name: start_barrier, count: 6
E20240123 02:15:32.495010 13784 parallel_pq_v2.h:76] insert failed, size(hashtable)=0
W20240123 02:15:32.508635 13784 grad_async_v2.h:249] Sleep in <BlockToStepN>, step_no=1, pq.top=0
W20240123 02:15:32.520330 14346 grad_async_v2.h:120] Detect new sample comes, old_end1, new_end2
E20240123 02:15:33.494078 14345 parallel_pq_v2.h:76] insert failed, size(hashtable)=7322
W20240123 02:15:33.532966 14346 grad_async_v2.h:120] Detect new sample comes, old_end1, new_end4
W20240123 02:15:33.620565 13784 grad_async_v2.h:249] Sleep in <BlockToStepN>, step_no=26, pq.top=26
+---------------------------+---------------------------+---------------------------+
| Name                      | P50                       | P99                       |
+---------------------------+---------------------------+---------------------------+
| GenInput                  | 1.272 ms                  | 20.960 ms                 |
| Forward                   | 4.816 ms                  | 709.847 ms                |
| Backward                  | 3.288 ms                  | 202.626 ms                |
| Optimize                  | 1.557 ms                  | 2.630 ms                  |
| BarrierTimeBeforeRank0    | 778.090 us                | 311.404 ms                |
| AfterBackward             | 20.964 ms                 | 833.937 ms                |
| BlockToStepN              | 5.321 ms                  | 27.131 ms                 |
| OneStep                   | 39.480 ms                 | 2.070 s                   |
+---------------------------+---------------------------+---------------------------+
E20240123 02:15:34.494022 14345 parallel_pq_v2.h:76] insert failed, size(hashtable)=8307
W20240123 02:15:34.553819 14346 grad_async_v2.h:120] Detect new sample comes, old_end3, new_end9
+---------------------------+---------------------------+---------------------------+
| Name                      | P50                       | P99                       |
+---------------------------+---------------------------+---------------------------+
| ProcessBack:Shuffle       | 4.041 ms                  | 228.987 ms                |
| ProcessBack:UpdateCache   | 4.506 ms                  | 582.050 ms                |
| ProcessBack:UpsertPq      | 9.136 ms                  | 22.606 ms                 |
| ProcessOneStep            | 21.342 ms                 | 833.204 ms                |
| BlockToStepN              | 2.648 ms                  | 27.055 ms                 |
+---------------------------+---------------------------+---------------------------+
W20240123 02:15:34.676275 13784 grad_async_v2.h:249] Sleep in <BlockToStepN>, step_no=51, pq.top=51
E20240123 02:15:35.494016 14345 parallel_pq_v2.h:76] insert failed, size(hashtable)=9079
W20240123 02:15:35.565969 14346 grad_async_v2.h:120] Detect new sample comes, old_end6, new_end1
W20240123 02:15:35.681367 13784 grad_async_v2.h:249] Sleep in <BlockToStepN>, step_no=73, pq.top=73
E20240123 02:15:36.494017 13784 parallel_pq_v2.h:76] insert failed, size(hashtable)=693
W20240123 02:15:36.588734 14346 grad_async_v2.h:120] Detect new sample comes, old_end0, new_end2
W20240123 02:15:36.681105 13784 grad_async_v2.h:249] Sleep in <BlockToStepN>, step_no=94, pq.top=94
train_sampler.Prefill()
before start barrier
start train
[proc 1] 100 steps, total: 6.548, sample: 0.268, forward: 1.084, backward: 0.606, update: 0.128
train_sampler.Prefill()
before start barrier
start train
[proc 3] 100 steps, total: 6.544, sample: 0.320, forward: 1.129, backward: 0.626, update: 0.143
train_sampler.Prefill()
before start barrier
start train
[proc 2] 100 steps, total: 6.553, sample: 0.296, forward: 1.086, backward: 0.598, update: 0.148
train_sampler.Prefill()
before start barrier
start train
[proc 4] 100 steps, total: 6.531, sample: 0.328, forward: 1.352, backward: 0.706, update: 0.139
train_sampler.Prefill()
-------Step 0-------
tensor([  50, 5334, 7260,  864, 9530, 8298,  113, 5902, 6720, 2140]) tensor([ 1141,    58,  6371,  5294,    36,  7274,  8882, 11809,  1699, 10924])
-------Step 1-------
tensor([  50, 5334, 7260,  864, 9530, 8298,  113, 5902, 6720, 2140]) tensor([ 2408,   758,  2726, 13617, 13569,   505,  4420, 14313,  4854,  8933])
-------Step 2-------
tensor([12484, 12386,  9903,  5191, 10824,  4405, 10171, 11667, 14443,  7604]) tensor([ 3699,  3523,  3030, 13908,  5856, 13463,  8852, 14559,  9040,  5103])
-------Step 3-------
tensor([12484, 12386,  9903,  5191, 10824,  4405, 10171, 11667, 14443,  7604]) tensor([ 4295,   334,  5910,  8765,  1760,  2006,  5951, 11378,  4618,   481])
-------Step 4-------
tensor([ 2087,  9530, 14859, 13518, 11748,  6420,    56,    93, 14097,  9974]) tensor([ 7153,  2060,   392, 11069, 12336,  3910,  9983, 10815,  7868, 11742])
-------Step 5-------
tensor([ 2087,  9530, 14859, 13518, 11748,  6420,    56,    93, 14097,  9974]) tensor([ 8218,  3991,  2121, 11825,  9458, 12114, 11485,  4641,  5058, 13427])
-------Step 6-------
tensor([14856,  8178,   424, 10542, 12758,  6089,    54, 11844,  9530, 11916]) tensor([ 7975,  2558,  9617,  1174,  2353,  1783, 14576, 14304,  4915,  4364])
-------Step 7-------
tensor([14856,  8178,   424, 10542, 12758,  6089,    54, 11844,  9530, 11916]) tensor([  219,  1011,  6371,  6168, 12485, 11675, 12484, 12165,  9054, 11773])
-------Step 8-------
tensor([ 9092, 14108,    79, 13571, 14395, 10037,    70,  5383,  3138,  8645]) tensor([11666,  6284,  2134,  7940, 12680,  5979, 11366, 12214, 13770, 13169])
-------Step 9-------
tensor([ 9092, 14108,    79, 13571, 14395, 10037,    70,  5383,  3138,  8645]) tensor([ 8129,  1838, 10919,  2958,  3242,  5587, 12569,  6350, 13977, 14803])
before start barrier
start train
[proc 0] 100 steps, total: 6.530, sample: 0.350, forward: 1.184, backward: 0.564, update: 0.158
train_sampler.Prefill()
before start barrier
start train
[proc 5] 100 steps, total: 6.532, sample: 0.295, forward: 1.317, backward: 0.672, update: 0.126
E20240123 02:15:37.494014 14345 parallel_pq_v2.h:76] insert failed, size(hashtable)=6781
W20240123 02:15:37.590068 14346 grad_async_v2.h:120] Detect new sample comes, old_end2, new_end3
W20240123 02:15:37.681676 13784 grad_async_v2.h:249] Sleep in <BlockToStepN>, step_no=114, pq.top=114
E20240123 02:15:38.494012 14345 parallel_pq_v2.h:76] insert failed, size(hashtable)=7574
W20240123 02:15:38.593001 14346 grad_async_v2.h:120] Detect new sample comes, old_end2, new_end3
W20240123 02:15:38.727182 13784 grad_async_v2.h:249] Sleep in <BlockToStepN>, step_no=135, pq.top=135
+---------------------------+---------------------------+---------------------------+
| Name                      | P50                       | P99                       |
+---------------------------+---------------------------+---------------------------+
| GenInput                  | 1.397 ms                  | 20.960 ms                 |
| Forward                   | 4.665 ms                  | 24.431 ms                 |
| Backward                  | 3.835 ms                  | 9.685 ms                  |
| Optimize                  | 1.542 ms                  | 2.595 ms                  |
| BarrierTimeBeforeRank0    | 853.656 us                | 10.637 ms                 |
| AfterBackward             | 23.116 ms                 | 38.002 ms                 |
| BlockToStepN              | 7.848 ms                  | 23.575 ms                 |
| OneStep                   | 45.321 ms                 | 79.848 ms                 |
+---------------------------+---------------------------+---------------------------+
E20240123 02:15:39.494010 14345 parallel_pq_v2.h:76] insert failed, size(hashtable)=5425
W20240123 02:15:39.594041 14346 grad_async_v2.h:120] Detect new sample comes, old_end2, new_end3
+---------------------------+---------------------------+---------------------------+
| Name                      | P50                       | P99                       |
+---------------------------+---------------------------+---------------------------+
| ProcessBack:Shuffle       | 4.252 ms                  | 6.862 ms                  |
| ProcessBack:UpdateCache   | 4.868 ms                  | 6.219 ms                  |
| ProcessBack:UpsertPq      | 11.357 ms                 | 17.330 ms                 |
| ProcessOneStep            | 23.106 ms                 | 36.727 ms                 |
| BlockToStepN              | 8.028 ms                  | 20.086 ms                 |
+---------------------------+---------------------------+---------------------------+
W20240123 02:15:39.752605 13784 grad_async_v2.h:249] Sleep in <BlockToStepN>, step_no=156, pq.top=156
E20240123 02:15:40.494017 14345 parallel_pq_v2.h:76] insert failed, size(hashtable)=8215
W20240123 02:15:40.627684 14346 grad_async_v2.h:120] Detect new sample comes, old_end3, new_end4
W20240123 02:15:40.774608 13784 grad_async_v2.h:249] Sleep in <BlockToStepN>, step_no=176, pq.top=176
E20240123 02:15:41.494010 14345 parallel_pq_v2.h:76] insert failed, size(hashtable)=5425
W20240123 02:15:41.628963 14346 grad_async_v2.h:120] Detect new sample comes, old_end1, new_end2
W20240123 02:15:41.790831 13784 grad_async_v2.h:249] Sleep in <BlockToStepN>, step_no=195, pq.top=195
[proc 5] 200 steps, total: 5.142, sample: 0.296, forward: 0.364, backward: 0.446, update: 0.127
[proc 1] 200 steps, total: 5.142, sample: 0.322, forward: 0.399, backward: 0.437, update: 0.129
[proc 3] 200 steps, total: 5.142, sample: 0.337, forward: 0.429, backward: 0.413, update: 0.151
[proc 2] 200 steps, total: 5.142, sample: 0.342, forward: 0.421, backward: 0.403, update: 0.148
[proc 4] 200 steps, total: 5.142, sample: 0.345, forward: 0.424, backward: 0.434, update: 0.143
[proc 0] 200 steps, total: 5.142, sample: 0.325, forward: 0.430, backward: 0.375, update: 0.141
E20240123 02:15:42.494052 14019 parallel_pq_v2.h:76] insert failed, size(hashtable)=1489
W20240123 02:15:42.633523 14346 grad_async_v2.h:120] Detect new sample comes, old_end0, new_end1
W20240123 02:15:42.803440 13784 grad_async_v2.h:249] Sleep in <BlockToStepN>, step_no=214, pq.top=214
E20240123 02:15:43.494011 14345 parallel_pq_v2.h:76] insert failed, size(hashtable)=4668
W20240123 02:15:43.661684 14346 grad_async_v2.h:120] Detect new sample comes, old_end0, new_end1
W20240123 02:15:43.831867 13784 grad_async_v2.h:249] Sleep in <BlockToStepN>, step_no=233, pq.top=233
+---------------------------+---------------------------+---------------------------+
| Name                      | P50                       | P99                       |
+---------------------------+---------------------------+---------------------------+
| GenInput                  | 1.371 ms                  | 17.327 ms                 |
| Forward                   | 4.286 ms                  | 10.924 ms                 |
| Backward                  | 3.814 ms                  | 6.363 ms                  |
| Optimize                  | 1.510 ms                  | 2.585 ms                  |
| BarrierTimeBeforeRank0    | 1.370 ms                  | 10.637 ms                 |
| AfterBackward             | 23.288 ms                 | 36.766 ms                 |
| BlockToStepN              | 9.601 ms                  | 31.182 ms                 |
| OneStep                   | 47.719 ms                 | 87.251 ms                 |
+---------------------------+---------------------------+---------------------------+
E20240123 02:15:44.494009 14345 parallel_pq_v2.h:76] insert failed, size(hashtable)=8820
+---------------------------+---------------------------+---------------------------+
| Name                      | P50                       | P99                       |
+---------------------------+---------------------------+---------------------------+
| ProcessBack:Shuffle       | 4.068 ms                  | 6.174 ms                  |
| ProcessBack:UpdateCache   | 4.655 ms                  | 6.216 ms                  |
| ProcessBack:UpsertPq      | 12.052 ms                 | 18.549 ms                 |
| ProcessOneStep            | 23.211 ms                 | 36.727 ms                 |
| BlockToStepN              | 9.653 ms                  | 34.389 ms                 |
+---------------------------+---------------------------+---------------------------+
W20240123 02:15:44.664253 14346 grad_async_v2.h:120] Detect new sample comes, old_end8, new_end9
W20240123 02:15:44.860540 13784 grad_async_v2.h:249] Sleep in <BlockToStepN>, step_no=252, pq.top=252
E20240123 02:15:45.494017 14345 parallel_pq_v2.h:76] insert failed, size(hashtable)=5982
W20240123 02:15:45.677544 14346 grad_async_v2.h:120] Detect new sample comes, old_end7, new_end8
W20240123 02:15:45.875581 13784 grad_async_v2.h:249] Sleep in <BlockToStepN>, step_no=271, pq.top=271
E20240123 02:15:46.502420 14345 parallel_pq_v2.h:76] insert failed, size(hashtable)=5749
W20240123 02:15:46.708182 14346 grad_async_v2.h:120] Detect new sample comes, old_end3, new_end4
W20240123 02:15:46.895150 13784 grad_async_v2.h:249] Sleep in <BlockToStepN>, step_no=287, pq.top=287
E20240123 02:15:47.502012 14345 parallel_pq_v2.h:76] insert failed, size(hashtable)=10976
[proc 4] 300 steps, total: 5.586, sample: 0.250, forward: 0.361, backward: 0.446, update: 0.120
[proc 5] 300 steps, total: 5.586, sample: 0.282, forward: 0.383, backward: 0.443, update: 0.130
[proc 2] 300 steps, total: 5.586, sample: 0.293, forward: 0.388, backward: 0.456, update: 0.134
[proc 3] 300 steps, total: 5.586, sample: 0.268, forward: 0.371, backward: 0.429, update: 0.119
[proc 0] 300 steps, total: 5.586, sample: 0.253, forward: 0.379, backward: 0.383, update: 0.135
[proc 1] 300 steps, total: 5.586, sample: 0.332, forward: 0.429, backward: 0.381, update: 0.154
W20240123 02:15:47.713322 14346 grad_async_v2.h:120] Detect new sample comes, old_end9, new_end1
W20240123 02:15:47.942371 13784 grad_async_v2.h:249] Sleep in <BlockToStepN>, step_no=304, pq.top=304
E20240123 02:15:48.502189 13784 parallel_pq_v2.h:76] insert failed, size(hashtable)=405
W20240123 02:15:48.728125 14346 grad_async_v2.h:120] Detect new sample comes, old_end4, new_end8
W20240123 02:15:48.942485 13784 grad_async_v2.h:249] Sleep in <BlockToStepN>, step_no=321, pq.top=321
+---------------------------+---------------------------+---------------------------+
| Name                      | P50                       | P99                       |
+---------------------------+---------------------------+---------------------------+
| GenInput                  | 1.410 ms                  | 20.960 ms                 |
| Forward                   | 4.323 ms                  | 8.737 ms                  |
| Backward                  | 3.849 ms                  | 6.307 ms                  |
| Optimize                  | 1.504 ms                  | 2.534 ms                  |
| BarrierTimeBeforeRank0    | 1.225 ms                  | 18.193 ms                 |
| AfterBackward             | 23.668 ms                 | 35.547 ms                 |
| BlockToStepN              | 10.224 ms                 | 46.309 ms                 |
| OneStep                   | 49.122 ms                 | 112.136 ms                |
+---------------------------+---------------------------+---------------------------+
E20240123 02:15:49.502012 14345 parallel_pq_v2.h:76] insert failed, size(hashtable)=12026
+---------------------------+---------------------------+---------------------------+
| Name                      | P50                       | P99                       |
+---------------------------+---------------------------+---------------------------+
| ProcessBack:Shuffle       | 4.315 ms                  | 6.174 ms                  |
| ProcessBack:UpdateCache   | 4.889 ms                  | 6.434 ms                  |
| ProcessBack:UpsertPq      | 12.675 ms                 | 18.549 ms                 |
| ProcessOneStep            | 23.681 ms                 | 35.514 ms                 |
| BlockToStepN              | 10.286 ms                 | 46.252 ms                 |
+---------------------------+---------------------------+---------------------------+
W20240123 02:15:49.759214 14346 grad_async_v2.h:120] Detect new sample comes, old_end9, new_end5
W20240123 02:15:49.972735 13784 grad_async_v2.h:249] Sleep in <BlockToStepN>, step_no=339, pq.top=339
E20240123 02:15:50.502012 13784 parallel_pq_v2.h:76] insert failed, size(hashtable)=164
W20240123 02:15:50.798054 14346 grad_async_v2.h:120] Detect new sample comes, old_end7, new_end0
W20240123 02:15:50.982323 13784 grad_async_v2.h:249] Sleep in <BlockToStepN>, step_no=352, pq.top=352
E20240123 02:15:51.502022 14345 parallel_pq_v2.h:76] insert failed, size(hashtable)=6658
W20240123 02:15:51.811391 14346 grad_async_v2.h:120] Detect new sample comes, old_end2, new_end8
W20240123 02:15:52.011518 13784 grad_async_v2.h:249] Sleep in <BlockToStepN>, step_no=372, pq.top=372
E20240123 02:15:52.502099 14346 parallel_pq_v2.h:76] insert failed, size(hashtable)=450
W20240123 02:15:52.826120 14346 grad_async_v2.h:120] Detect new sample comes, old_end1, new_end2
W20240123 02:15:53.011030 13784 grad_async_v2.h:249] Sleep in <BlockToStepN>, step_no=385, pq.top=385
E20240123 02:15:53.502008 14345 parallel_pq_v2.h:76] insert failed, size(hashtable)=5826
[proc 1] 400 steps, total: 6.128, sample: 0.312, forward: 0.447, backward: 0.376, update: 0.152
[proc 5] 400 steps, total: 6.128, sample: 0.281, forward: 0.360, backward: 0.387, update: 0.120
[proc 3] 400 steps, total: 6.128, sample: 0.305, forward: 0.371, backward: 0.385, update: 0.120
[proc 0] 400 steps, total: 6.128, sample: 0.361, forward: 0.433, backward: 0.365, update: 0.140
[proc 2] 400 steps, total: 6.128, sample: 0.310, forward: 0.449, backward: 0.390, update: 0.170
[proc 4] 400 steps, total: 6.128, sample: 0.273, forward: 0.372, backward: 0.464, update: 0.115
W20240123 02:15:53.833364 14346 grad_async_v2.h:120] Detect new sample comes, old_end0, new_end1
W20240123 02:15:54.019568 13784 grad_async_v2.h:249] Sleep in <BlockToStepN>, step_no=404, pq.top=404
+---------------------------+---------------------------+---------------------------+
| Name                      | P50                       | P99                       |
+---------------------------+---------------------------+---------------------------+
| GenInput                  | 1.438 ms                  | 17.327 ms                 |
| Forward                   | 4.363 ms                  | 8.088 ms                  |
| Backward                  | 3.812 ms                  | 6.211 ms                  |
| Optimize                  | 1.508 ms                  | 2.513 ms                  |
| BarrierTimeBeforeRank0    | 1.013 ms                  | 18.962 ms                 |
| AfterBackward             | 24.290 ms                 | 36.766 ms                 |
| BlockToStepN              | 10.326 ms                 | 42.548 ms                 |
| OneStep                   | 49.736 ms                 | 114.140 ms                |
+---------------------------+---------------------------+---------------------------+
E20240123 02:15:54.502012 14345 parallel_pq_v2.h:76] insert failed, size(hashtable)=7825
+---------------------------+---------------------------+---------------------------+
| Name                      | P50                       | P99                       |
+---------------------------+---------------------------+---------------------------+
| ProcessBack:Shuffle       | 4.379 ms                  | 6.059 ms                  |
| ProcessBack:UpdateCache   | 5.784 ms                  | 6.470 ms                  |
| ProcessBack:UpsertPq      | 13.274 ms                 | 18.618 ms                 |
| ProcessOneStep            | 24.316 ms                 | 36.727 ms                 |
| BlockToStepN              | 10.215 ms                 | 42.471 ms                 |
+---------------------------+---------------------------+---------------------------+
W20240123 02:15:54.833220 14346 grad_async_v2.h:120] Detect new sample comes, old_end7, new_end8
W20240123 02:15:55.054208 13784 grad_async_v2.h:249] Sleep in <BlockToStepN>, step_no=422, pq.top=422
E20240123 02:15:55.502018 14345 parallel_pq_v2.h:76] insert failed, size(hashtable)=5525
W20240123 02:15:55.836814 14346 grad_async_v2.h:120] Detect new sample comes, old_end5, new_end6
W20240123 02:15:56.062521 13784 grad_async_v2.h:249] Sleep in <BlockToStepN>, step_no=440, pq.top=440
E20240123 02:15:56.502010 14345 parallel_pq_v2.h:76] insert failed, size(hashtable)=8575
W20240123 02:15:56.839427 14346 grad_async_v2.h:120] Detect new sample comes, old_end3, new_end4
W20240123 02:15:57.112970 13784 grad_async_v2.h:249] Sleep in <BlockToStepN>, step_no=458, pq.top=458
E20240123 02:15:57.502009 14345 parallel_pq_v2.h:76] insert failed, size(hashtable)=7543
W20240123 02:15:57.846599 14346 grad_async_v2.h:120] Detect new sample comes, old_end1, new_end2
W20240123 02:15:58.121519 13784 grad_async_v2.h:249] Sleep in <BlockToStepN>, step_no=476, pq.top=476
E20240123 02:15:58.502023 14345 parallel_pq_v2.h:76] insert failed, size(hashtable)=8755
W20240123 02:15:58.858045 14346 grad_async_v2.h:120] Detect new sample comes, old_end9, new_end0
+---------------------------+---------------------------+---------------------------+
| Name                      | P50                       | P99                       |
+---------------------------+---------------------------+---------------------------+
| GenInput                  | 1.447 ms                  | 17.300 ms                 |
| Forward                   | 4.394 ms                  | 8.015 ms                  |
| Backward                  | 3.812 ms                  | 6.081 ms                  |
| Optimize                  | 1.509 ms                  | 2.507 ms                  |
| BarrierTimeBeforeRank0    | 941.416 us                | 18.962 ms                 |
| AfterBackward             | 25.256 ms                 | 35.547 ms                 |
| BlockToStepN              | 10.376 ms                 | 42.548 ms                 |
| OneStep                   | 50.369 ms                 | 112.136 ms                |
+---------------------------+---------------------------+---------------------------+
W20240123 02:15:59.122071 13784 grad_async_v2.h:249] Sleep in <BlockToStepN>, step_no=494, pq.top=494
[proc 0] 500 steps, total: 5.633, sample: 0.317, forward: 0.438, backward: 0.373, update: 0.142
[proc 1] 500 steps, total: 5.633, sample: 0.313, forward: 0.452, backward: 0.379, update: 0.155
[proc 3] 500 steps, total: 5.633, sample: 0.284, forward: 0.395, backward: 0.412, update: 0.131
[proc 4] 500 steps, total: 5.633, sample: 0.324, forward: 0.398, backward: 0.409, update: 0.135
[proc 2] 500 steps, total: 5.633, sample: 0.284, forward: 0.400, backward: 0.397, update: 0.138
[proc 5] 500 steps, total: 5.633, sample: 0.285, forward: 0.382, backward: 0.414, update: 0.139
Successfully xmh. training takes 29.019965887069702 seconds
before call kg_cache_controller.StopThreads()
W20240123 02:15:59.466687 13784 grad_async_v2.h:71] call StopThreads. PID = 13126
W20240123 02:15:59.466720 13784 grad_base.h:210] before processOneStepNegThread_.join();
W20240123 02:15:59.467020 13784 grad_base.h:212] after processOneStepNegThread_.join();
W20240123 02:15:59.467033 13784 grad_async_v2.h:73] call GradProcessingBase::StopThreads.
W20240123 02:15:59.474642 13784 grad_async_v2.h:91] StopThreads done.
[W tensorpipe_agent.cpp:725] RPC agent for worker0 encountered error when reading incoming request from worker2: eof (this error originated at tensorpipe/transport/shm/connection_impl.cc:259)
[W tensorpipe_agent.cpp:725] RPC agent for worker0 encountered error when reading incoming request from worker3: eof (this error originated at tensorpipe/transport/shm/connection_impl.cc:259)
[W tensorpipe_agent.cpp:725] RPC agent for worker0 encountered error when reading incoming request from worker1: eof (this error originated at tensorpipe/transport/shm/connection_impl.cc:259)
[W tensorpipe_agent.cpp:725] RPC agent for worker0 encountered error when reading incoming request from worker5: eof (this error originated at tensorpipe/transport/shm/connection_impl.cc:259)
[W tensorpipe_agent.cpp:725] RPC agent for worker0 encountered error when reading incoming request from worker4: eof (this error originated at tensorpipe/transport/shm/connection_impl.cc:259)
+---------------------------+---------------------------+---------------------------+
| Name                      | P50                       | P99                       |
+---------------------------+---------------------------+---------------------------+
| ProcessBack:Shuffle       | 4.417 ms                  | 5.850 ms                  |
| ProcessBack:UpdateCache   | 5.900 ms                  | 6.495 ms                  |
| ProcessBack:UpsertPq      | 13.836 ms                 | 18.957 ms                 |
| ProcessOneStep            | 25.332 ms                 | 35.514 ms                 |
| BlockToStepN              | 10.344 ms                 | 42.471 ms                 |
+---------------------------+---------------------------+---------------------------+
On rank0, prepare to call self.controller.StopThreads(), self=<python.controller_process.KGCacheControllerWrapper object at 0x7fc2be186910>
