WARNING: Logging before InitGoogleLogging() is written to STDERR
I20240211 01:13:10.374086 40204 IPC_barrier.h:128] MultiProcessBarrierFactory->ClearIPCMemory()
W20240211 01:13:10.377663 40204 IPCTensor.h:369] NewIPCTensor: full_emb [9449206, 32]0x100000002000 1.126 GB
/data/home/xieminhui/RecStore/src/framework_adapters/torch/python/perf_rec_model.py:152: DeprecationWarning: The 'warn' function is deprecated, use 'warning' instead
  XLOG.warn("After init DistEmbedding")
WARNING [40204 perf_rec_model.py:152] After init DistEmbedding
========== Running Perf with routine <function routine_local_cache_helper at 0x7efb967258a0>==========
Worker 1 pid=40348
Worker 2 pid=40349
Worker 3 pid=40350
Worker 4 pid=40351
Worker 5 pid=40352
Worker 6 pid=40353
INFO [40204 distributed_c10d.py:442] Added key: store_based_barrier_key:1 to store for rank: 0
INFO [40348 distributed_c10d.py:442] Added key: store_based_barrier_key:1 to store for rank: 1
INFO [40351 distributed_c10d.py:442] Added key: store_based_barrier_key:1 to store for rank: 4
INFO [40349 distributed_c10d.py:442] Added key: store_based_barrier_key:1 to store for rank: 2
INFO [40350 distributed_c10d.py:442] Added key: store_based_barrier_key:1 to store for rank: 3
INFO [40351 distributed_c10d.py:476] Rank 4: Completed store-based barrier for key:store_based_barrier_key:1 with 8 nodes.
INFO [40352 distributed_c10d.py:442] Added key: store_based_barrier_key:1 to store for rank: 5
INFO [40354 distributed_c10d.py:442] Added key: store_based_barrier_key:1 to store for rank: 7
INFO [40353 distributed_c10d.py:442] Added key: store_based_barrier_key:1 to store for rank: 6
INFO [40349 distributed_c10d.py:476] Rank 2: Completed store-based barrier for key:store_based_barrier_key:1 with 8 nodes.
INFO [40350 distributed_c10d.py:476] Rank 3: Completed store-based barrier for key:store_based_barrier_key:1 with 8 nodes.
INFO [40352 distributed_c10d.py:476] Rank 5: Completed store-based barrier for key:store_based_barrier_key:1 with 8 nodes.
INFO [40354 distributed_c10d.py:476] Rank 7: Completed store-based barrier for key:store_based_barrier_key:1 with 8 nodes.
INFO [40353 distributed_c10d.py:476] Rank 6: Completed store-based barrier for key:store_based_barrier_key:1 with 8 nodes.
E20240211 01:13:19.367060 40351 IPCTensor.h:348] IPCTensor full_emb already exists
E20240211 01:13:19.367309 40350 IPCTensor.h:348] IPCTensor full_emb already exists
E20240211 01:13:19.367309 40349 IPCTensor.h:348] IPCTensor full_emb already exists
E20240211 01:13:19.367383 40352 IPCTensor.h:348] IPCTensor full_emb already exists
E20240211 01:13:19.367406 40354 IPCTensor.h:348] IPCTensor full_emb already exists
E20240211 01:13:19.367429 40353 IPCTensor.h:348] IPCTensor full_emb already exists
INFO [40204 distributed_c10d.py:476] Rank 0: Completed store-based barrier for key:store_based_barrier_key:1 with 8 nodes.
INFO [40348 distributed_c10d.py:476] Rank 1: Completed store-based barrier for key:store_based_barrier_key:1 with 8 nodes.
E20240211 01:13:19.373786 40204 IPCTensor.h:348] IPCTensor full_emb already exists
E20240211 01:13:19.373952 40348 IPCTensor.h:348] IPCTensor full_emb already exists
W20240211 01:13:24.707882 40354 IPCTensor.h:409] NewIPCGPUTensor: embedding_cache_7 [472460, 32]; dev=7; size=57.67 MB
W20240211 01:13:24.708009 40351 IPCTensor.h:409] NewIPCGPUTensor: embedding_cache_4 [472460, 32]; dev=4; size=57.67 MB
W20240211 01:13:24.708009 40349 IPCTensor.h:409] NewIPCGPUTensor: embedding_cache_2 [472460, 32]; dev=2; size=57.67 MB
W20240211 01:13:24.708086 40348 IPCTensor.h:409] NewIPCGPUTensor: embedding_cache_1 [472460, 32]; dev=1; size=57.67 MB
W20240211 01:13:24.710448 40204 IPCTensor.h:409] NewIPCGPUTensor: embedding_cache_0 [472460, 32]; dev=0; size=57.67 MB
W20240211 01:13:24.711481 40352 IPCTensor.h:409] NewIPCGPUTensor: embedding_cache_5 [472460, 32]; dev=5; size=57.67 MB
W20240211 01:13:24.711541 40350 IPCTensor.h:409] NewIPCGPUTensor: embedding_cache_3 [472460, 32]; dev=3; size=57.67 MB
W20240211 01:13:24.711848 40353 IPCTensor.h:409] NewIPCGPUTensor: embedding_cache_6 [472460, 32]; dev=6; size=57.67 MB
W20240211 01:13:29.994253 40349 IPCTensor.h:369] NewIPCTensor: input_keys_2 [1000000]0x10004817d000 7.629 MB
W20240211 01:13:29.994426 40349 IPCTensor.h:369] NewIPCTensor: input_keys_neg_2 [1000000]0x100048920000 7.629 MB
W20240211 01:13:29.994482 40349 IPCTensor.h:369] NewIPCTensor: backward_grads_2 [1000000, 32]0x1000490c3000 122.1 MB
W20240211 01:13:29.994522 40349 IPCTensor.h:369] NewIPCTensor: backward_grads_neg_2 [1000000, 32]0x100050ad7000 122.1 MB
W20240211 01:13:29.994561 40349 IPCTensor.h:409] NewIPCGPUTensor: backward_grads_2_gpu [1000000, 32]; dev=2; size=122.1 MB
W20240211 01:13:29.996100 40349 IPCTensor.h:409] NewIPCGPUTensor: backward_grads_neg_2_gpu [1000000, 32]; dev=2; size=122.1 MB
W20240211 01:13:30.000026 40354 IPCTensor.h:369] NewIPCTensor: input_keys_7 [1000000]0x1000584f1000 7.629 MB
W20240211 01:13:30.000180 40354 IPCTensor.h:369] NewIPCTensor: input_keys_neg_7 [1000000]0x100058c94000 7.629 MB
W20240211 01:13:30.000234 40354 IPCTensor.h:369] NewIPCTensor: backward_grads_7 [1000000, 32]0x100059437000 122.1 MB
W20240211 01:13:30.000272 40354 IPCTensor.h:369] NewIPCTensor: backward_grads_neg_7 [1000000, 32]0x100060e4b000 122.1 MB
W20240211 01:13:30.000324 40354 IPCTensor.h:409] NewIPCGPUTensor: backward_grads_7_gpu [1000000, 32]; dev=7; size=122.1 MB
W20240211 01:13:30.010473 40354 IPCTensor.h:409] NewIPCGPUTensor: backward_grads_neg_7_gpu [1000000, 32]; dev=7; size=122.1 MB
W20240211 01:13:30.031538 40352 IPCTensor.h:369] NewIPCTensor: input_keys_5 [1000000]0x100068865000 7.629 MB
W20240211 01:13:30.031716 40352 IPCTensor.h:369] NewIPCTensor: input_keys_neg_5 [1000000]0x100069008000 7.629 MB
W20240211 01:13:30.031775 40352 IPCTensor.h:369] NewIPCTensor: backward_grads_5 [1000000, 32]0x1000697ab000 122.1 MB
W20240211 01:13:30.031818 40352 IPCTensor.h:369] NewIPCTensor: backward_grads_neg_5 [1000000, 32]0x1000711bf000 122.1 MB
W20240211 01:13:30.031850 40352 IPCTensor.h:409] NewIPCGPUTensor: backward_grads_5_gpu [1000000, 32]; dev=5; size=122.1 MB
W20240211 01:13:30.032745 40352 IPCTensor.h:409] NewIPCGPUTensor: backward_grads_neg_5_gpu [1000000, 32]; dev=5; size=122.1 MB
W20240211 01:13:30.034835 40204 IPCTensor.h:369] NewIPCTensor: input_keys_0 [1000000]0x100078bd9000 7.629 MB
W20240211 01:13:30.034989 40204 IPCTensor.h:369] NewIPCTensor: input_keys_neg_0 [1000000]0x10007937c000 7.629 MB
W20240211 01:13:30.035051 40204 IPCTensor.h:369] NewIPCTensor: backward_grads_0 [1000000, 32]0x100079b1f000 122.1 MB
W20240211 01:13:30.035120 40204 IPCTensor.h:369] NewIPCTensor: backward_grads_neg_0 [1000000, 32]0x100081533000 122.1 MB
W20240211 01:13:30.035174 40204 IPCTensor.h:409] NewIPCGPUTensor: backward_grads_0_gpu [1000000, 32]; dev=0; size=122.1 MB
W20240211 01:13:30.035567 40204 IPCTensor.h:409] NewIPCGPUTensor: backward_grads_neg_0_gpu [1000000, 32]; dev=0; size=122.1 MB
W20240211 01:13:30.051697 40351 IPCTensor.h:369] NewIPCTensor: input_keys_4 [1000000]0x100088f4d000 7.629 MB
W20240211 01:13:30.051877 40351 IPCTensor.h:369] NewIPCTensor: input_keys_neg_4 [1000000]0x1000896f0000 7.629 MB
W20240211 01:13:30.051944 40351 IPCTensor.h:369] NewIPCTensor: backward_grads_4 [1000000, 32]0x100089e93000 122.1 MB
W20240211 01:13:30.051991 40351 IPCTensor.h:369] NewIPCTensor: backward_grads_neg_4 [1000000, 32]0x1000918a7000 122.1 MB
W20240211 01:13:30.052032 40351 IPCTensor.h:409] NewIPCGPUTensor: backward_grads_4_gpu [1000000, 32]; dev=4; size=122.1 MB
W20240211 01:13:30.137974 40351 IPCTensor.h:409] NewIPCGPUTensor: backward_grads_neg_4_gpu [1000000, 32]; dev=4; size=122.1 MB
W20240211 01:13:30.142020 40348 IPCTensor.h:369] NewIPCTensor: input_keys_1 [1000000]0x1000992c1000 7.629 MB
W20240211 01:13:30.142098 40353 IPCTensor.h:369] NewIPCTensor: input_keys_6 [1000000]0x100099a64000 7.629 MB
W20240211 01:13:30.142187 40348 IPCTensor.h:369] NewIPCTensor: input_keys_neg_1 [1000000]0x10009a207000 7.629 MB
W20240211 01:13:30.142246 40348 IPCTensor.h:369] NewIPCTensor: backward_grads_1 [1000000, 32]0x10009a9aa000 122.1 MB
W20240211 01:13:30.142284 40348 IPCTensor.h:369] NewIPCTensor: backward_grads_neg_1 [1000000, 32]0x1000a23be000 122.1 MB
W20240211 01:13:30.142323 40353 IPCTensor.h:369] NewIPCTensor: input_keys_neg_6 [1000000]0x1000a9dd2000 7.629 MB
W20240211 01:13:30.142336 40348 IPCTensor.h:409] NewIPCGPUTensor: backward_grads_1_gpu [1000000, 32]; dev=1; size=122.1 MB
W20240211 01:13:30.142396 40353 IPCTensor.h:369] NewIPCTensor: backward_grads_6 [1000000, 32]0x1000aa575000 122.1 MB
W20240211 01:13:30.142439 40353 IPCTensor.h:369] NewIPCTensor: backward_grads_neg_6 [1000000, 32]0x1000b1f89000 122.1 MB
W20240211 01:13:30.142478 40353 IPCTensor.h:409] NewIPCGPUTensor: backward_grads_6_gpu [1000000, 32]; dev=6; size=122.1 MB
W20240211 01:13:30.143827 40348 IPCTensor.h:409] NewIPCGPUTensor: backward_grads_neg_1_gpu [1000000, 32]; dev=1; size=122.1 MB
W20240211 01:13:30.197345 40353 IPCTensor.h:409] NewIPCGPUTensor: backward_grads_neg_6_gpu [1000000, 32]; dev=6; size=122.1 MB
W20240211 01:13:30.390014 40350 IPCTensor.h:369] NewIPCTensor: input_keys_3 [1000000]0x1000b99a9000 7.629 MB
W20240211 01:13:30.390336 40350 IPCTensor.h:369] NewIPCTensor: input_keys_neg_3 [1000000]0x1000ba14c000 7.629 MB
W20240211 01:13:30.390502 40350 IPCTensor.h:369] NewIPCTensor: backward_grads_3 [1000000, 32]0x1000ba8ef000 122.1 MB
W20240211 01:13:30.390619 40350 IPCTensor.h:369] NewIPCTensor: backward_grads_neg_3 [1000000, 32]0x1000c2303000 122.1 MB
W20240211 01:13:30.390733 40350 IPCTensor.h:409] NewIPCGPUTensor: backward_grads_3_gpu [1000000, 32]; dev=3; size=122.1 MB
W20240211 01:13:30.392577 40350 IPCTensor.h:409] NewIPCGPUTensor: backward_grads_neg_3_gpu [1000000, 32]; dev=3; size=122.1 MB
Worker 7 pid=40354
New CachedEmbedding, name=full_emb, shape=(9449206, 32), cache_type=KnownLocalCachedEmbeddingSoftware
fixed cache_range is [(0, 472460), (472460, 944920), (944920, 1417380), (1417380, 1889840), (1889840, 2362300), (2362300, 2834760), (2834760, 3307220), (3307220, 3779680)]
cudaHostRegister 0x100000002000
0: KnownLocalCachedEmbedding init done
cudaHostRegister 0x100000002000
4: KnownLocalCachedEmbedding init done
cudaHostRegister 0x100000002000
2: KnownLocalCachedEmbedding init done
cudaHostRegister 0x100000002000
3: KnownLocalCachedEmbedding init done
cudaHostRegister 0x100000002000
6: KnownLocalCachedEmbedding init done
cudaHostRegister 0x100000002000
5: KnownLocalCachedEmbedding init done
cudaHostRegister 0x100000002000
7: KnownLocalCachedEmbedding init done
cudaHostRegister 0x100000002000
1: KnownLocalCachedEmbedding init done
W20240211 01:13:34.970340 40354 IPCTensor.h:369] NewIPCTensor: cached_sampler_r7_0 [1000000]0x1000c9d1b000 7.629 MB
W20240211 01:13:34.970530 40354 IPCTensor.h:369] NewIPCTensor: cached_sampler_r7_1 [1000000]0x1000ca4be000 7.629 MB
W20240211 01:13:34.970592 40354 IPCTensor.h:369] NewIPCTensor: cached_sampler_r7_2 [1000000]0x1000cac61000 7.629 MB
W20240211 01:13:34.970641 40354 IPCTensor.h:369] NewIPCTensor: cached_sampler_r7_3 [1000000]0x1000cb404000 7.629 MB
W20240211 01:13:34.970680 40354 IPCTensor.h:369] NewIPCTensor: cached_sampler_r7_4 [1000000]0x1000cbba7000 7.629 MB
W20240211 01:13:34.970715 40354 IPCTensor.h:369] NewIPCTensor: cached_sampler_r7_5 [1000000]0x1000cc34a000 7.629 MB
W20240211 01:13:34.970762 40354 IPCTensor.h:369] NewIPCTensor: cached_sampler_r7_6 [1000000]0x1000ccaed000 7.629 MB
W20240211 01:13:34.970803 40354 IPCTensor.h:369] NewIPCTensor: cached_sampler_r7_7 [1000000]0x1000cd290000 7.629 MB
W20240211 01:13:34.970836 40354 IPCTensor.h:369] NewIPCTensor: cached_sampler_r7_8 [1000000]0x1000cda33000 7.629 MB
W20240211 01:13:34.970885 40354 IPCTensor.h:369] NewIPCTensor: cached_sampler_r7_9 [1000000]0x1000ce1d6000 7.629 MB
W20240211 01:13:34.970932 40354 IPCTensor.h:369] NewIPCTensor: step_r7 [10]0x1000ce979000 80 B 
W20240211 01:13:34.970971 40354 IPCTensor.h:369] NewIPCTensor: circle_buffer_end_r7 [1]0x1000ce97b000 8 B 
W20240211 01:13:34.971001 40354 IPCTensor.h:369] NewIPCTensor: circle_buffer_end_cppseen_r7 [1]0x1000ce97d000 8 B 
Dataset:  /home/xieminhui/RecStoreDataset/avazu_binary
Dataset loaded
np.max =  9449205
np.min=  1
Construct RecModelSampler done
Construct KGCacheControllerWrapper done
E20240211 01:13:34.971622 40354 recstore.cc:66] init folly done
W20240211 01:13:35.056854 40352 IPCTensor.h:369] NewIPCTensor: cached_sampler_r5_0 [1000000]0x1000ce97f000 7.629 MB
W20240211 01:13:35.057045 40352 IPCTensor.h:369] NewIPCTensor: cached_sampler_r5_1 [1000000]0x1000cf122000 7.629 MB
W20240211 01:13:35.057103 40352 IPCTensor.h:369] NewIPCTensor: cached_sampler_r5_2 [1000000]0x1000cf8c5000 7.629 MB
W20240211 01:13:35.057157 40352 IPCTensor.h:369] NewIPCTensor: cached_sampler_r5_3 [1000000]0x1000d0068000 7.629 MB
W20240211 01:13:35.057197 40352 IPCTensor.h:369] NewIPCTensor: cached_sampler_r5_4 [1000000]0x1000d080b000 7.629 MB
W20240211 01:13:35.057236 40352 IPCTensor.h:369] NewIPCTensor: cached_sampler_r5_5 [1000000]0x1000d0fae000 7.629 MB
W20240211 01:13:35.057287 40352 IPCTensor.h:369] NewIPCTensor: cached_sampler_r5_6 [1000000]0x1000d1751000 7.629 MB
W20240211 01:13:35.057337 40352 IPCTensor.h:369] NewIPCTensor: cached_sampler_r5_7 [1000000]0x1000d1ef4000 7.629 MB
W20240211 01:13:35.057375 40352 IPCTensor.h:369] NewIPCTensor: cached_sampler_r5_8 [1000000]0x1000d2697000 7.629 MB
W20240211 01:13:35.057422 40352 IPCTensor.h:369] NewIPCTensor: cached_sampler_r5_9 [1000000]0x1000d2e3a000 7.629 MB
W20240211 01:13:35.057471 40352 IPCTensor.h:369] NewIPCTensor: step_r5 [10]0x1000d35dd000 80 B 
W20240211 01:13:35.057509 40352 IPCTensor.h:369] NewIPCTensor: circle_buffer_end_r5 [1]0x1000d35df000 8 B 
W20240211 01:13:35.057543 40352 IPCTensor.h:369] NewIPCTensor: circle_buffer_end_cppseen_r5 [1]0x1000d35e1000 8 B 
Dataset:  /home/xieminhui/RecStoreDataset/avazu_binary
Dataset loaded
np.max =  9449205
np.min=  1
Construct RecModelSampler done
Construct KGCacheControllerWrapper done
E20240211 01:13:35.058151 40352 recstore.cc:66] init folly done
W20240211 01:13:35.080289 40353 IPCTensor.h:369] NewIPCTensor: cached_sampler_r6_0 [1000000]0x1000d35e3000 7.629 MB
W20240211 01:13:35.080480 40353 IPCTensor.h:369] NewIPCTensor: cached_sampler_r6_1 [1000000]0x1000d3d86000 7.629 MB
W20240211 01:13:35.080555 40353 IPCTensor.h:369] NewIPCTensor: cached_sampler_r6_2 [1000000]0x1000d4529000 7.629 MB
W20240211 01:13:35.080632 40353 IPCTensor.h:369] NewIPCTensor: cached_sampler_r6_3 [1000000]0x1000d4ccc000 7.629 MB
W20240211 01:13:35.080687 40353 IPCTensor.h:369] NewIPCTensor: cached_sampler_r6_4 [1000000]0x1000d546f000 7.629 MB
W20240211 01:13:35.080744 40353 IPCTensor.h:369] NewIPCTensor: cached_sampler_r6_5 [1000000]0x1000d5c12000 7.629 MB
W20240211 01:13:35.080804 40353 IPCTensor.h:369] NewIPCTensor: cached_sampler_r6_6 [1000000]0x1000d63b5000 7.629 MB
W20240211 01:13:35.080870 40353 IPCTensor.h:369] NewIPCTensor: cached_sampler_r6_7 [1000000]0x1000d6b58000 7.629 MB
W20240211 01:13:35.080922 40353 IPCTensor.h:369] NewIPCTensor: cached_sampler_r6_8 [1000000]0x1000d72fb000 7.629 MB
W20240211 01:13:35.080983 40353 IPCTensor.h:369] NewIPCTensor: cached_sampler_r6_9 [1000000]0x1000d7a9e000 7.629 MB
W20240211 01:13:35.081050 40353 IPCTensor.h:369] NewIPCTensor: step_r6 [10]0x1000d8241000 80 B 
W20240211 01:13:35.081100 40353 IPCTensor.h:369] NewIPCTensor: circle_buffer_end_r6 [1]0x1000d8243000 8 B 
W20240211 01:13:35.081151 40353 IPCTensor.h:369] NewIPCTensor: circle_buffer_end_cppseen_r6 [1]0x1000d8245000 8 B 
Dataset:  /home/xieminhui/RecStoreDataset/avazu_binary
Dataset loaded
np.max =  9449205
np.min=  1
Construct RecModelSampler done
Construct KGCacheControllerWrapper done
E20240211 01:13:35.082136 40353 recstore.cc:66] init folly done
W20240211 01:13:35.195510 40348 IPCTensor.h:369] NewIPCTensor: cached_sampler_r1_0 [1000000]0x1000d8247000 7.629 MB
W20240211 01:13:35.195683 40348 IPCTensor.h:369] NewIPCTensor: cached_sampler_r1_1 [1000000]0x1000d89ea000 7.629 MB
W20240211 01:13:35.195739 40348 IPCTensor.h:369] NewIPCTensor: cached_sampler_r1_2 [1000000]0x1000d918d000 7.629 MB
W20240211 01:13:35.195793 40348 IPCTensor.h:369] NewIPCTensor: cached_sampler_r1_3 [1000000]0x1000d9930000 7.629 MB
W20240211 01:13:35.195828 40348 IPCTensor.h:369] NewIPCTensor: cached_sampler_r1_4 [1000000]0x1000da0d3000 7.629 MB
W20240211 01:13:35.195874 40348 IPCTensor.h:369] NewIPCTensor: cached_sampler_r1_5 [1000000]0x1000da876000 7.629 MB
W20240211 01:13:35.195932 40348 IPCTensor.h:369] NewIPCTensor: cached_sampler_r1_6 [1000000]0x1000db019000 7.629 MB
W20240211 01:13:35.195973 40348 IPCTensor.h:369] NewIPCTensor: cached_sampler_r1_7 [1000000]0x1000db7bc000 7.629 MB
W20240211 01:13:35.196007 40348 IPCTensor.h:369] NewIPCTensor: cached_sampler_r1_8 [1000000]0x1000dbf5f000 7.629 MB
W20240211 01:13:35.196056 40348 IPCTensor.h:369] NewIPCTensor: cached_sampler_r1_9 [1000000]0x1000dc702000 7.629 MB
W20240211 01:13:35.196105 40348 IPCTensor.h:369] NewIPCTensor: step_r1 [10]0x1000dcea5000 80 B 
W20240211 01:13:35.196139 40348 IPCTensor.h:369] NewIPCTensor: circle_buffer_end_r1 [1]0x1000dcea7000 8 B 
W20240211 01:13:35.196169 40348 IPCTensor.h:369] NewIPCTensor: circle_buffer_end_cppseen_r1 [1]0x1000dcea9000 8 B 
Dataset:  /home/xieminhui/RecStoreDataset/avazu_binary
Dataset loaded
np.max =  9449205
np.min=  1
Construct RecModelSampler done
Construct KGCacheControllerWrapper done
E20240211 01:13:35.196705 40348 recstore.cc:66] init folly done
W20240211 01:13:35.257213 40204 IPCTensor.h:369] NewIPCTensor: cached_sampler_r0_0 [1000000]0x1000dceab000 7.629 MB
W20240211 01:13:35.257402 40204 IPCTensor.h:369] NewIPCTensor: cached_sampler_r0_1 [1000000]0x1000dd64e000 7.629 MB
W20240211 01:13:35.257457 40204 IPCTensor.h:369] NewIPCTensor: cached_sampler_r0_2 [1000000]0x1000dddf1000 7.629 MB
W20240211 01:13:35.257489 40204 IPCTensor.h:369] NewIPCTensor: cached_sampler_r0_3 [1000000]0x1000de594000 7.629 MB
W20240211 01:13:35.257530 40204 IPCTensor.h:369] NewIPCTensor: cached_sampler_r0_4 [1000000]0x1000ded37000 7.629 MB
W20240211 01:13:35.257567 40204 IPCTensor.h:369] NewIPCTensor: cached_sampler_r0_5 [1000000]0x1000df4da000 7.629 MB
W20240211 01:13:35.257608 40204 IPCTensor.h:369] NewIPCTensor: cached_sampler_r0_6 [1000000]0x1000dfc7d000 7.629 MB
W20240211 01:13:35.257648 40204 IPCTensor.h:369] NewIPCTensor: cached_sampler_r0_7 [1000000]0x1000e0420000 7.629 MB
W20240211 01:13:35.257683 40204 IPCTensor.h:369] NewIPCTensor: cached_sampler_r0_8 [1000000]0x1000e0bc3000 7.629 MB
W20240211 01:13:35.257717 40204 IPCTensor.h:369] NewIPCTensor: cached_sampler_r0_9 [1000000]0x1000e1366000 7.629 MB
W20240211 01:13:35.257750 40204 IPCTensor.h:369] NewIPCTensor: step_r0 [10]0x1000e1b09000 80 B 
W20240211 01:13:35.257783 40204 IPCTensor.h:369] NewIPCTensor: circle_buffer_end_r0 [1]0x1000e1b0b000 8 B 
W20240211 01:13:35.257819 40204 IPCTensor.h:369] NewIPCTensor: circle_buffer_end_cppseen_r0 [1]0x1000e1b0d000 8 B 
Dataset:  /home/xieminhui/RecStoreDataset/avazu_binary
Dataset loaded
np.max =  9449205
np.min=  1
Construct RecModelSampler done
Construct KGCacheControllerWrapper done
E20240211 01:13:35.258545 40204 recstore.cc:66] init folly done
W20240211 01:13:35.422076 40349 IPCTensor.h:369] NewIPCTensor: cached_sampler_r2_0 [1000000]0x1000e1b0f000 7.629 MB
W20240211 01:13:35.422268 40349 IPCTensor.h:369] NewIPCTensor: cached_sampler_r2_1 [1000000]0x1000e22b2000 7.629 MB
W20240211 01:13:35.422327 40349 IPCTensor.h:369] NewIPCTensor: cached_sampler_r2_2 [1000000]0x1000e2a55000 7.629 MB
W20240211 01:13:35.422376 40349 IPCTensor.h:369] NewIPCTensor: cached_sampler_r2_3 [1000000]0x1000e31f8000 7.629 MB
W20240211 01:13:35.422411 40349 IPCTensor.h:369] NewIPCTensor: cached_sampler_r2_4 [1000000]0x1000e399b000 7.629 MB
W20240211 01:13:35.422451 40349 IPCTensor.h:369] NewIPCTensor: cached_sampler_r2_5 [1000000]0x1000e413e000 7.629 MB
W20240211 01:13:35.422494 40349 IPCTensor.h:369] NewIPCTensor: cached_sampler_r2_6 [1000000]0x1000e48e1000 7.629 MB
W20240211 01:13:35.422535 40349 IPCTensor.h:369] NewIPCTensor: cached_sampler_r2_7 [1000000]0x1000e5084000 7.629 MB
W20240211 01:13:35.422575 40349 IPCTensor.h:369] NewIPCTensor: cached_sampler_r2_8 [1000000]0x1000e5827000 7.629 MB
W20240211 01:13:35.422618 40349 IPCTensor.h:369] NewIPCTensor: cached_sampler_r2_9 [1000000]0x1000e5fca000 7.629 MB
W20240211 01:13:35.422668 40349 IPCTensor.h:369] NewIPCTensor: step_r2 [10]0x1000e676d000 80 B 
W20240211 01:13:35.422703 40349 IPCTensor.h:369] NewIPCTensor: circle_buffer_end_r2 [1]0x1000e676f000 8 B 
W20240211 01:13:35.422747 40349 IPCTensor.h:369] NewIPCTensor: circle_buffer_end_cppseen_r2 [1]0x1000e6771000 8 B 
Dataset:  /home/xieminhui/RecStoreDataset/avazu_binary
Dataset loaded
np.max =  9449205
np.min=  1
Construct RecModelSampler done
Construct KGCacheControllerWrapper done
E20240211 01:13:35.423365 40349 recstore.cc:66] init folly done
W20240211 01:13:35.431777 40351 IPCTensor.h:369] NewIPCTensor: cached_sampler_r4_0 [1000000]0x1000e6773000 7.629 MB
W20240211 01:13:35.431979 40351 IPCTensor.h:369] NewIPCTensor: cached_sampler_r4_1 [1000000]0x1000e6f16000 7.629 MB
W20240211 01:13:35.432060 40351 IPCTensor.h:369] NewIPCTensor: cached_sampler_r4_2 [1000000]0x1000e76b9000 7.629 MB
W20240211 01:13:35.432122 40351 IPCTensor.h:369] NewIPCTensor: cached_sampler_r4_3 [1000000]0x1000e7e5c000 7.629 MB
W20240211 01:13:35.432163 40351 IPCTensor.h:369] NewIPCTensor: cached_sampler_r4_4 [1000000]0x1000e85ff000 7.629 MB
W20240211 01:13:35.432204 40351 IPCTensor.h:369] NewIPCTensor: cached_sampler_r4_5 [1000000]0x1000e8da2000 7.629 MB
W20240211 01:13:35.432250 40351 IPCTensor.h:369] NewIPCTensor: cached_sampler_r4_6 [1000000]0x1000e9545000 7.629 MB
W20240211 01:13:35.432294 40351 IPCTensor.h:369] NewIPCTensor: cached_sampler_r4_7 [1000000]0x1000e9ce8000 7.629 MB
W20240211 01:13:35.432334 40351 IPCTensor.h:369] NewIPCTensor: cached_sampler_r4_8 [1000000]0x1000ea48b000 7.629 MB
W20240211 01:13:35.432391 40351 IPCTensor.h:369] NewIPCTensor: cached_sampler_r4_9 [1000000]0x1000eac2e000 7.629 MB
W20240211 01:13:35.432442 40351 IPCTensor.h:369] NewIPCTensor: step_r4 [10]0x1000eb3d1000 80 B 
W20240211 01:13:35.432479 40351 IPCTensor.h:369] NewIPCTensor: circle_buffer_end_r4 [1]0x1000eb3d3000 8 B 
W20240211 01:13:35.432513 40351 IPCTensor.h:369] NewIPCTensor: circle_buffer_end_cppseen_r4 [1]0x1000eb3d5000 8 B 
Dataset:  /home/xieminhui/RecStoreDataset/avazu_binary
Dataset loaded
np.max =  9449205
np.min=  1
Construct RecModelSampler done
Construct KGCacheControllerWrapper done
E20240211 01:13:35.433048 40351 recstore.cc:66] init folly done
W20240211 01:13:35.660934 40350 IPCTensor.h:369] NewIPCTensor: cached_sampler_r3_0 [1000000]0x1000eb3d7000 7.629 MB
W20240211 01:13:35.661135 40350 IPCTensor.h:369] NewIPCTensor: cached_sampler_r3_1 [1000000]0x1000ebb7a000 7.629 MB
W20240211 01:13:35.661204 40350 IPCTensor.h:369] NewIPCTensor: cached_sampler_r3_2 [1000000]0x1000ec31d000 7.629 MB
W20240211 01:13:35.661274 40350 IPCTensor.h:369] NewIPCTensor: cached_sampler_r3_3 [1000000]0x1000ecac0000 7.629 MB
W20240211 01:13:35.661327 40350 IPCTensor.h:369] NewIPCTensor: cached_sampler_r3_4 [1000000]0x1000ed263000 7.629 MB
W20240211 01:13:35.661375 40350 IPCTensor.h:369] NewIPCTensor: cached_sampler_r3_5 [1000000]0x1000eda06000 7.629 MB
W20240211 01:13:35.661428 40350 IPCTensor.h:369] NewIPCTensor: cached_sampler_r3_6 [1000000]0x1000ee1a9000 7.629 MB
W20240211 01:13:35.661490 40350 IPCTensor.h:369] NewIPCTensor: cached_sampler_r3_7 [1000000]0x1000ee94c000 7.629 MB
W20240211 01:13:35.661545 40350 IPCTensor.h:369] NewIPCTensor: cached_sampler_r3_8 [1000000]0x1000ef0ef000 7.629 MB
W20240211 01:13:35.661595 40350 IPCTensor.h:369] NewIPCTensor: cached_sampler_r3_9 [1000000]0x1000ef892000 7.629 MB
W20240211 01:13:35.661646 40350 IPCTensor.h:369] NewIPCTensor: step_r3 [10]0x1000f0035000 80 B 
W20240211 01:13:35.661686 40350 IPCTensor.h:369] NewIPCTensor: circle_buffer_end_r3 [1]0x1000f0037000 8 B 
W20240211 01:13:35.661720 40350 IPCTensor.h:369] NewIPCTensor: circle_buffer_end_cppseen_r3 [1]0x1000f0039000 8 B 
Dataset:  /home/xieminhui/RecStoreDataset/avazu_binary
Dataset loaded
np.max =  9449205
np.min=  1
Construct RecModelSampler done
Construct KGCacheControllerWrapper done
E20240211 01:13:35.662261 40350 recstore.cc:66] init folly done
Before Training
Before Training
Before Training
Before Training
Before Training
Before Training
Before Training
I20240211 01:13:36.464917 40350 IPC_barrier.h:118] CreateBarrier: new barrier, name: start_barrier, count: 8
I20240211 01:13:36.464955 40353 IPC_barrier.h:112] CreateBarrier: find existing barrier, name: start_barrier, count: 8
I20240211 01:13:36.464990 40354 IPC_barrier.h:112] CreateBarrier: find existing barrier, name: start_barrier, count: 8
I20240211 01:13:36.465056 40204 IPC_barrier.h:112] CreateBarrier: find existing barrier, name: start_barrier, count: 8
I20240211 01:13:36.465095 40351 IPC_barrier.h:112] CreateBarrier: find existing barrier, name: start_barrier, count: 8
I20240211 01:13:36.465119 40348 IPC_barrier.h:112] CreateBarrier: find existing barrier, name: start_barrier, count: 8
I20240211 01:13:36.465147 40349 IPC_barrier.h:112] CreateBarrier: find existing barrier, name: start_barrier, count: 8
Before Training
I20240211 01:13:36.466068 40352 IPC_barrier.h:112] CreateBarrier: find existing barrier, name: start_barrier, count: 8
========== Step 0 ========== 
+---------------------------+---------------------------+---------------------------+
| Name                      | P50                       | P99                       |
+---------------------------+---------------------------+---------------------------+
| GenInput:CircleBuffer     | 147.459 us                | 147.459 us                |
| GenInput                  | 534.076 us                | 534.076 us                |
| bucket keys               | 63.668 ms                 | 63.668 ms                 |
| forward: join             | 43.069 ms                 | 43.069 ms                 |
| NN                        | 204.122 ms                | 204.122 ms                |
| Forward                   | 405.254 ms                | 405.254 ms                |
| back: bucket keys         | 614.783 us                | 614.783 us                |
+---------------------------+---------------------------+---------------------------+
+---------------------------+---------------------------+---------------------------+
| Name                      | P50                       | P99                       |
+---------------------------+---------------------------+---------------------------+
| GenInput:CircleBuffer     | 147.459 us                | 147.459 us                |
| GenInput                  | 534.076 us                | 534.076 us                |
| bucket keys               | 63.668 ms                 | 63.668 ms                 |
| forward: join             | 43.069 ms                 | 43.069 ms                 |
| NN                        | 204.122 ms                | 204.122 ms                |
| Forward                   | 405.254 ms                | 405.254 ms                |
| back: bucket keys         | 614.783 us                | 614.783 us                |
+---------------------------+---------------------------+---------------------------+
+---------------------------+---------------------------+---------------------------+
| Name                      | P50                       | P99                       |
+---------------------------+---------------------------+---------------------------+
| GenInput:CircleBuffer     | 147.459 us                | 147.459 us                |
| GenInput                  | 534.076 us                | 534.076 us                |
| bucket keys               | 63.668 ms                 | 63.668 ms                 |
| forward: join             | 43.069 ms                 | 43.069 ms                 |
| NN                        | 204.122 ms                | 204.122 ms                |
| Forward                   | 405.254 ms                | 405.254 ms                |
| back: bucket keys         | 614.783 us                | 614.783 us                |
+---------------------------+---------------------------+---------------------------+
+---------------------------+---------------------------+---------------------------+
| Name                      | P50                       | P99                       |
+---------------------------+---------------------------+---------------------------+
| GenInput:CircleBuffer     | 147.459 us                | 147.459 us                |
| GenInput                  | 534.076 us                | 534.076 us                |
| bucket keys               | 63.668 ms                 | 63.668 ms                 |
| forward: join             | 43.069 ms                 | 43.069 ms                 |
| NN                        | 204.122 ms                | 204.122 ms                |
| Forward                   | 405.254 ms                | 405.254 ms                |
| back: bucket keys         | 614.783 us                | 614.783 us                |
+---------------------------+---------------------------+---------------------------+
+---------------------------+---------------------------+---------------------------+
| Name                      | P50                       | P99                       |
+---------------------------+---------------------------+---------------------------+
| GenInput:CircleBuffer     | 147.459 us                | 147.459 us                |
| GenInput                  | 534.076 us                | 534.076 us                |
| bucket keys               | 63.668 ms                 | 63.668 ms                 |
| forward: join             | 43.069 ms                 | 43.069 ms                 |
| NN                        | 204.122 ms                | 204.122 ms                |
| Forward                   | 405.254 ms                | 405.254 ms                |
| back: bucket keys         | 614.783 us                | 614.783 us                |
+---------------------------+---------------------------+---------------------------+
+---------------------------+---------------------------+---------------------------+
| Name                      | P50                       | P99                       |
+---------------------------+---------------------------+---------------------------+
| GenInput:CircleBuffer     | 147.459 us                | 147.459 us                |
| GenInput                  | 534.076 us                | 534.076 us                |
| bucket keys               | 63.668 ms                 | 63.668 ms                 |
| forward: join             | 43.069 ms                 | 43.069 ms                 |
| NN                        | 204.122 ms                | 204.122 ms                |
| Forward                   | 405.254 ms                | 405.254 ms                |
| back: bucket keys         | 614.783 us                | 614.783 us                |
+---------------------------+---------------------------+---------------------------+
+---------------------------+---------------------------+---------------------------+
| Name                      | P50                       | P99                       |
+---------------------------+---------------------------+---------------------------+
| GenInput:CircleBuffer     | 147.459 us                | 147.459 us                |
| GenInput                  | 534.076 us                | 534.076 us                |
| bucket keys               | 63.668 ms                 | 63.668 ms                 |
| forward: join             | 43.069 ms                 | 43.069 ms                 |
| NN                        | 204.122 ms                | 204.122 ms                |
| Forward                   | 405.254 ms                | 405.254 ms                |
| back: bucket keys         | 614.783 us                | 614.783 us                |
+---------------------------+---------------------------+---------------------------+
+---------------------------+---------------------------+---------------------------+
| Name                      | P50                       | P99                       |
+---------------------------+---------------------------+---------------------------+
| GenInput:CircleBuffer     | 147.459 us                | 147.459 us                |
| GenInput                  | 534.076 us                | 534.076 us                |
| bucket keys               | 63.668 ms                 | 63.668 ms                 |
| forward: join             | 43.069 ms                 | 43.069 ms                 |
| NN                        | 204.122 ms                | 204.122 ms                |
| Forward                   | 405.254 ms                | 405.254 ms                |
| back: bucket keys         | 614.783 us                | 614.783 us                |
+---------------------------+---------------------------+---------------------------+
+---------------------------+---------------------------+---------------------------+
| Name                      | P50                       | P99                       |
+---------------------------+---------------------------+---------------------------+
| GenInput:CircleBuffer     | 147.459 us                | 147.459 us                |
| GenInput                  | 534.076 us                | 534.076 us                |
| bucket keys               | 63.668 ms                 | 63.668 ms                 |
| forward: join             | 43.069 ms                 | 43.069 ms                 |
| NN                        | 204.122 ms                | 204.122 ms                |
| Forward                   | 405.254 ms                | 405.254 ms                |
| back: bucket keys         | 614.783 us                | 614.783 us                |
+---------------------------+---------------------------+---------------------------+
+---------------------------+---------------------------+---------------------------+
| Name                      | P50                       | P99                       |
+---------------------------+---------------------------+---------------------------+
| GenInput:CircleBuffer     | 147.459 us                | 147.459 us                |
| GenInput                  | 534.076 us                | 534.076 us                |
| bucket keys               | 63.668 ms                 | 63.668 ms                 |
| forward: join             | 43.069 ms                 | 43.069 ms                 |
| NN                        | 204.122 ms                | 204.122 ms                |
| Forward                   | 405.254 ms                | 405.254 ms                |
| back: bucket keys         | 614.783 us                | 614.783 us                |
+---------------------------+---------------------------+---------------------------+
========== Step 1 ========== 
INFO [40204 distributed.py:1140] Reducer buckets have been rebuilt in this iteration.
INFO [40350 distributed.py:1140] Reducer buckets have been rebuilt in this iteration.
INFO [40349 distributed.py:1140] Reducer buckets have been rebuilt in this iteration.
INFO [40348 distributed.py:1140] Reducer buckets have been rebuilt in this iteration.
INFO [40353 distributed.py:1140] Reducer buckets have been rebuilt in this iteration.
INFO [40351 distributed.py:1140] Reducer buckets have been rebuilt in this iteration.
INFO [40354 distributed.py:1140] Reducer buckets have been rebuilt in this iteration.
INFO [40352 distributed.py:1140] Reducer buckets have been rebuilt in this iteration.
========== Step 2 ========== 
========== Step 3 ========== 
========== Step 4 ========== 
========== Step 5 ========== 
========== Step 6 ========== 
========== Step 7 ========== 
========== Step 8 ========== 
========== Step 9 ========== 
========== Step 10 ========== 
========== Step 11 ========== 
========== Step 12 ========== 
========== Step 13 ========== 
========== Step 14 ========== 
========== Step 15 ========== 
========== Step 16 ========== 
========== Step 17 ========== 
========== Step 18 ========== 
========== Step 19 ========== 
========== Step 20 ========== 
+---------------------------+---------------------------+---------------------------+
| Name                      | P50                       | P99                       |
+---------------------------+---------------------------+---------------------------+
| GenInput:CircleBuffer     | 118.668 us                | 259.627 us                |
| GenInput                  | 750.756 us                | 9.202 ms                  |
| bucket keys               | 631.536 us                | 63.668 ms                 |
| forward: join             | 64.817 ms                 | 95.226 ms                 |
| NN                        | 1.137 ms                  | 204.122 ms                |
| Forward                   | 73.016 ms                 | 405.254 ms                |
| back: bucket keys         | 401.612 us                | 614.783 us                |
| back: a2a                 | 38.338 ms                 | 49.198 s                  |
| back: cache               | 3.723 ms                  | 32.551 ms                 |
| back: aggr dram keys      | 18.667 ms                 | 887.207 ms                |
| back: set dram grad       | 203.679 us                | 822.314 us                |
| Backward                  | 70.342 ms                 | 50.202 s                  |
| Optimize                  | 14.265 ms                 | 130.633 ms                |
| OneStep                   | 152.746 ms                | 50.741 s                  |
+---------------------------+---------------------------+---------------------------+
========== Step 21 ========== 
========== Step 22 ========== 
========== Step 23 ========== 
========== Step 24 ========== 
========== Step 25 ========== 
========== Step 26 ========== 
========== Step 27 ========== 
========== Step 28 ========== 
========== Step 29 ========== 
========== Step 30 ========== 
========== Step 31 ========== 
========== Step 32 ========== 
========== Step 33 ========== 
========== Step 34 ========== 
========== Step 35 ========== 
========== Step 36 ========== 
========== Step 37 ========== 
========== Step 38 ========== 
========== Step 39 ========== 
========== Step 40 ========== 
========== Step 41 ========== 
========== Step 42 ========== 
========== Step 43 ========== 
========== Step 44 ========== 
========== Step 45 ========== 
========== Step 46 ========== 
========== Step 47 ========== 
========== Step 48 ========== 
========== Step 49 ========== 
========== Step 50 ========== 
========== Step 51 ========== 
========== Step 52 ========== 
========== Step 53 ========== 
+---------------------------+---------------------------+---------------------------+
| Name                      | P50                       | P99                       |
+---------------------------+---------------------------+---------------------------+
| GenInput:CircleBuffer     | 118.514 us                | 259.357 us                |
| GenInput                  | 587.079 us                | 9.202 ms                  |
| bucket keys               | 574.390 us                | 1.611 ms                  |
| forward: join             | 56.733 ms                 | 103.026 ms                |
| NN                        | 1.023 ms                  | 71.068 ms                 |
| Forward                   | 66.216 ms                 | 119.304 ms                |
| back: bucket keys         | 402.981 us                | 660.316 us                |
| back: a2a                 | 46.036 ms                 | 107.692 ms                |
| back: cache               | 3.606 ms                  | 9.535 ms                  |
| back: aggr dram keys      | 18.386 ms                 | 38.765 ms                 |
| back: set dram grad       | 193.403 us                | 256.162 us                |
| Backward                  | 70.615 ms                 | 136.990 ms                |
| Optimize                  | 14.864 ms                 | 28.546 ms                 |
| OneStep                   | 151.994 ms                | 250.270 ms                |
+---------------------------+---------------------------+---------------------------+
========== Step 54 ========== 
========== Step 55 ========== 
========== Step 56 ========== 
========== Step 57 ========== 
========== Step 58 ========== 
========== Step 59 ========== 
========== Step 60 ========== 
========== Step 61 ========== 
========== Step 62 ========== 
========== Step 63 ========== 
========== Step 64 ========== 
========== Step 65 ========== 
========== Step 66 ========== 
========== Step 67 ========== 
========== Step 68 ========== 
========== Step 69 ========== 
Successfully xmh
+---------------------------+---------------------------+---------------------------+
| Name                      | P50                       | P99                       |
+---------------------------+---------------------------+---------------------------+
| GenInput:CircleBuffer     | 116.687 us                | 259.627 us                |
| GenInput                  | 582.568 us                | 9.644 ms                  |
| bucket keys               | 523.955 us                | 1.611 ms                  |
| forward: join             | 55.702 ms                 | 103.026 ms                |
| NN                        | 995.659 us                | 71.068 ms                 |
| Forward                   | 61.769 ms                 | 119.304 ms                |
| back: bucket keys         | 407.024 us                | 687.301 us                |
| back: a2a                 | 48.151 ms                 | 113.039 ms                |
| back: cache               | 3.723 ms                  | 9.535 ms                  |
| back: aggr dram keys      | 18.345 ms                 | 38.765 ms                 |
| back: set dram grad       | 195.366 us                | 265.827 us                |
| Backward                  | 72.911 ms                 | 144.166 ms                |
| Optimize                  | 14.912 ms                 | 28.546 ms                 |
| OneStep                   | 151.885 ms                | 250.270 ms                |
+---------------------------+---------------------------+---------------------------+
