WARNING: Logging before InitGoogleLogging() is written to STDERR
I20240129 03:27:35.656736 1212804 IPC_barrier.h:128] MultiProcessBarrierFactory->ClearIPCMemory()
/home/xieminhui/RecStore/src/framework_adapters/torch/kg/dgl-0.9.1/python/dgl/_deprecate/graph.py:1023: DGLWarning: multigraph will be deprecated.DGL will treat all graphs as multigraph in the future.
  dgl_warning("multigraph will be deprecated." \
/home/xieminhui/RecStore/src/framework_adapters/torch/kg/dgl-0.9.1/python/dgl/heterograph.py:72: DGLWarning: Recommend creating graphs by `dgl.graph(data)` instead of `dgl.DGLGraph(data)`.
  dgl_warning('Recommend creating graphs by `dgl.graph(data)`'
Reading train triples....
Finished. Read 483142 train triples.
Reading valid triples....
Finished. Read 50000 valid triples.
Reading test triples....
Finished. Read 59071 test triples.
ARGS:  Namespace(model_name='TransE', data_path='/home/xieminhui/dgl-data', dataset='FB15k', format='built_in', data_files=None, delimiter='\t', save_path='/tmp/ckpts/TransE_FB15k_115', no_save_emb=True, max_step=500, batch_size=1200, batch_size_eval=16, neg_sample_size=200, neg_deg_sample=False, neg_deg_sample_eval=False, neg_sample_size_eval=14951, eval_percent=1, no_eval_filter=False, log_interval=100, eval_interval=10000, test=False, num_proc=4, num_thread=1, force_sync_interval=1, hidden_dim=400, lr=0.01, gamma=16.0, double_ent=False, double_rel=False, neg_adversarial_sampling=False, adversarial_temperature=1.0, regularization_coef=0.0, regularization_norm=3, pairwise=False, loss_genre='Logsigmoid', margin=1.0, nr_gpus=4, gpu=[0, 1, 2, 3], mix_cpu_gpu=True, valid=False, rel_part=False, async_update=None, has_edge_importance=False, cached_emb_type='KnownLocalCachedEmbedding', use_my_emb=True, cache_ratio=0.1, shuffle=False, backwardMode='CppAsyncV2', L=10, update_cache_use_omp=0, update_pq_use_omp=0, kForwardItersPerStep=2, backgrad_init='both', eval_filter=True, soft_rel_part=False)
|Train|: 483142
original graph:  DGLGraph(num_nodes=14951, num_edges=592213,
         ndata_schemes={}
         edata_schemes={'tid': Scheme(shape=(), dtype=torch.int64)})
Loading cached metis
WARNING [1212804 sampler.py:454] Start PreSampling
WARNING [1212804 sampler.py:532] Before construct renumbering_dict
WARNING [1212804 sampler.py:555] PreSampling done
W20240129 03:27:38.175845 1212804 IPCTensor.h:368] NewIPCTensor: cached_sampler_r0_0 [1000000]0x100000002000 7.629 MB
W20240129 03:27:38.175989 1212804 IPCTensor.h:368] NewIPCTensor: cached_sampler_r0_1 [1000000]0x1000007a5000 7.629 MB
W20240129 03:27:38.176012 1212804 IPCTensor.h:368] NewIPCTensor: cached_sampler_r0_2 [1000000]0x100000f48000 7.629 MB
W20240129 03:27:38.176030 1212804 IPCTensor.h:368] NewIPCTensor: cached_sampler_r0_3 [1000000]0x1000016eb000 7.629 MB
W20240129 03:27:38.176052 1212804 IPCTensor.h:368] NewIPCTensor: cached_sampler_r0_4 [1000000]0x100001e8e000 7.629 MB
W20240129 03:27:38.176070 1212804 IPCTensor.h:368] NewIPCTensor: cached_sampler_r0_5 [1000000]0x100002631000 7.629 MB
W20240129 03:27:38.176090 1212804 IPCTensor.h:368] NewIPCTensor: cached_sampler_r0_6 [1000000]0x100002dd4000 7.629 MB
W20240129 03:27:38.176115 1212804 IPCTensor.h:368] NewIPCTensor: cached_sampler_r0_7 [1000000]0x100003577000 7.629 MB
W20240129 03:27:38.176133 1212804 IPCTensor.h:368] NewIPCTensor: cached_sampler_r0_8 [1000000]0x100003d1a000 7.629 MB
W20240129 03:27:38.176153 1212804 IPCTensor.h:368] NewIPCTensor: cached_sampler_r0_9 [1000000]0x1000044bd000 7.629 MB
W20240129 03:27:38.176178 1212804 IPCTensor.h:368] NewIPCTensor: step_r0 [10]0x100004c60000 80 B 
W20240129 03:27:38.176198 1212804 IPCTensor.h:368] NewIPCTensor: circle_buffer_end_r0 [1]0x100004c62000 8 B 
W20240129 03:27:38.176215 1212804 IPCTensor.h:368] NewIPCTensor: circle_buffer_end_cppseen_r0 [1]0x100004c64000 8 B 
W20240129 03:27:38.176303 1212804 IPCTensor.h:368] NewIPCTensor: cached_sampler_r1_0 [1000000]0x100004c66000 7.629 MB
W20240129 03:27:38.176331 1212804 IPCTensor.h:368] NewIPCTensor: cached_sampler_r1_1 [1000000]0x100005409000 7.629 MB
W20240129 03:27:38.176349 1212804 IPCTensor.h:368] NewIPCTensor: cached_sampler_r1_2 [1000000]0x100005bac000 7.629 MB
W20240129 03:27:38.176380 1212804 IPCTensor.h:368] NewIPCTensor: cached_sampler_r1_3 [1000000]0x10000634f000 7.629 MB
W20240129 03:27:38.176402 1212804 IPCTensor.h:368] NewIPCTensor: cached_sampler_r1_4 [1000000]0x100006af2000 7.629 MB
W20240129 03:27:38.176424 1212804 IPCTensor.h:368] NewIPCTensor: cached_sampler_r1_5 [1000000]0x100007295000 7.629 MB
W20240129 03:27:38.176440 1212804 IPCTensor.h:368] NewIPCTensor: cached_sampler_r1_6 [1000000]0x100007a38000 7.629 MB
W20240129 03:27:38.176470 1212804 IPCTensor.h:368] NewIPCTensor: cached_sampler_r1_7 [1000000]0x1000081db000 7.629 MB
W20240129 03:27:38.176491 1212804 IPCTensor.h:368] NewIPCTensor: cached_sampler_r1_8 [1000000]0x10000897e000 7.629 MB
W20240129 03:27:38.176508 1212804 IPCTensor.h:368] NewIPCTensor: cached_sampler_r1_9 [1000000]0x100009121000 7.629 MB
W20240129 03:27:38.176525 1212804 IPCTensor.h:368] NewIPCTensor: step_r1 [10]0x1000098c4000 80 B 
W20240129 03:27:38.176540 1212804 IPCTensor.h:368] NewIPCTensor: circle_buffer_end_r1 [1]0x1000098c6000 8 B 
W20240129 03:27:38.176554 1212804 IPCTensor.h:368] NewIPCTensor: circle_buffer_end_cppseen_r1 [1]0x1000098c8000 8 B 
W20240129 03:27:38.176592 1212804 IPCTensor.h:368] NewIPCTensor: cached_sampler_r2_0 [1000000]0x1000098ca000 7.629 MB
W20240129 03:27:38.176616 1212804 IPCTensor.h:368] NewIPCTensor: cached_sampler_r2_1 [1000000]0x10000a06d000 7.629 MB
W20240129 03:27:38.176637 1212804 IPCTensor.h:368] NewIPCTensor: cached_sampler_r2_2 [1000000]0x10000a810000 7.629 MB
W20240129 03:27:38.176654 1212804 IPCTensor.h:368] NewIPCTensor: cached_sampler_r2_3 [1000000]0x10000afb3000 7.629 MB
W20240129 03:27:38.176671 1212804 IPCTensor.h:368] NewIPCTensor: cached_sampler_r2_4 [1000000]0x10000b756000 7.629 MB
W20240129 03:27:38.176693 1212804 IPCTensor.h:368] NewIPCTensor: cached_sampler_r2_5 [1000000]0x10000bef9000 7.629 MB
W20240129 03:27:38.176713 1212804 IPCTensor.h:368] NewIPCTensor: cached_sampler_r2_6 [1000000]0x10000c69c000 7.629 MB
W20240129 03:27:38.176733 1212804 IPCTensor.h:368] NewIPCTensor: cached_sampler_r2_7 [1000000]0x10000ce3f000 7.629 MB
W20240129 03:27:38.176755 1212804 IPCTensor.h:368] NewIPCTensor: cached_sampler_r2_8 [1000000]0x10000d5e2000 7.629 MB
W20240129 03:27:38.176772 1212804 IPCTensor.h:368] NewIPCTensor: cached_sampler_r2_9 [1000000]0x10000dd85000 7.629 MB
W20240129 03:27:38.176790 1212804 IPCTensor.h:368] NewIPCTensor: step_r2 [10]0x10000e528000 80 B 
W20240129 03:27:38.176805 1212804 IPCTensor.h:368] NewIPCTensor: circle_buffer_end_r2 [1]0x10000e52a000 8 B 
W20240129 03:27:38.176820 1212804 IPCTensor.h:368] NewIPCTensor: circle_buffer_end_cppseen_r2 [1]0x10000e52c000 8 B 
W20240129 03:27:38.176853 1212804 IPCTensor.h:368] NewIPCTensor: cached_sampler_r3_0 [1000000]0x10000e52e000 7.629 MB
W20240129 03:27:38.176872 1212804 IPCTensor.h:368] NewIPCTensor: cached_sampler_r3_1 [1000000]0x10000ecd1000 7.629 MB
W20240129 03:27:38.176892 1212804 IPCTensor.h:368] NewIPCTensor: cached_sampler_r3_2 [1000000]0x10000f474000 7.629 MB
W20240129 03:27:38.176909 1212804 IPCTensor.h:368] NewIPCTensor: cached_sampler_r3_3 [1000000]0x10000fc17000 7.629 MB
W20240129 03:27:38.176928 1212804 IPCTensor.h:368] NewIPCTensor: cached_sampler_r3_4 [1000000]0x1000103ba000 7.629 MB
W20240129 03:27:38.176944 1212804 IPCTensor.h:368] NewIPCTensor: cached_sampler_r3_5 [1000000]0x100010b5d000 7.629 MB
W20240129 03:27:38.176963 1212804 IPCTensor.h:368] NewIPCTensor: cached_sampler_r3_6 [1000000]0x100011300000 7.629 MB
W20240129 03:27:38.176980 1212804 IPCTensor.h:368] NewIPCTensor: cached_sampler_r3_7 [1000000]0x100011aa3000 7.629 MB
W20240129 03:27:38.177001 1212804 IPCTensor.h:368] NewIPCTensor: cached_sampler_r3_8 [1000000]0x100012246000 7.629 MB
W20240129 03:27:38.177021 1212804 IPCTensor.h:368] NewIPCTensor: cached_sampler_r3_9 [1000000]0x1000129e9000 7.629 MB
W20240129 03:27:38.177042 1212804 IPCTensor.h:368] NewIPCTensor: step_r3 [10]0x10001318c000 80 B 
W20240129 03:27:38.177055 1212804 IPCTensor.h:368] NewIPCTensor: circle_buffer_end_r3 [1]0x10001318e000 8 B 
W20240129 03:27:38.177074 1212804 IPCTensor.h:368] NewIPCTensor: circle_buffer_end_cppseen_r3 [1]0x100013190000 8 B 
W20240129 03:27:38.319309 1212804 IPCTensor.h:368] NewIPCTensor: full_emb [14951, 400]0x100013192000 22.81 MB
W20240129 03:27:38.319438 1212804 IPCTensor.h:368] NewIPCTensor: full_emb_SparseRowWiseAdaGrad_sum [14951]0x100014864000 58.4 kB
{0: Graph(num_nodes=10523, num_edges=182012,
      ndata_schemes={'_ID': Scheme(shape=(), dtype=torch.int64), 'inner_node': Scheme(shape=(), dtype=torch.int32), 'part_id': Scheme(shape=(), dtype=torch.int64)}
      edata_schemes={'_ID': Scheme(shape=(), dtype=torch.int64), 'inner_edge': Scheme(shape=(), dtype=torch.int8)}), 1: Graph(num_nodes=10996, num_edges=244360,
      ndata_schemes={'_ID': Scheme(shape=(), dtype=torch.int64), 'inner_node': Scheme(shape=(), dtype=torch.int32), 'part_id': Scheme(shape=(), dtype=torch.int64)}
      edata_schemes={'_ID': Scheme(shape=(), dtype=torch.int64), 'inner_edge': Scheme(shape=(), dtype=torch.int8)}), 2: Graph(num_nodes=9404, num_edges=143355,
      ndata_schemes={'_ID': Scheme(shape=(), dtype=torch.int64), 'inner_node': Scheme(shape=(), dtype=torch.int32), 'part_id': Scheme(shape=(), dtype=torch.int64)}
      edata_schemes={'_ID': Scheme(shape=(), dtype=torch.int64), 'inner_edge': Scheme(shape=(), dtype=torch.int8)}), 3: Graph(num_nodes=10954, num_edges=175447,
      ndata_schemes={'_ID': Scheme(shape=(), dtype=torch.int64), 'inner_node': Scheme(shape=(), dtype=torch.int32), 'part_id': Scheme(shape=(), dtype=torch.int64)}
      edata_schemes={'_ID': Scheme(shape=(), dtype=torch.int64), 'inner_edge': Scheme(shape=(), dtype=torch.int8)})}
MertisPartition: part 0 has 10523 N 182012 E
MertisPartition: part 1 has 10996 N 244360 E
MertisPartition: part 2 has 9404 N 143355 E
MertisPartition: part 3 has 10954 N 175447 E
Rank0: cached key size 373
Rank1: cached key size 373
Rank2: cached key size 373
Rank3: cached key size 373
Before renumbering graph:  {'_ID': tensor([    5,    14,    17,  ..., 11245,  2040,  3009]), 'inner_node': tensor([1, 1, 1,  ..., 0, 0, 0], dtype=torch.int32), 'part_id': tensor([0, 0, 0,  ..., 2, 3, 3])}
After renumbering graph:  {'_ID': tensor([1594, 1784, 1841,  ..., 2332, 7020, 7546]), 'inner_node': tensor([1, 1, 1,  ..., 0, 0, 0], dtype=torch.int32), 'part_id': tensor([0, 0, 0,  ..., 2, 3, 3])}
part_g: DGLGraph(num_nodes=10523, num_edges=182012,
         ndata_schemes={'_ID': Scheme(shape=(), dtype=torch.int64)}
         edata_schemes={'tid': Scheme(shape=(), dtype=torch.int64)})
part_g: DGLGraph(num_nodes=10523, num_edges=182012,
         ndata_schemes={'_ID': Scheme(shape=(), dtype=torch.int64)}
         edata_schemes={'tid': Scheme(shape=(), dtype=torch.int64)})
Total initialize time 2.693 seconds
[Rank1] pid = 1213016
[Rank2] pid = 1213081
INFO [1213016 distributed_c10d.py:442] Added key: store_based_barrier_key:1 to store for rank: 1
INFO [1212804 distributed_c10d.py:442] Added key: store_based_barrier_key:1 to store for rank: 0
INFO [1213145 distributed_c10d.py:442] Added key: store_based_barrier_key:1 to store for rank: 3
INFO [1213016 distributed_c10d.py:476] Rank 1: Completed store-based barrier for key:store_based_barrier_key:1 with 4 nodes.
INFO [1212804 distributed_c10d.py:476] Rank 0: Completed store-based barrier for key:store_based_barrier_key:1 with 4 nodes.
W20240129 03:27:41.525595 1213146 IPCTensor.h:408] NewIPCGPUTensor: embedding_cache_0 [1495, 400]; dev=0; size=2.281 MB
INFO [1213081 distributed_c10d.py:442] Added key: store_based_barrier_key:1 to store for rank: 2
W20240129 03:27:41.525878 1213017 IPCTensor.h:408] NewIPCGPUTensor: embedding_cache_1 [1495, 400]; dev=1; size=2.281 MB
W20240129 03:27:41.526280 1213146 IPCTensor.h:368] NewIPCTensor: input_keys_0 [1000000]0x100014878000 7.629 MB
INFO [1213081 distributed_c10d.py:476] Rank 2: Completed store-based barrier for key:store_based_barrier_key:1 with 4 nodes.
W20240129 03:27:41.526419 1213017 IPCTensor.h:368] NewIPCTensor: input_keys_1 [1000000]0x10001501b000 7.629 MB
W20240129 03:27:41.526500 1213146 IPCTensor.h:368] NewIPCTensor: input_keys_neg_0 [1000000]0x1000157be000 7.629 MB
W20240129 03:27:41.526599 1213146 IPCTensor.h:368] NewIPCTensor: backward_grads_0 [1000000, 400]0x100015f61000 1.49 GB
W20240129 03:27:41.526612 1213017 IPCTensor.h:368] NewIPCTensor: input_keys_neg_1 [1000000]0x100075544000 7.629 MB
W20240129 03:27:41.526672 1213017 IPCTensor.h:368] NewIPCTensor: backward_grads_1 [1000000, 400]0x100075ce7000 1.49 GB
W20240129 03:27:41.526679 1213146 IPCTensor.h:368] NewIPCTensor: backward_grads_neg_0 [1000000, 400]0x1000d52ca000 1.49 GB
W20240129 03:27:41.526733 1213017 IPCTensor.h:368] NewIPCTensor: backward_grads_neg_1 [1000000, 400]0x1001348ad000 1.49 GB
W20240129 03:27:41.526753 1213146 IPCTensor.h:408] NewIPCGPUTensor: backward_grads_0_gpu [1000000, 400]; dev=0; size=1.49 GB
W20240129 03:27:41.526798 1213017 IPCTensor.h:408] NewIPCGPUTensor: backward_grads_1_gpu [1000000, 400]; dev=1; size=1.49 GB
INFO [1213145 distributed_c10d.py:476] Rank 3: Completed store-based barrier for key:store_based_barrier_key:1 with 4 nodes.
W20240129 03:27:41.534754 1213017 IPCTensor.h:408] NewIPCGPUTensor: backward_grads_neg_1_gpu [1000000, 400]; dev=1; size=1.49 GB
W20240129 03:27:41.534849 1213146 IPCTensor.h:408] NewIPCGPUTensor: backward_grads_neg_0_gpu [1000000, 400]; dev=0; size=1.49 GB
W20240129 03:27:41.541221 1213147 IPCTensor.h:408] NewIPCGPUTensor: embedding_cache_3 [1495, 400]; dev=3; size=2.281 MB
W20240129 03:27:41.543041 1213082 IPCTensor.h:408] NewIPCGPUTensor: embedding_cache_2 [1495, 400]; dev=2; size=2.281 MB
W20240129 03:27:41.543349 1213147 IPCTensor.h:368] NewIPCTensor: input_keys_3 [1000000]0x100193e9a000 7.629 MB
W20240129 03:27:41.543639 1213147 IPCTensor.h:368] NewIPCTensor: input_keys_neg_3 [1000000]0x10019463d000 7.629 MB
W20240129 03:27:41.543756 1213147 IPCTensor.h:368] NewIPCTensor: backward_grads_3 [1000000, 400]0x100194de0000 1.49 GB
W20240129 03:27:41.543869 1213147 IPCTensor.h:368] NewIPCTensor: backward_grads_neg_3 [1000000, 400]0x1001f43c3000 1.49 GB
W20240129 03:27:41.543973 1213147 IPCTensor.h:408] NewIPCGPUTensor: backward_grads_3_gpu [1000000, 400]; dev=3; size=1.49 GB
W20240129 03:27:41.544224 1213082 IPCTensor.h:368] NewIPCTensor: input_keys_2 [1000000]0x1002539a8000 7.629 MB
W20240129 03:27:41.549124 1213082 IPCTensor.h:368] NewIPCTensor: input_keys_neg_2 [1000000]0x10025414b000 7.629 MB
W20240129 03:27:41.549232 1213082 IPCTensor.h:368] NewIPCTensor: backward_grads_2 [1000000, 400]0x1002548ee000 1.49 GB
W20240129 03:27:41.549333 1213082 IPCTensor.h:368] NewIPCTensor: backward_grads_neg_2 [1000000, 400]0x1002b3ed1000 1.49 GB
W20240129 03:27:41.549492 1213082 IPCTensor.h:408] NewIPCGPUTensor: backward_grads_2_gpu [1000000, 400]; dev=2; size=1.49 GB
W20240129 03:27:41.557116 1213147 IPCTensor.h:408] NewIPCGPUTensor: backward_grads_neg_3_gpu [1000000, 400]; dev=3; size=1.49 GB
W20240129 03:27:41.562690 1213082 IPCTensor.h:408] NewIPCGPUTensor: backward_grads_neg_2_gpu [1000000, 400]; dev=2; size=1.49 GB
cudaHostRegister 0x100013192000
2: KnownLocalCachedEmbedding init done
WARNING [1213081 DistTensor.py:56] The tensor name already exists in the kvstore
cudaHostRegister 0x100013192000
1: KnownLocalCachedEmbedding init done
WARNING [1213016 DistTensor.py:56] The tensor name already exists in the kvstore
cudaHostRegister 0x100013192000
3: KnownLocalCachedEmbedding init done
WARNING [1213145 DistTensor.py:56] The tensor name already exists in the kvstore
[Rank3] pid = 1213145
New CachedEmbedding, name=full_emb, shape=(14951, 400), cache_type=KnownLocalCachedEmbedding
fixed cache_range is [(0, 1495), (1495, 2990), (2990, 4485), (4485, 5980)]
cudaHostRegister 0x100013192000
0: KnownLocalCachedEmbedding init done
WARNING [1212804 DistTensor.py:56] The tensor name already exists in the kvstore
I20240129 03:27:42.808573 1213146 IPC_barrier.h:118] CreateBarrier: new barrier, name: kgcachecontroller, count: 4
I20240129 03:27:42.808699 1213017 IPC_barrier.h:112] CreateBarrier: find existing barrier, name: kgcachecontroller, count: 4
I20240129 03:27:42.808758 1213147 IPC_barrier.h:112] CreateBarrier: find existing barrier, name: kgcachecontroller, count: 4
I20240129 03:27:42.808955 1213082 IPC_barrier.h:112] CreateBarrier: find existing barrier, name: kgcachecontroller, count: 4
W20240129 03:27:42.810104 1213146 grad_base.h:55] KGCacheController, config={
        "num_gpus": 4,
        "L": 10,
        "backgrad_init": "both", 
        "kForwardItersPerStep": 2,
        "clr": 1,
        "nr_background_threads": 32,
        "backwardMode": "CppAsyncV2",
        "cache_ratio": 0.1,
        "update_cache_use_omp":  0,
        "update_pq_use_omp":  0
        }
W20240129 03:27:42.810287 1213146 grad_base.h:184] Init GradProcessingBase done
I20240129 03:27:42.814366 1213146 grad_async_v2.h:32] Use background thread to update emb. nr_background_threads=32
W20240129 03:27:42.814462 1213146 kg_controller.h:78] after init GradAsyncProcessingV2
I20240129 03:27:42.814467 1213146 kg_controller.h:84] Construct KGCacheController done
E20240129 03:27:43.205493 1213146 recstore.cc:66] init folly done
E20240129 03:27:43.205498 1213147 recstore.cc:66] init folly done
E20240129 03:27:43.205515 1213082 recstore.cc:66] init folly done
E20240129 03:27:43.205521 1213017 recstore.cc:66] init folly done
I20240129 03:27:43.206933 1213146 grad_base.h:60] GraphEnv RegTensorsPerProcess
W20240129 03:27:43.914553 1213557 grad_async_v2.h:121] Detect new sample comes, old_end0, new_end1
E20240129 03:27:43.914831 1213557 parallel_pq_v2.h:76] insert failed, size(hashtable)=1
I20240129 03:27:43.952595 1213082 IPC_barrier.h:118] CreateBarrier: new barrier, name: start_barrier, count: 4
I20240129 03:27:43.968605 1213147 IPC_barrier.h:112] CreateBarrier: find existing barrier, name: start_barrier, count: 4
I20240129 03:27:43.972445 1213017 IPC_barrier.h:112] CreateBarrier: find existing barrier, name: start_barrier, count: 4
I20240129 03:27:43.978219 1213146 IPC_barrier.h:112] CreateBarrier: find existing barrier, name: start_barrier, count: 4
E20240129 03:27:46.426548 1213331 parallel_pq_v2.h:76] insert failed, size(hashtable)=4
W20240129 03:27:46.440858 1213557 grad_async_v2.h:121] Detect new sample comes, old_end1, new_end2
W20240129 03:27:46.474911 1213146 grad_async_v2.h:250] Sleep in <BlockToStepN>, step_no=2, pq.top=0
E20240129 03:27:47.423048 1213556 parallel_pq_v2.h:76] insert failed, size(hashtable)=7242
W20240129 03:27:47.475855 1213557 grad_async_v2.h:121] Detect new sample comes, old_end6, new_end2
W20240129 03:27:47.479785 1213146 grad_async_v2.h:250] Sleep in <BlockToStepN>, step_no=32, pq.top=30
+---------------------------+---------------------------+---------------------------+
| Name                      | P50                       | P99                       |
+---------------------------+---------------------------+---------------------------+
| GenInput                  | 1.006 ms                  | 13.267 ms                 |
| Forward                   | 3.268 ms                  | 1.153 s                   |
| Backward                  | 2.617 ms                  | 360.841 ms                |
| Optimize                  | 1.130 ms                  | 2.802 ms                  |
| BarrierTimeBeforeRank0    | 62.158 us                 | 4.134 ms                  |
| AfterBackward             | 13.571 ms                 | 942.891 ms                |
| BlockToStepN              | 10.330 ms                 | 35.908 ms                 |
| OneStep                   | 35.801 ms                 | 2.462 s                   |
+---------------------------+---------------------------+---------------------------+
+---------------------------+---------------------------+---------------------------+
| Name                      | P50                       | P99                       |
+---------------------------+---------------------------+---------------------------+
| ProcessBack:Shuffle       | 2.200 ms                  | 76.770 ms                 |
| ProcessBack:UpdateCache   | 1.917 ms                  | 201.045 ms                |
| ProcessBack:UpsertPq      | 9.380 ms                  | 13.697 ms                 |
| ProcessOneStep            | 14.494 ms                 | 21.720 ms                 |
| BlockToStepN              | 10.273 ms                 | 35.861 ms                 |
+---------------------------+---------------------------+---------------------------+
E20240129 03:27:48.423018 1213556 parallel_pq_v2.h:76] insert failed, size(hashtable)=7059
W20240129 03:27:48.478621 1213557 grad_async_v2.h:121] Detect new sample comes, old_end7, new_end8
W20240129 03:27:48.481429 1213146 grad_async_v2.h:250] Sleep in <BlockToStepN>, step_no=58, pq.top=57
E20240129 03:27:49.423009 1213556 parallel_pq_v2.h:76] insert failed, size(hashtable)=3390
W20240129 03:27:49.478404 1213557 grad_async_v2.h:121] Detect new sample comes, old_end4, new_end5
W20240129 03:27:49.495738 1213146 grad_async_v2.h:250] Sleep in <BlockToStepN>, step_no=85, pq.top=81
train_sampler.Prefill()
before start barrier
start train
[proc 1] 100 steps, total: 6.110, sample: 0.194, forward: 1.205, backward: 0.644, update: 0.110
train_sampler.Prefill()
before start barrier
start train
[proc 3] 100 steps, total: 6.114, sample: 0.208, forward: 1.209, backward: 0.553, update: 0.109
train_sampler.Prefill()
before start barrier
start train
[proc 2] 100 steps, total: 6.130, sample: 0.162, forward: 1.330, backward: 0.652, update: 0.107
train_sampler.Prefill()
-------Step 0-------
tensor([ 7404,   258,  6671,  8053, 10333,  4273, 11216,  5579, 12627,    88]) tensor([ 1841,  8691,  6717,  1435,  8674,  7083, 12389,  7321,  8146,  7590])
-------Step 1-------
tensor([ 7404,   258,  6671,  8053, 10333,  4273, 11216,  5579, 12627,    88]) tensor([ 7195, 12523, 13072, 13852,  6859,  8517,  6071,  2406,  2711,  9023])
-------Step 2-------
tensor([ 9387,  3195,  3799,    23,   722,   270,   107, 13178, 10176,  8536]) tensor([10433,  4153,  3906, 12402,  2295,  2326, 11225,  6744, 14293,  6295])
-------Step 3-------
tensor([ 9387,  3195,  3799,    23,   722,   270,   107, 13178, 10176,  8536]) tensor([  552, 11181,  6620, 12546,   332,   532,  2654, 11562,  6290,   189])
-------Step 4-------
tensor([ 3093, 14638, 11125, 10072,  5799,  5918, 12599,  8096,  4727,  2148]) tensor([14550,  1026, 10310, 10692,  4346,   738,  6227,  1085, 12003, 12658])
-------Step 5-------
tensor([ 3093, 14638, 11125, 10072,  5799,  5918, 12599,  8096,  4727,  2148]) tensor([ 7395,  6752,  7979, 14800,  1283, 12799,  3461, 13065,  7653,  6693])
-------Step 6-------
tensor([11022,   666,  8922,    73, 11034, 12394, 14491, 11125,  8041,  6743]) tensor([ 3454,  9189,  7354, 13007,  8953, 12615,  1957,  2760, 12986,  1358])
-------Step 7-------
tensor([11022,   666,  8922,    73, 11034, 12394, 14491, 11125,  8041,  6743]) tensor([ 5146, 14303,  9401,  7412,  6260,   887,  7634,   967, 10641, 12592])
-------Step 8-------
tensor([12171,  9527, 12816, 10244,  5636,  6917,  1677,  6142,  4826, 10234]) tensor([ 8922, 11773, 14342,  1762, 10351, 10853,  2446,  9427,  8332,  8241])
-------Step 9-------
tensor([12171,  9527, 12816, 10244,  5636,  6917,  1677,  6142,  4826, 10234]) tensor([10005, 11503,  1701,  3685,  2577,   601,  7657,  3265,  2711, 14908])
before start barrier
start train
[proc 0] 100 steps, total: 6.104, sample: 0.234, forward: 1.469, backward: 0.616, update: 0.116
E20240129 03:27:50.423013 1213556 parallel_pq_v2.h:76] insert failed, size(hashtable)=4348
W20240129 03:27:50.483516 1213557 grad_async_v2.h:121] Detect new sample comes, old_end9, new_end0
W20240129 03:27:50.501142 1213146 grad_async_v2.h:250] Sleep in <BlockToStepN>, step_no=110, pq.top=107
E20240129 03:27:51.423017 1213556 parallel_pq_v2.h:76] insert failed, size(hashtable)=3610
W20240129 03:27:51.483568 1213557 grad_async_v2.h:121] Detect new sample comes, old_end2, new_end3
W20240129 03:27:51.507534 1213146 grad_async_v2.h:250] Sleep in <BlockToStepN>, step_no=133, pq.top=131
E20240129 03:27:52.423010 1213331 parallel_pq_v2.h:76] insert failed, size(hashtable)=68
W20240129 03:27:52.489015 1213557 grad_async_v2.h:121] Detect new sample comes, old_end5, new_end6
W20240129 03:27:52.531078 1213146 grad_async_v2.h:250] Sleep in <BlockToStepN>, step_no=157, pq.top=153
+---------------------------+---------------------------+---------------------------+
| Name                      | P50                       | P99                       |
+---------------------------+---------------------------+---------------------------+
| GenInput                  | 1.159 ms                  | 13.601 ms                 |
| Forward                   | 3.305 ms                  | 4.147 ms                  |
| Backward                  | 2.610 ms                  | 3.064 ms                  |
| Optimize                  | 1.147 ms                  | 2.409 ms                  |
| BarrierTimeBeforeRank0    | 25.744 us                 | 3.505 ms                  |
| AfterBackward             | 16.900 ms                 | 19.912 ms                 |
| BlockToStepN              | 11.860 ms                 | 28.811 ms                 |
| OneStep                   | 38.742 ms                 | 66.691 ms                 |
+---------------------------+---------------------------+---------------------------+
+---------------------------+---------------------------+---------------------------+
| Name                      | P50                       | P99                       |
+---------------------------+---------------------------+---------------------------+
| ProcessBack:Shuffle       | 2.209 ms                  | 2.386 ms                  |
| ProcessBack:UpdateCache   | 1.943 ms                  | 3.253 ms                  |
| ProcessBack:UpsertPq      | 11.559 ms                 | 14.315 ms                 |
| ProcessOneStep            | 16.905 ms                 | 19.880 ms                 |
| BlockToStepN              | 11.809 ms                 | 28.751 ms                 |
+---------------------------+---------------------------+---------------------------+
E20240129 03:27:53.423015 1213146 parallel_pq_v2.h:76] insert failed, size(hashtable)=974
W20240129 03:27:53.493894 1213557 grad_async_v2.h:121] Detect new sample comes, old_end0, new_end1
W20240129 03:27:53.531232 1213146 grad_async_v2.h:250] Sleep in <BlockToStepN>, step_no=181, pq.top=181
[proc 3] 200 steps, total: 4.336, sample: 0.238, forward: 0.320, backward: 0.254, update: 0.109
[proc 1] 200 steps, total: 4.336, sample: 0.257, forward: 0.327, backward: 0.276, update: 0.104
[proc 2] 200 steps, total: 4.336, sample: 0.187, forward: 0.244, backward: 0.272, update: 0.104
[proc 0] 200 steps, total: 4.336, sample: 0.293, forward: 0.329, backward: 0.260, update: 0.113
E20240129 03:27:54.423012 1213556 parallel_pq_v2.h:76] insert failed, size(hashtable)=8390
W20240129 03:27:54.496621 1213557 grad_async_v2.h:121] Detect new sample comes, old_end2, new_end3
W20240129 03:27:54.531100 1213146 grad_async_v2.h:250] Sleep in <BlockToStepN>, step_no=203, pq.top=203
E20240129 03:27:55.423014 1213331 parallel_pq_v2.h:76] insert failed, size(hashtable)=2
W20240129 03:27:55.498512 1213557 grad_async_v2.h:121] Detect new sample comes, old_end5, new_end6
W20240129 03:27:55.531201 1213146 grad_async_v2.h:250] Sleep in <BlockToStepN>, step_no=226, pq.top=226
E20240129 03:27:56.423027 1213556 parallel_pq_v2.h:76] insert failed, size(hashtable)=7698
W20240129 03:27:56.499876 1213557 grad_async_v2.h:121] Detect new sample comes, old_end6, new_end7
W20240129 03:27:56.537642 1213146 grad_async_v2.h:250] Sleep in <BlockToStepN>, step_no=247, pq.top=247
E20240129 03:27:57.423008 1213146 parallel_pq_v2.h:76] insert failed, size(hashtable)=897
W20240129 03:27:57.501986 1213557 grad_async_v2.h:121] Detect new sample comes, old_end7, new_end8
W20240129 03:27:57.562781 1213146 grad_async_v2.h:250] Sleep in <BlockToStepN>, step_no=269, pq.top=263
+---------------------------+---------------------------+---------------------------+
| Name                      | P50                       | P99                       |
+---------------------------+---------------------------+---------------------------+
| GenInput                  | 1.209 ms                  | 14.198 ms                 |
| Forward                   | 3.330 ms                  | 4.147 ms                  |
| Backward                  | 2.651 ms                  | 4.309 ms                  |
| Optimize                  | 1.140 ms                  | 2.373 ms                  |
| BarrierTimeBeforeRank0    | 24.164 us                 | 8.283 ms                  |
| AfterBackward             | 17.080 ms                 | 19.912 ms                 |
| BlockToStepN              | 13.238 ms                 | 32.272 ms                 |
| OneStep                   | 40.416 ms                 | 66.691 ms                 |
+---------------------------+---------------------------+---------------------------+
+---------------------------+---------------------------+---------------------------+
| Name                      | P50                       | P99                       |
+---------------------------+---------------------------+---------------------------+
| ProcessBack:Shuffle       | 2.197 ms                  | 2.349 ms                  |
| ProcessBack:UpdateCache   | 1.951 ms                  | 2.357 ms                  |
| ProcessBack:UpsertPq      | 11.794 ms                 | 14.608 ms                 |
| ProcessOneStep            | 17.051 ms                 | 19.880 ms                 |
| BlockToStepN              | 13.240 ms                 | 32.211 ms                 |
+---------------------------+---------------------------+---------------------------+
E20240129 03:27:58.423468 1213556 parallel_pq_v2.h:76] insert failed, size(hashtable)=3808
W20240129 03:27:58.532992 1213557 grad_async_v2.h:121] Detect new sample comes, old_end9, new_end0
W20240129 03:27:58.562094 1213146 grad_async_v2.h:250] Sleep in <BlockToStepN>, step_no=290, pq.top=289
[proc 1] 300 steps, total: 4.650, sample: 0.229, forward: 0.322, backward: 0.259, update: 0.103
[proc 0] 300 steps, total: 4.650, sample: 0.289, forward: 0.329, backward: 0.324, update: 0.110
[proc 2] 300 steps, total: 4.650, sample: 0.206, forward: 0.258, backward: 0.224, update: 0.106
[proc 3] 300 steps, total: 4.650, sample: 0.178, forward: 0.296, backward: 0.255, update: 0.122
E20240129 03:27:59.423009 1213146 parallel_pq_v2.h:76] insert failed, size(hashtable)=1440
W20240129 03:27:59.540701 1213557 grad_async_v2.h:121] Detect new sample comes, old_end0, new_end1
W20240129 03:27:59.576372 1213146 grad_async_v2.h:250] Sleep in <BlockToStepN>, step_no=311, pq.top=307
E20240129 03:28:00.423009 1213556 parallel_pq_v2.h:76] insert failed, size(hashtable)=6850
W20240129 03:28:00.544469 1213557 grad_async_v2.h:121] Detect new sample comes, old_end0, new_end1
W20240129 03:28:00.576311 1213146 grad_async_v2.h:250] Sleep in <BlockToStepN>, step_no=331, pq.top=331
E20240129 03:28:01.423018 1213556 parallel_pq_v2.h:76] insert failed, size(hashtable)=4458
W20240129 03:28:01.550037 1213557 grad_async_v2.h:121] Detect new sample comes, old_end9, new_end0
W20240129 03:28:01.598570 1213146 grad_async_v2.h:250] Sleep in <BlockToStepN>, step_no=351, pq.top=347
E20240129 03:28:02.423012 1213556 parallel_pq_v2.h:76] insert failed, size(hashtable)=5775
W20240129 03:28:02.565451 1213557 grad_async_v2.h:121] Detect new sample comes, old_end0, new_end1
W20240129 03:28:02.598316 1213146 grad_async_v2.h:250] Sleep in <BlockToStepN>, step_no=371, pq.top=368
+---------------------------+---------------------------+---------------------------+
| Name                      | P50                       | P99                       |
+---------------------------+---------------------------+---------------------------+
| GenInput                  | 1.256 ms                  | 14.922 ms                 |
| Forward                   | 3.332 ms                  | 4.339 ms                  |
| Backward                  | 2.681 ms                  | 4.213 ms                  |
| Optimize                  | 1.135 ms                  | 2.372 ms                  |
| BarrierTimeBeforeRank0    | 24.164 us                 | 10.644 ms                 |
| AfterBackward             | 17.200 ms                 | 19.912 ms                 |
| BlockToStepN              | 13.849 ms                 | 37.002 ms                 |
| OneStep                   | 42.057 ms                 | 77.894 ms                 |
+---------------------------+---------------------------+---------------------------+
+---------------------------+---------------------------+---------------------------+
| Name                      | P50                       | P99                       |
+---------------------------+---------------------------+---------------------------+
| ProcessBack:Shuffle       | 2.192 ms                  | 2.482 ms                  |
| ProcessBack:UpdateCache   | 1.951 ms                  | 2.132 ms                  |
| ProcessBack:UpsertPq      | 11.968 ms                 | 14.734 ms                 |
| ProcessOneStep            | 17.176 ms                 | 19.880 ms                 |
| BlockToStepN              | 13.913 ms                 | 36.927 ms                 |
+---------------------------+---------------------------+---------------------------+
E20240129 03:28:03.423017 1213556 parallel_pq_v2.h:76] insert failed, size(hashtable)=4176
W20240129 03:28:03.570698 1213557 grad_async_v2.h:121] Detect new sample comes, old_end0, new_end1
W20240129 03:28:03.626521 1213146 grad_async_v2.h:250] Sleep in <BlockToStepN>, step_no=392, pq.top=391
[proc 2] 400 steps, total: 5.002, sample: 0.201, forward: 0.256, backward: 0.232, update: 0.108
[proc 1] 400 steps, total: 5.002, sample: 0.246, forward: 0.321, backward: 0.291, update: 0.103
[proc 0] 400 steps, total: 5.002, sample: 0.300, forward: 0.329, backward: 0.289, update: 0.111
[proc 3] 400 steps, total: 5.003, sample: 0.204, forward: 0.296, backward: 0.253, update: 0.111
E20240129 03:28:04.423014 1213556 parallel_pq_v2.h:76] insert failed, size(hashtable)=8499
W20240129 03:28:04.570852 1213557 grad_async_v2.h:121] Detect new sample comes, old_end0, new_end1
W20240129 03:28:04.630854 1213146 grad_async_v2.h:250] Sleep in <BlockToStepN>, step_no=412, pq.top=412
E20240129 03:28:05.423014 1213556 parallel_pq_v2.h:76] insert failed, size(hashtable)=6337
W20240129 03:28:05.580138 1213557 grad_async_v2.h:121] Detect new sample comes, old_end0, new_end1
W20240129 03:28:05.630141 1213146 grad_async_v2.h:250] Sleep in <BlockToStepN>, step_no=431, pq.top=431
E20240129 03:28:06.423017 1213146 parallel_pq_v2.h:76] insert failed, size(hashtable)=89
W20240129 03:28:06.599934 1213557 grad_async_v2.h:121] Detect new sample comes, old_end1, new_end2
W20240129 03:28:06.630106 1213146 grad_async_v2.h:250] Sleep in <BlockToStepN>, step_no=452, pq.top=452
E20240129 03:28:07.423010 1213556 parallel_pq_v2.h:76] insert failed, size(hashtable)=5757
W20240129 03:28:07.603080 1213557 grad_async_v2.h:121] Detect new sample comes, old_end0, new_end1
W20240129 03:28:07.661280 1213146 grad_async_v2.h:250] Sleep in <BlockToStepN>, step_no=472, pq.top=472
+---------------------------+---------------------------+---------------------------+
| Name                      | P50                       | P99                       |
+---------------------------+---------------------------+---------------------------+
| GenInput                  | 1.281 ms                  | 15.529 ms                 |
| Forward                   | 3.346 ms                  | 4.339 ms                  |
| Backward                  | 2.669 ms                  | 4.135 ms                  |
| Optimize                  | 1.141 ms                  | 2.389 ms                  |
| BarrierTimeBeforeRank0    | 24.515 us                 | 11.111 ms                 |
| AfterBackward             | 17.295 ms                 | 19.912 ms                 |
| BlockToStepN              | 14.396 ms                 | 39.419 ms                 |
| OneStep                   | 43.825 ms                 | 89.806 ms                 |
+---------------------------+---------------------------+---------------------------+
+---------------------------+---------------------------+---------------------------+
| Name                      | P50                       | P99                       |
+---------------------------+---------------------------+---------------------------+
| ProcessBack:Shuffle       | 2.191 ms                  | 2.762 ms                  |
| ProcessBack:UpdateCache   | 1.956 ms                  | 2.466 ms                  |
| ProcessBack:UpsertPq      | 12.062 ms                 | 15.190 ms                 |
| ProcessOneStep            | 17.273 ms                 | 21.591 ms                 |
| BlockToStepN              | 14.339 ms                 | 39.365 ms                 |
+---------------------------+---------------------------+---------------------------+
E20240129 03:28:08.424033 1213556 parallel_pq_v2.h:76] insert failed, size(hashtable)=10972
W20240129 03:28:08.627413 1213557 grad_async_v2.h:121] Detect new sample comes, old_end9, new_end0
W20240129 03:28:08.661568 1213146 grad_async_v2.h:250] Sleep in <BlockToStepN>, step_no=490, pq.top=488
[proc 2] 500 steps, total: 5.155, sample: 0.224, forward: 0.265, backward: 0.282, update: 0.094
[proc 3] 500 steps, total: 5.155, sample: 0.208, forward: 0.300, backward: 0.263, update: 0.138
[proc 1] 500 steps, total: 5.155, sample: 0.233, forward: 0.323, backward: 0.284, update: 0.112
[proc 0] 500 steps, total: 5.155, sample: 0.324, forward: 0.347, backward: 0.260, update: 0.129
Successfully xmh. training takes 25.248159885406494 seconds
before call kg_cache_controller.StopThreads()
W20240129 03:28:09.226399 1213146 grad_async_v2.h:71] call StopThreads. PID = 1212804
W20240129 03:28:09.226424 1213146 grad_base.h:212] before processOneStepNegThread_.join();
W20240129 03:28:09.226672 1213146 grad_base.h:214] after processOneStepNegThread_.join();
W20240129 03:28:09.226676 1213146 grad_async_v2.h:73] call GradProcessingBase::StopThreads.
[W tensorpipe_agent.cpp:725] RPC agent for worker0 encountered error when reading incoming request from worker2: eof (this error originated at tensorpipe/transport/shm/connection_impl.cc:259)
[W tensorpipe_agent.cpp:725] RPC agent for worker0 encountered error when reading incoming request from worker3: eof (this error originated at tensorpipe/transport/shm/connection_impl.cc:259)
W20240129 03:28:09.236179 1213146 grad_async_v2.h:92] StopThreads done.
[W tensorpipe_agent.cpp:725] RPC agent for worker0 encountered error when reading incoming request from worker1: eof (this error originated at tensorpipe/transport/shm/connection_impl.cc:259)
On rank0, prepare to call self.controller.StopThreads(), self=<python.controller_process.KGCacheControllerWrapper object at 0x7fad5da2bbd0>
