WARNING: Logging before InitGoogleLogging() is written to STDERR
I20240211 11:15:56.703181 39487 IPC_barrier.h:128] MultiProcessBarrierFactory->ClearIPCMemory()
W20240211 11:15:56.711508 39487 IPCTensor.h:369] NewIPCTensor: full_emb [9449206, 32]0x100000002000 1.126 GB
/data/home/xieminhui/RecStore/src/framework_adapters/torch/python/perf_rec_model.py:152: DeprecationWarning: The 'warn' function is deprecated, use 'warning' instead
  XLOG.warn("After init DistEmbedding")
WARNING [39487 perf_rec_model.py:152] After init DistEmbedding
========== Running Perf with routine <function routine_local_cache_helper at 0x7fee178dd8a0>==========
Worker 1 pid=41276
Worker 2 pid=41277
Worker 3 pid=41278
Worker 4 pid=41279
Worker 5 pid=41280
Worker 6 pid=41281
INFO [39487 distributed_c10d.py:442] Added key: store_based_barrier_key:1 to store for rank: 0
INFO [41276 distributed_c10d.py:442] Added key: store_based_barrier_key:1 to store for rank: 1
INFO [41277 distributed_c10d.py:442] Added key: store_based_barrier_key:1 to store for rank: 2
INFO [41278 distributed_c10d.py:442] Added key: store_based_barrier_key:1 to store for rank: 3
INFO [41279 distributed_c10d.py:442] Added key: store_based_barrier_key:1 to store for rank: 4
INFO [41281 distributed_c10d.py:442] Added key: store_based_barrier_key:1 to store for rank: 6
INFO [41282 distributed_c10d.py:442] Added key: store_based_barrier_key:1 to store for rank: 7
INFO [41280 distributed_c10d.py:442] Added key: store_based_barrier_key:1 to store for rank: 5
INFO [41281 distributed_c10d.py:476] Rank 6: Completed store-based barrier for key:store_based_barrier_key:1 with 8 nodes.
INFO [41279 distributed_c10d.py:476] Rank 4: Completed store-based barrier for key:store_based_barrier_key:1 with 8 nodes.
INFO [41280 distributed_c10d.py:476] Rank 5: Completed store-based barrier for key:store_based_barrier_key:1 with 8 nodes.
INFO [41282 distributed_c10d.py:476] Rank 7: Completed store-based barrier for key:store_based_barrier_key:1 with 8 nodes.
E20240211 11:16:03.018674 41281 IPCTensor.h:348] IPCTensor full_emb already exists
E20240211 11:16:03.018913 41280 IPCTensor.h:348] IPCTensor full_emb already exists
E20240211 11:16:03.018918 41282 IPCTensor.h:348] IPCTensor full_emb already exists
E20240211 11:16:03.018918 41279 IPCTensor.h:348] IPCTensor full_emb already exists
INFO [39487 distributed_c10d.py:476] Rank 0: Completed store-based barrier for key:store_based_barrier_key:1 with 8 nodes.
INFO [41277 distributed_c10d.py:476] Rank 2: Completed store-based barrier for key:store_based_barrier_key:1 with 8 nodes.
INFO [41276 distributed_c10d.py:476] Rank 1: Completed store-based barrier for key:store_based_barrier_key:1 with 8 nodes.
INFO [41278 distributed_c10d.py:476] Rank 3: Completed store-based barrier for key:store_based_barrier_key:1 with 8 nodes.
E20240211 11:16:03.024968 39487 IPCTensor.h:348] IPCTensor full_emb already exists
E20240211 11:16:03.025131 41277 IPCTensor.h:348] IPCTensor full_emb already exists
E20240211 11:16:03.025228 41276 IPCTensor.h:348] IPCTensor full_emb already exists
E20240211 11:16:03.025265 41278 IPCTensor.h:348] IPCTensor full_emb already exists
W20240211 11:16:08.381112 41279 IPCTensor.h:409] NewIPCGPUTensor: embedding_cache_4 [944920, 32]; dev=4; size=115.3 MB
W20240211 11:16:08.381273 41277 IPCTensor.h:409] NewIPCGPUTensor: embedding_cache_2 [944920, 32]; dev=2; size=115.3 MB
W20240211 11:16:08.381471 41280 IPCTensor.h:409] NewIPCGPUTensor: embedding_cache_5 [944920, 32]; dev=5; size=115.3 MB
W20240211 11:16:08.383728 41276 IPCTensor.h:409] NewIPCGPUTensor: embedding_cache_1 [944920, 32]; dev=1; size=115.3 MB
W20240211 11:16:08.384644 41281 IPCTensor.h:409] NewIPCGPUTensor: embedding_cache_6 [944920, 32]; dev=6; size=115.3 MB
W20240211 11:16:08.385360 41278 IPCTensor.h:409] NewIPCGPUTensor: embedding_cache_3 [944920, 32]; dev=3; size=115.3 MB
W20240211 11:16:08.385452 41282 IPCTensor.h:409] NewIPCGPUTensor: embedding_cache_7 [944920, 32]; dev=7; size=115.3 MB
W20240211 11:16:08.387293 39487 IPCTensor.h:409] NewIPCGPUTensor: embedding_cache_0 [944920, 32]; dev=0; size=115.3 MB
W20240211 11:16:09.163172 41277 IPCTensor.h:369] NewIPCTensor: input_keys_2 [1000000]0x10004817d000 7.629 MB
W20240211 11:16:09.163372 41277 IPCTensor.h:369] NewIPCTensor: input_keys_neg_2 [1000000]0x100048922000 7.629 MB
W20240211 11:16:09.163436 41277 IPCTensor.h:369] NewIPCTensor: backward_grads_2 [1000000, 32]0x1000490c5000 122.1 MB
W20240211 11:16:09.163460 41282 IPCTensor.h:369] NewIPCTensor: input_keys_7 [1000000]0x100050ad9000 7.629 MB
W20240211 11:16:09.163497 41277 IPCTensor.h:369] NewIPCTensor: backward_grads_neg_2 [1000000, 32]0x10005127e000 122.1 MB
W20240211 11:16:09.163538 41277 IPCTensor.h:409] NewIPCGPUTensor: backward_grads_2_gpu [1000000, 32]; dev=2; size=122.1 MB
W20240211 11:16:09.163683 41282 IPCTensor.h:369] NewIPCTensor: input_keys_neg_7 [1000000]0x100059435000 7.629 MB
W20240211 11:16:09.163669 41276 IPCTensor.h:369] NewIPCTensor: input_keys_1 [1000000]0x100058c92000 7.629 MB
W20240211 11:16:09.163753 41282 IPCTensor.h:369] NewIPCTensor: backward_grads_7 [1000000, 32]0x100059bd8000 122.1 MB
W20240211 11:16:09.163810 41282 IPCTensor.h:369] NewIPCTensor: backward_grads_neg_7 [1000000, 32]0x1000615ec000 122.1 MB
W20240211 11:16:09.163838 41282 IPCTensor.h:409] NewIPCGPUTensor: backward_grads_7_gpu [1000000, 32]; dev=7; size=122.1 MB
W20240211 11:16:09.163889 41276 IPCTensor.h:369] NewIPCTensor: input_keys_neg_1 [1000000]0x100069000000 7.629 MB
W20240211 11:16:09.163986 41276 IPCTensor.h:369] NewIPCTensor: backward_grads_1 [1000000, 32]0x1000697a3000 122.1 MB
W20240211 11:16:09.164032 41276 IPCTensor.h:369] NewIPCTensor: backward_grads_neg_1 [1000000, 32]0x1000711b7000 122.1 MB
W20240211 11:16:09.164084 41276 IPCTensor.h:409] NewIPCGPUTensor: backward_grads_1_gpu [1000000, 32]; dev=1; size=122.1 MB
W20240211 11:16:09.164796 41277 IPCTensor.h:409] NewIPCGPUTensor: backward_grads_neg_2_gpu [1000000, 32]; dev=2; size=122.1 MB
W20240211 11:16:09.164855 41282 IPCTensor.h:409] NewIPCGPUTensor: backward_grads_neg_7_gpu [1000000, 32]; dev=7; size=122.1 MB
W20240211 11:16:09.164885 41280 IPCTensor.h:369] NewIPCTensor: input_keys_5 [1000000]0x100078bd3000 7.629 MB
W20240211 11:16:09.164897 41276 IPCTensor.h:409] NewIPCGPUTensor: backward_grads_neg_1_gpu [1000000, 32]; dev=1; size=122.1 MB
W20240211 11:16:09.165205 41280 IPCTensor.h:369] NewIPCTensor: input_keys_neg_5 [1000000]0x100079376000 7.629 MB
W20240211 11:16:09.165299 41280 IPCTensor.h:369] NewIPCTensor: backward_grads_5 [1000000, 32]0x100079b19000 122.1 MB
W20240211 11:16:09.165349 41280 IPCTensor.h:369] NewIPCTensor: backward_grads_neg_5 [1000000, 32]0x10008152d000 122.1 MB
W20240211 11:16:09.165378 41280 IPCTensor.h:409] NewIPCGPUTensor: backward_grads_5_gpu [1000000, 32]; dev=5; size=122.1 MB
W20240211 11:16:09.165890 41280 IPCTensor.h:409] NewIPCGPUTensor: backward_grads_neg_5_gpu [1000000, 32]; dev=5; size=122.1 MB
W20240211 11:16:09.171653 41278 IPCTensor.h:369] NewIPCTensor: input_keys_3 [1000000]0x100088f4d000 7.629 MB
W20240211 11:16:09.171825 41278 IPCTensor.h:369] NewIPCTensor: input_keys_neg_3 [1000000]0x1000896f0000 7.629 MB
W20240211 11:16:09.171900 41278 IPCTensor.h:369] NewIPCTensor: backward_grads_3 [1000000, 32]0x100089e93000 122.1 MB
W20240211 11:16:09.171953 41278 IPCTensor.h:369] NewIPCTensor: backward_grads_neg_3 [1000000, 32]0x1000918a7000 122.1 MB
W20240211 11:16:09.171985 41278 IPCTensor.h:409] NewIPCGPUTensor: backward_grads_3_gpu [1000000, 32]; dev=3; size=122.1 MB
W20240211 11:16:09.172391 41278 IPCTensor.h:409] NewIPCGPUTensor: backward_grads_neg_3_gpu [1000000, 32]; dev=3; size=122.1 MB
W20240211 11:16:09.178685 41281 IPCTensor.h:369] NewIPCTensor: input_keys_6 [1000000]0x1000992c1000 7.629 MB
W20240211 11:16:09.178861 41281 IPCTensor.h:369] NewIPCTensor: input_keys_neg_6 [1000000]0x100099a64000 7.629 MB
W20240211 11:16:09.178934 41281 IPCTensor.h:369] NewIPCTensor: backward_grads_6 [1000000, 32]0x10009a207000 122.1 MB
W20240211 11:16:09.178997 41281 IPCTensor.h:369] NewIPCTensor: backward_grads_neg_6 [1000000, 32]0x1000a1c1b000 122.1 MB
W20240211 11:16:09.179039 41281 IPCTensor.h:409] NewIPCGPUTensor: backward_grads_6_gpu [1000000, 32]; dev=6; size=122.1 MB
W20240211 11:16:09.179476 41281 IPCTensor.h:409] NewIPCGPUTensor: backward_grads_neg_6_gpu [1000000, 32]; dev=6; size=122.1 MB
W20240211 11:16:09.190209 39487 IPCTensor.h:369] NewIPCTensor: input_keys_0 [1000000]0x1000a9635000 7.629 MB
W20240211 11:16:09.190477 39487 IPCTensor.h:369] NewIPCTensor: input_keys_neg_0 [1000000]0x1000a9dd8000 7.629 MB
W20240211 11:16:09.190536 39487 IPCTensor.h:369] NewIPCTensor: backward_grads_0 [1000000, 32]0x1000aa57b000 122.1 MB
W20240211 11:16:09.190598 39487 IPCTensor.h:369] NewIPCTensor: backward_grads_neg_0 [1000000, 32]0x1000b1f8f000 122.1 MB
W20240211 11:16:09.190630 39487 IPCTensor.h:409] NewIPCGPUTensor: backward_grads_0_gpu [1000000, 32]; dev=0; size=122.1 MB
W20240211 11:16:09.191188 39487 IPCTensor.h:409] NewIPCGPUTensor: backward_grads_neg_0_gpu [1000000, 32]; dev=0; size=122.1 MB
W20240211 11:16:09.191880 41279 IPCTensor.h:369] NewIPCTensor: input_keys_4 [1000000]0x1000b99a9000 7.629 MB
W20240211 11:16:09.192062 41279 IPCTensor.h:369] NewIPCTensor: input_keys_neg_4 [1000000]0x1000ba14c000 7.629 MB
W20240211 11:16:09.192124 41279 IPCTensor.h:369] NewIPCTensor: backward_grads_4 [1000000, 32]0x1000ba8ef000 122.1 MB
W20240211 11:16:09.192189 41279 IPCTensor.h:369] NewIPCTensor: backward_grads_neg_4 [1000000, 32]0x1000c2303000 122.1 MB
W20240211 11:16:09.192222 41279 IPCTensor.h:409] NewIPCGPUTensor: backward_grads_4_gpu [1000000, 32]; dev=4; size=122.1 MB
W20240211 11:16:09.192576 41279 IPCTensor.h:409] NewIPCGPUTensor: backward_grads_neg_4_gpu [1000000, 32]; dev=4; size=122.1 MB
cudaHostRegister 0x100000002000
7: KnownLocalCachedEmbedding init done
cudaHostRegister 0x100000002000
1: KnownLocalCachedEmbedding init done
cudaHostRegister 0x100000002000
2: KnownLocalCachedEmbedding init done
cudaHostRegister 0x100000002000
4: KnownLocalCachedEmbedding init done
cudaHostRegister 0x100000002000
5: KnownLocalCachedEmbedding init done
cudaHostRegister 0x100000002000
3: KnownLocalCachedEmbedding init done
cudaHostRegister 0x100000002000
6: KnownLocalCachedEmbedding init done
Worker 7 pid=41282
New CachedEmbedding, name=full_emb, shape=(9449206, 32), cache_type=KnownLocalCachedEmbedding
fixed cache_range is [(0, 944920), (944920, 1889840), (1889840, 2834760), (2834760, 3779680), (3779680, 4724600), (4724600, 5669520), (5669520, 6614440), (6614440, 7559360)]
cudaHostRegister 0x100000002000
0: KnownLocalCachedEmbedding init done
W20240211 11:16:14.116564 41282 IPCTensor.h:369] NewIPCTensor: cached_sampler_r7_0 [1000000]0x1000c9d1b000 7.629 MB
W20240211 11:16:14.116770 41282 IPCTensor.h:369] NewIPCTensor: cached_sampler_r7_1 [1000000]0x1000ca4be000 7.629 MB
W20240211 11:16:14.116822 41282 IPCTensor.h:369] NewIPCTensor: cached_sampler_r7_2 [1000000]0x1000cac61000 7.629 MB
W20240211 11:16:14.116863 41282 IPCTensor.h:369] NewIPCTensor: cached_sampler_r7_3 [1000000]0x1000cb404000 7.629 MB
W20240211 11:16:14.116922 41282 IPCTensor.h:369] NewIPCTensor: cached_sampler_r7_4 [1000000]0x1000cbba7000 7.629 MB
W20240211 11:16:14.116964 41282 IPCTensor.h:369] NewIPCTensor: cached_sampler_r7_5 [1000000]0x1000cc34a000 7.629 MB
W20240211 11:16:14.117010 41282 IPCTensor.h:369] NewIPCTensor: cached_sampler_r7_6 [1000000]0x1000ccaed000 7.629 MB
W20240211 11:16:14.117077 41282 IPCTensor.h:369] NewIPCTensor: cached_sampler_r7_7 [1000000]0x1000cd290000 7.629 MB
W20240211 11:16:14.117131 41282 IPCTensor.h:369] NewIPCTensor: cached_sampler_r7_8 [1000000]0x1000cda33000 7.629 MB
W20240211 11:16:14.117204 41282 IPCTensor.h:369] NewIPCTensor: cached_sampler_r7_9 [1000000]0x1000ce1d6000 7.629 MB
W20240211 11:16:14.117245 41282 IPCTensor.h:369] NewIPCTensor: step_r7 [10]0x1000ce979000 80 B 
W20240211 11:16:14.117280 41282 IPCTensor.h:369] NewIPCTensor: circle_buffer_end_r7 [1]0x1000ce97b000 8 B 
W20240211 11:16:14.117323 41282 IPCTensor.h:369] NewIPCTensor: circle_buffer_end_cppseen_r7 [1]0x1000ce97d000 8 B 
Dataset:  /home/xieminhui/RecStoreDataset/avazu_binary
Dataset loaded
np.max =  9449205
np.min=  1
Construct RecModelSampler done
I20240211 11:16:14.117697 41282 IPC_barrier.h:118] CreateBarrier: new barrier, name: kgcachecontroller, count: 8
W20240211 11:16:14.430662 39487 IPCTensor.h:369] NewIPCTensor: cached_sampler_r0_0 [1000000]0x1000ce97f000 7.629 MB
W20240211 11:16:14.430892 39487 IPCTensor.h:369] NewIPCTensor: cached_sampler_r0_1 [1000000]0x1000cf122000 7.629 MB
W20240211 11:16:14.430936 39487 IPCTensor.h:369] NewIPCTensor: cached_sampler_r0_2 [1000000]0x1000cf8c5000 7.629 MB
W20240211 11:16:14.430972 39487 IPCTensor.h:369] NewIPCTensor: cached_sampler_r0_3 [1000000]0x1000d0068000 7.629 MB
W20240211 11:16:14.431008 39487 IPCTensor.h:369] NewIPCTensor: cached_sampler_r0_4 [1000000]0x1000d080b000 7.629 MB
W20240211 11:16:14.431044 39487 IPCTensor.h:369] NewIPCTensor: cached_sampler_r0_5 [1000000]0x1000d0fae000 7.629 MB
W20240211 11:16:14.431092 39487 IPCTensor.h:369] NewIPCTensor: cached_sampler_r0_6 [1000000]0x1000d1751000 7.629 MB
W20240211 11:16:14.431159 39487 IPCTensor.h:369] NewIPCTensor: cached_sampler_r0_7 [1000000]0x1000d1ef4000 7.629 MB
W20240211 11:16:14.431200 39487 IPCTensor.h:369] NewIPCTensor: cached_sampler_r0_8 [1000000]0x1000d2697000 7.629 MB
W20240211 11:16:14.431236 39487 IPCTensor.h:369] NewIPCTensor: cached_sampler_r0_9 [1000000]0x1000d2e3a000 7.629 MB
W20240211 11:16:14.431281 39487 IPCTensor.h:369] NewIPCTensor: step_r0 [10]0x1000d35dd000 80 B 
W20240211 11:16:14.431321 39487 IPCTensor.h:369] NewIPCTensor: circle_buffer_end_r0 [1]0x1000d35df000 8 B 
W20240211 11:16:14.431363 39487 IPCTensor.h:369] NewIPCTensor: circle_buffer_end_cppseen_r0 [1]0x1000d35e1000 8 B 
Dataset:  /home/xieminhui/RecStoreDataset/avazu_binary
Dataset loaded
np.max =  9449205
np.min=  1
Construct RecModelSampler done
I20240211 11:16:14.431890 39487 IPC_barrier.h:112] CreateBarrier: find existing barrier, name: kgcachecontroller, count: 8
W20240211 11:16:14.530012 41280 IPCTensor.h:369] NewIPCTensor: cached_sampler_r5_0 [1000000]0x1000d35e3000 7.629 MB
W20240211 11:16:14.530148 41280 IPCTensor.h:369] NewIPCTensor: cached_sampler_r5_1 [1000000]0x1000d3d86000 7.629 MB
W20240211 11:16:14.530198 41280 IPCTensor.h:369] NewIPCTensor: cached_sampler_r5_2 [1000000]0x1000d4529000 7.629 MB
W20240211 11:16:14.530236 41280 IPCTensor.h:369] NewIPCTensor: cached_sampler_r5_3 [1000000]0x1000d4ccc000 7.629 MB
W20240211 11:16:14.530298 41280 IPCTensor.h:369] NewIPCTensor: cached_sampler_r5_4 [1000000]0x1000d546f000 7.629 MB
W20240211 11:16:14.530345 41280 IPCTensor.h:369] NewIPCTensor: cached_sampler_r5_5 [1000000]0x1000d5c12000 7.629 MB
W20240211 11:16:14.530405 41280 IPCTensor.h:369] NewIPCTensor: cached_sampler_r5_6 [1000000]0x1000d63b5000 7.629 MB
W20240211 11:16:14.530463 41280 IPCTensor.h:369] NewIPCTensor: cached_sampler_r5_7 [1000000]0x1000d6b58000 7.629 MB
W20240211 11:16:14.530510 41280 IPCTensor.h:369] NewIPCTensor: cached_sampler_r5_8 [1000000]0x1000d72fb000 7.629 MB
W20240211 11:16:14.530570 41280 IPCTensor.h:369] NewIPCTensor: cached_sampler_r5_9 [1000000]0x1000d7a9e000 7.629 MB
W20240211 11:16:14.530611 41280 IPCTensor.h:369] NewIPCTensor: step_r5 [10]0x1000d8241000 80 B 
W20240211 11:16:14.530647 41280 IPCTensor.h:369] NewIPCTensor: circle_buffer_end_r5 [1]0x1000d8243000 8 B 
W20240211 11:16:14.530699 41280 IPCTensor.h:369] NewIPCTensor: circle_buffer_end_cppseen_r5 [1]0x1000d8245000 8 B 
Dataset:  /home/xieminhui/RecStoreDataset/avazu_binary
Dataset loaded
np.max =  9449205
np.min=  1
Construct RecModelSampler done
I20240211 11:16:14.531034 41280 IPC_barrier.h:112] CreateBarrier: find existing barrier, name: kgcachecontroller, count: 8
W20240211 11:16:14.609895 41277 IPCTensor.h:369] NewIPCTensor: cached_sampler_r2_0 [1000000]0x1000d8247000 7.629 MB
W20240211 11:16:14.610069 41277 IPCTensor.h:369] NewIPCTensor: cached_sampler_r2_1 [1000000]0x1000d89ea000 7.629 MB
W20240211 11:16:14.610116 41277 IPCTensor.h:369] NewIPCTensor: cached_sampler_r2_2 [1000000]0x1000d918d000 7.629 MB
W20240211 11:16:14.610155 41277 IPCTensor.h:369] NewIPCTensor: cached_sampler_r2_3 [1000000]0x1000d9930000 7.629 MB
W20240211 11:16:14.610216 41277 IPCTensor.h:369] NewIPCTensor: cached_sampler_r2_4 [1000000]0x1000da0d3000 7.629 MB
W20240211 11:16:14.610268 41277 IPCTensor.h:369] NewIPCTensor: cached_sampler_r2_5 [1000000]0x1000da876000 7.629 MB
W20240211 11:16:14.610317 41277 IPCTensor.h:369] NewIPCTensor: cached_sampler_r2_6 [1000000]0x1000db019000 7.629 MB
W20240211 11:16:14.610376 41277 IPCTensor.h:369] NewIPCTensor: cached_sampler_r2_7 [1000000]0x1000db7bc000 7.629 MB
W20240211 11:16:14.610424 41277 IPCTensor.h:369] NewIPCTensor: cached_sampler_r2_8 [1000000]0x1000dbf5f000 7.629 MB
W20240211 11:16:14.610481 41277 IPCTensor.h:369] NewIPCTensor: cached_sampler_r2_9 [1000000]0x1000dc702000 7.629 MB
W20240211 11:16:14.610546 41277 IPCTensor.h:369] NewIPCTensor: step_r2 [10]0x1000dcea5000 80 B 
W20240211 11:16:14.610584 41277 IPCTensor.h:369] NewIPCTensor: circle_buffer_end_r2 [1]0x1000dcea7000 8 B 
W20240211 11:16:14.610630 41277 IPCTensor.h:369] NewIPCTensor: circle_buffer_end_cppseen_r2 [1]0x1000dcea9000 8 B 
Dataset:  /home/xieminhui/RecStoreDataset/avazu_binary
Dataset loaded
np.max =  9449205
np.min=  1
Construct RecModelSampler done
I20240211 11:16:14.610970 41277 IPC_barrier.h:112] CreateBarrier: find existing barrier, name: kgcachecontroller, count: 8
W20240211 11:16:14.843788 41281 IPCTensor.h:369] NewIPCTensor: cached_sampler_r6_0 [1000000]0x1000dceab000 7.629 MB
W20240211 11:16:14.844005 41281 IPCTensor.h:369] NewIPCTensor: cached_sampler_r6_1 [1000000]0x1000dd64e000 7.629 MB
W20240211 11:16:14.844062 41281 IPCTensor.h:369] NewIPCTensor: cached_sampler_r6_2 [1000000]0x1000dddf1000 7.629 MB
W20240211 11:16:14.844120 41281 IPCTensor.h:369] NewIPCTensor: cached_sampler_r6_3 [1000000]0x1000de594000 7.629 MB
W20240211 11:16:14.844208 41281 IPCTensor.h:369] NewIPCTensor: cached_sampler_r6_4 [1000000]0x1000ded37000 7.629 MB
W20240211 11:16:14.844252 41281 IPCTensor.h:369] NewIPCTensor: cached_sampler_r6_5 [1000000]0x1000df4da000 7.629 MB
W20240211 11:16:14.844298 41281 IPCTensor.h:369] NewIPCTensor: cached_sampler_r6_6 [1000000]0x1000dfc7d000 7.629 MB
W20240211 11:16:14.844375 41281 IPCTensor.h:369] NewIPCTensor: cached_sampler_r6_7 [1000000]0x1000e0420000 7.629 MB
W20240211 11:16:14.844436 41281 IPCTensor.h:369] NewIPCTensor: cached_sampler_r6_8 [1000000]0x1000e0bc3000 7.629 MB
W20240211 11:16:14.844522 41281 IPCTensor.h:369] NewIPCTensor: cached_sampler_r6_9 [1000000]0x1000e1366000 7.629 MB
W20240211 11:16:14.844570 41281 IPCTensor.h:369] NewIPCTensor: step_r6 [10]0x1000e1b09000 80 B 
W20240211 11:16:14.844609 41281 IPCTensor.h:369] NewIPCTensor: circle_buffer_end_r6 [1]0x1000e1b0b000 8 B 
W20240211 11:16:14.844664 41281 IPCTensor.h:369] NewIPCTensor: circle_buffer_end_cppseen_r6 [1]0x1000e1b0d000 8 B 
Dataset:  /home/xieminhui/RecStoreDataset/avazu_binary
Dataset loaded
np.max =  9449205
np.min=  1
Construct RecModelSampler done
I20240211 11:16:14.845038 41281 IPC_barrier.h:112] CreateBarrier: find existing barrier, name: kgcachecontroller, count: 8
W20240211 11:16:14.862517 41276 IPCTensor.h:369] NewIPCTensor: cached_sampler_r1_0 [1000000]0x1000e1b0f000 7.629 MB
W20240211 11:16:14.862792 41276 IPCTensor.h:369] NewIPCTensor: cached_sampler_r1_1 [1000000]0x1000e22b2000 7.629 MB
W20240211 11:16:14.862833 41276 IPCTensor.h:369] NewIPCTensor: cached_sampler_r1_2 [1000000]0x1000e2a55000 7.629 MB
W20240211 11:16:14.862859 41276 IPCTensor.h:369] NewIPCTensor: cached_sampler_r1_3 [1000000]0x1000e31f8000 7.629 MB
W20240211 11:16:14.862934 41276 IPCTensor.h:369] NewIPCTensor: cached_sampler_r1_4 [1000000]0x1000e399b000 7.629 MB
W20240211 11:16:14.862977 41276 IPCTensor.h:369] NewIPCTensor: cached_sampler_r1_5 [1000000]0x1000e413e000 7.629 MB
W20240211 11:16:14.863019 41276 IPCTensor.h:369] NewIPCTensor: cached_sampler_r1_6 [1000000]0x1000e48e1000 7.629 MB
W20240211 11:16:14.863085 41276 IPCTensor.h:369] NewIPCTensor: cached_sampler_r1_7 [1000000]0x1000e5084000 7.629 MB
W20240211 11:16:14.863139 41276 IPCTensor.h:369] NewIPCTensor: cached_sampler_r1_8 [1000000]0x1000e5827000 7.629 MB
W20240211 11:16:14.863225 41276 IPCTensor.h:369] NewIPCTensor: cached_sampler_r1_9 [1000000]0x1000e5fca000 7.629 MB
W20240211 11:16:14.863260 41276 IPCTensor.h:369] NewIPCTensor: step_r1 [10]0x1000e676d000 80 B 
W20240211 11:16:14.863293 41276 IPCTensor.h:369] NewIPCTensor: circle_buffer_end_r1 [1]0x1000e676f000 8 B 
W20240211 11:16:14.863348 41276 IPCTensor.h:369] NewIPCTensor: circle_buffer_end_cppseen_r1 [1]0x1000e6771000 8 B 
Dataset:  /home/xieminhui/RecStoreDataset/avazu_binary
Dataset loaded
np.max =  9449205
np.min=  1
Construct RecModelSampler done
I20240211 11:16:14.863818 41276 IPC_barrier.h:112] CreateBarrier: find existing barrier, name: kgcachecontroller, count: 8
W20240211 11:16:14.976433 41279 IPCTensor.h:369] NewIPCTensor: cached_sampler_r4_0 [1000000]0x1000e6773000 7.629 MB
W20240211 11:16:14.976622 41279 IPCTensor.h:369] NewIPCTensor: cached_sampler_r4_1 [1000000]0x1000e6f16000 7.629 MB
W20240211 11:16:14.976666 41279 IPCTensor.h:369] NewIPCTensor: cached_sampler_r4_2 [1000000]0x1000e76b9000 7.629 MB
W20240211 11:16:14.976704 41279 IPCTensor.h:369] NewIPCTensor: cached_sampler_r4_3 [1000000]0x1000e7e5c000 7.629 MB
W20240211 11:16:14.976753 41279 IPCTensor.h:369] NewIPCTensor: cached_sampler_r4_4 [1000000]0x1000e85ff000 7.629 MB
W20240211 11:16:14.976791 41279 IPCTensor.h:369] NewIPCTensor: cached_sampler_r4_5 [1000000]0x1000e8da2000 7.629 MB
W20240211 11:16:14.976835 41279 IPCTensor.h:369] NewIPCTensor: cached_sampler_r4_6 [1000000]0x1000e9545000 7.629 MB
W20240211 11:16:14.976884 41279 IPCTensor.h:369] NewIPCTensor: cached_sampler_r4_7 [1000000]0x1000e9ce8000 7.629 MB
W20240211 11:16:14.976933 41279 IPCTensor.h:369] NewIPCTensor: cached_sampler_r4_8 [1000000]0x1000ea48b000 7.629 MB
W20240211 11:16:14.976980 41279 IPCTensor.h:369] NewIPCTensor: cached_sampler_r4_9 [1000000]0x1000eac2e000 7.629 MB
W20240211 11:16:14.977020 41279 IPCTensor.h:369] NewIPCTensor: step_r4 [10]0x1000eb3d1000 80 B 
W20240211 11:16:14.977053 41279 IPCTensor.h:369] NewIPCTensor: circle_buffer_end_r4 [1]0x1000eb3d3000 8 B 
W20240211 11:16:14.977092 41279 IPCTensor.h:369] NewIPCTensor: circle_buffer_end_cppseen_r4 [1]0x1000eb3d5000 8 B 
Dataset:  /home/xieminhui/RecStoreDataset/avazu_binary
Dataset loaded
np.max =  9449205
np.min=  1
Construct RecModelSampler done
I20240211 11:16:14.977421 41279 IPC_barrier.h:112] CreateBarrier: find existing barrier, name: kgcachecontroller, count: 8
W20240211 11:16:15.130016 41278 IPCTensor.h:369] NewIPCTensor: cached_sampler_r3_0 [1000000]0x1000eb3d7000 7.629 MB
W20240211 11:16:15.130163 41278 IPCTensor.h:369] NewIPCTensor: cached_sampler_r3_1 [1000000]0x1000ebb7a000 7.629 MB
W20240211 11:16:15.130213 41278 IPCTensor.h:369] NewIPCTensor: cached_sampler_r3_2 [1000000]0x1000ec31d000 7.629 MB
W20240211 11:16:15.130249 41278 IPCTensor.h:369] NewIPCTensor: cached_sampler_r3_3 [1000000]0x1000ecac0000 7.629 MB
W20240211 11:16:15.130300 41278 IPCTensor.h:369] NewIPCTensor: cached_sampler_r3_4 [1000000]0x1000ed263000 7.629 MB
W20240211 11:16:15.130339 41278 IPCTensor.h:369] NewIPCTensor: cached_sampler_r3_5 [1000000]0x1000eda06000 7.629 MB
W20240211 11:16:15.130378 41278 IPCTensor.h:369] NewIPCTensor: cached_sampler_r3_6 [1000000]0x1000ee1a9000 7.629 MB
W20240211 11:16:15.130425 41278 IPCTensor.h:369] NewIPCTensor: cached_sampler_r3_7 [1000000]0x1000ee94c000 7.629 MB
W20240211 11:16:15.130465 41278 IPCTensor.h:369] NewIPCTensor: cached_sampler_r3_8 [1000000]0x1000ef0ef000 7.629 MB
W20240211 11:16:15.130506 41278 IPCTensor.h:369] NewIPCTensor: cached_sampler_r3_9 [1000000]0x1000ef892000 7.629 MB
W20240211 11:16:15.130554 41278 IPCTensor.h:369] NewIPCTensor: step_r3 [10]0x1000f0035000 80 B 
W20240211 11:16:15.130586 41278 IPCTensor.h:369] NewIPCTensor: circle_buffer_end_r3 [1]0x1000f0037000 8 B 
W20240211 11:16:15.130630 41278 IPCTensor.h:369] NewIPCTensor: circle_buffer_end_cppseen_r3 [1]0x1000f0039000 8 B 
Dataset:  /home/xieminhui/RecStoreDataset/avazu_binary
Dataset loaded
np.max =  9449205
np.min=  1
Construct RecModelSampler done
I20240211 11:16:15.130873 41278 IPC_barrier.h:112] CreateBarrier: find existing barrier, name: kgcachecontroller, count: 8
E20240211 11:16:16.897140 41279 recstore.cc:66] init folly done
Construct KGCacheControllerWrapper done
E20240211 11:16:16.897365 41277 recstore.cc:66] init folly done
Construct KGCacheControllerWrapper done
E20240211 11:16:16.899489 39487 recstore.cc:66] init folly done
Construct KGCacheControllerWrapper done
E20240211 11:16:16.899799 41281 recstore.cc:66] init folly done
E20240211 11:16:16.899816 41282 recstore.cc:66] init folly done
Construct KGCacheControllerWrapper done
Construct KGCacheControllerWrapper done
E20240211 11:16:16.900034 41276 recstore.cc:66] init folly done
Construct KGCacheControllerWrapper done
E20240211 11:16:16.900122 41280 recstore.cc:66] init folly done
E20240211 11:16:16.900131 41278 recstore.cc:66] init folly done
Construct KGCacheControllerWrapper done
Construct KGCacheControllerWrapper done
Before Training
Before Training
Before Training
Before Training
Before Training
I20240211 11:16:18.141167 41280 IPC_barrier.h:118] CreateBarrier: new barrier, name: start_barrier, count: 8
Before Training
I20240211 11:16:18.141197 41281 IPC_barrier.h:112] CreateBarrier: find existing barrier, name: start_barrier, count: 8
Before Training
Before Training
I20240211 11:16:18.141222 41276 IPC_barrier.h:112] CreateBarrier: find existing barrier, name: start_barrier, count: 8
I20240211 11:16:18.141263 39487 IPC_barrier.h:112] CreateBarrier: find existing barrier, name: start_barrier, count: 8
I20240211 11:16:18.141286 41278 IPC_barrier.h:112] CreateBarrier: find existing barrier, name: start_barrier, count: 8
I20240211 11:16:18.141309 41279 IPC_barrier.h:112] CreateBarrier: find existing barrier, name: start_barrier, count: 8
I20240211 11:16:18.141333 41277 IPC_barrier.h:112] CreateBarrier: find existing barrier, name: start_barrier, count: 8
I20240211 11:16:18.141357 41282 IPC_barrier.h:112] CreateBarrier: find existing barrier, name: start_barrier, count: 8
========== Step 0 ========== 
+---------------------------+---------------------------+---------------------------+
| Name                      | P50                       | P99                       |
+---------------------------+---------------------------+---------------------------+
| GenInput:CircleBuffer     | 130.656 us                | 130.656 us                |
| GenInput                  | 365.207 us                | 365.207 us                |
| NN                        | 220.482 ms                | 220.482 ms                |
| Forward                   | 221.600 ms                | 221.600 ms                |
| back: bucket keys         | 34.534 ms                 | 34.534 ms                 |
+---------------------------+---------------------------+---------------------------+
+---------------------------+---------------------------+---------------------------+
| Name                      | P50                       | P99                       |
+---------------------------+---------------------------+---------------------------+
| GenInput:CircleBuffer     | 130.656 us                | 130.656 us                |
| GenInput                  | 365.207 us                | 365.207 us                |
| NN                        | 220.482 ms                | 220.482 ms                |
| Forward                   | 221.600 ms                | 221.600 ms                |
| back: bucket keys         | 34.534 ms                 | 34.534 ms                 |
+---------------------------+---------------------------+---------------------------+
+---------------------------+---------------------------+---------------------------+
| Name                      | P50                       | P99                       |
+---------------------------+---------------------------+---------------------------+
| GenInput:CircleBuffer     | 130.656 us                | 130.656 us                |
| GenInput                  | 365.207 us                | 365.207 us                |
| NN                        | 220.482 ms                | 220.482 ms                |
| Forward                   | 221.600 ms                | 221.600 ms                |
| back: bucket keys         | 34.534 ms                 | 34.534 ms                 |
+---------------------------+---------------------------+---------------------------+
+---------------------------+---------------------------+---------------------------+
| Name                      | P50                       | P99                       |
+---------------------------+---------------------------+---------------------------+
| GenInput:CircleBuffer     | 130.656 us                | 130.656 us                |
| GenInput                  | 365.207 us                | 365.207 us                |
| NN                        | 220.482 ms                | 220.482 ms                |
| Forward                   | 221.600 ms                | 221.600 ms                |
| back: bucket keys         | 34.534 ms                 | 34.534 ms                 |
+---------------------------+---------------------------+---------------------------+
+---------------------------+---------------------------+---------------------------+
| Name                      | P50                       | P99                       |
+---------------------------+---------------------------+---------------------------+
| GenInput:CircleBuffer     | 130.656 us                | 130.656 us                |
| GenInput                  | 365.207 us                | 365.207 us                |
| NN                        | 220.482 ms                | 220.482 ms                |
| Forward                   | 221.600 ms                | 221.600 ms                |
| back: bucket keys         | 34.534 ms                 | 34.534 ms                 |
+---------------------------+---------------------------+---------------------------+
+---------------------------+---------------------------+---------------------------+
| Name                      | P50                       | P99                       |
+---------------------------+---------------------------+---------------------------+
| GenInput:CircleBuffer     | 130.656 us                | 130.656 us                |
| GenInput                  | 365.207 us                | 365.207 us                |
| NN                        | 220.482 ms                | 220.482 ms                |
| Forward                   | 221.600 ms                | 221.600 ms                |
| back: bucket keys         | 34.534 ms                 | 34.534 ms                 |
+---------------------------+---------------------------+---------------------------+
+---------------------------+---------------------------+---------------------------+
| Name                      | P50                       | P99                       |
+---------------------------+---------------------------+---------------------------+
| GenInput:CircleBuffer     | 130.656 us                | 130.656 us                |
| GenInput                  | 365.207 us                | 365.207 us                |
| NN                        | 220.482 ms                | 220.482 ms                |
| Forward                   | 221.600 ms                | 221.600 ms                |
| back: bucket keys         | 34.534 ms                 | 34.534 ms                 |
+---------------------------+---------------------------+---------------------------+
+---------------------------+---------------------------+---------------------------+
| Name                      | P50                       | P99                       |
+---------------------------+---------------------------+---------------------------+
| GenInput:CircleBuffer     | 130.656 us                | 130.656 us                |
| GenInput                  | 365.207 us                | 365.207 us                |
| NN                        | 220.482 ms                | 220.482 ms                |
| Forward                   | 221.600 ms                | 221.600 ms                |
| back: bucket keys         | 34.534 ms                 | 34.534 ms                 |
+---------------------------+---------------------------+---------------------------+
+---------------------------+---------------------------+---------------------------+
| Name                      | P50                       | P99                       |
+---------------------------+---------------------------+---------------------------+
| GenInput:CircleBuffer     | 130.656 us                | 130.656 us                |
| GenInput                  | 365.207 us                | 365.207 us                |
| NN                        | 220.482 ms                | 220.482 ms                |
| Forward                   | 221.600 ms                | 221.600 ms                |
| back: bucket keys         | 34.534 ms                 | 34.534 ms                 |
+---------------------------+---------------------------+---------------------------+
+---------------------------+---------------------------+---------------------------+
| Name                      | P50                       | P99                       |
+---------------------------+---------------------------+---------------------------+
| GenInput:CircleBuffer     | 130.656 us                | 130.656 us                |
| GenInput                  | 365.207 us                | 365.207 us                |
| NN                        | 220.482 ms                | 220.482 ms                |
| Forward                   | 221.600 ms                | 221.600 ms                |
| back: bucket keys         | 34.534 ms                 | 34.534 ms                 |
+---------------------------+---------------------------+---------------------------+
+---------------------------+---------------------------+---------------------------+
| Name                      | P50                       | P99                       |
+---------------------------+---------------------------+---------------------------+
| GenInput:CircleBuffer     | 130.656 us                | 130.656 us                |
| GenInput                  | 365.207 us                | 365.207 us                |
| NN                        | 220.482 ms                | 220.482 ms                |
| Forward                   | 221.600 ms                | 221.600 ms                |
| back: bucket keys         | 34.534 ms                 | 34.534 ms                 |
+---------------------------+---------------------------+---------------------------+
========== Step 1 ========== 
INFO [39487 distributed.py:1140] Reducer buckets have been rebuilt in this iteration.
INFO [41276 distributed.py:1140] Reducer buckets have been rebuilt in this iteration.
INFO [41278 distributed.py:1140] Reducer buckets have been rebuilt in this iteration.
INFO [41277 distributed.py:1140] Reducer buckets have been rebuilt in this iteration.
INFO [41279 distributed.py:1140] Reducer buckets have been rebuilt in this iteration.
INFO [41281 distributed.py:1140] Reducer buckets have been rebuilt in this iteration.
INFO [41282 distributed.py:1140] Reducer buckets have been rebuilt in this iteration.
INFO [41280 distributed.py:1140] Reducer buckets have been rebuilt in this iteration.
========== Step 2 ========== 
========== Step 3 ========== 
========== Step 4 ========== 
========== Step 5 ========== 
========== Step 6 ========== 
========== Step 7 ========== 
========== Step 8 ========== 
========== Step 9 ========== 
========== Step 10 ========== 
========== Step 11 ========== 
========== Step 12 ========== 
========== Step 13 ========== 
========== Step 14 ========== 
========== Step 15 ========== 
========== Step 16 ========== 
========== Step 17 ========== 
========== Step 18 ========== 
========== Step 19 ========== 
========== Step 20 ========== 
========== Step 21 ========== 
========== Step 22 ========== 
========== Step 23 ========== 
========== Step 24 ========== 
========== Step 25 ========== 
========== Step 26 ========== 
========== Step 27 ========== 
+---------------------------+---------------------------+---------------------------+
| Name                      | P50                       | P99                       |
+---------------------------+---------------------------+---------------------------+
| GenInput:CircleBuffer     | 105.467 us                | 1.307 ms                  |
| GenInput                  | 431.801 us                | 3.084 ms                  |
| NN                        | 945.895 us                | 220.482 ms                |
| Forward                   | 1.139 ms                  | 221.600 ms                |
| back: bucket keys         | 578.634 us                | 34.534 ms                 |
| back: a2a                 | 7.450 ms                  | 53.871 s                  |
| back: cache               | 7.167 ms                  | 57.276 ms                 |
| back: aggr dram keys      | 20.363 ms                 | 949.259 ms                |
| back: set dram grad       | 195.821 us                | 590.329 us                |
| Backward                  | 37.760 ms                 | 55.026 s                  |
| Optimize                  | 16.807 ms                 | 127.320 ms                |
| BarrierTimeBeforeRank0    | 34.511 us                 | 299.296 us                |
| BlockToStepN              | 41.474 us                 | 1.185 ms                  |
| OneStep                   | 56.843 ms                 | 55.379 s                  |
+---------------------------+---------------------------+---------------------------+
========== Step 28 ========== 
========== Step 29 ========== 
========== Step 30 ========== 
========== Step 31 ========== 
========== Step 32 ========== 
========== Step 33 ========== 
========== Step 34 ========== 
========== Step 35 ========== 
========== Step 36 ========== 
========== Step 37 ========== 
========== Step 38 ========== 
========== Step 39 ========== 
========== Step 40 ========== 
========== Step 41 ========== 
========== Step 42 ========== 
========== Step 43 ========== 
========== Step 44 ========== 
========== Step 45 ========== 
========== Step 46 ========== 
========== Step 47 ========== 
========== Step 48 ========== 
========== Step 49 ========== 
========== Step 50 ========== 
========== Step 51 ========== 
========== Step 52 ========== 
========== Step 53 ========== 
========== Step 54 ========== 
========== Step 55 ========== 
========== Step 56 ========== 
========== Step 57 ========== 
========== Step 58 ========== 
========== Step 59 ========== 
========== Step 60 ========== 
========== Step 61 ========== 
========== Step 62 ========== 
========== Step 63 ========== 
========== Step 64 ========== 
========== Step 65 ========== 
========== Step 66 ========== 
========== Step 67 ========== 
========== Step 68 ========== 
========== Step 69 ========== 
========== Step 70 ========== 
========== Step 71 ========== 
========== Step 72 ========== 
========== Step 73 ========== 
========== Step 74 ========== 
========== Step 75 ========== 
========== Step 76 ========== 
========== Step 77 ========== 
========== Step 78 ========== 
========== Step 79 ========== 
Successfully xmh
INFO [39487 controller_process.py:421] call rank0 to StopThreads
INFO [39487 controller_process.py:421] call rank0 to StopThreads
INFO [39487 controller_process.py:421] call rank0 to StopThreads
INFO [39487 controller_process.py:421] call rank0 to StopThreads
INFO [39487 controller_process.py:421] call rank0 to StopThreads
INFO [39487 controller_process.py:421] call rank0 to StopThreads
INFO [39487 controller_process.py:421] call rank0 to StopThreads
INFO [39487 controller_process.py:421] call rank0 to StopThreads
INFO [39487 controller_process.py:421] call rank0 to StopThreads
INFO [39487 controller_process.py:421] call rank0 to StopThreads
INFO [39487 controller_process.py:421] call rank0 to StopThreads
INFO [39487 controller_process.py:421] call rank0 to StopThreads
INFO [39487 controller_process.py:421] call rank0 to StopThreads
INFO [39487 controller_process.py:421] call rank0 to StopThreads
INFO [39487 controller_process.py:421] call rank0 to StopThreads
INFO [39487 controller_process.py:421] call rank0 to StopThreads
INFO [39487 controller_process.py:421] call rank0 to StopThreads
+---------------------------+---------------------------+---------------------------+
| Name                      | P50                       | P99                       |
+---------------------------+---------------------------+---------------------------+
| GenInput:CircleBuffer     | 104.489 us                | 649.400 us                |
| GenInput                  | 331.761 us                | 2.415 ms                  |
| NN                        | 909.232 us                | 5.003 ms                  |
| Forward                   | 1.127 ms                  | 5.423 ms                  |
| back: bucket keys         | 580.943 us                | 2.038 ms                  |
| back: a2a                 | 6.974 ms                  | 16.335 ms                 |
| back: cache               | 7.082 ms                  | 23.480 ms                 |
| back: aggr dram keys      | 20.077 ms                 | 37.422 ms                 |
| back: set dram grad       | 199.917 us                | 331.248 us                |
| Backward                  | 37.202 ms                 | 64.020 ms                 |
| Optimize                  | 16.807 ms                 | 37.747 ms                 |
| BarrierTimeBeforeRank0    | 30.103 us                 | 210.875 us                |
| BlockToStepN              | 39.195 us                 | 3.747 ms                  |
| OneStep                   | 55.620 ms                 | 95.123 ms                 |
+---------------------------+---------------------------+---------------------------+
