WARNING: Logging before InitGoogleLogging() is written to STDERR
I20240131 23:36:51.609905 3223478 IPC_barrier.h:128] MultiProcessBarrierFactory->ClearIPCMemory()
/home/xieminhui/RecStore/src/framework_adapters/torch/kg/dgl-0.9.1/python/dgl/_deprecate/graph.py:1023: DGLWarning: multigraph will be deprecated.DGL will treat all graphs as multigraph in the future.
  dgl_warning("multigraph will be deprecated." \
/home/xieminhui/RecStore/src/framework_adapters/torch/kg/dgl-0.9.1/python/dgl/heterograph.py:72: DGLWarning: Recommend creating graphs by `dgl.graph(data)` instead of `dgl.DGLGraph(data)`.
  dgl_warning('Recommend creating graphs by `dgl.graph(data)`'
Reading train triples....
Finished. Read 483142 train triples.
Reading valid triples....
Finished. Read 50000 valid triples.
Reading test triples....
Finished. Read 59071 test triples.
ARGS:  Namespace(model_name='TransE', data_path='/home/xieminhui/dgl-data', dataset='FB15k', format='built_in', data_files=None, delimiter='\t', save_path='/tmp/ckpts/TransE_FB15k_195', no_save_emb=True, max_step=500, batch_size=1200, batch_size_eval=16, neg_sample_size=200, neg_deg_sample=False, neg_deg_sample_eval=False, neg_sample_size_eval=14951, eval_percent=1, no_eval_filter=False, log_interval=100, eval_interval=10000, test=False, num_proc=4, num_thread=1, force_sync_interval=1, hidden_dim=400, lr=0.01, gamma=16.0, double_ent=False, double_rel=False, neg_adversarial_sampling=False, adversarial_temperature=1.0, regularization_coef=0.0, regularization_norm=3, pairwise=False, loss_genre='Logsigmoid', margin=1.0, nr_gpus=4, gpu=[0, 1, 2, 3], mix_cpu_gpu=True, valid=False, rel_part=False, async_update=None, has_edge_importance=False, cached_emb_type='KnownLocalCachedEmbedding', use_my_emb=True, cache_ratio=0.1, shuffle=False, backwardMode='CppAsyncV2', L=10, update_cache_use_omp=0, update_pq_use_omp=0, kForwardItersPerStep=2, backgrad_init='both', eval_filter=True, soft_rel_part=False)
|Train|: 483142
original graph:  DGLGraph(num_nodes=14951, num_edges=592213,
         ndata_schemes={}
         edata_schemes={'tid': Scheme(shape=(), dtype=torch.int64)})
Loading cached metis
WARNING [3223478 sampler.py:454] Start PreSampling
WARNING [3223478 sampler.py:532] Before construct renumbering_dict
WARNING [3223478 sampler.py:555] PreSampling done
W20240131 23:36:53.820178 3223478 IPCTensor.h:369] NewIPCTensor: cached_sampler_r0_0 [1000000]0x100000002000 7.629 MB
W20240131 23:36:53.820287 3223478 IPCTensor.h:369] NewIPCTensor: cached_sampler_r0_1 [1000000]0x1000007a5000 7.629 MB
W20240131 23:36:53.820313 3223478 IPCTensor.h:369] NewIPCTensor: cached_sampler_r0_2 [1000000]0x100000f48000 7.629 MB
W20240131 23:36:53.820333 3223478 IPCTensor.h:369] NewIPCTensor: cached_sampler_r0_3 [1000000]0x1000016eb000 7.629 MB
W20240131 23:36:53.820351 3223478 IPCTensor.h:369] NewIPCTensor: cached_sampler_r0_4 [1000000]0x100001e8e000 7.629 MB
W20240131 23:36:53.820369 3223478 IPCTensor.h:369] NewIPCTensor: cached_sampler_r0_5 [1000000]0x100002631000 7.629 MB
W20240131 23:36:53.820385 3223478 IPCTensor.h:369] NewIPCTensor: cached_sampler_r0_6 [1000000]0x100002dd4000 7.629 MB
W20240131 23:36:53.820408 3223478 IPCTensor.h:369] NewIPCTensor: cached_sampler_r0_7 [1000000]0x100003577000 7.629 MB
W20240131 23:36:53.820428 3223478 IPCTensor.h:369] NewIPCTensor: cached_sampler_r0_8 [1000000]0x100003d1a000 7.629 MB
W20240131 23:36:53.820444 3223478 IPCTensor.h:369] NewIPCTensor: cached_sampler_r0_9 [1000000]0x1000044bd000 7.629 MB
W20240131 23:36:53.820463 3223478 IPCTensor.h:369] NewIPCTensor: step_r0 [10]0x100004c60000 80 B 
W20240131 23:36:53.820480 3223478 IPCTensor.h:369] NewIPCTensor: circle_buffer_end_r0 [1]0x100004c62000 8 B 
W20240131 23:36:53.820493 3223478 IPCTensor.h:369] NewIPCTensor: circle_buffer_end_cppseen_r0 [1]0x100004c64000 8 B 
W20240131 23:36:53.820578 3223478 IPCTensor.h:369] NewIPCTensor: cached_sampler_r1_0 [1000000]0x100004c66000 7.629 MB
W20240131 23:36:53.820600 3223478 IPCTensor.h:369] NewIPCTensor: cached_sampler_r1_1 [1000000]0x100005409000 7.629 MB
W20240131 23:36:53.820616 3223478 IPCTensor.h:369] NewIPCTensor: cached_sampler_r1_2 [1000000]0x100005bac000 7.629 MB
W20240131 23:36:53.820645 3223478 IPCTensor.h:369] NewIPCTensor: cached_sampler_r1_3 [1000000]0x10000634f000 7.629 MB
W20240131 23:36:53.820662 3223478 IPCTensor.h:369] NewIPCTensor: cached_sampler_r1_4 [1000000]0x100006af2000 7.629 MB
W20240131 23:36:53.820677 3223478 IPCTensor.h:369] NewIPCTensor: cached_sampler_r1_5 [1000000]0x100007295000 7.629 MB
W20240131 23:36:53.820696 3223478 IPCTensor.h:369] NewIPCTensor: cached_sampler_r1_6 [1000000]0x100007a38000 7.629 MB
W20240131 23:36:53.820715 3223478 IPCTensor.h:369] NewIPCTensor: cached_sampler_r1_7 [1000000]0x1000081db000 7.629 MB
W20240131 23:36:53.820732 3223478 IPCTensor.h:369] NewIPCTensor: cached_sampler_r1_8 [1000000]0x10000897e000 7.629 MB
W20240131 23:36:53.820748 3223478 IPCTensor.h:369] NewIPCTensor: cached_sampler_r1_9 [1000000]0x100009121000 7.629 MB
W20240131 23:36:53.820765 3223478 IPCTensor.h:369] NewIPCTensor: step_r1 [10]0x1000098c4000 80 B 
W20240131 23:36:53.820778 3223478 IPCTensor.h:369] NewIPCTensor: circle_buffer_end_r1 [1]0x1000098c6000 8 B 
W20240131 23:36:53.820791 3223478 IPCTensor.h:369] NewIPCTensor: circle_buffer_end_cppseen_r1 [1]0x1000098c8000 8 B 
W20240131 23:36:53.820824 3223478 IPCTensor.h:369] NewIPCTensor: cached_sampler_r2_0 [1000000]0x1000098ca000 7.629 MB
W20240131 23:36:53.820845 3223478 IPCTensor.h:369] NewIPCTensor: cached_sampler_r2_1 [1000000]0x10000a06d000 7.629 MB
W20240131 23:36:53.820859 3223478 IPCTensor.h:369] NewIPCTensor: cached_sampler_r2_2 [1000000]0x10000a810000 7.629 MB
W20240131 23:36:53.820873 3223478 IPCTensor.h:369] NewIPCTensor: cached_sampler_r2_3 [1000000]0x10000afb3000 7.629 MB
W20240131 23:36:53.820888 3223478 IPCTensor.h:369] NewIPCTensor: cached_sampler_r2_4 [1000000]0x10000b756000 7.629 MB
W20240131 23:36:53.820904 3223478 IPCTensor.h:369] NewIPCTensor: cached_sampler_r2_5 [1000000]0x10000bef9000 7.629 MB
W20240131 23:36:53.820921 3223478 IPCTensor.h:369] NewIPCTensor: cached_sampler_r2_6 [1000000]0x10000c69c000 7.629 MB
W20240131 23:36:53.820938 3223478 IPCTensor.h:369] NewIPCTensor: cached_sampler_r2_7 [1000000]0x10000ce3f000 7.629 MB
W20240131 23:36:53.820956 3223478 IPCTensor.h:369] NewIPCTensor: cached_sampler_r2_8 [1000000]0x10000d5e2000 7.629 MB
W20240131 23:36:53.820973 3223478 IPCTensor.h:369] NewIPCTensor: cached_sampler_r2_9 [1000000]0x10000dd85000 7.629 MB
W20240131 23:36:53.820988 3223478 IPCTensor.h:369] NewIPCTensor: step_r2 [10]0x10000e528000 80 B 
W20240131 23:36:53.821000 3223478 IPCTensor.h:369] NewIPCTensor: circle_buffer_end_r2 [1]0x10000e52a000 8 B 
W20240131 23:36:53.821012 3223478 IPCTensor.h:369] NewIPCTensor: circle_buffer_end_cppseen_r2 [1]0x10000e52c000 8 B 
W20240131 23:36:53.821041 3223478 IPCTensor.h:369] NewIPCTensor: cached_sampler_r3_0 [1000000]0x10000e52e000 7.629 MB
W20240131 23:36:53.821061 3223478 IPCTensor.h:369] NewIPCTensor: cached_sampler_r3_1 [1000000]0x10000ecd1000 7.629 MB
W20240131 23:36:53.821076 3223478 IPCTensor.h:369] NewIPCTensor: cached_sampler_r3_2 [1000000]0x10000f474000 7.629 MB
W20240131 23:36:53.821090 3223478 IPCTensor.h:369] NewIPCTensor: cached_sampler_r3_3 [1000000]0x10000fc17000 7.629 MB
W20240131 23:36:53.821105 3223478 IPCTensor.h:369] NewIPCTensor: cached_sampler_r3_4 [1000000]0x1000103ba000 7.629 MB
W20240131 23:36:53.821122 3223478 IPCTensor.h:369] NewIPCTensor: cached_sampler_r3_5 [1000000]0x100010b5d000 7.629 MB
W20240131 23:36:53.821137 3223478 IPCTensor.h:369] NewIPCTensor: cached_sampler_r3_6 [1000000]0x100011300000 7.629 MB
W20240131 23:36:53.821157 3223478 IPCTensor.h:369] NewIPCTensor: cached_sampler_r3_7 [1000000]0x100011aa3000 7.629 MB
W20240131 23:36:53.821177 3223478 IPCTensor.h:369] NewIPCTensor: cached_sampler_r3_8 [1000000]0x100012246000 7.629 MB
W20240131 23:36:53.821197 3223478 IPCTensor.h:369] NewIPCTensor: cached_sampler_r3_9 [1000000]0x1000129e9000 7.629 MB
W20240131 23:36:53.821213 3223478 IPCTensor.h:369] NewIPCTensor: step_r3 [10]0x10001318c000 80 B 
W20240131 23:36:53.821225 3223478 IPCTensor.h:369] NewIPCTensor: circle_buffer_end_r3 [1]0x10001318e000 8 B 
W20240131 23:36:53.821247 3223478 IPCTensor.h:369] NewIPCTensor: circle_buffer_end_cppseen_r3 [1]0x100013190000 8 B 
W20240131 23:36:53.933888 3223478 IPCTensor.h:369] NewIPCTensor: full_emb [14951, 400]0x100013192000 22.81 MB
W20240131 23:36:53.960812 3223478 IPCTensor.h:369] NewIPCTensor: full_emb_SparseRowWiseAdaGrad_sum [14951]0x100014864000 58.4 kB
{0: Graph(num_nodes=10523, num_edges=182012,
      ndata_schemes={'_ID': Scheme(shape=(), dtype=torch.int64), 'inner_node': Scheme(shape=(), dtype=torch.int32), 'part_id': Scheme(shape=(), dtype=torch.int64)}
      edata_schemes={'_ID': Scheme(shape=(), dtype=torch.int64), 'inner_edge': Scheme(shape=(), dtype=torch.int8)}), 1: Graph(num_nodes=10996, num_edges=244360,
      ndata_schemes={'_ID': Scheme(shape=(), dtype=torch.int64), 'inner_node': Scheme(shape=(), dtype=torch.int32), 'part_id': Scheme(shape=(), dtype=torch.int64)}
      edata_schemes={'_ID': Scheme(shape=(), dtype=torch.int64), 'inner_edge': Scheme(shape=(), dtype=torch.int8)}), 2: Graph(num_nodes=9404, num_edges=143355,
      ndata_schemes={'_ID': Scheme(shape=(), dtype=torch.int64), 'inner_node': Scheme(shape=(), dtype=torch.int32), 'part_id': Scheme(shape=(), dtype=torch.int64)}
      edata_schemes={'_ID': Scheme(shape=(), dtype=torch.int64), 'inner_edge': Scheme(shape=(), dtype=torch.int8)}), 3: Graph(num_nodes=10954, num_edges=175447,
      ndata_schemes={'_ID': Scheme(shape=(), dtype=torch.int64), 'inner_node': Scheme(shape=(), dtype=torch.int32), 'part_id': Scheme(shape=(), dtype=torch.int64)}
      edata_schemes={'_ID': Scheme(shape=(), dtype=torch.int64), 'inner_edge': Scheme(shape=(), dtype=torch.int8)})}
MertisPartition: part 0 has 10523 N 182012 E
MertisPartition: part 1 has 10996 N 244360 E
MertisPartition: part 2 has 9404 N 143355 E
MertisPartition: part 3 has 10954 N 175447 E
Rank0: cached key size 373
Rank1: cached key size 373
Rank2: cached key size 373
Rank3: cached key size 373
Before renumbering graph:  {'_ID': tensor([    5,    14,    17,  ..., 11245,  2040,  3009]), 'inner_node': tensor([1, 1, 1,  ..., 0, 0, 0], dtype=torch.int32), 'part_id': tensor([0, 0, 0,  ..., 2, 3, 3])}
After renumbering graph:  {'_ID': tensor([1618, 1845, 1940,  ..., 2507, 5725, 9165]), 'inner_node': tensor([1, 1, 1,  ..., 0, 0, 0], dtype=torch.int32), 'part_id': tensor([0, 0, 0,  ..., 2, 3, 3])}
part_g: DGLGraph(num_nodes=10523, num_edges=182012,
         ndata_schemes={'_ID': Scheme(shape=(), dtype=torch.int64)}
         edata_schemes={'tid': Scheme(shape=(), dtype=torch.int64)})
part_g: DGLGraph(num_nodes=10523, num_edges=182012,
         ndata_schemes={'_ID': Scheme(shape=(), dtype=torch.int64)}
         edata_schemes={'tid': Scheme(shape=(), dtype=torch.int64)})
Total initialize time 2.380 seconds
[Rank1] pid = 3223689
[Rank2] pid = 3223754
INFO [3223478 distributed_c10d.py:442] Added key: store_based_barrier_key:1 to store for rank: 0
INFO [3223818 distributed_c10d.py:442] Added key: store_based_barrier_key:1 to store for rank: 3
INFO [3223689 distributed_c10d.py:442] Added key: store_based_barrier_key:1 to store for rank: 1
INFO [3223754 distributed_c10d.py:442] Added key: store_based_barrier_key:1 to store for rank: 2
INFO [3223754 distributed_c10d.py:476] Rank 2: Completed store-based barrier for key:store_based_barrier_key:1 with 4 nodes.
INFO [3223478 distributed_c10d.py:476] Rank 0: Completed store-based barrier for key:store_based_barrier_key:1 with 4 nodes.
W20240131 23:36:57.472146 3223755 IPCTensor.h:409] NewIPCGPUTensor: embedding_cache_2 [1495, 400]; dev=2; size=2.281 MB
INFO [3223818 distributed_c10d.py:476] Rank 3: Completed store-based barrier for key:store_based_barrier_key:1 with 4 nodes.
W20240131 23:36:57.473304 3223819 IPCTensor.h:409] NewIPCGPUTensor: embedding_cache_0 [1495, 400]; dev=0; size=2.281 MB
INFO [3223689 distributed_c10d.py:476] Rank 1: Completed store-based barrier for key:store_based_barrier_key:1 with 4 nodes.
W20240131 23:36:57.473374 3223755 IPCTensor.h:369] NewIPCTensor: input_keys_2 [1000000]0x100014876000 7.629 MB
W20240131 23:36:57.473697 3223755 IPCTensor.h:369] NewIPCTensor: input_keys_neg_2 [1000000]0x100015019000 7.629 MB
W20240131 23:36:57.473896 3223755 IPCTensor.h:369] NewIPCTensor: backward_grads_2 [1000000, 400]0x1000157be000 1.49 GB
W20240131 23:36:57.474009 3223755 IPCTensor.h:369] NewIPCTensor: backward_grads_neg_2 [1000000, 400]0x100074da1000 1.49 GB
W20240131 23:36:57.474030 3223819 IPCTensor.h:369] NewIPCTensor: input_keys_0 [1000000]0x1000d4384000 7.629 MB
W20240131 23:36:57.474136 3223755 IPCTensor.h:409] NewIPCGPUTensor: backward_grads_2_gpu [1000000, 400]; dev=2; size=1.49 GB
W20240131 23:36:57.474251 3223819 IPCTensor.h:369] NewIPCTensor: input_keys_neg_0 [1000000]0x1000d4b27000 7.629 MB
W20240131 23:36:57.474349 3223819 IPCTensor.h:369] NewIPCTensor: backward_grads_0 [1000000, 400]0x1000d52ca000 1.49 GB
W20240131 23:36:57.474411 3223819 IPCTensor.h:369] NewIPCTensor: backward_grads_neg_0 [1000000, 400]0x1001348ad000 1.49 GB
W20240131 23:36:57.474488 3223819 IPCTensor.h:409] NewIPCGPUTensor: backward_grads_0_gpu [1000000, 400]; dev=0; size=1.49 GB
W20240131 23:36:57.475332 3223820 IPCTensor.h:409] NewIPCGPUTensor: embedding_cache_3 [1495, 400]; dev=3; size=2.281 MB
W20240131 23:36:57.475548 3223690 IPCTensor.h:409] NewIPCGPUTensor: embedding_cache_1 [1495, 400]; dev=1; size=2.281 MB
W20240131 23:36:57.484210 3223755 IPCTensor.h:409] NewIPCGPUTensor: backward_grads_neg_2_gpu [1000000, 400]; dev=2; size=1.49 GB
W20240131 23:36:57.484355 3223820 IPCTensor.h:369] NewIPCTensor: input_keys_3 [1000000]0x100193e96000 7.629 MB
W20240131 23:36:57.484392 3223690 IPCTensor.h:369] NewIPCTensor: input_keys_1 [1000000]0x100194639000 7.629 MB
W20240131 23:36:57.484618 3223690 IPCTensor.h:369] NewIPCTensor: input_keys_neg_1 [1000000]0x100194ddc000 7.629 MB
W20240131 23:36:57.484627 3223820 IPCTensor.h:369] NewIPCTensor: input_keys_neg_3 [1000000]0x10019557f000 7.629 MB
W20240131 23:36:57.484731 3223690 IPCTensor.h:369] NewIPCTensor: backward_grads_1 [1000000, 400]0x100195d22000 1.49 GB
W20240131 23:36:57.484761 3223820 IPCTensor.h:369] NewIPCTensor: backward_grads_3 [1000000, 400]0x1001f5305000 1.49 GB
W20240131 23:36:57.484839 3223690 IPCTensor.h:369] NewIPCTensor: backward_grads_neg_1 [1000000, 400]0x1002548e8000 1.49 GB
W20240131 23:36:57.484863 3223820 IPCTensor.h:369] NewIPCTensor: backward_grads_neg_3 [1000000, 400]0x1002b3ecb000 1.49 GB
W20240131 23:36:57.484942 3223820 IPCTensor.h:409] NewIPCGPUTensor: backward_grads_3_gpu [1000000, 400]; dev=3; size=1.49 GB
W20240131 23:36:57.484974 3223690 IPCTensor.h:409] NewIPCGPUTensor: backward_grads_1_gpu [1000000, 400]; dev=1; size=1.49 GB
W20240131 23:36:57.498374 3223820 IPCTensor.h:409] NewIPCGPUTensor: backward_grads_neg_3_gpu [1000000, 400]; dev=3; size=1.49 GB
W20240131 23:36:57.498436 3223690 IPCTensor.h:409] NewIPCGPUTensor: backward_grads_neg_1_gpu [1000000, 400]; dev=1; size=1.49 GB
W20240131 23:36:57.498559 3223819 IPCTensor.h:409] NewIPCGPUTensor: backward_grads_neg_0_gpu [1000000, 400]; dev=0; size=1.49 GB
[Rank3] pid = 3223818
New CachedEmbedding, name=full_emb, shape=(14951, 400), cache_type=KnownLocalCachedEmbedding
fixed cache_range is [(0, 1495), (1495, 2990), (2990, 4485), (4485, 5980)]
cudaHostRegister 0x100013192000
0: KnownLocalCachedEmbedding init done
WARNING [3223478 DistTensor.py:59] The tensor name already exists in the kvstore
cudaHostRegister 0x100013192000
2: KnownLocalCachedEmbedding init done
WARNING [3223754 DistTensor.py:59] The tensor name already exists in the kvstore
cudaHostRegister 0x100013192000
3: KnownLocalCachedEmbedding init done
WARNING [3223818 DistTensor.py:59] The tensor name already exists in the kvstore
cudaHostRegister 0x100013192000
1: KnownLocalCachedEmbedding init done
WARNING [3223689 DistTensor.py:59] The tensor name already exists in the kvstore
I20240131 23:36:58.784634 3223819 IPC_barrier.h:118] CreateBarrier: new barrier, name: kgcachecontroller, count: 4
I20240131 23:36:58.784695 3223690 IPC_barrier.h:112] CreateBarrier: find existing barrier, name: kgcachecontroller, count: 4
I20240131 23:36:58.784783 3223755 IPC_barrier.h:112] CreateBarrier: find existing barrier, name: kgcachecontroller, count: 4
I20240131 23:36:58.785164 3223820 IPC_barrier.h:112] CreateBarrier: find existing barrier, name: kgcachecontroller, count: 4
W20240131 23:36:58.786128 3223819 grad_base.h:55] KGCacheController, config={
        "num_gpus": 4,
        "L": 10,
        "backgrad_init": "both", 
        "kForwardItersPerStep": 2,
        "clr": 0.01,
        "nr_background_threads": 32,
        "backwardMode": "CppAsyncV2",
        "cache_ratio": 0.1,
        "update_cache_use_omp":  0,
        "update_pq_use_omp":  0
        }
W20240131 23:36:58.786235 3223819 grad_base.h:184] Init GradProcessingBase done
I20240131 23:36:58.790522 3223819 grad_async_v2.h:42] Use main thread to update emb.
W20240131 23:36:58.790558 3223819 kg_controller.h:78] after init GradAsyncProcessingV2
I20240131 23:36:58.790563 3223819 kg_controller.h:84] Construct KGCacheController done
E20240131 23:36:59.151237 3223690 recstore.cc:66] init folly done
E20240131 23:36:59.151278 3223819 recstore.cc:66] init folly done
E20240131 23:36:59.151352 3223755 recstore.cc:66] init folly done
E20240131 23:36:59.151360 3223820 recstore.cc:66] init folly done
I20240131 23:36:59.151968 3223819 grad_base.h:60] GraphEnv RegTensorsPerProcess
W20240131 23:36:59.868379 3224198 grad_async_v2.h:137] Detect new sample comes, old_end0, new_end1
E20240131 23:36:59.868680 3224198 parallel_pq_v2.h:79] insert failed, size(hashtable)=1
I20240131 23:36:59.901373 3223819 IPC_barrier.h:118] CreateBarrier: new barrier, name: start_barrier, count: 4
I20240131 23:36:59.926149 3223820 IPC_barrier.h:112] CreateBarrier: find existing barrier, name: start_barrier, count: 4
I20240131 23:36:59.932080 3223690 IPC_barrier.h:112] CreateBarrier: find existing barrier, name: start_barrier, count: 4
I20240131 23:36:59.933513 3223755 IPC_barrier.h:112] CreateBarrier: find existing barrier, name: start_barrier, count: 4
E20240131 23:37:02.247478 3224006 parallel_pq_v2.h:79] insert failed, size(hashtable)=0
W20240131 23:37:02.284394 3223819 grad_async_v2.h:270] Sleep in <BlockToStepN>, step_no=1, pq.top=0
W20240131 23:37:02.300103 3224198 grad_async_v2.h:137] Detect new sample comes, old_end1, new_end2
E20240131 23:37:02.877287 3224006 grad_async_v2.h:404] Stalled in ProcessBackward: rank=1, step_no=22, sample_step_cpp_seen_[rank]=21
E20240131 23:37:03.247005 3224006 parallel_pq_v2.h:79] insert failed, size(hashtable)=98
W20240131 23:37:03.315943 3224198 grad_async_v2.h:137] Detect new sample comes, old_end2, new_end4
W20240131 23:37:03.340987 3223819 grad_async_v2.h:270] Sleep in <BlockToStepN>, step_no=35, pq.top=35
+---------------------------+---------------------------+---------------------------+
| Name                      | P50                       | P99                       |
+---------------------------+---------------------------+---------------------------+
| GenInput                  | 1.032 ms                  | 15.959 ms                 |
| Forward                   | 3.419 ms                  | 940.869 ms                |
| Backward                  | 2.824 ms                  | 264.720 ms                |
| Optimize                  | 1.439 ms                  | 2.955 ms                  |
| BarrierTimeBeforeRank0    | 53.452 us                 | 91.407 ms                 |
| AfterBackward             | 15.907 ms                 | 1.050 s                   |
| BlockToStepN              | 180.155 us                | 13.400 ms                 |
| OneStep                   | 27.940 ms                 | 2.365 s                   |
+---------------------------+---------------------------+---------------------------+
+---------------------------+---------------------------+---------------------------+
| Name                      | P50                       | P99                       |
+---------------------------+---------------------------+---------------------------+
| clean                     | 217.237 us                | 1.741 ms                  |
| ProcessBack:Shuffle       | 2.180 ms                  | 193.314 ms                |
| ProcessBack:UpdateCache   | 1.764 ms                  | 238.796 ms                |
| ProcessBack:UpsertPq      | 9.914 ms                  | 33.641 ms                 |
| ProcessOneStep            | 15.915 ms                 | 125.003 ms                |
| BlockToStepN              | 172.063 us                | 5.138 ms                  |
+---------------------------+---------------------------+---------------------------+
E20240131 23:37:04.247030 3223819 parallel_pq_v2.h:79] insert failed, size(hashtable)=989
W20240131 23:37:04.332512 3224198 grad_async_v2.h:137] Detect new sample comes, old_end2, new_end9
W20240131 23:37:04.354575 3223819 grad_async_v2.h:270] Sleep in <BlockToStepN>, step_no=69, pq.top=69
E20240131 23:37:05.247013 3224006 parallel_pq_v2.h:79] insert failed, size(hashtable)=578
W20240131 23:37:05.336232 3224198 grad_async_v2.h:137] Detect new sample comes, old_end6, new_end9
W20240131 23:37:05.372841 3223819 grad_async_v2.h:270] Sleep in <BlockToStepN>, step_no=100, pq.top=100
train_sampler.Prefill()
before start barrier
start train
[proc 3] 100 steps, total: 5.448, sample: 0.197, forward: 1.249, backward: 0.624, update: 0.098
train_sampler.Prefill()
before start barrier
start train
[proc 1] 100 steps, total: 5.442, sample: 0.200, forward: 1.229, backward: 0.617, update: 0.097
train_sampler.Prefill()
before start barrier
start train
[proc 2] 100 steps, total: 5.441, sample: 0.199, forward: 1.140, backward: 0.617, update: 0.102
train_sampler.Prefill()
-------Step 0-------
tensor([ 8909,   318,  9512,  7354,  8357,  4895, 10213,  4977, 12318,   112]) tensor([ 1940,  8345,  9578,  1455,  6928,  8505, 11993,  8790,  9897,  8408])
-------Step 1-------
tensor([ 8909,   318,  9512,  7354,  8357,  4895, 10213,  4977, 12318,   112]) tensor([ 7483, 13494, 10759, 13860,  6632,  9473,  6291,  2300,  2977, 10166])
-------Step 2-------
tensor([ 9374,  2729,  4107,    12,   696,   263,    74, 10934, 11327,  8102]) tensor([10491,  4269,  3859, 13436,  2247,  2835, 12705,  5845, 11986,  7474])
-------Step 3-------
tensor([ 9374,  2729,  4107,    12,   696,   263,    74, 10934, 11327,  8102]) tensor([  586, 10900,  6346, 12951,    96,   552,  2424, 11546,  5569,   307])
-------Step 4-------
tensor([ 3344, 14911, 10590,  9610,  5478,  5650, 13601,  6817,  4044,  2107]) tensor([14057,   995, 11587, 10737,  3987,   700,  6516,  1117,  9875, 14770])
-------Step 5-------
tensor([ 3344, 14911, 10590,  9610,  5478,  5650, 13601,  6817,  4044,  2107]) tensor([ 7372,  7573,  8827, 13826,  1271, 11764,  3169, 12566,  7586,  6613])
-------Step 6-------
tensor([11490,   619,  7215,   128, 10504, 11397, 13491, 10590,  9749,  6652]) tensor([ 3313,  8741,  7090, 11120,  9984, 11180,  1950,  2777, 11968,  1366])
-------Step 7-------
tensor([11490,   619,  7215,   128, 10504, 11397, 13491, 10590,  9749,  6652]) tensor([ 4801, 14309, 11389,  9029,  5544,   910,  6955,   947, 10686, 12060])
-------Step 8-------
tensor([10007, 10705, 13652, 10173,  4960,  6827,  1767,  5917,  4695, 12523]) tensor([ 7215, 11283, 14861,  1747, 10039, 13005,  2400, 11416,  7210,  9196])
-------Step 9-------
tensor([10007, 10705, 13652, 10173,  4960,  6827,  1767,  5917,  4695, 12523]) tensor([12170, 10673,  1778,  3582,  2436,   641,  6759,  3212,  2977, 14161])
before start barrier
start train
[proc 0] 100 steps, total: 5.473, sample: 0.287, forward: 1.297, backward: 0.534, update: 0.138
E20240131 23:37:06.247051 3224208 parallel_pq_v2.h:79] insert failed, size(hashtable)=10830
W20240131 23:37:06.336551 3224198 grad_async_v2.h:137] Detect new sample comes, old_end4, new_end5
W20240131 23:37:06.389503 3223819 grad_async_v2.h:270] Sleep in <BlockToStepN>, step_no=136, pq.top=136
E20240131 23:37:07.247026 3224212 parallel_pq_v2.h:79] insert failed, size(hashtable)=5929
W20240131 23:37:07.340238 3224198 grad_async_v2.h:137] Detect new sample comes, old_end0, new_end1
W20240131 23:37:07.411327 3223819 grad_async_v2.h:270] Sleep in <BlockToStepN>, step_no=173, pq.top=173
[proc 3] 200 steps, total: 2.777, sample: 0.246, forward: 0.277, backward: 0.232, update: 0.098
[proc 1] 200 steps, total: 2.777, sample: 0.268, forward: 0.300, backward: 0.290, update: 0.104
[proc 2] 200 steps, total: 2.777, sample: 0.220, forward: 0.271, backward: 0.235, update: 0.122
[proc 0] 200 steps, total: 2.776, sample: 0.297, forward: 0.319, backward: 0.269, update: 0.120
E20240131 23:37:08.247007 3223819 parallel_pq_v2.h:79] insert failed, size(hashtable)=1202
W20240131 23:37:08.343542 3224198 grad_async_v2.h:137] Detect new sample comes, old_end7, new_end8
W20240131 23:37:08.438081 3223819 grad_async_v2.h:270] Sleep in <BlockToStepN>, step_no=211, pq.top=211
+---------------------------+---------------------------+---------------------------+
| Name                      | P50                       | P99                       |
+---------------------------+---------------------------+---------------------------+
| GenInput                  | 1.233 ms                  | 16.154 ms                 |
| Forward                   | 3.369 ms                  | 8.704 ms                  |
| Backward                  | 2.620 ms                  | 5.310 ms                  |
| Optimize                  | 1.322 ms                  | 2.559 ms                  |
| BarrierTimeBeforeRank0    | 21.117 us                 | 3.319 ms                  |
| AfterBackward             | 16.342 ms                 | 125.035 ms                |
| BlockToStepN              | 583.735 us                | 3.858 ms                  |
| OneStep                   | 26.907 ms                 | 133.585 ms                |
+---------------------------+---------------------------+---------------------------+
+---------------------------+---------------------------+---------------------------+
| Name                      | P50                       | P99                       |
+---------------------------+---------------------------+---------------------------+
| clean                     | 254.788 us                | 3.052 ms                  |
| ProcessBack:Shuffle       | 2.001 ms                  | 2.761 ms                  |
| ProcessBack:UpdateCache   | 1.476 ms                  | 2.515 ms                  |
| ProcessBack:UpsertPq      | 10.291 ms                 | 16.573 ms                 |
| ProcessOneStep            | 16.285 ms                 | 125.003 ms                |
| BlockToStepN              | 565.695 us                | 5.138 ms                  |
+---------------------------+---------------------------+---------------------------+
E20240131 23:37:09.247018 3224229 parallel_pq_v2.h:79] insert failed, size(hashtable)=7055
W20240131 23:37:09.343452 3224198 grad_async_v2.h:137] Detect new sample comes, old_end2, new_end3
W20240131 23:37:09.456207 3223819 grad_async_v2.h:270] Sleep in <BlockToStepN>, step_no=246, pq.top=246
E20240131 23:37:10.247150 3224224 parallel_pq_v2.h:79] insert failed, size(hashtable)=13680
W20240131 23:37:10.350636 3224198 grad_async_v2.h:137] Detect new sample comes, old_end7, new_end8
W20240131 23:37:10.456367 3223819 grad_async_v2.h:270] Sleep in <BlockToStepN>, step_no=280, pq.top=280
[proc 1] 300 steps, total: 2.911, sample: 0.154, forward: 0.247, backward: 0.294, update: 0.080
[proc 3] 300 steps, total: 2.912, sample: 0.187, forward: 0.248, backward: 0.233, update: 0.103
[proc 2] 300 steps, total: 2.911, sample: 0.214, forward: 0.263, backward: 0.226, update: 0.093
[proc 0] 300 steps, total: 2.911, sample: 0.289, forward: 0.328, backward: 0.254, update: 0.114
E20240131 23:37:11.247009 3223819 parallel_pq_v2.h:79] insert failed, size(hashtable)=543
W20240131 23:37:11.361719 3224198 grad_async_v2.h:137] Detect new sample comes, old_end0, new_end1
W20240131 23:37:11.482288 3223819 grad_async_v2.h:270] Sleep in <BlockToStepN>, step_no=314, pq.top=314
E20240131 23:37:12.247059 3224198 parallel_pq_v2.h:79] insert failed, size(hashtable)=24
W20240131 23:37:12.374891 3224198 grad_async_v2.h:137] Detect new sample comes, old_end3, new_end4
W20240131 23:37:12.501881 3223819 grad_async_v2.h:270] Sleep in <BlockToStepN>, step_no=347, pq.top=347
E20240131 23:37:13.247097 3224214 parallel_pq_v2.h:79] insert failed, size(hashtable)=14348
W20240131 23:37:13.378355 3224198 grad_async_v2.h:137] Detect new sample comes, old_end5, new_end6
W20240131 23:37:13.556707 3223819 grad_async_v2.h:270] Sleep in <BlockToStepN>, step_no=381, pq.top=381
+---------------------------+---------------------------+---------------------------+
| Name                      | P50                       | P99                       |
+---------------------------+---------------------------+---------------------------+
| GenInput                  | 1.348 ms                  | 15.959 ms                 |
| Forward                   | 3.376 ms                  | 5.493 ms                  |
| Backward                  | 2.619 ms                  | 5.144 ms                  |
| Optimize                  | 1.271 ms                  | 2.255 ms                  |
| BarrierTimeBeforeRank0    | 20.077 us                 | 9.927 ms                  |
| AfterBackward             | 16.641 ms                 | 22.554 ms                 |
| BlockToStepN              | 974.626 us                | 3.858 ms                  |
| OneStep                   | 27.642 ms                 | 44.812 ms                 |
+---------------------------+---------------------------+---------------------------+
[proc 3] 400 steps, total: 3.088, sample: 0.181, forward: 0.250, backward: 0.228, update: 0.104
[proc 0] 400 steps, total: 3.088, sample: 0.295, forward: 0.327, backward: 0.257, update: 0.118
[proc 2] 400 steps, total: 3.088, sample: 0.215, forward: 0.271, backward: 0.247, update: 0.093
[proc 1] 400 steps, total: 3.088, sample: 0.168, forward: 0.249, backward: 0.321, update: 0.083
+---------------------------+---------------------------+---------------------------+
| Name                      | P50                       | P99                       |
+---------------------------+---------------------------+---------------------------+
| clean                     | 320.492 us                | 2.669 ms                  |
| ProcessBack:Shuffle       | 1.984 ms                  | 2.538 ms                  |
| ProcessBack:UpdateCache   | 1.419 ms                  | 2.404 ms                  |
| ProcessBack:UpsertPq      | 10.486 ms                 | 16.408 ms                 |
| ProcessOneStep            | 16.620 ms                 | 22.524 ms                 |
| BlockToStepN              | 961.737 us                | 3.818 ms                  |
+---------------------------+---------------------------+---------------------------+
E20240131 23:37:14.247061 3224224 parallel_pq_v2.h:79] insert failed, size(hashtable)=13694
W20240131 23:37:14.379719 3224198 grad_async_v2.h:137] Detect new sample comes, old_end7, new_end8
W20240131 23:37:14.586061 3223819 grad_async_v2.h:270] Sleep in <BlockToStepN>, step_no=414, pq.top=414
E20240131 23:37:15.247010 3224006 parallel_pq_v2.h:79] insert failed, size(hashtable)=80
W20240131 23:37:15.381197 3224198 grad_async_v2.h:137] Detect new sample comes, old_end9, new_end0
W20240131 23:37:15.623445 3223819 grad_async_v2.h:270] Sleep in <BlockToStepN>, step_no=447, pq.top=447
E20240131 23:37:16.247007 3224006 parallel_pq_v2.h:79] insert failed, size(hashtable)=645
W20240131 23:37:16.382061 3224198 grad_async_v2.h:137] Detect new sample comes, old_end0, new_end1
W20240131 23:37:16.624306 3223819 grad_async_v2.h:270] Sleep in <BlockToStepN>, step_no=478, pq.top=478
E20240131 23:37:17.247014 3224006 parallel_pq_v2.h:79] insert failed, size(hashtable)=612
[proc 3] 500 steps, total: 3.206, sample: 0.164, forward: 0.242, backward: 0.233, update: 0.103
[proc 0] 500 steps, total: 3.206, sample: 0.296, forward: 0.324, backward: 0.261, update: 0.113
Successfully xmh. training takes 17.4551944732666 seconds
[proc 1] 500 steps, total: 3.206, sample: 0.204, forward: 0.271, backward: 0.300, update: 0.090
before call kg_cache_controller.StopThreads()
[proc 2] 500 steps, total: 3.206, sample: 0.219, forward: 0.262, backward: 0.230, update: 0.090
W20240131 23:37:17.356668 3223819 grad_async_v2.h:84] call StopThreads. PID = 3223478
W20240131 23:37:17.356702 3223819 grad_base.h:212] before processOneStepNegThread_.join();
W20240131 23:37:17.356998 3223819 grad_base.h:214] after processOneStepNegThread_.join();
W20240131 23:37:17.357009 3223819 grad_async_v2.h:86] call GradProcessingBase::StopThreads.
W20240131 23:37:17.358016 3223819 grad_async_v2.h:105] StopThreads done.
[W tensorpipe_agent.cpp:725] RPC agent for worker0 encountered error when reading incoming request from worker3: eof (this error originated at tensorpipe/transport/shm/connection_impl.cc:259)
[W tensorpipe_agent.cpp:725] RPC agent for worker0 encountered error when reading incoming request from worker2: eof (this error originated at tensorpipe/transport/shm/connection_impl.cc:259)
[W tensorpipe_agent.cpp:725] RPC agent for worker0 encountered error when reading incoming request from worker1: eof (this error originated at tensorpipe/transport/shm/connection_impl.cc:259)
