WARNING: Logging before InitGoogleLogging() is written to STDERR
I20240217 15:49:23.020748 40671 IPC_barrier.h:128] MultiProcessBarrierFactory->ClearIPCMemory()
W20240217 15:49:23.029299 40671 IPCTensor.h:369] NewIPCTensor: full_emb [10000000, 32]0x100000002000 1.192 GB
/data/home/xieminhui/RecStore/src/framework_adapters/torch/python/perf_emb.py:148: DeprecationWarning: The 'warn' function is deprecated, use 'warning' instead
  XLOG.warn("After init DistEmbedding")
WARNING [40671 perf_emb.py:148] After init DistEmbedding
========== Running Perf with routine <function routine_local_cache_helper at 0x7f97d9ff1b20>==========
Worker 1 pid=41041
Worker 2 pid=41042
Worker 3 pid=41043
Worker 4 pid=41044
Worker 5 pid=41045
Worker 6 pid=41046
INFO [40671 distributed_c10d.py:442] Added key: store_based_barrier_key:1 to store for rank: 0
INFO [41041 distributed_c10d.py:442] Added key: store_based_barrier_key:1 to store for rank: 1
INFO [41042 distributed_c10d.py:442] Added key: store_based_barrier_key:1 to store for rank: 2
INFO [41044 distributed_c10d.py:442] Added key: store_based_barrier_key:1 to store for rank: 4
INFO [41043 distributed_c10d.py:442] Added key: store_based_barrier_key:1 to store for rank: 3
INFO [41045 distributed_c10d.py:442] Added key: store_based_barrier_key:1 to store for rank: 5
INFO [41047 distributed_c10d.py:442] Added key: store_based_barrier_key:1 to store for rank: 7
INFO [41046 distributed_c10d.py:442] Added key: store_based_barrier_key:1 to store for rank: 6
INFO [41044 distributed_c10d.py:476] Rank 4: Completed store-based barrier for key:store_based_barrier_key:1 with 8 nodes.
INFO [41046 distributed_c10d.py:476] Rank 6: Completed store-based barrier for key:store_based_barrier_key:1 with 8 nodes.
INFO [41043 distributed_c10d.py:476] Rank 3: Completed store-based barrier for key:store_based_barrier_key:1 with 8 nodes.
INFO [41047 distributed_c10d.py:476] Rank 7: Completed store-based barrier for key:store_based_barrier_key:1 with 8 nodes.
INFO [41045 distributed_c10d.py:476] Rank 5: Completed store-based barrier for key:store_based_barrier_key:1 with 8 nodes.
INFO [40671 distributed_c10d.py:476] Rank 0: Completed store-based barrier for key:store_based_barrier_key:1 with 8 nodes.
INFO [41041 distributed_c10d.py:476] Rank 1: Completed store-based barrier for key:store_based_barrier_key:1 with 8 nodes.
E20240217 15:49:29.610844 41047 IPCTensor.h:348] IPCTensor full_emb already exists
E20240217 15:49:29.610826 41044 IPCTensor.h:348] IPCTensor full_emb already exists
E20240217 15:49:29.610968 41046 IPCTensor.h:348] IPCTensor full_emb already exists
E20240217 15:49:29.610998 41043 IPCTensor.h:348] IPCTensor full_emb already exists
E20240217 15:49:29.611044 41045 IPCTensor.h:348] IPCTensor full_emb already exists
E20240217 15:49:29.611136 40671 IPCTensor.h:348] IPCTensor full_emb already exists
INFO [41042 distributed_c10d.py:476] Rank 2: Completed store-based barrier for key:store_based_barrier_key:1 with 8 nodes.
E20240217 15:49:29.613885 41041 IPCTensor.h:348] IPCTensor full_emb already exists
E20240217 15:49:29.613919 41042 IPCTensor.h:348] IPCTensor full_emb already exists
W20240217 15:49:35.184590 41044 IPCTensor.h:409] NewIPCGPUTensor: embedding_cache_4 [100000, 32]; dev=4; size=12.21 MB
W20240217 15:49:35.185298 41046 IPCTensor.h:409] NewIPCGPUTensor: embedding_cache_6 [100000, 32]; dev=6; size=12.21 MB
W20240217 15:49:35.185328 41045 IPCTensor.h:409] NewIPCGPUTensor: embedding_cache_5 [100000, 32]; dev=5; size=12.21 MB
W20240217 15:49:35.187027 41047 IPCTensor.h:409] NewIPCGPUTensor: embedding_cache_7 [100000, 32]; dev=7; size=12.21 MB
W20240217 15:49:35.187104 41041 IPCTensor.h:409] NewIPCGPUTensor: embedding_cache_1 [100000, 32]; dev=1; size=12.21 MB
W20240217 15:49:35.193274 41043 IPCTensor.h:409] NewIPCGPUTensor: embedding_cache_3 [100000, 32]; dev=3; size=12.21 MB
W20240217 15:49:35.193282 40671 IPCTensor.h:409] NewIPCGPUTensor: embedding_cache_0 [100000, 32]; dev=0; size=12.21 MB
W20240217 15:49:35.193285 41042 IPCTensor.h:409] NewIPCGPUTensor: embedding_cache_2 [100000, 32]; dev=2; size=12.21 MB
W20240217 15:49:35.901069 41044 IPCTensor.h:369] NewIPCTensor: input_keys_4 [1000000]0x10004c4ba000 7.629 MB
W20240217 15:49:35.901265 41044 IPCTensor.h:369] NewIPCTensor: input_keys_neg_4 [1000000]0x10004cc5d000 7.629 MB
W20240217 15:49:35.901373 41044 IPCTensor.h:369] NewIPCTensor: backward_grads_4 [1000000, 32]0x10004d400000 122.1 MB
W20240217 15:49:35.901435 41044 IPCTensor.h:369] NewIPCTensor: backward_grads_neg_4 [1000000, 32]0x100054e14000 122.1 MB
W20240217 15:49:35.901485 41044 IPCTensor.h:409] NewIPCGPUTensor: backward_grads_4_gpu [1000000, 32]; dev=4; size=122.1 MB
W20240217 15:49:35.911084 41044 IPCTensor.h:409] NewIPCGPUTensor: backward_grads_neg_4_gpu [1000000, 32]; dev=4; size=122.1 MB
W20240217 15:49:35.943615 41045 IPCTensor.h:369] NewIPCTensor: input_keys_5 [1000000]0x10005c82e000 7.629 MB
W20240217 15:49:35.943809 41045 IPCTensor.h:369] NewIPCTensor: input_keys_neg_5 [1000000]0x10005cfd1000 7.629 MB
W20240217 15:49:35.943874 41045 IPCTensor.h:369] NewIPCTensor: backward_grads_5 [1000000, 32]0x10005d774000 122.1 MB
W20240217 15:49:35.943940 41045 IPCTensor.h:369] NewIPCTensor: backward_grads_neg_5 [1000000, 32]0x100065188000 122.1 MB
W20240217 15:49:35.944005 41045 IPCTensor.h:409] NewIPCGPUTensor: backward_grads_5_gpu [1000000, 32]; dev=5; size=122.1 MB
W20240217 15:49:35.945731 41045 IPCTensor.h:409] NewIPCGPUTensor: backward_grads_neg_5_gpu [1000000, 32]; dev=5; size=122.1 MB
W20240217 15:49:35.969527 41046 IPCTensor.h:369] NewIPCTensor: input_keys_6 [1000000]0x10006cba2000 7.629 MB
W20240217 15:49:35.969697 41046 IPCTensor.h:369] NewIPCTensor: input_keys_neg_6 [1000000]0x10006d345000 7.629 MB
W20240217 15:49:35.969758 41046 IPCTensor.h:369] NewIPCTensor: backward_grads_6 [1000000, 32]0x10006dae8000 122.1 MB
W20240217 15:49:35.969837 41046 IPCTensor.h:369] NewIPCTensor: backward_grads_neg_6 [1000000, 32]0x1000754fc000 122.1 MB
W20240217 15:49:35.969888 41046 IPCTensor.h:409] NewIPCGPUTensor: backward_grads_6_gpu [1000000, 32]; dev=6; size=122.1 MB
W20240217 15:49:35.970584 41046 IPCTensor.h:409] NewIPCGPUTensor: backward_grads_neg_6_gpu [1000000, 32]; dev=6; size=122.1 MB
W20240217 15:49:35.971042 40671 IPCTensor.h:369] NewIPCTensor: input_keys_0 [1000000]0x10007cf14000 7.629 MB
W20240217 15:49:35.971371 40671 IPCTensor.h:369] NewIPCTensor: input_keys_neg_0 [1000000]0x10007d6b7000 7.629 MB
W20240217 15:49:35.971480 40671 IPCTensor.h:369] NewIPCTensor: backward_grads_0 [1000000, 32]0x10007de5a000 122.1 MB
W20240217 15:49:35.971616 40671 IPCTensor.h:369] NewIPCTensor: backward_grads_neg_0 [1000000, 32]0x10008586e000 122.1 MB
W20240217 15:49:35.971664 40671 IPCTensor.h:409] NewIPCGPUTensor: backward_grads_0_gpu [1000000, 32]; dev=0; size=122.1 MB
W20240217 15:49:35.972813 41042 IPCTensor.h:369] NewIPCTensor: input_keys_2 [1000000]0x10008d288000 7.629 MB
W20240217 15:49:35.972827 40671 IPCTensor.h:409] NewIPCGPUTensor: backward_grads_neg_0_gpu [1000000, 32]; dev=0; size=122.1 MB
W20240217 15:49:35.972961 41042 IPCTensor.h:369] NewIPCTensor: input_keys_neg_2 [1000000]0x10008da2b000 7.629 MB
W20240217 15:49:35.973045 41042 IPCTensor.h:369] NewIPCTensor: backward_grads_2 [1000000, 32]0x10008e1ce000 122.1 MB
W20240217 15:49:35.973104 41042 IPCTensor.h:369] NewIPCTensor: backward_grads_neg_2 [1000000, 32]0x100095be2000 122.1 MB
W20240217 15:49:35.973152 41042 IPCTensor.h:409] NewIPCGPUTensor: backward_grads_2_gpu [1000000, 32]; dev=2; size=122.1 MB
W20240217 15:49:35.998968 41042 IPCTensor.h:409] NewIPCGPUTensor: backward_grads_neg_2_gpu [1000000, 32]; dev=2; size=122.1 MB
W20240217 15:49:35.999517 41041 IPCTensor.h:369] NewIPCTensor: input_keys_1 [1000000]0x10009d5fe000 7.629 MB
W20240217 15:49:35.999706 41041 IPCTensor.h:369] NewIPCTensor: input_keys_neg_1 [1000000]0x10009dda1000 7.629 MB
W20240217 15:49:35.999764 41041 IPCTensor.h:369] NewIPCTensor: backward_grads_1 [1000000, 32]0x10009e544000 122.1 MB
W20240217 15:49:35.999817 41041 IPCTensor.h:369] NewIPCTensor: backward_grads_neg_1 [1000000, 32]0x1000a5f58000 122.1 MB
W20240217 15:49:35.999871 41041 IPCTensor.h:409] NewIPCGPUTensor: backward_grads_1_gpu [1000000, 32]; dev=1; size=122.1 MB
W20240217 15:49:36.000952 41041 IPCTensor.h:409] NewIPCGPUTensor: backward_grads_neg_1_gpu [1000000, 32]; dev=1; size=122.1 MB
W20240217 15:49:36.089440 41043 IPCTensor.h:369] NewIPCTensor: input_keys_3 [1000000]0x1000ad974000 7.629 MB
W20240217 15:49:36.089491 41047 IPCTensor.h:369] NewIPCTensor: input_keys_7 [1000000]0x1000ae117000 7.629 MB
W20240217 15:49:36.089663 41043 IPCTensor.h:369] NewIPCTensor: input_keys_neg_3 [1000000]0x1000ae8ba000 7.629 MB
W20240217 15:49:36.089687 41047 IPCTensor.h:369] NewIPCTensor: input_keys_neg_7 [1000000]0x1000af05d000 7.629 MB
W20240217 15:49:36.089732 41043 IPCTensor.h:369] NewIPCTensor: backward_grads_3 [1000000, 32]0x1000af800000 122.1 MB
W20240217 15:49:36.089768 41047 IPCTensor.h:369] NewIPCTensor: backward_grads_7 [1000000, 32]0x1000b7214000 122.1 MB
W20240217 15:49:36.089804 41043 IPCTensor.h:369] NewIPCTensor: backward_grads_neg_3 [1000000, 32]0x1000bec28000 122.1 MB
W20240217 15:49:36.089838 41047 IPCTensor.h:369] NewIPCTensor: backward_grads_neg_7 [1000000, 32]0x1000c663c000 122.1 MB
W20240217 15:49:36.089860 41043 IPCTensor.h:409] NewIPCGPUTensor: backward_grads_3_gpu [1000000, 32]; dev=3; size=122.1 MB
W20240217 15:49:36.089891 41047 IPCTensor.h:409] NewIPCGPUTensor: backward_grads_7_gpu [1000000, 32]; dev=7; size=122.1 MB
W20240217 15:49:36.094727 41043 IPCTensor.h:409] NewIPCGPUTensor: backward_grads_neg_3_gpu [1000000, 32]; dev=3; size=122.1 MB
W20240217 15:49:36.094818 41047 IPCTensor.h:409] NewIPCGPUTensor: backward_grads_neg_7_gpu [1000000, 32]; dev=7; size=122.1 MB
cudaHostRegister 0x100000002000
7: KnownLocalCachedEmbedding init done
cudaHostRegister 0x100000002000
2: KnownLocalCachedEmbedding init done
cudaHostRegister 0x100000002000
6: KnownLocalCachedEmbedding init done
cudaHostRegister 0x100000002000
5: KnownLocalCachedEmbedding init done
Worker 7 pid=41047
New CachedEmbedding, name=full_emb, shape=(10000000, 32), cache_type=KnownLocalCachedEmbedding
fixed cache_range is [(0, 100000), (100000, 200000), (200000, 300000), (300000, 400000), (400000, 500000), (500000, 600000), (600000, 700000), (700000, 800000)]
cudaHostRegister 0x100000002000
0: KnownLocalCachedEmbedding init done
cudaHostRegister 0x100000002000
4: KnownLocalCachedEmbedding init done
cudaHostRegister 0x100000002000
1: KnownLocalCachedEmbedding init done
cudaHostRegister 0x100000002000
3: KnownLocalCachedEmbedding init done
W20240217 15:49:36.544819 41043 IPCTensor.h:369] NewIPCTensor: cached_sampler_r3_0 [1000000]0x1000ce058000 7.629 MB
W20240217 15:49:36.544842 41047 IPCTensor.h:369] NewIPCTensor: cached_sampler_r7_0 [1000000]0x1000ce7fb000 7.629 MB
W20240217 15:49:36.544958 41043 IPCTensor.h:369] NewIPCTensor: cached_sampler_r3_1 [1000000]0x1000cef9e000 7.629 MB
W20240217 15:49:36.545006 41047 IPCTensor.h:369] NewIPCTensor: cached_sampler_r7_1 [1000000]0x1000cf741000 7.629 MB
W20240217 15:49:36.545038 41043 IPCTensor.h:369] NewIPCTensor: cached_sampler_r3_2 [1000000]0x1000d0687000 7.629 MB
W20240217 15:49:36.545023 41041 IPCTensor.h:369] NewIPCTensor: cached_sampler_r1_0 [1000000]0x1000cfee4000 7.629 MB
W20240217 15:49:36.545081 41047 IPCTensor.h:369] NewIPCTensor: cached_sampler_r7_2 [1000000]0x1000d0e2a000 7.629 MB
W20240217 15:49:36.545111 41043 IPCTensor.h:369] NewIPCTensor: cached_sampler_r3_3 [1000000]0x1000d15cd000 7.629 MB
W20240217 15:49:36.545150 41043 IPCTensor.h:369] NewIPCTensor: cached_sampler_r3_4 [1000000]0x1000d1d70000 7.629 MB
W20240217 15:49:36.545156 41047 IPCTensor.h:369] NewIPCTensor: cached_sampler_r7_3 [1000000]0x1000d2513000 7.629 MB
W20240217 15:49:36.545181 41041 IPCTensor.h:369] NewIPCTensor: cached_sampler_r1_1 [1000000]0x1000d2cb6000 7.629 MB
W20240217 15:49:36.545248 41041 IPCTensor.h:369] NewIPCTensor: cached_sampler_r1_2 [1000000]0x1000d3459000 7.629 MB
W20240217 15:49:36.545264 41043 IPCTensor.h:369] NewIPCTensor: cached_sampler_r3_5 [1000000]0x1000d3bfc000 7.629 MB
W20240217 15:49:36.545277 41047 IPCTensor.h:369] NewIPCTensor: cached_sampler_r7_4 [1000000]0x1000d439f000 7.629 MB
W20240217 15:49:36.545315 41046 IPCTensor.h:369] NewIPCTensor: cached_sampler_r6_0 [1000000]0x1000d4b42000 7.629 MB
W20240217 15:49:36.545365 41047 IPCTensor.h:369] NewIPCTensor: cached_sampler_r7_5 [1000000]0x1000d52e5000 7.629 MB
W20240217 15:49:36.545444 41047 IPCTensor.h:369] NewIPCTensor: cached_sampler_r7_6 [1000000]0x1000d5a88000 7.629 MB
W20240217 15:49:36.545449 41043 IPCTensor.h:369] NewIPCTensor: cached_sampler_r3_6 [1000000]0x1000d622b000 7.629 MB
W20240217 15:49:36.545503 41041 IPCTensor.h:369] NewIPCTensor: cached_sampler_r1_3 [1000000]0x1000d69ce000 7.629 MB
W20240217 15:49:36.545519 41047 IPCTensor.h:369] NewIPCTensor: cached_sampler_r7_7 [1000000]0x1000d7171000 7.629 MB
W20240217 15:49:36.545570 41046 IPCTensor.h:369] NewIPCTensor: cached_sampler_r6_1 [1000000]0x1000d7914000 7.629 MB
W20240217 15:49:36.545637 41047 IPCTensor.h:369] NewIPCTensor: cached_sampler_r7_8 [1000000]0x1000d80b7000 7.629 MB
W20240217 15:49:36.545661 41043 IPCTensor.h:369] NewIPCTensor: cached_sampler_r3_7 [1000000]0x1000d885a000 7.629 MB
W20240217 15:49:36.545711 41047 IPCTensor.h:369] NewIPCTensor: cached_sampler_r7_9 [1000000]0x1000d8ffd000 7.629 MB
W20240217 15:49:36.545723 41043 IPCTensor.h:369] NewIPCTensor: cached_sampler_r3_8 [1000000]0x1000d97a0000 7.629 MB
W20240217 15:49:36.545775 41043 IPCTensor.h:369] NewIPCTensor: cached_sampler_r3_9 [1000000]0x1000d9f43000 7.629 MB
W20240217 15:49:36.545814 41041 IPCTensor.h:369] NewIPCTensor: cached_sampler_r1_4 [1000000]0x1000dae89000 7.629 MB
W20240217 15:49:36.545814 41042 IPCTensor.h:369] NewIPCTensor: cached_sampler_r2_0 [1000000]0x1000da6e6000 7.629 MB
W20240217 15:49:36.545833 41047 IPCTensor.h:369] NewIPCTensor: step_r7 [10]0x1000db62c000 80 B 
W20240217 15:49:36.545852 41046 IPCTensor.h:369] NewIPCTensor: cached_sampler_r6_2 [1000000]0x1000db62e000 7.629 MB
W20240217 15:49:36.545899 41047 IPCTensor.h:369] NewIPCTensor: circle_buffer_end_r7 [1]0x1000dbdd1000 8 B 
W20240217 15:49:36.545935 41045 IPCTensor.h:369] NewIPCTensor: cached_sampler_r5_0 [1000000]0x1000dbdd3000 7.629 MB
W20240217 15:49:36.545975 41043 IPCTensor.h:369] NewIPCTensor: step_r3 [10]0x1000dc576000 80 B 
W20240217 15:49:36.546015 41046 IPCTensor.h:369] NewIPCTensor: cached_sampler_r6_3 [1000000]0x1000dc578000 7.629 MB
W20240217 15:49:36.546095 41043 IPCTensor.h:369] NewIPCTensor: circle_buffer_end_r3 [1]0x1000dcd1b000 8 B 
W20240217 15:49:36.546106 41046 IPCTensor.h:369] NewIPCTensor: cached_sampler_r6_4 [1000000]0x1000dcd1d000 7.629 MB
W20240217 15:49:36.546118 41041 IPCTensor.h:369] NewIPCTensor: cached_sampler_r1_5 [1000000]0x1000dd4c0000 7.629 MB
W20240217 15:49:36.546133 41047 IPCTensor.h:369] NewIPCTensor: circle_buffer_end_cppseen_r7 [1]0x1000de406000 8 B 
W20240217 15:49:36.546128 41045 IPCTensor.h:369] NewIPCTensor: cached_sampler_r5_1 [1000000]0x1000ddc63000 7.629 MB
W20240217 15:49:36.546160 41043 IPCTensor.h:369] NewIPCTensor: circle_buffer_end_cppseen_r3 [1]0x1000de408000 8 B 
W20240217 15:49:36.546178 41042 IPCTensor.h:369] NewIPCTensor: cached_sampler_r2_1 [1000000]0x1000debad000 7.629 MB
W20240217 15:49:36.546195 41041 IPCTensor.h:369] NewIPCTensor: cached_sampler_r1_6 [1000000]0x1000df350000 7.629 MB
W20240217 15:49:36.546175 41044 IPCTensor.h:369] NewIPCTensor: cached_sampler_r4_0 [1000000]0x1000de40a000 7.629 MB
W20240217 15:49:36.546247 41041 IPCTensor.h:369] NewIPCTensor: cached_sampler_r1_7 [1000000]0x1000dfaf3000 7.629 MB
W20240217 15:49:36.546277 41045 IPCTensor.h:369] NewIPCTensor: cached_sampler_r5_2 [1000000]0x1000e0a39000 7.629 MB
W20240217 15:49:36.546391 41045 IPCTensor.h:369] NewIPCTensor: cached_sampler_r5_3 [1000000]0x1000e11dc000 7.629 MB
W20240217 15:49:36.546495 41041 IPCTensor.h:369] NewIPCTensor: cached_sampler_r1_8 [1000000]0x1000e197f000 7.629 MB
W20240217 15:49:36.546268 41046 IPCTensor.h:369] NewIPCTensor: cached_sampler_r6_5 [1000000]0x1000e0296000 7.629 MB
Construct PerfSampler done
Construct PerfSampler done
I20240217 15:49:36.546661 41043 IPC_barrier.h:118] CreateBarrier: new barrier, name: kgcachecontroller, count: 8
I20240217 15:49:36.546773 41047 IPC_barrier.h:112] CreateBarrier: find existing barrier, name: kgcachecontroller, count: 8
W20240217 15:49:36.546576 41041 IPCTensor.h:369] NewIPCTensor: cached_sampler_r1_9 [1000000]0x1000e2122000 7.629 MB
W20240217 15:49:36.546860 41042 IPCTensor.h:369] NewIPCTensor: cached_sampler_r2_2 [1000000]0x1000e28c5000 7.629 MB
W20240217 15:49:36.546870 41046 IPCTensor.h:369] NewIPCTensor: cached_sampler_r6_6 [1000000]0x1000e3068000 7.629 MB
W20240217 15:49:36.546886 41045 IPCTensor.h:369] NewIPCTensor: cached_sampler_r5_4 [1000000]0x1000e3fae000 7.629 MB
W20240217 15:49:36.546942 41041 IPCTensor.h:369] NewIPCTensor: step_r1 [10]0x1000e4ef4000 80 B 
W20240217 15:49:36.546941 41044 IPCTensor.h:369] NewIPCTensor: cached_sampler_r4_1 [1000000]0x1000e4751000 7.629 MB
W20240217 15:49:36.547011 41041 IPCTensor.h:369] NewIPCTensor: circle_buffer_end_r1 [1]0x1000e5699000 8 B 
W20240217 15:49:36.547005 41046 IPCTensor.h:369] NewIPCTensor: cached_sampler_r6_7 [1000000]0x1000e4ef6000 7.629 MB
W20240217 15:49:36.547019 41045 IPCTensor.h:369] NewIPCTensor: cached_sampler_r5_5 [1000000]0x1000e569b000 7.629 MB
W20240217 15:49:36.547127 41045 IPCTensor.h:369] NewIPCTensor: cached_sampler_r5_6 [1000000]0x1000e65e3000 7.629 MB
W20240217 15:49:36.547153 41044 IPCTensor.h:369] NewIPCTensor: cached_sampler_r4_2 [1000000]0x1000e6d86000 7.629 MB
W20240217 15:49:36.547163 41046 IPCTensor.h:369] NewIPCTensor: cached_sampler_r6_8 [1000000]0x1000e7529000 7.629 MB
W20240217 15:49:36.547068 41041 IPCTensor.h:369] NewIPCTensor: circle_buffer_end_cppseen_r1 [1]0x1000e65e1000 8 B 
W20240217 15:49:36.546942 40671 IPCTensor.h:369] NewIPCTensor: cached_sampler_r0_0 [1000000]0x1000e380b000 7.629 MB
W20240217 15:49:36.547029 41042 IPCTensor.h:369] NewIPCTensor: cached_sampler_r2_3 [1000000]0x1000e5e3e000 7.629 MB
W20240217 15:49:36.547241 41045 IPCTensor.h:369] NewIPCTensor: cached_sampler_r5_7 [1000000]0x1000e7ccc000 7.629 MB
W20240217 15:49:36.547308 41046 IPCTensor.h:369] NewIPCTensor: cached_sampler_r6_9 [1000000]0x1000e846f000 7.629 MB
W20240217 15:49:36.547343 41044 IPCTensor.h:369] NewIPCTensor: cached_sampler_r4_3 [1000000]0x1000e8c12000 7.629 MB
W20240217 15:49:36.547353 41045 IPCTensor.h:369] NewIPCTensor: cached_sampler_r5_8 [1000000]0x1000e93b5000 7.629 MB
W20240217 15:49:36.547389 41042 IPCTensor.h:369] NewIPCTensor: cached_sampler_r2_4 [1000000]0x1000e9b58000 7.629 MB
W20240217 15:49:36.547464 41045 IPCTensor.h:369] NewIPCTensor: cached_sampler_r5_9 [1000000]0x1000ea2fb000 7.629 MB
W20240217 15:49:36.547467 40671 IPCTensor.h:369] NewIPCTensor: cached_sampler_r0_1 [1000000]0x1000eaa9e000 7.629 MB
W20240217 15:49:36.547485 41042 IPCTensor.h:369] NewIPCTensor: cached_sampler_r2_5 [1000000]0x1000eb241000 7.629 MB
W20240217 15:49:36.547513 41044 IPCTensor.h:369] NewIPCTensor: cached_sampler_r4_4 [1000000]0x1000eb9e4000 7.629 MB
W20240217 15:49:36.547519 41046 IPCTensor.h:369] NewIPCTensor: step_r6 [10]0x1000ec187000 80 B 
W20240217 15:49:36.547539 40671 IPCTensor.h:369] NewIPCTensor: cached_sampler_r0_2 [1000000]0x1000ec189000 7.629 MB
Construct PerfSampler done
W20240217 15:49:36.547578 41045 IPCTensor.h:369] NewIPCTensor: step_r5 [10]0x1000ec92c000 80 B 
W20240217 15:49:36.547585 41042 IPCTensor.h:369] NewIPCTensor: cached_sampler_r2_6 [1000000]0x1000ec92e000 7.629 MB
W20240217 15:49:36.547612 40671 IPCTensor.h:369] NewIPCTensor: cached_sampler_r0_3 [1000000]0x1000ed0d1000 7.629 MB
W20240217 15:49:36.547633 41046 IPCTensor.h:369] NewIPCTensor: circle_buffer_end_r6 [1]0x1000ed874000 8 B 
I20240217 15:49:36.547662 41041 IPC_barrier.h:112] CreateBarrier: find existing barrier, name: kgcachecontroller, count: 8
W20240217 15:49:36.547677 41045 IPCTensor.h:369] NewIPCTensor: circle_buffer_end_r5 [1]0x1000ee019000 8 B 
W20240217 15:49:36.547680 40671 IPCTensor.h:369] NewIPCTensor: cached_sampler_r0_4 [1000000]0x1000ee01b000 7.629 MB
W20240217 15:49:36.547672 41044 IPCTensor.h:369] NewIPCTensor: cached_sampler_r4_5 [1000000]0x1000ed876000 7.629 MB
W20240217 15:49:36.547695 41042 IPCTensor.h:369] NewIPCTensor: cached_sampler_r2_7 [1000000]0x1000ee7be000 7.629 MB
W20240217 15:49:36.547760 41046 IPCTensor.h:369] NewIPCTensor: circle_buffer_end_cppseen_r6 [1]0x1000eef61000 8 B 
W20240217 15:49:36.547766 41045 IPCTensor.h:369] NewIPCTensor: circle_buffer_end_cppseen_r5 [1]0x1000eef63000 8 B 
W20240217 15:49:36.547873 41044 IPCTensor.h:369] NewIPCTensor: cached_sampler_r4_6 [1000000]0x1000eef65000 7.629 MB
W20240217 15:49:36.547916 40671 IPCTensor.h:369] NewIPCTensor: cached_sampler_r0_5 [1000000]0x1000ef708000 7.629 MB
W20240217 15:49:36.547937 41042 IPCTensor.h:369] NewIPCTensor: cached_sampler_r2_8 [1000000]0x1000efeab000 7.629 MB
W20240217 15:49:36.548017 40671 IPCTensor.h:369] NewIPCTensor: cached_sampler_r0_6 [1000000]0x1000f0df1000 7.629 MB
W20240217 15:49:36.548015 41044 IPCTensor.h:369] NewIPCTensor: cached_sampler_r4_7 [1000000]0x1000f064e000 7.629 MB
W20240217 15:49:36.548043 41042 IPCTensor.h:369] NewIPCTensor: cached_sampler_r2_9 [1000000]0x1000f1594000 7.629 MB
W20240217 15:49:36.548123 40671 IPCTensor.h:369] NewIPCTensor: cached_sampler_r0_7 [1000000]0x1000f1d37000 7.629 MB
W20240217 15:49:36.548152 41042 IPCTensor.h:369] NewIPCTensor: step_r2 [10]0x1000f24da000 80 B 
Construct PerfSampler done
W20240217 15:49:36.548184 41044 IPCTensor.h:369] NewIPCTensor: cached_sampler_r4_8 [1000000]0x1000f24dc000 7.629 MB
W20240217 15:49:36.548218 40671 IPCTensor.h:369] NewIPCTensor: cached_sampler_r0_8 [1000000]0x1000f2c7f000 7.629 MB
Construct PerfSampler done
W20240217 15:49:36.548235 41042 IPCTensor.h:369] NewIPCTensor: circle_buffer_end_r2 [1]0x1000f3422000 8 B 
W20240217 15:49:36.548307 41042 IPCTensor.h:369] NewIPCTensor: circle_buffer_end_cppseen_r2 [1]0x1000f3424000 8 B 
I20240217 15:49:36.548311 41045 IPC_barrier.h:112] CreateBarrier: find existing barrier, name: kgcachecontroller, count: 8
W20240217 15:49:36.548311 40671 IPCTensor.h:369] NewIPCTensor: cached_sampler_r0_9 [1000000]0x1000f3426000 7.629 MB
W20240217 15:49:36.548336 41044 IPCTensor.h:369] NewIPCTensor: cached_sampler_r4_9 [1000000]0x1000f3bc9000 7.629 MB
I20240217 15:49:36.548352 41046 IPC_barrier.h:112] CreateBarrier: find existing barrier, name: kgcachecontroller, count: 8
W20240217 15:49:36.548420 40671 IPCTensor.h:369] NewIPCTensor: step_r0 [10]0x1000f436c000 80 B 
W20240217 15:49:36.548477 41044 IPCTensor.h:369] NewIPCTensor: step_r4 [10]0x1000f436e000 80 B 
W20240217 15:49:36.548514 40671 IPCTensor.h:369] NewIPCTensor: circle_buffer_end_r0 [1]0x1000f4370000 8 B 
W20240217 15:49:36.548583 40671 IPCTensor.h:369] NewIPCTensor: circle_buffer_end_cppseen_r0 [1]0x1000f4374000 8 B 
W20240217 15:49:36.548581 41044 IPCTensor.h:369] NewIPCTensor: circle_buffer_end_r4 [1]0x1000f4372000 8 B 
W20240217 15:49:36.548697 41044 IPCTensor.h:369] NewIPCTensor: circle_buffer_end_cppseen_r4 [1]0x1000f4376000 8 B 
Construct PerfSampler done
I20240217 15:49:36.548835 41042 IPC_barrier.h:112] CreateBarrier: find existing barrier, name: kgcachecontroller, count: 8
Construct PerfSampler done
Construct PerfSampler done
I20240217 15:49:36.549299 40671 IPC_barrier.h:112] CreateBarrier: find existing barrier, name: kgcachecontroller, count: 8
I20240217 15:49:36.549365 41044 IPC_barrier.h:112] CreateBarrier: find existing barrier, name: kgcachecontroller, count: 8
W20240217 15:49:36.551436 40671 grad_base.h:55] KGCacheController, config={
        "num_gpus": 8,
        "L": 10,
        "kForwardItersPerStep": 1,
        "clr": 1,
        "backwardMode": "CppAsyncV2",
        "nr_background_threads": 16,
        "cache_ratio": 0.01,
        "backgrad_init": "both"
    }
W20240217 15:49:36.551630 40671 grad_base.h:184] Init GradProcessingBase done
I20240217 15:49:37.786854 40671 grad_async_v2.h:42] Use main thread to update emb.
W20240217 15:49:37.787276 40671 kg_controller.h:78] after init GradAsyncProcessingV2
I20240217 15:49:37.787289 40671 kg_controller.h:84] Construct KGCacheController done
E20240217 15:49:38.654253 41041 recstore.cc:66] init folly done
E20240217 15:49:38.654318 41047 recstore.cc:66] init folly done
E20240217 15:49:38.654331 41043 recstore.cc:66] init folly done
Construct KGCacheControllerWrapper done
Construct KGCacheControllerWrapper done
Construct KGCacheControllerWrapper done
E20240217 15:49:38.654690 41045 recstore.cc:66] init folly done
E20240217 15:49:38.654747 41042 recstore.cc:66] init folly done
Construct KGCacheControllerWrapper done
Construct KGCacheControllerWrapper done
E20240217 15:49:38.655436 40671 recstore.cc:66] init folly done
Construct KGCacheControllerWrapper done
E20240217 15:49:38.655881 41046 recstore.cc:66] init folly done
E20240217 15:49:38.655906 41044 recstore.cc:66] init folly done
Construct KGCacheControllerWrapper done
Construct KGCacheControllerWrapper done
I20240217 15:49:38.657196 40671 grad_base.h:60] GraphEnv RegTensorsPerProcess
W20240217 15:49:39.533047 42203 grad_async_v2.h:137] Detect new sample comes, old_end0, new_end1
E20240217 15:49:39.533354 42203 parallel_pq_v2.h:79] insert failed, size(hashtable)=0
E20240217 15:49:40.533011 42203 parallel_pq_v2.h:79] insert failed, size(hashtable)=12
W20240217 15:49:40.533192 42203 grad_async_v2.h:137] Detect new sample comes, old_end4, new_end5
Before Training
I20240217 15:49:41.407673 40671 IPC_barrier.h:118] CreateBarrier: new barrier, name: start_barrier, count: 8
Before Training
I20240217 15:49:41.461150 41042 IPC_barrier.h:112] CreateBarrier: find existing barrier, name: start_barrier, count: 8
Before Training
I20240217 15:49:41.487090 41043 IPC_barrier.h:112] CreateBarrier: find existing barrier, name: start_barrier, count: 8
Before Training
I20240217 15:49:41.511991 41044 IPC_barrier.h:112] CreateBarrier: find existing barrier, name: start_barrier, count: 8
E20240217 15:49:41.533010 42203 parallel_pq_v2.h:79] insert failed, size(hashtable)=13
W20240217 15:49:41.535404 42203 grad_async_v2.h:137] Detect new sample comes, old_end9, new_end0
Before Training
I20240217 15:49:41.535744 41045 IPC_barrier.h:112] CreateBarrier: find existing barrier, name: start_barrier, count: 8
Before Training
I20240217 15:49:41.564093 41046 IPC_barrier.h:112] CreateBarrier: find existing barrier, name: start_barrier, count: 8
Before Training
I20240217 15:49:41.589402 41047 IPC_barrier.h:112] CreateBarrier: find existing barrier, name: start_barrier, count: 8
Before Training
I20240217 15:49:41.614450 41041 IPC_barrier.h:112] CreateBarrier: find existing barrier, name: start_barrier, count: 8
========== Step 0 ========== 
========== Step 0 ========== 
========== Step 0 ========== 
========== Step 0 ========== 
========== Step 0 ========== 
========== Step 0 ========== 
========== Step 0 ========== 
========== Step 0 ========== 
E20240217 15:49:43.447248 42629 parallel_pq_v2.h:79] insert failed, size(hashtable)=0
W20240217 15:49:43.520713 40671 grad_async_v2.h:270] Sleep in <BlockToStepN>, step_no=1, pq.top=0
========== Step 1 ========== 
========== Step 1 ========== 
========== Step 1 ========== 
========== Step 1 ========== 
W20240217 15:49:43.657475 42203 grad_async_v2.h:137] Detect new sample comes, old_end1, new_end2
+---------------------------+---------------------------+---------------------------+
| Name                      | P50                       | P99                       |
+---------------------------+---------------------------+---------------------------+
| clean                     | 162.334 us                | 366.391 us                |
| ProcessBack:Shuffle       | 387.953 ms                | 387.953 ms                |
| ProcessBack:UpdateCache   | 1.307 s                   | 1.307 s                   |
| ProcessBack:UpsertPq      | 73.428 ms                 | 73.428 ms                 |
| ProcessOneStep            | 1.783 s                   | 1.783 s                   |
| BlockToStepN              | 133.427 ms                | 133.427 ms                |
+---------------------------+---------------------------+---------------------------+
========== Step 1 ========== 
========== Step 1 ========== 
========== Step 1 ========== 
========== Step 1 ========== 
========== Step 2 ========== 
========== Step 2 ========== 
========== Step 2 ========== 
========== Step 2 ========== 
========== Step 2 ========== 
========== Step 2 ========== 
========== Step 2 ========== 
========== Step 2 ========== 
========== Step 3 ========== 
========== Step 3 ========== 
========== Step 3 ========== 
========== Step 3 ========== 
========== Step 3 ========== 
========== Step 3 ========== 
========== Step 3 ========== 
========== Step 3 ========== 
========== Step 4 ========== 
========== Step 4 ========== 
========== Step 4 ========== 
========== Step 4 ========== 
========== Step 4 ========== 
========== Step 4 ========== 
========== Step 4 ========== 
========== Step 4 ========== 
E20240217 15:49:44.447021 42203 parallel_pq_v2.h:79] insert failed, size(hashtable)=5178
========== Step 5 ========== 
========== Step 5 ========== 
========== Step 5 ========== 
========== Step 5 ========== 
========== Step 5 ========== 
========== Step 5 ========== 
========== Step 5 ========== 
========== Step 5 ========== 
W20240217 15:49:44.664697 42203 grad_async_v2.h:137] Detect new sample comes, old_end4, new_end6
========== Step 6 ========== 
========== Step 6 ========== 
========== Step 6 ========== 
========== Step 6 ========== 
========== Step 6 ========== 
========== Step 6 ========== 
========== Step 6 ========== 
========== Step 6 ========== 
========== Step 7 ========== 
========== Step 7 ========== 
========== Step 7 ========== 
========== Step 7 ========== 
========== Step 7 ========== 
========== Step 7 ========== 
========== Step 7 ========== 
========== Step 7 ========== 
E20240217 15:49:45.447036 42203 parallel_pq_v2.h:79] insert failed, size(hashtable)=15
========== Step 8 ========== 
========== Step 8 ========== 
========== Step 8 ========== 
========== Step 8 ========== 
========== Step 8 ========== 
========== Step 8 ========== 
========== Step 8 ========== 
========== Step 8 ========== 
W20240217 15:49:45.695797 42203 grad_async_v2.h:137] Detect new sample comes, old_end7, new_end9
========== Step 9 ========== 
========== Step 9 ========== 
========== Step 9 ========== 
========== Step 9 ========== 
========== Step 9 ========== 
========== Step 9 ========== 
========== Step 9 ========== 
========== Step 9 ========== 
========== Step 10 ========== 
========== Step 10 ========== 
========== Step 10 ========== 
========== Step 10 ========== 
========== Step 10 ========== 
========== Step 10 ========== 
========== Step 10 ========== 
========== Step 10 ========== 
========== Step 11 ========== 
========== Step 11 ========== 
========== Step 11 ========== 
========== Step 11 ========== 
========== Step 11 ========== 
========== Step 11 ========== 
========== Step 11 ========== 
========== Step 11 ========== 
E20240217 15:49:46.447057 42203 parallel_pq_v2.h:79] insert failed, size(hashtable)=10869
W20240217 15:49:46.539628 40671 grad_async_v2.h:257] pq is empty
========== Step 12 ========== 
========== Step 12 ========== 
========== Step 12 ========== 
========== Step 12 ========== 
========== Step 12 ========== 
========== Step 12 ========== 
========== Step 12 ========== 
========== Step 12 ========== 
+---------------------------+---------------------------+---------------------------+
| Name                      | P50                       | P99                       |
+---------------------------+---------------------------+---------------------------+
| GenInput:CircleBuffer     | 127.621 us                | 801.874 us                |
| GenInput                  | 1.184 ms                  | 4.104 ms                  |
| forward: NN               | 103.655 us                | 50.023 ms                 |
| Forward                   | 546.878 us                | 54.350 ms                 |
| Backward                  | 948.814 us                | 27.371 ms                 |
| Optimize                  | 173.565 us                | 1.067 ms                  |
| BarrierTimeBeforeRank0    | 819.051 us                | 34.065 ms                 |
| AfterBackward             | 262.770 ms                | 1.783 s                   |
| BlockToStepN              | 129.783 us                | 136.014 ms                |
| OneStep                   | 266.421 ms                | 2.042 s                   |
+---------------------------+---------------------------+---------------------------+
W20240217 15:49:46.723615 42203 grad_async_v2.h:137] Detect new sample comes, old_end2, new_end3
========== Step 13 ========== 
========== Step 13 ========== 
========== Step 13 ========== 
========== Step 13 ========== 
========== Step 13 ========== 
========== Step 13 ========== 
========== Step 13 ========== 
========== Step 13 ========== 
W20240217 15:49:47.072258 40671 grad_async_v2.h:257] pq is empty
========== Step 14 ========== 
========== Step 14 ========== 
========== Step 14 ========== 
========== Step 14 ========== 
========== Step 14 ========== 
========== Step 14 ========== 
========== Step 14 ========== 
========== Step 14 ========== 
W20240217 15:49:47.351008 40671 grad_async_v2.h:257] pq is empty
========== Step 15 ========== 
========== Step 15 ========== 
========== Step 15 ========== 
========== Step 15 ========== 
========== Step 15 ========== 
========== Step 15 ========== 
========== Step 15 ========== 
========== Step 15 ========== 
========== Step 16 ========== 
========== Step 16 ========== 
========== Step 16 ========== 
========== Step 16 ========== 
========== Step 16 ========== 
========== Step 16 ========== 
========== Step 16 ========== 
========== Step 16 ========== 
E20240217 15:49:47.448259 42207 parallel_pq_v2.h:79] insert failed, size(hashtable)=1334
========== Step 17 ========== 
========== Step 17 ========== 
========== Step 17 ========== 
========== Step 17 ========== 
========== Step 17 ========== 
========== Step 17 ========== 
========== Step 17 ========== 
========== Step 17 ========== 
W20240217 15:49:47.723634 42203 grad_async_v2.h:137] Detect new sample comes, old_end5, new_end8
========== Step 18 ========== 
========== Step 18 ========== 
========== Step 18 ========== 
========== Step 18 ========== 
========== Step 18 ========== 
========== Step 18 ========== 
========== Step 18 ========== 
========== Step 18 ========== 
========== Step 19 ========== 
========== Step 19 ========== 
========== Step 19 ========== 
========== Step 19 ========== 
========== Step 19 ========== 
========== Step 19 ========== 
========== Step 19 ========== 
========== Step 19 ========== 
========== Step 20 ========== 
========== Step 20 ========== 
========== Step 20 ========== 
========== Step 20 ========== 
========== Step 20 ========== 
========== Step 20 ========== 
========== Step 20 ========== 
========== Step 20 ========== 
E20240217 15:49:48.448011 42203 parallel_pq_v2.h:79] insert failed, size(hashtable)=10994
========== Step 21 ========== 
========== Step 21 ========== 
========== Step 21 ========== 
========== Step 21 ========== 
========== Step 21 ========== 
========== Step 21 ========== 
========== Step 21 ========== 
========== Step 21 ========== 
+---------------------------+---------------------------+---------------------------+
| Name                      | P50                       | P99                       |
+---------------------------+---------------------------+---------------------------+
| clean                     | 248.300 us                | 42.887 ms                 |
| ProcessBack:Shuffle       | 246.318 ms                | 387.953 ms                |
| ProcessBack:UpdateCache   | 20.466 ms                 | 1.307 s                   |
| ProcessBack:UpsertPq      | 63.015 us                 | 73.428 ms                 |
| ProcessOneStep            | 272.009 ms                | 1.783 s                   |
| BlockToStepN              | 68.972 us                 | 133.427 ms                |
+---------------------------+---------------------------+---------------------------+
W20240217 15:49:48.739032 42203 grad_async_v2.h:137] Detect new sample comes, old_end1, new_end2
W20240217 15:49:48.837852 40671 grad_async_v2.h:257] pq is empty
========== Step 22 ========== 
========== Step 22 ========== 
========== Step 22 ========== 
========== Step 22 ========== 
========== Step 22 ========== 
========== Step 22 ========== 
========== Step 22 ========== 
========== Step 22 ========== 
W20240217 15:49:49.109180 40671 grad_async_v2.h:257] pq is empty
========== Step 23 ========== 
========== Step 23 ========== 
========== Step 23 ========== 
========== Step 23 ========== 
========== Step 23 ========== 
========== Step 23 ========== 
========== Step 23 ========== 
========== Step 23 ========== 
W20240217 15:49:49.395856 40671 grad_async_v2.h:257] pq is empty
========== Step 24 ========== 
========== Step 24 ========== 
========== Step 24 ========== 
========== Step 24 ========== 
========== Step 24 ========== 
========== Step 24 ========== 
========== Step 24 ========== 
========== Step 24 ========== 
E20240217 15:49:49.448010 42203 parallel_pq_v2.h:79] insert failed, size(hashtable)=2679
W20240217 15:49:49.675181 40671 grad_async_v2.h:257] pq is empty
========== Step 25 ========== 
========== Step 25 ========== 
========== Step 25 ========== 
========== Step 25 ========== 
========== Step 25 ========== 
========== Step 25 ========== 
========== Step 25 ========== 
========== Step 25 ========== 
W20240217 15:49:49.752833 42203 grad_async_v2.h:137] Detect new sample comes, old_end5, new_end6
W20240217 15:49:49.953902 40671 grad_async_v2.h:257] pq is empty
========== Step 26 ========== 
========== Step 26 ========== 
========== Step 26 ========== 
========== Step 26 ========== 
========== Step 26 ========== 
========== Step 26 ========== 
========== Step 26 ========== 
========== Step 26 ========== 
W20240217 15:49:50.227047 40671 grad_async_v2.h:257] pq is empty
========== Step 27 ========== 
========== Step 27 ========== 
========== Step 27 ========== 
========== Step 27 ========== 
========== Step 27 ========== 
========== Step 27 ========== 
========== Step 27 ========== 
========== Step 27 ========== 
E20240217 15:49:50.448103 42202 parallel_pq_v2.h:79] insert failed, size(hashtable)=7105
W20240217 15:49:50.514648 40671 grad_async_v2.h:257] pq is empty
========== Step 28 ========== 
========== Step 28 ========== 
========== Step 28 ========== 
========== Step 28 ========== 
========== Step 28 ========== 
========== Step 28 ========== 
========== Step 28 ========== 
========== Step 28 ========== 
W20240217 15:49:50.787519 40671 grad_async_v2.h:257] pq is empty
========== Step 29 ========== 
========== Step 29 ========== 
========== Step 29 ========== 
========== Step 29 ========== 
========== Step 29 ========== 
========== Step 29 ========== 
========== Step 29 ========== 
========== Step 29 ========== 
W20240217 15:49:50.788383 42203 grad_async_v2.h:137] Detect new sample comes, old_end9, new_end0
W20240217 15:49:51.055122 40671 grad_async_v2.h:257] pq is empty
========== Step 30 ========== 
========== Step 30 ========== 
========== Step 30 ========== 
========== Step 30 ========== 
========== Step 30 ========== 
========== Step 30 ========== 
========== Step 30 ========== 
========== Step 30 ========== 
W20240217 15:49:51.305501 40671 grad_async_v2.h:257] pq is empty
========== Step 31 ========== 
========== Step 31 ========== 
========== Step 31 ========== 
========== Step 31 ========== 
========== Step 31 ========== 
========== Step 31 ========== 
========== Step 31 ========== 
========== Step 31 ========== 
E20240217 15:49:51.448015 42203 parallel_pq_v2.h:79] insert failed, size(hashtable)=8748
+---------------------------+---------------------------+---------------------------+
| Name                      | P50                       | P99                       |
+---------------------------+---------------------------+---------------------------+
| GenInput:CircleBuffer     | 114.881 us                | 801.874 us                |
| GenInput                  | 886.370 us                | 4.104 ms                  |
| forward: NN               | 99.849 us                 | 50.023 ms                 |
| Forward                   | 382.018 us                | 54.350 ms                 |
| Backward                  | 922.381 us                | 27.371 ms                 |
| Optimize                  | 128.858 us                | 1.067 ms                  |
| BarrierTimeBeforeRank0    | 589.720 us                | 34.065 ms                 |
| AfterBackward             | 269.848 ms                | 1.783 s                   |
| BlockToStepN              | 185.071 us                | 136.014 ms                |
| OneStep                   | 273.792 ms                | 2.042 s                   |
+---------------------------+---------------------------+---------------------------+
W20240217 15:49:51.572513 40671 grad_async_v2.h:257] pq is empty
========== Step 32 ========== 
========== Step 32 ========== 
========== Step 32 ========== 
========== Step 32 ========== 
========== Step 32 ========== 
========== Step 32 ========== 
========== Step 32 ========== 
========== Step 32 ========== 
W20240217 15:49:51.791909 40671 grad_async_v2.h:257] pq is empty
========== Step 33 ========== 
========== Step 33 ========== 
========== Step 33 ========== 
========== Step 33 ========== 
========== Step 33 ========== 
========== Step 33 ========== 
========== Step 33 ========== 
========== Step 33 ========== 
W20240217 15:49:51.792555 42203 grad_async_v2.h:137] Detect new sample comes, old_end3, new_end4
W20240217 15:49:52.081094 40671 grad_async_v2.h:257] pq is empty
========== Step 34 ========== 
========== Step 34 ========== 
========== Step 34 ========== 
========== Step 34 ========== 
========== Step 34 ========== 
========== Step 34 ========== 
========== Step 34 ========== 
========== Step 34 ========== 
W20240217 15:49:52.347450 40671 grad_async_v2.h:257] pq is empty
========== Step 35 ========== 
========== Step 35 ========== 
========== Step 35 ========== 
========== Step 35 ========== 
========== Step 35 ========== 
========== Step 35 ========== 
========== Step 35 ========== 
========== Step 35 ========== 
E20240217 15:49:52.448006 42203 parallel_pq_v2.h:79] insert failed, size(hashtable)=6133
W20240217 15:49:52.607570 40671 grad_async_v2.h:257] pq is empty
========== Step 36 ========== 
========== Step 36 ========== 
========== Step 36 ========== 
========== Step 36 ========== 
========== Step 36 ========== 
========== Step 36 ========== 
========== Step 36 ========== 
========== Step 36 ========== 
========== Step 37 ========== 
========== Step 37 ========== 
========== Step 37 ========== 
========== Step 37 ========== 
========== Step 37 ========== 
========== Step 37 ========== 
========== Step 37 ========== 
========== Step 37 ========== 
W20240217 15:49:52.810062 42203 grad_async_v2.h:137] Detect new sample comes, old_end6, new_end8
========== Step 38 ========== 
========== Step 38 ========== 
========== Step 38 ========== 
========== Step 38 ========== 
========== Step 38 ========== 
========== Step 38 ========== 
========== Step 38 ========== 
========== Step 38 ========== 
========== Step 39 ========== 
========== Step 39 ========== 
========== Step 39 ========== 
========== Step 39 ========== 
========== Step 39 ========== 
========== Step 39 ========== 
========== Step 39 ========== 
========== Step 39 ========== 
E20240217 15:49:53.448014 42203 parallel_pq_v2.h:79] insert failed, size(hashtable)=7
========== Step 40 ========== 
========== Step 40 ========== 
========== Step 40 ========== 
========== Step 40 ========== 
========== Step 40 ========== 
========== Step 40 ========== 
========== Step 40 ========== 
========== Step 40 ========== 
+---------------------------+---------------------------+---------------------------+
| Name                      | P50                       | P99                       |
+---------------------------+---------------------------+---------------------------+
| clean                     | 221.085 us                | 41.895 ms                 |
| ProcessBack:Shuffle       | 246.318 ms                | 387.953 ms                |
| ProcessBack:UpdateCache   | 20.466 ms                 | 1.307 s                   |
| ProcessBack:UpsertPq      | 66.181 us                 | 73.428 ms                 |
| ProcessOneStep            | 266.618 ms                | 1.783 s                   |
| BlockToStepN              | 108.412 us                | 133.427 ms                |
+---------------------------+---------------------------+---------------------------+
========== Step 41 ========== 
========== Step 41 ========== 
========== Step 41 ========== 
========== Step 41 ========== 
========== Step 41 ========== 
========== Step 41 ========== 
========== Step 41 ========== 
========== Step 41 ========== 
W20240217 15:49:53.820802 42203 grad_async_v2.h:137] Detect new sample comes, old_end1, new_end2
W20240217 15:49:54.000268 40671 grad_async_v2.h:257] pq is empty
========== Step 42 ========== 
========== Step 42 ========== 
========== Step 42 ========== 
========== Step 42 ========== 
========== Step 42 ========== 
========== Step 42 ========== 
========== Step 42 ========== 
========== Step 42 ========== 
W20240217 15:49:54.270926 40671 grad_async_v2.h:257] pq is empty
========== Step 43 ========== 
========== Step 43 ========== 
========== Step 43 ========== 
========== Step 43 ========== 
========== Step 43 ========== 
========== Step 43 ========== 
========== Step 43 ========== 
========== Step 43 ========== 
E20240217 15:49:54.448201 42208 parallel_pq_v2.h:79] insert failed, size(hashtable)=5216
W20240217 15:49:54.546623 40671 grad_async_v2.h:257] pq is empty
========== Step 44 ========== 
========== Step 44 ========== 
========== Step 44 ========== 
========== Step 44 ========== 
========== Step 44 ========== 
========== Step 44 ========== 
========== Step 44 ========== 
========== Step 44 ========== 
W20240217 15:49:54.819921 40671 grad_async_v2.h:257] pq is empty
========== Step 45 ========== 
========== Step 45 ========== 
========== Step 45 ========== 
========== Step 45 ========== 
========== Step 45 ========== 
========== Step 45 ========== 
========== Step 45 ========== 
========== Step 45 ========== 
W20240217 15:49:54.820619 42203 grad_async_v2.h:137] Detect new sample comes, old_end5, new_end6
W20240217 15:49:55.085629 40671 grad_async_v2.h:257] pq is empty
========== Step 46 ========== 
========== Step 46 ========== 
========== Step 46 ========== 
========== Step 46 ========== 
========== Step 46 ========== 
========== Step 46 ========== 
========== Step 46 ========== 
========== Step 46 ========== 
W20240217 15:49:55.350991 40671 grad_async_v2.h:257] pq is empty
========== Step 47 ========== 
========== Step 47 ========== 
========== Step 47 ========== 
========== Step 47 ========== 
========== Step 47 ========== 
========== Step 47 ========== 
========== Step 47 ========== 
========== Step 47 ========== 
E20240217 15:49:55.448014 42203 parallel_pq_v2.h:79] insert failed, size(hashtable)=5386
W20240217 15:49:55.615229 40671 grad_async_v2.h:257] pq is empty
========== Step 48 ========== 
========== Step 48 ========== 
========== Step 48 ========== 
========== Step 48 ========== 
========== Step 48 ========== 
========== Step 48 ========== 
========== Step 48 ========== 
========== Step 48 ========== 
W20240217 15:49:55.847224 40671 grad_async_v2.h:257] pq is empty
========== Step 49 ========== 
========== Step 49 ========== 
========== Step 49 ========== 
========== Step 49 ========== 
========== Step 49 ========== 
========== Step 49 ========== 
========== Step 49 ========== 
========== Step 49 ========== 
W20240217 15:49:55.848114 42203 grad_async_v2.h:137] Detect new sample comes, old_end9, new_end0
========== Step 50 ========== 
========== Step 50 ========== 
========== Step 50 ========== 
========== Step 50 ========== 
========== Step 50 ========== 
========== Step 50 ========== 
========== Step 50 ========== 
========== Step 50 ========== 
W20240217 15:49:56.353906 40671 grad_async_v2.h:257] pq is empty
========== Step 51 ========== 
========== Step 51 ========== 
========== Step 51 ========== 
========== Step 51 ========== 
========== Step 51 ========== 
========== Step 51 ========== 
========== Step 51 ========== 
========== Step 51 ========== 
E20240217 15:49:56.452090 42203 parallel_pq_v2.h:79] insert failed, size(hashtable)=900
+---------------------------+---------------------------+---------------------------+
| Name                      | P50                       | P99                       |
+---------------------------+---------------------------+---------------------------+
| GenInput:CircleBuffer     | 116.475 us                | 558.867 us                |
| GenInput                  | 830.991 us                | 3.199 ms                  |
| forward: NN               | 101.428 us                | 338.991 us                |
| Forward                   | 386.308 us                | 2.574 ms                  |
| Backward                  | 943.164 us                | 5.607 ms                  |
| Optimize                  | 126.368 us                | 1.006 ms                  |
| BarrierTimeBeforeRank0    | 323.349 us                | 2.565 ms                  |
| AfterBackward             | 267.656 ms                | 292.599 ms                |
