WARNING: Logging before InitGoogleLogging() is written to STDERR
I20240207 22:14:13.501140 447673 IPC_barrier.h:128] MultiProcessBarrierFactory->ClearIPCMemory()
/home/xieminhui/RecStore/src/framework_adapters/torch/kg/dgl-0.9.1/python/dgl/_deprecate/graph.py:1023: DGLWarning: multigraph will be deprecated.DGL will treat all graphs as multigraph in the future.
  dgl_warning("multigraph will be deprecated." \
/home/xieminhui/RecStore/src/framework_adapters/torch/kg/dgl-0.9.1/python/dgl/heterograph.py:72: DGLWarning: Recommend creating graphs by `dgl.graph(data)` instead of `dgl.DGLGraph(data)`.
  dgl_warning('Recommend creating graphs by `dgl.graph(data)`'
Reading train triples....
Finished. Read 483142 train triples.
Reading valid triples....
Finished. Read 50000 valid triples.
Reading test triples....
Finished. Read 59071 test triples.
ARGS:  Namespace(model_name='SimplE', data_path='/home/xieminhui/dgl-data', dataset='FB15k', format='built_in', data_files=None, delimiter='\t', save_path='/tmp/ckpts/SimplE_FB15k_126', no_save_emb=True, max_step=500, batch_size=1200, batch_size_eval=16, neg_sample_size=200, neg_deg_sample=False, neg_deg_sample_eval=False, neg_sample_size_eval=14951, eval_percent=1, no_eval_filter=False, log_interval=100, eval_interval=10000, test=False, num_proc=4, num_thread=1, force_sync_interval=1, hidden_dim=400, lr=0.01, gamma=16.0, double_ent=False, double_rel=False, neg_adversarial_sampling=False, adversarial_temperature=1.0, regularization_coef=0.0, regularization_norm=3, pairwise=False, loss_genre='Logsigmoid', margin=1.0, nr_gpus=4, gpu=[0, 1, 2, 3], mix_cpu_gpu=True, valid=False, rel_part=False, async_update=None, has_edge_importance=False, cached_emb_type='KnownLocalCachedEmbedding', use_my_emb=True, cache_ratio=0.1, shuffle=False, backwardMode='CppAsync', L=10, nr_background_threads=32, update_cache_use_omp=0, update_pq_use_omp=0, kForwardItersPerStep=2, backgrad_init='both', eval_filter=True, soft_rel_part=False)
|Train|: 483142
original graph:  DGLGraph(num_nodes=14951, num_edges=592213,
         ndata_schemes={}
         edata_schemes={'tid': Scheme(shape=(), dtype=torch.int64)})
Loading cached metis
WARNING [447673 sampler.py:454] Start PreSampling
WARNING [447673 sampler.py:532] Before construct renumbering_dict
WARNING [447673 sampler.py:555] PreSampling done
W20240207 22:14:16.055266 447673 IPCTensor.h:369] NewIPCTensor: cached_sampler_r0_0 [1000000]0x100000002000 7.629 MB
W20240207 22:14:16.055429 447673 IPCTensor.h:369] NewIPCTensor: cached_sampler_r0_1 [1000000]0x1000007a5000 7.629 MB
W20240207 22:14:16.055456 447673 IPCTensor.h:369] NewIPCTensor: cached_sampler_r0_2 [1000000]0x100000f48000 7.629 MB
W20240207 22:14:16.055485 447673 IPCTensor.h:369] NewIPCTensor: cached_sampler_r0_3 [1000000]0x1000016eb000 7.629 MB
W20240207 22:14:16.055505 447673 IPCTensor.h:369] NewIPCTensor: cached_sampler_r0_4 [1000000]0x100001e8e000 7.629 MB
W20240207 22:14:16.055531 447673 IPCTensor.h:369] NewIPCTensor: cached_sampler_r0_5 [1000000]0x100002631000 7.629 MB
W20240207 22:14:16.055552 447673 IPCTensor.h:369] NewIPCTensor: cached_sampler_r0_6 [1000000]0x100002dd4000 7.629 MB
W20240207 22:14:16.055573 447673 IPCTensor.h:369] NewIPCTensor: cached_sampler_r0_7 [1000000]0x100003577000 7.629 MB
W20240207 22:14:16.055600 447673 IPCTensor.h:369] NewIPCTensor: cached_sampler_r0_8 [1000000]0x100003d1a000 7.629 MB
W20240207 22:14:16.055624 447673 IPCTensor.h:369] NewIPCTensor: cached_sampler_r0_9 [1000000]0x1000044bd000 7.629 MB
W20240207 22:14:16.055649 447673 IPCTensor.h:369] NewIPCTensor: step_r0 [10]0x100004c60000 80 B 
W20240207 22:14:16.055675 447673 IPCTensor.h:369] NewIPCTensor: circle_buffer_end_r0 [1]0x100004c62000 8 B 
W20240207 22:14:16.055691 447673 IPCTensor.h:369] NewIPCTensor: circle_buffer_end_cppseen_r0 [1]0x100004c64000 8 B 
W20240207 22:14:16.055801 447673 IPCTensor.h:369] NewIPCTensor: cached_sampler_r1_0 [1000000]0x100004c66000 7.629 MB
W20240207 22:14:16.055824 447673 IPCTensor.h:369] NewIPCTensor: cached_sampler_r1_1 [1000000]0x100005409000 7.629 MB
W20240207 22:14:16.055845 447673 IPCTensor.h:369] NewIPCTensor: cached_sampler_r1_2 [1000000]0x100005bac000 7.629 MB
W20240207 22:14:16.055879 447673 IPCTensor.h:369] NewIPCTensor: cached_sampler_r1_3 [1000000]0x10000634f000 7.629 MB
W20240207 22:14:16.055907 447673 IPCTensor.h:369] NewIPCTensor: cached_sampler_r1_4 [1000000]0x100006af2000 7.629 MB
W20240207 22:14:16.055927 447673 IPCTensor.h:369] NewIPCTensor: cached_sampler_r1_5 [1000000]0x100007295000 7.629 MB
W20240207 22:14:16.055955 447673 IPCTensor.h:369] NewIPCTensor: cached_sampler_r1_6 [1000000]0x100007a38000 7.629 MB
W20240207 22:14:16.055975 447673 IPCTensor.h:369] NewIPCTensor: cached_sampler_r1_7 [1000000]0x1000081db000 7.629 MB
W20240207 22:14:16.056000 447673 IPCTensor.h:369] NewIPCTensor: cached_sampler_r1_8 [1000000]0x10000897e000 7.629 MB
W20240207 22:14:16.056020 447673 IPCTensor.h:369] NewIPCTensor: cached_sampler_r1_9 [1000000]0x100009121000 7.629 MB
W20240207 22:14:16.056037 447673 IPCTensor.h:369] NewIPCTensor: step_r1 [10]0x1000098c4000 80 B 
W20240207 22:14:16.056053 447673 IPCTensor.h:369] NewIPCTensor: circle_buffer_end_r1 [1]0x1000098c6000 8 B 
W20240207 22:14:16.056068 447673 IPCTensor.h:369] NewIPCTensor: circle_buffer_end_cppseen_r1 [1]0x1000098c8000 8 B 
W20240207 22:14:16.056105 447673 IPCTensor.h:369] NewIPCTensor: cached_sampler_r2_0 [1000000]0x1000098ca000 7.629 MB
W20240207 22:14:16.056128 447673 IPCTensor.h:369] NewIPCTensor: cached_sampler_r2_1 [1000000]0x10000a06d000 7.629 MB
W20240207 22:14:16.056151 447673 IPCTensor.h:369] NewIPCTensor: cached_sampler_r2_2 [1000000]0x10000a810000 7.629 MB
W20240207 22:14:16.056175 447673 IPCTensor.h:369] NewIPCTensor: cached_sampler_r2_3 [1000000]0x10000afb3000 7.629 MB
W20240207 22:14:16.056200 447673 IPCTensor.h:369] NewIPCTensor: cached_sampler_r2_4 [1000000]0x10000b756000 7.629 MB
W20240207 22:14:16.056223 447673 IPCTensor.h:369] NewIPCTensor: cached_sampler_r2_5 [1000000]0x10000bef9000 7.629 MB
W20240207 22:14:16.056242 447673 IPCTensor.h:369] NewIPCTensor: cached_sampler_r2_6 [1000000]0x10000c69c000 7.629 MB
W20240207 22:14:16.056262 447673 IPCTensor.h:369] NewIPCTensor: cached_sampler_r2_7 [1000000]0x10000ce3f000 7.629 MB
W20240207 22:14:16.056278 447673 IPCTensor.h:369] NewIPCTensor: cached_sampler_r2_8 [1000000]0x10000d5e2000 7.629 MB
W20240207 22:14:16.056298 447673 IPCTensor.h:369] NewIPCTensor: cached_sampler_r2_9 [1000000]0x10000dd85000 7.629 MB
W20240207 22:14:16.056317 447673 IPCTensor.h:369] NewIPCTensor: step_r2 [10]0x10000e528000 80 B 
W20240207 22:14:16.056331 447673 IPCTensor.h:369] NewIPCTensor: circle_buffer_end_r2 [1]0x10000e52a000 8 B 
W20240207 22:14:16.056345 447673 IPCTensor.h:369] NewIPCTensor: circle_buffer_end_cppseen_r2 [1]0x10000e52c000 8 B 
W20240207 22:14:16.056381 447673 IPCTensor.h:369] NewIPCTensor: cached_sampler_r3_0 [1000000]0x10000e52e000 7.629 MB
W20240207 22:14:16.056401 447673 IPCTensor.h:369] NewIPCTensor: cached_sampler_r3_1 [1000000]0x10000ecd1000 7.629 MB
W20240207 22:14:16.056419 447673 IPCTensor.h:369] NewIPCTensor: cached_sampler_r3_2 [1000000]0x10000f474000 7.629 MB
W20240207 22:14:16.056452 447673 IPCTensor.h:369] NewIPCTensor: cached_sampler_r3_3 [1000000]0x10000fc17000 7.629 MB
W20240207 22:14:16.056473 447673 IPCTensor.h:369] NewIPCTensor: cached_sampler_r3_4 [1000000]0x1000103ba000 7.629 MB
W20240207 22:14:16.056497 447673 IPCTensor.h:369] NewIPCTensor: cached_sampler_r3_5 [1000000]0x100010b5d000 7.629 MB
W20240207 22:14:16.056521 447673 IPCTensor.h:369] NewIPCTensor: cached_sampler_r3_6 [1000000]0x100011300000 7.629 MB
W20240207 22:14:16.056545 447673 IPCTensor.h:369] NewIPCTensor: cached_sampler_r3_7 [1000000]0x100011aa3000 7.629 MB
W20240207 22:14:16.056567 447673 IPCTensor.h:369] NewIPCTensor: cached_sampler_r3_8 [1000000]0x100012246000 7.629 MB
W20240207 22:14:16.056588 447673 IPCTensor.h:369] NewIPCTensor: cached_sampler_r3_9 [1000000]0x1000129e9000 7.629 MB
W20240207 22:14:16.056607 447673 IPCTensor.h:369] NewIPCTensor: step_r3 [10]0x10001318c000 80 B 
W20240207 22:14:16.056622 447673 IPCTensor.h:369] NewIPCTensor: circle_buffer_end_r3 [1]0x10001318e000 8 B 
W20240207 22:14:16.056635 447673 IPCTensor.h:369] NewIPCTensor: circle_buffer_end_cppseen_r3 [1]0x100013190000 8 B 
W20240207 22:14:16.196079 447673 IPCTensor.h:369] NewIPCTensor: full_emb [14951, 400]0x100013192000 22.81 MB
W20240207 22:14:16.223608 447673 IPCTensor.h:369] NewIPCTensor: full_emb_SparseRowWiseAdaGrad_sum [14951]0x100014864000 58.4 kB
{0: Graph(num_nodes=10523, num_edges=182012,
      ndata_schemes={'_ID': Scheme(shape=(), dtype=torch.int64), 'inner_node': Scheme(shape=(), dtype=torch.int32), 'part_id': Scheme(shape=(), dtype=torch.int64)}
      edata_schemes={'_ID': Scheme(shape=(), dtype=torch.int64), 'inner_edge': Scheme(shape=(), dtype=torch.int8)}), 1: Graph(num_nodes=10996, num_edges=244360,
      ndata_schemes={'_ID': Scheme(shape=(), dtype=torch.int64), 'inner_node': Scheme(shape=(), dtype=torch.int32), 'part_id': Scheme(shape=(), dtype=torch.int64)}
      edata_schemes={'_ID': Scheme(shape=(), dtype=torch.int64), 'inner_edge': Scheme(shape=(), dtype=torch.int8)}), 2: Graph(num_nodes=9404, num_edges=143355,
      ndata_schemes={'_ID': Scheme(shape=(), dtype=torch.int64), 'inner_node': Scheme(shape=(), dtype=torch.int32), 'part_id': Scheme(shape=(), dtype=torch.int64)}
      edata_schemes={'_ID': Scheme(shape=(), dtype=torch.int64), 'inner_edge': Scheme(shape=(), dtype=torch.int8)}), 3: Graph(num_nodes=10954, num_edges=175447,
      ndata_schemes={'_ID': Scheme(shape=(), dtype=torch.int64), 'inner_node': Scheme(shape=(), dtype=torch.int32), 'part_id': Scheme(shape=(), dtype=torch.int64)}
      edata_schemes={'_ID': Scheme(shape=(), dtype=torch.int64), 'inner_edge': Scheme(shape=(), dtype=torch.int8)})}
MertisPartition: part 0 has 10523 N 182012 E
MertisPartition: part 1 has 10996 N 244360 E
MertisPartition: part 2 has 9404 N 143355 E
MertisPartition: part 3 has 10954 N 175447 E
Rank0: cached key size 373
Rank1: cached key size 373
Rank2: cached key size 373
Rank3: cached key size 373
Before renumbering graph:  {'_ID': tensor([    5,    14,    17,  ..., 11245,  2040,  3009]), 'inner_node': tensor([1, 1, 1,  ..., 0, 0, 0], dtype=torch.int32), 'part_id': tensor([0, 0, 0,  ..., 2, 3, 3])}
After renumbering graph:  {'_ID': tensor([1650, 1955, 2055,  ..., 2295, 6472, 7583]), 'inner_node': tensor([1, 1, 1,  ..., 0, 0, 0], dtype=torch.int32), 'part_id': tensor([0, 0, 0,  ..., 2, 3, 3])}
part_g: DGLGraph(num_nodes=10523, num_edges=182012,
         ndata_schemes={'_ID': Scheme(shape=(), dtype=torch.int64)}
         edata_schemes={'tid': Scheme(shape=(), dtype=torch.int64)})
part_g: DGLGraph(num_nodes=10523, num_edges=182012,
         ndata_schemes={'_ID': Scheme(shape=(), dtype=torch.int64)}
         edata_schemes={'tid': Scheme(shape=(), dtype=torch.int64)})
Total initialize time 2.746 seconds
[Rank1] pid = 447885
[Rank2] pid = 447950
INFO [447673 distributed_c10d.py:442] Added key: store_based_barrier_key:1 to store for rank: 0
INFO [447885 distributed_c10d.py:442] Added key: store_based_barrier_key:1 to store for rank: 1
INFO [448014 distributed_c10d.py:442] Added key: store_based_barrier_key:1 to store for rank: 3
INFO [447950 distributed_c10d.py:442] Added key: store_based_barrier_key:1 to store for rank: 2
INFO [447950 distributed_c10d.py:476] Rank 2: Completed store-based barrier for key:store_based_barrier_key:1 with 4 nodes.
INFO [447673 distributed_c10d.py:476] Rank 0: Completed store-based barrier for key:store_based_barrier_key:1 with 4 nodes.
W20240207 22:14:19.609755 448015 IPCTensor.h:409] NewIPCGPUTensor: embedding_cache_0 [1495, 400]; dev=0; size=2.281 MB
W20240207 22:14:19.610296 447951 IPCTensor.h:409] NewIPCGPUTensor: embedding_cache_2 [1495, 400]; dev=2; size=2.281 MB
W20240207 22:14:19.610457 448015 IPCTensor.h:369] NewIPCTensor: input_keys_0 [1000000]0x100014876000 7.629 MB
W20240207 22:14:19.610646 448015 IPCTensor.h:369] NewIPCTensor: input_keys_neg_0 [1000000]0x100015019000 7.629 MB
W20240207 22:14:19.610734 448015 IPCTensor.h:369] NewIPCTensor: backward_grads_0 [1000000, 400]0x1000157bc000 1.49 GB
W20240207 22:14:19.610800 448015 IPCTensor.h:369] NewIPCTensor: backward_grads_neg_0 [1000000, 400]0x100074d9f000 1.49 GB
W20240207 22:14:19.610900 448015 IPCTensor.h:409] NewIPCGPUTensor: backward_grads_0_gpu [1000000, 400]; dev=0; size=1.49 GB
W20240207 22:14:19.611155 447951 IPCTensor.h:369] NewIPCTensor: input_keys_2 [1000000]0x1000d4384000 7.629 MB
W20240207 22:14:19.611435 447951 IPCTensor.h:369] NewIPCTensor: input_keys_neg_2 [1000000]0x1000d4b27000 7.629 MB
W20240207 22:14:19.611527 447951 IPCTensor.h:369] NewIPCTensor: backward_grads_2 [1000000, 400]0x1000d52ca000 1.49 GB
INFO [447885 distributed_c10d.py:476] Rank 1: Completed store-based barrier for key:store_based_barrier_key:1 with 4 nodes.
W20240207 22:14:19.611591 447951 IPCTensor.h:369] NewIPCTensor: backward_grads_neg_2 [1000000, 400]0x1001348ad000 1.49 GB
W20240207 22:14:19.611677 447951 IPCTensor.h:409] NewIPCGPUTensor: backward_grads_2_gpu [1000000, 400]; dev=2; size=1.49 GB
W20240207 22:14:19.612718 447886 IPCTensor.h:409] NewIPCGPUTensor: embedding_cache_1 [1495, 400]; dev=1; size=2.281 MB
INFO [448014 distributed_c10d.py:476] Rank 3: Completed store-based barrier for key:store_based_barrier_key:1 with 4 nodes.
W20240207 22:14:19.615576 448016 IPCTensor.h:409] NewIPCGPUTensor: embedding_cache_3 [1495, 400]; dev=3; size=2.281 MB
W20240207 22:14:19.621169 448015 IPCTensor.h:409] NewIPCGPUTensor: backward_grads_neg_0_gpu [1000000, 400]; dev=0; size=1.49 GB
W20240207 22:14:19.621196 447886 IPCTensor.h:369] NewIPCTensor: input_keys_1 [1000000]0x100193e98000 7.629 MB
W20240207 22:14:19.621222 447951 IPCTensor.h:409] NewIPCGPUTensor: backward_grads_neg_2_gpu [1000000, 400]; dev=2; size=1.49 GB
W20240207 22:14:19.621325 447886 IPCTensor.h:369] NewIPCTensor: input_keys_neg_1 [1000000]0x100194dde000 7.629 MB
W20240207 22:14:19.621325 448016 IPCTensor.h:369] NewIPCTensor: input_keys_3 [1000000]0x10019463b000 7.629 MB
W20240207 22:14:19.621371 447886 IPCTensor.h:369] NewIPCTensor: backward_grads_1 [1000000, 400]0x100195581000 1.49 GB
W20240207 22:14:19.621402 447886 IPCTensor.h:369] NewIPCTensor: backward_grads_neg_1 [1000000, 400]0x1001f4b64000 1.49 GB
W20240207 22:14:19.621443 447886 IPCTensor.h:409] NewIPCGPUTensor: backward_grads_1_gpu [1000000, 400]; dev=1; size=1.49 GB
W20240207 22:14:19.621565 448016 IPCTensor.h:369] NewIPCTensor: input_keys_neg_3 [1000000]0x100254147000 7.629 MB
W20240207 22:14:19.621654 448016 IPCTensor.h:369] NewIPCTensor: backward_grads_3 [1000000, 400]0x1002548ea000 1.49 GB
W20240207 22:14:19.621718 448016 IPCTensor.h:369] NewIPCTensor: backward_grads_neg_3 [1000000, 400]0x1002b3ecd000 1.49 GB
W20240207 22:14:19.621794 448016 IPCTensor.h:409] NewIPCGPUTensor: backward_grads_3_gpu [1000000, 400]; dev=3; size=1.49 GB
W20240207 22:14:19.637007 447886 IPCTensor.h:409] NewIPCGPUTensor: backward_grads_neg_1_gpu [1000000, 400]; dev=1; size=1.49 GB
W20240207 22:14:19.637077 448016 IPCTensor.h:409] NewIPCGPUTensor: backward_grads_neg_3_gpu [1000000, 400]; dev=3; size=1.49 GB
cudaHostRegister 0x100013192000
2: KnownLocalCachedEmbedding init done
WARNING [447950 DistTensor.py:59] The tensor name already exists in the kvstore
cudaHostRegister 0x100013192000
3: KnownLocalCachedEmbedding init done
WARNING [448014 DistTensor.py:59] The tensor name already exists in the kvstore
cudaHostRegister 0x100013192000
1: KnownLocalCachedEmbedding init done
WARNING [447885 DistTensor.py:59] The tensor name already exists in the kvstore
[Rank3] pid = 448014
New CachedEmbedding, name=full_emb, shape=(14951, 400), cache_type=KnownLocalCachedEmbedding
fixed cache_range is [(0, 1495), (1495, 2990), (2990, 4485), (4485, 5980)]
cudaHostRegister 0x100013192000
0: KnownLocalCachedEmbedding init done
WARNING [447673 DistTensor.py:59] The tensor name already exists in the kvstore
I20240207 22:14:21.318761 448015 IPC_barrier.h:118] CreateBarrier: new barrier, name: kgcachecontroller, count: 4
I20240207 22:14:21.319010 447886 IPC_barrier.h:112] CreateBarrier: find existing barrier, name: kgcachecontroller, count: 4
I20240207 22:14:21.319063 448016 IPC_barrier.h:112] CreateBarrier: find existing barrier, name: kgcachecontroller, count: 4
I20240207 22:14:21.319315 447951 IPC_barrier.h:112] CreateBarrier: find existing barrier, name: kgcachecontroller, count: 4
W20240207 22:14:21.321144 448015 grad_base.h:55] KGCacheController, config={
        "num_gpus": 4,
        "L": 10,
        "backgrad_init": "both", 
        "kForwardItersPerStep": 2,
        "clr": 0.01,
        "nr_background_threads": 32,
        "backwardMode": "CppAsync",
        "cache_ratio": 0.1,
        "update_cache_use_omp":  0,
        "update_pq_use_omp":  0
        }
W20240207 22:14:21.321492 448015 grad_base.h:184] Init GradProcessingBase done
I20240207 22:14:21.323976 448015 grad_async_v1.h:203] Use main thread to update emb.
W20240207 22:14:21.324029 448015 kg_controller.h:75] after init GradAsyncProcessing
I20240207 22:14:21.324035 448015 kg_controller.h:84] Construct KGCacheController done
E20240207 22:14:22.694923 447886 recstore.cc:66] init folly done
E20240207 22:14:22.694979 448015 recstore.cc:66] init folly done
E20240207 22:14:22.695075 447951 recstore.cc:66] init folly done
E20240207 22:14:22.695133 448016 recstore.cc:66] init folly done
I20240207 22:14:22.695739 448015 grad_base.h:60] GraphEnv RegTensorsPerProcess
I20240207 22:14:23.440704 448015 IPC_barrier.h:118] CreateBarrier: new barrier, name: start_barrier, count: 4
I20240207 22:14:23.480415 447951 IPC_barrier.h:112] CreateBarrier: find existing barrier, name: start_barrier, count: 4
I20240207 22:14:23.480592 448016 IPC_barrier.h:112] CreateBarrier: find existing barrier, name: start_barrier, count: 4
I20240207 22:14:23.485634 447886 IPC_barrier.h:112] CreateBarrier: find existing barrier, name: start_barrier, count: 4
W20240207 22:14:25.673408 448015 grad_async_v1.h:429] Sleep in <BlockToStepN>, step_no=1, pq.top=1
+---------------------------+---------------------------+---------------------------+
| Name                      | P50                       | P99                       |
+---------------------------+---------------------------+---------------------------+
| GenInput                  | 659.585 us                | 7.720 ms                  |
| Forward                   | 2.388 ms                  | 695.788 ms                |
| Backward                  | 5.348 ms                  | 229.049 ms                |
| Optimize                  | 992.803 us                | 56.814 ms                 |
| BarrierTimeBeforeRank0    | 515.147 us                | 211.688 ms                |
| AfterBackward             | 7.992 ms                  | 992.753 ms                |
| BlockToStepN              | 1.292 ms                  | 18.447 ms                 |
| OneStep                   | 23.623 ms                 | 2.194 s                   |
+---------------------------+---------------------------+---------------------------+
W20240207 22:14:26.673012 448015 grad_async_v1.h:429] Sleep in <BlockToStepN>, step_no=35, pq.top=35
W20240207 22:14:27.673008 448015 grad_async_v1.h:429] Sleep in <BlockToStepN>, step_no=54, pq.top=54
+---------------------------+---------------------------+---------------------------+
| Name                      | P50                       | P99                       |
+---------------------------+---------------------------+---------------------------+
| ProcessBack:Shuffle       | 1.656 ms                  | 137.469 ms                |
| ProcessBack:UpdateCache   | 1.254 ms                  | 197.656 ms                |
| ProcessBack:UpsertPq      | 5.142 ms                  | 9.294 ms                  |
| ProcessOneStep            | 8.648 ms                  | 14.675 ms                 |
| BlockToStepN              | 17.885 ms                 | 36.847 ms                 |
+---------------------------+---------------------------+---------------------------+
W20240207 22:14:28.673010 448015 grad_async_v1.h:429] Sleep in <BlockToStepN>, step_no=70, pq.top=70
W20240207 22:14:29.673010 448015 grad_async_v1.h:429] Sleep in <BlockToStepN>, step_no=85, pq.top=85
W20240207 22:14:30.675519 448015 grad_async_v1.h:429] Sleep in <BlockToStepN>, step_no=99, pq.top=99
train_sampler.Prefill()
before start barrier
start train
[proc 1] 100 steps, total: 7.321, sample: 0.156, forward: 1.021, backward: 0.780, update: 0.155
train_sampler.Prefill()
before start barrier
start train
[proc 3] 100 steps, total: 7.326, sample: 0.174, forward: 1.042, backward: 0.810, update: 0.144
train_sampler.Prefill()
before start barrier
start train
[proc 2] 100 steps, total: 7.326, sample: 0.146, forward: 0.997, backward: 0.851, update: 0.164
train_sampler.Prefill()
-------Step 0-------
tensor([10948,   271,  9740,  7724,  7751,  5944, 10251,  4858, 11715,     2]) tensor([ 2055,  7933,  9814,  1382,  7971, 10406, 13901, 10803,  8224,  8010])
-------Step 1-------
tensor([10948,   271,  9740,  7724,  7751,  5944, 10251,  4858, 11715,     2]) tensor([ 7355, 13137, 12414, 14492,  7634,  8978,  6160,  2421,  2630,  8100])
-------Step 2-------
tensor([ 8581,  2709,  3955,    22,   721,    15,   191, 10687, 11026,  8960]) tensor([10785,  3812,  4026, 13566,  2268,  2780, 11886,  6973, 11031,  9163])
-------Step 3-------
tensor([ 8581,  2709,  3955,    22,   721,    15,   191, 10687, 11026,  8960]) tensor([  536, 12472,  6538, 13197,   252,   545,  2386, 12185,  5449,   162])
-------Step 4-------
tensor([ 3977, 14915, 11846, 11154,  5323,  5849, 11287,  6631,  3980,  2215]) tensor([14155,  1022,  9878, 11040,  4053,   666,  6673,  1099,  9617, 12426])
-------Step 5-------
tensor([ 3977, 14915, 11846, 11154,  5323,  5849, 11287,  6631,  3980,  2215]) tensor([ 6771,  6541,  8406, 13449,  1266, 11766,  3220, 13334,  7938,  6125])
-------Step 6-------
tensor([11885,   600,  6737,    57, 11070, 11363, 14920, 11846, 12010,  6916]) tensor([ 3378,  8547,  6891, 10667,  9415, 13714,  1962,  2607, 11968,  1347])
-------Step 7-------
tensor([11885,   600,  6737,    57, 11070, 11363, 14920, 11846, 12010,  6916]) tensor([ 4970, 13756,  9055,  7462,  5415,   852,  6953,   984, 10975, 12818])
-------Step 8-------
tensor([ 9766,  9169, 13502,  9326,  5784,  7093,  1757,  5721,  5328, 14765]) tensor([ 6737, 11066, 13345,  1846, 11473, 11080,  2345,  9082,  8808,  7943])
-------Step 9-------
tensor([ 9766,  9169, 13502,  9326,  5784,  7093,  1757,  5721,  5328, 14765]) tensor([ 9626, 11212,  1692,  3625,  2595,   615,  6664,  3042,  2630, 14050])
before start barrier
start train
[proc 0] 100 steps, total: 7.366, sample: 0.174, forward: 0.964, backward: 0.754, update: 0.151
+---------------------------+---------------------------+---------------------------+
| Name                      | P50                       | P99                       |
+---------------------------+---------------------------+---------------------------+
| GenInput                  | 918.512 us                | 8.455 ms                  |
| Forward                   | 2.776 ms                  | 5.774 ms                  |
| Backward                  | 5.505 ms                  | 5.916 ms                  |
| Optimize                  | 907.766 us                | 1.823 ms                  |
| BarrierTimeBeforeRank0    | 26.476 us                 | 4.795 ms                  |
| AfterBackward             | 9.240 ms                  | 14.694 ms                 |
| BlockToStepN              | 35.244 ms                 | 57.739 ms                 |
| OneStep                   | 57.885 ms                 | 85.290 ms                 |
+---------------------------+---------------------------+---------------------------+
W20240207 22:14:31.675010 448015 grad_async_v1.h:429] Sleep in <BlockToStepN>, step_no=112, pq.top=112
W20240207 22:14:32.675011 448015 grad_async_v1.h:429] Sleep in <BlockToStepN>, step_no=124, pq.top=124
+---------------------------+---------------------------+---------------------------+
| Name                      | P50                       | P99                       |
+---------------------------+---------------------------+---------------------------+
| ProcessBack:Shuffle       | 1.653 ms                  | 3.405 ms                  |
| ProcessBack:UpdateCache   | 1.245 ms                  | 2.503 ms                  |
| ProcessBack:UpsertPq      | 5.552 ms                  | 9.259 ms                  |
| ProcessOneStep            | 9.215 ms                  | 14.675 ms                 |
| BlockToStepN              | 39.705 ms                 | 63.534 ms                 |
+---------------------------+---------------------------+---------------------------+
W20240207 22:14:33.675006 448015 grad_async_v1.h:429] Sleep in <BlockToStepN>, step_no=136, pq.top=136
W20240207 22:14:34.675009 448015 grad_async_v1.h:429] Sleep in <BlockToStepN>, step_no=148, pq.top=148
W20240207 22:14:35.675006 448015 grad_async_v1.h:429] Sleep in <BlockToStepN>, step_no=159, pq.top=159
+---------------------------+---------------------------+---------------------------+
| Name                      | P50                       | P99                       |
+---------------------------+---------------------------+---------------------------+
| GenInput                  | 1.026 ms                  | 8.654 ms                  |
| Forward                   | 2.760 ms                  | 5.710 ms                  |
| Backward                  | 5.490 ms                  | 5.916 ms                  |
| Optimize                  | 898.306 us                | 1.823 ms                  |
| BarrierTimeBeforeRank0    | 18.095 us                 | 2.613 ms                  |
| AfterBackward             | 9.250 ms                  | 13.471 ms                 |
| BlockToStepN              | 48.473 ms                 | 75.208 ms                 |
| OneStep                   | 69.300 ms                 | 97.873 ms                 |
+---------------------------+---------------------------+---------------------------+
W20240207 22:14:36.675006 448015 grad_async_v1.h:429] Sleep in <BlockToStepN>, step_no=170, pq.top=170
W20240207 22:14:37.675009 448015 grad_async_v1.h:429] Sleep in <BlockToStepN>, step_no=182, pq.top=182
+---------------------------+---------------------------+---------------------------+
| Name                      | P50                       | P99                       |
+---------------------------+---------------------------+---------------------------+
| ProcessBack:Shuffle       | 1.653 ms                  | 2.923 ms                  |
| ProcessBack:UpdateCache   | 1.240 ms                  | 1.932 ms                  |
| ProcessBack:UpsertPq      | 5.696 ms                  | 8.632 ms                  |
| ProcessOneStep            | 9.266 ms                  | 13.434 ms                 |
| BlockToStepN              | 50.032 ms                 | 75.168 ms                 |
+---------------------------+---------------------------+---------------------------+
W20240207 22:14:38.675005 448015 grad_async_v1.h:429] Sleep in <BlockToStepN>, step_no=193, pq.top=193
[proc 2] 200 steps, total: 8.606, sample: 0.151, forward: 0.227, backward: 0.525, update: 0.097
[proc 1] 200 steps, total: 8.606, sample: 0.154, forward: 0.252, backward: 0.549, update: 0.087
[proc 0] 200 steps, total: 8.606, sample: 0.234, forward: 0.265, backward: 0.542, update: 0.088
[proc 3] 200 steps, total: 8.606, sample: 0.157, forward: 0.246, backward: 0.530, update: 0.091
W20240207 22:14:39.675009 448015 grad_async_v1.h:429] Sleep in <BlockToStepN>, step_no=203, pq.top=203
W20240207 22:14:40.693675 448015 grad_async_v1.h:429] Sleep in <BlockToStepN>, step_no=215, pq.top=215
+---------------------------+---------------------------+---------------------------+
| Name                      | P50                       | P99                       |
+---------------------------+---------------------------+---------------------------+
| GenInput                  | 1.149 ms                  | 8.779 ms                  |
| Forward                   | 2.665 ms                  | 5.710 ms                  |
| Backward                  | 5.493 ms                  | 5.952 ms                  |
| Optimize                  | 894.207 us                | 1.823 ms                  |
| BarrierTimeBeforeRank0    | 16.445 us                 | 2.613 ms                  |
| AfterBackward             | 9.382 ms                  | 13.471 ms                 |
| BlockToStepN              | 56.399 ms                 | 79.249 ms                 |
| OneStep                   | 78.183 ms                 | 101.992 ms                |
+---------------------------+---------------------------+---------------------------+
W20240207 22:14:41.693009 448015 grad_async_v1.h:429] Sleep in <BlockToStepN>, step_no=226, pq.top=226
W20240207 22:14:42.693006 448015 grad_async_v1.h:429] Sleep in <BlockToStepN>, step_no=237, pq.top=237
+---------------------------+---------------------------+---------------------------+
| Name                      | P50                       | P99                       |
+---------------------------+---------------------------+---------------------------+
| ProcessBack:Shuffle       | 1.654 ms                  | 2.709 ms                  |
| ProcessBack:UpdateCache   | 1.233 ms                  | 1.775 ms                  |
| ProcessBack:UpsertPq      | 5.913 ms                  | 8.765 ms                  |
| ProcessOneStep            | 9.382 ms                  | 13.434 ms                 |
| BlockToStepN              | 57.593 ms                 | 79.694 ms                 |
+---------------------------+---------------------------+---------------------------+
W20240207 22:14:43.702519 448015 grad_async_v1.h:429] Sleep in <BlockToStepN>, step_no=248, pq.top=248
W20240207 22:14:44.702006 448015 grad_async_v1.h:429] Sleep in <BlockToStepN>, step_no=259, pq.top=259
W20240207 22:14:45.714355 448015 grad_async_v1.h:429] Sleep in <BlockToStepN>, step_no=270, pq.top=270
+---------------------------+---------------------------+---------------------------+
| Name                      | P50                       | P99                       |
+---------------------------+---------------------------+---------------------------+
| GenInput                  | 1.198 ms                  | 8.786 ms                  |
| Forward                   | 2.630 ms                  | 4.348 ms                  |
| Backward                  | 5.496 ms                  | 5.916 ms                  |
| Optimize                  | 890.490 us                | 1.817 ms                  |
| BarrierTimeBeforeRank0    | 16.115 us                 | 5.036 ms                  |
| AfterBackward             | 9.365 ms                  | 12.453 ms                 |
| BlockToStepN              | 61.088 ms                 | 80.804 ms                 |
| OneStep                   | 82.592 ms                 | 103.144 ms                |
+---------------------------+---------------------------+---------------------------+
W20240207 22:14:46.714007 448015 grad_async_v1.h:429] Sleep in <BlockToStepN>, step_no=280, pq.top=280
+---------------------------+---------------------------+---------------------------+
| Name                      | P50                       | P99                       |
+---------------------------+---------------------------+---------------------------+
| ProcessBack:Shuffle       | 1.653 ms                  | 2.808 ms                  |
| ProcessBack:UpdateCache   | 1.227 ms                  | 1.665 ms                  |
| ProcessBack:UpsertPq      | 5.896 ms                  | 8.780 ms                  |
| ProcessOneStep            | 9.340 ms                  | 12.436 ms                 |
| BlockToStepN              | 61.978 ms                 | 81.818 ms                 |
+---------------------------+---------------------------+---------------------------+
W20240207 22:14:47.714004 448015 grad_async_v1.h:429] Sleep in <BlockToStepN>, step_no=291, pq.top=291
[proc 3] 300 steps, total: 9.196, sample: 0.149, forward: 0.248, backward: 0.531, update: 0.082
[proc 0] 300 steps, total: 9.196, sample: 0.231, forward: 0.253, backward: 0.545, update: 0.085
[proc 2] 300 steps, total: 9.196, sample: 0.135, forward: 0.218, backward: 0.519, update: 0.092
[proc 1] 300 steps, total: 9.196, sample: 0.144, forward: 0.260, backward: 0.553, update: 0.091
W20240207 22:14:48.721935 448015 grad_async_v1.h:429] Sleep in <BlockToStepN>, step_no=302, pq.top=302
W20240207 22:14:49.721010 448015 grad_async_v1.h:429] Sleep in <BlockToStepN>, step_no=312, pq.top=312
W20240207 22:14:50.721009 448015 grad_async_v1.h:429] Sleep in <BlockToStepN>, step_no=323, pq.top=323
+---------------------------+---------------------------+---------------------------+
| Name                      | P50                       | P99                       |
+---------------------------+---------------------------+---------------------------+
| GenInput                  | 1.244 ms                  | 10.639 ms                 |
| Forward                   | 2.639 ms                  | 4.348 ms                  |
| Backward                  | 5.498 ms                  | 6.145 ms                  |
| Optimize                  | 887.477 us                | 1.823 ms                  |
| BarrierTimeBeforeRank0    | 16.270 us                 | 6.419 ms                  |
| AfterBackward             | 9.320 ms                  | 12.453 ms                 |
| BlockToStepN              | 63.315 ms                 | 83.179 ms                 |
| OneStep                   | 84.638 ms                 | 109.507 ms                |
+---------------------------+---------------------------+---------------------------+
W20240207 22:14:51.721007 448015 grad_async_v1.h:429] Sleep in <BlockToStepN>, step_no=334, pq.top=334
+---------------------------+---------------------------+---------------------------+
| Name                      | P50                       | P99                       |
+---------------------------+---------------------------+---------------------------+
| ProcessBack:Shuffle       | 1.648 ms                  | 2.808 ms                  |
| ProcessBack:UpdateCache   | 1.224 ms                  | 1.662 ms                  |
| ProcessBack:UpsertPq      | 5.881 ms                  | 8.780 ms                  |
| ProcessOneStep            | 9.279 ms                  | 12.436 ms                 |
| BlockToStepN              | 63.503 ms                 | 83.439 ms                 |
+---------------------------+---------------------------+---------------------------+
W20240207 22:14:52.721009 448015 grad_async_v1.h:429] Sleep in <BlockToStepN>, step_no=345, pq.top=345
W20240207 22:14:53.721006 448015 grad_async_v1.h:429] Sleep in <BlockToStepN>, step_no=356, pq.top=356
W20240207 22:14:54.721010 448015 grad_async_v1.h:429] Sleep in <BlockToStepN>, step_no=367, pq.top=367
W20240207 22:14:55.721006 448015 grad_async_v1.h:429] Sleep in <BlockToStepN>, step_no=378, pq.top=378
+---------------------------+---------------------------+---------------------------+
| Name                      | P50                       | P99                       |
+---------------------------+---------------------------+---------------------------+
| GenInput                  | 1.251 ms                  | 10.520 ms                 |
| Forward                   | 2.632 ms                  | 3.582 ms                  |
| Backward                  | 5.500 ms                  | 6.025 ms                  |
| Optimize                  | 887.332 us                | 1.817 ms                  |
| BarrierTimeBeforeRank0    | 16.586 us                 | 6.419 ms                  |
| AfterBackward             | 9.266 ms                  | 12.414 ms                 |
| BlockToStepN              | 64.382 ms                 | 84.089 ms                 |
| OneStep                   | 87.152 ms                 | 109.507 ms                |
+---------------------------+---------------------------+---------------------------+
W20240207 22:14:56.721010 448015 grad_async_v1.h:429] Sleep in <BlockToStepN>, step_no=389, pq.top=389
+---------------------------+---------------------------+---------------------------+
| Name                      | P50                       | P99                       |
+---------------------------+---------------------------+---------------------------+
| ProcessBack:Shuffle       | 1.648 ms                  | 2.758 ms                  |
| ProcessBack:UpdateCache   | 1.221 ms                  | 1.561 ms                  |
| ProcessBack:UpsertPq      | 5.862 ms                  | 8.780 ms                  |
| ProcessOneStep            | 9.241 ms                  | 12.393 ms                 |
| BlockToStepN              | 64.472 ms                 | 84.052 ms                 |
+---------------------------+---------------------------+---------------------------+
W20240207 22:14:57.721004 448015 grad_async_v1.h:429] Sleep in <BlockToStepN>, step_no=399, pq.top=399
[proc 0] 400 steps, total: 9.213, sample: 0.224, forward: 0.259, backward: 0.545, update: 0.084
[proc 1] 400 steps, total: 9.213, sample: 0.156, forward: 0.252, backward: 0.554, update: 0.086
[proc 2] 400 steps, total: 9.213, sample: 0.130, forward: 0.210, backward: 0.516, update: 0.094
[proc 3] 400 steps, total: 9.214, sample: 0.142, forward: 0.248, backward: 0.531, update: 0.091
W20240207 22:14:58.721011 448015 grad_async_v1.h:429] Sleep in <BlockToStepN>, step_no=410, pq.top=410
W20240207 22:14:59.721009 448015 grad_async_v1.h:429] Sleep in <BlockToStepN>, step_no=421, pq.top=421
W20240207 22:15:00.737138 448015 grad_async_v1.h:429] Sleep in <BlockToStepN>, step_no=432, pq.top=432
+---------------------------+---------------------------+---------------------------+
| Name                      | P50                       | P99                       |
+---------------------------+---------------------------+---------------------------+
| GenInput                  | 1.278 ms                  | 10.854 ms                 |
| Forward                   | 2.655 ms                  | 3.657 ms                  |
| Backward                  | 5.501 ms                  | 6.145 ms                  |
| Optimize                  | 887.571 us                | 1.823 ms                  |
| BarrierTimeBeforeRank0    | 17.368 us                 | 6.761 ms                  |
| AfterBackward             | 9.291 ms                  | 12.414 ms                 |
| BlockToStepN              | 65.781 ms                 | 84.089 ms                 |
| OneStep                   | 87.991 ms                 | 109.507 ms                |
+---------------------------+---------------------------+---------------------------+
W20240207 22:15:01.737006 448015 grad_async_v1.h:429] Sleep in <BlockToStepN>, step_no=442, pq.top=442
+---------------------------+---------------------------+---------------------------+
| Name                      | P50                       | P99                       |
+---------------------------+---------------------------+---------------------------+
| ProcessBack:Shuffle       | 1.651 ms                  | 2.758 ms                  |
| ProcessBack:UpdateCache   | 1.223 ms                  | 1.561 ms                  |
| ProcessBack:UpsertPq      | 5.867 ms                  | 8.765 ms                  |
| ProcessOneStep            | 9.276 ms                  | 12.340 ms                 |
| BlockToStepN              | 66.133 ms                 | 83.439 ms                 |
+---------------------------+---------------------------+---------------------------+
W20240207 22:15:02.737005 448015 grad_async_v1.h:429] Sleep in <BlockToStepN>, step_no=453, pq.top=453
W20240207 22:15:03.737010 448015 grad_async_v1.h:429] Sleep in <BlockToStepN>, step_no=463, pq.top=463
W20240207 22:15:04.737007 448015 grad_async_v1.h:429] Sleep in <BlockToStepN>, step_no=474, pq.top=474
W20240207 22:15:05.737010 448015 grad_async_v1.h:429] Sleep in <BlockToStepN>, step_no=484, pq.top=484
+---------------------------+---------------------------+---------------------------+
| Name                      | P50                       | P99                       |
+---------------------------+---------------------------+---------------------------+
| GenInput                  | 1.294 ms                  | 10.854 ms                 |
| Forward                   | 2.681 ms                  | 3.582 ms                  |
| Backward                  | 5.501 ms                  | 6.095 ms                  |
| Optimize                  | 888.153 us                | 1.817 ms                  |
| BarrierTimeBeforeRank0    | 17.422 us                 | 6.548 ms                  |
| AfterBackward             | 9.318 ms                  | 12.846 ms                 |
| BlockToStepN              | 66.703 ms                 | 85.809 ms                 |
| OneStep                   | 88.700 ms                 | 109.991 ms                |
+---------------------------+---------------------------+---------------------------+
W20240207 22:15:06.753294 448015 grad_async_v1.h:429] Sleep in <BlockToStepN>, step_no=495, pq.top=495
[proc 1] 500 steps, total: 9.470, sample: 0.145, forward: 0.256, backward: 0.548, update: 0.081
[proc 0] 500 steps, total: 9.470, sample: 0.254, forward: 0.273, backward: 0.545, update: 0.095
[proc 2] 500 steps, total: 9.470, sample: 0.144, forward: 0.208, backward: 0.443, update: 0.095
[proc 3] 500 steps, total: 9.470, sample: 0.144, forward: 0.246, backward: 0.529, update: 0.078
Successfully xmh. training takes 43.85100483894348 seconds
before call kg_cache_controller.StopThreads()
W20240207 22:15:07.291712 448015 grad_async_v1.h:243] call StopThreads. PID = 447673
W20240207 22:15:07.291733 448015 grad_base.h:212] before processOneStepNegThread_.join();
[W tensorpipe_agent.cpp:725] RPC agent for worker0 encountered error when reading incoming request from worker1: eof (this error originated at tensorpipe/transport/shm/connection_impl.cc:259)
W20240207 22:15:07.297124 448015 grad_base.h:214] after processOneStepNegThread_.join();
W20240207 22:15:07.297147 448015 grad_async_v1.h:245] call GradProcessingBase::StopThreads.
[W tensorpipe_agent.cpp:725] RPC agent for worker0 encountered error when reading incoming request from worker3: eof (this error originated at tensorpipe/transport/shm/connection_impl.cc:259)
[W tensorpipe_agent.cpp:725] RPC agent for worker0 encountered error when reading incoming request from worker2: eof (this error originated at tensorpipe/transport/shm/connection_impl.cc:259)
W20240207 22:15:07.327673 448015 grad_async_v1.h:264] StopThreads done.
+---------------------------+---------------------------+---------------------------+
| Name                      | P50                       | P99                       |
+---------------------------+---------------------------+---------------------------+
| ProcessBack:Shuffle       | 1.654 ms                  | 2.709 ms                  |
| ProcessBack:UpdateCache   | 1.229 ms                  | 1.808 ms                  |
| ProcessBack:UpsertPq      | 5.830 ms                  | 8.958 ms                  |
| ProcessOneStep            | 9.303 ms                  | 12.859 ms                 |
| BlockToStepN              | 66.691 ms                 | 85.754 ms                 |
+---------------------------+---------------------------+---------------------------+
On rank0, prepare to call self.controller.StopThreads(), self=<python.controller_process.KGCacheControllerWrapper object at 0x7f9faee41d50>
