WARNING: Logging before InitGoogleLogging() is written to STDERR
I20240128 17:52:44.850628 602717 IPC_barrier.h:128] MultiProcessBarrierFactory->ClearIPCMemory()
/home/xieminhui/RecStore/src/framework_adapters/torch/kg/dgl-0.9.1/python/dgl/_deprecate/graph.py:1023: DGLWarning: multigraph will be deprecated.DGL will treat all graphs as multigraph in the future.
  dgl_warning("multigraph will be deprecated." \
/home/xieminhui/RecStore/src/framework_adapters/torch/kg/dgl-0.9.1/python/dgl/heterograph.py:72: DGLWarning: Recommend creating graphs by `dgl.graph(data)` instead of `dgl.DGLGraph(data)`.
  dgl_warning('Recommend creating graphs by `dgl.graph(data)`'
Reading train triples....
Finished. Read 483142 train triples.
Reading valid triples....
Finished. Read 50000 valid triples.
Reading test triples....
Finished. Read 59071 test triples.
ARGS:  Namespace(model_name='SimplE', data_path='/home/xieminhui/dgl-data', dataset='FB15k', format='built_in', data_files=None, delimiter='\t', save_path='/tmp/ckpts/SimplE_FB15k_15', no_save_emb=True, max_step=500, batch_size=2400, batch_size_eval=16, neg_sample_size=200, neg_deg_sample=False, neg_deg_sample_eval=False, neg_sample_size_eval=14951, eval_percent=1, no_eval_filter=False, log_interval=100, eval_interval=10000, test=False, num_proc=4, num_thread=1, force_sync_interval=1, hidden_dim=400, lr=0.01, gamma=16.0, double_ent=False, double_rel=False, neg_adversarial_sampling=False, adversarial_temperature=1.0, regularization_coef=0.0, regularization_norm=3, pairwise=False, loss_genre='Logsigmoid', margin=1.0, nr_gpus=4, gpu=[0, 1, 2, 3], mix_cpu_gpu=True, valid=False, rel_part=False, async_update=None, has_edge_importance=False, cached_emb_type='KnownLocalCachedEmbedding', use_my_emb=True, cache_ratio=0.01, shuffle=False, backwardMode='CppAsyncV2', L=10, update_cache_use_omp=0, update_pq_use_omp=0, kForwardItersPerStep=2, backgrad_init='both', eval_filter=True, soft_rel_part=False)
|Train|: 483142
original graph:  DGLGraph(num_nodes=14951, num_edges=592213,
         ndata_schemes={}
         edata_schemes={'tid': Scheme(shape=(), dtype=torch.int64)})
Loading cached metis
WARNING [602717 sampler.py:454] Start PreSampling
WARNING [602717 sampler.py:532] Before construct renumbering_dict
WARNING [602717 sampler.py:555] PreSampling done
W20240128 17:52:47.071285 602717 IPCTensor.h:368] NewIPCTensor: cached_sampler_r0_0 [1000000]0x100000002000 7.629 MB
W20240128 17:52:47.071413 602717 IPCTensor.h:368] NewIPCTensor: cached_sampler_r0_1 [1000000]0x1000007a5000 7.629 MB
W20240128 17:52:47.071439 602717 IPCTensor.h:368] NewIPCTensor: cached_sampler_r0_2 [1000000]0x100000f48000 7.629 MB
W20240128 17:52:47.071457 602717 IPCTensor.h:368] NewIPCTensor: cached_sampler_r0_3 [1000000]0x1000016eb000 7.629 MB
W20240128 17:52:47.071472 602717 IPCTensor.h:368] NewIPCTensor: cached_sampler_r0_4 [1000000]0x100001e8e000 7.629 MB
W20240128 17:52:47.071494 602717 IPCTensor.h:368] NewIPCTensor: cached_sampler_r0_5 [1000000]0x100002631000 7.629 MB
W20240128 17:52:47.071513 602717 IPCTensor.h:368] NewIPCTensor: cached_sampler_r0_6 [1000000]0x100002dd4000 7.629 MB
W20240128 17:52:47.071537 602717 IPCTensor.h:368] NewIPCTensor: cached_sampler_r0_7 [1000000]0x100003577000 7.629 MB
W20240128 17:52:47.071559 602717 IPCTensor.h:368] NewIPCTensor: cached_sampler_r0_8 [1000000]0x100003d1a000 7.629 MB
W20240128 17:52:47.071576 602717 IPCTensor.h:368] NewIPCTensor: cached_sampler_r0_9 [1000000]0x1000044bd000 7.629 MB
W20240128 17:52:47.071596 602717 IPCTensor.h:368] NewIPCTensor: step_r0 [10]0x100004c60000 80 B 
W20240128 17:52:47.071614 602717 IPCTensor.h:368] NewIPCTensor: circle_buffer_end_r0 [1]0x100004c62000 8 B 
W20240128 17:52:47.071630 602717 IPCTensor.h:368] NewIPCTensor: circle_buffer_end_cppseen_r0 [1]0x100004c64000 8 B 
W20240128 17:52:47.071712 602717 IPCTensor.h:368] NewIPCTensor: cached_sampler_r1_0 [1000000]0x100004c66000 7.629 MB
W20240128 17:52:47.071738 602717 IPCTensor.h:368] NewIPCTensor: cached_sampler_r1_1 [1000000]0x100005409000 7.629 MB
W20240128 17:52:47.071753 602717 IPCTensor.h:368] NewIPCTensor: cached_sampler_r1_2 [1000000]0x100005bac000 7.629 MB
W20240128 17:52:47.071787 602717 IPCTensor.h:368] NewIPCTensor: cached_sampler_r1_3 [1000000]0x10000634f000 7.629 MB
W20240128 17:52:47.071803 602717 IPCTensor.h:368] NewIPCTensor: cached_sampler_r1_4 [1000000]0x100006af2000 7.629 MB
W20240128 17:52:47.071818 602717 IPCTensor.h:368] NewIPCTensor: cached_sampler_r1_5 [1000000]0x100007295000 7.629 MB
W20240128 17:52:47.071841 602717 IPCTensor.h:368] NewIPCTensor: cached_sampler_r1_6 [1000000]0x100007a38000 7.629 MB
W20240128 17:52:47.071858 602717 IPCTensor.h:368] NewIPCTensor: cached_sampler_r1_7 [1000000]0x1000081db000 7.629 MB
W20240128 17:52:47.071873 602717 IPCTensor.h:368] NewIPCTensor: cached_sampler_r1_8 [1000000]0x10000897e000 7.629 MB
W20240128 17:52:47.071892 602717 IPCTensor.h:368] NewIPCTensor: cached_sampler_r1_9 [1000000]0x100009121000 7.629 MB
W20240128 17:52:47.071907 602717 IPCTensor.h:368] NewIPCTensor: step_r1 [10]0x1000098c4000 80 B 
W20240128 17:52:47.071920 602717 IPCTensor.h:368] NewIPCTensor: circle_buffer_end_r1 [1]0x1000098c6000 8 B 
W20240128 17:52:47.071936 602717 IPCTensor.h:368] NewIPCTensor: circle_buffer_end_cppseen_r1 [1]0x1000098c8000 8 B 
W20240128 17:52:47.071974 602717 IPCTensor.h:368] NewIPCTensor: cached_sampler_r2_0 [1000000]0x1000098ca000 7.629 MB
W20240128 17:52:47.071998 602717 IPCTensor.h:368] NewIPCTensor: cached_sampler_r2_1 [1000000]0x10000a06d000 7.629 MB
W20240128 17:52:47.072012 602717 IPCTensor.h:368] NewIPCTensor: cached_sampler_r2_2 [1000000]0x10000a810000 7.629 MB
W20240128 17:52:47.072031 602717 IPCTensor.h:368] NewIPCTensor: cached_sampler_r2_3 [1000000]0x10000afb3000 7.629 MB
W20240128 17:52:47.072046 602717 IPCTensor.h:368] NewIPCTensor: cached_sampler_r2_4 [1000000]0x10000b756000 7.629 MB
W20240128 17:52:47.072062 602717 IPCTensor.h:368] NewIPCTensor: cached_sampler_r2_5 [1000000]0x10000bef9000 7.629 MB
W20240128 17:52:47.072078 602717 IPCTensor.h:368] NewIPCTensor: cached_sampler_r2_6 [1000000]0x10000c69c000 7.629 MB
W20240128 17:52:47.072095 602717 IPCTensor.h:368] NewIPCTensor: cached_sampler_r2_7 [1000000]0x10000ce3f000 7.629 MB
W20240128 17:52:47.072110 602717 IPCTensor.h:368] NewIPCTensor: cached_sampler_r2_8 [1000000]0x10000d5e2000 7.629 MB
W20240128 17:52:47.072127 602717 IPCTensor.h:368] NewIPCTensor: cached_sampler_r2_9 [1000000]0x10000dd85000 7.629 MB
W20240128 17:52:47.072141 602717 IPCTensor.h:368] NewIPCTensor: step_r2 [10]0x10000e528000 80 B 
W20240128 17:52:47.072154 602717 IPCTensor.h:368] NewIPCTensor: circle_buffer_end_r2 [1]0x10000e52a000 8 B 
W20240128 17:52:47.072166 602717 IPCTensor.h:368] NewIPCTensor: circle_buffer_end_cppseen_r2 [1]0x10000e52c000 8 B 
W20240128 17:52:47.072197 602717 IPCTensor.h:368] NewIPCTensor: cached_sampler_r3_0 [1000000]0x10000e52e000 7.629 MB
W20240128 17:52:47.072219 602717 IPCTensor.h:368] NewIPCTensor: cached_sampler_r3_1 [1000000]0x10000ecd1000 7.629 MB
W20240128 17:52:47.072237 602717 IPCTensor.h:368] NewIPCTensor: cached_sampler_r3_2 [1000000]0x10000f474000 7.629 MB
W20240128 17:52:47.072254 602717 IPCTensor.h:368] NewIPCTensor: cached_sampler_r3_3 [1000000]0x10000fc17000 7.629 MB
W20240128 17:52:47.072271 602717 IPCTensor.h:368] NewIPCTensor: cached_sampler_r3_4 [1000000]0x1000103ba000 7.629 MB
W20240128 17:52:47.072286 602717 IPCTensor.h:368] NewIPCTensor: cached_sampler_r3_5 [1000000]0x100010b5d000 7.629 MB
W20240128 17:52:47.072300 602717 IPCTensor.h:368] NewIPCTensor: cached_sampler_r3_6 [1000000]0x100011300000 7.629 MB
W20240128 17:52:47.072317 602717 IPCTensor.h:368] NewIPCTensor: cached_sampler_r3_7 [1000000]0x100011aa3000 7.629 MB
W20240128 17:52:47.072335 602717 IPCTensor.h:368] NewIPCTensor: cached_sampler_r3_8 [1000000]0x100012246000 7.629 MB
W20240128 17:52:47.072350 602717 IPCTensor.h:368] NewIPCTensor: cached_sampler_r3_9 [1000000]0x1000129e9000 7.629 MB
W20240128 17:52:47.072366 602717 IPCTensor.h:368] NewIPCTensor: step_r3 [10]0x10001318c000 80 B 
W20240128 17:52:47.072379 602717 IPCTensor.h:368] NewIPCTensor: circle_buffer_end_r3 [1]0x10001318e000 8 B 
W20240128 17:52:47.072394 602717 IPCTensor.h:368] NewIPCTensor: circle_buffer_end_cppseen_r3 [1]0x100013190000 8 B 
W20240128 17:52:47.212875 602717 IPCTensor.h:368] NewIPCTensor: full_emb [14951, 400]0x100013192000 22.81 MB
W20240128 17:52:47.213014 602717 IPCTensor.h:368] NewIPCTensor: full_emb_SparseRowWiseAdaGrad_sum [14951]0x100014864000 58.4 kB
{0: Graph(num_nodes=10523, num_edges=182012,
      ndata_schemes={'_ID': Scheme(shape=(), dtype=torch.int64), 'inner_node': Scheme(shape=(), dtype=torch.int32), 'part_id': Scheme(shape=(), dtype=torch.int64)}
      edata_schemes={'_ID': Scheme(shape=(), dtype=torch.int64), 'inner_edge': Scheme(shape=(), dtype=torch.int8)}), 1: Graph(num_nodes=10996, num_edges=244360,
      ndata_schemes={'_ID': Scheme(shape=(), dtype=torch.int64), 'inner_node': Scheme(shape=(), dtype=torch.int32), 'part_id': Scheme(shape=(), dtype=torch.int64)}
      edata_schemes={'_ID': Scheme(shape=(), dtype=torch.int64), 'inner_edge': Scheme(shape=(), dtype=torch.int8)}), 2: Graph(num_nodes=9404, num_edges=143355,
      ndata_schemes={'_ID': Scheme(shape=(), dtype=torch.int64), 'inner_node': Scheme(shape=(), dtype=torch.int32), 'part_id': Scheme(shape=(), dtype=torch.int64)}
      edata_schemes={'_ID': Scheme(shape=(), dtype=torch.int64), 'inner_edge': Scheme(shape=(), dtype=torch.int8)}), 3: Graph(num_nodes=10954, num_edges=175447,
      ndata_schemes={'_ID': Scheme(shape=(), dtype=torch.int64), 'inner_node': Scheme(shape=(), dtype=torch.int32), 'part_id': Scheme(shape=(), dtype=torch.int64)}
      edata_schemes={'_ID': Scheme(shape=(), dtype=torch.int64), 'inner_edge': Scheme(shape=(), dtype=torch.int8)})}
MertisPartition: part 0 has 10523 N 182012 E
MertisPartition: part 1 has 10996 N 244360 E
MertisPartition: part 2 has 9404 N 143355 E
MertisPartition: part 3 has 10954 N 175447 E
Rank0: cached key size 37
Rank1: cached key size 37
Rank2: cached key size 37
Rank3: cached key size 37
Before renumbering graph:  {'_ID': tensor([    5,    14,    17,  ..., 11245,  2040,  3009]), 'inner_node': tensor([1, 1, 1,  ..., 0, 0, 0], dtype=torch.int32), 'part_id': tensor([0, 0, 0,  ..., 2, 3, 3])}
After renumbering graph:  {'_ID': tensor([ 330,  614,  715,  ..., 1269, 6497, 7792]), 'inner_node': tensor([1, 1, 1,  ..., 0, 0, 0], dtype=torch.int32), 'part_id': tensor([0, 0, 0,  ..., 2, 3, 3])}
part_g: DGLGraph(num_nodes=10523, num_edges=182012,
         ndata_schemes={'_ID': Scheme(shape=(), dtype=torch.int64)}
         edata_schemes={'tid': Scheme(shape=(), dtype=torch.int64)})
part_g: DGLGraph(num_nodes=10523, num_edges=182012,
         ndata_schemes={'_ID': Scheme(shape=(), dtype=torch.int64)}
         edata_schemes={'tid': Scheme(shape=(), dtype=torch.int64)})
Total initialize time 2.392 seconds
[Rank1] pid = 602927
[Rank2] pid = 602992
INFO [602717 distributed_c10d.py:442] Added key: store_based_barrier_key:1 to store for rank: 0
INFO [602992 distributed_c10d.py:442] Added key: store_based_barrier_key:1 to store for rank: 2
INFO [602927 distributed_c10d.py:442] Added key: store_based_barrier_key:1 to store for rank: 1
INFO [603056 distributed_c10d.py:442] Added key: store_based_barrier_key:1 to store for rank: 3
INFO [602992 distributed_c10d.py:476] Rank 2: Completed store-based barrier for key:store_based_barrier_key:1 with 4 nodes.
INFO [602927 distributed_c10d.py:476] Rank 1: Completed store-based barrier for key:store_based_barrier_key:1 with 4 nodes.
INFO [603056 distributed_c10d.py:476] Rank 3: Completed store-based barrier for key:store_based_barrier_key:1 with 4 nodes.
W20240128 17:52:50.274205 602928 IPCTensor.h:408] NewIPCGPUTensor: embedding_cache_1 [149, 400]; dev=1; size=232.8 kB
W20240128 17:52:50.274209 602993 IPCTensor.h:408] NewIPCGPUTensor: embedding_cache_2 [149, 400]; dev=2; size=232.8 kB
INFO [602717 distributed_c10d.py:476] Rank 0: Completed store-based barrier for key:store_based_barrier_key:1 with 4 nodes.
W20240128 17:52:50.274649 602993 IPCTensor.h:368] NewIPCTensor: input_keys_2 [1000000]0x100014878000 7.629 MB
W20240128 17:52:50.274683 602928 IPCTensor.h:368] NewIPCTensor: input_keys_1 [1000000]0x10001501b000 7.629 MB
W20240128 17:52:50.274765 602993 IPCTensor.h:368] NewIPCTensor: input_keys_neg_2 [1000000]0x1000157be000 7.629 MB
W20240128 17:52:50.274791 602928 IPCTensor.h:368] NewIPCTensor: input_keys_neg_1 [1000000]0x100015f61000 7.629 MB
W20240128 17:52:50.274808 602993 IPCTensor.h:368] NewIPCTensor: backward_grads_2 [1000000, 400]0x100016704000 1.49 GB
W20240128 17:52:50.274827 602928 IPCTensor.h:368] NewIPCTensor: backward_grads_1 [1000000, 400]0x100075ce7000 1.49 GB
W20240128 17:52:50.274839 602993 IPCTensor.h:368] NewIPCTensor: backward_grads_neg_2 [1000000, 400]0x1000d52ca000 1.49 GB
W20240128 17:52:50.274860 602928 IPCTensor.h:368] NewIPCTensor: backward_grads_neg_1 [1000000, 400]0x1001348ad000 1.49 GB
W20240128 17:52:50.274879 602993 IPCTensor.h:408] NewIPCGPUTensor: backward_grads_2_gpu [1000000, 400]; dev=2; size=1.49 GB
W20240128 17:52:50.274885 602928 IPCTensor.h:408] NewIPCGPUTensor: backward_grads_1_gpu [1000000, 400]; dev=1; size=1.49 GB
W20240128 17:52:50.275156 603058 IPCTensor.h:408] NewIPCGPUTensor: embedding_cache_3 [149, 400]; dev=3; size=232.8 kB
W20240128 17:52:50.275441 603057 IPCTensor.h:408] NewIPCGPUTensor: embedding_cache_0 [149, 400]; dev=0; size=232.8 kB
W20240128 17:52:50.278160 602928 IPCTensor.h:408] NewIPCGPUTensor: backward_grads_neg_1_gpu [1000000, 400]; dev=1; size=1.49 GB
W20240128 17:52:50.278338 603058 IPCTensor.h:368] NewIPCTensor: input_keys_3 [1000000]0x100193e96000 7.629 MB
W20240128 17:52:50.278342 603057 IPCTensor.h:368] NewIPCTensor: input_keys_0 [1000000]0x100194639000 7.629 MB
W20240128 17:52:50.278527 603057 IPCTensor.h:368] NewIPCTensor: input_keys_neg_0 [1000000]0x100194ddc000 7.629 MB
W20240128 17:52:50.278555 603058 IPCTensor.h:368] NewIPCTensor: input_keys_neg_3 [1000000]0x10019557f000 7.629 MB
W20240128 17:52:50.278604 603057 IPCTensor.h:368] NewIPCTensor: backward_grads_0 [1000000, 400]0x100195d22000 1.49 GB
W20240128 17:52:50.278646 603058 IPCTensor.h:368] NewIPCTensor: backward_grads_3 [1000000, 400]0x1001f5305000 1.49 GB
W20240128 17:52:50.278687 603057 IPCTensor.h:368] NewIPCTensor: backward_grads_neg_0 [1000000, 400]0x1002548e8000 1.49 GB
W20240128 17:52:50.278717 603058 IPCTensor.h:368] NewIPCTensor: backward_grads_neg_3 [1000000, 400]0x1002b3ecb000 1.49 GB
W20240128 17:52:50.278753 603057 IPCTensor.h:408] NewIPCGPUTensor: backward_grads_0_gpu [1000000, 400]; dev=0; size=1.49 GB
W20240128 17:52:50.278780 603058 IPCTensor.h:408] NewIPCGPUTensor: backward_grads_3_gpu [1000000, 400]; dev=3; size=1.49 GB
W20240128 17:52:50.288419 603057 IPCTensor.h:408] NewIPCGPUTensor: backward_grads_neg_0_gpu [1000000, 400]; dev=0; size=1.49 GB
W20240128 17:52:50.288456 602993 IPCTensor.h:408] NewIPCGPUTensor: backward_grads_neg_2_gpu [1000000, 400]; dev=2; size=1.49 GB
W20240128 17:52:50.288486 603058 IPCTensor.h:408] NewIPCGPUTensor: backward_grads_neg_3_gpu [1000000, 400]; dev=3; size=1.49 GB
cudaHostRegister 0x100013192000
3: KnownLocalCachedEmbedding init done
WARNING [603056 DistTensor.py:56] The tensor name already exists in the kvstore
cudaHostRegister 0x100013192000
1: KnownLocalCachedEmbedding init done
WARNING [602927 DistTensor.py:56] The tensor name already exists in the kvstore
[Rank3] pid = 603056
New CachedEmbedding, name=full_emb, shape=(14951, 400), cache_type=KnownLocalCachedEmbedding
fixed cache_range is [(0, 149), (149, 298), (298, 447), (447, 596)]
cudaHostRegister 0x100013192000
0: KnownLocalCachedEmbedding init done
WARNING [602717 DistTensor.py:56] The tensor name already exists in the kvstore
cudaHostRegister 0x100013192000
2: KnownLocalCachedEmbedding init done
WARNING [602992 DistTensor.py:56] The tensor name already exists in the kvstore
I20240128 17:52:51.611253 602993 IPC_barrier.h:118] CreateBarrier: new barrier, name: kgcachecontroller, count: 4
I20240128 17:52:51.611296 603057 IPC_barrier.h:112] CreateBarrier: find existing barrier, name: kgcachecontroller, count: 4
I20240128 17:52:51.611344 603058 IPC_barrier.h:112] CreateBarrier: find existing barrier, name: kgcachecontroller, count: 4
I20240128 17:52:51.611440 602928 IPC_barrier.h:112] CreateBarrier: find existing barrier, name: kgcachecontroller, count: 4
W20240128 17:52:51.612426 603057 grad_base.h:55] KGCacheController, config={
        "num_gpus": 4,
        "L": 10,
        "backgrad_init": "both", 
        "kForwardItersPerStep": 2,
        "clr": 1,
        "nr_background_threads": 32,
        "backwardMode": "CppAsyncV2",
        "cache_ratio": 0.01,
        "update_cache_use_omp":  0,
        "update_pq_use_omp":  0
        }
W20240128 17:52:51.612511 603057 grad_base.h:184] Init GradProcessingBase done
I20240128 17:52:51.615828 603057 grad_async_v2.h:32] Use background thread to update emb. nr_background_threads=32
W20240128 17:52:51.615902 603057 kg_controller.h:78] after init GradAsyncProcessingV2
I20240128 17:52:51.615906 603057 kg_controller.h:84] Construct KGCacheController done
E20240128 17:52:51.990468 603057 recstore.cc:66] init folly done
E20240128 17:52:51.990480 603058 recstore.cc:66] init folly done
E20240128 17:52:51.990518 602928 recstore.cc:66] init folly done
E20240128 17:52:51.990527 602993 recstore.cc:66] init folly done
I20240128 17:52:51.991202 603057 grad_base.h:60] GraphEnv RegTensorsPerProcess
W20240128 17:52:52.660312 603467 grad_async_v2.h:121] Detect new sample comes, old_end0, new_end1
E20240128 17:52:52.660615 603467 parallel_pq_v2.h:76] insert failed, size(hashtable)=1
I20240128 17:52:52.689234 603057 IPC_barrier.h:118] CreateBarrier: new barrier, name: start_barrier, count: 4
I20240128 17:52:52.721156 603058 IPC_barrier.h:112] CreateBarrier: find existing barrier, name: start_barrier, count: 4
I20240128 17:52:52.727299 602993 IPC_barrier.h:112] CreateBarrier: find existing barrier, name: start_barrier, count: 4
I20240128 17:52:52.734436 602928 IPC_barrier.h:112] CreateBarrier: find existing barrier, name: start_barrier, count: 4
E20240128 17:52:54.971451 603057 parallel_pq_v2.h:76] insert failed, size(hashtable)=4
W20240128 17:52:54.997807 603057 grad_async_v2.h:250] Sleep in <BlockToStepN>, step_no=1, pq.top=1
W20240128 17:52:55.010627 603467 grad_async_v2.h:121] Detect new sample comes, old_end1, new_end2
E20240128 17:52:55.971010 603057 parallel_pq_v2.h:76] insert failed, size(hashtable)=2060
W20240128 17:52:55.997011 603057 grad_async_v2.h:250] Sleep in <BlockToStepN>, step_no=23, pq.top=23
W20240128 17:52:56.029798 603467 grad_async_v2.h:121] Detect new sample comes, old_end3, new_end4
+---------------------------+---------------------------+---------------------------+
| Name                      | P50                       | P99                       |
+---------------------------+---------------------------+---------------------------+
| GenInput                  | 1.211 ms                  | 23.444 ms                 |
| Forward                   | 4.282 ms                  | 761.440 ms                |
| Backward                  | 3.590 ms                  | 287.340 ms                |
| Optimize                  | 2.145 ms                  | 57.545 ms                 |
| BarrierTimeBeforeRank0    | 25.355 us                 | 331.627 ms                |
| AfterBackward             | 26.247 ms                 | 823.701 ms                |
| BlockToStepN              | 2.797 ms                  | 42.257 ms                 |
| OneStep                   | 42.425 ms                 | 2.275 s                   |
+---------------------------+---------------------------+---------------------------+
E20240128 17:52:56.971045 603243 parallel_pq_v2.h:76] insert failed, size(hashtable)=2084
+---------------------------+---------------------------+---------------------------+
| Name                      | P50                       | P99                       |
+---------------------------+---------------------------+---------------------------+
| ProcessBack:Shuffle       | 2.280 ms                  | 71.553 ms                 |
| ProcessBack:UpdateCache   | 1.906 ms                  | 183.850 ms                |
| ProcessBack:UpsertPq      | 21.701 ms                 | 26.034 ms                 |
| ProcessOneStep            | 28.191 ms                 | 823.422 ms                |
| BlockToStepN              | 2.951 ms                  | 42.200 ms                 |
+---------------------------+---------------------------+---------------------------+
W20240128 17:52:57.019837 603057 grad_async_v2.h:250] Sleep in <BlockToStepN>, step_no=41, pq.top=41
W20240128 17:52:57.044231 603467 grad_async_v2.h:121] Detect new sample comes, old_end1, new_end2
E20240128 17:52:57.971065 603466 parallel_pq_v2.h:76] insert failed, size(hashtable)=3453
W20240128 17:52:58.055366 603057 grad_async_v2.h:250] Sleep in <BlockToStepN>, step_no=61, pq.top=61
W20240128 17:52:58.074940 603467 grad_async_v2.h:121] Detect new sample comes, old_end1, new_end2
E20240128 17:52:58.971156 603466 parallel_pq_v2.h:76] insert failed, size(hashtable)=2270
W20240128 17:52:59.088935 603467 grad_async_v2.h:121] Detect new sample comes, old_end7, new_end8
W20240128 17:52:59.089628 603057 grad_async_v2.h:250] Sleep in <BlockToStepN>, step_no=78, pq.top=78
E20240128 17:52:59.971015 603466 parallel_pq_v2.h:76] insert failed, size(hashtable)=4793
W20240128 17:53:00.089134 603057 grad_async_v2.h:250] Sleep in <BlockToStepN>, step_no=92, pq.top=92
W20240128 17:53:00.092623 603467 grad_async_v2.h:121] Detect new sample comes, old_end2, new_end3
train_sampler.Prefill()
before start barrier
start train
[proc 1] 100 steps, total: 7.966, sample: 0.246, forward: 1.409, backward: 0.691, update: 0.253
train_sampler.Prefill()
before start barrier
start train
[proc 2] 100 steps, total: 7.973, sample: 0.308, forward: 1.124, backward: 0.630, update: 0.229
train_sampler.Prefill()
before start barrier
start train
[proc 3] 100 steps, total: 7.979, sample: 0.350, forward: 1.408, backward: 0.638, update: 0.257
train_sampler.Prefill()
-------Step 0-------
tensor([ 9491,  3260,  4809,  7675,  8990,  4821, 11011,  2115,  5941, 10129]) tensor([  715,  3768,  4856,  3677,  8236,  9042, 13908,  9376,  8388,  8523])
-------Step 1-------
tensor([ 9491,  3260,  4809,  7675,  8990,  4821, 11011,  2115,  5941, 10129]) tensor([ 1880,   244,  5993,  4474,  6945,     8, 14150,  5605,  5807,  8147])
-------Step 2-------
tensor([ 2763, 12417, 11442,     7,  2306,  5961, 12956,  6400,  3464,   995]) tensor([14557,  5453, 11219, 11485,  3467, 10233,  6499,    83, 10292, 13673])
-------Step 3-------
tensor([ 2763, 12417, 11442,     7,  2306,  5961, 12956,  6400,  3464,   995]) tensor([ 9531, 14059,  5925,  3555,  4148,  6988,     9,  7721,  7172, 13405])
-------Step 4-------
tensor([10423, 10435, 14162,  4869,  4800,  5976,   326,  5519,  4892, 12887]) tensor([ 7823, 11293, 14662,   505, 11464, 11078,  1243, 10179,  8267,  9025])
-------Step 5-------
tensor([10423, 10435, 14162,  4869,  4800,  5976,   326,  5519,  4892, 12887]) tensor([ 4131, 12285,  3493, 10473,  7231, 10232,  3654,   270, 14073,   967])
-------Step 6-------
tensor([ 5232,  9180, 11312, 10949,    23, 11975,  8405, 10454,  5589, 10195]) tensor([13581, 11998, 13773,   109, 10739,  9918,  7258,  1342,  7625, 10215])
-------Step 7-------
tensor([ 5232,  9180, 11312, 10949,    23, 11975,  8405, 10454,  5589, 10195]) tensor([ 2727,  5913,  9953, 13338,  6259,  8578,  7611, 13415, 13738,  6837])
-------Step 8-------
tensor([ 9451, 13672,    16,  3011,  1281,  6378,  1423,  2372,  2440,  7132]) tensor([ 7873, 10280, 12752, 12316,  7861,  9557,  6421,  1188,  1790,  9230])
-------Step 9-------
tensor([ 9451, 13672,    16,  3011,  1281,  6378,  1423,  2372,  2440,  7132]) tensor([ 1244, 13288,    55, 13932,  1652,  5427,  2700,   508, 12486, 14009])
before start barrier
start train
[proc 0] 100 steps, total: 8.011, sample: 0.386, forward: 1.187, backward: 0.640, update: 0.275
E20240128 17:53:00.971132 603467 parallel_pq_v2.h:76] insert failed, size(hashtable)=39
W20240128 17:53:01.089135 603057 grad_async_v2.h:250] Sleep in <BlockToStepN>, step_no=105, pq.top=105
W20240128 17:53:01.097393 603467 grad_async_v2.h:121] Detect new sample comes, old_end5, new_end6
+---------------------------+---------------------------+---------------------------+
| Name                      | P50                       | P99                       |
+---------------------------+---------------------------+---------------------------+
| GenInput                  | 1.272 ms                  | 23.526 ms                 |
| Forward                   | 4.286 ms                  | 7.350 ms                  |
| Backward                  | 3.596 ms                  | 7.283 ms                  |
| Optimize                  | 2.011 ms                  | 5.284 ms                  |
| BarrierTimeBeforeRank0    | 23.799 us                 | 15.963 ms                 |
| AfterBackward             | 28.195 ms                 | 50.144 ms                 |
| BlockToStepN              | 14.392 ms                 | 49.225 ms                 |
| OneStep                   | 59.745 ms                 | 105.577 ms                |
+---------------------------+---------------------------+---------------------------+
E20240128 17:53:01.971016 603466 parallel_pq_v2.h:76] insert failed, size(hashtable)=2008
+---------------------------+---------------------------+---------------------------+
| Name                      | P50                       | P99                       |
+---------------------------+---------------------------+---------------------------+
| ProcessBack:Shuffle       | 2.276 ms                  | 2.516 ms                  |
| ProcessBack:UpdateCache   | 2.427 ms                  | 4.833 ms                  |
| ProcessBack:UpsertPq      | 22.523 ms                 | 25.691 ms                 |
| ProcessOneStep            | 28.174 ms                 | 50.113 ms                 |
| BlockToStepN              | 14.663 ms                 | 51.538 ms                 |
+---------------------------+---------------------------+---------------------------+
W20240128 17:53:02.105751 603467 grad_async_v2.h:121] Detect new sample comes, old_end7, new_end8
W20240128 17:53:02.113646 603057 grad_async_v2.h:250] Sleep in <BlockToStepN>, step_no=118, pq.top=118
E20240128 17:53:02.971014 603466 parallel_pq_v2.h:76] insert failed, size(hashtable)=3644
W20240128 17:53:03.113910 603467 grad_async_v2.h:121] Detect new sample comes, old_end1, new_end2
W20240128 17:53:03.154958 603057 grad_async_v2.h:250] Sleep in <BlockToStepN>, step_no=132, pq.top=132
E20240128 17:53:03.971030 603466 parallel_pq_v2.h:76] insert failed, size(hashtable)=1788
W20240128 17:53:04.119167 603467 grad_async_v2.h:121] Detect new sample comes, old_end4, new_end5
W20240128 17:53:04.154153 603057 grad_async_v2.h:250] Sleep in <BlockToStepN>, step_no=145, pq.top=145
E20240128 17:53:04.971168 603467 parallel_pq_v2.h:76] insert failed, size(hashtable)=291
W20240128 17:53:05.128217 603467 grad_async_v2.h:121] Detect new sample comes, old_end7, new_end8
W20240128 17:53:05.186479 603057 grad_async_v2.h:250] Sleep in <BlockToStepN>, step_no=159, pq.top=159
E20240128 17:53:05.971012 603466 parallel_pq_v2.h:76] insert failed, size(hashtable)=4005
W20240128 17:53:06.134096 603467 grad_async_v2.h:121] Detect new sample comes, old_end1, new_end2
W20240128 17:53:06.237202 603057 grad_async_v2.h:250] Sleep in <BlockToStepN>, step_no=173, pq.top=173
+---------------------------+---------------------------+---------------------------+
| Name                      | P50                       | P99                       |
+---------------------------+---------------------------+---------------------------+
| GenInput                  | 1.347 ms                  | 25.245 ms                 |
| Forward                   | 4.335 ms                  | 7.350 ms                  |
| Backward                  | 3.522 ms                  | 6.735 ms                  |
| Optimize                  | 2.035 ms                  | 5.284 ms                  |
| BarrierTimeBeforeRank0    | 24.936 us                 | 21.261 ms                 |
| AfterBackward             | 28.276 ms                 | 34.766 ms                 |
| BlockToStepN              | 19.672 ms                 | 55.184 ms                 |
| OneStep                   | 64.979 ms                 | 103.681 ms                |
+---------------------------+---------------------------+---------------------------+
E20240128 17:53:06.971009 603057 parallel_pq_v2.h:76] insert failed, size(hashtable)=1313
+---------------------------+---------------------------+---------------------------+
| Name                      | P50                       | P99                       |
+---------------------------+---------------------------+---------------------------+
| ProcessBack:Shuffle       | 2.280 ms                  | 2.516 ms                  |
| ProcessBack:UpdateCache   | 2.385 ms                  | 4.401 ms                  |
| ProcessBack:UpsertPq      | 22.465 ms                 | 26.466 ms                 |
| ProcessOneStep            | 28.210 ms                 | 34.743 ms                 |
| BlockToStepN              | 19.057 ms                 | 55.126 ms                 |
+---------------------------+---------------------------+---------------------------+
W20240128 17:53:07.230079 603467 grad_async_v2.h:121] Detect new sample comes, old_end3, new_end0
W20240128 17:53:07.253419 603057 grad_async_v2.h:250] Sleep in <BlockToStepN>, step_no=190, pq.top=190
E20240128 17:53:07.973331 603466 parallel_pq_v2.h:76] insert failed, size(hashtable)=1592
W20240128 17:53:08.253278 603057 grad_async_v2.h:250] Sleep in <BlockToStepN>, step_no=197, pq.top=197
W20240128 17:53:08.311857 603467 grad_async_v2.h:121] Detect new sample comes, old_end7, new_end8
[proc 2] 200 steps, total: 8.059, sample: 0.346, forward: 0.362, backward: 0.304, update: 0.182
[proc 0] 200 steps, total: 8.058, sample: 0.441, forward: 0.447, backward: 0.359, update: 0.211
[proc 1] 200 steps, total: 8.059, sample: 0.378, forward: 0.417, backward: 0.315, update: 0.204
[proc 3] 200 steps, total: 8.059, sample: 0.319, forward: 0.372, backward: 0.331, update: 0.195
E20240128 17:53:08.973047 603466 parallel_pq_v2.h:76] insert failed, size(hashtable)=4731
W20240128 17:53:09.302345 603057 grad_async_v2.h:250] Sleep in <BlockToStepN>, step_no=205, pq.top=205
W20240128 17:53:09.354210 603467 grad_async_v2.h:121] Detect new sample comes, old_end5, new_end6
E20240128 17:53:09.973009 603466 parallel_pq_v2.h:76] insert failed, size(hashtable)=2779
W20240128 17:53:10.320439 603057 grad_async_v2.h:250] Sleep in <BlockToStepN>, step_no=216, pq.top=216
W20240128 17:53:10.367324 603467 grad_async_v2.h:121] Detect new sample comes, old_end6, new_end7
E20240128 17:53:10.973241 603467 parallel_pq_v2.h:76] insert failed, size(hashtable)=130
W20240128 17:53:11.320240 603057 grad_async_v2.h:250] Sleep in <BlockToStepN>, step_no=229, pq.top=229
W20240128 17:53:11.396026 603467 grad_async_v2.h:121] Detect new sample comes, old_end0, new_end1
+---------------------------+---------------------------+---------------------------+
| Name                      | P50                       | P99                       |
+---------------------------+---------------------------+---------------------------+
| GenInput                  | 1.399 ms                  | 26.011 ms                 |
| Forward                   | 4.286 ms                  | 9.282 ms                  |
| Backward                  | 3.479 ms                  | 6.735 ms                  |
| Optimize                  | 1.949 ms                  | 6.883 ms                  |
| BarrierTimeBeforeRank0    | 26.816 us                 | 21.674 ms                 |
| AfterBackward             | 27.520 ms                 | 34.766 ms                 |
| BlockToStepN              | 22.355 ms                 | 126.780 ms                |
| OneStep                   | 67.773 ms                 | 162.468 ms                |
+---------------------------+---------------------------+---------------------------+
E20240128 17:53:11.973013 603466 parallel_pq_v2.h:76] insert failed, size(hashtable)=5372
+---------------------------+---------------------------+---------------------------+
| Name                      | P50                       | P99                       |
+---------------------------+---------------------------+---------------------------+
| ProcessBack:Shuffle       | 2.270 ms                  | 2.542 ms                  |
| ProcessBack:UpdateCache   | 1.982 ms                  | 4.392 ms                  |
| ProcessBack:UpsertPq      | 21.651 ms                 | 26.126 ms                 |
| ProcessOneStep            | 27.416 ms                 | 34.743 ms                 |
| BlockToStepN              | 22.928 ms                 | 126.686 ms                |
+---------------------------+---------------------------+---------------------------+
W20240128 17:53:12.368975 603057 grad_async_v2.h:250] Sleep in <BlockToStepN>, step_no=243, pq.top=243
W20240128 17:53:12.406082 603467 grad_async_v2.h:121] Detect new sample comes, old_end3, new_end4
E20240128 17:53:12.973012 603243 parallel_pq_v2.h:76] insert failed, size(hashtable)=1291
W20240128 17:53:13.382562 603057 grad_async_v2.h:250] Sleep in <BlockToStepN>, step_no=256, pq.top=256
W20240128 17:53:13.414729 603467 grad_async_v2.h:121] Detect new sample comes, old_end6, new_end7
E20240128 17:53:13.976950 603466 parallel_pq_v2.h:76] insert failed, size(hashtable)=1941
W20240128 17:53:14.437654 603057 grad_async_v2.h:250] Sleep in <BlockToStepN>, step_no=269, pq.top=269
W20240128 17:53:14.459728 603467 grad_async_v2.h:121] Detect new sample comes, old_end9, new_end0
E20240128 17:53:14.976008 603466 parallel_pq_v2.h:76] insert failed, size(hashtable)=2033
W20240128 17:53:15.452316 603057 grad_async_v2.h:250] Sleep in <BlockToStepN>, step_no=282, pq.top=282
W20240128 17:53:15.484372 603467 grad_async_v2.h:121] Detect new sample comes, old_end2, new_end3
E20240128 17:53:15.976830 603467 parallel_pq_v2.h:76] insert failed, size(hashtable)=61
W20240128 17:53:16.452129 603057 grad_async_v2.h:250] Sleep in <BlockToStepN>, step_no=295, pq.top=295
W20240128 17:53:16.488627 603467 grad_async_v2.h:121] Detect new sample comes, old_end5, new_end6
+---------------------------+---------------------------+---------------------------+
| Name                      | P50                       | P99                       |
+---------------------------+---------------------------+---------------------------+
| GenInput                  | 1.415 ms                  | 26.225 ms                 |
| Forward                   | 4.243 ms                  | 7.350 ms                  |
| Backward                  | 3.469 ms                  | 6.566 ms                  |
| Optimize                  | 1.902 ms                  | 5.284 ms                  |
| BarrierTimeBeforeRank0    | 37.226 us                 | 21.379 ms                 |
| AfterBackward             | 25.554 ms                 | 32.575 ms                 |
| BlockToStepN              | 24.866 ms                 | 125.038 ms                |
| OneStep                   | 71.311 ms                 | 161.337 ms                |
+---------------------------+---------------------------+---------------------------+
[proc 1] 300 steps, total: 8.126, sample: 0.335, forward: 0.408, backward: 0.328, update: 0.224
[proc 2] 300 steps, total: 8.126, sample: 0.355, forward: 0.399, backward: 0.304, update: 0.204
[proc 3] 300 steps, total: 8.126, sample: 0.385, forward: 0.398, backward: 0.354, update: 0.185
[proc 0] 300 steps, total: 8.127, sample: 0.423, forward: 0.387, backward: 0.333, update: 0.162
E20240128 17:53:16.976022 603466 parallel_pq_v2.h:76] insert failed, size(hashtable)=5505
+---------------------------+---------------------------+---------------------------+
| Name                      | P50                       | P99                       |
+---------------------------+---------------------------+---------------------------+
| ProcessBack:Shuffle       | 2.265 ms                  | 2.710 ms                  |
| ProcessBack:UpdateCache   | 1.887 ms                  | 3.214 ms                  |
| ProcessBack:UpsertPq      | 20.555 ms                 | 26.114 ms                 |
| ProcessOneStep            | 25.677 ms                 | 32.543 ms                 |
| BlockToStepN              | 24.835 ms                 | 124.962 ms                |
+---------------------------+---------------------------+---------------------------+
W20240128 17:53:17.506047 603057 grad_async_v2.h:250] Sleep in <BlockToStepN>, step_no=308, pq.top=308
W20240128 17:53:17.523010 603467 grad_async_v2.h:121] Detect new sample comes, old_end8, new_end9
E20240128 17:53:17.976011 603243 parallel_pq_v2.h:76] insert failed, size(hashtable)=974
W20240128 17:53:18.506157 603057 grad_async_v2.h:250] Sleep in <BlockToStepN>, step_no=320, pq.top=320
W20240128 17:53:18.526958 603467 grad_async_v2.h:121] Detect new sample comes, old_end0, new_end1
E20240128 17:53:18.976315 603466 parallel_pq_v2.h:76] insert failed, size(hashtable)=2756
W20240128 17:53:19.526471 603467 grad_async_v2.h:121] Detect new sample comes, old_end3, new_end4
W20240128 17:53:19.532913 603057 grad_async_v2.h:250] Sleep in <BlockToStepN>, step_no=334, pq.top=334
E20240128 17:53:19.976053 603466 parallel_pq_v2.h:76] insert failed, size(hashtable)=1540
W20240128 17:53:20.532229 603057 grad_async_v2.h:250] Sleep in <BlockToStepN>, step_no=346, pq.top=346
W20240128 17:53:20.539111 603467 grad_async_v2.h:121] Detect new sample comes, old_end6, new_end7
E20240128 17:53:20.976656 603466 parallel_pq_v2.h:76] insert failed, size(hashtable)=3743
W20240128 17:53:21.539343 603467 grad_async_v2.h:121] Detect new sample comes, old_end9, new_end0
W20240128 17:53:21.546123 603057 grad_async_v2.h:250] Sleep in <BlockToStepN>, step_no=360, pq.top=360
+---------------------------+---------------------------+---------------------------+
| Name                      | P50                       | P99                       |
+---------------------------+---------------------------+---------------------------+
| GenInput                  | 1.467 ms                  | 26.011 ms                 |
| Forward                   | 4.208 ms                  | 6.511 ms                  |
| Backward                  | 3.428 ms                  | 6.512 ms                  |
| Optimize                  | 1.868 ms                  | 4.397 ms                  |
| BarrierTimeBeforeRank0    | 38.923 us                 | 21.379 ms                 |
| AfterBackward             | 25.044 ms                 | 32.488 ms                 |
| BlockToStepN              | 27.471 ms                 | 118.095 ms                |
| OneStep                   | 73.070 ms                 | 159.246 ms                |
+---------------------------+---------------------------+---------------------------+
E20240128 17:53:21.976089 603466 parallel_pq_v2.h:76] insert failed, size(hashtable)=1629
+---------------------------+---------------------------+---------------------------+
| Name                      | P50                       | P99                       |
+---------------------------+---------------------------+---------------------------+
| ProcessBack:Shuffle       | 2.270 ms                  | 2.710 ms                  |
| ProcessBack:UpdateCache   | 1.873 ms                  | 3.166 ms                  |
| ProcessBack:UpsertPq      | 20.246 ms                 | 26.034 ms                 |
| ProcessOneStep            | 25.020 ms                 | 32.460 ms                 |
| BlockToStepN              | 27.714 ms                 | 118.009 ms                |
+---------------------------+---------------------------+---------------------------+
W20240128 17:53:22.541306 603467 grad_async_v2.h:121] Detect new sample comes, old_end1, new_end2
W20240128 17:53:22.586786 603057 grad_async_v2.h:250] Sleep in <BlockToStepN>, step_no=372, pq.top=372
E20240128 17:53:22.976009 603466 parallel_pq_v2.h:76] insert failed, size(hashtable)=4895
W20240128 17:53:23.554872 603467 grad_async_v2.h:121] Detect new sample comes, old_end4, new_end5
W20240128 17:53:23.586481 603057 grad_async_v2.h:250] Sleep in <BlockToStepN>, step_no=385, pq.top=385
E20240128 17:53:23.976150 603466 parallel_pq_v2.h:76] insert failed, size(hashtable)=5780
W20240128 17:53:24.565083 603467 grad_async_v2.h:121] Detect new sample comes, old_end7, new_end8
W20240128 17:53:24.598795 603057 grad_async_v2.h:250] Sleep in <BlockToStepN>, step_no=398, pq.top=398
[proc 1] 400 steps, total: 7.929, sample: 0.358, forward: 0.406, backward: 0.325, update: 0.212
[proc 3] 400 steps, total: 7.929, sample: 0.342, forward: 0.395, backward: 0.347, update: 0.199
[proc 2] 400 steps, total: 7.929, sample: 0.270, forward: 0.368, backward: 0.297, update: 0.172
[proc 0] 400 steps, total: 7.929, sample: 0.445, forward: 0.398, backward: 0.320, update: 0.179
E20240128 17:53:24.978895 603467 parallel_pq_v2.h:76] insert failed, size(hashtable)=15
W20240128 17:53:25.577461 603467 grad_async_v2.h:121] Detect new sample comes, old_end9, new_end0
W20240128 17:53:25.627943 603057 grad_async_v2.h:250] Sleep in <BlockToStepN>, step_no=410, pq.top=410
E20240128 17:53:25.978013 603466 parallel_pq_v2.h:76] insert failed, size(hashtable)=3627
W20240128 17:53:26.590628 603467 grad_async_v2.h:121] Detect new sample comes, old_end1, new_end2
+---------------------------+---------------------------+---------------------------+
| Name                      | P50                       | P99                       |
+---------------------------+---------------------------+---------------------------+
| GenInput                  | 1.489 ms                  | 26.822 ms                 |
| Forward                   | 4.184 ms                  | 6.511 ms                  |
| Backward                  | 3.401 ms                  | 6.512 ms                  |
| Optimize                  | 1.841 ms                  | 4.397 ms                  |
| BarrierTimeBeforeRank0    | 44.575 us                 | 21.674 ms                 |
| AfterBackward             | 24.868 ms                 | 32.488 ms                 |
| BlockToStepN              | 29.851 ms                 | 118.095 ms                |
| OneStep                   | 74.236 ms                 | 159.246 ms                |
+---------------------------+---------------------------+---------------------------+
W20240128 17:53:26.650676 603057 grad_async_v2.h:250] Sleep in <BlockToStepN>, step_no=423, pq.top=423
E20240128 17:53:26.978085 603466 parallel_pq_v2.h:76] insert failed, size(hashtable)=6871
+---------------------------+---------------------------+---------------------------+
| Name                      | P50                       | P99                       |
+---------------------------+---------------------------+---------------------------+
| ProcessBack:Shuffle       | 2.269 ms                  | 2.781 ms                  |
| ProcessBack:UpdateCache   | 1.853 ms                  | 2.816 ms                  |
| ProcessBack:UpsertPq      | 20.065 ms                 | 25.835 ms                 |
| ProcessOneStep            | 24.816 ms                 | 32.460 ms                 |
| BlockToStepN              | 30.064 ms                 | 118.009 ms                |
+---------------------------+---------------------------+---------------------------+
W20240128 17:53:27.602638 603467 grad_async_v2.h:121] Detect new sample comes, old_end4, new_end5
W20240128 17:53:27.685575 603057 grad_async_v2.h:250] Sleep in <BlockToStepN>, step_no=436, pq.top=436
E20240128 17:53:27.978009 603057 parallel_pq_v2.h:76] insert failed, size(hashtable)=883
W20240128 17:53:28.607318 603467 grad_async_v2.h:121] Detect new sample comes, old_end8, new_end9
W20240128 17:53:28.685433 603057 grad_async_v2.h:250] Sleep in <BlockToStepN>, step_no=450, pq.top=450
E20240128 17:53:28.978232 603466 parallel_pq_v2.h:76] insert failed, size(hashtable)=1840
W20240128 17:53:29.621790 603467 grad_async_v2.h:121] Detect new sample comes, old_end3, new_end4
W20240128 17:53:29.685321 603057 grad_async_v2.h:250] Sleep in <BlockToStepN>, step_no=464, pq.top=464
E20240128 17:53:29.978008 603466 parallel_pq_v2.h:76] insert failed, size(hashtable)=4934
W20240128 17:53:30.622084 603467 grad_async_v2.h:121] Detect new sample comes, old_end7, new_end8
W20240128 17:53:30.711287 603057 grad_async_v2.h:250] Sleep in <BlockToStepN>, step_no=479, pq.top=479
E20240128 17:53:30.978026 603466 parallel_pq_v2.h:76] insert failed, size(hashtable)=2684
+---------------------------+---------------------------+---------------------------+
| Name                      | P50                       | P99                       |
+---------------------------+---------------------------+---------------------------+
| GenInput                  | 1.494 ms                  | 27.973 ms                 |
| Forward                   | 4.174 ms                  | 6.511 ms                  |
| Backward                  | 3.372 ms                  | 6.509 ms                  |
| Optimize                  | 1.841 ms                  | 4.349 ms                  |
| BarrierTimeBeforeRank0    | 64.478 us                 | 22.079 ms                 |
| AfterBackward             | 24.691 ms                 | 31.498 ms                 |
| BlockToStepN              | 28.535 ms                 | 114.562 ms                |
| OneStep                   | 73.675 ms                 | 156.422 ms                |
+---------------------------+---------------------------+---------------------------+
W20240128 17:53:31.624382 603467 grad_async_v2.h:121] Detect new sample comes, old_end2, new_end3
W20240128 17:53:31.761376 603057 grad_async_v2.h:250] Sleep in <BlockToStepN>, step_no=494, pq.top=494
E20240128 17:53:31.978008 603057 parallel_pq_v2.h:76] insert failed, size(hashtable)=962
+---------------------------+---------------------------+---------------------------+
| Name                      | P50                       | P99                       |
+---------------------------+---------------------------+---------------------------+
| ProcessBack:Shuffle       | 2.269 ms                  | 2.826 ms                  |
| ProcessBack:UpdateCache   | 1.825 ms                  | 2.776 ms                  |
| ProcessBack:UpsertPq      | 19.885 ms                 | 25.747 ms                 |
| ProcessOneStep            | 24.609 ms                 | 31.469 ms                 |
| BlockToStepN              | 28.568 ms                 | 114.491 ms                |
+---------------------------+---------------------------+---------------------------+
[proc 2] 500 steps, total: 7.445, sample: 0.329, forward: 0.401, backward: 0.308, update: 0.187
[proc 0] 500 steps, total: 7.445, sample: 0.472, forward: 0.406, backward: 0.326, update: 0.212
[proc 3] 500 steps, total: 7.445, sample: 0.356, forward: 0.400, backward: 0.355, update: 0.192
[proc 1] 500 steps, total: 7.445, sample: 0.332, forward: 0.438, backward: 0.339, update: 0.217
Successfully xmh. training takes 39.5709183216095 seconds
before call kg_cache_controller.StopThreads()
W20240128 17:53:32.260177 603057 grad_async_v2.h:71] call StopThreads. PID = 602717
W20240128 17:53:32.260206 603057 grad_base.h:212] before processOneStepNegThread_.join();
W20240128 17:53:32.260407 603057 grad_base.h:214] after processOneStepNegThread_.join();
W20240128 17:53:32.260416 603057 grad_async_v2.h:73] call GradProcessingBase::StopThreads.
[W tensorpipe_agent.cpp:725] RPC agent for worker0 encountered error when reading incoming request from worker2: eof (this error originated at tensorpipe/transport/shm/connection_impl.cc:259)
[W tensorpipe_agent.cpp:725] RPC agent for worker0 encountered error when reading incoming request from worker1: eof (this error originated at tensorpipe/transport/shm/connection_impl.cc:259)
[W tensorpipe_agent.cpp:725] RPC agent for worker0 encountered error when reading incoming request from worker3: eof (this error originated at tensorpipe/transport/shm/connection_impl.cc:259)
W20240128 17:53:32.271688 603057 grad_async_v2.h:92] StopThreads done.
On rank0, prepare to call self.controller.StopThreads(), self=<python.controller_process.KGCacheControllerWrapper object at 0x7fcd8e9a0610>
