WARNING: Logging before InitGoogleLogging() is written to STDERR
I20240211 03:48:20.455809 24312 IPC_barrier.h:128] MultiProcessBarrierFactory->ClearIPCMemory()
W20240211 03:48:20.463901 24312 IPCTensor.h:369] NewIPCTensor: full_emb [33762578, 32]0x100000002000 4.025 GB
/data/home/xieminhui/RecStore/src/framework_adapters/torch/python/perf_rec_model.py:152: DeprecationWarning: The 'warn' function is deprecated, use 'warning' instead
  XLOG.warn("After init DistEmbedding")
WARNING [24312 perf_rec_model.py:152] After init DistEmbedding
========== Running Perf with routine <function routine_local_cache_helper at 0x7fedebd958a0>==========
Worker 1 pid=24460
Worker 2 pid=24461
Worker 3 pid=24462
Worker 4 pid=24463
Worker 5 pid=24464
Worker 6 pid=24465
INFO [24312 distributed_c10d.py:442] Added key: store_based_barrier_key:1 to store for rank: 0
INFO [24460 distributed_c10d.py:442] Added key: store_based_barrier_key:1 to store for rank: 1
INFO [24461 distributed_c10d.py:442] Added key: store_based_barrier_key:1 to store for rank: 2
INFO [24462 distributed_c10d.py:442] Added key: store_based_barrier_key:1 to store for rank: 3
INFO [24463 distributed_c10d.py:442] Added key: store_based_barrier_key:1 to store for rank: 4
INFO [24464 distributed_c10d.py:442] Added key: store_based_barrier_key:1 to store for rank: 5
INFO [24466 distributed_c10d.py:442] Added key: store_based_barrier_key:1 to store for rank: 7
INFO [24462 distributed_c10d.py:476] Rank 3: Completed store-based barrier for key:store_based_barrier_key:1 with 8 nodes.
INFO [24461 distributed_c10d.py:476] Rank 2: Completed store-based barrier for key:store_based_barrier_key:1 with 8 nodes.
INFO [24465 distributed_c10d.py:442] Added key: store_based_barrier_key:1 to store for rank: 6
INFO [24465 distributed_c10d.py:476] Rank 6: Completed store-based barrier for key:store_based_barrier_key:1 with 8 nodes.
E20240211 03:48:38.125192 24462 IPCTensor.h:348] IPCTensor full_emb already exists
E20240211 03:48:38.125238 24461 IPCTensor.h:348] IPCTensor full_emb already exists
E20240211 03:48:38.125833 24465 IPCTensor.h:348] IPCTensor full_emb already exists
INFO [24312 distributed_c10d.py:476] Rank 0: Completed store-based barrier for key:store_based_barrier_key:1 with 8 nodes.
E20240211 03:48:38.134016 24312 IPCTensor.h:348] IPCTensor full_emb already exists
INFO [24463 distributed_c10d.py:476] Rank 4: Completed store-based barrier for key:store_based_barrier_key:1 with 8 nodes.
INFO [24464 distributed_c10d.py:476] Rank 5: Completed store-based barrier for key:store_based_barrier_key:1 with 8 nodes.
INFO [24466 distributed_c10d.py:476] Rank 7: Completed store-based barrier for key:store_based_barrier_key:1 with 8 nodes.
INFO [24460 distributed_c10d.py:476] Rank 1: Completed store-based barrier for key:store_based_barrier_key:1 with 8 nodes.
E20240211 03:48:38.135214 24466 IPCTensor.h:348] IPCTensor full_emb already exists
E20240211 03:48:38.135244 24463 IPCTensor.h:348] IPCTensor full_emb already exists
E20240211 03:48:38.135250 24464 IPCTensor.h:348] IPCTensor full_emb already exists
E20240211 03:48:38.135267 24460 IPCTensor.h:348] IPCTensor full_emb already exists
W20240211 03:48:56.721895 24464 IPCTensor.h:409] NewIPCGPUTensor: embedding_cache_5 [1688128, 32]; dev=5; size=206.1 MB
W20240211 03:48:56.722635 24463 IPCTensor.h:409] NewIPCGPUTensor: embedding_cache_4 [1688128, 32]; dev=4; size=206.1 MB
W20240211 03:48:56.723809 24461 IPCTensor.h:409] NewIPCGPUTensor: embedding_cache_2 [1688128, 32]; dev=2; size=206.1 MB
W20240211 03:48:56.723827 24465 IPCTensor.h:409] NewIPCGPUTensor: embedding_cache_6 [1688128, 32]; dev=6; size=206.1 MB
W20240211 03:48:56.724880 24462 IPCTensor.h:409] NewIPCGPUTensor: embedding_cache_3 [1688128, 32]; dev=3; size=206.1 MB
W20240211 03:48:56.726315 24312 IPCTensor.h:409] NewIPCGPUTensor: embedding_cache_0 [1688128, 32]; dev=0; size=206.1 MB
W20240211 03:48:56.752045 24466 IPCTensor.h:409] NewIPCGPUTensor: embedding_cache_7 [1688128, 32]; dev=7; size=206.1 MB
W20240211 03:48:56.755479 24460 IPCTensor.h:409] NewIPCGPUTensor: embedding_cache_1 [1688128, 32]; dev=1; size=206.1 MB
W20240211 03:48:57.496356 24464 IPCTensor.h:369] NewIPCTensor: input_keys_5 [1000000]0x10010196e000 7.629 MB
W20240211 03:48:57.496546 24464 IPCTensor.h:369] NewIPCTensor: input_keys_neg_5 [1000000]0x100102111000 7.629 MB
W20240211 03:48:57.496613 24464 IPCTensor.h:369] NewIPCTensor: backward_grads_5 [1000000, 32]0x1001028b4000 122.1 MB
W20240211 03:48:57.496661 24464 IPCTensor.h:369] NewIPCTensor: backward_grads_neg_5 [1000000, 32]0x10010a2c8000 122.1 MB
W20240211 03:48:57.496721 24464 IPCTensor.h:409] NewIPCGPUTensor: backward_grads_5_gpu [1000000, 32]; dev=5; size=122.1 MB
W20240211 03:48:57.512336 24464 IPCTensor.h:409] NewIPCGPUTensor: backward_grads_neg_5_gpu [1000000, 32]; dev=5; size=122.1 MB
W20240211 03:48:57.536803 24463 IPCTensor.h:369] NewIPCTensor: input_keys_4 [1000000]0x100112487000 7.629 MB
W20240211 03:48:57.536800 24460 IPCTensor.h:369] NewIPCTensor: input_keys_1 [1000000]0x100111ce4000 7.629 MB
W20240211 03:48:57.537329 24463 IPCTensor.h:369] NewIPCTensor: input_keys_neg_4 [1000000]0x100112c2a000 7.629 MB
W20240211 03:48:57.537341 24460 IPCTensor.h:369] NewIPCTensor: input_keys_neg_1 [1000000]0x1001133cd000 7.629 MB
W20240211 03:48:57.537397 24463 IPCTensor.h:369] NewIPCTensor: backward_grads_4 [1000000, 32]0x100113b70000 122.1 MB
W20240211 03:48:57.537408 24460 IPCTensor.h:369] NewIPCTensor: backward_grads_1 [1000000, 32]0x10011b584000 122.1 MB
W20240211 03:48:57.537452 24463 IPCTensor.h:369] NewIPCTensor: backward_grads_neg_4 [1000000, 32]0x100122f98000 122.1 MB
W20240211 03:48:57.537473 24460 IPCTensor.h:369] NewIPCTensor: backward_grads_neg_1 [1000000, 32]0x10012a9ac000 122.1 MB
W20240211 03:48:57.537516 24463 IPCTensor.h:409] NewIPCGPUTensor: backward_grads_4_gpu [1000000, 32]; dev=4; size=122.1 MB
W20240211 03:48:57.537529 24460 IPCTensor.h:409] NewIPCGPUTensor: backward_grads_1_gpu [1000000, 32]; dev=1; size=122.1 MB
W20240211 03:48:57.538117 24463 IPCTensor.h:409] NewIPCGPUTensor: backward_grads_neg_4_gpu [1000000, 32]; dev=4; size=122.1 MB
W20240211 03:48:57.538151 24460 IPCTensor.h:409] NewIPCGPUTensor: backward_grads_neg_1_gpu [1000000, 32]; dev=1; size=122.1 MB
W20240211 03:48:57.567150 24465 IPCTensor.h:369] NewIPCTensor: input_keys_6 [1000000]0x1001323ca000 7.629 MB
W20240211 03:48:57.567369 24465 IPCTensor.h:369] NewIPCTensor: input_keys_neg_6 [1000000]0x100132b6d000 7.629 MB
W20240211 03:48:57.567458 24465 IPCTensor.h:369] NewIPCTensor: backward_grads_6 [1000000, 32]0x100133310000 122.1 MB
W20240211 03:48:57.567533 24465 IPCTensor.h:369] NewIPCTensor: backward_grads_neg_6 [1000000, 32]0x10013ad24000 122.1 MB
W20240211 03:48:57.567626 24465 IPCTensor.h:409] NewIPCGPUTensor: backward_grads_6_gpu [1000000, 32]; dev=6; size=122.1 MB
W20240211 03:48:57.568871 24465 IPCTensor.h:409] NewIPCGPUTensor: backward_grads_neg_6_gpu [1000000, 32]; dev=6; size=122.1 MB
W20240211 03:48:57.593484 24461 IPCTensor.h:369] NewIPCTensor: input_keys_2 [1000000]0x100142740000 7.629 MB
W20240211 03:48:57.593897 24461 IPCTensor.h:369] NewIPCTensor: input_keys_neg_2 [1000000]0x100142ee3000 7.629 MB
W20240211 03:48:57.593988 24461 IPCTensor.h:369] NewIPCTensor: backward_grads_2 [1000000, 32]0x100143686000 122.1 MB
W20240211 03:48:57.594273 24461 IPCTensor.h:369] NewIPCTensor: backward_grads_neg_2 [1000000, 32]0x10014b09a000 122.1 MB
W20240211 03:48:57.594357 24461 IPCTensor.h:409] NewIPCGPUTensor: backward_grads_2_gpu [1000000, 32]; dev=2; size=122.1 MB
W20240211 03:48:57.594524 24312 IPCTensor.h:369] NewIPCTensor: input_keys_0 [1000000]0x100152aae000 7.629 MB
W20240211 03:48:57.594794 24461 IPCTensor.h:409] NewIPCGPUTensor: backward_grads_neg_2_gpu [1000000, 32]; dev=2; size=122.1 MB
W20240211 03:48:57.594882 24312 IPCTensor.h:369] NewIPCTensor: input_keys_neg_0 [1000000]0x100153253000 7.629 MB
W20240211 03:48:57.595077 24312 IPCTensor.h:369] NewIPCTensor: backward_grads_0 [1000000, 32]0x1001539f6000 122.1 MB
W20240211 03:48:57.595135 24312 IPCTensor.h:369] NewIPCTensor: backward_grads_neg_0 [1000000, 32]0x10015b40c000 122.1 MB
W20240211 03:48:57.595257 24312 IPCTensor.h:409] NewIPCGPUTensor: backward_grads_0_gpu [1000000, 32]; dev=0; size=122.1 MB
W20240211 03:48:57.595681 24312 IPCTensor.h:409] NewIPCGPUTensor: backward_grads_neg_0_gpu [1000000, 32]; dev=0; size=122.1 MB
W20240211 03:48:57.605877 24466 IPCTensor.h:369] NewIPCTensor: input_keys_7 [1000000]0x100162e26000 7.629 MB
W20240211 03:48:57.606422 24466 IPCTensor.h:369] NewIPCTensor: input_keys_neg_7 [1000000]0x1001635c9000 7.629 MB
W20240211 03:48:57.606498 24466 IPCTensor.h:369] NewIPCTensor: backward_grads_7 [1000000, 32]0x100163d6c000 122.1 MB
W20240211 03:48:57.606551 24466 IPCTensor.h:369] NewIPCTensor: backward_grads_neg_7 [1000000, 32]0x10016b780000 122.1 MB
W20240211 03:48:57.606637 24466 IPCTensor.h:409] NewIPCGPUTensor: backward_grads_7_gpu [1000000, 32]; dev=7; size=122.1 MB
W20240211 03:48:57.607008 24466 IPCTensor.h:409] NewIPCGPUTensor: backward_grads_neg_7_gpu [1000000, 32]; dev=7; size=122.1 MB
W20240211 03:48:57.610845 24462 IPCTensor.h:369] NewIPCTensor: input_keys_3 [1000000]0x10017319a000 7.629 MB
W20240211 03:48:57.610998 24462 IPCTensor.h:369] NewIPCTensor: input_keys_neg_3 [1000000]0x10017393d000 7.629 MB
W20240211 03:48:57.611068 24462 IPCTensor.h:369] NewIPCTensor: backward_grads_3 [1000000, 32]0x1001740e0000 122.1 MB
W20240211 03:48:57.611129 24462 IPCTensor.h:369] NewIPCTensor: backward_grads_neg_3 [1000000, 32]0x10017baf4000 122.1 MB
W20240211 03:48:57.611198 24462 IPCTensor.h:409] NewIPCGPUTensor: backward_grads_3_gpu [1000000, 32]; dev=3; size=122.1 MB
W20240211 03:48:57.616075 24462 IPCTensor.h:409] NewIPCGPUTensor: backward_grads_neg_3_gpu [1000000, 32]; dev=3; size=122.1 MB
cudaHostRegister 0x100000002000
7: KnownLocalCachedEmbedding init done
cudaHostRegister 0x100000002000
6: KnownLocalCachedEmbedding init done
cudaHostRegister 0x100000002000
5: KnownLocalCachedEmbedding init done
Worker 7 pid=24466
New CachedEmbedding, name=full_emb, shape=(33762578, 32), cache_type=KnownLocalCachedEmbeddingSoftware
fixed cache_range is [(0, 1688128), (1688128, 3376256), (3376256, 5064384), (5064384, 6752512), (6752512, 8440640), (8440640, 10128768), (10128768, 11816896), (11816896, 13505024)]
cudaHostRegister 0x100000002000
0: KnownLocalCachedEmbedding init done
cudaHostRegister 0x100000002000
2: KnownLocalCachedEmbedding init done
cudaHostRegister 0x100000002000
4: KnownLocalCachedEmbedding init done
cudaHostRegister 0x100000002000
3: KnownLocalCachedEmbedding init done
cudaHostRegister 0x100000002000
1: KnownLocalCachedEmbedding init done
W20240211 03:49:05.253744 24460 IPCTensor.h:369] NewIPCTensor: cached_sampler_r1_0 [1000000]0x10018350c000 7.629 MB
W20240211 03:49:05.253955 24460 IPCTensor.h:369] NewIPCTensor: cached_sampler_r1_1 [1000000]0x100183caf000 7.629 MB
W20240211 03:49:05.254009 24460 IPCTensor.h:369] NewIPCTensor: cached_sampler_r1_2 [1000000]0x100184452000 7.629 MB
W20240211 03:49:05.254066 24460 IPCTensor.h:369] NewIPCTensor: cached_sampler_r1_3 [1000000]0x100184bf5000 7.629 MB
W20240211 03:49:05.254119 24460 IPCTensor.h:369] NewIPCTensor: cached_sampler_r1_4 [1000000]0x100185398000 7.629 MB
W20240211 03:49:05.254165 24460 IPCTensor.h:369] NewIPCTensor: cached_sampler_r1_5 [1000000]0x100185b3b000 7.629 MB
W20240211 03:49:05.254211 24460 IPCTensor.h:369] NewIPCTensor: cached_sampler_r1_6 [1000000]0x1001862de000 7.629 MB
W20240211 03:49:05.254258 24460 IPCTensor.h:369] NewIPCTensor: cached_sampler_r1_7 [1000000]0x100186a81000 7.629 MB
W20240211 03:49:05.254318 24460 IPCTensor.h:369] NewIPCTensor: cached_sampler_r1_8 [1000000]0x100187224000 7.629 MB
W20240211 03:49:05.254364 24460 IPCTensor.h:369] NewIPCTensor: cached_sampler_r1_9 [1000000]0x1001879c7000 7.629 MB
W20240211 03:49:05.254415 24460 IPCTensor.h:369] NewIPCTensor: step_r1 [10]0x10018816a000 80 B 
W20240211 03:49:05.254452 24460 IPCTensor.h:369] NewIPCTensor: circle_buffer_end_r1 [1]0x10018816c000 8 B 
W20240211 03:49:05.254503 24460 IPCTensor.h:369] NewIPCTensor: circle_buffer_end_cppseen_r1 [1]0x10018816e000 8 B 
Dataset:  /home/xieminhui/RecStoreDataset/criteo_binary
Dataset loaded
np.max =  33762577
np.min=  1
Construct RecModelSampler done
Construct KGCacheControllerWrapper done
E20240211 03:49:05.255071 24460 recstore.cc:66] init folly done
W20240211 03:49:05.286532 24463 IPCTensor.h:369] NewIPCTensor: cached_sampler_r4_0 [1000000]0x100188170000 7.629 MB
W20240211 03:49:05.286911 24463 IPCTensor.h:369] NewIPCTensor: cached_sampler_r4_1 [1000000]0x100188913000 7.629 MB
W20240211 03:49:05.286962 24463 IPCTensor.h:369] NewIPCTensor: cached_sampler_r4_2 [1000000]0x1001890b6000 7.629 MB
W20240211 03:49:05.287026 24463 IPCTensor.h:369] NewIPCTensor: cached_sampler_r4_3 [1000000]0x100189859000 7.629 MB
W20240211 03:49:05.287086 24463 IPCTensor.h:369] NewIPCTensor: cached_sampler_r4_4 [1000000]0x100189ffc000 7.629 MB
W20240211 03:49:05.287128 24463 IPCTensor.h:369] NewIPCTensor: cached_sampler_r4_5 [1000000]0x10018a79f000 7.629 MB
W20240211 03:49:05.287176 24463 IPCTensor.h:369] NewIPCTensor: cached_sampler_r4_6 [1000000]0x10018af42000 7.629 MB
W20240211 03:49:05.287225 24463 IPCTensor.h:369] NewIPCTensor: cached_sampler_r4_7 [1000000]0x10018b6e5000 7.629 MB
W20240211 03:49:05.287336 24463 IPCTensor.h:369] NewIPCTensor: cached_sampler_r4_8 [1000000]0x10018be88000 7.629 MB
W20240211 03:49:05.287382 24463 IPCTensor.h:369] NewIPCTensor: cached_sampler_r4_9 [1000000]0x10018c62b000 7.629 MB
W20240211 03:49:05.287436 24463 IPCTensor.h:369] NewIPCTensor: step_r4 [10]0x10018cdce000 80 B 
W20240211 03:49:05.287477 24463 IPCTensor.h:369] NewIPCTensor: circle_buffer_end_r4 [1]0x10018cdd0000 8 B 
W20240211 03:49:05.287506 24463 IPCTensor.h:369] NewIPCTensor: circle_buffer_end_cppseen_r4 [1]0x10018cdd2000 8 B 
W20240211 03:49:05.287731 24464 IPCTensor.h:369] NewIPCTensor: cached_sampler_r5_0 [1000000]0x10018cdd4000 7.629 MB
Dataset:  /home/xieminhui/RecStoreDataset/criteo_binary
Dataset loaded
np.max =  33762577
np.min=  1
Construct RecModelSampler done
Construct KGCacheControllerWrapper done
W20240211 03:49:05.287871 24464 IPCTensor.h:369] NewIPCTensor: cached_sampler_r5_1 [1000000]0x10018d577000 7.629 MB
W20240211 03:49:05.287935 24464 IPCTensor.h:369] NewIPCTensor: cached_sampler_r5_2 [1000000]0x10018dd1a000 7.629 MB
W20240211 03:49:05.288012 24464 IPCTensor.h:369] NewIPCTensor: cached_sampler_r5_3 [1000000]0x10018e4bd000 7.629 MB
W20240211 03:49:05.288092 24464 IPCTensor.h:369] NewIPCTensor: cached_sampler_r5_4 [1000000]0x10018ec60000 7.629 MB
W20240211 03:49:05.288154 24464 IPCTensor.h:369] NewIPCTensor: cached_sampler_r5_5 [1000000]0x10018f403000 7.629 MB
W20240211 03:49:05.288215 24464 IPCTensor.h:369] NewIPCTensor: cached_sampler_r5_6 [1000000]0x10018fba6000 7.629 MB
W20240211 03:49:05.288277 24464 IPCTensor.h:369] NewIPCTensor: cached_sampler_r5_7 [1000000]0x100190349000 7.629 MB
W20240211 03:49:05.288345 24464 IPCTensor.h:369] NewIPCTensor: cached_sampler_r5_8 [1000000]0x100190aec000 7.629 MB
W20240211 03:49:05.288403 24464 IPCTensor.h:369] NewIPCTensor: cached_sampler_r5_9 [1000000]0x10019128f000 7.629 MB
W20240211 03:49:05.288463 24464 IPCTensor.h:369] NewIPCTensor: step_r5 [10]0x100191a32000 80 B 
W20240211 03:49:05.288511 24464 IPCTensor.h:369] NewIPCTensor: circle_buffer_end_r5 [1]0x100191a34000 8 B 
W20240211 03:49:05.288568 24464 IPCTensor.h:369] NewIPCTensor: circle_buffer_end_cppseen_r5 [1]0x100191a36000 8 B 
Dataset:  /home/xieminhui/RecStoreDataset/criteo_binary
Dataset loaded
np.max =  33762577
np.min=  1
Construct RecModelSampler done
Construct KGCacheControllerWrapper done
E20240211 03:49:05.288853 24463 recstore.cc:66] init folly done
E20240211 03:49:05.289041 24464 recstore.cc:66] init folly done
W20240211 03:49:05.348887 24462 IPCTensor.h:369] NewIPCTensor: cached_sampler_r3_0 [1000000]0x100191a38000 7.629 MB
W20240211 03:49:05.349030 24462 IPCTensor.h:369] NewIPCTensor: cached_sampler_r3_1 [1000000]0x1001921db000 7.629 MB
W20240211 03:49:05.349077 24462 IPCTensor.h:369] NewIPCTensor: cached_sampler_r3_2 [1000000]0x10019297e000 7.629 MB
W20240211 03:49:05.349145 24462 IPCTensor.h:369] NewIPCTensor: cached_sampler_r3_3 [1000000]0x100193121000 7.629 MB
W20240211 03:49:05.349198 24462 IPCTensor.h:369] NewIPCTensor: cached_sampler_r3_4 [1000000]0x1001938c4000 7.629 MB
W20240211 03:49:05.349252 24462 IPCTensor.h:369] NewIPCTensor: cached_sampler_r3_5 [1000000]0x100194067000 7.629 MB
W20240211 03:49:05.349298 24462 IPCTensor.h:369] NewIPCTensor: cached_sampler_r3_6 [1000000]0x10019480a000 7.629 MB
W20240211 03:49:05.349344 24462 IPCTensor.h:369] NewIPCTensor: cached_sampler_r3_7 [1000000]0x100194fad000 7.629 MB
W20240211 03:49:05.349399 24462 IPCTensor.h:369] NewIPCTensor: cached_sampler_r3_8 [1000000]0x100195750000 7.629 MB
W20240211 03:49:05.349442 24462 IPCTensor.h:369] NewIPCTensor: cached_sampler_r3_9 [1000000]0x100195ef3000 7.629 MB
W20240211 03:49:05.349499 24462 IPCTensor.h:369] NewIPCTensor: step_r3 [10]0x100196696000 80 B 
W20240211 03:49:05.349536 24462 IPCTensor.h:369] NewIPCTensor: circle_buffer_end_r3 [1]0x100196698000 8 B 
W20240211 03:49:05.349566 24462 IPCTensor.h:369] NewIPCTensor: circle_buffer_end_cppseen_r3 [1]0x10019669a000 8 B 
Dataset:  /home/xieminhui/RecStoreDataset/criteo_binary
Dataset loaded
np.max =  33762577
np.min=  1
Construct RecModelSampler done
Construct KGCacheControllerWrapper done
E20240211 03:49:05.350011 24462 recstore.cc:66] init folly done
W20240211 03:49:05.351992 24312 IPCTensor.h:369] NewIPCTensor: cached_sampler_r0_0 [1000000]0x10019669c000 7.629 MB
W20240211 03:49:05.352219 24312 IPCTensor.h:369] NewIPCTensor: cached_sampler_r0_1 [1000000]0x100196e3f000 7.629 MB
W20240211 03:49:05.352319 24312 IPCTensor.h:369] NewIPCTensor: cached_sampler_r0_2 [1000000]0x1001975e2000 7.629 MB
W20240211 03:49:05.352370 24312 IPCTensor.h:369] NewIPCTensor: cached_sampler_r0_3 [1000000]0x100197d85000 7.629 MB
W20240211 03:49:05.352404 24312 IPCTensor.h:369] NewIPCTensor: cached_sampler_r0_4 [1000000]0x100198528000 7.629 MB
W20240211 03:49:05.352469 24312 IPCTensor.h:369] NewIPCTensor: cached_sampler_r0_5 [1000000]0x100198ccb000 7.629 MB
W20240211 03:49:05.352542 24312 IPCTensor.h:369] NewIPCTensor: cached_sampler_r0_6 [1000000]0x10019946e000 7.629 MB
W20240211 03:49:05.352617 24312 IPCTensor.h:369] NewIPCTensor: cached_sampler_r0_7 [1000000]0x100199c11000 7.629 MB
W20240211 03:49:05.352681 24312 IPCTensor.h:369] NewIPCTensor: cached_sampler_r0_8 [1000000]0x10019a3b4000 7.629 MB
W20240211 03:49:05.352715 24312 IPCTensor.h:369] NewIPCTensor: cached_sampler_r0_9 [1000000]0x10019ab57000 7.629 MB
W20240211 03:49:05.352771 24312 IPCTensor.h:369] NewIPCTensor: step_r0 [10]0x10019b2fa000 80 B 
W20240211 03:49:05.352818 24312 IPCTensor.h:369] NewIPCTensor: circle_buffer_end_r0 [1]0x10019b2fc000 8 B 
W20240211 03:49:05.352865 24312 IPCTensor.h:369] NewIPCTensor: circle_buffer_end_cppseen_r0 [1]0x10019b2fe000 8 B 
Dataset:  /home/xieminhui/RecStoreDataset/criteo_binary
Dataset loaded
np.max =  33762577
np.min=  1
Construct RecModelSampler done
Construct KGCacheControllerWrapper done
E20240211 03:49:05.353979 24312 recstore.cc:66] init folly done
W20240211 03:49:05.361928 24466 IPCTensor.h:369] NewIPCTensor: cached_sampler_r7_0 [1000000]0x10019b300000 7.629 MB
W20240211 03:49:05.362053 24466 IPCTensor.h:369] NewIPCTensor: cached_sampler_r7_1 [1000000]0x10019baa3000 7.629 MB
W20240211 03:49:05.362099 24466 IPCTensor.h:369] NewIPCTensor: cached_sampler_r7_2 [1000000]0x10019c246000 7.629 MB
W20240211 03:49:05.362154 24466 IPCTensor.h:369] NewIPCTensor: cached_sampler_r7_3 [1000000]0x10019c9e9000 7.629 MB
W20240211 03:49:05.362205 24466 IPCTensor.h:369] NewIPCTensor: cached_sampler_r7_4 [1000000]0x10019d18c000 7.629 MB
W20240211 03:49:05.362248 24466 IPCTensor.h:369] NewIPCTensor: cached_sampler_r7_5 [1000000]0x10019d92f000 7.629 MB
W20240211 03:49:05.362303 24466 IPCTensor.h:369] NewIPCTensor: cached_sampler_r7_6 [1000000]0x10019e0d2000 7.629 MB
W20240211 03:49:05.362361 24466 IPCTensor.h:369] NewIPCTensor: cached_sampler_r7_7 [1000000]0x10019e875000 7.629 MB
W20240211 03:49:05.362430 24466 IPCTensor.h:369] NewIPCTensor: cached_sampler_r7_8 [1000000]0x10019f018000 7.629 MB
W20240211 03:49:05.362473 24466 IPCTensor.h:369] NewIPCTensor: cached_sampler_r7_9 [1000000]0x10019f7bb000 7.629 MB
W20240211 03:49:05.362521 24466 IPCTensor.h:369] NewIPCTensor: step_r7 [10]0x10019ff5e000 80 B 
W20240211 03:49:05.362562 24466 IPCTensor.h:369] NewIPCTensor: circle_buffer_end_r7 [1]0x10019ff60000 8 B 
W20240211 03:49:05.362594 24466 IPCTensor.h:369] NewIPCTensor: circle_buffer_end_cppseen_r7 [1]0x10019ff62000 8 B 
Dataset:  /home/xieminhui/RecStoreDataset/criteo_binary
Dataset loaded
np.max =  33762577
np.min=  1
Construct RecModelSampler done
Construct KGCacheControllerWrapper done
E20240211 03:49:05.363315 24466 recstore.cc:66] init folly done
W20240211 03:49:05.709036 24461 IPCTensor.h:369] NewIPCTensor: cached_sampler_r2_0 [1000000]0x10019ff64000 7.629 MB
W20240211 03:49:05.709170 24461 IPCTensor.h:369] NewIPCTensor: cached_sampler_r2_1 [1000000]0x1001a0707000 7.629 MB
W20240211 03:49:05.709218 24461 IPCTensor.h:369] NewIPCTensor: cached_sampler_r2_2 [1000000]0x1001a0eaa000 7.629 MB
W20240211 03:49:05.709275 24461 IPCTensor.h:369] NewIPCTensor: cached_sampler_r2_3 [1000000]0x1001a164d000 7.629 MB
W20240211 03:49:05.709338 24461 IPCTensor.h:369] NewIPCTensor: cached_sampler_r2_4 [1000000]0x1001a1df0000 7.629 MB
W20240211 03:49:05.709386 24461 IPCTensor.h:369] NewIPCTensor: cached_sampler_r2_5 [1000000]0x1001a2593000 7.629 MB
W20240211 03:49:05.709437 24461 IPCTensor.h:369] NewIPCTensor: cached_sampler_r2_6 [1000000]0x1001a2d36000 7.629 MB
W20240211 03:49:05.709481 24461 IPCTensor.h:369] NewIPCTensor: cached_sampler_r2_7 [1000000]0x1001a34d9000 7.629 MB
W20240211 03:49:05.709532 24461 IPCTensor.h:369] NewIPCTensor: cached_sampler_r2_8 [1000000]0x1001a3c7c000 7.629 MB
W20240211 03:49:05.709574 24461 IPCTensor.h:369] NewIPCTensor: cached_sampler_r2_9 [1000000]0x1001a441f000 7.629 MB
W20240211 03:49:05.709621 24461 IPCTensor.h:369] NewIPCTensor: step_r2 [10]0x1001a4bc2000 80 B 
W20240211 03:49:05.709656 24461 IPCTensor.h:369] NewIPCTensor: circle_buffer_end_r2 [1]0x1001a4bc4000 8 B 
W20240211 03:49:05.709686 24461 IPCTensor.h:369] NewIPCTensor: circle_buffer_end_cppseen_r2 [1]0x1001a4bc6000 8 B 
Dataset:  /home/xieminhui/RecStoreDataset/criteo_binary
Dataset loaded
np.max =  33762577
np.min=  1
Construct RecModelSampler done
Construct KGCacheControllerWrapper done
E20240211 03:49:05.710067 24461 recstore.cc:66] init folly done
W20240211 03:49:06.280941 24465 IPCTensor.h:369] NewIPCTensor: cached_sampler_r6_0 [1000000]0x1001a4bc8000 7.629 MB
W20240211 03:49:06.281150 24465 IPCTensor.h:369] NewIPCTensor: cached_sampler_r6_1 [1000000]0x1001a536b000 7.629 MB
W20240211 03:49:06.281203 24465 IPCTensor.h:369] NewIPCTensor: cached_sampler_r6_2 [1000000]0x1001a5b0e000 7.629 MB
W20240211 03:49:06.281261 24465 IPCTensor.h:369] NewIPCTensor: cached_sampler_r6_3 [1000000]0x1001a62b1000 7.629 MB
W20240211 03:49:06.281322 24465 IPCTensor.h:369] NewIPCTensor: cached_sampler_r6_4 [1000000]0x1001a6a54000 7.629 MB
W20240211 03:49:06.281369 24465 IPCTensor.h:369] NewIPCTensor: cached_sampler_r6_5 [1000000]0x1001a71f7000 7.629 MB
W20240211 03:49:06.281419 24465 IPCTensor.h:369] NewIPCTensor: cached_sampler_r6_6 [1000000]0x1001a799a000 7.629 MB
W20240211 03:49:06.281466 24465 IPCTensor.h:369] NewIPCTensor: cached_sampler_r6_7 [1000000]0x1001a813d000 7.629 MB
W20240211 03:49:06.281530 24465 IPCTensor.h:369] NewIPCTensor: cached_sampler_r6_8 [1000000]0x1001a88e0000 7.629 MB
W20240211 03:49:06.281579 24465 IPCTensor.h:369] NewIPCTensor: cached_sampler_r6_9 [1000000]0x1001a9083000 7.629 MB
W20240211 03:49:06.281630 24465 IPCTensor.h:369] NewIPCTensor: step_r6 [10]0x1001a9826000 80 B 
W20240211 03:49:06.281667 24465 IPCTensor.h:369] NewIPCTensor: circle_buffer_end_r6 [1]0x1001a9828000 8 B 
W20240211 03:49:06.281702 24465 IPCTensor.h:369] NewIPCTensor: circle_buffer_end_cppseen_r6 [1]0x1001a982a000 8 B 
Dataset:  /home/xieminhui/RecStoreDataset/criteo_binary
Dataset loaded
np.max =  33762577
np.min=  1
Construct RecModelSampler done
Construct KGCacheControllerWrapper done
E20240211 03:49:06.282132 24465 recstore.cc:66] init folly done
Before Training
Before Training
I20240211 03:49:07.064477 24464 IPC_barrier.h:118] CreateBarrier: new barrier, name: start_barrier, count: 8
Before Training
Before Training
I20240211 03:49:07.064507 24462 IPC_barrier.h:112] CreateBarrier: find existing barrier, name: start_barrier, count: 8
Before Training
Before Training
I20240211 03:49:07.064741 24461 IPC_barrier.h:112] CreateBarrier: find existing barrier, name: start_barrier, count: 8
I20240211 03:49:07.064795 24465 IPC_barrier.h:112] CreateBarrier: find existing barrier, name: start_barrier, count: 8
I20240211 03:49:07.064815 24460 IPC_barrier.h:112] CreateBarrier: find existing barrier, name: start_barrier, count: 8
Before Training
I20240211 03:49:07.064841 24463 IPC_barrier.h:112] CreateBarrier: find existing barrier, name: start_barrier, count: 8
I20240211 03:49:07.064940 24466 IPC_barrier.h:112] CreateBarrier: find existing barrier, name: start_barrier, count: 8
Before Training
I20240211 03:49:07.065352 24312 IPC_barrier.h:112] CreateBarrier: find existing barrier, name: start_barrier, count: 8
========== Step 0 ========== 
+---------------------------+---------------------------+---------------------------+
| Name                      | P50                       | P99                       |
+---------------------------+---------------------------+---------------------------+
| GenInput:CircleBuffer     | 145.769 us                | 145.769 us                |
| GenInput                  | 380.687 us                | 380.687 us                |
| bucket keys               | 64.503 ms                 | 64.503 ms                 |
| forward: join             | 70.238 ms                 | 70.238 ms                 |
| NN                        | 167.980 ms                | 167.980 ms                |
| Forward                   | 406.311 ms                | 406.311 ms                |
| back: bucket keys         | 744.107 us                | 744.107 us                |
+---------------------------+---------------------------+---------------------------+
+---------------------------+---------------------------+---------------------------+
| Name                      | P50                       | P99                       |
+---------------------------+---------------------------+---------------------------+
| GenInput:CircleBuffer     | 145.769 us                | 145.769 us                |
| GenInput                  | 380.687 us                | 380.687 us                |
| bucket keys               | 64.503 ms                 | 64.503 ms                 |
| forward: join             | 70.238 ms                 | 70.238 ms                 |
| NN                        | 167.980 ms                | 167.980 ms                |
| Forward                   | 406.311 ms                | 406.311 ms                |
| back: bucket keys         | 744.107 us                | 744.107 us                |
+---------------------------+---------------------------+---------------------------+
+---------------------------+---------------------------+---------------------------+
| Name                      | P50                       | P99                       |
+---------------------------+---------------------------+---------------------------+
| GenInput:CircleBuffer     | 145.769 us                | 145.769 us                |
| GenInput                  | 380.687 us                | 380.687 us                |
| bucket keys               | 64.503 ms                 | 64.503 ms                 |
| forward: join             | 70.238 ms                 | 70.238 ms                 |
| NN                        | 167.980 ms                | 167.980 ms                |
| Forward                   | 406.311 ms                | 406.311 ms                |
| back: bucket keys         | 744.107 us                | 744.107 us                |
+---------------------------+---------------------------+---------------------------+
+---------------------------+---------------------------+---------------------------+
| Name                      | P50                       | P99                       |
+---------------------------+---------------------------+---------------------------+
| GenInput:CircleBuffer     | 145.769 us                | 145.769 us                |
| GenInput                  | 380.687 us                | 380.687 us                |
| bucket keys               | 64.503 ms                 | 64.503 ms                 |
| forward: join             | 70.238 ms                 | 70.238 ms                 |
| NN                        | 167.980 ms                | 167.980 ms                |
| Forward                   | 406.311 ms                | 406.311 ms                |
| back: bucket keys         | 744.107 us                | 744.107 us                |
+---------------------------+---------------------------+---------------------------+
+---------------------------+---------------------------+---------------------------+
| Name                      | P50                       | P99                       |
+---------------------------+---------------------------+---------------------------+
| GenInput:CircleBuffer     | 145.769 us                | 145.769 us                |
| GenInput                  | 380.687 us                | 380.687 us                |
| bucket keys               | 64.503 ms                 | 64.503 ms                 |
| forward: join             | 70.238 ms                 | 70.238 ms                 |
| NN                        | 167.980 ms                | 167.980 ms                |
| Forward                   | 406.311 ms                | 406.311 ms                |
| back: bucket keys         | 744.107 us                | 744.107 us                |
+---------------------------+---------------------------+---------------------------+
+---------------------------+---------------------------+---------------------------+
| Name                      | P50                       | P99                       |
+---------------------------+---------------------------+---------------------------+
| GenInput:CircleBuffer     | 145.769 us                | 145.769 us                |
| GenInput                  | 380.687 us                | 380.687 us                |
| bucket keys               | 64.503 ms                 | 64.503 ms                 |
| forward: join             | 70.238 ms                 | 70.238 ms                 |
| NN                        | 167.980 ms                | 167.980 ms                |
| Forward                   | 406.311 ms                | 406.311 ms                |
| back: bucket keys         | 744.107 us                | 744.107 us                |
+---------------------------+---------------------------+---------------------------+
+---------------------------+---------------------------+---------------------------+
| Name                      | P50                       | P99                       |
+---------------------------+---------------------------+---------------------------+
| GenInput:CircleBuffer     | 145.769 us                | 145.769 us                |
| GenInput                  | 380.687 us                | 380.687 us                |
| bucket keys               | 64.503 ms                 | 64.503 ms                 |
| forward: join             | 70.238 ms                 | 70.238 ms                 |
| NN                        | 167.980 ms                | 167.980 ms                |
| Forward                   | 406.311 ms                | 406.311 ms                |
| back: bucket keys         | 744.107 us                | 744.107 us                |
+---------------------------+---------------------------+---------------------------+
+---------------------------+---------------------------+---------------------------+
| Name                      | P50                       | P99                       |
+---------------------------+---------------------------+---------------------------+
| GenInput:CircleBuffer     | 145.769 us                | 145.769 us                |
| GenInput                  | 380.687 us                | 380.687 us                |
| bucket keys               | 64.503 ms                 | 64.503 ms                 |
| forward: join             | 70.238 ms                 | 70.238 ms                 |
| NN                        | 167.980 ms                | 167.980 ms                |
| Forward                   | 406.311 ms                | 406.311 ms                |
| back: bucket keys         | 744.107 us                | 744.107 us                |
+---------------------------+---------------------------+---------------------------+
+---------------------------+---------------------------+---------------------------+
| Name                      | P50                       | P99                       |
+---------------------------+---------------------------+---------------------------+
| GenInput:CircleBuffer     | 145.769 us                | 145.769 us                |
| GenInput                  | 380.687 us                | 380.687 us                |
| bucket keys               | 64.503 ms                 | 64.503 ms                 |
| forward: join             | 70.238 ms                 | 70.238 ms                 |
| NN                        | 167.980 ms                | 167.980 ms                |
| Forward                   | 406.311 ms                | 406.311 ms                |
| back: bucket keys         | 744.107 us                | 744.107 us                |
+---------------------------+---------------------------+---------------------------+
+---------------------------+---------------------------+---------------------------+
| Name                      | P50                       | P99                       |
+---------------------------+---------------------------+---------------------------+
| GenInput:CircleBuffer     | 145.769 us                | 145.769 us                |
| GenInput                  | 380.687 us                | 380.687 us                |
| bucket keys               | 64.503 ms                 | 64.503 ms                 |
| forward: join             | 70.238 ms                 | 70.238 ms                 |
| NN                        | 167.980 ms                | 167.980 ms                |
| Forward                   | 406.311 ms                | 406.311 ms                |
| back: bucket keys         | 744.107 us                | 744.107 us                |
+---------------------------+---------------------------+---------------------------+
========== Step 1 ========== 
INFO [24312 distributed.py:1140] Reducer buckets have been rebuilt in this iteration.
INFO [24460 distributed.py:1140] Reducer buckets have been rebuilt in this iteration.
INFO [24463 distributed.py:1140] Reducer buckets have been rebuilt in this iteration.
INFO [24461 distributed.py:1140] Reducer buckets have been rebuilt in this iteration.
INFO [24462 distributed.py:1140] Reducer buckets have been rebuilt in this iteration.
INFO [24464 distributed.py:1140] Reducer buckets have been rebuilt in this iteration.
INFO [24466 distributed.py:1140] Reducer buckets have been rebuilt in this iteration.
INFO [24465 distributed.py:1140] Reducer buckets have been rebuilt in this iteration.
+---------------------------+---------------------------+---------------------------+
| Name                      | P50                       | P99                       |
+---------------------------+---------------------------+---------------------------+
| GenInput:CircleBuffer     | 145.769 us                | 276.224 us                |
| GenInput                  | 380.687 us                | 3.389 ms                  |
| bucket keys               | 883.034 us                | 64.503 ms                 |
| forward: join             | 68.398 ms                 | 70.238 ms                 |
| NN                        | 3.482 ms                  | 167.980 ms                |
| Forward                   | 73.524 ms                 | 406.311 ms                |
| back: bucket keys         | 423.576 us                | 744.107 us                |
| back: a2a                 | 52.676 ms                 | 51.474 s                  |
| back: cache               | 77.637 ms                 | 77.637 ms                 |
| back: aggr dram keys      | 835.169 ms                | 835.169 ms                |
| back: set dram grad       | 2.051 ms                  | 2.051 ms                  |
| Backward                  | 52.483 s                  | 52.483 s                  |
| Optimize                  | 162.487 ms                | 162.487 ms                |
| OneStep                   | 53.057 s                  | 53.057 s                  |
+---------------------------+---------------------------+---------------------------+
========== Step 2 ========== 
========== Step 3 ========== 
========== Step 4 ========== 
========== Step 5 ========== 
========== Step 6 ========== 
========== Step 7 ========== 
========== Step 8 ========== 
========== Step 9 ========== 
========== Step 10 ========== 
========== Step 11 ========== 
========== Step 12 ========== 
========== Step 13 ========== 
========== Step 14 ========== 
========== Step 15 ========== 
========== Step 16 ========== 
========== Step 17 ========== 
+---------------------------+---------------------------+---------------------------+
| Name                      | P50                       | P99                       |
+---------------------------+---------------------------+---------------------------+
| GenInput:CircleBuffer     | 154.103 us                | 381.172 us                |
| GenInput                  | 673.819 us                | 3.389 ms                  |
| bucket keys               | 603.551 us                | 64.503 ms                 |
| forward: join             | 82.921 ms                 | 114.365 ms                |
| NN                        | 1.415 ms                  | 167.980 ms                |
| Forward                   | 86.296 ms                 | 406.311 ms                |
| back: bucket keys         | 424.037 us                | 859.961 us                |
| back: a2a                 | 24.937 ms                 | 51.474 s                  |
| back: cache               | 151.235 ms                | 213.483 ms                |
| back: aggr dram keys      | 39.065 ms                 | 835.169 ms                |
| back: set dram grad       | 1.437 ms                  | 3.767 ms                  |
| Backward                  | 224.904 ms                | 52.483 s                  |
| Optimize                  | 21.419 ms                 | 162.487 ms                |
| OneStep                   | 319.045 ms                | 53.057 s                  |
+---------------------------+---------------------------+---------------------------+
========== Step 18 ========== 
========== Step 19 ========== 
========== Step 20 ========== 
========== Step 21 ========== 
========== Step 22 ========== 
========== Step 23 ========== 
========== Step 24 ========== 
========== Step 25 ========== 
========== Step 26 ========== 
========== Step 27 ========== 
========== Step 28 ========== 
========== Step 29 ========== 
Successfully xmh
+---------------------------+---------------------------+---------------------------+
| Name                      | P50                       | P99                       |
+---------------------------+---------------------------+---------------------------+
| GenInput:CircleBuffer     | 162.799 us                | 400.688 us                |
| GenInput                  | 734.604 us                | 8.376 ms                  |
| bucket keys               | 530.223 us                | 64.503 ms                 |
| forward: join             | 79.019 ms                 | 114.365 ms                |
| NN                        | 1.306 ms                  | 167.980 ms                |
| Forward                   | 82.276 ms                 | 406.311 ms                |
| back: bucket keys         | 436.909 us                | 859.961 us                |
| back: a2a                 | 26.414 ms                 | 51.474 s                  |
| back: cache               | 151.528 ms                | 214.411 ms                |
| back: aggr dram keys      | 34.455 ms                 | 835.169 ms                |
| back: set dram grad       | 1.398 ms                  | 3.767 ms                  |
| Backward                  | 227.241 ms                | 52.483 s                  |
| Optimize                  | 19.162 ms                 | 162.487 ms                |
| OneStep                   | 317.789 ms                | 53.057 s                  |
+---------------------------+---------------------------+---------------------------+
