WARNING: Logging before InitGoogleLogging() is written to STDERR
I20240211 09:29:12.823892 11261 IPC_barrier.h:128] MultiProcessBarrierFactory->ClearIPCMemory()
W20240211 09:29:12.831490 11261 IPCTensor.h:369] NewIPCTensor: full_emb [9449206, 32]0x100000002000 1.126 GB
/data/home/xieminhui/RecStore/src/framework_adapters/torch/python/perf_rec_model.py:152: DeprecationWarning: The 'warn' function is deprecated, use 'warning' instead
  XLOG.warn("After init DistEmbedding")
WARNING [11261 perf_rec_model.py:152] After init DistEmbedding
========== Running Perf with routine <function routine_local_cache_helper at 0x7f439c73d8a0>==========
Worker 1 pid=13112
Worker 2 pid=13113
Worker 3 pid=13114
Worker 4 pid=13115
Worker 5 pid=13116
Worker 6 pid=13117
INFO [11261 distributed_c10d.py:442] Added key: store_based_barrier_key:1 to store for rank: 0
INFO [13112 distributed_c10d.py:442] Added key: store_based_barrier_key:1 to store for rank: 1
INFO [13113 distributed_c10d.py:442] Added key: store_based_barrier_key:1 to store for rank: 2
INFO [13114 distributed_c10d.py:442] Added key: store_based_barrier_key:1 to store for rank: 3
INFO [13115 distributed_c10d.py:442] Added key: store_based_barrier_key:1 to store for rank: 4
INFO [13117 distributed_c10d.py:442] Added key: store_based_barrier_key:1 to store for rank: 6
INFO [13117 distributed_c10d.py:476] Rank 6: Completed store-based barrier for key:store_based_barrier_key:1 with 8 nodes.
INFO [11261 distributed_c10d.py:476] Rank 0: Completed store-based barrier for key:store_based_barrier_key:1 with 8 nodes.
INFO [13116 distributed_c10d.py:442] Added key: store_based_barrier_key:1 to store for rank: 5
INFO [13118 distributed_c10d.py:442] Added key: store_based_barrier_key:1 to store for rank: 7
INFO [13112 distributed_c10d.py:476] Rank 1: Completed store-based barrier for key:store_based_barrier_key:1 with 8 nodes.
INFO [13115 distributed_c10d.py:476] Rank 4: Completed store-based barrier for key:store_based_barrier_key:1 with 8 nodes.
INFO [13114 distributed_c10d.py:476] Rank 3: Completed store-based barrier for key:store_based_barrier_key:1 with 8 nodes.
INFO [13116 distributed_c10d.py:476] Rank 5: Completed store-based barrier for key:store_based_barrier_key:1 with 8 nodes.
INFO [13118 distributed_c10d.py:476] Rank 7: Completed store-based barrier for key:store_based_barrier_key:1 with 8 nodes.
INFO [13113 distributed_c10d.py:476] Rank 2: Completed store-based barrier for key:store_based_barrier_key:1 with 8 nodes.
E20240211 09:29:19.110704 11261 IPCTensor.h:348] IPCTensor full_emb already exists
E20240211 09:29:19.110721 13117 IPCTensor.h:348] IPCTensor full_emb already exists
E20240211 09:29:19.110834 13112 IPCTensor.h:348] IPCTensor full_emb already exists
E20240211 09:29:19.110919 13115 IPCTensor.h:348] IPCTensor full_emb already exists
E20240211 09:29:19.111029 13116 IPCTensor.h:348] IPCTensor full_emb already exists
E20240211 09:29:19.111214 13113 IPCTensor.h:348] IPCTensor full_emb already exists
E20240211 09:29:19.111215 13114 IPCTensor.h:348] IPCTensor full_emb already exists
E20240211 09:29:19.111275 13118 IPCTensor.h:348] IPCTensor full_emb already exists
W20240211 09:29:24.482002 13113 IPCTensor.h:409] NewIPCGPUTensor: embedding_cache_2 [472460, 32]; dev=2; size=57.67 MB
W20240211 09:29:24.486168 13115 IPCTensor.h:409] NewIPCGPUTensor: embedding_cache_4 [472460, 32]; dev=4; size=57.67 MB
W20240211 09:29:24.486186 13117 IPCTensor.h:409] NewIPCGPUTensor: embedding_cache_6 [472460, 32]; dev=6; size=57.67 MB
W20240211 09:29:24.486197 13116 IPCTensor.h:409] NewIPCGPUTensor: embedding_cache_5 [472460, 32]; dev=5; size=57.67 MB
W20240211 09:29:24.486197 13114 IPCTensor.h:409] NewIPCGPUTensor: embedding_cache_3 [472460, 32]; dev=3; size=57.67 MB
W20240211 09:29:24.486207 13118 IPCTensor.h:409] NewIPCGPUTensor: embedding_cache_7 [472460, 32]; dev=7; size=57.67 MB
W20240211 09:29:24.486230 13112 IPCTensor.h:409] NewIPCGPUTensor: embedding_cache_1 [472460, 32]; dev=1; size=57.67 MB
W20240211 09:29:24.491878 11261 IPCTensor.h:409] NewIPCGPUTensor: embedding_cache_0 [472460, 32]; dev=0; size=57.67 MB
W20240211 09:29:25.253787 13113 IPCTensor.h:369] NewIPCTensor: input_keys_2 [1000000]0x10004817f000 7.629 MB
W20240211 09:29:25.253938 13112 IPCTensor.h:369] NewIPCTensor: input_keys_1 [1000000]0x100048922000 7.629 MB
W20240211 09:29:25.254026 13113 IPCTensor.h:369] NewIPCTensor: input_keys_neg_2 [1000000]0x1000490c5000 7.629 MB
W20240211 09:29:25.254096 13113 IPCTensor.h:369] NewIPCTensor: backward_grads_2 [1000000, 32]0x100049868000 122.1 MB
W20240211 09:29:25.254158 13113 IPCTensor.h:369] NewIPCTensor: backward_grads_neg_2 [1000000, 32]0x10005127c000 122.1 MB
W20240211 09:29:25.254173 13112 IPCTensor.h:369] NewIPCTensor: input_keys_neg_1 [1000000]0x100058c90000 7.629 MB
W20240211 09:29:25.254213 13113 IPCTensor.h:409] NewIPCGPUTensor: backward_grads_2_gpu [1000000, 32]; dev=2; size=122.1 MB
W20240211 09:29:25.254253 13112 IPCTensor.h:369] NewIPCTensor: backward_grads_1 [1000000, 32]0x100059433000 122.1 MB
W20240211 09:29:25.254310 13112 IPCTensor.h:369] NewIPCTensor: backward_grads_neg_1 [1000000, 32]0x100060e47000 122.1 MB
W20240211 09:29:25.254367 13112 IPCTensor.h:409] NewIPCGPUTensor: backward_grads_1_gpu [1000000, 32]; dev=1; size=122.1 MB
W20240211 09:29:25.255112 13113 IPCTensor.h:409] NewIPCGPUTensor: backward_grads_neg_2_gpu [1000000, 32]; dev=2; size=122.1 MB
W20240211 09:29:25.255235 13112 IPCTensor.h:409] NewIPCGPUTensor: backward_grads_neg_1_gpu [1000000, 32]; dev=1; size=122.1 MB
W20240211 09:29:25.266753 13117 IPCTensor.h:369] NewIPCTensor: input_keys_6 [1000000]0x100068865000 7.629 MB
W20240211 09:29:25.266919 13117 IPCTensor.h:369] NewIPCTensor: input_keys_neg_6 [1000000]0x100069008000 7.629 MB
W20240211 09:29:25.266965 13117 IPCTensor.h:369] NewIPCTensor: backward_grads_6 [1000000, 32]0x1000697ab000 122.1 MB
W20240211 09:29:25.267014 13117 IPCTensor.h:369] NewIPCTensor: backward_grads_neg_6 [1000000, 32]0x1000711bf000 122.1 MB
W20240211 09:29:25.267047 13117 IPCTensor.h:409] NewIPCGPUTensor: backward_grads_6_gpu [1000000, 32]; dev=6; size=122.1 MB
W20240211 09:29:25.267508 13117 IPCTensor.h:409] NewIPCGPUTensor: backward_grads_neg_6_gpu [1000000, 32]; dev=6; size=122.1 MB
W20240211 09:29:25.267750 13114 IPCTensor.h:369] NewIPCTensor: input_keys_3 [1000000]0x100078bd7000 7.629 MB
W20240211 09:29:25.267936 13114 IPCTensor.h:369] NewIPCTensor: input_keys_neg_3 [1000000]0x10007937c000 7.629 MB
W20240211 09:29:25.268002 13114 IPCTensor.h:369] NewIPCTensor: backward_grads_3 [1000000, 32]0x100079b1f000 122.1 MB
W20240211 09:29:25.268067 13114 IPCTensor.h:369] NewIPCTensor: backward_grads_neg_3 [1000000, 32]0x100081533000 122.1 MB
W20240211 09:29:25.268131 13114 IPCTensor.h:409] NewIPCGPUTensor: backward_grads_3_gpu [1000000, 32]; dev=3; size=122.1 MB
W20240211 09:29:25.285816 13118 IPCTensor.h:369] NewIPCTensor: input_keys_7 [1000000]0x100088f4b000 7.629 MB
W20240211 09:29:25.285931 13114 IPCTensor.h:409] NewIPCGPUTensor: backward_grads_neg_3_gpu [1000000, 32]; dev=3; size=122.1 MB
W20240211 09:29:25.285996 13118 IPCTensor.h:369] NewIPCTensor: input_keys_neg_7 [1000000]0x1000896f0000 7.629 MB
W20240211 09:29:25.286015 13116 IPCTensor.h:369] NewIPCTensor: input_keys_5 [1000000]0x100089e93000 7.629 MB
W20240211 09:29:25.286065 13118 IPCTensor.h:369] NewIPCTensor: backward_grads_7 [1000000, 32]0x10008a636000 122.1 MB
W20240211 09:29:25.286118 13118 IPCTensor.h:369] NewIPCTensor: backward_grads_neg_7 [1000000, 32]0x10009204a000 122.1 MB
W20240211 09:29:25.286156 13118 IPCTensor.h:409] NewIPCGPUTensor: backward_grads_7_gpu [1000000, 32]; dev=7; size=122.1 MB
W20240211 09:29:25.286185 13116 IPCTensor.h:369] NewIPCTensor: input_keys_neg_5 [1000000]0x100099a5e000 7.629 MB
W20240211 09:29:25.286260 13116 IPCTensor.h:369] NewIPCTensor: backward_grads_5 [1000000, 32]0x10009a201000 122.1 MB
W20240211 09:29:25.286298 13116 IPCTensor.h:369] NewIPCTensor: backward_grads_neg_5 [1000000, 32]0x1000a1c15000 122.1 MB
W20240211 09:29:25.286355 13116 IPCTensor.h:409] NewIPCGPUTensor: backward_grads_5_gpu [1000000, 32]; dev=5; size=122.1 MB
W20240211 09:29:25.286760 13118 IPCTensor.h:409] NewIPCGPUTensor: backward_grads_neg_7_gpu [1000000, 32]; dev=7; size=122.1 MB
W20240211 09:29:25.286788 13116 IPCTensor.h:409] NewIPCGPUTensor: backward_grads_neg_5_gpu [1000000, 32]; dev=5; size=122.1 MB
W20240211 09:29:25.289481 13115 IPCTensor.h:369] NewIPCTensor: input_keys_4 [1000000]0x1000a9635000 7.629 MB
W20240211 09:29:25.289619 13115 IPCTensor.h:369] NewIPCTensor: input_keys_neg_4 [1000000]0x1000a9dd8000 7.629 MB
W20240211 09:29:25.289669 13115 IPCTensor.h:369] NewIPCTensor: backward_grads_4 [1000000, 32]0x1000aa57b000 122.1 MB
W20240211 09:29:25.289707 13115 IPCTensor.h:369] NewIPCTensor: backward_grads_neg_4 [1000000, 32]0x1000b1f8f000 122.1 MB
W20240211 09:29:25.289738 13115 IPCTensor.h:409] NewIPCGPUTensor: backward_grads_4_gpu [1000000, 32]; dev=4; size=122.1 MB
W20240211 09:29:25.290086 13115 IPCTensor.h:409] NewIPCGPUTensor: backward_grads_neg_4_gpu [1000000, 32]; dev=4; size=122.1 MB
W20240211 09:29:25.299172 11261 IPCTensor.h:369] NewIPCTensor: input_keys_0 [1000000]0x1000b99a9000 7.629 MB
W20240211 09:29:25.299350 11261 IPCTensor.h:369] NewIPCTensor: input_keys_neg_0 [1000000]0x1000ba14c000 7.629 MB
W20240211 09:29:25.299427 11261 IPCTensor.h:369] NewIPCTensor: backward_grads_0 [1000000, 32]0x1000ba8ef000 122.1 MB
W20240211 09:29:25.299463 11261 IPCTensor.h:369] NewIPCTensor: backward_grads_neg_0 [1000000, 32]0x1000c2303000 122.1 MB
W20240211 09:29:25.299516 11261 IPCTensor.h:409] NewIPCGPUTensor: backward_grads_0_gpu [1000000, 32]; dev=0; size=122.1 MB
W20240211 09:29:25.299870 11261 IPCTensor.h:409] NewIPCGPUTensor: backward_grads_neg_0_gpu [1000000, 32]; dev=0; size=122.1 MB
Worker 7 pid=13118
New CachedEmbedding, name=full_emb, shape=(9449206, 32), cache_type=KnownLocalCachedEmbedding
fixed cache_range is [(0, 472460), (472460, 944920), (944920, 1417380), (1417380, 1889840), (1889840, 2362300), (2362300, 2834760), (2834760, 3307220), (3307220, 3779680)]
cudaHostRegister 0x100000002000
0: KnownLocalCachedEmbedding init done
cudaHostRegister 0x100000002000
7: KnownLocalCachedEmbedding init done
cudaHostRegister 0x100000002000
6: KnownLocalCachedEmbedding init done
cudaHostRegister 0x100000002000
1: KnownLocalCachedEmbedding init done
cudaHostRegister 0x100000002000
3: KnownLocalCachedEmbedding init done
cudaHostRegister 0x100000002000
4: KnownLocalCachedEmbedding init done
cudaHostRegister 0x100000002000
5: KnownLocalCachedEmbedding init done
cudaHostRegister 0x100000002000
2: KnownLocalCachedEmbedding init done
W20240211 09:29:30.220402 13112 IPCTensor.h:369] NewIPCTensor: cached_sampler_r1_0 [1000000]0x1000c9d1b000 7.629 MB
W20240211 09:29:30.220685 13112 IPCTensor.h:369] NewIPCTensor: cached_sampler_r1_1 [1000000]0x1000ca4be000 7.629 MB
W20240211 09:29:30.220738 13112 IPCTensor.h:369] NewIPCTensor: cached_sampler_r1_2 [1000000]0x1000cac61000 7.629 MB
W20240211 09:29:30.220785 13112 IPCTensor.h:369] NewIPCTensor: cached_sampler_r1_3 [1000000]0x1000cb404000 7.629 MB
W20240211 09:29:30.220826 13112 IPCTensor.h:369] NewIPCTensor: cached_sampler_r1_4 [1000000]0x1000cbba7000 7.629 MB
W20240211 09:29:30.220862 13112 IPCTensor.h:369] NewIPCTensor: cached_sampler_r1_5 [1000000]0x1000cc34a000 7.629 MB
W20240211 09:29:30.220901 13112 IPCTensor.h:369] NewIPCTensor: cached_sampler_r1_6 [1000000]0x1000ccaed000 7.629 MB
W20240211 09:29:30.220947 13112 IPCTensor.h:369] NewIPCTensor: cached_sampler_r1_7 [1000000]0x1000cd290000 7.629 MB
W20240211 09:29:30.220990 13112 IPCTensor.h:369] NewIPCTensor: cached_sampler_r1_8 [1000000]0x1000cda33000 7.629 MB
W20240211 09:29:30.221045 13112 IPCTensor.h:369] NewIPCTensor: cached_sampler_r1_9 [1000000]0x1000ce1d6000 7.629 MB
W20240211 09:29:30.221084 13112 IPCTensor.h:369] NewIPCTensor: step_r1 [10]0x1000ce979000 80 B 
W20240211 09:29:30.221117 13112 IPCTensor.h:369] NewIPCTensor: circle_buffer_end_r1 [1]0x1000ce97b000 8 B 
W20240211 09:29:30.221161 13112 IPCTensor.h:369] NewIPCTensor: circle_buffer_end_cppseen_r1 [1]0x1000ce97d000 8 B 
Dataset:  /home/xieminhui/RecStoreDataset/avazu_binary
Dataset loaded
np.max =  9449205
np.min=  1
Construct RecModelSampler done
I20240211 09:29:30.221736 13112 IPC_barrier.h:118] CreateBarrier: new barrier, name: kgcachecontroller, count: 8
W20240211 09:29:30.348865 11261 IPCTensor.h:369] NewIPCTensor: cached_sampler_r0_0 [1000000]0x1000ce97f000 7.629 MB
W20240211 09:29:30.349110 11261 IPCTensor.h:369] NewIPCTensor: cached_sampler_r0_1 [1000000]0x1000cf122000 7.629 MB
W20240211 09:29:30.349197 11261 IPCTensor.h:369] NewIPCTensor: cached_sampler_r0_2 [1000000]0x1000cf8c5000 7.629 MB
W20240211 09:29:30.349254 11261 IPCTensor.h:369] NewIPCTensor: cached_sampler_r0_3 [1000000]0x1000d0068000 7.629 MB
W20240211 09:29:30.349328 11261 IPCTensor.h:369] NewIPCTensor: cached_sampler_r0_4 [1000000]0x1000d080b000 7.629 MB
W20240211 09:29:30.349395 11261 IPCTensor.h:369] NewIPCTensor: cached_sampler_r0_5 [1000000]0x1000d0fae000 7.629 MB
W20240211 09:29:30.349463 11261 IPCTensor.h:369] NewIPCTensor: cached_sampler_r0_6 [1000000]0x1000d1751000 7.629 MB
W20240211 09:29:30.349527 11261 IPCTensor.h:369] NewIPCTensor: cached_sampler_r0_7 [1000000]0x1000d1ef4000 7.629 MB
W20240211 09:29:30.349576 11261 IPCTensor.h:369] NewIPCTensor: cached_sampler_r0_8 [1000000]0x1000d2697000 7.629 MB
W20240211 09:29:30.349622 11261 IPCTensor.h:369] NewIPCTensor: cached_sampler_r0_9 [1000000]0x1000d2e3a000 7.629 MB
W20240211 09:29:30.349663 11261 IPCTensor.h:369] NewIPCTensor: step_r0 [10]0x1000d35dd000 80 B 
W20240211 09:29:30.349707 11261 IPCTensor.h:369] NewIPCTensor: circle_buffer_end_r0 [1]0x1000d35df000 8 B 
W20240211 09:29:30.349740 11261 IPCTensor.h:369] NewIPCTensor: circle_buffer_end_cppseen_r0 [1]0x1000d35e1000 8 B 
Dataset:  /home/xieminhui/RecStoreDataset/avazu_binary
Dataset loaded
np.max =  9449205
np.min=  1
Construct RecModelSampler done
I20240211 09:29:30.350215 11261 IPC_barrier.h:112] CreateBarrier: find existing barrier, name: kgcachecontroller, count: 8
W20240211 09:29:30.352505 13116 IPCTensor.h:369] NewIPCTensor: cached_sampler_r5_0 [1000000]0x1000d35e3000 7.629 MB
W20240211 09:29:30.352672 13116 IPCTensor.h:369] NewIPCTensor: cached_sampler_r5_1 [1000000]0x1000d3d86000 7.629 MB
W20240211 09:29:30.352735 13116 IPCTensor.h:369] NewIPCTensor: cached_sampler_r5_2 [1000000]0x1000d4529000 7.629 MB
W20240211 09:29:30.352792 13116 IPCTensor.h:369] NewIPCTensor: cached_sampler_r5_3 [1000000]0x1000d4ccc000 7.629 MB
W20240211 09:29:30.352844 13116 IPCTensor.h:369] NewIPCTensor: cached_sampler_r5_4 [1000000]0x1000d546f000 7.629 MB
W20240211 09:29:30.352890 13116 IPCTensor.h:369] NewIPCTensor: cached_sampler_r5_5 [1000000]0x1000d5c12000 7.629 MB
W20240211 09:29:30.352941 13116 IPCTensor.h:369] NewIPCTensor: cached_sampler_r5_6 [1000000]0x1000d63b5000 7.629 MB
W20240211 09:29:30.353005 13116 IPCTensor.h:369] NewIPCTensor: cached_sampler_r5_7 [1000000]0x1000d6b58000 7.629 MB
W20240211 09:29:30.353067 13116 IPCTensor.h:369] NewIPCTensor: cached_sampler_r5_8 [1000000]0x1000d72fb000 7.629 MB
W20240211 09:29:30.353140 13116 IPCTensor.h:369] NewIPCTensor: cached_sampler_r5_9 [1000000]0x1000d7a9e000 7.629 MB
W20240211 09:29:30.353188 13116 IPCTensor.h:369] NewIPCTensor: step_r5 [10]0x1000d8241000 80 B 
W20240211 09:29:30.353227 13116 IPCTensor.h:369] NewIPCTensor: circle_buffer_end_r5 [1]0x1000d8243000 8 B 
W20240211 09:29:30.353271 13116 IPCTensor.h:369] NewIPCTensor: circle_buffer_end_cppseen_r5 [1]0x1000d8245000 8 B 
Dataset:  /home/xieminhui/RecStoreDataset/avazu_binary
Dataset loaded
np.max =  9449205
np.min=  1
Construct RecModelSampler done
I20240211 09:29:30.353646 13116 IPC_barrier.h:112] CreateBarrier: find existing barrier, name: kgcachecontroller, count: 8
W20240211 09:29:30.439240 13113 IPCTensor.h:369] NewIPCTensor: cached_sampler_r2_0 [1000000]0x1000d8247000 7.629 MB
W20240211 09:29:30.439453 13113 IPCTensor.h:369] NewIPCTensor: cached_sampler_r2_1 [1000000]0x1000d89ea000 7.629 MB
W20240211 09:29:30.439525 13113 IPCTensor.h:369] NewIPCTensor: cached_sampler_r2_2 [1000000]0x1000d918d000 7.629 MB
W20240211 09:29:30.439581 13113 IPCTensor.h:369] NewIPCTensor: cached_sampler_r2_3 [1000000]0x1000d9930000 7.629 MB
W20240211 09:29:30.439635 13113 IPCTensor.h:369] NewIPCTensor: cached_sampler_r2_4 [1000000]0x1000da0d3000 7.629 MB
W20240211 09:29:30.439693 13113 IPCTensor.h:369] NewIPCTensor: cached_sampler_r2_5 [1000000]0x1000da876000 7.629 MB
W20240211 09:29:30.439743 13113 IPCTensor.h:369] NewIPCTensor: cached_sampler_r2_6 [1000000]0x1000db019000 7.629 MB
W20240211 09:29:30.439807 13113 IPCTensor.h:369] NewIPCTensor: cached_sampler_r2_7 [1000000]0x1000db7bc000 7.629 MB
W20240211 09:29:30.439862 13113 IPCTensor.h:369] NewIPCTensor: cached_sampler_r2_8 [1000000]0x1000dbf5f000 7.629 MB
W20240211 09:29:30.439924 13113 IPCTensor.h:369] NewIPCTensor: cached_sampler_r2_9 [1000000]0x1000dc702000 7.629 MB
W20240211 09:29:30.439971 13113 IPCTensor.h:369] NewIPCTensor: step_r2 [10]0x1000dcea5000 80 B 
W20240211 09:29:30.440014 13113 IPCTensor.h:369] NewIPCTensor: circle_buffer_end_r2 [1]0x1000dcea7000 8 B 
W20240211 09:29:30.440073 13113 IPCTensor.h:369] NewIPCTensor: circle_buffer_end_cppseen_r2 [1]0x1000dcea9000 8 B 
Dataset:  /home/xieminhui/RecStoreDataset/avazu_binary
Dataset loaded
np.max =  9449205
np.min=  1
Construct RecModelSampler done
I20240211 09:29:30.440496 13113 IPC_barrier.h:112] CreateBarrier: find existing barrier, name: kgcachecontroller, count: 8
W20240211 09:29:30.600450 13117 IPCTensor.h:369] NewIPCTensor: cached_sampler_r6_0 [1000000]0x1000dceab000 7.629 MB
W20240211 09:29:30.600600 13117 IPCTensor.h:369] NewIPCTensor: cached_sampler_r6_1 [1000000]0x1000dd64e000 7.629 MB
W20240211 09:29:30.600654 13117 IPCTensor.h:369] NewIPCTensor: cached_sampler_r6_2 [1000000]0x1000dddf1000 7.629 MB
W20240211 09:29:30.600713 13117 IPCTensor.h:369] NewIPCTensor: cached_sampler_r6_3 [1000000]0x1000de594000 7.629 MB
W20240211 09:29:30.600780 13117 IPCTensor.h:369] NewIPCTensor: cached_sampler_r6_4 [1000000]0x1000ded37000 7.629 MB
W20240211 09:29:30.600824 13117 IPCTensor.h:369] NewIPCTensor: cached_sampler_r6_5 [1000000]0x1000df4da000 7.629 MB
W20240211 09:29:30.600862 13117 IPCTensor.h:369] NewIPCTensor: cached_sampler_r6_6 [1000000]0x1000dfc7d000 7.629 MB
W20240211 09:29:30.600914 13117 IPCTensor.h:369] NewIPCTensor: cached_sampler_r6_7 [1000000]0x1000e0420000 7.629 MB
W20240211 09:29:30.600960 13117 IPCTensor.h:369] NewIPCTensor: cached_sampler_r6_8 [1000000]0x1000e0bc3000 7.629 MB
W20240211 09:29:30.601025 13117 IPCTensor.h:369] NewIPCTensor: cached_sampler_r6_9 [1000000]0x1000e1366000 7.629 MB
W20240211 09:29:30.601066 13117 IPCTensor.h:369] NewIPCTensor: step_r6 [10]0x1000e1b09000 80 B 
W20240211 09:29:30.601102 13117 IPCTensor.h:369] NewIPCTensor: circle_buffer_end_r6 [1]0x1000e1b0b000 8 B 
W20240211 09:29:30.601138 13117 IPCTensor.h:369] NewIPCTensor: circle_buffer_end_cppseen_r6 [1]0x1000e1b0d000 8 B 
Dataset:  /home/xieminhui/RecStoreDataset/avazu_binary
Dataset loaded
np.max =  9449205
np.min=  1
Construct RecModelSampler done
I20240211 09:29:30.601433 13117 IPC_barrier.h:112] CreateBarrier: find existing barrier, name: kgcachecontroller, count: 8
W20240211 09:29:30.669705 13115 IPCTensor.h:369] NewIPCTensor: cached_sampler_r4_0 [1000000]0x1000e1b0f000 7.629 MB
W20240211 09:29:30.669847 13115 IPCTensor.h:369] NewIPCTensor: cached_sampler_r4_1 [1000000]0x1000e22b2000 7.629 MB
W20240211 09:29:30.669896 13115 IPCTensor.h:369] NewIPCTensor: cached_sampler_r4_2 [1000000]0x1000e2a55000 7.629 MB
W20240211 09:29:30.669942 13115 IPCTensor.h:369] NewIPCTensor: cached_sampler_r4_3 [1000000]0x1000e31f8000 7.629 MB
W20240211 09:29:30.669984 13115 IPCTensor.h:369] NewIPCTensor: cached_sampler_r4_4 [1000000]0x1000e399b000 7.629 MB
W20240211 09:29:30.670022 13115 IPCTensor.h:369] NewIPCTensor: cached_sampler_r4_5 [1000000]0x1000e413e000 7.629 MB
W20240211 09:29:30.670058 13115 IPCTensor.h:369] NewIPCTensor: cached_sampler_r4_6 [1000000]0x1000e48e1000 7.629 MB
W20240211 09:29:30.670101 13115 IPCTensor.h:369] NewIPCTensor: cached_sampler_r4_7 [1000000]0x1000e5084000 7.629 MB
W20240211 09:29:30.670145 13115 IPCTensor.h:369] NewIPCTensor: cached_sampler_r4_8 [1000000]0x1000e5827000 7.629 MB
W20240211 09:29:30.670197 13115 IPCTensor.h:369] NewIPCTensor: cached_sampler_r4_9 [1000000]0x1000e5fca000 7.629 MB
W20240211 09:29:30.670234 13115 IPCTensor.h:369] NewIPCTensor: step_r4 [10]0x1000e676d000 80 B 
W20240211 09:29:30.670275 13115 IPCTensor.h:369] NewIPCTensor: circle_buffer_end_r4 [1]0x1000e676f000 8 B 
W20240211 09:29:30.670310 13115 IPCTensor.h:369] NewIPCTensor: circle_buffer_end_cppseen_r4 [1]0x1000e6771000 8 B 
Dataset:  /home/xieminhui/RecStoreDataset/avazu_binary
Dataset loaded
np.max =  9449205
np.min=  1
Construct RecModelSampler done
I20240211 09:29:30.670568 13115 IPC_barrier.h:112] CreateBarrier: find existing barrier, name: kgcachecontroller, count: 8
W20240211 09:29:30.799270 13114 IPCTensor.h:369] NewIPCTensor: cached_sampler_r3_0 [1000000]0x1000e6773000 7.629 MB
W20240211 09:29:30.799427 13114 IPCTensor.h:369] NewIPCTensor: cached_sampler_r3_1 [1000000]0x1000e6f16000 7.629 MB
W20240211 09:29:30.799479 13114 IPCTensor.h:369] NewIPCTensor: cached_sampler_r3_2 [1000000]0x1000e76b9000 7.629 MB
W20240211 09:29:30.799533 13114 IPCTensor.h:369] NewIPCTensor: cached_sampler_r3_3 [1000000]0x1000e7e5c000 7.629 MB
W20240211 09:29:30.799574 13114 IPCTensor.h:369] NewIPCTensor: cached_sampler_r3_4 [1000000]0x1000e85ff000 7.629 MB
W20240211 09:29:30.799618 13114 IPCTensor.h:369] NewIPCTensor: cached_sampler_r3_5 [1000000]0x1000e8da2000 7.629 MB
W20240211 09:29:30.799654 13114 IPCTensor.h:369] NewIPCTensor: cached_sampler_r3_6 [1000000]0x1000e9545000 7.629 MB
W20240211 09:29:30.799697 13114 IPCTensor.h:369] NewIPCTensor: cached_sampler_r3_7 [1000000]0x1000e9ce8000 7.629 MB
W20240211 09:29:30.799742 13114 IPCTensor.h:369] NewIPCTensor: cached_sampler_r3_8 [1000000]0x1000ea48b000 7.629 MB
W20240211 09:29:30.799789 13114 IPCTensor.h:369] NewIPCTensor: cached_sampler_r3_9 [1000000]0x1000eac2e000 7.629 MB
W20240211 09:29:30.799829 13114 IPCTensor.h:369] NewIPCTensor: step_r3 [10]0x1000eb3d1000 80 B 
W20240211 09:29:30.799860 13114 IPCTensor.h:369] NewIPCTensor: circle_buffer_end_r3 [1]0x1000eb3d3000 8 B 
W20240211 09:29:30.799896 13114 IPCTensor.h:369] NewIPCTensor: circle_buffer_end_cppseen_r3 [1]0x1000eb3d5000 8 B 
Dataset:  /home/xieminhui/RecStoreDataset/avazu_binary
Dataset loaded
np.max =  9449205
np.min=  1
Construct RecModelSampler done
I20240211 09:29:30.800212 13114 IPC_barrier.h:112] CreateBarrier: find existing barrier, name: kgcachecontroller, count: 8
W20240211 09:29:30.936314 13118 IPCTensor.h:369] NewIPCTensor: cached_sampler_r7_0 [1000000]0x1000eb3d7000 7.629 MB
W20240211 09:29:30.936455 13118 IPCTensor.h:369] NewIPCTensor: cached_sampler_r7_1 [1000000]0x1000ebb7a000 7.629 MB
W20240211 09:29:30.936509 13118 IPCTensor.h:369] NewIPCTensor: cached_sampler_r7_2 [1000000]0x1000ec31d000 7.629 MB
W20240211 09:29:30.936551 13118 IPCTensor.h:369] NewIPCTensor: cached_sampler_r7_3 [1000000]0x1000ecac0000 7.629 MB
W20240211 09:29:30.936591 13118 IPCTensor.h:369] NewIPCTensor: cached_sampler_r7_4 [1000000]0x1000ed263000 7.629 MB
W20240211 09:29:30.936635 13118 IPCTensor.h:369] NewIPCTensor: cached_sampler_r7_5 [1000000]0x1000eda06000 7.629 MB
W20240211 09:29:30.936671 13118 IPCTensor.h:369] NewIPCTensor: cached_sampler_r7_6 [1000000]0x1000ee1a9000 7.629 MB
W20240211 09:29:30.936718 13118 IPCTensor.h:369] NewIPCTensor: cached_sampler_r7_7 [1000000]0x1000ee94c000 7.629 MB
W20240211 09:29:30.936760 13118 IPCTensor.h:369] NewIPCTensor: cached_sampler_r7_8 [1000000]0x1000ef0ef000 7.629 MB
W20240211 09:29:30.936806 13118 IPCTensor.h:369] NewIPCTensor: cached_sampler_r7_9 [1000000]0x1000ef892000 7.629 MB
W20240211 09:29:30.936875 13118 IPCTensor.h:369] NewIPCTensor: step_r7 [10]0x1000f0035000 80 B 
W20240211 09:29:30.936908 13118 IPCTensor.h:369] NewIPCTensor: circle_buffer_end_r7 [1]0x1000f0037000 8 B 
W20240211 09:29:30.936942 13118 IPCTensor.h:369] NewIPCTensor: circle_buffer_end_cppseen_r7 [1]0x1000f0039000 8 B 
Dataset:  /home/xieminhui/RecStoreDataset/avazu_binary
Dataset loaded
np.max =  9449205
np.min=  1
Construct RecModelSampler done
I20240211 09:29:30.937202 13118 IPC_barrier.h:112] CreateBarrier: find existing barrier, name: kgcachecontroller, count: 8
W20240211 09:29:30.939956 11261 grad_base.h:55] KGCacheController, config={
        "num_gpus": 8,
        "L": 10,
        "kForwardItersPerStep": 1,
        "clr": 0.01,
        "backwardMode": "CppAsyncV2",
        "nr_background_threads": 16, 
        "cache_ratio": 0.05,
        "backgrad_init": "both",
        "update_pq_use_omp": 2,
        "kUpdatePqWorkerNum": 8
    }
W20240211 09:29:30.940279 11261 grad_base.h:184] Init GradProcessingBase done
I20240211 09:29:32.067422 11261 grad_async_v2.h:42] Use main thread to update emb.
W20240211 09:29:32.067698 11261 kg_controller.h:78] after init GradAsyncProcessingV2
I20240211 09:29:32.067710 11261 kg_controller.h:84] Construct KGCacheController done
E20240211 09:29:32.847525 13116 recstore.cc:66] init folly done
Construct KGCacheControllerWrapper done
E20240211 09:29:32.848205 11261 recstore.cc:66] init folly done
Construct KGCacheControllerWrapper done
E20240211 09:29:32.848590 13118 recstore.cc:66] init folly done
E20240211 09:29:32.848619 13113 recstore.cc:66] init folly done
E20240211 09:29:32.848620 13115 recstore.cc:66] init folly done
Construct KGCacheControllerWrapper done
Construct KGCacheControllerWrapper done
E20240211 09:29:32.848702 13117 recstore.cc:66] init folly done
Construct KGCacheControllerWrapper done
E20240211 09:29:32.848722 13114 recstore.cc:66] init folly done
E20240211 09:29:32.848733 13112 recstore.cc:66] init folly done
Construct KGCacheControllerWrapper done
Construct KGCacheControllerWrapper done
Construct KGCacheControllerWrapper done
I20240211 09:29:32.849743 11261 grad_base.h:60] GraphEnv RegTensorsPerProcess
W20240211 09:29:33.694198 15725 grad_async_v2.h:137] Detect new sample comes, old_end0, new_end1
E20240211 09:29:33.694728 15725 parallel_pq_v2.h:79] insert failed, size(hashtable)=0
E20240211 09:29:34.694164 15725 parallel_pq_v2.h:79] insert failed, size(hashtable)=0
W20240211 09:29:34.705929 15725 grad_async_v2.h:137] Detect new sample comes, old_end8, new_end9
Before Training
I20240211 09:29:36.114635 11261 IPC_barrier.h:118] CreateBarrier: new barrier, name: start_barrier, count: 8
Before Training
Before Training
Before Training
I20240211 09:29:36.115573 13112 IPC_barrier.h:112] CreateBarrier: find existing barrier, name: start_barrier, count: 8
I20240211 09:29:36.115649 13115 IPC_barrier.h:112] CreateBarrier: find existing barrier, name: start_barrier, count: 8
I20240211 09:29:36.115686 13118 IPC_barrier.h:112] CreateBarrier: find existing barrier, name: start_barrier, count: 8
Before Training
I20240211 09:29:36.115806 13117 IPC_barrier.h:112] CreateBarrier: find existing barrier, name: start_barrier, count: 8
Before Training
I20240211 09:29:36.115999 13116 IPC_barrier.h:112] CreateBarrier: find existing barrier, name: start_barrier, count: 8
Before Training
I20240211 09:29:36.116194 13114 IPC_barrier.h:112] CreateBarrier: find existing barrier, name: start_barrier, count: 8
Before Training
I20240211 09:29:36.117081 13113 IPC_barrier.h:112] CreateBarrier: find existing barrier, name: start_barrier, count: 8
W20240211 09:29:36.119410 15725 grad_async_v2.h:137] Detect new sample comes, old_end0, new_end1
E20240211 09:29:36.119580 15725 parallel_pq_v2.h:79] insert failed, size(hashtable)=1
========== Step 0 ========== 
E20240211 09:29:37.840656 16293 parallel_pq_v2.h:79] insert failed, size(hashtable)=0
+---------------------------+---------------------------+---------------------------+
| Name                      | P50                       | P99                       |
+---------------------------+---------------------------+---------------------------+
| clean                     | 153.065 us                | 269.315 us                |
| ProcessBack:Shuffle       | 285.860 ms                | 285.860 ms                |
| ProcessBack:UpdateCache   | 980.959 ms                | 980.959 ms                |
+---------------------------+---------------------------+---------------------------+
W20240211 09:29:37.917928 11261 grad_async_v2.h:270] Sleep in <BlockToStepN>, step_no=1, pq.top=0
W20240211 09:29:38.037333 15725 grad_async_v2.h:137] Detect new sample comes, old_end1, new_end2
========== Step 1 ========== 
INFO [11261 distributed.py:1140] Reducer buckets have been rebuilt in this iteration.
INFO [13112 distributed.py:1140] Reducer buckets have been rebuilt in this iteration.
INFO [13116 distributed.py:1140] Reducer buckets have been rebuilt in this iteration.
INFO [13117 distributed.py:1140] Reducer buckets have been rebuilt in this iteration.
INFO [13118 distributed.py:1140] Reducer buckets have been rebuilt in this iteration.
INFO [13115 distributed.py:1140] Reducer buckets have been rebuilt in this iteration.
INFO [13113 distributed.py:1140] Reducer buckets have been rebuilt in this iteration.
INFO [13114 distributed.py:1140] Reducer buckets have been rebuilt in this iteration.
========== Step 2 ========== 
========== Step 3 ========== 
========== Step 4 ========== 
========== Step 5 ========== 
========== Step 6 ========== 
========== Step 7 ========== 
========== Step 8 ========== 
========== Step 9 ========== 
========== Step 10 ========== 
========== Step 11 ========== 
E20240211 09:29:38.271229 11261 grad_async_v2.h:404] Stalled in ProcessBackward: rank=1, step_no=11, sample_step_cpp_seen_[rank]=10
========== Step 12 ========== 
E20240211 09:29:38.840087 15725 parallel_pq_v2.h:79] insert failed, size(hashtable)=0
W20240211 09:29:39.037889 15725 grad_async_v2.h:137] Detect new sample comes, old_end2, new_end3
========== Step 13 ========== 
========== Step 14 ========== 
========== Step 15 ========== 
========== Step 16 ========== 
========== Step 17 ========== 
========== Step 18 ========== 
========== Step 19 ========== 
========== Step 20 ========== 
========== Step 21 ========== 
========== Step 22 ========== 
========== Step 23 ========== 
========== Step 24 ========== 
W20240211 09:29:39.837498 11261 grad_async_v2.h:257] pq is empty
========== Step 25 ========== 
E20240211 09:29:39.840014 15725 parallel_pq_v2.h:79] insert failed, size(hashtable)=7
========== Step 26 ========== 
========== Step 27 ========== 
========== Step 28 ========== 
========== Step 29 ========== 
========== Step 30 ========== 
========== Step 31 ========== 
========== Step 32 ========== 
========== Step 33 ========== 
========== Step 34 ========== 
W20240211 09:29:40.050485 15725 grad_async_v2.h:137] Detect new sample comes, old_end4, new_end5
========== Step 35 ========== 
========== Step 36 ========== 
========== Step 37 ========== 
========== Step 38 ========== 
========== Step 39 ========== 
========== Step 40 ========== 
========== Step 41 ========== 
========== Step 42 ========== 
========== Step 43 ========== 
========== Step 44 ========== 
========== Step 45 ========== 
========== Step 46 ========== 
========== Step 47 ========== 
E20240211 09:29:40.840112 15725 parallel_pq_v2.h:79] insert failed, size(hashtable)=2
+---------------------------+---------------------------+---------------------------+
| Name                      | P50                       | P99                       |
+---------------------------+---------------------------+---------------------------+
| GenInput:CircleBuffer     | 130.834 us                | 283.289 us                |
| GenInput                  | 518.412 us                | 3.280 ms                  |
| NN                        | 1.070 ms                  | 300.722 ms                |
| Forward                   | 1.373 ms                  | 302.247 ms                |
| Backward                  | 2.638 ms                  | 117.772 ms                |
| Optimize                  | 315.774 us                | 5.528 ms                  |
| BarrierTimeBeforeRank0    | 354.967 us                | 11.646 ms                 |
| AfterBackward             | 13.477 ms                 | 1.358 s                   |
| BlockToStepN              | 205.713 us                | 118.752 ms                |
| OneStep                   | 20.222 ms                 | 1.919 s                   |
+---------------------------+---------------------------+---------------------------+
W20240211 09:29:41.085831 15725 grad_async_v2.h:137] Detect new sample comes, old_end2, new_end8
========== Step 48 ========== 
========== Step 49 ========== 
========== Step 50 ========== 
========== Step 51 ========== 
W20240211 09:29:41.349927 11261 grad_async_v2.h:257] pq is empty
========== Step 52 ========== 
========== Step 53 ========== 
========== Step 54 ========== 
========== Step 55 ========== 
========== Step 56 ========== 
========== Step 57 ========== 
========== Step 58 ========== 
E20240211 09:29:41.840063 15725 parallel_pq_v2.h:79] insert failed, size(hashtable)=1
========== Step 59 ========== 
========== Step 60 ========== 
========== Step 61 ========== 
========== Step 62 ========== 
========== Step 63 ========== 
========== Step 64 ========== 
========== Step 65 ========== 
W20240211 09:29:42.128795 15725 grad_async_v2.h:137] Detect new sample comes, old_end9, new_end6
========== Step 66 ========== 
========== Step 67 ========== 
========== Step 68 ========== 
W20240211 09:29:42.178701 11261 grad_async_v2.h:257] pq is empty
========== Step 69 ========== 
========== Step 70 ========== 
========== Step 71 ========== 
========== Step 72 ========== 
========== Step 73 ========== 
========== Step 74 ========== 
========== Step 75 ========== 
========== Step 76 ========== 
========== Step 77 ========== 
E20240211 09:29:42.840044 15725 parallel_pq_v2.h:79] insert failed, size(hashtable)=3
========== Step 78 ========== 
+---------------------------+---------------------------+---------------------------+
| Name                      | P50                       | P99                       |
+---------------------------+---------------------------+---------------------------+
| clean                     | 113.510 us                | 253.191 us                |
| ProcessBack:Shuffle       | 8.748 ms                  | 18.835 ms                 |
| ProcessBack:UpdateCache   | 2.279 ms                  | 9.118 ms                  |
| ProcessBack:UpsertPq      | 43.191 us                 | 630.928 us                |
| ProcessOneStep            | 12.076 ms                 | 530.528 ms                |
| BlockToStepN              | 167.168 us                | 512.082 us                |
+---------------------------+---------------------------+---------------------------+
========== Step 79 ========== 
========== Step 80 ========== 
========== Step 81 ========== 
W20240211 09:29:42.989511 11261 grad_async_v2.h:257] pq is empty
========== Step 82 ========== 
W20240211 09:29:43.138362 15725 grad_async_v2.h:137] Detect new sample comes, old_end5, new_end3
E20240211 09:29:43.271008 11261 grad_async_v2.h:404] Stalled in ProcessBackward: rank=1, step_no=82, sample_step_cpp_seen_[rank]=81
========== Step 83 ========== 
========== Step 84 ========== 
========== Step 85 ========== 
========== Step 86 ========== 
========== Step 87 ========== 
========== Step 88 ========== 
========== Step 89 ========== 
========== Step 90 ========== 
========== Step 91 ========== 
========== Step 92 ========== 
========== Step 93 ========== 
========== Step 94 ========== 
E20240211 09:29:43.840095 15725 parallel_pq_v2.h:79] insert failed, size(hashtable)=3
========== Step 95 ========== 
========== Step 96 ========== 
W20240211 09:29:44.139307 15725 grad_async_v2.h:137] Detect new sample comes, old_end5, new_end7
========== Step 97 ========== 
========== Step 98 ========== 
W20240211 09:29:44.183699 11261 grad_async_v2.h:257] pq is empty
========== Step 99 ========== 
Step99:rank0, time: 18.271, per_step: 0.182706
Step99:rank4, time: 18.271, per_step: 0.182708
Step99:rank1, time: 18.271, per_step: 0.182710
Step99:rank3, time: 18.271, per_step: 0.182708
Step99:rank5, time: 18.271, per_step: 0.182710
Step99:rank6, time: 18.271, per_step: 0.182710
Step99:rank2, time: 18.271, per_step: 0.182710
Step99:rank7, time: 18.271, per_step: 0.182708
+---------------------------+---------------------------+---------------------------+
| Name                      | P50                       | P99                       |
+---------------------------+---------------------------+---------------------------+
| GenInput:CircleBuffer     | 111.647 us                | 1.182 ms                  |
| GenInput                  | 521.056 us                | 11.347 ms                 |
| NN                        | 859.354 us                | 4.265 ms                  |
| Forward                   | 1.064 ms                  | 5.169 ms                  |
| Backward                  | 2.763 ms                  | 13.539 ms                 |
| Optimize                  | 263.633 us                | 624.657 us                |
| BarrierTimeBeforeRank0    | 519.456 us                | 4.564 ms                  |
| AfterBackward             | 11.526 ms                 | 530.646 ms                |
| BlockToStepN              | 243.504 us                | 752.452 us                |
| OneStep                   | 18.926 ms                 | 539.736 ms                |
+---------------------------+---------------------------+---------------------------+
========== Step 100 ========== 
========== Step 101 ========== 
========== Step 102 ========== 
========== Step 103 ========== 
W20240211 09:29:44.289921 11261 grad_async_v2.h:257] pq is empty
========== Step 104 ========== 
========== Step 105 ========== 
========== Step 106 ========== 
W20240211 09:29:44.799834 11261 grad_async_v2.h:257] pq is empty
========== Step 107 ========== 
========== Step 108 ========== 
E20240211 09:29:44.840425 15725 parallel_pq_v2.h:79] insert failed, size(hashtable)=1
========== Step 109 ========== 
========== Step 110 ========== 
========== Step 111 ========== 
========== Step 112 ========== 
========== Step 113 ========== 
========== Step 114 ========== 
========== Step 115 ========== 
========== Step 116 ========== 
========== Step 117 ========== 
========== Step 118 ========== 
W20240211 09:29:45.244091 15725 grad_async_v2.h:137] Detect new sample comes, old_end1, new_end9
========== Step 119 ========== 
========== Step 120 ========== 
========== Step 121 ========== 
W20240211 09:29:45.555519 11261 grad_async_v2.h:257] pq is empty
========== Step 122 ========== 
========== Step 123 ========== 
========== Step 124 ========== 
========== Step 125 ========== 
========== Step 126 ========== 
========== Step 127 ========== 
========== Step 128 ========== 
========== Step 129 ========== 
========== Step 130 ========== 
E20240211 09:29:45.840067 15725 parallel_pq_v2.h:79] insert failed, size(hashtable)=3
+---------------------------+---------------------------+---------------------------+
| Name                      | P50                       | P99                       |
+---------------------------+---------------------------+---------------------------+
| GenInput:CircleBuffer     | 109.106 us                | 1.182 ms                  |
| GenInput                  | 527.055 us                | 11.347 ms                 |
| NN                        | 839.651 us                | 4.265 ms                  |
| Forward                   | 1.044 ms                  | 5.169 ms                  |
| Backward                  | 2.714 ms                  | 13.539 ms                 |
| Optimize                  | 254.810 us                | 624.657 us                |
| BarrierTimeBeforeRank0    | 519.360 us                | 4.564 ms                  |
| AfterBackward             | 11.416 ms                 | 530.646 ms                |
| BlockToStepN              | 262.932 us                | 752.452 us                |
| OneStep                   | 18.762 ms                 | 539.736 ms                |
+---------------------------+---------------------------+---------------------------+
========== Step 131 ========== 
W20240211 09:29:46.217897 11261 grad_async_v2.h:257] pq is empty
========== Step 132 ========== 
========== Step 133 ========== 
========== Step 134 ========== 
W20240211 09:29:46.257925 15725 grad_async_v2.h:137] Detect new sample comes, old_end1, new_end5
========== Step 135 ========== 
========== Step 136 ========== 
========== Step 137 ========== 
========== Step 138 ========== 
========== Step 139 ========== 
========== Step 140 ========== 
========== Step 141 ========== 
========== Step 142 ========== 
E20240211 09:29:46.840044 15725 parallel_pq_v2.h:79] insert failed, size(hashtable)=8
========== Step 143 ========== 
========== Step 144 ========== 
========== Step 145 ========== 
========== Step 146 ========== 
W20240211 09:29:47.005905 11261 grad_async_v2.h:257] pq is empty
========== Step 147 ========== 
========== Step 148 ========== 
========== Step 149 ========== 
========== Step 150 ========== 
========== Step 151 ========== 
========== Step 152 ========== 
========== Step 153 ========== 
========== Step 154 ========== 
W20240211 09:29:47.291836 15725 grad_async_v2.h:137] Detect new sample comes, old_end6, new_end5
========== Step 155 ========== 
========== Step 156 ========== 
========== Step 157 ========== 
========== Step 158 ========== 
========== Step 159 ========== 
========== Step 160 ========== 
========== Step 161 ========== 
========== Step 162 ========== 
========== Step 163 ========== 
========== Step 164 ========== 
W20240211 09:29:47.792382 11261 grad_async_v2.h:257] pq is empty
========== Step 165 ========== 
E20240211 09:29:47.840030 15725 parallel_pq_v2.h:79] insert failed, size(hashtable)=1
+---------------------------+---------------------------+---------------------------+
| Name                      | P50                       | P99                       |
+---------------------------+---------------------------+---------------------------+
| clean                     | 105.010 us                | 262.311 us                |
| ProcessBack:Shuffle       | 8.518 ms                  | 18.649 ms                 |
| ProcessBack:UpdateCache   | 2.278 ms                  | 8.977 ms                  |
| ProcessBack:UpsertPq      | 42.293 us                 | 535.254 us                |
| ProcessOneStep            | 11.303 ms                 | 525.823 ms                |
| BlockToStepN              | 229.782 us                | 894.147 us                |
+---------------------------+---------------------------+---------------------------+
E20240211 09:29:48.271023 11261 grad_async_v2.h:404] Stalled in ProcessBackward: rank=0, step_no=165, sample_step_cpp_seen_[rank]=164
W20240211 09:29:48.301476 15725 grad_async_v2.h:137] Detect new sample comes, old_end5, new_end6
========== Step 166 ========== 
========== Step 167 ========== 
========== Step 168 ========== 
========== Step 169 ========== 
========== Step 170 ========== 
========== Step 171 ========== 
========== Step 172 ========== 
========== Step 173 ========== 
========== Step 174 ========== 
========== Step 175 ========== 
========== Step 176 ========== 
========== Step 177 ========== 
E20240211 09:29:48.840121 15725 parallel_pq_v2.h:79] insert failed, size(hashtable)=1
========== Step 178 ========== 
========== Step 179 ========== 
========== Step 180 ========== 
========== Step 181 ========== 
========== Step 182 ========== 
========== Step 183 ========== 
========== Step 184 ========== 
========== Step 185 ========== 
========== Step 186 ========== 
W20240211 09:29:49.360136 15725 grad_async_v2.h:137] Detect new sample comes, old_end8, new_end7
========== Step 187 ========== 
========== Step 188 ========== 
========== Step 189 ========== 
E20240211 09:29:49.840015 15725 parallel_pq_v2.h:79] insert failed, size(hashtable)=8
W20240211 09:29:50.010258 11261 grad_async_v2.h:257] pq is empty
========== Step 190 ========== 
========== Step 191 ========== 
========== Step 192 ========== 
========== Step 193 ========== 
========== Step 194 ========== 
========== Step 195 ========== 
========== Step 196 ========== 
========== Step 197 ========== 
========== Step 198 ========== 
========== Step 199 ========== 
Step199:rank0, time: 6.061, per_step: 0.060012
Step199:rank2, time: 6.061, per_step: 0.060011
Step199:rank5, time: 6.061, per_step: 0.060011
Step199:rank6, time: 6.061, per_step: 0.060011
Step199:rank7, time: 6.062, per_step: 0.060015
Step199:rank1, time: 6.061, per_step: 0.060012
Step199:rank4, time: 6.061, per_step: 0.060012
Step199:rank3, time: 6.062, per_step: 0.060016
+---------------------------+---------------------------+---------------------------+
| Name                      | P50                       | P99                       |
+---------------------------+---------------------------+---------------------------+
| GenInput:CircleBuffer     | 114.322 us                | 1.674 ms                  |
| GenInput                  | 521.056 us                | 11.347 ms                 |
| NN                        | 855.540 us                | 3.884 ms                  |
| Forward                   | 1.064 ms                  | 4.752 ms                  |
| Backward                  | 2.647 ms                  | 13.539 ms                 |
| Optimize                  | 258.361 us                | 634.372 us                |
| BarrierTimeBeforeRank0    | 431.520 us                | 4.564 ms                  |
| AfterBackward             | 12.089 ms                 | 525.915 ms                |
| BlockToStepN              | 325.024 us                | 962.411 us                |
| OneStep                   | 19.259 ms                 | 531.588 ms                |
+---------------------------+---------------------------+---------------------------+
========== Step 200 ========== 
========== Step 201 ========== 
W20240211 09:29:50.487951 15725 grad_async_v2.h:137] Detect new sample comes, old_end3, new_end2
E20240211 09:29:50.840039 15725 parallel_pq_v2.h:79] insert failed, size(hashtable)=7
========== Step 202 ========== 
========== Step 203 ========== 
========== Step 204 ========== 
========== Step 205 ========== 
+---------------------------+---------------------------+---------------------------+
| Name                      | P50                       | P99                       |
+---------------------------+---------------------------+---------------------------+
| GenInput:CircleBuffer     | 115.432 us                | 1.674 ms                  |
| GenInput                  | 518.790 us                | 11.347 ms                 |
| NN                        | 864.202 us                | 3.884 ms                  |
| Forward                   | 1.069 ms                  | 4.752 ms                  |
| Backward                  | 2.615 ms                  | 13.539 ms                 |
| Optimize                  | 263.308 us                | 634.372 us                |
| BarrierTimeBeforeRank0    | 415.133 us                | 4.564 ms                  |
| AfterBackward             | 12.106 ms                 | 525.915 ms                |
| BlockToStepN              | 328.069 us                | 962.411 us                |
| OneStep                   | 19.724 ms                 | 531.588 ms                |
+---------------------------+---------------------------+---------------------------+
========== Step 206 ========== 
========== Step 207 ========== 
========== Step 208 ========== 
W20240211 09:29:51.003675 11261 grad_async_v2.h:257] pq is empty
========== Step 209 ========== 
========== Step 210 ========== 
========== Step 211 ========== 
========== Step 212 ========== 
W20240211 09:29:51.111769 11261 grad_async_v2.h:257] pq is empty
========== Step 213 ========== 
W20240211 09:29:51.495859 15725 grad_async_v2.h:137] Detect new sample comes, old_end3, new_end4
========== Step 214 ========== 
========== Step 215 ========== 
========== Step 216 ========== 
========== Step 217 ========== 
========== Step 218 ========== 
========== Step 219 ========== 
========== Step 220 ========== 
========== Step 221 ========== 
========== Step 222 ========== 
========== Step 223 ========== 
========== Step 224 ========== 
E20240211 09:29:51.840086 15725 parallel_pq_v2.h:79] insert failed, size(hashtable)=3
========== Step 225 ========== 
========== Step 226 ========== 
========== Step 227 ========== 
========== Step 228 ========== 
========== Step 229 ========== 
========== Step 230 ========== 
========== Step 231 ========== 
========== Step 232 ========== 
========== Step 233 ========== 
========== Step 234 ========== 
========== Step 235 ========== 
========== Step 236 ========== 
W20240211 09:29:52.500315 15725 grad_async_v2.h:137] Detect new sample comes, old_end6, new_end7
========== Step 237 ========== 
E20240211 09:29:52.840072 15725 parallel_pq_v2.h:79] insert failed, size(hashtable)=2
+---------------------------+---------------------------+---------------------------+
| Name                      | P50                       | P99                       |
+---------------------------+---------------------------+---------------------------+
| clean                     | 91.049 us                 | 284.072 us                |
| ProcessBack:Shuffle       | 8.624 ms                  | 18.649 ms                 |
| ProcessBack:UpdateCache   | 2.350 ms                  | 9.118 ms                  |
| ProcessBack:UpsertPq      | 42.533 us                 | 535.254 us                |
| ProcessOneStep            | 12.081 ms                 | 525.823 ms                |
