WARNING: Logging before InitGoogleLogging() is written to STDERR
I20240128 02:35:51.138119 4011577 IPC_barrier.h:128] MultiProcessBarrierFactory->ClearIPCMemory()
/home/xieminhui/RecStore/src/framework_adapters/torch/kg/dgl-0.9.1/python/dgl/_deprecate/graph.py:1023: DGLWarning: multigraph will be deprecated.DGL will treat all graphs as multigraph in the future.
  dgl_warning("multigraph will be deprecated." \
/home/xieminhui/RecStore/src/framework_adapters/torch/kg/dgl-0.9.1/python/dgl/heterograph.py:72: DGLWarning: Recommend creating graphs by `dgl.graph(data)` instead of `dgl.DGLGraph(data)`.
  dgl_warning('Recommend creating graphs by `dgl.graph(data)`'
Reading train triples....
Finished. Read 483142 train triples.
Reading valid triples....
Finished. Read 50000 valid triples.
Reading test triples....
Finished. Read 59071 test triples.
ARGS:  Namespace(model_name='TransE', data_path='/home/xieminhui/dgl-data', dataset='FB15k', format='built_in', data_files=None, delimiter='\t', save_path='/tmp/ckpts/TransE_FB15k_14', no_save_emb=True, max_step=500, batch_size=2400, batch_size_eval=16, neg_sample_size=200, neg_deg_sample=False, neg_deg_sample_eval=False, neg_sample_size_eval=14951, eval_percent=1, no_eval_filter=False, log_interval=100, eval_interval=10000, test=False, num_proc=4, num_thread=1, force_sync_interval=1, hidden_dim=400, lr=0.01, gamma=16.0, double_ent=False, double_rel=False, neg_adversarial_sampling=False, adversarial_temperature=1.0, regularization_coef=0.0, regularization_norm=3, pairwise=False, loss_genre='Logsigmoid', margin=1.0, nr_gpus=4, gpu=[0, 1, 2, 3], mix_cpu_gpu=True, valid=False, rel_part=False, async_update=None, has_edge_importance=False, cached_emb_type='KnownLocalCachedEmbedding', use_my_emb=True, cache_ratio=0.05, shuffle=False, backwardMode='CppAsyncV2', L=10, update_cache_use_omp=1, update_pq_use_omp=1, kForwardItersPerStep=2, backgrad_init='both', eval_filter=True, soft_rel_part=False)
|Train|: 483142
original graph:  DGLGraph(num_nodes=14951, num_edges=592213,
         ndata_schemes={}
         edata_schemes={'tid': Scheme(shape=(), dtype=torch.int64)})
Loading cached metis
WARNING [4011577 sampler.py:454] Start PreSampling
WARNING [4011577 sampler.py:532] Before construct renumbering_dict
WARNING [4011577 sampler.py:555] PreSampling done
W20240128 02:35:53.620874 4011577 IPCTensor.h:368] NewIPCTensor: cached_sampler_r0_0 [1000000]0x100000002000 7.629 MB
W20240128 02:35:53.621191 4011577 IPCTensor.h:368] NewIPCTensor: cached_sampler_r0_1 [1000000]0x1000007a5000 7.629 MB
W20240128 02:35:53.621338 4011577 IPCTensor.h:368] NewIPCTensor: cached_sampler_r0_2 [1000000]0x100000f48000 7.629 MB
W20240128 02:35:53.621481 4011577 IPCTensor.h:368] NewIPCTensor: cached_sampler_r0_3 [1000000]0x1000016eb000 7.629 MB
W20240128 02:35:53.621615 4011577 IPCTensor.h:368] NewIPCTensor: cached_sampler_r0_4 [1000000]0x100001e8e000 7.629 MB
W20240128 02:35:53.621752 4011577 IPCTensor.h:368] NewIPCTensor: cached_sampler_r0_5 [1000000]0x100002631000 7.629 MB
W20240128 02:35:53.621884 4011577 IPCTensor.h:368] NewIPCTensor: cached_sampler_r0_6 [1000000]0x100002dd4000 7.629 MB
W20240128 02:35:53.622022 4011577 IPCTensor.h:368] NewIPCTensor: cached_sampler_r0_7 [1000000]0x100003577000 7.629 MB
W20240128 02:35:53.622159 4011577 IPCTensor.h:368] NewIPCTensor: cached_sampler_r0_8 [1000000]0x100003d1a000 7.629 MB
W20240128 02:35:53.622293 4011577 IPCTensor.h:368] NewIPCTensor: cached_sampler_r0_9 [1000000]0x1000044bd000 7.629 MB
W20240128 02:35:53.622426 4011577 IPCTensor.h:368] NewIPCTensor: step_r0 [10]0x100004c60000 80 B 
W20240128 02:35:53.622561 4011577 IPCTensor.h:368] NewIPCTensor: circle_buffer_end_r0 [1]0x100004c62000 8 B 
W20240128 02:35:53.622691 4011577 IPCTensor.h:368] NewIPCTensor: circle_buffer_end_cppseen_r0 [1]0x100004c64000 8 B 
W20240128 02:35:53.622890 4011577 IPCTensor.h:368] NewIPCTensor: cached_sampler_r1_0 [1000000]0x100004c66000 7.629 MB
W20240128 02:35:53.623035 4011577 IPCTensor.h:368] NewIPCTensor: cached_sampler_r1_1 [1000000]0x100005409000 7.629 MB
W20240128 02:35:53.623167 4011577 IPCTensor.h:368] NewIPCTensor: cached_sampler_r1_2 [1000000]0x100005bac000 7.629 MB
W20240128 02:35:53.623317 4011577 IPCTensor.h:368] NewIPCTensor: cached_sampler_r1_3 [1000000]0x10000634f000 7.629 MB
W20240128 02:35:53.623448 4011577 IPCTensor.h:368] NewIPCTensor: cached_sampler_r1_4 [1000000]0x100006af2000 7.629 MB
W20240128 02:35:53.623579 4011577 IPCTensor.h:368] NewIPCTensor: cached_sampler_r1_5 [1000000]0x100007295000 7.629 MB
W20240128 02:35:53.623709 4011577 IPCTensor.h:368] NewIPCTensor: cached_sampler_r1_6 [1000000]0x100007a38000 7.629 MB
W20240128 02:35:53.623852 4011577 IPCTensor.h:368] NewIPCTensor: cached_sampler_r1_7 [1000000]0x1000081db000 7.629 MB
W20240128 02:35:53.623986 4011577 IPCTensor.h:368] NewIPCTensor: cached_sampler_r1_8 [1000000]0x10000897e000 7.629 MB
W20240128 02:35:53.624121 4011577 IPCTensor.h:368] NewIPCTensor: cached_sampler_r1_9 [1000000]0x100009121000 7.629 MB
W20240128 02:35:53.624254 4011577 IPCTensor.h:368] NewIPCTensor: step_r1 [10]0x1000098c4000 80 B 
W20240128 02:35:53.624382 4011577 IPCTensor.h:368] NewIPCTensor: circle_buffer_end_r1 [1]0x1000098c6000 8 B 
W20240128 02:35:53.624512 4011577 IPCTensor.h:368] NewIPCTensor: circle_buffer_end_cppseen_r1 [1]0x1000098c8000 8 B 
W20240128 02:35:53.624667 4011577 IPCTensor.h:368] NewIPCTensor: cached_sampler_r2_0 [1000000]0x1000098ca000 7.629 MB
W20240128 02:35:53.624693 4011577 IPCTensor.h:368] NewIPCTensor: cached_sampler_r2_1 [1000000]0x10000a06d000 7.629 MB
W20240128 02:35:53.624713 4011577 IPCTensor.h:368] NewIPCTensor: cached_sampler_r2_2 [1000000]0x10000a810000 7.629 MB
W20240128 02:35:53.624730 4011577 IPCTensor.h:368] NewIPCTensor: cached_sampler_r2_3 [1000000]0x10000afb3000 7.629 MB
W20240128 02:35:53.624747 4011577 IPCTensor.h:368] NewIPCTensor: cached_sampler_r2_4 [1000000]0x10000b756000 7.629 MB
W20240128 02:35:53.624771 4011577 IPCTensor.h:368] NewIPCTensor: cached_sampler_r2_5 [1000000]0x10000bef9000 7.629 MB
W20240128 02:35:53.624791 4011577 IPCTensor.h:368] NewIPCTensor: cached_sampler_r2_6 [1000000]0x10000c69c000 7.629 MB
W20240128 02:35:53.624812 4011577 IPCTensor.h:368] NewIPCTensor: cached_sampler_r2_7 [1000000]0x10000ce3f000 7.629 MB
W20240128 02:35:53.624830 4011577 IPCTensor.h:368] NewIPCTensor: cached_sampler_r2_8 [1000000]0x10000d5e2000 7.629 MB
W20240128 02:35:53.624853 4011577 IPCTensor.h:368] NewIPCTensor: cached_sampler_r2_9 [1000000]0x10000dd85000 7.629 MB
W20240128 02:35:53.624873 4011577 IPCTensor.h:368] NewIPCTensor: step_r2 [10]0x10000e528000 80 B 
W20240128 02:35:53.624888 4011577 IPCTensor.h:368] NewIPCTensor: circle_buffer_end_r2 [1]0x10000e52a000 8 B 
W20240128 02:35:53.624902 4011577 IPCTensor.h:368] NewIPCTensor: circle_buffer_end_cppseen_r2 [1]0x10000e52c000 8 B 
W20240128 02:35:53.624943 4011577 IPCTensor.h:368] NewIPCTensor: cached_sampler_r3_0 [1000000]0x10000e52e000 7.629 MB
W20240128 02:35:53.624961 4011577 IPCTensor.h:368] NewIPCTensor: cached_sampler_r3_1 [1000000]0x10000ecd1000 7.629 MB
W20240128 02:35:53.624980 4011577 IPCTensor.h:368] NewIPCTensor: cached_sampler_r3_2 [1000000]0x10000f474000 7.629 MB
W20240128 02:35:53.625002 4011577 IPCTensor.h:368] NewIPCTensor: cached_sampler_r3_3 [1000000]0x10000fc17000 7.629 MB
W20240128 02:35:53.625020 4011577 IPCTensor.h:368] NewIPCTensor: cached_sampler_r3_4 [1000000]0x1000103ba000 7.629 MB
W20240128 02:35:53.625037 4011577 IPCTensor.h:368] NewIPCTensor: cached_sampler_r3_5 [1000000]0x100010b5d000 7.629 MB
W20240128 02:35:53.625056 4011577 IPCTensor.h:368] NewIPCTensor: cached_sampler_r3_6 [1000000]0x100011300000 7.629 MB
W20240128 02:35:53.625077 4011577 IPCTensor.h:368] NewIPCTensor: cached_sampler_r3_7 [1000000]0x100011aa3000 7.629 MB
W20240128 02:35:53.625094 4011577 IPCTensor.h:368] NewIPCTensor: cached_sampler_r3_8 [1000000]0x100012246000 7.629 MB
W20240128 02:35:53.625111 4011577 IPCTensor.h:368] NewIPCTensor: cached_sampler_r3_9 [1000000]0x1000129e9000 7.629 MB
W20240128 02:35:53.625128 4011577 IPCTensor.h:368] NewIPCTensor: step_r3 [10]0x10001318c000 80 B 
W20240128 02:35:53.625144 4011577 IPCTensor.h:368] NewIPCTensor: circle_buffer_end_r3 [1]0x10001318e000 8 B 
W20240128 02:35:53.625165 4011577 IPCTensor.h:368] NewIPCTensor: circle_buffer_end_cppseen_r3 [1]0x100013190000 8 B 
W20240128 02:35:53.758031 4011577 IPCTensor.h:368] NewIPCTensor: full_emb [14951, 400]0x100013192000 22.81 MB
W20240128 02:35:53.758163 4011577 IPCTensor.h:368] NewIPCTensor: full_emb_SparseRowWiseAdaGrad_sum [14951]0x100014864000 58.4 kB
{0: Graph(num_nodes=10523, num_edges=182012,
      ndata_schemes={'_ID': Scheme(shape=(), dtype=torch.int64), 'inner_node': Scheme(shape=(), dtype=torch.int32), 'part_id': Scheme(shape=(), dtype=torch.int64)}
      edata_schemes={'_ID': Scheme(shape=(), dtype=torch.int64), 'inner_edge': Scheme(shape=(), dtype=torch.int8)}), 1: Graph(num_nodes=10996, num_edges=244360,
      ndata_schemes={'_ID': Scheme(shape=(), dtype=torch.int64), 'inner_node': Scheme(shape=(), dtype=torch.int32), 'part_id': Scheme(shape=(), dtype=torch.int64)}
      edata_schemes={'_ID': Scheme(shape=(), dtype=torch.int64), 'inner_edge': Scheme(shape=(), dtype=torch.int8)}), 2: Graph(num_nodes=9404, num_edges=143355,
      ndata_schemes={'_ID': Scheme(shape=(), dtype=torch.int64), 'inner_node': Scheme(shape=(), dtype=torch.int32), 'part_id': Scheme(shape=(), dtype=torch.int64)}
      edata_schemes={'_ID': Scheme(shape=(), dtype=torch.int64), 'inner_edge': Scheme(shape=(), dtype=torch.int8)}), 3: Graph(num_nodes=10954, num_edges=175447,
      ndata_schemes={'_ID': Scheme(shape=(), dtype=torch.int64), 'inner_node': Scheme(shape=(), dtype=torch.int32), 'part_id': Scheme(shape=(), dtype=torch.int64)}
      edata_schemes={'_ID': Scheme(shape=(), dtype=torch.int64), 'inner_edge': Scheme(shape=(), dtype=torch.int8)})}
MertisPartition: part 0 has 10523 N 182012 E
MertisPartition: part 1 has 10996 N 244360 E
MertisPartition: part 2 has 9404 N 143355 E
MertisPartition: part 3 has 10954 N 175447 E
Rank0: cached key size 186
Rank1: cached key size 186
Rank2: cached key size 186
Rank3: cached key size 186
Before renumbering graph:  {'_ID': tensor([    5,    14,    17,  ..., 11245,  2040,  3009]), 'inner_node': tensor([1, 1, 1,  ..., 0, 0, 0], dtype=torch.int32), 'part_id': tensor([0, 0, 0,  ..., 2, 3, 3])}
After renumbering graph:  {'_ID': tensor([ 921, 1235, 1324,  ..., 1691, 4966, 7086]), 'inner_node': tensor([1, 1, 1,  ..., 0, 0, 0], dtype=torch.int32), 'part_id': tensor([0, 0, 0,  ..., 2, 3, 3])}
part_g: DGLGraph(num_nodes=10523, num_edges=182012,
         ndata_schemes={'_ID': Scheme(shape=(), dtype=torch.int64)}
         edata_schemes={'tid': Scheme(shape=(), dtype=torch.int64)})
part_g: DGLGraph(num_nodes=10523, num_edges=182012,
         ndata_schemes={'_ID': Scheme(shape=(), dtype=torch.int64)}
         edata_schemes={'tid': Scheme(shape=(), dtype=torch.int64)})
Total initialize time 2.650 seconds
[Rank1] pid = 4011789
[Rank2] pid = 4011854
INFO [4011577 distributed_c10d.py:442] Added key: store_based_barrier_key:1 to store for rank: 0
INFO [4011789 distributed_c10d.py:442] Added key: store_based_barrier_key:1 to store for rank: 1
INFO [4011854 distributed_c10d.py:442] Added key: store_based_barrier_key:1 to store for rank: 2
INFO [4011918 distributed_c10d.py:442] Added key: store_based_barrier_key:1 to store for rank: 3
INFO [4011854 distributed_c10d.py:476] Rank 2: Completed store-based barrier for key:store_based_barrier_key:1 with 4 nodes.
INFO [4011918 distributed_c10d.py:476] Rank 3: Completed store-based barrier for key:store_based_barrier_key:1 with 4 nodes.
W20240128 02:35:56.874652 4011855 IPCTensor.h:408] NewIPCGPUTensor: embedding_cache_2 [747, 400]; dev=2; size=1.14 MB
W20240128 02:35:56.874830 4011920 IPCTensor.h:408] NewIPCGPUTensor: embedding_cache_3 [747, 400]; dev=3; size=1.14 MB
W20240128 02:35:56.874985 4011855 IPCTensor.h:368] NewIPCTensor: input_keys_2 [1000000]0x100014876000 7.629 MB
W20240128 02:35:56.875063 4011855 IPCTensor.h:368] NewIPCTensor: input_keys_neg_2 [1000000]0x100015019000 7.629 MB
W20240128 02:35:56.875095 4011855 IPCTensor.h:368] NewIPCTensor: backward_grads_2 [1000000, 400]0x1000157bc000 1.49 GB
W20240128 02:35:56.875123 4011855 IPCTensor.h:368] NewIPCTensor: backward_grads_neg_2 [1000000, 400]0x100074da1000 1.49 GB
W20240128 02:35:56.875155 4011855 IPCTensor.h:408] NewIPCGPUTensor: backward_grads_2_gpu [1000000, 400]; dev=2; size=1.49 GB
W20240128 02:35:56.875207 4011920 IPCTensor.h:368] NewIPCTensor: input_keys_3 [1000000]0x1000d4384000 7.629 MB
W20240128 02:35:56.875310 4011920 IPCTensor.h:368] NewIPCTensor: input_keys_neg_3 [1000000]0x1000d4b27000 7.629 MB
W20240128 02:35:56.875352 4011920 IPCTensor.h:368] NewIPCTensor: backward_grads_3 [1000000, 400]0x1000d52ca000 1.49 GB
W20240128 02:35:56.875392 4011920 IPCTensor.h:368] NewIPCTensor: backward_grads_neg_3 [1000000, 400]0x1001348ad000 1.49 GB
W20240128 02:35:56.875425 4011920 IPCTensor.h:408] NewIPCGPUTensor: backward_grads_3_gpu [1000000, 400]; dev=3; size=1.49 GB
INFO [4011577 distributed_c10d.py:476] Rank 0: Completed store-based barrier for key:store_based_barrier_key:1 with 4 nodes.
W20240128 02:35:56.877769 4011919 IPCTensor.h:408] NewIPCGPUTensor: embedding_cache_0 [747, 400]; dev=0; size=1.14 MB
INFO [4011789 distributed_c10d.py:476] Rank 1: Completed store-based barrier for key:store_based_barrier_key:1 with 4 nodes.
W20240128 02:35:56.878331 4011855 IPCTensor.h:408] NewIPCGPUTensor: backward_grads_neg_2_gpu [1000000, 400]; dev=2; size=1.49 GB
W20240128 02:35:56.878350 4011919 IPCTensor.h:368] NewIPCTensor: input_keys_0 [1000000]0x100193e96000 7.629 MB
W20240128 02:35:56.878377 4011920 IPCTensor.h:408] NewIPCGPUTensor: backward_grads_neg_3_gpu [1000000, 400]; dev=3; size=1.49 GB
W20240128 02:35:56.878424 4011919 IPCTensor.h:368] NewIPCTensor: input_keys_neg_0 [1000000]0x100194639000 7.629 MB
W20240128 02:35:56.878460 4011919 IPCTensor.h:368] NewIPCTensor: backward_grads_0 [1000000, 400]0x100194ddc000 1.49 GB
W20240128 02:35:56.878484 4011919 IPCTensor.h:368] NewIPCTensor: backward_grads_neg_0 [1000000, 400]0x1001f43bf000 1.49 GB
W20240128 02:35:56.878523 4011919 IPCTensor.h:408] NewIPCGPUTensor: backward_grads_0_gpu [1000000, 400]; dev=0; size=1.49 GB
W20240128 02:35:56.879468 4011790 IPCTensor.h:408] NewIPCGPUTensor: embedding_cache_1 [747, 400]; dev=1; size=1.14 MB
W20240128 02:35:56.883347 4011919 IPCTensor.h:408] NewIPCGPUTensor: backward_grads_neg_0_gpu [1000000, 400]; dev=0; size=1.49 GB
W20240128 02:35:56.883563 4011790 IPCTensor.h:368] NewIPCTensor: input_keys_1 [1000000]0x1002539aa000 7.629 MB
W20240128 02:35:56.883783 4011790 IPCTensor.h:368] NewIPCTensor: input_keys_neg_1 [1000000]0x10025414d000 7.629 MB
W20240128 02:35:56.883881 4011790 IPCTensor.h:368] NewIPCTensor: backward_grads_1 [1000000, 400]0x1002548f0000 1.49 GB
W20240128 02:35:56.883958 4011790 IPCTensor.h:368] NewIPCTensor: backward_grads_neg_1 [1000000, 400]0x1002b3ed3000 1.49 GB
W20240128 02:35:56.884037 4011790 IPCTensor.h:408] NewIPCGPUTensor: backward_grads_1_gpu [1000000, 400]; dev=1; size=1.49 GB
W20240128 02:35:56.891265 4011790 IPCTensor.h:408] NewIPCGPUTensor: backward_grads_neg_1_gpu [1000000, 400]; dev=1; size=1.49 GB
cudaHostRegister 0x100013192000
2: KnownLocalCachedEmbedding init done
WARNING [4011854 DistTensor.py:56] The tensor name already exists in the kvstore
cudaHostRegister 0x100013192000
3: KnownLocalCachedEmbedding init done
WARNING [4011918 DistTensor.py:56] The tensor name already exists in the kvstore
cudaHostRegister 0x100013192000
1: KnownLocalCachedEmbedding init done
WARNING [4011789 DistTensor.py:56] The tensor name already exists in the kvstore
[Rank3] pid = 4011918
New CachedEmbedding, name=full_emb, shape=(14951, 400), cache_type=KnownLocalCachedEmbedding
fixed cache_range is [(0, 747), (747, 1494), (1494, 2241), (2241, 2988)]
cudaHostRegister 0x100013192000
0: KnownLocalCachedEmbedding init done
WARNING [4011577 DistTensor.py:56] The tensor name already exists in the kvstore
I20240128 02:35:57.844031 4011919 IPC_barrier.h:118] CreateBarrier: new barrier, name: kgcachecontroller, count: 4
I20240128 02:35:57.844254 4011855 IPC_barrier.h:112] CreateBarrier: find existing barrier, name: kgcachecontroller, count: 4
I20240128 02:35:57.844296 4011790 IPC_barrier.h:112] CreateBarrier: find existing barrier, name: kgcachecontroller, count: 4
I20240128 02:35:57.844429 4011920 IPC_barrier.h:112] CreateBarrier: find existing barrier, name: kgcachecontroller, count: 4
W20240128 02:35:57.845249 4011919 grad_base.h:55] KGCacheController, config={
        "num_gpus": 4,
        "L": 10,
        "backgrad_init": "both", 
        "kForwardItersPerStep": 2,
        "clr": 1,
        "nr_background_threads": 32,
        "backwardMode": "CppAsyncV2",
        "cache_ratio": 0.05,
        "update_cache_use_omp":  1,
        "update_pq_use_omp":  1
        }
W20240128 02:35:57.845341 4011919 grad_base.h:184] Init GradProcessingBase done
I20240128 02:35:57.848691 4011919 grad_async_v2.h:32] Use background thread to update emb. nr_background_threads=32
W20240128 02:35:57.848775 4011919 kg_controller.h:78] after init GradAsyncProcessingV2
I20240128 02:35:57.848780 4011919 kg_controller.h:84] Construct KGCacheController done
I20240128 02:35:58.273422 4011919 grad_base.h:60] GraphEnv RegTensorsPerProcess
W20240128 02:35:58.967185 4012328 grad_async_v2.h:120] Detect new sample comes, old_end0, new_end1
E20240128 02:35:58.967479 4012328 parallel_pq_v2.h:76] insert failed, size(hashtable)=1
I20240128 02:35:58.996001 4011919 IPC_barrier.h:118] CreateBarrier: new barrier, name: start_barrier, count: 4
I20240128 02:35:59.025522 4011855 IPC_barrier.h:112] CreateBarrier: find existing barrier, name: start_barrier, count: 4
I20240128 02:35:59.027127 4011920 IPC_barrier.h:112] CreateBarrier: find existing barrier, name: start_barrier, count: 4
I20240128 02:35:59.029923 4011790 IPC_barrier.h:112] CreateBarrier: find existing barrier, name: start_barrier, count: 4
E20240128 02:36:01.475175 4012359 parallel_pq_v2.h:76] insert failed, size(hashtable)=33
W20240128 02:36:01.486819 4012328 grad_async_v2.h:120] Detect new sample comes, old_end1, new_end2
W20240128 02:36:01.535743 4011919 grad_async_v2.h:249] Sleep in <BlockToStepN>, step_no=2, pq.top=0
E20240128 02:36:02.475296 4012327 parallel_pq_v2.h:76] insert failed, size(hashtable)=4484
W20240128 02:36:02.505159 4012328 grad_async_v2.h:120] Detect new sample comes, old_end0, new_end2
W20240128 02:36:02.581053 4011919 grad_async_v2.h:249] Sleep in <BlockToStepN>, step_no=23, pq.top=23
+---------------------------+---------------------------+---------------------------+
| Name                      | P50                       | P99                       |
+---------------------------+---------------------------+---------------------------+
| GenInput                  | 1.110 ms                  | 22.353 ms                 |
| Forward                   | 4.122 ms                  | 1.459 s                   |
| Backward                  | 3.144 ms                  | 336.948 ms                |
| Optimize                  | 1.635 ms                  | 7.546 ms                  |
| BarrierTimeBeforeRank0    | 40.998 us                 | 3.802 ms                  |
| AfterBackward             | 13.517 ms                 | 653.338 ms                |
| BlockToStepN              | 10.318 ms                 | 83.541 ms                 |
| OneStep                   | 43.690 ms                 | 2.456 s                   |
+---------------------------+---------------------------+---------------------------+
+---------------------------+---------------------------+---------------------------+
| Name                      | P50                       | P99                       |
+---------------------------+---------------------------+---------------------------+
| ProcessBack:Shuffle       | 2.284 ms                  | 112.283 ms                |
| ProcessBack:UpdateCache   | 1.514 ms                  | 191.868 ms                |
| ProcessBack:UpsertPq      | 9.058 ms                  | 13.570 ms                 |
| ProcessOneStep            | 13.570 ms                 | 653.060 ms                |
| BlockToStepN              | 11.739 ms                 | 139.592 ms                |
+---------------------------+---------------------------+---------------------------+
E20240128 02:36:03.475023 4012327 parallel_pq_v2.h:76] insert failed, size(hashtable)=7388
W20240128 02:36:03.575657 4012328 grad_async_v2.h:120] Detect new sample comes, old_end5, new_end1
W20240128 02:36:03.587981 4011919 grad_async_v2.h:249] Sleep in <BlockToStepN>, step_no=41, pq.top=41
E20240128 02:36:04.475030 4012327 parallel_pq_v2.h:76] insert failed, size(hashtable)=4887
W20240128 02:36:04.587042 4011919 grad_async_v2.h:249] Sleep in <BlockToStepN>, step_no=57, pq.top=57
W20240128 02:36:04.624087 4012328 grad_async_v2.h:120] Detect new sample comes, old_end2, new_end8
E20240128 02:36:05.475332 4012360 parallel_pq_v2.h:76] insert failed, size(hashtable)=2507
W20240128 02:36:05.587080 4011919 grad_async_v2.h:249] Sleep in <BlockToStepN>, step_no=73, pq.top=73
W20240128 02:36:05.633155 4012328 grad_async_v2.h:120] Detect new sample comes, old_end8, new_end4
E20240128 02:36:06.475112 4012327 parallel_pq_v2.h:76] insert failed, size(hashtable)=1901
W20240128 02:36:06.587030 4011919 grad_async_v2.h:249] Sleep in <BlockToStepN>, step_no=90, pq.top=90
W20240128 02:36:06.645671 4012328 grad_async_v2.h:120] Detect new sample comes, old_end1, new_end2
train_sampler.Prefill()
before start barrier
start train
[proc 1] 100 steps, total: 8.047, sample: 0.273, forward: 1.209, backward: 0.653, update: 0.181
train_sampler.Prefill()
before start barrier
start train
[proc 3] 100 steps, total: 8.050, sample: 0.303, forward: 1.247, backward: 0.549, update: 0.174
train_sampler.Prefill()
-------Step 0-------
tensor([11190,  3724,  9376,  7937,  8704,  5577,   711,  4392, 10330,  9945]) tensor([ 1324,  6749,  9461,  3633,  6281, 10562, 13657, 11004,  7741,  7862])
-------Step 1-------
tensor([11190,  3724,  9376,  7937,  8704,  5577,   711,  4392, 10330,  9945]) tensor([ 1878,   405,  5482,  4322, 13143,    46, 14061,  5406,  5542,  7539])
-------Step 2-------
tensor([   32, 14303, 10932, 11092,  4320,  6335,  9896,  6542,  3615,  1399]) tensor([14434,  5221, 11013, 11245,  3561,  9949,  6307,   403,  7719, 10901])
-------Step 3-------
tensor([   32, 14303, 10932, 11092,  4320,  6335,  9896,  6542,  3615,  1399]) tensor([ 8959, 14051,  6087,  7009,  4252,  6494, 13788,  7404,  6714, 13146])
-------Step 4-------
tensor([ 7839, 10130, 13916,  9827,  4405,  6810,  1061,  5348,  4666, 14908]) tensor([  386, 11238, 14722,  1043, 11265, 10639,  1599,  7855,  7776,  8582])
-------Step 5-------
tensor([ 7839, 10130, 13916,  9827,  4405,  6810,  1061,  5348,  4666, 14908]) tensor([ 4151, 12078,  3992, 10015,  6700,  7658,  3729,   845, 14885,  1396])
-------Step 6-------
tensor([ 5047, 10748, 12896, 10836,  3255, 12914,  7977,  9570,  5146,  9819]) tensor([13482, 11739, 10975,   507, 12744, 10581,  8128,  1504,  6955,  9906])
-------Step 7-------
tensor([ 5047, 10748, 12896, 10836,  3255, 12914,  7977,  9570,  5146,  9819]) tensor([ 5606,  5693,  9748, 10570,  4720,  6235,  7106, 13127, 13847,  6415])
-------Step 8-------
tensor([  361, 13579,  5471,  6086,  1822,  6750,  2850,  2219,   205,  7441]) tensor([ 7402, 11738, 10010, 14504,  7317,  8982,  6088,  1508,  1820,  8814])
-------Step 9-------
tensor([  361, 13579,  5471,  6086,  1822,  6750,  2850,  2219,   205,  7441]) tensor([ 1784, 13094,  3344, 13689,  1750,   256,  2889,  1011, 14797, 13902])
before start barrier
start train
[proc 0] 100 steps, total: 8.081, sample: 0.347, forward: 1.879, backward: 0.695, update: 0.177
train_sampler.Prefill()
before start barrier
start train
[proc 2] 100 steps, total: 8.052, sample: 0.334, forward: 1.223, backward: 0.591, update: 0.203
E20240128 02:36:07.475016 4012327 parallel_pq_v2.h:76] insert failed, size(hashtable)=3438
W20240128 02:36:07.587085 4011919 grad_async_v2.h:249] Sleep in <BlockToStepN>, step_no=109, pq.top=109
W20240128 02:36:07.656280 4012328 grad_async_v2.h:120] Detect new sample comes, old_end9, new_end1
+---------------------------+---------------------------+---------------------------+
| Name                      | P50                       | P99                       |
+---------------------------+---------------------------+---------------------------+
| GenInput                  | 1.111 ms                  | 22.321 ms                 |
| Forward                   | 4.007 ms                  | 20.699 ms                 |
| Backward                  | 3.362 ms                  | 6.549 ms                  |
| Optimize                  | 1.555 ms                  | 4.192 ms                  |
| BarrierTimeBeforeRank0    | 37.490 us                 | 22.318 ms                 |
| AfterBackward             | 13.595 ms                 | 123.567 ms                |
| BlockToStepN              | 28.881 ms                 | 89.462 ms                 |
| OneStep                   | 55.651 ms                 | 169.613 ms                |
+---------------------------+---------------------------+---------------------------+
+---------------------------+---------------------------+---------------------------+
| Name                      | P50                       | P99                       |
+---------------------------+---------------------------+---------------------------+
| ProcessBack:Shuffle       | 2.133 ms                  | 2.557 ms                  |
| ProcessBack:UpdateCache   | 1.457 ms                  | 1.855 ms                  |
| ProcessBack:UpsertPq      | 9.143 ms                  | 13.098 ms                 |
| ProcessOneStep            | 13.570 ms                 | 123.528 ms                |
| BlockToStepN              | 28.819 ms                 | 89.386 ms                 |
+---------------------------+---------------------------+---------------------------+
E20240128 02:36:08.475013 4012327 parallel_pq_v2.h:76] insert failed, size(hashtable)=3312
W20240128 02:36:08.587016 4011919 grad_async_v2.h:249] Sleep in <BlockToStepN>, step_no=126, pq.top=126
W20240128 02:36:08.664995 4012328 grad_async_v2.h:120] Detect new sample comes, old_end7, new_end8
E20240128 02:36:09.475041 4012327 parallel_pq_v2.h:76] insert failed, size(hashtable)=5663
W20240128 02:36:09.587220 4011919 grad_async_v2.h:249] Sleep in <BlockToStepN>, step_no=143, pq.top=143
W20240128 02:36:09.669499 4012328 grad_async_v2.h:120] Detect new sample comes, old_end3, new_end4
E20240128 02:36:10.475008 4011919 parallel_pq_v2.h:76] insert failed, size(hashtable)=3058
W20240128 02:36:10.587229 4011919 grad_async_v2.h:249] Sleep in <BlockToStepN>, step_no=159, pq.top=159
W20240128 02:36:10.672252 4012328 grad_async_v2.h:120] Detect new sample comes, old_end9, new_end0
E20240128 02:36:11.475018 4012327 parallel_pq_v2.h:76] insert failed, size(hashtable)=3103
W20240128 02:36:11.588112 4011919 grad_async_v2.h:249] Sleep in <BlockToStepN>, step_no=174, pq.top=174
W20240128 02:36:11.685629 4012328 grad_async_v2.h:120] Detect new sample comes, old_end5, new_end6
E20240128 02:36:12.475011 4012327 parallel_pq_v2.h:76] insert failed, size(hashtable)=5097
W20240128 02:36:12.631043 4011919 grad_async_v2.h:249] Sleep in <BlockToStepN>, step_no=190, pq.top=190
W20240128 02:36:12.686885 4012328 grad_async_v2.h:120] Detect new sample comes, old_end0, new_end1
+---------------------------+---------------------------+---------------------------+
| Name                      | P50                       | P99                       |
+---------------------------+---------------------------+---------------------------+
| GenInput                  | 1.130 ms                  | 22.477 ms                 |
| Forward                   | 3.979 ms                  | 6.952 ms                  |
| Backward                  | 3.422 ms                  | 6.210 ms                  |
| Optimize                  | 1.555 ms                  | 4.092 ms                  |
| BarrierTimeBeforeRank0    | 59.987 us                 | 22.318 ms                 |
| AfterBackward             | 12.345 ms                 | 34.699 ms                 |
| BlockToStepN              | 29.736 ms                 | 83.541 ms                 |
| OneStep                   | 57.581 ms                 | 166.251 ms                |
+---------------------------+---------------------------+---------------------------+
+---------------------------+---------------------------+---------------------------+
| Name                      | P50                       | P99                       |
+---------------------------+---------------------------+---------------------------+
| ProcessBack:Shuffle       | 2.253 ms                  | 2.983 ms                  |
| ProcessBack:UpdateCache   | 1.404 ms                  | 1.798 ms                  |
| ProcessBack:UpsertPq      | 7.418 ms                  | 11.814 ms                 |
| ProcessOneStep            | 12.070 ms                 | 34.665 ms                 |
| BlockToStepN              | 29.674 ms                 | 83.459 ms                 |
+---------------------------+---------------------------+---------------------------+
[proc 2] 200 steps, total: 6.223, sample: 0.351, forward: 0.375, backward: 0.279, update: 0.193
[proc 3] 200 steps, total: 6.224, sample: 0.282, forward: 0.375, backward: 0.301, update: 0.177
[proc 1] 200 steps, total: 6.224, sample: 0.361, forward: 0.409, backward: 0.291, update: 0.183
[proc 0] 200 steps, total: 6.224, sample: 0.353, forward: 0.382, backward: 0.373, update: 0.157
E20240128 02:36:13.475049 4012327 parallel_pq_v2.h:76] insert failed, size(hashtable)=1061
W20240128 02:36:13.631085 4011919 grad_async_v2.h:249] Sleep in <BlockToStepN>, step_no=205, pq.top=205
W20240128 02:36:13.690572 4012328 grad_async_v2.h:120] Detect new sample comes, old_end5, new_end6
E20240128 02:36:14.477603 4012327 parallel_pq_v2.h:76] insert failed, size(hashtable)=4297
W20240128 02:36:14.631237 4011919 grad_async_v2.h:249] Sleep in <BlockToStepN>, step_no=220, pq.top=220
W20240128 02:36:14.700747 4012328 grad_async_v2.h:120] Detect new sample comes, old_end0, new_end1
E20240128 02:36:15.477025 4012327 parallel_pq_v2.h:76] insert failed, size(hashtable)=685
W20240128 02:36:15.631292 4011919 grad_async_v2.h:249] Sleep in <BlockToStepN>, step_no=235, pq.top=235
W20240128 02:36:15.704754 4012328 grad_async_v2.h:120] Detect new sample comes, old_end6, new_end7
E20240128 02:36:16.477010 4012327 parallel_pq_v2.h:76] insert failed, size(hashtable)=4740
W20240128 02:36:16.651211 4011919 grad_async_v2.h:249] Sleep in <BlockToStepN>, step_no=250, pq.top=250
W20240128 02:36:16.709342 4012328 grad_async_v2.h:120] Detect new sample comes, old_end0, new_end1
E20240128 02:36:17.477119 4012327 parallel_pq_v2.h:76] insert failed, size(hashtable)=4270
W20240128 02:36:17.651402 4011919 grad_async_v2.h:249] Sleep in <BlockToStepN>, step_no=264, pq.top=264
W20240128 02:36:17.717711 4012328 grad_async_v2.h:120] Detect new sample comes, old_end4, new_end5
+---------------------------+---------------------------+---------------------------+
| Name                      | P50                       | P99                       |
+---------------------------+---------------------------+---------------------------+
| GenInput                  | 1.147 ms                  | 22.584 ms                 |
| Forward                   | 4.007 ms                  | 6.163 ms                  |
| Backward                  | 3.317 ms                  | 6.097 ms                  |
| Optimize                  | 1.574 ms                  | 3.936 ms                  |
| BarrierTimeBeforeRank0    | 308.863 us                | 21.921 ms                 |
| AfterBackward             | 11.751 ms                 | 17.025 ms                 |
| BlockToStepN              | 30.398 ms                 | 69.627 ms                 |
| OneStep                   | 59.061 ms                 | 134.389 ms                |
+---------------------------+---------------------------+---------------------------+
+---------------------------+---------------------------+---------------------------+
| Name                      | P50                       | P99                       |
+---------------------------+---------------------------+---------------------------+
| ProcessBack:Shuffle       | 2.337 ms                  | 2.644 ms                  |
| ProcessBack:UpdateCache   | 1.397 ms                  | 1.791 ms                  |
| ProcessBack:UpsertPq      | 7.272 ms                  | 11.776 ms                 |
| ProcessOneStep            | 11.861 ms                 | 17.002 ms                 |
| BlockToStepN              | 30.431 ms                 | 69.533 ms                 |
+---------------------------+---------------------------+---------------------------+
E20240128 02:36:18.477031 4012327 parallel_pq_v2.h:76] insert failed, size(hashtable)=1239
W20240128 02:36:18.663862 4011919 grad_async_v2.h:249] Sleep in <BlockToStepN>, step_no=280, pq.top=280
W20240128 02:36:18.726135 4012328 grad_async_v2.h:120] Detect new sample comes, old_end0, new_end1
E20240128 02:36:19.477049 4012104 parallel_pq_v2.h:76] insert failed, size(hashtable)=328
W20240128 02:36:19.663399 4011919 grad_async_v2.h:249] Sleep in <BlockToStepN>, step_no=295, pq.top=295
W20240128 02:36:19.728355 4012328 grad_async_v2.h:120] Detect new sample comes, old_end5, new_end6
[proc 0] 300 steps, total: 6.713, sample: 0.398, forward: 0.398, backward: 0.344, update: 0.169
[proc 2] 300 steps, total: 6.713, sample: 0.350, forward: 0.374, backward: 0.272, update: 0.194
[proc 3] 300 steps, total: 6.713, sample: 0.312, forward: 0.374, backward: 0.319, update: 0.185
[proc 1] 300 steps, total: 6.713, sample: 0.357, forward: 0.415, backward: 0.305, update: 0.178
E20240128 02:36:20.479315 4012327 parallel_pq_v2.h:76] insert failed, size(hashtable)=1589
W20240128 02:36:20.668877 4011919 grad_async_v2.h:249] Sleep in <BlockToStepN>, step_no=310, pq.top=310
W20240128 02:36:20.739670 4012328 grad_async_v2.h:120] Detect new sample comes, old_end0, new_end1
E20240128 02:36:21.479015 4012327 parallel_pq_v2.h:76] insert failed, size(hashtable)=4672
W20240128 02:36:21.668130 4011919 grad_async_v2.h:249] Sleep in <BlockToStepN>, step_no=324, pq.top=324
W20240128 02:36:21.758795 4012328 grad_async_v2.h:120] Detect new sample comes, old_end5, new_end6
E20240128 02:36:22.479007 4012104 parallel_pq_v2.h:76] insert failed, size(hashtable)=1653
W20240128 02:36:22.710914 4011919 grad_async_v2.h:249] Sleep in <BlockToStepN>, step_no=339, pq.top=339
W20240128 02:36:22.758210 4012328 grad_async_v2.h:120] Detect new sample comes, old_end9, new_end0
+---------------------------+---------------------------+---------------------------+
| Name                      | P50                       | P99                       |
+---------------------------+---------------------------+---------------------------+
| GenInput                  | 1.153 ms                  | 24.835 ms                 |
| Forward                   | 4.002 ms                  | 6.163 ms                  |
| Backward                  | 3.401 ms                  | 6.210 ms                  |
| Optimize                  | 1.574 ms                  | 3.936 ms                  |
| BarrierTimeBeforeRank0    | 299.517 us                | 22.318 ms                 |
| AfterBackward             | 13.220 ms                 | 17.908 ms                 |
| BlockToStepN              | 30.744 ms                 | 69.627 ms                 |
| OneStep                   | 59.891 ms                 | 134.389 ms                |
+---------------------------+---------------------------+---------------------------+
+---------------------------+---------------------------+---------------------------+
| Name                      | P50                       | P99                       |
+---------------------------+---------------------------+---------------------------+
| ProcessBack:Shuffle       | 2.346 ms                  | 2.644 ms                  |
| ProcessBack:UpdateCache   | 1.441 ms                  | 1.780 ms                  |
| ProcessBack:UpsertPq      | 8.693 ms                  | 12.637 ms                 |
| ProcessOneStep            | 13.241 ms                 | 17.880 ms                 |
| BlockToStepN              | 30.573 ms                 | 69.533 ms                 |
+---------------------------+---------------------------+---------------------------+
E20240128 02:36:23.479007 4011919 parallel_pq_v2.h:76] insert failed, size(hashtable)=3705
W20240128 02:36:23.716574 4011919 grad_async_v2.h:249] Sleep in <BlockToStepN>, step_no=354, pq.top=354
W20240128 02:36:23.768608 4012328 grad_async_v2.h:120] Detect new sample comes, old_end4, new_end5
E20240128 02:36:24.479012 4012327 parallel_pq_v2.h:76] insert failed, size(hashtable)=6729
W20240128 02:36:24.716470 4011919 grad_async_v2.h:249] Sleep in <BlockToStepN>, step_no=367, pq.top=367
W20240128 02:36:24.779754 4012328 grad_async_v2.h:120] Detect new sample comes, old_end7, new_end8
E20240128 02:36:25.479010 4012327 parallel_pq_v2.h:76] insert failed, size(hashtable)=4614
W20240128 02:36:25.716197 4011919 grad_async_v2.h:249] Sleep in <BlockToStepN>, step_no=381, pq.top=381
W20240128 02:36:25.788571 4012328 grad_async_v2.h:120] Detect new sample comes, old_end1, new_end2
E20240128 02:36:26.481036 4012328 parallel_pq_v2.h:76] insert failed, size(hashtable)=4819
W20240128 02:36:26.720067 4011919 grad_async_v2.h:249] Sleep in <BlockToStepN>, step_no=395, pq.top=395
W20240128 02:36:26.800485 4012328 grad_async_v2.h:120] Detect new sample comes, old_end5, new_end6
[proc 3] 400 steps, total: 7.082, sample: 0.325, forward: 0.393, backward: 0.324, update: 0.180
[proc 2] 400 steps, total: 7.082, sample: 0.346, forward: 0.374, backward: 0.278, update: 0.178
[proc 1] 400 steps, total: 7.082, sample: 0.356, forward: 0.408, backward: 0.362, update: 0.179
[proc 0] 400 steps, total: 7.082, sample: 0.378, forward: 0.396, backward: 0.360, update: 0.166
E20240128 02:36:27.481014 4012327 parallel_pq_v2.h:76] insert failed, size(hashtable)=4829
W20240128 02:36:27.725330 4011919 grad_async_v2.h:249] Sleep in <BlockToStepN>, step_no=409, pq.top=409
W20240128 02:36:27.814092 4012328 grad_async_v2.h:120] Detect new sample comes, old_end9, new_end0
+---------------------------+---------------------------+---------------------------+
| Name                      | P50                       | P99                       |
+---------------------------+---------------------------+---------------------------+
| GenInput                  | 1.163 ms                  | 23.336 ms                 |
| Forward                   | 4.012 ms                  | 5.832 ms                  |
| Backward                  | 3.348 ms                  | 6.210 ms                  |
| Optimize                  | 1.584 ms                  | 3.927 ms                  |
| BarrierTimeBeforeRank0    | 492.625 us                | 22.985 ms                 |
| AfterBackward             | 13.728 ms                 | 17.424 ms                 |
| BlockToStepN              | 31.286 ms                 | 69.627 ms                 |
| OneStep                   | 60.974 ms                 | 110.170 ms                |
+---------------------------+---------------------------+---------------------------+
+---------------------------+---------------------------+---------------------------+
| Name                      | P50                       | P99                       |
+---------------------------+---------------------------+---------------------------+
| ProcessBack:Shuffle       | 2.350 ms                  | 2.644 ms                  |
| ProcessBack:UpdateCache   | 1.465 ms                  | 1.776 ms                  |
| ProcessBack:UpsertPq      | 9.307 ms                  | 12.442 ms                 |
| ProcessOneStep            | 13.762 ms                 | 17.398 ms                 |
| BlockToStepN              | 31.301 ms                 | 69.533 ms                 |
+---------------------------+---------------------------+---------------------------+
E20240128 02:36:28.481025 4012327 parallel_pq_v2.h:76] insert failed, size(hashtable)=4643
W20240128 02:36:28.725577 4011919 grad_async_v2.h:249] Sleep in <BlockToStepN>, step_no=423, pq.top=423
W20240128 02:36:28.828641 4012328 grad_async_v2.h:120] Detect new sample comes, old_end3, new_end4
E20240128 02:36:29.481011 4012327 parallel_pq_v2.h:76] insert failed, size(hashtable)=584
W20240128 02:36:29.733398 4011919 grad_async_v2.h:249] Sleep in <BlockToStepN>, step_no=436, pq.top=436
W20240128 02:36:29.840135 4012328 grad_async_v2.h:120] Detect new sample comes, old_end7, new_end8
E20240128 02:36:30.481007 4012327 parallel_pq_v2.h:76] insert failed, size(hashtable)=4489
W20240128 02:36:30.758855 4011919 grad_async_v2.h:249] Sleep in <BlockToStepN>, step_no=450, pq.top=450
W20240128 02:36:30.841287 4012328 grad_async_v2.h:120] Detect new sample comes, old_end0, new_end1
E20240128 02:36:31.481036 4012327 parallel_pq_v2.h:76] insert failed, size(hashtable)=4466
W20240128 02:36:31.758654 4011919 grad_async_v2.h:249] Sleep in <BlockToStepN>, step_no=463, pq.top=463
W20240128 02:36:31.859810 4012328 grad_async_v2.h:120] Detect new sample comes, old_end4, new_end5
E20240128 02:36:32.481029 4012327 parallel_pq_v2.h:76] insert failed, size(hashtable)=5745
W20240128 02:36:32.793745 4011919 grad_async_v2.h:249] Sleep in <BlockToStepN>, step_no=477, pq.top=477
+---------------------------+---------------------------+---------------------------+
| Name                      | P50                       | P99                       |
+---------------------------+---------------------------+---------------------------+
| GenInput                  | 1.169 ms                  | 24.835 ms                 |
| Forward                   | 4.021 ms                  | 5.793 ms                  |
| Backward                  | 3.293 ms                  | 6.118 ms                  |
| Optimize                  | 1.600 ms                  | 3.862 ms                  |
| BarrierTimeBeforeRank0    | 536.092 us                | 22.719 ms                 |
| AfterBackward             | 14.012 ms                 | 17.424 ms                 |
| BlockToStepN              | 32.488 ms                 | 70.090 ms                 |
| OneStep                   | 63.563 ms                 | 108.399 ms                |
+---------------------------+---------------------------+---------------------------+
W20240128 02:36:32.865845 4012328 grad_async_v2.h:120] Detect new sample comes, old_end7, new_end8
+---------------------------+---------------------------+---------------------------+
| Name                      | P50                       | P99                       |
+---------------------------+---------------------------+---------------------------+
| ProcessBack:Shuffle       | 2.354 ms                  | 2.621 ms                  |
| ProcessBack:UpdateCache   | 1.479 ms                  | 1.771 ms                  |
| ProcessBack:UpsertPq      | 9.665 ms                  | 12.637 ms                 |
| ProcessOneStep            | 13.990 ms                 | 17.398 ms                 |
| BlockToStepN              | 32.175 ms                 | 70.251 ms                 |
+---------------------------+---------------------------+---------------------------+
E20240128 02:36:33.481062 4012327 parallel_pq_v2.h:76] insert failed, size(hashtable)=1353
W20240128 02:36:33.799768 4011919 grad_async_v2.h:249] Sleep in <BlockToStepN>, step_no=490, pq.top=490
W20240128 02:36:33.919420 4012328 grad_async_v2.h:120] Detect new sample comes, old_end1, new_end2
E20240128 02:36:34.481015 4012327 parallel_pq_v2.h:76] insert failed, size(hashtable)=1597
[proc 0] 500 steps, total: 7.471, sample: 0.410, forward: 0.399, backward: 0.308, update: 0.169
[proc 1] 500 steps, total: 7.471, sample: 0.295, forward: 0.385, backward: 0.345, update: 0.159
[proc 3] 500 steps, total: 7.472, sample: 0.358, forward: 0.398, backward: 0.338, update: 0.179
[proc 2] 500 steps, total: 7.471, sample: 0.344, forward: 0.368, backward: 0.277, update: 0.179
Successfully xmh. training takes 35.57191324234009 seconds
before call kg_cache_controller.StopThreads()
W20240128 02:36:34.568192 4011919 grad_async_v2.h:71] call StopThreads. PID = 4011577
W20240128 02:36:34.568220 4011919 grad_base.h:212] before processOneStepNegThread_.join();
W20240128 02:36:34.568528 4011919 grad_base.h:214] after processOneStepNegThread_.join();
W20240128 02:36:34.568539 4011919 grad_async_v2.h:73] call GradProcessingBase::StopThreads.
[W tensorpipe_agent.cpp:725] RPC agent for worker0 encountered error when reading incoming request from worker2: eof (this error originated at tensorpipe/transport/shm/connection_impl.cc:259)
[W tensorpipe_agent.cpp:725] RPC agent for worker0 encountered error when reading incoming request from worker1: eof (this error originated at tensorpipe/transport/shm/connection_impl.cc:259)
[W tensorpipe_agent.cpp:725] RPC agent for worker0 encountered error when reading incoming request from worker3: eof (this error originated at tensorpipe/transport/shm/connection_impl.cc:259)
W20240128 02:36:34.632781 4011919 grad_async_v2.h:91] StopThreads done.
On rank0, prepare to call self.controller.StopThreads(), self=<python.controller_process.KGCacheControllerWrapper object at 0x7fd23e3ed710>
