WARNING: Logging before InitGoogleLogging() is written to STDERR
I20240124 11:32:39.947127 27772 IPC_barrier.h:128] MultiProcessBarrierFactory->ClearIPCMemory()
/home/xieminhui/RecStore/src/framework_adapters/torch/kg/dgl-0.9.1/python/dgl/_deprecate/graph.py:1023: DGLWarning: multigraph will be deprecated.DGL will treat all graphs as multigraph in the future.
  dgl_warning("multigraph will be deprecated." \
/home/xieminhui/RecStore/src/framework_adapters/torch/kg/dgl-0.9.1/python/dgl/heterograph.py:72: DGLWarning: Recommend creating graphs by `dgl.graph(data)` instead of `dgl.DGLGraph(data)`.
  dgl_warning('Recommend creating graphs by `dgl.graph(data)`'
Reading train triples....
Finished. Read 483142 train triples.
Reading valid triples....
Finished. Read 50000 valid triples.
Reading test triples....
Finished. Read 59071 test triples.
ARGS:  Namespace(model_name='DistMult', data_path='/home/xieminhui/dgl-data', dataset='FB15k', format='built_in', data_files=None, delimiter='\t', save_path='/tmp/ckpts/DistMult_FB15k_10', no_save_emb=True, max_step=500, batch_size=600, batch_size_eval=16, neg_sample_size=200, neg_deg_sample=False, neg_deg_sample_eval=False, neg_sample_size_eval=14951, eval_percent=1, no_eval_filter=False, log_interval=100, eval_interval=10000, test=False, num_proc=8, num_thread=1, force_sync_interval=1, hidden_dim=400, lr=0.01, gamma=16.0, double_ent=False, double_rel=False, neg_adversarial_sampling=False, adversarial_temperature=1.0, regularization_coef=0.0, regularization_norm=3, pairwise=False, loss_genre='Logsigmoid', margin=1.0, nr_gpus=8, gpu=[0, 1, 2, 3, 4, 5, 6, 7], mix_cpu_gpu=True, valid=False, rel_part=False, async_update=None, has_edge_importance=False, cached_emb_type='KnownLocalCachedEmbedding', use_my_emb=True, cache_ratio=0.1, shuffle=False, backwardMode='CppAsyncV2', L=10, kForwardItersPerStep=2, backgrad_init='both', eval_filter=True, soft_rel_part=False)
|Train|: 483142
original graph:  DGLGraph(num_nodes=14951, num_edges=592213,
         ndata_schemes={}
         edata_schemes={'tid': Scheme(shape=(), dtype=torch.int64)})
Loading cached metis
WARNING [27772 sampler.py:454] Start PreSampling
WARNING [27772 sampler.py:532] Before construct renumbering_dict
WARNING [27772 sampler.py:555] PreSampling done
W20240124 11:32:44.270851 27772 IPCTensor.h:365] NewIPCTensor: cached_sampler_r0_0 [100000]0x100000002000 781.2 kB
W20240124 11:32:44.271067 27772 IPCTensor.h:365] NewIPCTensor: cached_sampler_r0_1 [100000]0x1000000c7000 781.2 kB
W20240124 11:32:44.271109 27772 IPCTensor.h:365] NewIPCTensor: cached_sampler_r0_2 [100000]0x10000018c000 781.2 kB
W20240124 11:32:44.271148 27772 IPCTensor.h:365] NewIPCTensor: cached_sampler_r0_3 [100000]0x100000251000 781.2 kB
W20240124 11:32:44.271190 27772 IPCTensor.h:365] NewIPCTensor: cached_sampler_r0_4 [100000]0x100000316000 781.2 kB
W20240124 11:32:44.271224 27772 IPCTensor.h:365] NewIPCTensor: cached_sampler_r0_5 [100000]0x1000003db000 781.2 kB
W20240124 11:32:44.271256 27772 IPCTensor.h:365] NewIPCTensor: cached_sampler_r0_6 [100000]0x1000004a0000 781.2 kB
W20240124 11:32:44.271294 27772 IPCTensor.h:365] NewIPCTensor: cached_sampler_r0_7 [100000]0x100000565000 781.2 kB
W20240124 11:32:44.271332 27772 IPCTensor.h:365] NewIPCTensor: cached_sampler_r0_8 [100000]0x10000062a000 781.2 kB
W20240124 11:32:44.271366 27772 IPCTensor.h:365] NewIPCTensor: cached_sampler_r0_9 [100000]0x1000006ef000 781.2 kB
W20240124 11:32:44.271420 27772 IPCTensor.h:365] NewIPCTensor: step_r0 [10]0x1000007b4000 80 B 
W20240124 11:32:44.271449 27772 IPCTensor.h:365] NewIPCTensor: circle_buffer_end_r0 [1]0x1000007b6000 8 B 
W20240124 11:32:44.271485 27772 IPCTensor.h:365] NewIPCTensor: circle_buffer_end_cppseen_r0 [1]0x1000007b8000 8 B 
W20240124 11:32:44.271626 27772 IPCTensor.h:365] NewIPCTensor: cached_sampler_r1_0 [100000]0x1000007ba000 781.2 kB
W20240124 11:32:44.271670 27772 IPCTensor.h:365] NewIPCTensor: cached_sampler_r1_1 [100000]0x10000087f000 781.2 kB
W20240124 11:32:44.271700 27772 IPCTensor.h:365] NewIPCTensor: cached_sampler_r1_2 [100000]0x100000944000 781.2 kB
W20240124 11:32:44.271733 27772 IPCTensor.h:365] NewIPCTensor: cached_sampler_r1_3 [100000]0x100000a09000 781.2 kB
W20240124 11:32:44.271782 27772 IPCTensor.h:365] NewIPCTensor: cached_sampler_r1_4 [100000]0x100000ace000 781.2 kB
W20240124 11:32:44.271826 27772 IPCTensor.h:365] NewIPCTensor: cached_sampler_r1_5 [100000]0x100000b93000 781.2 kB
W20240124 11:32:44.271859 27772 IPCTensor.h:365] NewIPCTensor: cached_sampler_r1_6 [100000]0x100000c58000 781.2 kB
W20240124 11:32:44.271900 27772 IPCTensor.h:365] NewIPCTensor: cached_sampler_r1_7 [100000]0x100000d1d000 781.2 kB
W20240124 11:32:44.271936 27772 IPCTensor.h:365] NewIPCTensor: cached_sampler_r1_8 [100000]0x100000de2000 781.2 kB
W20240124 11:32:44.271977 27772 IPCTensor.h:365] NewIPCTensor: cached_sampler_r1_9 [100000]0x100000ea7000 781.2 kB
W20240124 11:32:44.272008 27772 IPCTensor.h:365] NewIPCTensor: step_r1 [10]0x100000f6c000 80 B 
W20240124 11:32:44.272038 27772 IPCTensor.h:365] NewIPCTensor: circle_buffer_end_r1 [1]0x100000f6e000 8 B 
W20240124 11:32:44.272070 27772 IPCTensor.h:365] NewIPCTensor: circle_buffer_end_cppseen_r1 [1]0x100000f70000 8 B 
W20240124 11:32:44.272142 27772 IPCTensor.h:365] NewIPCTensor: cached_sampler_r2_0 [100000]0x100000f72000 781.2 kB
W20240124 11:32:44.272187 27772 IPCTensor.h:365] NewIPCTensor: cached_sampler_r2_1 [100000]0x100001037000 781.2 kB
W20240124 11:32:44.272219 27772 IPCTensor.h:365] NewIPCTensor: cached_sampler_r2_2 [100000]0x1000010fc000 781.2 kB
W20240124 11:32:44.272260 27772 IPCTensor.h:365] NewIPCTensor: cached_sampler_r2_3 [100000]0x1000011c1000 781.2 kB
W20240124 11:32:44.272295 27772 IPCTensor.h:365] NewIPCTensor: cached_sampler_r2_4 [100000]0x100001286000 781.2 kB
W20240124 11:32:44.272326 27772 IPCTensor.h:365] NewIPCTensor: cached_sampler_r2_5 [100000]0x10000134b000 781.2 kB
W20240124 11:32:44.272364 27772 IPCTensor.h:365] NewIPCTensor: cached_sampler_r2_6 [100000]0x100001410000 781.2 kB
W20240124 11:32:44.272399 27772 IPCTensor.h:365] NewIPCTensor: cached_sampler_r2_7 [100000]0x1000014d5000 781.2 kB
W20240124 11:32:44.272439 27772 IPCTensor.h:365] NewIPCTensor: cached_sampler_r2_8 [100000]0x10000159a000 781.2 kB
W20240124 11:32:44.272467 27772 IPCTensor.h:365] NewIPCTensor: cached_sampler_r2_9 [100000]0x10000165f000 781.2 kB
W20240124 11:32:44.272497 27772 IPCTensor.h:365] NewIPCTensor: step_r2 [10]0x100001724000 80 B 
W20240124 11:32:44.272526 27772 IPCTensor.h:365] NewIPCTensor: circle_buffer_end_r2 [1]0x100001726000 8 B 
W20240124 11:32:44.272557 27772 IPCTensor.h:365] NewIPCTensor: circle_buffer_end_cppseen_r2 [1]0x100001728000 8 B 
W20240124 11:32:44.272624 27772 IPCTensor.h:365] NewIPCTensor: cached_sampler_r3_0 [100000]0x10000172a000 781.2 kB
W20240124 11:32:44.272662 27772 IPCTensor.h:365] NewIPCTensor: cached_sampler_r3_1 [100000]0x1000017ef000 781.2 kB
W20240124 11:32:44.272698 27772 IPCTensor.h:365] NewIPCTensor: cached_sampler_r3_2 [100000]0x1000018b4000 781.2 kB
W20240124 11:32:44.272738 27772 IPCTensor.h:365] NewIPCTensor: cached_sampler_r3_3 [100000]0x100001979000 781.2 kB
W20240124 11:32:44.272786 27772 IPCTensor.h:365] NewIPCTensor: cached_sampler_r3_4 [100000]0x100001a3e000 781.2 kB
W20240124 11:32:44.272838 27772 IPCTensor.h:365] NewIPCTensor: cached_sampler_r3_5 [100000]0x100001b03000 781.2 kB
W20240124 11:32:44.272878 27772 IPCTensor.h:365] NewIPCTensor: cached_sampler_r3_6 [100000]0x100001bc8000 781.2 kB
W20240124 11:32:44.272915 27772 IPCTensor.h:365] NewIPCTensor: cached_sampler_r3_7 [100000]0x100001c8d000 781.2 kB
W20240124 11:32:44.272959 27772 IPCTensor.h:365] NewIPCTensor: cached_sampler_r3_8 [100000]0x100001d52000 781.2 kB
W20240124 11:32:44.272996 27772 IPCTensor.h:365] NewIPCTensor: cached_sampler_r3_9 [100000]0x100001e17000 781.2 kB
W20240124 11:32:44.273028 27772 IPCTensor.h:365] NewIPCTensor: step_r3 [10]0x100001edc000 80 B 
W20240124 11:32:44.273057 27772 IPCTensor.h:365] NewIPCTensor: circle_buffer_end_r3 [1]0x100001ede000 8 B 
W20240124 11:32:44.273092 27772 IPCTensor.h:365] NewIPCTensor: circle_buffer_end_cppseen_r3 [1]0x100001ee0000 8 B 
W20240124 11:32:44.273164 27772 IPCTensor.h:365] NewIPCTensor: cached_sampler_r4_0 [100000]0x100001ee2000 781.2 kB
W20240124 11:32:44.273211 27772 IPCTensor.h:365] NewIPCTensor: cached_sampler_r4_1 [100000]0x100001fa7000 781.2 kB
W20240124 11:32:44.273241 27772 IPCTensor.h:365] NewIPCTensor: cached_sampler_r4_2 [100000]0x10000206c000 781.2 kB
W20240124 11:32:44.273279 27772 IPCTensor.h:365] NewIPCTensor: cached_sampler_r4_3 [100000]0x100002131000 781.2 kB
W20240124 11:32:44.273309 27772 IPCTensor.h:365] NewIPCTensor: cached_sampler_r4_4 [100000]0x1000021f6000 781.2 kB
W20240124 11:32:44.273346 27772 IPCTensor.h:365] NewIPCTensor: cached_sampler_r4_5 [100000]0x1000022bb000 781.2 kB
W20240124 11:32:44.273386 27772 IPCTensor.h:365] NewIPCTensor: cached_sampler_r4_6 [100000]0x100002380000 781.2 kB
W20240124 11:32:44.273424 27772 IPCTensor.h:365] NewIPCTensor: cached_sampler_r4_7 [100000]0x100002445000 781.2 kB
W20240124 11:32:44.273460 27772 IPCTensor.h:365] NewIPCTensor: cached_sampler_r4_8 [100000]0x10000250a000 781.2 kB
W20240124 11:32:44.273492 27772 IPCTensor.h:365] NewIPCTensor: cached_sampler_r4_9 [100000]0x1000025cf000 781.2 kB
W20240124 11:32:44.273525 27772 IPCTensor.h:365] NewIPCTensor: step_r4 [10]0x100002694000 80 B 
W20240124 11:32:44.273551 27772 IPCTensor.h:365] NewIPCTensor: circle_buffer_end_r4 [1]0x100002696000 8 B 
W20240124 11:32:44.273583 27772 IPCTensor.h:365] NewIPCTensor: circle_buffer_end_cppseen_r4 [1]0x100002698000 8 B 
W20240124 11:32:44.273640 27772 IPCTensor.h:365] NewIPCTensor: cached_sampler_r5_0 [100000]0x10000269a000 781.2 kB
W20240124 11:32:44.273676 27772 IPCTensor.h:365] NewIPCTensor: cached_sampler_r5_1 [100000]0x10000275f000 781.2 kB
W20240124 11:32:44.273707 27772 IPCTensor.h:365] NewIPCTensor: cached_sampler_r5_2 [100000]0x100002824000 781.2 kB
W20240124 11:32:44.273737 27772 IPCTensor.h:365] NewIPCTensor: cached_sampler_r5_3 [100000]0x1000028e9000 781.2 kB
W20240124 11:32:44.273773 27772 IPCTensor.h:365] NewIPCTensor: cached_sampler_r5_4 [100000]0x1000029ae000 781.2 kB
W20240124 11:32:44.273803 27772 IPCTensor.h:365] NewIPCTensor: cached_sampler_r5_5 [100000]0x100002a73000 781.2 kB
W20240124 11:32:44.273839 27772 IPCTensor.h:365] NewIPCTensor: cached_sampler_r5_6 [100000]0x100002b38000 781.2 kB
W20240124 11:32:44.273875 27772 IPCTensor.h:365] NewIPCTensor: cached_sampler_r5_7 [100000]0x100002bfd000 781.2 kB
W20240124 11:32:44.273916 27772 IPCTensor.h:365] NewIPCTensor: cached_sampler_r5_8 [100000]0x100002cc2000 781.2 kB
W20240124 11:32:44.273959 27772 IPCTensor.h:365] NewIPCTensor: cached_sampler_r5_9 [100000]0x100002d87000 781.2 kB
W20240124 11:32:44.273993 27772 IPCTensor.h:365] NewIPCTensor: step_r5 [10]0x100002e4c000 80 B 
W20240124 11:32:44.274019 27772 IPCTensor.h:365] NewIPCTensor: circle_buffer_end_r5 [1]0x100002e4e000 8 B 
W20240124 11:32:44.274044 27772 IPCTensor.h:365] NewIPCTensor: circle_buffer_end_cppseen_r5 [1]0x100002e50000 8 B 
W20240124 11:32:44.274099 27772 IPCTensor.h:365] NewIPCTensor: cached_sampler_r6_0 [100000]0x100002e52000 781.2 kB
W20240124 11:32:44.274139 27772 IPCTensor.h:365] NewIPCTensor: cached_sampler_r6_1 [100000]0x100002f17000 781.2 kB
W20240124 11:32:44.274175 27772 IPCTensor.h:365] NewIPCTensor: cached_sampler_r6_2 [100000]0x100002fdc000 781.2 kB
W20240124 11:32:44.274207 27772 IPCTensor.h:365] NewIPCTensor: cached_sampler_r6_3 [100000]0x1000030a1000 781.2 kB
W20240124 11:32:44.274237 27772 IPCTensor.h:365] NewIPCTensor: cached_sampler_r6_4 [100000]0x100003166000 781.2 kB
W20240124 11:32:44.274267 27772 IPCTensor.h:365] NewIPCTensor: cached_sampler_r6_5 [100000]0x10000322b000 781.2 kB
W20240124 11:32:44.274300 27772 IPCTensor.h:365] NewIPCTensor: cached_sampler_r6_6 [100000]0x1000032f0000 781.2 kB
W20240124 11:32:44.274338 27772 IPCTensor.h:365] NewIPCTensor: cached_sampler_r6_7 [100000]0x1000033b5000 781.2 kB
W20240124 11:32:44.274367 27772 IPCTensor.h:365] NewIPCTensor: cached_sampler_r6_8 [100000]0x10000347a000 781.2 kB
W20240124 11:32:44.274398 27772 IPCTensor.h:365] NewIPCTensor: cached_sampler_r6_9 [100000]0x10000353f000 781.2 kB
W20240124 11:32:44.274433 27772 IPCTensor.h:365] NewIPCTensor: step_r6 [10]0x100003604000 80 B 
W20240124 11:32:44.274464 27772 IPCTensor.h:365] NewIPCTensor: circle_buffer_end_r6 [1]0x100003606000 8 B 
W20240124 11:32:44.274495 27772 IPCTensor.h:365] NewIPCTensor: circle_buffer_end_cppseen_r6 [1]0x100003608000 8 B 
W20240124 11:32:44.274554 27772 IPCTensor.h:365] NewIPCTensor: cached_sampler_r7_0 [100000]0x10000360a000 781.2 kB
W20240124 11:32:44.274588 27772 IPCTensor.h:365] NewIPCTensor: cached_sampler_r7_1 [100000]0x1000036cf000 781.2 kB
W20240124 11:32:44.274619 27772 IPCTensor.h:365] NewIPCTensor: cached_sampler_r7_2 [100000]0x100003794000 781.2 kB
W20240124 11:32:44.274653 27772 IPCTensor.h:365] NewIPCTensor: cached_sampler_r7_3 [100000]0x100003859000 781.2 kB
W20240124 11:32:44.274693 27772 IPCTensor.h:365] NewIPCTensor: cached_sampler_r7_4 [100000]0x10000391e000 781.2 kB
W20240124 11:32:44.274729 27772 IPCTensor.h:365] NewIPCTensor: cached_sampler_r7_5 [100000]0x1000039e3000 781.2 kB
W20240124 11:32:44.274767 27772 IPCTensor.h:365] NewIPCTensor: cached_sampler_r7_6 [100000]0x100003aa8000 781.2 kB
W20240124 11:32:44.274798 27772 IPCTensor.h:365] NewIPCTensor: cached_sampler_r7_7 [100000]0x100003b6d000 781.2 kB
W20240124 11:32:44.274832 27772 IPCTensor.h:365] NewIPCTensor: cached_sampler_r7_8 [100000]0x100003c32000 781.2 kB
W20240124 11:32:44.274866 27772 IPCTensor.h:365] NewIPCTensor: cached_sampler_r7_9 [100000]0x100003cf7000 781.2 kB
W20240124 11:32:44.274900 27772 IPCTensor.h:365] NewIPCTensor: step_r7 [10]0x100003dbc000 80 B 
W20240124 11:32:44.274925 27772 IPCTensor.h:365] NewIPCTensor: circle_buffer_end_r7 [1]0x100003dbe000 8 B 
W20240124 11:32:44.274950 27772 IPCTensor.h:365] NewIPCTensor: circle_buffer_end_cppseen_r7 [1]0x100003dc0000 8 B 
W20240124 11:32:44.473114 27772 IPCTensor.h:365] NewIPCTensor: full_emb [14951, 400]0x100003dc2000 22.81 MB
W20240124 11:32:44.473286 27772 IPCTensor.h:365] NewIPCTensor: full_emb_SparseRowWiseAdaGrad_sum [14951]0x100005494000 58.4 kB
{0: Graph(num_nodes=8499, num_edges=86694,
      ndata_schemes={'_ID': Scheme(shape=(), dtype=torch.int64), 'inner_node': Scheme(shape=(), dtype=torch.int32), 'part_id': Scheme(shape=(), dtype=torch.int64)}
      edata_schemes={'_ID': Scheme(shape=(), dtype=torch.int64), 'inner_edge': Scheme(shape=(), dtype=torch.int8)}), 1: Graph(num_nodes=6140, num_edges=88951,
      ndata_schemes={'_ID': Scheme(shape=(), dtype=torch.int64), 'inner_node': Scheme(shape=(), dtype=torch.int32), 'part_id': Scheme(shape=(), dtype=torch.int64)}
      edata_schemes={'_ID': Scheme(shape=(), dtype=torch.int64), 'inner_edge': Scheme(shape=(), dtype=torch.int8)}), 2: Graph(num_nodes=8646, num_edges=109741,
      ndata_schemes={'_ID': Scheme(shape=(), dtype=torch.int64), 'inner_node': Scheme(shape=(), dtype=torch.int32), 'part_id': Scheme(shape=(), dtype=torch.int64)}
      edata_schemes={'_ID': Scheme(shape=(), dtype=torch.int64), 'inner_edge': Scheme(shape=(), dtype=torch.int8)}), 3: Graph(num_nodes=8503, num_edges=86907,
      ndata_schemes={'_ID': Scheme(shape=(), dtype=torch.int64), 'inner_node': Scheme(shape=(), dtype=torch.int32), 'part_id': Scheme(shape=(), dtype=torch.int64)}
      edata_schemes={'_ID': Scheme(shape=(), dtype=torch.int64), 'inner_edge': Scheme(shape=(), dtype=torch.int8)}), 4: Graph(num_nodes=10597, num_edges=122217,
      ndata_schemes={'_ID': Scheme(shape=(), dtype=torch.int64), 'inner_node': Scheme(shape=(), dtype=torch.int32), 'part_id': Scheme(shape=(), dtype=torch.int64)}
      edata_schemes={'_ID': Scheme(shape=(), dtype=torch.int64), 'inner_edge': Scheme(shape=(), dtype=torch.int8)}), 5: Graph(num_nodes=8255, num_edges=102550,
      ndata_schemes={'_ID': Scheme(shape=(), dtype=torch.int64), 'inner_node': Scheme(shape=(), dtype=torch.int32), 'part_id': Scheme(shape=(), dtype=torch.int64)}
      edata_schemes={'_ID': Scheme(shape=(), dtype=torch.int64), 'inner_edge': Scheme(shape=(), dtype=torch.int8)}), 6: Graph(num_nodes=7422, num_edges=104094,
      ndata_schemes={'_ID': Scheme(shape=(), dtype=torch.int64), 'inner_node': Scheme(shape=(), dtype=torch.int32), 'part_id': Scheme(shape=(), dtype=torch.int64)}
      edata_schemes={'_ID': Scheme(shape=(), dtype=torch.int64), 'inner_edge': Scheme(shape=(), dtype=torch.int8)}), 7: Graph(num_nodes=7815, num_edges=137832,
      ndata_schemes={'_ID': Scheme(shape=(), dtype=torch.int64), 'inner_node': Scheme(shape=(), dtype=torch.int32), 'part_id': Scheme(shape=(), dtype=torch.int64)}
      edata_schemes={'_ID': Scheme(shape=(), dtype=torch.int64), 'inner_edge': Scheme(shape=(), dtype=torch.int8)})}
MertisPartition: part 0 has 8499 N 86694 E
MertisPartition: part 1 has 6140 N 88951 E
MertisPartition: part 2 has 8646 N 109741 E
MertisPartition: part 3 has 8503 N 86907 E
MertisPartition: part 4 has 10597 N 122217 E
MertisPartition: part 5 has 8255 N 102550 E
MertisPartition: part 6 has 7422 N 104094 E
MertisPartition: part 7 has 7815 N 137832 E
Rank0: cached key size 186
Rank1: cached key size 186
Rank2: cached key size 186
Rank3: cached key size 186
Rank4: cached key size 186
Rank5: cached key size 186
Rank6: cached key size 186
Rank7: cached key size 186
Before renumbering graph:  {'_ID': tensor([    0,    15,    36,  ..., 11946,  9147, 13282]), 'inner_node': tensor([1, 1, 1,  ..., 0, 0, 0], dtype=torch.int32), 'part_id': tensor([0, 0, 0,  ..., 6, 3, 7])}
After renumbering graph:  {'_ID': tensor([ 1506,  1947,  2529,  ..., 10798,  9624,  8780]), 'inner_node': tensor([1, 1, 1,  ..., 0, 0, 0], dtype=torch.int32), 'part_id': tensor([0, 0, 0,  ..., 6, 3, 7])}
part_g: DGLGraph(num_nodes=8499, num_edges=86694,
         ndata_schemes={'_ID': Scheme(shape=(), dtype=torch.int64)}
         edata_schemes={'tid': Scheme(shape=(), dtype=torch.int64)})
part_g: DGLGraph(num_nodes=8499, num_edges=86694,
         ndata_schemes={'_ID': Scheme(shape=(), dtype=torch.int64)}
         edata_schemes={'tid': Scheme(shape=(), dtype=torch.int64)})
Total initialize time 4.561 seconds
[Rank1] pid = 28263
[Rank2] pid = 28306
[Rank3] pid = 28391
[Rank4] pid = 28455
[Rank5] pid = 28519
[Rank6] pid = 28520
INFO [27772 distributed_c10d.py:442] Added key: store_based_barrier_key:1 to store for rank: 0
INFO [28263 distributed_c10d.py:442] Added key: store_based_barrier_key:1 to store for rank: 1
INFO [28306 distributed_c10d.py:442] Added key: store_based_barrier_key:1 to store for rank: 2
INFO [28391 distributed_c10d.py:442] Added key: store_based_barrier_key:1 to store for rank: 3
INFO [28455 distributed_c10d.py:442] Added key: store_based_barrier_key:1 to store for rank: 4
INFO [28521 distributed_c10d.py:442] Added key: store_based_barrier_key:1 to store for rank: 7
INFO [27772 distributed_c10d.py:476] Rank 0: Completed store-based barrier for key:store_based_barrier_key:1 with 8 nodes.
INFO [28455 distributed_c10d.py:476] Rank 4: Completed store-based barrier for key:store_based_barrier_key:1 with 8 nodes.
INFO [28306 distributed_c10d.py:476] Rank 2: Completed store-based barrier for key:store_based_barrier_key:1 with 8 nodes.
INFO [28263 distributed_c10d.py:476] Rank 1: Completed store-based barrier for key:store_based_barrier_key:1 with 8 nodes.
INFO [28521 distributed_c10d.py:476] Rank 7: Completed store-based barrier for key:store_based_barrier_key:1 with 8 nodes.
INFO [28391 distributed_c10d.py:476] Rank 3: Completed store-based barrier for key:store_based_barrier_key:1 with 8 nodes.
INFO [28519 distributed_c10d.py:442] Added key: store_based_barrier_key:1 to store for rank: 5
INFO [28520 distributed_c10d.py:442] Added key: store_based_barrier_key:1 to store for rank: 6
INFO [28520 distributed_c10d.py:476] Rank 6: Completed store-based barrier for key:store_based_barrier_key:1 with 8 nodes.
INFO [28519 distributed_c10d.py:476] Rank 5: Completed store-based barrier for key:store_based_barrier_key:1 with 8 nodes.
W20240124 11:32:48.164711 28586 IPCTensor.h:405] NewIPCGPUTensor: embedding_cache_0 [1495, 400]; dev=0; size=2.281 MB
W20240124 11:32:48.165779 28456 IPCTensor.h:405] NewIPCGPUTensor: embedding_cache_4 [1495, 400]; dev=4; size=2.281 MB
W20240124 11:32:48.165804 28328 IPCTensor.h:405] NewIPCGPUTensor: embedding_cache_2 [1495, 400]; dev=2; size=2.281 MB
W20240124 11:32:48.165814 28264 IPCTensor.h:405] NewIPCGPUTensor: embedding_cache_1 [1495, 400]; dev=1; size=2.281 MB
W20240124 11:32:48.165827 28650 IPCTensor.h:405] NewIPCGPUTensor: embedding_cache_7 [1495, 400]; dev=7; size=2.281 MB
W20240124 11:32:48.165850 28392 IPCTensor.h:405] NewIPCGPUTensor: embedding_cache_3 [1495, 400]; dev=3; size=2.281 MB
W20240124 11:32:48.166133 28522 IPCTensor.h:405] NewIPCGPUTensor: embedding_cache_5 [1495, 400]; dev=5; size=2.281 MB
W20240124 11:32:48.166131 28649 IPCTensor.h:405] NewIPCGPUTensor: embedding_cache_6 [1495, 400]; dev=6; size=2.281 MB
W20240124 11:32:48.190850 28650 IPCTensor.h:365] NewIPCTensor: input_keys_7 [100000]0x10000556d000 781.2 kB
W20240124 11:32:48.190843 28586 IPCTensor.h:365] NewIPCTensor: input_keys_0 [100000]0x1000054a8000 781.2 kB
W20240124 11:32:48.191036 28586 IPCTensor.h:365] NewIPCTensor: input_keys_neg_0 [100000]0x100005632000 781.2 kB
W20240124 11:32:48.191062 28650 IPCTensor.h:365] NewIPCTensor: input_keys_neg_7 [100000]0x1000056f7000 781.2 kB
W20240124 11:32:48.191092 28586 IPCTensor.h:365] NewIPCTensor: backward_grads_0 [100000, 400]0x1000057bc000 152.6 MB
W20240124 11:32:48.191128 28650 IPCTensor.h:365] NewIPCTensor: backward_grads_7 [100000, 400]0x10000f054000 152.6 MB
W20240124 11:32:48.191131 28586 IPCTensor.h:365] NewIPCTensor: backward_grads_neg_0 [100000, 400]0x1000188ec000 152.6 MB
W20240124 11:32:48.191164 28586 IPCTensor.h:405] NewIPCGPUTensor: backward_grads_0_gpu [100000, 400]; dev=0; size=152.6 MB
W20240124 11:32:48.191184 28650 IPCTensor.h:365] NewIPCTensor: backward_grads_neg_7 [100000, 400]0x100022184000 152.6 MB
W20240124 11:32:48.191228 28650 IPCTensor.h:405] NewIPCGPUTensor: backward_grads_7_gpu [100000, 400]; dev=7; size=152.6 MB
W20240124 11:32:48.191555 28456 IPCTensor.h:365] NewIPCTensor: input_keys_4 [100000]0x10002ba1e000 781.2 kB
W20240124 11:32:48.191696 28456 IPCTensor.h:365] NewIPCTensor: input_keys_neg_4 [100000]0x10002bae3000 781.2 kB
W20240124 11:32:48.191756 28456 IPCTensor.h:365] NewIPCTensor: backward_grads_4 [100000, 400]0x10002bba8000 152.6 MB
W20240124 11:32:48.191802 28456 IPCTensor.h:365] NewIPCTensor: backward_grads_neg_4 [100000, 400]0x100035440000 152.6 MB
W20240124 11:32:48.191844 28456 IPCTensor.h:405] NewIPCGPUTensor: backward_grads_4_gpu [100000, 400]; dev=4; size=152.6 MB
W20240124 11:32:48.192337 28328 IPCTensor.h:365] NewIPCTensor: input_keys_2 [100000]0x10003ecda000 781.2 kB
W20240124 11:32:48.192492 28328 IPCTensor.h:365] NewIPCTensor: input_keys_neg_2 [100000]0x10003ed9f000 781.2 kB
W20240124 11:32:48.192570 28328 IPCTensor.h:365] NewIPCTensor: backward_grads_2 [100000, 400]0x10003ee64000 152.6 MB
W20240124 11:32:48.192641 28328 IPCTensor.h:365] NewIPCTensor: backward_grads_neg_2 [100000, 400]0x1000486fe000 152.6 MB
W20240124 11:32:48.192723 28328 IPCTensor.h:405] NewIPCGPUTensor: backward_grads_2_gpu [100000, 400]; dev=2; size=152.6 MB
W20240124 11:32:48.192878 28264 IPCTensor.h:365] NewIPCTensor: input_keys_1 [100000]0x100051f98000 781.2 kB
W20240124 11:32:48.192976 28586 IPCTensor.h:405] NewIPCGPUTensor: backward_grads_neg_0_gpu [100000, 400]; dev=0; size=152.6 MB
W20240124 11:32:48.192983 28392 IPCTensor.h:365] NewIPCTensor: input_keys_3 [100000]0x10005205f000 781.2 kB
W20240124 11:32:48.193056 28264 IPCTensor.h:365] NewIPCTensor: input_keys_neg_1 [100000]0x100052124000 781.2 kB
W20240124 11:32:48.193121 28264 IPCTensor.h:365] NewIPCTensor: backward_grads_1 [100000, 400]0x1000521e9000 152.6 MB
W20240124 11:32:48.193166 28264 IPCTensor.h:365] NewIPCTensor: backward_grads_neg_1 [100000, 400]0x10005ba81000 152.6 MB
W20240124 11:32:48.193173 28392 IPCTensor.h:365] NewIPCTensor: input_keys_neg_3 [100000]0x100065319000 781.2 kB
W20240124 11:32:48.193226 28264 IPCTensor.h:405] NewIPCGPUTensor: backward_grads_1_gpu [100000, 400]; dev=1; size=152.6 MB
W20240124 11:32:48.193248 28392 IPCTensor.h:365] NewIPCTensor: backward_grads_3 [100000, 400]0x1000653de000 152.6 MB
W20240124 11:32:48.193293 28392 IPCTensor.h:365] NewIPCTensor: backward_grads_neg_3 [100000, 400]0x10006ec76000 152.6 MB
W20240124 11:32:48.193336 28392 IPCTensor.h:405] NewIPCGPUTensor: backward_grads_3_gpu [100000, 400]; dev=3; size=152.6 MB
W20240124 11:32:48.193509 28650 IPCTensor.h:405] NewIPCGPUTensor: backward_grads_neg_7_gpu [100000, 400]; dev=7; size=152.6 MB
W20240124 11:32:48.193513 28456 IPCTensor.h:405] NewIPCGPUTensor: backward_grads_neg_4_gpu [100000, 400]; dev=4; size=152.6 MB
W20240124 11:32:48.195410 28328 IPCTensor.h:405] NewIPCGPUTensor: backward_grads_neg_2_gpu [100000, 400]; dev=2; size=152.6 MB
W20240124 11:32:48.195549 28264 IPCTensor.h:405] NewIPCGPUTensor: backward_grads_neg_1_gpu [100000, 400]; dev=1; size=152.6 MB
W20240124 11:32:48.195647 28392 IPCTensor.h:405] NewIPCGPUTensor: backward_grads_neg_3_gpu [100000, 400]; dev=3; size=152.6 MB
W20240124 11:32:48.200279 28649 IPCTensor.h:365] NewIPCTensor: input_keys_6 [100000]0x1000785ed000 781.2 kB
W20240124 11:32:48.200279 28522 IPCTensor.h:365] NewIPCTensor: input_keys_5 [100000]0x100078528000 781.2 kB
W20240124 11:32:48.200439 28649 IPCTensor.h:365] NewIPCTensor: input_keys_neg_6 [100000]0x1000786b2000 781.2 kB
W20240124 11:32:48.200443 28522 IPCTensor.h:365] NewIPCTensor: input_keys_neg_5 [100000]0x100078777000 781.2 kB
W20240124 11:32:48.200513 28522 IPCTensor.h:365] NewIPCTensor: backward_grads_5 [100000, 400]0x10007883c000 152.6 MB
W20240124 11:32:48.200522 28649 IPCTensor.h:365] NewIPCTensor: backward_grads_6 [100000, 400]0x1000820d4000 152.6 MB
W20240124 11:32:48.200583 28522 IPCTensor.h:365] NewIPCTensor: backward_grads_neg_5 [100000, 400]0x10008b96c000 152.6 MB
W20240124 11:32:48.200606 28649 IPCTensor.h:365] NewIPCTensor: backward_grads_neg_6 [100000, 400]0x100095204000 152.6 MB
W20240124 11:32:48.200642 28522 IPCTensor.h:405] NewIPCGPUTensor: backward_grads_5_gpu [100000, 400]; dev=5; size=152.6 MB
W20240124 11:32:48.200660 28649 IPCTensor.h:405] NewIPCGPUTensor: backward_grads_6_gpu [100000, 400]; dev=6; size=152.6 MB
W20240124 11:32:48.203356 28522 IPCTensor.h:405] NewIPCGPUTensor: backward_grads_neg_5_gpu [100000, 400]; dev=5; size=152.6 MB
W20240124 11:32:48.203356 28649 IPCTensor.h:405] NewIPCGPUTensor: backward_grads_neg_6_gpu [100000, 400]; dev=6; size=152.6 MB
cudaHostRegister 0x100003dc2000
7: KnownLocalCachedEmbedding init done
cudaHostRegister 0x100003dc2000
4: KnownLocalCachedEmbedding init done
WARNING [28521 DistTensor.py:56] The tensor name already exists in the kvstore
WARNING [28455 DistTensor.py:56] The tensor name already exists in the kvstore
[Rank7] pid = 28521
New CachedEmbedding, name=full_emb, shape=(14951, 400), cache_type=KnownLocalCachedEmbedding
fixed cache_range is [(0, 1495), (1495, 2990), (2990, 4485), (4485, 5980), (5980, 7475), (7475, 8970), (8970, 10465), (10465, 11960)]
cudaHostRegister 0x100003dc2000
0: KnownLocalCachedEmbedding init done
cudaHostRegister 0x100003dc2000
1: KnownLocalCachedEmbedding init done
cudaHostRegister 0x100003dc2000
2: KnownLocalCachedEmbedding init done
WARNING [27772 DistTensor.py:56] The tensor name already exists in the kvstore
WARNING [28263 DistTensor.py:56] The tensor name already exists in the kvstore
WARNING [28306 DistTensor.py:56] The tensor name already exists in the kvstore
cudaHostRegister 0x100003dc2000
3: KnownLocalCachedEmbedding init done
WARNING [28391 DistTensor.py:56] The tensor name already exists in the kvstore
cudaHostRegister 0x100003dc2000
6: KnownLocalCachedEmbedding init done
cudaHostRegister 0x100003dc2000
5: KnownLocalCachedEmbedding init done
WARNING [28519 DistTensor.py:56] The tensor name already exists in the kvstore
WARNING [28520 DistTensor.py:56] The tensor name already exists in the kvstore
I20240124 11:32:48.392724 28456 IPC_barrier.h:118] CreateBarrier: new barrier, name: kgcachecontroller, count: 8
I20240124 11:32:48.392760 28264 IPC_barrier.h:112] CreateBarrier: find existing barrier, name: kgcachecontroller, count: 8
I20240124 11:32:48.392784 28328 IPC_barrier.h:112] CreateBarrier: find existing barrier, name: kgcachecontroller, count: 8
I20240124 11:32:48.392813 28649 IPC_barrier.h:112] CreateBarrier: find existing barrier, name: kgcachecontroller, count: 8
I20240124 11:32:48.392858 28586 IPC_barrier.h:112] CreateBarrier: find existing barrier, name: kgcachecontroller, count: 8
I20240124 11:32:48.392894 28392 IPC_barrier.h:112] CreateBarrier: find existing barrier, name: kgcachecontroller, count: 8
I20240124 11:32:48.392921 28522 IPC_barrier.h:112] CreateBarrier: find existing barrier, name: kgcachecontroller, count: 8
I20240124 11:32:48.392942 28650 IPC_barrier.h:112] CreateBarrier: find existing barrier, name: kgcachecontroller, count: 8
W20240124 11:32:48.394042 28586 grad_base.h:55] KGCacheController, config={
        "num_gpus": 8,
        "L": 10,
        "backgrad_init": "both", 
        "kForwardItersPerStep": 2,
        "clr": 1,
        "nr_background_threads": 32,
        "backwardMode": "CppAsyncV2",
        "cache_ratio": 0.1
        }
W20240124 11:32:48.394165 28586 grad_base.h:172] Init GradProcessingBase done
I20240124 11:32:48.397852 28586 grad_async_v2.h:32] Use background thread to update emb. nr_background_threads=32
W20240124 11:32:48.397962 28586 kg_controller.h:78] after init GradAsyncProcessingV2
I20240124 11:32:48.397969 28586 kg_controller.h:84] Construct KGCacheController done
I20240124 11:32:49.127223 28586 grad_base.h:60] GraphEnv RegTensorsPerProcess
W20240124 11:32:50.241972 29435 grad_async_v2.h:120] Detect new sample comes, old_end0, new_end1
E20240124 11:32:50.242568 29435 parallel_pq_v2.h:76] insert failed, size(hashtable)=1
I20240124 11:32:50.265031 28650 IPC_barrier.h:118] CreateBarrier: new barrier, name: start_barrier, count: 8
I20240124 11:32:50.269991 28522 IPC_barrier.h:112] CreateBarrier: find existing barrier, name: start_barrier, count: 8
I20240124 11:32:50.270666 28264 IPC_barrier.h:112] CreateBarrier: find existing barrier, name: start_barrier, count: 8
I20240124 11:32:50.271557 28392 IPC_barrier.h:112] CreateBarrier: find existing barrier, name: start_barrier, count: 8
I20240124 11:32:50.272282 28328 IPC_barrier.h:112] CreateBarrier: find existing barrier, name: start_barrier, count: 8
I20240124 11:32:50.272365 28649 IPC_barrier.h:112] CreateBarrier: find existing barrier, name: start_barrier, count: 8
I20240124 11:32:50.272478 28456 IPC_barrier.h:112] CreateBarrier: find existing barrier, name: start_barrier, count: 8
I20240124 11:32:50.281765 28586 IPC_barrier.h:112] CreateBarrier: find existing barrier, name: start_barrier, count: 8
E20240124 11:32:52.439661 29019 parallel_pq_v2.h:76] insert failed, size(hashtable)=0
W20240124 11:32:52.458487 29435 grad_async_v2.h:120] Detect new sample comes, old_end1, new_end2
W20240124 11:32:52.503950 28586 grad_async_v2.h:249] Sleep in <BlockToStepN>, step_no=2, pq.top=2
+---------------------------+---------------------------+---------------------------+
| Name                      | P50                       | P99                       |
+---------------------------+---------------------------+---------------------------+
| GenInput                  | 1.327 ms                  | 13.150 ms                 |
| Forward                   | 4.169 ms                  | 464.839 ms                |
| Backward                  | 2.920 ms                  | 218.493 ms                |
| Optimize                  | 1.455 ms                  | 48.081 ms                 |
| BarrierTimeBeforeRank0    | 1.788 ms                  | 134.105 ms                |
| AfterBackward             | 31.319 ms                 | 1.306 s                   |
| BlockToStepN              | 445.535 us                | 26.946 ms                 |
| OneStep                   | 52.428 ms                 | 2.175 s                   |
+---------------------------+---------------------------+---------------------------+
E20240124 11:32:53.439064 29434 parallel_pq_v2.h:76] insert failed, size(hashtable)=10051
W20240124 11:32:53.499452 29435 grad_async_v2.h:120] Detect new sample comes, old_end4, new_end2
W20240124 11:32:53.503017 28586 grad_async_v2.h:249] Sleep in <BlockToStepN>, step_no=22, pq.top=22
+---------------------------+---------------------------+---------------------------+
| Name                      | P50                       | P99                       |
+---------------------------+---------------------------+---------------------------+
| ProcessBack:Shuffle       | 8.138 ms                  | 419.098 ms                |
| ProcessBack:UpdateCache   | 11.397 ms                 | 861.460 ms                |
| ProcessBack:UpsertPq      | 11.138 ms                 | 18.790 ms                 |
| ProcessOneStep            | 31.284 ms                 | 1.305 s                   |
| BlockToStepN              | 975.324 us                | 26.898 ms                 |
+---------------------------+---------------------------+---------------------------+
E20240124 11:32:54.439049 29434 parallel_pq_v2.h:76] insert failed, size(hashtable)=7728
W20240124 11:32:54.521682 28586 grad_async_v2.h:249] Sleep in <BlockToStepN>, step_no=40, pq.top=40
W20240124 11:32:54.525171 29435 grad_async_v2.h:120] Detect new sample comes, old_end0, new_end1
E20240124 11:32:55.439016 29434 parallel_pq_v2.h:76] insert failed, size(hashtable)=8903
W20240124 11:32:55.525868 28586 grad_async_v2.h:249] Sleep in <BlockToStepN>, step_no=59, pq.top=59
W20240124 11:32:55.539619 29435 grad_async_v2.h:120] Detect new sample comes, old_end9, new_end0
E20240124 11:32:56.439015 29019 parallel_pq_v2.h:76] insert failed, size(hashtable)=467
W20240124 11:32:56.541934 29435 grad_async_v2.h:120] Detect new sample comes, old_end6, new_end7
W20240124 11:32:56.571442 28586 grad_async_v2.h:249] Sleep in <BlockToStepN>, step_no=77, pq.top=77
E20240124 11:32:57.439011 29434 parallel_pq_v2.h:76] insert failed, size(hashtable)=9424
W20240124 11:32:57.544688 29435 grad_async_v2.h:120] Detect new sample comes, old_end3, new_end4
W20240124 11:32:57.581954 28586 grad_async_v2.h:249] Sleep in <BlockToStepN>, step_no=94, pq.top=94
train_sampler.Prefill()
before start barrier
start train
[proc 2] 100 steps, total: 7.642, sample: 0.273, forward: 1.033, backward: 0.473, update: 0.173
train_sampler.Prefill()
before start barrier
start train
[proc 5] 100 steps, total: 7.645, sample: 0.245, forward: 0.812, backward: 0.468, update: 0.149
train_sampler.Prefill()
before start barrier
start train
[proc 7] 100 steps, total: 7.650, sample: 0.268, forward: 0.797, backward: 0.492, update: 0.158
train_sampler.Prefill()
before start barrier
start train
[proc 6] 100 steps, total: 7.642, sample: 0.279, forward: 1.030, backward: 0.461, update: 0.166
train_sampler.Prefill()
before start barrier
start train
[proc 4] 100 steps, total: 7.642, sample: 0.258, forward: 0.792, backward: 0.477, update: 0.145
train_sampler.Prefill()
before start barrier
start train
[proc 1] 100 steps, total: 7.644, sample: 0.249, forward: 1.026, backward: 0.486, update: 0.170
train_sampler.Prefill()
before start barrier
start train
[proc 3] 100 steps, total: 7.643, sample: 0.255, forward: 0.982, backward: 0.461, update: 0.154
train_sampler.Prefill()
-------Step 0-------
tensor([   17,   138,  3873,  3596, 13366, 14345,  1809,  7570, 11062, 12426]) tensor([ 2529, 10931,  7190, 13621,   133,  1873,  1121,  5398,  1083, 13845])
-------Step 1-------
tensor([   17,   138,  3873,  3596, 13366, 14345,  1809,  7570, 11062, 12426]) tensor([ 6147,  6882,  4870,  8306,  3125, 14282, 10339,  2147, 10737,  3994])
-------Step 2-------
tensor([10413,  8877,     6,  7080,  2933,  9609, 14825,   335,  3785,  2318]) tensor([ 2239, 13442, 12038,  9214,  7266, 10923, 11273, 12405,  1396, 14785])
-------Step 3-------
tensor([10413,  8877,     6,  7080,  2933,  9609, 14825,   335,  3785,  2318]) tensor([13912,  4287,  2551,  8846,  3539,   127,  9082,  3916,  5493,  4638])
-------Step 4-------
tensor([ 6765, 11672,  5919,  3794, 12776,  7522,  9729,  5881, 12594,  1650]) tensor([ 4643,  5623,  3951,  7661,  6056,  8915, 12959,  8348, 14739,  9607])
-------Step 5-------
tensor([ 6765, 11672,  5919,  3794, 12776,  7522,  9729,  5881, 12594,  1650]) tensor([11796, 13330, 11240,  2602,  3082,  4029,  7473,  3425,  4891,  4605])
-------Step 6-------
tensor([ 8283,   880,  5246,  3671,  5031, 10566,  7507, 13673, 10159, 13023]) tensor([ 8251, 11148,  7335, 13899,  5810,  7953, 10506,  4020,  4727,   489])
-------Step 7-------
tensor([ 8283,   880,  5246,  3671,  5031, 10566,  7507, 13673, 10159, 13023]) tensor([ 5682, 11805,  1897,  3015,  2902,  2759,  9551,  9255, 13973, 12397])
-------Step 8-------
tensor([  138, 13266, 11982,  5716,  6902,  3769,    25,  6849,    35,  1743]) tensor([1200, 1981,  720, 3639, 3248, 3220, 7570, 6715, 5755, 2472])
-------Step 9-------
tensor([  138, 13266, 11982,  5716,  6902,  3769,    25,  6849,    35,  1743]) tensor([12859,    97,  9340, 12524,  5450, 13009,  3813,  6176,  1545,  4948])
before start barrier
start train
[proc 0] 100 steps, total: 7.633, sample: 0.287, forward: 0.864, backward: 0.546, update: 0.181
+---------------------------+---------------------------+---------------------------+
| Name                      | P50                       | P99                       |
+---------------------------+---------------------------+---------------------------+
| GenInput                  | 1.375 ms                  | 15.772 ms                 |
| Forward                   | 3.753 ms                  | 10.423 ms                 |
| Backward                  | 2.989 ms                  | 11.072 ms                 |
| Optimize                  | 1.312 ms                  | 6.415 ms                  |
| BarrierTimeBeforeRank0    | 1.414 ms                  | 16.728 ms                 |
| AfterBackward             | 34.263 ms                 | 51.170 ms                 |
| BlockToStepN              | 6.656 ms                  | 19.279 ms                 |
| OneStep                   | 54.439 ms                 | 84.397 ms                 |
+---------------------------+---------------------------+---------------------------+
E20240124 11:32:58.439020 29019 parallel_pq_v2.h:76] insert failed, size(hashtable)=1049
W20240124 11:32:58.574069 29435 grad_async_v2.h:120] Detect new sample comes, old_end1, new_end2
W20240124 11:32:58.624948 28586 grad_async_v2.h:249] Sleep in <BlockToStepN>, step_no=112, pq.top=112
+---------------------------+---------------------------+---------------------------+
| Name                      | P50                       | P99                       |
+---------------------------+---------------------------+---------------------------+
| ProcessBack:Shuffle       | 7.871 ms                  | 17.017 ms                 |
| ProcessBack:UpdateCache   | 10.297 ms                 | 19.144 ms                 |
| ProcessBack:UpsertPq      | 14.272 ms                 | 21.175 ms                 |
| ProcessOneStep            | 34.653 ms                 | 51.048 ms                 |
| BlockToStepN              | 7.152 ms                  | 24.035 ms                 |
+---------------------------+---------------------------+---------------------------+
E20240124 11:32:59.439013 28586 parallel_pq_v2.h:76] insert failed, size(hashtable)=781
W20240124 11:32:59.592037 29435 grad_async_v2.h:120] Detect new sample comes, old_end7, new_end8
W20240124 11:32:59.633340 28586 grad_async_v2.h:249] Sleep in <BlockToStepN>, step_no=128, pq.top=128
E20240124 11:33:00.439018 29434 parallel_pq_v2.h:76] insert failed, size(hashtable)=6342
W20240124 11:33:00.595151 29435 grad_async_v2.h:120] Detect new sample comes, old_end3, new_end4
W20240124 11:33:00.670367 28586 grad_async_v2.h:249] Sleep in <BlockToStepN>, step_no=145, pq.top=145
E20240124 11:33:01.439008 28586 parallel_pq_v2.h:76] insert failed, size(hashtable)=1103
W20240124 11:33:01.597543 29435 grad_async_v2.h:120] Detect new sample comes, old_end0, new_end1
W20240124 11:33:01.670082 28586 grad_async_v2.h:249] Sleep in <BlockToStepN>, step_no=162, pq.top=162
E20240124 11:33:02.439014 28586 parallel_pq_v2.h:76] insert failed, size(hashtable)=1587
W20240124 11:33:02.601393 29435 grad_async_v2.h:120] Detect new sample comes, old_end6, new_end7
W20240124 11:33:02.709038 28586 grad_async_v2.h:249] Sleep in <BlockToStepN>, step_no=178, pq.top=178
+---------------------------+---------------------------+---------------------------+
| Name                      | P50                       | P99                       |
+---------------------------+---------------------------+---------------------------+
| GenInput                  | 1.440 ms                  | 15.772 ms                 |
| Forward                   | 3.840 ms                  | 8.310 ms                  |
| Backward                  | 3.059 ms                  | 7.997 ms                  |
| Optimize                  | 1.327 ms                  | 2.371 ms                  |
| BarrierTimeBeforeRank0    | 953.794 us                | 12.847 ms                 |
| AfterBackward             | 36.063 ms                 | 50.691 ms                 |
| BlockToStepN              | 9.038 ms                  | 22.226 ms                 |
| OneStep                   | 57.404 ms                 | 83.859 ms                 |
+---------------------------+---------------------------+---------------------------+
E20240124 11:33:03.439010 29434 parallel_pq_v2.h:76] insert failed, size(hashtable)=9978
W20240124 11:33:03.605116 29435 grad_async_v2.h:120] Detect new sample comes, old_end2, new_end3
W20240124 11:33:03.755371 28586 grad_async_v2.h:249] Sleep in <BlockToStepN>, step_no=195, pq.top=195
+---------------------------+---------------------------+---------------------------+
| Name                      | P50                       | P99                       |
+---------------------------+---------------------------+---------------------------+
| ProcessBack:Shuffle       | 7.943 ms                  | 16.412 ms                 |
| ProcessBack:UpdateCache   | 10.761 ms                 | 14.993 ms                 |
| ProcessBack:UpsertPq      | 14.756 ms                 | 21.539 ms                 |
| ProcessOneStep            | 36.035 ms                 | 51.048 ms                 |
| BlockToStepN              | 9.079 ms                  | 22.156 ms                 |
+---------------------------+---------------------------+---------------------------+
[proc 7] 200 steps, total: 6.228, sample: 0.278, forward: 0.358, backward: 0.298, update: 0.114
[proc 2] 200 steps, total: 6.228, sample: 0.259, forward: 0.365, backward: 0.320, update: 0.117
[proc 5] 200 steps, total: 6.228, sample: 0.272, forward: 0.350, backward: 0.322, update: 0.110
[proc 1] 200 steps, total: 6.228, sample: 0.265, forward: 0.351, backward: 0.315, update: 0.114
[proc 3] 200 steps, total: 6.228, sample: 0.288, forward: 0.365, backward: 0.326, update: 0.121
[proc 6] 200 steps, total: 6.228, sample: 0.276, forward: 0.352, backward: 0.328, update: 0.118
[proc 0] 200 steps, total: 6.228, sample: 0.317, forward: 0.405, backward: 0.324, update: 0.130
[proc 4] 200 steps, total: 6.228, sample: 0.305, forward: 0.376, backward: 0.304, update: 0.120
E20240124 11:33:04.439010 29434 parallel_pq_v2.h:76] insert failed, size(hashtable)=9881
W20240124 11:33:04.643961 29435 grad_async_v2.h:120] Detect new sample comes, old_end7, new_end8
W20240124 11:33:04.755167 28586 grad_async_v2.h:249] Sleep in <BlockToStepN>, step_no=209, pq.top=209
E20240124 11:33:05.439034 29434 parallel_pq_v2.h:76] insert failed, size(hashtable)=11794
W20240124 11:33:05.650772 29435 grad_async_v2.h:120] Detect new sample comes, old_end3, new_end4
W20240124 11:33:05.765954 28586 grad_async_v2.h:249] Sleep in <BlockToStepN>, step_no=225, pq.top=225
E20240124 11:33:06.439137 29435 parallel_pq_v2.h:76] insert failed, size(hashtable)=34
W20240124 11:33:06.665251 29435 grad_async_v2.h:120] Detect new sample comes, old_end7, new_end8
W20240124 11:33:06.791986 28586 grad_async_v2.h:249] Sleep in <BlockToStepN>, step_no=239, pq.top=239
E20240124 11:33:07.439018 29434 parallel_pq_v2.h:76] insert failed, size(hashtable)=12720
W20240124 11:33:07.668284 29435 grad_async_v2.h:120] Detect new sample comes, old_end0, new_end1
W20240124 11:33:07.797688 28586 grad_async_v2.h:249] Sleep in <BlockToStepN>, step_no=252, pq.top=252
+---------------------------+---------------------------+---------------------------+
| Name                      | P50                       | P99                       |
+---------------------------+---------------------------+---------------------------+
| GenInput                  | 1.508 ms                  | 16.197 ms                 |
| Forward                   | 3.903 ms                  | 7.173 ms                  |
| Backward                  | 3.145 ms                  | 8.273 ms                  |
| Optimize                  | 1.353 ms                  | 2.369 ms                  |
| BarrierTimeBeforeRank0    | 517.513 us                | 9.428 ms                  |
| AfterBackward             | 36.637 ms                 | 57.881 ms                 |
| BlockToStepN              | 9.619 ms                  | 21.960 ms                 |
| OneStep                   | 59.963 ms                 | 89.584 ms                 |
+---------------------------+---------------------------+---------------------------+
E20240124 11:33:08.439023 29434 parallel_pq_v2.h:76] insert failed, size(hashtable)=5479
W20240124 11:33:08.688706 29435 grad_async_v2.h:120] Detect new sample comes, old_end6, new_end7
W20240124 11:33:08.832567 28586 grad_async_v2.h:249] Sleep in <BlockToStepN>, step_no=269, pq.top=269
+---------------------------+---------------------------+---------------------------+
| Name                      | P50                       | P99                       |
+---------------------------+---------------------------+---------------------------+
| ProcessBack:Shuffle       | 7.995 ms                  | 16.397 ms                 |
| ProcessBack:UpdateCache   | 10.952 ms                 | 14.993 ms                 |
| ProcessBack:UpsertPq      | 15.153 ms                 | 33.633 ms                 |
| ProcessOneStep            | 36.456 ms                 | 57.833 ms                 |
| BlockToStepN              | 9.799 ms                  | 21.739 ms                 |
+---------------------------+---------------------------+---------------------------+
E20240124 11:33:09.439010 29434 parallel_pq_v2.h:76] insert failed, size(hashtable)=8082
W20240124 11:33:09.725978 29435 grad_async_v2.h:120] Detect new sample comes, old_end2, new_end3
W20240124 11:33:09.844826 28586 grad_async_v2.h:249] Sleep in <BlockToStepN>, step_no=284, pq.top=284
E20240124 11:33:10.439024 29434 parallel_pq_v2.h:76] insert failed, size(hashtable)=7525
W20240124 11:33:10.727196 29435 grad_async_v2.h:120] Detect new sample comes, old_end6, new_end7
W20240124 11:33:10.857141 28586 grad_async_v2.h:249] Sleep in <BlockToStepN>, step_no=299, pq.top=299
[proc 7] 300 steps, total: 6.780, sample: 0.226, forward: 0.356, backward: 0.299, update: 0.116
[proc 0] 300 steps, total: 6.780, sample: 0.313, forward: 0.397, backward: 0.334, update: 0.136
[proc 4] 300 steps, total: 6.780, sample: 0.246, forward: 0.358, backward: 0.328, update: 0.112
[proc 2] 300 steps, total: 6.780, sample: 0.272, forward: 0.373, backward: 0.310, update: 0.123
[proc 3] 300 steps, total: 6.780, sample: 0.255, forward: 0.343, backward: 0.340, update: 0.112
[proc 1] 300 steps, total: 6.780, sample: 0.259, forward: 0.355, backward: 0.311, update: 0.115
[proc 6] 300 steps, total: 6.780, sample: 0.267, forward: 0.355, backward: 0.324, update: 0.122
[proc 5] 300 steps, total: 6.780, sample: 0.257, forward: 0.365, backward: 0.298, update: 0.121
E20240124 11:33:11.439011 29434 parallel_pq_v2.h:76] insert failed, size(hashtable)=10475
W20240124 11:33:11.727223 29435 grad_async_v2.h:120] Detect new sample comes, old_end2, new_end3
W20240124 11:33:11.857013 28586 grad_async_v2.h:249] Sleep in <BlockToStepN>, step_no=315, pq.top=315
E20240124 11:33:12.439019 29434 parallel_pq_v2.h:76] insert failed, size(hashtable)=7633
W20240124 11:33:12.728236 29435 grad_async_v2.h:120] Detect new sample comes, old_end8, new_end9
W20240124 11:33:12.881753 28586 grad_async_v2.h:249] Sleep in <BlockToStepN>, step_no=331, pq.top=331
+---------------------------+---------------------------+---------------------------+
| Name                      | P50                       | P99                       |
+---------------------------+---------------------------+---------------------------+
| GenInput                  | 1.547 ms                  | 16.700 ms                 |
| Forward                   | 3.840 ms                  | 7.173 ms                  |
| Backward                  | 3.052 ms                  | 8.273 ms                  |
| Optimize                  | 1.329 ms                  | 2.380 ms                  |
| BarrierTimeBeforeRank0    | 929.305 us                | 14.419 ms                 |
| AfterBackward             | 36.473 ms                 | 57.881 ms                 |
| BlockToStepN              | 10.194 ms                 | 25.394 ms                 |
| OneStep                   | 60.842 ms                 | 94.827 ms                 |
+---------------------------+---------------------------+---------------------------+
E20240124 11:33:13.439023 29434 parallel_pq_v2.h:76] insert failed, size(hashtable)=7569
