WARNING: Logging before InitGoogleLogging() is written to STDERR
I20240201 00:15:45.719684 3287084 IPC_barrier.h:128] MultiProcessBarrierFactory->ClearIPCMemory()
/home/xieminhui/RecStore/src/framework_adapters/torch/kg/dgl-0.9.1/python/dgl/_deprecate/graph.py:1023: DGLWarning: multigraph will be deprecated.DGL will treat all graphs as multigraph in the future.
  dgl_warning("multigraph will be deprecated." \
/home/xieminhui/RecStore/src/framework_adapters/torch/kg/dgl-0.9.1/python/dgl/heterograph.py:72: DGLWarning: Recommend creating graphs by `dgl.graph(data)` instead of `dgl.DGLGraph(data)`.
  dgl_warning('Recommend creating graphs by `dgl.graph(data)`'
Reading train triples....
Finished. Read 483142 train triples.
Reading valid triples....
Finished. Read 50000 valid triples.
Reading test triples....
Finished. Read 59071 test triples.
ARGS:  Namespace(model_name='TransE', data_path='/home/xieminhui/dgl-data', dataset='FB15k', format='built_in', data_files=None, delimiter='\t', save_path='/tmp/ckpts/TransE_FB15k_216', no_save_emb=True, max_step=500, batch_size=1800, batch_size_eval=16, neg_sample_size=200, neg_deg_sample=False, neg_deg_sample_eval=False, neg_sample_size_eval=14951, eval_percent=1, no_eval_filter=False, log_interval=100, eval_interval=10000, test=False, num_proc=4, num_thread=1, force_sync_interval=1, hidden_dim=400, lr=0.01, gamma=16.0, double_ent=False, double_rel=False, neg_adversarial_sampling=False, adversarial_temperature=1.0, regularization_coef=0.0, regularization_norm=3, pairwise=False, loss_genre='Logsigmoid', margin=1.0, nr_gpus=4, gpu=[0, 1, 2, 3], mix_cpu_gpu=True, valid=False, rel_part=False, async_update=None, has_edge_importance=False, cached_emb_type='KnownLocalCachedEmbedding', use_my_emb=True, cache_ratio=0.05, shuffle=False, backwardMode='CppAsync', L=10, update_cache_use_omp=0, update_pq_use_omp=0, kForwardItersPerStep=2, backgrad_init='both', eval_filter=True, soft_rel_part=False)
|Train|: 483142
original graph:  DGLGraph(num_nodes=14951, num_edges=592213,
         ndata_schemes={}
         edata_schemes={'tid': Scheme(shape=(), dtype=torch.int64)})
Loading cached metis
WARNING [3287084 sampler.py:454] Start PreSampling
WARNING [3287084 sampler.py:532] Before construct renumbering_dict
WARNING [3287084 sampler.py:555] PreSampling done
W20240201 00:15:47.879417 3287084 IPCTensor.h:369] NewIPCTensor: cached_sampler_r0_0 [1000000]0x100000002000 7.629 MB
W20240201 00:15:47.879575 3287084 IPCTensor.h:369] NewIPCTensor: cached_sampler_r0_1 [1000000]0x1000007a5000 7.629 MB
W20240201 00:15:47.879601 3287084 IPCTensor.h:369] NewIPCTensor: cached_sampler_r0_2 [1000000]0x100000f48000 7.629 MB
W20240201 00:15:47.879623 3287084 IPCTensor.h:369] NewIPCTensor: cached_sampler_r0_3 [1000000]0x1000016eb000 7.629 MB
W20240201 00:15:47.879652 3287084 IPCTensor.h:369] NewIPCTensor: cached_sampler_r0_4 [1000000]0x100001e8e000 7.629 MB
W20240201 00:15:47.879676 3287084 IPCTensor.h:369] NewIPCTensor: cached_sampler_r0_5 [1000000]0x100002631000 7.629 MB
W20240201 00:15:47.879695 3287084 IPCTensor.h:369] NewIPCTensor: cached_sampler_r0_6 [1000000]0x100002dd4000 7.629 MB
W20240201 00:15:47.879721 3287084 IPCTensor.h:369] NewIPCTensor: cached_sampler_r0_7 [1000000]0x100003577000 7.629 MB
W20240201 00:15:47.879747 3287084 IPCTensor.h:369] NewIPCTensor: cached_sampler_r0_8 [1000000]0x100003d1a000 7.629 MB
W20240201 00:15:47.879779 3287084 IPCTensor.h:369] NewIPCTensor: cached_sampler_r0_9 [1000000]0x1000044bd000 7.629 MB
W20240201 00:15:47.879806 3287084 IPCTensor.h:369] NewIPCTensor: step_r0 [10]0x100004c60000 80 B 
W20240201 00:15:47.879828 3287084 IPCTensor.h:369] NewIPCTensor: circle_buffer_end_r0 [1]0x100004c62000 8 B 
W20240201 00:15:47.879848 3287084 IPCTensor.h:369] NewIPCTensor: circle_buffer_end_cppseen_r0 [1]0x100004c64000 8 B 
W20240201 00:15:47.879941 3287084 IPCTensor.h:369] NewIPCTensor: cached_sampler_r1_0 [1000000]0x100004c66000 7.629 MB
W20240201 00:15:47.879974 3287084 IPCTensor.h:369] NewIPCTensor: cached_sampler_r1_1 [1000000]0x100005409000 7.629 MB
W20240201 00:15:47.879994 3287084 IPCTensor.h:369] NewIPCTensor: cached_sampler_r1_2 [1000000]0x100005bac000 7.629 MB
W20240201 00:15:47.880029 3287084 IPCTensor.h:369] NewIPCTensor: cached_sampler_r1_3 [1000000]0x10000634f000 7.629 MB
W20240201 00:15:47.880050 3287084 IPCTensor.h:369] NewIPCTensor: cached_sampler_r1_4 [1000000]0x100006af2000 7.629 MB
W20240201 00:15:47.880079 3287084 IPCTensor.h:369] NewIPCTensor: cached_sampler_r1_5 [1000000]0x100007295000 7.629 MB
W20240201 00:15:47.880103 3287084 IPCTensor.h:369] NewIPCTensor: cached_sampler_r1_6 [1000000]0x100007a38000 7.629 MB
W20240201 00:15:47.880123 3287084 IPCTensor.h:369] NewIPCTensor: cached_sampler_r1_7 [1000000]0x1000081db000 7.629 MB
W20240201 00:15:47.880144 3287084 IPCTensor.h:369] NewIPCTensor: cached_sampler_r1_8 [1000000]0x10000897e000 7.629 MB
W20240201 00:15:47.880165 3287084 IPCTensor.h:369] NewIPCTensor: cached_sampler_r1_9 [1000000]0x100009121000 7.629 MB
W20240201 00:15:47.880184 3287084 IPCTensor.h:369] NewIPCTensor: step_r1 [10]0x1000098c4000 80 B 
W20240201 00:15:47.880200 3287084 IPCTensor.h:369] NewIPCTensor: circle_buffer_end_r1 [1]0x1000098c6000 8 B 
W20240201 00:15:47.880214 3287084 IPCTensor.h:369] NewIPCTensor: circle_buffer_end_cppseen_r1 [1]0x1000098c8000 8 B 
W20240201 00:15:47.880252 3287084 IPCTensor.h:369] NewIPCTensor: cached_sampler_r2_0 [1000000]0x1000098ca000 7.629 MB
W20240201 00:15:47.880273 3287084 IPCTensor.h:369] NewIPCTensor: cached_sampler_r2_1 [1000000]0x10000a06d000 7.629 MB
W20240201 00:15:47.880295 3287084 IPCTensor.h:369] NewIPCTensor: cached_sampler_r2_2 [1000000]0x10000a810000 7.629 MB
W20240201 00:15:47.880312 3287084 IPCTensor.h:369] NewIPCTensor: cached_sampler_r2_3 [1000000]0x10000afb3000 7.629 MB
W20240201 00:15:47.880331 3287084 IPCTensor.h:369] NewIPCTensor: cached_sampler_r2_4 [1000000]0x10000b756000 7.629 MB
W20240201 00:15:47.880352 3287084 IPCTensor.h:369] NewIPCTensor: cached_sampler_r2_5 [1000000]0x10000bef9000 7.629 MB
W20240201 00:15:47.880373 3287084 IPCTensor.h:369] NewIPCTensor: cached_sampler_r2_6 [1000000]0x10000c69c000 7.629 MB
W20240201 00:15:47.880390 3287084 IPCTensor.h:369] NewIPCTensor: cached_sampler_r2_7 [1000000]0x10000ce3f000 7.629 MB
W20240201 00:15:47.880414 3287084 IPCTensor.h:369] NewIPCTensor: cached_sampler_r2_8 [1000000]0x10000d5e2000 7.629 MB
W20240201 00:15:47.880436 3287084 IPCTensor.h:369] NewIPCTensor: cached_sampler_r2_9 [1000000]0x10000dd85000 7.629 MB
W20240201 00:15:47.880457 3287084 IPCTensor.h:369] NewIPCTensor: step_r2 [10]0x10000e528000 80 B 
W20240201 00:15:47.880472 3287084 IPCTensor.h:369] NewIPCTensor: circle_buffer_end_r2 [1]0x10000e52a000 8 B 
W20240201 00:15:47.880487 3287084 IPCTensor.h:369] NewIPCTensor: circle_buffer_end_cppseen_r2 [1]0x10000e52c000 8 B 
W20240201 00:15:47.880524 3287084 IPCTensor.h:369] NewIPCTensor: cached_sampler_r3_0 [1000000]0x10000e52e000 7.629 MB
W20240201 00:15:47.880548 3287084 IPCTensor.h:369] NewIPCTensor: cached_sampler_r3_1 [1000000]0x10000ecd1000 7.629 MB
W20240201 00:15:47.880568 3287084 IPCTensor.h:369] NewIPCTensor: cached_sampler_r3_2 [1000000]0x10000f474000 7.629 MB
W20240201 00:15:47.880586 3287084 IPCTensor.h:369] NewIPCTensor: cached_sampler_r3_3 [1000000]0x10000fc17000 7.629 MB
W20240201 00:15:47.880604 3287084 IPCTensor.h:369] NewIPCTensor: cached_sampler_r3_4 [1000000]0x1000103ba000 7.629 MB
W20240201 00:15:47.880625 3287084 IPCTensor.h:369] NewIPCTensor: cached_sampler_r3_5 [1000000]0x100010b5d000 7.629 MB
W20240201 00:15:47.880642 3287084 IPCTensor.h:369] NewIPCTensor: cached_sampler_r3_6 [1000000]0x100011300000 7.629 MB
W20240201 00:15:47.880663 3287084 IPCTensor.h:369] NewIPCTensor: cached_sampler_r3_7 [1000000]0x100011aa3000 7.629 MB
W20240201 00:15:47.880681 3287084 IPCTensor.h:369] NewIPCTensor: cached_sampler_r3_8 [1000000]0x100012246000 7.629 MB
W20240201 00:15:47.880702 3287084 IPCTensor.h:369] NewIPCTensor: cached_sampler_r3_9 [1000000]0x1000129e9000 7.629 MB
W20240201 00:15:47.880722 3287084 IPCTensor.h:369] NewIPCTensor: step_r3 [10]0x10001318c000 80 B 
W20240201 00:15:47.880738 3287084 IPCTensor.h:369] NewIPCTensor: circle_buffer_end_r3 [1]0x10001318e000 8 B 
W20240201 00:15:47.880759 3287084 IPCTensor.h:369] NewIPCTensor: circle_buffer_end_cppseen_r3 [1]0x100013190000 8 B 
W20240201 00:15:48.016732 3287084 IPCTensor.h:369] NewIPCTensor: full_emb [14951, 400]0x100013192000 22.81 MB
W20240201 00:15:48.043411 3287084 IPCTensor.h:369] NewIPCTensor: full_emb_SparseRowWiseAdaGrad_sum [14951]0x100014864000 58.4 kB
{0: Graph(num_nodes=10523, num_edges=182012,
      ndata_schemes={'_ID': Scheme(shape=(), dtype=torch.int64), 'inner_node': Scheme(shape=(), dtype=torch.int32), 'part_id': Scheme(shape=(), dtype=torch.int64)}
      edata_schemes={'_ID': Scheme(shape=(), dtype=torch.int64), 'inner_edge': Scheme(shape=(), dtype=torch.int8)}), 1: Graph(num_nodes=10996, num_edges=244360,
      ndata_schemes={'_ID': Scheme(shape=(), dtype=torch.int64), 'inner_node': Scheme(shape=(), dtype=torch.int32), 'part_id': Scheme(shape=(), dtype=torch.int64)}
      edata_schemes={'_ID': Scheme(shape=(), dtype=torch.int64), 'inner_edge': Scheme(shape=(), dtype=torch.int8)}), 2: Graph(num_nodes=9404, num_edges=143355,
      ndata_schemes={'_ID': Scheme(shape=(), dtype=torch.int64), 'inner_node': Scheme(shape=(), dtype=torch.int32), 'part_id': Scheme(shape=(), dtype=torch.int64)}
      edata_schemes={'_ID': Scheme(shape=(), dtype=torch.int64), 'inner_edge': Scheme(shape=(), dtype=torch.int8)}), 3: Graph(num_nodes=10954, num_edges=175447,
      ndata_schemes={'_ID': Scheme(shape=(), dtype=torch.int64), 'inner_node': Scheme(shape=(), dtype=torch.int32), 'part_id': Scheme(shape=(), dtype=torch.int64)}
      edata_schemes={'_ID': Scheme(shape=(), dtype=torch.int64), 'inner_edge': Scheme(shape=(), dtype=torch.int8)})}
MertisPartition: part 0 has 10523 N 182012 E
MertisPartition: part 1 has 10996 N 244360 E
MertisPartition: part 2 has 9404 N 143355 E
MertisPartition: part 3 has 10954 N 175447 E
Rank0: cached key size 186
Rank1: cached key size 186
Rank2: cached key size 186
Rank3: cached key size 186
Before renumbering graph:  {'_ID': tensor([    5,    14,    17,  ..., 11245,  2040,  3009]), 'inner_node': tensor([1, 1, 1,  ..., 0, 0, 0], dtype=torch.int32), 'part_id': tensor([0, 0, 0,  ..., 2, 3, 3])}
After renumbering graph:  {'_ID': tensor([ 889, 1149, 1239,  ..., 1611, 5396, 6788]), 'inner_node': tensor([1, 1, 1,  ..., 0, 0, 0], dtype=torch.int32), 'part_id': tensor([0, 0, 0,  ..., 2, 3, 3])}
part_g: DGLGraph(num_nodes=10523, num_edges=182012,
         ndata_schemes={'_ID': Scheme(shape=(), dtype=torch.int64)}
         edata_schemes={'tid': Scheme(shape=(), dtype=torch.int64)})
part_g: DGLGraph(num_nodes=10523, num_edges=182012,
         ndata_schemes={'_ID': Scheme(shape=(), dtype=torch.int64)}
         edata_schemes={'tid': Scheme(shape=(), dtype=torch.int64)})
Total initialize time 2.347 seconds
[Rank1] pid = 3287296
[Rank2] pid = 3287361
INFO [3287084 distributed_c10d.py:442] Added key: store_based_barrier_key:1 to store for rank: 0
INFO [3287296 distributed_c10d.py:442] Added key: store_based_barrier_key:1 to store for rank: 1
INFO [3287425 distributed_c10d.py:442] Added key: store_based_barrier_key:1 to store for rank: 3
INFO [3287425 distributed_c10d.py:476] Rank 3: Completed store-based barrier for key:store_based_barrier_key:1 with 4 nodes.
INFO [3287361 distributed_c10d.py:442] Added key: store_based_barrier_key:1 to store for rank: 2
INFO [3287084 distributed_c10d.py:476] Rank 0: Completed store-based barrier for key:store_based_barrier_key:1 with 4 nodes.
W20240201 00:15:51.373847 3287427 IPCTensor.h:409] NewIPCGPUTensor: embedding_cache_3 [747, 400]; dev=3; size=1.14 MB
INFO [3287296 distributed_c10d.py:476] Rank 1: Completed store-based barrier for key:store_based_barrier_key:1 with 4 nodes.
INFO [3287361 distributed_c10d.py:476] Rank 2: Completed store-based barrier for key:store_based_barrier_key:1 with 4 nodes.
W20240201 00:15:51.374410 3287427 IPCTensor.h:369] NewIPCTensor: input_keys_3 [1000000]0x100014876000 7.629 MB
W20240201 00:15:51.374596 3287427 IPCTensor.h:369] NewIPCTensor: input_keys_neg_3 [1000000]0x100015019000 7.629 MB
W20240201 00:15:51.374673 3287427 IPCTensor.h:369] NewIPCTensor: backward_grads_3 [1000000, 400]0x1000157bc000 1.49 GB
W20240201 00:15:51.374747 3287427 IPCTensor.h:369] NewIPCTensor: backward_grads_neg_3 [1000000, 400]0x100074d9f000 1.49 GB
W20240201 00:15:51.374801 3287427 IPCTensor.h:409] NewIPCGPUTensor: backward_grads_3_gpu [1000000, 400]; dev=3; size=1.49 GB
W20240201 00:15:51.374832 3287426 IPCTensor.h:409] NewIPCGPUTensor: embedding_cache_0 [747, 400]; dev=0; size=1.14 MB
W20240201 00:15:51.376114 3287297 IPCTensor.h:409] NewIPCGPUTensor: embedding_cache_1 [747, 400]; dev=1; size=1.14 MB
W20240201 00:15:51.376925 3287362 IPCTensor.h:409] NewIPCGPUTensor: embedding_cache_2 [747, 400]; dev=2; size=1.14 MB
W20240201 00:15:51.378494 3287427 IPCTensor.h:409] NewIPCGPUTensor: backward_grads_neg_3_gpu [1000000, 400]; dev=3; size=1.49 GB
W20240201 00:15:51.378592 3287426 IPCTensor.h:369] NewIPCTensor: input_keys_0 [1000000]0x1000d438a000 7.629 MB
W20240201 00:15:51.378684 3287297 IPCTensor.h:369] NewIPCTensor: input_keys_1 [1000000]0x1000d4b2d000 7.629 MB
W20240201 00:15:51.378780 3287426 IPCTensor.h:369] NewIPCTensor: input_keys_neg_0 [1000000]0x1000d52d0000 7.629 MB
W20240201 00:15:51.378829 3287362 IPCTensor.h:369] NewIPCTensor: input_keys_2 [1000000]0x1000d5a73000 7.629 MB
W20240201 00:15:51.378882 3287426 IPCTensor.h:369] NewIPCTensor: backward_grads_0 [1000000, 400]0x1000d6216000 1.49 GB
W20240201 00:15:51.378944 3287297 IPCTensor.h:369] NewIPCTensor: input_keys_neg_1 [1000000]0x1001357f9000 7.629 MB
W20240201 00:15:51.378952 3287426 IPCTensor.h:369] NewIPCTensor: backward_grads_neg_0 [1000000, 400]0x100135f9c000 1.49 GB
W20240201 00:15:51.379024 3287426 IPCTensor.h:409] NewIPCGPUTensor: backward_grads_0_gpu [1000000, 400]; dev=0; size=1.49 GB
W20240201 00:15:51.379109 3287297 IPCTensor.h:369] NewIPCTensor: backward_grads_1 [1000000, 400]0x10019557f000 1.49 GB
W20240201 00:15:51.379194 3287362 IPCTensor.h:369] NewIPCTensor: input_keys_neg_2 [1000000]0x1001f4b62000 7.629 MB
W20240201 00:15:51.379220 3287297 IPCTensor.h:369] NewIPCTensor: backward_grads_neg_1 [1000000, 400]0x1001f5305000 1.49 GB
W20240201 00:15:51.379305 3287297 IPCTensor.h:409] NewIPCGPUTensor: backward_grads_1_gpu [1000000, 400]; dev=1; size=1.49 GB
W20240201 00:15:51.379419 3287362 IPCTensor.h:369] NewIPCTensor: backward_grads_2 [1000000, 400]0x1002548e8000 1.49 GB
W20240201 00:15:51.379554 3287362 IPCTensor.h:369] NewIPCTensor: backward_grads_neg_2 [1000000, 400]0x1002b3ecb000 1.49 GB
W20240201 00:15:51.381413 3287362 IPCTensor.h:409] NewIPCGPUTensor: backward_grads_2_gpu [1000000, 400]; dev=2; size=1.49 GB
W20240201 00:15:51.395326 3287362 IPCTensor.h:409] NewIPCGPUTensor: backward_grads_neg_2_gpu [1000000, 400]; dev=2; size=1.49 GB
W20240201 00:15:51.395339 3287297 IPCTensor.h:409] NewIPCGPUTensor: backward_grads_neg_1_gpu [1000000, 400]; dev=1; size=1.49 GB
W20240201 00:15:51.395545 3287426 IPCTensor.h:409] NewIPCGPUTensor: backward_grads_neg_0_gpu [1000000, 400]; dev=0; size=1.49 GB
cudaHostRegister 0x100013192000
2: KnownLocalCachedEmbedding init done
WARNING [3287361 DistTensor.py:59] The tensor name already exists in the kvstore
cudaHostRegister 0x100013192000
1: KnownLocalCachedEmbedding init done
WARNING [3287296 DistTensor.py:59] The tensor name already exists in the kvstore
cudaHostRegister 0x100013192000
3: KnownLocalCachedEmbedding init done
WARNING [3287425 DistTensor.py:59] The tensor name already exists in the kvstore
[Rank3] pid = 3287425
New CachedEmbedding, name=full_emb, shape=(14951, 400), cache_type=KnownLocalCachedEmbedding
fixed cache_range is [(0, 747), (747, 1494), (1494, 2241), (2241, 2988)]
cudaHostRegister 0x100013192000
0: KnownLocalCachedEmbedding init done
WARNING [3287084 DistTensor.py:59] The tensor name already exists in the kvstore
I20240201 00:15:52.741607 3287426 IPC_barrier.h:118] CreateBarrier: new barrier, name: kgcachecontroller, count: 4
I20240201 00:15:52.741663 3287297 IPC_barrier.h:112] CreateBarrier: find existing barrier, name: kgcachecontroller, count: 4
I20240201 00:15:52.741962 3287427 IPC_barrier.h:112] CreateBarrier: find existing barrier, name: kgcachecontroller, count: 4
I20240201 00:15:52.742065 3287362 IPC_barrier.h:112] CreateBarrier: find existing barrier, name: kgcachecontroller, count: 4
W20240201 00:15:52.743609 3287426 grad_base.h:55] KGCacheController, config={
        "num_gpus": 4,
        "L": 10,
        "backgrad_init": "both", 
        "kForwardItersPerStep": 2,
        "clr": 0.01,
        "nr_background_threads": 32,
        "backwardMode": "CppAsync",
        "cache_ratio": 0.05,
        "update_cache_use_omp":  0,
        "update_pq_use_omp":  0
        }
W20240201 00:15:52.743728 3287426 grad_base.h:184] Init GradProcessingBase done
I20240201 00:15:52.745916 3287426 grad_async_v1.h:203] Use main thread to update emb.
W20240201 00:15:52.745950 3287426 kg_controller.h:75] after init GradAsyncProcessing
I20240201 00:15:52.745957 3287426 kg_controller.h:84] Construct KGCacheController done
E20240201 00:15:54.124867 3287362 recstore.cc:66] init folly done
E20240201 00:15:54.124989 3287426 recstore.cc:66] init folly done
E20240201 00:15:54.125123 3287427 recstore.cc:66] init folly done
E20240201 00:15:54.125237 3287297 recstore.cc:66] init folly done
I20240201 00:15:54.126688 3287426 grad_base.h:60] GraphEnv RegTensorsPerProcess
I20240201 00:15:54.896445 3287426 IPC_barrier.h:118] CreateBarrier: new barrier, name: start_barrier, count: 4
I20240201 00:15:54.929492 3287362 IPC_barrier.h:112] CreateBarrier: find existing barrier, name: start_barrier, count: 4
I20240201 00:15:54.931298 3287427 IPC_barrier.h:112] CreateBarrier: find existing barrier, name: start_barrier, count: 4
I20240201 00:15:54.935868 3287297 IPC_barrier.h:112] CreateBarrier: find existing barrier, name: start_barrier, count: 4
W20240201 00:15:57.431596 3287426 grad_async_v1.h:429] Sleep in <BlockToStepN>, step_no=1, pq.top=1
+---------------------------+---------------------------+---------------------------+
| Name                      | P50                       | P99                       |
+---------------------------+---------------------------+---------------------------+
| GenInput                  | 1.279 ms                  | 14.688 ms                 |
| Forward                   | 3.978 ms                  | 950.274 ms                |
| Backward                  | 4.371 ms                  | 304.278 ms                |
| Optimize                  | 1.425 ms                  | 4.466 ms                  |
| BarrierTimeBeforeRank0    | 57.374 us                 | 18.701 ms                 |
| AfterBackward             | 13.254 ms                 | 1.217 s                   |
| BlockToStepN              | 48.171 us                 | 25.720 ms                 |
| OneStep                   | 25.288 ms                 | 2.522 s                   |
+---------------------------+---------------------------+---------------------------+
W20240201 00:15:58.448904 3287426 grad_async_v1.h:429] Sleep in <BlockToStepN>, step_no=33, pq.top=33
+---------------------------+---------------------------+---------------------------+
| Name                      | P50                       | P99                       |
+---------------------------+---------------------------+---------------------------+
| ProcessBack:Shuffle       | 1.851 ms                  | 121.464 ms                |
| ProcessBack:UpdateCache   | 1.652 ms                  | 247.428 ms                |
| ProcessBack:UpsertPq      | 8.453 ms                  | 14.360 ms                 |
| ProcessOneStep            | 12.735 ms                 | 1.217 s                   |
| BlockToStepN              | 4.896 ms                  | 26.034 ms                 |
+---------------------------+---------------------------+---------------------------+
W20240201 00:15:59.448006 3287426 grad_async_v1.h:429] Sleep in <BlockToStepN>, step_no=52, pq.top=52
W20240201 00:16:00.471221 3287426 grad_async_v1.h:429] Sleep in <BlockToStepN>, step_no=70, pq.top=70
W20240201 00:16:01.490883 3287426 grad_async_v1.h:429] Sleep in <BlockToStepN>, step_no=86, pq.top=86
W20240201 00:16:02.491659 3287426 grad_async_v1.h:429] Sleep in <BlockToStepN>, step_no=100, pq.top=100
train_sampler.Prefill()
before start barrier
start train
[proc 1] 100 steps, total: 7.594, sample: 0.185, forward: 1.219, backward: 0.796, update: 0.122
train_sampler.Prefill()
before start barrier
start train
[proc 2] 100 steps, total: 7.600, sample: 0.174, forward: 1.210, backward: 0.814, update: 0.129
train_sampler.Prefill()
before start barrier
start train
[proc 3] 100 steps, total: 7.598, sample: 0.192, forward: 1.223, backward: 0.799, update: 0.125
train_sampler.Prefill()
-------Step 0-------
tensor([ 9606,  3526,  9029,  6639,  7796,  4814,   644,  5787, 11897, 11044]) tensor([ 1239,  7638,  9090,   694,  6898,  9113, 12190,  9438,  7371,  7252])
-------Step 1-------
tensor([ 9606,  3526,  9029,  6639,  7796,  4814,   644,  5787, 11897, 11044]) tensor([10191,  9932,   952,  2986,  1572, 12151,  8415,  2541,  2022, 14414])
-------Step 2-------
tensor([ 9371, 12076,  5306,  8392,  1578,  6231,  6866,  2597, 12354,    56]) tensor([ 6926,  5254,  2963,  8957,  7470,   704,  4474, 14659, 13304,  3171])
-------Step 3-------
tensor([ 9371, 12076,  5306,  8392,  1578,  6231,  6866,  2597, 12354,    56]) tensor([ 7473,   284,  4010,   175, 12384,  9597, 13957, 10020, 14116,  5337])
-------Step 4-------
tensor([14457,  4317,   545,   128, 10566, 11502, 12404, 10207, 10546,  6020]) tensor([ 2486,  9382,  7280, 11952,  8712, 10136,  1189,  2061, 12140, 13260])
-------Step 5-------
tensor([14457,  4317,   545,   128, 10566, 11502, 12404, 10207, 10546,  6020]) tensor([11233,  7735, 10111,   561,  1374,  9269, 10529, 10985, 12052, 14292])
-------Step 6-------
tensor([  103,    84,  2548,  9873, 12699,    91,  8317,   151,  4095,   144]) tensor([ 5828, 11206,  7129, 12206,  8195,  1446,  9018, 12322, 10619, 12936])
-------Step 7-------
tensor([  103,    84,  2548,  9873, 12699,    91,  8317,   151,  4095,   144]) tensor([11445, 13684,  7102, 12305,  8031, 12428, 11283, 14903, 14107,  9051])
-------Step 8-------
tensor([ 4796,  9233, 13837, 11054,  3439, 10788,  8152,  8906,  4941, 12076]) tensor([14722, 11318, 12223,   432, 11364,  8815,  6943,  1691,  6506,  8773])
-------Step 9-------
tensor([ 4796,  9233, 13837, 11054,  3439, 10788,  8152,  8906,  4941, 12076]) tensor([ 8211, 12448,  6364,  9638,  3816,  6338, 14813,  7742,  5487, 13693])
before start barrier
start train
[proc 0] 100 steps, total: 7.633, sample: 0.265, forward: 1.306, backward: 0.832, update: 0.144
+---------------------------+---------------------------+---------------------------+
| Name                      | P50                       | P99                       |
+---------------------------+---------------------------+---------------------------+
| GenInput                  | 1.102 ms                  | 14.688 ms                 |
| Forward                   | 3.422 ms                  | 12.314 ms                 |
| Backward                  | 5.527 ms                  | 6.577 ms                  |
| Optimize                  | 1.205 ms                  | 3.022 ms                  |
| BarrierTimeBeforeRank0    | 18.924 us                 | 1.180 ms                  |
| AfterBackward             | 14.904 ms                 | 25.103 ms                 |
| BlockToStepN              | 25.720 ms                 | 48.394 ms                 |
| OneStep                   | 55.264 ms                 | 82.745 ms                 |
+---------------------------+---------------------------+---------------------------+
W20240201 00:16:03.512104 3287426 grad_async_v1.h:429] Sleep in <BlockToStepN>, step_no=114, pq.top=114
+---------------------------+---------------------------+---------------------------+
| Name                      | P50                       | P99                       |
+---------------------------+---------------------------+---------------------------+
| ProcessBack:Shuffle       | 1.869 ms                  | 2.871 ms                  |
| ProcessBack:UpdateCache   | 1.622 ms                  | 5.419 ms                  |
| ProcessBack:UpsertPq      | 8.639 ms                  | 16.950 ms                 |
| ProcessOneStep            | 14.883 ms                 | 25.079 ms                 |
| BlockToStepN              | 28.638 ms                 | 50.419 ms                 |
+---------------------------+---------------------------+---------------------------+
W20240201 00:16:04.512005 3287426 grad_async_v1.h:429] Sleep in <BlockToStepN>, step_no=127, pq.top=127
W20240201 00:16:05.512012 3287426 grad_async_v1.h:429] Sleep in <BlockToStepN>, step_no=139, pq.top=139
W20240201 00:16:06.512004 3287426 grad_async_v1.h:429] Sleep in <BlockToStepN>, step_no=151, pq.top=151
W20240201 00:16:07.512008 3287426 grad_async_v1.h:429] Sleep in <BlockToStepN>, step_no=163, pq.top=163
+---------------------------+---------------------------+---------------------------+
| Name                      | P50                       | P99                       |
+---------------------------+---------------------------+---------------------------+
| GenInput                  | 1.172 ms                  | 14.688 ms                 |
| Forward                   | 3.359 ms                  | 7.877 ms                  |
| Backward                  | 5.518 ms                  | 6.221 ms                  |
| Optimize                  | 1.160 ms                  | 2.996 ms                  |
| BarrierTimeBeforeRank0    | 18.845 us                 | 7.859 ms                  |
| AfterBackward             | 14.832 ms                 | 25.103 ms                 |
| BlockToStepN              | 35.419 ms                 | 62.713 ms                 |
| OneStep                   | 66.603 ms                 | 93.554 ms                 |
+---------------------------+---------------------------+---------------------------+
W20240201 00:16:08.512005 3287426 grad_async_v1.h:429] Sleep in <BlockToStepN>, step_no=175, pq.top=175
+---------------------------+---------------------------+---------------------------+
| Name                      | P50                       | P99                       |
+---------------------------+---------------------------+---------------------------+
| ProcessBack:Shuffle       | 1.841 ms                  | 2.280 ms                  |
| ProcessBack:UpdateCache   | 1.639 ms                  | 2.440 ms                  |
| ProcessBack:UpsertPq      | 8.954 ms                  | 16.649 ms                 |
| ProcessOneStep            | 14.805 ms                 | 25.079 ms                 |
| BlockToStepN              | 38.304 ms                 | 66.525 ms                 |
+---------------------------+---------------------------+---------------------------+
W20240201 00:16:09.512008 3287426 grad_async_v1.h:429] Sleep in <BlockToStepN>, step_no=186, pq.top=186
W20240201 00:16:10.512004 3287426 grad_async_v1.h:429] Sleep in <BlockToStepN>, step_no=197, pq.top=197
[proc 2] 200 steps, total: 8.298, sample: 0.202, forward: 0.284, backward: 0.523, update: 0.122
[proc 3] 200 steps, total: 8.298, sample: 0.203, forward: 0.290, backward: 0.537, update: 0.119
[proc 1] 200 steps, total: 8.298, sample: 0.194, forward: 0.291, backward: 0.540, update: 0.108
[proc 0] 200 steps, total: 8.298, sample: 0.300, forward: 0.326, backward: 0.546, update: 0.114
W20240201 00:16:11.512012 3287426 grad_async_v1.h:429] Sleep in <BlockToStepN>, step_no=208, pq.top=208
W20240201 00:16:12.512006 3287426 grad_async_v1.h:429] Sleep in <BlockToStepN>, step_no=219, pq.top=219
+---------------------------+---------------------------+---------------------------+
| Name                      | P50                       | P99                       |
+---------------------------+---------------------------+---------------------------+
| GenInput                  | 1.216 ms                  | 15.218 ms                 |
| Forward                   | 3.360 ms                  | 7.877 ms                  |
| Backward                  | 5.527 ms                  | 6.221 ms                  |
| Optimize                  | 1.157 ms                  | 2.996 ms                  |
| BarrierTimeBeforeRank0    | 19.208 us                 | 9.252 ms                  |
| AfterBackward             | 14.718 ms                 | 25.103 ms                 |
| BlockToStepN              | 45.083 ms                 | 73.399 ms                 |
| OneStep                   | 73.388 ms                 | 104.836 ms                |
+---------------------------+---------------------------+---------------------------+
W20240201 00:16:13.512022 3287426 grad_async_v1.h:429] Sleep in <BlockToStepN>, step_no=230, pq.top=230
+---------------------------+---------------------------+---------------------------+
| Name                      | P50                       | P99                       |
+---------------------------+---------------------------+---------------------------+
| ProcessBack:Shuffle       | 1.822 ms                  | 2.280 ms                  |
| ProcessBack:UpdateCache   | 1.613 ms                  | 2.433 ms                  |
| ProcessBack:UpsertPq      | 8.399 ms                  | 16.467 ms                 |
| ProcessOneStep            | 14.626 ms                 | 25.079 ms                 |
| BlockToStepN              | 46.126 ms                 | 79.516 ms                 |
+---------------------------+---------------------------+---------------------------+
W20240201 00:16:14.512006 3287426 grad_async_v1.h:429] Sleep in <BlockToStepN>, step_no=241, pq.top=241
W20240201 00:16:15.531750 3287426 grad_async_v1.h:429] Sleep in <BlockToStepN>, step_no=252, pq.top=252
W20240201 00:16:16.531013 3287426 grad_async_v1.h:429] Sleep in <BlockToStepN>, step_no=262, pq.top=262
W20240201 00:16:17.531006 3287426 grad_async_v1.h:429] Sleep in <BlockToStepN>, step_no=273, pq.top=273
+---------------------------+---------------------------+---------------------------+
| Name                      | P50                       | P99                       |
+---------------------------+---------------------------+---------------------------+
| GenInput                  | 1.208 ms                  | 15.093 ms                 |
| Forward                   | 3.364 ms                  | 6.346 ms                  |
| Backward                  | 5.564 ms                  | 6.221 ms                  |
| Optimize                  | 1.195 ms                  | 2.851 ms                  |
| BarrierTimeBeforeRank0    | 19.208 us                 | 9.860 ms                  |
| AfterBackward             | 14.513 ms                 | 23.614 ms                 |
| BlockToStepN              | 49.798 ms                 | 80.163 ms                 |
| OneStep                   | 77.766 ms                 | 107.119 ms                |
+---------------------------+---------------------------+---------------------------+
W20240201 00:16:18.549664 3287426 grad_async_v1.h:429] Sleep in <BlockToStepN>, step_no=284, pq.top=284
+---------------------------+---------------------------+---------------------------+
| Name                      | P50                       | P99                       |
+---------------------------+---------------------------+---------------------------+
| ProcessBack:Shuffle       | 1.806 ms                  | 2.308 ms                  |
| ProcessBack:UpdateCache   | 1.563 ms                  | 2.093 ms                  |
| ProcessBack:UpsertPq      | 7.820 ms                  | 16.434 ms                 |
| ProcessOneStep            | 14.369 ms                 | 23.588 ms                 |
| BlockToStepN              | 50.638 ms                 | 81.387 ms                 |
+---------------------------+---------------------------+---------------------------+
W20240201 00:16:19.549006 3287426 grad_async_v1.h:429] Sleep in <BlockToStepN>, step_no=294, pq.top=294
[proc 1] 300 steps, total: 9.360, sample: 0.181, forward: 0.278, backward: 0.523, update: 0.114
[proc 2] 300 steps, total: 9.360, sample: 0.172, forward: 0.267, backward: 0.519, update: 0.121
[proc 3] 300 steps, total: 9.360, sample: 0.193, forward: 0.268, backward: 0.536, update: 0.130
[proc 0] 300 steps, total: 9.360, sample: 0.253, forward: 0.335, backward: 0.561, update: 0.131
W20240201 00:16:20.549010 3287426 grad_async_v1.h:429] Sleep in <BlockToStepN>, step_no=304, pq.top=304
W20240201 00:16:21.558048 3287426 grad_async_v1.h:429] Sleep in <BlockToStepN>, step_no=314, pq.top=314
W20240201 00:16:22.558007 3287426 grad_async_v1.h:429] Sleep in <BlockToStepN>, step_no=324, pq.top=324
+---------------------------+---------------------------+---------------------------+
| Name                      | P50                       | P99                       |
+---------------------------+---------------------------+---------------------------+
| GenInput                  | 1.172 ms                  | 15.093 ms                 |
| Forward                   | 3.356 ms                  | 6.346 ms                  |
| Backward                  | 5.586 ms                  | 6.367 ms                  |
| Optimize                  | 1.207 ms                  | 2.851 ms                  |
| BarrierTimeBeforeRank0    | 19.466 us                 | 9.860 ms                  |
| AfterBackward             | 14.088 ms                 | 23.614 ms                 |
| BlockToStepN              | 54.726 ms                 | 86.862 ms                 |
| OneStep                   | 82.996 ms                 | 115.232 ms                |
+---------------------------+---------------------------+---------------------------+
W20240201 00:16:23.558012 3287426 grad_async_v1.h:429] Sleep in <BlockToStepN>, step_no=333, pq.top=333
+---------------------------+---------------------------+---------------------------+
| Name                      | P50                       | P99                       |
+---------------------------+---------------------------+---------------------------+
| ProcessBack:Shuffle       | 1.793 ms                  | 2.335 ms                  |
| ProcessBack:UpdateCache   | 1.491 ms                  | 2.091 ms                  |
| ProcessBack:UpsertPq      | 7.431 ms                  | 16.169 ms                 |
| ProcessOneStep            | 13.737 ms                 | 23.588 ms                 |
| BlockToStepN              | 55.850 ms                 | 91.643 ms                 |
+---------------------------+---------------------------+---------------------------+
W20240201 00:16:24.558007 3287426 grad_async_v1.h:429] Sleep in <BlockToStepN>, step_no=342, pq.top=342
W20240201 00:16:25.558007 3287426 grad_async_v1.h:429] Sleep in <BlockToStepN>, step_no=352, pq.top=352
W20240201 00:16:26.558010 3287426 grad_async_v1.h:429] Sleep in <BlockToStepN>, step_no=362, pq.top=362
W20240201 00:16:27.558007 3287426 grad_async_v1.h:429] Sleep in <BlockToStepN>, step_no=371, pq.top=371
+---------------------------+---------------------------+---------------------------+
| Name                      | P50                       | P99                       |
+---------------------------+---------------------------+---------------------------+
| GenInput                  | 1.165 ms                  | 14.971 ms                 |
| Forward                   | 3.348 ms                  | 5.863 ms                  |
| Backward                  | 5.605 ms                  | 6.221 ms                  |
| Optimize                  | 1.215 ms                  | 2.840 ms                  |
| BarrierTimeBeforeRank0    | 19.646 us                 | 9.252 ms                  |
| AfterBackward             | 12.447 ms                 | 20.382 ms                 |
| BlockToStepN              | 58.609 ms                 | 94.440 ms                 |
| OneStep                   | 86.404 ms                 | 124.750 ms                |
+---------------------------+---------------------------+---------------------------+
W20240201 00:16:28.558014 3287426 grad_async_v1.h:429] Sleep in <BlockToStepN>, step_no=380, pq.top=380
+---------------------------+---------------------------+---------------------------+
| Name                      | P50                       | P99                       |
+---------------------------+---------------------------+---------------------------+
| ProcessBack:Shuffle       | 1.776 ms                  | 2.308 ms                  |
| ProcessBack:UpdateCache   | 1.392 ms                  | 2.035 ms                  |
| ProcessBack:UpsertPq      | 7.095 ms                  | 16.167 ms                 |
| ProcessOneStep            | 12.217 ms                 | 20.339 ms                 |
| BlockToStepN              | 59.367 ms                 | 95.122 ms                 |
+---------------------------+---------------------------+---------------------------+
W20240201 00:16:29.558007 3287426 grad_async_v1.h:429] Sleep in <BlockToStepN>, step_no=390, pq.top=390
W20240201 00:16:30.558009 3287426 grad_async_v1.h:429] Sleep in <BlockToStepN>, step_no=400, pq.top=400
[proc 1] 400 steps, total: 10.454, sample: 0.174, forward: 0.283, backward: 0.528, update: 0.118
[proc 3] 400 steps, total: 10.454, sample: 0.184, forward: 0.271, backward: 0.535, update: 0.124
[proc 2] 400 steps, total: 10.454, sample: 0.174, forward: 0.264, backward: 0.497, update: 0.121
[proc 0] 400 steps, total: 10.454, sample: 0.267, forward: 0.318, backward: 0.564, update: 0.123
W20240201 00:16:31.563190 3287426 grad_async_v1.h:429] Sleep in <BlockToStepN>, step_no=410, pq.top=410
W20240201 00:16:32.563006 3287426 grad_async_v1.h:429] Sleep in <BlockToStepN>, step_no=419, pq.top=419
+---------------------------+---------------------------+---------------------------+
| Name                      | P50                       | P99                       |
+---------------------------+---------------------------+---------------------------+
| GenInput                  | 1.158 ms                  | 14.971 ms                 |
| Forward                   | 3.349 ms                  | 5.863 ms                  |
| Backward                  | 5.615 ms                  | 6.221 ms                  |
| Optimize                  | 1.217 ms                  | 2.840 ms                  |
| BarrierTimeBeforeRank0    | 19.615 us                 | 9.816 ms                  |
| AfterBackward             | 11.576 ms                 | 20.382 ms                 |
| BlockToStepN              | 61.640 ms                 | 95.951 ms                 |
| OneStep                   | 88.535 ms                 | 125.332 ms                |
+---------------------------+---------------------------+---------------------------+
W20240201 00:16:33.563009 3287426 grad_async_v1.h:429] Sleep in <BlockToStepN>, step_no=429, pq.top=429
+---------------------------+---------------------------+---------------------------+
| Name                      | P50                       | P99                       |
+---------------------------+---------------------------+---------------------------+
| ProcessBack:Shuffle       | 1.752 ms                  | 2.280 ms                  |
| ProcessBack:UpdateCache   | 1.346 ms                  | 2.023 ms                  |
| ProcessBack:UpsertPq      | 6.380 ms                  | 16.158 ms                 |
| ProcessOneStep            | 11.008 ms                 | 20.339 ms                 |
| BlockToStepN              | 62.347 ms                 | 97.544 ms                 |
+---------------------------+---------------------------+---------------------------+
W20240201 00:16:34.563011 3287426 grad_async_v1.h:429] Sleep in <BlockToStepN>, step_no=438, pq.top=438
W20240201 00:16:35.563006 3287426 grad_async_v1.h:429] Sleep in <BlockToStepN>, step_no=448, pq.top=448
W20240201 00:16:36.563007 3287426 grad_async_v1.h:429] Sleep in <BlockToStepN>, step_no=457, pq.top=457
W20240201 00:16:37.563010 3287426 grad_async_v1.h:429] Sleep in <BlockToStepN>, step_no=466, pq.top=466
+---------------------------+---------------------------+---------------------------+
| Name                      | P50                       | P99                       |
+---------------------------+---------------------------+---------------------------+
| GenInput                  | 1.148 ms                  | 14.688 ms                 |
| Forward                   | 3.346 ms                  | 5.028 ms                  |
| Backward                  | 5.610 ms                  | 6.211 ms                  |
| Optimize                  | 1.218 ms                  | 2.830 ms                  |
| BarrierTimeBeforeRank0    | 19.483 us                 | 9.398 ms                  |
| AfterBackward             | 10.339 ms                 | 20.359 ms                 |
| BlockToStepN              | 64.446 ms                 | 99.164 ms                 |
| OneStep                   | 90.989 ms                 | 127.425 ms                |
+---------------------------+---------------------------+---------------------------+
W20240201 00:16:38.563010 3287426 grad_async_v1.h:429] Sleep in <BlockToStepN>, step_no=475, pq.top=475
+---------------------------+---------------------------+---------------------------+
| Name                      | P50                       | P99                       |
+---------------------------+---------------------------+---------------------------+
| ProcessBack:Shuffle       | 1.724 ms                  | 2.204 ms                  |
| ProcessBack:UpdateCache   | 1.337 ms                  | 1.994 ms                  |
| ProcessBack:UpsertPq      | 6.052 ms                  | 16.110 ms                 |
| ProcessOneStep            | 10.294 ms                 | 20.335 ms                 |
| BlockToStepN              | 65.341 ms                 | 101.138 ms                |
+---------------------------+---------------------------+---------------------------+
W20240201 00:16:39.563006 3287426 grad_async_v1.h:429] Sleep in <BlockToStepN>, step_no=484, pq.top=484
W20240201 00:16:40.563010 3287426 grad_async_v1.h:429] Sleep in <BlockToStepN>, step_no=492, pq.top=492
[proc 2] 500 steps, total: 10.780, sample: 0.189, forward: 0.261, backward: 0.405, update: 0.116
[proc 3] 500 steps, total: 10.780, sample: 0.180, forward: 0.273, backward: 0.538, update: 0.124
[proc 1] 500 steps, total: 10.780, sample: 0.170, forward: 0.272, backward: 0.522, update: 0.103
[proc 0] 500 steps, total: 10.780, sample: 0.239, forward: 0.318, backward: 0.488, update: 0.125
Successfully xmh. training takes 46.525049924850464 seconds
before call kg_cache_controller.StopThreads()
W20240201 00:16:41.421483 3287426 grad_async_v1.h:243] call StopThreads. PID = 3287084
W20240201 00:16:41.421507 3287426 grad_base.h:212] before processOneStepNegThread_.join();
[W tensorpipe_agent.cpp:725] RPC agent for worker0 encountered error when reading incoming request from worker1: eof (this error originated at tensorpipe/transport/shm/connection_impl.cc:259)
[W tensorpipe_agent.cpp:725] RPC agent for worker0 encountered error when reading incoming request from worker3: eof (this error originated at tensorpipe/transport/shm/connection_impl.cc:259)
[W tensorpipe_agent.cpp:725] RPC agent for worker0 encountered error when reading incoming request from worker2: eof (this error originated at tensorpipe/transport/shm/connection_impl.cc:259)
W20240201 00:16:41.427683 3287426 grad_base.h:214] after processOneStepNegThread_.join();
W20240201 00:16:41.427713 3287426 grad_async_v1.h:245] call GradProcessingBase::StopThreads.
W20240201 00:16:41.463238 3287426 grad_async_v1.h:264] StopThreads done.
