WARNING: Logging before InitGoogleLogging() is written to STDERR
I20240129 03:35:42.685993 1227795 IPC_barrier.h:128] MultiProcessBarrierFactory->ClearIPCMemory()
/home/xieminhui/RecStore/src/framework_adapters/torch/kg/dgl-0.9.1/python/dgl/_deprecate/graph.py:1023: DGLWarning: multigraph will be deprecated.DGL will treat all graphs as multigraph in the future.
  dgl_warning("multigraph will be deprecated." \
/home/xieminhui/RecStore/src/framework_adapters/torch/kg/dgl-0.9.1/python/dgl/heterograph.py:72: DGLWarning: Recommend creating graphs by `dgl.graph(data)` instead of `dgl.DGLGraph(data)`.
  dgl_warning('Recommend creating graphs by `dgl.graph(data)`'
Reading train triples....
Finished. Read 483142 train triples.
Reading valid triples....
Finished. Read 50000 valid triples.
Reading test triples....
Finished. Read 59071 test triples.
ARGS:  Namespace(model_name='TransE', data_path='/home/xieminhui/dgl-data', dataset='FB15k', format='built_in', data_files=None, delimiter='\t', save_path='/tmp/ckpts/TransE_FB15k_123', no_save_emb=True, max_step=500, batch_size=2000, batch_size_eval=16, neg_sample_size=200, neg_deg_sample=False, neg_deg_sample_eval=False, neg_sample_size_eval=14951, eval_percent=1, no_eval_filter=False, log_interval=100, eval_interval=10000, test=False, num_proc=4, num_thread=1, force_sync_interval=1, hidden_dim=400, lr=0.01, gamma=16.0, double_ent=False, double_rel=False, neg_adversarial_sampling=False, adversarial_temperature=1.0, regularization_coef=0.0, regularization_norm=3, pairwise=False, loss_genre='Logsigmoid', margin=1.0, nr_gpus=4, gpu=[0, 1, 2, 3], mix_cpu_gpu=True, valid=False, rel_part=False, async_update=None, has_edge_importance=False, cached_emb_type='KnownLocalCachedEmbedding', use_my_emb=True, cache_ratio=0.05, shuffle=False, backwardMode='CppAsync', L=10, update_cache_use_omp=0, update_pq_use_omp=0, kForwardItersPerStep=2, backgrad_init='both', eval_filter=True, soft_rel_part=False)
|Train|: 483142
original graph:  DGLGraph(num_nodes=14951, num_edges=592213,
         ndata_schemes={}
         edata_schemes={'tid': Scheme(shape=(), dtype=torch.int64)})
Loading cached metis
WARNING [1227795 sampler.py:454] Start PreSampling
WARNING [1227795 sampler.py:532] Before construct renumbering_dict
WARNING [1227795 sampler.py:555] PreSampling done
W20240129 03:35:45.117017 1227795 IPCTensor.h:368] NewIPCTensor: cached_sampler_r0_0 [1000000]0x100000002000 7.629 MB
W20240129 03:35:45.117127 1227795 IPCTensor.h:368] NewIPCTensor: cached_sampler_r0_1 [1000000]0x1000007a5000 7.629 MB
W20240129 03:35:45.117146 1227795 IPCTensor.h:368] NewIPCTensor: cached_sampler_r0_2 [1000000]0x100000f48000 7.629 MB
W20240129 03:35:45.117166 1227795 IPCTensor.h:368] NewIPCTensor: cached_sampler_r0_3 [1000000]0x1000016eb000 7.629 MB
W20240129 03:35:45.117185 1227795 IPCTensor.h:368] NewIPCTensor: cached_sampler_r0_4 [1000000]0x100001e8e000 7.629 MB
W20240129 03:35:45.117200 1227795 IPCTensor.h:368] NewIPCTensor: cached_sampler_r0_5 [1000000]0x100002631000 7.629 MB
W20240129 03:35:45.117218 1227795 IPCTensor.h:368] NewIPCTensor: cached_sampler_r0_6 [1000000]0x100002dd4000 7.629 MB
W20240129 03:35:45.117237 1227795 IPCTensor.h:368] NewIPCTensor: cached_sampler_r0_7 [1000000]0x100003577000 7.629 MB
W20240129 03:35:45.117255 1227795 IPCTensor.h:368] NewIPCTensor: cached_sampler_r0_8 [1000000]0x100003d1a000 7.629 MB
W20240129 03:35:45.117272 1227795 IPCTensor.h:368] NewIPCTensor: cached_sampler_r0_9 [1000000]0x1000044bd000 7.629 MB
W20240129 03:35:45.117290 1227795 IPCTensor.h:368] NewIPCTensor: step_r0 [10]0x100004c60000 80 B 
W20240129 03:35:45.117305 1227795 IPCTensor.h:368] NewIPCTensor: circle_buffer_end_r0 [1]0x100004c62000 8 B 
W20240129 03:35:45.117322 1227795 IPCTensor.h:368] NewIPCTensor: circle_buffer_end_cppseen_r0 [1]0x100004c64000 8 B 
W20240129 03:35:45.117395 1227795 IPCTensor.h:368] NewIPCTensor: cached_sampler_r1_0 [1000000]0x100004c66000 7.629 MB
W20240129 03:35:45.117419 1227795 IPCTensor.h:368] NewIPCTensor: cached_sampler_r1_1 [1000000]0x100005409000 7.629 MB
W20240129 03:35:45.117435 1227795 IPCTensor.h:368] NewIPCTensor: cached_sampler_r1_2 [1000000]0x100005bac000 7.629 MB
W20240129 03:35:45.117470 1227795 IPCTensor.h:368] NewIPCTensor: cached_sampler_r1_3 [1000000]0x10000634f000 7.629 MB
W20240129 03:35:45.117491 1227795 IPCTensor.h:368] NewIPCTensor: cached_sampler_r1_4 [1000000]0x100006af2000 7.629 MB
W20240129 03:35:45.117506 1227795 IPCTensor.h:368] NewIPCTensor: cached_sampler_r1_5 [1000000]0x100007295000 7.629 MB
W20240129 03:35:45.117522 1227795 IPCTensor.h:368] NewIPCTensor: cached_sampler_r1_6 [1000000]0x100007a38000 7.629 MB
W20240129 03:35:45.117535 1227795 IPCTensor.h:368] NewIPCTensor: cached_sampler_r1_7 [1000000]0x1000081db000 7.629 MB
W20240129 03:35:45.117553 1227795 IPCTensor.h:368] NewIPCTensor: cached_sampler_r1_8 [1000000]0x10000897e000 7.629 MB
W20240129 03:35:45.117569 1227795 IPCTensor.h:368] NewIPCTensor: cached_sampler_r1_9 [1000000]0x100009121000 7.629 MB
W20240129 03:35:45.117583 1227795 IPCTensor.h:368] NewIPCTensor: step_r1 [10]0x1000098c4000 80 B 
W20240129 03:35:45.117595 1227795 IPCTensor.h:368] NewIPCTensor: circle_buffer_end_r1 [1]0x1000098c6000 8 B 
W20240129 03:35:45.117606 1227795 IPCTensor.h:368] NewIPCTensor: circle_buffer_end_cppseen_r1 [1]0x1000098c8000 8 B 
W20240129 03:35:45.117642 1227795 IPCTensor.h:368] NewIPCTensor: cached_sampler_r2_0 [1000000]0x1000098ca000 7.629 MB
W20240129 03:35:45.117662 1227795 IPCTensor.h:368] NewIPCTensor: cached_sampler_r2_1 [1000000]0x10000a06d000 7.629 MB
W20240129 03:35:45.117676 1227795 IPCTensor.h:368] NewIPCTensor: cached_sampler_r2_2 [1000000]0x10000a810000 7.629 MB
W20240129 03:35:45.117691 1227795 IPCTensor.h:368] NewIPCTensor: cached_sampler_r2_3 [1000000]0x10000afb3000 7.629 MB
W20240129 03:35:45.117707 1227795 IPCTensor.h:368] NewIPCTensor: cached_sampler_r2_4 [1000000]0x10000b756000 7.629 MB
W20240129 03:35:45.117724 1227795 IPCTensor.h:368] NewIPCTensor: cached_sampler_r2_5 [1000000]0x10000bef9000 7.629 MB
W20240129 03:35:45.117743 1227795 IPCTensor.h:368] NewIPCTensor: cached_sampler_r2_6 [1000000]0x10000c69c000 7.629 MB
W20240129 03:35:45.117756 1227795 IPCTensor.h:368] NewIPCTensor: cached_sampler_r2_7 [1000000]0x10000ce3f000 7.629 MB
W20240129 03:35:45.117774 1227795 IPCTensor.h:368] NewIPCTensor: cached_sampler_r2_8 [1000000]0x10000d5e2000 7.629 MB
W20240129 03:35:45.117792 1227795 IPCTensor.h:368] NewIPCTensor: cached_sampler_r2_9 [1000000]0x10000dd85000 7.629 MB
W20240129 03:35:45.117806 1227795 IPCTensor.h:368] NewIPCTensor: step_r2 [10]0x10000e528000 80 B 
W20240129 03:35:45.117818 1227795 IPCTensor.h:368] NewIPCTensor: circle_buffer_end_r2 [1]0x10000e52a000 8 B 
W20240129 03:35:45.117832 1227795 IPCTensor.h:368] NewIPCTensor: circle_buffer_end_cppseen_r2 [1]0x10000e52c000 8 B 
W20240129 03:35:45.117861 1227795 IPCTensor.h:368] NewIPCTensor: cached_sampler_r3_0 [1000000]0x10000e52e000 7.629 MB
W20240129 03:35:45.117877 1227795 IPCTensor.h:368] NewIPCTensor: cached_sampler_r3_1 [1000000]0x10000ecd1000 7.629 MB
W20240129 03:35:45.117892 1227795 IPCTensor.h:368] NewIPCTensor: cached_sampler_r3_2 [1000000]0x10000f474000 7.629 MB
W20240129 03:35:45.117908 1227795 IPCTensor.h:368] NewIPCTensor: cached_sampler_r3_3 [1000000]0x10000fc17000 7.629 MB
W20240129 03:35:45.117920 1227795 IPCTensor.h:368] NewIPCTensor: cached_sampler_r3_4 [1000000]0x1000103ba000 7.629 MB
W20240129 03:35:45.117938 1227795 IPCTensor.h:368] NewIPCTensor: cached_sampler_r3_5 [1000000]0x100010b5d000 7.629 MB
W20240129 03:35:45.117951 1227795 IPCTensor.h:368] NewIPCTensor: cached_sampler_r3_6 [1000000]0x100011300000 7.629 MB
W20240129 03:35:45.117967 1227795 IPCTensor.h:368] NewIPCTensor: cached_sampler_r3_7 [1000000]0x100011aa3000 7.629 MB
W20240129 03:35:45.117987 1227795 IPCTensor.h:368] NewIPCTensor: cached_sampler_r3_8 [1000000]0x100012246000 7.629 MB
W20240129 03:35:45.118005 1227795 IPCTensor.h:368] NewIPCTensor: cached_sampler_r3_9 [1000000]0x1000129e9000 7.629 MB
W20240129 03:35:45.118017 1227795 IPCTensor.h:368] NewIPCTensor: step_r3 [10]0x10001318c000 80 B 
W20240129 03:35:45.118028 1227795 IPCTensor.h:368] NewIPCTensor: circle_buffer_end_r3 [1]0x10001318e000 8 B 
W20240129 03:35:45.118044 1227795 IPCTensor.h:368] NewIPCTensor: circle_buffer_end_cppseen_r3 [1]0x100013190000 8 B 
W20240129 03:35:45.246245 1227795 IPCTensor.h:368] NewIPCTensor: full_emb [14951, 400]0x100013192000 22.81 MB
W20240129 03:35:45.246348 1227795 IPCTensor.h:368] NewIPCTensor: full_emb_SparseRowWiseAdaGrad_sum [14951]0x100014864000 58.4 kB
{0: Graph(num_nodes=10523, num_edges=182012,
      ndata_schemes={'_ID': Scheme(shape=(), dtype=torch.int64), 'inner_node': Scheme(shape=(), dtype=torch.int32), 'part_id': Scheme(shape=(), dtype=torch.int64)}
      edata_schemes={'_ID': Scheme(shape=(), dtype=torch.int64), 'inner_edge': Scheme(shape=(), dtype=torch.int8)}), 1: Graph(num_nodes=10996, num_edges=244360,
      ndata_schemes={'_ID': Scheme(shape=(), dtype=torch.int64), 'inner_node': Scheme(shape=(), dtype=torch.int32), 'part_id': Scheme(shape=(), dtype=torch.int64)}
      edata_schemes={'_ID': Scheme(shape=(), dtype=torch.int64), 'inner_edge': Scheme(shape=(), dtype=torch.int8)}), 2: Graph(num_nodes=9404, num_edges=143355,
      ndata_schemes={'_ID': Scheme(shape=(), dtype=torch.int64), 'inner_node': Scheme(shape=(), dtype=torch.int32), 'part_id': Scheme(shape=(), dtype=torch.int64)}
      edata_schemes={'_ID': Scheme(shape=(), dtype=torch.int64), 'inner_edge': Scheme(shape=(), dtype=torch.int8)}), 3: Graph(num_nodes=10954, num_edges=175447,
      ndata_schemes={'_ID': Scheme(shape=(), dtype=torch.int64), 'inner_node': Scheme(shape=(), dtype=torch.int32), 'part_id': Scheme(shape=(), dtype=torch.int64)}
      edata_schemes={'_ID': Scheme(shape=(), dtype=torch.int64), 'inner_edge': Scheme(shape=(), dtype=torch.int8)})}
MertisPartition: part 0 has 10523 N 182012 E
MertisPartition: part 1 has 10996 N 244360 E
MertisPartition: part 2 has 9404 N 143355 E
MertisPartition: part 3 has 10954 N 175447 E
Rank0: cached key size 186
Rank1: cached key size 186
Rank2: cached key size 186
Rank3: cached key size 186
Before renumbering graph:  {'_ID': tensor([    5,    14,    17,  ..., 11245,  2040,  3009]), 'inner_node': tensor([1, 1, 1,  ..., 0, 0, 0], dtype=torch.int32), 'part_id': tensor([0, 0, 0,  ..., 2, 3, 3])}
After renumbering graph:  {'_ID': tensor([  824,  1006,  1065,  ...,  1967,  8580, 11188]), 'inner_node': tensor([1, 1, 1,  ..., 0, 0, 0], dtype=torch.int32), 'part_id': tensor([0, 0, 0,  ..., 2, 3, 3])}
part_g: DGLGraph(num_nodes=10523, num_edges=182012,
         ndata_schemes={'_ID': Scheme(shape=(), dtype=torch.int64)}
         edata_schemes={'tid': Scheme(shape=(), dtype=torch.int64)})
part_g: DGLGraph(num_nodes=10523, num_edges=182012,
         ndata_schemes={'_ID': Scheme(shape=(), dtype=torch.int64)}
         edata_schemes={'tid': Scheme(shape=(), dtype=torch.int64)})
Total initialize time 2.591 seconds
[Rank1] pid = 1228005
[Rank2] pid = 1228070
INFO [1227795 distributed_c10d.py:442] Added key: store_based_barrier_key:1 to store for rank: 0
INFO [1228005 distributed_c10d.py:442] Added key: store_based_barrier_key:1 to store for rank: 1
INFO [1228070 distributed_c10d.py:442] Added key: store_based_barrier_key:1 to store for rank: 2
INFO [1228134 distributed_c10d.py:442] Added key: store_based_barrier_key:1 to store for rank: 3
INFO [1228070 distributed_c10d.py:476] Rank 2: Completed store-based barrier for key:store_based_barrier_key:1 with 4 nodes.
INFO [1228134 distributed_c10d.py:476] Rank 3: Completed store-based barrier for key:store_based_barrier_key:1 with 4 nodes.
INFO [1228005 distributed_c10d.py:476] Rank 1: Completed store-based barrier for key:store_based_barrier_key:1 with 4 nodes.
INFO [1227795 distributed_c10d.py:476] Rank 0: Completed store-based barrier for key:store_based_barrier_key:1 with 4 nodes.
W20240129 03:35:47.429867 1228071 IPCTensor.h:408] NewIPCGPUTensor: embedding_cache_2 [747, 400]; dev=2; size=1.14 MB
W20240129 03:35:47.429998 1228136 IPCTensor.h:408] NewIPCGPUTensor: embedding_cache_3 [747, 400]; dev=3; size=1.14 MB
W20240129 03:35:47.430202 1228006 IPCTensor.h:408] NewIPCGPUTensor: embedding_cache_1 [747, 400]; dev=1; size=1.14 MB
W20240129 03:35:47.430342 1228071 IPCTensor.h:368] NewIPCTensor: input_keys_2 [1000000]0x100014876000 7.629 MB
W20240129 03:35:47.430454 1228136 IPCTensor.h:368] NewIPCTensor: input_keys_3 [1000000]0x10001501b000 7.629 MB
W20240129 03:35:47.430470 1228071 IPCTensor.h:368] NewIPCTensor: input_keys_neg_2 [1000000]0x1000157be000 7.629 MB
W20240129 03:35:47.430514 1228071 IPCTensor.h:368] NewIPCTensor: backward_grads_2 [1000000, 400]0x100015f63000 1.49 GB
W20240129 03:35:47.430549 1228071 IPCTensor.h:368] NewIPCTensor: backward_grads_neg_2 [1000000, 400]0x100075546000 1.49 GB
W20240129 03:35:47.430578 1228071 IPCTensor.h:408] NewIPCGPUTensor: backward_grads_2_gpu [1000000, 400]; dev=2; size=1.49 GB
W20240129 03:35:47.430594 1228136 IPCTensor.h:368] NewIPCTensor: input_keys_neg_3 [1000000]0x1000d4b29000 7.629 MB
W20240129 03:35:47.430610 1228006 IPCTensor.h:368] NewIPCTensor: input_keys_1 [1000000]0x1000d52cc000 7.629 MB
W20240129 03:35:47.430603 1228135 IPCTensor.h:408] NewIPCGPUTensor: embedding_cache_0 [747, 400]; dev=0; size=1.14 MB
W20240129 03:35:47.430641 1228136 IPCTensor.h:368] NewIPCTensor: backward_grads_3 [1000000, 400]0x1000d5a6f000 1.49 GB
W20240129 03:35:47.430691 1228136 IPCTensor.h:368] NewIPCTensor: backward_grads_neg_3 [1000000, 400]0x100135052000 1.49 GB
W20240129 03:35:47.430725 1228136 IPCTensor.h:408] NewIPCGPUTensor: backward_grads_3_gpu [1000000, 400]; dev=3; size=1.49 GB
W20240129 03:35:47.430743 1228006 IPCTensor.h:368] NewIPCTensor: input_keys_neg_1 [1000000]0x100194635000 7.629 MB
W20240129 03:35:47.430790 1228006 IPCTensor.h:368] NewIPCTensor: backward_grads_1 [1000000, 400]0x100194dd8000 1.49 GB
W20240129 03:35:47.430827 1228006 IPCTensor.h:368] NewIPCTensor: backward_grads_neg_1 [1000000, 400]0x1001f43bb000 1.49 GB
W20240129 03:35:47.430876 1228006 IPCTensor.h:408] NewIPCGPUTensor: backward_grads_1_gpu [1000000, 400]; dev=1; size=1.49 GB
W20240129 03:35:47.437098 1228135 IPCTensor.h:368] NewIPCTensor: input_keys_0 [1000000]0x1002539a4000 7.629 MB
W20240129 03:35:47.437216 1228071 IPCTensor.h:408] NewIPCGPUTensor: backward_grads_neg_2_gpu [1000000, 400]; dev=2; size=1.49 GB
W20240129 03:35:47.437244 1228135 IPCTensor.h:368] NewIPCTensor: input_keys_neg_0 [1000000]0x100254147000 7.629 MB
W20240129 03:35:47.437275 1228136 IPCTensor.h:408] NewIPCGPUTensor: backward_grads_neg_3_gpu [1000000, 400]; dev=3; size=1.49 GB
W20240129 03:35:47.437327 1228135 IPCTensor.h:368] NewIPCTensor: backward_grads_0 [1000000, 400]0x1002548ea000 1.49 GB
W20240129 03:35:47.437382 1228135 IPCTensor.h:368] NewIPCTensor: backward_grads_neg_0 [1000000, 400]0x1002b3ecd000 1.49 GB
W20240129 03:35:47.437461 1228135 IPCTensor.h:408] NewIPCGPUTensor: backward_grads_0_gpu [1000000, 400]; dev=0; size=1.49 GB
W20240129 03:35:47.446204 1228135 IPCTensor.h:408] NewIPCGPUTensor: backward_grads_neg_0_gpu [1000000, 400]; dev=0; size=1.49 GB
W20240129 03:35:47.446300 1228006 IPCTensor.h:408] NewIPCGPUTensor: backward_grads_neg_1_gpu [1000000, 400]; dev=1; size=1.49 GB
[Rank3] pid = 1228134
New CachedEmbedding, name=full_emb, shape=(14951, 400), cache_type=KnownLocalCachedEmbedding
fixed cache_range is [(0, 747), (747, 1494), (1494, 2241), (2241, 2988)]
cudaHostRegister 0x100013192000
0: KnownLocalCachedEmbedding init done
WARNING [1227795 DistTensor.py:56] The tensor name already exists in the kvstore
cudaHostRegister 0x100013192000
2: KnownLocalCachedEmbedding init done
WARNING [1228070 DistTensor.py:56] The tensor name already exists in the kvstore
cudaHostRegister 0x100013192000
1: KnownLocalCachedEmbedding init done
WARNING [1228005 DistTensor.py:56] The tensor name already exists in the kvstore
cudaHostRegister 0x100013192000
3: KnownLocalCachedEmbedding init done
WARNING [1228134 DistTensor.py:56] The tensor name already exists in the kvstore
I20240129 03:35:48.500007 1228136 IPC_barrier.h:118] CreateBarrier: new barrier, name: kgcachecontroller, count: 4
I20240129 03:35:48.500048 1228135 IPC_barrier.h:112] CreateBarrier: find existing barrier, name: kgcachecontroller, count: 4
I20240129 03:35:48.500084 1228071 IPC_barrier.h:112] CreateBarrier: find existing barrier, name: kgcachecontroller, count: 4
I20240129 03:35:48.500128 1228006 IPC_barrier.h:112] CreateBarrier: find existing barrier, name: kgcachecontroller, count: 4
W20240129 03:35:48.501049 1228135 grad_base.h:55] KGCacheController, config={
        "num_gpus": 4,
        "L": 10,
        "backgrad_init": "both", 
        "kForwardItersPerStep": 2,
        "clr": 1,
        "nr_background_threads": 32,
        "backwardMode": "CppAsync",
        "cache_ratio": 0.05,
        "update_cache_use_omp":  0,
        "update_pq_use_omp":  0
        }
W20240129 03:35:48.501152 1228135 grad_base.h:184] Init GradProcessingBase done
I20240129 03:35:48.502939 1228135 grad_async_v1.h:199] Use main thread to update emb.
W20240129 03:35:48.502965 1228135 kg_controller.h:75] after init GradAsyncProcessing
I20240129 03:35:48.502969 1228135 kg_controller.h:84] Construct KGCacheController done
E20240129 03:35:48.826802 1228006 recstore.cc:66] init folly done
E20240129 03:35:48.826865 1228136 recstore.cc:66] init folly done
E20240129 03:35:48.826977 1228071 recstore.cc:66] init folly done
E20240129 03:35:48.827098 1228135 recstore.cc:66] init folly done
I20240129 03:35:48.829391 1228135 grad_base.h:60] GraphEnv RegTensorsPerProcess
W20240129 03:35:49.555747 1228510 grad_async_v1.h:280] Detect new sample comes, old_end0, new_end1
I20240129 03:35:49.581404 1228135 IPC_barrier.h:118] CreateBarrier: new barrier, name: start_barrier, count: 4
I20240129 03:35:49.614578 1228136 IPC_barrier.h:112] CreateBarrier: find existing barrier, name: start_barrier, count: 4
I20240129 03:35:49.615887 1228006 IPC_barrier.h:112] CreateBarrier: find existing barrier, name: start_barrier, count: 4
I20240129 03:35:49.624963 1228071 IPC_barrier.h:112] CreateBarrier: find existing barrier, name: start_barrier, count: 4
W20240129 03:35:51.856002 1228135 grad_async_v1.h:406] Sleep in <BlockToStepN>, step_no=1, pq.top=1
W20240129 03:35:51.864027 1228510 grad_async_v1.h:280] Detect new sample comes, old_end1, new_end2
W20240129 03:35:52.855005 1228135 grad_async_v1.h:406] Sleep in <BlockToStepN>, step_no=29, pq.top=29
W20240129 03:35:52.885586 1228510 grad_async_v1.h:280] Detect new sample comes, old_end9, new_end0
+---------------------------+---------------------------+---------------------------+
| Name                      | P50                       | P99                       |
+---------------------------+---------------------------+---------------------------+
| GenInput                  | 848.442 us                | 14.610 ms                 |
| Forward                   | 3.536 ms                  | 883.231 ms                |
| Backward                  | 5.491 ms                  | 188.685 ms                |
| Optimize                  | 1.312 ms                  | 4.620 ms                  |
| BarrierTimeBeforeRank0    | 22.828 us                 | 133.698 ms                |
| AfterBackward             | 13.352 ms                 | 1.021 s                   |
| BlockToStepN              | 3.643 ms                  | 43.661 ms                 |
| OneStep                   | 35.826 ms                 | 2.238 s                   |
+---------------------------+---------------------------+---------------------------+
+---------------------------+---------------------------+---------------------------+
| Name                      | P50                       | P99                       |
+---------------------------+---------------------------+---------------------------+
| ProcessBack:Shuffle       | 1.921 ms                  | 169.291 ms                |
| ProcessBack:UpdateCache   | 1.595 ms                  | 198.821 ms                |
| ProcessBack:UpsertPq      | 9.501 ms                  | 16.603 ms                 |
| ProcessOneStep            | 13.836 ms                 | 1.021 s                   |
| BlockToStepN              | 7.416 ms                  | 43.629 ms                 |
+---------------------------+---------------------------+---------------------------+
W20240129 03:35:53.863001 1228135 grad_async_v1.h:406] Sleep in <BlockToStepN>, step_no=44, pq.top=44
W20240129 03:35:53.896848 1228510 grad_async_v1.h:280] Detect new sample comes, old_end4, new_end5
W20240129 03:35:54.866217 1228135 grad_async_v1.h:406] Sleep in <BlockToStepN>, step_no=59, pq.top=59
W20240129 03:35:54.910599 1228510 grad_async_v1.h:280] Detect new sample comes, old_end9, new_end0
W20240129 03:35:55.866005 1228135 grad_async_v1.h:406] Sleep in <BlockToStepN>, step_no=72, pq.top=72
W20240129 03:35:55.946288 1228510 grad_async_v1.h:280] Detect new sample comes, old_end3, new_end4
W20240129 03:35:56.866008 1228135 grad_async_v1.h:406] Sleep in <BlockToStepN>, step_no=86, pq.top=86
W20240129 03:35:57.000280 1228510 grad_async_v1.h:280] Detect new sample comes, old_end7, new_end8
W20240129 03:35:57.884415 1228135 grad_async_v1.h:406] Sleep in <BlockToStepN>, step_no=99, pq.top=99
train_sampler.Prefill()
before start barrier
start train
[proc 1] 100 steps, total: 8.399, sample: 0.184, forward: 1.222, backward: 0.804, update: 0.145
train_sampler.Prefill()
before start barrier
start train
[proc 3] 100 steps, total: 8.401, sample: 0.175, forward: 1.188, backward: 0.682, update: 0.146
train_sampler.Prefill()
before start barrier
start train
[proc 2] 100 steps, total: 8.390, sample: 0.175, forward: 1.023, backward: 0.705, update: 0.132
train_sampler.Prefill()
-------Step 0-------
tensor([ 6693,  3533, 11817, 10485,  6228,  3559,   638,  3524, 10696,  9413]) tensor([ 1065,  7036, 11865,  2917, 10874,  6315, 14196,  6576, 11599, 10492])
-------Step 1-------
tensor([ 6693,  3533, 11817, 10485,  6228,  3559,   638,  3524, 10696,  9413]) tensor([ 8094,  5707,  4281,   328, 13956,  1822,  1280,  3174, 12312,  8364])
-------Step 2-------
tensor([ 3658,  6782, 12617,  4978,   374,   118,  6647,  3136,  5927, 12659]) tensor([12404,   101, 12763, 11922,  2607,  1203,  9218, 11286,  3867, 11945])
-------Step 3-------
tensor([ 3658,  6782, 12617,  4978,   374,   118,  6647,  3136,  5927, 12659]) tensor([14007,  7671, 12812,   614,  1646, 12101,  6282, 13636,  8530, 10510])
-------Step 4-------
tensor([ 4377,    25,   118,   125,   548,  8901,  2649, 14699,  5946,  7808]) tensor([ 8242, 14833,  4600,  6197, 10801,  8285, 10036,  6037,  7401, 12149])
-------Step 5-------
tensor([ 4377,    25,   118,   125,   548,  8901,  2649, 14699,  5946,  7808]) tensor([ 471, 3408, 5347, 4499, 3982, 7605, 8551, 7425, 6765, 6149])
-------Step 6-------
tensor([ 1970,  2136,  7907,  1095,  6506, 10660, 12909,  3829, 13237,  9300]) tensor([ 5072,  7698,  7756, 11609,  9122,  5465,  7451,  4633, 10978, 11092])
-------Step 7-------
tensor([ 1970,  2136,  7907,  1095,  6506, 10660, 12909,  3829, 13237,  9300]) tensor([11226,  1185,  5090, 13295,  9822,  8712,  4497,  1778, 13302,  4972])
-------Step 8-------
tensor([ 8901,  9979,  4370,  1497, 12898,  2328,  2837,  7831, 14461,     1]) tensor([ 5430,  6690,  9244,  7915,  3620, 12035, 13907,  3707, 11981, 11834])
-------Step 9-------
tensor([ 8901,  9979,  4370,  1497, 12898,  2328,  2837,  7831, 14461,     1]) tensor([ 5582, 12980,  4800, 12250,  9397,  7044,  4962,   835, 14352,  1252])
before start barrier
start train
[proc 0] 100 steps, total: 8.434, sample: 0.278, forward: 1.237, backward: 0.735, update: 0.152
W20240129 03:35:58.015753 1228510 grad_async_v1.h:280] Detect new sample comes, old_end0, new_end1
+---------------------------+---------------------------+---------------------------+
| Name                      | P50                       | P99                       |
+---------------------------+---------------------------+---------------------------+
| GenInput                  | 1.159 ms                  | 16.417 ms                 |
| Forward                   | 3.544 ms                  | 6.104 ms                  |
| Backward                  | 5.682 ms                  | 12.141 ms                 |
| Optimize                  | 1.358 ms                  | 2.969 ms                  |
| BarrierTimeBeforeRank0    | 20.522 us                 | 1.668 ms                  |
| AfterBackward             | 14.236 ms                 | 23.471 ms                 |
| BlockToStepN              | 39.971 ms                 | 55.104 ms                 |
| OneStep                   | 69.887 ms                 | 101.993 ms                |
+---------------------------+---------------------------+---------------------------+
+---------------------------+---------------------------+---------------------------+
| Name                      | P50                       | P99                       |
+---------------------------+---------------------------+---------------------------+
| ProcessBack:Shuffle       | 1.914 ms                  | 4.986 ms                  |
| ProcessBack:UpdateCache   | 1.520 ms                  | 2.481 ms                  |
| ProcessBack:UpsertPq      | 10.034 ms                 | 16.724 ms                 |
| ProcessOneStep            | 14.195 ms                 | 23.451 ms                 |
| BlockToStepN              | 40.086 ms                 | 55.077 ms                 |
+---------------------------+---------------------------+---------------------------+
W20240129 03:35:58.895592 1228135 grad_async_v1.h:406] Sleep in <BlockToStepN>, step_no=112, pq.top=112
W20240129 03:35:59.039991 1228510 grad_async_v1.h:280] Detect new sample comes, old_end3, new_end4
W20240129 03:35:59.895017 1228135 grad_async_v1.h:406] Sleep in <BlockToStepN>, step_no=123, pq.top=123
W20240129 03:36:00.064693 1228510 grad_async_v1.h:280] Detect new sample comes, old_end5, new_end6
W20240129 03:36:00.908953 1228135 grad_async_v1.h:406] Sleep in <BlockToStepN>, step_no=135, pq.top=135
W20240129 03:36:01.064532 1228510 grad_async_v1.h:280] Detect new sample comes, old_end6, new_end7
W20240129 03:36:01.908008 1228135 grad_async_v1.h:406] Sleep in <BlockToStepN>, step_no=146, pq.top=146
W20240129 03:36:02.094172 1228510 grad_async_v1.h:280] Detect new sample comes, old_end8, new_end9
W20240129 03:36:02.908005 1228135 grad_async_v1.h:406] Sleep in <BlockToStepN>, step_no=157, pq.top=157
W20240129 03:36:03.138124 1228510 grad_async_v1.h:280] Detect new sample comes, old_end9, new_end0
+---------------------------+---------------------------+---------------------------+
| Name                      | P50                       | P99                       |
+---------------------------+---------------------------+---------------------------+
| GenInput                  | 1.137 ms                  | 16.345 ms                 |
| Forward                   | 3.499 ms                  | 4.951 ms                  |
| Backward                  | 5.675 ms                  | 7.771 ms                  |
| Optimize                  | 1.345 ms                  | 2.969 ms                  |
| BarrierTimeBeforeRank0    | 20.474 us                 | 6.887 ms                  |
| AfterBackward             | 14.382 ms                 | 22.521 ms                 |
| BlockToStepN              | 46.920 ms                 | 68.228 ms                 |
| OneStep                   | 75.058 ms                 | 101.993 ms                |
+---------------------------+---------------------------+---------------------------+
+---------------------------+---------------------------+---------------------------+
| Name                      | P50                       | P99                       |
+---------------------------+---------------------------+---------------------------+
| ProcessBack:Shuffle       | 1.901 ms                  | 3.713 ms                  |
| ProcessBack:UpdateCache   | 1.503 ms                  | 2.156 ms                  |
| ProcessBack:UpsertPq      | 10.273 ms                 | 17.393 ms                 |
| ProcessOneStep            | 14.359 ms                 | 22.492 ms                 |
| BlockToStepN              | 46.892 ms                 | 68.461 ms                 |
+---------------------------+---------------------------+---------------------------+
W20240129 03:36:03.908005 1228135 grad_async_v1.h:406] Sleep in <BlockToStepN>, step_no=168, pq.top=168
W20240129 03:36:04.139492 1228510 grad_async_v1.h:280] Detect new sample comes, old_end0, new_end1
W20240129 03:36:04.908005 1228135 grad_async_v1.h:406] Sleep in <BlockToStepN>, step_no=179, pq.top=179
W20240129 03:36:05.176354 1228510 grad_async_v1.h:280] Detect new sample comes, old_end1, new_end2
W20240129 03:36:05.939752 1228135 grad_async_v1.h:406] Sleep in <BlockToStepN>, step_no=190, pq.top=190
W20240129 03:36:06.176544 1228510 grad_async_v1.h:280] Detect new sample comes, old_end2, new_end3
W20240129 03:36:06.939005 1228135 grad_async_v1.h:406] Sleep in <BlockToStepN>, step_no=200, pq.top=200
[proc 1] 200 steps, total: 8.949, sample: 0.205, forward: 0.316, backward: 0.552, update: 0.150
[proc 0] 200 steps, total: 8.949, sample: 0.272, forward: 0.342, backward: 0.557, update: 0.136
[proc 3] 200 steps, total: 8.949, sample: 0.196, forward: 0.271, backward: 0.519, update: 0.146
[proc 2] 200 steps, total: 8.949, sample: 0.193, forward: 0.269, backward: 0.543, update: 0.155
W20240129 03:36:07.235575 1228510 grad_async_v1.h:280] Detect new sample comes, old_end3, new_end4
W20240129 03:36:07.953979 1228135 grad_async_v1.h:406] Sleep in <BlockToStepN>, step_no=211, pq.top=211
W20240129 03:36:08.236150 1228510 grad_async_v1.h:280] Detect new sample comes, old_end3, new_end4
+---------------------------+---------------------------+---------------------------+
| Name                      | P50                       | P99                       |
+---------------------------+---------------------------+---------------------------+
| GenInput                  | 1.095 ms                  | 16.345 ms                 |
| Forward                   | 3.488 ms                  | 4.951 ms                  |
| Backward                  | 5.648 ms                  | 7.771 ms                  |
| Optimize                  | 1.338 ms                  | 2.969 ms                  |
| BarrierTimeBeforeRank0    | 20.583 us                 | 9.754 ms                  |
| AfterBackward             | 14.332 ms                 | 22.521 ms                 |
| BlockToStepN              | 51.819 ms                 | 79.053 ms                 |
| OneStep                   | 80.661 ms                 | 111.491 ms                |
+---------------------------+---------------------------+---------------------------+
+---------------------------+---------------------------+---------------------------+
| Name                      | P50                       | P99                       |
+---------------------------+---------------------------+---------------------------+
| ProcessBack:Shuffle       | 1.894 ms                  | 3.713 ms                  |
| ProcessBack:UpdateCache   | 1.389 ms                  | 2.006 ms                  |
| ProcessBack:UpsertPq      | 10.256 ms                 | 17.393 ms                 |
| ProcessOneStep            | 14.337 ms                 | 22.492 ms                 |
| BlockToStepN              | 52.470 ms                 | 79.021 ms                 |
+---------------------------+---------------------------+---------------------------+
W20240129 03:36:08.972162 1228135 grad_async_v1.h:406] Sleep in <BlockToStepN>, step_no=221, pq.top=221
W20240129 03:36:09.249318 1228510 grad_async_v1.h:280] Detect new sample comes, old_end3, new_end4
W20240129 03:36:09.972004 1228135 grad_async_v1.h:406] Sleep in <BlockToStepN>, step_no=231, pq.top=231
W20240129 03:36:10.320756 1228510 grad_async_v1.h:280] Detect new sample comes, old_end4, new_end5
W20240129 03:36:10.972008 1228135 grad_async_v1.h:406] Sleep in <BlockToStepN>, step_no=241, pq.top=241
W20240129 03:36:11.351663 1228510 grad_async_v1.h:280] Detect new sample comes, old_end4, new_end5
W20240129 03:36:11.972005 1228135 grad_async_v1.h:406] Sleep in <BlockToStepN>, step_no=249, pq.top=249
W20240129 03:36:12.359226 1228510 grad_async_v1.h:280] Detect new sample comes, old_end2, new_end3
W20240129 03:36:12.972007 1228135 grad_async_v1.h:406] Sleep in <BlockToStepN>, step_no=257, pq.top=257
W20240129 03:36:13.375123 1228510 grad_async_v1.h:280] Detect new sample comes, old_end0, new_end1
+---------------------------+---------------------------+---------------------------+
| Name                      | P50                       | P99                       |
+---------------------------+---------------------------+---------------------------+
| GenInput                  | 1.095 ms                  | 15.906 ms                 |
| Forward                   | 3.445 ms                  | 4.940 ms                  |
| Backward                  | 5.639 ms                  | 7.222 ms                  |
| Optimize                  | 1.322 ms                  | 2.959 ms                  |
| BarrierTimeBeforeRank0    | 21.174 us                 | 9.848 ms                  |
| AfterBackward             | 14.366 ms                 | 22.278 ms                 |
| BlockToStepN              | 55.531 ms                 | 105.178 ms                |
| OneStep                   | 84.737 ms                 | 137.862 ms                |
+---------------------------+---------------------------+---------------------------+
+---------------------------+---------------------------+---------------------------+
| Name                      | P50                       | P99                       |
+---------------------------+---------------------------+---------------------------+
| ProcessBack:Shuffle       | 1.876 ms                  | 3.693 ms                  |
| ProcessBack:UpdateCache   | 1.366 ms                  | 2.002 ms                  |
| ProcessBack:UpsertPq      | 10.261 ms                 | 16.724 ms                 |
| ProcessOneStep            | 14.337 ms                 | 22.252 ms                 |
| BlockToStepN              | 55.645 ms                 | 105.148 ms                |
+---------------------------+---------------------------+---------------------------+
W20240129 03:36:13.972005 1228135 grad_async_v1.h:406] Sleep in <BlockToStepN>, step_no=266, pq.top=266
W20240129 03:36:14.385253 1228510 grad_async_v1.h:280] Detect new sample comes, old_end9, new_end0
W20240129 03:36:14.972008 1228135 grad_async_v1.h:406] Sleep in <BlockToStepN>, step_no=275, pq.top=275
W20240129 03:36:15.406232 1228510 grad_async_v1.h:280] Detect new sample comes, old_end9, new_end0
W20240129 03:36:16.006500 1228135 grad_async_v1.h:406] Sleep in <BlockToStepN>, step_no=285, pq.top=285
W20240129 03:36:16.425913 1228510 grad_async_v1.h:280] Detect new sample comes, old_end8, new_end9
W20240129 03:36:17.006006 1228135 grad_async_v1.h:406] Sleep in <BlockToStepN>, step_no=294, pq.top=294
W20240129 03:36:17.461310 1228510 grad_async_v1.h:280] Detect new sample comes, old_end8, new_end9
[proc 1] 300 steps, total: 10.729, sample: 0.192, forward: 0.311, backward: 0.547, update: 0.143
[proc 0] 300 steps, total: 10.729, sample: 0.256, forward: 0.329, backward: 0.520, update: 0.141
[proc 3] 300 steps, total: 10.729, sample: 0.177, forward: 0.270, backward: 0.536, update: 0.144
[proc 2] 300 steps, total: 10.729, sample: 0.175, forward: 0.271, backward: 0.543, update: 0.146
W20240129 03:36:18.006006 1228135 grad_async_v1.h:406] Sleep in <BlockToStepN>, step_no=303, pq.top=303
+---------------------------+---------------------------+---------------------------+
| Name                      | P50                       | P99                       |
+---------------------------+---------------------------+---------------------------+
| GenInput                  | 1.087 ms                  | 15.906 ms                 |
| Forward                   | 3.430 ms                  | 5.459 ms                  |
| Backward                  | 5.637 ms                  | 7.222 ms                  |
| Optimize                  | 1.314 ms                  | 2.969 ms                  |
| BarrierTimeBeforeRank0    | 22.456 us                 | 11.193 ms                 |
| AfterBackward             | 14.401 ms                 | 22.521 ms                 |
| BlockToStepN              | 59.058 ms                 | 105.178 ms                |
| OneStep                   | 89.481 ms                 | 137.862 ms                |
+---------------------------+---------------------------+---------------------------+
W20240129 03:36:18.529742 1228510 grad_async_v1.h:280] Detect new sample comes, old_end8, new_end9
+---------------------------+---------------------------+---------------------------+
| Name                      | P50                       | P99                       |
+---------------------------+---------------------------+---------------------------+
| ProcessBack:Shuffle       | 1.862 ms                  | 3.693 ms                  |
| ProcessBack:UpdateCache   | 1.287 ms                  | 2.000 ms                  |
| ProcessBack:UpsertPq      | 10.314 ms                 | 16.724 ms                 |
| ProcessOneStep            | 14.375 ms                 | 22.492 ms                 |
| BlockToStepN              | 59.221 ms                 | 105.148 ms                |
+---------------------------+---------------------------+---------------------------+
W20240129 03:36:19.006007 1228135 grad_async_v1.h:406] Sleep in <BlockToStepN>, step_no=313, pq.top=313
W20240129 03:36:19.616314 1228510 grad_async_v1.h:280] Detect new sample comes, old_end8, new_end9
W20240129 03:36:20.006007 1228135 grad_async_v1.h:406] Sleep in <BlockToStepN>, step_no=322, pq.top=322
W20240129 03:36:20.625521 1228510 grad_async_v1.h:280] Detect new sample comes, old_end7, new_end8
W20240129 03:36:21.031071 1228135 grad_async_v1.h:406] Sleep in <BlockToStepN>, step_no=332, pq.top=332
W20240129 03:36:21.650341 1228510 grad_async_v1.h:280] Detect new sample comes, old_end7, new_end8
W20240129 03:36:22.031006 1228135 grad_async_v1.h:406] Sleep in <BlockToStepN>, step_no=341, pq.top=341
W20240129 03:36:22.727943 1228510 grad_async_v1.h:280] Detect new sample comes, old_end7, new_end8
W20240129 03:36:23.031005 1228135 grad_async_v1.h:406] Sleep in <BlockToStepN>, step_no=350, pq.top=350
+---------------------------+---------------------------+---------------------------+
| Name                      | P50                       | P99                       |
+---------------------------+---------------------------+---------------------------+
| GenInput                  | 1.084 ms                  | 15.831 ms                 |
| Forward                   | 3.430 ms                  | 4.951 ms                  |
| Backward                  | 5.630 ms                  | 6.623 ms                  |
| Optimize                  | 1.300 ms                  | 2.959 ms                  |
| BarrierTimeBeforeRank0    | 22.828 us                 | 10.572 ms                 |
| AfterBackward             | 14.382 ms                 | 23.471 ms                 |
| BlockToStepN              | 61.652 ms                 | 105.107 ms                |
| OneStep                   | 92.962 ms                 | 132.547 ms                |
+---------------------------+---------------------------+---------------------------+
W20240129 03:36:23.728314 1228510 grad_async_v1.h:280] Detect new sample comes, old_end6, new_end7
+---------------------------+---------------------------+---------------------------+
| Name                      | P50                       | P99                       |
+---------------------------+---------------------------+---------------------------+
| ProcessBack:Shuffle       | 1.848 ms                  | 3.693 ms                  |
| ProcessBack:UpdateCache   | 1.251 ms                  | 2.000 ms                  |
| ProcessBack:UpsertPq      | 10.364 ms                 | 17.459 ms                 |
| ProcessOneStep            | 14.363 ms                 | 23.451 ms                 |
| BlockToStepN              | 61.769 ms                 | 105.066 ms                |
+---------------------------+---------------------------+---------------------------+
W20240129 03:36:24.031005 1228135 grad_async_v1.h:406] Sleep in <BlockToStepN>, step_no=359, pq.top=359
W20240129 03:36:24.732702 1228510 grad_async_v1.h:280] Detect new sample comes, old_end5, new_end6
W20240129 03:36:25.031005 1228135 grad_async_v1.h:406] Sleep in <BlockToStepN>, step_no=368, pq.top=368
W20240129 03:36:25.732509 1228510 grad_async_v1.h:280] Detect new sample comes, old_end4, new_end5
W20240129 03:36:26.031006 1228135 grad_async_v1.h:406] Sleep in <BlockToStepN>, step_no=377, pq.top=377
W20240129 03:36:26.739444 1228510 grad_async_v1.h:280] Detect new sample comes, old_end3, new_end4
W20240129 03:36:27.031004 1228135 grad_async_v1.h:406] Sleep in <BlockToStepN>, step_no=386, pq.top=386
W20240129 03:36:27.740859 1228510 grad_async_v1.h:280] Detect new sample comes, old_end2, new_end3
W20240129 03:36:28.031008 1228135 grad_async_v1.h:406] Sleep in <BlockToStepN>, step_no=395, pq.top=395
+---------------------------+---------------------------+---------------------------+
| Name                      | P50                       | P99                       |
+---------------------------+---------------------------+---------------------------+
| GenInput                  | 1.092 ms                  | 15.831 ms                 |
| Forward                   | 3.411 ms                  | 4.951 ms                  |
| Backward                  | 5.627 ms                  | 6.623 ms                  |
| Optimize                  | 1.290 ms                  | 2.959 ms                  |
| BarrierTimeBeforeRank0    | 22.165 us                 | 10.572 ms                 |
| AfterBackward             | 14.382 ms                 | 25.258 ms                 |
| BlockToStepN              | 65.266 ms                 | 105.107 ms                |
| OneStep                   | 95.361 ms                 | 137.862 ms                |
+---------------------------+---------------------------+---------------------------+
[proc 0] 400 steps, total: 10.891, sample: 0.274, forward: 0.329, backward: 0.556, update: 0.129
[proc 1] 400 steps, total: 10.891, sample: 0.181, forward: 0.309, backward: 0.542, update: 0.142
[proc 3] 400 steps, total: 10.891, sample: 0.176, forward: 0.267, backward: 0.539, update: 0.139
[proc 2] 400 steps, total: 10.891, sample: 0.173, forward: 0.266, backward: 0.539, update: 0.145
W20240129 03:36:28.799806 1228510 grad_async_v1.h:280] Detect new sample comes, old_end2, new_end3
+---------------------------+---------------------------+---------------------------+
| Name                      | P50                       | P99                       |
+---------------------------+---------------------------+---------------------------+
| ProcessBack:Shuffle       | 1.818 ms                  | 3.693 ms                  |
| ProcessBack:UpdateCache   | 1.247 ms                  | 2.000 ms                  |
| ProcessBack:UpsertPq      | 10.366 ms                 | 18.018 ms                 |
| ProcessOneStep            | 14.348 ms                 | 25.236 ms                 |
| BlockToStepN              | 65.233 ms                 | 105.066 ms                |
+---------------------------+---------------------------+---------------------------+
W20240129 03:36:29.054109 1228135 grad_async_v1.h:406] Sleep in <BlockToStepN>, step_no=405, pq.top=405
W20240129 03:36:29.863876 1228510 grad_async_v1.h:280] Detect new sample comes, old_end2, new_end3
W20240129 03:36:30.054005 1228135 grad_async_v1.h:406] Sleep in <BlockToStepN>, step_no=414, pq.top=414
W20240129 03:36:30.864463 1228510 grad_async_v1.h:280] Detect new sample comes, old_end1, new_end2
W20240129 03:36:31.054006 1228135 grad_async_v1.h:406] Sleep in <BlockToStepN>, step_no=423, pq.top=423
W20240129 03:36:31.900645 1228510 grad_async_v1.h:280] Detect new sample comes, old_end0, new_end1
W20240129 03:36:32.054008 1228135 grad_async_v1.h:406] Sleep in <BlockToStepN>, step_no=432, pq.top=432
W20240129 03:36:32.915081 1228510 grad_async_v1.h:280] Detect new sample comes, old_end9, new_end0
W20240129 03:36:33.056586 1228135 grad_async_v1.h:406] Sleep in <BlockToStepN>, step_no=441, pq.top=441
+---------------------------+---------------------------+---------------------------+
| Name                      | P50                       | P99                       |
+---------------------------+---------------------------+---------------------------+
| GenInput                  | 1.101 ms                  | 15.831 ms                 |
| Forward                   | 3.411 ms                  | 4.951 ms                  |
| Backward                  | 5.626 ms                  | 6.623 ms                  |
| Optimize                  | 1.285 ms                  | 2.959 ms                  |
| BarrierTimeBeforeRank0    | 21.953 us                 | 10.572 ms                 |
| AfterBackward             | 14.366 ms                 | 25.695 ms                 |
| BlockToStepN              | 67.021 ms                 | 105.178 ms                |
| OneStep                   | 97.346 ms                 | 137.862 ms                |
+---------------------------+---------------------------+---------------------------+
+---------------------------+---------------------------+---------------------------+
| Name                      | P50                       | P99                       |
+---------------------------+---------------------------+---------------------------+
| ProcessBack:Shuffle       | 1.808 ms                  | 3.693 ms                  |
| ProcessBack:UpdateCache   | 1.230 ms                  | 2.000 ms                  |
| ProcessBack:UpsertPq      | 10.404 ms                 | 18.259 ms                 |
| ProcessOneStep            | 14.359 ms                 | 25.655 ms                 |
| BlockToStepN              | 67.103 ms                 | 105.148 ms                |
+---------------------------+---------------------------+---------------------------+
W20240129 03:36:33.977682 1228510 grad_async_v1.h:280] Detect new sample comes, old_end8, new_end9
W20240129 03:36:34.056008 1228135 grad_async_v1.h:406] Sleep in <BlockToStepN>, step_no=449, pq.top=449
W20240129 03:36:34.982532 1228510 grad_async_v1.h:280] Detect new sample comes, old_end7, new_end8
W20240129 03:36:35.056005 1228135 grad_async_v1.h:406] Sleep in <BlockToStepN>, step_no=458, pq.top=458
W20240129 03:36:36.006006 1228510 grad_async_v1.h:280] Detect new sample comes, old_end6, new_end7
W20240129 03:36:36.056005 1228135 grad_async_v1.h:406] Sleep in <BlockToStepN>, step_no=467, pq.top=467
W20240129 03:36:37.023218 1228510 grad_async_v1.h:280] Detect new sample comes, old_end5, new_end6
W20240129 03:36:37.056005 1228135 grad_async_v1.h:406] Sleep in <BlockToStepN>, step_no=476, pq.top=476
W20240129 03:36:38.056006 1228135 grad_async_v1.h:406] Sleep in <BlockToStepN>, step_no=484, pq.top=484
W20240129 03:36:38.095908 1228510 grad_async_v1.h:280] Detect new sample comes, old_end4, new_end5
+---------------------------+---------------------------+---------------------------+
| Name                      | P50                       | P99                       |
+---------------------------+---------------------------+---------------------------+
| GenInput                  | 1.108 ms                  | 15.474 ms                 |
| Forward                   | 3.404 ms                  | 4.940 ms                  |
| Backward                  | 5.627 ms                  | 6.471 ms                  |
| Optimize                  | 1.282 ms                  | 2.951 ms                  |
| BarrierTimeBeforeRank0    | 22.320 us                 | 10.572 ms                 |
| AfterBackward             | 14.382 ms                 | 25.258 ms                 |
| BlockToStepN              | 69.443 ms                 | 105.178 ms                |
| OneStep                   | 98.467 ms                 | 137.862 ms                |
+---------------------------+---------------------------+---------------------------+
+---------------------------+---------------------------+---------------------------+
| Name                      | P50                       | P99                       |
+---------------------------+---------------------------+---------------------------+
| ProcessBack:Shuffle       | 1.799 ms                  | 3.693 ms                  |
| ProcessBack:UpdateCache   | 1.214 ms                  | 1.952 ms                  |
| ProcessBack:UpsertPq      | 10.416 ms                 | 18.435 ms                 |
| ProcessOneStep            | 14.359 ms                 | 25.236 ms                 |
| BlockToStepN              | 69.412 ms                 | 105.516 ms                |
+---------------------------+---------------------------+---------------------------+
W20240129 03:36:39.056008 1228135 grad_async_v1.h:406] Sleep in <BlockToStepN>, step_no=493, pq.top=493
W20240129 03:36:39.150013 1228510 grad_async_v1.h:280] Detect new sample comes, old_end3, new_end4
[proc 2] 500 steps, total: 11.403, sample: 0.192, forward: 0.269, backward: 0.531, update: 0.142
[proc 3] 500 steps, total: 11.403, sample: 0.192, forward: 0.266, backward: 0.540, update: 0.146
[proc 0] 500 steps, total: 11.403, sample: 0.291, forward: 0.324, backward: 0.556, update: 0.127
[proc 1] 500 steps, total: 11.403, sample: 0.193, forward: 0.307, backward: 0.538, update: 0.150
Successfully xmh. training takes 50.40644979476929 seconds
before call kg_cache_controller.StopThreads()
