WARNING: Logging before InitGoogleLogging() is written to STDERR
I20240129 13:19:58.637748 31267 IPC_barrier.h:128] MultiProcessBarrierFactory->ClearIPCMemory()
/data/home/xieminhui/RecStore/src/framework_adapters/torch/kg/dgl-0.9.1/python/dgl/_deprecate/graph.py:1023: DGLWarning: multigraph will be deprecated.DGL will treat all graphs as multigraph in the future.
  dgl_warning("multigraph will be deprecated." \
/data/home/xieminhui/RecStore/src/framework_adapters/torch/kg/dgl-0.9.1/python/dgl/heterograph.py:72: DGLWarning: Recommend creating graphs by `dgl.graph(data)` instead of `dgl.DGLGraph(data)`.
  dgl_warning('Recommend creating graphs by `dgl.graph(data)`'
Reading train triples....
Finished. Read 483142 train triples.
Reading valid triples....
Finished. Read 50000 valid triples.
Reading test triples....
Finished. Read 59071 test triples.
ARGS:  Namespace(model_name='TransE', data_path='/home/xieminhui/dgl-data', dataset='FB15k', format='built_in', data_files=None, delimiter='\t', save_path='/tmp/ckpts/TransE_FB15k_24', no_save_emb=True, max_step=500, batch_size=1200, batch_size_eval=16, neg_sample_size=200, neg_deg_sample=False, neg_deg_sample_eval=False, neg_sample_size_eval=14951, eval_percent=1, no_eval_filter=False, log_interval=100, eval_interval=10000, test=False, num_proc=8, num_thread=1, force_sync_interval=1, hidden_dim=400, lr=0.01, gamma=16.0, double_ent=False, double_rel=False, neg_adversarial_sampling=False, adversarial_temperature=1.0, regularization_coef=0.0, regularization_norm=3, pairwise=False, loss_genre='Logsigmoid', margin=1.0, nr_gpus=8, gpu=[0, 1, 2, 3, 4, 5, 6, 7], mix_cpu_gpu=True, valid=False, rel_part=False, async_update=None, has_edge_importance=False, cached_emb_type='KnownLocalCachedEmbedding', use_my_emb=True, cache_ratio=0.1, shuffle=False, backwardMode='CppAsync', L=10, update_cache_use_omp=0, update_pq_use_omp=0, kForwardItersPerStep=2, backgrad_init='both', eval_filter=True, soft_rel_part=False)
|Train|: 483142
original graph:  DGLGraph(num_nodes=14951, num_edges=592213,
         ndata_schemes={}
         edata_schemes={'tid': Scheme(shape=(), dtype=torch.int64)})
Loading cached metis
WARNING [31267 sampler.py:454] Start PreSampling
WARNING [31267 sampler.py:532] Before construct renumbering_dict
WARNING [31267 sampler.py:555] PreSampling done
W20240129 13:20:04.301560 31267 IPCTensor.h:369] NewIPCTensor: cached_sampler_r0_0 [1000000]0x100000002000 7.629 MB
W20240129 13:20:04.301782 31267 IPCTensor.h:369] NewIPCTensor: cached_sampler_r0_1 [1000000]0x1000007a5000 7.629 MB
W20240129 13:20:04.301851 31267 IPCTensor.h:369] NewIPCTensor: cached_sampler_r0_2 [1000000]0x100000f48000 7.629 MB
W20240129 13:20:04.301904 31267 IPCTensor.h:369] NewIPCTensor: cached_sampler_r0_3 [1000000]0x1000016eb000 7.629 MB
W20240129 13:20:04.301964 31267 IPCTensor.h:369] NewIPCTensor: cached_sampler_r0_4 [1000000]0x100001e8e000 7.629 MB
W20240129 13:20:04.302016 31267 IPCTensor.h:369] NewIPCTensor: cached_sampler_r0_5 [1000000]0x100002631000 7.629 MB
W20240129 13:20:04.302069 31267 IPCTensor.h:369] NewIPCTensor: cached_sampler_r0_6 [1000000]0x100002dd4000 7.629 MB
W20240129 13:20:04.302183 31267 IPCTensor.h:369] NewIPCTensor: cached_sampler_r0_7 [1000000]0x100003577000 7.629 MB
W20240129 13:20:04.302243 31267 IPCTensor.h:369] NewIPCTensor: cached_sampler_r0_8 [1000000]0x100003d1a000 7.629 MB
W20240129 13:20:04.302291 31267 IPCTensor.h:369] NewIPCTensor: cached_sampler_r0_9 [1000000]0x1000044bd000 7.629 MB
W20240129 13:20:04.302358 31267 IPCTensor.h:369] NewIPCTensor: step_r0 [10]0x100004c60000 80 B 
W20240129 13:20:04.302407 31267 IPCTensor.h:369] NewIPCTensor: circle_buffer_end_r0 [1]0x100004c62000 8 B 
W20240129 13:20:04.302448 31267 IPCTensor.h:369] NewIPCTensor: circle_buffer_end_cppseen_r0 [1]0x100004c64000 8 B 
W20240129 13:20:04.302676 31267 IPCTensor.h:369] NewIPCTensor: cached_sampler_r1_0 [1000000]0x100004c66000 7.629 MB
W20240129 13:20:04.302738 31267 IPCTensor.h:369] NewIPCTensor: cached_sampler_r1_1 [1000000]0x100005409000 7.629 MB
W20240129 13:20:04.302788 31267 IPCTensor.h:369] NewIPCTensor: cached_sampler_r1_2 [1000000]0x100005bac000 7.629 MB
W20240129 13:20:04.302845 31267 IPCTensor.h:369] NewIPCTensor: cached_sampler_r1_3 [1000000]0x10000634f000 7.629 MB
W20240129 13:20:04.302893 31267 IPCTensor.h:369] NewIPCTensor: cached_sampler_r1_4 [1000000]0x100006af2000 7.629 MB
W20240129 13:20:04.302940 31267 IPCTensor.h:369] NewIPCTensor: cached_sampler_r1_5 [1000000]0x100007295000 7.629 MB
W20240129 13:20:04.302987 31267 IPCTensor.h:369] NewIPCTensor: cached_sampler_r1_6 [1000000]0x100007a38000 7.629 MB
W20240129 13:20:04.303038 31267 IPCTensor.h:369] NewIPCTensor: cached_sampler_r1_7 [1000000]0x1000081db000 7.629 MB
W20240129 13:20:04.303089 31267 IPCTensor.h:369] NewIPCTensor: cached_sampler_r1_8 [1000000]0x10000897e000 7.629 MB
W20240129 13:20:04.303135 31267 IPCTensor.h:369] NewIPCTensor: cached_sampler_r1_9 [1000000]0x100009121000 7.629 MB
W20240129 13:20:04.303189 31267 IPCTensor.h:369] NewIPCTensor: step_r1 [10]0x1000098c4000 80 B 
W20240129 13:20:04.303227 31267 IPCTensor.h:369] NewIPCTensor: circle_buffer_end_r1 [1]0x1000098c6000 8 B 
W20240129 13:20:04.303272 31267 IPCTensor.h:369] NewIPCTensor: circle_buffer_end_cppseen_r1 [1]0x1000098c8000 8 B 
W20240129 13:20:04.303371 31267 IPCTensor.h:369] NewIPCTensor: cached_sampler_r2_0 [1000000]0x1000098ca000 7.629 MB
W20240129 13:20:04.303417 31267 IPCTensor.h:369] NewIPCTensor: cached_sampler_r2_1 [1000000]0x10000a06d000 7.629 MB
W20240129 13:20:04.303465 31267 IPCTensor.h:369] NewIPCTensor: cached_sampler_r2_2 [1000000]0x10000a810000 7.629 MB
W20240129 13:20:04.303508 31267 IPCTensor.h:369] NewIPCTensor: cached_sampler_r2_3 [1000000]0x10000afb3000 7.629 MB
W20240129 13:20:04.303566 31267 IPCTensor.h:369] NewIPCTensor: cached_sampler_r2_4 [1000000]0x10000b756000 7.629 MB
W20240129 13:20:04.303617 31267 IPCTensor.h:369] NewIPCTensor: cached_sampler_r2_5 [1000000]0x10000bef9000 7.629 MB
W20240129 13:20:04.303678 31267 IPCTensor.h:369] NewIPCTensor: cached_sampler_r2_6 [1000000]0x10000c69c000 7.629 MB
W20240129 13:20:04.303728 31267 IPCTensor.h:369] NewIPCTensor: cached_sampler_r2_7 [1000000]0x10000ce3f000 7.629 MB
W20240129 13:20:04.303781 31267 IPCTensor.h:369] NewIPCTensor: cached_sampler_r2_8 [1000000]0x10000d5e2000 7.629 MB
W20240129 13:20:04.303824 31267 IPCTensor.h:369] NewIPCTensor: cached_sampler_r2_9 [1000000]0x10000dd85000 7.629 MB
W20240129 13:20:04.303871 31267 IPCTensor.h:369] NewIPCTensor: step_r2 [10]0x10000e528000 80 B 
W20240129 13:20:04.303910 31267 IPCTensor.h:369] NewIPCTensor: circle_buffer_end_r2 [1]0x10000e52a000 8 B 
W20240129 13:20:04.303951 31267 IPCTensor.h:369] NewIPCTensor: circle_buffer_end_cppseen_r2 [1]0x10000e52c000 8 B 
W20240129 13:20:04.304044 31267 IPCTensor.h:369] NewIPCTensor: cached_sampler_r3_0 [1000000]0x10000e52e000 7.629 MB
W20240129 13:20:04.304103 31267 IPCTensor.h:369] NewIPCTensor: cached_sampler_r3_1 [1000000]0x10000ecd1000 7.629 MB
W20240129 13:20:04.304152 31267 IPCTensor.h:369] NewIPCTensor: cached_sampler_r3_2 [1000000]0x10000f474000 7.629 MB
W20240129 13:20:04.304212 31267 IPCTensor.h:369] NewIPCTensor: cached_sampler_r3_3 [1000000]0x10000fc17000 7.629 MB
W20240129 13:20:04.304261 31267 IPCTensor.h:369] NewIPCTensor: cached_sampler_r3_4 [1000000]0x1000103ba000 7.629 MB
W20240129 13:20:04.304313 31267 IPCTensor.h:369] NewIPCTensor: cached_sampler_r3_5 [1000000]0x100010b5d000 7.629 MB
W20240129 13:20:04.304365 31267 IPCTensor.h:369] NewIPCTensor: cached_sampler_r3_6 [1000000]0x100011300000 7.629 MB
W20240129 13:20:04.304436 31267 IPCTensor.h:369] NewIPCTensor: cached_sampler_r3_7 [1000000]0x100011aa3000 7.629 MB
W20240129 13:20:04.304489 31267 IPCTensor.h:369] NewIPCTensor: cached_sampler_r3_8 [1000000]0x100012246000 7.629 MB
W20240129 13:20:04.304536 31267 IPCTensor.h:369] NewIPCTensor: cached_sampler_r3_9 [1000000]0x1000129e9000 7.629 MB
W20240129 13:20:04.304580 31267 IPCTensor.h:369] NewIPCTensor: step_r3 [10]0x10001318c000 80 B 
W20240129 13:20:04.304617 31267 IPCTensor.h:369] NewIPCTensor: circle_buffer_end_r3 [1]0x10001318e000 8 B 
W20240129 13:20:04.304663 31267 IPCTensor.h:369] NewIPCTensor: circle_buffer_end_cppseen_r3 [1]0x100013190000 8 B 
W20240129 13:20:04.304760 31267 IPCTensor.h:369] NewIPCTensor: cached_sampler_r4_0 [1000000]0x100013192000 7.629 MB
W20240129 13:20:04.304824 31267 IPCTensor.h:369] NewIPCTensor: cached_sampler_r4_1 [1000000]0x100013935000 7.629 MB
W20240129 13:20:04.304868 31267 IPCTensor.h:369] NewIPCTensor: cached_sampler_r4_2 [1000000]0x1000140d8000 7.629 MB
W20240129 13:20:04.304913 31267 IPCTensor.h:369] NewIPCTensor: cached_sampler_r4_3 [1000000]0x10001487b000 7.629 MB
W20240129 13:20:04.304961 31267 IPCTensor.h:369] NewIPCTensor: cached_sampler_r4_4 [1000000]0x10001501e000 7.629 MB
W20240129 13:20:04.305014 31267 IPCTensor.h:369] NewIPCTensor: cached_sampler_r4_5 [1000000]0x1000157c1000 7.629 MB
W20240129 13:20:04.305061 31267 IPCTensor.h:369] NewIPCTensor: cached_sampler_r4_6 [1000000]0x100015f64000 7.629 MB
W20240129 13:20:04.305112 31267 IPCTensor.h:369] NewIPCTensor: cached_sampler_r4_7 [1000000]0x100016707000 7.629 MB
W20240129 13:20:04.305162 31267 IPCTensor.h:369] NewIPCTensor: cached_sampler_r4_8 [1000000]0x100016eaa000 7.629 MB
W20240129 13:20:04.305213 31267 IPCTensor.h:369] NewIPCTensor: cached_sampler_r4_9 [1000000]0x10001764d000 7.629 MB
W20240129 13:20:04.305263 31267 IPCTensor.h:369] NewIPCTensor: step_r4 [10]0x100017df0000 80 B 
W20240129 13:20:04.305302 31267 IPCTensor.h:369] NewIPCTensor: circle_buffer_end_r4 [1]0x100017df2000 8 B 
W20240129 13:20:04.305341 31267 IPCTensor.h:369] NewIPCTensor: circle_buffer_end_cppseen_r4 [1]0x100017df4000 8 B 
W20240129 13:20:04.305419 31267 IPCTensor.h:369] NewIPCTensor: cached_sampler_r5_0 [1000000]0x100017df6000 7.629 MB
W20240129 13:20:04.305475 31267 IPCTensor.h:369] NewIPCTensor: cached_sampler_r5_1 [1000000]0x100018599000 7.629 MB
W20240129 13:20:04.305531 31267 IPCTensor.h:369] NewIPCTensor: cached_sampler_r5_2 [1000000]0x100018d3c000 7.629 MB
W20240129 13:20:04.305577 31267 IPCTensor.h:369] NewIPCTensor: cached_sampler_r5_3 [1000000]0x1000194df000 7.629 MB
W20240129 13:20:04.305625 31267 IPCTensor.h:369] NewIPCTensor: cached_sampler_r5_4 [1000000]0x100019c82000 7.629 MB
W20240129 13:20:04.305680 31267 IPCTensor.h:369] NewIPCTensor: cached_sampler_r5_5 [1000000]0x10001a425000 7.629 MB
W20240129 13:20:04.305733 31267 IPCTensor.h:369] NewIPCTensor: cached_sampler_r5_6 [1000000]0x10001abc8000 7.629 MB
W20240129 13:20:04.305791 31267 IPCTensor.h:369] NewIPCTensor: cached_sampler_r5_7 [1000000]0x10001b36b000 7.629 MB
W20240129 13:20:04.305853 31267 IPCTensor.h:369] NewIPCTensor: cached_sampler_r5_8 [1000000]0x10001bb0e000 7.629 MB
W20240129 13:20:04.305907 31267 IPCTensor.h:369] NewIPCTensor: cached_sampler_r5_9 [1000000]0x10001c2b1000 7.629 MB
W20240129 13:20:04.305950 31267 IPCTensor.h:369] NewIPCTensor: step_r5 [10]0x10001ca54000 80 B 
W20240129 13:20:04.305989 31267 IPCTensor.h:369] NewIPCTensor: circle_buffer_end_r5 [1]0x10001ca56000 8 B 
W20240129 13:20:04.306027 31267 IPCTensor.h:369] NewIPCTensor: circle_buffer_end_cppseen_r5 [1]0x10001ca58000 8 B 
W20240129 13:20:04.306106 31267 IPCTensor.h:369] NewIPCTensor: cached_sampler_r6_0 [1000000]0x10001ca5a000 7.629 MB
W20240129 13:20:04.306161 31267 IPCTensor.h:369] NewIPCTensor: cached_sampler_r6_1 [1000000]0x10001d1fd000 7.629 MB
W20240129 13:20:04.306216 31267 IPCTensor.h:369] NewIPCTensor: cached_sampler_r6_2 [1000000]0x10001d9a0000 7.629 MB
W20240129 13:20:04.306274 31267 IPCTensor.h:369] NewIPCTensor: cached_sampler_r6_3 [1000000]0x10001e143000 7.629 MB
W20240129 13:20:04.306320 31267 IPCTensor.h:369] NewIPCTensor: cached_sampler_r6_4 [1000000]0x10001e8e6000 7.629 MB
W20240129 13:20:04.306371 31267 IPCTensor.h:369] NewIPCTensor: cached_sampler_r6_5 [1000000]0x10001f089000 7.629 MB
W20240129 13:20:04.306425 31267 IPCTensor.h:369] NewIPCTensor: cached_sampler_r6_6 [1000000]0x10001f82c000 7.629 MB
W20240129 13:20:04.306479 31267 IPCTensor.h:369] NewIPCTensor: cached_sampler_r6_7 [1000000]0x10001ffcf000 7.629 MB
W20240129 13:20:04.306532 31267 IPCTensor.h:369] NewIPCTensor: cached_sampler_r6_8 [1000000]0x100020772000 7.629 MB
W20240129 13:20:04.306581 31267 IPCTensor.h:369] NewIPCTensor: cached_sampler_r6_9 [1000000]0x100020f15000 7.629 MB
W20240129 13:20:04.306632 31267 IPCTensor.h:369] NewIPCTensor: step_r6 [10]0x1000216b8000 80 B 
W20240129 13:20:04.306669 31267 IPCTensor.h:369] NewIPCTensor: circle_buffer_end_r6 [1]0x1000216ba000 8 B 
W20240129 13:20:04.306708 31267 IPCTensor.h:369] NewIPCTensor: circle_buffer_end_cppseen_r6 [1]0x1000216bc000 8 B 
W20240129 13:20:04.306797 31267 IPCTensor.h:369] NewIPCTensor: cached_sampler_r7_0 [1000000]0x1000216be000 7.629 MB
W20240129 13:20:04.306849 31267 IPCTensor.h:369] NewIPCTensor: cached_sampler_r7_1 [1000000]0x100021e61000 7.629 MB
W20240129 13:20:04.306895 31267 IPCTensor.h:369] NewIPCTensor: cached_sampler_r7_2 [1000000]0x100022604000 7.629 MB
W20240129 13:20:04.306941 31267 IPCTensor.h:369] NewIPCTensor: cached_sampler_r7_3 [1000000]0x100022da7000 7.629 MB
W20240129 13:20:04.306988 31267 IPCTensor.h:369] NewIPCTensor: cached_sampler_r7_4 [1000000]0x10002354a000 7.629 MB
W20240129 13:20:04.307040 31267 IPCTensor.h:369] NewIPCTensor: cached_sampler_r7_5 [1000000]0x100023ced000 7.629 MB
W20240129 13:20:04.307091 31267 IPCTensor.h:369] NewIPCTensor: cached_sampler_r7_6 [1000000]0x100024490000 7.629 MB
W20240129 13:20:04.307142 31267 IPCTensor.h:369] NewIPCTensor: cached_sampler_r7_7 [1000000]0x100024c33000 7.629 MB
W20240129 13:20:04.307188 31267 IPCTensor.h:369] NewIPCTensor: cached_sampler_r7_8 [1000000]0x1000253d6000 7.629 MB
W20240129 13:20:04.307250 31267 IPCTensor.h:369] NewIPCTensor: cached_sampler_r7_9 [1000000]0x100025b79000 7.629 MB
W20240129 13:20:04.307297 31267 IPCTensor.h:369] NewIPCTensor: step_r7 [10]0x10002631c000 80 B 
W20240129 13:20:04.307336 31267 IPCTensor.h:369] NewIPCTensor: circle_buffer_end_r7 [1]0x10002631e000 8 B 
W20240129 13:20:04.307384 31267 IPCTensor.h:369] NewIPCTensor: circle_buffer_end_cppseen_r7 [1]0x100026320000 8 B 
W20240129 13:20:04.572319 31267 IPCTensor.h:369] NewIPCTensor: full_emb [14951, 400]0x100026322000 22.81 MB
W20240129 13:20:04.572485 31267 IPCTensor.h:369] NewIPCTensor: full_emb_SparseRowWiseAdaGrad_sum [14951]0x1000279f4000 58.4 kB
{0: Graph(num_nodes=8499, num_edges=86694,
      ndata_schemes={'_ID': Scheme(shape=(), dtype=torch.int64), 'inner_node': Scheme(shape=(), dtype=torch.int32), 'part_id': Scheme(shape=(), dtype=torch.int64)}
      edata_schemes={'_ID': Scheme(shape=(), dtype=torch.int64), 'inner_edge': Scheme(shape=(), dtype=torch.int8)}), 1: Graph(num_nodes=6140, num_edges=88951,
      ndata_schemes={'_ID': Scheme(shape=(), dtype=torch.int64), 'inner_node': Scheme(shape=(), dtype=torch.int32), 'part_id': Scheme(shape=(), dtype=torch.int64)}
      edata_schemes={'_ID': Scheme(shape=(), dtype=torch.int64), 'inner_edge': Scheme(shape=(), dtype=torch.int8)}), 2: Graph(num_nodes=8646, num_edges=109741,
      ndata_schemes={'_ID': Scheme(shape=(), dtype=torch.int64), 'inner_node': Scheme(shape=(), dtype=torch.int32), 'part_id': Scheme(shape=(), dtype=torch.int64)}
      edata_schemes={'_ID': Scheme(shape=(), dtype=torch.int64), 'inner_edge': Scheme(shape=(), dtype=torch.int8)}), 3: Graph(num_nodes=8503, num_edges=86907,
      ndata_schemes={'_ID': Scheme(shape=(), dtype=torch.int64), 'inner_node': Scheme(shape=(), dtype=torch.int32), 'part_id': Scheme(shape=(), dtype=torch.int64)}
      edata_schemes={'_ID': Scheme(shape=(), dtype=torch.int64), 'inner_edge': Scheme(shape=(), dtype=torch.int8)}), 4: Graph(num_nodes=10597, num_edges=122217,
      ndata_schemes={'_ID': Scheme(shape=(), dtype=torch.int64), 'inner_node': Scheme(shape=(), dtype=torch.int32), 'part_id': Scheme(shape=(), dtype=torch.int64)}
      edata_schemes={'_ID': Scheme(shape=(), dtype=torch.int64), 'inner_edge': Scheme(shape=(), dtype=torch.int8)}), 5: Graph(num_nodes=8255, num_edges=102550,
      ndata_schemes={'_ID': Scheme(shape=(), dtype=torch.int64), 'inner_node': Scheme(shape=(), dtype=torch.int32), 'part_id': Scheme(shape=(), dtype=torch.int64)}
      edata_schemes={'_ID': Scheme(shape=(), dtype=torch.int64), 'inner_edge': Scheme(shape=(), dtype=torch.int8)}), 6: Graph(num_nodes=7422, num_edges=104094,
      ndata_schemes={'_ID': Scheme(shape=(), dtype=torch.int64), 'inner_node': Scheme(shape=(), dtype=torch.int32), 'part_id': Scheme(shape=(), dtype=torch.int64)}
      edata_schemes={'_ID': Scheme(shape=(), dtype=torch.int64), 'inner_edge': Scheme(shape=(), dtype=torch.int8)}), 7: Graph(num_nodes=7815, num_edges=137832,
      ndata_schemes={'_ID': Scheme(shape=(), dtype=torch.int64), 'inner_node': Scheme(shape=(), dtype=torch.int32), 'part_id': Scheme(shape=(), dtype=torch.int64)}
      edata_schemes={'_ID': Scheme(shape=(), dtype=torch.int64), 'inner_edge': Scheme(shape=(), dtype=torch.int8)})}
MertisPartition: part 0 has 8499 N 86694 E
MertisPartition: part 1 has 6140 N 88951 E
MertisPartition: part 2 has 8646 N 109741 E
MertisPartition: part 3 has 8503 N 86907 E
MertisPartition: part 4 has 10597 N 122217 E
MertisPartition: part 5 has 8255 N 102550 E
MertisPartition: part 6 has 7422 N 104094 E
MertisPartition: part 7 has 7815 N 137832 E
Rank0: cached key size 186
Rank1: cached key size 186
Rank2: cached key size 186
Rank3: cached key size 186
Rank4: cached key size 186
Rank5: cached key size 186
Rank6: cached key size 186
Rank7: cached key size 186
Before renumbering graph:  {'_ID': tensor([    0,    15,    36,  ..., 11946,  9147, 13282]), 'inner_node': tensor([1, 1, 1,  ..., 0, 0, 0], dtype=torch.int32), 'part_id': tensor([0, 0, 0,  ..., 6, 3, 7])}
After renumbering graph:  {'_ID': tensor([1489, 1909, 2458,  ..., 8350, 8621, 7644]), 'inner_node': tensor([1, 1, 1,  ..., 0, 0, 0], dtype=torch.int32), 'part_id': tensor([0, 0, 0,  ..., 6, 3, 7])}
part_g: DGLGraph(num_nodes=8499, num_edges=86694,
         ndata_schemes={'_ID': Scheme(shape=(), dtype=torch.int64)}
         edata_schemes={'tid': Scheme(shape=(), dtype=torch.int64)})
part_g: DGLGraph(num_nodes=8499, num_edges=86694,
         ndata_schemes={'_ID': Scheme(shape=(), dtype=torch.int64)}
         edata_schemes={'tid': Scheme(shape=(), dtype=torch.int64)})
Total initialize time 6.032 seconds
[Rank1] pid = 31803
[Rank2] pid = 31856
[Rank3] pid = 31931
[Rank4] pid = 31942
[Rank5] pid = 32059
[Rank6] pid = 32123
INFO [31267 distributed_c10d.py:442] Added key: store_based_barrier_key:1 to store for rank: 0
INFO [31803 distributed_c10d.py:442] Added key: store_based_barrier_key:1 to store for rank: 1
INFO [31856 distributed_c10d.py:442] Added key: store_based_barrier_key:1 to store for rank: 2
INFO [31931 distributed_c10d.py:442] Added key: store_based_barrier_key:1 to store for rank: 3
INFO [31942 distributed_c10d.py:442] Added key: store_based_barrier_key:1 to store for rank: 4
INFO [32123 distributed_c10d.py:442] Added key: store_based_barrier_key:1 to store for rank: 6
INFO [32059 distributed_c10d.py:442] Added key: store_based_barrier_key:1 to store for rank: 5
INFO [32124 distributed_c10d.py:442] Added key: store_based_barrier_key:1 to store for rank: 7
INFO [32123 distributed_c10d.py:476] Rank 6: Completed store-based barrier for key:store_based_barrier_key:1 with 8 nodes.
INFO [31942 distributed_c10d.py:476] Rank 4: Completed store-based barrier for key:store_based_barrier_key:1 with 8 nodes.
INFO [32124 distributed_c10d.py:476] Rank 7: Completed store-based barrier for key:store_based_barrier_key:1 with 8 nodes.
INFO [32059 distributed_c10d.py:476] Rank 5: Completed store-based barrier for key:store_based_barrier_key:1 with 8 nodes.
INFO [31931 distributed_c10d.py:476] Rank 3: Completed store-based barrier for key:store_based_barrier_key:1 with 8 nodes.
W20240129 13:20:07.301592 32228 IPCTensor.h:409] NewIPCGPUTensor: embedding_cache_6 [1495, 400]; dev=6; size=2.281 MB
W20240129 13:20:07.301797 32180 IPCTensor.h:409] NewIPCGPUTensor: embedding_cache_7 [1495, 400]; dev=7; size=2.281 MB
W20240129 13:20:07.301793 31996 IPCTensor.h:409] NewIPCGPUTensor: embedding_cache_4 [1495, 400]; dev=4; size=2.281 MB
W20240129 13:20:07.301806 32060 IPCTensor.h:409] NewIPCGPUTensor: embedding_cache_5 [1495, 400]; dev=5; size=2.281 MB
W20240129 13:20:07.301810 31932 IPCTensor.h:409] NewIPCGPUTensor: embedding_cache_3 [1495, 400]; dev=3; size=2.281 MB
INFO [31267 distributed_c10d.py:476] Rank 0: Completed store-based barrier for key:store_based_barrier_key:1 with 8 nodes.
INFO [31803 distributed_c10d.py:476] Rank 1: Completed store-based barrier for key:store_based_barrier_key:1 with 8 nodes.
INFO [31856 distributed_c10d.py:476] Rank 2: Completed store-based barrier for key:store_based_barrier_key:1 with 8 nodes.
W20240129 13:20:07.309036 32125 IPCTensor.h:409] NewIPCGPUTensor: embedding_cache_0 [1495, 400]; dev=0; size=2.281 MB
W20240129 13:20:07.311728 31868 IPCTensor.h:409] NewIPCGPUTensor: embedding_cache_2 [1495, 400]; dev=2; size=2.281 MB
W20240129 13:20:07.311733 31804 IPCTensor.h:409] NewIPCGPUTensor: embedding_cache_1 [1495, 400]; dev=1; size=2.281 MB
W20240129 13:20:07.331080 32228 IPCTensor.h:369] NewIPCTensor: input_keys_6 [1000000]0x100027a0a000 7.629 MB
W20240129 13:20:07.331092 32180 IPCTensor.h:369] NewIPCTensor: input_keys_7 [1000000]0x100028950000 7.629 MB
W20240129 13:20:07.331090 31932 IPCTensor.h:369] NewIPCTensor: input_keys_3 [1000000]0x1000281ad000 7.629 MB
W20240129 13:20:07.331292 32228 IPCTensor.h:369] NewIPCTensor: input_keys_neg_6 [1000000]0x1000290f3000 7.629 MB
W20240129 13:20:07.331298 32180 IPCTensor.h:369] NewIPCTensor: input_keys_neg_7 [1000000]0x100029896000 7.629 MB
W20240129 13:20:07.331324 31932 IPCTensor.h:369] NewIPCTensor: input_keys_neg_3 [1000000]0x10002a039000 7.629 MB
W20240129 13:20:07.331378 32180 IPCTensor.h:369] NewIPCTensor: backward_grads_7 [1000000, 400]0x10002a7dc000 1.49 GB
W20240129 13:20:07.331388 32228 IPCTensor.h:369] NewIPCTensor: backward_grads_6 [1000000, 400]0x100089dbf000 1.49 GB
W20240129 13:20:07.331408 31932 IPCTensor.h:369] NewIPCTensor: backward_grads_3 [1000000, 400]0x1000e93a2000 1.49 GB
W20240129 13:20:07.331465 32180 IPCTensor.h:369] NewIPCTensor: backward_grads_neg_7 [1000000, 400]0x100148985000 1.49 GB
W20240129 13:20:07.331475 31932 IPCTensor.h:369] NewIPCTensor: backward_grads_neg_3 [1000000, 400]0x1001a7f68000 1.49 GB
W20240129 13:20:07.331487 32228 IPCTensor.h:369] NewIPCTensor: backward_grads_neg_6 [1000000, 400]0x10020754b000 1.49 GB
W20240129 13:20:07.331538 32180 IPCTensor.h:409] NewIPCGPUTensor: backward_grads_7_gpu [1000000, 400]; dev=7; size=1.49 GB
W20240129 13:20:07.331545 31932 IPCTensor.h:409] NewIPCGPUTensor: backward_grads_3_gpu [1000000, 400]; dev=3; size=1.49 GB
W20240129 13:20:07.331557 32228 IPCTensor.h:409] NewIPCGPUTensor: backward_grads_6_gpu [1000000, 400]; dev=6; size=1.49 GB
W20240129 13:20:07.337083 31932 IPCTensor.h:409] NewIPCGPUTensor: backward_grads_neg_3_gpu [1000000, 400]; dev=3; size=1.49 GB
W20240129 13:20:07.337119 32228 IPCTensor.h:409] NewIPCGPUTensor: backward_grads_neg_6_gpu [1000000, 400]; dev=6; size=1.49 GB
W20240129 13:20:07.337263 32060 IPCTensor.h:369] NewIPCTensor: input_keys_5 [1000000]0x100266b36000 7.629 MB
W20240129 13:20:07.337400 32060 IPCTensor.h:369] NewIPCTensor: input_keys_neg_5 [1000000]0x1002672d9000 7.629 MB
W20240129 13:20:07.337443 31996 IPCTensor.h:369] NewIPCTensor: input_keys_4 [1000000]0x100267a7c000 7.629 MB
W20240129 13:20:07.337471 32060 IPCTensor.h:369] NewIPCTensor: backward_grads_5 [1000000, 400]0x10026821f000 1.49 GB
W20240129 13:20:07.337534 32060 IPCTensor.h:369] NewIPCTensor: backward_grads_neg_5 [1000000, 400]0x1002c7802000 1.49 GB
W20240129 13:20:07.337589 32060 IPCTensor.h:409] NewIPCGPUTensor: backward_grads_5_gpu [1000000, 400]; dev=5; size=1.49 GB
W20240129 13:20:07.337600 31996 IPCTensor.h:369] NewIPCTensor: input_keys_neg_4 [1000000]0x100326de5000 7.629 MB
W20240129 13:20:07.337666 31996 IPCTensor.h:369] NewIPCTensor: backward_grads_4 [1000000, 400]0x100327588000 1.49 GB
W20240129 13:20:07.337718 31996 IPCTensor.h:369] NewIPCTensor: backward_grads_neg_4 [1000000, 400]0x100386b6b000 1.49 GB
W20240129 13:20:07.337769 31996 IPCTensor.h:409] NewIPCGPUTensor: backward_grads_4_gpu [1000000, 400]; dev=4; size=1.49 GB
W20240129 13:20:07.343855 32180 IPCTensor.h:409] NewIPCGPUTensor: backward_grads_neg_7_gpu [1000000, 400]; dev=7; size=1.49 GB
W20240129 13:20:07.343926 31996 IPCTensor.h:409] NewIPCGPUTensor: backward_grads_neg_4_gpu [1000000, 400]; dev=4; size=1.49 GB
W20240129 13:20:07.343941 32060 IPCTensor.h:409] NewIPCGPUTensor: backward_grads_neg_5_gpu [1000000, 400]; dev=5; size=1.49 GB
W20240129 13:20:07.352592 32125 IPCTensor.h:369] NewIPCTensor: input_keys_0 [1000000]0x1003e6160000 7.629 MB
W20240129 13:20:07.352720 32125 IPCTensor.h:369] NewIPCTensor: input_keys_neg_0 [1000000]0x1003e6903000 7.629 MB
W20240129 13:20:07.352797 32125 IPCTensor.h:369] NewIPCTensor: backward_grads_0 [1000000, 400]0x1003e70a6000 1.49 GB
W20240129 13:20:07.352857 32125 IPCTensor.h:369] NewIPCTensor: backward_grads_neg_0 [1000000, 400]0x100446689000 1.49 GB
W20240129 13:20:07.352922 32125 IPCTensor.h:409] NewIPCGPUTensor: backward_grads_0_gpu [1000000, 400]; dev=0; size=1.49 GB
W20240129 13:20:07.356611 32125 IPCTensor.h:409] NewIPCGPUTensor: backward_grads_neg_0_gpu [1000000, 400]; dev=0; size=1.49 GB
W20240129 13:20:07.379591 31868 IPCTensor.h:369] NewIPCTensor: input_keys_2 [1000000]0x1004a5c72000 7.629 MB
W20240129 13:20:07.379717 31868 IPCTensor.h:369] NewIPCTensor: input_keys_neg_2 [1000000]0x1004a6415000 7.629 MB
W20240129 13:20:07.379770 31868 IPCTensor.h:369] NewIPCTensor: backward_grads_2 [1000000, 400]0x1004a6bb8000 1.49 GB
W20240129 13:20:07.379813 31868 IPCTensor.h:369] NewIPCTensor: backward_grads_neg_2 [1000000, 400]0x10050619b000 1.49 GB
W20240129 13:20:07.379858 31868 IPCTensor.h:409] NewIPCGPUTensor: backward_grads_2_gpu [1000000, 400]; dev=2; size=1.49 GB
W20240129 13:20:07.381626 31868 IPCTensor.h:409] NewIPCGPUTensor: backward_grads_neg_2_gpu [1000000, 400]; dev=2; size=1.49 GB
W20240129 13:20:07.388862 31804 IPCTensor.h:369] NewIPCTensor: input_keys_1 [1000000]0x100565784000 7.629 MB
W20240129 13:20:07.389005 31804 IPCTensor.h:369] NewIPCTensor: input_keys_neg_1 [1000000]0x100565f27000 7.629 MB
W20240129 13:20:07.389087 31804 IPCTensor.h:369] NewIPCTensor: backward_grads_1 [1000000, 400]0x1005666ca000 1.49 GB
W20240129 13:20:07.389155 31804 IPCTensor.h:369] NewIPCTensor: backward_grads_neg_1 [1000000, 400]0x1005c5cad000 1.49 GB
W20240129 13:20:07.389225 31804 IPCTensor.h:409] NewIPCGPUTensor: backward_grads_1_gpu [1000000, 400]; dev=1; size=1.49 GB
W20240129 13:20:07.391438 31804 IPCTensor.h:409] NewIPCGPUTensor: backward_grads_neg_1_gpu [1000000, 400]; dev=1; size=1.49 GB
cudaHostRegister 0x100026322000
1: KnownLocalCachedEmbedding init done
WARNING [31803 DistTensor.py:56] The tensor name already exists in the kvstore
cudaHostRegister 0x100026322000
2: KnownLocalCachedEmbedding init done
WARNING [31856 DistTensor.py:56] The tensor name already exists in the kvstore
cudaHostRegister 0x100026322000
3: KnownLocalCachedEmbedding init done
WARNING [31931 DistTensor.py:56] The tensor name already exists in the kvstore
cudaHostRegister 0x100026322000
7: KnownLocalCachedEmbedding init done
WARNING [32124 DistTensor.py:56] The tensor name already exists in the kvstore
cudaHostRegister 0x100026322000
6: KnownLocalCachedEmbedding init done
WARNING [32123 DistTensor.py:56] The tensor name already exists in the kvstore
cudaHostRegister 0x100026322000
5: KnownLocalCachedEmbedding init done
WARNING [32059 DistTensor.py:56] The tensor name already exists in the kvstore
cudaHostRegister 0x100026322000
4: KnownLocalCachedEmbedding init done
WARNING [31942 DistTensor.py:56] The tensor name already exists in the kvstore
[Rank7] pid = 32124
New CachedEmbedding, name=full_emb, shape=(14951, 400), cache_type=KnownLocalCachedEmbedding
fixed cache_range is [(0, 1495), (1495, 2990), (2990, 4485), (4485, 5980), (5980, 7475), (7475, 8970), (8970, 10465), (10465, 11960)]
cudaHostRegister 0x100026322000
0: KnownLocalCachedEmbedding init done
WARNING [31267 DistTensor.py:56] The tensor name already exists in the kvstore
I20240129 13:20:09.651176 32125 IPC_barrier.h:118] CreateBarrier: new barrier, name: kgcachecontroller, count: 8
I20240129 13:20:09.651491 31804 IPC_barrier.h:112] CreateBarrier: find existing barrier, name: kgcachecontroller, count: 8
I20240129 13:20:09.651764 31932 IPC_barrier.h:112] CreateBarrier: find existing barrier, name: kgcachecontroller, count: 8
I20240129 13:20:09.652123 32180 IPC_barrier.h:112] CreateBarrier: find existing barrier, name: kgcachecontroller, count: 8
I20240129 13:20:09.652428 32228 IPC_barrier.h:112] CreateBarrier: find existing barrier, name: kgcachecontroller, count: 8
I20240129 13:20:09.652518 32060 IPC_barrier.h:112] CreateBarrier: find existing barrier, name: kgcachecontroller, count: 8
I20240129 13:20:09.652626 31868 IPC_barrier.h:112] CreateBarrier: find existing barrier, name: kgcachecontroller, count: 8
I20240129 13:20:09.652730 31996 IPC_barrier.h:112] CreateBarrier: find existing barrier, name: kgcachecontroller, count: 8
W20240129 13:20:09.656648 32125 grad_base.h:55] KGCacheController, config={
        "num_gpus": 8,
        "L": 10,
        "backgrad_init": "both", 
        "kForwardItersPerStep": 2,
        "clr": 1,
        "nr_background_threads": 32,
        "backwardMode": "CppAsync",
        "cache_ratio": 0.1,
        "update_cache_use_omp":  0,
        "update_pq_use_omp":  0
        }
W20240129 13:20:09.656949 32125 grad_base.h:184] Init GradProcessingBase done
I20240129 13:20:09.663760 32125 grad_async_v1.h:199] Use main thread to update emb.
W20240129 13:20:09.663898 32125 kg_controller.h:75] after init GradAsyncProcessing
I20240129 13:20:09.663926 32125 kg_controller.h:84] Construct KGCacheController done
E20240129 13:20:11.430728 32228 recstore.cc:66] init folly done
E20240129 13:20:11.431224 32180 recstore.cc:66] init folly done
E20240129 13:20:11.431854 32060 recstore.cc:66] init folly done
E20240129 13:20:11.432377 31996 recstore.cc:66] init folly done
E20240129 13:20:11.432348 32125 recstore.cc:66] init folly done
E20240129 13:20:11.432394 31804 recstore.cc:66] init folly done
E20240129 13:20:11.432673 31932 recstore.cc:66] init folly done
E20240129 13:20:11.432737 31868 recstore.cc:66] init folly done
I20240129 13:20:11.433982 32125 grad_base.h:60] GraphEnv RegTensorsPerProcess
W20240129 13:20:12.173380 33390 grad_async_v1.h:280] Detect new sample comes, old_end0, new_end1
I20240129 13:20:12.212745 32125 IPC_barrier.h:118] CreateBarrier: new barrier, name: start_barrier, count: 8
I20240129 13:20:12.216873 31804 IPC_barrier.h:112] CreateBarrier: find existing barrier, name: start_barrier, count: 8
I20240129 13:20:12.217769 31932 IPC_barrier.h:112] CreateBarrier: find existing barrier, name: start_barrier, count: 8
I20240129 13:20:12.218269 32228 IPC_barrier.h:112] CreateBarrier: find existing barrier, name: start_barrier, count: 8
I20240129 13:20:12.219568 32180 IPC_barrier.h:112] CreateBarrier: find existing barrier, name: start_barrier, count: 8
I20240129 13:20:12.221001 31868 IPC_barrier.h:112] CreateBarrier: find existing barrier, name: start_barrier, count: 8
I20240129 13:20:12.221653 32060 IPC_barrier.h:112] CreateBarrier: find existing barrier, name: start_barrier, count: 8
I20240129 13:20:12.241909 31996 IPC_barrier.h:112] CreateBarrier: find existing barrier, name: start_barrier, count: 8
W20240129 13:20:14.447717 32125 grad_async_v1.h:406] Sleep in <BlockToStepN>, step_no=1, pq.top=1
W20240129 13:20:14.492213 33390 grad_async_v1.h:280] Detect new sample comes, old_end1, new_end2
+---------------------------+---------------------------+---------------------------+
| Name                      | P50                       | P99                       |
+---------------------------+---------------------------+---------------------------+
| GenInput                  | 1.211 ms                  | 5.370 ms                  |
| Forward                   | 4.706 ms                  | 567.321 ms                |
| Backward                  | 3.704 ms                  | 194.833 ms                |
| Optimize                  | 2.826 ms                  | 4.434 ms                  |
| BarrierTimeBeforeRank0    | 5.581 ms                  | 106.776 ms                |
| AfterBackward             | 59.317 ms                 | 1.330 s                   |
| BlockToStepN              | 6.629 ms                  | 40.505 ms                 |
| OneStep                   | 95.808 ms                 | 2.247 s                   |
+---------------------------+---------------------------+---------------------------+
W20240129 13:20:15.519820 33390 grad_async_v1.h:280] Detect new sample comes, old_end8, new_end5
W20240129 13:20:15.807667 32125 grad_async_v1.h:406] Sleep in <BlockToStepN>, step_no=15, pq.top=15
+---------------------------+---------------------------+---------------------------+
| Name                      | P50                       | P99                       |
+---------------------------+---------------------------+---------------------------+
| ProcessBack:Shuffle       | 8.026 ms                  | 311.964 ms                |
| ProcessBack:UpdateCache   | 10.291 ms                 | 714.990 ms                |
| ProcessBack:UpsertPq      | 7.648 ms                  | 21.103 ms                 |
| ProcessOneStep            | 28.774 ms                 | 1.329 s                   |
| BlockToStepN              | 68.324 us                 | 216.111 ms                |
+---------------------------+---------------------------+---------------------------+
W20240129 13:20:16.529027 33390 grad_async_v1.h:280] Detect new sample comes, old_end8, new_end9
W20240129 13:20:16.846810 32125 grad_async_v1.h:406] Sleep in <BlockToStepN>, step_no=22, pq.top=22
W20240129 13:20:17.540354 33390 grad_async_v1.h:280] Detect new sample comes, old_end6, new_end7
W20240129 13:20:17.857084 32125 grad_async_v1.h:406] Sleep in <BlockToStepN>, step_no=30, pq.top=30
W20240129 13:20:18.543154 33390 grad_async_v1.h:280] Detect new sample comes, old_end4, new_end5
W20240129 13:20:18.857005 32125 grad_async_v1.h:406] Sleep in <BlockToStepN>, step_no=37, pq.top=37
W20240129 13:20:19.566955 33390 grad_async_v1.h:280] Detect new sample comes, old_end2, new_end3
+---------------------------+---------------------------+---------------------------+
| Name                      | P50                       | P99                       |
+---------------------------+---------------------------+---------------------------+
| GenInput                  | 1.446 ms                  | 28.783 ms                 |
| Forward                   | 4.776 ms                  | 567.321 ms                |
| Backward                  | 3.775 ms                  | 194.833 ms                |
| Optimize                  | 1.807 ms                  | 4.982 ms                  |
| BarrierTimeBeforeRank0    | 5.178 ms                  | 106.776 ms                |
| AfterBackward             | 28.249 ms                 | 1.330 s                   |
| BlockToStepN              | 72.417 ms                 | 216.267 ms                |
| OneStep                   | 121.986 ms                | 2.247 s                   |
+---------------------------+---------------------------+---------------------------+
W20240129 13:20:19.894239 32125 grad_async_v1.h:406] Sleep in <BlockToStepN>, step_no=45, pq.top=45
W20240129 13:20:20.616441 33390 grad_async_v1.h:280] Detect new sample comes, old_end9, new_end0
W20240129 13:20:20.894006 32125 grad_async_v1.h:406] Sleep in <BlockToStepN>, step_no=51, pq.top=51
+---------------------------+---------------------------+---------------------------+
| Name                      | P50                       | P99                       |
+---------------------------+---------------------------+---------------------------+
| ProcessBack:Shuffle       | 7.739 ms                  | 269.239 ms                |
| ProcessBack:UpdateCache   | 10.151 ms                 | 714.187 ms                |
| ProcessBack:UpsertPq      | 9.290 ms                  | 20.124 ms                 |
| ProcessOneStep            | 28.245 ms                 | 553.673 ms                |
| BlockToStepN              | 80.526 ms                 | 113.980 ms                |
+---------------------------+---------------------------+---------------------------+
W20240129 13:20:21.619093 33390 grad_async_v1.h:280] Detect new sample comes, old_end5, new_end6
W20240129 13:20:21.894013 32125 grad_async_v1.h:406] Sleep in <BlockToStepN>, step_no=57, pq.top=57
W20240129 13:20:22.624298 33390 grad_async_v1.h:280] Detect new sample comes, old_end1, new_end2
W20240129 13:20:22.894006 32125 grad_async_v1.h:406] Sleep in <BlockToStepN>, step_no=63, pq.top=63
W20240129 13:20:23.663662 33390 grad_async_v1.h:280] Detect new sample comes, old_end7, new_end8
W20240129 13:20:23.903127 32125 grad_async_v1.h:406] Sleep in <BlockToStepN>, step_no=69, pq.top=69
+---------------------------+---------------------------+---------------------------+
| Name                      | P50                       | P99                       |
+---------------------------+---------------------------+---------------------------+
| GenInput                  | 1.498 ms                  | 22.032 ms                 |
| Forward                   | 4.760 ms                  | 11.370 ms                 |
| Backward                  | 4.634 ms                  | 21.431 ms                 |
| Optimize                  | 1.847 ms                  | 4.434 ms                  |
| BarrierTimeBeforeRank0    | 4.015 ms                  | 15.543 ms                 |
| AfterBackward             | 28.304 ms                 | 554.034 ms                |
| BlockToStepN              | 89.862 ms                 | 150.929 ms                |
| OneStep                   | 142.761 ms                | 624.961 ms                |
+---------------------------+---------------------------+---------------------------+
W20240129 13:20:24.670380 33390 grad_async_v1.h:280] Detect new sample comes, old_end2, new_end3
W20240129 13:20:24.903005 32125 grad_async_v1.h:406] Sleep in <BlockToStepN>, step_no=74, pq.top=74
W20240129 13:20:25.721992 33390 grad_async_v1.h:280] Detect new sample comes, old_end8, new_end9
W20240129 13:20:25.903007 32125 grad_async_v1.h:406] Sleep in <BlockToStepN>, step_no=79, pq.top=79
+---------------------------+---------------------------+---------------------------+
| Name                      | P50                       | P99                       |
+---------------------------+---------------------------+---------------------------+
| ProcessBack:Shuffle       | 7.929 ms                  | 17.315 ms                 |
| ProcessBack:UpdateCache   | 9.763 ms                  | 11.873 ms                 |
| ProcessBack:UpsertPq      | 9.319 ms                  | 19.467 ms                 |
| ProcessOneStep            | 28.263 ms                 | 553.673 ms                |
| BlockToStepN              | 94.641 ms                 | 166.449 ms                |
+---------------------------+---------------------------+---------------------------+
W20240129 13:20:26.731076 33390 grad_async_v1.h:280] Detect new sample comes, old_end3, new_end4
W20240129 13:20:26.903007 32125 grad_async_v1.h:406] Sleep in <BlockToStepN>, step_no=84, pq.top=84
W20240129 13:20:27.804072 33390 grad_async_v1.h:280] Detect new sample comes, old_end8, new_end9
W20240129 13:20:27.903007 32125 grad_async_v1.h:406] Sleep in <BlockToStepN>, step_no=89, pq.top=89
W20240129 13:20:28.829671 33390 grad_async_v1.h:280] Detect new sample comes, old_end3, new_end4
W20240129 13:20:28.903005 32125 grad_async_v1.h:406] Sleep in <BlockToStepN>, step_no=94, pq.top=94
+---------------------------+---------------------------+---------------------------+
| Name                      | P50                       | P99                       |
+---------------------------+---------------------------+---------------------------+
| GenInput                  | 1.446 ms                  | 22.032 ms                 |
| Forward                   | 4.772 ms                  | 11.370 ms                 |
| Backward                  | 8.353 ms                  | 21.431 ms                 |
| Optimize                  | 1.885 ms                  | 4.434 ms                  |
| BarrierTimeBeforeRank0    | 1.979 ms                  | 15.543 ms                 |
| AfterBackward             | 28.305 ms                 | 554.034 ms                |
| BlockToStepN              | 101.017 ms                | 185.739 ms                |
| OneStep                   | 159.667 ms                | 624.961 ms                |
+---------------------------+---------------------------+---------------------------+
W20240129 13:20:29.864904 33390 grad_async_v1.h:280] Detect new sample comes, old_end8, new_end9
W20240129 13:20:29.907718 32125 grad_async_v1.h:406] Sleep in <BlockToStepN>, step_no=99, pq.top=99
train_sampler.Prefill()
before start barrier
start train
[proc 6] 100 steps, total: 18.070, sample: 0.311, forward: 1.035, backward: 1.086, update: 0.181
train_sampler.Prefill()
before start barrier
start train
[proc 5] 100 steps, total: 18.067, sample: 0.348, forward: 1.059, backward: 1.074, update: 0.175
train_sampler.Prefill()
before start barrier
start train
[proc 3] 100 steps, total: 18.070, sample: 0.369, forward: 1.031, backward: 1.019, update: 0.183
train_sampler.Prefill()
before start barrier
start train
[proc 7] 100 steps, total: 18.069, sample: 0.332, forward: 1.032, backward: 0.585, update: 0.163
train_sampler.Prefill()
before start barrier
start train
[proc 2] 100 steps, total: 18.067, sample: 0.332, forward: 1.043, backward: 1.006, update: 0.191
train_sampler.Prefill()
before start barrier
start train
[proc 4] 100 steps, total: 18.046, sample: 0.318, forward: 1.117, backward: 1.102, update: 0.183
train_sampler.Prefill()
before start barrier
start train
[proc 1] 100 steps, total: 18.072, sample: 0.324, forward: 0.996, backward: 0.981, update: 0.180
train_sampler.Prefill()
-------Step 0-------
tensor([  115,    71,  3650,   156, 13108, 13423,  1874,  8669, 12145, 12639]) tensor([ 2458, 10405,  5582, 10494,    62,  1827,  1290,  6030,  1075, 13789])
-------Step 1-------
tensor([  115,    71,  3650,   156, 13108, 13423,  1874,  8669, 12145, 12639]) tensor([  948,   248, 14271,  2198,  1753,  8008, 14751,  9322,  6425, 13784])
-------Step 2-------
tensor([ 8234, 11845,  6164,  4090,   153,  8110,  9567,  5208, 11326,  1629]) tensor([ 4331,  4992,  4704,  8275,   310,  9580, 14320,  8980, 14340,  9170])
-------Step 3-------
tensor([ 8234, 11845,  6164,  4090,   153,  8110,  9567,  5208, 11326,  1629]) tensor([ 9419,  7478,  7967, 11566,  7760,  1378,   576,  2683, 11673,  2615])
-------Step 4-------
tensor([   71, 12856, 11453,  6501,  6391,  3780,    49,  6708,    90,  1731]) tensor([1214, 1831,  589, 4061, 3640, 3519, 8669, 6621, 5574, 2367])
-------Step 5-------
tensor([   71, 12856, 11453,  6501,  6391,  3780,    49,  6708,    90,  1731]) tensor([12193,  4824,   517,  2321,  3660,  1573,  1546,  2039,  6942,  7340])
-------Step 6-------
tensor([ 2294,  7748,    77,    44,  8789,  3374,  8995, 10590, 14569,    92]) tensor([11845,  3323,  7878,  5143,  9684, 10104,  4194,  9497, 11220, 10933])
-------Step 7-------
tensor([ 2294,  7748,    77,    44,  8789,  3374,  8995, 10590, 14569,    92]) tensor([12029,   801,  4742,  7379,  2144,  1431,  7932,  4359,  8576,  1410])
-------Step 8-------
tensor([ 4414,  8124,  4960, 11738,   112,    50,  8897, 13371,     5,  2608]) tensor([ 5864,  5665,  5562,  8469,  3582, 13227, 10348,  2176, 10229,  3630])
-------Step 9-------
tensor([ 4414,  8124,  4960, 11738,   112,    50,  8897, 13371,     5,  2608]) tensor([13243,  4874, 12129,  8376, 13982,   781, 13190,  9322,  1438, 13850])
before start barrier
start train
[proc 0] 100 steps, total: 18.076, sample: 0.394, forward: 1.056, backward: 0.888, update: 0.207
W20240129 13:20:30.907006 32125 grad_async_v1.h:406] Sleep in <BlockToStepN>, step_no=103, pq.top=103
W20240129 13:20:30.948863 33390 grad_async_v1.h:280] Detect new sample comes, old_end3, new_end4
+---------------------------+---------------------------+---------------------------+
| Name                      | P50                       | P99                       |
+---------------------------+---------------------------+---------------------------+
| ProcessBack:Shuffle       | 8.026 ms                  | 17.315 ms                 |
| ProcessBack:UpdateCache   | 9.395 ms                  | 12.010 ms                 |
| ProcessBack:UpsertPq      | 9.356 ms                  | 19.467 ms                 |
| ProcessOneStep            | 28.263 ms                 | 553.673 ms                |
| BlockToStepN              | 110.143 ms                | 185.632 ms                |
+---------------------------+---------------------------+---------------------------+
W20240129 13:20:31.907006 32125 grad_async_v1.h:406] Sleep in <BlockToStepN>, step_no=108, pq.top=108
W20240129 13:20:31.958731 33390 grad_async_v1.h:280] Detect new sample comes, old_end8, new_end9
W20240129 13:20:32.907006 32125 grad_async_v1.h:406] Sleep in <BlockToStepN>, step_no=113, pq.top=113
W20240129 13:20:33.015420 33390 grad_async_v1.h:280] Detect new sample comes, old_end3, new_end4
W20240129 13:20:33.916811 32125 grad_async_v1.h:406] Sleep in <BlockToStepN>, step_no=118, pq.top=118
W20240129 13:20:34.145923 33390 grad_async_v1.h:280] Detect new sample comes, old_end8, new_end9
+---------------------------+---------------------------+---------------------------+
| Name                      | P50                       | P99                       |
+---------------------------+---------------------------+---------------------------+
| GenInput                  | 1.446 ms                  | 24.130 ms                 |
| Forward                   | 4.774 ms                  | 14.041 ms                 |
| Backward                  | 8.407 ms                  | 21.431 ms                 |
| Optimize                  | 1.889 ms                  | 4.434 ms                  |
| BarrierTimeBeforeRank0    | 1.257 ms                  | 16.195 ms                 |
| AfterBackward             | 28.249 ms                 | 554.034 ms                |
| BlockToStepN              | 122.217 ms                | 208.313 ms                |
| OneStep                   | 177.690 ms                | 624.961 ms                |
+---------------------------+---------------------------+---------------------------+
W20240129 13:20:34.950868 32125 grad_async_v1.h:406] Sleep in <BlockToStepN>, step_no=122, pq.top=122
W20240129 13:20:35.148828 33390 grad_async_v1.h:280] Detect new sample comes, old_end2, new_end3
W20240129 13:20:35.950006 32125 grad_async_v1.h:406] Sleep in <BlockToStepN>, step_no=126, pq.top=126
W20240129 13:20:36.239914 33390 grad_async_v1.h:280] Detect new sample comes, old_end7, new_end8
+---------------------------+---------------------------+---------------------------+
| Name                      | P50                       | P99                       |
+---------------------------+---------------------------+---------------------------+
| ProcessBack:Shuffle       | 8.055 ms                  | 15.199 ms                 |
| ProcessBack:UpdateCache   | 9.306 ms                  | 11.995 ms                 |
| ProcessBack:UpsertPq      | 9.339 ms                  | 17.803 ms                 |
| ProcessOneStep            | 28.276 ms                 | 553.673 ms                |
| BlockToStepN              | 128.189 ms                | 208.229 ms                |
+---------------------------+---------------------------+---------------------------+
W20240129 13:20:36.950011 32125 grad_async_v1.h:406] Sleep in <BlockToStepN>, step_no=130, pq.top=130
W20240129 13:20:37.321308 33390 grad_async_v1.h:280] Detect new sample comes, old_end1, new_end2
W20240129 13:20:37.950007 32125 grad_async_v1.h:406] Sleep in <BlockToStepN>, step_no=134, pq.top=134
W20240129 13:20:38.333729 33390 grad_async_v1.h:280] Detect new sample comes, old_end5, new_end6
W20240129 13:20:38.950006 32125 grad_async_v1.h:406] Sleep in <BlockToStepN>, step_no=138, pq.top=138
W20240129 13:20:39.335703 33390 grad_async_v1.h:280] Detect new sample comes, old_end9, new_end0
+---------------------------+---------------------------+---------------------------+
| Name                      | P50                       | P99                       |
+---------------------------+---------------------------+---------------------------+
| GenInput                  | 1.431 ms                  | 24.486 ms                 |
| Forward                   | 4.772 ms                  | 14.041 ms                 |
| Backward                  | 8.416 ms                  | 21.431 ms                 |
| Optimize                  | 1.896 ms                  | 4.434 ms                  |
| BarrierTimeBeforeRank0    | 1.139 ms                  | 18.627 ms                 |
| AfterBackward             | 28.339 ms                 | 554.034 ms                |
| BlockToStepN              | 134.135 ms                | 235.713 ms                |
| OneStep                   | 183.506 ms                | 624.961 ms                |
+---------------------------+---------------------------+---------------------------+
W20240129 13:20:39.950006 32125 grad_async_v1.h:406] Sleep in <BlockToStepN>, step_no=142, pq.top=142
W20240129 13:20:40.338611 33390 grad_async_v1.h:280] Detect new sample comes, old_end3, new_end4
W20240129 13:20:40.950013 32125 grad_async_v1.h:406] Sleep in <BlockToStepN>, step_no=146, pq.top=146
