WARNING: Logging before InitGoogleLogging() is written to STDERR
I20240128 17:00:02.528925 542370 IPC_barrier.h:128] MultiProcessBarrierFactory->ClearIPCMemory()
/home/xieminhui/RecStore/src/framework_adapters/torch/kg/dgl-0.9.1/python/dgl/_deprecate/graph.py:1023: DGLWarning: multigraph will be deprecated.DGL will treat all graphs as multigraph in the future.
  dgl_warning("multigraph will be deprecated." \
/home/xieminhui/RecStore/src/framework_adapters/torch/kg/dgl-0.9.1/python/dgl/heterograph.py:72: DGLWarning: Recommend creating graphs by `dgl.graph(data)` instead of `dgl.DGLGraph(data)`.
  dgl_warning('Recommend creating graphs by `dgl.graph(data)`'
Reading train triples....
Finished. Read 483142 train triples.
Reading valid triples....
Finished. Read 50000 valid triples.
Reading test triples....
Finished. Read 59071 test triples.
ARGS:  Namespace(model_name='ComplEx', data_path='/home/xieminhui/dgl-data', dataset='FB15k', format='built_in', data_files=None, delimiter='\t', save_path='/tmp/ckpts/ComplEx_FB15k_50', no_save_emb=True, max_step=500, batch_size=1800, batch_size_eval=16, neg_sample_size=200, neg_deg_sample=False, neg_deg_sample_eval=False, neg_sample_size_eval=14951, eval_percent=1, no_eval_filter=False, log_interval=100, eval_interval=10000, test=False, num_proc=4, num_thread=1, force_sync_interval=1, hidden_dim=400, lr=0.01, gamma=16.0, double_ent=False, double_rel=False, neg_adversarial_sampling=False, adversarial_temperature=1.0, regularization_coef=0.0, regularization_norm=3, pairwise=False, loss_genre='Logsigmoid', margin=1.0, nr_gpus=4, gpu=[0, 1, 2, 3], mix_cpu_gpu=True, valid=False, rel_part=False, async_update=None, has_edge_importance=False, cached_emb_type='KnownLocalCachedEmbedding', use_my_emb=True, cache_ratio=0.1, shuffle=False, backwardMode='CppAsyncV2', L=10, update_cache_use_omp=0, update_pq_use_omp=0, kForwardItersPerStep=2, backgrad_init='both', eval_filter=True, soft_rel_part=False)
|Train|: 483142
original graph:  DGLGraph(num_nodes=14951, num_edges=592213,
         ndata_schemes={}
         edata_schemes={'tid': Scheme(shape=(), dtype=torch.int64)})
Loading cached metis
WARNING [542370 sampler.py:454] Start PreSampling
WARNING [542370 sampler.py:532] Before construct renumbering_dict
WARNING [542370 sampler.py:555] PreSampling done
W20240128 17:00:04.481611 542370 IPCTensor.h:368] NewIPCTensor: cached_sampler_r0_0 [1000000]0x100000002000 7.629 MB
W20240128 17:00:04.481714 542370 IPCTensor.h:368] NewIPCTensor: cached_sampler_r0_1 [1000000]0x1000007a5000 7.629 MB
W20240128 17:00:04.481735 542370 IPCTensor.h:368] NewIPCTensor: cached_sampler_r0_2 [1000000]0x100000f48000 7.629 MB
W20240128 17:00:04.481751 542370 IPCTensor.h:368] NewIPCTensor: cached_sampler_r0_3 [1000000]0x1000016eb000 7.629 MB
W20240128 17:00:04.481770 542370 IPCTensor.h:368] NewIPCTensor: cached_sampler_r0_4 [1000000]0x100001e8e000 7.629 MB
W20240128 17:00:04.481786 542370 IPCTensor.h:368] NewIPCTensor: cached_sampler_r0_5 [1000000]0x100002631000 7.629 MB
W20240128 17:00:04.481801 542370 IPCTensor.h:368] NewIPCTensor: cached_sampler_r0_6 [1000000]0x100002dd4000 7.629 MB
W20240128 17:00:04.481819 542370 IPCTensor.h:368] NewIPCTensor: cached_sampler_r0_7 [1000000]0x100003577000 7.629 MB
W20240128 17:00:04.481834 542370 IPCTensor.h:368] NewIPCTensor: cached_sampler_r0_8 [1000000]0x100003d1a000 7.629 MB
W20240128 17:00:04.481849 542370 IPCTensor.h:368] NewIPCTensor: cached_sampler_r0_9 [1000000]0x1000044bd000 7.629 MB
W20240128 17:00:04.481868 542370 IPCTensor.h:368] NewIPCTensor: step_r0 [10]0x100004c60000 80 B 
W20240128 17:00:04.481884 542370 IPCTensor.h:368] NewIPCTensor: circle_buffer_end_r0 [1]0x100004c62000 8 B 
W20240128 17:00:04.481899 542370 IPCTensor.h:368] NewIPCTensor: circle_buffer_end_cppseen_r0 [1]0x100004c64000 8 B 
W20240128 17:00:04.481978 542370 IPCTensor.h:368] NewIPCTensor: cached_sampler_r1_0 [1000000]0x100004c66000 7.629 MB
W20240128 17:00:04.481997 542370 IPCTensor.h:368] NewIPCTensor: cached_sampler_r1_1 [1000000]0x100005409000 7.629 MB
W20240128 17:00:04.482017 542370 IPCTensor.h:368] NewIPCTensor: cached_sampler_r1_2 [1000000]0x100005bac000 7.629 MB
W20240128 17:00:04.482050 542370 IPCTensor.h:368] NewIPCTensor: cached_sampler_r1_3 [1000000]0x10000634f000 7.629 MB
W20240128 17:00:04.482067 542370 IPCTensor.h:368] NewIPCTensor: cached_sampler_r1_4 [1000000]0x100006af2000 7.629 MB
W20240128 17:00:04.482084 542370 IPCTensor.h:368] NewIPCTensor: cached_sampler_r1_5 [1000000]0x100007295000 7.629 MB
W20240128 17:00:04.482115 542370 IPCTensor.h:368] NewIPCTensor: cached_sampler_r1_6 [1000000]0x100007a38000 7.629 MB
W20240128 17:00:04.482132 542370 IPCTensor.h:368] NewIPCTensor: cached_sampler_r1_7 [1000000]0x1000081db000 7.629 MB
W20240128 17:00:04.482146 542370 IPCTensor.h:368] NewIPCTensor: cached_sampler_r1_8 [1000000]0x10000897e000 7.629 MB
W20240128 17:00:04.482163 542370 IPCTensor.h:368] NewIPCTensor: cached_sampler_r1_9 [1000000]0x100009121000 7.629 MB
W20240128 17:00:04.482180 542370 IPCTensor.h:368] NewIPCTensor: step_r1 [10]0x1000098c4000 80 B 
W20240128 17:00:04.482193 542370 IPCTensor.h:368] NewIPCTensor: circle_buffer_end_r1 [1]0x1000098c6000 8 B 
W20240128 17:00:04.482206 542370 IPCTensor.h:368] NewIPCTensor: circle_buffer_end_cppseen_r1 [1]0x1000098c8000 8 B 
W20240128 17:00:04.482239 542370 IPCTensor.h:368] NewIPCTensor: cached_sampler_r2_0 [1000000]0x1000098ca000 7.629 MB
W20240128 17:00:04.482259 542370 IPCTensor.h:368] NewIPCTensor: cached_sampler_r2_1 [1000000]0x10000a06d000 7.629 MB
W20240128 17:00:04.482273 542370 IPCTensor.h:368] NewIPCTensor: cached_sampler_r2_2 [1000000]0x10000a810000 7.629 MB
W20240128 17:00:04.482290 542370 IPCTensor.h:368] NewIPCTensor: cached_sampler_r2_3 [1000000]0x10000afb3000 7.629 MB
W20240128 17:00:04.482306 542370 IPCTensor.h:368] NewIPCTensor: cached_sampler_r2_4 [1000000]0x10000b756000 7.629 MB
W20240128 17:00:04.482322 542370 IPCTensor.h:368] NewIPCTensor: cached_sampler_r2_5 [1000000]0x10000bef9000 7.629 MB
W20240128 17:00:04.482337 542370 IPCTensor.h:368] NewIPCTensor: cached_sampler_r2_6 [1000000]0x10000c69c000 7.629 MB
W20240128 17:00:04.482355 542370 IPCTensor.h:368] NewIPCTensor: cached_sampler_r2_7 [1000000]0x10000ce3f000 7.629 MB
W20240128 17:00:04.482378 542370 IPCTensor.h:368] NewIPCTensor: cached_sampler_r2_8 [1000000]0x10000d5e2000 7.629 MB
W20240128 17:00:04.482398 542370 IPCTensor.h:368] NewIPCTensor: cached_sampler_r2_9 [1000000]0x10000dd85000 7.629 MB
W20240128 17:00:04.482412 542370 IPCTensor.h:368] NewIPCTensor: step_r2 [10]0x10000e528000 80 B 
W20240128 17:00:04.482425 542370 IPCTensor.h:368] NewIPCTensor: circle_buffer_end_r2 [1]0x10000e52a000 8 B 
W20240128 17:00:04.482437 542370 IPCTensor.h:368] NewIPCTensor: circle_buffer_end_cppseen_r2 [1]0x10000e52c000 8 B 
W20240128 17:00:04.482470 542370 IPCTensor.h:368] NewIPCTensor: cached_sampler_r3_0 [1000000]0x10000e52e000 7.629 MB
W20240128 17:00:04.482488 542370 IPCTensor.h:368] NewIPCTensor: cached_sampler_r3_1 [1000000]0x10000ecd1000 7.629 MB
W20240128 17:00:04.482502 542370 IPCTensor.h:368] NewIPCTensor: cached_sampler_r3_2 [1000000]0x10000f474000 7.629 MB
W20240128 17:00:04.482520 542370 IPCTensor.h:368] NewIPCTensor: cached_sampler_r3_3 [1000000]0x10000fc17000 7.629 MB
W20240128 17:00:04.482534 542370 IPCTensor.h:368] NewIPCTensor: cached_sampler_r3_4 [1000000]0x1000103ba000 7.629 MB
W20240128 17:00:04.482550 542370 IPCTensor.h:368] NewIPCTensor: cached_sampler_r3_5 [1000000]0x100010b5d000 7.629 MB
W20240128 17:00:04.482568 542370 IPCTensor.h:368] NewIPCTensor: cached_sampler_r3_6 [1000000]0x100011300000 7.629 MB
W20240128 17:00:04.482584 542370 IPCTensor.h:368] NewIPCTensor: cached_sampler_r3_7 [1000000]0x100011aa3000 7.629 MB
W20240128 17:00:04.482600 542370 IPCTensor.h:368] NewIPCTensor: cached_sampler_r3_8 [1000000]0x100012246000 7.629 MB
W20240128 17:00:04.482620 542370 IPCTensor.h:368] NewIPCTensor: cached_sampler_r3_9 [1000000]0x1000129e9000 7.629 MB
W20240128 17:00:04.482635 542370 IPCTensor.h:368] NewIPCTensor: step_r3 [10]0x10001318c000 80 B 
W20240128 17:00:04.482647 542370 IPCTensor.h:368] NewIPCTensor: circle_buffer_end_r3 [1]0x10001318e000 8 B 
W20240128 17:00:04.482661 542370 IPCTensor.h:368] NewIPCTensor: circle_buffer_end_cppseen_r3 [1]0x100013190000 8 B 
W20240128 17:00:04.626209 542370 IPCTensor.h:368] NewIPCTensor: full_emb [14951, 400]0x100013192000 22.81 MB
W20240128 17:00:04.626349 542370 IPCTensor.h:368] NewIPCTensor: full_emb_SparseRowWiseAdaGrad_sum [14951]0x100014864000 58.4 kB
{0: Graph(num_nodes=10523, num_edges=182012,
      ndata_schemes={'_ID': Scheme(shape=(), dtype=torch.int64), 'inner_node': Scheme(shape=(), dtype=torch.int32), 'part_id': Scheme(shape=(), dtype=torch.int64)}
      edata_schemes={'_ID': Scheme(shape=(), dtype=torch.int64), 'inner_edge': Scheme(shape=(), dtype=torch.int8)}), 1: Graph(num_nodes=10996, num_edges=244360,
      ndata_schemes={'_ID': Scheme(shape=(), dtype=torch.int64), 'inner_node': Scheme(shape=(), dtype=torch.int32), 'part_id': Scheme(shape=(), dtype=torch.int64)}
      edata_schemes={'_ID': Scheme(shape=(), dtype=torch.int64), 'inner_edge': Scheme(shape=(), dtype=torch.int8)}), 2: Graph(num_nodes=9404, num_edges=143355,
      ndata_schemes={'_ID': Scheme(shape=(), dtype=torch.int64), 'inner_node': Scheme(shape=(), dtype=torch.int32), 'part_id': Scheme(shape=(), dtype=torch.int64)}
      edata_schemes={'_ID': Scheme(shape=(), dtype=torch.int64), 'inner_edge': Scheme(shape=(), dtype=torch.int8)}), 3: Graph(num_nodes=10954, num_edges=175447,
      ndata_schemes={'_ID': Scheme(shape=(), dtype=torch.int64), 'inner_node': Scheme(shape=(), dtype=torch.int32), 'part_id': Scheme(shape=(), dtype=torch.int64)}
      edata_schemes={'_ID': Scheme(shape=(), dtype=torch.int64), 'inner_edge': Scheme(shape=(), dtype=torch.int8)})}
MertisPartition: part 0 has 10523 N 182012 E
MertisPartition: part 1 has 10996 N 244360 E
MertisPartition: part 2 has 9404 N 143355 E
MertisPartition: part 3 has 10954 N 175447 E
Rank0: cached key size 373
Rank1: cached key size 373
Rank2: cached key size 373
Rank3: cached key size 373
Before renumbering graph:  {'_ID': tensor([    5,    14,    17,  ..., 11245,  2040,  3009]), 'inner_node': tensor([1, 1, 1,  ..., 0, 0, 0], dtype=torch.int32), 'part_id': tensor([0, 0, 0,  ..., 2, 3, 3])}
After renumbering graph:  {'_ID': tensor([1650, 1918, 2009,  ..., 2910, 7042, 5872]), 'inner_node': tensor([1, 1, 1,  ..., 0, 0, 0], dtype=torch.int32), 'part_id': tensor([0, 0, 0,  ..., 2, 3, 3])}
part_g: DGLGraph(num_nodes=10523, num_edges=182012,
         ndata_schemes={'_ID': Scheme(shape=(), dtype=torch.int64)}
         edata_schemes={'tid': Scheme(shape=(), dtype=torch.int64)})
part_g: DGLGraph(num_nodes=10523, num_edges=182012,
         ndata_schemes={'_ID': Scheme(shape=(), dtype=torch.int64)}
         edata_schemes={'tid': Scheme(shape=(), dtype=torch.int64)})
Total initialize time 2.129 seconds
[Rank1] pid = 542580
[Rank2] pid = 542644
INFO [542370 distributed_c10d.py:442] Added key: store_based_barrier_key:1 to store for rank: 0
INFO [542580 distributed_c10d.py:442] Added key: store_based_barrier_key:1 to store for rank: 1
INFO [542644 distributed_c10d.py:442] Added key: store_based_barrier_key:1 to store for rank: 2
INFO [542645 distributed_c10d.py:442] Added key: store_based_barrier_key:1 to store for rank: 3
INFO [542645 distributed_c10d.py:476] Rank 3: Completed store-based barrier for key:store_based_barrier_key:1 with 4 nodes.
W20240128 17:00:07.017146 542714 IPCTensor.h:408] NewIPCGPUTensor: embedding_cache_3 [1495, 400]; dev=3; size=2.281 MB
W20240128 17:00:07.017926 542714 IPCTensor.h:368] NewIPCTensor: input_keys_3 [1000000]0x100014876000 7.629 MB
W20240128 17:00:07.018203 542714 IPCTensor.h:368] NewIPCTensor: input_keys_neg_3 [1000000]0x100015019000 7.629 MB
W20240128 17:00:07.018332 542714 IPCTensor.h:368] NewIPCTensor: backward_grads_3 [1000000, 400]0x1000157bc000 1.49 GB
W20240128 17:00:07.018415 542714 IPCTensor.h:368] NewIPCTensor: backward_grads_neg_3 [1000000, 400]0x100074d9f000 1.49 GB
W20240128 17:00:07.018503 542714 IPCTensor.h:408] NewIPCGPUTensor: backward_grads_3_gpu [1000000, 400]; dev=3; size=1.49 GB
INFO [542370 distributed_c10d.py:476] Rank 0: Completed store-based barrier for key:store_based_barrier_key:1 with 4 nodes.
INFO [542580 distributed_c10d.py:476] Rank 1: Completed store-based barrier for key:store_based_barrier_key:1 with 4 nodes.
INFO [542644 distributed_c10d.py:476] Rank 2: Completed store-based barrier for key:store_based_barrier_key:1 with 4 nodes.
W20240128 17:00:07.022094 542668 IPCTensor.h:408] NewIPCGPUTensor: embedding_cache_0 [1495, 400]; dev=0; size=2.281 MB
W20240128 17:00:07.022603 542646 IPCTensor.h:408] NewIPCGPUTensor: embedding_cache_2 [1495, 400]; dev=2; size=2.281 MB
W20240128 17:00:07.022603 542581 IPCTensor.h:408] NewIPCGPUTensor: embedding_cache_1 [1495, 400]; dev=1; size=2.281 MB
W20240128 17:00:07.023893 542714 IPCTensor.h:408] NewIPCGPUTensor: backward_grads_neg_3_gpu [1000000, 400]; dev=3; size=1.49 GB
W20240128 17:00:07.024698 542581 IPCTensor.h:368] NewIPCTensor: input_keys_1 [1000000]0x1000d438a000 7.629 MB
W20240128 17:00:07.024701 542646 IPCTensor.h:368] NewIPCTensor: input_keys_2 [1000000]0x1000d4b2d000 7.629 MB
W20240128 17:00:07.024811 542646 IPCTensor.h:368] NewIPCTensor: input_keys_neg_2 [1000000]0x1000d52d0000 7.629 MB
W20240128 17:00:07.024818 542581 IPCTensor.h:368] NewIPCTensor: input_keys_neg_1 [1000000]0x1000d5a73000 7.629 MB
W20240128 17:00:07.024860 542646 IPCTensor.h:368] NewIPCTensor: backward_grads_2 [1000000, 400]0x1000d6216000 1.49 GB
W20240128 17:00:07.024873 542581 IPCTensor.h:368] NewIPCTensor: backward_grads_1 [1000000, 400]0x1001357f9000 1.49 GB
W20240128 17:00:07.024892 542646 IPCTensor.h:368] NewIPCTensor: backward_grads_neg_2 [1000000, 400]0x100194ddc000 1.49 GB
W20240128 17:00:07.024909 542581 IPCTensor.h:368] NewIPCTensor: backward_grads_neg_1 [1000000, 400]0x1001f43bf000 1.49 GB
W20240128 17:00:07.024920 542646 IPCTensor.h:408] NewIPCGPUTensor: backward_grads_2_gpu [1000000, 400]; dev=2; size=1.49 GB
W20240128 17:00:07.024935 542581 IPCTensor.h:408] NewIPCGPUTensor: backward_grads_1_gpu [1000000, 400]; dev=1; size=1.49 GB
W20240128 17:00:07.025168 542668 IPCTensor.h:368] NewIPCTensor: input_keys_0 [1000000]0x1002539a2000 7.629 MB
W20240128 17:00:07.025382 542668 IPCTensor.h:368] NewIPCTensor: input_keys_neg_0 [1000000]0x100254145000 7.629 MB
W20240128 17:00:07.025514 542668 IPCTensor.h:368] NewIPCTensor: backward_grads_0 [1000000, 400]0x1002548e8000 1.49 GB
W20240128 17:00:07.025589 542668 IPCTensor.h:368] NewIPCTensor: backward_grads_neg_0 [1000000, 400]0x1002b3ecb000 1.49 GB
W20240128 17:00:07.025681 542668 IPCTensor.h:408] NewIPCGPUTensor: backward_grads_0_gpu [1000000, 400]; dev=0; size=1.49 GB
W20240128 17:00:07.036195 542646 IPCTensor.h:408] NewIPCGPUTensor: backward_grads_neg_2_gpu [1000000, 400]; dev=2; size=1.49 GB
W20240128 17:00:07.036211 542581 IPCTensor.h:408] NewIPCGPUTensor: backward_grads_neg_1_gpu [1000000, 400]; dev=1; size=1.49 GB
W20240128 17:00:07.036327 542668 IPCTensor.h:408] NewIPCGPUTensor: backward_grads_neg_0_gpu [1000000, 400]; dev=0; size=1.49 GB
cudaHostRegister 0x100013192000
2: KnownLocalCachedEmbedding init done
WARNING [542644 DistTensor.py:56] The tensor name already exists in the kvstore
cudaHostRegister 0x100013192000
1: KnownLocalCachedEmbedding init done
WARNING [542580 DistTensor.py:56] The tensor name already exists in the kvstore
cudaHostRegister 0x100013192000
3: KnownLocalCachedEmbedding init done
WARNING [542645 DistTensor.py:56] The tensor name already exists in the kvstore
[Rank3] pid = 542645
New CachedEmbedding, name=full_emb, shape=(14951, 400), cache_type=KnownLocalCachedEmbedding
fixed cache_range is [(0, 1495), (1495, 2990), (2990, 4485), (4485, 5980)]
cudaHostRegister 0x100013192000
0: KnownLocalCachedEmbedding init done
WARNING [542370 DistTensor.py:56] The tensor name already exists in the kvstore
I20240128 17:00:08.335834 542668 IPC_barrier.h:118] CreateBarrier: new barrier, name: kgcachecontroller, count: 4
I20240128 17:00:08.335913 542714 IPC_barrier.h:112] CreateBarrier: find existing barrier, name: kgcachecontroller, count: 4
I20240128 17:00:08.336021 542581 IPC_barrier.h:112] CreateBarrier: find existing barrier, name: kgcachecontroller, count: 4
I20240128 17:00:08.336099 542646 IPC_barrier.h:112] CreateBarrier: find existing barrier, name: kgcachecontroller, count: 4
W20240128 17:00:08.337213 542668 grad_base.h:55] KGCacheController, config={
        "num_gpus": 4,
        "L": 10,
        "backgrad_init": "both", 
        "kForwardItersPerStep": 2,
        "clr": 1,
        "nr_background_threads": 32,
        "backwardMode": "CppAsyncV2",
        "cache_ratio": 0.1,
        "update_cache_use_omp":  0,
        "update_pq_use_omp":  0
        }
W20240128 17:00:08.337301 542668 grad_base.h:184] Init GradProcessingBase done
I20240128 17:00:08.340499 542668 grad_async_v2.h:32] Use background thread to update emb. nr_background_threads=32
W20240128 17:00:08.340579 542668 kg_controller.h:78] after init GradAsyncProcessingV2
I20240128 17:00:08.340584 542668 kg_controller.h:84] Construct KGCacheController done
E20240128 17:00:08.719200 542646 recstore.cc:66] init folly done
E20240128 17:00:08.719223 542668 recstore.cc:66] init folly done
E20240128 17:00:08.719233 542714 recstore.cc:66] init folly done
E20240128 17:00:08.719241 542581 recstore.cc:66] init folly done
I20240128 17:00:08.719861 542668 grad_base.h:60] GraphEnv RegTensorsPerProcess
W20240128 17:00:09.394937 543227 grad_async_v2.h:121] Detect new sample comes, old_end0, new_end1
E20240128 17:00:09.395296 543227 parallel_pq_v2.h:76] insert failed, size(hashtable)=1
I20240128 17:00:09.427073 542668 IPC_barrier.h:118] CreateBarrier: new barrier, name: start_barrier, count: 4
I20240128 17:00:09.456068 542714 IPC_barrier.h:112] CreateBarrier: find existing barrier, name: start_barrier, count: 4
I20240128 17:00:09.461128 542581 IPC_barrier.h:112] CreateBarrier: find existing barrier, name: start_barrier, count: 4
I20240128 17:00:09.464604 542646 IPC_barrier.h:112] CreateBarrier: find existing barrier, name: start_barrier, count: 4
E20240128 17:00:11.840303 542668 parallel_pq_v2.h:76] insert failed, size(hashtable)=5
W20240128 17:00:11.854344 542668 grad_async_v2.h:250] Sleep in <BlockToStepN>, step_no=1, pq.top=0
W20240128 17:00:11.858414 543227 grad_async_v2.h:121] Detect new sample comes, old_end1, new_end2
E20240128 17:00:12.840073 543001 parallel_pq_v2.h:76] insert failed, size(hashtable)=1875
W20240128 17:00:12.890748 543227 grad_async_v2.h:121] Detect new sample comes, old_end1, new_end4
W20240128 17:00:12.894197 542668 grad_async_v2.h:250] Sleep in <BlockToStepN>, step_no=24, pq.top=24
+---------------------------+---------------------------+---------------------------+
| Name                      | P50                       | P99                       |
+---------------------------+---------------------------+---------------------------+
| GenInput                  | 1.035 ms                  | 18.540 ms                 |
| Forward                   | 3.433 ms                  | 1.103 s                   |
| Backward                  | 2.621 ms                  | 212.441 ms                |
| Optimize                  | 1.560 ms                  | 48.527 ms                 |
| BarrierTimeBeforeRank0    | 344.565 us                | 369.378 ms                |
| AfterBackward             | 18.717 ms                 | 654.594 ms                |
| BlockToStepN              | 3.705 ms                  | 39.069 ms                 |
| OneStep                   | 35.821 ms                 | 2.393 s                   |
+---------------------------+---------------------------+---------------------------+
+---------------------------+---------------------------+---------------------------+
| Name                      | P50                       | P99                       |
+---------------------------+---------------------------+---------------------------+
| ProcessBack:Shuffle       | 2.279 ms                  | 65.197 ms                 |
| ProcessBack:UpdateCache   | 1.818 ms                  | 200.275 ms                |
| ProcessBack:UpsertPq      | 13.409 ms                 | 20.842 ms                 |
| ProcessOneStep            | 18.698 ms                 | 654.315 ms                |
| BlockToStepN              | 5.859 ms                  | 120.508 ms                |
+---------------------------+---------------------------+---------------------------+
E20240128 17:00:13.840071 543226 parallel_pq_v2.h:76] insert failed, size(hashtable)=3015
W20240128 17:00:13.894028 542668 grad_async_v2.h:250] Sleep in <BlockToStepN>, step_no=43, pq.top=43
W20240128 17:00:13.912277 543227 grad_async_v2.h:121] Detect new sample comes, old_end3, new_end4
E20240128 17:00:14.840013 543001 parallel_pq_v2.h:76] insert failed, size(hashtable)=1104
W20240128 17:00:14.894009 542668 grad_async_v2.h:250] Sleep in <BlockToStepN>, step_no=64, pq.top=64
W20240128 17:00:14.912560 543227 grad_async_v2.h:121] Detect new sample comes, old_end4, new_end5
E20240128 17:00:15.840040 543226 parallel_pq_v2.h:76] insert failed, size(hashtable)=6916
W20240128 17:00:15.921079 542668 grad_async_v2.h:250] Sleep in <BlockToStepN>, step_no=88, pq.top=88
W20240128 17:00:15.967535 543227 grad_async_v2.h:121] Detect new sample comes, old_end8, new_end9
train_sampler.Prefill()
before start barrier
start train
[proc 1] 100 steps, total: 6.971, sample: 0.272, forward: 1.781, backward: 0.572, update: 0.211
train_sampler.Prefill()
before start barrier
start train
[proc 3] 100 steps, total: 6.976, sample: 0.204, forward: 1.065, backward: 0.479, update: 0.198
train_sampler.Prefill()
before start barrier
start train
[proc 2] 100 steps, total: 6.968, sample: 0.267, forward: 1.165, backward: 0.523, update: 0.202
train_sampler.Prefill()
-------Step 0-------
tensor([10307,   343, 10967,  8583,  6621,  5623,  1173,  4231, 10318,    42]) tensor([ 2009,  6997, 11039,  1445,  8741,  9840, 11060, 10185,  6308,  1200])
-------Step 1-------
tensor([10307,   343, 10967,  8583,  6621,  5623,  1173,  4231, 10318,    42]) tensor([11315, 12321,  1639,  3990,  2509,   658,  5674,  2802,  2886, 11433])
-------Step 2-------
tensor([11244,  8003,  6598,  9167,  2167,  7425,  6563,  3407, 11193,    44]) tensor([ 8794,  4850,  3111, 12402,  6322,  1428,  5303, 13057, 10738,  5436])
-------Step 3-------
tensor([11244,  8003,  6598,  9167,  2167,  7425,  6563,  3407, 11193,    44]) tensor([10697,  6030,  6423,   148, 12973, 13951, 11121,   283, 14062,  4962])
-------Step 4-------
tensor([12659,   716,  5838,    49, 12431,  9420, 14357, 12553, 11362,  9852]) tensor([ 3723, 10075,  8138,  9688, 13253, 13229,  2026,  3051,  9898,  1446])
-------Step 5-------
tensor([12659,   716,  5838,    49, 12431,  9420, 14357, 12553, 11362,  9852]) tensor([ 9274, 11726, 14402,  1399,  2465, 11735,  7196, 13700,  9566, 11613])
-------Step 6-------
tensor([   97,   170,  3713, 13413, 13116,   360,   257,   125,  3491,   306]) tensor([ 5227, 12799,  8768,  9697,  9022,  2588,   187, 12938, 12717, 10207])
-------Step 7-------
tensor([   97,   170,  3713, 13413, 13116,   360,   257,   125,  3491,   306]) tensor([ 9119, 12554,  6232,  9615,   739,  9872,   677, 13954, 14211,  7609])
-------Step 8-------
tensor([ 4566,   730, 11313,  8832,  3506, 12544,  6828, 10863,  4509,  8003]) tensor([10871,  9280, 13447,   823, 14590, 11113,  7820,  2627, 10643, 13507])
-------Step 9-------
tensor([ 4566,   730, 11313,  8832,  3506, 12544,  6828, 10863,  4509,  8003]) tensor([12874, 14559,  5682,  6380,  3743,  6783, 13601,  6400,  8094, 10793])
before start barrier
start train
[proc 0] 100 steps, total: 7.005, sample: 0.314, forward: 1.452, backward: 0.474, update: 0.210
E20240128 17:00:16.840020 543226 parallel_pq_v2.h:76] insert failed, size(hashtable)=4970
W20240128 17:00:16.946264 542668 grad_async_v2.h:250] Sleep in <BlockToStepN>, step_no=111, pq.top=111
W20240128 17:00:16.971315 543227 grad_async_v2.h:121] Detect new sample comes, old_end1, new_end2
E20240128 17:00:17.840013 543001 parallel_pq_v2.h:76] insert failed, size(hashtable)=1249
W20240128 17:00:17.946170 542668 grad_async_v2.h:250] Sleep in <BlockToStepN>, step_no=133, pq.top=133
W20240128 17:00:17.978114 543227 grad_async_v2.h:121] Detect new sample comes, old_end3, new_end4
+---------------------------+---------------------------+---------------------------+
| Name                      | P50                       | P99                       |
+---------------------------+---------------------------+---------------------------+
| GenInput                  | 1.138 ms                  | 18.725 ms                 |
| Forward                   | 3.511 ms                  | 6.504 ms                  |
| Backward                  | 2.730 ms                  | 3.067 ms                  |
| Optimize                  | 1.545 ms                  | 3.383 ms                  |
| BarrierTimeBeforeRank0    | 634.057 us                | 3.543 ms                  |
| AfterBackward             | 18.305 ms                 | 250.205 ms                |
| BlockToStepN              | 11.567 ms                 | 56.192 ms                 |
| OneStep                   | 42.415 ms                 | 262.706 ms                |
+---------------------------+---------------------------+---------------------------+
+---------------------------+---------------------------+---------------------------+
| Name                      | P50                       | P99                       |
+---------------------------+---------------------------+---------------------------+
| ProcessBack:Shuffle       | 2.257 ms                  | 6.346 ms                  |
| ProcessBack:UpdateCache   | 1.834 ms                  | 2.881 ms                  |
| ProcessBack:UpsertPq      | 13.574 ms                 | 17.529 ms                 |
| ProcessOneStep            | 18.238 ms                 | 250.135 ms                |
| BlockToStepN              | 11.505 ms                 | 56.121 ms                 |
+---------------------------+---------------------------+---------------------------+
E20240128 17:00:18.840011 543226 parallel_pq_v2.h:76] insert failed, size(hashtable)=6862
W20240128 17:00:18.954500 542668 grad_async_v2.h:250] Sleep in <BlockToStepN>, step_no=154, pq.top=154
W20240128 17:00:18.985883 543227 grad_async_v2.h:121] Detect new sample comes, old_end4, new_end5
E20240128 17:00:19.840796 543227 parallel_pq_v2.h:76] insert failed, size(hashtable)=119
W20240128 17:00:19.954203 542668 grad_async_v2.h:250] Sleep in <BlockToStepN>, step_no=173, pq.top=173
W20240128 17:00:19.987777 543227 grad_async_v2.h:121] Detect new sample comes, old_end3, new_end4
E20240128 17:00:20.840148 543226 parallel_pq_v2.h:76] insert failed, size(hashtable)=4720
W20240128 17:00:20.986582 542668 grad_async_v2.h:250] Sleep in <BlockToStepN>, step_no=193, pq.top=193
W20240128 17:00:20.995229 543227 grad_async_v2.h:121] Detect new sample comes, old_end3, new_end4
[proc 1] 200 steps, total: 4.928, sample: 0.233, forward: 0.344, backward: 0.452, update: 0.147
[proc 3] 200 steps, total: 4.928, sample: 0.263, forward: 0.344, backward: 0.329, update: 0.138
[proc 2] 200 steps, total: 4.928, sample: 0.292, forward: 0.360, backward: 0.268, update: 0.143
[proc 0] 200 steps, total: 4.928, sample: 0.341, forward: 0.350, backward: 0.271, update: 0.146
E20240128 17:00:21.842303 543226 parallel_pq_v2.h:76] insert failed, size(hashtable)=6375
W20240128 17:00:21.986248 542668 grad_async_v2.h:250] Sleep in <BlockToStepN>, step_no=212, pq.top=212
W20240128 17:00:21.998836 543227 grad_async_v2.h:121] Detect new sample comes, old_end2, new_end3
E20240128 17:00:22.842017 543226 parallel_pq_v2.h:76] insert failed, size(hashtable)=6424
W20240128 17:00:22.986222 542668 grad_async_v2.h:250] Sleep in <BlockToStepN>, step_no=231, pq.top=231
W20240128 17:00:23.002581 543227 grad_async_v2.h:121] Detect new sample comes, old_end1, new_end2
+---------------------------+---------------------------+---------------------------+
| Name                      | P50                       | P99                       |
+---------------------------+---------------------------+---------------------------+
| GenInput                  | 1.180 ms                  | 19.803 ms                 |
| Forward                   | 3.540 ms                  | 6.504 ms                  |
| Backward                  | 2.747 ms                  | 3.047 ms                  |
| Optimize                  | 1.530 ms                  | 3.145 ms                  |
| BarrierTimeBeforeRank0    | 973.408 us                | 18.178 ms                 |
| AfterBackward             | 18.341 ms                 | 29.409 ms                 |
| BlockToStepN              | 13.177 ms                 | 54.347 ms                 |
| OneStep                   | 48.137 ms                 | 148.434 ms                |
+---------------------------+---------------------------+---------------------------+
+---------------------------+---------------------------+---------------------------+
| Name                      | P50                       | P99                       |
+---------------------------+---------------------------+---------------------------+
| ProcessBack:Shuffle       | 2.261 ms                  | 4.493 ms                  |
| ProcessBack:UpdateCache   | 1.824 ms                  | 2.810 ms                  |
| ProcessBack:UpsertPq      | 13.629 ms                 | 17.243 ms                 |
| ProcessOneStep            | 18.292 ms                 | 29.380 ms                 |
| BlockToStepN              | 13.345 ms                 | 54.278 ms                 |
+---------------------------+---------------------------+---------------------------+
E20240128 17:00:23.842015 543226 parallel_pq_v2.h:76] insert failed, size(hashtable)=3449
W20240128 17:00:24.004184 543227 grad_async_v2.h:121] Detect new sample comes, old_end9, new_end0
W20240128 17:00:24.014827 542668 grad_async_v2.h:250] Sleep in <BlockToStepN>, step_no=250, pq.top=250
E20240128 17:00:24.842012 542668 parallel_pq_v2.h:76] insert failed, size(hashtable)=382
W20240128 17:00:25.013588 543227 grad_async_v2.h:121] Detect new sample comes, old_end8, new_end9
W20240128 17:00:25.014008 542668 grad_async_v2.h:250] Sleep in <BlockToStepN>, step_no=269, pq.top=269
E20240128 17:00:25.842012 543226 parallel_pq_v2.h:76] insert failed, size(hashtable)=3169
W20240128 17:00:26.020745 543227 grad_async_v2.h:121] Detect new sample comes, old_end7, new_end8
W20240128 17:00:26.037472 542668 grad_async_v2.h:250] Sleep in <BlockToStepN>, step_no=288, pq.top=288
[proc 0] 300 steps, total: 5.336, sample: 0.343, forward: 0.364, backward: 0.275, update: 0.152
[proc 2] 300 steps, total: 5.336, sample: 0.284, forward: 0.378, backward: 0.290, update: 0.154
[proc 1] 300 steps, total: 5.336, sample: 0.289, forward: 0.372, backward: 0.293, update: 0.149
[proc 3] 300 steps, total: 5.336, sample: 0.277, forward: 0.350, backward: 0.283, update: 0.144
E20240128 17:00:26.842007 543226 parallel_pq_v2.h:76] insert failed, size(hashtable)=5059
W20240128 17:00:27.020910 543227 grad_async_v2.h:121] Detect new sample comes, old_end6, new_end7
W20240128 17:00:27.072109 542668 grad_async_v2.h:250] Sleep in <BlockToStepN>, step_no=307, pq.top=307
E20240128 17:00:27.842011 543226 parallel_pq_v2.h:76] insert failed, size(hashtable)=2877
W20240128 17:00:28.021111 543227 grad_async_v2.h:121] Detect new sample comes, old_end4, new_end5
W20240128 17:00:28.072410 542668 grad_async_v2.h:250] Sleep in <BlockToStepN>, step_no=325, pq.top=325
+---------------------------+---------------------------+---------------------------+
| Name                      | P50                       | P99                       |
+---------------------------+---------------------------+---------------------------+
| GenInput                  | 1.211 ms                  | 19.792 ms                 |
| Forward                   | 3.574 ms                  | 5.697 ms                  |
| Backward                  | 2.774 ms                  | 3.047 ms                  |
| Optimize                  | 1.530 ms                  | 3.145 ms                  |
| BarrierTimeBeforeRank0    | 875.105 us                | 19.276 ms                 |
| AfterBackward             | 18.161 ms                 | 22.920 ms                 |
| BlockToStepN              | 14.457 ms                 | 54.347 ms                 |
| OneStep                   | 50.145 ms                 | 102.686 ms                |
+---------------------------+---------------------------+---------------------------+
+---------------------------+---------------------------+---------------------------+
| Name                      | P50                       | P99                       |
+---------------------------+---------------------------+---------------------------+
| ProcessBack:Shuffle       | 2.246 ms                  | 4.254 ms                  |
| ProcessBack:UpdateCache   | 1.793 ms                  | 2.432 ms                  |
| ProcessBack:UpsertPq      | 13.457 ms                 | 17.061 ms                 |
| ProcessOneStep            | 18.126 ms                 | 22.899 ms                 |
| BlockToStepN              | 14.540 ms                 | 56.121 ms                 |
+---------------------------+---------------------------+---------------------------+
E20240128 17:00:28.842011 543226 parallel_pq_v2.h:76] insert failed, size(hashtable)=2954
W20240128 17:00:29.028167 543227 grad_async_v2.h:121] Detect new sample comes, old_end2, new_end3
W20240128 17:00:29.102536 542668 grad_async_v2.h:250] Sleep in <BlockToStepN>, step_no=344, pq.top=344
E20240128 17:00:29.842011 543226 parallel_pq_v2.h:76] insert failed, size(hashtable)=6698
W20240128 17:00:30.028441 543227 grad_async_v2.h:121] Detect new sample comes, old_end0, new_end1
W20240128 17:00:30.102489 542668 grad_async_v2.h:250] Sleep in <BlockToStepN>, step_no=362, pq.top=362
E20240128 17:00:30.842007 543226 parallel_pq_v2.h:76] insert failed, size(hashtable)=3790
W20240128 17:00:31.032141 543227 grad_async_v2.h:121] Detect new sample comes, old_end8, new_end9
W20240128 17:00:31.134020 542668 grad_async_v2.h:250] Sleep in <BlockToStepN>, step_no=380, pq.top=380
E20240128 17:00:31.842016 543226 parallel_pq_v2.h:76] insert failed, size(hashtable)=3453
W20240128 17:00:32.043457 543227 grad_async_v2.h:121] Detect new sample comes, old_end8, new_end9
W20240128 17:00:32.134294 542668 grad_async_v2.h:250] Sleep in <BlockToStepN>, step_no=400, pq.top=400
[proc 0] 400 steps, total: 5.474, sample: 0.379, forward: 0.367, backward: 0.277, update: 0.158
[proc 3] 400 steps, total: 5.474, sample: 0.270, forward: 0.350, backward: 0.274, update: 0.146
[proc 1] 400 steps, total: 5.474, sample: 0.255, forward: 0.360, backward: 0.294, update: 0.143
[proc 2] 400 steps, total: 5.474, sample: 0.288, forward: 0.366, backward: 0.303, update: 0.145
E20240128 17:00:32.842007 543226 parallel_pq_v2.h:76] insert failed, size(hashtable)=5118
W20240128 17:00:33.061412 543227 grad_async_v2.h:121] Detect new sample comes, old_end6, new_end8
W20240128 17:00:33.153090 542668 grad_async_v2.h:250] Sleep in <BlockToStepN>, step_no=420, pq.top=420
+---------------------------+---------------------------+---------------------------+
| Name                      | P50                       | P99                       |
+---------------------------+---------------------------+---------------------------+
| GenInput                  | 1.226 ms                  | 20.429 ms                 |
| Forward                   | 3.593 ms                  | 5.482 ms                  |
| Backward                  | 2.795 ms                  | 3.015 ms                  |
| Optimize                  | 1.518 ms                  | 3.145 ms                  |
| BarrierTimeBeforeRank0    | 788.820 us                | 18.779 ms                 |
| AfterBackward             | 18.017 ms                 | 22.527 ms                 |
| BlockToStepN              | 15.082 ms                 | 56.192 ms                 |
| OneStep                   | 50.837 ms                 | 102.686 ms                |
+---------------------------+---------------------------+---------------------------+
+---------------------------+---------------------------+---------------------------+
| Name                      | P50                       | P99                       |
+---------------------------+---------------------------+---------------------------+
| ProcessBack:Shuffle       | 2.231 ms                  | 3.023 ms                  |
| ProcessBack:UpdateCache   | 1.715 ms                  | 2.334 ms                  |
| ProcessBack:UpsertPq      | 13.289 ms                 | 16.919 ms                 |
| ProcessOneStep            | 17.971 ms                 | 22.498 ms                 |
| BlockToStepN              | 15.035 ms                 | 56.506 ms                 |
+---------------------------+---------------------------+---------------------------+
E20240128 17:00:33.842011 543001 parallel_pq_v2.h:76] insert failed, size(hashtable)=313
W20240128 17:00:34.068791 543227 grad_async_v2.h:121] Detect new sample comes, old_end5, new_end6
W20240128 17:00:34.175036 542668 grad_async_v2.h:250] Sleep in <BlockToStepN>, step_no=437, pq.top=437
E20240128 17:00:34.842463 543226 parallel_pq_v2.h:76] insert failed, size(hashtable)=5218
W20240128 17:00:35.068490 543227 grad_async_v2.h:121] Detect new sample comes, old_end2, new_end3
W20240128 17:00:35.194701 542668 grad_async_v2.h:250] Sleep in <BlockToStepN>, step_no=455, pq.top=455
E20240128 17:00:35.842012 543226 parallel_pq_v2.h:76] insert failed, size(hashtable)=5445
W20240128 17:00:36.075440 543227 grad_async_v2.h:121] Detect new sample comes, old_end0, new_end1
W20240128 17:00:36.221343 542668 grad_async_v2.h:250] Sleep in <BlockToStepN>, step_no=474, pq.top=474
E20240128 17:00:36.842020 543226 parallel_pq_v2.h:76] insert failed, size(hashtable)=6161
W20240128 17:00:37.082284 543227 grad_async_v2.h:121] Detect new sample comes, old_end8, new_end9
W20240128 17:00:37.259907 542668 grad_async_v2.h:250] Sleep in <BlockToStepN>, step_no=492, pq.top=492
[proc 3] 500 steps, total: 5.494, sample: 0.197, forward: 0.325, backward: 0.268, update: 0.134
[proc 1] 500 steps, total: 5.494, sample: 0.271, forward: 0.371, backward: 0.285, update: 0.145
[proc 2] 500 steps, total: 5.494, sample: 0.268, forward: 0.333, backward: 0.345, update: 0.121
[proc 0] 500 steps, total: 5.494, sample: 0.343, forward: 0.365, backward: 0.278, update: 0.151
Successfully xmh. training takes 28.237165689468384 seconds
before call kg_cache_controller.StopThreads()
W20240128 17:00:37.664251 542668 grad_async_v2.h:71] call StopThreads. PID = 542370
W20240128 17:00:37.664280 542668 grad_base.h:212] before processOneStepNegThread_.join();
W20240128 17:00:37.664450 542668 grad_base.h:214] after processOneStepNegThread_.join();
W20240128 17:00:37.664458 542668 grad_async_v2.h:73] call GradProcessingBase::StopThreads.
[W tensorpipe_agent.cpp:725] RPC agent for worker0 encountered error when reading incoming request from worker3: eof (this error originated at tensorpipe/transport/shm/connection_impl.cc:259)
W20240128 17:00:37.673998 542668 grad_async_v2.h:92] StopThreads done.
[W tensorpipe_agent.cpp:725] RPC agent for worker0 encountered error when reading incoming request from worker1: eof (this error originated at tensorpipe/transport/shm/connection_impl.cc:259)
[W tensorpipe_agent.cpp:725] RPC agent for worker0 encountered error when reading incoming request from worker2: eof (this error originated at tensorpipe/transport/shm/connection_impl.cc:259)
+---------------------------+---------------------------+---------------------------+
| Name                      | P50                       | P99                       |
+---------------------------+---------------------------+---------------------------+
| GenInput                  | 1.255 ms                  | 20.085 ms                 |
| Forward                   | 3.618 ms                  | 5.302 ms                  |
| Backward                  | 2.808 ms                  | 3.047 ms                  |
| Optimize                  | 1.502 ms                  | 3.127 ms                  |
| BarrierTimeBeforeRank0    | 653.070 us                | 18.589 ms                 |
| AfterBackward             | 18.097 ms                 | 22.920 ms                 |
| BlockToStepN              | 15.606 ms                 | 56.596 ms                 |
| OneStep                   | 51.152 ms                 | 115.635 ms                |
+---------------------------+---------------------------+---------------------------+
+---------------------------+---------------------------+---------------------------+
| Name                      | P50                       | P99                       |
+---------------------------+---------------------------+---------------------------+
| ProcessBack:Shuffle       | 2.233 ms                  | 2.730 ms                  |
| ProcessBack:UpdateCache   | 1.701 ms                  | 2.291 ms                  |
| ProcessBack:UpsertPq      | 13.399 ms                 | 17.377 ms                 |
| ProcessOneStep            | 18.067 ms                 | 22.899 ms                 |
| BlockToStepN              | 15.550 ms                 | 56.506 ms                 |
+---------------------------+---------------------------+---------------------------+
