WARNING: Logging before InitGoogleLogging() is written to STDERR
I20240128 11:18:06.077972 4194283 IPC_barrier.h:128] MultiProcessBarrierFactory->ClearIPCMemory()
/home/xieminhui/RecStore/src/framework_adapters/torch/kg/dgl-0.9.1/python/dgl/_deprecate/graph.py:1023: DGLWarning: multigraph will be deprecated.DGL will treat all graphs as multigraph in the future.
  dgl_warning("multigraph will be deprecated." \
/home/xieminhui/RecStore/src/framework_adapters/torch/kg/dgl-0.9.1/python/dgl/heterograph.py:72: DGLWarning: Recommend creating graphs by `dgl.graph(data)` instead of `dgl.DGLGraph(data)`.
  dgl_warning('Recommend creating graphs by `dgl.graph(data)`'
Reading train triples....
Finished. Read 483142 train triples.
Reading valid triples....
Finished. Read 50000 valid triples.
Reading test triples....
Finished. Read 59071 test triples.
ARGS:  Namespace(model_name='TransE', data_path='/home/xieminhui/dgl-data', dataset='FB15k', format='built_in', data_files=None, delimiter='\t', save_path='/tmp/ckpts/TransE_FB15k_55', no_save_emb=True, max_step=500, batch_size=600, batch_size_eval=16, neg_sample_size=200, neg_deg_sample=False, neg_deg_sample_eval=False, neg_sample_size_eval=14951, eval_percent=1, no_eval_filter=False, log_interval=100, eval_interval=10000, test=False, num_proc=4, num_thread=1, force_sync_interval=1, hidden_dim=400, lr=0.01, gamma=16.0, double_ent=False, double_rel=False, neg_adversarial_sampling=False, adversarial_temperature=1.0, regularization_coef=0.0, regularization_norm=3, pairwise=False, loss_genre='Logsigmoid', margin=1.0, nr_gpus=4, gpu=[0, 1, 2, 3], mix_cpu_gpu=True, valid=False, rel_part=False, async_update=None, has_edge_importance=False, cached_emb_type='KnownLocalCachedEmbedding', use_my_emb=True, cache_ratio=0.05, shuffle=False, backwardMode='CppAsyncV2', L=10, update_cache_use_omp=0, update_pq_use_omp=0, kForwardItersPerStep=2, backgrad_init='both', eval_filter=True, soft_rel_part=False)
|Train|: 483142
original graph:  DGLGraph(num_nodes=14951, num_edges=592213,
         ndata_schemes={}
         edata_schemes={'tid': Scheme(shape=(), dtype=torch.int64)})
Loading cached metis
WARNING [4194283 sampler.py:454] Start PreSampling
WARNING [4194283 sampler.py:532] Before construct renumbering_dict
WARNING [4194283 sampler.py:555] PreSampling done
W20240128 11:18:09.138056 4194283 IPCTensor.h:368] NewIPCTensor: cached_sampler_r0_0 [1000000]0x100000002000 7.629 MB
W20240128 11:18:09.138203 4194283 IPCTensor.h:368] NewIPCTensor: cached_sampler_r0_1 [1000000]0x1000007a5000 7.629 MB
W20240128 11:18:09.138226 4194283 IPCTensor.h:368] NewIPCTensor: cached_sampler_r0_2 [1000000]0x100000f48000 7.629 MB
W20240128 11:18:09.138249 4194283 IPCTensor.h:368] NewIPCTensor: cached_sampler_r0_3 [1000000]0x1000016eb000 7.629 MB
W20240128 11:18:09.138270 4194283 IPCTensor.h:368] NewIPCTensor: cached_sampler_r0_4 [1000000]0x100001e8e000 7.629 MB
W20240128 11:18:09.138288 4194283 IPCTensor.h:368] NewIPCTensor: cached_sampler_r0_5 [1000000]0x100002631000 7.629 MB
W20240128 11:18:09.138307 4194283 IPCTensor.h:368] NewIPCTensor: cached_sampler_r0_6 [1000000]0x100002dd4000 7.629 MB
W20240128 11:18:09.138331 4194283 IPCTensor.h:368] NewIPCTensor: cached_sampler_r0_7 [1000000]0x100003577000 7.629 MB
W20240128 11:18:09.138360 4194283 IPCTensor.h:368] NewIPCTensor: cached_sampler_r0_8 [1000000]0x100003d1a000 7.629 MB
W20240128 11:18:09.138379 4194283 IPCTensor.h:368] NewIPCTensor: cached_sampler_r0_9 [1000000]0x1000044bd000 7.629 MB
W20240128 11:18:09.138399 4194283 IPCTensor.h:368] NewIPCTensor: step_r0 [10]0x100004c60000 80 B 
W20240128 11:18:09.138419 4194283 IPCTensor.h:368] NewIPCTensor: circle_buffer_end_r0 [1]0x100004c62000 8 B 
W20240128 11:18:09.138434 4194283 IPCTensor.h:368] NewIPCTensor: circle_buffer_end_cppseen_r0 [1]0x100004c64000 8 B 
W20240128 11:18:09.138525 4194283 IPCTensor.h:368] NewIPCTensor: cached_sampler_r1_0 [1000000]0x100004c66000 7.629 MB
W20240128 11:18:09.138543 4194283 IPCTensor.h:368] NewIPCTensor: cached_sampler_r1_1 [1000000]0x100005409000 7.629 MB
W20240128 11:18:09.138566 4194283 IPCTensor.h:368] NewIPCTensor: cached_sampler_r1_2 [1000000]0x100005bac000 7.629 MB
W20240128 11:18:09.138602 4194283 IPCTensor.h:368] NewIPCTensor: cached_sampler_r1_3 [1000000]0x10000634f000 7.629 MB
W20240128 11:18:09.138623 4194283 IPCTensor.h:368] NewIPCTensor: cached_sampler_r1_4 [1000000]0x100006af2000 7.629 MB
W20240128 11:18:09.138645 4194283 IPCTensor.h:368] NewIPCTensor: cached_sampler_r1_5 [1000000]0x100007295000 7.629 MB
W20240128 11:18:09.138664 4194283 IPCTensor.h:368] NewIPCTensor: cached_sampler_r1_6 [1000000]0x100007a38000 7.629 MB
W20240128 11:18:09.138684 4194283 IPCTensor.h:368] NewIPCTensor: cached_sampler_r1_7 [1000000]0x1000081db000 7.629 MB
W20240128 11:18:09.138700 4194283 IPCTensor.h:368] NewIPCTensor: cached_sampler_r1_8 [1000000]0x10000897e000 7.629 MB
W20240128 11:18:09.138721 4194283 IPCTensor.h:368] NewIPCTensor: cached_sampler_r1_9 [1000000]0x100009121000 7.629 MB
W20240128 11:18:09.138737 4194283 IPCTensor.h:368] NewIPCTensor: step_r1 [10]0x1000098c4000 80 B 
W20240128 11:18:09.138752 4194283 IPCTensor.h:368] NewIPCTensor: circle_buffer_end_r1 [1]0x1000098c6000 8 B 
W20240128 11:18:09.138767 4194283 IPCTensor.h:368] NewIPCTensor: circle_buffer_end_cppseen_r1 [1]0x1000098c8000 8 B 
W20240128 11:18:09.138803 4194283 IPCTensor.h:368] NewIPCTensor: cached_sampler_r2_0 [1000000]0x1000098ca000 7.629 MB
W20240128 11:18:09.138824 4194283 IPCTensor.h:368] NewIPCTensor: cached_sampler_r2_1 [1000000]0x10000a06d000 7.629 MB
W20240128 11:18:09.138841 4194283 IPCTensor.h:368] NewIPCTensor: cached_sampler_r2_2 [1000000]0x10000a810000 7.629 MB
W20240128 11:18:09.138857 4194283 IPCTensor.h:368] NewIPCTensor: cached_sampler_r2_3 [1000000]0x10000afb3000 7.629 MB
W20240128 11:18:09.138875 4194283 IPCTensor.h:368] NewIPCTensor: cached_sampler_r2_4 [1000000]0x10000b756000 7.629 MB
W20240128 11:18:09.138893 4194283 IPCTensor.h:368] NewIPCTensor: cached_sampler_r2_5 [1000000]0x10000bef9000 7.629 MB
W20240128 11:18:09.138911 4194283 IPCTensor.h:368] NewIPCTensor: cached_sampler_r2_6 [1000000]0x10000c69c000 7.629 MB
W20240128 11:18:09.138931 4194283 IPCTensor.h:368] NewIPCTensor: cached_sampler_r2_7 [1000000]0x10000ce3f000 7.629 MB
W20240128 11:18:09.138954 4194283 IPCTensor.h:368] NewIPCTensor: cached_sampler_r2_8 [1000000]0x10000d5e2000 7.629 MB
W20240128 11:18:09.138974 4194283 IPCTensor.h:368] NewIPCTensor: cached_sampler_r2_9 [1000000]0x10000dd85000 7.629 MB
W20240128 11:18:09.138994 4194283 IPCTensor.h:368] NewIPCTensor: step_r2 [10]0x10000e528000 80 B 
W20240128 11:18:09.139009 4194283 IPCTensor.h:368] NewIPCTensor: circle_buffer_end_r2 [1]0x10000e52a000 8 B 
W20240128 11:18:09.139024 4194283 IPCTensor.h:368] NewIPCTensor: circle_buffer_end_cppseen_r2 [1]0x10000e52c000 8 B 
W20240128 11:18:09.139060 4194283 IPCTensor.h:368] NewIPCTensor: cached_sampler_r3_0 [1000000]0x10000e52e000 7.629 MB
W20240128 11:18:09.139081 4194283 IPCTensor.h:368] NewIPCTensor: cached_sampler_r3_1 [1000000]0x10000ecd1000 7.629 MB
W20240128 11:18:09.139099 4194283 IPCTensor.h:368] NewIPCTensor: cached_sampler_r3_2 [1000000]0x10000f474000 7.629 MB
W20240128 11:18:09.139122 4194283 IPCTensor.h:368] NewIPCTensor: cached_sampler_r3_3 [1000000]0x10000fc17000 7.629 MB
W20240128 11:18:09.139144 4194283 IPCTensor.h:368] NewIPCTensor: cached_sampler_r3_4 [1000000]0x1000103ba000 7.629 MB
W20240128 11:18:09.139163 4194283 IPCTensor.h:368] NewIPCTensor: cached_sampler_r3_5 [1000000]0x100010b5d000 7.629 MB
W20240128 11:18:09.139183 4194283 IPCTensor.h:368] NewIPCTensor: cached_sampler_r3_6 [1000000]0x100011300000 7.629 MB
W20240128 11:18:09.139204 4194283 IPCTensor.h:368] NewIPCTensor: cached_sampler_r3_7 [1000000]0x100011aa3000 7.629 MB
W20240128 11:18:09.139221 4194283 IPCTensor.h:368] NewIPCTensor: cached_sampler_r3_8 [1000000]0x100012246000 7.629 MB
W20240128 11:18:09.139241 4194283 IPCTensor.h:368] NewIPCTensor: cached_sampler_r3_9 [1000000]0x1000129e9000 7.629 MB
W20240128 11:18:09.139263 4194283 IPCTensor.h:368] NewIPCTensor: step_r3 [10]0x10001318c000 80 B 
W20240128 11:18:09.139277 4194283 IPCTensor.h:368] NewIPCTensor: circle_buffer_end_r3 [1]0x10001318e000 8 B 
W20240128 11:18:09.139297 4194283 IPCTensor.h:368] NewIPCTensor: circle_buffer_end_cppseen_r3 [1]0x100013190000 8 B 
W20240128 11:18:09.275043 4194283 IPCTensor.h:368] NewIPCTensor: full_emb [14951, 400]0x100013192000 22.81 MB
W20240128 11:18:09.275162 4194283 IPCTensor.h:368] NewIPCTensor: full_emb_SparseRowWiseAdaGrad_sum [14951]0x100014864000 58.4 kB
{0: Graph(num_nodes=10523, num_edges=182012,
      ndata_schemes={'_ID': Scheme(shape=(), dtype=torch.int64), 'inner_node': Scheme(shape=(), dtype=torch.int32), 'part_id': Scheme(shape=(), dtype=torch.int64)}
      edata_schemes={'_ID': Scheme(shape=(), dtype=torch.int64), 'inner_edge': Scheme(shape=(), dtype=torch.int8)}), 1: Graph(num_nodes=10996, num_edges=244360,
      ndata_schemes={'_ID': Scheme(shape=(), dtype=torch.int64), 'inner_node': Scheme(shape=(), dtype=torch.int32), 'part_id': Scheme(shape=(), dtype=torch.int64)}
      edata_schemes={'_ID': Scheme(shape=(), dtype=torch.int64), 'inner_edge': Scheme(shape=(), dtype=torch.int8)}), 2: Graph(num_nodes=9404, num_edges=143355,
      ndata_schemes={'_ID': Scheme(shape=(), dtype=torch.int64), 'inner_node': Scheme(shape=(), dtype=torch.int32), 'part_id': Scheme(shape=(), dtype=torch.int64)}
      edata_schemes={'_ID': Scheme(shape=(), dtype=torch.int64), 'inner_edge': Scheme(shape=(), dtype=torch.int8)}), 3: Graph(num_nodes=10954, num_edges=175447,
      ndata_schemes={'_ID': Scheme(shape=(), dtype=torch.int64), 'inner_node': Scheme(shape=(), dtype=torch.int32), 'part_id': Scheme(shape=(), dtype=torch.int64)}
      edata_schemes={'_ID': Scheme(shape=(), dtype=torch.int64), 'inner_edge': Scheme(shape=(), dtype=torch.int8)})}
MertisPartition: part 0 has 10523 N 182012 E
MertisPartition: part 1 has 10996 N 244360 E
MertisPartition: part 2 has 9404 N 143355 E
MertisPartition: part 3 has 10954 N 175447 E
Rank0: cached key size 186
Rank1: cached key size 186
Rank2: cached key size 186
Rank3: cached key size 186
Before renumbering graph:  {'_ID': tensor([    5,    14,    17,  ..., 11245,  2040,  3009]), 'inner_node': tensor([1, 1, 1,  ..., 0, 0, 0], dtype=torch.int32), 'part_id': tensor([0, 0, 0,  ..., 2, 3, 3])}
After renumbering graph:  {'_ID': tensor([ 845, 1041, 1110,  ..., 1759, 6228, 7412]), 'inner_node': tensor([1, 1, 1,  ..., 0, 0, 0], dtype=torch.int32), 'part_id': tensor([0, 0, 0,  ..., 2, 3, 3])}
part_g: DGLGraph(num_nodes=10523, num_edges=182012,
         ndata_schemes={'_ID': Scheme(shape=(), dtype=torch.int64)}
         edata_schemes={'tid': Scheme(shape=(), dtype=torch.int64)})
part_g: DGLGraph(num_nodes=10523, num_edges=182012,
         ndata_schemes={'_ID': Scheme(shape=(), dtype=torch.int64)}
         edata_schemes={'tid': Scheme(shape=(), dtype=torch.int64)})
Total initialize time 3.227 seconds
[Rank1] pid = 656
[Rank2] pid = 802
INFO [802 distributed_c10d.py:442] Added key: store_based_barrier_key:1 to store for rank: 2
INFO [656 distributed_c10d.py:442] Added key: store_based_barrier_key:1 to store for rank: 1
INFO [4194283 distributed_c10d.py:442] Added key: store_based_barrier_key:1 to store for rank: 0
INFO [894 distributed_c10d.py:442] Added key: store_based_barrier_key:1 to store for rank: 3
INFO [894 distributed_c10d.py:476] Rank 3: Completed store-based barrier for key:store_based_barrier_key:1 with 4 nodes.
W20240128 11:18:12.605352   896 IPCTensor.h:408] NewIPCGPUTensor: embedding_cache_3 [747, 400]; dev=3; size=1.14 MB
W20240128 11:18:12.606092   896 IPCTensor.h:368] NewIPCTensor: input_keys_3 [1000000]0x100014876000 7.629 MB
W20240128 11:18:12.606329   896 IPCTensor.h:368] NewIPCTensor: input_keys_neg_3 [1000000]0x100015019000 7.629 MB
W20240128 11:18:12.606437   896 IPCTensor.h:368] NewIPCTensor: backward_grads_3 [1000000, 400]0x1000157bc000 1.49 GB
W20240128 11:18:12.606500   896 IPCTensor.h:368] NewIPCTensor: backward_grads_neg_3 [1000000, 400]0x100074d9f000 1.49 GB
W20240128 11:18:12.606582   896 IPCTensor.h:408] NewIPCGPUTensor: backward_grads_3_gpu [1000000, 400]; dev=3; size=1.49 GB
INFO [802 distributed_c10d.py:476] Rank 2: Completed store-based barrier for key:store_based_barrier_key:1 with 4 nodes.
W20240128 11:18:12.611779   896 IPCTensor.h:408] NewIPCGPUTensor: backward_grads_neg_3_gpu [1000000, 400]; dev=3; size=1.49 GB
INFO [656 distributed_c10d.py:476] Rank 1: Completed store-based barrier for key:store_based_barrier_key:1 with 4 nodes.
INFO [4194283 distributed_c10d.py:476] Rank 0: Completed store-based barrier for key:store_based_barrier_key:1 with 4 nodes.
W20240128 11:18:12.612684   803 IPCTensor.h:408] NewIPCGPUTensor: embedding_cache_2 [747, 400]; dev=2; size=1.14 MB
W20240128 11:18:12.613386   895 IPCTensor.h:408] NewIPCGPUTensor: embedding_cache_0 [747, 400]; dev=0; size=1.14 MB
W20240128 11:18:12.613770   657 IPCTensor.h:408] NewIPCGPUTensor: embedding_cache_1 [747, 400]; dev=1; size=1.14 MB
W20240128 11:18:12.617213   803 IPCTensor.h:368] NewIPCTensor: input_keys_2 [1000000]0x1000d4388000 7.629 MB
W20240128 11:18:12.617337   803 IPCTensor.h:368] NewIPCTensor: input_keys_neg_2 [1000000]0x1000d4b2f000 7.629 MB
W20240128 11:18:12.617384   803 IPCTensor.h:368] NewIPCTensor: backward_grads_2 [1000000, 400]0x1000d52d2000 1.49 GB
W20240128 11:18:12.617411   803 IPCTensor.h:368] NewIPCTensor: backward_grads_neg_2 [1000000, 400]0x1001348b5000 1.49 GB
W20240128 11:18:12.617451   803 IPCTensor.h:408] NewIPCGPUTensor: backward_grads_2_gpu [1000000, 400]; dev=2; size=1.49 GB
W20240128 11:18:12.617429   895 IPCTensor.h:368] NewIPCTensor: input_keys_0 [1000000]0x100193e98000 7.629 MB
W20240128 11:18:12.617511   657 IPCTensor.h:368] NewIPCTensor: input_keys_1 [1000000]0x10019463b000 7.629 MB
W20240128 11:18:12.617604   895 IPCTensor.h:368] NewIPCTensor: input_keys_neg_0 [1000000]0x100194dde000 7.629 MB
W20240128 11:18:12.617682   657 IPCTensor.h:368] NewIPCTensor: input_keys_neg_1 [1000000]0x100195581000 7.629 MB
W20240128 11:18:12.617707   895 IPCTensor.h:368] NewIPCTensor: backward_grads_0 [1000000, 400]0x100195d24000 1.49 GB
W20240128 11:18:12.617765   657 IPCTensor.h:368] NewIPCTensor: backward_grads_1 [1000000, 400]0x1001f5307000 1.49 GB
W20240128 11:18:12.617772   895 IPCTensor.h:368] NewIPCTensor: backward_grads_neg_0 [1000000, 400]0x1002548ea000 1.49 GB
W20240128 11:18:12.617822   657 IPCTensor.h:368] NewIPCTensor: backward_grads_neg_1 [1000000, 400]0x1002b3ecd000 1.49 GB
W20240128 11:18:12.617838   895 IPCTensor.h:408] NewIPCGPUTensor: backward_grads_0_gpu [1000000, 400]; dev=0; size=1.49 GB
W20240128 11:18:12.617875   657 IPCTensor.h:408] NewIPCGPUTensor: backward_grads_1_gpu [1000000, 400]; dev=1; size=1.49 GB
W20240128 11:18:12.629060   803 IPCTensor.h:408] NewIPCGPUTensor: backward_grads_neg_2_gpu [1000000, 400]; dev=2; size=1.49 GB
W20240128 11:18:12.631353   657 IPCTensor.h:408] NewIPCGPUTensor: backward_grads_neg_1_gpu [1000000, 400]; dev=1; size=1.49 GB
W20240128 11:18:12.631594   895 IPCTensor.h:408] NewIPCGPUTensor: backward_grads_neg_0_gpu [1000000, 400]; dev=0; size=1.49 GB
cudaHostRegister 0x100013192000
2: KnownLocalCachedEmbedding init done
WARNING [802 DistTensor.py:56] The tensor name already exists in the kvstore
cudaHostRegister 0x100013192000
1: KnownLocalCachedEmbedding init done
WARNING [656 DistTensor.py:56] The tensor name already exists in the kvstore
cudaHostRegister 0x100013192000
3: KnownLocalCachedEmbedding init done
WARNING [894 DistTensor.py:56] The tensor name already exists in the kvstore
[Rank3] pid = 894
New CachedEmbedding, name=full_emb, shape=(14951, 400), cache_type=KnownLocalCachedEmbedding
fixed cache_range is [(0, 747), (747, 1494), (1494, 2241), (2241, 2988)]
cudaHostRegister 0x100013192000
0: KnownLocalCachedEmbedding init done
WARNING [4194283 DistTensor.py:56] The tensor name already exists in the kvstore
I20240128 11:18:13.872670   895 IPC_barrier.h:118] CreateBarrier: new barrier, name: kgcachecontroller, count: 4
I20240128 11:18:13.872776   657 IPC_barrier.h:112] CreateBarrier: find existing barrier, name: kgcachecontroller, count: 4
I20240128 11:18:13.872846   896 IPC_barrier.h:112] CreateBarrier: find existing barrier, name: kgcachecontroller, count: 4
I20240128 11:18:13.873071   803 IPC_barrier.h:112] CreateBarrier: find existing barrier, name: kgcachecontroller, count: 4
W20240128 11:18:13.874397   895 grad_base.h:55] KGCacheController, config={
        "num_gpus": 4,
        "L": 10,
        "backgrad_init": "both", 
        "kForwardItersPerStep": 2,
        "clr": 1,
        "nr_background_threads": 32,
        "backwardMode": "CppAsyncV2",
        "cache_ratio": 0.05,
        "update_cache_use_omp":  0,
        "update_pq_use_omp":  0
        }
W20240128 11:18:13.874569   895 grad_base.h:184] Init GradProcessingBase done
I20240128 11:18:13.878881   895 grad_async_v2.h:32] Use background thread to update emb. nr_background_threads=32
W20240128 11:18:13.878985   895 kg_controller.h:78] after init GradAsyncProcessingV2
I20240128 11:18:13.878990   895 kg_controller.h:84] Construct KGCacheController done
I20240128 11:18:15.253950   895 grad_base.h:60] GraphEnv RegTensorsPerProcess
W20240128 11:18:15.927775  1320 grad_async_v2.h:120] Detect new sample comes, old_end0, new_end1
E20240128 11:18:15.928118  1320 parallel_pq_v2.h:76] insert failed, size(hashtable)=1
I20240128 11:18:15.947057   896 IPC_barrier.h:118] CreateBarrier: new barrier, name: start_barrier, count: 4
I20240128 11:18:15.952271   895 IPC_barrier.h:112] CreateBarrier: find existing barrier, name: start_barrier, count: 4
I20240128 11:18:15.964998   803 IPC_barrier.h:112] CreateBarrier: find existing barrier, name: start_barrier, count: 4
I20240128 11:18:15.987447   657 IPC_barrier.h:112] CreateBarrier: find existing barrier, name: start_barrier, count: 4
E20240128 11:18:18.442239  1089 parallel_pq_v2.h:76] insert failed, size(hashtable)=3
W20240128 11:18:18.453801   895 grad_async_v2.h:249] Sleep in <BlockToStepN>, step_no=1, pq.top=1
W20240128 11:18:18.457823  1320 grad_async_v2.h:120] Detect new sample comes, old_end1, new_end2
+---------------------------+---------------------------+---------------------------+
| Name                      | P50                       | P99                       |
+---------------------------+---------------------------+---------------------------+
| GenInput                  | 771.792 us                | 10.193 ms                 |
| Forward                   | 2.382 ms                  | 1.200 s                   |
| Backward                  | 1.902 ms                  | 247.785 ms                |
| Optimize                  | 818.029 us                | 1.600 ms                  |
| BarrierTimeBeforeRank0    | 504.959 us                | 34.330 ms                 |
| AfterBackward             | 9.582 ms                  | 980.892 ms                |
| BlockToStepN              | 818.840 us                | 8.471 ms                  |
| OneStep                   | 18.801 ms                 | 2.469 s                   |
+---------------------------+---------------------------+---------------------------+
E20240128 11:18:19.442008  1089 parallel_pq_v2.h:76] insert failed, size(hashtable)=1516
W20240128 11:18:19.462775  1320 grad_async_v2.h:120] Detect new sample comes, old_end3, new_end4
W20240128 11:18:19.466311   895 grad_async_v2.h:249] Sleep in <BlockToStepN>, step_no=44, pq.top=44
+---------------------------+---------------------------+---------------------------+
| Name                      | P50                       | P99                       |
+---------------------------+---------------------------+---------------------------+
| ProcessBack:Shuffle       | 1.748 ms                  | 69.481 ms                 |
| ProcessBack:UpdateCache   | 1.530 ms                  | 179.701 ms                |
| ProcessBack:UpsertPq      | 7.816 ms                  | 10.080 ms                 |
| ProcessOneStep            | 11.823 ms                 | 106.579 ms                |
| BlockToStepN              | 2.700 ms                  | 10.174 ms                 |
+---------------------------+---------------------------+---------------------------+
E20240128 11:18:20.442299  1319 parallel_pq_v2.h:76] insert failed, size(hashtable)=7424
W20240128 11:18:20.466080   895 grad_async_v2.h:249] Sleep in <BlockToStepN>, step_no=84, pq.top=84
W20240128 11:18:20.471369  1320 grad_async_v2.h:120] Detect new sample comes, old_end4, new_end5
train_sampler.Prefill()
before start barrier
start train
[proc 2] 100 steps, total: 4.933, sample: 0.154, forward: 1.200, backward: 0.492, update: 0.075
train_sampler.Prefill()
before start barrier
start train
[proc 1] 100 steps, total: 4.911, sample: 0.173, forward: 1.313, backward: 0.583, update: 0.073
train_sampler.Prefill()
before start barrier
start train
[proc 3] 100 steps, total: 4.951, sample: 0.175, forward: 1.331, backward: 0.614, update: 0.070
train_sampler.Prefill()
-------Step 0-------
tensor([ 8013,  3803,  9747,  7033,  8748,  4120,   690,  4404, 12711, 10190]) tensor([ 1110,  8588,  9819,  3603,  7959,  7593, 13139,  7897,  8061,  8598])
-------Step 1-------
tensor([ 8013,  3803,  9747,  7033,  8748,  4120,   690,  4404, 12711, 10190]) tensor([  408, 11387, 14270,  1076,  6792, 10939,  1713,  9900,  7975,  9178])
-------Step 2-------
tensor([ 5577, 14777,  7676,  5001,  5199,  9622, 10252,  9743, 13171,   119]) tensor([9941, 3097, 1729, 6684, 4741,  660, 6396, 5142, 6642, 6541])
-------Step 3-------
tensor([ 5577, 14777,  7676,  5001,  5199,  9622, 10252,  9743, 13171,   119]) tensor([ 5822, 11960,  7706, 11260,  6848,  1604,  9865, 11710, 11275, 12068])
-------Step 4-------
tensor([ 8993,  2272,  3751,   148,  9623,  8832,  5076, 11771, 10488,  7984]) tensor([11768,  3555,  3629, 12835,  1587,  2152, 12999,  5672, 12666,  6578])
-------Step 5-------
tensor([ 8993,  2272,  3751,   148,  9623,  8832,  5076, 11771, 10488,  7984]) tensor([ 5950, 10085,  5243,  8706,  9944,  7034,  5009,  3394,  8990, 14748])
-------Step 6-------
tensor([10098,  6960,  5766,  7015,  1415,  6626,  7585,  2488, 13302,    38]) tensor([ 7993,  5040,  3265, 11090,  7137,   612,  3845, 12635, 12035,  3751])
-------Step 7-------
tensor([10098,  6960,  5766,  7015,  1415,  6626,  7585,  2488, 13302,    38]) tensor([ 5726,  8329,  8927, 10099,   531,   184, 12805, 11624,  4178, 13957])
-------Step 8-------
tensor([   79, 14622, 10834, 10584,  5454,  5766, 12421,  6534,  3628,  1517]) tensor([14319,  3285, 11715, 12055,  3668,  9601,  5932,   423, 10624, 13494])
-------Step 9-------
tensor([   79, 14622, 10834, 10584,  5454,  5766, 12421,  6534,  3628,  1517]) tensor([ 9608, 11553, 13680,   534, 12352,  9411,  5870,  1725,  7662, 10568])
before start barrier
start train
[proc 0] 100 steps, total: 4.946, sample: 0.154, forward: 1.437, backward: 0.441, update: 0.080
E20240128 11:18:21.442010   895 parallel_pq_v2.h:76] insert failed, size(hashtable)=42
W20240128 11:18:21.471400  1320 grad_async_v2.h:120] Detect new sample comes, old_end0, new_end1
W20240128 11:18:21.473543   895 grad_async_v2.h:249] Sleep in <BlockToStepN>, step_no=121, pq.top=121
E20240128 11:18:22.442011  1319 parallel_pq_v2.h:76] insert failed, size(hashtable)=10309
W20240128 11:18:22.473734  1320 grad_async_v2.h:120] Detect new sample comes, old_end9, new_end0
W20240128 11:18:22.481745   895 grad_async_v2.h:249] Sleep in <BlockToStepN>, step_no=160, pq.top=160
E20240128 11:18:23.442010   895 parallel_pq_v2.h:76] insert failed, size(hashtable)=748
W20240128 11:18:23.481212   895 grad_async_v2.h:249] Sleep in <BlockToStepN>, step_no=198, pq.top=198
W20240128 11:18:23.488651  1320 grad_async_v2.h:120] Detect new sample comes, old_end8, new_end9
[proc 2] 200 steps, total: 2.654, sample: 0.167, forward: 0.225, backward: 0.210, update: 0.070
[proc 1] 200 steps, total: 2.654, sample: 0.192, forward: 0.264, backward: 0.228, update: 0.070
[proc 3] 200 steps, total: 2.654, sample: 0.192, forward: 0.262, backward: 0.219, update: 0.071
[proc 0] 200 steps, total: 2.654, sample: 0.160, forward: 0.243, backward: 0.206, update: 0.072
+---------------------------+---------------------------+---------------------------+
| Name                      | P50                       | P99                       |
+---------------------------+---------------------------+---------------------------+
| GenInput                  | 888.948 us                | 6.615 ms                  |
| Forward                   | 2.420 ms                  | 4.952 ms                  |
| Backward                  | 1.971 ms                  | 4.777 ms                  |
| Optimize                  | 794.784 us                | 1.365 ms                  |
| BarrierTimeBeforeRank0    | 379.556 us                | 4.113 ms                  |
| AfterBackward             | 11.273 ms                 | 15.231 ms                 |
| BlockToStepN              | 5.275 ms                  | 12.741 ms                 |
| OneStep                   | 24.827 ms                 | 38.390 ms                 |
+---------------------------+---------------------------+---------------------------+
E20240128 11:18:24.442006  1319 parallel_pq_v2.h:76] insert failed, size(hashtable)=10659
W20240128 11:18:24.490062  1320 grad_async_v2.h:120] Detect new sample comes, old_end2, new_end3
W20240128 11:18:24.500703   895 grad_async_v2.h:249] Sleep in <BlockToStepN>, step_no=233, pq.top=233
+---------------------------+---------------------------+---------------------------+
| Name                      | P50                       | P99                       |
+---------------------------+---------------------------+---------------------------+
| ProcessBack:Shuffle       | 1.718 ms                  | 2.783 ms                  |
| ProcessBack:UpdateCache   | 1.582 ms                  | 3.814 ms                  |
| ProcessBack:UpsertPq      | 7.653 ms                  | 10.591 ms                 |
| ProcessOneStep            | 11.514 ms                 | 15.212 ms                 |
| BlockToStepN              | 5.669 ms                  | 12.254 ms                 |
+---------------------------+---------------------------+---------------------------+
E20240128 11:18:25.442042  1319 parallel_pq_v2.h:76] insert failed, size(hashtable)=10148
W20240128 11:18:25.491137  1320 grad_async_v2.h:120] Detect new sample comes, old_end4, new_end5
W20240128 11:18:25.502205   895 grad_async_v2.h:249] Sleep in <BlockToStepN>, step_no=265, pq.top=265
E20240128 11:18:26.442015  1319 parallel_pq_v2.h:76] insert failed, size(hashtable)=8013
W20240128 11:18:26.493692  1320 grad_async_v2.h:120] Detect new sample comes, old_end6, new_end7
W20240128 11:18:26.511269   895 grad_async_v2.h:249] Sleep in <BlockToStepN>, step_no=297, pq.top=297
[proc 0] 300 steps, total: 3.063, sample: 0.218, forward: 0.274, backward: 0.229, update: 0.079
[proc 2] 300 steps, total: 3.063, sample: 0.155, forward: 0.229, backward: 0.205, update: 0.071
[proc 1] 300 steps, total: 3.063, sample: 0.184, forward: 0.278, backward: 0.232, update: 0.074
[proc 3] 300 steps, total: 3.063, sample: 0.185, forward: 0.283, backward: 0.223, update: 0.075
E20240128 11:18:27.442190  1319 parallel_pq_v2.h:76] insert failed, size(hashtable)=8647
W20240128 11:18:27.495766  1320 grad_async_v2.h:120] Detect new sample comes, old_end7, new_end8
W20240128 11:18:27.514248   895 grad_async_v2.h:249] Sleep in <BlockToStepN>, step_no=328, pq.top=328
E20240128 11:18:28.442013  1319 parallel_pq_v2.h:76] insert failed, size(hashtable)=7305
W20240128 11:18:28.514606   895 grad_async_v2.h:249] Sleep in <BlockToStepN>, step_no=359, pq.top=359
W20240128 11:18:28.529192  1320 grad_async_v2.h:120] Detect new sample comes, old_end9, new_end0
+---------------------------+---------------------------+---------------------------+
| Name                      | P50                       | P99                       |
+---------------------------+---------------------------+---------------------------+
| GenInput                  | 1.057 ms                  | 9.368 ms                  |
| Forward                   | 2.628 ms                  | 4.764 ms                  |
| Backward                  | 2.289 ms                  | 4.030 ms                  |
| Optimize                  | 817.246 us                | 1.320 ms                  |
| BarrierTimeBeforeRank0    | 50.471 us                 | 3.547 ms                  |
| AfterBackward             | 12.763 ms                 | 15.374 ms                 |
| BlockToStepN              | 6.755 ms                  | 13.289 ms                 |
| OneStep                   | 27.960 ms                 | 42.916 ms                 |
+---------------------------+---------------------------+---------------------------+
E20240128 11:18:29.442160  1320 parallel_pq_v2.h:76] insert failed, size(hashtable)=60
W20240128 11:18:29.524777   895 grad_async_v2.h:249] Sleep in <BlockToStepN>, step_no=390, pq.top=390
W20240128 11:18:29.538085  1320 grad_async_v2.h:120] Detect new sample comes, old_end0, new_end1
[proc 2] 400 steps, total: 3.256, sample: 0.156, forward: 0.228, backward: 0.203, update: 0.070
[proc 3] 400 steps, total: 3.256, sample: 0.164, forward: 0.266, backward: 0.222, update: 0.070
[proc 0] 400 steps, total: 3.256, sample: 0.224, forward: 0.290, backward: 0.229, update: 0.074
[proc 1] 400 steps, total: 3.256, sample: 0.180, forward: 0.279, backward: 0.232, update: 0.072
+---------------------------+---------------------------+---------------------------+
| Name                      | P50                       | P99                       |
+---------------------------+---------------------------+---------------------------+
| ProcessBack:Shuffle       | 2.004 ms                  | 2.774 ms                  |
| ProcessBack:UpdateCache   | 1.867 ms                  | 3.067 ms                  |
| ProcessBack:UpsertPq      | 7.974 ms                  | 10.999 ms                 |
| ProcessOneStep            | 13.112 ms                 | 15.525 ms                 |
| BlockToStepN              | 6.884 ms                  | 13.797 ms                 |
+---------------------------+---------------------------+---------------------------+
E20240128 11:18:30.442013  1319 parallel_pq_v2.h:76] insert failed, size(hashtable)=9617
W20240128 11:18:30.524477   895 grad_async_v2.h:249] Sleep in <BlockToStepN>, step_no=420, pq.top=420
W20240128 11:18:30.564047  1320 grad_async_v2.h:120] Detect new sample comes, old_end1, new_end2
E20240128 11:18:31.442008  1319 parallel_pq_v2.h:76] insert failed, size(hashtable)=7922
W20240128 11:18:31.537070   895 grad_async_v2.h:249] Sleep in <BlockToStepN>, step_no=450, pq.top=450
W20240128 11:18:31.580567  1320 grad_async_v2.h:120] Detect new sample comes, old_end1, new_end2
E20240128 11:18:32.442404  1319 parallel_pq_v2.h:76] insert failed, size(hashtable)=8810
W20240128 11:18:32.537693   895 grad_async_v2.h:249] Sleep in <BlockToStepN>, step_no=479, pq.top=479
W20240128 11:18:32.582005  1320 grad_async_v2.h:120] Detect new sample comes, old_end0, new_end1
[proc 1] 500 steps, total: 3.402, sample: 0.181, forward: 0.278, backward: 0.284, update: 0.074
[proc 2] 500 steps, total: 3.403, sample: 0.172, forward: 0.231, backward: 0.204, update: 0.072
[proc 0] 500 steps, total: 3.403, sample: 0.232, forward: 0.282, backward: 0.232, update: 0.075
[proc 3] 500 steps, total: 3.403, sample: 0.158, forward: 0.265, backward: 0.228, update: 0.081
Successfully xmh. training takes 17.32188606262207 seconds
before call kg_cache_controller.StopThreads()
W20240128 11:18:33.274215   895 grad_async_v2.h:71] call StopThreads. PID = 4194283
W20240128 11:18:33.274248   895 grad_base.h:212] before processOneStepNegThread_.join();
W20240128 11:18:33.274484   895 grad_base.h:214] after processOneStepNegThread_.join();
W20240128 11:18:33.274490   895 grad_async_v2.h:73] call GradProcessingBase::StopThreads.
W20240128 11:18:33.278375   895 grad_async_v2.h:91] StopThreads done.
[W tensorpipe_agent.cpp:725] RPC agent for worker0 encountered error when reading incoming request from worker1: eof (this error originated at tensorpipe/transport/shm/connection_impl.cc:259)
[W tensorpipe_agent.cpp:725] RPC agent for worker0 encountered error when reading incoming request from worker3: eof (this error originated at tensorpipe/transport/shm/connection_impl.cc:259)
[W tensorpipe_agent.cpp:725] RPC agent for worker0 encountered error when reading incoming request from worker2: eof (this error originated at tensorpipe/transport/shm/connection_impl.cc:259)
+---------------------------+---------------------------+---------------------------+
| Name                      | P50                       | P99                       |
+---------------------------+---------------------------+---------------------------+
| GenInput                  | 1.144 ms                  | 9.664 ms                  |
| Forward                   | 2.813 ms                  | 4.952 ms                  |
| Backward                  | 2.330 ms                  | 3.782 ms                  |
| Optimize                  | 816.425 us                | 1.307 ms                  |
| BarrierTimeBeforeRank0    | 33.096 us                 | 5.598 ms                  |
| AfterBackward             | 13.564 ms                 | 15.829 ms                 |
| BlockToStepN              | 7.438 ms                  | 15.041 ms                 |
| OneStep                   | 29.042 ms                 | 44.911 ms                 |
+---------------------------+---------------------------+---------------------------+
On rank0, prepare to call self.controller.StopThreads(), self=<python.controller_process.KGCacheControllerWrapper object at 0x7f5e9292bfd0>
+---------------------------+---------------------------+---------------------------+
| Name                      | P50                       | P99                       |
+---------------------------+---------------------------+---------------------------+
| ProcessBack:Shuffle       | 2.034 ms                  | 2.252 ms                  |
| ProcessBack:UpdateCache   | 1.896 ms                  | 2.568 ms                  |
| ProcessBack:UpsertPq      | 8.171 ms                  | 11.005 ms                 |
| ProcessOneStep            | 13.538 ms                 | 15.770 ms                 |
| BlockToStepN              | 7.383 ms                  | 14.969 ms                 |
+---------------------------+---------------------------+---------------------------+
