WARNING: Logging before InitGoogleLogging() is written to STDERR
I20240211 09:22:39.344295 23334 IPC_barrier.h:128] MultiProcessBarrierFactory->ClearIPCMemory()
W20240211 09:22:39.352375 23334 IPCTensor.h:369] NewIPCTensor: full_emb [9449206, 32]0x100000002000 1.126 GB
/data/home/xieminhui/RecStore/src/framework_adapters/torch/python/perf_rec_model.py:152: DeprecationWarning: The 'warn' function is deprecated, use 'warning' instead
  XLOG.warn("After init DistEmbedding")
WARNING [23334 perf_rec_model.py:152] After init DistEmbedding
========== Running Perf with routine <function routine_local_cache_helper at 0x7f5bb46a18a0>==========
Worker 1 pid=24912
Worker 2 pid=24913
Worker 3 pid=24914
Worker 4 pid=24915
Worker 5 pid=24916
Worker 6 pid=24917
INFO [23334 distributed_c10d.py:442] Added key: store_based_barrier_key:1 to store for rank: 0
INFO [24912 distributed_c10d.py:442] Added key: store_based_barrier_key:1 to store for rank: 1
INFO [24913 distributed_c10d.py:442] Added key: store_based_barrier_key:1 to store for rank: 2
INFO [24915 distributed_c10d.py:442] Added key: store_based_barrier_key:1 to store for rank: 4
INFO [24916 distributed_c10d.py:442] Added key: store_based_barrier_key:1 to store for rank: 5
INFO [24914 distributed_c10d.py:442] Added key: store_based_barrier_key:1 to store for rank: 3
INFO [24918 distributed_c10d.py:442] Added key: store_based_barrier_key:1 to store for rank: 7
INFO [24917 distributed_c10d.py:442] Added key: store_based_barrier_key:1 to store for rank: 6
INFO [24913 distributed_c10d.py:476] Rank 2: Completed store-based barrier for key:store_based_barrier_key:1 with 8 nodes.
INFO [24915 distributed_c10d.py:476] Rank 4: Completed store-based barrier for key:store_based_barrier_key:1 with 8 nodes.
INFO [24918 distributed_c10d.py:476] Rank 7: Completed store-based barrier for key:store_based_barrier_key:1 with 8 nodes.
INFO [24916 distributed_c10d.py:476] Rank 5: Completed store-based barrier for key:store_based_barrier_key:1 with 8 nodes.
INFO [24917 distributed_c10d.py:476] Rank 6: Completed store-based barrier for key:store_based_barrier_key:1 with 8 nodes.
INFO [24912 distributed_c10d.py:476] Rank 1: Completed store-based barrier for key:store_based_barrier_key:1 with 8 nodes.
INFO [24914 distributed_c10d.py:476] Rank 3: Completed store-based barrier for key:store_based_barrier_key:1 with 8 nodes.
E20240211 09:22:45.716771 24917 IPCTensor.h:348] IPCTensor full_emb already exists
E20240211 09:22:45.716892 24916 IPCTensor.h:348] IPCTensor full_emb already exists
E20240211 09:22:45.716897 24915 IPCTensor.h:348] IPCTensor full_emb already exists
E20240211 09:22:45.716907 24912 IPCTensor.h:348] IPCTensor full_emb already exists
E20240211 09:22:45.717092 24914 IPCTensor.h:348] IPCTensor full_emb already exists
E20240211 09:22:45.717149 24918 IPCTensor.h:348] IPCTensor full_emb already exists
E20240211 09:22:45.717150 24913 IPCTensor.h:348] IPCTensor full_emb already exists
INFO [23334 distributed_c10d.py:476] Rank 0: Completed store-based barrier for key:store_based_barrier_key:1 with 8 nodes.
E20240211 09:22:45.719249 23334 IPCTensor.h:348] IPCTensor full_emb already exists
W20240211 09:22:51.019269 24912 IPCTensor.h:409] NewIPCGPUTensor: embedding_cache_1 [94492, 32]; dev=1; size=11.53 MB
W20240211 09:22:51.020155 24914 IPCTensor.h:409] NewIPCGPUTensor: embedding_cache_3 [94492, 32]; dev=3; size=11.53 MB
W20240211 09:22:51.020135 24915 IPCTensor.h:409] NewIPCGPUTensor: embedding_cache_4 [94492, 32]; dev=4; size=11.53 MB
W20240211 09:22:51.020148 24916 IPCTensor.h:409] NewIPCGPUTensor: embedding_cache_5 [94492, 32]; dev=5; size=11.53 MB
W20240211 09:22:51.021711 23334 IPCTensor.h:409] NewIPCGPUTensor: embedding_cache_0 [94492, 32]; dev=0; size=11.53 MB
W20240211 09:22:51.022783 24917 IPCTensor.h:409] NewIPCGPUTensor: embedding_cache_6 [94492, 32]; dev=6; size=11.53 MB
W20240211 09:22:51.023231 24918 IPCTensor.h:409] NewIPCGPUTensor: embedding_cache_7 [94492, 32]; dev=7; size=11.53 MB
W20240211 09:22:51.029680 24913 IPCTensor.h:409] NewIPCGPUTensor: embedding_cache_2 [94492, 32]; dev=2; size=11.53 MB
W20240211 09:22:51.782230 24916 IPCTensor.h:369] NewIPCTensor: input_keys_5 [1000000]0x10004817d000 7.629 MB
W20240211 09:22:51.782457 24916 IPCTensor.h:369] NewIPCTensor: input_keys_neg_5 [1000000]0x100048920000 7.629 MB
W20240211 09:22:51.782526 24916 IPCTensor.h:369] NewIPCTensor: backward_grads_5 [1000000, 32]0x1000490c3000 122.1 MB
W20240211 09:22:51.782578 24916 IPCTensor.h:369] NewIPCTensor: backward_grads_neg_5 [1000000, 32]0x100050ad7000 122.1 MB
W20240211 09:22:51.782644 24916 IPCTensor.h:409] NewIPCGPUTensor: backward_grads_5_gpu [1000000, 32]; dev=5; size=122.1 MB
W20240211 09:22:51.783758 24916 IPCTensor.h:409] NewIPCGPUTensor: backward_grads_neg_5_gpu [1000000, 32]; dev=5; size=122.1 MB
W20240211 09:22:51.825045 24915 IPCTensor.h:369] NewIPCTensor: input_keys_4 [1000000]0x1000584f1000 7.629 MB
W20240211 09:22:51.825238 24915 IPCTensor.h:369] NewIPCTensor: input_keys_neg_4 [1000000]0x100058c94000 7.629 MB
W20240211 09:22:51.825300 24915 IPCTensor.h:369] NewIPCTensor: backward_grads_4 [1000000, 32]0x100059437000 122.1 MB
W20240211 09:22:51.825349 24915 IPCTensor.h:369] NewIPCTensor: backward_grads_neg_4 [1000000, 32]0x100060e4b000 122.1 MB
W20240211 09:22:51.825402 24915 IPCTensor.h:409] NewIPCGPUTensor: backward_grads_4_gpu [1000000, 32]; dev=4; size=122.1 MB
W20240211 09:22:51.827466 24915 IPCTensor.h:409] NewIPCGPUTensor: backward_grads_neg_4_gpu [1000000, 32]; dev=4; size=122.1 MB
W20240211 09:22:51.831542 24918 IPCTensor.h:369] NewIPCTensor: input_keys_7 [1000000]0x100068865000 7.629 MB
W20240211 09:22:51.831703 24918 IPCTensor.h:369] NewIPCTensor: input_keys_neg_7 [1000000]0x100069008000 7.629 MB
W20240211 09:22:51.831764 24918 IPCTensor.h:369] NewIPCTensor: backward_grads_7 [1000000, 32]0x1000697ab000 122.1 MB
W20240211 09:22:51.831809 24918 IPCTensor.h:369] NewIPCTensor: backward_grads_neg_7 [1000000, 32]0x1000711bf000 122.1 MB
W20240211 09:22:51.831859 24918 IPCTensor.h:409] NewIPCGPUTensor: backward_grads_7_gpu [1000000, 32]; dev=7; size=122.1 MB
W20240211 09:22:51.917776 24914 IPCTensor.h:369] NewIPCTensor: input_keys_3 [1000000]0x100078bd5000 7.629 MB
W20240211 09:22:51.917973 24914 IPCTensor.h:369] NewIPCTensor: input_keys_neg_3 [1000000]0x100079378000 7.629 MB
W20240211 09:22:51.918051 24914 IPCTensor.h:369] NewIPCTensor: backward_grads_3 [1000000, 32]0x100079b1b000 122.1 MB
W20240211 09:22:51.918109 24914 IPCTensor.h:369] NewIPCTensor: backward_grads_neg_3 [1000000, 32]0x10008152f000 122.1 MB
W20240211 09:22:51.918167 24914 IPCTensor.h:409] NewIPCGPUTensor: backward_grads_3_gpu [1000000, 32]; dev=3; size=122.1 MB
W20240211 09:22:51.925206 24918 IPCTensor.h:409] NewIPCGPUTensor: backward_grads_neg_7_gpu [1000000, 32]; dev=7; size=122.1 MB
W20240211 09:22:51.927819 24917 IPCTensor.h:369] NewIPCTensor: input_keys_6 [1000000]0x100088f49000 7.629 MB
W20240211 09:22:51.928267 24917 IPCTensor.h:369] NewIPCTensor: input_keys_neg_6 [1000000]0x1000896ee000 7.629 MB
W20240211 09:22:51.928459 24917 IPCTensor.h:369] NewIPCTensor: backward_grads_6 [1000000, 32]0x100089e91000 122.1 MB
W20240211 09:22:51.928493 24913 IPCTensor.h:369] NewIPCTensor: input_keys_2 [1000000]0x1000918a5000 7.629 MB
W20240211 09:22:51.928601 24917 IPCTensor.h:369] NewIPCTensor: backward_grads_neg_6 [1000000, 32]0x100092048000 122.1 MB
W20240211 09:22:51.928696 24913 IPCTensor.h:369] NewIPCTensor: input_keys_neg_2 [1000000]0x100099a5c000 7.629 MB
W20240211 09:22:51.928748 24917 IPCTensor.h:409] NewIPCGPUTensor: backward_grads_6_gpu [1000000, 32]; dev=6; size=122.1 MB
W20240211 09:22:51.928767 24913 IPCTensor.h:369] NewIPCTensor: backward_grads_2 [1000000, 32]0x10009a1ff000 122.1 MB
W20240211 09:22:51.928822 24913 IPCTensor.h:369] NewIPCTensor: backward_grads_neg_2 [1000000, 32]0x1000a1c13000 122.1 MB
W20240211 09:22:51.928872 24913 IPCTensor.h:409] NewIPCGPUTensor: backward_grads_2_gpu [1000000, 32]; dev=2; size=122.1 MB
W20240211 09:22:51.932792 24913 IPCTensor.h:409] NewIPCGPUTensor: backward_grads_neg_2_gpu [1000000, 32]; dev=2; size=122.1 MB
W20240211 09:22:51.932890 24917 IPCTensor.h:409] NewIPCGPUTensor: backward_grads_neg_6_gpu [1000000, 32]; dev=6; size=122.1 MB
W20240211 09:22:51.941097 24914 IPCTensor.h:409] NewIPCGPUTensor: backward_grads_neg_3_gpu [1000000, 32]; dev=3; size=122.1 MB
W20240211 09:22:51.951226 24912 IPCTensor.h:369] NewIPCTensor: input_keys_1 [1000000]0x1000a9635000 7.629 MB
W20240211 09:22:51.951383 24912 IPCTensor.h:369] NewIPCTensor: input_keys_neg_1 [1000000]0x1000a9dd8000 7.629 MB
W20240211 09:22:51.951438 24912 IPCTensor.h:369] NewIPCTensor: backward_grads_1 [1000000, 32]0x1000aa57b000 122.1 MB
W20240211 09:22:51.951489 24912 IPCTensor.h:369] NewIPCTensor: backward_grads_neg_1 [1000000, 32]0x1000b1f8f000 122.1 MB
W20240211 09:22:51.951534 24912 IPCTensor.h:409] NewIPCGPUTensor: backward_grads_1_gpu [1000000, 32]; dev=1; size=122.1 MB
W20240211 09:22:51.957224 24912 IPCTensor.h:409] NewIPCGPUTensor: backward_grads_neg_1_gpu [1000000, 32]; dev=1; size=122.1 MB
W20240211 09:22:51.973214 23334 IPCTensor.h:369] NewIPCTensor: input_keys_0 [1000000]0x1000b99a9000 7.629 MB
W20240211 09:22:51.973438 23334 IPCTensor.h:369] NewIPCTensor: input_keys_neg_0 [1000000]0x1000ba14c000 7.629 MB
W20240211 09:22:51.973497 23334 IPCTensor.h:369] NewIPCTensor: backward_grads_0 [1000000, 32]0x1000ba8ef000 122.1 MB
W20240211 09:22:51.973542 23334 IPCTensor.h:369] NewIPCTensor: backward_grads_neg_0 [1000000, 32]0x1000c2303000 122.1 MB
W20240211 09:22:51.973593 23334 IPCTensor.h:409] NewIPCGPUTensor: backward_grads_0_gpu [1000000, 32]; dev=0; size=122.1 MB
W20240211 09:22:51.973937 23334 IPCTensor.h:409] NewIPCGPUTensor: backward_grads_neg_0_gpu [1000000, 32]; dev=0; size=122.1 MB
cudaHostRegister 0x100000002000
2: KnownLocalCachedEmbedding init done
Worker 7 pid=24918
New CachedEmbedding, name=full_emb, shape=(9449206, 32), cache_type=KnownLocalCachedEmbedding
fixed cache_range is [(0, 94492), (94492, 188984), (188984, 283476), (283476, 377968), (377968, 472460), (472460, 566952), (566952, 661444), (661444, 755936)]
cudaHostRegister 0x100000002000
0: KnownLocalCachedEmbedding init done
cudaHostRegister 0x100000002000
6: KnownLocalCachedEmbedding init done
cudaHostRegister 0x100000002000
4: KnownLocalCachedEmbedding init done
cudaHostRegister 0x100000002000
1: KnownLocalCachedEmbedding init done
cudaHostRegister 0x100000002000
7: KnownLocalCachedEmbedding init done
cudaHostRegister 0x100000002000
3: KnownLocalCachedEmbedding init done
cudaHostRegister 0x100000002000
5: KnownLocalCachedEmbedding init done
W20240211 09:22:56.770124 24915 IPCTensor.h:369] NewIPCTensor: cached_sampler_r4_0 [1000000]0x1000c9d1b000 7.629 MB
W20240211 09:22:56.770360 24915 IPCTensor.h:369] NewIPCTensor: cached_sampler_r4_1 [1000000]0x1000ca4be000 7.629 MB
W20240211 09:22:56.770424 24915 IPCTensor.h:369] NewIPCTensor: cached_sampler_r4_2 [1000000]0x1000cac61000 7.629 MB
W20240211 09:22:56.770473 24915 IPCTensor.h:369] NewIPCTensor: cached_sampler_r4_3 [1000000]0x1000cb404000 7.629 MB
W20240211 09:22:56.770520 24915 IPCTensor.h:369] NewIPCTensor: cached_sampler_r4_4 [1000000]0x1000cbba7000 7.629 MB
W20240211 09:22:56.770567 24915 IPCTensor.h:369] NewIPCTensor: cached_sampler_r4_5 [1000000]0x1000cc34a000 7.629 MB
W20240211 09:22:56.770627 24915 IPCTensor.h:369] NewIPCTensor: cached_sampler_r4_6 [1000000]0x1000ccaed000 7.629 MB
W20240211 09:22:56.770720 24915 IPCTensor.h:369] NewIPCTensor: cached_sampler_r4_7 [1000000]0x1000cd290000 7.629 MB
W20240211 09:22:56.770793 24915 IPCTensor.h:369] NewIPCTensor: cached_sampler_r4_8 [1000000]0x1000cda33000 7.629 MB
W20240211 09:22:56.770850 24915 IPCTensor.h:369] NewIPCTensor: cached_sampler_r4_9 [1000000]0x1000ce1d6000 7.629 MB
W20240211 09:22:56.770905 24915 IPCTensor.h:369] NewIPCTensor: step_r4 [10]0x1000ce979000 80 B 
W20240211 09:22:56.770943 24915 IPCTensor.h:369] NewIPCTensor: circle_buffer_end_r4 [1]0x1000ce97b000 8 B 
W20240211 09:22:56.770983 24915 IPCTensor.h:369] NewIPCTensor: circle_buffer_end_cppseen_r4 [1]0x1000ce97d000 8 B 
Dataset:  /home/xieminhui/RecStoreDataset/avazu_binary
Dataset loaded
np.max =  9449205
np.min=  1
Construct RecModelSampler done
I20240211 09:22:56.771432 24915 IPC_barrier.h:118] CreateBarrier: new barrier, name: kgcachecontroller, count: 8
W20240211 09:22:56.857414 24912 IPCTensor.h:369] NewIPCTensor: cached_sampler_r1_0 [1000000]0x1000ce97f000 7.629 MB
W20240211 09:22:56.857609 24912 IPCTensor.h:369] NewIPCTensor: cached_sampler_r1_1 [1000000]0x1000cf122000 7.629 MB
W20240211 09:22:56.857657 24912 IPCTensor.h:369] NewIPCTensor: cached_sampler_r1_2 [1000000]0x1000cf8c5000 7.629 MB
W20240211 09:22:56.857695 24912 IPCTensor.h:369] NewIPCTensor: cached_sampler_r1_3 [1000000]0x1000d0068000 7.629 MB
W20240211 09:22:56.857730 24912 IPCTensor.h:369] NewIPCTensor: cached_sampler_r1_4 [1000000]0x1000d080b000 7.629 MB
W20240211 09:22:56.857767 24912 IPCTensor.h:369] NewIPCTensor: cached_sampler_r1_5 [1000000]0x1000d0fae000 7.629 MB
W20240211 09:22:56.857815 24912 IPCTensor.h:369] NewIPCTensor: cached_sampler_r1_6 [1000000]0x1000d1751000 7.629 MB
W20240211 09:22:56.857884 24912 IPCTensor.h:369] NewIPCTensor: cached_sampler_r1_7 [1000000]0x1000d1ef4000 7.629 MB
W20240211 09:22:56.857949 24912 IPCTensor.h:369] NewIPCTensor: cached_sampler_r1_8 [1000000]0x1000d2697000 7.629 MB
W20240211 09:22:56.857990 24912 IPCTensor.h:369] NewIPCTensor: cached_sampler_r1_9 [1000000]0x1000d2e3a000 7.629 MB
W20240211 09:22:56.858050 24912 IPCTensor.h:369] NewIPCTensor: step_r1 [10]0x1000d35dd000 80 B 
W20240211 09:22:56.858086 24912 IPCTensor.h:369] NewIPCTensor: circle_buffer_end_r1 [1]0x1000d35df000 8 B 
W20240211 09:22:56.858125 24912 IPCTensor.h:369] NewIPCTensor: circle_buffer_end_cppseen_r1 [1]0x1000d35e1000 8 B 
Dataset:  /home/xieminhui/RecStoreDataset/avazu_binary
Dataset loaded
np.max =  9449205
np.min=  1
Construct RecModelSampler done
I20240211 09:22:56.858494 24912 IPC_barrier.h:112] CreateBarrier: find existing barrier, name: kgcachecontroller, count: 8
W20240211 09:22:56.884665 24918 IPCTensor.h:369] NewIPCTensor: cached_sampler_r7_0 [1000000]0x1000d35e3000 7.629 MB
W20240211 09:22:56.884819 24918 IPCTensor.h:369] NewIPCTensor: cached_sampler_r7_1 [1000000]0x1000d3d86000 7.629 MB
W20240211 09:22:56.884871 24918 IPCTensor.h:369] NewIPCTensor: cached_sampler_r7_2 [1000000]0x1000d4529000 7.629 MB
W20240211 09:22:56.884907 24918 IPCTensor.h:369] NewIPCTensor: cached_sampler_r7_3 [1000000]0x1000d4ccc000 7.629 MB
W20240211 09:22:56.884944 24918 IPCTensor.h:369] NewIPCTensor: cached_sampler_r7_4 [1000000]0x1000d546f000 7.629 MB
W20240211 09:22:56.884984 24918 IPCTensor.h:369] NewIPCTensor: cached_sampler_r7_5 [1000000]0x1000d5c12000 7.629 MB
W20240211 09:22:56.885025 24918 IPCTensor.h:369] NewIPCTensor: cached_sampler_r7_6 [1000000]0x1000d63b5000 7.629 MB
W20240211 09:22:56.885098 24918 IPCTensor.h:369] NewIPCTensor: cached_sampler_r7_7 [1000000]0x1000d6b58000 7.629 MB
W20240211 09:22:56.885159 24918 IPCTensor.h:369] NewIPCTensor: cached_sampler_r7_8 [1000000]0x1000d72fb000 7.629 MB
W20240211 09:22:56.885197 24918 IPCTensor.h:369] NewIPCTensor: cached_sampler_r7_9 [1000000]0x1000d7a9e000 7.629 MB
W20240211 09:22:56.885251 24918 IPCTensor.h:369] NewIPCTensor: step_r7 [10]0x1000d8241000 80 B 
W20240211 09:22:56.885288 24918 IPCTensor.h:369] NewIPCTensor: circle_buffer_end_r7 [1]0x1000d8243000 8 B 
W20240211 09:22:56.885326 24918 IPCTensor.h:369] NewIPCTensor: circle_buffer_end_cppseen_r7 [1]0x1000d8245000 8 B 
Dataset:  /home/xieminhui/RecStoreDataset/avazu_binary
Dataset loaded
np.max =  9449205
np.min=  1
Construct RecModelSampler done
I20240211 09:22:56.885644 24918 IPC_barrier.h:112] CreateBarrier: find existing barrier, name: kgcachecontroller, count: 8
W20240211 09:22:56.891099 24917 IPCTensor.h:369] NewIPCTensor: cached_sampler_r6_0 [1000000]0x1000d8247000 7.629 MB
W20240211 09:22:56.891252 24917 IPCTensor.h:369] NewIPCTensor: cached_sampler_r6_1 [1000000]0x1000d89ea000 7.629 MB
W20240211 09:22:56.891304 24917 IPCTensor.h:369] NewIPCTensor: cached_sampler_r6_2 [1000000]0x1000d918d000 7.629 MB
W20240211 09:22:56.891341 24917 IPCTensor.h:369] NewIPCTensor: cached_sampler_r6_3 [1000000]0x1000d9930000 7.629 MB
W20240211 09:22:56.891383 24917 IPCTensor.h:369] NewIPCTensor: cached_sampler_r6_4 [1000000]0x1000da0d3000 7.629 MB
W20240211 09:22:56.891429 24917 IPCTensor.h:369] NewIPCTensor: cached_sampler_r6_5 [1000000]0x1000da876000 7.629 MB
W20240211 09:22:56.891467 24917 IPCTensor.h:369] NewIPCTensor: cached_sampler_r6_6 [1000000]0x1000db019000 7.629 MB
W20240211 09:22:56.891530 24917 IPCTensor.h:369] NewIPCTensor: cached_sampler_r6_7 [1000000]0x1000db7bc000 7.629 MB
W20240211 09:22:56.891587 24917 IPCTensor.h:369] NewIPCTensor: cached_sampler_r6_8 [1000000]0x1000dbf5f000 7.629 MB
W20240211 09:22:56.891626 24917 IPCTensor.h:369] NewIPCTensor: cached_sampler_r6_9 [1000000]0x1000dc702000 7.629 MB
W20240211 09:22:56.891678 24917 IPCTensor.h:369] NewIPCTensor: step_r6 [10]0x1000dcea5000 80 B 
W20240211 09:22:56.891716 24917 IPCTensor.h:369] NewIPCTensor: circle_buffer_end_r6 [1]0x1000dcea7000 8 B 
W20240211 09:22:56.891753 24917 IPCTensor.h:369] NewIPCTensor: circle_buffer_end_cppseen_r6 [1]0x1000dcea9000 8 B 
Dataset:  /home/xieminhui/RecStoreDataset/avazu_binary
Dataset loaded
np.max =  9449205
np.min=  1
Construct RecModelSampler done
I20240211 09:22:56.892060 24917 IPC_barrier.h:112] CreateBarrier: find existing barrier, name: kgcachecontroller, count: 8
W20240211 09:22:56.914618 23334 IPCTensor.h:369] NewIPCTensor: cached_sampler_r0_0 [1000000]0x1000dceab000 7.629 MB
W20240211 09:22:56.914913 23334 IPCTensor.h:369] NewIPCTensor: cached_sampler_r0_1 [1000000]0x1000dd64e000 7.629 MB
W20240211 09:22:56.914984 23334 IPCTensor.h:369] NewIPCTensor: cached_sampler_r0_2 [1000000]0x1000dddf1000 7.629 MB
W20240211 09:22:56.915038 23334 IPCTensor.h:369] NewIPCTensor: cached_sampler_r0_3 [1000000]0x1000de594000 7.629 MB
W20240211 09:22:56.915084 23334 IPCTensor.h:369] NewIPCTensor: cached_sampler_r0_4 [1000000]0x1000ded37000 7.629 MB
W20240211 09:22:56.915119 23334 IPCTensor.h:369] NewIPCTensor: cached_sampler_r0_5 [1000000]0x1000df4da000 7.629 MB
W20240211 09:22:56.915164 23334 IPCTensor.h:369] NewIPCTensor: cached_sampler_r0_6 [1000000]0x1000dfc7d000 7.629 MB
W20240211 09:22:56.915228 23334 IPCTensor.h:369] NewIPCTensor: cached_sampler_r0_7 [1000000]0x1000e0420000 7.629 MB
W20240211 09:22:56.915267 23334 IPCTensor.h:369] NewIPCTensor: cached_sampler_r0_8 [1000000]0x1000e0bc3000 7.629 MB
W20240211 09:22:56.915313 23334 IPCTensor.h:369] NewIPCTensor: cached_sampler_r0_9 [1000000]0x1000e1366000 7.629 MB
W20240211 09:22:56.915359 23334 IPCTensor.h:369] NewIPCTensor: step_r0 [10]0x1000e1b09000 80 B 
W20240211 09:22:56.915395 23334 IPCTensor.h:369] NewIPCTensor: circle_buffer_end_r0 [1]0x1000e1b0b000 8 B 
W20240211 09:22:56.915426 23334 IPCTensor.h:369] NewIPCTensor: circle_buffer_end_cppseen_r0 [1]0x1000e1b0d000 8 B 
Dataset:  /home/xieminhui/RecStoreDataset/avazu_binary
Dataset loaded
np.max =  9449205
np.min=  1
Construct RecModelSampler done
I20240211 09:22:56.915781 23334 IPC_barrier.h:112] CreateBarrier: find existing barrier, name: kgcachecontroller, count: 8
W20240211 09:22:57.258879 24914 IPCTensor.h:369] NewIPCTensor: cached_sampler_r3_0 [1000000]0x1000e1b0f000 7.629 MB
W20240211 09:22:57.259055 24914 IPCTensor.h:369] NewIPCTensor: cached_sampler_r3_1 [1000000]0x1000e22b2000 7.629 MB
W20240211 09:22:57.259105 24914 IPCTensor.h:369] NewIPCTensor: cached_sampler_r3_2 [1000000]0x1000e2a55000 7.629 MB
W20240211 09:22:57.259145 24914 IPCTensor.h:369] NewIPCTensor: cached_sampler_r3_3 [1000000]0x1000e31f8000 7.629 MB
W20240211 09:22:57.259182 24914 IPCTensor.h:369] NewIPCTensor: cached_sampler_r3_4 [1000000]0x1000e399b000 7.629 MB
W20240211 09:22:57.259222 24914 IPCTensor.h:369] NewIPCTensor: cached_sampler_r3_5 [1000000]0x1000e413e000 7.629 MB
W20240211 09:22:57.259261 24914 IPCTensor.h:369] NewIPCTensor: cached_sampler_r3_6 [1000000]0x1000e48e1000 7.629 MB
W20240211 09:22:57.259328 24914 IPCTensor.h:369] NewIPCTensor: cached_sampler_r3_7 [1000000]0x1000e5084000 7.629 MB
W20240211 09:22:57.259398 24914 IPCTensor.h:369] NewIPCTensor: cached_sampler_r3_8 [1000000]0x1000e5827000 7.629 MB
W20240211 09:22:57.259438 24914 IPCTensor.h:369] NewIPCTensor: cached_sampler_r3_9 [1000000]0x1000e5fca000 7.629 MB
W20240211 09:22:57.259496 24914 IPCTensor.h:369] NewIPCTensor: step_r3 [10]0x1000e676d000 80 B 
W20240211 09:22:57.259542 24914 IPCTensor.h:369] NewIPCTensor: circle_buffer_end_r3 [1]0x1000e676f000 8 B 
W20240211 09:22:57.259582 24914 IPCTensor.h:369] NewIPCTensor: circle_buffer_end_cppseen_r3 [1]0x1000e6771000 8 B 
Dataset:  /home/xieminhui/RecStoreDataset/avazu_binary
Dataset loaded
np.max =  9449205
np.min=  1
Construct RecModelSampler done
I20240211 09:22:57.259884 24914 IPC_barrier.h:112] CreateBarrier: find existing barrier, name: kgcachecontroller, count: 8
W20240211 09:22:57.462873 24916 IPCTensor.h:369] NewIPCTensor: cached_sampler_r5_0 [1000000]0x1000e6773000 7.629 MB
W20240211 09:22:57.463141 24916 IPCTensor.h:369] NewIPCTensor: cached_sampler_r5_1 [1000000]0x1000e6f16000 7.629 MB
W20240211 09:22:57.463203 24916 IPCTensor.h:369] NewIPCTensor: cached_sampler_r5_2 [1000000]0x1000e76b9000 7.629 MB
W20240211 09:22:57.463253 24916 IPCTensor.h:369] NewIPCTensor: cached_sampler_r5_3 [1000000]0x1000e7e5c000 7.629 MB
W20240211 09:22:57.463295 24916 IPCTensor.h:369] NewIPCTensor: cached_sampler_r5_4 [1000000]0x1000e85ff000 7.629 MB
W20240211 09:22:57.463341 24916 IPCTensor.h:369] NewIPCTensor: cached_sampler_r5_5 [1000000]0x1000e8da2000 7.629 MB
W20240211 09:22:57.463389 24916 IPCTensor.h:369] NewIPCTensor: cached_sampler_r5_6 [1000000]0x1000e9545000 7.629 MB
W20240211 09:22:57.463459 24916 IPCTensor.h:369] NewIPCTensor: cached_sampler_r5_7 [1000000]0x1000e9ce8000 7.629 MB
W20240211 09:22:57.463526 24916 IPCTensor.h:369] NewIPCTensor: cached_sampler_r5_8 [1000000]0x1000ea48b000 7.629 MB
W20240211 09:22:57.463573 24916 IPCTensor.h:369] NewIPCTensor: cached_sampler_r5_9 [1000000]0x1000eac2e000 7.629 MB
W20240211 09:22:57.463630 24916 IPCTensor.h:369] NewIPCTensor: step_r5 [10]0x1000eb3d1000 80 B 
W20240211 09:22:57.463670 24916 IPCTensor.h:369] NewIPCTensor: circle_buffer_end_r5 [1]0x1000eb3d3000 8 B 
W20240211 09:22:57.463711 24916 IPCTensor.h:369] NewIPCTensor: circle_buffer_end_cppseen_r5 [1]0x1000eb3d5000 8 B 
Dataset:  /home/xieminhui/RecStoreDataset/avazu_binary
Dataset loaded
np.max =  9449205
np.min=  1
Construct RecModelSampler done
W20240211 09:22:57.464000 24913 IPCTensor.h:369] NewIPCTensor: cached_sampler_r2_0 [1000000]0x1000eb3d7000 7.629 MB
I20240211 09:22:57.464090 24916 IPC_barrier.h:112] CreateBarrier: find existing barrier, name: kgcachecontroller, count: 8
W20240211 09:22:57.464378 24913 IPCTensor.h:369] NewIPCTensor: cached_sampler_r2_1 [1000000]0x1000ebb7a000 7.629 MB
W20240211 09:22:57.464531 24913 IPCTensor.h:369] NewIPCTensor: cached_sampler_r2_2 [1000000]0x1000ec31d000 7.629 MB
W20240211 09:22:57.464649 24913 IPCTensor.h:369] NewIPCTensor: cached_sampler_r2_3 [1000000]0x1000ecac0000 7.629 MB
W20240211 09:22:57.464766 24913 IPCTensor.h:369] NewIPCTensor: cached_sampler_r2_4 [1000000]0x1000ed263000 7.629 MB
W20240211 09:22:57.464882 24913 IPCTensor.h:369] NewIPCTensor: cached_sampler_r2_5 [1000000]0x1000eda06000 7.629 MB
W20240211 09:22:57.465003 24913 IPCTensor.h:369] NewIPCTensor: cached_sampler_r2_6 [1000000]0x1000ee1a9000 7.629 MB
W20240211 09:22:57.465181 24913 IPCTensor.h:369] NewIPCTensor: cached_sampler_r2_7 [1000000]0x1000ee94c000 7.629 MB
W20240211 09:22:57.465366 24913 IPCTensor.h:369] NewIPCTensor: cached_sampler_r2_8 [1000000]0x1000ef0ef000 7.629 MB
W20240211 09:22:57.465494 24913 IPCTensor.h:369] NewIPCTensor: cached_sampler_r2_9 [1000000]0x1000ef892000 7.629 MB
W20240211 09:22:57.465643 24913 IPCTensor.h:369] NewIPCTensor: step_r2 [10]0x1000f0035000 80 B 
W20240211 09:22:57.465751 24913 IPCTensor.h:369] NewIPCTensor: circle_buffer_end_r2 [1]0x1000f0037000 8 B 
W20240211 09:22:57.465867 24913 IPCTensor.h:369] NewIPCTensor: circle_buffer_end_cppseen_r2 [1]0x1000f0039000 8 B 
Dataset:  /home/xieminhui/RecStoreDataset/avazu_binary
Dataset loaded
np.max =  9449205
np.min=  1
Construct RecModelSampler done
I20240211 09:22:57.466553 24913 IPC_barrier.h:112] CreateBarrier: find existing barrier, name: kgcachecontroller, count: 8
E20240211 09:22:59.252627 24916 recstore.cc:66] init folly done
E20240211 09:22:59.252643 24918 recstore.cc:66] init folly done
E20240211 09:22:59.252660 24914 recstore.cc:66] init folly done
E20240211 09:22:59.252669 24917 recstore.cc:66] init folly done
E20240211 09:22:59.252732 23334 recstore.cc:66] init folly done
Construct KGCacheControllerWrapper done
Construct KGCacheControllerWrapper done
E20240211 09:22:59.252751 24915 recstore.cc:66] init folly done
Construct KGCacheControllerWrapper done
Construct KGCacheControllerWrapper done
E20240211 09:22:59.252781 24913 recstore.cc:66] init folly done
Construct KGCacheControllerWrapper done
Construct KGCacheControllerWrapper done
Construct KGCacheControllerWrapper done
E20240211 09:22:59.253013 24912 recstore.cc:66] init folly done
Construct KGCacheControllerWrapper done
Before Training
Before Training
Before Training
Before Training
Before Training
I20240211 09:23:00.458634 24916 IPC_barrier.h:118] CreateBarrier: new barrier, name: start_barrier, count: 8
I20240211 09:23:00.458665 24913 IPC_barrier.h:112] CreateBarrier: find existing barrier, name: start_barrier, count: 8
I20240211 09:23:00.458690 24917 IPC_barrier.h:112] CreateBarrier: find existing barrier, name: start_barrier, count: 8
I20240211 09:23:00.458712 24914 IPC_barrier.h:112] CreateBarrier: find existing barrier, name: start_barrier, count: 8
I20240211 09:23:00.458734 24912 IPC_barrier.h:112] CreateBarrier: find existing barrier, name: start_barrier, count: 8
Before Training
I20240211 09:23:00.458818 24918 IPC_barrier.h:112] CreateBarrier: find existing barrier, name: start_barrier, count: 8
Before Training
I20240211 09:23:00.459014 24915 IPC_barrier.h:112] CreateBarrier: find existing barrier, name: start_barrier, count: 8
Before Training
I20240211 09:23:00.459214 23334 IPC_barrier.h:112] CreateBarrier: find existing barrier, name: start_barrier, count: 8
========== Step 0 ========== 
+---------------------------+---------------------------+---------------------------+
| Name                      | P50                       | P99                       |
+---------------------------+---------------------------+---------------------------+
| GenInput:CircleBuffer     | 170.153 us                | 170.153 us                |
| GenInput                  | 630.364 us                | 630.364 us                |
| NN                        | 228.492 ms                | 228.492 ms                |
| Forward                   | 229.719 ms                | 229.719 ms                |
| back: bucket keys         | 43.414 ms                 | 43.414 ms                 |
+---------------------------+---------------------------+---------------------------+
+---------------------------+---------------------------+---------------------------+
| Name                      | P50                       | P99                       |
+---------------------------+---------------------------+---------------------------+
| GenInput:CircleBuffer     | 170.153 us                | 170.153 us                |
| GenInput                  | 630.364 us                | 630.364 us                |
| NN                        | 228.492 ms                | 228.492 ms                |
| Forward                   | 229.719 ms                | 229.719 ms                |
| back: bucket keys         | 43.414 ms                 | 43.414 ms                 |
+---------------------------+---------------------------+---------------------------+
+---------------------------+---------------------------+---------------------------+
| Name                      | P50                       | P99                       |
+---------------------------+---------------------------+---------------------------+
| GenInput:CircleBuffer     | 170.153 us                | 170.153 us                |
| GenInput                  | 630.364 us                | 630.364 us                |
| NN                        | 228.492 ms                | 228.492 ms                |
| Forward                   | 229.719 ms                | 229.719 ms                |
| back: bucket keys         | 43.414 ms                 | 43.414 ms                 |
+---------------------------+---------------------------+---------------------------+
+---------------------------+---------------------------+---------------------------+
| Name                      | P50                       | P99                       |
+---------------------------+---------------------------+---------------------------+
| GenInput:CircleBuffer     | 170.153 us                | 170.153 us                |
| GenInput                  | 630.364 us                | 630.364 us                |
| NN                        | 228.492 ms                | 228.492 ms                |
| Forward                   | 229.719 ms                | 229.719 ms                |
| back: bucket keys         | 43.414 ms                 | 43.414 ms                 |
+---------------------------+---------------------------+---------------------------+
+---------------------------+---------------------------+---------------------------+
| Name                      | P50                       | P99                       |
+---------------------------+---------------------------+---------------------------+
| GenInput:CircleBuffer     | 170.153 us                | 170.153 us                |
| GenInput                  | 630.364 us                | 630.364 us                |
| NN                        | 228.492 ms                | 228.492 ms                |
| Forward                   | 229.719 ms                | 229.719 ms                |
| back: bucket keys         | 43.414 ms                 | 43.414 ms                 |
+---------------------------+---------------------------+---------------------------+
+---------------------------+---------------------------+---------------------------+
| Name                      | P50                       | P99                       |
+---------------------------+---------------------------+---------------------------+
| GenInput:CircleBuffer     | 170.153 us                | 170.153 us                |
| GenInput                  | 630.364 us                | 630.364 us                |
| NN                        | 228.492 ms                | 228.492 ms                |
| Forward                   | 229.719 ms                | 229.719 ms                |
| back: bucket keys         | 43.414 ms                 | 43.414 ms                 |
+---------------------------+---------------------------+---------------------------+
+---------------------------+---------------------------+---------------------------+
| Name                      | P50                       | P99                       |
+---------------------------+---------------------------+---------------------------+
| GenInput:CircleBuffer     | 170.153 us                | 170.153 us                |
| GenInput                  | 630.364 us                | 630.364 us                |
| NN                        | 228.492 ms                | 228.492 ms                |
| Forward                   | 229.719 ms                | 229.719 ms                |
| back: bucket keys         | 43.414 ms                 | 43.414 ms                 |
+---------------------------+---------------------------+---------------------------+
+---------------------------+---------------------------+---------------------------+
| Name                      | P50                       | P99                       |
+---------------------------+---------------------------+---------------------------+
| GenInput:CircleBuffer     | 170.153 us                | 170.153 us                |
| GenInput                  | 630.364 us                | 630.364 us                |
| NN                        | 228.492 ms                | 228.492 ms                |
| Forward                   | 229.719 ms                | 229.719 ms                |
| back: bucket keys         | 43.414 ms                 | 43.414 ms                 |
+---------------------------+---------------------------+---------------------------+
+---------------------------+---------------------------+---------------------------+
| Name                      | P50                       | P99                       |
+---------------------------+---------------------------+---------------------------+
| GenInput:CircleBuffer     | 170.153 us                | 170.153 us                |
| GenInput                  | 630.364 us                | 630.364 us                |
| NN                        | 228.492 ms                | 228.492 ms                |
| Forward                   | 229.719 ms                | 229.719 ms                |
| back: bucket keys         | 43.414 ms                 | 43.414 ms                 |
+---------------------------+---------------------------+---------------------------+
+---------------------------+---------------------------+---------------------------+
| Name                      | P50                       | P99                       |
+---------------------------+---------------------------+---------------------------+
| GenInput:CircleBuffer     | 170.153 us                | 170.153 us                |
| GenInput                  | 630.364 us                | 630.364 us                |
| NN                        | 228.492 ms                | 228.492 ms                |
| Forward                   | 229.719 ms                | 229.719 ms                |
| back: bucket keys         | 43.414 ms                 | 43.414 ms                 |
+---------------------------+---------------------------+---------------------------+
+---------------------------+---------------------------+---------------------------+
| Name                      | P50                       | P99                       |
+---------------------------+---------------------------+---------------------------+
| GenInput:CircleBuffer     | 170.153 us                | 170.153 us                |
| GenInput                  | 630.364 us                | 630.364 us                |
| NN                        | 228.492 ms                | 228.492 ms                |
| Forward                   | 229.719 ms                | 229.719 ms                |
| back: bucket keys         | 43.414 ms                 | 43.414 ms                 |
+---------------------------+---------------------------+---------------------------+
========== Step 1 ========== 
INFO [23334 distributed.py:1140] Reducer buckets have been rebuilt in this iteration.
INFO [24918 distributed.py:1140] Reducer buckets have been rebuilt in this iteration.
INFO [24917 distributed.py:1140] Reducer buckets have been rebuilt in this iteration.
INFO [24913 distributed.py:1140] Reducer buckets have been rebuilt in this iteration.
INFO [24915 distributed.py:1140] Reducer buckets have been rebuilt in this iteration.
INFO [24914 distributed.py:1140] Reducer buckets have been rebuilt in this iteration.
INFO [24912 distributed.py:1140] Reducer buckets have been rebuilt in this iteration.
INFO [24916 distributed.py:1140] Reducer buckets have been rebuilt in this iteration.
========== Step 2 ========== 
========== Step 3 ========== 
========== Step 4 ========== 
========== Step 5 ========== 
========== Step 6 ========== 
========== Step 7 ========== 
========== Step 8 ========== 
========== Step 9 ========== 
========== Step 10 ========== 
========== Step 11 ========== 
========== Step 12 ========== 
========== Step 13 ========== 
========== Step 14 ========== 
========== Step 15 ========== 
========== Step 16 ========== 
========== Step 17 ========== 
========== Step 18 ========== 
========== Step 19 ========== 
========== Step 20 ========== 
========== Step 21 ========== 
========== Step 22 ========== 
+---------------------------+---------------------------+---------------------------+
| Name                      | P50                       | P99                       |
+---------------------------+---------------------------+---------------------------+
| GenInput:CircleBuffer     | 102.876 us                | 198.038 us                |
| GenInput                  | 339.794 us                | 1.597 ms                  |
| NN                        | 972.521 us                | 228.492 ms                |
| Forward                   | 1.201 ms                  | 229.719 ms                |
| back: bucket keys         | 451.835 us                | 43.414 ms                 |
| back: a2a                 | 7.401 ms                  | 54.133 s                  |
| back: cache               | 11.136 ms                 | 42.924 ms                 |
| back: aggr dram keys      | 15.443 ms                 | 930.025 ms                |
| back: set dram grad       | 356.506 us                | 832.462 us                |
| Backward                  | 35.682 ms                 | 55.261 s                  |
| Optimize                  | 19.050 ms                 | 145.433 ms                |
| BarrierTimeBeforeRank0    | 29.578 us                 | 81.503 ms                 |
| BlockToStepN              | 39.050 us                 | 1.974 ms                  |
| OneStep                   | 58.161 ms                 | 55.639 s                  |
+---------------------------+---------------------------+---------------------------+
========== Step 23 ========== 
========== Step 24 ========== 
========== Step 25 ========== 
========== Step 26 ========== 
========== Step 27 ========== 
========== Step 28 ========== 
========== Step 29 ========== 
========== Step 30 ========== 
========== Step 31 ========== 
========== Step 32 ========== 
========== Step 33 ========== 
========== Step 34 ========== 
========== Step 35 ========== 
========== Step 36 ========== 
========== Step 37 ========== 
========== Step 38 ========== 
========== Step 39 ========== 
========== Step 40 ========== 
========== Step 41 ========== 
========== Step 42 ========== 
========== Step 43 ========== 
========== Step 44 ========== 
========== Step 45 ========== 
========== Step 46 ========== 
========== Step 47 ========== 
========== Step 48 ========== 
========== Step 49 ========== 
========== Step 50 ========== 
========== Step 51 ========== 
========== Step 52 ========== 
========== Step 53 ========== 
========== Step 54 ========== 
========== Step 55 ========== 
========== Step 56 ========== 
========== Step 57 ========== 
========== Step 58 ========== 
========== Step 59 ========== 
========== Step 60 ========== 
========== Step 61 ========== 
========== Step 62 ========== 
========== Step 63 ========== 
========== Step 64 ========== 
========== Step 65 ========== 
========== Step 66 ========== 
========== Step 67 ========== 
========== Step 68 ========== 
========== Step 69 ========== 
========== Step 70 ========== 
========== Step 71 ========== 
========== Step 72 ========== 
========== Step 73 ========== 
========== Step 74 ========== 
========== Step 75 ========== 
========== Step 76 ========== 
========== Step 77 ========== 
========== Step 78 ========== 
========== Step 79 ========== 
Successfully xmh
INFO [23334 controller_process.py:421] call rank0 to StopThreads
INFO [23334 controller_process.py:421] call rank0 to StopThreads
INFO [23334 controller_process.py:421] call rank0 to StopThreads
INFO [23334 controller_process.py:421] call rank0 to StopThreads
INFO [23334 controller_process.py:421] call rank0 to StopThreads
INFO [23334 controller_process.py:421] call rank0 to StopThreads
INFO [23334 controller_process.py:421] call rank0 to StopThreads
INFO [23334 controller_process.py:421] call rank0 to StopThreads
INFO [23334 controller_process.py:421] call rank0 to StopThreads
INFO [23334 controller_process.py:421] call rank0 to StopThreads
INFO [23334 controller_process.py:421] call rank0 to StopThreads
INFO [23334 controller_process.py:421] call rank0 to StopThreads
INFO [23334 controller_process.py:421] call rank0 to StopThreads
INFO [23334 controller_process.py:421] call rank0 to StopThreads
INFO [23334 controller_process.py:421] call rank0 to StopThreads
INFO [23334 controller_process.py:421] call rank0 to StopThreads
INFO [23334 controller_process.py:421] call rank0 to StopThreads
+---------------------------+---------------------------+---------------------------+
| Name                      | P50                       | P99                       |
+---------------------------+---------------------------+---------------------------+
| GenInput:CircleBuffer     | 103.770 us                | 172.106 us                |
| GenInput                  | 325.371 us                | 1.461 ms                  |
| NN                        | 887.786 us                | 3.001 ms                  |
| Forward                   | 1.104 ms                  | 3.435 ms                  |
| back: bucket keys         | 457.497 us                | 1.314 ms                  |
| back: a2a                 | 6.852 ms                  | 14.650 ms                 |
| back: cache               | 10.872 ms                 | 18.526 ms                 |
| back: aggr dram keys      | 14.606 ms                 | 28.846 ms                 |
| back: set dram grad       | 356.506 us                | 832.462 us                |
| Backward                  | 35.552 ms                 | 56.676 ms                 |
| Optimize                  | 19.278 ms                 | 29.174 ms                 |
| BarrierTimeBeforeRank0    | 29.823 us                 | 100.026 us                |
| BlockToStepN              | 39.975 us                 | 1.974 ms                  |
| OneStep                   | 57.868 ms                 | 172.939 ms                |
+---------------------------+---------------------------+---------------------------+
