WARNING: Logging before InitGoogleLogging() is written to STDERR
I20240129 23:44:19.626314 51082 IPC_barrier.h:128] MultiProcessBarrierFactory->ClearIPCMemory()
/data/home/xieminhui/RecStore/src/framework_adapters/torch/kg/dgl-0.9.1/python/dgl/_deprecate/graph.py:1023: DGLWarning: multigraph will be deprecated.DGL will treat all graphs as multigraph in the future.
  dgl_warning("multigraph will be deprecated." \
/data/home/xieminhui/RecStore/src/framework_adapters/torch/kg/dgl-0.9.1/python/dgl/heterograph.py:72: DGLWarning: Recommend creating graphs by `dgl.graph(data)` instead of `dgl.DGLGraph(data)`.
  dgl_warning('Recommend creating graphs by `dgl.graph(data)`'
Reading train triples....
Finished. Read 304727650 train triples.
Reading valid triples....
Finished. Read 16929318 valid triples.
Reading test triples....
Finished. Read 16929308 test triples.
ARGS:  Namespace(model_name='TransE', data_path='/home/xieminhui/dgl-data', dataset='Freebase', format='built_in', data_files=None, delimiter='\t', save_path='/tmp/ckpts/TransE_Freebase_18', no_save_emb=True, max_step=500, batch_size=2000, batch_size_eval=16, neg_sample_size=200, neg_deg_sample=False, neg_deg_sample_eval=False, neg_sample_size_eval=86054151, eval_percent=1, no_eval_filter=False, log_interval=100, eval_interval=10000, test=False, num_proc=8, num_thread=1, force_sync_interval=1, hidden_dim=400, lr=0.01, gamma=16.0, double_ent=False, double_rel=False, neg_adversarial_sampling=False, adversarial_temperature=1.0, regularization_coef=0.0, regularization_norm=3, pairwise=False, loss_genre='Logsigmoid', margin=1.0, nr_gpus=8, gpu=[0, 1, 2, 3, 4, 5, 6, 7], mix_cpu_gpu=True, valid=False, rel_part=False, async_update=None, has_edge_importance=False, cached_emb_type='KnownLocalCachedEmbedding', use_my_emb=True, cache_ratio=0.1, shuffle=False, backwardMode='CppAsyncV2', L=10, update_cache_use_omp=0, update_pq_use_omp=0, kForwardItersPerStep=2, backgrad_init='both', eval_filter=True, soft_rel_part=False)
|Train|: 304727650
original graph:  DGLGraph(num_nodes=86054151, num_edges=338586276,
         ndata_schemes={}
         edata_schemes={'tid': Scheme(shape=(), dtype=torch.int64)})
Loading cached metis
WARNING [51082 sampler.py:454] Start PreSampling
WARNING [51082 sampler.py:532] Before construct renumbering_dict
WARNING [51082 sampler.py:555] PreSampling done
W20240130 00:04:58.694046 51082 IPCTensor.h:369] NewIPCTensor: cached_sampler_r0_0 [1000000]0x100000002000 7.629 MB
W20240130 00:04:58.694254 51082 IPCTensor.h:369] NewIPCTensor: cached_sampler_r0_1 [1000000]0x1000007a5000 7.629 MB
W20240130 00:04:58.694293 51082 IPCTensor.h:369] NewIPCTensor: cached_sampler_r0_2 [1000000]0x100000f48000 7.629 MB
W20240130 00:04:58.694329 51082 IPCTensor.h:369] NewIPCTensor: cached_sampler_r0_3 [1000000]0x1000016eb000 7.629 MB
W20240130 00:04:58.694370 51082 IPCTensor.h:369] NewIPCTensor: cached_sampler_r0_4 [1000000]0x100001e8e000 7.629 MB
W20240130 00:04:58.694401 51082 IPCTensor.h:369] NewIPCTensor: cached_sampler_r0_5 [1000000]0x100002631000 7.629 MB
W20240130 00:04:58.694432 51082 IPCTensor.h:369] NewIPCTensor: cached_sampler_r0_6 [1000000]0x100002dd4000 7.629 MB
W20240130 00:04:58.694494 51082 IPCTensor.h:369] NewIPCTensor: cached_sampler_r0_7 [1000000]0x100003577000 7.629 MB
W20240130 00:04:58.694535 51082 IPCTensor.h:369] NewIPCTensor: cached_sampler_r0_8 [1000000]0x100003d1a000 7.629 MB
W20240130 00:04:58.694566 51082 IPCTensor.h:369] NewIPCTensor: cached_sampler_r0_9 [1000000]0x1000044bd000 7.629 MB
W20240130 00:04:58.694602 51082 IPCTensor.h:369] NewIPCTensor: step_r0 [10]0x100004c60000 80 B 
W20240130 00:04:58.694636 51082 IPCTensor.h:369] NewIPCTensor: circle_buffer_end_r0 [1]0x100004c62000 8 B 
W20240130 00:04:58.694669 51082 IPCTensor.h:369] NewIPCTensor: circle_buffer_end_cppseen_r0 [1]0x100004c64000 8 B 
W20240130 00:04:58.694829 51082 IPCTensor.h:369] NewIPCTensor: cached_sampler_r1_0 [1000000]0x100004c66000 7.629 MB
W20240130 00:04:58.694869 51082 IPCTensor.h:369] NewIPCTensor: cached_sampler_r1_1 [1000000]0x100005409000 7.629 MB
W20240130 00:04:58.694895 51082 IPCTensor.h:369] NewIPCTensor: cached_sampler_r1_2 [1000000]0x100005bac000 7.629 MB
W20240130 00:04:58.694936 51082 IPCTensor.h:369] NewIPCTensor: cached_sampler_r1_3 [1000000]0x10000634f000 7.629 MB
W20240130 00:04:58.694970 51082 IPCTensor.h:369] NewIPCTensor: cached_sampler_r1_4 [1000000]0x100006af2000 7.629 MB
W20240130 00:04:58.694998 51082 IPCTensor.h:369] NewIPCTensor: cached_sampler_r1_5 [1000000]0x100007295000 7.629 MB
W20240130 00:04:58.695037 51082 IPCTensor.h:369] NewIPCTensor: cached_sampler_r1_6 [1000000]0x100007a38000 7.629 MB
W20240130 00:04:58.695075 51082 IPCTensor.h:369] NewIPCTensor: cached_sampler_r1_7 [1000000]0x1000081db000 7.629 MB
W20240130 00:04:58.695107 51082 IPCTensor.h:369] NewIPCTensor: cached_sampler_r1_8 [1000000]0x10000897e000 7.629 MB
W20240130 00:04:58.695140 51082 IPCTensor.h:369] NewIPCTensor: cached_sampler_r1_9 [1000000]0x100009121000 7.629 MB
W20240130 00:04:58.695165 51082 IPCTensor.h:369] NewIPCTensor: step_r1 [10]0x1000098c4000 80 B 
W20240130 00:04:58.695188 51082 IPCTensor.h:369] NewIPCTensor: circle_buffer_end_r1 [1]0x1000098c6000 8 B 
W20240130 00:04:58.695209 51082 IPCTensor.h:369] NewIPCTensor: circle_buffer_end_cppseen_r1 [1]0x1000098c8000 8 B 
W20240130 00:04:58.695261 51082 IPCTensor.h:369] NewIPCTensor: cached_sampler_r2_0 [1000000]0x1000098ca000 7.629 MB
W20240130 00:04:58.695294 51082 IPCTensor.h:369] NewIPCTensor: cached_sampler_r2_1 [1000000]0x10000a06d000 7.629 MB
W20240130 00:04:58.695329 51082 IPCTensor.h:369] NewIPCTensor: cached_sampler_r2_2 [1000000]0x10000a810000 7.629 MB
W20240130 00:04:58.695356 51082 IPCTensor.h:369] NewIPCTensor: cached_sampler_r2_3 [1000000]0x10000afb3000 7.629 MB
W20240130 00:04:58.695389 51082 IPCTensor.h:369] NewIPCTensor: cached_sampler_r2_4 [1000000]0x10000b756000 7.629 MB
W20240130 00:04:58.695415 51082 IPCTensor.h:369] NewIPCTensor: cached_sampler_r2_5 [1000000]0x10000bef9000 7.629 MB
W20240130 00:04:58.695447 51082 IPCTensor.h:369] NewIPCTensor: cached_sampler_r2_6 [1000000]0x10000c69c000 7.629 MB
W20240130 00:04:58.695482 51082 IPCTensor.h:369] NewIPCTensor: cached_sampler_r2_7 [1000000]0x10000ce3f000 7.629 MB
W20240130 00:04:58.695509 51082 IPCTensor.h:369] NewIPCTensor: cached_sampler_r2_8 [1000000]0x10000d5e2000 7.629 MB
W20240130 00:04:58.695538 51082 IPCTensor.h:369] NewIPCTensor: cached_sampler_r2_9 [1000000]0x10000dd85000 7.629 MB
W20240130 00:04:58.695570 51082 IPCTensor.h:369] NewIPCTensor: step_r2 [10]0x10000e528000 80 B 
W20240130 00:04:58.695593 51082 IPCTensor.h:369] NewIPCTensor: circle_buffer_end_r2 [1]0x10000e52a000 8 B 
W20240130 00:04:58.695616 51082 IPCTensor.h:369] NewIPCTensor: circle_buffer_end_cppseen_r2 [1]0x10000e52c000 8 B 
W20240130 00:04:58.695672 51082 IPCTensor.h:369] NewIPCTensor: cached_sampler_r3_0 [1000000]0x10000e52e000 7.629 MB
W20240130 00:04:58.695699 51082 IPCTensor.h:369] NewIPCTensor: cached_sampler_r3_1 [1000000]0x10000ecd1000 7.629 MB
W20240130 00:04:58.695734 51082 IPCTensor.h:369] NewIPCTensor: cached_sampler_r3_2 [1000000]0x10000f474000 7.629 MB
W20240130 00:04:58.695770 51082 IPCTensor.h:369] NewIPCTensor: cached_sampler_r3_3 [1000000]0x10000fc17000 7.629 MB
W20240130 00:04:58.695801 51082 IPCTensor.h:369] NewIPCTensor: cached_sampler_r3_4 [1000000]0x1000103ba000 7.629 MB
W20240130 00:04:58.695837 51082 IPCTensor.h:369] NewIPCTensor: cached_sampler_r3_5 [1000000]0x100010b5d000 7.629 MB
W20240130 00:04:58.695875 51082 IPCTensor.h:369] NewIPCTensor: cached_sampler_r3_6 [1000000]0x100011300000 7.629 MB
W20240130 00:04:58.695901 51082 IPCTensor.h:369] NewIPCTensor: cached_sampler_r3_7 [1000000]0x100011aa3000 7.629 MB
W20240130 00:04:58.695935 51082 IPCTensor.h:369] NewIPCTensor: cached_sampler_r3_8 [1000000]0x100012246000 7.629 MB
W20240130 00:04:58.695969 51082 IPCTensor.h:369] NewIPCTensor: cached_sampler_r3_9 [1000000]0x1000129e9000 7.629 MB
W20240130 00:04:58.695997 51082 IPCTensor.h:369] NewIPCTensor: step_r3 [10]0x10001318c000 80 B 
W20240130 00:04:58.696019 51082 IPCTensor.h:369] NewIPCTensor: circle_buffer_end_r3 [1]0x10001318e000 8 B 
W20240130 00:04:58.696043 51082 IPCTensor.h:369] NewIPCTensor: circle_buffer_end_cppseen_r3 [1]0x100013190000 8 B 
W20240130 00:04:58.696127 51082 IPCTensor.h:369] NewIPCTensor: cached_sampler_r4_0 [1000000]0x100013192000 7.629 MB
W20240130 00:04:58.696163 51082 IPCTensor.h:369] NewIPCTensor: cached_sampler_r4_1 [1000000]0x100013935000 7.629 MB
W20240130 00:04:58.696192 51082 IPCTensor.h:369] NewIPCTensor: cached_sampler_r4_2 [1000000]0x1000140d8000 7.629 MB
W20240130 00:04:58.696221 51082 IPCTensor.h:369] NewIPCTensor: cached_sampler_r4_3 [1000000]0x10001487b000 7.629 MB
W20240130 00:04:58.696255 51082 IPCTensor.h:369] NewIPCTensor: cached_sampler_r4_4 [1000000]0x10001501e000 7.629 MB
W20240130 00:04:58.696291 51082 IPCTensor.h:369] NewIPCTensor: cached_sampler_r4_5 [1000000]0x1000157c1000 7.629 MB
W20240130 00:04:58.696319 51082 IPCTensor.h:369] NewIPCTensor: cached_sampler_r4_6 [1000000]0x100015f64000 7.629 MB
W20240130 00:04:58.696349 51082 IPCTensor.h:369] NewIPCTensor: cached_sampler_r4_7 [1000000]0x100016707000 7.629 MB
W20240130 00:04:58.696379 51082 IPCTensor.h:369] NewIPCTensor: cached_sampler_r4_8 [1000000]0x100016eaa000 7.629 MB
W20240130 00:04:58.696408 51082 IPCTensor.h:369] NewIPCTensor: cached_sampler_r4_9 [1000000]0x10001764d000 7.629 MB
W20240130 00:04:58.696439 51082 IPCTensor.h:369] NewIPCTensor: step_r4 [10]0x100017df0000 80 B 
W20240130 00:04:58.696462 51082 IPCTensor.h:369] NewIPCTensor: circle_buffer_end_r4 [1]0x100017df2000 8 B 
W20240130 00:04:58.696485 51082 IPCTensor.h:369] NewIPCTensor: circle_buffer_end_cppseen_r4 [1]0x100017df4000 8 B 
W20240130 00:04:58.696537 51082 IPCTensor.h:369] NewIPCTensor: cached_sampler_r5_0 [1000000]0x100017df6000 7.629 MB
W20240130 00:04:58.696581 51082 IPCTensor.h:369] NewIPCTensor: cached_sampler_r5_1 [1000000]0x100018599000 7.629 MB
W20240130 00:04:58.696615 51082 IPCTensor.h:369] NewIPCTensor: cached_sampler_r5_2 [1000000]0x100018d3c000 7.629 MB
W20240130 00:04:58.696645 51082 IPCTensor.h:369] NewIPCTensor: cached_sampler_r5_3 [1000000]0x1000194df000 7.629 MB
W20240130 00:04:58.696682 51082 IPCTensor.h:369] NewIPCTensor: cached_sampler_r5_4 [1000000]0x100019c82000 7.629 MB
W20240130 00:04:58.696712 51082 IPCTensor.h:369] NewIPCTensor: cached_sampler_r5_5 [1000000]0x10001a425000 7.629 MB
W20240130 00:04:58.696741 51082 IPCTensor.h:369] NewIPCTensor: cached_sampler_r5_6 [1000000]0x10001abc8000 7.629 MB
W20240130 00:04:58.696770 51082 IPCTensor.h:369] NewIPCTensor: cached_sampler_r5_7 [1000000]0x10001b36b000 7.629 MB
W20240130 00:04:58.696805 51082 IPCTensor.h:369] NewIPCTensor: cached_sampler_r5_8 [1000000]0x10001bb0e000 7.629 MB
W20240130 00:04:58.696833 51082 IPCTensor.h:369] NewIPCTensor: cached_sampler_r5_9 [1000000]0x10001c2b1000 7.629 MB
W20240130 00:04:58.696869 51082 IPCTensor.h:369] NewIPCTensor: step_r5 [10]0x10001ca54000 80 B 
W20240130 00:04:58.696893 51082 IPCTensor.h:369] NewIPCTensor: circle_buffer_end_r5 [1]0x10001ca56000 8 B 
W20240130 00:04:58.696921 51082 IPCTensor.h:369] NewIPCTensor: circle_buffer_end_cppseen_r5 [1]0x10001ca58000 8 B 
W20240130 00:04:58.696990 51082 IPCTensor.h:369] NewIPCTensor: cached_sampler_r6_0 [1000000]0x10001ca5a000 7.629 MB
W20240130 00:04:58.697026 51082 IPCTensor.h:369] NewIPCTensor: cached_sampler_r6_1 [1000000]0x10001d1fd000 7.629 MB
W20240130 00:04:58.697057 51082 IPCTensor.h:369] NewIPCTensor: cached_sampler_r6_2 [1000000]0x10001d9a0000 7.629 MB
W20240130 00:04:58.697088 51082 IPCTensor.h:369] NewIPCTensor: cached_sampler_r6_3 [1000000]0x10001e143000 7.629 MB
W20240130 00:04:58.697118 51082 IPCTensor.h:369] NewIPCTensor: cached_sampler_r6_4 [1000000]0x10001e8e6000 7.629 MB
W20240130 00:04:58.697167 51082 IPCTensor.h:369] NewIPCTensor: cached_sampler_r6_5 [1000000]0x10001f089000 7.629 MB
W20240130 00:04:58.697197 51082 IPCTensor.h:369] NewIPCTensor: cached_sampler_r6_6 [1000000]0x10001f82c000 7.629 MB
W20240130 00:04:58.697234 51082 IPCTensor.h:369] NewIPCTensor: cached_sampler_r6_7 [1000000]0x10001ffcf000 7.629 MB
W20240130 00:04:58.697265 51082 IPCTensor.h:369] NewIPCTensor: cached_sampler_r6_8 [1000000]0x100020772000 7.629 MB
W20240130 00:04:58.697296 51082 IPCTensor.h:369] NewIPCTensor: cached_sampler_r6_9 [1000000]0x100020f15000 7.629 MB
W20240130 00:04:58.697333 51082 IPCTensor.h:369] NewIPCTensor: step_r6 [10]0x1000216b8000 80 B 
W20240130 00:04:58.697357 51082 IPCTensor.h:369] NewIPCTensor: circle_buffer_end_r6 [1]0x1000216ba000 8 B 
W20240130 00:04:58.697381 51082 IPCTensor.h:369] NewIPCTensor: circle_buffer_end_cppseen_r6 [1]0x1000216bc000 8 B 
W20240130 00:04:58.697429 51082 IPCTensor.h:369] NewIPCTensor: cached_sampler_r7_0 [1000000]0x1000216be000 7.629 MB
W20240130 00:04:58.697464 51082 IPCTensor.h:369] NewIPCTensor: cached_sampler_r7_1 [1000000]0x100021e61000 7.629 MB
W20240130 00:04:58.697496 51082 IPCTensor.h:369] NewIPCTensor: cached_sampler_r7_2 [1000000]0x100022604000 7.629 MB
W20240130 00:04:58.697531 51082 IPCTensor.h:369] NewIPCTensor: cached_sampler_r7_3 [1000000]0x100022da7000 7.629 MB
W20240130 00:04:58.697563 51082 IPCTensor.h:369] NewIPCTensor: cached_sampler_r7_4 [1000000]0x10002354a000 7.629 MB
W20240130 00:04:58.697590 51082 IPCTensor.h:369] NewIPCTensor: cached_sampler_r7_5 [1000000]0x100023ced000 7.629 MB
W20240130 00:04:58.697624 51082 IPCTensor.h:369] NewIPCTensor: cached_sampler_r7_6 [1000000]0x100024490000 7.629 MB
W20240130 00:04:58.697657 51082 IPCTensor.h:369] NewIPCTensor: cached_sampler_r7_7 [1000000]0x100024c33000 7.629 MB
W20240130 00:04:58.697688 51082 IPCTensor.h:369] NewIPCTensor: cached_sampler_r7_8 [1000000]0x1000253d6000 7.629 MB
W20240130 00:04:58.697716 51082 IPCTensor.h:369] NewIPCTensor: cached_sampler_r7_9 [1000000]0x100025b79000 7.629 MB
W20240130 00:04:58.697743 51082 IPCTensor.h:369] NewIPCTensor: step_r7 [10]0x10002631c000 80 B 
W20240130 00:04:58.697767 51082 IPCTensor.h:369] NewIPCTensor: circle_buffer_end_r7 [1]0x10002631e000 8 B 
W20240130 00:04:58.697789 51082 IPCTensor.h:369] NewIPCTensor: circle_buffer_end_cppseen_r7 [1]0x100026320000 8 B 
W20240130 00:04:59.212819 51082 IPCTensor.h:369] NewIPCTensor: full_emb [86054151, 400]0x100026322000 128.2 GB
W20240130 00:04:59.212981 51082 IPCTensor.h:369] NewIPCTensor: full_emb_SparseRowWiseAdaGrad_sum [86054151]0x102034f5a000 328.3 MB
{0: Graph(num_nodes=18863774, num_edges=55186826,
      ndata_schemes={'_ID': Scheme(shape=(), dtype=torch.int64), 'inner_node': Scheme(shape=(), dtype=torch.int32), 'part_id': Scheme(shape=(), dtype=torch.int64)}
      edata_schemes={'_ID': Scheme(shape=(), dtype=torch.int64), 'inner_edge': Scheme(shape=(), dtype=torch.int8)}), 1: Graph(num_nodes=13493829, num_edges=51786811,
      ndata_schemes={'_ID': Scheme(shape=(), dtype=torch.int64), 'inner_node': Scheme(shape=(), dtype=torch.int32), 'part_id': Scheme(shape=(), dtype=torch.int64)}
      edata_schemes={'_ID': Scheme(shape=(), dtype=torch.int64), 'inner_edge': Scheme(shape=(), dtype=torch.int8)}), 2: Graph(num_nodes=12506959, num_edges=45797296,
      ndata_schemes={'_ID': Scheme(shape=(), dtype=torch.int64), 'inner_node': Scheme(shape=(), dtype=torch.int32), 'part_id': Scheme(shape=(), dtype=torch.int64)}
      edata_schemes={'_ID': Scheme(shape=(), dtype=torch.int64), 'inner_edge': Scheme(shape=(), dtype=torch.int8)}), 3: Graph(num_nodes=12605014, num_edges=52067933,
      ndata_schemes={'_ID': Scheme(shape=(), dtype=torch.int64), 'inner_node': Scheme(shape=(), dtype=torch.int32), 'part_id': Scheme(shape=(), dtype=torch.int64)}
      edata_schemes={'_ID': Scheme(shape=(), dtype=torch.int64), 'inner_edge': Scheme(shape=(), dtype=torch.int8)}), 4: Graph(num_nodes=14435508, num_edges=39101576,
      ndata_schemes={'_ID': Scheme(shape=(), dtype=torch.int64), 'inner_node': Scheme(shape=(), dtype=torch.int32), 'part_id': Scheme(shape=(), dtype=torch.int64)}
      edata_schemes={'_ID': Scheme(shape=(), dtype=torch.int64), 'inner_edge': Scheme(shape=(), dtype=torch.int8)}), 5: Graph(num_nodes=13252778, num_edges=37365728,
      ndata_schemes={'_ID': Scheme(shape=(), dtype=torch.int64), 'inner_node': Scheme(shape=(), dtype=torch.int32), 'part_id': Scheme(shape=(), dtype=torch.int64)}
      edata_schemes={'_ID': Scheme(shape=(), dtype=torch.int64), 'inner_edge': Scheme(shape=(), dtype=torch.int8)}), 6: Graph(num_nodes=14444909, num_edges=60122064,
      ndata_schemes={'_ID': Scheme(shape=(), dtype=torch.int64), 'inner_node': Scheme(shape=(), dtype=torch.int32), 'part_id': Scheme(shape=(), dtype=torch.int64)}
      edata_schemes={'_ID': Scheme(shape=(), dtype=torch.int64), 'inner_edge': Scheme(shape=(), dtype=torch.int8)}), 7: Graph(num_nodes=14493336, num_edges=37760331,
      ndata_schemes={'_ID': Scheme(shape=(), dtype=torch.int64), 'inner_node': Scheme(shape=(), dtype=torch.int32), 'part_id': Scheme(shape=(), dtype=torch.int64)}
      edata_schemes={'_ID': Scheme(shape=(), dtype=torch.int64), 'inner_edge': Scheme(shape=(), dtype=torch.int8)})}
MertisPartition: part 0 has 18863774 N 55186826 E
MertisPartition: part 1 has 13493829 N 51786811 E
MertisPartition: part 2 has 12506959 N 45797296 E
MertisPartition: part 3 has 12605014 N 52067933 E
MertisPartition: part 4 has 14435508 N 39101576 E
MertisPartition: part 5 has 13252778 N 37365728 E
MertisPartition: part 6 has 14444909 N 60122064 E
MertisPartition: part 7 has 14493336 N 37760331 E
Rank0: cached key size 1075676
Rank1: cached key size 1075676
Rank2: cached key size 1075676
Rank3: cached key size 1075676
Rank4: cached key size 1075676
Rank5: cached key size 1075676
Rank6: cached key size 1075676
Rank7: cached key size 1075676
Before renumbering graph:  {'_ID': tensor([       0,        1,        2,  ..., 39512110,  9797409, 32293938]), 'inner_node': tensor([1, 1, 1,  ..., 0, 0, 0], dtype=torch.int32), 'part_id': tensor([0, 0, 0,  ..., 6, 6, 6])}
After renumbering graph:  {'_ID': tensor([ 8605418,  8605444,    71702,  ..., 60698090, 63893179,  9416218]), 'inner_node': tensor([1, 1, 1,  ..., 0, 0, 0], dtype=torch.int32), 'part_id': tensor([0, 0, 0,  ..., 6, 6, 6])}
part_g: DGLGraph(num_nodes=18863774, num_edges=55186826,
         ndata_schemes={'_ID': Scheme(shape=(), dtype=torch.int64)}
         edata_schemes={'tid': Scheme(shape=(), dtype=torch.int64)})
part_g: DGLGraph(num_nodes=18863774, num_edges=55186826,
         ndata_schemes={'_ID': Scheme(shape=(), dtype=torch.int64)}
         edata_schemes={'tid': Scheme(shape=(), dtype=torch.int64)})
Total initialize time 1749.254 seconds
[Rank1] pid = 51984
[Rank2] pid = 52080
[Rank3] pid = 52149
[Rank4] pid = 52216
[Rank5] pid = 52283
[Rank6] pid = 52350
INFO [51082 distributed_c10d.py:442] Added key: store_based_barrier_key:1 to store for rank: 0
INFO [51984 distributed_c10d.py:442] Added key: store_based_barrier_key:1 to store for rank: 1
INFO [52080 distributed_c10d.py:442] Added key: store_based_barrier_key:1 to store for rank: 2
INFO [52149 distributed_c10d.py:442] Added key: store_based_barrier_key:1 to store for rank: 3
INFO [52216 distributed_c10d.py:442] Added key: store_based_barrier_key:1 to store for rank: 4
INFO [52283 distributed_c10d.py:442] Added key: store_based_barrier_key:1 to store for rank: 5
INFO [52419 distributed_c10d.py:442] Added key: store_based_barrier_key:1 to store for rank: 7
INFO [52350 distributed_c10d.py:442] Added key: store_based_barrier_key:1 to store for rank: 6
INFO [52419 distributed_c10d.py:476] Rank 7: Completed store-based barrier for key:store_based_barrier_key:1 with 8 nodes.
INFO [52350 distributed_c10d.py:476] Rank 6: Completed store-based barrier for key:store_based_barrier_key:1 with 8 nodes.
INFO [52283 distributed_c10d.py:476] Rank 5: Completed store-based barrier for key:store_based_barrier_key:1 with 8 nodes.
INFO [52080 distributed_c10d.py:476] Rank 2: Completed store-based barrier for key:store_based_barrier_key:1 with 8 nodes.
INFO [52149 distributed_c10d.py:476] Rank 3: Completed store-based barrier for key:store_based_barrier_key:1 with 8 nodes.
INFO [52216 distributed_c10d.py:476] Rank 4: Completed store-based barrier for key:store_based_barrier_key:1 with 8 nodes.
W20240130 00:13:40.679018 52150 IPCTensor.h:409] NewIPCGPUTensor: embedding_cache_3 [8605415, 400]; dev=3; size=12.82 GB
W20240130 00:13:40.679075 52483 IPCTensor.h:409] NewIPCGPUTensor: embedding_cache_7 [8605415, 400]; dev=7; size=12.82 GB
W20240130 00:13:40.679085 52351 IPCTensor.h:409] NewIPCGPUTensor: embedding_cache_6 [8605415, 400]; dev=6; size=12.82 GB
W20240130 00:13:40.679077 52284 IPCTensor.h:409] NewIPCGPUTensor: embedding_cache_5 [8605415, 400]; dev=5; size=12.82 GB
W20240130 00:13:40.679092 52081 IPCTensor.h:409] NewIPCGPUTensor: embedding_cache_2 [8605415, 400]; dev=2; size=12.82 GB
W20240130 00:13:40.679569 52217 IPCTensor.h:409] NewIPCGPUTensor: embedding_cache_4 [8605415, 400]; dev=4; size=12.82 GB
INFO [51082 distributed_c10d.py:476] Rank 0: Completed store-based barrier for key:store_based_barrier_key:1 with 8 nodes.
INFO [51984 distributed_c10d.py:476] Rank 1: Completed store-based barrier for key:store_based_barrier_key:1 with 8 nodes.
W20240130 00:13:40.685365 52420 IPCTensor.h:409] NewIPCGPUTensor: embedding_cache_0 [8605415, 400]; dev=0; size=12.82 GB
W20240130 00:13:40.687032 51985 IPCTensor.h:409] NewIPCGPUTensor: embedding_cache_1 [8605415, 400]; dev=1; size=12.82 GB
W20240130 00:13:40.809726 52483 IPCTensor.h:369] NewIPCTensor: input_keys_7 [1000000]0x1020497ab000 7.629 MB
W20240130 00:13:40.809748 52351 IPCTensor.h:369] NewIPCTensor: input_keys_6 [1000000]0x102049f4e000 7.629 MB
W20240130 00:13:40.809842 52081 IPCTensor.h:369] NewIPCTensor: input_keys_2 [1000000]0x10204a6f1000 7.629 MB
W20240130 00:13:40.809854 52217 IPCTensor.h:369] NewIPCTensor: input_keys_4 [1000000]0x10204ae94000 7.629 MB
W20240130 00:13:40.809895 52284 IPCTensor.h:369] NewIPCTensor: input_keys_5 [1000000]0x10204b637000 7.629 MB
W20240130 00:13:40.835000 52483 IPCTensor.h:369] NewIPCTensor: input_keys_neg_7 [1000000]0x10204bdda000 7.629 MB
W20240130 00:13:40.835103 52351 IPCTensor.h:369] NewIPCTensor: input_keys_neg_6 [1000000]0x10204c581000 7.629 MB
W20240130 00:13:40.835124 52081 IPCTensor.h:369] NewIPCTensor: input_keys_neg_2 [1000000]0x10204cd24000 7.629 MB
W20240130 00:13:40.835130 52483 IPCTensor.h:369] NewIPCTensor: backward_grads_7 [1000000, 400]0x10204d4c7000 1.49 GB
W20240130 00:13:40.835191 51985 IPCTensor.h:369] NewIPCTensor: input_keys_1 [1000000]0x1020acaaa000 7.629 MB
W20240130 00:13:40.835207 52483 IPCTensor.h:369] NewIPCTensor: backward_grads_neg_7 [1000000, 400]0x1020ad24d000 1.49 GB
W20240130 00:13:40.835235 52081 IPCTensor.h:369] NewIPCTensor: backward_grads_2 [1000000, 400]0x10210cfd3000 1.49 GB
W20240130 00:13:40.835233 52284 IPCTensor.h:369] NewIPCTensor: input_keys_neg_5 [1000000]0x10210c830000 7.629 MB
W20240130 00:13:40.835276 52150 IPCTensor.h:369] NewIPCTensor: input_keys_3 [1000000]0x10216c5b6000 7.629 MB
W20240130 00:13:40.835294 52081 IPCTensor.h:369] NewIPCTensor: backward_grads_neg_2 [1000000, 400]0x10216d4fc000 1.49 GB
W20240130 00:13:40.835294 52217 IPCTensor.h:369] NewIPCTensor: input_keys_neg_4 [1000000]0x10216cd59000 7.629 MB
W20240130 00:13:40.835346 52081 IPCTensor.h:409] NewIPCGPUTensor: backward_grads_2_gpu [1000000, 400]; dev=2; size=1.49 GB
W20240130 00:13:40.835371 51985 IPCTensor.h:369] NewIPCTensor: input_keys_neg_1 [1000000]0x10222c0c2000 7.629 MB
W20240130 00:13:40.835356 52351 IPCTensor.h:369] NewIPCTensor: backward_grads_6 [1000000, 400]0x1021ccadf000 1.49 GB
W20240130 00:13:40.835383 52483 IPCTensor.h:409] NewIPCGPUTensor: backward_grads_7_gpu [1000000, 400]; dev=7; size=1.49 GB
W20240130 00:13:40.835428 52150 IPCTensor.h:369] NewIPCTensor: input_keys_neg_3 [1000000]0x10222c865000 7.629 MB
W20240130 00:13:40.835470 51985 IPCTensor.h:369] NewIPCTensor: backward_grads_1 [1000000, 400]0x10228c5eb000 1.49 GB
W20240130 00:13:40.835466 52284 IPCTensor.h:369] NewIPCTensor: backward_grads_5 [1000000, 400]0x10222d008000 1.49 GB
W20240130 00:13:40.835512 52150 IPCTensor.h:369] NewIPCTensor: backward_grads_3 [1000000, 400]0x1022ebbce000 1.49 GB
W20240130 00:13:40.835526 52351 IPCTensor.h:369] NewIPCTensor: backward_grads_neg_6 [1000000, 400]0x10234b1b1000 1.49 GB
W20240130 00:13:40.835551 51985 IPCTensor.h:369] NewIPCTensor: backward_grads_neg_1 [1000000, 400]0x1023aa794000 1.49 GB
W20240130 00:13:40.835582 52150 IPCTensor.h:369] NewIPCTensor: backward_grads_neg_3 [1000000, 400]0x102409d77000 1.49 GB
W20240130 00:13:40.835597 51985 IPCTensor.h:409] NewIPCGPUTensor: backward_grads_1_gpu [1000000, 400]; dev=1; size=1.49 GB
W20240130 00:13:40.835611 52217 IPCTensor.h:369] NewIPCTensor: backward_grads_4 [1000000, 400]0x10246935a000 1.49 GB
W20240130 00:13:40.835649 52150 IPCTensor.h:409] NewIPCGPUTensor: backward_grads_3_gpu [1000000, 400]; dev=3; size=1.49 GB
W20240130 00:13:40.835661 52284 IPCTensor.h:369] NewIPCTensor: backward_grads_neg_5 [1000000, 400]0x1024c893d000 1.49 GB
W20240130 00:13:40.835716 52351 IPCTensor.h:409] NewIPCGPUTensor: backward_grads_6_gpu [1000000, 400]; dev=6; size=1.49 GB
W20240130 00:13:40.835762 52217 IPCTensor.h:369] NewIPCTensor: backward_grads_neg_4 [1000000, 400]0x102527f20000 1.49 GB
W20240130 00:13:40.835819 52284 IPCTensor.h:409] NewIPCGPUTensor: backward_grads_5_gpu [1000000, 400]; dev=5; size=1.49 GB
W20240130 00:13:40.835896 52217 IPCTensor.h:409] NewIPCGPUTensor: backward_grads_4_gpu [1000000, 400]; dev=4; size=1.49 GB
W20240130 00:13:40.836988 52420 IPCTensor.h:369] NewIPCTensor: input_keys_0 [1000000]0x102587505000 7.629 MB
W20240130 00:13:40.837098 52420 IPCTensor.h:369] NewIPCTensor: input_keys_neg_0 [1000000]0x102587ca8000 7.629 MB
W20240130 00:13:40.837170 52420 IPCTensor.h:369] NewIPCTensor: backward_grads_0 [1000000, 400]0x10258844b000 1.49 GB
W20240130 00:13:40.837217 52420 IPCTensor.h:369] NewIPCTensor: backward_grads_neg_0 [1000000, 400]0x1025e7a2e000 1.49 GB
W20240130 00:13:40.837280 52420 IPCTensor.h:409] NewIPCGPUTensor: backward_grads_0_gpu [1000000, 400]; dev=0; size=1.49 GB
W20240130 00:13:40.856544 52081 IPCTensor.h:409] NewIPCGPUTensor: backward_grads_neg_2_gpu [1000000, 400]; dev=2; size=1.49 GB
W20240130 00:13:40.856590 52150 IPCTensor.h:409] NewIPCGPUTensor: backward_grads_neg_3_gpu [1000000, 400]; dev=3; size=1.49 GB
W20240130 00:13:40.856595 52420 IPCTensor.h:409] NewIPCGPUTensor: backward_grads_neg_0_gpu [1000000, 400]; dev=0; size=1.49 GB
W20240130 00:13:40.856601 52483 IPCTensor.h:409] NewIPCGPUTensor: backward_grads_neg_7_gpu [1000000, 400]; dev=7; size=1.49 GB
W20240130 00:13:40.856608 52284 IPCTensor.h:409] NewIPCGPUTensor: backward_grads_neg_5_gpu [1000000, 400]; dev=5; size=1.49 GB
W20240130 00:13:40.856626 52351 IPCTensor.h:409] NewIPCGPUTensor: backward_grads_neg_6_gpu [1000000, 400]; dev=6; size=1.49 GB
W20240130 00:13:40.856635 51985 IPCTensor.h:409] NewIPCGPUTensor: backward_grads_neg_1_gpu [1000000, 400]; dev=1; size=1.49 GB
W20240130 00:13:40.856631 52217 IPCTensor.h:409] NewIPCGPUTensor: backward_grads_neg_4_gpu [1000000, 400]; dev=4; size=1.49 GB
cudaHostRegister 0x100026322000
5: KnownLocalCachedEmbedding init done
WARNING [52283 DistTensor.py:56] The tensor name already exists in the kvstore
cudaHostRegister 0x100026322000
6: KnownLocalCachedEmbedding init done
WARNING [52350 DistTensor.py:56] The tensor name already exists in the kvstore
cudaHostRegister 0x100026322000
1: KnownLocalCachedEmbedding init done
WARNING [51984 DistTensor.py:56] The tensor name already exists in the kvstore
cudaHostRegister 0x100026322000
3: KnownLocalCachedEmbedding init done
WARNING [52149 DistTensor.py:56] The tensor name already exists in the kvstore
cudaHostRegister 0x100026322000
4: KnownLocalCachedEmbedding init done
WARNING [52216 DistTensor.py:56] The tensor name already exists in the kvstore
cudaHostRegister 0x100026322000
7: KnownLocalCachedEmbedding init done
WARNING [52419 DistTensor.py:56] The tensor name already exists in the kvstore
cudaHostRegister 0x100026322000
2: KnownLocalCachedEmbedding init done
WARNING [52080 DistTensor.py:56] The tensor name already exists in the kvstore
[Rank7] pid = 52419
New CachedEmbedding, name=full_emb, shape=(86054151, 400), cache_type=KnownLocalCachedEmbedding
fixed cache_range is [(0, 8605415), (8605415, 17210830), (17210830, 25816245), (25816245, 34421660), (34421660, 43027075), (43027075, 51632490), (51632490, 60237905), (60237905, 68843320)]
cudaHostRegister 0x100026322000
0: KnownLocalCachedEmbedding init done
WARNING [51082 DistTensor.py:56] The tensor name already exists in the kvstore
I20240130 00:14:33.008298 52420 IPC_barrier.h:118] CreateBarrier: new barrier, name: kgcachecontroller, count: 8
I20240130 00:14:33.008430 52081 IPC_barrier.h:112] CreateBarrier: find existing barrier, name: kgcachecontroller, count: 8
I20240130 00:14:33.008467 52217 IPC_barrier.h:112] CreateBarrier: find existing barrier, name: kgcachecontroller, count: 8
I20240130 00:14:33.008510 52483 IPC_barrier.h:112] CreateBarrier: find existing barrier, name: kgcachecontroller, count: 8
I20240130 00:14:33.008601 52351 IPC_barrier.h:112] CreateBarrier: find existing barrier, name: kgcachecontroller, count: 8
I20240130 00:14:33.009070 52284 IPC_barrier.h:112] CreateBarrier: find existing barrier, name: kgcachecontroller, count: 8
I20240130 00:14:33.009275 51985 IPC_barrier.h:112] CreateBarrier: find existing barrier, name: kgcachecontroller, count: 8
I20240130 00:14:33.009338 52150 IPC_barrier.h:112] CreateBarrier: find existing barrier, name: kgcachecontroller, count: 8
W20240130 00:14:33.010851 52420 grad_base.h:55] KGCacheController, config={
        "num_gpus": 8,
        "L": 10,
        "backgrad_init": "both", 
        "kForwardItersPerStep": 2,
        "clr": 1,
        "nr_background_threads": 32,
        "backwardMode": "CppAsyncV2",
        "cache_ratio": 0.1,
        "update_cache_use_omp":  0,
        "update_pq_use_omp":  0
        }
W20240130 00:14:33.010987 52420 grad_base.h:184] Init GradProcessingBase done
I20240130 00:14:45.861860 52420 grad_async_v2.h:32] Use background thread to update emb. nr_background_threads=32
W20240130 00:14:45.862170 52420 kg_controller.h:78] after init GradAsyncProcessingV2
I20240130 00:14:45.862181 52420 kg_controller.h:84] Construct KGCacheController done
E20240130 00:14:47.625221 51985 recstore.cc:66] init folly done
E20240130 00:14:47.625221 52284 recstore.cc:66] init folly done
E20240130 00:14:47.625576 52150 recstore.cc:66] init folly done
E20240130 00:14:47.625764 52081 recstore.cc:66] init folly done
E20240130 00:14:47.626025 52483 recstore.cc:66] init folly done
E20240130 00:14:47.626050 52217 recstore.cc:66] init folly done
E20240130 00:14:47.626556 52351 recstore.cc:66] init folly done
E20240130 00:14:47.626565 52420 recstore.cc:66] init folly done
I20240130 00:14:47.627626 52420 grad_base.h:60] GraphEnv RegTensorsPerProcess
W20240130 00:15:06.550561 53030 grad_async_v2.h:121] Detect new sample comes, old_end0, new_end1
E20240130 00:15:06.550915 53030 parallel_pq_v2.h:76] insert failed, size(hashtable)=1
W20240130 00:15:07.892799 53030 grad_async_v2.h:121] Detect new sample comes, old_end0, new_end1
E20240130 00:15:07.892925 53030 parallel_pq_v2.h:76] insert failed, size(hashtable)=1
W20240130 00:15:09.142056 53030 grad_async_v2.h:121] Detect new sample comes, old_end0, new_end1
E20240130 00:15:09.142179 53030 parallel_pq_v2.h:76] insert failed, size(hashtable)=1
I20240130 00:15:09.577121 52217 IPC_barrier.h:118] CreateBarrier: new barrier, name: start_barrier, count: 8
E20240130 00:15:10.142011 53030 parallel_pq_v2.h:76] insert failed, size(hashtable)=6
W20240130 00:15:12.693390 53030 grad_async_v2.h:121] Detect new sample comes, old_end1, new_end2
E20240130 00:15:12.706555 53030 parallel_pq_v2.h:76] insert failed, size(hashtable)=0
I20240130 00:15:12.903532 52483 IPC_barrier.h:112] CreateBarrier: find existing barrier, name: start_barrier, count: 8
I20240130 00:15:12.903806 52284 IPC_barrier.h:112] CreateBarrier: find existing barrier, name: start_barrier, count: 8
W20240130 00:15:13.867344 53030 grad_async_v2.h:121] Detect new sample comes, old_end0, new_end1
E20240130 00:15:13.867447 53030 parallel_pq_v2.h:76] insert failed, size(hashtable)=1
W20240130 00:15:14.920184 53030 grad_async_v2.h:121] Detect new sample comes, old_end1, new_end2
E20240130 00:15:14.935453 53030 parallel_pq_v2.h:76] insert failed, size(hashtable)=0
I20240130 00:15:15.135290 52081 IPC_barrier.h:112] CreateBarrier: find existing barrier, name: start_barrier, count: 8
W20240130 00:15:16.549971 53030 grad_async_v2.h:121] Detect new sample comes, old_end1, new_end2
E20240130 00:15:16.574533 53030 parallel_pq_v2.h:76] insert failed, size(hashtable)=1
I20240130 00:15:16.741829 51985 IPC_barrier.h:112] CreateBarrier: find existing barrier, name: start_barrier, count: 8
I20240130 00:15:17.080849 52420 IPC_barrier.h:112] CreateBarrier: find existing barrier, name: start_barrier, count: 8
W20240130 00:15:21.550899 53030 grad_async_v2.h:121] Detect new sample comes, old_end1, new_end2
E20240130 00:15:21.564750 53030 parallel_pq_v2.h:76] insert failed, size(hashtable)=0
I20240130 00:15:21.737619 52351 IPC_barrier.h:112] CreateBarrier: find existing barrier, name: start_barrier, count: 8
W20240130 00:15:24.194927 53030 grad_async_v2.h:121] Detect new sample comes, old_end1, new_end2
E20240130 00:15:24.213423 53030 parallel_pq_v2.h:76] insert failed, size(hashtable)=0
I20240130 00:15:24.430900 52150 IPC_barrier.h:112] CreateBarrier: find existing barrier, name: start_barrier, count: 8
+---------------------------+---------------------------+---------------------------+
| Name                      | P50                       | P99                       |
+---------------------------+---------------------------+---------------------------+
| ProcessBack:Shuffle       | 445.270 ms                | 487.933 ms                |
+---------------------------+---------------------------+---------------------------+
E20240130 00:15:27.680814 52420 parallel_pq_v2.h:76] insert failed, size(hashtable)=0
+---------------------------+---------------------------+---------------------------+
| Name                      | P50                       | P99                       |
+---------------------------+---------------------------+---------------------------+
| GenInput                  | 24.836 ms                 | 24.836 ms                 |
| Forward                   | 935.071 ms                | 935.071 ms                |
| Backward                  | 235.089 ms                | 235.089 ms                |
| Optimize                  | 2.624 ms                  | 2.624 ms                  |
| BarrierTimeBeforeRank0    | 296.187 ms                | 296.187 ms                |
+---------------------------+---------------------------+---------------------------+
W20240130 00:15:28.185784 52420 grad_async_v2.h:237] pq is empty
W20240130 00:15:28.195111 53030 grad_async_v2.h:121] Detect new sample comes, old_end1, new_end2
E20240130 00:15:28.680008 52420 parallel_pq_v2.h:76] insert failed, size(hashtable)=4089
W20240130 00:15:28.833112 52420 grad_async_v2.h:250] Sleep in <BlockToStepN>, step_no=3, pq.top=3
W20240130 00:15:29.097132 52420 grad_async_v2.h:237] pq is empty
W20240130 00:15:29.295277 53030 grad_async_v2.h:121] Detect new sample comes, old_end4, new_end5
E20240130 00:15:29.681602 53030 parallel_pq_v2.h:76] insert failed, size(hashtable)=0
W20240130 00:15:30.113839 52420 grad_async_v2.h:250] Sleep in <BlockToStepN>, step_no=7, pq.top=7
W20240130 00:15:30.296551 53030 grad_async_v2.h:121] Detect new sample comes, old_end7, new_end8
W20240130 00:15:30.433204 52420 grad_async_v2.h:237] pq is empty
E20240130 00:15:30.681017 53029 parallel_pq_v2.h:76] insert failed, size(hashtable)=48948
W20240130 00:15:31.360679 52420 grad_async_v2.h:250] Sleep in <BlockToStepN>, step_no=13, pq.top=13
W20240130 00:15:31.391170 53030 grad_async_v2.h:121] Detect new sample comes, old_end0, new_end3
E20240130 00:15:31.681286 53030 parallel_pq_v2.h:76] insert failed, size(hashtable)=1
W20240130 00:15:32.457998 52420 grad_async_v2.h:250] Sleep in <BlockToStepN>, step_no=19, pq.top=19
W20240130 00:15:32.622205 53030 grad_async_v2.h:121] Detect new sample comes, old_end2, new_end0
+---------------------------+---------------------------+---------------------------+
| Name                      | P50                       | P99                       |
+---------------------------+---------------------------+---------------------------+
| ProcessBack:Shuffle       | 9.469 ms                  | 487.933 ms                |
| ProcessBack:UpdateCache   | 13.816 ms                 | 961.515 ms                |
| ProcessBack:UpsertPq      | 80.065 ms                 | 502.590 ms                |
| ProcessOneStep            | 124.018 ms                | 2.257 s                   |
| BlockToStepN              | 95.350 us                 | 155.521 ms                |
+---------------------------+---------------------------+---------------------------+
E20240130 00:15:32.681007 53030 parallel_pq_v2.h:76] insert failed, size(hashtable)=16
+---------------------------+---------------------------+---------------------------+
| Name                      | P50                       | P99                       |
+---------------------------+---------------------------+---------------------------+
| GenInput                  | 12.447 ms                 | 135.991 ms                |
| Forward                   | 5.313 ms                  | 935.071 ms                |
| Backward                  | 4.589 ms                  | 235.089 ms                |
| Optimize                  | 2.311 ms                  | 38.310 ms                 |
| BarrierTimeBeforeRank0    | 4.844 ms                  | 296.187 ms                |
| AfterBackward             | 117.265 ms                | 2.260 s                   |
| BlockToStepN              | 210.794 us                | 155.623 ms                |
| OneStep                   | 228.873 ms                | 3.756 s                   |
+---------------------------+---------------------------+---------------------------+
E20240130 00:15:33.691123 53030 parallel_pq_v2.h:76] insert failed, size(hashtable)=1
W20240130 00:15:33.760385 53030 grad_async_v2.h:121] Detect new sample comes, old_end6, new_end4
W20240130 00:15:34.624732 52420 grad_async_v2.h:237] pq is empty
E20240130 00:15:34.691013 52420 parallel_pq_v2.h:76] insert failed, size(hashtable)=4771
W20240130 00:15:34.752328 52420 grad_async_v2.h:250] Sleep in <BlockToStepN>, step_no=25, pq.top=25
W20240130 00:15:34.777055 53030 grad_async_v2.h:121] Detect new sample comes, old_end4, new_end5
E20240130 00:15:35.691011 53029 parallel_pq_v2.h:76] insert failed, size(hashtable)=51132
W20240130 00:15:35.781745 53030 grad_async_v2.h:121] Detect new sample comes, old_end7, new_end0
W20240130 00:15:35.784583 52420 grad_async_v2.h:250] Sleep in <BlockToStepN>, step_no=30, pq.top=30
E20240130 00:15:36.691011 53029 parallel_pq_v2.h:76] insert failed, size(hashtable)=32344
W20240130 00:15:36.846994 52420 grad_async_v2.h:250] Sleep in <BlockToStepN>, step_no=36, pq.top=36
W20240130 00:15:36.880934 53030 grad_async_v2.h:121] Detect new sample comes, old_end0, new_end7
+---------------------------+---------------------------+---------------------------+
| Name                      | P50                       | P99                       |
+---------------------------+---------------------------+---------------------------+
| ProcessBack:Shuffle       | 9.469 ms                  | 445.270 ms                |
| ProcessBack:UpdateCache   | 12.962 ms                 | 961.432 ms                |
| ProcessBack:UpsertPq      | 50.283 ms                 | 275.045 ms                |
| ProcessOneStep            | 93.129 ms                 | 2.257 s                   |
| BlockToStepN              | 7.798 ms                  | 155.521 ms                |
+---------------------------+---------------------------+---------------------------+
E20240130 00:15:37.691006 53030 parallel_pq_v2.h:76] insert failed, size(hashtable)=49164
W20240130 00:15:37.866595 52420 grad_async_v2.h:250] Sleep in <BlockToStepN>, step_no=40, pq.top=40
+---------------------------+---------------------------+---------------------------+
| Name                      | P50                       | P99                       |
+---------------------------+---------------------------+---------------------------+
| GenInput                  | 16.444 ms                 | 295.066 ms                |
| Forward                   | 5.409 ms                  | 935.071 ms                |
| Backward                  | 4.575 ms                  | 235.089 ms                |
| Optimize                  | 2.296 ms                  | 38.310 ms                 |
| BarrierTimeBeforeRank0    | 3.587 ms                  | 296.187 ms                |
| AfterBackward             | 91.142 ms                 | 2.260 s                   |
| BlockToStepN              | 7.877 ms                  | 155.623 ms                |
| OneStep                   | 228.873 ms                | 3.756 s                   |
+---------------------------+---------------------------+---------------------------+
W20240130 00:15:38.117928 53030 grad_async_v2.h:121] Detect new sample comes, old_end5, new_end2
E20240130 00:15:38.691009 53029 parallel_pq_v2.h:76] insert failed, size(hashtable)=35097
W20240130 00:15:38.922045 52420 grad_async_v2.h:250] Sleep in <BlockToStepN>, step_no=47, pq.top=47
W20240130 00:15:39.283350 53030 grad_async_v2.h:121] Detect new sample comes, old_end1, new_end9
E20240130 00:15:39.701579 53030 parallel_pq_v2.h:76] insert failed, size(hashtable)=1
W20240130 00:15:40.260655 52420 grad_async_v2.h:250] Sleep in <BlockToStepN>, step_no=50, pq.top=50
W20240130 00:15:40.300952 53030 grad_async_v2.h:121] Detect new sample comes, old_end0, new_end1
E20240130 00:15:40.701011 53030 parallel_pq_v2.h:76] insert failed, size(hashtable)=24002
W20240130 00:15:41.260038 52420 grad_async_v2.h:250] Sleep in <BlockToStepN>, step_no=55, pq.top=55
W20240130 00:15:41.340061 53030 grad_async_v2.h:121] Detect new sample comes, old_end4, new_end5
E20240130 00:15:41.701010 53029 parallel_pq_v2.h:76] insert failed, size(hashtable)=43837
W20240130 00:15:42.269183 52420 grad_async_v2.h:250] Sleep in <BlockToStepN>, step_no=61, pq.top=61
W20240130 00:15:42.425103 53030 grad_async_v2.h:121] Detect new sample comes, old_end7, new_end2
+---------------------------+---------------------------+---------------------------+
| Name                      | P50                       | P99                       |
+---------------------------+---------------------------+---------------------------+
| ProcessBack:Shuffle       | 9.344 ms                  | 445.270 ms                |
| ProcessBack:UpdateCache   | 11.247 ms                 | 961.432 ms                |
| ProcessBack:UpsertPq      | 33.611 ms                 | 275.045 ms                |
| ProcessOneStep            | 78.832 ms                 | 1.113 s                   |
| BlockToStepN              | 29.837 ms                 | 124.728 ms                |
+---------------------------+---------------------------+---------------------------+
E20240130 00:15:42.701011 53030 parallel_pq_v2.h:76] insert failed, size(hashtable)=37477
+---------------------------+---------------------------+---------------------------+
| Name                      | P50                       | P99                       |
+---------------------------+---------------------------+---------------------------+
| GenInput                  | 16.976 ms                 | 255.004 ms                |
| Forward                   | 5.533 ms                  | 11.519 ms                 |
| Backward                  | 4.627 ms                  | 5.465 ms                  |
| Optimize                  | 2.295 ms                  | 7.525 ms                  |
| BarrierTimeBeforeRank0    | 49.560 us                 | 148.296 ms                |
| AfterBackward             | 78.389 ms                 | 1.113 s                   |
| BlockToStepN              | 29.960 ms                 | 143.372 ms                |
| OneStep                   | 218.258 ms                | 1.241 s                   |
+---------------------------+---------------------------+---------------------------+
W20240130 00:15:43.269075 52420 grad_async_v2.h:250] Sleep in <BlockToStepN>, step_no=66, pq.top=66
W20240130 00:15:43.573671 53030 grad_async_v2.h:121] Detect new sample comes, old_end1, new_end8
E20240130 00:15:43.701009 53030 parallel_pq_v2.h:76] insert failed, size(hashtable)=7367
W20240130 00:15:44.415078 52420 grad_async_v2.h:250] Sleep in <BlockToStepN>, step_no=71, pq.top=71
E20240130 00:15:44.701012 53030 parallel_pq_v2.h:76] insert failed, size(hashtable)=10110
W20240130 00:15:44.729547 53030 grad_async_v2.h:121] Detect new sample comes, old_end6, new_end3
W20240130 00:15:45.496090 52420 grad_async_v2.h:250] Sleep in <BlockToStepN>, step_no=76, pq.top=76
E20240130 00:15:45.701009 53029 parallel_pq_v2.h:76] insert failed, size(hashtable)=45084
W20240130 00:15:45.843384 53030 grad_async_v2.h:121] Detect new sample comes, old_end0, new_end8
E20240130 00:15:46.701012 53030 parallel_pq_v2.h:76] insert failed, size(hashtable)=785
W20240130 00:15:46.964315 53030 grad_async_v2.h:121] Detect new sample comes, old_end7, new_end2
W20240130 00:15:47.513475 52420 grad_async_v2.h:250] Sleep in <BlockToStepN>, step_no=83, pq.top=83
+---------------------------+---------------------------+---------------------------+
| Name                      | P50                       | P99                       |
+---------------------------+---------------------------+---------------------------+
| ProcessBack:Shuffle       | 9.332 ms                  | 68.150 ms                 |
| ProcessBack:UpdateCache   | 11.139 ms                 | 54.775 ms                 |
| ProcessBack:UpsertPq      | 29.536 ms                 | 243.905 ms                |
| ProcessOneStep            | 77.338 ms                 | 1.113 s                   |
| BlockToStepN              | 54.512 ms                 | 156.942 ms                |
+---------------------------+---------------------------+---------------------------+
E20240130 00:15:47.701012 53030 parallel_pq_v2.h:76] insert failed, size(hashtable)=516
W20240130 00:15:47.969405 53030 grad_async_v2.h:121] Detect new sample comes, old_end3, new_end5
+---------------------------+---------------------------+---------------------------+
| Name                      | P50                       | P99                       |
+---------------------------+---------------------------+---------------------------+
| GenInput                  | 16.118 ms                 | 255.004 ms                |
| Forward                   | 5.527 ms                  | 11.519 ms                 |
| Backward                  | 4.627 ms                  | 5.557 ms                  |
| Optimize                  | 2.295 ms                  | 7.525 ms                  |
| BarrierTimeBeforeRank0    | 52.165 us                 | 148.296 ms                |
| AfterBackward             | 77.378 ms                 | 1.113 s                   |
| BlockToStepN              | 54.675 ms                 | 196.402 ms                |
| OneStep                   | 218.258 ms                | 1.241 s                   |
+---------------------------+---------------------------+---------------------------+
W20240130 00:15:48.513026 52420 grad_async_v2.h:250] Sleep in <BlockToStepN>, step_no=87, pq.top=87
E20240130 00:15:48.704221 52420 parallel_pq_v2.h:76] insert failed, size(hashtable)=1
W20240130 00:15:48.975139 53030 grad_async_v2.h:121] Detect new sample comes, old_end8, new_end0
W20240130 00:15:49.603134 52420 grad_async_v2.h:250] Sleep in <BlockToStepN>, step_no=93, pq.top=93
E20240130 00:15:49.704012 53029 parallel_pq_v2.h:76] insert failed, size(hashtable)=39539
W20240130 00:15:50.021983 53030 grad_async_v2.h:121] Detect new sample comes, old_end1, new_end5
E20240130 00:15:50.704010 52420 parallel_pq_v2.h:76] insert failed, size(hashtable)=1729
W20240130 00:15:50.772284 52420 grad_async_v2.h:250] Sleep in <BlockToStepN>, step_no=99, pq.top=99
train_sampler.Prefill()
before start barrier
start train
[proc 5] 100 steps, total: 38.057, sample: 1.608, forward: 1.513, backward: 0.780, update: 0.267
train_sampler.Prefill()
before start barrier
start train
[proc 6] 100 steps, total: 29.223, sample: 1.581, forward: 1.367, backward: 0.833, update: 0.256
train_sampler.Prefill()
before start barrier
start train
[proc 7] 100 steps, total: 38.058, sample: 2.183, forward: 1.479, backward: 0.821, update: 0.251
train_sampler.Prefill()
before start barrier
start train
[proc 3] 100 steps, total: 26.530, sample: 1.579, forward: 1.785, backward: 0.773, update: 0.251
train_sampler.Prefill()
before start barrier
start train
[proc 4] 100 steps, total: 41.384, sample: 1.644, forward: 1.382, backward: 0.784, update: 0.254
train_sampler.Prefill()
before start barrier
start train
[proc 2] 100 steps, total: 35.826, sample: 1.670, forward: 1.716, backward: 0.750, update: 0.242
train_sampler.Prefill()
before start barrier
start train
[proc 1] 100 steps, total: 34.219, sample: 1.733, forward: 1.601, backward: 0.737, update: 0.242
train_sampler.Prefill()
-------Step 0-------
tensor([  213427,   213456,   213496,   213525, 10178931,  1060907, 60694596,
        21801984, 23095964,   213555]) tensor([ 9466952, 19470980, 59366453, 74204093, 22432853, 36115479, 36562085,
        73498570, 70514215, 30124778])
-------Step 1-------
tensor([  213427,   213456,   213496,   213525, 10178931,  1060907, 60694596,
        21801984, 23095964,   213555]) tensor([ 3648418, 28390447, 14238893, 79825171, 81991119, 47677863, 72236330,
        49447905, 38999370, 17407478])
-------Step 2-------
